D/dalvikvm(  241): GC_CONCURRENT freed 490K, 54% free 2726K/5831K, external 716K/1038K, paused 2ms+3211ms
I//system/bin/fsck_msdos(   29): Attempting to allocate 397 KB for FAT
D/nofatclips(  288): Generated Resuming Persistence
I/dalvikvm(  288): Could not find method android.app.Activity.getFragmentManager, referenced from method com.jayway.android.robotium.solo.Waiter.getFragment
W/dalvikvm(  288): VFY: unable to resolve virtual method 7: Landroid/app/Activity;.getFragmentManager ()Landroid/app/FragmentManager;
D/dalvikvm(  288): VFY: replacing opcode 0x6e at 0x0008
I/dalvikvm(  288): Could not find method android.app.Activity.getFragmentManager, referenced from method com.jayway.android.robotium.solo.Waiter.getFragment
W/dalvikvm(  288): VFY: unable to resolve virtual method 7: Landroid/app/Activity;.getFragmentManager ()Landroid/app/FragmentManager;
D/dalvikvm(  288): VFY: replacing opcode 0x6e at 0x0017
W/dalvikvm(  288): VFY: unable to find class referenced in signature (Landroid/app/Fragment;)
D/dalvikvm(  288): VFY: dead code 0x000b-000f in Lcom/jayway/android/robotium/solo/Waiter;.getFragment (Ljava/lang/String;I)Landroid/app/Fragment;
D/dalvikvm(  288): VFY: dead code 0x001a-001f in Lcom/jayway/android/robotium/solo/Waiter;.getFragment (Ljava/lang/String;I)Landroid/app/Fragment;
W/dalvikvm(  288): VFY: unable to find class referenced in signature (Landroid/app/Fragment;)
I//system/bin/fsck_msdos(   29): ** Phase 2 - Check Cluster Chains
I//system/bin/fsck_msdos(   29): ** Phase 3 - Checking Directories
I//system/bin/fsck_msdos(   29): ** Phase 4 - Checking for Lost Files
I//system/bin/fsck_msdos(   29): 3 files, 50388 free (100777 clusters)
I/Vold    (   29): Filesystem check completed OK
I/Vold    (   29): Device /dev/block/vold/179:0, target /mnt/sdcard mounted @ /mnt/secure/staging
D/Vold    (   29): Volume sdcard state changing 3 (Checking) -> 4 (Mounted)
I/PackageManager(   61): Updating external media status from unmounted to mounted
I/StorageNotification(  107): Media {/mnt/sdcard} state changed from {checking} -> {mounted}
D/VoldCmdListener(   29): asec list
I/PackageManager(   61): No secure containers on sdcard
W/PackageManager(   61): Unknown permission com.google.android.googleapps.permission.GOOGLE_AUTH.mail in package com.android.contacts
D/dalvikvm(  261): GC_CONCURRENT freed 496K, 54% free 2739K/5831K, external 716K/1038K, paused 4ms+9ms
D/Email   (  261): BOOT_COMPLETED
D/Eas Debug(  261): Logging: 
D/EAS SyncManager(  261): !!! EAS SyncManager, onDestroy
W/PackageManager(   61): Unknown permission android.permission.ADD_SYSTEM_SERVICE in package com.android.phone
W/PackageManager(   61): Not granting permission android.permission.SEND_DOWNLOAD_COMPLETED_INTENTS to package com.android.browser (protectionLevel=2 flags=0x9be45)
W/PackageManager(   61): Unknown permission com.google.android.gm.permission.WRITE_GMAIL in package com.android.settings
W/PackageManager(   61): Unknown permission com.google.android.gm.permission.READ_GMAIL in package com.android.settings
W/PackageManager(   61): Unknown permission com.google.android.googleapps.permission.GOOGLE_AUTH in package com.android.settings
W/PackageManager(   61): Unknown permission com.google.android.googleapps.permission.GOOGLE_AUTH in package com.android.providers.contacts
W/PackageManager(   61): Unknown permission com.google.android.googleapps.permission.GOOGLE_AUTH.cp in package com.android.providers.contacts
W/PackageManager(   61): Unknown permission com.google.android.googleapps.permission.ACCESS_GOOGLE_PASSWORD in package com.android.development
W/PackageManager(   61): Unknown permission com.google.android.googleapps.permission.GOOGLE_AUTH in package com.android.development
W/PackageManager(   61): Unknown permission com.google.android.googleapps.permission.GOOGLE_AUTH.ALL_SERVICES in package com.android.development
W/PackageManager(   61): Unknown permission com.google.android.googleapps.permission.GOOGLE_AUTH.YouTubeUser in package com.android.development
W/PackageManager(   61): Unknown permission android.permission.READ_OWNER_DATA in package com.android.email
W/PackageManager(   61): Not granting permission android.permission.DEVICE_POWER to package com.android.deskclock (protectionLevel=2 flags=0x8be45)
D/nofatclips(  288): Updating node automation
D/nofatclips(  288): Loading node automation
V/nofatclips(  288): Updating value FORCE_RESTART
V/nofatclips(  288): Updating value IN_AND_OUT_FOCUS
V/nofatclips(  288): Updating value PRECRAWLING
V/nofatclips(  288): Updating value SCREENSHOT_FOR_EVENTS
V/nofatclips(  288): Updating value SCREENSHOT_FOR_STATES
V/nofatclips(  288): Updating value SCREENSHOT_ONLY_NEW_STATES
V/nofatclips(  288): Updating value SLEEP_AFTER_EVENT
D/nofatclips(  288): Updated value of parameter SLEEP_AFTER_EVENT to 100 (default = 1000)
V/nofatclips(  288): Updating value SLEEP_AFTER_RESTART
D/nofatclips(  288): Updated value of parameter SLEEP_AFTER_RESTART to 100 (default = 1000)
V/nofatclips(  288): Updating value SLEEP_AFTER_TASK
D/nofatclips(  288): Updated value of parameter SLEEP_AFTER_TASK to 100 (default = 1000)
V/nofatclips(  288): Updating value SLEEP_ON_THROBBER
D/nofatclips(  288): Updated value of parameter SLEEP_ON_THROBBER to 100 (default = 1000)
D/nofatclips(  288): Updating node screenshot
D/nofatclips(  288): Loading node screenshot
V/nofatclips(  288): Updating value FORCE_RESTART
V/nofatclips(  288): Updating value IN_AND_OUT_FOCUS
V/nofatclips(  288): Updating value PRECRAWLING
V/nofatclips(  288): Updating value SCREENSHOT_FOR_EVENTS
V/nofatclips(  288): Updating value SCREENSHOT_FOR_STATES
V/nofatclips(  288): Updating value SCREENSHOT_ONLY_NEW_STATES
V/nofatclips(  288): Updating value SLEEP_AFTER_EVENT
V/nofatclips(  288): Updating value SLEEP_AFTER_RESTART
V/nofatclips(  288): Updating value SLEEP_AFTER_TASK
V/nofatclips(  288): Updating value SLEEP_ON_THROBBER
I/nofatclips(  288): Waiting for 100 msec.
W/ImageDownloader(  288): Error 404 while retrieving bitmap from http://gravatar.com/blavatar/44d338f29053dbb888da79dcf98df489?s=60&d=404
D/MediaScanner(  224):  prescan time: 392ms
D/nofatclips(  288): Ready to operate after restarting...
I/nofatclips(  288): Current activity is Dashboard
W/nofatclips(  288): --->Dashboard
D/dalvikvm(  288): GC_CONCURRENT freed 237K, 49% free 2985K/5831K, external 1812K/2324K, paused 2ms+13ms
I/nofatclips(  288): Retrieving widgets
D/nofatclips(  288): Found widget: id=16908290 (android.widget.FrameLayout@405a1360)
D/nofatclips(  288): Found widget: id=2131165248 (android.widget.RelativeLayout@405a2060)
D/nofatclips(  288): Found widget: id=2131165249 (android.widget.LinearLayout@405a26c8)
D/nofatclips(  288): Found widget: id=-1 (android.widget.ImageView@405a2c10)
D/nofatclips(  288): Found widget: id=2131165250 (org.wordpress.android.util.WPTitleBar@4059c5e8)
D/nofatclips(  288): Found widget: id=2131165195 (android.widget.RelativeLayout@4050eb88)
D/nofatclips(  288): Found widget: id=2131165196 (android.widget.RelativeLayout@40568e38)
D/nofatclips(  288): Found widget: id=2131165197 (android.widget.ImageView@4059d410)
D/nofatclips(  288): Found widget: id=2131165198 (android.widget.TextView@405421a8): Katie's Sweet Testing Blog
D/nofatclips(  288): Found widget: id=2131165199 (android.widget.ImageView@4055da38)
D/nofatclips(  288): Found widget: id=-1 (android.widget.RelativeLayout@40579da0)
D/nofatclips(  288): Found widget: id=2131165200 (android.widget.ImageButton@4059d938)
D/nofatclips(  288): Found widget: id=-1 (android.widget.FrameLayout@4057b330)
D/nofatclips(  288): Found widget: id=2131165201 (android.widget.Button@40542b70): 
D/nofatclips(  288): Found widget: id=2131165202 (android.widget.ImageView@405941e0)
D/nofatclips(  288): Found widget: id=2131165203 (android.widget.ImageView@4053d368)
D/nofatclips(  288): Found widget: id=2131165204 (android.widget.LinearLayout@40569a40)
D/nofatclips(  288): Found widget: id=-1 (android.widget.FrameLayout@4059d1a8)
D/nofatclips(  288): Found widget: id=-1 (android.widget.LinearLayout@40530510)
D/nofatclips(  288): Found widget: id=-1 (android.widget.LinearLayout@4050e998)
D/nofatclips(  288): Found widget: id=-1 (android.widget.LinearLayout@4052fb30)
D/nofatclips(  288): Found widget: id=2131165251 (android.widget.LinearLayout@405301e8)
D/nofatclips(  288): Found widget: id=-1 (android.widget.ImageView@40590c88)
D/nofatclips(  288): Found widget: id=2131165256 (android.widget.TextView@4056b738): New Post
D/nofatclips(  288): Found widget: id=2131165253 (android.widget.LinearLayout@4059c820)
D/nofatclips(  288): Found widget: id=-1 (android.widget.ImageView@40531550)
D/nofatclips(  288): Found widget: id=2131165256 (android.widget.TextView@4056c070): New Page
D/nofatclips(  288): Found widget: id=-1 (android.widget.LinearLayout@40533808)
D/nofatclips(  288): Found widget: id=2131165252 (android.widget.LinearLayout@405311f8)
D/nofatclips(  288): Found widget: id=-1 (android.widget.ImageView@40530828)
D/nofatclips(  288): Found widget: id=2131165256 (android.widget.TextView@40578268): Quick Photo
D/nofatclips(  288): Found widget: id=2131165254 (android.widget.LinearLayout@40547118)
D/nofatclips(  288): Found widget: id=-1 (android.widget.ImageView@4055d418)
D/nofatclips(  288): Found widget: id=2131165256 (android.widget.TextView@40578ad8): Quick Video
D/nofatclips(  288): Found widget: id=-1 (android.widget.LinearLayout@4059e7a0)
D/nofatclips(  288): Found widget: id=-1 (android.widget.LinearLayout@4052efa0)
D/nofatclips(  288): Found widget: id=2131165255 (android.widget.LinearLayout@405347c0)
D/nofatclips(  288): Found widget: id=-1 (android.widget.ImageView@4053b278)
D/nofatclips(  288): Found widget: id=2131165256 (android.widget.TextView@40579160): Posts
D/nofatclips(  288): Found widget: id=2131165257 (android.widget.LinearLayout@405458e8)
D/nofatclips(  288): Found widget: id=-1 (android.widget.ImageView@40543d50)
D/nofatclips(  288): Found widget: id=2131165256 (android.widget.TextView@40537db8): Pages
D/nofatclips(  288): Found widget: id=-1 (android.widget.FrameLayout@40530b48)
D/nofatclips(  288): Found widget: id=2131165258 (android.widget.LinearLayout@40534d98)
D/nofatclips(  288): Found widget: id=-1 (android.widget.ImageView@4059dc90)
D/nofatclips(  288): Found widget: id=2131165256 (android.widget.TextView@40539d68): Comments
D/nofatclips(  288): Found widget: id=2131165259 (android.widget.FrameLayout@40544320)
D/nofatclips(  288): Found widget: id=2131165260 (android.widget.ImageView@40544fa0)
D/nofatclips(  288): Found widget: id=2131165261 (org.wordpress.android.util.CommentBadgeTextView@4053ad80): 0
D/nofatclips(  288): Found widget: id=-1 (android.widget.LinearLayout@40536750)
D/nofatclips(  288): Found widget: id=2131165262 (android.widget.LinearLayout@40539aa0)
D/nofatclips(  288): Found widget: id=-1 (android.widget.ImageView@40537868)
D/nofatclips(  288): Found widget: id=2131165256 (android.widget.TextView@405413a0): Settings
D/nofatclips(  288): Found widget: id=2131165263 (android.widget.LinearLayout@405446b8)
D/nofatclips(  288): Found widget: id=-1 (android.widget.ImageView@405605e0)
D/nofatclips(  288): Found widget: id=2131165256 (android.widget.TextView@405436e0): Read
D/nofatclips(  288): Found widget: id=2131165264 (android.widget.LinearLayout@40561d00)
D/nofatclips(  288): Found widget: id=-1 (android.widget.ImageView@405645a0)
D/nofatclips(  288): Found widget: id=2131165256 (android.widget.TextView@40550438): Stats
D/nofatclips(  288): Found widget: id=-1 (com.android.internal.policy.impl.PhoneWindow$DecorView@405a0a60)
V/nicola  (  288): TextualID : blog_title
V/nicola  (  288): ContentType detected : default
V/nicola  (  288): TextualID : action_refresh
V/nicola  (  288): ContentType detected : default
V/nicola  (  288): TextualID : button_text
V/nicola  (  288): ContentType detected : default
V/nicola  (  288): TextualID : button_text
V/nicola  (  288): ContentType detected : default
V/nicola  (  288): TextualID : button_text
V/nicola  (  288): ContentType detected : default
V/nicola  (  288): TextualID : button_text
V/nicola  (  288): ContentType detected : default
V/nicola  (  288): TextualID : button_text
V/nicola  (  288): ContentType detected : default
V/nicola  (  288): TextualID : button_text
V/nicola  (  288): ContentType detected : default
V/nicola  (  288): TextualID : button_text
V/nicola  (  288): ContentType detected : default
V/nicola  (  288): TextualID : button_text
V/nicola  (  288): ContentType detected : default
V/nicola  (  288): TextualID : button_text
V/nicola  (  288): ContentType detected : default
V/nicola  (  288): TextualID : button_text
V/nicola  (  288): ContentType detected : default
I/nofatclips(  288): Attempting to resume previous session
I/nofatclips(  288): Memoryless engine: the task file will not be loaded. Looking for crashed traces.
I/nofatclips(  288): Reading task file
D/dalvikvm(  288): GC_CONCURRENT freed 525K, 50% free 3249K/6407K, external 1812K/2324K, paused 3ms+3ms
V/nofatclips(  288): Discarding trace #320
I/dalvikvm(  288): Jit: resizing JitTable from 512 to 1024
D/dalvikvm(  224): GC_CONCURRENT freed 528K, 55% free 2646K/5831K, external 716K/1038K, paused 3ms+559ms
D/MediaScanner(  224):     scan time: 42ms
D/nofatclips(  288): Importing crashed trace #321 from disk
I/nofatclips(  288): Stateless comparator: the state file will not be loaded.
D/MediaScanner(  224): postscan time: 0ms
D/dalvikvm(  288): GetFieldID: unable to find field Ljava/util/Hashtable;.loadFactor:F
D/dalvikvm(  288): GetFieldID: unable to find field Ljava/util/Hashtable;.loadFactor:F
D/dalvikvm(  288): GetFieldID: unable to find field Ljava/util/Hashtable;.loadFactor:F
D/dalvikvm(  288): GetFieldID: unable to find field Ljava/util/Hashtable;.loadFactor:F
D/dalvikvm(  288): GetFieldID: unable to find field Ljava/util/Hashtable;.loadFactor:F
D/dalvikvm(  288): GetFieldID: unable to find field Ljava/util/Hashtable;.loadFactor:F
D/nofatclips(  288): Backup session footer restored to 
D/nofatclips(  288): </SESSION>
D/nofatclips(  288): Restored random counter to: 325
D/nofatclips(  288): Restored trace count to 322
D/nofatclips(  288): Current step countdown restored to 70
D/nofatclips(  288): Restored abstractor counters to: event = 325 - input = 40 - activity = 31
I/nofatclips(  288): Saving the session on disk.
D/MediaScanner(  224):    total time: 434ms
D/dalvikvm(  288): GC_CONCURRENT freed 431K, 46% free 3681K/6727K, external 1812K/2324K, paused 3ms+7ms
I/nofatclips(  288): Planning for new Activity Dashboard
D/nofatclips(  288): Handling event 'click' on widget id=2131165200 type=button name=
D/nofatclips(  288): Handling event 'click' on widget id=2131165201 type=button name=
D/nofatclips(  288): Handling event 'click' on widget id=2131165204 type=linearLayout name=
D/dalvikvm(  288): GC_CONCURRENT freed 1058K, 51% free 3566K/7239K, external 1812K/2324K, paused 3ms+3ms
D/nofatclips(  288): Handling event 'click' on widget id=2131165251 type=linearLayout name=
D/nofatclips(  288): Handling event 'click' on widget id=2131165253 type=linearLayout name=
D/nofatclips(  288): Handling event 'click' on widget id=2131165252 type=linearLayout name=
D/nofatclips(  288): Handling event 'click' on widget id=2131165254 type=linearLayout name=
D/nofatclips(  288): Handling event 'click' on widget id=2131165255 type=linearLayout name=
I/dalvikvm(  288): Jit: resizing JitTable from 1024 to 2048
D/nofatclips(  288): Handling event 'click' on widget id=2131165257 type=linearLayout name=
D/nofatclips(  288): Handling event 'click' on widget id=2131165258 type=linearLayout name=
D/nofatclips(  288): Handling event 'click' on widget id=2131165262 type=linearLayout name=
D/dalvikvm(  288): GC_CONCURRENT freed 925K, 52% free 3517K/7239K, external 1812K/2324K, paused 3ms+4ms
D/nofatclips(  288): Handling event 'click' on widget id=2131165263 type=linearLayout name=
D/nofatclips(  288): Handling event 'click' on widget id=2131165264 type=linearLayout name=
I/nofatclips(  288): Created trace to press the menu button
I/nofatclips(  288): Created trace to change orientation
I/nofatclips(  288): Dispatching new task. 2 more tasks remaining.
D/nofatclips(  288): Performing backup of the old task list on disk
D/nofatclips(  288): Saving task list on disk
V/nofatclips(  288): Backing up trace #335 to disk.
V/nofatclips(  288): Backing up trace #336 to disk.
D/nofatclips(  288): Deleting backup of the old task list from disk
I/nofatclips(  288): Restarting
D/szipinf (  170): Initializing inflate state
D/dalvikvm(  170): GC_CONCURRENT freed 245K, 51% free 2796K/5703K, external 716K/1038K, paused 3ms+5ms
D/MediaScannerService(  224): done scanning volume internal
D/MediaScannerService(  224): start scanning volume external
V/MediaProvider(  224): /mnt/sdcard volume ID: 151797534
D/EAS SyncManager(  261): !!! EAS SyncManager, onCreate
D/EAS SyncManager(  261): !!! EAS SyncManager, onStartCommand
D/EAS SyncManager(  261): !!! EAS SyncManager, stopping self
D/EAS SyncManager(  261): !!! EAS SyncManager, onDestroy
D/dalvikvm(  122): GREF has increased to 201
D/szipinf (  128): Initializing inflate state
I/nofatclips(  288): Waiting for 100 msec.
V/MediaProvider(  224): Attached volume: external
I/dalvikvm(   61): Jit: resizing JitTable from 512 to 1024
V/MediaScanner(  224): pruneDeadThumbnailFiles... android.database.sqlite.SQLiteCursor@405a1950
V/MediaScanner(  224): /pruneDeadThumbnailFiles... android.database.sqlite.SQLiteCursor@405a1950
D/nofatclips(  288): Ready to operate after restarting...
I/nofatclips(  288): Retrieving widgets
D/nofatclips(  288): Found widget: id=16908290 (android.widget.FrameLayout@405a1360)
D/nofatclips(  288): Found widget: id=2131165248 (android.widget.RelativeLayout@405a2060)
D/nofatclips(  288): Found widget: id=2131165249 (android.widget.LinearLayout@405a26c8)
D/nofatclips(  288): Found widget: id=-1 (android.widget.ImageView@405a2c10)
D/nofatclips(  288): Found widget: id=2131165250 (org.wordpress.android.util.WPTitleBar@4059c5e8)
D/nofatclips(  288): Found widget: id=2131165195 (android.widget.RelativeLayout@4050eb88)
D/nofatclips(  288): Found widget: id=2131165196 (android.widget.RelativeLayout@40568e38)
D/nofatclips(  288): Found widget: id=2131165197 (android.widget.ImageView@4059d410)
D/nofatclips(  288): Found widget: id=2131165198 (android.widget.TextView@405421a8): Katie's Sweet Testing Blog
D/nofatclips(  288): Found widget: id=2131165199 (android.widget.ImageView@4055da38)
D/nofatclips(  288): Found widget: id=-1 (android.widget.RelativeLayout@40579da0)
D/nofatclips(  288): Found widget: id=2131165200 (android.widget.ImageButton@4059d938)
D/nofatclips(  288): Found widget: id=-1 (android.widget.FrameLayout@4057b330)
D/nofatclips(  288): Found widget: id=2131165201 (android.widget.Button@40542b70): 
D/nofatclips(  288): Found widget: id=2131165202 (android.widget.ImageView@405941e0)
D/nofatclips(  288): Found widget: id=2131165203 (android.widget.ImageView@4053d368)
D/nofatclips(  288): Found widget: id=2131165204 (android.widget.LinearLayout@40569a40)
D/nofatclips(  288): Found widget: id=-1 (android.widget.FrameLayout@4059d1a8)
D/nofatclips(  288): Found widget: id=-1 (android.widget.LinearLayout@40530510)
D/nofatclips(  288): Found widget: id=-1 (android.widget.LinearLayout@4050e998)
D/nofatclips(  288): Found widget: id=-1 (android.widget.LinearLayout@4052fb30)
D/nofatclips(  288): Found widget: id=2131165251 (android.widget.LinearLayout@405301e8)
D/nofatclips(  288): Found widget: id=-1 (android.widget.ImageView@40590c88)
D/nofatclips(  288): Found widget: id=2131165256 (android.widget.TextView@4056b738): New Post
D/nofatclips(  288): Found widget: id=2131165253 (android.widget.LinearLayout@4059c820)
D/nofatclips(  288): Found widget: id=-1 (android.widget.ImageView@40531550)
D/nofatclips(  288): Found widget: id=2131165256 (android.widget.TextView@4056c070): New Page
D/nofatclips(  288): Found widget: id=-1 (android.widget.LinearLayout@40533808)
D/nofatclips(  288): Found widget: id=2131165252 (android.widget.LinearLayout@405311f8)
D/dalvikvm(  128): GC_EXPLICIT freed 230K, 49% free 2983K/5831K, external 3075K/3257K, paused 143ms
D/nofatclips(  288): Found widget: id=-1 (android.widget.ImageView@40530828)
D/nofatclips(  288): Found widget: id=2131165256 (android.widget.TextView@40578268): Quick Photo
D/nofatclips(  288): Found widget: id=2131165254 (android.widget.LinearLayout@40547118)
D/nofatclips(  288): Found widget: id=-1 (android.widget.ImageView@4055d418)
D/nofatclips(  288): Found widget: id=2131165256 (android.widget.TextView@40578ad8): Quick Video
D/nofatclips(  288): Found widget: id=-1 (android.widget.LinearLayout@4059e7a0)
D/nofatclips(  288): Found widget: id=-1 (android.widget.LinearLayout@4052efa0)
D/nofatclips(  288): Found widget: id=2131165255 (android.widget.LinearLayout@405347c0)
D/nofatclips(  288): Found widget: id=-1 (android.widget.ImageView@4053b278)
D/nofatclips(  288): Found widget: id=2131165256 (android.widget.TextView@40579160): Posts
D/nofatclips(  288): Found widget: id=2131165257 (android.widget.LinearLayout@405458e8)
D/nofatclips(  288): Found widget: id=-1 (android.widget.ImageView@40543d50)
D/nofatclips(  288): Found widget: id=2131165256 (android.widget.TextView@40537db8): Pages
D/nofatclips(  288): Found widget: id=-1 (android.widget.FrameLayout@40530b48)
D/nofatclips(  288): Found widget: id=2131165258 (android.widget.LinearLayout@40534d98)
D/nofatclips(  288): Found widget: id=-1 (android.widget.ImageView@4059dc90)
D/nofatclips(  288): Found widget: id=2131165256 (android.widget.TextView@40539d68): Comments
D/nofatclips(  288): Found widget: id=2131165259 (android.widget.FrameLayout@40544320)
D/nofatclips(  288): Found widget: id=2131165260 (android.widget.ImageView@40544fa0)
D/nofatclips(  288): Found widget: id=2131165261 (org.wordpress.android.util.CommentBadgeTextView@4053ad80): 0
D/nofatclips(  288): Found widget: id=-1 (android.widget.LinearLayout@40536750)
D/nofatclips(  288): Found widget: id=2131165262 (android.widget.LinearLayout@40539aa0)
D/nofatclips(  288): Found widget: id=-1 (android.widget.ImageView@40537868)
D/nofatclips(  288): Found widget: id=2131165256 (android.widget.TextView@405413a0): Settings
D/nofatclips(  288): Found widget: id=2131165263 (android.widget.LinearLayout@405446b8)
D/nofatclips(  288): Found widget: id=-1 (android.widget.ImageView@405605e0)
D/nofatclips(  288): Found widget: id=2131165256 (android.widget.TextView@405436e0): Read
D/nofatclips(  288): Found widget: id=2131165264 (android.widget.LinearLayout@40561d00)
D/nofatclips(  288): Found widget: id=-1 (android.widget.ImageView@405645a0)
D/nofatclips(  288): Found widget: id=2131165256 (android.widget.TextView@40550438): Stats
D/nofatclips(  288): Found widget: id=-1 (com.android.internal.policy.impl.PhoneWindow$DecorView@405a0a60)
I/nofatclips(  288): Playing Trace 336
I/nofatclips(  288): Retrieved from return list id=16908290
D/nofatclips(  288): Testing for type (android.widget.FrameLayout) against the original (null)
I/nofatclips(  288): Firing event: type= openMenu name= widget=null
D/dalvikvm(  288): GC_CONCURRENT freed 1234K, 56% free 3218K/7239K, external 1812K/2324K, paused 3ms+3ms
D/MediaScanner(  224):  prescan time: 49ms
D/MediaScanner(  224):     scan time: 0ms
D/MediaScanner(  224): postscan time: 310ms
D/MediaScanner(  224):    total time: 359ms
D/MediaScannerService(  224): done scanning volume external
W/KeyCharacterMap(  288): No keyboard for id 0
W/KeyCharacterMap(  288): Using default keymap: /system/usr/keychars/qwerty.kcm.bin
I/nofatclips(  288): Waiting for 100 msec.
I/nofatclips(  288): Current activity is Dashboard
I/nofatclips(  288): Retrieving widgets
D/nofatclips(  288): Found widget: id=16908726 (com.android.internal.view.menu.IconMenuView@4054bb20)
D/nofatclips(  288): Found widget: id=16908310 (com.android.internal.view.menu.IconMenuItemView@405a7af8): Add Account
D/nofatclips(  288): Found widget: id=16908310 (com.android.internal.view.menu.IconMenuItemView@40714a10): Preferences
D/nofatclips(  288): Found widget: id=16908310 (com.android.internal.view.menu.IconMenuItemView@40715af0): Remove Blog
D/nofatclips(  288): Found widget: id=16908310 (com.android.internal.view.menu.IconMenuItemView@40715f38): About
D/nofatclips(  288): Found widget: id=-1 (com.android.internal.policy.impl.PhoneWindow$DecorView@4055b7a8)
V/ReflectionHelper(  288): com.android.internal.view.menu.IconMenuView > mOnFocusChangeListener FOUND | NOT ACTIVE
V/nicola  (  288): TextualID : null
V/nicola  (  288): ContentType detected : default
V/nicola  (  288): TextualID : null
V/nicola  (  288): ContentType detected : default
V/nicola  (  288): TextualID : null
V/nicola  (  288): ContentType detected : default
V/nicola  (  288): TextualID : null
V/nicola  (  288): ContentType detected : default
I/nofatclips(  288): Performing comparation for activity Dashboard
I/nofatclips(  288): Registering activity Dashboard (id: a32) as a new found state
D/nofatclips(  288): Performing backup of the old activity list on disk
D/nofatclips(  288): Saving new found state 'a32' on disk
V/nofatclips(  288): Opening state file in append mode.
I/nofatclips(  288): Saved image on disk: a32.jpg
I/nofatclips(  288): Waiting for 100 msec.
I/nofatclips(  288): Session count is 1. Will dump to disk at 1
I/nofatclips(  288): Saving the session on disk.
I/nofatclips(  288): Planning for new Activity Dashboard
D/nofatclips(  288): Handling event 'click' on widget id=16908310 type=menuItem name=Add Account
D/nofatclips(  288): Handling event 'click' on widget id=16908310 type=menuItem name=Preferences
D/nofatclips(  288): Handling event 'click' on widget id=16908310 type=menuItem name=Remove Blog
D/nofatclips(  288): Handling event 'click' on widget id=16908310 type=menuItem name=About
I/nofatclips(  288): Created trace to press the back button
I/nofatclips(  288): Created trace to press the menu button
I/nofatclips(  288): Created trace to change orientation
I/nofatclips(  288): Check for termination: 69 steps left of 100
I/nofatclips(  288): Dispatching new task. 2 more tasks remaining.
D/nofatclips(  288): Performing backup of the old task list on disk
D/nofatclips(  288): Saving task list on disk
V/nofatclips(  288): Backing up trace #341 to disk.
D/dalvikvm(  288): GC_CONCURRENT freed 756K, 55% free 3298K/7239K, external 2188K/2324K, paused 13ms+13ms
V/nofatclips(  288): Backing up trace #342 to disk.
D/nofatclips(  288): Deleting backup of the old task list from disk
D/nofatclips(  288): Deleting backup of the old activity list from disk
I/nofatclips(  288): Incrementally Playing Trace 342
I/nofatclips(  288): Retrieved from return list id=16908726
D/nofatclips(  288): Testing for type (com.android.internal.view.menu.IconMenuView) against the original (null)
I/nofatclips(  288): Firing event: type= openMenu name= widget=null
I/nofatclips(  288): Waiting for 100 msec.
W/InputManagerService(   61): Window already focused, ignoring focus gain of: com.android.internal.view.IInputMethodClient$Stub$Proxy@406ed7c8
I/nofatclips(  288): Current activity is Dashboard
I/nofatclips(  288): Retrieving widgets
D/nofatclips(  288): Found widget: id=16908290 (android.widget.FrameLayout@405a1360)
D/nofatclips(  288): Found widget: id=2131165248 (android.widget.RelativeLayout@405a2060)
D/nofatclips(  288): Found widget: id=2131165249 (android.widget.LinearLayout@405a26c8)
D/nofatclips(  288): Found widget: id=-1 (android.widget.ImageView@405a2c10)
D/nofatclips(  288): Found widget: id=2131165250 (org.wordpress.android.util.WPTitleBar@4059c5e8)
D/nofatclips(  288): Found widget: id=2131165195 (android.widget.RelativeLayout@4050eb88)
D/nofatclips(  288): Found widget: id=2131165196 (android.widget.RelativeLayout@40568e38)
D/nofatclips(  288): Found widget: id=2131165197 (android.widget.ImageView@4059d410)
D/nofatclips(  288): Found widget: id=2131165198 (android.widget.TextView@405421a8): Katie's Sweet Testing Blog
D/nofatclips(  288): Found widget: id=2131165199 (android.widget.ImageView@4055da38)
D/nofatclips(  288): Found widget: id=-1 (android.widget.RelativeLayout@40579da0)
D/nofatclips(  288): Found widget: id=2131165200 (android.widget.ImageButton@4059d938)
D/nofatclips(  288): Found widget: id=-1 (android.widget.FrameLayout@4057b330)
D/nofatclips(  288): Found widget: id=2131165201 (android.widget.Button@40542b70): 
D/nofatclips(  288): Found widget: id=2131165202 (android.widget.ImageView@405941e0)
D/nofatclips(  288): Found widget: id=2131165203 (android.widget.ImageView@4053d368)
D/nofatclips(  288): Found widget: id=2131165204 (android.widget.LinearLayout@40569a40)
D/nofatclips(  288): Found widget: id=-1 (android.widget.FrameLayout@4059d1a8)
D/nofatclips(  288): Found widget: id=-1 (android.widget.LinearLayout@40530510)
D/nofatclips(  288): Found widget: id=-1 (android.widget.LinearLayout@4050e998)
D/nofatclips(  288): Found widget: id=-1 (android.widget.LinearLayout@4052fb30)
D/nofatclips(  288): Found widget: id=2131165251 (android.widget.LinearLayout@405301e8)
D/nofatclips(  288): Found widget: id=-1 (android.widget.ImageView@40590c88)
D/nofatclips(  288): Found widget: id=2131165256 (android.widget.TextView@4056b738): New Post
D/nofatclips(  288): Found widget: id=2131165253 (android.widget.LinearLayout@4059c820)
D/nofatclips(  288): Found widget: id=-1 (android.widget.ImageView@40531550)
D/nofatclips(  288): Found widget: id=2131165256 (android.widget.TextView@4056c070): New Page
D/nofatclips(  288): Found widget: id=-1 (android.widget.LinearLayout@40533808)
D/nofatclips(  288): Found widget: id=2131165252 (android.widget.LinearLayout@405311f8)
D/nofatclips(  288): Found widget: id=-1 (android.widget.ImageView@40530828)
D/nofatclips(  288): Found widget: id=2131165256 (android.widget.TextView@40578268): Quick Photo
D/nofatclips(  288): Found widget: id=2131165254 (android.widget.LinearLayout@40547118)
D/nofatclips(  288): Found widget: id=-1 (android.widget.ImageView@4055d418)
D/nofatclips(  288): Found widget: id=2131165256 (android.widget.TextView@40578ad8): Quick Video
D/nofatclips(  288): Found widget: id=-1 (android.widget.LinearLayout@4059e7a0)
D/nofatclips(  288): Found widget: id=-1 (android.widget.LinearLayout@4052efa0)
D/nofatclips(  288): Found widget: id=2131165255 (android.widget.LinearLayout@405347c0)
D/nofatclips(  288): Found widget: id=-1 (android.widget.ImageView@4053b278)
D/nofatclips(  288): Found widget: id=2131165256 (android.widget.TextView@40579160): Posts
D/nofatclips(  288): Found widget: id=2131165257 (android.widget.LinearLayout@405458e8)
D/nofatclips(  288): Found widget: id=-1 (android.widget.ImageView@40543d50)
D/nofatclips(  288): Found widget: id=2131165256 (android.widget.TextView@40537db8): Pages
D/nofatclips(  288): Found widget: id=-1 (android.widget.FrameLayout@40530b48)
D/nofatclips(  288): Found widget: id=2131165258 (android.widget.LinearLayout@40534d98)
D/nofatclips(  288): Found widget: id=-1 (android.widget.ImageView@4059dc90)
D/nofatclips(  288): Found widget: id=2131165256 (android.widget.TextView@40539d68): Comments
D/nofatclips(  288): Found widget: id=2131165259 (android.widget.FrameLayout@40544320)
D/nofatclips(  288): Found widget: id=2131165260 (android.widget.ImageView@40544fa0)
D/nofatclips(  288): Found widget: id=2131165261 (org.wordpress.android.util.CommentBadgeTextView@4053ad80): 0
D/nofatclips(  288): Found widget: id=-1 (android.widget.LinearLayout@40536750)
D/nofatclips(  288): Found widget: id=2131165262 (android.widget.LinearLayout@40539aa0)
D/nofatclips(  288): Found widget: id=-1 (android.widget.ImageView@40537868)
D/nofatclips(  288): Found widget: id=2131165256 (android.widget.TextView@405413a0): Settings
D/nofatclips(  288): Found widget: id=2131165263 (android.widget.LinearLayout@405446b8)
D/nofatclips(  288): Found widget: id=-1 (android.widget.ImageView@405605e0)
D/nofatclips(  288): Found widget: id=2131165256 (android.widget.TextView@405436e0): Read
D/nofatclips(  288): Found widget: id=2131165264 (android.widget.LinearLayout@40561d00)
D/nofatclips(  288): Found widget: id=-1 (android.widget.ImageView@405645a0)
D/nofatclips(  288): Found widget: id=2131165256 (android.widget.TextView@40550438): Stats
D/nofatclips(  288): Found widget: id=-1 (com.android.internal.policy.impl.PhoneWindow$DecorView@405a0a60)
V/nicola  (  288): TextualID : blog_title
V/nicola  (  288): ContentType detected : default
V/nicola  (  288): TextualID : action_refresh
V/nicola  (  288): ContentType detected : default
V/nicola  (  288): TextualID : button_text
V/nicola  (  288): ContentType detected : default
V/nicola  (  288): TextualID : button_text
V/nicola  (  288): ContentType detected : default
V/nicola  (  288): TextualID : button_text
V/nicola  (  288): ContentType detected : default
V/nicola  (  288): TextualID : button_text
V/nicola  (  288): ContentType detected : default
V/nicola  (  288): TextualID : button_text
V/nicola  (  288): ContentType detected : default
V/nicola  (  288): TextualID : button_text
V/nicola  (  288): ContentType detected : default
V/nicola  (  288): TextualID : button_text
V/nicola  (  288): ContentType detected : default
V/nicola  (  288): TextualID : button_text
V/nicola  (  288): ContentType detected : default
V/nicola  (  288): TextualID : button_text
V/nicola  (  288): ContentType detected : default
V/nicola  (  288): TextualID : button_text
V/nicola  (  288): ContentType detected : default
I/nofatclips(  288): Performing comparation for activity Dashboard
D/nofatclips(  288): Comparing against activity Dashboard
I/nofatclips(  288): Registering activity Dashboard (id: a33) as a new found state
D/nofatclips(  288): Performing backup of the old activity list on disk
D/nofatclips(  288): Saving new found state 'a33' on disk
V/nofatclips(  288): Opening state file in append mode.
D/dalvikvm(  288): GC_EXTERNAL_ALLOC freed 776K, 54% free 3359K/7239K, external 2022K/2324K, paused 104ms
D/dalvikvm(  288): GC_EXTERNAL_ALLOC freed 36K, 55% free 3323K/7239K, external 2044K/2556K, paused 93ms
I/nofatclips(  288): Saved image on disk: a33.jpg
I/nofatclips(  288): Waiting for 100 msec.
I/nofatclips(  288): Session count is 1. Will dump to disk at 1
I/nofatclips(  288): Saving the session on disk.
I/nofatclips(  288): Planning for new Activity Dashboard
D/nofatclips(  288): Handling event 'click' on widget id=2131165200 type=button name=
D/nofatclips(  288): Handling event 'click' on widget id=2131165201 type=button name=
D/nofatclips(  288): Handling event 'click' on widget id=2131165204 type=linearLayout name=
D/nofatclips(  288): Handling event 'click' on widget id=2131165251 type=linearLayout name=
D/nofatclips(  288): Handling event 'click' on widget id=2131165253 type=linearLayout name=
D/nofatclips(  288): Handling event 'click' on widget id=2131165252 type=linearLayout name=
D/nofatclips(  288): Handling event 'click' on widget id=2131165254 type=linearLayout name=
D/nofatclips(  288): Handling event 'click' on widget id=2131165255 type=linearLayout name=
D/dalvikvm(  288): GC_CONCURRENT freed 792K, 53% free 3461K/7239K, external 2644K/3302K, paused 3ms+4ms
D/nofatclips(  288): Handling event 'click' on widget id=2131165257 type=linearLayout name=
D/nofatclips(  288): Handling event 'click' on widget id=2131165258 type=linearLayout name=
D/nofatclips(  288): Handling event 'click' on widget id=2131165262 type=linearLayout name=
D/nofatclips(  288): Handling event 'click' on widget id=2131165263 type=linearLayout name=
D/nofatclips(  288): Handling event 'click' on widget id=2131165264 type=linearLayout name=
I/nofatclips(  288): Created trace to press the back button
I/nofatclips(  288): Created trace to press the menu button
I/nofatclips(  288): Created trace to change orientation
I/nofatclips(  288): Check for termination: 68 steps left of 100
I/nofatclips(  288): Dispatching new task. 2 more tasks remaining.
D/nofatclips(  288): Performing backup of the old task list on disk
D/nofatclips(  288): Saving task list on disk
V/nofatclips(  288): Backing up trace #356 to disk.
V/nofatclips(  288): Backing up trace #357 to disk.
D/nofatclips(  288): Deleting backup of the old task list from disk
D/nofatclips(  288): Deleting backup of the old activity list from disk
I/nofatclips(  288): Incrementally Playing Trace 357
I/nofatclips(  288): Retrieved from return list id=2131165263
D/nofatclips(  288): Testing for type (android.widget.LinearLayout) against the original (android.widget.LinearLayout)
D/nofatclips(  288): Testing for name () against the original ()
I/nofatclips(  288): Firing event: type= click index=53 widget=android.widget.LinearLayout
D/dalvikvm(  288): GC_CONCURRENT freed 1332K, 54% free 3365K/7303K, external 2044K/2644K, paused 3ms+3ms
D/nofatclips(  288): Event description: Read
I/ActivityManager(   61): Starting: Intent { cmp=org.wordpress.android/.Read (has extras) } from pid 288
I/nofatclips(  288): Waiting for 100 msec.
D/dalvikvm(   61): GC_CONCURRENT freed 729K, 45% free 4165K/7559K, external 1865K/3065K, paused 15ms+44ms
I/ActivityManager(   61): Displayed org.wordpress.android/.Read: +1s860ms
I/nofatclips(  288): Current activity is Read
I/nofatclips(  288): Retrieving widgets
D/nofatclips(  288): Found widget: id=-1 (android.widget.LinearLayout@406383a8)
D/nofatclips(  288): Found widget: id=16908662 (android.widget.RelativeLayout@4067ef78)
D/nofatclips(  288): Found widget: id=16908812 (android.widget.ProgressBar@4063eeb8)
D/nofatclips(  288): Found widget: id=16908813 (android.widget.ProgressBar@40649100)
D/nofatclips(  288): Found widget: id=16908310 (android.widget.TextView@4054d158): Read
D/nofatclips(  288): Found widget: id=16908290 (android.widget.FrameLayout@40664ad0)
D/nofatclips(  288): Found widget: id=-1 (android.widget.LinearLayout@405befb0)
D/nofatclips(  288): Found widget: id=2131165329 (android.webkit.WebView@40724cc8)
D/nofatclips(  288): Found widget: id=-1 (com.android.internal.policy.impl.PhoneWindow$DecorView@4053ca28)
V/nicola  (  288): TextualID : null
V/nicola  (  288): ContentType detected : default
V/ReflectionHelper(  288): android.webkit.WebView > mOnFocusChangeListener FOUND | NOT ACTIVE
I/nofatclips(  288): Performing comparation for activity Read
D/nofatclips(  288): Comparing against activity Dashboard
D/nofatclips(  288): Comparing against activity Dashboard
I/nofatclips(  288): Registering activity Read (id: a34) as a new found state
D/nofatclips(  288): Performing backup of the old activity list on disk
D/nofatclips(  288): Saving new found state 'a34' on disk
V/nofatclips(  288): Opening state file in append mode.
D/dalvikvm(  288): GC_EXTERNAL_ALLOC freed 533K, 54% free 3400K/7303K, external 2212K/2644K, paused 104ms
D/dalvikvm(  288): GC_EXTERNAL_ALLOC freed 38K, 54% free 3389K/7303K, external 3412K/3511K, paused 86ms
I/nofatclips(  288): Saved image on disk: a34.jpg
I/nofatclips(  288): Waiting for 100 msec.
D/dalvikvm(  288): GC_FOR_MALLOC freed 49K, 52% free 3571K/7303K, external 3412K/4260K, paused 53ms
I/nofatclips(  288): Session count is 1. Will dump to disk at 1
I/nofatclips(  288): Saving the session on disk.
I/nofatclips(  288): Planning for new Activity Read
D/nofatclips(  288): Handling event 'longClick' on widget id=2131165329 type=webPage name=
I/nofatclips(  288): Created trace to press the back button
I/nofatclips(  288): Created trace to press the menu button
I/nofatclips(  288): Created trace to change orientation
I/nofatclips(  288): Check for termination: 67 steps left of 100
I/nofatclips(  288): Dispatching new task. 2 more tasks remaining.
D/nofatclips(  288): Performing backup of the old task list on disk
D/nofatclips(  288): Saving task list on disk
V/nofatclips(  288): Backing up trace #360 to disk.
V/nofatclips(  288): Backing up trace #361 to disk.
D/nofatclips(  288): Deleting backup of the old task list from disk
D/nofatclips(  288): Deleting backup of the old activity list from disk
I/nofatclips(  288): Incrementally Playing Trace 361
I/nofatclips(  288): Retrieved from return list id=-1
D/nofatclips(  288): Testing for type (android.widget.LinearLayout) against the original (null)
I/nofatclips(  288): Firing event: type= openMenu name= widget=null
W/KeyCharacterMap(  288): No keyboard for id 0
W/KeyCharacterMap(  288): Using default keymap: /system/usr/keychars/qwerty.kcm.bin
I/nofatclips(  288): Waiting for 100 msec.
I/nofatclips(  288): Current activity is Read
I/nofatclips(  288): Retrieving widgets
D/nofatclips(  288): Found widget: id=16908726 (com.android.internal.view.menu.IconMenuView@407034d8)
D/nofatclips(  288): Found widget: id=16908310 (com.android.internal.view.menu.IconMenuItemView@40703c98): Home
D/nofatclips(  288): Found widget: id=16908310 (com.android.internal.view.menu.IconMenuItemView@407049f8): View in Browser
D/nofatclips(  288): Found widget: id=16908310 (com.android.internal.view.menu.IconMenuItemView@4070b708): Refresh
D/nofatclips(  288): Found widget: id=-1 (com.android.internal.policy.impl.PhoneWindow$DecorView@40702120)
V/ReflectionHelper(  288): com.android.internal.view.menu.IconMenuView > mOnFocusChangeListener FOUND | NOT ACTIVE
V/nicola  (  288): TextualID : null
V/nicola  (  288): ContentType detected : default
V/nicola  (  288): TextualID : null
V/nicola  (  288): ContentType detected : default
D/dalvikvm(  288): GC_CONCURRENT freed 1188K, 50% free 3893K/7687K, external 2839K/3511K, paused 4ms+4ms
V/nicola  (  288): TextualID : null
V/nicola  (  288): ContentType detected : default
I/nofatclips(  288): Performing comparation for activity Read
D/nofatclips(  288): Comparing against activity Dashboard
D/nofatclips(  288): Comparing against activity Dashboard
D/nofatclips(  288): Comparing against activity Read
I/nofatclips(  288): Registering activity Read (id: a35) as a new found state
D/nofatclips(  288): Performing backup of the old activity list on disk
D/nofatclips(  288): Saving new found state 'a35' on disk
V/nofatclips(  288): Opening state file in append mode.
I/nofatclips(  288): Saved image on disk: a35.jpg
I/nofatclips(  288): Waiting for 100 msec.
I/nofatclips(  288): Session count is 1. Will dump to disk at 1
I/nofatclips(  288): Saving the session on disk.
I/nofatclips(  288): Planning for new Activity Read
D/nofatclips(  288): Handling event 'click' on widget id=16908310 type=menuItem name=Home
D/nofatclips(  288): Handling event 'click' on widget id=16908310 type=menuItem name=View in Browser
D/nofatclips(  288): Handling event 'click' on widget id=16908310 type=menuItem name=Refresh
I/nofatclips(  288): Created trace to press the back button
I/nofatclips(  288): Created trace to press the menu button
I/nofatclips(  288): Created trace to change orientation
I/nofatclips(  288): Check for termination: 66 steps left of 100
I/nofatclips(  288): Dispatching new task. 2 more tasks remaining.
D/nofatclips(  288): Performing backup of the old task list on disk
D/nofatclips(  288): Saving task list on disk
V/nofatclips(  288): Backing up trace #366 to disk.
V/nofatclips(  288): Backing up trace #367 to disk.
D/dalvikvm(  288): GC_CONCURRENT freed 1390K, 51% free 3947K/7943K, external 3002K/3511K, paused 3ms+4ms
D/nofatclips(  288): Deleting backup of the old task list from disk
D/nofatclips(  288): Deleting backup of the old activity list from disk
I/nofatclips(  288): Incrementally Playing Trace 367
I/nofatclips(  288): Retrieved from return list id=16908310
D/nofatclips(  288): Testing for type (com.android.internal.view.menu.IconMenuItemView) against the original (com.android.internal.view.menu.IconMenuItemView)
D/nofatclips(  288): Testing for name (Home) against the original (Home)
I/nofatclips(  288): Firing event: type= click index=1 widget=com.android.internal.view.menu.IconMenuItemView
W/KeyCharacterMap(  288): No keyboard for id 0
W/KeyCharacterMap(  288): Using default keymap: /system/usr/keychars/qwerty.kcm.bin
W/ResponseProcessCookies(  288): Invalid cookie header: "Set-Cookie: twostep_auth=+; expires=Tue, 30-Jul-2013 01:59:36 GMT; Max-Age=-31536000; path=/; domain=.wordpress.com". Negative max-age attribute: -31536000
W/ResponseProcessCookies(  288): Invalid cookie header: "Set-Cookie: wordpress=+; expires=Tue, 30-Jul-2013 01:59:36 GMT; Max-Age=-31536000; path=/wp-admin; domain=.wordpress.com". Negative max-age attribute: -31536000
W/ResponseProcessCookies(  288): Invalid cookie header: "Set-Cookie: wordpress_sec=+; expires=Tue, 30-Jul-2013 01:59:36 GMT; Max-Age=-31536000; path=/wp-admin; domain=.wordpress.com". Negative max-age attribute: -31536000
W/ResponseProcessCookies(  288): Invalid cookie header: "Set-Cookie: wordpress=+; expires=Tue, 30-Jul-2013 01:59:36 GMT; Max-Age=-31536000; path=/wp-content/plugins; domain=.wordpress.com". Negative max-age attribute: -31536000
W/ResponseProcessCookies(  288): Invalid cookie header: "Set-Cookie: wordpress_sec=+; expires=Tue, 30-Jul-2013 01:59:36 GMT; Max-Age=-31536000; path=/wp-content/plugins; domain=.wordpress.com". Negative max-age attribute: -31536000
W/ResponseProcessCookies(  288): Invalid cookie header: "Set-Cookie: wordpress_logged_in=+; expires=Tue, 30-Jul-2013 01:59:36 GMT; Max-Age=-31536000; path=/; domain=.wordpress.com". Negative max-age attribute: -31536000
W/ResponseProcessCookies(  288): Invalid cookie header: "Set-Cookie: wordpress_logged_in=+; expires=Tue, 30-Jul-2013 01:59:36 GMT; Max-Age=-31536000; path=/; domain=.wordpress.com". Negative max-age attribute: -31536000
W/ResponseProcessCookies(  288): Invalid cookie header: "Set-Cookie: wordpress=+; expires=Tue, 30-Jul-2013 01:59:36 GMT; Max-Age=-31536000; path=/; domain=.wordpress.com". Negative max-age attribute: -31536000
W/ResponseProcessCookies(  288): Invalid cookie header: "Set-Cookie: wordpress=+; expires=Tue, 30-Jul-2013 01:59:36 GMT; Max-Age=-31536000; path=/; domain=.wordpress.com". Negative max-age attribute: -31536000
W/ResponseProcessCookies(  288): Invalid cookie header: "Set-Cookie: wordpress_sec=+; expires=Tue, 30-Jul-2013 01:59:36 GMT; Max-Age=-31536000; path=/; domain=.wordpress.com". Negative max-age attribute: -31536000
W/ResponseProcessCookies(  288): Invalid cookie header: "Set-Cookie: wordpress_sec=+; expires=Tue, 30-Jul-2013 01:59:36 GMT; Max-Age=-31536000; path=/; domain=.wordpress.com". Negative max-age attribute: -31536000
W/ResponseProcessCookies(  288): Invalid cookie header: "Set-Cookie: wp_user=+; expires=Tue, 30-Jul-2013 01:59:36 GMT; Max-Age=-31536000; path=/; domain=.wordpress.com". Negative max-age attribute: -31536000
W/ResponseProcessCookies(  288): Invalid cookie header: "Set-Cookie: wp_pass=+; expires=Tue, 30-Jul-2013 01:59:36 GMT; Max-Age=-31536000; path=/; domain=.wordpress.com". Negative max-age attribute: -31536000
W/ResponseProcessCookies(  288): Invalid cookie header: "Set-Cookie: wp_user=+; expires=Tue, 30-Jul-2013 01:59:36 GMT; Max-Age=-31536000; path=/; domain=.wordpress.com". Negative max-age attribute: -31536000
W/ResponseProcessCookies(  288): Invalid cookie header: "Set-Cookie: wp_pass=+; expires=Tue, 30-Jul-2013 01:59:36 GMT; Max-Age=-31536000; path=/; domain=.wordpress.com". Negative max-age attribute: -31536000
D/nofatclips(  288): Event description: Home
D/dalvikvm(  288): GC_CONCURRENT freed 1367K, 50% free 4109K/8071K, external 2920K/3511K, paused 17ms+26ms
I/nofatclips(  288): Waiting for 100 msec.
I/dalvikvm(  288): Jit: resizing JitTable from 2048 to 4096
I/nofatclips(  288): Current activity is Dashboard
I/nofatclips(  288): Retrieving widgets
D/nofatclips(  288): Found widget: id=16908290 (android.widget.FrameLayout@405a1360)
D/nofatclips(  288): Found widget: id=2131165248 (android.widget.RelativeLayout@405a2060)
D/nofatclips(  288): Found widget: id=2131165249 (android.widget.LinearLayout@405a26c8)
D/nofatclips(  288): Found widget: id=-1 (android.widget.ImageView@405a2c10)
D/nofatclips(  288): Found widget: id=2131165250 (org.wordpress.android.util.WPTitleBar@4059c5e8)
D/nofatclips(  288): Found widget: id=2131165195 (android.widget.RelativeLayout@4050eb88)
D/nofatclips(  288): Found widget: id=2131165196 (android.widget.RelativeLayout@40568e38)
D/nofatclips(  288): Found widget: id=2131165197 (android.widget.ImageView@4059d410)
D/nofatclips(  288): Found widget: id=2131165198 (android.widget.TextView@405421a8): Katie's Sweet Testing Blog
D/nofatclips(  288): Found widget: id=2131165199 (android.widget.ImageView@4055da38)
D/nofatclips(  288): Found widget: id=-1 (android.widget.RelativeLayout@40579da0)
D/nofatclips(  288): Found widget: id=2131165200 (android.widget.ImageButton@4059d938)
D/nofatclips(  288): Found widget: id=-1 (android.widget.FrameLayout@4057b330)
D/nofatclips(  288): Found widget: id=2131165201 (android.widget.Button@40542b70): 
D/nofatclips(  288): Found widget: id=2131165202 (android.widget.ImageView@405941e0)
D/nofatclips(  288): Found widget: id=2131165203 (android.widget.ImageView@4053d368)
D/nofatclips(  288): Found widget: id=2131165204 (android.widget.LinearLayout@40569a40)
D/nofatclips(  288): Found widget: id=-1 (android.widget.FrameLayout@4059d1a8)
D/nofatclips(  288): Found widget: id=-1 (android.widget.LinearLayout@40530510)
D/nofatclips(  288): Found widget: id=-1 (android.widget.LinearLayout@4050e998)
