I/ActivityManager(   61): Start proc com.android.email for broadcast com.android.email/.service.EmailBroadcastReceiver: pid=294 uid=10028 gids={3003, 1015}
I/ActivityThread(  294): Pub com.android.email.provider: com.android.email.provider.EmailProvider
I/ActivityThread(  294): Pub com.android.email.attachmentprovider: com.android.email.provider.AttachmentProvider
I/ActivityThread(  294): Pub com.android.exchange.provider: com.android.exchange.provider.ExchangeProvider
D/EAS SyncManager(  294): !!! EAS SyncManager, onCreate
W/dalvikvm(  241): threadid=6: spin on suspend #1 threadid=11 (pcf=0)
D/dalvikvm(  241): Temporarily moving tid 270 to fg (was 0)
D/dalvikvm(  241): Temporarily raised priority on tid 270 (10 -> 0)
W/dalvikvm(  241): threadid=6: spin on suspend resolved in 1012 msec
D/dalvikvm(  241): Restored policy of 270 to 0
D/dalvikvm(  241): Restored priority on 270 to 10
D/MediaScannerService(  261): start scanning volume internal
D/Eas Debug(  294): Logging: 
D/EAS SyncManager(  294): !!! EAS SyncManager, onDestroy
I/ContactsDatabaseHelper(  183): Switching to locale en_US
D/dalvikvm(  276): GC_CONCURRENT freed 492K, 54% free 2726K/5831K, external 716K/1038K, paused 3ms+3ms
I//system/bin/fsck_msdos(   29): Attempting to allocate 397 KB for FAT
D/dalvikvm(  294): GC_CONCURRENT freed 538K, 54% free 2697K/5831K, external 716K/1038K, paused 3ms+3ms
D/dalvikvm(  241): GC_EXTERNAL_ALLOC freed 120K, 49% free 2947K/5767K, external 1407K/1623K, paused 43ms
I/ActivityManager(   61): Displayed org.wordpress.android/.Dashboard: +2s887ms (total +16s574ms)
I/ActivityManager(   61): Displayed com.android.launcher/com.android.launcher2.Launcher: +16s575ms
D/Email   (  294): BOOT_COMPLETED
I/SurfaceFlinger(   61): Boot is finished (20538 ms)
I/ARMAssembler(   61): generated scanline__00000177:03010104_00000002_00000000 [ 44 ipp] (66 ins) at [0x46efd290:0x46efd398] in 570062 ns
I/ARMAssembler(   61): generated scanline__00000177:03515104_00000001_00000000 [ 73 ipp] (95 ins) at [0x46efd3a0:0x46efd51c] in 576050 ns
D/nofatclips(  241): Generated Resuming Persistence
I/dalvikvm(  241): Could not find method android.app.Activity.getFragmentManager, referenced from method com.jayway.android.robotium.solo.Waiter.getFragment
W/dalvikvm(  241): VFY: unable to resolve virtual method 7: Landroid/app/Activity;.getFragmentManager ()Landroid/app/FragmentManager;
D/dalvikvm(  241): VFY: replacing opcode 0x6e at 0x0008
I/dalvikvm(  241): Could not find method android.app.Activity.getFragmentManager, referenced from method com.jayway.android.robotium.solo.Waiter.getFragment
W/dalvikvm(  241): VFY: unable to resolve virtual method 7: Landroid/app/Activity;.getFragmentManager ()Landroid/app/FragmentManager;
D/dalvikvm(  241): VFY: replacing opcode 0x6e at 0x0017
W/dalvikvm(  241): VFY: unable to find class referenced in signature (Landroid/app/Fragment;)
D/dalvikvm(  241): VFY: dead code 0x000b-000f in Lcom/jayway/android/robotium/solo/Waiter;.getFragment (Ljava/lang/String;I)Landroid/app/Fragment;
D/dalvikvm(  241): VFY: dead code 0x001a-001f in Lcom/jayway/android/robotium/solo/Waiter;.getFragment (Ljava/lang/String;I)Landroid/app/Fragment;
W/dalvikvm(  241): VFY: unable to find class referenced in signature (Landroid/app/Fragment;)
I//system/bin/fsck_msdos(   29): ** Phase 2 - Check Cluster Chains
D/EAS SyncManager(  294): !!! EAS SyncManager, onCreate
D/EAS SyncManager(  294): !!! EAS SyncManager, onStartCommand
I//system/bin/fsck_msdos(   29): ** Phase 3 - Checking Directories
D/EAS SyncManager(  294): !!! EAS SyncManager, stopping self
D/EAS SyncManager(  294): !!! EAS SyncManager, onDestroy
I//system/bin/fsck_msdos(   29): ** Phase 4 - Checking for Lost Files
I//system/bin/fsck_msdos(   29): Next free cluster in FSInfo block (5) not free
I//system/bin/fsck_msdos(   29): FIXED
I//system/bin/fsck_msdos(   29): 3 files, 50388 free (100777 clusters)
I/Vold    (   29): Filesystem check completed OK
I/Vold    (   29): Device /dev/block/vold/179:0, target /mnt/sdcard mounted @ /mnt/secure/staging
D/Vold    (   29): Volume sdcard state changing 3 (Checking) -> 4 (Mounted)
I/PackageManager(   61): Updating external media status from unmounted to mounted
I/StorageNotification(  123): Media {/mnt/sdcard} state changed from {checking} -> {mounted}
D/VoldCmdListener(   29): asec list
I/PackageManager(   61): No secure containers on sdcard
W/PackageManager(   61): Unknown permission com.google.android.googleapps.permission.GOOGLE_AUTH.mail in package com.android.contacts
W/PackageManager(   61): Unknown permission android.permission.ADD_SYSTEM_SERVICE in package com.android.phone
W/PackageManager(   61): Not granting permission android.permission.SEND_DOWNLOAD_COMPLETED_INTENTS to package com.android.browser (protectionLevel=2 flags=0x9be45)
W/PackageManager(   61): Unknown permission com.google.android.gm.permission.WRITE_GMAIL in package com.android.settings
W/PackageManager(   61): Unknown permission com.google.android.gm.permission.READ_GMAIL in package com.android.settings
W/PackageManager(   61): Unknown permission com.google.android.googleapps.permission.GOOGLE_AUTH in package com.android.settings
W/PackageManager(   61): Unknown permission com.google.android.googleapps.permission.GOOGLE_AUTH in package com.android.providers.contacts
W/PackageManager(   61): Unknown permission com.google.android.googleapps.permission.GOOGLE_AUTH.cp in package com.android.providers.contacts
W/PackageManager(   61): Unknown permission com.google.android.googleapps.permission.ACCESS_GOOGLE_PASSWORD in package com.android.development
W/PackageManager(   61): Unknown permission com.google.android.googleapps.permission.GOOGLE_AUTH in package com.android.development
W/PackageManager(   61): Unknown permission com.google.android.googleapps.permission.GOOGLE_AUTH.ALL_SERVICES in package com.android.development
W/PackageManager(   61): Unknown permission com.google.android.googleapps.permission.GOOGLE_AUTH.YouTubeUser in package com.android.development
W/PackageManager(   61): Unknown permission android.permission.READ_OWNER_DATA in package com.android.email
W/PackageManager(   61): Not granting permission android.permission.DEVICE_POWER to package com.android.deskclock (protectionLevel=2 flags=0x8be45)
D/nofatclips(  241): Updating node automation
D/nofatclips(  241): Loading node automation
V/nofatclips(  241): Updating value FORCE_RESTART
V/nofatclips(  241): Updating value IN_AND_OUT_FOCUS
V/nofatclips(  241): Updating value PRECRAWLING
V/nofatclips(  241): Updating value SCREENSHOT_FOR_EVENTS
V/nofatclips(  241): Updating value SCREENSHOT_FOR_STATES
V/nofatclips(  241): Updating value SCREENSHOT_ONLY_NEW_STATES
V/nofatclips(  241): Updating value SLEEP_AFTER_EVENT
D/nofatclips(  241): Updated value of parameter SLEEP_AFTER_EVENT to 100 (default = 1000)
V/nofatclips(  241): Updating value SLEEP_AFTER_RESTART
D/nofatclips(  241): Updated value of parameter SLEEP_AFTER_RESTART to 100 (default = 1000)
V/nofatclips(  241): Updating value SLEEP_AFTER_TASK
D/nofatclips(  241): Updated value of parameter SLEEP_AFTER_TASK to 100 (default = 1000)
V/nofatclips(  241): Updating value SLEEP_ON_THROBBER
D/nofatclips(  241): Updated value of parameter SLEEP_ON_THROBBER to 100 (default = 1000)
D/nofatclips(  241): Updating node screenshot
D/nofatclips(  241): Loading node screenshot
V/nofatclips(  241): Updating value FORCE_RESTART
V/nofatclips(  241): Updating value IN_AND_OUT_FOCUS
V/nofatclips(  241): Updating value PRECRAWLING
V/nofatclips(  241): Updating value SCREENSHOT_FOR_EVENTS
V/nofatclips(  241): Updating value SCREENSHOT_FOR_STATES
V/nofatclips(  241): Updating value SCREENSHOT_ONLY_NEW_STATES
V/nofatclips(  241): Updating value SLEEP_AFTER_EVENT
V/nofatclips(  241): Updating value SLEEP_AFTER_RESTART
V/nofatclips(  241): Updating value SLEEP_AFTER_TASK
V/nofatclips(  241): Updating value SLEEP_ON_THROBBER
I/nofatclips(  241): Waiting for 100 msec.
W/ImageDownloader(  241): Error 404 while retrieving bitmap from http://gravatar.com/blavatar/44d338f29053dbb888da79dcf98df489?s=60&d=404
D/nofatclips(  241): Ready to operate after restarting...
I/nofatclips(  241): Current activity is Dashboard
W/nofatclips(  241): --->Dashboard
I/nofatclips(  241): Retrieving widgets
D/nofatclips(  241): No session to resume: task list not found. Will start from scratch.
I/nofatclips(  241): Starting a new session
D/nofatclips(  241): Performing backup of the old activity list on disk
D/nofatclips(  241): Saving new found state 'exit' on disk
V/nofatclips(  241): Opening state file in overwrite mode.
D/dalvikvm(  241): GC_CONCURRENT freed 177K, 48% free 3034K/5831K, external 1812K/2324K, paused 3ms+4ms
I/InputReader(   61): Device reconfigured: id=0x0, name=qwerty2, display size is now 320x480
I/InputManager-Callbacks(   61): No virtual keys found for device qwerty2.
I/nofatclips(  241): Planning for new Activity Dashboard
I/nofatclips(  241): Created trace to press the menu button
I/nofatclips(  241): Created trace to change orientation
I/nofatclips(  241): Dispatching new task. 2 more tasks remaining.
D/nofatclips(  241): Saving task list on disk
V/nofatclips(  241): Backing up trace #0 to disk.
V/nofatclips(  241): Backing up trace #1 to disk.
D/nofatclips(  241): Deleting backup of the old activity list from disk
I/nofatclips(  241): Restarting
D/MediaScanner(  261):  prescan time: 404ms
D/dalvikvm(  261): GC_CONCURRENT freed 529K, 55% free 2647K/5831K, external 716K/1038K, paused 4ms+3ms
D/MediaScanner(  261):     scan time: 686ms
D/MediaScanner(  261): postscan time: 0ms
D/MediaScanner(  261):    total time: 1090ms
D/dalvikvm(   61): GC_CONCURRENT freed 653K, 44% free 4235K/7559K, external 1865K/3065K, paused 3ms+4ms
D/szipinf (  183): Initializing inflate state
D/dalvikvm(  183): GC_CONCURRENT freed 221K, 51% free 2825K/5703K, external 716K/1038K, paused 3ms+2ms
I/ARMAssembler(   61): generated scanline__00000077:03515104_00001004_00000000 [ 65 ipp] (85 ins) at [0x46efd520:0x46efd674] in 634211 ns
I/nofatclips(  241): Waiting for 100 msec.
I/ARMAssembler(   61): generated scanline__00000177:03515104_00001001_00000000 [ 91 ipp] (114 ins) at [0x46efd678:0x46efd840] in 405843 ns
D/MediaScannerService(  261): done scanning volume internal
I/ARMAssembler(   61): generated scanline__00000177:03515104_00001002_00000000 [ 87 ipp] (110 ins) at [0x46efd848:0x46efda00] in 301068 ns
D/MediaScannerService(  261): start scanning volume external
D/nofatclips(  241): Ready to operate after restarting...
I/nofatclips(  241): Retrieving widgets
D/nofatclips(  241): Found widget: id=16908290 (android.widget.FrameLayout@405a06a0)
D/nofatclips(  241): Found widget: id=2131165248 (android.widget.RelativeLayout@405a13a0)
D/nofatclips(  241): Found widget: id=2131165249 (android.widget.LinearLayout@405a1a08)
D/nofatclips(  241): Found widget: id=-1 (android.widget.ImageView@405a1f50)
D/nofatclips(  241): Found widget: id=2131165250 (org.wordpress.android.util.WPTitleBar@4059b928)
D/nofatclips(  241): Found widget: id=2131165195 (android.widget.RelativeLayout@4050de58)
D/nofatclips(  241): Found widget: id=2131165196 (android.widget.RelativeLayout@40568108)
D/nofatclips(  241): Found widget: id=2131165197 (android.widget.ImageView@4059cbc0)
D/nofatclips(  241): Found widget: id=2131165198 (android.widget.TextView@40541478): Katie's Sweet Testing Blog
D/nofatclips(  241): Found widget: id=2131165199 (android.widget.ImageView@4055cd08)
D/nofatclips(  241): Found widget: id=-1 (android.widget.RelativeLayout@40579070)
D/nofatclips(  241): Found widget: id=2131165200 (android.widget.ImageButton@4059d0e8)
D/nofatclips(  241): Found widget: id=-1 (android.widget.FrameLayout@4057a670)
D/nofatclips(  241): Found widget: id=2131165201 (android.widget.Button@40541e40): 
D/nofatclips(  241): Found widget: id=2131165202 (android.widget.ImageView@40593520)
D/nofatclips(  241): Found widget: id=2131165203 (android.widget.ImageView@4053c638)
D/nofatclips(  241): Found widget: id=2131165204 (android.widget.LinearLayout@40568d10)
D/nofatclips(  241): Found widget: id=-1 (android.widget.FrameLayout@4059c958)
D/nofatclips(  241): Found widget: id=-1 (android.widget.LinearLayout@4052f7e0)
D/nofatclips(  241): Found widget: id=-1 (android.widget.LinearLayout@4050dc68)
D/nofatclips(  241): Found widget: id=-1 (android.widget.LinearLayout@4052ee00)
D/nofatclips(  241): Found widget: id=2131165251 (android.widget.LinearLayout@4052f4b8)
D/nofatclips(  241): Found widget: id=-1 (android.widget.ImageView@4058ffc8)
D/nofatclips(  241): Found widget: id=2131165256 (android.widget.TextView@4056aa08): New Post
D/nofatclips(  241): Found widget: id=2131165253 (android.widget.LinearLayout@4059bb60)
D/nofatclips(  241): Found widget: id=-1 (android.widget.ImageView@40530820)
D/nofatclips(  241): Found widget: id=2131165256 (android.widget.TextView@4056b340): New Page
D/nofatclips(  241): Found widget: id=-1 (android.widget.LinearLayout@40532ad8)
D/nofatclips(  241): Found widget: id=2131165252 (android.widget.LinearLayout@405304c8)
D/nofatclips(  241): Found widget: id=-1 (android.widget.ImageView@405384b0)
D/nofatclips(  241): Found widget: id=2131165256 (android.widget.TextView@40577538): Quick Photo
D/nofatclips(  241): Found widget: id=2131165254 (android.widget.LinearLayout@40546468)
D/nofatclips(  241): Found widget: id=-1 (android.widget.ImageView@4059a6e0)
D/nofatclips(  241): Found widget: id=2131165256 (android.widget.TextView@40577da8): Quick Video
D/nofatclips(  241): Found widget: id=-1 (android.widget.LinearLayout@4059dfd0)
D/nofatclips(  241): Found widget: id=-1 (android.widget.LinearLayout@4052e2e8)
D/nofatclips(  241): Found widget: id=2131165255 (android.widget.LinearLayout@40533b08)
D/nofatclips(  241): Found widget: id=-1 (android.widget.ImageView@4053fff8)
D/nofatclips(  241): Found widget: id=2131165256 (android.widget.TextView@40578430): Posts
D/nofatclips(  241): Found widget: id=2131165257 (android.widget.LinearLayout@40544be8)
D/nofatclips(  241): Found widget: id=-1 (android.widget.ImageView@405683f0)
D/nofatclips(  241): Found widget: id=2131165256 (android.widget.TextView@40537088): Pages
D/nofatclips(  241): Found widget: id=-1 (android.widget.FrameLayout@40534068)
D/nofatclips(  241): Found widget: id=2131165258 (android.widget.LinearLayout@4053fd10)
D/nofatclips(  241): Found widget: id=-1 (android.widget.ImageView@4059d530)
D/nofatclips(  241): Found widget: id=2131165256 (android.widget.TextView@40539038): Comments
D/nofatclips(  241): Found widget: id=2131165259 (android.widget.FrameLayout@405436c8)
D/nofatclips(  241): Found widget: id=2131165260 (android.widget.ImageView@40545d90)
D/nofatclips(  241): Found widget: id=2131165261 (org.wordpress.android.util.CommentBadgeTextView@4053a050): 0
D/nofatclips(  241): Found widget: id=-1 (android.widget.LinearLayout@40538d40)
D/nofatclips(  241): Found widget: id=2131165262 (android.widget.LinearLayout@40540378)
D/nofatclips(  241): Found widget: id=-1 (android.widget.ImageView@40536d88)
D/nofatclips(  241): Found widget: id=2131165256 (android.widget.TextView@40540670): Settings
D/nofatclips(  241): Found widget: id=2131165263 (android.widget.LinearLayout@40543c10)
D/nofatclips(  241): Found widget: id=-1 (android.widget.ImageView@4055fbf0)
D/nofatclips(  241): Found widget: id=2131165256 (android.widget.TextView@405429b0): Read
D/nofatclips(  241): Found widget: id=2131165264 (android.widget.LinearLayout@40561308)
D/nofatclips(  241): Found widget: id=-1 (android.widget.ImageView@40563960)
D/nofatclips(  241): Found widget: id=2131165256 (android.widget.TextView@4054f708): Stats
D/nofatclips(  241): Found widget: id=-1 (com.android.internal.policy.impl.PhoneWindow$DecorView@4059fda0)
I/nofatclips(  241): Playing Trace 1
I/nofatclips(  241): Retrieved from return list id=16908290
D/nofatclips(  241): Testing for type (android.widget.FrameLayout) against the original (null)
I/nofatclips(  241): Firing event: type= openMenu name= widget=null
V/MediaProvider(  261): /mnt/sdcard volume ID: 151797534
D/dalvikvm(  241): GC_CONCURRENT freed 704K, 52% free 3153K/6471K, external 1812K/2324K, paused 3ms+4ms
D/dalvikvm(  122): GREF has increased to 201
V/MediaProvider(  261): Attached volume: external
V/MediaScanner(  261): pruneDeadThumbnailFiles... android.database.sqlite.SQLiteCursor@40582000
V/MediaScanner(  261): /pruneDeadThumbnailFiles... android.database.sqlite.SQLiteCursor@40582000
D/MediaScanner(  261):  prescan time: 68ms
D/MediaScanner(  261):     scan time: 0ms
D/MediaScanner(  261): postscan time: 19ms
D/MediaScanner(  261):    total time: 87ms
D/MediaScannerService(  261): done scanning volume external
D/szipinf (  130): Initializing inflate state
W/KeyCharacterMap(  241): No keyboard for id 0
W/KeyCharacterMap(  241): Using default keymap: /system/usr/keychars/qwerty.kcm.bin
D/dalvikvm(  130): GC_EXPLICIT freed 281K, 50% free 2941K/5831K, external 2249K/2294K, paused 51ms
I/ContactsDatabaseHelper(  183): Locale change completed in 4521ms
I/nofatclips(  241): Waiting for 100 msec.
I/nofatclips(  241): Current activity is Dashboard
I/nofatclips(  241): Retrieving widgets
D/nofatclips(  241): Found widget: id=16908726 (com.android.internal.view.menu.IconMenuView@40625c68)
D/nofatclips(  241): Found widget: id=16908310 (com.android.internal.view.menu.IconMenuItemView@405e31e0): Add Account
D/nofatclips(  241): Found widget: id=16908310 (com.android.internal.view.menu.IconMenuItemView@406267a0): Preferences
D/nofatclips(  241): Found widget: id=16908310 (com.android.internal.view.menu.IconMenuItemView@406296f0): Remove Blog
D/nofatclips(  241): Found widget: id=16908310 (com.android.internal.view.menu.IconMenuItemView@40627dc8): About
D/nofatclips(  241): Found widget: id=-1 (com.android.internal.policy.impl.PhoneWindow$DecorView@40628498)
V/ReflectionHelper(  241): com.android.internal.view.menu.IconMenuView > mOnFocusChangeListener FOUND | NOT ACTIVE
V/nicola  (  241): TextualID : null
V/nicola  (  241): ContentType detected : default
V/nicola  (  241): TextualID : null
V/nicola  (  241): ContentType detected : default
V/nicola  (  241): TextualID : null
V/nicola  (  241): ContentType detected : default
V/nicola  (  241): TextualID : null
V/nicola  (  241): ContentType detected : default
I/nofatclips(  241): Performing comparation for activity Dashboard
D/nofatclips(  241): Comparing against activity Dashboard
I/nofatclips(  241): Registering activity Dashboard (id: a2) as a new found state
D/nofatclips(  241): Performing backup of the old activity list on disk
D/nofatclips(  241): Saving new found state 'a2' on disk
V/nofatclips(  241): Opening state file in append mode.
I/nofatclips(  241): Saved image on disk: a2.jpg
I/nofatclips(  241): Waiting for 100 msec.
I/nofatclips(  241): Session count is 1. Will dump to disk at 1
I/nofatclips(  241): Saving the session on disk. This is the first batch: the file will be created.
I/nofatclips(  241): Planning for new Activity Dashboard
D/nofatclips(  241): Handling event 'click' on widget id=16908310 type=menuItem name=Add Account
D/nofatclips(  241): Handling event 'click' on widget id=16908310 type=menuItem name=Preferences
D/nofatclips(  241): Handling event 'click' on widget id=16908310 type=menuItem name=Remove Blog
D/nofatclips(  241): Handling event 'click' on widget id=16908310 type=menuItem name=About
I/nofatclips(  241): Created trace to press the back button
I/nofatclips(  241): Created trace to press the menu button
I/dalvikvm(  241): Jit: resizing JitTable from 512 to 1024
I/nofatclips(  241): Created trace to change orientation
D/dalvikvm(  241): GC_CONCURRENT freed 645K, 50% free 3273K/6535K, external 2188K/2324K, paused 8ms+8ms
I/nofatclips(  241): Check for termination: 99 steps left of 100
I/nofatclips(  241): Dispatching new task. 2 more tasks remaining.
D/nofatclips(  241): Performing backup of the old task list on disk
D/nofatclips(  241): Saving task list on disk
V/nofatclips(  241): Backing up trace #6 to disk.
V/nofatclips(  241): Backing up trace #7 to disk.
D/nofatclips(  241): Deleting backup of the old task list from disk
D/nofatclips(  241): Deleting backup of the old activity list from disk
I/nofatclips(  241): Incrementally Playing Trace 7
I/nofatclips(  241): Retrieved from return list id=16908310
D/nofatclips(  241): Testing for type (com.android.internal.view.menu.IconMenuItemView) against the original (com.android.internal.view.menu.IconMenuItemView)
D/nofatclips(  241): Testing for name (Add Account) against the original (Add Account)
I/nofatclips(  241): Firing event: type= click index=1 widget=com.android.internal.view.menu.IconMenuItemView
W/KeyCharacterMap(  241): No keyboard for id 0
W/KeyCharacterMap(  241): Using default keymap: /system/usr/keychars/qwerty.kcm.bin
D/nofatclips(  241): Event description: Add Account
I/ActivityManager(   61): Starting: Intent { cmp=org.wordpress.android/.Preferences } from pid 241
I/nofatclips(  241): Waiting for 100 msec.
I/dalvikvm(   61): Jit: resizing JitTable from 512 to 1024
I/ActivityManager(   61): Displayed org.wordpress.android/.Preferences: +1s509ms
I/nofatclips(  241): Current activity is Preferences
I/nofatclips(  241): Retrieving widgets
D/nofatclips(  241): Found widget: id=-1 (android.widget.LinearLayout@40648b20)
D/nofatclips(  241): Found widget: id=-1 (android.widget.FrameLayout@4064c520)
D/nofatclips(  241): Found widget: id=16908310 (android.widget.TextView@406509f8): Preferences
D/nofatclips(  241): Found widget: id=16908290 (android.widget.FrameLayout@40650df0)
D/nofatclips(  241): Found widget: id=-1 (android.widget.ScrollView@405e26f0)
D/nofatclips(  241): Found widget: id=-1 (android.widget.LinearLayout@40647a78)
D/nofatclips(  241): Found widget: id=-1 (android.widget.LinearLayout@4064c100)
D/nofatclips(  241): Found widget: id=-1 (android.widget.TextView@40626088):   Comment Notifications
D/nofatclips(  241): Found widget: id=-1 (android.widget.LinearLayout@40647bc8)
D/nofatclips(  241): Found widget: id=1 (android.widget.CheckBox@40626400): Katie's Sweet Testing Blog
D/nofatclips(  241): Found widget: id=2 (android.widget.CheckBox@4061ee60): My Blog
D/nofatclips(  241): Found widget: id=-1 (android.widget.TextView@40613298): Update interval:
D/nofatclips(  241): Found widget: id=-1 (android.widget.Spinner@4064d4b8)
D/nofatclips(  241): Found widget: id=16908308 (android.widget.TextView@40659118): 5 Minutes
D/nofatclips(  241): Found widget: id=-1 (android.widget.LinearLayout@405eb308)
D/nofatclips(  241): Found widget: id=-1 (android.widget.CheckBox@405eb510): Play notification sound
D/nofatclips(  241): Found widget: id=-1 (android.widget.CheckBox@405be680): Vibrate
D/nofatclips(  241): Found widget: id=-1 (android.widget.CheckBox@40570548): Blink notification light
D/nofatclips(  241): Found widget: id=-1 (android.widget.LinearLayout@405e9060)
D/nofatclips(  241): Found widget: id=-1 (android.widget.TextView@405e94a0):   Post Signature
D/nofatclips(  241): Found widget: id=-1 (android.widget.CheckBox@40649758): Add a tagline to new posts
D/nofatclips(  241): Found widget: id=-1 (android.widget.EditText@406522a8): Posted from WordPress for Android
D/nofatclips(  241): Found widget: id=-1 (android.widget.LinearLayout@4062e3d8)
D/nofatclips(  241): Found widget: id=-1 (android.widget.Button@4062e5f8): Cancel
D/nofatclips(  241): Found widget: id=-1 (android.widget.Button@40611e48): Save
D/nofatclips(  241): Found widget: id=-1 (com.android.internal.policy.impl.PhoneWindow$DecorView@406486a8)
V/nicola  (  241): TextualID : null
V/nicola  (  241): ContentType detected : default
V/nicola  (  241): TextualID : null
V/nicola  (  241): ContentType detected : default
V/nicola  (  241): TextualID : null
V/nicola  (  241): ContentType detected : default
V/nicola  (  241): TextualID : null
V/nicola  (  241): ContentType detected : default
V/nicola  (  241): TextualID : null
V/nicola  (  241): ContentType detected : default
V/nicola  (  241): TextualID : null
V/nicola  (  241): ContentType detected : default
V/nicola  (  241): TextualID : null
V/nicola  (  241): ContentType detected : default
V/nicola  (  241): TextualID : null
V/nicola  (  241): ContentType detected : default
V/nicola  (  241): TextualID : null
V/nicola  (  241): ContentType detected : default
V/nicola  (  241): TextualID : null
V/nicola  (  241): ContentType detected : default
V/nicola  (  241): TextualID : null
V/nicola  (  241): ContentType detected : default
V/ReflectionHelper(  241): android.widget.EditText > mOnFocusChangeListener FOUND | NOT ACTIVE
V/nicola  (  241): TextualID : null
V/nicola  (  241): ContentType detected : default
V/nicola  (  241): TextualID : null
V/nicola  (  241): ContentType detected : default
V/nicola  (  241): TextualID : null
V/nicola  (  241): ContentType detected : default
I/nofatclips(  241): Performing comparation for activity Preferences
D/nofatclips(  241): Comparing against activity Dashboard
D/nofatclips(  241): Comparing against activity Dashboard
I/nofatclips(  241): Registering activity Preferences (id: a3) as a new found state
D/nofatclips(  241): Performing backup of the old activity list on disk
D/nofatclips(  241): Saving new found state 'a3' on disk
V/nofatclips(  241): Opening state file in append mode.
D/dalvikvm(  241): GC_EXTERNAL_ALLOC freed 757K, 51% free 3357K/6727K, external 2203K/2324K, paused 104ms
D/dalvikvm(  241): GC_EXTERNAL_ALLOC freed 47K, 51% free 3311K/6727K, external 3238K/3294K, paused 86ms
I/nofatclips(  241): Saved image on disk: a3.jpg
I/nofatclips(  241): Waiting for 100 msec.
I/nofatclips(  241): Session count is 1. Will dump to disk at 1
I/nofatclips(  241): Saving the session on disk.
I/nofatclips(  241): Planning for new Activity Preferences
D/nofatclips(  241): Handling event 'click' on widget id=1 type=check name=Katie's Sweet Testing Blog
D/nofatclips(  241): Handling event 'click' on widget id=2 type=check name=My Blog
D/nofatclips(  241): Handling event 'click' on widget id=-1 type=check name=Play notification sound
D/nofatclips(  241): Handling event 'click' on widget id=-1 type=check name=Vibrate
D/nofatclips(  241): Handling event 'click' on widget id=-1 type=check name=Blink notification light
D/nofatclips(  241): Handling event 'click' on widget id=-1 type=check name=Add a tagline to new posts
D/nofatclips(  241): Handling event 'click' on widget id=-1 type=button name=Cancel
D/nofatclips(  241): Handling event 'click' on widget id=-1 type=button name=Save
I/nofatclips(  241): Created trace to press the back button
I/nofatclips(  241): Created trace to press the menu button
I/nofatclips(  241): Created trace to change orientation
I/nofatclips(  241): Check for termination: 98 steps left of 100
I/nofatclips(  241): Dispatching new task. 2 more tasks remaining.
D/nofatclips(  241): Performing backup of the old task list on disk
D/nofatclips(  241): Saving task list on disk
V/nofatclips(  241): Backing up trace #17 to disk.
V/nofatclips(  241): Backing up trace #18 to disk.
D/nofatclips(  241): Deleting backup of the old task list from disk
D/nofatclips(  241): Deleting backup of the old activity list from disk
D/dalvikvm(  241): GC_CONCURRENT freed 957K, 52% free 3356K/6919K, external 3238K/4043K, paused 3ms+3ms
I/nofatclips(  241): Incrementally Playing Trace 18
I/nofatclips(  241): Retrieved from return list id=-1
D/nofatclips(  241): Testing for type (android.widget.Button) against the original (android.widget.Button)
D/nofatclips(  241): Testing for name (Save) against the original (Save)
I/nofatclips(  241): Firing event: type= click index=24 widget=android.widget.Button
W/KeyCharacterMap(  241): No keyboard for id 0
W/KeyCharacterMap(  241): Using default keymap: /system/usr/keychars/qwerty.kcm.bin
D/nofatclips(  241): Event description: Save
I/nofatclips(  241): Waiting for 100 msec.
I/nofatclips(  241): Current activity is Dashboard
I/nofatclips(  241): Retrieving widgets
D/nofatclips(  241): Found widget: id=16908290 (android.widget.FrameLayout@405a06a0)
D/nofatclips(  241): Found widget: id=2131165248 (android.widget.RelativeLayout@405a13a0)
D/nofatclips(  241): Found widget: id=2131165249 (android.widget.LinearLayout@405a1a08)
D/nofatclips(  241): Found widget: id=-1 (android.widget.ImageView@405a1f50)
D/nofatclips(  241): Found widget: id=2131165250 (org.wordpress.android.util.WPTitleBar@4059b928)
D/nofatclips(  241): Found widget: id=2131165195 (android.widget.RelativeLayout@4050de58)
D/nofatclips(  241): Found widget: id=2131165196 (android.widget.RelativeLayout@40568108)
D/nofatclips(  241): Found widget: id=2131165197 (android.widget.ImageView@4059cbc0)
D/nofatclips(  241): Found widget: id=2131165198 (android.widget.TextView@40541478): Katie's Sweet Testing Blog
D/nofatclips(  241): Found widget: id=2131165199 (android.widget.ImageView@4055cd08)
D/nofatclips(  241): Found widget: id=-1 (android.widget.RelativeLayout@40579070)
D/nofatclips(  241): Found widget: id=2131165200 (android.widget.ImageButton@4059d0e8)
D/nofatclips(  241): Found widget: id=-1 (android.widget.FrameLayout@4057a670)
D/nofatclips(  241): Found widget: id=2131165201 (android.widget.Button@40541e40): 
D/nofatclips(  241): Found widget: id=2131165202 (android.widget.ImageView@40593520)
D/nofatclips(  241): Found widget: id=2131165203 (android.widget.ImageView@4053c638)
D/nofatclips(  241): Found widget: id=2131165204 (android.widget.LinearLayout@40568d10)
D/nofatclips(  241): Found widget: id=-1 (android.widget.FrameLayout@4059c958)
D/nofatclips(  241): Found widget: id=-1 (android.widget.LinearLayout@4052f7e0)
D/nofatclips(  241): Found widget: id=-1 (android.widget.LinearLayout@4050dc68)
D/nofatclips(  241): Found widget: id=-1 (android.widget.LinearLayout@4052ee00)
D/nofatclips(  241): Found widget: id=2131165251 (android.widget.LinearLayout@4052f4b8)
D/nofatclips(  241): Found widget: id=-1 (android.widget.ImageView@4058ffc8)
D/nofatclips(  241): Found widget: id=2131165256 (android.widget.TextView@4056aa08): New Post
D/nofatclips(  241): Found widget: id=2131165253 (android.widget.LinearLayout@4059bb60)
D/nofatclips(  241): Found widget: id=-1 (android.widget.ImageView@40530820)
D/nofatclips(  241): Found widget: id=2131165256 (android.widget.TextView@4056b340): New Page
D/nofatclips(  241): Found widget: id=-1 (android.widget.LinearLayout@40532ad8)
D/nofatclips(  241): Found widget: id=2131165252 (android.widget.LinearLayout@405304c8)
D/nofatclips(  241): Found widget: id=-1 (android.widget.ImageView@405384b0)
D/nofatclips(  241): Found widget: id=2131165256 (android.widget.TextView@40577538): Quick Photo
D/nofatclips(  241): Found widget: id=2131165254 (android.widget.LinearLayout@40546468)
D/nofatclips(  241): Found widget: id=-1 (android.widget.ImageView@4059a6e0)
D/nofatclips(  241): Found widget: id=2131165256 (android.widget.TextView@40577da8): Quick Video
D/nofatclips(  241): Found widget: id=-1 (android.widget.LinearLayout@4059dfd0)
D/nofatclips(  241): Found widget: id=-1 (android.widget.LinearLayout@4052e2e8)
D/nofatclips(  241): Found widget: id=2131165255 (android.widget.LinearLayout@40533b08)
D/nofatclips(  241): Found widget: id=-1 (android.widget.ImageView@4053fff8)
D/nofatclips(  241): Found widget: id=2131165256 (android.widget.TextView@40578430): Posts
D/nofatclips(  241): Found widget: id=2131165257 (android.widget.LinearLayout@40544be8)
D/nofatclips(  241): Found widget: id=-1 (android.widget.ImageView@405683f0)
D/nofatclips(  241): Found widget: id=2131165256 (android.widget.TextView@40537088): Pages
D/nofatclips(  241): Found widget: id=-1 (android.widget.FrameLayout@40534068)
D/nofatclips(  241): Found widget: id=2131165258 (android.widget.LinearLayout@4053fd10)
D/nofatclips(  241): Found widget: id=-1 (android.widget.ImageView@4059d530)
D/nofatclips(  241): Found widget: id=2131165256 (android.widget.TextView@40539038): Comments
D/nofatclips(  241): Found widget: id=2131165259 (android.widget.FrameLayout@405436c8)
D/nofatclips(  241): Found widget: id=2131165260 (android.widget.ImageView@40545d90)
D/nofatclips(  241): Found widget: id=2131165261 (org.wordpress.android.util.CommentBadgeTextView@4053a050): 0
D/nofatclips(  241): Found widget: id=-1 (android.widget.LinearLayout@40538d40)
D/nofatclips(  241): Found widget: id=2131165262 (android.widget.LinearLayout@40540378)
D/nofatclips(  241): Found widget: id=-1 (android.widget.ImageView@40536d88)
D/nofatclips(  241): Found widget: id=2131165256 (android.widget.TextView@40540670): Settings
D/nofatclips(  241): Found widget: id=2131165263 (android.widget.LinearLayout@40543c10)
D/nofatclips(  241): Found widget: id=-1 (android.widget.ImageView@4055fbf0)
D/nofatclips(  241): Found widget: id=2131165256 (android.widget.TextView@405429b0): Read
D/nofatclips(  241): Found widget: id=2131165264 (android.widget.LinearLayout@40561308)
D/nofatclips(  241): Found widget: id=-1 (android.widget.ImageView@40563960)
D/nofatclips(  241): Found widget: id=2131165256 (android.widget.TextView@4054f708): Stats
D/nofatclips(  241): Found widget: id=-1 (com.android.internal.policy.impl.PhoneWindow$DecorView@4059fda0)
V/nicola  (  241): TextualID : blog_title
V/nicola  (  241): ContentType detected : default
V/nicola  (  241): TextualID : action_refresh
V/nicola  (  241): ContentType detected : default
V/nicola  (  241): TextualID : button_text
V/nicola  (  241): ContentType detected : default
V/nicola  (  241): TextualID : button_text
V/nicola  (  241): ContentType detected : default
V/nicola  (  241): TextualID : button_text
V/nicola  (  241): ContentType detected : default
V/nicola  (  241): TextualID : button_text
V/nicola  (  241): ContentType detected : default
V/nicola  (  241): TextualID : button_text
V/nicola  (  241): ContentType detected : default
V/nicola  (  241): TextualID : button_text
V/nicola  (  241): ContentType detected : default
V/nicola  (  241): TextualID : button_text
V/nicola  (  241): ContentType detected : default
V/nicola  (  241): TextualID : button_text
V/nicola  (  241): ContentType detected : default
V/nicola  (  241): TextualID : button_text
V/nicola  (  241): ContentType detected : default
V/nicola  (  241): TextualID : button_text
V/nicola  (  241): ContentType detected : default
I/nofatclips(  241): Performing comparation for activity Dashboard
D/nofatclips(  241): Comparing against activity Dashboard
D/nofatclips(  241): Comparing against activity Preferences
D/nofatclips(  241): Comparing against activity Dashboard
I/nofatclips(  241): Registering activity Dashboard (id: a4) as a new found state
D/nofatclips(  241): Performing backup of the old activity list on disk
D/nofatclips(  241): Saving new found state 'a4' on disk
V/nofatclips(  241): Opening state file in append mode.
D/dalvikvm(  241): GC_EXTERNAL_ALLOC freed 723K, 52% free 3388K/6919K, external 2825K/3294K, paused 115ms
I/nofatclips(  241): Saved image on disk: a4.jpg
I/nofatclips(  241): Waiting for 100 msec.
I/nofatclips(  241): Session count is 1. Will dump to disk at 1
I/nofatclips(  241): Saving the session on disk.
I/nofatclips(  241): Planning for new Activity Dashboard
D/nofatclips(  241): Handling event 'click' on widget id=2131165200 type=button name=
D/nofatclips(  241): Handling event 'click' on widget id=2131165201 type=button name=
D/nofatclips(  241): Handling event 'click' on widget id=2131165204 type=linearLayout name=
D/nofatclips(  241): Handling event 'click' on widget id=2131165251 type=linearLayout name=
I/dalvikvm(  241): Jit: resizing JitTable from 1024 to 2048
D/nofatclips(  241): Handling event 'click' on widget id=2131165253 type=linearLayout name=
D/nofatclips(  241): Handling event 'click' on widget id=2131165252 type=linearLayout name=
D/nofatclips(  241): Handling event 'click' on widget id=2131165254 type=linearLayout name=
D/nofatclips(  241): Handling event 'click' on widget id=2131165255 type=linearLayout name=
D/nofatclips(  241): Handling event 'click' on widget id=2131165257 type=linearLayout name=
D/nofatclips(  241): Handling event 'click' on widget id=2131165258 type=linearLayout name=
D/nofatclips(  241): Handling event 'click' on widget id=2131165262 type=linearLayout name=
D/nofatclips(  241): Handling event 'click' on widget id=2131165263 type=linearLayout name=
D/dalvikvm(  241): GC_CONCURRENT freed 1222K, 53% free 3502K/7303K, external 2825K/3528K, paused 3ms+5ms
D/nofatclips(  241): Handling event 'click' on widget id=2131165264 type=linearLayout name=
I/nofatclips(  241): Created trace to press the back button
I/nofatclips(  241): Created trace to press the menu button
I/nofatclips(  241): Created trace to change orientation
I/nofatclips(  241): Check for termination: 97 steps left of 100
I/nofatclips(  241): Dispatching new task. 2 more tasks remaining.
D/nofatclips(  241): Performing backup of the old task list on disk
D/nofatclips(  241): Saving task list on disk
V/nofatclips(  241): Backing up trace #32 to disk.
V/nofatclips(  241): Backing up trace #33 to disk.
D/nofatclips(  241): Deleting backup of the old task list from disk
D/nofatclips(  241): Deleting backup of the old activity list from disk
I/nofatclips(  241): Incrementally Playing Trace 33
I/nofatclips(  241): Retrieved from return list id=2131165201
D/nofatclips(  241): Testing for type (android.widget.Button) against the original (android.widget.Button)
D/nofatclips(  241): Testing for name () against the original ()
I/nofatclips(  241): Firing event: type= click index=13 widget=android.widget.Button
W/KeyCharacterMap(  241): No keyboard for id 0
W/KeyCharacterMap(  241): Using default keymap: /system/usr/keychars/qwerty.kcm.bin
D/nofatclips(  241): Event description: 
D/dalvikvm(  241): GC_CONCURRENT freed 1385K, 55% free 3368K/7367K, external 2225K/2825K, paused 15ms+15ms
I/nofatclips(  241): Waiting for 100 msec.
D/dalvikvm(  241): GC_FOR_MALLOC freed 440K, 53% free 3495K/7367K, external 2233K/2825K, paused 59ms
I/dalvikvm-heap(  241): Grow heap (frag case) to 8.221MB for 87396-byte allocation
D/dalvikvm(  241): GC_FOR_MALLOC freed 1K, 53% free 3578K/7495K, external 2233K/2825K, paused 46ms
D/dalvikvm(  241): GC_FOR_MALLOC freed 2K, 53% free 3576K/7495K, external 2233K/2825K, paused 50ms
I/dalvikvm-heap(  241): Grow heap (frag case) to 8.300MB for 87396-byte allocation
D/dalvikvm(  241): GC_FOR_MALLOC freed 0K, 52% free 3661K/7623K, external 2233K/2825K, paused 52ms
D/dalvikvm(  241): GC_FOR_MALLOC freed 59K, 52% free 3705K/7623K, external 2052K/2564K, paused 50ms
I/dalvikvm-heap(  241): Grow heap (frag case) to 8.250MB for 87396-byte allocation
D/dalvikvm(  241): GC_FOR_MALLOC freed <1K, 52% free 3790K/7751K, external 2052K/2564K, paused 51ms
I/WordPress(  241): response = HTTP/1.1 200 OK
I/WordPress(  241): response = HTTP/1.1 200 OK
I/nofatclips(  241): Current activity is Dashboard
I/nofatclips(  241): Retrieving widgets
D/nofatclips(  241): Found widget: id=16908290 (android.widget.FrameLayout@405a06a0)
D/nofatclips(  241): Found widget: id=2131165248 (android.widget.RelativeLayout@405a13a0)
D/nofatclips(  241): Found widget: id=2131165249 (android.widget.LinearLayout@405a1a08)
D/nofatclips(  241): Found widget: id=-1 (android.widget.ImageView@405a1f50)
D/nofatclips(  241): Found widget: id=2131165250 (org.wordpress.android.util.WPTitleBar@4059b928)
D/nofatclips(  241): Found widget: id=2131165195 (android.widget.RelativeLayout@4050de58)
D/nofatclips(  241): Found widget: id=2131165196 (android.widget.RelativeLayout@40568108)
D/nofatclips(  241): Found widget: id=2131165197 (android.widget.ImageView@4059cbc0)
D/nofatclips(  241): Found widget: id=2131165198 (android.widget.TextView@40541478): Katie's Sweet Testing Blog
D/nofatclips(  241): Found widget: id=2131165199 (android.widget.ImageView@4055cd08)
D/nofatclips(  241): Found widget: id=-1 (android.widget.RelativeLayout@40579070)
D/nofatclips(  241): Found widget: id=2131165200 (android.widget.ImageButton@4059d0e8)
D/nofatclips(  241): Found widget: id=-1 (android.widget.FrameLayout@4057a670)
D/nofatclips(  241): Found widget: id=2131165201 (android.widget.Button@40541e40): 
D/nofatclips(  241): Found widget: id=2131165202 (android.widget.ImageView@40593520)
D/nofatclips(  241): Found widget: id=2131165203 (android.widget.ImageView@4053c638)
D/nofatclips(  241): Found widget: id=2131165204 (android.widget.LinearLayout@40568d10)
D/nofatclips(  241): Found widget: id=-1 (android.widget.FrameLayout@4059c958)
D/nofatclips(  241): Found widget: id=-1 (android.widget.LinearLayout@4052f7e0)
D/nofatclips(  241): Found widget: id=-1 (android.widget.LinearLayout@4050dc68)
D/nofatclips(  241): Found widget: id=-1 (android.widget.LinearLayout@4052ee00)
D/nofatclips(  241): Found widget: id=2131165251 (android.widget.LinearLayout@4052f4b8)
D/nofatclips(  241): Found widget: id=-1 (android.widget.ImageView@4058ffc8)
D/nofatclips(  241): Found widget: id=2131165256 (android.widget.TextView@4056aa08): New Post
D/nofatclips(  241): Found widget: id=2131165253 (android.widget.LinearLayout@4059bb60)
D/nofatclips(  241): Found widget: id=-1 (android.widget.ImageView@40530820)
D/nofatclips(  241): Found widget: id=2131165256 (android.widget.TextView@4056b340): New Page
D/nofatclips(  241): Found widget: id=-1 (android.widget.LinearLayout@40532ad8)
D/nofatclips(  241): Found widget: id=2131165252 (android.widget.LinearLayout@405304c8)
D/nofatclips(  241): Found widget: id=-1 (android.widget.ImageView@405384b0)
D/nofatclips(  241): Found widget: id=2131165256 (android.widget.TextView@40577538): Quick Photo
D/nofatclips(  241): Found widget: id=2131165254 (android.widget.LinearLayout@40546468)
D/nofatclips(  241): Found widget: id=-1 (android.widget.ImageView@4059a6e0)
D/nofatclips(  241): Found widget: id=2131165256 (android.widget.TextView@40577da8): Quick Video
D/nofatclips(  241): Found widget: id=-1 (android.widget.LinearLayout@4059dfd0)
D/nofatclips(  241): Found widget: id=-1 (android.widget.LinearLayout@4052e2e8)
D/nofatclips(  241): Found widget: id=2131165255 (android.widget.LinearLayout@40533b08)
D/nofatclips(  241): Found widget: id=-1 (android.widget.ImageView@4053fff8)
D/nofatclips(  241): Found widget: id=2131165256 (android.widget.TextView@40578430): Posts
D/nofatclips(  241): Found widget: id=2131165257 (android.widget.LinearLayout@40544be8)
D/nofatclips(  241): Found widget: id=-1 (android.widget.ImageView@405683f0)
D/nofatclips(  241): Found widget: id=2131165256 (android.widget.TextView@40537088): Pages
D/nofatclips(  241): Found widget: id=-1 (android.widget.FrameLayout@40534068)
D/nofatclips(  241): Found widget: id=2131165258 (android.widget.LinearLayout@4053fd10)
D/nofatclips(  241): Found widget: id=-1 (android.widget.ImageView@4059d530)
D/nofatclips(  241): Found widget: id=2131165256 (android.widget.TextView@40539038): Comments
D/nofatclips(  241): Found widget: id=2131165259 (android.widget.FrameLayout@405436c8)
D/nofatclips(  241): Found widget: id=2131165260 (android.widget.ImageView@40545d90)
D/nofatclips(  241): Found widget: id=2131165261 (org.wordpress.android.util.CommentBadgeTextView@4053a050): 0
D/nofatclips(  241): Found widget: id=-1 (android.widget.LinearLayout@40538d40)
D/nofatclips(  241): Found widget: id=2131165262 (android.widget.LinearLayout@40540378)
D/nofatclips(  241): Found widget: id=-1 (android.widget.ImageView@40536d88)
D/nofatclips(  241): Found widget: id=2131165256 (android.widget.TextView@40540670): Settings
D/nofatclips(  241): Found widget: id=2131165263 (android.widget.LinearLayout@40543c10)
D/nofatclips(  241): Found widget: id=-1 (android.widget.ImageView@4055fbf0)
D/nofatclips(  241): Found widget: id=2131165256 (android.widget.TextView@405429b0): Read
D/nofatclips(  241): Found widget: id=2131165264 (android.widget.LinearLayout@40561308)
D/nofatclips(  241): Found widget: id=-1 (android.widget.ImageView@40563960)
D/nofatclips(  241): Found widget: id=2131165256 (android.widget.TextView@4054f708): Stats
D/nofatclips(  241): Found widget: id=-1 (com.android.internal.policy.impl.PhoneWindow$DecorView@4059fda0)
V/nicola  (  241): TextualID : blog_title
V/nicola  (  241): ContentType detected : default
V/nicola  (  241): TextualID : action_refresh
V/nicola  (  241): ContentType detected : default
V/nicola  (  241): TextualID : button_text
V/nicola  (  241): ContentType detected : default
V/nicola  (  241): TextualID : button_text
V/nicola  (  241): ContentType detected : default
V/nicola  (  241): TextualID : button_text
V/nicola  (  241): ContentType detected : default
V/nicola  (  241): TextualID : button_text
V/nicola  (  241): ContentType detected : default
V/nicola  (  241): TextualID : button_text
V/nicola  (  241): ContentType detected : default
V/nicola  (  241): TextualID : button_text
V/nicola  (  241): ContentType detected : default
V/nicola  (  241): TextualID : button_text
V/nicola  (  241): ContentType detected : default
V/nicola  (  241): TextualID : button_text
V/nicola  (  241): ContentType detected : default
V/nicola  (  241): TextualID : button_text
V/nicola  (  241): ContentType detected : default
V/nicola  (  241): TextualID : button_text
V/nicola  (  241): ContentType detected : default
I/nofatclips(  241): Performing comparation for activity Dashboard
D/nofatclips(  241): Comparing against activity Dashboard
D/nofatclips(  241): Comparing against activity Preferences
D/nofatclips(  241): Comparing against activity Dashboard
D/nofatclips(  241): Comparing against activity Dashboard
I/nofatclips(  241): Registering activity Dashboard (id: a5) as a new found state
D/nofatclips(  241): Performing backup of the old activity list on disk
D/nofatclips(  241): Saving new found state 'a5' on disk
V/nofatclips(  241): Opening state file in append mode.
D/dalvikvm(  241): GC_EXTERNAL_ALLOC freed 736K, 50% free 3937K/7751K, external 2052K/2556K, paused 74ms
I/nofatclips(  241): Saved image on disk: a5.jpg
I/nofatclips(  241): Waiting for 100 msec.
I/nofatclips(  241): Session count is 1. Will dump to disk at 1
I/nofatclips(  241): Saving the session on disk.
I/nofatclips(  241): Planning for new Activity Dashboard
D/nofatclips(  241): Handling event 'click' on widget id=2131165200 type=button name=
D/nofatclips(  241): Handling event 'click' on widget id=2131165201 type=button name=
D/nofatclips(  241): Handling event 'click' on widget id=2131165204 type=linearLayout name=
D/nofatclips(  241): Handling event 'click' on widget id=2131165251 type=linearLayout name=
D/nofatclips(  241): Handling event 'click' on widget id=2131165253 type=linearLayout name=
D/nofatclips(  241): Handling event 'click' on widget id=2131165252 type=linearLayout name=
D/nofatclips(  241): Handling event 'click' on widget id=2131165254 type=linearLayout name=
D/nofatclips(  241): Handling event 'click' on widget id=2131165255 type=linearLayout name=
D/dalvikvm(  241): GC_CONCURRENT freed 906K, 49% free 3970K/7751K, external 2644K/2644K, paused 4ms+6ms
D/nofatclips(  241): Handling event 'click' on widget id=2131165257 type=linearLayout name=
D/nofatclips(  241): Handling event 'click' on widget id=2131165258 type=linearLayout name=
D/nofatclips(  241): Handling event 'click' on widget id=2131165262 type=linearLayout name=
D/nofatclips(  241): Handling event 'click' on widget id=2131165263 type=linearLayout name=
D/nofatclips(  241): Handling event 'click' on widget id=2131165264 type=linearLayout name=
I/nofatclips(  241): Created trace to press the back button
I/nofatclips(  241): Created trace to press the menu button
I/nofatclips(  241): Created trace to change orientation
D/dalvikvm(  241): GC_CONCURRENT freed 1589K, 53% free 3748K/7943K, external 2044K/2644K, paused 4ms+5ms
I/nofatclips(  241): Check for termination: 96 steps left of 100
I/nofatclips(  241): Dispatching new task. 2 more tasks remaining.
D/nofatclips(  241): Performing backup of the old task list on disk
D/nofatclips(  241): Saving task list on disk
V/nofatclips(  241): Backing up trace #47 to disk.
V/nofatclips(  241): Backing up trace #48 to disk.
D/nofatclips(  241): Deleting backup of the old task list from disk
D/nofatclips(  241): Deleting backup of the old activity list from disk
I/nofatclips(  241): Incrementally Playing Trace 48
I/nofatclips(  241): Retrieved from return list id=2131165253
D/nofatclips(  241): Testing for type (android.widget.LinearLayout) against the original (android.widget.LinearLayout)
D/nofatclips(  241): Testing for name () against the original ()
I/nofatclips(  241): Firing event: type= click index=24 widget=android.widget.LinearLayout
W/KeyCharacterMap(  241): No keyboard for id 0
W/KeyCharacterMap(  241): Using default keymap: /system/usr/keychars/qwerty.kcm.bin
D/nofatclips(  241): Event description: New Page
I/ActivityManager(   61): Starting: Intent { cmp=org.wordpress.android/.EditPost (has extras) } from pid 241
I/nofatclips(  241): Waiting for 100 msec.
I/ActivityManager(   61): Displayed org.wordpress.android/.EditPost: +1s591ms
I/nofatclips(  241): Current activity is EditPost
I/nofatclips(  241): Retrieving widgets
D/nofatclips(  241): Found widget: id=-1 (android.widget.LinearLayout@4067bde0)
D/nofatclips(  241): Found widget: id=-1 (android.widget.FrameLayout@40678880)
