D/nofatclips(  288): Found widget: id=-1 (android.widget.LinearLayout@4052fb30)
D/nofatclips(  288): Found widget: id=2131165251 (android.widget.LinearLayout@405301e8)
D/nofatclips(  288): Found widget: id=-1 (android.widget.ImageView@40590c88)
D/nofatclips(  288): Found widget: id=2131165256 (android.widget.TextView@4056b738): New Post
D/nofatclips(  288): Found widget: id=2131165253 (android.widget.LinearLayout@4059c820)
D/nofatclips(  288): Found widget: id=-1 (android.widget.ImageView@40531550)
D/nofatclips(  288): Found widget: id=2131165256 (android.widget.TextView@4056c070): New Page
D/nofatclips(  288): Found widget: id=-1 (android.widget.LinearLayout@40533808)
D/nofatclips(  288): Found widget: id=2131165252 (android.widget.LinearLayout@405311f8)
D/nofatclips(  288): Found widget: id=-1 (android.widget.ImageView@40530828)
D/nofatclips(  288): Found widget: id=2131165256 (android.widget.TextView@40578268): Quick Photo
D/nofatclips(  288): Found widget: id=2131165254 (android.widget.LinearLayout@40547118)
D/nofatclips(  288): Found widget: id=-1 (android.widget.ImageView@4055d418)
D/nofatclips(  288): Found widget: id=2131165256 (android.widget.TextView@40578ad8): Quick Video
D/nofatclips(  288): Found widget: id=-1 (android.widget.LinearLayout@4059e7a0)
D/nofatclips(  288): Found widget: id=-1 (android.widget.LinearLayout@4052efa0)
D/nofatclips(  288): Found widget: id=2131165255 (android.widget.LinearLayout@405347c0)
D/nofatclips(  288): Found widget: id=-1 (android.widget.ImageView@4053b278)
D/nofatclips(  288): Found widget: id=2131165256 (android.widget.TextView@40579160): Posts
D/nofatclips(  288): Found widget: id=2131165257 (android.widget.LinearLayout@405458e8)
D/nofatclips(  288): Found widget: id=-1 (android.widget.ImageView@40543d50)
D/nofatclips(  288): Found widget: id=2131165256 (android.widget.TextView@40537db8): Pages
D/nofatclips(  288): Found widget: id=-1 (android.widget.FrameLayout@40530b48)
D/nofatclips(  288): Found widget: id=2131165258 (android.widget.LinearLayout@40534d98)
D/nofatclips(  288): Found widget: id=-1 (android.widget.ImageView@4059dc90)
D/nofatclips(  288): Found widget: id=2131165256 (android.widget.TextView@40539d68): Comments
D/nofatclips(  288): Found widget: id=2131165259 (android.widget.FrameLayout@40544320)
D/nofatclips(  288): Found widget: id=2131165260 (android.widget.ImageView@40544fa0)
D/nofatclips(  288): Found widget: id=2131165261 (org.wordpress.android.util.CommentBadgeTextView@4053ad80): 0
D/nofatclips(  288): Found widget: id=-1 (android.widget.LinearLayout@40536750)
D/nofatclips(  288): Found widget: id=2131165262 (android.widget.LinearLayout@40539aa0)
D/nofatclips(  288): Found widget: id=-1 (android.widget.ImageView@40537868)
D/nofatclips(  288): Found widget: id=2131165256 (android.widget.TextView@405413a0): Settings
D/nofatclips(  288): Found widget: id=2131165263 (android.widget.LinearLayout@405446b8)
D/nofatclips(  288): Found widget: id=-1 (android.widget.ImageView@405605e0)
D/nofatclips(  288): Found widget: id=2131165256 (android.widget.TextView@405436e0): Read
D/nofatclips(  288): Found widget: id=2131165264 (android.widget.LinearLayout@40561d00)
D/nofatclips(  288): Found widget: id=-1 (android.widget.ImageView@405645a0)
D/nofatclips(  288): Found widget: id=2131165256 (android.widget.TextView@40550438): Stats
D/nofatclips(  288): Found widget: id=-1 (com.android.internal.policy.impl.PhoneWindow$DecorView@405a0a60)
V/nicola  (  288): TextualID : blog_title
V/nicola  (  288): ContentType detected : default
V/nicola  (  288): TextualID : action_refresh
V/nicola  (  288): ContentType detected : default
V/nicola  (  288): TextualID : button_text
V/nicola  (  288): ContentType detected : default
V/nicola  (  288): TextualID : button_text
V/nicola  (  288): ContentType detected : default
V/nicola  (  288): TextualID : button_text
V/nicola  (  288): ContentType detected : default
V/nicola  (  288): TextualID : button_text
V/nicola  (  288): ContentType detected : default
V/nicola  (  288): TextualID : button_text
V/nicola  (  288): ContentType detected : default
V/nicola  (  288): TextualID : button_text
V/nicola  (  288): ContentType detected : default
V/nicola  (  288): TextualID : button_text
V/nicola  (  288): ContentType detected : default
V/nicola  (  288): TextualID : button_text
V/nicola  (  288): ContentType detected : default
V/nicola  (  288): TextualID : button_text
V/nicola  (  288): ContentType detected : default
V/nicola  (  288): TextualID : button_text
V/nicola  (  288): ContentType detected : default
I/nofatclips(  288): Performing comparation for activity Dashboard
D/nofatclips(  288): Comparing against activity Dashboard
D/nofatclips(  288): Comparing against activity Read
D/nofatclips(  288): Comparing against activity Dashboard
D/nofatclips(  288): Comparing against activity Read
I/nofatclips(  288): Registering activity Dashboard (id: a36) as a new found state
D/nofatclips(  288): Performing backup of the old activity list on disk
D/nofatclips(  288): Saving new found state 'a36' on disk
V/nofatclips(  288): Opening state file in append mode.
D/dalvikvm(  288): GC_EXTERNAL_ALLOC freed 942K, 50% free 4123K/8135K, external 2920K/3511K, paused 120ms
I/nofatclips(  288): Saved image on disk: a36.jpg
I/nofatclips(  288): Waiting for 100 msec.
I/nofatclips(  288): Session count is 1. Will dump to disk at 1
I/nofatclips(  288): Saving the session on disk.
I/nofatclips(  288): Planning for new Activity Dashboard
D/nofatclips(  288): Handling event 'click' on widget id=2131165200 type=button name=
D/nofatclips(  288): Handling event 'click' on widget id=2131165201 type=button name=
D/nofatclips(  288): Handling event 'click' on widget id=2131165204 type=linearLayout name=
D/nofatclips(  288): Handling event 'click' on widget id=2131165251 type=linearLayout name=
D/nofatclips(  288): Handling event 'click' on widget id=2131165253 type=linearLayout name=
D/nofatclips(  288): Handling event 'click' on widget id=2131165252 type=linearLayout name=
D/nofatclips(  288): Handling event 'click' on widget id=2131165254 type=linearLayout name=
D/nofatclips(  288): Handling event 'click' on widget id=2131165255 type=linearLayout name=
D/nofatclips(  288): Handling event 'click' on widget id=2131165257 type=linearLayout name=
D/nofatclips(  288): Handling event 'click' on widget id=2131165258 type=linearLayout name=
D/nofatclips(  288): Handling event 'click' on widget id=2131165262 type=linearLayout name=
D/nofatclips(  288): Handling event 'click' on widget id=2131165263 type=linearLayout name=
D/nofatclips(  288): Handling event 'click' on widget id=2131165264 type=linearLayout name=
D/dalvikvm(  288): GC_CONCURRENT freed 1484K, 50% free 4141K/8263K, external 2839K/2839K, paused 4ms+5ms
I/nofatclips(  288): Created trace to press the back button
I/nofatclips(  288): Created trace to press the menu button
I/nofatclips(  288): Created trace to change orientation
I/nofatclips(  288): Check for termination: 65 steps left of 100
I/nofatclips(  288): Dispatching new task. 2 more tasks remaining.
D/nofatclips(  288): Performing backup of the old task list on disk
D/nofatclips(  288): Saving task list on disk
V/nofatclips(  288): Backing up trace #381 to disk.
V/nofatclips(  288): Backing up trace #382 to disk.
D/nofatclips(  288): Deleting backup of the old task list from disk
D/nofatclips(  288): Deleting backup of the old activity list from disk
I/nofatclips(  288): Incrementally Playing Trace 382
I/nofatclips(  288): Retrieved from return list id=2131165258
D/nofatclips(  288): Testing for type (android.widget.LinearLayout) against the original (android.widget.LinearLayout)
D/nofatclips(  288): Testing for name () against the original ()
I/nofatclips(  288): Firing event: type= click index=43 widget=android.widget.LinearLayout
W/KeyCharacterMap(  288): No keyboard for id 0
W/KeyCharacterMap(  288): Using default keymap: /system/usr/keychars/qwerty.kcm.bin
D/dalvikvm(  288): GC_CONCURRENT freed 1668K, 54% free 3849K/8263K, external 2239K/2839K, paused 4ms+18ms
D/nofatclips(  288): Event description: Comments
I/ActivityManager(   61): Starting: Intent { cmp=org.wordpress.android/.Comments (has extras) } from pid 288
I/nofatclips(  288): Waiting for 100 msec.
W/ImageDownloader(  288): Error 404 while retrieving bitmap from http://gravatar.com/blavatar/44d338f29053dbb888da79dcf98df489?s=60&d=404
D/dalvikvm(  288): GC_CONCURRENT freed 628K, 48% free 4350K/8263K, external 2674K/2839K, paused 5ms+5ms
I/ActivityManager(   61): Displayed org.wordpress.android/.Comments: +1s153ms
D/dalvikvm(  288): GC_FOR_MALLOC freed 207K, 42% free 4957K/8519K, external 2666K/2839K, paused 38ms
I/nofatclips(  288): Current activity is Comments
I/nofatclips(  288): Retrieving widgets
D/nofatclips(  288): Found widget: id=16908290 (android.widget.FrameLayout@40799f00)
D/nofatclips(  288): Found widget: id=16908666 (com.android.internal.widget.WeightedLinearLayout@405fa690)
D/nofatclips(  288): Found widget: id=16908667 (android.widget.LinearLayout@405fa908)
D/nofatclips(  288): Found widget: id=16908668 (android.widget.LinearLayout@405fab28)
D/nofatclips(  288): Found widget: id=16908294 (android.widget.ImageView@405fad90)
D/nofatclips(  288): Found widget: id=16908669 (com.android.internal.widget.DialogTitle@407e9560): Error
D/nofatclips(  288): Found widget: id=16908670 (android.widget.ImageView@407ea140)
D/nofatclips(  288): Found widget: id=16908671 (android.widget.LinearLayout@407ea358)
D/nofatclips(  288): Found widget: id=16908672 (android.widget.ScrollView@407ea7d8)
D/nofatclips(  288): Found widget: id=16908299 (android.widget.TextView@406546e0): org.xmlrpc.android.XMLRPCException: javax.net.ssl.SSLProtocolException: Read error: ssl=0x773f10: Failure in SSL library, usually a protocol error
D/nofatclips(  288): Found widget: id=16908673 (android.widget.FrameLayout@40654bc0)
D/nofatclips(  288): Found widget: id=16908331 (android.widget.FrameLayout@40654e28)
D/nofatclips(  288): Found widget: id=16908674 (android.widget.LinearLayout@40655090)
D/nofatclips(  288): Found widget: id=-1 (android.widget.LinearLayout@406552b0)
D/nofatclips(  288): Found widget: id=16908675 (android.widget.LinearLayout@406554d0)
D/nofatclips(  288): Found widget: id=16908313 (android.widget.Button@407e12f8): OK
D/nofatclips(  288): Found widget: id=16908315 (android.widget.Button@407e1ba0): 
D/nofatclips(  288): Found widget: id=16908314 (android.widget.Button@407e2408): 
D/nofatclips(  288): Found widget: id=16908676 (android.widget.LinearLayout@40678650)
D/nofatclips(  288): Found widget: id=-1 (com.android.internal.policy.impl.PhoneWindow$DecorView@40799b10)
V/nicola  (  288): TextualID : null
V/nicola  (  288): ContentType detected : default
V/nicola  (  288): TextualID : null
V/nicola  (  288): ContentType detected : default
V/nicola  (  288): TextualID : null
V/nicola  (  288): ContentType detected : default
I/nofatclips(  288): Performing comparation for activity Comments
D/nofatclips(  288): Comparing against activity Dashboard
D/nofatclips(  288): Comparing against activity Dashboard
D/nofatclips(  288): Comparing against activity Read
D/nofatclips(  288): Comparing against activity Read
D/nofatclips(  288): Comparing against activity Dashboard
I/nofatclips(  288): Registering activity Comments (id: a37) as a new found state
D/nofatclips(  288): Performing backup of the old activity list on disk
D/nofatclips(  288): Saving new found state 'a37' on disk
V/nofatclips(  288): Opening state file in append mode.
D/dalvikvm(  288): GC_CONCURRENT freed 1830K, 49% free 4818K/9287K, external 2678K/2839K, paused 4ms+59ms
D/dalvikvm(  288): GC_EXTERNAL_ALLOC freed 191K, 51% free 4628K/9287K, external 2678K/2839K, paused 204ms
I/nofatclips(  288): Saved image on disk: a37.jpg
I/nofatclips(  288): Waiting for 100 msec.
I/nofatclips(  288): Session count is 1. Will dump to disk at 1
I/nofatclips(  288): Saving the session on disk.
I/nofatclips(  288): Planning for new Activity Comments
D/nofatclips(  288): Handling event 'click' on widget id=16908313 type=button name=OK
I/nofatclips(  288): Created trace to press the back button
I/nofatclips(  288): Created trace to press the menu button
I/nofatclips(  288): Created trace to change orientation
I/nofatclips(  288): Check for termination: 64 steps left of 100
I/nofatclips(  288): Dispatching new task. 2 more tasks remaining.
D/nofatclips(  288): Performing backup of the old task list on disk
D/nofatclips(  288): Saving task list on disk
V/nofatclips(  288): Backing up trace #385 to disk.
V/nofatclips(  288): Backing up trace #386 to disk.
D/nofatclips(  288): Deleting backup of the old task list from disk
D/nofatclips(  288): Deleting backup of the old activity list from disk
I/nofatclips(  288): Incrementally Playing Trace 386
I/nofatclips(  288): Retrieved from return list id=16908290
D/nofatclips(  288): Testing for type (android.widget.FrameLayout) against the original (null)
I/nofatclips(  288): Firing event: type= openMenu name= widget=null
W/KeyCharacterMap(  288): No keyboard for id 0
W/KeyCharacterMap(  288): Using default keymap: /system/usr/keychars/qwerty.kcm.bin
I/nofatclips(  288): Waiting for 100 msec.
I/nofatclips(  288): Current activity is Comments
I/nofatclips(  288): Retrieving widgets
D/nofatclips(  288): Found widget: id=16908290 (android.widget.FrameLayout@40799f00)
D/nofatclips(  288): Found widget: id=16908666 (com.android.internal.widget.WeightedLinearLayout@405fa690)
D/nofatclips(  288): Found widget: id=16908667 (android.widget.LinearLayout@405fa908)
D/nofatclips(  288): Found widget: id=16908668 (android.widget.LinearLayout@405fab28)
D/nofatclips(  288): Found widget: id=16908294 (android.widget.ImageView@405fad90)
D/nofatclips(  288): Found widget: id=16908669 (com.android.internal.widget.DialogTitle@407e9560): Error
D/nofatclips(  288): Found widget: id=16908670 (android.widget.ImageView@407ea140)
D/nofatclips(  288): Found widget: id=16908671 (android.widget.LinearLayout@407ea358)
D/nofatclips(  288): Found widget: id=16908672 (android.widget.ScrollView@407ea7d8)
D/nofatclips(  288): Found widget: id=16908299 (android.widget.TextView@406546e0): org.xmlrpc.android.XMLRPCException: javax.net.ssl.SSLProtocolException: Read error: ssl=0x773f10: Failure in SSL library, usually a protocol error
D/nofatclips(  288): Found widget: id=16908673 (android.widget.FrameLayout@40654bc0)
D/nofatclips(  288): Found widget: id=16908331 (android.widget.FrameLayout@40654e28)
D/nofatclips(  288): Found widget: id=16908674 (android.widget.LinearLayout@40655090)
D/nofatclips(  288): Found widget: id=-1 (android.widget.LinearLayout@406552b0)
D/nofatclips(  288): Found widget: id=16908675 (android.widget.LinearLayout@406554d0)
D/nofatclips(  288): Found widget: id=16908313 (android.widget.Button@407e12f8): OK
D/nofatclips(  288): Found widget: id=16908315 (android.widget.Button@407e1ba0): 
D/nofatclips(  288): Found widget: id=16908314 (android.widget.Button@407e2408): 
D/nofatclips(  288): Found widget: id=16908676 (android.widget.LinearLayout@40678650)
D/nofatclips(  288): Found widget: id=-1 (com.android.internal.policy.impl.PhoneWindow$DecorView@40799b10)
V/nicola  (  288): TextualID : null
V/nicola  (  288): ContentType detected : default
V/nicola  (  288): TextualID : null
V/nicola  (  288): ContentType detected : default
V/nicola  (  288): TextualID : null
V/nicola  (  288): ContentType detected : default
I/nofatclips(  288): Performing comparation for activity Comments
D/nofatclips(  288): Comparing against activity Dashboard
D/nofatclips(  288): Comparing against activity Dashboard
D/nofatclips(  288): Comparing against activity Read
D/nofatclips(  288): Comparing against activity Comments
D/nofatclips(  288): Comparing against activity Read
D/nofatclips(  288): Comparing against activity Dashboard
I/nofatclips(  288): Registering activity Comments (id: a38) as a new found state
D/nofatclips(  288): Performing backup of the old activity list on disk
D/nofatclips(  288): Saving new found state 'a38' on disk
V/nofatclips(  288): Opening state file in append mode.
I/nofatclips(  288): Saved image on disk: a38.jpg
I/nofatclips(  288): Waiting for 100 msec.
I/nofatclips(  288): Session count is 1. Will dump to disk at 1
I/nofatclips(  288): Saving the session on disk.
I/nofatclips(  288): Planning for new Activity Comments
D/nofatclips(  288): Handling event 'click' on widget id=16908313 type=button name=OK
I/nofatclips(  288): Created trace to press the back button
I/nofatclips(  288): Created trace to press the menu button
I/nofatclips(  288): Created trace to change orientation
I/nofatclips(  288): Check for termination: 63 steps left of 100
I/nofatclips(  288): Dispatching new task. 2 more tasks remaining.
D/nofatclips(  288): Performing backup of the old task list on disk
D/nofatclips(  288): Saving task list on disk
V/nofatclips(  288): Backing up trace #389 to disk.
D/dalvikvm(  288): GC_CONCURRENT freed 2134K, 54% free 4343K/9287K, external 3798K/3804K, paused 7ms+9ms
V/nofatclips(  288): Backing up trace #390 to disk.
D/nofatclips(  288): Deleting backup of the old task list from disk
D/nofatclips(  288): Deleting backup of the old activity list from disk
I/nofatclips(  288): Incrementally Playing Trace 390
I/nofatclips(  288): Retrieved from return list id=16908290
D/nofatclips(  288): Testing for type (android.widget.FrameLayout) against the original (null)
I/nofatclips(  288): Firing event: type= changeOrientation name= widget=null
I/WindowManager(   61): Setting rotation to 1, animFlags=1
I/ActivityManager(   61): Config changed: { scale=1.0 imsi=310/260 loc=en_US touch=3 keys=2/1/2 nav=1/1 orien=2 layout=18 uiMode=17 seq=5}
I/nofatclips(  288): Waiting for 100 msec.
W/WindowManager(   61): Window freeze timeout expired.
W/WindowManager(   61): Force clearing orientation change: Window{406a0d10 org.wordpress.android/org.wordpress.android.Comments paused=false}
I/nofatclips(  288): Current activity is Comments
I/nofatclips(  288): Retrieving widgets
D/nofatclips(  288): Found widget: id=16908290 (android.widget.FrameLayout@40799f00)
D/nofatclips(  288): Found widget: id=16908666 (com.android.internal.widget.WeightedLinearLayout@405fa690)
D/nofatclips(  288): Found widget: id=16908667 (android.widget.LinearLayout@405fa908)
D/nofatclips(  288): Found widget: id=16908668 (android.widget.LinearLayout@405fab28)
D/nofatclips(  288): Found widget: id=16908294 (android.widget.ImageView@405fad90)
D/nofatclips(  288): Found widget: id=16908669 (com.android.internal.widget.DialogTitle@407e9560): Error
D/nofatclips(  288): Found widget: id=16908670 (android.widget.ImageView@407ea140)
D/nofatclips(  288): Found widget: id=16908671 (android.widget.LinearLayout@407ea358)
D/nofatclips(  288): Found widget: id=16908672 (android.widget.ScrollView@407ea7d8)
D/nofatclips(  288): Found widget: id=16908299 (android.widget.TextView@406546e0): org.xmlrpc.android.XMLRPCException: javax.net.ssl.SSLProtocolException: Read error: ssl=0x773f10: Failure in SSL library, usually a protocol error
D/nofatclips(  288): Found widget: id=16908673 (android.widget.FrameLayout@40654bc0)
D/nofatclips(  288): Found widget: id=16908331 (android.widget.FrameLayout@40654e28)
D/nofatclips(  288): Found widget: id=16908674 (android.widget.LinearLayout@40655090)
D/nofatclips(  288): Found widget: id=-1 (android.widget.LinearLayout@406552b0)
D/nofatclips(  288): Found widget: id=16908675 (android.widget.LinearLayout@406554d0)
D/nofatclips(  288): Found widget: id=16908313 (android.widget.Button@407e12f8): OK
D/nofatclips(  288): Found widget: id=16908315 (android.widget.Button@407e1ba0): 
D/nofatclips(  288): Found widget: id=16908314 (android.widget.Button@407e2408): 
D/nofatclips(  288): Found widget: id=16908676 (android.widget.LinearLayout@40678650)
D/nofatclips(  288): Found widget: id=-1 (com.android.internal.policy.impl.PhoneWindow$DecorView@40799b10)
V/nicola  (  288): TextualID : null
V/nicola  (  288): ContentType detected : default
V/nicola  (  288): TextualID : null
V/nicola  (  288): ContentType detected : default
V/nicola  (  288): TextualID : null
V/nicola  (  288): ContentType detected : default
I/nofatclips(  288): Performing comparation for activity Comments
D/nofatclips(  288): Comparing against activity Dashboard
D/nofatclips(  288): Comparing against activity Dashboard
D/nofatclips(  288): Comparing against activity Read
D/nofatclips(  288): Comparing against activity Comments
D/nofatclips(  288): Comparing against activity Comments
D/nofatclips(  288): Comparing against activity Read
D/nofatclips(  288): Comparing against activity Dashboard
I/nofatclips(  288): Registering activity Comments (id: a39) as a new found state
D/nofatclips(  288): Performing backup of the old activity list on disk
D/nofatclips(  288): Saving new found state 'a39' on disk
V/nofatclips(  288): Opening state file in append mode.
D/dalvikvm(  288): GC_EXTERNAL_ALLOC freed 647K, 55% free 4237K/9287K, external 3428K/3804K, paused 477ms
I/nofatclips(  288): Saved image on disk: a39.jpg
I/nofatclips(  288): Waiting for 100 msec.
I/nofatclips(  288): Session count is 1. Will dump to disk at 1
I/nofatclips(  288): Saving the session on disk.
I/nofatclips(  288): Planning for new Activity Comments
D/nofatclips(  288): Handling event 'click' on widget id=16908313 type=button name=OK
I/nofatclips(  288): Created trace to press the back button
D/dalvikvm(   61): GC_EXPLICIT freed 104K, 46% free 4132K/7559K, external 1316K/1828K, paused 301ms
I/nofatclips(  288): Created trace to press the menu button
I/nofatclips(  288): Created trace to change orientation
I/nofatclips(  288): Check for termination: 62 steps left of 100
I/nofatclips(  288): Dispatching new task. 2 more tasks remaining.
D/nofatclips(  288): Performing backup of the old task list on disk
D/nofatclips(  288): Saving task list on disk
V/nofatclips(  288): Backing up trace #393 to disk.
V/nofatclips(  288): Backing up trace #394 to disk.
D/nofatclips(  288): Deleting backup of the old task list from disk
D/nofatclips(  288): Deleting backup of the old activity list from disk
I/nofatclips(  288): Incrementally Playing Trace 394
I/nofatclips(  288): Retrieved from return list id=16908290
D/nofatclips(  288): Testing for type (android.widget.FrameLayout) against the original (null)
I/nofatclips(  288): Firing event: type= changeOrientation name= widget=null
I/WindowManager(   61): Setting rotation to 0, animFlags=1
I/ActivityManager(   61): Config changed: { scale=1.0 imsi=310/260 loc=en_US touch=3 keys=2/1/2 nav=1/1 orien=1 layout=18 uiMode=17 seq=6}
I/nofatclips(  288): Waiting for 100 msec.
D/dalvikvm(  288): GC_EXTERNAL_ALLOC freed 925K, 55% free 4264K/9287K, external 3915K/3940K, paused 219ms
I/nofatclips(  288): Current activity is Comments
I/nofatclips(  288): Retrieving widgets
D/nofatclips(  288): Found widget: id=16908290 (android.widget.FrameLayout@40799f00)
D/nofatclips(  288): Found widget: id=16908666 (com.android.internal.widget.WeightedLinearLayout@405fa690)
D/nofatclips(  288): Found widget: id=16908667 (android.widget.LinearLayout@405fa908)
D/nofatclips(  288): Found widget: id=16908668 (android.widget.LinearLayout@405fab28)
D/nofatclips(  288): Found widget: id=16908294 (android.widget.ImageView@405fad90)
D/nofatclips(  288): Found widget: id=16908669 (com.android.internal.widget.DialogTitle@407e9560): Error
D/nofatclips(  288): Found widget: id=16908670 (android.widget.ImageView@407ea140)
D/nofatclips(  288): Found widget: id=16908671 (android.widget.LinearLayout@407ea358)
D/nofatclips(  288): Found widget: id=16908672 (android.widget.ScrollView@407ea7d8)
D/nofatclips(  288): Found widget: id=16908299 (android.widget.TextView@406546e0): org.xmlrpc.android.XMLRPCException: javax.net.ssl.SSLProtocolException: Read error: ssl=0x773f10: Failure in SSL library, usually a protocol error
D/nofatclips(  288): Found widget: id=16908673 (android.widget.FrameLayout@40654bc0)
D/nofatclips(  288): Found widget: id=16908331 (android.widget.FrameLayout@40654e28)
D/nofatclips(  288): Found widget: id=16908674 (android.widget.LinearLayout@40655090)
D/nofatclips(  288): Found widget: id=-1 (android.widget.LinearLayout@406552b0)
D/nofatclips(  288): Found widget: id=16908675 (android.widget.LinearLayout@406554d0)
D/nofatclips(  288): Found widget: id=16908313 (android.widget.Button@407e12f8): OK
D/nofatclips(  288): Found widget: id=16908315 (android.widget.Button@407e1ba0): 
D/nofatclips(  288): Found widget: id=16908314 (android.widget.Button@407e2408): 
D/nofatclips(  288): Found widget: id=16908676 (android.widget.LinearLayout@40678650)
D/nofatclips(  288): Found widget: id=-1 (com.android.internal.policy.impl.PhoneWindow$DecorView@40799b10)
V/nicola  (  288): TextualID : null
V/nicola  (  288): ContentType detected : default
V/nicola  (  288): TextualID : null
V/nicola  (  288): ContentType detected : default
V/nicola  (  288): TextualID : null
V/nicola  (  288): ContentType detected : default
I/nofatclips(  288): Performing comparation for activity Comments
D/nofatclips(  288): Comparing against activity Dashboard
D/nofatclips(  288): Comparing against activity Comments
D/nofatclips(  288): Comparing against activity Dashboard
D/nofatclips(  288): Comparing against activity Dashboard
D/nofatclips(  288): Comparing against activity Comments
D/nofatclips(  288): Comparing against activity Read
D/nofatclips(  288): Comparing against activity Comments
D/nofatclips(  288): Comparing against activity Read
I/nofatclips(  288): Registering activity Comments (id: a40) as a new found state
D/nofatclips(  288): Performing backup of the old activity list on disk
D/nofatclips(  288): Saving new found state 'a40' on disk
V/nofatclips(  288): Opening state file in append mode.
I/nofatclips(  288): Saved image on disk: a40.jpg
I/nofatclips(  288): Waiting for 100 msec.
I/nofatclips(  288): Session count is 1. Will dump to disk at 1
I/nofatclips(  288): Saving the session on disk.
I/nofatclips(  288): Planning for new Activity Comments
D/nofatclips(  288): Handling event 'click' on widget id=16908313 type=button name=OK
I/nofatclips(  288): Created trace to press the back button
I/nofatclips(  288): Created trace to press the menu button
I/nofatclips(  288): Created trace to change orientation
I/nofatclips(  288): Check for termination: 61 steps left of 100
I/nofatclips(  288): Dispatching new task. 2 more tasks remaining.
D/nofatclips(  288): Performing backup of the old task list on disk
D/nofatclips(  288): Saving task list on disk
V/nofatclips(  288): Backing up trace #397 to disk.
D/dalvikvm(   61): GC_EXPLICIT freed 39K, 46% free 4121K/7559K, external 1316K/1828K, paused 309ms
V/nofatclips(  288): Backing up trace #398 to disk.
D/nofatclips(  288): Deleting backup of the old task list from disk
D/nofatclips(  288): Deleting backup of the old activity list from disk
I/nofatclips(  288): Incrementally Playing Trace 398
I/nofatclips(  288): Retrieved from return list id=16908313
D/nofatclips(  288): Testing for type (android.widget.Button) against the original (android.widget.Button)
D/nofatclips(  288): Testing for name (OK) against the original (OK)
I/nofatclips(  288): Firing event: type= click index=15 widget=android.widget.Button
D/nofatclips(  288): Event description: OK
I/nofatclips(  288): Waiting for 100 msec.
W/InputManagerService(   61): Window already focused, ignoring focus gain of: com.android.internal.view.IInputMethodClient$Stub$Proxy@406878b8
I/nofatclips(  288): Current activity is Comments
I/nofatclips(  288): Retrieving widgets
D/nofatclips(  288): Found widget: id=16908290 (android.widget.FrameLayout@407ac6e0)
D/nofatclips(  288): Found widget: id=2131165241 (android.widget.RelativeLayout@407ad738)
D/nofatclips(  288): Found widget: id=2131165242 (android.widget.LinearLayout@40655698)
D/nofatclips(  288): Found widget: id=2131165243 (android.support.v4.app.NoSaveStateFrameLayout@40663f30)
D/nofatclips(  288): Found widget: id=2131165307 (android.widget.RelativeLayout@406efc28)
D/nofatclips(  288): Found widget: id=16908298 (android.widget.ListView@405dc468)
D/nofatclips(  288): Found widget: id=2131165308 (android.widget.RelativeLayout@40711948)
D/nofatclips(  288): Found widget: id=2131165309 (android.widget.Button@4057b588): Delete
D/nofatclips(  288): Found widget: id=2131165310 (android.widget.Button@405a9528): Approve
D/nofatclips(  288): Found widget: id=2131165311 (android.widget.Button@405ce530): Unapprove
D/nofatclips(  288): Found widget: id=2131165312 (android.widget.Button@406b5ca8): Spam
D/nofatclips(  288): Found widget: id=2131165244 (org.wordpress.android.util.WPTitleBar@4068a678)
D/nofatclips(  288): Found widget: id=2131165195 (android.widget.RelativeLayout@405872d8)
D/nofatclips(  288): Found widget: id=2131165196 (android.widget.RelativeLayout@40784ca8)
D/nofatclips(  288): Found widget: id=2131165197 (android.widget.ImageView@40667540)
D/nofatclips(  288): Found widget: id=2131165198 (android.widget.TextView@405958a0): Katie's Sweet Testing Blog
D/nofatclips(  288): Found widget: id=2131165199 (android.widget.ImageView@406d6118)
D/nofatclips(  288): Found widget: id=-1 (android.widget.RelativeLayout@406da748)
D/nofatclips(  288): Found widget: id=2131165200 (android.widget.ImageButton@4073fc30)
D/nofatclips(  288): Found widget: id=-1 (android.widget.FrameLayout@40782b98)
D/nofatclips(  288): Found widget: id=2131165201 (android.widget.Button@40624a00): 
D/nofatclips(  288): Found widget: id=2131165202 (android.widget.ImageView@405ad630)
D/nofatclips(  288): Found widget: id=2131165203 (android.widget.ImageView@40690488)
D/nofatclips(  288): Found widget: id=2131165249 (android.widget.LinearLayout@406e1f08)
D/nofatclips(  288): Found widget: id=-1 (android.widget.FrameLayout@40609738)
D/nofatclips(  288): Found widget: id=-1 (android.widget.LinearLayout@406099a0)
D/nofatclips(  288): Found widget: id=-1 (android.widget.LinearLayout@405fa008)
D/nofatclips(  288): Found widget: id=-1 (android.widget.LinearLayout@40682018)
D/nofatclips(  288): Found widget: id=2131165251 (android.widget.LinearLayout@40682238)
D/nofatclips(  288): Found widget: id=-1 (android.widget.ImageView@407a1b18)
D/nofatclips(  288): Found widget: id=2131165256 (android.widget.TextView@407402d8): New Post
D/nofatclips(  288): Found widget: id=2131165253 (android.widget.LinearLayout@406bd320)
D/nofatclips(  288): Found widget: id=-1 (android.widget.ImageView@40552c30)
D/nofatclips(  288): Found widget: id=2131165256 (android.widget.TextView@4063b4e8): New Page
D/nofatclips(  288): Found widget: id=-1 (android.widget.LinearLayout@405a5450)
D/nofatclips(  288): Found widget: id=2131165252 (android.widget.LinearLayout@405a55a0)
D/nofatclips(  288): Found widget: id=-1 (android.widget.ImageView@4069ab00)
D/nofatclips(  288): Found widget: id=2131165256 (android.widget.TextView@4073f690): Quick Photo
D/nofatclips(  288): Found widget: id=2131165254 (android.widget.LinearLayout@40804e88)
D/nofatclips(  288): Found widget: id=-1 (android.widget.ImageView@406bf6c8)
D/nofatclips(  288): Found widget: id=2131165256 (android.widget.TextView@407fce00): Quick Video
D/nofatclips(  288): Found widget: id=-1 (android.widget.LinearLayout@4088c470)
D/nofatclips(  288): Found widget: id=-1 (android.widget.LinearLayout@4088c670)
D/nofatclips(  288): Found widget: id=2131165255 (android.widget.LinearLayout@40627630)
D/nofatclips(  288): Found widget: id=-1 (android.widget.ImageView@406f8680)
D/nofatclips(  288): Found widget: id=2131165256 (android.widget.TextView@405ca980): Posts
D/nofatclips(  288): Found widget: id=2131165257 (android.widget.LinearLayout@408ec578)
D/nofatclips(  288): Found widget: id=-1 (android.widget.ImageView@4069e4f8)
D/nofatclips(  288): Found widget: id=2131165256 (android.widget.TextView@4087f760): Pages
D/nofatclips(  288): Found widget: id=-1 (android.widget.FrameLayout@4087fb20)
D/nofatclips(  288): Found widget: id=2131165258 (android.widget.LinearLayout@4071b4f0)
D/nofatclips(  288): Found widget: id=-1 (android.widget.ImageView@408a1958)
D/nofatclips(  288): Found widget: id=2131165256 (android.widget.TextView@40681148): Comments
D/nofatclips(  288): Found widget: id=2131165259 (android.widget.FrameLayout@406815b8)
D/nofatclips(  288): Found widget: id=2131165260 (android.widget.ImageView@406bb468)
D/nofatclips(  288): Found widget: id=2131165261 (org.wordpress.android.util.CommentBadgeTextView@406bb870): 0
D/nofatclips(  288): Found widget: id=-1 (android.widget.LinearLayout@406a7180)
D/nofatclips(  288): Found widget: id=2131165262 (android.widget.LinearLayout@406a73a0)
D/nofatclips(  288): Found widget: id=-1 (android.widget.ImageView@407139d8)
D/nofatclips(  288): Found widget: id=2131165256 (android.widget.TextView@4055c0d8): Settings
D/nofatclips(  288): Found widget: id=2131165263 (android.widget.LinearLayout@40534230)
D/nofatclips(  288): Found widget: id=-1 (android.widget.ImageView@4061d8e0)
D/nofatclips(  288): Found widget: id=2131165256 (android.widget.TextView@40656ab8): Read
D/nofatclips(  288): Found widget: id=2131165264 (android.widget.LinearLayout@40627f70)
D/nofatclips(  288): Found widget: id=-1 (android.widget.ImageView@40651698)
D/nofatclips(  288): Found widget: id=2131165256 (android.widget.TextView@407b5cd0): Stats
D/nofatclips(  288): Found widget: id=-1 (com.android.internal.policy.impl.PhoneWindow$DecorView@405adb58)
V/nicola  (  288): TextualID : blog_title
V/nicola  (  288): ContentType detected : default
V/nicola  (  288): TextualID : action_refresh
V/nicola  (  288): ContentType detected : default
I/nofatclips(  288): Performing comparation for activity Comments
D/nofatclips(  288): Comparing against activity Dashboard
D/nofatclips(  288): Comparing against activity Comments
D/nofatclips(  288): Comparing against activity Comments
D/nofatclips(  288): Comparing against activity Dashboard
D/nofatclips(  288): Comparing against activity Dashboard
D/nofatclips(  288): Comparing against activity Comments
D/nofatclips(  288): Comparing against activity Read
D/nofatclips(  288): Comparing against activity Comments
D/nofatclips(  288): Comparing against activity Read
I/nofatclips(  288): Registering activity Comments (id: a41) as a new found state
D/nofatclips(  288): Performing backup of the old activity list on disk
D/nofatclips(  288): Saving new found state 'a41' on disk
V/nofatclips(  288): Opening state file in append mode.
D/dalvikvm(  288): GC_EXTERNAL_ALLOC freed 1739K, 55% free 4269K/9287K, external 3804K/4281K, paused 174ms
I/nofatclips(  288): Saved image on disk: a41.jpg
I/nofatclips(  288): Waiting for 100 msec.
D/dalvikvm(  107): GC_CONCURRENT freed 228K, 51% free 2807K/5703K, external 961K/1038K, paused 7ms+8ms
I/nofatclips(  288): Session count is 1. Will dump to disk at 1
I/nofatclips(  288): Saving the session on disk.
I/nofatclips(  288): Planning for new Activity Comments
D/nofatclips(  288): Handling event 'click' on widget id=2131165200 type=button name=
D/nofatclips(  288): Handling event 'click' on widget id=2131165201 type=button name=
I/nofatclips(  288): Created trace to press the back button
I/nofatclips(  288): Created trace to press the menu button
I/nofatclips(  288): Created trace to change orientation
I/nofatclips(  288): Check for termination: 60 steps left of 100
I/nofatclips(  288): Dispatching new task. 2 more tasks remaining.
D/nofatclips(  288): Performing backup of the old task list on disk
D/nofatclips(  288): Saving task list on disk
V/nofatclips(  288): Backing up trace #402 to disk.
V/nofatclips(  288): Backing up trace #403 to disk.
D/nofatclips(  288): Deleting backup of the old task list from disk
D/nofatclips(  288): Deleting backup of the old activity list from disk
I/nofatclips(  288): Incrementally Playing Trace 403
I/nofatclips(  288): Retrieved from return list id=16908290
D/nofatclips(  288): Testing for type (android.widget.FrameLayout) against the original (null)
I/nofatclips(  288): Firing event: type= openMenu name= widget=null
W/KeyCharacterMap(  288): No keyboard for id 0
W/KeyCharacterMap(  288): Using default keymap: /system/usr/keychars/qwerty.kcm.bin
I/nofatclips(  288): Waiting for 100 msec.
I/nofatclips(  288): Current activity is Comments
I/nofatclips(  288): Retrieving widgets
D/nofatclips(  288): Found widget: id=16908290 (android.widget.FrameLayout@407ac6e0)
D/nofatclips(  288): Found widget: id=2131165241 (android.widget.RelativeLayout@407ad738)
D/nofatclips(  288): Found widget: id=2131165242 (android.widget.LinearLayout@40655698)
D/nofatclips(  288): Found widget: id=2131165243 (android.support.v4.app.NoSaveStateFrameLayout@40663f30)
D/nofatclips(  288): Found widget: id=2131165307 (android.widget.RelativeLayout@406efc28)
D/nofatclips(  288): Found widget: id=16908298 (android.widget.ListView@405dc468)
D/nofatclips(  288): Found widget: id=2131165308 (android.widget.RelativeLayout@40711948)
D/nofatclips(  288): Found widget: id=2131165309 (android.widget.Button@4057b588): Delete
D/nofatclips(  288): Found widget: id=2131165310 (android.widget.Button@405a9528): Approve
D/nofatclips(  288): Found widget: id=2131165311 (android.widget.Button@405ce530): Unapprove
D/nofatclips(  288): Found widget: id=2131165312 (android.widget.Button@406b5ca8): Spam
D/nofatclips(  288): Found widget: id=2131165244 (org.wordpress.android.util.WPTitleBar@4068a678)
D/nofatclips(  288): Found widget: id=2131165195 (android.widget.RelativeLayout@405872d8)
D/nofatclips(  288): Found widget: id=2131165196 (android.widget.RelativeLayout@40784ca8)
D/nofatclips(  288): Found widget: id=2131165197 (android.widget.ImageView@40667540)
D/nofatclips(  288): Found widget: id=2131165198 (android.widget.TextView@405958a0): Katie's Sweet Testing Blog
D/nofatclips(  288): Found widget: id=2131165199 (android.widget.ImageView@406d6118)
D/nofatclips(  288): Found widget: id=-1 (android.widget.RelativeLayout@406da748)
D/nofatclips(  288): Found widget: id=2131165200 (android.widget.ImageButton@4073fc30)
D/nofatclips(  288): Found widget: id=-1 (android.widget.FrameLayout@40782b98)
D/nofatclips(  288): Found widget: id=2131165201 (android.widget.Button@40624a00): 
D/nofatclips(  288): Found widget: id=2131165202 (android.widget.ImageView@405ad630)
D/nofatclips(  288): Found widget: id=2131165203 (android.widget.ImageView@40690488)
D/nofatclips(  288): Found widget: id=2131165249 (android.widget.LinearLayout@406e1f08)
D/nofatclips(  288): Found widget: id=-1 (android.widget.FrameLayout@40609738)
D/nofatclips(  288): Found widget: id=-1 (android.widget.LinearLayout@406099a0)
D/nofatclips(  288): Found widget: id=-1 (android.widget.LinearLayout@405fa008)
D/nofatclips(  288): Found widget: id=-1 (android.widget.LinearLayout@40682018)
D/nofatclips(  288): Found widget: id=2131165251 (android.widget.LinearLayout@40682238)
D/nofatclips(  288): Found widget: id=-1 (android.widget.ImageView@407a1b18)
D/nofatclips(  288): Found widget: id=2131165256 (android.widget.TextView@407402d8): New Post
D/nofatclips(  288): Found widget: id=2131165253 (android.widget.LinearLayout@406bd320)
D/nofatclips(  288): Found widget: id=-1 (android.widget.ImageView@40552c30)
D/nofatclips(  288): Found widget: id=2131165256 (android.widget.TextView@4063b4e8): New Page
D/nofatclips(  288): Found widget: id=-1 (android.widget.LinearLayout@405a5450)
D/nofatclips(  288): Found widget: id=2131165252 (android.widget.LinearLayout@405a55a0)
D/nofatclips(  288): Found widget: id=-1 (android.widget.ImageView@4069ab00)
D/nofatclips(  288): Found widget: id=2131165256 (android.widget.TextView@4073f690): Quick Photo
D/nofatclips(  288): Found widget: id=2131165254 (android.widget.LinearLayout@40804e88)
D/nofatclips(  288): Found widget: id=-1 (android.widget.ImageView@406bf6c8)
D/nofatclips(  288): Found widget: id=2131165256 (android.widget.TextView@407fce00): Quick Video
D/nofatclips(  288): Found widget: id=-1 (android.widget.LinearLayout@4088c470)
D/nofatclips(  288): Found widget: id=-1 (android.widget.LinearLayout@4088c670)
D/nofatclips(  288): Found widget: id=2131165255 (android.widget.LinearLayout@40627630)
D/nofatclips(  288): Found widget: id=-1 (android.widget.ImageView@406f8680)
D/nofatclips(  288): Found widget: id=2131165256 (android.widget.TextView@405ca980): Posts
D/nofatclips(  288): Found widget: id=2131165257 (android.widget.LinearLayout@408ec578)
D/nofatclips(  288): Found widget: id=-1 (android.widget.ImageView@4069e4f8)
D/nofatclips(  288): Found widget: id=2131165256 (android.widget.TextView@4087f760): Pages
D/nofatclips(  288): Found widget: id=-1 (android.widget.FrameLayout@4087fb20)
D/nofatclips(  288): Found widget: id=2131165258 (android.widget.LinearLayout@4071b4f0)
D/nofatclips(  288): Found widget: id=-1 (android.widget.ImageView@408a1958)
D/nofatclips(  288): Found widget: id=2131165256 (android.widget.TextView@40681148): Comments
D/nofatclips(  288): Found widget: id=2131165259 (android.widget.FrameLayout@406815b8)
D/nofatclips(  288): Found widget: id=2131165260 (android.widget.ImageView@406bb468)
D/nofatclips(  288): Found widget: id=2131165261 (org.wordpress.android.util.CommentBadgeTextView@406bb870): 0
D/nofatclips(  288): Found widget: id=-1 (android.widget.LinearLayout@406a7180)
D/nofatclips(  288): Found widget: id=2131165262 (android.widget.LinearLayout@406a73a0)
D/nofatclips(  288): Found widget: id=-1 (android.widget.ImageView@407139d8)
D/nofatclips(  288): Found widget: id=2131165256 (android.widget.TextView@4055c0d8): Settings
D/nofatclips(  288): Found widget: id=2131165263 (android.widget.LinearLayout@40534230)
D/nofatclips(  288): Found widget: id=-1 (android.widget.ImageView@4061d8e0)
D/nofatclips(  288): Found widget: id=2131165256 (android.widget.TextView@40656ab8): Read
D/nofatclips(  288): Found widget: id=2131165264 (android.widget.LinearLayout@40627f70)
D/nofatclips(  288): Found widget: id=-1 (android.widget.ImageView@40651698)
D/nofatclips(  288): Found widget: id=2131165256 (android.widget.TextView@407b5cd0): Stats
D/nofatclips(  288): Found widget: id=-1 (com.android.internal.policy.impl.PhoneWindow$DecorView@405adb58)
V/nicola  (  288): TextualID : blog_title
V/nicola  (  288): ContentType detected : default
V/nicola  (  288): TextualID : action_refresh
V/nicola  (  288): ContentType detected : default
I/nofatclips(  288): Performing comparation for activity Comments
D/nofatclips(  288): Comparing against activity Dashboard
D/nofatclips(  288): Comparing against activity Comments
D/nofatclips(  288): Comparing against activity Comments
D/nofatclips(  288): Comparing against activity Dashboard
D/nofatclips(  288): Comparing against activity Dashboard
D/nofatclips(  288): Comparing against activity Comments
D/nofatclips(  288): Comparing against activity Read
D/nofatclips(  288): Comparing against activity Comments
D/nofatclips(  288): Comparing against activity Read
D/nofatclips(  288): Comparing against activity Comments
I/nofatclips(  288): Registering activity Comments (id: a42) as a new found state
D/nofatclips(  288): Performing backup of the old activity list on disk
D/nofatclips(  288): Saving new found state 'a42' on disk
V/nofatclips(  288): Opening state file in append mode.
D/dalvikvm(  288): GC_EXTERNAL_ALLOC freed 1745K, 55% free 4267K/9287K, external 3866K/4078K, paused 241ms
I/nofatclips(  288): Saved image on disk: a42.jpg
I/nofatclips(  288): Waiting for 100 msec.
I/nofatclips(  288): Session count is 1. Will dump to disk at 1
I/nofatclips(  288): Saving the session on disk.
I/nofatclips(  288): Planning for new Activity Comments
D/nofatclips(  288): Handling event 'click' on widget id=2131165200 type=button name=
D/nofatclips(  288): Handling event 'click' on widget id=2131165201 type=button name=
I/nofatclips(  288): Created trace to press the back button
I/nofatclips(  288): Created trace to press the menu button
I/nofatclips(  288): Created trace to change orientation
I/nofatclips(  288): Check for termination: 59 steps left of 100
I/nofatclips(  288): Dispatching new task. 2 more tasks remaining.
D/nofatclips(  288): Performing backup of the old task list on disk
D/nofatclips(  288): Saving task list on disk
V/nofatclips(  288): Backing up trace #407 to disk.
V/nofatclips(  288): Backing up trace #408 to disk.
D/nofatclips(  288): Deleting backup of the old task list from disk
D/nofatclips(  288): Deleting backup of the old activity list from disk
I/nofatclips(  288): Incrementally Playing Trace 408
D/nofatclips(  288): Firing event: type= back
I/nofatclips(  288): Waiting for 100 msec.
I/nofatclips(  288): Current activity is Dashboard
I/nofatclips(  288): Retrieving widgets
D/nofatclips(  288): Found widget: id=16908290 (android.widget.FrameLayout@405a1360)
D/nofatclips(  288): Found widget: id=2131165248 (android.widget.RelativeLayout@405a2060)
D/nofatclips(  288): Found widget: id=2131165249 (android.widget.LinearLayout@405a26c8)
D/nofatclips(  288): Found widget: id=-1 (android.widget.ImageView@405a2c10)
D/nofatclips(  288): Found widget: id=2131165250 (org.wordpress.android.util.WPTitleBar@4059c5e8)
D/nofatclips(  288): Found widget: id=2131165195 (android.widget.RelativeLayout@4050eb88)
D/nofatclips(  288): Found widget: id=2131165196 (android.widget.RelativeLayout@40568e38)
D/nofatclips(  288): Found widget: id=2131165197 (android.widget.ImageView@4059d410)
D/nofatclips(  288): Found widget: id=2131165198 (android.widget.TextView@405421a8): Katie's Sweet Testing Blog
D/nofatclips(  288): Found widget: id=2131165199 (android.widget.ImageView@4055da38)
D/nofatclips(  288): Found widget: id=-1 (android.widget.RelativeLayout@40579da0)
D/nofatclips(  288): Found widget: id=2131165200 (android.widget.ImageButton@4059d938)
D/nofatclips(  288): Found widget: id=-1 (android.widget.FrameLayout@4057b330)
D/nofatclips(  288): Found widget: id=2131165201 (android.widget.Button@40542b70): 
D/nofatclips(  288): Found widget: id=2131165202 (android.widget.ImageView@405941e0)
D/nofatclips(  288): Found widget: id=2131165203 (android.widget.ImageView@4053d368)
D/nofatclips(  288): Found widget: id=2131165204 (android.widget.LinearLayout@40569a40)
D/nofatclips(  288): Found widget: id=-1 (android.widget.FrameLayout@4059d1a8)
D/nofatclips(  288): Found widget: id=-1 (android.widget.LinearLayout@40530510)
D/nofatclips(  288): Found widget: id=-1 (android.widget.LinearLayout@4050e998)
D/nofatclips(  288): Found widget: id=-1 (android.widget.LinearLayout@4052fb30)
D/nofatclips(  288): Found widget: id=2131165251 (android.widget.LinearLayout@405301e8)
D/nofatclips(  288): Found widget: id=-1 (android.widget.ImageView@40590c88)
D/nofatclips(  288): Found widget: id=2131165256 (android.widget.TextView@4056b738): New Post
D/nofatclips(  288): Found widget: id=2131165253 (android.widget.LinearLayout@4059c820)
D/nofatclips(  288): Found widget: id=-1 (android.widget.ImageView@40531550)
D/nofatclips(  288): Found widget: id=2131165256 (android.widget.TextView@4056c070): New Page
D/nofatclips(  288): Found widget: id=-1 (android.widget.LinearLayout@40533808)
D/nofatclips(  288): Found widget: id=2131165252 (android.widget.LinearLayout@405311f8)
D/nofatclips(  288): Found widget: id=-1 (android.widget.ImageView@40530828)
D/nofatclips(  288): Found widget: id=2131165256 (android.widget.TextView@40578268): Quick Photo
D/nofatclips(  288): Found widget: id=2131165254 (android.widget.LinearLayout@40547118)
D/nofatclips(  288): Found widget: id=-1 (android.widget.ImageView@4055d418)
D/nofatclips(  288): Found widget: id=2131165256 (android.widget.TextView@40578ad8): Quick Video
D/nofatclips(  288): Found widget: id=-1 (android.widget.LinearLayout@4059e7a0)
D/nofatclips(  288): Found widget: id=-1 (android.widget.LinearLayout@4052efa0)
D/nofatclips(  288): Found widget: id=2131165255 (android.widget.LinearLayout@405347c0)
D/nofatclips(  288): Found widget: id=-1 (android.widget.ImageView@4053b278)
D/nofatclips(  288): Found widget: id=2131165256 (android.widget.TextView@40579160): Posts
D/nofatclips(  288): Found widget: id=2131165257 (android.widget.LinearLayout@405458e8)
D/nofatclips(  288): Found widget: id=-1 (android.widget.ImageView@40543d50)
D/nofatclips(  288): Found widget: id=2131165256 (android.widget.TextView@40537db8): Pages
D/nofatclips(  288): Found widget: id=-1 (android.widget.FrameLayout@40530b48)
D/nofatclips(  288): Found widget: id=2131165258 (android.widget.LinearLayout@40534d98)
D/nofatclips(  288): Found widget: id=-1 (android.widget.ImageView@4059dc90)
D/nofatclips(  288): Found widget: id=2131165256 (android.widget.TextView@40539d68): Comments
D/nofatclips(  288): Found widget: id=2131165259 (android.widget.FrameLayout@40544320)
D/nofatclips(  288): Found widget: id=2131165260 (android.widget.ImageView@40544fa0)
D/nofatclips(  288): Found widget: id=2131165261 (org.wordpress.android.util.CommentBadgeTextView@4053ad80): 0
D/nofatclips(  288): Found widget: id=-1 (android.widget.LinearLayout@40536750)
D/nofatclips(  288): Found widget: id=2131165262 (android.widget.LinearLayout@40539aa0)
D/nofatclips(  288): Found widget: id=-1 (android.widget.ImageView@40537868)
D/nofatclips(  288): Found widget: id=2131165256 (android.widget.TextView@405413a0): Settings
