D/nofatclips(  297): Handling input 'writeText' on widget id=2131165286 type=editText name=Password (optional)
V/nofatclips(  297): Using value: 45
D/nofatclips(  297): Handling input 'writeText' on widget id=2131165236 type=editText name=Title
V/nofatclips(  297): Using value: 90
D/nofatclips(  297): Handling input 'writeText' on widget id=2131165268 type=editText name=Tags (separate tags with commas)
V/nofatclips(  297): Using value: 85
D/nofatclips(  297): Handling input 'writeText' on widget id=2131165286 type=editText name=Password (optional)
V/nofatclips(  297): Using value: 45
D/nofatclips(  297): Handling input 'writeText' on widget id=2131165236 type=editText name=Title
V/nofatclips(  297): Using value: 90
D/nofatclips(  297): Handling input 'writeText' on widget id=2131165268 type=editText name=Tags (separate tags with commas)
V/nofatclips(  297): Using value: 85
D/nofatclips(  297): Handling input 'writeText' on widget id=2131165286 type=editText name=Password (optional)
V/nofatclips(  297): Using value: 45
D/nofatclips(  297): Handling input 'writeText' on widget id=2131165236 type=editText name=Title
V/nofatclips(  297): Using value: 90
D/nofatclips(  297): Handling input 'writeText' on widget id=2131165268 type=editText name=Tags (separate tags with commas)
V/nofatclips(  297): Using value: 85
D/nofatclips(  297): Handling input 'writeText' on widget id=2131165286 type=editText name=Password (optional)
V/nofatclips(  297): Using value: 45
D/nofatclips(  297): Handling event 'click' on widget id=2131165287 type=button name=Publish
D/nofatclips(  297): Handling input 'writeText' on widget id=2131165236 type=editText name=Title
V/nofatclips(  297): Using value: 90
D/nofatclips(  297): Handling input 'writeText' on widget id=2131165268 type=editText name=Tags (separate tags with commas)
V/nofatclips(  297): Using value: 85
D/nofatclips(  297): Handling input 'writeText' on widget id=2131165286 type=editText name=Password (optional)
V/nofatclips(  297): Using value: 45
I/nofatclips(  297): Created trace to press the back button
I/nofatclips(  297): Created trace to press the menu button
I/nofatclips(  297): Created trace to change orientation
D/dalvikvm(  297): GC_CONCURRENT freed 1390K, 52% free 3907K/8135K, external 4229K/5281K, paused 3ms+5ms
I/nofatclips(  297): Check for termination: 92 steps left of 100
I/nofatclips(  297): Dispatching new task. 2 more tasks remaining.
D/nofatclips(  297): Performing backup of the old task list on disk
D/nofatclips(  297): Saving task list on disk
V/nofatclips(  297): Backing up trace #73 to disk.
V/nofatclips(  297): Backing up trace #74 to disk.
D/nofatclips(  297): Deleting backup of the old task list from disk
D/nofatclips(  297): Deleting backup of the old activity list from disk
I/nofatclips(  297): Incrementally Playing Trace 74
D/nofatclips(  297): Setting input: type= writeText id=2131165236 value=90
D/nofatclips(  297): Added to return list id=2131165236
I/nofatclips(  297): Retrieved from return list id=2131165236
D/nofatclips(  297): Testing for type (android.widget.EditText) against the original (android.widget.EditText)
D/nofatclips(  297): Testing for name (Title) against the original (Title)
I/WordPress(  297): response = HTTP/1.1 200 OK
W/KeyCharacterMap(  297): No keyboard for id 0
W/KeyCharacterMap(  297): Using default keymap: /system/usr/keychars/qwerty.kcm.bin
D/nofatclips(  297): Setting input: type= writeText id=2131165268 value=85
D/nofatclips(  297): Added to return list id=2131165268
I/nofatclips(  297): Retrieved from return list id=2131165268
D/nofatclips(  297): Testing for type (android.widget.EditText) against the original (android.widget.EditText)
D/nofatclips(  297): Testing for name (Tags (separate tags with commas)) against the original (Tags (separate tags with commas))
D/dalvikvm(  297): GC_CONCURRENT freed 1671K, 52% free 3999K/8327K, external 3629K/4532K, paused 14ms+14ms
D/nofatclips(  297): Setting input: type= writeText id=2131165286 value=45
D/nofatclips(  297): Added to return list id=2131165286
I/nofatclips(  297): Retrieved from return list id=2131165286
D/nofatclips(  297): Testing for type (android.widget.EditText) against the original (android.widget.EditText)
D/nofatclips(  297): Testing for name (Password (optional)) against the original (Password (optional))
W/KeyCharacterMap(  297): No keyboard for id 0
W/KeyCharacterMap(  297): Using default keymap: /system/usr/keychars/qwerty.kcm.bin
I/nofatclips(  297): Retrieved from return list id=2131165285
D/nofatclips(  297): Testing for type (android.widget.Spinner) against the original (android.widget.Spinner)
D/nofatclips(  297): Testing for name () against the original ()
I/nofatclips(  297): Firing event: type= selectSpinnerItem index=30 widget=android.widget.Spinner
I/nofatclips(  297): Clicking the spinner view
D/nofatclips(  297): Event description: Standard
I/nofatclips(  297): Swapping to listview item 9
D/nofatclips(  297): Event description: Status
I/dalvikvm(  297): Jit: resizing JitTable from 2048 to 4096
I/nofatclips(  297): Waiting for 100 msec.
W/InputManagerService(   62): Window already focused, ignoring focus gain of: com.android.internal.view.IInputMethodClient$Stub$Proxy@4058f2c0
I/nofatclips(  297): Current activity is EditPost
I/nofatclips(  297): Retrieving widgets
D/nofatclips(  297): Found widget: id=-1 (android.widget.LinearLayout@40595f90)
D/nofatclips(  297): Found widget: id=-1 (android.widget.FrameLayout@405f4c58)
D/nofatclips(  297): Found widget: id=16908310 (android.widget.TextView@4064ac28): Katie&#039;s Sweet Testing Blog - New Post
D/nofatclips(  297): Found widget: id=16908290 (android.widget.FrameLayout@4076e288)
D/nofatclips(  297): Found widget: id=-1 (android.widget.LinearLayout@40654970)
D/nofatclips(  297): Found widget: id=-1 (android.widget.ScrollView@40740888)
D/nofatclips(  297): Found widget: id=-1 (android.widget.LinearLayout@405c8970)
D/nofatclips(  297): Found widget: id=2131165209 (android.widget.RelativeLayout@40622970)
D/nofatclips(  297): Found widget: id=2131165210 (android.widget.TextView@40623810): Post Content
D/nofatclips(  297): Found widget: id=2131165236 (android.widget.EditText@4073eda8): 90
D/nofatclips(  297): Found widget: id=2131165265 (org.wordpress.android.util.WPEditText@40777480): 
D/nofatclips(  297): Found widget: id=2131165266 (android.widget.RelativeLayout@406de440)
D/nofatclips(  297): Found widget: id=2131165267 (android.widget.TextView@406e0508): Tags & Categories
D/nofatclips(  297): Found widget: id=2131165268 (android.widget.EditText@407271b0): 85
D/nofatclips(  297): Found widget: id=2131165269 (android.widget.Button@4072b6e8): Select Categories
D/nofatclips(  297): Found widget: id=2131165270 (android.widget.TextView@4075d948): Selected categories:
D/nofatclips(  297): Found widget: id=2131165271 (android.widget.RelativeLayout@407d04c0)
D/nofatclips(  297): Found widget: id=2131165272 (android.widget.RelativeLayout@407d07b8)
D/nofatclips(  297): Found widget: id=2131165273 (android.widget.TextView@405a5aa8): Location
D/nofatclips(  297): Found widget: id=2131165274 (android.widget.TextView@407a0658): Loading...
D/nofatclips(  297): Found widget: id=2131165275 (android.widget.Button@40594fc0): View Map
D/nofatclips(  297): Found widget: id=2131165276 (android.widget.Button@405b4aa8): Update Location
D/nofatclips(  297): Found widget: id=2131165277 (android.widget.RelativeLayout@4066a8e8)
D/nofatclips(  297): Found widget: id=2131165278 (android.widget.TextView@406fbd10): Settings
D/nofatclips(  297): Found widget: id=2131165279 (android.widget.TextView@40742110): Status:
D/nofatclips(  297): Found widget: id=2131165280 (android.widget.Spinner@405a4008)
D/nofatclips(  297): Found widget: id=2131165281 (android.widget.TextView@4055bbe0): Publish:
D/nofatclips(  297): Found widget: id=2131165282 (android.widget.TextView@40674bd0): Immediately
D/nofatclips(  297): Found widget: id=2131165283 (android.widget.Button@405c0020): Edit
D/nofatclips(  297): Found widget: id=2131165284 (android.widget.TextView@40702968): Post Format:
D/nofatclips(  297): Found widget: id=2131165285 (android.widget.Spinner@40675908)
D/nofatclips(  297): Found widget: id=16908308 (android.widget.TextView@40610a20): Status
D/nofatclips(  297): Found widget: id=2131165286 (android.widget.EditText@405f5ca8): 45
D/nofatclips(  297): Found widget: id=2131165287 (android.widget.Button@4061cd98): Publish
D/nofatclips(  297): Found widget: id=-1 (com.android.internal.policy.impl.PhoneWindow$DecorView@406b11f0)
V/nicola  (  297): TextualID : null
V/nicola  (  297): ContentType detected : default
V/nicola  (  297): TextualID : l_section1
V/nicola  (  297): ContentType detected : default
V/ReflectionHelper(  297): android.widget.EditText > mOnFocusChangeListener FOUND | NOT ACTIVE
V/nicola  (  297): TextualID : title
V/nicola  (  297): ContentType detected : default
V/ReflectionHelper(  297): org.wordpress.android.util.WPEditText > mOnFocusChangeListener FOUND | ACTIVE
V/nicola  (  297): TextualID : postContent
V/nicola  (  297): ContentType detected : default
V/nicola  (  297): TextualID : l_tags_categories
V/nicola  (  297): ContentType detected : default
V/ReflectionHelper(  297): android.widget.EditText > mOnFocusChangeListener FOUND | NOT ACTIVE
V/nicola  (  297): TextualID : tags
V/nicola  (  297): ContentType detected : default
V/nicola  (  297): TextualID : selectCategories
V/nicola  (  297): ContentType detected : default
V/nicola  (  297): TextualID : selectedCategories
V/nicola  (  297): ContentType detected : default
V/nicola  (  297): TextualID : l_status
V/nicola  (  297): ContentType detected : default
V/nicola  (  297): TextualID : statusLabel
V/nicola  (  297): ContentType detected : default
V/nicola  (  297): TextualID : pubDateLabel
V/nicola  (  297): ContentType detected : default
V/nicola  (  297): TextualID : pubDate
V/nicola  (  297): ContentType detected : default
V/nicola  (  297): TextualID : pubDateButton
V/nicola  (  297): ContentType detected : default
V/nicola  (  297): TextualID : postFormatLabel
V/nicola  (  297): ContentType detected : default
V/nicola  (  297): TextualID : null
V/nicola  (  297): ContentType detected : default
V/ReflectionHelper(  297): android.widget.EditText > mOnFocusChangeListener FOUND | NOT ACTIVE
V/nicola  (  297): TextualID : post_password
V/nicola  (  297): ContentType detected : default
V/nicola  (  297): TextualID : post
V/nicola  (  297): ContentType detected : default
I/nofatclips(  297): Performing comparation for activity EditPost
D/nofatclips(  297): Comparing against activity Comments
D/nofatclips(  297): Comparing against activity Comments
D/nofatclips(  297): Comparing against activity EditPost
D/nofatclips(  297): Comparing against activity Comments
D/nofatclips(  297): Comparing against activity Comments
D/nofatclips(  297): Comparing against activity Comments
D/nofatclips(  297): Comparing against activity Comments
I/nofatclips(  297): Registering activity EditPost (id: a10) as a new found state
D/nofatclips(  297): Performing backup of the old activity list on disk
D/nofatclips(  297): Saving new found state 'a10' on disk
V/nofatclips(  297): Opening state file in append mode.
D/dalvikvm(  297): GC_EXTERNAL_ALLOC freed 901K, 51% free 4123K/8327K, external 4233K/4532K, paused 125ms
I/nofatclips(  297): Saved image on disk: a10.jpg
I/nofatclips(  297): Waiting for 100 msec.
I/nofatclips(  297): Session count is 1. Will dump to disk at 1
I/nofatclips(  297): Saving the session on disk.
I/nofatclips(  297): Planning for new Activity EditPost
D/nofatclips(  297): Handling event 'focus' on widget id=2131165265 type=focusableEditText name=Content
D/nofatclips(  297): Handling input 'writeText' on widget id=2131165236 type=editText name=Title
V/nofatclips(  297): Using value: 90
D/nofatclips(  297): Handling input 'writeText' on widget id=2131165268 type=editText name=Tags (separate tags with commas)
V/nofatclips(  297): Using value: 85
D/nofatclips(  297): Handling input 'writeText' on widget id=2131165286 type=editText name=Password (optional)
V/nofatclips(  297): Using value: 45
D/nofatclips(  297): Handling event 'click' on widget id=2131165269 type=button name=Select Categories
D/nofatclips(  297): Handling input 'writeText' on widget id=2131165236 type=editText name=Title
V/nofatclips(  297): Using value: 90
D/nofatclips(  297): Handling input 'writeText' on widget id=2131165268 type=editText name=Tags (separate tags with commas)
V/nofatclips(  297): Using value: 85
D/nofatclips(  297): Handling input 'writeText' on widget id=2131165286 type=editText name=Password (optional)
V/nofatclips(  297): Using value: 45
D/nofatclips(  297): Handling event 'click' on widget id=2131165283 type=button name=Edit
D/nofatclips(  297): Handling input 'writeText' on widget id=2131165236 type=editText name=Title
V/nofatclips(  297): Using value: 90
D/nofatclips(  297): Handling input 'writeText' on widget id=2131165268 type=editText name=Tags (separate tags with commas)
V/nofatclips(  297): Using value: 85
D/nofatclips(  297): Handling input 'writeText' on widget id=2131165286 type=editText name=Password (optional)
V/nofatclips(  297): Using value: 45
D/nofatclips(  297): Handling event selectSpinnerItem for items [1,10] on spinner #2131165285 count=10
D/nofatclips(  297): Handling input 'writeText' on widget id=2131165236 type=editText name=Title
V/nofatclips(  297): Using value: 90
D/nofatclips(  297): Handling input 'writeText' on widget id=2131165268 type=editText name=Tags (separate tags with commas)
V/nofatclips(  297): Using value: 85
D/nofatclips(  297): Handling input 'writeText' on widget id=2131165286 type=editText name=Password (optional)
V/nofatclips(  297): Using value: 45
D/nofatclips(  297): Handling input 'writeText' on widget id=2131165236 type=editText name=Title
V/nofatclips(  297): Using value: 90
D/nofatclips(  297): Handling input 'writeText' on widget id=2131165268 type=editText name=Tags (separate tags with commas)
V/nofatclips(  297): Using value: 85
D/nofatclips(  297): Handling input 'writeText' on widget id=2131165286 type=editText name=Password (optional)
V/nofatclips(  297): Using value: 45
D/nofatclips(  297): Handling input 'writeText' on widget id=2131165236 type=editText name=Title
V/nofatclips(  297): Using value: 90
D/nofatclips(  297): Handling input 'writeText' on widget id=2131165268 type=editText name=Tags (separate tags with commas)
V/nofatclips(  297): Using value: 85
D/nofatclips(  297): Handling input 'writeText' on widget id=2131165286 type=editText name=Password (optional)
V/nofatclips(  297): Using value: 45
D/nofatclips(  297): Handling input 'writeText' on widget id=2131165236 type=editText name=Title
V/nofatclips(  297): Using value: 90
D/nofatclips(  297): Handling input 'writeText' on widget id=2131165268 type=editText name=Tags (separate tags with commas)
V/nofatclips(  297): Using value: 85
D/nofatclips(  297): Handling input 'writeText' on widget id=2131165286 type=editText name=Password (optional)
V/nofatclips(  297): Using value: 45
D/nofatclips(  297): Handling input 'writeText' on widget id=2131165236 type=editText name=Title
V/nofatclips(  297): Using value: 90
D/nofatclips(  297): Handling input 'writeText' on widget id=2131165268 type=editText name=Tags (separate tags with commas)
V/nofatclips(  297): Using value: 85
D/nofatclips(  297): Handling input 'writeText' on widget id=2131165286 type=editText name=Password (optional)
V/nofatclips(  297): Using value: 45
D/nofatclips(  297): Handling input 'writeText' on widget id=2131165236 type=editText name=Title
V/nofatclips(  297): Using value: 90
D/nofatclips(  297): Handling input 'writeText' on widget id=2131165268 type=editText name=Tags (separate tags with commas)
V/nofatclips(  297): Using value: 85
D/nofatclips(  297): Handling input 'writeText' on widget id=2131165286 type=editText name=Password (optional)
V/nofatclips(  297): Using value: 45
D/nofatclips(  297): Handling input 'writeText' on widget id=2131165236 type=editText name=Title
V/nofatclips(  297): Using value: 90
D/nofatclips(  297): Handling input 'writeText' on widget id=2131165268 type=editText name=Tags (separate tags with commas)
V/nofatclips(  297): Using value: 85
D/nofatclips(  297): Handling input 'writeText' on widget id=2131165286 type=editText name=Password (optional)
V/nofatclips(  297): Using value: 45
D/nofatclips(  297): Handling input 'writeText' on widget id=2131165236 type=editText name=Title
V/nofatclips(  297): Using value: 90
D/nofatclips(  297): Handling input 'writeText' on widget id=2131165268 type=editText name=Tags (separate tags with commas)
V/nofatclips(  297): Using value: 85
D/nofatclips(  297): Handling input 'writeText' on widget id=2131165286 type=editText name=Password (optional)
V/nofatclips(  297): Using value: 45
D/nofatclips(  297): Handling input 'writeText' on widget id=2131165236 type=editText name=Title
V/nofatclips(  297): Using value: 90
D/nofatclips(  297): Handling input 'writeText' on widget id=2131165268 type=editText name=Tags (separate tags with commas)
V/nofatclips(  297): Using value: 85
D/nofatclips(  297): Handling input 'writeText' on widget id=2131165286 type=editText name=Password (optional)
V/nofatclips(  297): Using value: 45
D/nofatclips(  297): Handling input 'writeText' on widget id=2131165236 type=editText name=Title
V/nofatclips(  297): Using value: 90
D/nofatclips(  297): Handling input 'writeText' on widget id=2131165268 type=editText name=Tags (separate tags with commas)
V/nofatclips(  297): Using value: 85
D/nofatclips(  297): Handling input 'writeText' on widget id=2131165286 type=editText name=Password (optional)
V/nofatclips(  297): Using value: 45
D/nofatclips(  297): Handling event 'click' on widget id=2131165287 type=button name=Publish
D/nofatclips(  297): Handling input 'writeText' on widget id=2131165236 type=editText name=Title
V/nofatclips(  297): Using value: 90
D/nofatclips(  297): Handling input 'writeText' on widget id=2131165268 type=editText name=Tags (separate tags with commas)
V/nofatclips(  297): Using value: 85
D/nofatclips(  297): Handling input 'writeText' on widget id=2131165286 type=editText name=Password (optional)
V/nofatclips(  297): Using value: 45
I/nofatclips(  297): Created trace to press the back button
I/nofatclips(  297): Created trace to press the menu button
I/nofatclips(  297): Created trace to change orientation
D/dalvikvm(  297): GC_CONCURRENT freed 1449K, 49% free 4253K/8327K, external 4233K/5286K, paused 4ms+10ms
I/nofatclips(  297): Check for termination: 91 steps left of 100
I/nofatclips(  297): Dispatching new task. 2 more tasks remaining.
D/nofatclips(  297): Performing backup of the old task list on disk
D/nofatclips(  297): Saving task list on disk
V/nofatclips(  297): Backing up trace #90 to disk.
V/nofatclips(  297): Backing up trace #91 to disk.
D/nofatclips(  297): Deleting backup of the old task list from disk
D/nofatclips(  297): Deleting backup of the old activity list from disk
I/nofatclips(  297): Incrementally Playing Trace 91
D/nofatclips(  297): Setting input: type= writeText id=2131165236 value=90
D/nofatclips(  297): Added to return list id=2131165236
I/nofatclips(  297): Retrieved from return list id=2131165236
D/nofatclips(  297): Testing for type (android.widget.EditText) against the original (android.widget.EditText)
D/nofatclips(  297): Testing for name (Title) against the original (Title)
W/KeyCharacterMap(  297): No keyboard for id 0
W/KeyCharacterMap(  297): Using default keymap: /system/usr/keychars/qwerty.kcm.bin
D/nofatclips(  297): Setting input: type= writeText id=2131165268 value=85
D/nofatclips(  297): Added to return list id=2131165268
I/nofatclips(  297): Retrieved from return list id=2131165268
D/nofatclips(  297): Testing for type (android.widget.EditText) against the original (android.widget.EditText)
D/nofatclips(  297): Testing for name (Tags (separate tags with commas)) against the original (Tags (separate tags with commas))
D/nofatclips(  297): Setting input: type= writeText id=2131165286 value=45
D/nofatclips(  297): Added to return list id=2131165286
I/nofatclips(  297): Retrieved from return list id=2131165286
D/nofatclips(  297): Testing for type (android.widget.EditText) against the original (android.widget.EditText)
D/nofatclips(  297): Testing for name (Password (optional)) against the original (Password (optional))
I/nofatclips(  297): Retrieved from return list id=2131165265
D/nofatclips(  297): Testing for type (org.wordpress.android.util.WPEditText) against the original (org.wordpress.android.util.WPEditText)
D/nofatclips(  297): Testing for name (Content) against the original (Content)
I/nofatclips(  297): Firing event: type= focus index=10 widget=org.wordpress.android.util.WPEditText
I/ActivityManager(   62): Starting: Intent { flg=0x10000 cmp=org.wordpress.android/.EditContent } from pid 297
I/ActivityManager(   62): Displayed org.wordpress.android/.EditContent: +893ms
D/nofatclips(  297): Event description: 
D/dalvikvm(  297): GC_CONCURRENT freed 2046K, 53% free 4157K/8839K, external 3638K/4537K, paused 16ms+17ms
I/nofatclips(  297): Waiting for 100 msec.
I/nofatclips(  297): Current activity is EditContent
I/nofatclips(  297): Retrieving widgets
D/nofatclips(  297): Found widget: id=16908290 (android.widget.FrameLayout@4084cb18)
D/nofatclips(  297): Found widget: id=-1 (android.widget.LinearLayout@4084d6f0)
D/nofatclips(  297): Found widget: id=-1 (android.widget.LinearLayout@4084d910)
D/nofatclips(  297): Found widget: id=2131165265 (org.wordpress.android.util.WPEditText@4084dbb0): 
D/nofatclips(  297): Found widget: id=2131165289 (android.widget.RelativeLayout@4084ed20)
D/nofatclips(  297): Found widget: id=-1 (android.widget.HorizontalScrollView@408506c0)
D/nofatclips(  297): Found widget: id=-1 (android.widget.RelativeLayout@40850ff0)
D/nofatclips(  297): Found widget: id=2131165290 (android.widget.ToggleButton@408516c8): B
D/nofatclips(  297): Found widget: id=2131165291 (android.widget.ToggleButton@40853020): I 
D/nofatclips(  297): Found widget: id=2131165292 (android.widget.ToggleButton@40853b08):  U 
D/nofatclips(  297): Found widget: id=2131165293 (android.widget.ToggleButton@408550e0):  ABC 
D/nofatclips(  297): Found widget: id=2131165294 (android.widget.Button@40855e20):  link 
D/nofatclips(  297): Found widget: id=2131165295 (android.widget.ToggleButton@40856a30): "
D/nofatclips(  297): Found widget: id=2131165296 (android.widget.Button@40857528): More
D/nofatclips(  297): Found widget: id=2131165297 (android.widget.ImageButton@40858020)
D/nofatclips(  297): Found widget: id=-1 (com.android.internal.policy.impl.PhoneWindow$DecorView@4084c810)
V/ReflectionHelper(  297): org.wordpress.android.util.WPEditText > mOnFocusChangeListener FOUND | ACTIVE
V/nicola  (  297): TextualID : postContent
V/nicola  (  297): ContentType detected : default
V/nicola  (  297): TextualID : bold
V/nicola  (  297): ContentType detected : default
V/nicola  (  297): TextualID : em
V/nicola  (  297): ContentType detected : default
V/nicola  (  297): TextualID : underline
V/nicola  (  297): ContentType detected : default
V/nicola  (  297): TextualID : strike
V/nicola  (  297): ContentType detected : default
V/nicola  (  297): TextualID : link
V/nicola  (  297): ContentType detected : default
V/nicola  (  297): TextualID : bquote
V/nicola  (  297): ContentType detected : default
V/nicola  (  297): TextualID : more
V/nicola  (  297): ContentType detected : default
I/nofatclips(  297): Performing comparation for activity EditContent
D/nofatclips(  297): Comparing against activity Comments
D/nofatclips(  297): Comparing against activity Comments
D/nofatclips(  297): Comparing against activity Comments
D/nofatclips(  297): Comparing against activity EditPost
D/nofatclips(  297): Comparing against activity Comments
D/nofatclips(  297): Comparing against activity EditPost
D/nofatclips(  297): Comparing against activity Comments
D/nofatclips(  297): Comparing against activity Comments
I/nofatclips(  297): Registering activity EditContent (id: a11) as a new found state
D/nofatclips(  297): Performing backup of the old activity list on disk
D/nofatclips(  297): Saving new found state 'a11' on disk
V/nofatclips(  297): Opening state file in append mode.
D/dalvikvm(  297): GC_EXTERNAL_ALLOC freed 926K, 53% free 4168K/8839K, external 4235K/4537K, paused 241ms
I/nofatclips(  297): Saved image on disk: a11.jpg
I/nofatclips(  297): Waiting for 100 msec.
I/nofatclips(  297): Session count is 1. Will dump to disk at 1
I/nofatclips(  297): Saving the session on disk.
I/nofatclips(  297): Planning for new Activity EditContent
D/nofatclips(  297): Handling event 'focus' on widget id=2131165265 type=focusableEditText name=Content
D/nofatclips(  297): Handling event 'click' on widget id=2131165290 type=toggle name=B
D/nofatclips(  297): Handling event 'click' on widget id=2131165291 type=toggle name=I 
D/nofatclips(  297): Handling event 'click' on widget id=2131165292 type=toggle name= U 
D/nofatclips(  297): Handling event 'click' on widget id=2131165293 type=toggle name= ABC 
D/nofatclips(  297): Handling event 'click' on widget id=2131165294 type=button name= link 
D/nofatclips(  297): Handling event 'click' on widget id=2131165295 type=toggle name="
D/nofatclips(  297): Handling event 'click' on widget id=2131165296 type=button name=More
D/nofatclips(  297): Handling event 'click' on widget id=2131165297 type=button name=
I/nofatclips(  297): Created trace to press the back button
I/nofatclips(  297): Created trace to press the menu button
I/nofatclips(  297): Created trace to change orientation
I/nofatclips(  297): Check for termination: 90 steps left of 100
I/nofatclips(  297): Dispatching new task. 2 more tasks remaining.
D/nofatclips(  297): Performing backup of the old task list on disk
D/nofatclips(  297): Saving task list on disk
V/nofatclips(  297): Backing up trace #102 to disk.
D/dalvikvm(  297): GC_CONCURRENT freed 1690K, 53% free 4224K/8839K, external 4835K/6038K, paused 4ms+4ms
V/nofatclips(  297): Backing up trace #103 to disk.
D/nofatclips(  297): Deleting backup of the old task list from disk
D/nofatclips(  297): Deleting backup of the old activity list from disk
I/nofatclips(  297): Incrementally Playing Trace 103
I/nofatclips(  297): Retrieved from return list id=16908290
D/nofatclips(  297): Testing for type (android.widget.FrameLayout) against the original (null)
I/nofatclips(  297): Firing event: type= changeOrientation name= widget=null
I/WindowManager(   62): Setting rotation to 0, animFlags=1
I/ActivityManager(   62): Config changed: { scale=1.0 imsi=310/260 loc=en_US touch=3 keys=2/1/2 nav=1/1 orien=1 layout=18 uiMode=17 seq=8}
I/nofatclips(  297): Waiting for 100 msec.
I/nofatclips(  297): Current activity is EditContent
I/nofatclips(  297): Retrieving widgets
D/nofatclips(  297): Found widget: id=16908290 (android.widget.FrameLayout@4084cb18)
D/nofatclips(  297): Found widget: id=-1 (android.widget.LinearLayout@4084d6f0)
D/nofatclips(  297): Found widget: id=-1 (android.widget.LinearLayout@4084d910)
D/nofatclips(  297): Found widget: id=2131165265 (org.wordpress.android.util.WPEditText@4084dbb0): 
D/nofatclips(  297): Found widget: id=2131165289 (android.widget.RelativeLayout@4084ed20)
D/nofatclips(  297): Found widget: id=-1 (android.widget.HorizontalScrollView@408506c0)
D/nofatclips(  297): Found widget: id=-1 (android.widget.RelativeLayout@40850ff0)
D/nofatclips(  297): Found widget: id=2131165290 (android.widget.ToggleButton@408516c8): B
D/nofatclips(  297): Found widget: id=2131165291 (android.widget.ToggleButton@40853020): I 
D/nofatclips(  297): Found widget: id=2131165292 (android.widget.ToggleButton@40853b08):  U 
D/nofatclips(  297): Found widget: id=2131165293 (android.widget.ToggleButton@408550e0):  ABC 
D/nofatclips(  297): Found widget: id=2131165294 (android.widget.Button@40855e20):  link 
D/nofatclips(  297): Found widget: id=2131165295 (android.widget.ToggleButton@40856a30): "
D/nofatclips(  297): Found widget: id=2131165296 (android.widget.Button@40857528): More
D/nofatclips(  297): Found widget: id=2131165297 (android.widget.ImageButton@40858020)
D/nofatclips(  297): Found widget: id=-1 (com.android.internal.policy.impl.PhoneWindow$DecorView@4084c810)
V/ReflectionHelper(  297): org.wordpress.android.util.WPEditText > mOnFocusChangeListener FOUND | ACTIVE
V/nicola  (  297): TextualID : postContent
V/nicola  (  297): ContentType detected : default
V/nicola  (  297): TextualID : bold
V/nicola  (  297): ContentType detected : default
V/nicola  (  297): TextualID : em
V/nicola  (  297): ContentType detected : default
V/nicola  (  297): TextualID : underline
V/nicola  (  297): ContentType detected : default
V/nicola  (  297): TextualID : strike
V/nicola  (  297): ContentType detected : default
V/nicola  (  297): TextualID : link
V/nicola  (  297): ContentType detected : default
V/nicola  (  297): TextualID : bquote
V/nicola  (  297): ContentType detected : default
V/nicola  (  297): TextualID : more
V/nicola  (  297): ContentType detected : default
I/nofatclips(  297): Performing comparation for activity EditContent
D/nofatclips(  297): Comparing against activity Comments
D/nofatclips(  297): Comparing against activity Comments
D/nofatclips(  297): Comparing against activity Comments
D/nofatclips(  297): Comparing against activity EditPost
D/nofatclips(  297): Comparing against activity Comments
D/nofatclips(  297): Comparing against activity EditPost
D/nofatclips(  297): Comparing against activity EditContent
D/nofatclips(  297): Comparing against activity Comments
D/nofatclips(  297): Comparing against activity Comments
I/nofatclips(  297): Registering activity EditContent (id: a12) as a new found state
D/nofatclips(  297): Performing backup of the old activity list on disk
D/nofatclips(  297): Saving new found state 'a12' on disk
V/nofatclips(  297): Opening state file in append mode.
I/nofatclips(  297): Saved image on disk: a12.jpg
I/nofatclips(  297): Waiting for 100 msec.
I/nofatclips(  297): Session count is 1. Will dump to disk at 1
I/nofatclips(  297): Saving the session on disk.
I/nofatclips(  297): Planning for new Activity EditContent
D/nofatclips(  297): Handling event 'focus' on widget id=2131165265 type=focusableEditText name=Content
D/nofatclips(  297): Handling event 'click' on widget id=2131165290 type=toggle name=B
D/nofatclips(  297): Handling event 'click' on widget id=2131165291 type=toggle name=I 
D/nofatclips(  297): Handling event 'click' on widget id=2131165292 type=toggle name= U 
D/nofatclips(  297): Handling event 'click' on widget id=2131165293 type=toggle name= ABC 
D/nofatclips(  297): Handling event 'click' on widget id=2131165294 type=button name= link 
D/nofatclips(  297): Handling event 'click' on widget id=2131165295 type=toggle name="
D/dalvikvm(   62): GC_EXPLICIT freed 121K, 46% free 4133K/7559K, external 1316K/1828K, paused 301ms
D/nofatclips(  297): Handling event 'click' on widget id=2131165296 type=button name=More
D/nofatclips(  297): Handling event 'click' on widget id=2131165297 type=button name=
I/nofatclips(  297): Created trace to press the back button
I/nofatclips(  297): Created trace to press the menu button
I/nofatclips(  297): Created trace to change orientation
D/dalvikvm(  297): GC_CONCURRENT freed 1970K, 52% free 4328K/8903K, external 4835K/5288K, paused 4ms+5ms
I/nofatclips(  297): Check for termination: 89 steps left of 100
I/nofatclips(  297): Dispatching new task. 2 more tasks remaining.
D/nofatclips(  297): Performing backup of the old task list on disk
D/nofatclips(  297): Saving task list on disk
V/nofatclips(  297): Backing up trace #114 to disk.
V/nofatclips(  297): Backing up trace #115 to disk.
D/nofatclips(  297): Deleting backup of the old task list from disk
D/nofatclips(  297): Deleting backup of the old activity list from disk
I/nofatclips(  297): Incrementally Playing Trace 115
I/nofatclips(  297): Retrieved from return list id=2131165295
D/nofatclips(  297): Testing for type (android.widget.ToggleButton) against the original (android.widget.ToggleButton)
D/nofatclips(  297): Testing for name (") against the original (")
I/nofatclips(  297): Firing event: type= click index=12 widget=android.widget.ToggleButton
W/KeyCharacterMap(  297): No keyboard for id 0
W/KeyCharacterMap(  297): Using default keymap: /system/usr/keychars/qwerty.kcm.bin
D/nofatclips(  297): Event description: "
D/dalvikvm(  114): GC_EXTERNAL_ALLOC freed 206K, 47% free 3243K/6087K, external 1037K/1038K, paused 526ms
I/nofatclips(  297): Waiting for 100 msec.
I/nofatclips(  297): Current activity is EditContent
I/nofatclips(  297): Retrieving widgets
D/nofatclips(  297): Found widget: id=16908290 (android.widget.FrameLayout@4084cb18)
D/nofatclips(  297): Found widget: id=-1 (android.widget.LinearLayout@4084d6f0)
D/nofatclips(  297): Found widget: id=-1 (android.widget.LinearLayout@4084d910)
D/nofatclips(  297): Found widget: id=2131165265 (org.wordpress.android.util.WPEditText@4084dbb0): 
D/nofatclips(  297): Found widget: id=2131165289 (android.widget.RelativeLayout@4084ed20)
D/nofatclips(  297): Found widget: id=-1 (android.widget.HorizontalScrollView@408506c0)
D/nofatclips(  297): Found widget: id=-1 (android.widget.RelativeLayout@40850ff0)
D/nofatclips(  297): Found widget: id=2131165290 (android.widget.ToggleButton@408516c8): B
D/nofatclips(  297): Found widget: id=2131165291 (android.widget.ToggleButton@40853020): I 
D/nofatclips(  297): Found widget: id=2131165292 (android.widget.ToggleButton@40853b08):  U 
D/nofatclips(  297): Found widget: id=2131165293 (android.widget.ToggleButton@408550e0):  ABC 
D/nofatclips(  297): Found widget: id=2131165294 (android.widget.Button@40855e20):  link 
D/nofatclips(  297): Found widget: id=2131165295 (android.widget.ToggleButton@40856a30): "
D/nofatclips(  297): Found widget: id=2131165296 (android.widget.Button@40857528): More
D/nofatclips(  297): Found widget: id=2131165297 (android.widget.ImageButton@40858020)
D/nofatclips(  297): Found widget: id=-1 (com.android.internal.policy.impl.PhoneWindow$DecorView@4084c810)
V/ReflectionHelper(  297): org.wordpress.android.util.WPEditText > mOnFocusChangeListener FOUND | ACTIVE
V/nicola  (  297): TextualID : postContent
V/nicola  (  297): ContentType detected : default
V/nicola  (  297): TextualID : bold
V/nicola  (  297): ContentType detected : default
V/nicola  (  297): TextualID : em
V/nicola  (  297): ContentType detected : default
V/nicola  (  297): TextualID : underline
V/nicola  (  297): ContentType detected : default
V/nicola  (  297): TextualID : strike
V/nicola  (  297): ContentType detected : default
V/nicola  (  297): TextualID : link
V/nicola  (  297): ContentType detected : default
V/nicola  (  297): TextualID : bquote
V/nicola  (  297): ContentType detected : default
V/nicola  (  297): TextualID : more
V/nicola  (  297): ContentType detected : default
I/nofatclips(  297): Performing comparation for activity EditContent
D/nofatclips(  297): Comparing against activity Comments
D/nofatclips(  297): Comparing against activity Comments
D/nofatclips(  297): Comparing against activity Comments
D/nofatclips(  297): Comparing against activity EditPost
D/nofatclips(  297): Comparing against activity EditContent
D/nofatclips(  297): Comparing against activity Comments
D/nofatclips(  297): Comparing against activity EditPost
D/nofatclips(  297): Comparing against activity EditContent
D/nofatclips(  297): Comparing against activity Comments
D/nofatclips(  297): Comparing against activity Comments
I/nofatclips(  297): Registering activity EditContent (id: a13) as a new found state
D/nofatclips(  297): Performing backup of the old activity list on disk
D/nofatclips(  297): Saving new found state 'a13' on disk
V/nofatclips(  297): Opening state file in append mode.
D/dalvikvm(  297): GC_EXTERNAL_ALLOC freed 1377K, 53% free 4225K/8903K, external 4235K/4544K, paused 163ms
I/nofatclips(  297): Saved image on disk: a13.jpg
I/nofatclips(  297): Waiting for 100 msec.
I/nofatclips(  297): Session count is 1. Will dump to disk at 1
I/nofatclips(  297): Saving the session on disk.
I/nofatclips(  297): Planning for new Activity EditContent
D/nofatclips(  297): Handling event 'focus' on widget id=2131165265 type=focusableEditText name=Content
D/nofatclips(  297): Handling event 'click' on widget id=2131165290 type=toggle name=B
D/nofatclips(  297): Handling event 'click' on widget id=2131165291 type=toggle name=I 
D/nofatclips(  297): Handling event 'click' on widget id=2131165292 type=toggle name= U 
D/nofatclips(  297): Handling event 'click' on widget id=2131165293 type=toggle name= ABC 
D/nofatclips(  297): Handling event 'click' on widget id=2131165294 type=button name= link 
D/dalvikvm(  114): GC_EXTERNAL_ALLOC freed 78K, 45% free 3362K/6087K, external 1551K/1554K, paused 523ms
D/nofatclips(  297): Handling event 'click' on widget id=2131165295 type=toggle name="
D/nofatclips(  297): Handling event 'click' on widget id=2131165296 type=button name=More
D/nofatclips(  297): Handling event 'click' on widget id=2131165297 type=button name=
I/nofatclips(  297): Created trace to press the back button
I/nofatclips(  297): Created trace to press the menu button
I/nofatclips(  297): Created trace to change orientation
D/dalvikvm(  114): GC_EXTERNAL_ALLOC freed 24K, 45% free 3388K/6087K, external 2067K/2077K, paused 276ms
I/nofatclips(  297): Check for termination: 88 steps left of 100
I/nofatclips(  297): Dispatching new task. 2 more tasks remaining.
D/nofatclips(  297): Performing backup of the old task list on disk
D/nofatclips(  297): Saving task list on disk
V/nofatclips(  297): Backing up trace #126 to disk.
V/nofatclips(  297): Backing up trace #127 to disk.
D/dalvikvm(  114): GC_CONCURRENT freed 46K, 44% free 3464K/6151K, external 2317K/2598K, paused 3ms+12ms
D/dalvikvm(  297): GC_CONCURRENT freed 2094K, 53% free 4326K/9031K, external 4835K/6038K, paused 4ms+3ms
D/nofatclips(  297): Deleting backup of the old task list from disk
D/nofatclips(  297): Deleting backup of the old activity list from disk
I/nofatclips(  297): Incrementally Playing Trace 127
I/nofatclips(  297): Retrieved from return list id=16908290
D/nofatclips(  297): Testing for type (android.widget.FrameLayout) against the original (null)
I/nofatclips(  297): Firing event: type= changeOrientation name= widget=null
D/dalvikvm(  114): GC_EXTERNAL_ALLOC freed 62K, 44% free 3468K/6151K, external 2525K/2598K, paused 38ms
I/WindowManager(   62): Setting rotation to 1, animFlags=1
I/ActivityManager(   62): Config changed: { scale=1.0 imsi=310/260 loc=en_US touch=3 keys=2/1/2 nav=1/1 orien=2 layout=18 uiMode=17 seq=9}
I/nofatclips(  297): Waiting for 100 msec.
I/nofatclips(  297): Current activity is EditContent
I/nofatclips(  297): Retrieving widgets
D/nofatclips(  297): Found widget: id=16908290 (android.widget.FrameLayout@4084cb18)
D/nofatclips(  297): Found widget: id=-1 (android.widget.LinearLayout@4084d6f0)
D/nofatclips(  297): Found widget: id=-1 (android.widget.LinearLayout@4084d910)
D/nofatclips(  297): Found widget: id=2131165265 (org.wordpress.android.util.WPEditText@4084dbb0): 
D/nofatclips(  297): Found widget: id=2131165289 (android.widget.RelativeLayout@4084ed20)
D/nofatclips(  297): Found widget: id=-1 (android.widget.HorizontalScrollView@408506c0)
D/nofatclips(  297): Found widget: id=-1 (android.widget.RelativeLayout@40850ff0)
D/nofatclips(  297): Found widget: id=2131165290 (android.widget.ToggleButton@408516c8): B
D/nofatclips(  297): Found widget: id=2131165291 (android.widget.ToggleButton@40853020): I 
D/nofatclips(  297): Found widget: id=2131165292 (android.widget.ToggleButton@40853b08):  U 
D/nofatclips(  297): Found widget: id=2131165293 (android.widget.ToggleButton@408550e0):  ABC 
D/nofatclips(  297): Found widget: id=2131165294 (android.widget.Button@40855e20):  link 
D/nofatclips(  297): Found widget: id=2131165295 (android.widget.ToggleButton@40856a30): "
D/nofatclips(  297): Found widget: id=2131165296 (android.widget.Button@40857528): More
D/nofatclips(  297): Found widget: id=2131165297 (android.widget.ImageButton@40858020)
D/nofatclips(  297): Found widget: id=-1 (com.android.internal.policy.impl.PhoneWindow$DecorView@4084c810)
V/ReflectionHelper(  297): org.wordpress.android.util.WPEditText > mOnFocusChangeListener FOUND | ACTIVE
V/nicola  (  297): TextualID : postContent
V/nicola  (  297): ContentType detected : default
V/nicola  (  297): TextualID : bold
V/nicola  (  297): ContentType detected : default
V/nicola  (  297): TextualID : em
V/nicola  (  297): ContentType detected : default
V/nicola  (  297): TextualID : underline
V/nicola  (  297): ContentType detected : default
V/nicola  (  297): TextualID : strike
V/nicola  (  297): ContentType detected : default
V/nicola  (  297): TextualID : link
V/nicola  (  297): ContentType detected : default
V/nicola  (  297): TextualID : bquote
V/nicola  (  297): ContentType detected : default
V/nicola  (  297): TextualID : more
V/nicola  (  297): ContentType detected : default
I/nofatclips(  297): Performing comparation for activity EditContent
D/nofatclips(  297): Comparing against activity Comments
D/nofatclips(  297): Comparing against activity Comments
D/nofatclips(  297): Comparing against activity Comments
D/nofatclips(  297): Comparing against activity EditPost
D/nofatclips(  297): Comparing against activity EditContent
D/nofatclips(  297): Comparing against activity EditContent
D/nofatclips(  297): Comparing against activity Comments
D/nofatclips(  297): Comparing against activity EditPost
D/nofatclips(  297): Comparing against activity EditContent
D/nofatclips(  297): Comparing against activity Comments
D/nofatclips(  297): Comparing against activity Comments
I/nofatclips(  297): Registering activity EditContent (id: a14) as a new found state
D/nofatclips(  297): Performing backup of the old activity list on disk
D/nofatclips(  297): Saving new found state 'a14' on disk
V/nofatclips(  297): Opening state file in append mode.
I/nofatclips(  297): Saved image on disk: a14.jpg
I/nofatclips(  297): Waiting for 100 msec.
I/nofatclips(  297): Session count is 1. Will dump to disk at 1
I/nofatclips(  297): Saving the session on disk.
I/nofatclips(  297): Planning for new Activity EditContent
D/nofatclips(  297): Handling event 'focus' on widget id=2131165265 type=focusableEditText name=Content
D/nofatclips(  297): Handling event 'click' on widget id=2131165290 type=toggle name=B
D/nofatclips(  297): Handling event 'click' on widget id=2131165291 type=toggle name=I 
D/nofatclips(  297): Handling event 'click' on widget id=2131165292 type=toggle name= U 
D/nofatclips(  297): Handling event 'click' on widget id=2131165293 type=toggle name= ABC 
D/nofatclips(  297): Handling event 'click' on widget id=2131165294 type=button name= link 
D/nofatclips(  297): Handling event 'click' on widget id=2131165295 type=toggle name="
D/nofatclips(  297): Handling event 'click' on widget id=2131165296 type=button name=More
D/nofatclips(  297): Handling event 'click' on widget id=2131165297 type=button name=
I/nofatclips(  297): Created trace to press the back button
I/nofatclips(  297): Created trace to press the menu button
I/nofatclips(  297): Created trace to change orientation
D/dalvikvm(   62): GC_EXPLICIT freed 21K, 46% free 4127K/7559K, external 1316K/1828K, paused 160ms
D/dalvikvm(  297): GC_CONCURRENT freed 1987K, 52% free 4387K/9031K, external 4835K/5288K, paused 3ms+5ms
I/nofatclips(  297): Check for termination: 87 steps left of 100
I/nofatclips(  297): Dispatching new task. 2 more tasks remaining.
D/nofatclips(  297): Performing backup of the old task list on disk
D/nofatclips(  297): Saving task list on disk
V/nofatclips(  297): Backing up trace #138 to disk.
V/nofatclips(  297): Backing up trace #139 to disk.
D/nofatclips(  297): Deleting backup of the old task list from disk
D/nofatclips(  297): Deleting backup of the old activity list from disk
I/nofatclips(  297): Incrementally Playing Trace 139
I/nofatclips(  297): Retrieved from return list id=2131165265
D/nofatclips(  297): Testing for type (org.wordpress.android.util.WPEditText) against the original (org.wordpress.android.util.WPEditText)
D/nofatclips(  297): Testing for name (Content) against the original (Content)
I/nofatclips(  297): Firing event: type= focus index=3 widget=org.wordpress.android.util.WPEditText
W/KeyCharacterMap(  297): No keyboard for id 0
W/KeyCharacterMap(  297): Using default keymap: /system/usr/keychars/qwerty.kcm.bin
D/nofatclips(  297): Event description: 
I/nofatclips(  297): Waiting for 100 msec.
I/nofatclips(  297): Current activity is EditContent
I/nofatclips(  297): Retrieving widgets
D/nofatclips(  297): Found widget: id=16908290 (android.widget.FrameLayout@4084cb18)
D/nofatclips(  297): Found widget: id=-1 (android.widget.LinearLayout@4084d6f0)
D/nofatclips(  297): Found widget: id=-1 (android.widget.LinearLayout@4084d910)
D/nofatclips(  297): Found widget: id=2131165265 (org.wordpress.android.util.WPEditText@4084dbb0): 
D/nofatclips(  297): Found widget: id=2131165289 (android.widget.RelativeLayout@4084ed20)
D/nofatclips(  297): Found widget: id=-1 (android.widget.HorizontalScrollView@408506c0)
D/nofatclips(  297): Found widget: id=-1 (android.widget.RelativeLayout@40850ff0)
D/nofatclips(  297): Found widget: id=2131165290 (android.widget.ToggleButton@408516c8): B
D/nofatclips(  297): Found widget: id=2131165291 (android.widget.ToggleButton@40853020): I 
D/nofatclips(  297): Found widget: id=2131165292 (android.widget.ToggleButton@40853b08):  U 
D/nofatclips(  297): Found widget: id=2131165293 (android.widget.ToggleButton@408550e0):  ABC 
D/nofatclips(  297): Found widget: id=2131165294 (android.widget.Button@40855e20):  link 
D/nofatclips(  297): Found widget: id=2131165295 (android.widget.ToggleButton@40856a30): "
D/nofatclips(  297): Found widget: id=2131165296 (android.widget.Button@40857528): More
D/nofatclips(  297): Found widget: id=2131165297 (android.widget.ImageButton@40858020)
D/nofatclips(  297): Found widget: id=-1 (com.android.internal.policy.impl.PhoneWindow$DecorView@4084c810)
V/ReflectionHelper(  297): org.wordpress.android.util.WPEditText > mOnFocusChangeListener FOUND | ACTIVE
V/nicola  (  297): TextualID : postContent
V/nicola  (  297): ContentType detected : default
V/nicola  (  297): TextualID : bold
V/nicola  (  297): ContentType detected : default
V/nicola  (  297): TextualID : em
V/nicola  (  297): ContentType detected : default
V/nicola  (  297): TextualID : underline
V/nicola  (  297): ContentType detected : default
V/nicola  (  297): TextualID : strike
V/nicola  (  297): ContentType detected : default
V/nicola  (  297): TextualID : link
V/nicola  (  297): ContentType detected : default
V/nicola  (  297): TextualID : bquote
V/nicola  (  297): ContentType detected : default
V/nicola  (  297): TextualID : more
V/nicola  (  297): ContentType detected : default
I/nofatclips(  297): Performing comparation for activity EditContent
D/nofatclips(  297): Comparing against activity Comments
D/nofatclips(  297): Comparing against activity Comments
D/nofatclips(  297): Comparing against activity Comments
D/nofatclips(  297): Comparing against activity EditPost
D/nofatclips(  297): Comparing against activity EditContent
D/nofatclips(  297): Comparing against activity EditContent
D/nofatclips(  297): Comparing against activity Comments
D/nofatclips(  297): Comparing against activity EditPost
D/nofatclips(  297): Comparing against activity EditContent
D/nofatclips(  297): Comparing against activity EditContent
D/nofatclips(  297): Comparing against activity Comments
D/nofatclips(  297): Comparing against activity Comments
I/nofatclips(  297): Registering activity EditContent (id: a15) as a new found state
D/nofatclips(  297): Performing backup of the old activity list on disk
D/nofatclips(  297): Saving new found state 'a15' on disk
V/nofatclips(  297): Opening state file in append mode.
D/dalvikvm(  297): GC_EXTERNAL_ALLOC freed 1362K, 53% free 4269K/9031K, external 4835K/5288K, paused 225ms
I/nofatclips(  297): Saved image on disk: a15.jpg
I/nofatclips(  297): Waiting for 100 msec.
I/nofatclips(  297): Session count is 1. Will dump to disk at 1
I/nofatclips(  297): Saving the session on disk.
I/nofatclips(  297): Planning for new Activity EditContent
D/nofatclips(  297): Handling event 'focus' on widget id=2131165265 type=focusableEditText name=Content
D/nofatclips(  297): Handling event 'click' on widget id=2131165290 type=toggle name=B
D/nofatclips(  297): Handling event 'click' on widget id=2131165291 type=toggle name=I 
D/nofatclips(  297): Handling event 'click' on widget id=2131165292 type=toggle name= U 
D/nofatclips(  297): Handling event 'click' on widget id=2131165293 type=toggle name= ABC 
D/nofatclips(  297): Handling event 'click' on widget id=2131165294 type=button name= link 
D/nofatclips(  297): Handling event 'click' on widget id=2131165295 type=toggle name="
D/nofatclips(  297): Handling event 'click' on widget id=2131165296 type=button name=More
