D/nofatclips(  297): Handling event 'click' on widget id=2131165297 type=button name=
I/nofatclips(  297): Created trace to press the back button
I/nofatclips(  297): Created trace to press the menu button
I/nofatclips(  297): Created trace to change orientation
I/nofatclips(  297): Check for termination: 86 steps left of 100
I/nofatclips(  297): Dispatching new task. 2 more tasks remaining.
D/nofatclips(  297): Performing backup of the old task list on disk
D/nofatclips(  297): Saving task list on disk
V/nofatclips(  297): Backing up trace #150 to disk.
D/dalvikvm(  297): GC_CONCURRENT freed 2088K, 52% free 4389K/9095K, external 4835K/6038K, paused 4ms+4ms
V/nofatclips(  297): Backing up trace #151 to disk.
D/dalvikvm(  297): GC_FOR_MALLOC freed 222K, 53% free 4339K/9095K, external 4235K/5288K, paused 32ms
D/nofatclips(  297): Deleting backup of the old task list from disk
D/nofatclips(  297): Deleting backup of the old activity list from disk
I/nofatclips(  297): Incrementally Playing Trace 151
I/nofatclips(  297): Retrieved from return list id=2131165297
D/nofatclips(  297): Testing for type (android.widget.ImageButton) against the original (android.widget.ImageButton)
D/nofatclips(  297): Testing for name () against the original ()
I/nofatclips(  297): Firing event: type= click index=14 widget=android.widget.ImageButton
W/KeyCharacterMap(  297): No keyboard for id 0
W/KeyCharacterMap(  297): Using default keymap: /system/usr/keychars/qwerty.kcm.bin
I/nofatclips(  297): Waiting for 100 msec.
I/nofatclips(  297): Current activity is EditContent
I/nofatclips(  297): Retrieving widgets
D/nofatclips(  297): Found widget: id=16908290 (android.widget.FrameLayout@40818010)
D/nofatclips(  297): Found widget: id=16908666 (com.android.internal.widget.WeightedLinearLayout@40832308)
D/nofatclips(  297): Found widget: id=16908667 (android.widget.LinearLayout@40839a80)
D/nofatclips(  297): Found widget: id=16908668 (android.widget.LinearLayout@4083aa90)
D/nofatclips(  297): Found widget: id=16908294 (android.widget.ImageView@4083bb48)
D/nofatclips(  297): Found widget: id=16908669 (com.android.internal.widget.DialogTitle@40715218): 
D/nofatclips(  297): Found widget: id=16908670 (android.widget.ImageView@4083cb58)
D/nofatclips(  297): Found widget: id=16908671 (android.widget.LinearLayout@4083dc10)
D/nofatclips(  297): Found widget: id=16908823 (com.android.internal.app.AlertController$RecycleListView@407b1508)
D/nofatclips(  297): Found widget: id=-1 (com.android.internal.view.menu.ListMenuItemView@408529a0)
D/nofatclips(  297): Found widget: id=-1 (android.widget.RelativeLayout@40845b10)
D/nofatclips(  297): Found widget: id=16908310 (android.widget.TextView@406f1100): Select a photo from gallery
D/nofatclips(  297): Found widget: id=16908783 (android.widget.TextView@407b4198): 
D/nofatclips(  297): Found widget: id=-1 (com.android.internal.view.menu.ListMenuItemView@40567178)
D/nofatclips(  297): Found widget: id=-1 (android.widget.RelativeLayout@40851f80)
D/nofatclips(  297): Found widget: id=16908310 (android.widget.TextView@406660b0): Take a new photo
D/nofatclips(  297): Found widget: id=16908783 (android.widget.TextView@405c7f38): 
D/nofatclips(  297): Found widget: id=-1 (com.android.internal.view.menu.ListMenuItemView@405881d0)
D/nofatclips(  297): Found widget: id=-1 (android.widget.RelativeLayout@40869ce8)
D/nofatclips(  297): Found widget: id=16908310 (android.widget.TextView@407db5f8): Select a video from gallery
D/nofatclips(  297): Found widget: id=16908783 (android.widget.TextView@405f3b38): 
D/nofatclips(  297): Found widget: id=-1 (com.android.internal.view.menu.ListMenuItemView@405f38d8)
D/nofatclips(  297): Found widget: id=-1 (android.widget.RelativeLayout@4086ada0)
D/nofatclips(  297): Found widget: id=16908310 (android.widget.TextView@40695218): Take a new video
D/nofatclips(  297): Found widget: id=16908783 (android.widget.TextView@40698700): 
D/nofatclips(  297): Found widget: id=16908673 (android.widget.FrameLayout@4083f8c8)
D/nofatclips(  297): Found widget: id=16908331 (android.widget.FrameLayout@40840690)
D/nofatclips(  297): Found widget: id=16908674 (android.widget.LinearLayout@408417a8)
D/nofatclips(  297): Found widget: id=-1 (android.widget.LinearLayout@40842800)
D/nofatclips(  297): Found widget: id=16908675 (android.widget.LinearLayout@408438b8)
D/nofatclips(  297): Found widget: id=16908313 (android.widget.Button@40776b80): 
D/nofatclips(  297): Found widget: id=16908315 (android.widget.Button@40849b88): 
D/nofatclips(  297): Found widget: id=16908314 (android.widget.Button@4085f850): 
D/nofatclips(  297): Found widget: id=16908676 (android.widget.LinearLayout@408448c8)
D/nofatclips(  297): Found widget: id=-1 (com.android.internal.policy.impl.PhoneWindow$DecorView@40558ae8)
V/ReflectionHelper(  297): com.android.internal.app.AlertController.RecycleListView > mOnFocusChangeListener FOUND | NOT ACTIVE
V/nicola  (  297): TextualID : null
V/nicola  (  297): ContentType detected : default
V/nicola  (  297): TextualID : null
V/nicola  (  297): ContentType detected : default
V/nicola  (  297): TextualID : null
V/nicola  (  297): ContentType detected : default
V/nicola  (  297): TextualID : null
V/nicola  (  297): ContentType detected : default
I/nofatclips(  297): Performing comparation for activity EditContent
D/nofatclips(  297): Comparing against activity Comments
D/nofatclips(  297): Comparing against activity Comments
D/nofatclips(  297): Comparing against activity Comments
D/nofatclips(  297): Comparing against activity EditPost
D/nofatclips(  297): Comparing against activity EditContent
D/nofatclips(  297): Comparing against activity EditContent
D/nofatclips(  297): Comparing against activity Comments
D/nofatclips(  297): Comparing against activity EditPost
D/nofatclips(  297): Comparing against activity EditContent
D/nofatclips(  297): Comparing against activity EditContent
D/nofatclips(  297): Comparing against activity EditContent
D/nofatclips(  297): Comparing against activity Comments
D/nofatclips(  297): Comparing against activity Comments
I/nofatclips(  297): Registering activity EditContent (id: a16) as a new found state
D/nofatclips(  297): Performing backup of the old activity list on disk
D/nofatclips(  297): Saving new found state 'a16' on disk
V/nofatclips(  297): Opening state file in append mode.
D/dalvikvm(  297): GC_EXTERNAL_ALLOC freed 728K, 53% free 4333K/9095K, external 4969K/5288K, paused 115ms
I/nofatclips(  297): Saved image on disk: a16.jpg
I/nofatclips(  297): Waiting for 100 msec.
I/nofatclips(  297): Session count is 1. Will dump to disk at 1
I/nofatclips(  297): Saving the session on disk.
I/nofatclips(  297): Planning for new Activity EditContent
D/nofatclips(  297): Handling event selectListItem for items [1,4] on listView #16908823 count=4
D/nofatclips(  297): Handling event longClickListItem for items [1,4] on listView #16908823 count=4
I/nofatclips(  297): Created trace to press the back button
I/nofatclips(  297): Created trace to press the menu button
I/nofatclips(  297): Created trace to change orientation
D/dalvikvm(  297): GC_CONCURRENT freed 1966K, 52% free 4391K/9095K, external 5522K/6896K, paused 4ms+4ms
I/nofatclips(  297): Check for termination: 85 steps left of 100
I/nofatclips(  297): Dispatching new task. 2 more tasks remaining.
D/nofatclips(  297): Performing backup of the old task list on disk
D/nofatclips(  297): Saving task list on disk
V/nofatclips(  297): Backing up trace #161 to disk.
V/nofatclips(  297): Backing up trace #162 to disk.
D/nofatclips(  297): Deleting backup of the old task list from disk
D/nofatclips(  297): Deleting backup of the old activity list from disk
I/nofatclips(  297): Incrementally Playing Trace 162
I/nofatclips(  297): Retrieved from return list id=16908823
D/nofatclips(  297): Testing for type (com.android.internal.app.AlertController$RecycleListView) against the original (com.android.internal.app.AlertController$RecycleListView)
D/nofatclips(  297): Testing for name () against the original ()
I/nofatclips(  297): Firing event: type= selectListItem index=8 widget=com.android.internal.app.AlertController$RecycleListView
W/KeyCharacterMap(  297): No keyboard for id 0
W/KeyCharacterMap(  297): Using default keymap: /system/usr/keychars/qwerty.kcm.bin
I/nofatclips(  297): Swapping to listview item 2
D/nofatclips(  297): Event description: Take a new photo
I/nofatclips(  297): Waiting for 100 msec.
I/ActivityManager(   62): Starting: Intent { act=android.media.action.IMAGE_CAPTURE cmp=com.android.camera/.Camera (has extras) } from pid 297
I/ActivityManager(   62): Start proc com.android.camera for activity com.android.camera/.Camera: pid=319 uid=10025 gids={1006, 1015}
W/InputManagerService(   62): Window already focused, ignoring focus gain of: com.android.internal.view.IInputMethodClient$Stub$Proxy@40591bf8
I/nofatclips(  297): Current activity is EditContent
I/nofatclips(  297): Retrieving widgets
D/nofatclips(  297): Found widget: id=16908290 (android.widget.FrameLayout@4084cb18)
D/nofatclips(  297): Found widget: id=-1 (android.widget.LinearLayout@4084d6f0)
D/nofatclips(  297): Found widget: id=-1 (android.widget.LinearLayout@4084d910)
D/nofatclips(  297): Found widget: id=2131165265 (org.wordpress.android.util.WPEditText@4084dbb0): 
D/nofatclips(  297): Found widget: id=2131165289 (android.widget.RelativeLayout@4084ed20)
D/nofatclips(  297): Found widget: id=-1 (android.widget.HorizontalScrollView@408506c0)
D/nofatclips(  297): Found widget: id=-1 (android.widget.RelativeLayout@40850ff0)
D/nofatclips(  297): Found widget: id=2131165290 (android.widget.ToggleButton@408516c8): B
D/nofatclips(  297): Found widget: id=2131165291 (android.widget.ToggleButton@40853020): I 
D/nofatclips(  297): Found widget: id=2131165292 (android.widget.ToggleButton@40853b08):  U 
D/nofatclips(  297): Found widget: id=2131165293 (android.widget.ToggleButton@408550e0):  ABC 
D/nofatclips(  297): Found widget: id=2131165294 (android.widget.Button@40855e20):  link 
D/nofatclips(  297): Found widget: id=2131165295 (android.widget.ToggleButton@40856a30): "
D/nofatclips(  297): Found widget: id=2131165296 (android.widget.Button@40857528): More
D/nofatclips(  297): Found widget: id=2131165297 (android.widget.ImageButton@40858020)
D/nofatclips(  297): Found widget: id=-1 (com.android.internal.policy.impl.PhoneWindow$DecorView@4084c810)
V/ReflectionHelper(  297): org.wordpress.android.util.WPEditText > mOnFocusChangeListener FOUND | ACTIVE
V/nicola  (  297): TextualID : postContent
V/nicola  (  297): ContentType detected : default
V/nicola  (  297): TextualID : bold
V/nicola  (  297): ContentType detected : default
V/nicola  (  297): TextualID : em
V/nicola  (  297): ContentType detected : default
V/nicola  (  297): TextualID : underline
V/nicola  (  297): ContentType detected : default
V/nicola  (  297): TextualID : strike
V/nicola  (  297): ContentType detected : default
V/nicola  (  297): TextualID : link
V/nicola  (  297): ContentType detected : default
V/nicola  (  297): TextualID : bquote
V/nicola  (  297): ContentType detected : default
V/nicola  (  297): TextualID : more
V/nicola  (  297): ContentType detected : default
I/nofatclips(  297): Performing comparation for activity EditContent
D/nofatclips(  297): Comparing against activity EditPost
D/nofatclips(  297): Comparing against activity EditContent
D/nofatclips(  297): Comparing against activity EditContent
D/nofatclips(  297): Comparing against activity Comments
D/nofatclips(  297): Comparing against activity EditPost
D/nofatclips(  297): Comparing against activity EditContent
D/nofatclips(  297): Comparing against activity EditContent
D/nofatclips(  297): Comparing against activity Comments
D/nofatclips(  297): Comparing against activity Comments
D/nofatclips(  297): Comparing against activity Comments
D/nofatclips(  297): Comparing against activity Comments
D/nofatclips(  297): Comparing against activity EditContent
D/nofatclips(  297): Comparing against activity EditContent
D/nofatclips(  297): Comparing against activity Comments
I/nofatclips(  297): Registering activity EditContent (id: a17) as a new found state
D/nofatclips(  297): Performing backup of the old activity list on disk
D/nofatclips(  297): Saving new found state 'a17' on disk
V/nofatclips(  297): Opening state file in append mode.
D/installd(   35): DexInv: --- BEGIN '/system/app/Camera.apk' ---
I/nofatclips(  297): Saved image on disk: a17.jpg
I/nofatclips(  297): Waiting for 100 msec.
I/nofatclips(  297): Session count is 1. Will dump to disk at 1
I/nofatclips(  297): Saving the session on disk.
D/dalvikvm(  297): GC_FOR_MALLOC freed 1246K, 52% free 4398K/9095K, external 5569K/6205K, paused 87ms
I/nofatclips(  297): Planning for new Activity EditContent
D/nofatclips(  297): Handling event 'focus' on widget id=2131165265 type=focusableEditText name=Content
D/nofatclips(  297): Handling event 'click' on widget id=2131165290 type=toggle name=B
D/nofatclips(  297): Handling event 'click' on widget id=2131165291 type=toggle name=I 
D/nofatclips(  297): Handling event 'click' on widget id=2131165292 type=toggle name= U 
D/nofatclips(  297): Handling event 'click' on widget id=2131165293 type=toggle name= ABC 
D/nofatclips(  297): Handling event 'click' on widget id=2131165294 type=button name= link 
D/nofatclips(  297): Handling event 'click' on widget id=2131165295 type=toggle name="
D/nofatclips(  297): Handling event 'click' on widget id=2131165296 type=button name=More
D/nofatclips(  297): Handling event 'click' on widget id=2131165297 type=button name=
I/nofatclips(  297): Created trace to press the back button
I/nofatclips(  297): Created trace to press the menu button
I/nofatclips(  297): Created trace to change orientation
D/dalvikvm(  327): DexOpt: load 712ms, verify+opt 1973ms
D/installd(   35): DexInv: --- END '/system/app/Camera.apk' (success) ---
D/dalvikvm(  297): GC_CONCURRENT freed 2011K, 52% free 4435K/9095K, external 4235K/5288K, paused 3ms+18ms
I/nofatclips(  297): Check for termination: 84 steps left of 100
I/nofatclips(  297): Dispatching new task. 2 more tasks remaining.
D/nofatclips(  297): Performing backup of the old task list on disk
V/CameraHolder(  319): open camera 0
D/CameraHardwareStub(   34): initHeapLocked: preview size=320x240
I/StagefrightPlayer(   34): setDataSource('/system/media/audio/ui/camera_click.ogg')
D/nofatclips(  297): Saving task list on disk
V/nofatclips(  297): Backing up trace #173 to disk.
V/nofatclips(  297): Backing up trace #174 to disk.
I/StagefrightPlayer(   34): setDataSource('/system/media/audio/ui/VideoRecord.ogg')
D/Camera  (  319): app passed NULL surface
D/dalvikvm(  297): GC_FOR_MALLOC freed 495K, 52% free 4396K/9095K, external 4235K/5288K, paused 91ms
D/nofatclips(  297): Deleting backup of the old task list from disk
D/nofatclips(  297): Deleting backup of the old activity list from disk
D/CameraHardwareStub(   34): initHeapLocked: preview size=320x240
I/nofatclips(  297): Incrementally Playing Trace 174
I/nofatclips(  297): Retrieved from return list id=2131165293
D/nofatclips(  297): Testing for type (android.widget.ToggleButton) against the original (android.widget.ToggleButton)
D/nofatclips(  297): Testing for name ( ABC ) against the original ( ABC )
I/nofatclips(  297): Firing event: type= click index=10 widget=android.widget.ToggleButton
V/camera  (  319): startPreview
D/dalvikvm(  319): GC_CONCURRENT freed 527K, 54% free 2701K/5831K, external 904K/1038K, paused 2ms+4ms
I/ActivityManager(   62): Displayed com.android.camera/.Camera: +6s629ms
W/OrientationEventListener(  319): Cannot detect sensors. Not enabled
E/SurfaceFlinger(   62): texture=11, using format 17, which is not supported by the GL
W/InputDispatcher(   62): Permission denied: injecting event from pid 297 uid 10034 to window with input channel 40759b20 com.android.camera/com.android.camera.Camera (server) owned by uid 10025
W/WindowManager(   62): Input event injection permission denied.
I/nofatclips(  297): Saving the session on disk. This is the last batch. The session will be terminated.
D/dalvikvm(  297): GC_FOR_MALLOC freed 288K, 53% free 4360K/9095K, external 4235K/5288K, paused 46ms
D/nofatclips(  297): Performing backup of the old task list on disk
D/nofatclips(  297): Saving task list on disk
V/nofatclips(  297): Backing up trace #173 to disk.
D/dalvikvm(  297): GC_FOR_MALLOC freed 313K, 53% free 4326K/9095K, external 4235K/5288K, paused 43ms
D/nofatclips(  297): Deleting backup of the old task list from disk
D/dalvikvm(  297): GC_EXPLICIT freed 121K, 53% free 4304K/9095K, external 4235K/5288K, paused 126ms
D/dalvikvm(  297): GC_EXPLICIT freed 24K, 53% free 4280K/9095K, external 3822K/4773K, paused 95ms
I/TestRunner(  297): failed: testAndCrawl(com.nofatclips.crawler.guitree.NomadEngine)
I/TestRunner(  297): ----- begin exception -----
I/TestRunner(  297): 
I/TestRunner(  297): junit.framework.AssertionFailedError: Can not complete action!
I/TestRunner(  297): 	at junit.framework.Assert.fail(Assert.java:47)
I/TestRunner(  297): 	at junit.framework.Assert.assertTrue(Assert.java:20)
I/TestRunner(  297): 	at com.jayway.android.robotium.solo.RobotiumUtils.sendKeyCode(RobotiumUtils.java:55)
I/TestRunner(  297): 	at com.jayway.android.robotium.solo.Solo.sendKey(Solo.java:1978)
I/TestRunner(  297): 	at com.nofatclips.crawler.automation.RobotUtilities.requestView(RobotUtilities.java:258)
I/TestRunner(  297): 	at com.nofatclips.crawler.automation.Automation.requestView(Automation.java:398)
I/TestRunner(  297): 	at com.nofatclips.crawler.automation.Automation.injectInteraction(Automation.java:206)
I/TestRunner(  297): 	at com.nofatclips.crawler.automation.Automation.fireEventOnView(Automation.java:197)
I/TestRunner(  297): 	at com.nofatclips.crawler.automation.Automation.fireEvent(Automation.java:139)
I/TestRunner(  297): 	at com.nofatclips.crawler.automation.Automation.process(Automation.java:110)
I/TestRunner(  297): 	at com.nofatclips.crawler.guitree.RandomEngine.process(RandomEngine.java:88)
I/TestRunner(  297): 	at com.nofatclips.crawler.Engine.testAndCrawl(Engine.java:73)
I/TestRunner(  297): 	at java.lang.reflect.Method.invokeNative(Native Method)
I/TestRunner(  297): 	at java.lang.reflect.Method.invoke(Method.java:507)
I/TestRunner(  297): 	at android.test.InstrumentationTestCase.runMethod(InstrumentationTestCase.java:204)
I/TestRunner(  297): 	at android.test.InstrumentationTestCase.runTest(InstrumentationTestCase.java:194)
I/TestRunner(  297): 	at android.test.ActivityInstrumentationTestCase2.runTest(ActivityInstrumentationTestCase2.java:186)
I/TestRunner(  297): 	at junit.framework.TestCase.runBare(TestCase.java:127)
I/TestRunner(  297): 	at junit.framework.TestResult$1.protect(TestResult.java:106)
I/TestRunner(  297): 	at junit.framework.TestResult.runProtected(TestResult.java:124)
I/TestRunner(  297): 	at junit.framework.TestResult.run(TestResult.java:109)
I/TestRunner(  297): 	at junit.framework.TestCase.run(TestCase.java:118)
I/TestRunner(  297): 	at android.test.AndroidTestRunner.runTest(AndroidTestRunner.java:169)
I/TestRunner(  297): 	at android.test.AndroidTestRunner.runTest(AndroidTestRunner.java:154)
I/TestRunner(  297): 	at android.test.InstrumentationTestRunner.onStart(InstrumentationTestRunner.java:529)
I/TestRunner(  297): 	at android.app.Instrumentation$InstrumentationThread.run(Instrumentation.java:1448)
I/TestRunner(  297): ----- end exception -----
I/TestRunner(  297): finished: testAndCrawl(com.nofatclips.crawler.guitree.NomadEngine)
E/InstrumentationTestRunner(  297): Failed to generate emma coverage. Is emma jar on classpath?
E/InstrumentationTestRunner(  297): java.lang.ClassNotFoundException: com.vladium.emma.rt.RT
E/InstrumentationTestRunner(  297): 	at java.lang.Class.classForName(Native Method)
E/InstrumentationTestRunner(  297): 	at java.lang.Class.forName(Class.java:234)
E/InstrumentationTestRunner(  297): 	at java.lang.Class.forName(Class.java:181)
E/InstrumentationTestRunner(  297): 	at android.test.InstrumentationTestRunner.generateCoverageReport(InstrumentationTestRunner.java:578)
E/InstrumentationTestRunner(  297): 	at android.test.InstrumentationTestRunner.onStart(InstrumentationTestRunner.java:545)
E/InstrumentationTestRunner(  297): 	at android.app.Instrumentation$InstrumentationThread.run(Instrumentation.java:1448)
E/InstrumentationTestRunner(  297): Caused by: java.lang.NoClassDefFoundError: com.vladium.emma.rt.RT
E/InstrumentationTestRunner(  297): 	... 6 more
E/InstrumentationTestRunner(  297): Caused by: java.lang.ClassNotFoundException: com.vladium.emma.rt.RT in loader dalvik.system.PathClassLoader[/system/framework/android.test.runner.jar:/data/app/com.nofatclips.crawler-1.apk:/data/app/org.wordpress.android-1.apk]
E/InstrumentationTestRunner(  297): 	at dalvik.system.PathClassLoader.findClass(PathClassLoader.java:240)
E/InstrumentationTestRunner(  297): 	at java.lang.ClassLoader.loadClass(ClassLoader.java:551)
E/InstrumentationTestRunner(  297): 	at java.lang.ClassLoader.loadClass(ClassLoader.java:511)
E/InstrumentationTestRunner(  297): 	... 6 more
I/ActivityManager(   62): Force stopping package org.wordpress.android uid=10034
I/Process (   62): Sending signal. PID: 297 SIG: 9
D/AndroidRuntime(  273): Shutting down VM
I/ActivityManager(   62):   Force finishing activity HistoryRecord{4073d720 org.wordpress.android/.EditPost}
I/ActivityManager(   62):   Force finishing activity HistoryRecord{407586e8 org.wordpress.android/.Comments}
D/dalvikvm(  273): GC_CONCURRENT freed 111K, 71% free 297K/1024K, external 0K/0K, paused 1ms+1ms
D/jdwp    (  273): adbd disconnected
I/WindowManager(   62): WIN DEATH: Window{40759fe0 org.wordpress.android/org.wordpress.android.Comments paused=true}
E/InputDispatcher(   62): channel '40602558 org.wordpress.android/org.wordpress.android.EditPost (server)' ~ Consumer closed input channel or an error occurred.  events=0x8
E/InputDispatcher(   62): channel '40602558 org.wordpress.android/org.wordpress.android.EditPost (server)' ~ Channel is unrecoverably broken and will be disposed!
I/dalvikvm(  273): JNI: AttachCurrentThread (from ???.???)
I/AndroidRuntime(  273): NOTE: attach of thread 'Binder Thread #3' failed
I/WindowManager(   62): WIN DEATH: Window{40602558 org.wordpress.android/org.wordpress.android.EditPost paused=true}
I/WindowManager(   62): WIN DEATH: Window{4074ec08 org.wordpress.android/org.wordpress.android.EditContent paused=true}
E/InputDispatcher(   62): Received spurious receive callback for unknown input channel.  fd=162, events=0x8
D/libEGL  (  319): egl.cfg not found, using default config
D/libEGL  (  319): loaded /system/lib/egl/libGLES_android.so
V/GLRootView(  319): onSurfaceChanged: 396x297, gl10: com.google.android.gles_jni.GLImpl@4058d6c0
V/GLRootView(  319): layout content pane 396x297
I/ARMAssembler(  319): generated scanline__00000177:03515101_00008A01_00000000 [ 60 ipp] (84 ins) at [0x46ebe1e8:0x46ebe338] in 643189 ns
I/DEBUG   (   31): debuggerd: Feb  3 2011 14:45:34
D/qemud   (   38): entering main loop
I/Vold    (   29): Vold 2.1 (the revenge) firing up
I/Netd    (   30): Netd 1.0 starting
D/Vold    (   29): USB mass storage support is not enabled in the kernel
D/Vold    (   29): usb_configuration switch is not enabled in the kernel
D/Vold    (   29): Volume sdcard state changing -1 (Initializing) -> 0 (No-Media)
D/Vold    (   29): Volume sdcard state changing 0 (No-Media) -> 1 (Idle-Unmounted)
D/qemud   (   38): fdhandler_accept_event: accepting on fd 9
D/qemud   (   38): created client 0xe078 listening on fd 10
D/qemud   (   38): client_fd_receive: attempting registration for service 'boot-properties'
D/qemud   (   38): client_fd_receive:    -> received channel id 1
D/qemud   (   38): client_registration: registration succeeded for client 1
I/qemu-props(   52): connected to 'boot-properties' qemud service.
I/qemu-props(   52): receiving..
I/qemu-props(   52): received: dalvik.vm.heapsize=64m
I/qemu-props(   52): receiving..
I/qemu-props(   52): received: ro.config.low_ram=true
I/qemu-props(   52): receiving..
I/qemu-props(   52): received: qemu.sf.lcd_density=160
I/qemu-props(   52): receiving..
I/qemu-props(   52): received: qemu.hw.mainkeys=0
I/qemu-props(   52): receiving..
I/qemu-props(   52): received: qemu.sf.fake_camera=none
I/qemu-props(   52): receiving..
D/qemud   (   38): fdhandler_event: disconnect on fd 10
I/qemu-props(   52): exiting (5 properties set).
D/qemud   (   38): fdhandler_accept_event: accepting on fd 9
D/qemud   (   38): created client 0xe078 listening on fd 10
D/qemud   (   38): fdhandler_event: disconnect on fd 10
D/qemud   (   38): fdhandler_accept_event: accepting on fd 9
D/qemud   (   38): created client 0xe078 listening on fd 10
D/qemud   (   38): client_fd_receive: attempting registration for service 'gsm'
D/qemud   (   38): client_fd_receive:    -> received channel id 2
D/qemud   (   38): client_registration: registration succeeded for client 2
D/AndroidRuntime(   33): 
D/AndroidRuntime(   33): >>>>>> AndroidRuntime START com.android.internal.os.ZygoteInit <<<<<<
D/AndroidRuntime(   33): CheckJNI is ON
I/        (   34): ServiceManager: 0xad50
D/AudioHardwareInterface(   34): setMode(NORMAL)
I/CameraService(   34): CameraService started (pid=34)
I/AudioFlinger(   34): AudioFlinger's thread 0xc658 ready to run
I/SamplingProfilerIntegration(   33): Profiler is disabled.
I/Zygote  (   33): Preloading classes...
E/Zygote  (   33): setreuid() failed. errno: 2
D/dalvikvm(   33): GC_EXPLICIT freed 47K, 78% free 234K/1024K, external 0K/0K, paused 8ms
D/dalvikvm(   33): GC_EXPLICIT freed 1K, 73% free 284K/1024K, external 0K/0K, paused 5ms
D/dalvikvm(   33): GC_EXPLICIT freed 22K, 69% free 318K/1024K, external 0K/0K, paused 6ms
D/dalvikvm(   33): GC_EXPLICIT freed 17K, 66% free 356K/1024K, external 0K/0K, paused 5ms
D/dalvikvm(   33): GC_EXPLICIT freed 26K, 63% free 385K/1024K, external 0K/0K, paused 6ms
D/dalvikvm(   33): GC_EXPLICIT freed 20K, 57% free 441K/1024K, external 0K/0K, paused 6ms
W/MediaProfiles(   33): could not find media config xml file
D/dalvikvm(   33): GC_EXPLICIT freed 99K, 47% free 547K/1024K, external 0K/0K, paused 8ms
D/dalvikvm(   33): GC_EXPLICIT freed 272K, 28% free 885K/1219K, external 0K/0K, paused 11ms
D/dalvikvm(   33): GC_EXPLICIT freed 21K, 24% free 932K/1219K, external 0K/0K, paused 9ms
D/RenderScript_jni(   33): RenderScript JNI library not found!
D/dalvikvm(   33): GC_EXPLICIT freed 25K, 19% free 999K/1219K, external 0K/0K, paused 9ms
D/dalvikvm(   33): GC_EXPLICIT freed 47K, 5% free 1281K/1347K, external 0K/0K, paused 15ms
D/dalvikvm(   33): GC_EXPLICIT freed 24K, 3% free 1311K/1347K, external 0K/0K, paused 16ms
D/dalvikvm(   33): GC_EXPLICIT freed 28K, 6% free 1336K/1411K, external 0K/0K, paused 16ms
D/dalvikvm(   33): GC_EXPLICIT freed 14K, 3% free 1377K/1411K, external 0K/0K, paused 16ms
D/dalvikvm(   33): GC_EXPLICIT freed 28K, 5% free 1402K/1475K, external 0K/0K, paused 16ms
D/dalvikvm(   33): GC_EXPLICIT freed 28K, 3% free 1439K/1475K, external 0K/0K, paused 16ms
D/dalvikvm(   33): GC_EXPLICIT freed 38K, 6% free 1457K/1539K, external 0K/0K, paused 17ms
D/dalvikvm(   33): GC_EXPLICIT freed 40K, 5% free 1471K/1539K, external 0K/0K, paused 17ms
D/dalvikvm(   33): GC_EXPLICIT freed 55K, 8% free 1485K/1603K, external 0K/0K, paused 17ms
D/dalvikvm(   33): GC_FOR_MALLOC freed 2954K, 58% free 2168K/5123K, external 0K/0K, paused 52ms
D/dalvikvm(   33): GC_EXPLICIT freed 1403K, 55% free 2310K/5123K, external 0K/0K, paused 38ms
D/dalvikvm(   33): GC_EXPLICIT freed 148K, 54% free 2373K/5123K, external 0K/0K, paused 31ms
D/dalvikvm(   33): GC_EXPLICIT freed 73K, 54% free 2398K/5123K, external 0K/0K, paused 29ms
D/dalvikvm(   33): GC_EXPLICIT freed 36K, 53% free 2416K/5123K, external 0K/0K, paused 29ms
D/dalvikvm(   33): GC_EXPLICIT freed 31K, 53% free 2439K/5123K, external 0K/0K, paused 31ms
D/dalvikvm(   33): GC_EXPLICIT freed 38K, 52% free 2462K/5123K, external 0K/0K, paused 30ms
I/Zygote  (   33): ...preloaded 1830 classes in 5994ms.
E/Zygote  (   33): setreuid() failed. errno: 17
D/dalvikvm(   33): GC_EXPLICIT freed 18K, 52% free 2460K/5123K, external 0K/0K, paused 30ms
I/Zygote  (   33): Preloading resources...
D/dalvikvm(   33): GC_EXTERNAL_ALLOC freed <1K, 52% free 2462K/5123K, external 0K/0K, paused 30ms
W/Zygote  (   33): Preloaded drawable resource #0x1080093 (res/drawable-mdpi/sym_def_app_icon.png) that varies with configuration!!
W/Zygote  (   33): Preloaded drawable resource #0x1080002 (res/drawable-mdpi/arrow_down_float.png) that varies with configuration!!
W/Zygote  (   33): Preloaded drawable resource #0x10800b4 (res/drawable/btn_check.xml) that varies with configuration!!
W/Zygote  (   33): Preloaded drawable resource #0x10800b7 (res/drawable-mdpi/btn_check_label_background.9.png) that varies with configuration!!
W/Zygote  (   33): Preloaded drawable resource #0x10800b8 (res/drawable-mdpi/btn_check_off.png) that varies with configuration!!
W/Zygote  (   33): Preloaded drawable resource #0x10800bd (res/drawable-mdpi/btn_check_on.png) that varies with configuration!!
W/Zygote  (   33): Preloaded drawable resource #0x1080004 (res/drawable/btn_default.xml) that varies with configuration!!
W/Zygote  (   33): Preloaded drawable resource #0x1080005 (res/drawable/btn_default_small.xml) that varies with configuration!!
W/Zygote  (   33): Preloaded drawable resource #0x1080006 (res/drawable/btn_dropdown.xml) that varies with configuration!!
W/Zygote  (   33): Preloaded drawable resource #0x1080008 (res/drawable/btn_plus.xml) that varies with configuration!!
W/Zygote  (   33): Preloaded drawable resource #0x1080007 (res/drawable/btn_minus.xml) that varies with configuration!!
W/Zygote  (   33): Preloaded drawable resource #0x1080009 (res/drawable/btn_radio.xml) that varies with configuration!!
W/Zygote  (   33): Preloaded drawable resource #0x108000a (res/drawable/btn_star.xml) that varies with configuration!!
D/dalvikvm(   33): GC_EXPLICIT freed 25K, 52% free 2499K/5123K, external 408K/521K, paused 30ms
W/Zygote  (   33): Preloaded drawable resource #0x1080132 (res/drawable/btn_toggle.xml) that varies with configuration!!
W/Zygote  (   33): Preloaded drawable resource #0x1080196 (res/drawable-mdpi/ic_emergency.png) that varies with configuration!!
W/Zygote  (   33): Preloaded drawable resource #0x1080012 (res/drawable-mdpi/divider_horizontal_bright.9.png) that varies with configuration!!
W/Zygote  (   33): Preloaded drawable resource #0x1080014 (res/drawable-mdpi/divider_horizontal_dark.9.png) that varies with configuration!!
W/Zygote  (   33): Preloaded drawable resource #0x1080016 (res/drawable/edit_text.xml) that varies with configuration!!
W/Zygote  (   33): Preloaded drawable resource #0x1080170 (res/drawable/expander_group.xml) that varies with configuration!!
W/Zygote  (   33): Preloaded drawable resource #0x1080062 (res/drawable/list_selector_background.xml) that varies with configuration!!
W/Zygote  (   33): Preloaded drawable resource #0x108022a (res/drawable-mdpi/menu_background.9.png) that varies with configuration!!
W/Zygote  (   33): Preloaded drawable resource #0x108022b (res/drawable-mdpi/menu_background_fill_parent_width.9.png) that varies with configuration!!
W/Zygote  (   33): Preloaded drawable resource #0x108022c (res/drawable/menu_selector.xml) that varies with configuration!!
D/dalvikvm(   33): GC_EXTERNAL_ALLOC freed 16K, 51% free 2512K/5123K, external 516K/521K, paused 31ms
W/Zygote  (   33): Preloaded drawable resource #0x108023a (res/drawable-mdpi/panel_background.9.png) that varies with configuration!!
W/Zygote  (   33): Preloaded drawable resource #0x1080242 (res/drawable-mdpi/popup_bottom_bright.9.png) that varies with configuration!!
W/Zygote  (   33): Preloaded drawable resource #0x1080243 (res/drawable-mdpi/popup_bottom_dark.9.png) that varies with configuration!!
W/Zygote  (   33): Preloaded drawable resource #0x1080244 (res/drawable-mdpi/popup_bottom_medium.9.png) that varies with configuration!!
W/Zygote  (   33): Preloaded drawable resource #0x1080245 (res/drawable-mdpi/popup_center_bright.9.png) that varies with configuration!!
W/Zygote  (   33): Preloaded drawable resource #0x1080246 (res/drawable-mdpi/popup_center_dark.9.png) that varies with configuration!!
W/Zygote  (   33): Preloaded drawable resource #0x1080249 (res/drawable-mdpi/popup_full_dark.9.png) that varies with configuration!!
W/Zygote  (   33): Preloaded drawable resource #0x108024c (res/drawable-mdpi/popup_top_bright.9.png) that varies with configuration!!
W/Zygote  (   33): Preloaded drawable resource #0x108024d (res/drawable-mdpi/popup_top_dark.9.png) that varies with configuration!!
W/Zygote  (   33): Preloaded drawable resource #0x108006d (res/drawable/progress_indeterminate_horizontal.xml) that varies with configuration!!
W/Zygote  (   33): Preloaded drawable resource #0x1080253 (res/drawable/progress_small.xml) that varies with configuration!!
W/Zygote  (   33): Preloaded drawable resource #0x1080254 (res/drawable/progress_small_titlebar.xml) that varies with configuration!!
W/Zygote  (   33): Preloaded drawable resource #0x1080274 (res/drawable-mdpi/scrollbar_handle_horizontal.9.png) that varies with configuration!!
W/Zygote  (   33): Preloaded drawable resource #0x1080275 (res/drawable-mdpi/scrollbar_handle_vertical.9.png) that varies with configuration!!
D/dalvikvm(   33): GC_EXPLICIT freed 15K, 51% free 2524K/5123K, external 585K/1038K, paused 30ms
W/Zygote  (   33): Preloaded drawable resource #0x1080071 (res/drawable/spinner_dropdown_background.xml) that varies with configuration!!
W/Zygote  (   33): Preloaded drawable resource #0x1080312 (res/drawable-mdpi/text_select_handle_left.png) that varies with configuration!!
W/Zygote  (   33): Preloaded drawable resource #0x1080313 (res/drawable-mdpi/text_select_handle_middle.png) that varies with configuration!!
W/Zygote  (   33): Preloaded drawable resource #0x1080314 (res/drawable-mdpi/text_select_handle_right.png) that varies with configuration!!
W/Zygote  (   33): Preloaded drawable resource #0x1080335 (res/drawable-mdpi/title_bar_shadow.9.png) that varies with configuration!!
W/Zygote  (   33): Preloaded drawable resource #0x10801d8 (res/drawable-mdpi/indicator_code_lock_drag_direction_green_up.png) that varies with configuration!!
W/Zygote  (   33): Preloaded drawable resource #0x10801d9 (res/drawable-mdpi/indicator_code_lock_drag_direction_red_up.png) that varies with configuration!!
W/Zygote  (   33): Preloaded drawable resource #0x10801da (res/drawable-mdpi/indicator_code_lock_point_area_default.png) that varies with configuration!!
W/Zygote  (   33): Preloaded drawable resource #0x10801db (res/drawable-mdpi/indicator_code_lock_point_area_green.png) that varies with configuration!!
W/Zygote  (   33): Preloaded drawable resource #0x10801dc (res/drawable-mdpi/indicator_code_lock_point_area_red.png) that varies with configuration!!
I/Zygote  (   33): ...preloaded 51 resources in 443ms.
I/Zygote  (   33): ...preloaded 15 resources in 13ms.
D/dalvikvm(   33): GC_EXPLICIT freed 23K, 51% free 2533K/5123K, external 716K/1038K, paused 31ms
D/dalvikvm(   33): GC_EXPLICIT freed 6K, 51% free 2526K/5123K, external 716K/1038K, paused 30ms
D/dalvikvm(   33): GC_EXPLICIT freed <1K, 51% free 2526K/5123K, external 716K/1038K, paused 29ms
I/dalvikvm(   33): System server process 61 has been created
I/Zygote  (   33): Accepting command socket connections
E/BatteryService(   61): usbOnlinePath not found
E/BatteryService(   61): batteryVoltagePath not found
E/BatteryService(   61): batteryTemperaturePath not found
I/sysproc (   61): Entered system_init()
I/sysproc (   61): ServiceManager: 0x93138
I/SurfaceFlinger(   61): SurfaceFlinger is starting
I/SurfaceFlinger(   61): SurfaceFlinger's main thread ready to run. Initializing graphics H/W...
E/SurfaceFlinger(   61): Couldn't open /sys/power/wait_for_fb_sleep or /sys/power/wait_for_fb_wake
I/gralloc (   61): using (fd=26)
I/gralloc (   61): id           = 
I/gralloc (   61): xres         = 320 px
I/gralloc (   61): yres         = 480 px
I/gralloc (   61): xres_virtual = 320 px
I/gralloc (   61): yres_virtual = 960 px
I/gralloc (   61): bpp          = 16
I/gralloc (   61): r            = 11:5
I/gralloc (   61): g            =  5:6
I/gralloc (   61): b            =  0:5
I/gralloc (   61): width        = 49 mm (165.877548 dpi)
I/gralloc (   61): height       = 74 mm (164.756760 dpi)
I/gralloc (   61): refresh rate = 60.00 Hz
D/libEGL  (   61): egl.cfg not found, using default config
D/libEGL  (   61): loaded /system/lib/egl/libGLES_android.so
I/SurfaceFlinger(   61): EGL informations:
I/SurfaceFlinger(   61): # of configs : 8
I/SurfaceFlinger(   61): vendor    : Android
I/SurfaceFlinger(   61): version   : 1.4 Android META-EGL
I/SurfaceFlinger(   61): extensions: EGL_KHR_image EGL_KHR_image_base EGL_KHR_image_pixmap EGL_ANDROID_image_native_buffer EGL_ANDROID_swap_rectangle 
I/SurfaceFlinger(   61): Client API: OpenGL ES
I/SurfaceFlinger(   61): EGLSurface: 5-6-5-0, config=0x0
I/SurfaceFlinger(   61): OpenGL informations:
I/SurfaceFlinger(   61): vendor    : Android
I/SurfaceFlinger(   61): renderer  : Android PixelFlinger 1.4
I/SurfaceFlinger(   61): version   : OpenGL ES-CM 1.0
I/SurfaceFlinger(   61): extensions: GL_OES_byte_coordinates GL_OES_fixed_point GL_OES_single_precision GL_OES_read_format GL_OES_compressed_paletted_texture GL_OES_draw_texture GL_OES_matrix_get GL_OES_query_matrix GL_OES_EGL_image GL_OES_compressed_ETC1_RGB8_texture GL_ARB_texture_compression GL_ARB_texture_non_power_of_two GL_ANDROID_user_clip_plane GL_ANDROID_vertex_buffer_object GL_ANDROID_generate_mipmap 
I/SurfaceFlinger(   61): GL_MAX_TEXTURE_SIZE = 4096
I/SurfaceFlinger(   61): GL_MAX_VIEWPORT_DIMS = 4096
I/SurfaceFlinger(   61): flags = 000c0000
D/SensorService(   61): nuSensorService starting...
E/SensorService(   61): couldn't open device for module sensors (Invalid argument)
I/sysproc (   61): System server: starting Android runtime.
I/sysproc (   61): System server: starting Android services.
I/SystemServer(   61): Entered the Android system server!
I/sysproc (   61): System server: entering thread pool.
I/SystemServer(   61): Entropy Service
I/SystemServer(   61): Power Manager
I/SystemServer(   61): Activity Manager
I/ActivityManager(   61): Memory class: 64
W/UsageStats(   61): Usage stats version changed; dropping
D/libEGL  (   73): egl.cfg not found, using default config
D/libEGL  (   73): loaded /system/lib/egl/libGLES_android.so
I/SystemServer(   61): Telephony Registry
I/SystemServer(   61): Package Manager
I/Installer(   61): connecting...
I/installd(   35): new connection
W/zipro   (   73): Unable to open zip '/data/local/bootanimation.zip': No such file or directory
W/zipro   (   73): Unable to open zip '/system/media/bootanimation.zip': No such file or directory
I/ARMAssembler(   61): generated scanline__00000077:03010104_00000004_00000000 [ 22 ipp] (41 ins) at [0x46efd1e8:0x46efd28c] in 2912315 ns
I/ARMAssembler(   73): generated scanline__00000077:03545404_00000A01_00000000 [ 30 ipp] (51 ins) at [0x403461e8:0x403462b4] in 1518166 ns
D/dalvikvm(   61): GC_CONCURRENT freed 168K, 50% free 2834K/5639K, external 716K/1038K, paused 3ms+5ms
W/PackageManager(   61): Running ENG build: no pre-dexopt!
D/dalvikvm(   61): GC_CONCURRENT freed 237K, 49% free 3053K/5895K, external 716K/1038K, paused 3ms+3ms
D/dalvikvm(   61): GC_CONCURRENT freed 236K, 47% free 3315K/6215K, external 716K/1038K, paused 3ms+5ms
D/PackageManager(   61): No files in app dir /vendor/app
I/PackageManager(   61): Unpacking native libraries for /data/app/com.nofatclips.crawler-1.apk
D/szipinf (   61): Initializing inflate state
I/PackageManager(   61): Unpacking native libraries for /data/app/org.wordpress.android-1.apk
I/PackageManager(   61): Unpacking native libraries for /data/app/GestureBuilder.apk
I/PackageManager(   61): Unpacking native libraries for /data/app/SoftKeyboard.apk
I/PackageManager(   61): Unpacking native libraries for /data/app/CubeLiveWallpapers.apk
D/szipinf (   61): Initializing inflate state
W/PackageParser(   61): No actions in intent filter at /data/app/ApiDemos.apk Binary XML file line #1882
W/PackageParser(   61): No actions in intent filter at /data/app/ApiDemos.apk Binary XML file line #1888
W/PackageManager(   61): Package com.example.android.apis desires unavailable shared library com.example.will.never.exist; ignoring!
I/PackageManager(   61): Unpacking native libraries for /data/app/ApiDemos.apk
D/dalvikvm(   61): GC_CONCURRENT freed 260K, 45% free 3600K/6471K, external 716K/1038K, paused 3ms+5ms
I/PackageManager(   61): Time to scan packages: 1.24 seconds
W/PackageManager(   61): Unknown permission com.google.android.googleapps.permission.GOOGLE_AUTH.mail in package com.android.contacts
W/PackageManager(   61): Unknown permission android.permission.ADD_SYSTEM_SERVICE in package com.android.phone
W/PackageManager(   61): Not granting permission android.permission.SEND_DOWNLOAD_COMPLETED_INTENTS to package com.android.browser (protectionLevel=2 flags=0x9be45)
W/PackageManager(   61): Unknown permission com.google.android.gm.permission.WRITE_GMAIL in package com.android.settings
W/PackageManager(   61): Unknown permission com.google.android.gm.permission.READ_GMAIL in package com.android.settings
W/PackageManager(   61): Unknown permission com.google.android.googleapps.permission.GOOGLE_AUTH in package com.android.settings
W/PackageManager(   61): Unknown permission com.google.android.googleapps.permission.GOOGLE_AUTH in package com.android.providers.contacts
W/PackageManager(   61): Unknown permission com.google.android.googleapps.permission.GOOGLE_AUTH.cp in package com.android.providers.contacts
W/PackageManager(   61): Unknown permission com.google.android.googleapps.permission.ACCESS_GOOGLE_PASSWORD in package com.android.development
W/PackageManager(   61): Unknown permission com.google.android.googleapps.permission.GOOGLE_AUTH in package com.android.development
W/PackageManager(   61): Unknown permission com.google.android.googleapps.permission.GOOGLE_AUTH.ALL_SERVICES in package com.android.development
W/PackageManager(   61): Unknown permission com.google.android.googleapps.permission.GOOGLE_AUTH.YouTubeUser in package com.android.development
W/PackageManager(   61): Unknown permission android.permission.READ_OWNER_DATA in package com.android.email
W/PackageManager(   61): Not granting permission android.permission.DEVICE_POWER to package com.android.deskclock (protectionLevel=2 flags=0x8be45)
D/dalvikvm(   61): GC_EXPLICIT freed 315K, 46% free 3570K/6599K, external 716K/1038K, paused 49ms
I/SystemServer(   61): Account Manager
I/SystemServer(   61): Content Manager
I/SystemServer(   61): System Content Providers
I/ActivityThread(   61): Pub settings: com.android.providers.settings.SettingsProvider
I/SystemServer(   61): Battery Service
D/SettingsProvider(   61): cache for settings table 'secure' rows=27; fullycached=true
I/SystemServer(   61): Lights Service
I/SystemServer(   61): Vibrator Service
D/qemud   (   38): fdhandler_accept_event: accepting on fd 9
D/qemud   (   38): created client 0x13ee8 listening on fd 11
D/qemud   (   38): client_fd_receive: attempting registration for service 'hw-control'
D/qemud   (   38): client_fd_receive:    -> received channel id 3
D/SettingsProvider(   61): cache for settings table 'system' rows=46; fullycached=true
D/qemud   (   38): client_registration: registration succeeded for client 3
I/SystemServer(   61): Alarm Manager
I/SystemServer(   61): Init Watchdog
I/SystemServer(   61): Window Manager
I/InputManager(   61): Initializing input manager
I/InputManager(   61): Starting input manager
I/SystemServer(   61): Registering null Bluetooth Service (emulator)
E/System  (   61): Failure starting core service
E/System  (   61): java.lang.SecurityException
E/System  (   61): 	at android.os.BinderProxy.transact(Native Method)
E/System  (   61): 	at android.os.ServiceManagerProxy.addService(ServiceManagerNative.java:146)
E/System  (   61): 	at android.os.ServiceManager.addService(ServiceManager.java:72)
E/System  (   61): 	at com.android.server.ServerThread.run(SystemServer.java:206)
I/SystemServer(   61): Device Policy
I/SystemServer(   61): Status Bar
I/SystemServer(   61): Clipboard Service
I/SystemServer(   61): Input Method Service
I/EventHub(   61): New keyboard: device->id=0x10000 devname='qwerty2' propName='hw.keyboards.65536.devname' keylayout='/system/usr/keylayout/qwerty.kl'
I/EventHub(   61): New device: path=/dev/input/event0 name=qwerty2 id=0x10000 (of 0x1) index=1 fd=85 classes=0x87
E/EventHub(   61): could not get driver version for /dev/input/mouse0, Not a typewriter
E/EventHub(   61): could not get driver version for /dev/input/mice, Not a typewriter
I/InputManager-Callbacks(   61): No input device calibration properties found for device qwerty2.
I/InputReader(   61): Device added: id=0x0, name=qwerty2, sources=00001103
I/InputManagerService(   61): Enabled input methods: jp.co.omronsoft.openwnn/.OpenWnnJAJP:com.android.inputmethod.latin/.LatinIME:com.android.inputmethod.pinyin/.PinyinIME:com.example.android.softkeyboard/.SoftKeyboard
I/SystemServer(   61): NetStat Service
I/SystemServer(   61): NetworkManagement Service
I/SystemServer(   61): Connectivity Service
I/WifiService(   61): WifiService starting up with Wi-Fi disabled
D/NetworkManagmentService(   61): Registering observer
I/SystemServer(   61): Throttle Service
I/SystemServer(   61): Accessibility Manager
I/SystemServer(   61): Mount Service
I/SystemServer(   61): Notification Manager
I/SystemServer(   61): Device Storage Monitor
I/SystemServer(   61): Location Manager
I/SystemServer(   61): Search Service
I/SystemServer(   61): DropBox Service
I/SystemServer(   61): Wallpaper Service
I/SystemServer(   61): Audio Service
D/VoldCmdListener(   29): volume list
I/PackageManager(   61): Updating external media status from unmounted to unmounted
D/VoldCmdListener(   29): share status ums
D/AudioHardwareInterface(   34): setMode(NORMAL)
W/AudioPolicyManagerBase(   34): setPhoneState() setting same state 0
E/SoundPool(   61): error loading /system/media/audio/ui/Effect_Tick.ogg
W/AudioService(   61): Soundpool could not load file: /system/media/audio/ui/Effect_Tick.ogg
E/SoundPool(   61): error loading /system/media/audio/ui/KeypressStandard.ogg
W/AudioService(   61): Soundpool could not load file: /system/media/audio/ui/KeypressStandard.ogg
E/SoundPool(   61): error loading /system/media/audio/ui/KeypressSpacebar.ogg
W/AudioService(   61): Soundpool could not load file: /system/media/audio/ui/KeypressSpacebar.ogg
E/SoundPool(   61): error loading /system/media/audio/ui/KeypressDelete.ogg
W/AudioService(   61): Soundpool could not load file: /system/media/audio/ui/KeypressDelete.ogg
E/SoundPool(   61): error loading /system/media/audio/ui/KeypressReturn.ogg
W/AudioService(   61): Soundpool could not load file: /system/media/audio/ui/KeypressReturn.ogg
I/SystemServer(   61): Headset Observer
W/HeadsetObserver(   61): This kernel does not have wired headset support
I/SystemServer(   61): Dock Observer
W/DockObserver(   61): This kernel does not have dock station support
I/SystemServer(   61): USB Observer
W/UsbObserver(   61): This kernel does not have USB configuration switch support
E/UsbObserver(   61): 
E/UsbObserver(   61): java.lang.NullPointerException
E/UsbObserver(   61): 	at com.android.server.UsbObserver.init(UsbObserver.java:131)
E/UsbObserver(   61): 	at com.android.server.UsbObserver.<init>(UsbObserver.java:65)
E/UsbObserver(   61): 	at com.android.server.ServerThread.run(SystemServer.java:402)
I/SystemServer(   61): UI Mode Manager Service
D/dalvikvm(   61): GC_CONCURRENT freed 270K, 44% free 3817K/6727K, external 716K/1038K, paused 3ms+4ms
I/SystemServer(   61): Backup Service
V/BackupManagerService(   61): No ancestral data
I/BackupManagerService(   61): Found stale backup journal, scheduling
I/BackupManagerService(   61):   com.android.inputmethod.latin
I/BackupManagerService(   61):   com.android.browser
I/BackupManagerService(   61):   com.android.providers.userdictionary
I/BackupManagerService(   61):   android
I/BackupManagerService(   61):   com.android.providers.settings
I/BackupManagerService(   61): Backup enabled => true
I/SystemServer(   61): AppWidget Service
I/SystemServer(   61): Recognition Service
I/SystemServer(   61): DiskStats Service
I/WindowManager(   61): SAFE MODE not enabled
D/dalvikvm(   61): JIT started for system_server
D/PowerManagerService(   61): system ready!
I/ActivityManager(   61): System now ready
I/SystemServer(   61): Making services ready
I/StatusBarManagerService(   61): Starting service: ComponentInfo{com.android.systemui/com.android.systemui.statusbar.StatusBarService}
I/Zygote  (   61): Process: zygote socket opened
I/ActivityManager(   61): Start proc com.android.systemui for service com.android.systemui/.statusbar.StatusBarService: pid=107 uid=1000 gids={3002, 3001, 3003}
I/ActivityManager(   61): Config changed: { scale=1.0 imsi=0/0 loc=en_US touch=0 keys=0/0/0 nav=0/0 orien=0 layout=0 uiMode=17 seq=2}
I/ActivityManager(   61): Config changed: { scale=1.0 imsi=0/0 loc=en_US touch=3 keys=2/1/2 nav=1/1 orien=1 layout=18 uiMode=17 seq=3}
