D/nofatclips(  245): Updating node screenshot
D/nofatclips(  245): Loading node screenshot
V/nofatclips(  245): Updating value FORCE_RESTART
V/nofatclips(  245): Updating value IN_AND_OUT_FOCUS
V/nofatclips(  245): Updating value PRECRAWLING
V/nofatclips(  245): Updating value SCREENSHOT_FOR_EVENTS
V/nofatclips(  245): Updating value SCREENSHOT_FOR_STATES
V/nofatclips(  245): Updating value SCREENSHOT_ONLY_NEW_STATES
V/nofatclips(  245): Updating value SLEEP_AFTER_EVENT
V/nofatclips(  245): Updating value SLEEP_AFTER_RESTART
V/nofatclips(  245): Updating value SLEEP_AFTER_TASK
V/nofatclips(  245): Updating value SLEEP_ON_THROBBER
I/nofatclips(  245): Waiting for 100 msec.
D/nofatclips(  245): Ready to operate after restarting...
I/nofatclips(  245): Current activity is Dashboard
W/nofatclips(  245): --->Dashboard
I/nofatclips(  245): Retrieving widgets
D/nofatclips(  245): No session to resume: GUI Tree not found. Will start from scratch.
I/nofatclips(  245): Starting a new session
D/nofatclips(  245): Saving new found state 'exit' on disk
V/nofatclips(  245): Opening state file in overwrite mode.
I/ActivityManager(   61): Start proc com.android.email for broadcast com.android.email/.service.EmailBroadcastReceiver: pid=295 uid=10028 gids={3003, 1015}
I/ActivityThread(  295): Pub com.android.email.provider: com.android.email.provider.EmailProvider
I/ActivityThread(  295): Pub com.android.email.attachmentprovider: com.android.email.provider.AttachmentProvider
I/ActivityThread(  295): Pub com.android.exchange.provider: com.android.exchange.provider.ExchangeProvider
D/EAS SyncManager(  295): !!! EAS SyncManager, onCreate
I/SearchManagerService(   61): Building list of searchable activities
I//system/bin/fsck_msdos(   29): ** /dev/block/vold/179:0
I//system/bin/fsck_msdos(   29): ** Phase 1 - Read and Compare FATs
I//system/bin/fsck_msdos(   29): Attempting to allocate 397 KB for FAT
D/Eas Debug(  295): Logging: 
D/MediaScannerService(  252): start scanning volume internal
D/dalvikvm(  274): GC_CONCURRENT freed 494K, 54% free 2721K/5831K, external 716K/1038K, paused 2ms+3ms
I//system/bin/fsck_msdos(   29): Attempting to allocate 397 KB for FAT
D/dalvikvm(  245): GC_CONCURRENT freed 179K, 48% free 3043K/5831K, external 1812K/2324K, paused 3ms+2ms
I/nofatclips(  245): Planning for new Activity Dashboard
I/nofatclips(  245): Created trace to press the menu button
I/nofatclips(  245): Created trace to change orientation
I/nofatclips(  245): Dispatching new task. 2 more tasks remaining.
D/nofatclips(  245): Saving task list on disk
V/nofatclips(  245): Backing up trace #0 to disk.
V/nofatclips(  245): Backing up trace #1 to disk.
I/nofatclips(  245): Restarting
D/dalvikvm(  295): GC_CONCURRENT freed 497K, 54% free 2738K/5831K, external 716K/1038K, paused 2ms+28ms
D/Email   (  295): BOOT_COMPLETED
D/EAS SyncManager(  295): !!! EAS SyncManager, onDestroy
D/EAS SyncManager(  295): !!! EAS SyncManager, onCreate
D/EAS SyncManager(  295): !!! EAS SyncManager, onStartCommand
D/EAS SyncManager(  295): !!! EAS SyncManager, stopping self
D/EAS SyncManager(  295): !!! EAS SyncManager, onDestroy
I//system/bin/fsck_msdos(   29): ** Phase 2 - Check Cluster Chains
I//system/bin/fsck_msdos(   29): ** Phase 3 - Checking Directories
I//system/bin/fsck_msdos(   29): ** Phase 4 - Checking for Lost Files
I//system/bin/fsck_msdos(   29): Next free cluster in FSInfo block (5) not free
I//system/bin/fsck_msdos(   29): FIXED
I//system/bin/fsck_msdos(   29): 3 files, 50388 free (100777 clusters)
I/Vold    (   29): Filesystem check completed OK
I/Vold    (   29): Device /dev/block/vold/179:0, target /mnt/sdcard mounted @ /mnt/secure/staging
D/Vold    (   29): Volume sdcard state changing 3 (Checking) -> 4 (Mounted)
I/PackageManager(   61): Updating external media status from unmounted to mounted
I/StorageNotification(  123): Media {/mnt/sdcard} state changed from {checking} -> {mounted}
D/VoldCmdListener(   29): asec list
I/PackageManager(   61): No secure containers on sdcard
W/PackageManager(   61): Unknown permission com.google.android.googleapps.permission.GOOGLE_AUTH.mail in package com.android.contacts
W/PackageManager(   61): Unknown permission android.permission.ADD_SYSTEM_SERVICE in package com.android.phone
W/PackageManager(   61): Not granting permission android.permission.SEND_DOWNLOAD_COMPLETED_INTENTS to package com.android.browser (protectionLevel=2 flags=0x9be45)
I/Launcher(  132): setLoadOnResume
W/PackageManager(   61): Unknown permission com.google.android.gm.permission.WRITE_GMAIL in package com.android.settings
W/PackageManager(   61): Unknown permission com.google.android.gm.permission.READ_GMAIL in package com.android.settings
W/PackageManager(   61): Unknown permission com.google.android.googleapps.permission.GOOGLE_AUTH in package com.android.settings
W/PackageManager(   61): Unknown permission com.google.android.googleapps.permission.GOOGLE_AUTH in package com.android.providers.contacts
W/PackageManager(   61): Unknown permission com.google.android.googleapps.permission.GOOGLE_AUTH.cp in package com.android.providers.contacts
W/PackageManager(   61): Unknown permission com.google.android.googleapps.permission.ACCESS_GOOGLE_PASSWORD in package com.android.development
W/PackageManager(   61): Unknown permission com.google.android.googleapps.permission.GOOGLE_AUTH in package com.android.development
W/PackageManager(   61): Unknown permission com.google.android.googleapps.permission.GOOGLE_AUTH.ALL_SERVICES in package com.android.development
W/PackageManager(   61): Unknown permission com.google.android.googleapps.permission.GOOGLE_AUTH.YouTubeUser in package com.android.development
W/PackageManager(   61): Unknown permission android.permission.READ_OWNER_DATA in package com.android.email
W/PackageManager(   61): Not granting permission android.permission.DEVICE_POWER to package com.android.deskclock (protectionLevel=2 flags=0x8be45)
W/ImageDownloader(  245): Error 404 while retrieving bitmap from http://gravatar.com/blavatar/44d338f29053dbb888da79dcf98df489?s=60&d=404
D/MediaScanner(  252):  prescan time: 473ms
D/dalvikvm(  252): GC_CONCURRENT freed 526K, 55% free 2647K/5831K, external 716K/1038K, paused 3ms+2ms
D/MediaScanner(  252):     scan time: 47ms
D/MediaScanner(  252): postscan time: 0ms
D/MediaScanner(  252):    total time: 520ms
D/szipinf (  179): Initializing inflate state
D/dalvikvm(  179): GC_CONCURRENT freed 219K, 51% free 2825K/5703K, external 716K/1038K, paused 3ms+5ms
I/nofatclips(  245): Waiting for 100 msec.
D/MediaScannerService(  252): done scanning volume internal
D/nofatclips(  245): Ready to operate after restarting...
I/nofatclips(  245): Retrieving widgets
I/nofatclips(  245): Playing Trace 1
I/nofatclips(  245): Firing event: type= changeOrientation name= widget=null
D/dalvikvm(  122): GREF has increased to 201
I/Launcher(  132): setLoadOnResume
I/Launcher(  132): setLoadOnResume
I/nofatclips(  245): Waiting for 100 msec.
D/dalvikvm(  132): GC_EXTERNAL_ALLOC freed 205K, 49% free 2991K/5831K, external 2617K/2620K, paused 70ms
I/ContactsDatabaseHelper(  179): Locale change completed in 5963ms
I/nofatclips(  245): Current activity is Dashboard
I/nofatclips(  245): Retrieving widgets
I/nofatclips(  245): Exit state. Not performing comparation for activity Dashboard
I/nofatclips(  245): Waiting for 100 msec.
D/MediaScannerService(  252): start scanning volume external
V/MediaProvider(  252): /mnt/sdcard volume ID: 434637087
I/nofatclips(  245): Session count is 1. Will dump to disk at 1
I/nofatclips(  245): Saving the session on disk. This is the first batch: the file will be created.
I/nofatclips(  245): Check for termination: 99 steps left of 100
I/nofatclips(  245): Saving the session on disk. This is the last batch. The session will be terminated.
V/MediaProvider(  252): Attached volume: external
D/nofatclips(  245): Performing backup of the old task list on disk
D/nofatclips(  245): Saving task list on disk
V/nofatclips(  245): Backing up trace #0 to disk.
D/nofatclips(  245): Deleting backup of the old task list from disk
W/ActivityManager(   61): Duplicate finish request for HistoryRecord{407182b0 org.wordpress.android/.Dashboard}
D/dalvikvm(  245): GC_EXPLICIT freed 474K, 50% free 3141K/6279K, external 1812K/2324K, paused 88ms
D/dalvikvm(  245): GC_EXPLICIT freed 17K, 51% free 3123K/6279K, external 1812K/2324K, paused 58ms
I/TestRunner(  245): finished: testAndCrawl(com.nofatclips.crawler.guitree.NomadEngine)
I/TestRunner(  245): passed: testAndCrawl(com.nofatclips.crawler.guitree.NomadEngine)
E/InstrumentationTestRunner(  245): Failed to generate emma coverage. Is emma jar on classpath?
E/InstrumentationTestRunner(  245): java.lang.ClassNotFoundException: com.vladium.emma.rt.RT
E/InstrumentationTestRunner(  245): 	at java.lang.Class.classForName(Native Method)
E/InstrumentationTestRunner(  245): 	at java.lang.Class.forName(Class.java:234)
E/InstrumentationTestRunner(  245): 	at java.lang.Class.forName(Class.java:181)
E/InstrumentationTestRunner(  245): 	at android.test.InstrumentationTestRunner.generateCoverageReport(InstrumentationTestRunner.java:578)
E/InstrumentationTestRunner(  245): 	at android.test.InstrumentationTestRunner.onStart(InstrumentationTestRunner.java:545)
E/InstrumentationTestRunner(  245): 	at android.app.Instrumentation$InstrumentationThread.run(Instrumentation.java:1448)
E/InstrumentationTestRunner(  245): Caused by: java.lang.NoClassDefFoundError: com.vladium.emma.rt.RT
E/InstrumentationTestRunner(  245): 	... 6 more
E/InstrumentationTestRunner(  245): Caused by: java.lang.ClassNotFoundException: com.vladium.emma.rt.RT in loader dalvik.system.PathClassLoader[/system/framework/android.test.runner.jar:/data/app/com.nofatclips.crawler-1.apk:/data/app/org.wordpress.android-1.apk]
E/InstrumentationTestRunner(  245): 	at dalvik.system.PathClassLoader.findClass(PathClassLoader.java:240)
E/InstrumentationTestRunner(  245): 	at java.lang.ClassLoader.loadClass(ClassLoader.java:551)
E/InstrumentationTestRunner(  245): 	at java.lang.ClassLoader.loadClass(ClassLoader.java:511)
E/InstrumentationTestRunner(  245): 	... 6 more
I/ActivityManager(   61): Force stopping package org.wordpress.android uid=10034
I/Process (   61): Sending signal. PID: 245 SIG: 9
D/AndroidRuntime(  202): Shutting down VM
D/dalvikvm(  202): GC_CONCURRENT freed 103K, 71% free 297K/1024K, external 0K/0K, paused 1ms+1ms
D/jdwp    (  202): adbd disconnected
I/WindowManager(   61): WIN DEATH: Window{40728108 org.wordpress.android/org.wordpress.android.Dashboard paused=false}
V/MediaScanner(  252): pruneDeadThumbnailFiles... android.database.sqlite.SQLiteCursor@40513f28
V/MediaScanner(  252): /pruneDeadThumbnailFiles... android.database.sqlite.SQLiteCursor@40513f28
D/MediaScanner(  252):  prescan time: 63ms
D/MediaScanner(  252):     scan time: 1ms
D/MediaScanner(  252): postscan time: 18ms
D/MediaScanner(  252):    total time: 82ms
D/MediaScannerService(  252): done scanning volume external
I/DEBUG   (   31): debuggerd: Feb  3 2011 14:45:34
D/qemud   (   38): entering main loop
I/Vold    (   29): Vold 2.1 (the revenge) firing up
D/Vold    (   29): USB mass storage support is not enabled in the kernel
D/Vold    (   29): usb_configuration switch is not enabled in the kernel
D/Vold    (   29): Volume sdcard state changing -1 (Initializing) -> 0 (No-Media)
I/Netd    (   30): Netd 1.0 starting
D/Vold    (   29): Volume sdcard state changing 0 (No-Media) -> 1 (Idle-Unmounted)
D/qemud   (   38): fdhandler_accept_event: accepting on fd 9
D/qemud   (   38): created client 0xe078 listening on fd 10
D/qemud   (   38): client_fd_receive: attempting registration for service 'boot-properties'
D/qemud   (   38): client_fd_receive:    -> received channel id 1
D/qemud   (   38): client_registration: registration succeeded for client 1
I/qemu-props(   52): connected to 'boot-properties' qemud service.
I/qemu-props(   52): receiving..
I/qemu-props(   52): received: dalvik.vm.heapsize=64m
I/qemu-props(   52): receiving..
I/qemu-props(   52): received: ro.config.low_ram=true
I/qemu-props(   52): receiving..
I/qemu-props(   52): received: qemu.sf.lcd_density=160
I/qemu-props(   52): receiving..
I/qemu-props(   52): received: qemu.hw.mainkeys=0
I/qemu-props(   52): receiving..
I/qemu-props(   52): received: qemu.sf.fake_camera=none
I/qemu-props(   52): receiving..
D/qemud   (   38): fdhandler_event: disconnect on fd 10
I/qemu-props(   52): exiting (5 properties set).
D/AndroidRuntime(   33): 
D/AndroidRuntime(   33): >>>>>> AndroidRuntime START com.android.internal.os.ZygoteInit <<<<<<
D/AndroidRuntime(   33): CheckJNI is ON
D/qemud   (   38): fdhandler_accept_event: accepting on fd 9
D/qemud   (   38): created client 0xe078 listening on fd 10
D/qemud   (   38): fdhandler_event: disconnect on fd 10
D/qemud   (   38): fdhandler_accept_event: accepting on fd 9
D/qemud   (   38): created client 0xe078 listening on fd 10
D/qemud   (   38): client_fd_receive: attempting registration for service 'gsm'
D/qemud   (   38): client_fd_receive:    -> received channel id 2
D/qemud   (   38): client_registration: registration succeeded for client 2
I/        (   34): ServiceManager: 0xad50
D/AudioHardwareInterface(   34): setMode(NORMAL)
I/CameraService(   34): CameraService started (pid=34)
I/AudioFlinger(   34): AudioFlinger's thread 0xc658 ready to run
I/SamplingProfilerIntegration(   33): Profiler is disabled.
I/Zygote  (   33): Preloading classes...
E/Zygote  (   33): setreuid() failed. errno: 2
D/dalvikvm(   33): GC_EXPLICIT freed 47K, 78% free 234K/1024K, external 0K/0K, paused 5ms
D/dalvikvm(   33): GC_EXPLICIT freed 1K, 73% free 284K/1024K, external 0K/0K, paused 3ms
D/dalvikvm(   33): GC_EXPLICIT freed 22K, 69% free 318K/1024K, external 0K/0K, paused 3ms
D/dalvikvm(   33): GC_EXPLICIT freed 17K, 66% free 356K/1024K, external 0K/0K, paused 4ms
D/dalvikvm(   33): GC_EXPLICIT freed 26K, 63% free 385K/1024K, external 0K/0K, paused 4ms
D/dalvikvm(   33): GC_EXPLICIT freed 20K, 57% free 441K/1024K, external 0K/0K, paused 5ms
W/MediaProfiles(   33): could not find media config xml file
D/dalvikvm(   33): GC_EXPLICIT freed 99K, 47% free 547K/1024K, external 0K/0K, paused 7ms
D/dalvikvm(   33): GC_EXPLICIT freed 272K, 28% free 885K/1219K, external 0K/0K, paused 12ms
D/dalvikvm(   33): GC_EXPLICIT freed 21K, 24% free 932K/1219K, external 0K/0K, paused 9ms
D/RenderScript_jni(   33): RenderScript JNI library not found!
D/dalvikvm(   33): GC_EXPLICIT freed 25K, 19% free 999K/1219K, external 0K/0K, paused 10ms
D/dalvikvm(   33): GC_EXPLICIT freed 47K, 5% free 1281K/1347K, external 0K/0K, paused 16ms
D/dalvikvm(   33): GC_EXPLICIT freed 24K, 3% free 1311K/1347K, external 0K/0K, paused 16ms
D/dalvikvm(   33): GC_EXPLICIT freed 28K, 6% free 1336K/1411K, external 0K/0K, paused 17ms
D/dalvikvm(   33): GC_EXPLICIT freed 14K, 3% free 1377K/1411K, external 0K/0K, paused 17ms
D/dalvikvm(   33): GC_EXPLICIT freed 28K, 5% free 1402K/1475K, external 0K/0K, paused 17ms
D/dalvikvm(   33): GC_EXPLICIT freed 28K, 3% free 1439K/1475K, external 0K/0K, paused 17ms
D/dalvikvm(   33): GC_EXPLICIT freed 38K, 6% free 1457K/1539K, external 0K/0K, paused 17ms
D/dalvikvm(   33): GC_EXPLICIT freed 40K, 5% free 1471K/1539K, external 0K/0K, paused 18ms
D/dalvikvm(   33): GC_EXPLICIT freed 55K, 8% free 1485K/1603K, external 0K/0K, paused 18ms
D/dalvikvm(   33): GC_FOR_MALLOC freed 2954K, 58% free 2168K/5123K, external 0K/0K, paused 54ms
D/dalvikvm(   33): GC_EXPLICIT freed 1403K, 55% free 2310K/5123K, external 0K/0K, paused 40ms
D/dalvikvm(   33): GC_EXPLICIT freed 148K, 54% free 2373K/5123K, external 0K/0K, paused 33ms
D/dalvikvm(   33): GC_EXPLICIT freed 73K, 54% free 2398K/5123K, external 0K/0K, paused 30ms
D/dalvikvm(   33): GC_EXPLICIT freed 36K, 53% free 2416K/5123K, external 0K/0K, paused 30ms
D/dalvikvm(   33): GC_EXPLICIT freed 31K, 53% free 2439K/5123K, external 0K/0K, paused 30ms
D/dalvikvm(   33): GC_EXPLICIT freed 38K, 52% free 2462K/5123K, external 0K/0K, paused 30ms
I/Zygote  (   33): ...preloaded 1830 classes in 5889ms.
E/Zygote  (   33): setreuid() failed. errno: 17
D/dalvikvm(   33): GC_EXPLICIT freed 18K, 52% free 2460K/5123K, external 0K/0K, paused 31ms
I/Zygote  (   33): Preloading resources...
D/dalvikvm(   33): GC_EXTERNAL_ALLOC freed <1K, 52% free 2462K/5123K, external 0K/0K, paused 30ms
W/Zygote  (   33): Preloaded drawable resource #0x1080093 (res/drawable-mdpi/sym_def_app_icon.png) that varies with configuration!!
W/Zygote  (   33): Preloaded drawable resource #0x1080002 (res/drawable-mdpi/arrow_down_float.png) that varies with configuration!!
W/Zygote  (   33): Preloaded drawable resource #0x10800b4 (res/drawable/btn_check.xml) that varies with configuration!!
W/Zygote  (   33): Preloaded drawable resource #0x10800b7 (res/drawable-mdpi/btn_check_label_background.9.png) that varies with configuration!!
W/Zygote  (   33): Preloaded drawable resource #0x10800b8 (res/drawable-mdpi/btn_check_off.png) that varies with configuration!!
W/Zygote  (   33): Preloaded drawable resource #0x10800bd (res/drawable-mdpi/btn_check_on.png) that varies with configuration!!
W/Zygote  (   33): Preloaded drawable resource #0x1080004 (res/drawable/btn_default.xml) that varies with configuration!!
W/Zygote  (   33): Preloaded drawable resource #0x1080005 (res/drawable/btn_default_small.xml) that varies with configuration!!
W/Zygote  (   33): Preloaded drawable resource #0x1080006 (res/drawable/btn_dropdown.xml) that varies with configuration!!
W/Zygote  (   33): Preloaded drawable resource #0x1080008 (res/drawable/btn_plus.xml) that varies with configuration!!
W/Zygote  (   33): Preloaded drawable resource #0x1080007 (res/drawable/btn_minus.xml) that varies with configuration!!
W/Zygote  (   33): Preloaded drawable resource #0x1080009 (res/drawable/btn_radio.xml) that varies with configuration!!
W/Zygote  (   33): Preloaded drawable resource #0x108000a (res/drawable/btn_star.xml) that varies with configuration!!
D/dalvikvm(   33): GC_EXPLICIT freed 25K, 52% free 2499K/5123K, external 408K/521K, paused 31ms
W/Zygote  (   33): Preloaded drawable resource #0x1080132 (res/drawable/btn_toggle.xml) that varies with configuration!!
W/Zygote  (   33): Preloaded drawable resource #0x1080196 (res/drawable-mdpi/ic_emergency.png) that varies with configuration!!
W/Zygote  (   33): Preloaded drawable resource #0x1080012 (res/drawable-mdpi/divider_horizontal_bright.9.png) that varies with configuration!!
W/Zygote  (   33): Preloaded drawable resource #0x1080014 (res/drawable-mdpi/divider_horizontal_dark.9.png) that varies with configuration!!
W/Zygote  (   33): Preloaded drawable resource #0x1080016 (res/drawable/edit_text.xml) that varies with configuration!!
W/Zygote  (   33): Preloaded drawable resource #0x1080170 (res/drawable/expander_group.xml) that varies with configuration!!
W/Zygote  (   33): Preloaded drawable resource #0x1080062 (res/drawable/list_selector_background.xml) that varies with configuration!!
W/Zygote  (   33): Preloaded drawable resource #0x108022a (res/drawable-mdpi/menu_background.9.png) that varies with configuration!!
W/Zygote  (   33): Preloaded drawable resource #0x108022b (res/drawable-mdpi/menu_background_fill_parent_width.9.png) that varies with configuration!!
W/Zygote  (   33): Preloaded drawable resource #0x108022c (res/drawable/menu_selector.xml) that varies with configuration!!
D/dalvikvm(   33): GC_EXTERNAL_ALLOC freed 16K, 51% free 2512K/5123K, external 516K/521K, paused 33ms
W/Zygote  (   33): Preloaded drawable resource #0x108023a (res/drawable-mdpi/panel_background.9.png) that varies with configuration!!
W/Zygote  (   33): Preloaded drawable resource #0x1080242 (res/drawable-mdpi/popup_bottom_bright.9.png) that varies with configuration!!
W/Zygote  (   33): Preloaded drawable resource #0x1080243 (res/drawable-mdpi/popup_bottom_dark.9.png) that varies with configuration!!
W/Zygote  (   33): Preloaded drawable resource #0x1080244 (res/drawable-mdpi/popup_bottom_medium.9.png) that varies with configuration!!
W/Zygote  (   33): Preloaded drawable resource #0x1080245 (res/drawable-mdpi/popup_center_bright.9.png) that varies with configuration!!
W/Zygote  (   33): Preloaded drawable resource #0x1080246 (res/drawable-mdpi/popup_center_dark.9.png) that varies with configuration!!
W/Zygote  (   33): Preloaded drawable resource #0x1080249 (res/drawable-mdpi/popup_full_dark.9.png) that varies with configuration!!
W/Zygote  (   33): Preloaded drawable resource #0x108024c (res/drawable-mdpi/popup_top_bright.9.png) that varies with configuration!!
W/Zygote  (   33): Preloaded drawable resource #0x108024d (res/drawable-mdpi/popup_top_dark.9.png) that varies with configuration!!
W/Zygote  (   33): Preloaded drawable resource #0x108006d (res/drawable/progress_indeterminate_horizontal.xml) that varies with configuration!!
W/Zygote  (   33): Preloaded drawable resource #0x1080253 (res/drawable/progress_small.xml) that varies with configuration!!
W/Zygote  (   33): Preloaded drawable resource #0x1080254 (res/drawable/progress_small_titlebar.xml) that varies with configuration!!
W/Zygote  (   33): Preloaded drawable resource #0x1080274 (res/drawable-mdpi/scrollbar_handle_horizontal.9.png) that varies with configuration!!
W/Zygote  (   33): Preloaded drawable resource #0x1080275 (res/drawable-mdpi/scrollbar_handle_vertical.9.png) that varies with configuration!!
D/dalvikvm(   33): GC_EXPLICIT freed 15K, 51% free 2524K/5123K, external 585K/1038K, paused 32ms
W/Zygote  (   33): Preloaded drawable resource #0x1080071 (res/drawable/spinner_dropdown_background.xml) that varies with configuration!!
W/Zygote  (   33): Preloaded drawable resource #0x1080312 (res/drawable-mdpi/text_select_handle_left.png) that varies with configuration!!
W/Zygote  (   33): Preloaded drawable resource #0x1080313 (res/drawable-mdpi/text_select_handle_middle.png) that varies with configuration!!
W/Zygote  (   33): Preloaded drawable resource #0x1080314 (res/drawable-mdpi/text_select_handle_right.png) that varies with configuration!!
W/Zygote  (   33): Preloaded drawable resource #0x1080335 (res/drawable-mdpi/title_bar_shadow.9.png) that varies with configuration!!
W/Zygote  (   33): Preloaded drawable resource #0x10801d8 (res/drawable-mdpi/indicator_code_lock_drag_direction_green_up.png) that varies with configuration!!
W/Zygote  (   33): Preloaded drawable resource #0x10801d9 (res/drawable-mdpi/indicator_code_lock_drag_direction_red_up.png) that varies with configuration!!
W/Zygote  (   33): Preloaded drawable resource #0x10801da (res/drawable-mdpi/indicator_code_lock_point_area_default.png) that varies with configuration!!
W/Zygote  (   33): Preloaded drawable resource #0x10801db (res/drawable-mdpi/indicator_code_lock_point_area_green.png) that varies with configuration!!
W/Zygote  (   33): Preloaded drawable resource #0x10801dc (res/drawable-mdpi/indicator_code_lock_point_area_red.png) that varies with configuration!!
I/Zygote  (   33): ...preloaded 51 resources in 479ms.
I/Zygote  (   33): ...preloaded 15 resources in 14ms.
D/dalvikvm(   33): GC_EXPLICIT freed 23K, 51% free 2533K/5123K, external 716K/1038K, paused 32ms
D/dalvikvm(   33): GC_EXPLICIT freed 6K, 51% free 2526K/5123K, external 716K/1038K, paused 32ms
D/dalvikvm(   33): GC_EXPLICIT freed <1K, 51% free 2526K/5123K, external 716K/1038K, paused 32ms
I/dalvikvm(   33): System server process 62 has been created
I/Zygote  (   33): Accepting command socket connections
E/BatteryService(   62): usbOnlinePath not found
E/BatteryService(   62): batteryVoltagePath not found
E/BatteryService(   62): batteryTemperaturePath not found
I/sysproc (   62): Entered system_init()
I/sysproc (   62): ServiceManager: 0x93138
I/SurfaceFlinger(   62): SurfaceFlinger is starting
I/SurfaceFlinger(   62): SurfaceFlinger's main thread ready to run. Initializing graphics H/W...
E/SurfaceFlinger(   62): Couldn't open /sys/power/wait_for_fb_sleep or /sys/power/wait_for_fb_wake
I/gralloc (   62): using (fd=26)
I/gralloc (   62): id           = 
I/gralloc (   62): xres         = 320 px
I/gralloc (   62): yres         = 480 px
I/gralloc (   62): xres_virtual = 320 px
I/gralloc (   62): yres_virtual = 960 px
I/gralloc (   62): bpp          = 16
I/gralloc (   62): r            = 11:5
I/gralloc (   62): g            =  5:6
I/gralloc (   62): b            =  0:5
I/gralloc (   62): width        = 49 mm (165.877548 dpi)
I/gralloc (   62): height       = 74 mm (164.756760 dpi)
I/gralloc (   62): refresh rate = 60.00 Hz
D/libEGL  (   62): egl.cfg not found, using default config
D/libEGL  (   62): loaded /system/lib/egl/libGLES_android.so
I/SurfaceFlinger(   62): EGL informations:
I/SurfaceFlinger(   62): # of configs : 8
I/SurfaceFlinger(   62): vendor    : Android
I/SurfaceFlinger(   62): version   : 1.4 Android META-EGL
I/SurfaceFlinger(   62): extensions: EGL_KHR_image EGL_KHR_image_base EGL_KHR_image_pixmap EGL_ANDROID_image_native_buffer EGL_ANDROID_swap_rectangle 
I/SurfaceFlinger(   62): Client API: OpenGL ES
I/SurfaceFlinger(   62): EGLSurface: 5-6-5-0, config=0x0
I/SurfaceFlinger(   62): OpenGL informations:
I/SurfaceFlinger(   62): vendor    : Android
I/SurfaceFlinger(   62): renderer  : Android PixelFlinger 1.4
I/SurfaceFlinger(   62): version   : OpenGL ES-CM 1.0
I/SurfaceFlinger(   62): extensions: GL_OES_byte_coordinates GL_OES_fixed_point GL_OES_single_precision GL_OES_read_format GL_OES_compressed_paletted_texture GL_OES_draw_texture GL_OES_matrix_get GL_OES_query_matrix GL_OES_EGL_image GL_OES_compressed_ETC1_RGB8_texture GL_ARB_texture_compression GL_ARB_texture_non_power_of_two GL_ANDROID_user_clip_plane GL_ANDROID_vertex_buffer_object GL_ANDROID_generate_mipmap 
I/SurfaceFlinger(   62): GL_MAX_TEXTURE_SIZE = 4096
I/SurfaceFlinger(   62): GL_MAX_VIEWPORT_DIMS = 4096
I/SurfaceFlinger(   62): flags = 000c0000
D/SensorService(   62): nuSensorService starting...
E/SensorService(   62): couldn't open device for module sensors (Invalid argument)
I/sysproc (   62): System server: starting Android runtime.
I/sysproc (   62): System server: starting Android services.
I/SystemServer(   62): Entered the Android system server!
I/sysproc (   62): System server: entering thread pool.
I/SystemServer(   62): Entropy Service
I/SystemServer(   62): Power Manager
I/SystemServer(   62): Activity Manager
I/ActivityManager(   62): Memory class: 64
W/UsageStats(   62): Usage stats version changed; dropping
D/libEGL  (   74): egl.cfg not found, using default config
D/libEGL  (   74): loaded /system/lib/egl/libGLES_android.so
I/SystemServer(   62): Telephony Registry
I/SystemServer(   62): Package Manager
W/zipro   (   74): Unable to open zip '/data/local/bootanimation.zip': No such file or directory
W/zipro   (   74): Unable to open zip '/system/media/bootanimation.zip': No such file or directory
I/Installer(   62): connecting...
I/installd(   35): new connection
I/ARMAssembler(   62): generated scanline__00000077:03010104_00000004_00000000 [ 22 ipp] (41 ins) at [0x46efd1e8:0x46efd28c] in 2772472 ns
I/ARMAssembler(   74): generated scanline__00000077:03545404_00000A01_00000000 [ 30 ipp] (51 ins) at [0x403461e8:0x403462b4] in 1573761 ns
D/dalvikvm(   62): GC_CONCURRENT freed 182K, 50% free 2826K/5639K, external 716K/1038K, paused 4ms+5ms
W/PackageManager(   62): Running ENG build: no pre-dexopt!
D/dalvikvm(   62): GC_CONCURRENT freed 234K, 49% free 3043K/5895K, external 716K/1038K, paused 3ms+4ms
D/dalvikvm(   62): GC_CONCURRENT freed 240K, 47% free 3299K/6151K, external 716K/1038K, paused 4ms+10ms
D/PackageManager(   62): No files in app dir /vendor/app
I/PackageManager(   62): Unpacking native libraries for /data/app/com.nofatclips.crawler-1.apk
D/szipinf (   62): Initializing inflate state
I/PackageManager(   62): Unpacking native libraries for /data/app/org.wordpress.android-1.apk
I/PackageManager(   62): Unpacking native libraries for /data/app/GestureBuilder.apk
I/PackageManager(   62): Unpacking native libraries for /data/app/SoftKeyboard.apk
I/PackageManager(   62): Unpacking native libraries for /data/app/CubeLiveWallpapers.apk
D/szipinf (   62): Initializing inflate state
W/PackageParser(   62): No actions in intent filter at /data/app/ApiDemos.apk Binary XML file line #1882
W/PackageParser(   62): No actions in intent filter at /data/app/ApiDemos.apk Binary XML file line #1888
W/PackageManager(   62): Package com.example.android.apis desires unavailable shared library com.example.will.never.exist; ignoring!
I/PackageManager(   62): Unpacking native libraries for /data/app/ApiDemos.apk
D/dalvikvm(   62): GC_CONCURRENT freed 246K, 45% free 3614K/6471K, external 716K/1038K, paused 3ms+4ms
I/PackageManager(   62): Time to scan packages: 1.273 seconds
W/PackageManager(   62): Unknown permission com.google.android.googleapps.permission.GOOGLE_AUTH.mail in package com.android.contacts
W/PackageManager(   62): Unknown permission android.permission.ADD_SYSTEM_SERVICE in package com.android.phone
W/PackageManager(   62): Not granting permission android.permission.SEND_DOWNLOAD_COMPLETED_INTENTS to package com.android.browser (protectionLevel=2 flags=0x9be45)
W/PackageManager(   62): Unknown permission com.google.android.gm.permission.WRITE_GMAIL in package com.android.settings
W/PackageManager(   62): Unknown permission com.google.android.gm.permission.READ_GMAIL in package com.android.settings
W/PackageManager(   62): Unknown permission com.google.android.googleapps.permission.GOOGLE_AUTH in package com.android.settings
W/PackageManager(   62): Unknown permission com.google.android.googleapps.permission.GOOGLE_AUTH in package com.android.providers.contacts
W/PackageManager(   62): Unknown permission com.google.android.googleapps.permission.GOOGLE_AUTH.cp in package com.android.providers.contacts
W/PackageManager(   62): Unknown permission com.google.android.googleapps.permission.ACCESS_GOOGLE_PASSWORD in package com.android.development
W/PackageManager(   62): Unknown permission com.google.android.googleapps.permission.GOOGLE_AUTH in package com.android.development
W/PackageManager(   62): Unknown permission com.google.android.googleapps.permission.GOOGLE_AUTH.ALL_SERVICES in package com.android.development
W/PackageManager(   62): Unknown permission com.google.android.googleapps.permission.GOOGLE_AUTH.YouTubeUser in package com.android.development
W/PackageManager(   62): Unknown permission android.permission.READ_OWNER_DATA in package com.android.email
W/PackageManager(   62): Not granting permission android.permission.DEVICE_POWER to package com.android.deskclock (protectionLevel=2 flags=0x8be45)
D/dalvikvm(   62): GC_EXPLICIT freed 314K, 46% free 3570K/6599K, external 716K/1038K, paused 48ms
I/SystemServer(   62): Account Manager
I/SystemServer(   62): Content Manager
I/SystemServer(   62): System Content Providers
I/ActivityThread(   62): Pub settings: com.android.providers.settings.SettingsProvider
I/SystemServer(   62): Battery Service
D/SettingsProvider(   62): cache for settings table 'secure' rows=27; fullycached=true
I/SystemServer(   62): Lights Service
I/SystemServer(   62): Vibrator Service
D/qemud   (   38): fdhandler_accept_event: accepting on fd 9
D/qemud   (   38): created client 0x13ee8 listening on fd 11
D/qemud   (   38): client_fd_receive: attempting registration for service 'hw-control'
D/qemud   (   38): client_fd_receive:    -> received channel id 3
D/qemud   (   38): client_registration: registration succeeded for client 3
D/SettingsProvider(   62): cache for settings table 'system' rows=46; fullycached=true
I/SystemServer(   62): Alarm Manager
I/SystemServer(   62): Init Watchdog
I/SystemServer(   62): Window Manager
I/InputManager(   62): Initializing input manager
I/InputManager(   62): Starting input manager
I/SystemServer(   62): Registering null Bluetooth Service (emulator)
E/System  (   62): Failure starting core service
E/System  (   62): java.lang.SecurityException
E/System  (   62): 	at android.os.BinderProxy.transact(Native Method)
E/System  (   62): 	at android.os.ServiceManagerProxy.addService(ServiceManagerNative.java:146)
E/System  (   62): 	at android.os.ServiceManager.addService(ServiceManager.java:72)
E/System  (   62): 	at com.android.server.ServerThread.run(SystemServer.java:206)
I/SystemServer(   62): Device Policy
I/SystemServer(   62): Status Bar
I/SystemServer(   62): Clipboard Service
I/SystemServer(   62): Input Method Service
I/EventHub(   62): New keyboard: device->id=0x10000 devname='qwerty2' propName='hw.keyboards.65536.devname' keylayout='/system/usr/keylayout/qwerty.kl'
I/EventHub(   62): New device: path=/dev/input/event0 name=qwerty2 id=0x10000 (of 0x1) index=1 fd=86 classes=0x87
E/EventHub(   62): could not get driver version for /dev/input/mouse0, Not a typewriter
E/EventHub(   62): could not get driver version for /dev/input/mice, Not a typewriter
I/InputManager-Callbacks(   62): No input device calibration properties found for device qwerty2.
I/InputReader(   62): Device added: id=0x0, name=qwerty2, sources=00001103
I/InputManagerService(   62): Enabled input methods: jp.co.omronsoft.openwnn/.OpenWnnJAJP:com.android.inputmethod.latin/.LatinIME:com.android.inputmethod.pinyin/.PinyinIME:com.example.android.softkeyboard/.SoftKeyboard
I/SystemServer(   62): NetStat Service
I/SystemServer(   62): NetworkManagement Service
I/SystemServer(   62): Connectivity Service
I/WifiService(   62): WifiService starting up with Wi-Fi disabled
D/NetworkManagmentService(   62): Registering observer
I/SystemServer(   62): Throttle Service
I/SystemServer(   62): Accessibility Manager
I/SystemServer(   62): Mount Service
I/SystemServer(   62): Notification Manager
I/SystemServer(   62): Device Storage Monitor
I/SystemServer(   62): Location Manager
I/SystemServer(   62): Search Service
I/SystemServer(   62): DropBox Service
I/SystemServer(   62): Wallpaper Service
I/SystemServer(   62): Audio Service
D/VoldCmdListener(   29): volume list
I/PackageManager(   62): Updating external media status from unmounted to unmounted
D/VoldCmdListener(   29): share status ums
D/AudioHardwareInterface(   34): setMode(NORMAL)
W/AudioPolicyManagerBase(   34): setPhoneState() setting same state 0
E/SoundPool(   62): error loading /system/media/audio/ui/Effect_Tick.ogg
W/AudioService(   62): Soundpool could not load file: /system/media/audio/ui/Effect_Tick.ogg
E/SoundPool(   62): error loading /system/media/audio/ui/KeypressStandard.ogg
W/AudioService(   62): Soundpool could not load file: /system/media/audio/ui/KeypressStandard.ogg
E/SoundPool(   62): error loading /system/media/audio/ui/KeypressSpacebar.ogg
W/AudioService(   62): Soundpool could not load file: /system/media/audio/ui/KeypressSpacebar.ogg
E/SoundPool(   62): error loading /system/media/audio/ui/KeypressDelete.ogg
W/AudioService(   62): Soundpool could not load file: /system/media/audio/ui/KeypressDelete.ogg
E/SoundPool(   62): error loading /system/media/audio/ui/KeypressReturn.ogg
W/AudioService(   62): Soundpool could not load file: /system/media/audio/ui/KeypressReturn.ogg
I/SystemServer(   62): Headset Observer
W/HeadsetObserver(   62): This kernel does not have wired headset support
I/SystemServer(   62): Dock Observer
W/DockObserver(   62): This kernel does not have dock station support
I/SystemServer(   62): USB Observer
W/UsbObserver(   62): This kernel does not have USB configuration switch support
E/UsbObserver(   62): 
E/UsbObserver(   62): java.lang.NullPointerException
E/UsbObserver(   62): 	at com.android.server.UsbObserver.init(UsbObserver.java:131)
E/UsbObserver(   62): 	at com.android.server.UsbObserver.<init>(UsbObserver.java:65)
E/UsbObserver(   62): 	at com.android.server.ServerThread.run(SystemServer.java:402)
I/SystemServer(   62): UI Mode Manager Service
I/SystemServer(   62): Backup Service
V/BackupManagerService(   62): No ancestral data
I/BackupManagerService(   62): Found stale backup journal, scheduling
D/dalvikvm(   62): GC_CONCURRENT freed 294K, 43% free 3841K/6727K, external 716K/1038K, paused 3ms+5ms
I/BackupManagerService(   62):   com.android.inputmethod.latin
I/BackupManagerService(   62):   com.android.browser
I/BackupManagerService(   62):   com.android.providers.userdictionary
I/BackupManagerService(   62):   android
I/BackupManagerService(   62):   com.android.providers.settings
I/BackupManagerService(   62): Backup enabled => true
I/SystemServer(   62): AppWidget Service
I/SystemServer(   62): Recognition Service
I/SystemServer(   62): DiskStats Service
I/WindowManager(   62): SAFE MODE not enabled
D/dalvikvm(   62): JIT started for system_server
D/PowerManagerService(   62): system ready!
I/ActivityManager(   62): System now ready
I/SystemServer(   62): Making services ready
I/StatusBarManagerService(   62): Starting service: ComponentInfo{com.android.systemui/com.android.systemui.statusbar.StatusBarService}
I/Zygote  (   62): Process: zygote socket opened
I/ActivityManager(   62): Start proc com.android.systemui for service com.android.systemui/.statusbar.StatusBarService: pid=107 uid=1000 gids={3002, 3001, 3003}
I/ActivityManager(   62): Config changed: { scale=1.0 imsi=0/0 loc=en_US touch=0 keys=0/0/0 nav=0/0 orien=0 layout=0 uiMode=17 seq=2}
I/ActivityManager(   62): Config changed: { scale=1.0 imsi=0/0 loc=en_US touch=3 keys=2/1/2 nav=1/1 orien=1 layout=18 uiMode=17 seq=3}
W/RecognitionManagerService(   62): no available voice recognition services found
I/ActivityManager(   62): Start proc jp.co.omronsoft.openwnn for service jp.co.omronsoft.openwnn/.OpenWnnJAJP: pid=114 uid=10004 gids={}
W/GpsLocationProvider(   62): Could not open GPS configuration file /etc/gps.conf
W/ActivityManager(   62): Unable to start service Intent { act=@0 }: not found
W/ActivityManager(   62): Unable to start service Intent { act=@0 }: not found
D/qemud   (   38): fdhandler_accept_event: accepting on fd 9
D/qemud   (   38): created client 0x13f38 listening on fd 12
D/qemud   (   38): client_fd_receive: attempting registration for service 'gps'
D/qemud   (   38): client_fd_receive:    -> received channel id 4
D/NetworkManagmentService(   62): Registering observer
E/ThrottleService(   62): Could not open GPS configuration file /etc/gps.conf
D/qemud   (   38): client_registration: registration succeeded for client 4
D/dalvikvm(   62): GC_EXTERNAL_ALLOC freed 117K, 42% free 3905K/6727K, external 1035K/1038K, paused 70ms
I/ActivityManager(   62): Start proc com.android.settings for broadcast com.android.settings/.widget.SettingsAppWidgetProvider: pid=128 uid=1000 gids={3002, 3001, 3003}
I/ActivityManager(   62): Start proc com.android.phone for added application com.android.phone: pid=129 uid=1001 gids={3002, 3001, 3003, 1015}
I/ActivityManager(   62): Start proc com.android.systemui for added application com.android.systemui: pid=131 uid=1000 gids={3002, 3001, 3003}
I/ActivityManager(   62): Starting: Intent { act=android.intent.action.MAIN cat=[android.intent.category.HOME] flg=0x10000000 cmp=com.android.launcher/com.android.launcher2.Launcher } from pid 0
I/ActivityManager(   62): Start proc com.android.launcher for activity com.android.launcher/com.android.launcher2.Launcher: pid=140 uid=10013 gids={}
W/ActivityManager(   62): No pending application record for pid 107 (IApplicationThread android.app.ApplicationThreadProxy@40640068); dropping process
I/Process (   62): Sending signal. PID: 107 SIG: 9
I/SystemServer(   62): Enabled StrictMode for system server main thread.
E/logwrapper(  144): executing /system/bin/tc failed: No such file or directory
I/logwrapper(   30): /system/bin/tc terminated by exit(1)
E/logwrapper(  145): executing /system/bin/tc failed: No such file or directory
I/logwrapper(   30): /system/bin/tc terminated by exit(1)
E/logwrapper(  149): executing /system/bin/tc failed: No such file or directory
I/logwrapper(   30): /system/bin/tc terminated by exit(1)
D/dalvikvm(  114): GC_CONCURRENT freed 395K, 54% free 2650K/5639K, external 716K/1038K, paused 2ms+8ms
D/dalvikvm(   62): GC_EXTERNAL_ALLOC freed 233K, 43% free 3949K/6855K, external 1558K/1567K, paused 322ms
D/dalvikvm(  129): GC_CONCURRENT freed 404K, 54% free 2640K/5639K, external 716K/1038K, paused 3ms+50ms
D/dalvikvm(  131): GC_CONCURRENT freed 406K, 54% free 2638K/5639K, external 716K/1038K, paused 3ms+51ms
D/dalvikvm(  128): GC_CONCURRENT freed 398K, 54% free 2647K/5639K, external 716K/1038K, paused 3ms+56ms
D/dalvikvm(  114): No JNI_OnLoad found in /system/lib/libwnndict.so 0x40512cf0, skipping init
D/dalvikvm(  140): GC_CONCURRENT freed 406K, 54% free 2638K/5639K, external 716K/1038K, paused 3ms+42ms
I/ActivityThread(  140): Pub com.android.launcher2.settings: com.android.launcher2.LauncherProvider
I/ActivityThread(  129): Pub mms: com.android.providers.telephony.MmsProvider
D/dalvikvm(   62): GREF has increased to 201
I/ActivityThread(  129): Pub sms: com.android.providers.telephony.SmsProvider
I/ActivityThread(  129): Pub telephony: com.android.providers.telephony.TelephonyProvider
I/ActivityThread(  129): Pub icc: com.android.phone.IccProvider
D/dalvikvm(  114): GC_CONCURRENT freed 212K, 50% free 2912K/5767K, external 716K/1038K, paused 2ms+76ms
I/ActivityThread(  129): Pub mms-sms: com.android.providers.telephony.MmsSmsProvider
D/dalvikvm(   62): GC_EXTERNAL_ALLOC freed 186K, 42% free 4024K/6919K, external 1478K/1745K, paused 136ms
I/StatusBarManagerService(   62): registerStatusBar bar=com.android.internal.statusbar.IStatusBar$Stub$Proxy@40629470
D/dalvikvm(  114): GC_CONCURRENT freed 434K, 50% free 3047K/6087K, external 716K/1038K, paused 2ms+15ms
D/VoldCmdListener(   29): share status ums
D/StorageNotification(  131): Startup with UMS connection false (media state unmounted)
I/StorageNotification(  131): UMS connection changed to false (media state unmounted)
D/CallManager(  129): registerPhone(GSM Handler{4055f508})
I/ActivityManager(   62): Start proc android.process.acore for content provider com.android.providers.contacts/.CallLogProvider: pid=179 uid=10006 gids={3003, 1015}
W/ActivityManager(   62): Unable to start service Intent { act=com.android.ussd.IExtendedNetworkService }: not found
I/TelephonyRegistry(   62): notifyServiceState: 3 home null null null  Unknown CSS not supported -1 -1RoamInd: -1DefRoamInd: -1EmergOnly: false
D/AlarmManagerService(   62): Kernel timezone updated to 0 minutes west of GMT
I/ActivityManager(   62): Start proc com.android.deskclock for broadcast com.android.deskclock/.AlarmInitReceiver: pid=185 uid=10019 gids={}
W/SystemClock(  129): Unable to set rtc to 1406830488: Invalid argument
D/dalvikvm(  140): GC_EXTERNAL_ALLOC freed 51K, 53% free 2701K/5639K, external 1032K/1038K, paused 333ms
I/TelephonyRegistry(   62): notifyDataConnection: state=0 isDataConnectivityPossible=false reason=radioTurnedOff interfaceName=null networkType=0
I/TelephonyRegistry(   62): notifyDataConnection: state=0 isDataConnectivityPossible=false reason=gprsDetached interfaceName=null networkType=0
D/SystemClock(  129): Setting time of day to sec=1406830488
I/TelephonyRegistry(   62): notifyServiceState: 0 home Android Android 310260  UMTS CSS not supported -1 -1RoamInd: -1DefRoamInd: -1EmergOnly: false
I/TelephonyRegistry(   62): notifyDataConnection: state=0 isDataConnectivityPossible=false reason=null interfaceName=null networkType=3
D/dalvikvm(  129): GC_CONCURRENT freed 172K, 49% free 2925K/5703K, external 716K/1038K, paused 3ms+15ms
I/ActivityThread(  179): Pub com.android.social: com.android.providers.contacts.SocialProvider
I/ActivityThread(  179): Pub applications: com.android.providers.applications.ApplicationsProvider
D/MccTable(  129): updateMccMncConfiguration: mcc=310, mnc=260
D/MccTable(  129): locale set to en_us
D/MccTable(  129): WIFI_NUM_ALLOWED_CHANNELS set to 11
I/WifiService(   62): WifiService trying to setNumAllowed to 11 with persist set to true
I/ActivityManager(   62): Config changed: { scale=1.0 imsi=310/260 loc=en_US touch=3 keys=2/1/2 nav=1/1 orien=1 layout=18 uiMode=17 seq=4}
I/TelephonyRegistry(   62): notifyMessageWaitingChanged: false
I/TelephonyRegistry(   62): notifyCallForwardingChanged: false
I/ActivityThread(  185): Pub com.android.deskclock: com.android.deskclock.AlarmProvider
D/dalvikvm(  179): GC_CONCURRENT freed 406K, 54% free 2613K/5639K, external 716K/1038K, paused 3ms+3ms
D/dalvikvm(   62): GC_CONCURRENT freed 256K, 42% free 4119K/6983K, external 1865K/3065K, paused 4ms+50ms
D/dalvikvm(  185): GC_CONCURRENT freed 367K, 54% free 2620K/5639K, external 716K/1038K, paused 3ms+15ms
D/TelephonyProvider(  129): Setting numeric '310260' to be the current operator
I/ActivityThread(  179): Pub contacts;com.android.contacts: com.android.providers.contacts.ContactsProvider2
I/TelephonyRegistry(   62): notifyDataConnection: state=1 isDataConnectivityPossible=true reason=simLoaded interfaceName=null networkType=3
I/TelephonyRegistry(   62): notifyDataConnection: state=2 isDataConnectivityPossible=true reason=simLoaded interfaceName=/dev/omap_csmi_tty1 networkType=3
D/Tethering(   62): MasterInitialState.processMessage what=3
D/SntpClient(   62): request time failed: java.net.SocketException: Address family not supported by protocol
I/ActivityManager(   62): Start proc com.android.protips for broadcast com.android.protips/.ProtipWidget: pid=202 uid=10024 gids={}
D/dalvikvm(  140): GC_EXTERNAL_ALLOC freed 58K, 51% free 2764K/5639K, external 1567K/1572K, paused 311ms
D/dalvikvm(   33): GC_EXPLICIT freed 10K, 53% free 2538K/5379K, external 716K/1038K, paused 133ms
D/dalvikvm(   33): GC_EXPLICIT freed <1K, 53% free 2538K/5379K, external 716K/1038K, paused 116ms
D/dalvikvm(   33): GC_EXPLICIT freed <1K, 53% free 2538K/5379K, external 716K/1038K, paused 204ms
I/ActivityManager(   62): Start proc com.android.music for broadcast com.android.music/.MediaAppWidgetProvider: pid=212 uid=10005 gids={3003, 1015}
D/dalvikvm(  140): GC_EXTERNAL_ALLOC freed 47K, 51% free 2788K/5639K, external 2079K/2085K, paused 151ms
I/ActivityThread(  179): Pub call_log: com.android.providers.contacts.CallLogProvider
I/ActivityThread(  179): Pub user_dictionary: com.android.providers.userdictionary.UserDictionaryProvider
D/dalvikvm(  140): GC_EXPLICIT freed 23K, 51% free 2806K/5639K, external 2387K/2620K, paused 86ms
D/dalvikvm(   62): GREF has increased to 301
I/ActivityManager(   62): Start proc com.android.quicksearchbox for broadcast com.android.quicksearchbox/.SearchWidgetProvider: pid=221 uid=10002 gids={3003}
I/ActivityThread(  221): Pub com.android.quicksearchbox.google: com.android.quicksearchbox.google.GoogleSuggestionProvider
I/ActivityThread(  221): Pub com.android.quicksearchbox.shortcuts: com.android.quicksearchbox.ShortcutsProvider
I/ActivityManager(   62): Start proc android.process.media for broadcast com.android.providers.downloads/.DownloadReceiver: pid=229 uid=10000 gids={1015, 1006, 2001, 3003}
I/ActivityThread(  229): Pub media: com.android.providers.media.MediaProvider
V/MediaProvider(  229): Attached volume: internal
I/ActivityThread(  229): Pub downloads: com.android.providers.downloads.DownloadProvider
D/dalvikvm(  140): GC_EXTERNAL_ALLOC freed 160K, 49% free 2988K/5767K, external 2618K/2620K, paused 196ms
I/ActivityThread(  229): Pub drm: com.android.providers.drm.DrmProvider
I/SurfaceFlinger(   62): Boot is finished (10498 ms)
D/OtaStartupReceiver(  129): Not a CDMA phone, no need to process OTA
D/PowerManagerService(   62): bootCompleted
I/ARMAssembler(   62): generated scanline__00000177:03010104_00000002_00000000 [ 44 ipp] (66 ins) at [0x46efd290:0x46efd398] in 698785 ns
I/ARMAssembler(   62): generated scanline__00000177:03515104_00000001_00000000 [ 73 ipp] (95 ins) at [0x46efd3a0:0x46efd51c] in 618813 ns
D/VoldCmdListener(   29): volume mount /mnt/sdcard
I/Vold    (   29): /dev/block/vold/179:0 being considered for volume sdcard
D/Vold    (   29): Volume sdcard state changing 1 (Idle-Unmounted) -> 3 (Checking)
I/StorageNotification(  131): Media {/mnt/sdcard} state changed from {unmounted} -> {checking}
I/RecoverySystem(   62): No recovery log file
I/ActivityManager(   62): Start proc com.android.mms for broadcast com.android.mms/.transaction.MmsSystemEventReceiver: pid=246 uid=10015 gids={3003, 1015}
I//system/bin/fsck_msdos(   29): ** /dev/block/vold/179:0
I/ActivityThread(  246): Pub com.android.mms.SuggestionsProvider: com.android.mms.SuggestionsProvider
D/dalvikvm(   62): GC_EXPLICIT freed 697K, 45% free 4129K/7495K, external 1865K/3065K, paused 166ms
I/InputReader(   62): Device reconfigured: id=0x0, name=qwerty2, display size is now 320x480
I/InputManager-Callbacks(   62): No virtual keys found for device qwerty2.
I/SearchManagerService(   62): Building list of searchable activities
I/ARMAssembler(   62): generated scanline__00000177:03515104_00001001_00000000 [ 91 ipp] (114 ins) at [0x46efd520:0x46efd6e8] in 1168775 ns
I/ActivityManager(   62): Start proc com.android.email for broadcast com.android.email/.service.EmailBroadcastReceiver: pid=275 uid=10028 gids={3003, 1015}
I/ActivityManager(   62): Displayed com.android.launcher/com.android.launcher2.Launcher: +9s181ms
I/ActivityThread(  275): Pub com.android.email.provider: com.android.email.provider.EmailProvider
I/ActivityThread(  275): Pub com.android.email.attachmentprovider: com.android.email.provider.AttachmentProvider
