W/RecognitionManagerService(   61): no available voice recognition services found
I/ActivityManager(   61): Start proc jp.co.omronsoft.openwnn for service jp.co.omronsoft.openwnn/.OpenWnnJAJP: pid=115 uid=10004 gids={}
W/GpsLocationProvider(   61): Could not open GPS configuration file /etc/gps.conf
D/NetworkManagmentService(   61): Registering observer
E/ThrottleService(   61): Could not open GPS configuration file /etc/gps.conf
I/ActivityManager(   61): Start proc com.android.phone for added application com.android.phone: pid=123 uid=1001 gids={3002, 3001, 3003, 1015}
I/ActivityManager(   61): Start proc com.android.systemui for added application com.android.systemui: pid=124 uid=1000 gids={3002, 3001, 3003}
I/ActivityManager(   61): Starting: Intent { act=android.intent.action.MAIN cat=[android.intent.category.HOME] flg=0x10000000 cmp=com.android.launcher/com.android.launcher2.Launcher } from pid 0
I/ActivityManager(   61): Start proc com.android.launcher for activity com.android.launcher/com.android.launcher2.Launcher: pid=133 uid=10013 gids={}
W/ActivityManager(   61): Unable to start service Intent { act=@0 }: not found
W/ActivityManager(   61): Unable to start service Intent { act=@0 }: not found
D/qemud   (   38): fdhandler_accept_event: accepting on fd 9
D/qemud   (   38): created client 0x13f38 listening on fd 12
W/ActivityManager(   61): No pending application record for pid 107 (IApplicationThread android.app.ApplicationThreadProxy@4060d970); dropping process
I/Process (   61): Sending signal. PID: 107 SIG: 9
D/qemud   (   38): client_fd_receive: attempting registration for service 'gps'
D/qemud   (   38): client_fd_receive:    -> received channel id 4
D/qemud   (   38): client_registration: registration succeeded for client 4
I/SystemServer(   61): Enabled StrictMode for system server main thread.
D/dalvikvm(   61): GC_EXTERNAL_ALLOC freed 166K, 42% free 3915K/6727K, external 1035K/1038K, paused 162ms
I/ActivityManager(   61): Start proc com.android.settings for broadcast com.android.settings/.widget.SettingsAppWidgetProvider: pid=154 uid=1000 gids={3002, 3001, 3003}
E/logwrapper(  158): executing /system/bin/tc failed: No such file or directory
I/logwrapper(   30): /system/bin/tc terminated by exit(1)
E/logwrapper(  160): executing /system/bin/tc failed: No such file or directory
I/logwrapper(   30): /system/bin/tc terminated by exit(1)
E/logwrapper(  162): executing /system/bin/tc failed: No such file or directory
I/logwrapper(   30): /system/bin/tc terminated by exit(1)
D/dalvikvm(  123): GC_CONCURRENT freed 403K, 54% free 2641K/5639K, external 716K/1038K, paused 3ms+123ms
D/dalvikvm(  115): GC_CONCURRENT freed 393K, 53% free 2652K/5639K, external 716K/1038K, paused 3ms+10ms
W/dalvikvm(  124): threadid=6: spin on suspend #1 threadid=3 (pcf=0)
D/dalvikvm(  133): GC_CONCURRENT freed 405K, 54% free 2639K/5639K, external 716K/1038K, paused 90ms+112ms
W/dalvikvm(  124): threadid=6: spin on suspend #2 threadid=3 (pcf=0)
I/dalvikvm(  124): "Compiler" daemon prio=5 tid=6 VMWAIT
I/dalvikvm(  124):   | group="system" sCount=0 dsCount=0 obj=0x4050dd10 self=0x1a2df0
I/dalvikvm(  124):   | sysTid=139 nice=0 sched=0/0 cgrp=default handle=1641152
I/dalvikvm(  124):   | schedstat=( 12076908 62011761 25 )
I/dalvikvm(  124):   at dalvik.system.NativeStart.run(Native Method)
I/dalvikvm(  124): 
I/dalvikvm(  124): "GC" daemon prio=5 tid=3 RUNNABLE
I/dalvikvm(  124):   | group="system" sCount=1 dsCount=0 obj=0x4050daf8 self=0x1906d0
I/dalvikvm(  124):   | sysTid=129 nice=0 sched=0/0 cgrp=default handle=1594944
I/dalvikvm(  124):   | schedstat=( 888501583 36353462 7 )
I/ActivityThread(  133): Pub com.android.launcher2.settings: com.android.launcher2.LauncherProvider
I/ActivityThread(  123): Pub mms: com.android.providers.telephony.MmsProvider
D/dalvikvm(  115): No JNI_OnLoad found in /system/lib/libwnndict.so 0x40512cf0, skipping init
I/ActivityThread(  123): Pub sms: com.android.providers.telephony.SmsProvider
I/ActivityThread(  123): Pub telephony: com.android.providers.telephony.TelephonyProvider
I/ActivityThread(  123): Pub icc: com.android.phone.IccProvider
I/ActivityThread(  123): Pub mms-sms: com.android.providers.telephony.MmsSmsProvider
D/dalvikvm(  154): GC_CONCURRENT freed 406K, 54% free 2638K/5639K, external 716K/1038K, paused 6ms+114ms
I/dalvikvm(  154): Total arena pages for JIT: 11
D/dalvikvm(  115): GC_CONCURRENT freed 322K, 51% free 2885K/5831K, external 716K/1038K, paused 5ms+109ms
D/dalvikvm(   61): GC_EXTERNAL_ALLOC freed 251K, 43% free 3948K/6855K, external 1558K/1567K, paused 377ms
D/dalvikvm(   61): GREF has increased to 201
D/dalvikvm(  115): GC_CONCURRENT freed 292K, 49% free 3125K/6023K, external 716K/1038K, paused 4ms+47ms
D/CallManager(  123): registerPhone(GSM Handler{4055f0b0})
I/ActivityManager(   61): Start proc android.process.acore for content provider com.android.providers.contacts/.CallLogProvider: pid=190 uid=10006 gids={3003, 1015}
W/ActivityManager(   61): Unable to start service Intent { act=com.android.ussd.IExtendedNetworkService }: not found
D/dalvikvm(   61): GC_EXTERNAL_ALLOC freed 202K, 42% free 4041K/6919K, external 1474K/1745K, paused 175ms
I/TelephonyRegistry(   61): notifyServiceState: 3 home null null null  Unknown CSS not supported -1 -1RoamInd: -1DefRoamInd: -1EmergOnly: false
D/AlarmManagerService(   61): Kernel timezone updated to 0 minutes west of GMT
D/SystemClock(  123): Setting time of day to sec=1406830756
I/ActivityManager(   61): Start proc com.android.deskclock for broadcast com.android.deskclock/.AlarmInitReceiver: pid=199 uid=10019 gids={}
W/SystemClock(  123): Unable to set rtc to 1406830756: Invalid argument
D/dalvikvm(  133): GC_EXTERNAL_ALLOC freed 51K, 53% free 2701K/5639K, external 1032K/1038K, paused 304ms
I/ActivityThread(  190): Pub com.android.social: com.android.providers.contacts.SocialProvider
I/ActivityThread(  190): Pub applications: com.android.providers.applications.ApplicationsProvider
D/AndroidRuntime(  179): 
D/AndroidRuntime(  179): >>>>>> AndroidRuntime START com.android.internal.os.RuntimeInit <<<<<<
D/AndroidRuntime(  179): CheckJNI is ON
D/dalvikvm(  190): GC_CONCURRENT freed 406K, 54% free 2612K/5639K, external 716K/1038K, paused 3ms+33ms
I/ActivityThread(  190): Pub contacts;com.android.contacts: com.android.providers.contacts.ContactsProvider2
I/ActivityThread(  199): Pub com.android.deskclock: com.android.deskclock.AlarmProvider
D/dalvikvm(  199): GC_CONCURRENT freed 369K, 54% free 2618K/5639K, external 716K/1038K, paused 3ms+30ms
I/SurfaceFlinger(   61): Boot is finished (12249 ms)
D/PowerManagerService(   61): bootCompleted
I/SearchManagerService(   61): Building list of searchable activities
D/VoldCmdListener(   29): volume mount /mnt/sdcard
I/Vold    (   29): /dev/block/vold/179:0 being considered for volume sdcard
D/Vold    (   29): Volume sdcard state changing 1 (Idle-Unmounted) -> 3 (Checking)
I/ARMAssembler(   61): generated scanline__00000177:03515104_00000001_00000000 [ 73 ipp] (95 ins) at [0x46efd290:0x46efd40c] in 808264 ns
I//system/bin/fsck_msdos(   29): ** /dev/block/vold/179:0
I/dalvikvm(  124):   at dalvik.system.NativeStart.run(Native Method)
I/dalvikvm(  124): 
I/TelephonyRegistry(   61): notifyDataConnection: state=0 isDataConnectivityPossible=false reason=radioTurnedOff interfaceName=null networkType=0
I/TelephonyRegistry(   61): notifyDataConnection: state=0 isDataConnectivityPossible=false reason=gprsDetached interfaceName=null networkType=0
W/dalvikvm(  124): threadid=6: spin on suspend resolved in 6802 msec
D/dalvikvm(  124): GC_CONCURRENT freed 405K, 54% free 2634K/5639K, external 716K/1038K, paused 3ms+3ms
D/AndroidRuntime(  179): Calling main entry com.android.commands.am.Am
I//system/bin/fsck_msdos(   29): ** Phase 1 - Read and Compare FATs
I//system/bin/fsck_msdos(   29): Attempting to allocate 397 KB for FAT
I/ActivityManager(   61): Force stopping package org.wordpress.android uid=10034
I/ActivityManager(   61): Start proc org.wordpress.android for added application org.wordpress.android: pid=223 uid=10034 gids={3003, 1006, 1015}
I/InputReader(   61): Device reconfigured: id=0x0, name=qwerty2, display size is now 320x480
I/InputManager-Callbacks(   61): No virtual keys found for device qwerty2.
D/dalvikvm(   33): GC_EXPLICIT freed 10K, 53% free 2538K/5379K, external 716K/1038K, paused 353ms
I/ARMAssembler(   61): generated scanline__00000177:03515104_00001001_00000000 [ 91 ipp] (114 ins) at [0x46efd410:0x46efd5d8] in 528578 ns
D/dalvikvm(   61): GC_CONCURRENT freed 188K, 41% free 4098K/6919K, external 1865K/3065K, paused 3ms+59ms
D/dalvikvm(   33): GC_EXPLICIT freed <1K, 53% free 2538K/5379K, external 716K/1038K, paused 377ms
D/szipinf (  223): Initializing inflate state
I/ActivityManager(   61): Displayed com.android.launcher/com.android.launcher2.Launcher: +10s972ms
D/dalvikvm(   33): GC_EXPLICIT freed <1K, 53% free 2538K/5379K, external 716K/1038K, paused 407ms
I/ActivityThread(  190): Pub call_log: com.android.providers.contacts.CallLogProvider
I/ActivityThread(  190): Pub user_dictionary: com.android.providers.userdictionary.UserDictionaryProvider
D/OtaStartupReceiver(  123): Not a CDMA phone, no need to process OTA
I/StatusBarManagerService(   61): registerStatusBar bar=com.android.internal.statusbar.IStatusBar$Stub$Proxy@405112b0
I/ActivityManager(   61): Start proc android.process.media for broadcast com.android.providers.downloads/.DownloadReceiver: pid=233 uid=10000 gids={1015, 1006, 2001, 3003}
I/RecoverySystem(   61): No recovery log file
D/dalvikvm(  123): GC_CONCURRENT freed 181K, 49% free 2917K/5703K, external 716K/1038K, paused 4ms+23ms
I/TelephonyRegistry(   61): notifyServiceState: 0 home Android Android 310260  UMTS CSS not supported -1 -1RoamInd: -1DefRoamInd: -1EmergOnly: false
I/TelephonyRegistry(   61): notifyDataConnection: state=0 isDataConnectivityPossible=false reason=null interfaceName=null networkType=3
D/MccTable(  123): updateMccMncConfiguration: mcc=310, mnc=260
D/MccTable(  123): locale set to en_us
D/MccTable(  123): WIFI_NUM_ALLOWED_CHANNELS set to 11
I/WifiService(   61): WifiService trying to setNumAllowed to 11 with persist set to true
I/ActivityManager(   61): Config changed: { scale=1.0 imsi=310/260 loc=en_US touch=3 keys=2/1/2 nav=1/1 orien=1 layout=18 uiMode=17 seq=4}
I/TelephonyRegistry(   61): notifyMessageWaitingChanged: false
I/TelephonyRegistry(   61): notifyCallForwardingChanged: false
D/nofatclips(  223): Updating node 
D/nofatclips(  223): Loading node 
I/nofatclips(  223): Preferences file found.
V/nofatclips(  223): Updating value ACTIVITY_DESCRIPTION_IN_SESSION
V/nofatclips(  223): Updating value ADDITIONAL_CRITERIAS
V/nofatclips(  223): Updating value ADDITIONAL_EVENTS
V/nofatclips(  223): Updating value ADDITIONAL_INPUTS
V/nofatclips(  223): Updating value CLASS_NAME
D/nofatclips(  223): Updated value of parameter CLASS_NAME to org.wordpress.android.Dashboard (default = app.package.class)
V/nofatclips(  223): Updating value ENABLE_RESUME
V/nofatclips(  223): Updating value PACKAGE_NAME
D/nofatclips(  223): Updated value of parameter PACKAGE_NAME to org.wordpress.android (default = app.package)
V/nofatclips(  223): Updating value RANDOM_SEED
D/nofatclips(  223): Updated value of parameter RANDOM_SEED to 3498015135859440162 (default = 5466516511651561651)
V/nofatclips(  223): Updating value RETRY_FAILED_TRACES
V/nofatclips(  223): Updating value theClass
D/dalvikvm(  223): GC_CONCURRENT freed 236K, 52% free 2747K/5639K, external 716K/1038K, paused 4ms+4ms
D/nofatclips(  223): Updating node scheduler
D/nofatclips(  223): Loading node scheduler
V/nofatclips(  223): Updating value ALL_EVENTS_ON_PREFERENCES
V/nofatclips(  223): Updating value BACK_BUTTON_EVENT
V/nofatclips(  223): Updating value DICTIONARY_FIXED_VALUE
V/nofatclips(  223): Updating value DICTIONARY_IGNORE_CONTENT_TYPES
V/nofatclips(  223): Updating value EMULATOR_PORT
V/nofatclips(  223): Updating value EVENTS
D/nofatclips(  223): Updated values of array parameter EVENTS
V/nofatclips(  223): Updating value EVENT_WHEN_NO_ID
V/nofatclips(  223): Updating value EXCLUDE_WIDGETS_INPUTS_IN_GPS_EVENTS
V/nofatclips(  223): Updating value EXCLUDE_WIDGETS_INPUTS_IN_SENSORS_EVENTS
V/nofatclips(  223): Updating value INPUTS
D/nofatclips(  223): Updated values of array parameter INPUTS
V/nofatclips(  223): Updating value KEY_EVENTS
V/nofatclips(  223): Updating value MAX_EVENTS_PER_WIDGET
V/nofatclips(  223): Updating value MAX_TASKS_IN_SCHEDULER
D/nofatclips(  223): Updated value of parameter MAX_TASKS_IN_SCHEDULER to 2 (default = 0)
V/nofatclips(  223): Updating value MAX_TASKS_PER_EVENT
V/nofatclips(  223): Updating value MENU_EVENTS
V/nofatclips(  223): Updating value ORIENTATION_EVENTS
V/nofatclips(  223): Updating value PLANNER
V/nofatclips(  223): Updating value REFLECT_ACTIVITY_LISTENERS
V/nofatclips(  223): Updating value REFLECT_WIDGETS
V/nofatclips(  223): Updating value SCHEDULER_ALGORITHM
D/nofatclips(  223): Updated value of parameter SCHEDULER_ALGORITHM to DEPTH_FIRST (default = BREADTH_FIRST)
V/nofatclips(  223): Updating value SCROLL_DOWN_EVENT
V/nofatclips(  223): Updating value SENSOR_TYPES
V/nofatclips(  223): Updating value SIMULATE_INCOMING_CALL
V/nofatclips(  223): Updating value SIMULATE_INCOMING_SMS
V/nofatclips(  223): Updating value TAB_EVENTS_START_ONLY
V/nofatclips(  223): Updating value TEST_LOCATION_PROVIDER
V/nofatclips(  223): Updating value TEXT_VALUES_FROM_DICTIONARY
V/nofatclips(  223): Updating value TEXT_VALUES_ID_HASH
V/nofatclips(  223): Updating value USE_GPS
V/nofatclips(  223): Updating value USE_SENSORS
D/nofatclips(  223): Updating node planner
D/nofatclips(  223): Loading node planner
V/nofatclips(  223): Updating value ALL_EVENTS_ON_PREFERENCES
V/nofatclips(  223): Updating value BACK_BUTTON_EVENT
V/nofatclips(  223): Updating value DICTIONARY_FIXED_VALUE
V/nofatclips(  223): Updating value DICTIONARY_IGNORE_CONTENT_TYPES
V/nofatclips(  223): Updating value EMULATOR_PORT
V/nofatclips(  223): Updating value EVENTS
D/nofatclips(  223): Updated values of array parameter EVENTS
V/nofatclips(  223): Updating value EVENT_WHEN_NO_ID
V/nofatclips(  223): Updating value EXCLUDE_WIDGETS_INPUTS_IN_GPS_EVENTS
V/nofatclips(  223): Updating value EXCLUDE_WIDGETS_INPUTS_IN_SENSORS_EVENTS
V/nofatclips(  223): Updating value INPUTS
D/nofatclips(  223): Updated values of array parameter INPUTS
V/nofatclips(  223): Updating value KEY_EVENTS
V/nofatclips(  223): Updating value MAX_EVENTS_PER_WIDGET
V/nofatclips(  223): Updating value MAX_TASKS_IN_SCHEDULER
V/nofatclips(  223): Updating value MAX_TASKS_PER_EVENT
V/nofatclips(  223): Updating value MENU_EVENTS
V/nofatclips(  223): Updating value ORIENTATION_EVENTS
V/nofatclips(  223): Updating value PLANNER
V/nofatclips(  223): Updating value REFLECT_ACTIVITY_LISTENERS
V/nofatclips(  223): Updating value REFLECT_WIDGETS
V/nofatclips(  223): Updating value SCHEDULER_ALGORITHM
V/nofatclips(  223): Updating value SCROLL_DOWN_EVENT
V/nofatclips(  223): Updating value SENSOR_TYPES
V/nofatclips(  223): Updating value SIMULATE_INCOMING_CALL
V/nofatclips(  223): Updating value SIMULATE_INCOMING_SMS
V/nofatclips(  223): Updating value TAB_EVENTS_START_ONLY
V/nofatclips(  223): Updating value TEST_LOCATION_PROVIDER
V/nofatclips(  223): Updating value TEXT_VALUES_FROM_DICTIONARY
V/nofatclips(  223): Updating value TEXT_VALUES_ID_HASH
D/nofatclips(  223): Updated value of parameter TEXT_VALUES_ID_HASH to true (default = false)
V/nofatclips(  223): Updating value USE_GPS
V/nofatclips(  223): Updating value USE_SENSORS
D/nofatclips(  223): Updating node interactions
D/nofatclips(  223): Loading node interactions
V/nofatclips(  223): Updating value ALL_EVENTS_ON_PREFERENCES
V/nofatclips(  223): Updating value BACK_BUTTON_EVENT
V/nofatclips(  223): Updating value DICTIONARY_FIXED_VALUE
V/nofatclips(  223): Updating value DICTIONARY_IGNORE_CONTENT_TYPES
V/nofatclips(  223): Updating value EMULATOR_PORT
V/nofatclips(  223): Updating value EVENTS
D/nofatclips(  223): Updated values of array parameter EVENTS
V/nofatclips(  223): Updating value EVENT_WHEN_NO_ID
V/nofatclips(  223): Updating value EXCLUDE_WIDGETS_INPUTS_IN_GPS_EVENTS
V/nofatclips(  223): Updating value EXCLUDE_WIDGETS_INPUTS_IN_SENSORS_EVENTS
V/nofatclips(  223): Updating value INPUTS
D/nofatclips(  223): Updated values of array parameter INPUTS
V/nofatclips(  223): Updating value KEY_EVENTS
V/nofatclips(  223): Updating value MAX_EVENTS_PER_WIDGET
V/nofatclips(  223): Updating value MAX_TASKS_IN_SCHEDULER
V/nofatclips(  223): Updating value MAX_TASKS_PER_EVENT
V/nofatclips(  223): Updating value MENU_EVENTS
V/nofatclips(  223): Updating value ORIENTATION_EVENTS
V/nofatclips(  223): Updating value PLANNER
V/nofatclips(  223): Updating value REFLECT_ACTIVITY_LISTENERS
V/nofatclips(  223): Updating value REFLECT_WIDGETS
V/nofatclips(  223): Updating value SCHEDULER_ALGORITHM
V/nofatclips(  223): Updating value SCROLL_DOWN_EVENT
V/nofatclips(  223): Updating value SENSOR_TYPES
V/nofatclips(  223): Updating value SIMULATE_INCOMING_CALL
V/nofatclips(  223): Updating value SIMULATE_INCOMING_SMS
V/nofatclips(  223): Updating value TAB_EVENTS_START_ONLY
V/nofatclips(  223): Updating value TEST_LOCATION_PROVIDER
V/nofatclips(  223): Updating value TEXT_VALUES_FROM_DICTIONARY
V/nofatclips(  223): Updating value TEXT_VALUES_ID_HASH
V/nofatclips(  223): Updating value USE_GPS
V/nofatclips(  223): Updating value USE_SENSORS
D/nofatclips(  223): Updating node comparator
D/nofatclips(  223): Loading node comparator
V/nofatclips(  223): Updating value COMPARATOR
V/nofatclips(  223): Updating value COMPARATOR_TYPE
V/nofatclips(  223): Updating value COMPARE_ACTIVITY_NAME
V/nofatclips(  223): Updating value COMPARE_LIST_COUNT
V/nofatclips(  223): Updating value COMPARE_MENU_COUNT
D/nofatclips(  223): Updated value of parameter COMPARE_MENU_COUNT to false (default = true)
V/nofatclips(  223): Updating value COMPARE_STATE_TITLE
V/nofatclips(  223): Updating value COMPARE_VALUES
V/nofatclips(  223): Updating value WIDGET_TYPES
D/nofatclips(  223): Updating node strategy
D/nofatclips(  223): Loading node strategy
V/nofatclips(  223): Updating value AFTER_EVENT_DONT_EXPLORE
V/nofatclips(  223): Updating value AFTER_WIDGET_DONT_EXPLORE
V/nofatclips(  223): Updating value CHECK_FOR_TRANSITION
V/nofatclips(  223): Updating value EXPLORE_ONLY_NEW_STATES
D/nofatclips(  223): Updated value of parameter EXPLORE_ONLY_NEW_STATES to false (default = true)
V/nofatclips(  223): Updating value MAX_NUM_TRACES
D/nofatclips(  223): Updated value of parameter MAX_NUM_TRACES to 100 (default = 0)
V/nofatclips(  223): Updating value MAX_TIME_CRAWLING
V/nofatclips(  223): Updating value PAUSE_AFTER_TIME
V/nofatclips(  223): Updating value PAUSE_AFTER_TRACES
V/nofatclips(  223): Updating value TRACE_MAX_DEPTH
V/nofatclips(  223): Updating value TRACE_MIN_DEPTH
D/nofatclips(  223): Starting random testing
I/TestRunner(  223): started: testAndCrawl(com.nofatclips.crawler.guitree.NomadEngine)
I//system/bin/fsck_msdos(   29): Attempting to allocate 397 KB for FAT
I/ActivityManager(   61): Starting: Intent { act=android.intent.action.MAIN flg=0x10000000 cmp=org.wordpress.android/.Dashboard } from pid 223
I/ActivityThread(  233): Pub media: com.android.providers.media.MediaProvider
D/TelephonyProvider(  123): Setting numeric '310260' to be the current operator
V/MediaProvider(  233): Attached volume: internal
D/szipinf (   61): Initializing inflate state
I/TelephonyRegistry(   61): notifyDataConnection: state=1 isDataConnectivityPossible=true reason=simLoaded interfaceName=null networkType=3
I/ActivityThread(  233): Pub downloads: com.android.providers.downloads.DownloadProvider
I/ActivityThread(  233): Pub drm: com.android.providers.drm.DrmProvider
I/TelephonyRegistry(   61): notifyDataConnection: state=2 isDataConnectivityPossible=true reason=simLoaded interfaceName=/dev/omap_csmi_tty1 networkType=3
D/Tethering(   61): MasterInitialState.processMessage what=3
I/ActivityManager(   61): Start proc com.android.mms for broadcast com.android.mms/.transaction.MmsSystemEventReceiver: pid=248 uid=10015 gids={3003, 1015}
D/dalvikvm(  133): GC_EXTERNAL_ALLOC freed 107K, 52% free 2730K/5639K, external 1567K/1572K, paused 179ms
D/SntpClient(   61): request time failed: java.net.SocketException: Address family not supported by protocol
W/ActivityManager(   61): Activity pause timeout for HistoryRecord{4053cbd8 com.android.launcher/com.android.launcher2.Launcher}
I/ActivityThread(  248): Pub com.android.mms.SuggestionsProvider: com.android.mms.SuggestionsProvider
D/dalvikvm(  223): GC_EXTERNAL_ALLOC freed 193K, 52% free 2717K/5639K, external 716K/1038K, paused 85ms
D/dalvikvm(   61): GREF has increased to 301
I/ActivityManager(   61): Start proc com.android.email for broadcast com.android.email/.service.EmailBroadcastReceiver: pid=269 uid=10028 gids={3003, 1015}
I/ActivityThread(  269): Pub com.android.email.provider: com.android.email.provider.EmailProvider
I/ActivityThread(  269): Pub com.android.email.attachmentprovider: com.android.email.provider.AttachmentProvider
I/ActivityThread(  269): Pub com.android.exchange.provider: com.android.exchange.provider.ExchangeProvider
I/ActivityManager(   61): Start proc com.android.quicksearchbox for broadcast com.android.quicksearchbox/.SearchWidgetProvider: pid=282 uid=10002 gids={3003}
D/EAS SyncManager(  269): !!! EAS SyncManager, onCreate
D/dalvikvm(   61): GC_CONCURRENT freed 785K, 46% free 4113K/7559K, external 1865K/3065K, paused 3ms+6ms
I/ActivityThread(  282): Pub com.android.quicksearchbox.google: com.android.quicksearchbox.google.GoogleSuggestionProvider
I/ActivityThread(  282): Pub com.android.quicksearchbox.shortcuts: com.android.quicksearchbox.ShortcutsProvider
I/ActivityManager(   61): Start proc com.android.music for broadcast com.android.music/.MediaAppWidgetProvider: pid=294 uid=10005 gids={3003, 1015}
D/dalvikvm(  223): GC_EXTERNAL_ALLOC freed 108K, 49% free 2932K/5703K, external 1407K/1623K, paused 87ms
I/ActivityManager(   61): Displayed org.wordpress.android/.Dashboard: +1s828ms
D/dalvikvm(   61): GC_EXPLICIT freed 48K, 46% free 4091K/7559K, external 1316K/1828K, paused 129ms
I/ActivityManager(   61): Start proc com.android.protips for broadcast com.android.protips/.ProtipWidget: pid=302 uid=10024 gids={}
D/nofatclips(  223): Generated Resuming Persistence
I/dalvikvm(  223): Could not find method android.app.Activity.getFragmentManager, referenced from method com.jayway.android.robotium.solo.Waiter.getFragment
W/dalvikvm(  223): VFY: unable to resolve virtual method 7: Landroid/app/Activity;.getFragmentManager ()Landroid/app/FragmentManager;
D/dalvikvm(  223): VFY: replacing opcode 0x6e at 0x0008
I/dalvikvm(  223): Could not find method android.app.Activity.getFragmentManager, referenced from method com.jayway.android.robotium.solo.Waiter.getFragment
W/dalvikvm(  223): VFY: unable to resolve virtual method 7: Landroid/app/Activity;.getFragmentManager ()Landroid/app/FragmentManager;
D/dalvikvm(  223): VFY: replacing opcode 0x6e at 0x0017
W/dalvikvm(  223): VFY: unable to find class referenced in signature (Landroid/app/Fragment;)
D/dalvikvm(  223): VFY: dead code 0x000b-000f in Lcom/jayway/android/robotium/solo/Waiter;.getFragment (Ljava/lang/String;I)Landroid/app/Fragment;
D/dalvikvm(  223): VFY: dead code 0x001a-001f in Lcom/jayway/android/robotium/solo/Waiter;.getFragment (Ljava/lang/String;I)Landroid/app/Fragment;
W/dalvikvm(  223): VFY: unable to find class referenced in signature (Landroid/app/Fragment;)
D/MediaScannerService(  233): start scanning volume internal
D/dalvikvm(  248): GC_CONCURRENT freed 490K, 54% free 2726K/5831K, external 716K/1038K, paused 3ms+3ms
I//system/bin/fsck_msdos(   29): Cluster 7 is marked as EOF in FAT 0, free in FAT 1
I//system/bin/fsck_msdos(   29): FIXED
I//system/bin/fsck_msdos(   29): Cluster 8 is marked as EOF in FAT 0, free in FAT 1
I//system/bin/fsck_msdos(   29): FIXED
I//system/bin/fsck_msdos(   29): ** Phase 2 - Check Cluster Chains
I//system/bin/fsck_msdos(   29): ** Phase 3 - Checking Directories
I//system/bin/fsck_msdos(   29): ** Phase 4 - Checking for Lost Files
I//system/bin/fsck_msdos(   29): Next free cluster in FSInfo block (6) not free
I//system/bin/fsck_msdos(   29): FIXED
I//system/bin/fsck_msdos(   29): FIXED
I//system/bin/fsck_msdos(   29): Attempting to allocate 397 KB for FAT
I//system/bin/fsck_msdos(   29): 6 files, 50387 free (100774 clusters)
D/dalvikvm(  269): GC_CONCURRENT freed 530K, 54% free 2704K/5831K, external 716K/1038K, paused 3ms+39ms
D/Eas Debug(  269): Logging: 
D/Email   (  269): BOOT_COMPLETED
I//system/bin/fsck_msdos(   29): ***** FILE SYSTEM WAS MODIFIED *****
I/logwrapper(   29): /system/bin/fsck_msdos terminated by exit(4)
W/Vold    (   29): Filesystem modified - rechecking (pass 2)
I/Vold    (   29): Device /dev/block/vold/179:0, target /mnt/sdcard mounted @ /mnt/secure/staging
D/Vold    (   29): Volume sdcard state changing 3 (Checking) -> 4 (Mounted)
D/dalvikvm(  133): GC_EXTERNAL_ALLOC freed 47K, 52% free 2758K/5639K, external 2079K/2085K, paused 170ms
I/PackageManager(   61): Updating external media status from unmounted to mounted
D/nofatclips(  223): Updating node automation
D/nofatclips(  223): Loading node automation
V/nofatclips(  223): Updating value FORCE_RESTART
V/nofatclips(  223): Updating value IN_AND_OUT_FOCUS
V/nofatclips(  223): Updating value PRECRAWLING
V/nofatclips(  223): Updating value SCREENSHOT_FOR_EVENTS
V/nofatclips(  223): Updating value SCREENSHOT_FOR_STATES
V/nofatclips(  223): Updating value SCREENSHOT_ONLY_NEW_STATES
V/nofatclips(  223): Updating value SLEEP_AFTER_EVENT
D/nofatclips(  223): Updated value of parameter SLEEP_AFTER_EVENT to 100 (default = 1000)
V/nofatclips(  223): Updating value SLEEP_AFTER_RESTART
D/nofatclips(  223): Updated value of parameter SLEEP_AFTER_RESTART to 100 (default = 1000)
V/nofatclips(  223): Updating value SLEEP_AFTER_TASK
D/nofatclips(  223): Updated value of parameter SLEEP_AFTER_TASK to 100 (default = 1000)
V/nofatclips(  223): Updating value SLEEP_ON_THROBBER
D/nofatclips(  223): Updated value of parameter SLEEP_ON_THROBBER to 100 (default = 1000)
D/nofatclips(  223): Updating node screenshot
D/nofatclips(  223): Loading node screenshot
V/nofatclips(  223): Updating value FORCE_RESTART
V/nofatclips(  223): Updating value IN_AND_OUT_FOCUS
V/nofatclips(  223): Updating value PRECRAWLING
V/nofatclips(  223): Updating value SCREENSHOT_FOR_EVENTS
V/nofatclips(  223): Updating value SCREENSHOT_FOR_STATES
V/nofatclips(  223): Updating value SCREENSHOT_ONLY_NEW_STATES
V/nofatclips(  223): Updating value SLEEP_AFTER_EVENT
V/nofatclips(  223): Updating value SLEEP_AFTER_RESTART
V/nofatclips(  223): Updating value SLEEP_AFTER_TASK
V/nofatclips(  223): Updating value SLEEP_ON_THROBBER
I/nofatclips(  223): Waiting for 100 msec.
D/EAS SyncManager(  269): !!! EAS SyncManager, onDestroy
D/VoldCmdListener(   29): asec list
I/PackageManager(   61): No secure containers on sdcard
W/PackageManager(   61): Unknown permission com.google.android.googleapps.permission.GOOGLE_AUTH.mail in package com.android.contacts
W/PackageManager(   61): Unknown permission android.permission.ADD_SYSTEM_SERVICE in package com.android.phone
D/nofatclips(  223): Ready to operate after restarting...
I/nofatclips(  223): Current activity is Dashboard
W/nofatclips(  223): --->Dashboard
W/PackageManager(   61): Not granting permission android.permission.SEND_DOWNLOAD_COMPLETED_INTENTS to package com.android.browser (protectionLevel=2 flags=0x9be45)
W/PackageManager(   61): Unknown permission com.google.android.gm.permission.WRITE_GMAIL in package com.android.settings
W/PackageManager(   61): Unknown permission com.google.android.gm.permission.READ_GMAIL in package com.android.settings
W/PackageManager(   61): Unknown permission com.google.android.googleapps.permission.GOOGLE_AUTH in package com.android.settings
I/nofatclips(  223): Retrieving widgets
D/nofatclips(  223): Found widget: id=16908290 (android.widget.FrameLayout@40550968)
D/nofatclips(  223): Found widget: id=2131165248 (android.widget.RelativeLayout@40577b90)
D/nofatclips(  223): Found widget: id=2131165249 (android.widget.LinearLayout@40515d60)
D/nofatclips(  223): Found widget: id=-1 (android.widget.ImageView@405162a8)
D/nofatclips(  223): Found widget: id=2131165250 (org.wordpress.android.util.WPTitleBar@40544130)
D/nofatclips(  223): Found widget: id=2131165195 (android.widget.RelativeLayout@4050f9a0)
D/nofatclips(  223): Found widget: id=2131165196 (android.widget.RelativeLayout@405358b0)
D/nofatclips(  223): Found widget: id=2131165197 (android.widget.ImageView@40545640)
D/nofatclips(  223): Found widget: id=2131165198 (android.widget.TextView@40536eb0): Katie's Sweet Testing Blog
D/nofatclips(  223): Found widget: id=2131165199 (android.widget.ImageView@40536d30)
D/nofatclips(  223): Found widget: id=-1 (android.widget.RelativeLayout@40549040)
D/nofatclips(  223): Found widget: id=2131165200 (android.widget.ImageButton@40569990)
D/nofatclips(  223): Found widget: id=-1 (android.widget.FrameLayout@40569e38)
D/nofatclips(  223): Found widget: id=2131165201 (android.widget.Button@40542fc0): 
D/nofatclips(  223): Found widget: id=2131165202 (android.widget.ImageView@40572668)
D/nofatclips(  223): Found widget: id=2131165203 (android.widget.ImageView@40547820)
D/nofatclips(  223): Found widget: id=2131165204 (android.widget.LinearLayout@40579f48)
D/nofatclips(  223): Found widget: id=-1 (android.widget.FrameLayout@40537590)
D/nofatclips(  223): Found widget: id=-1 (android.widget.LinearLayout@405388f8)
D/nofatclips(  223): Found widget: id=-1 (android.widget.LinearLayout@40541f50)
D/nofatclips(  223): Found widget: id=-1 (android.widget.LinearLayout@40543618)
D/nofatclips(  223): Found widget: id=2131165251 (android.widget.LinearLayout@405497f0)
D/nofatclips(  223): Found widget: id=-1 (android.widget.ImageView@4056ffc0)
D/nofatclips(  223): Found widget: id=2131165256 (android.widget.TextView@4056c738): New Post
D/nofatclips(  223): Found widget: id=2131165253 (android.widget.LinearLayout@405406c0)
D/nofatclips(  223): Found widget: id=-1 (android.widget.ImageView@4057ada0)
D/nofatclips(  223): Found widget: id=2131165256 (android.widget.TextView@4056d070): New Page
D/nofatclips(  223): Found widget: id=-1 (android.widget.LinearLayout@4053dc50)
D/nofatclips(  223): Found widget: id=2131165252 (android.widget.LinearLayout@40541858)
W/PackageManager(   61): Unknown permission com.google.android.googleapps.permission.GOOGLE_AUTH in package com.android.providers.contacts
D/dalvikvm(  223): GC_CONCURRENT freed 303K, 50% free 2984K/5895K, external 1840K/2352K, paused 3ms+3ms
D/nofatclips(  223): Found widget: id=-1 (android.widget.ImageView@40546ee8)
D/nofatclips(  223): Found widget: id=2131165256 (android.widget.TextView@40579268): Quick Photo
D/nofatclips(  223): Found widget: id=2131165254 (android.widget.LinearLayout@40547240)
D/nofatclips(  223): Found widget: id=-1 (android.widget.ImageView@4057a478)
D/nofatclips(  223): Found widget: id=2131165256 (android.widget.TextView@40579ad8): Quick Video
D/nofatclips(  223): Found widget: id=-1 (android.widget.LinearLayout@40530978)
D/nofatclips(  223): Found widget: id=-1 (android.widget.LinearLayout@4053bc18)
D/nofatclips(  223): Found widget: id=2131165255 (android.widget.LinearLayout@405701f8)
D/nofatclips(  223): Found widget: id=-1 (android.widget.ImageView@40532040)
D/nofatclips(  223): Found widget: id=2131165256 (android.widget.TextView@4057a160): Posts
D/nofatclips(  223): Found widget: id=2131165257 (android.widget.LinearLayout@40546c20)
D/nofatclips(  223): Found widget: id=-1 (android.widget.ImageView@4055e418)
D/nofatclips(  223): Found widget: id=2131165256 (android.widget.TextView@40521368): Pages
D/nofatclips(  223): Found widget: id=-1 (android.widget.FrameLayout@40532fd8)
D/nofatclips(  223): Found widget: id=2131165258 (android.widget.LinearLayout@40537d00)
D/nofatclips(  223): Found widget: id=-1 (android.widget.ImageView@40536950)
D/nofatclips(  223): Found widget: id=2131165256 (android.widget.TextView@40538bd0): Comments
D/nofatclips(  223): Found widget: id=2131165259 (android.widget.FrameLayout@405373b0)
D/nofatclips(  223): Found widget: id=2131165260 (android.widget.ImageView@405757f8)
D/nofatclips(  223): Found widget: id=2131165261 (org.wordpress.android.util.CommentBadgeTextView@405421b8): 0
D/nofatclips(  223): Found widget: id=-1 (android.widget.LinearLayout@405612a8)
D/nofatclips(  223): Found widget: id=2131165262 (android.widget.LinearLayout@405615e0)
D/nofatclips(  223): Found widget: id=-1 (android.widget.ImageView@405647c0)
D/nofatclips(  223): Found widget: id=2131165256 (android.widget.TextView@405446e0): Settings
D/nofatclips(  223): Found widget: id=2131165263 (android.widget.LinearLayout@405655a0)
D/nofatclips(  223): Found widget: id=-1 (android.widget.ImageView@40512650)
D/nofatclips(  223): Found widget: id=2131165256 (android.widget.TextView@40551438): Read
D/nofatclips(  223): Found widget: id=2131165264 (android.widget.LinearLayout@40578450)
D/nofatclips(  223): Found widget: id=-1 (android.widget.ImageView@40571ff8)
D/nofatclips(  223): Found widget: id=2131165256 (android.widget.TextView@405432d8): Stats
D/nofatclips(  223): Found widget: id=-1 (com.android.internal.policy.impl.PhoneWindow$DecorView@4054ce50)
V/nicola  (  223): TextualID : blog_title
V/nicola  (  223): ContentType detected : default
V/nicola  (  223): TextualID : action_refresh
V/nicola  (  223): ContentType detected : default
V/nicola  (  223): TextualID : button_text
V/nicola  (  223): ContentType detected : default
V/nicola  (  223): TextualID : button_text
V/nicola  (  223): ContentType detected : default
V/nicola  (  223): TextualID : button_text
V/nicola  (  223): ContentType detected : default
V/nicola  (  223): TextualID : button_text
V/nicola  (  223): ContentType detected : default
V/nicola  (  223): TextualID : button_text
V/nicola  (  223): ContentType detected : default
V/nicola  (  223): TextualID : button_text
V/nicola  (  223): ContentType detected : default
V/nicola  (  223): TextualID : button_text
V/nicola  (  223): ContentType detected : default
V/nicola  (  223): TextualID : button_text
V/nicola  (  223): ContentType detected : default
V/nicola  (  223): TextualID : button_text
V/nicola  (  223): ContentType detected : default
V/nicola  (  223): TextualID : button_text
V/nicola  (  223): ContentType detected : default
I/nofatclips(  223): Attempting to resume previous session
I/nofatclips(  223): Memoryless engine: the task file will not be loaded. Looking for crashed traces.
I/nofatclips(  223): Reading task file
V/nofatclips(  223): Discarding trace #173
I/nofatclips(  223): Stateless comparator: the state file will not be loaded.
D/dalvikvm(  223): GetFieldID: unable to find field Ljava/util/Hashtable;.loadFactor:F
D/dalvikvm(  223): GetFieldID: unable to find field Ljava/util/Hashtable;.loadFactor:F
D/dalvikvm(  223): GetFieldID: unable to find field Ljava/util/Hashtable;.loadFactor:F
D/dalvikvm(  223): GetFieldID: unable to find field Ljava/util/Hashtable;.loadFactor:F
D/dalvikvm(  223): GetFieldID: unable to find field Ljava/util/Hashtable;.loadFactor:F
D/dalvikvm(  223): GetFieldID: unable to find field Ljava/util/Hashtable;.loadFactor:F
D/nofatclips(  223): Backup session footer restored to 
D/nofatclips(  223): </SESSION>
D/nofatclips(  223): Restored random counter to: 175
D/nofatclips(  223): Restored trace count to 175
D/nofatclips(  223): Current step countdown restored to 84
D/nofatclips(  223): Restored abstractor counters to: event = 175 - input = 84 - activity = 17
I/nofatclips(  223): Saving the session on disk.
D/VoldCmdListener(   29): share status ums
D/StorageNotification(  124): Startup with UMS connection false (media state mounted)
I/StorageNotification(  124): UMS connection changed to false (media state mounted)
D/dalvikvm(  223): GC_CONCURRENT freed 521K, 49% free 3272K/6407K, external 1840K/2352K, paused 3ms+55ms
I/dalvikvm(  223): Jit: resizing JitTable from 512 to 1024
W/PackageManager(   61): Unknown permission com.google.android.googleapps.permission.GOOGLE_AUTH.cp in package com.android.providers.contacts
W/PackageManager(   61): Unknown permission com.google.android.googleapps.permission.ACCESS_GOOGLE_PASSWORD in package com.android.development
W/PackageManager(   61): Unknown permission com.google.android.googleapps.permission.GOOGLE_AUTH in package com.android.development
W/PackageManager(   61): Unknown permission com.google.android.googleapps.permission.GOOGLE_AUTH.ALL_SERVICES in package com.android.development
W/PackageManager(   61): Unknown permission com.google.android.googleapps.permission.GOOGLE_AUTH.YouTubeUser in package com.android.development
I/nofatclips(  223): Planning for new Activity Dashboard
D/nofatclips(  223): Handling event 'click' on widget id=2131165200 type=button name=
D/nofatclips(  223): Handling event 'click' on widget id=2131165201 type=button name=
D/nofatclips(  223): Handling event 'click' on widget id=2131165204 type=linearLayout name=
D/nofatclips(  223): Handling event 'click' on widget id=2131165251 type=linearLayout name=
D/nofatclips(  223): Handling event 'click' on widget id=2131165253 type=linearLayout name=
W/PackageManager(   61): Unknown permission android.permission.READ_OWNER_DATA in package com.android.email
W/PackageManager(   61): Not granting permission android.permission.DEVICE_POWER to package com.android.deskclock (protectionLevel=2 flags=0x8be45)
D/nofatclips(  223): Handling event 'click' on widget id=2131165252 type=linearLayout name=
D/dalvikvm(  223): GC_CONCURRENT freed 809K, 51% free 3347K/6791K, external 1840K/2352K, paused 3ms+4ms
D/nofatclips(  223): Handling event 'click' on widget id=2131165254 type=linearLayout name=
D/nofatclips(  223): Handling event 'click' on widget id=2131165255 type=linearLayout name=
D/nofatclips(  223): Handling event 'click' on widget id=2131165257 type=linearLayout name=
D/nofatclips(  223): Handling event 'click' on widget id=2131165258 type=linearLayout name=
D/nofatclips(  223): Handling event 'click' on widget id=2131165262 type=linearLayout name=
D/nofatclips(  223): Handling event 'click' on widget id=2131165263 type=linearLayout name=
D/nofatclips(  223): Handling event 'click' on widget id=2131165264 type=linearLayout name=
I/nofatclips(  223): Created trace to press the menu button
D/dalvikvm(  223): GC_CONCURRENT freed 890K, 51% free 3359K/6855K, external 1840K/2352K, paused 3ms+4ms
I/nofatclips(  223): Created trace to change orientation
I/nofatclips(  223): Dispatching new task. 2 more tasks remaining.
D/nofatclips(  223): Performing backup of the old task list on disk
D/nofatclips(  223): Saving task list on disk
V/nofatclips(  223): Backing up trace #188 to disk.
V/nofatclips(  223): Backing up trace #189 to disk.
D/nofatclips(  223): Deleting backup of the old task list from disk
I/dalvikvm(  223): Jit: resizing JitTable from 1024 to 2048
I/nofatclips(  223): Restarting
W/ImageDownloader(  223): Error 404 while retrieving bitmap from http://gravatar.com/blavatar/44d338f29053dbb888da79dcf98df489?s=60&d=404
D/MediaScanner(  233):  prescan time: 4480ms
D/MediaScanner(  233):     scan time: 29ms
D/MediaScanner(  233): postscan time: 0ms
D/MediaScanner(  233):    total time: 4509ms
D/szipinf (  190): Initializing inflate state
D/dalvikvm(  190): GC_CONCURRENT freed 246K, 51% free 2795K/5703K, external 716K/1038K, paused 2ms+7ms
D/MediaScannerService(  233): done scanning volume internal
I/nofatclips(  223): Waiting for 100 msec.
D/nofatclips(  223): Ready to operate after restarting...
I/nofatclips(  223): Retrieving widgets
D/nofatclips(  223): Found widget: id=16908290 (android.widget.FrameLayout@40550968)
D/nofatclips(  223): Found widget: id=2131165248 (android.widget.RelativeLayout@40577b90)
D/nofatclips(  223): Found widget: id=2131165249 (android.widget.LinearLayout@40515d60)
D/nofatclips(  223): Found widget: id=-1 (android.widget.ImageView@405162a8)
D/nofatclips(  223): Found widget: id=2131165250 (org.wordpress.android.util.WPTitleBar@40544130)
D/nofatclips(  223): Found widget: id=2131165195 (android.widget.RelativeLayout@4050f9a0)
D/nofatclips(  223): Found widget: id=2131165196 (android.widget.RelativeLayout@405358b0)
D/nofatclips(  223): Found widget: id=2131165197 (android.widget.ImageView@40545640)
D/nofatclips(  223): Found widget: id=2131165198 (android.widget.TextView@40536eb0): Katie's Sweet Testing Blog
D/nofatclips(  223): Found widget: id=2131165199 (android.widget.ImageView@40536d30)
D/nofatclips(  223): Found widget: id=-1 (android.widget.RelativeLayout@40549040)
D/nofatclips(  223): Found widget: id=2131165200 (android.widget.ImageButton@40569990)
D/nofatclips(  223): Found widget: id=-1 (android.widget.FrameLayout@40569e38)
D/nofatclips(  223): Found widget: id=2131165201 (android.widget.Button@40542fc0): 
D/nofatclips(  223): Found widget: id=2131165202 (android.widget.ImageView@40572668)
D/nofatclips(  223): Found widget: id=2131165203 (android.widget.ImageView@40547820)
D/nofatclips(  223): Found widget: id=2131165204 (android.widget.LinearLayout@40579f48)
D/nofatclips(  223): Found widget: id=-1 (android.widget.FrameLayout@40537590)
D/nofatclips(  223): Found widget: id=-1 (android.widget.LinearLayout@405388f8)
D/nofatclips(  223): Found widget: id=-1 (android.widget.LinearLayout@40541f50)
D/nofatclips(  223): Found widget: id=-1 (android.widget.LinearLayout@40543618)
D/nofatclips(  223): Found widget: id=2131165251 (android.widget.LinearLayout@405497f0)
D/nofatclips(  223): Found widget: id=-1 (android.widget.ImageView@4056ffc0)
D/nofatclips(  223): Found widget: id=2131165256 (android.widget.TextView@4056c738): New Post
D/nofatclips(  223): Found widget: id=2131165253 (android.widget.LinearLayout@405406c0)
D/nofatclips(  223): Found widget: id=-1 (android.widget.ImageView@4057ada0)
D/nofatclips(  223): Found widget: id=2131165256 (android.widget.TextView@4056d070): New Page
D/nofatclips(  223): Found widget: id=-1 (android.widget.LinearLayout@4053dc50)
D/nofatclips(  223): Found widget: id=2131165252 (android.widget.LinearLayout@40541858)
D/nofatclips(  223): Found widget: id=-1 (android.widget.ImageView@40546ee8)
D/nofatclips(  223): Found widget: id=2131165256 (android.widget.TextView@40579268): Quick Photo
D/nofatclips(  223): Found widget: id=2131165254 (android.widget.LinearLayout@40547240)
D/nofatclips(  223): Found widget: id=-1 (android.widget.ImageView@4057a478)
D/nofatclips(  223): Found widget: id=2131165256 (android.widget.TextView@40579ad8): Quick Video
D/nofatclips(  223): Found widget: id=-1 (android.widget.LinearLayout@40530978)
D/nofatclips(  223): Found widget: id=-1 (android.widget.LinearLayout@4053bc18)
D/nofatclips(  223): Found widget: id=2131165255 (android.widget.LinearLayout@405701f8)
D/nofatclips(  223): Found widget: id=-1 (android.widget.ImageView@40532040)
D/nofatclips(  223): Found widget: id=2131165256 (android.widget.TextView@4057a160): Posts
D/nofatclips(  223): Found widget: id=2131165257 (android.widget.LinearLayout@40546c20)
D/nofatclips(  223): Found widget: id=-1 (android.widget.ImageView@4055e418)
D/nofatclips(  223): Found widget: id=2131165256 (android.widget.TextView@40521368): Pages
D/nofatclips(  223): Found widget: id=-1 (android.widget.FrameLayout@40532fd8)
D/nofatclips(  223): Found widget: id=2131165258 (android.widget.LinearLayout@40537d00)
D/nofatclips(  223): Found widget: id=-1 (android.widget.ImageView@40536950)
D/nofatclips(  223): Found widget: id=2131165256 (android.widget.TextView@40538bd0): Comments
D/nofatclips(  223): Found widget: id=2131165259 (android.widget.FrameLayout@405373b0)
D/nofatclips(  223): Found widget: id=2131165260 (android.widget.ImageView@405757f8)
D/nofatclips(  223): Found widget: id=2131165261 (org.wordpress.android.util.CommentBadgeTextView@405421b8): 0
D/nofatclips(  223): Found widget: id=-1 (android.widget.LinearLayout@405612a8)
D/nofatclips(  223): Found widget: id=2131165262 (android.widget.LinearLayout@405615e0)
D/nofatclips(  223): Found widget: id=-1 (android.widget.ImageView@405647c0)
D/nofatclips(  223): Found widget: id=2131165256 (android.widget.TextView@405446e0): Settings
D/nofatclips(  223): Found widget: id=2131165263 (android.widget.LinearLayout@405655a0)
D/nofatclips(  223): Found widget: id=-1 (android.widget.ImageView@40512650)
D/nofatclips(  223): Found widget: id=2131165256 (android.widget.TextView@40551438): Read
D/nofatclips(  223): Found widget: id=2131165264 (android.widget.LinearLayout@40578450)
D/nofatclips(  223): Found widget: id=-1 (android.widget.ImageView@40571ff8)
D/nofatclips(  223): Found widget: id=2131165256 (android.widget.TextView@405432d8): Stats
D/nofatclips(  223): Found widget: id=-1 (com.android.internal.policy.impl.PhoneWindow$DecorView@4054ce50)
I/nofatclips(  223): Playing Trace 189
I/nofatclips(  223): Retrieved from return list id=2131165251
D/nofatclips(  223): Testing for type (android.widget.LinearLayout) against the original (android.widget.LinearLayout)
D/nofatclips(  223): Testing for name () against the original ()
I/nofatclips(  223): Firing event: type= click index=21 widget=android.widget.LinearLayout
I/ARMAssembler(   61): generated scanline__00000177:03515104_00001002_00000000 [ 87 ipp] (110 ins) at [0x46efd5e0:0x46efd798] in 393440 ns
D/EAS SyncManager(  269): !!! EAS SyncManager, onCreate
D/EAS SyncManager(  269): !!! EAS SyncManager, onStartCommand
I/ARMAssembler(   61): generated scanline__00000177:03010104_00000002_00000000 [ 44 ipp] (66 ins) at [0x46efd7a0:0x46efd8a8] in 433212 ns
D/EAS SyncManager(  269): !!! EAS SyncManager, stopping self
D/EAS SyncManager(  269): !!! EAS SyncManager, onDestroy
D/dalvikvm(  233): GC_CONCURRENT freed 527K, 55% free 2652K/5831K, external 716K/1038K, paused 2ms+3ms
D/MediaScannerService(  233): start scanning volume external
V/MediaProvider(  233): /mnt/sdcard volume ID: 434637087
D/dalvikvm(  133): GC_EXPLICIT freed 33K, 51% free 2772K/5639K, external 2387K/2620K, paused 68ms
I/Launcher(  133): setLoadOnResume
I/Launcher(  133): setLoadOnResume
D/dalvikvm(  123): GREF has increased to 201
I/Launcher(  133): setLoadOnResume
D/nofatclips(  223): Event description: New Post
I/Launcher(  133): setLoadOnResume
D/dalvikvm(  133): GC_EXTERNAL_ALLOC freed 169K, 49% free 2915K/5703K, external 2618K/2620K, paused 49ms
I/Launcher(  133): setLoadOnResume
V/MediaProvider(  233): Attached volume: external
V/MediaScanner(  233): pruneDeadThumbnailFiles... android.database.sqlite.SQLiteCursor@4057d158
V/MediaScanner(  233): /pruneDeadThumbnailFiles... android.database.sqlite.SQLiteCursor@4057d158
D/MediaScanner(  233):  prescan time: 41ms
D/MediaScanner(  233):     scan time: 2ms
D/MediaScanner(  233): postscan time: 12ms
D/MediaScanner(  233):    total time: 55ms
D/MediaScannerService(  233): done scanning volume external
D/dalvikvm(   61): GC_CONCURRENT freed 549K, 46% free 4137K/7559K, external 1316K/1828K, paused 5ms+10ms
I/ActivityManager(   61): Starting: Intent { cmp=org.wordpress.android/.EditPost (has extras) } from pid 223
I/nofatclips(  223): Waiting for 100 msec.
D/dalvikvm(  223): GC_CONCURRENT freed 911K, 52% free 3385K/6919K, external 2094K/2352K, paused 3ms+4ms
I/dalvikvm(   61): Jit: resizing JitTable from 512 to 1024
I/nofatclips(  223): Current activity is EditPost
I/nofatclips(  223): Retrieving widgets
D/nofatclips(  223): Found widget: id=-1 (android.widget.LinearLayout@40679778)
D/nofatclips(  223): Found widget: id=-1 (android.widget.FrameLayout@40679f60)
D/nofatclips(  223): Found widget: id=16908310 (android.widget.TextView@4067aae0): Katie&#039;s Sweet Testing Blog - New Post
D/nofatclips(  223): Found widget: id=16908290 (android.widget.FrameLayout@4067b7e8)
D/nofatclips(  223): Found widget: id=-1 (android.widget.LinearLayout@4067bcc8)
D/nofatclips(  223): Found widget: id=-1 (android.widget.ScrollView@4067c188)
D/nofatclips(  223): Found widget: id=-1 (android.widget.LinearLayout@4067cb88)
D/nofatclips(  223): Found widget: id=2131165209 (android.widget.RelativeLayout@4067cdf8)
D/nofatclips(  223): Found widget: id=2131165210 (android.widget.TextView@4067da48): Post Content
D/nofatclips(  223): Found widget: id=2131165236 (android.widget.EditText@4067efe0): 
D/nofatclips(  223): Found widget: id=2131165265 (org.wordpress.android.util.WPEditText@406452c8): 
D/nofatclips(  223): Found widget: id=2131165266 (android.widget.RelativeLayout@40645ed8)
D/nofatclips(  223): Found widget: id=2131165267 (android.widget.TextView@406464a8): Tags & Categories
D/nofatclips(  223): Found widget: id=2131165268 (android.widget.EditText@40646dd0): 
D/nofatclips(  223): Found widget: id=2131165269 (android.widget.Button@406478d0): Select Categories
D/nofatclips(  223): Found widget: id=2131165270 (android.widget.TextView@40648fb8): Selected categories:
D/nofatclips(  223): Found widget: id=2131165271 (android.widget.RelativeLayout@40649560)
D/nofatclips(  223): Found widget: id=2131165272 (android.widget.RelativeLayout@40649908)
D/nofatclips(  223): Found widget: id=2131165273 (android.widget.TextView@40649f40): Location
