I/ActivityManager(   61): Config changed: { scale=1.0 imsi=310/260 loc=en_US touch=3 keys=2/1/2 nav=1/1 orien=2 layout=18 uiMode=17 seq=5}
W/KeyCharacterMap(  247): No keyboard for id 0
W/KeyCharacterMap(  247): Using default keymap: /system/usr/keychars/qwerty.kcm.bin
I/nofatclips(  247): Waiting for 100 msec.
D/dalvikvm(  247): GC_EXTERNAL_ALLOC freed 604K, 51% free 3284K/6599K, external 2311K/2324K, paused 176ms
W/WindowManager(   61): Window freeze timeout expired.
W/WindowManager(   61): Force clearing orientation change: Window{4074f980 AtchDlg:org.wordpress.android/org.wordpress.android.Dashboard paused=false}
W/WindowManager(   61): Force clearing orientation change: Window{406ec7d8 org.wordpress.android/org.wordpress.android.Dashboard paused=false}
I/nofatclips(  247): Current activity is Dashboard
I/nofatclips(  247): Retrieving widgets
D/nofatclips(  247): Found widget: id=16908726 (com.android.internal.view.menu.IconMenuView@4057f1c8)
D/nofatclips(  247): Found widget: id=16908310 (com.android.internal.view.menu.IconMenuItemView@405c2c18): Add Account
D/nofatclips(  247): Found widget: id=16908310 (com.android.internal.view.menu.IconMenuItemView@405a4620): Preferences
D/nofatclips(  247): Found widget: id=16908310 (com.android.internal.view.menu.IconMenuItemView@405a5310): Remove Blog
D/nofatclips(  247): Found widget: id=16908310 (com.android.internal.view.menu.IconMenuItemView@405a6000): About
D/nofatclips(  247): Found widget: id=-1 (com.android.internal.policy.impl.PhoneWindow$DecorView@405ba708)
V/ReflectionHelper(  247): com.android.internal.view.menu.IconMenuView > mOnFocusChangeListener FOUND | NOT ACTIVE
V/nicola  (  247): TextualID : null
V/nicola  (  247): ContentType detected : default
V/nicola  (  247): TextualID : null
V/nicola  (  247): ContentType detected : default
V/nicola  (  247): TextualID : null
V/nicola  (  247): ContentType detected : default
V/nicola  (  247): TextualID : null
V/nicola  (  247): ContentType detected : default
I/nofatclips(  247): Performing comparation for activity Dashboard
D/nofatclips(  247): Comparing against activity Dashboard
I/nofatclips(  247): Registering activity Dashboard (id: a25) as a new found state
D/nofatclips(  247): Performing backup of the old activity list on disk
D/nofatclips(  247): Saving new found state 'a25' on disk
V/nofatclips(  247): Opening state file in append mode.
I/nofatclips(  247): Saved image on disk: a25.jpg
I/nofatclips(  247): Waiting for 100 msec.
I/nofatclips(  247): Session count is 1. Will dump to disk at 1
I/nofatclips(  247): Saving the session on disk.
I/nofatclips(  247): Planning for new Activity Dashboard
D/nofatclips(  247): Handling event 'click' on widget id=16908310 type=menuItem name=Add Account
D/nofatclips(  247): Handling event 'click' on widget id=16908310 type=menuItem name=Preferences
D/nofatclips(  247): Handling event 'click' on widget id=16908310 type=menuItem name=Remove Blog
D/nofatclips(  247): Handling event 'click' on widget id=16908310 type=menuItem name=About
I/nofatclips(  247): Created trace to press the back button
I/nofatclips(  247): Created trace to press the menu button
I/nofatclips(  247): Created trace to change orientation
I/nofatclips(  247): Check for termination: 76 steps left of 100
I/nofatclips(  247): Dispatching new task. 2 more tasks remaining.
D/nofatclips(  247): Performing backup of the old task list on disk
D/nofatclips(  247): Saving task list on disk
V/nofatclips(  247): Backing up trace #233 to disk.
V/nofatclips(  247): Backing up trace #234 to disk.
D/nofatclips(  247): Deleting backup of the old task list from disk
D/nofatclips(  247): Deleting backup of the old activity list from disk
I/nofatclips(  247): Incrementally Playing Trace 234
I/nofatclips(  247): Retrieved from return list id=16908310
D/nofatclips(  247): Testing for type (com.android.internal.view.menu.IconMenuItemView) against the original (com.android.internal.view.menu.IconMenuItemView)
D/nofatclips(  247): Testing for name (Add Account) against the original (Add Account)
I/nofatclips(  247): Firing event: type= click index=1 widget=com.android.internal.view.menu.IconMenuItemView
D/dalvikvm(   61): GC_EXPLICIT freed 694K, 45% free 4154K/7495K, external 1865K/3065K, paused 129ms
D/dalvikvm(  247): GC_CONCURRENT freed 854K, 52% free 3270K/6791K, external 2695K/2724K, paused 6ms+32ms
W/KeyCharacterMap(  247): No keyboard for id 0
W/KeyCharacterMap(  247): Using default keymap: /system/usr/keychars/qwerty.kcm.bin
D/nofatclips(  247): Event description: Add Account
I/ActivityManager(   61): Starting: Intent { cmp=org.wordpress.android/.Preferences } from pid 247
I/nofatclips(  247): Waiting for 100 msec.
I/ActivityManager(   61): Displayed org.wordpress.android/.Preferences: +1s391ms
I/nofatclips(  247): Current activity is Preferences
I/nofatclips(  247): Retrieving widgets
D/nofatclips(  247): Found widget: id=-1 (android.widget.LinearLayout@40542808)
D/nofatclips(  247): Found widget: id=-1 (android.widget.FrameLayout@405a8d70)
D/nofatclips(  247): Found widget: id=16908310 (android.widget.TextView@40539440): Preferences
D/nofatclips(  247): Found widget: id=16908290 (android.widget.FrameLayout@405a92b8)
D/nofatclips(  247): Found widget: id=-1 (android.widget.ScrollView@40534470)
D/nofatclips(  247): Found widget: id=-1 (android.widget.LinearLayout@4052f208)
D/nofatclips(  247): Found widget: id=-1 (android.widget.LinearLayout@40530c28)
D/nofatclips(  247): Found widget: id=-1 (android.widget.TextView@4056ae10):   Comment Notifications
D/nofatclips(  247): Found widget: id=-1 (android.widget.LinearLayout@405308d0)
D/nofatclips(  247): Found widget: id=1 (android.widget.CheckBox@40629d38): Katie's Sweet Testing Blog
D/nofatclips(  247): Found widget: id=2 (android.widget.CheckBox@4062a3e0): My Blog
D/nofatclips(  247): Found widget: id=-1 (android.widget.TextView@4056b748): Update interval:
D/nofatclips(  247): Found widget: id=-1 (android.widget.Spinner@4061c4e0)
D/nofatclips(  247): Found widget: id=16908308 (android.widget.TextView@4053a458): 5 Minutes
D/nofatclips(  247): Found widget: id=-1 (android.widget.LinearLayout@40536ba0)
D/nofatclips(  247): Found widget: id=-1 (android.widget.CheckBox@4062ba40): Play notification sound
D/nofatclips(  247): Found widget: id=-1 (android.widget.CheckBox@40632ad0): Vibrate
D/nofatclips(  247): Found widget: id=-1 (android.widget.CheckBox@40632f20): Blink notification light
D/nofatclips(  247): Found widget: id=-1 (android.widget.LinearLayout@40538dd8)
D/nofatclips(  247): Found widget: id=-1 (android.widget.TextView@40577940):   Post Signature
D/nofatclips(  247): Found widget: id=-1 (android.widget.CheckBox@40633b58): Add a tagline to new posts
D/nofatclips(  247): Found widget: id=-1 (android.widget.EditText@405781b0): Posted from WordPress for Android
D/nofatclips(  247): Found widget: id=-1 (android.widget.LinearLayout@40541138)
D/nofatclips(  247): Found widget: id=-1 (android.widget.Button@40578838): Cancel
D/nofatclips(  247): Found widget: id=-1 (android.widget.Button@40537490): Save
D/nofatclips(  247): Found widget: id=-1 (com.android.internal.policy.impl.PhoneWindow$DecorView@40532ee0)
V/nicola  (  247): TextualID : null
V/nicola  (  247): ContentType detected : default
V/nicola  (  247): TextualID : null
V/nicola  (  247): ContentType detected : default
V/nicola  (  247): TextualID : null
V/nicola  (  247): ContentType detected : default
V/nicola  (  247): TextualID : null
V/nicola  (  247): ContentType detected : default
V/nicola  (  247): TextualID : null
V/nicola  (  247): ContentType detected : default
V/nicola  (  247): TextualID : null
V/nicola  (  247): ContentType detected : default
V/nicola  (  247): TextualID : null
V/nicola  (  247): ContentType detected : default
V/nicola  (  247): TextualID : null
V/nicola  (  247): ContentType detected : default
V/nicola  (  247): TextualID : null
V/nicola  (  247): ContentType detected : default
V/nicola  (  247): TextualID : null
V/nicola  (  247): ContentType detected : default
V/nicola  (  247): TextualID : null
V/nicola  (  247): ContentType detected : default
V/ReflectionHelper(  247): android.widget.EditText > mOnFocusChangeListener FOUND | NOT ACTIVE
V/nicola  (  247): TextualID : null
V/nicola  (  247): ContentType detected : default
V/nicola  (  247): TextualID : null
V/nicola  (  247): ContentType detected : default
V/nicola  (  247): TextualID : null
V/nicola  (  247): ContentType detected : default
I/nofatclips(  247): Performing comparation for activity Preferences
D/nofatclips(  247): Comparing against activity Dashboard
D/nofatclips(  247): Comparing against activity Dashboard
I/nofatclips(  247): Registering activity Preferences (id: a26) as a new found state
D/nofatclips(  247): Performing backup of the old activity list on disk
D/nofatclips(  247): Saving new found state 'a26' on disk
V/nofatclips(  247): Opening state file in append mode.
D/dalvikvm(  247): GC_EXTERNAL_ALLOC freed 587K, 51% free 3359K/6791K, external 2161K/2492K, paused 101ms
D/dalvikvm(  247): GC_EXTERNAL_ALLOC freed 58K, 52% free 3302K/6791K, external 3238K/3294K, paused 81ms
I/nofatclips(  247): Saved image on disk: a26.jpg
I/nofatclips(  247): Waiting for 100 msec.
I/nofatclips(  247): Session count is 1. Will dump to disk at 1
I/nofatclips(  247): Saving the session on disk.
I/nofatclips(  247): Planning for new Activity Preferences
D/nofatclips(  247): Handling event 'click' on widget id=1 type=check name=Katie's Sweet Testing Blog
D/nofatclips(  247): Handling event 'click' on widget id=2 type=check name=My Blog
D/nofatclips(  247): Handling event 'click' on widget id=-1 type=check name=Play notification sound
D/nofatclips(  247): Handling event 'click' on widget id=-1 type=check name=Vibrate
D/nofatclips(  247): Handling event 'click' on widget id=-1 type=check name=Blink notification light
D/nofatclips(  247): Handling event 'click' on widget id=-1 type=check name=Add a tagline to new posts
I/dalvikvm(  247): Jit: resizing JitTable from 1024 to 2048
D/nofatclips(  247): Handling event 'click' on widget id=-1 type=button name=Cancel
D/nofatclips(  247): Handling event 'click' on widget id=-1 type=button name=Save
I/nofatclips(  247): Created trace to press the back button
I/nofatclips(  247): Created trace to press the menu button
I/nofatclips(  247): Created trace to change orientation
I/nofatclips(  247): Check for termination: 75 steps left of 100
I/nofatclips(  247): Dispatching new task. 2 more tasks remaining.
D/nofatclips(  247): Performing backup of the old task list on disk
D/nofatclips(  247): Saving task list on disk
V/nofatclips(  247): Backing up trace #244 to disk.
V/nofatclips(  247): Backing up trace #245 to disk.
D/nofatclips(  247): Deleting backup of the old task list from disk
D/nofatclips(  247): Deleting backup of the old activity list from disk
D/dalvikvm(  247): GC_CONCURRENT freed 1070K, 53% free 3371K/7047K, external 3238K/4043K, paused 4ms+3ms
I/nofatclips(  247): Incrementally Playing Trace 245
I/nofatclips(  247): Retrieved from return list id=2
D/nofatclips(  247): Testing for type (android.widget.CheckBox) against the original (android.widget.CheckBox)
D/nofatclips(  247): Testing for name (My Blog) against the original (My Blog)
I/nofatclips(  247): Firing event: type= click index=10 widget=android.widget.CheckBox
W/KeyCharacterMap(  247): No keyboard for id 0
W/KeyCharacterMap(  247): Using default keymap: /system/usr/keychars/qwerty.kcm.bin
D/nofatclips(  247): Event description: My Blog
I/nofatclips(  247): Waiting for 100 msec.
I/nofatclips(  247): Current activity is Preferences
I/nofatclips(  247): Retrieving widgets
D/nofatclips(  247): Found widget: id=-1 (android.widget.LinearLayout@40542808)
D/nofatclips(  247): Found widget: id=-1 (android.widget.FrameLayout@405a8d70)
D/nofatclips(  247): Found widget: id=16908310 (android.widget.TextView@40539440): Preferences
D/nofatclips(  247): Found widget: id=16908290 (android.widget.FrameLayout@405a92b8)
D/nofatclips(  247): Found widget: id=-1 (android.widget.ScrollView@40534470)
D/nofatclips(  247): Found widget: id=-1 (android.widget.LinearLayout@4052f208)
D/nofatclips(  247): Found widget: id=-1 (android.widget.LinearLayout@40530c28)
D/nofatclips(  247): Found widget: id=-1 (android.widget.TextView@4056ae10):   Comment Notifications
D/nofatclips(  247): Found widget: id=-1 (android.widget.LinearLayout@405308d0)
D/nofatclips(  247): Found widget: id=1 (android.widget.CheckBox@40629d38): Katie's Sweet Testing Blog
D/nofatclips(  247): Found widget: id=2 (android.widget.CheckBox@4062a3e0): My Blog
D/nofatclips(  247): Found widget: id=-1 (android.widget.TextView@4056b748): Update interval:
D/nofatclips(  247): Found widget: id=-1 (android.widget.Spinner@4061c4e0)
D/nofatclips(  247): Found widget: id=16908308 (android.widget.TextView@4053a458): 5 Minutes
D/nofatclips(  247): Found widget: id=-1 (android.widget.LinearLayout@40536ba0)
D/nofatclips(  247): Found widget: id=-1 (android.widget.CheckBox@4062ba40): Play notification sound
D/nofatclips(  247): Found widget: id=-1 (android.widget.CheckBox@40632ad0): Vibrate
D/nofatclips(  247): Found widget: id=-1 (android.widget.CheckBox@40632f20): Blink notification light
D/nofatclips(  247): Found widget: id=-1 (android.widget.LinearLayout@40538dd8)
D/nofatclips(  247): Found widget: id=-1 (android.widget.TextView@40577940):   Post Signature
D/nofatclips(  247): Found widget: id=-1 (android.widget.CheckBox@40633b58): Add a tagline to new posts
D/nofatclips(  247): Found widget: id=-1 (android.widget.EditText@405781b0): Posted from WordPress for Android
D/nofatclips(  247): Found widget: id=-1 (android.widget.LinearLayout@40541138)
D/nofatclips(  247): Found widget: id=-1 (android.widget.Button@40578838): Cancel
D/nofatclips(  247): Found widget: id=-1 (android.widget.Button@40537490): Save
D/nofatclips(  247): Found widget: id=-1 (com.android.internal.policy.impl.PhoneWindow$DecorView@40532ee0)
V/nicola  (  247): TextualID : null
V/nicola  (  247): ContentType detected : default
V/nicola  (  247): TextualID : null
V/nicola  (  247): ContentType detected : default
V/nicola  (  247): TextualID : null
V/nicola  (  247): ContentType detected : default
V/nicola  (  247): TextualID : null
V/nicola  (  247): ContentType detected : default
V/nicola  (  247): TextualID : null
V/nicola  (  247): ContentType detected : default
V/nicola  (  247): TextualID : null
V/nicola  (  247): ContentType detected : default
V/nicola  (  247): TextualID : null
V/nicola  (  247): ContentType detected : default
V/nicola  (  247): TextualID : null
V/nicola  (  247): ContentType detected : default
V/nicola  (  247): TextualID : null
V/nicola  (  247): ContentType detected : default
V/nicola  (  247): TextualID : null
V/nicola  (  247): ContentType detected : default
V/nicola  (  247): TextualID : null
V/nicola  (  247): ContentType detected : default
V/ReflectionHelper(  247): android.widget.EditText > mOnFocusChangeListener FOUND | NOT ACTIVE
V/nicola  (  247): TextualID : null
V/nicola  (  247): ContentType detected : default
V/nicola  (  247): TextualID : null
V/nicola  (  247): ContentType detected : default
V/nicola  (  247): TextualID : null
V/nicola  (  247): ContentType detected : default
I/nofatclips(  247): Performing comparation for activity Preferences
D/nofatclips(  247): Comparing against activity Dashboard
D/nofatclips(  247): Comparing against activity Dashboard
D/nofatclips(  247): Comparing against activity Preferences
I/nofatclips(  247): Registering activity Preferences (id: a27) as a new found state
D/nofatclips(  247): Performing backup of the old activity list on disk
D/nofatclips(  247): Saving new found state 'a27' on disk
V/nofatclips(  247): Opening state file in append mode.
D/dalvikvm(  247): GC_EXTERNAL_ALLOC freed 691K, 53% free 3362K/7047K, external 3238K/3294K, paused 133ms
I/nofatclips(  247): Saved image on disk: a27.jpg
I/nofatclips(  247): Waiting for 100 msec.
I/nofatclips(  247): Session count is 1. Will dump to disk at 1
I/nofatclips(  247): Saving the session on disk.
I/nofatclips(  247): Planning for new Activity Preferences
D/nofatclips(  247): Handling event 'click' on widget id=1 type=check name=Katie's Sweet Testing Blog
D/nofatclips(  247): Handling event 'click' on widget id=2 type=check name=My Blog
D/nofatclips(  247): Handling event 'click' on widget id=-1 type=check name=Play notification sound
D/nofatclips(  247): Handling event 'click' on widget id=-1 type=check name=Vibrate
D/nofatclips(  247): Handling event 'click' on widget id=-1 type=check name=Blink notification light
D/nofatclips(  247): Handling event 'click' on widget id=-1 type=check name=Add a tagline to new posts
D/nofatclips(  247): Handling event 'click' on widget id=-1 type=button name=Cancel
D/nofatclips(  247): Handling event 'click' on widget id=-1 type=button name=Save
I/nofatclips(  247): Created trace to press the back button
I/nofatclips(  247): Created trace to press the menu button
I/nofatclips(  247): Created trace to change orientation
I/nofatclips(  247): Check for termination: 74 steps left of 100
I/nofatclips(  247): Dispatching new task. 2 more tasks remaining.
D/nofatclips(  247): Performing backup of the old task list on disk
D/nofatclips(  247): Saving task list on disk
V/nofatclips(  247): Backing up trace #255 to disk.
V/nofatclips(  247): Backing up trace #256 to disk.
D/nofatclips(  247): Deleting backup of the old task list from disk
D/nofatclips(  247): Deleting backup of the old activity list from disk
I/nofatclips(  247): Incrementally Playing Trace 256
I/nofatclips(  247): Retrieved from return list id=-1
D/nofatclips(  247): Testing for type (android.widget.Button) against the original (android.widget.Button)
D/nofatclips(  247): Testing for name (Cancel) against the original (Cancel)
I/nofatclips(  247): Firing event: type= click index=23 widget=android.widget.Button
W/KeyCharacterMap(  247): No keyboard for id 0
W/KeyCharacterMap(  247): Using default keymap: /system/usr/keychars/qwerty.kcm.bin
D/dalvikvm(  247): GC_CONCURRENT freed 1285K, 55% free 3352K/7303K, external 3238K/4043K, paused 14ms+12ms
D/nofatclips(  247): Event description: Cancel
I/nofatclips(  247): Waiting for 100 msec.
I/nofatclips(  247): Current activity is Dashboard
I/nofatclips(  247): Retrieving widgets
D/nofatclips(  247): Found widget: id=16908290 (android.widget.FrameLayout@405a0990)
D/nofatclips(  247): Found widget: id=2131165248 (android.widget.RelativeLayout@405a1690)
D/nofatclips(  247): Found widget: id=2131165249 (android.widget.LinearLayout@405a1cf8)
D/nofatclips(  247): Found widget: id=-1 (android.widget.ImageView@405a2240)
D/nofatclips(  247): Found widget: id=2131165250 (org.wordpress.android.util.WPTitleBar@4059bc18)
D/nofatclips(  247): Found widget: id=2131165195 (android.widget.RelativeLayout@4050e260)
D/nofatclips(  247): Found widget: id=2131165196 (android.widget.RelativeLayout@40568510)
D/nofatclips(  247): Found widget: id=2131165197 (android.widget.ImageView@4059ceb0)
D/nofatclips(  247): Found widget: id=2131165198 (android.widget.TextView@40541880): Katie's Sweet Testing Blog
D/nofatclips(  247): Found widget: id=2131165199 (android.widget.ImageView@4055d110)
D/nofatclips(  247): Found widget: id=-1 (android.widget.RelativeLayout@40579478)
D/nofatclips(  247): Found widget: id=2131165200 (android.widget.ImageButton@4059d3d8)
D/nofatclips(  247): Found widget: id=-1 (android.widget.FrameLayout@4057a960)
D/nofatclips(  247): Found widget: id=2131165201 (android.widget.Button@40542248): 
D/nofatclips(  247): Found widget: id=2131165202 (android.widget.ImageView@40593810)
D/nofatclips(  247): Found widget: id=2131165203 (android.widget.ImageView@4053ca40)
D/nofatclips(  247): Found widget: id=2131165249 (android.widget.LinearLayout@4060e5f8)
D/nofatclips(  247): Found widget: id=-1 (android.widget.FrameLayout@4060e930)
D/nofatclips(  247): Found widget: id=-1 (android.widget.LinearLayout@4060eb98)
D/nofatclips(  247): Found widget: id=-1 (android.widget.LinearLayout@4060f828)
D/nofatclips(  247): Found widget: id=-1 (android.widget.LinearLayout@4060fa48)
D/nofatclips(  247): Found widget: id=2131165251 (android.widget.LinearLayout@4060fc68)
D/nofatclips(  247): Found widget: id=-1 (android.widget.ImageView@4064ace0)
D/nofatclips(  247): Found widget: id=-1 (android.widget.TextView@4064b0e8): New Post
D/nofatclips(  247): Found widget: id=2131165252 (android.widget.LinearLayout@4064b578)
D/nofatclips(  247): Found widget: id=-1 (android.widget.ImageView@4064c810)
D/nofatclips(  247): Found widget: id=-1 (android.widget.TextView@4064cbd0): Quick Photo
D/nofatclips(  247): Found widget: id=-1 (android.widget.LinearLayout@4064d060)
D/nofatclips(  247): Found widget: id=2131165253 (android.widget.LinearLayout@4064d280)
D/nofatclips(  247): Found widget: id=-1 (android.widget.ImageView@4064e7b0)
D/nofatclips(  247): Found widget: id=-1 (android.widget.TextView@4053d628): New Page
D/nofatclips(  247): Found widget: id=2131165254 (android.widget.LinearLayout@4057d2b0)
D/nofatclips(  247): Found widget: id=-1 (android.widget.ImageView@4057fb80)
D/nofatclips(  247): Found widget: id=-1 (android.widget.TextView@40551940): Quick Video
D/nofatclips(  247): Found widget: id=-1 (android.widget.LinearLayout@40587890)
D/nofatclips(  247): Found widget: id=-1 (android.widget.LinearLayout@40590050)
D/nofatclips(  247): Found widget: id=2131165255 (android.widget.LinearLayout@40599388)
D/nofatclips(  247): Found widget: id=-1 (android.widget.ImageView@40660b60)
D/nofatclips(  247): Found widget: id=2131165256 (android.widget.TextView@4050f468): Posts
D/nofatclips(  247): Found widget: id=2131165257 (android.widget.LinearLayout@40582e98)
D/nofatclips(  247): Found widget: id=-1 (android.widget.ImageView@405e4ba0)
D/nofatclips(  247): Found widget: id=2131165256 (android.widget.TextView@40620c50): Pages
D/nofatclips(  247): Found widget: id=-1 (android.widget.FrameLayout@40664800)
D/nofatclips(  247): Found widget: id=2131165258 (android.widget.LinearLayout@405e6208)
D/nofatclips(  247): Found widget: id=-1 (android.widget.ImageView@4061f4d8)
D/nofatclips(  247): Found widget: id=2131165256 (android.widget.TextView@40576e30): Comments
D/nofatclips(  247): Found widget: id=2131165259 (android.widget.FrameLayout@4053ce18)
D/nofatclips(  247): Found widget: id=2131165260 (android.widget.ImageView@4054efd0)
D/nofatclips(  247): Found widget: id=2131165261 (org.wordpress.android.util.CommentBadgeTextView@40559a68): 0
D/nofatclips(  247): Found widget: id=-1 (android.widget.LinearLayout@40580428)
D/nofatclips(  247): Found widget: id=2131165262 (android.widget.LinearLayout@4062ae88)
D/nofatclips(  247): Found widget: id=-1 (android.widget.ImageView@405153a8)
D/nofatclips(  247): Found widget: id=2131165256 (android.widget.TextView@405832c8): Settings
D/nofatclips(  247): Found widget: id=2131165263 (android.widget.LinearLayout@4057e968)
D/nofatclips(  247): Found widget: id=-1 (android.widget.ImageView@405851f0)
D/nofatclips(  247): Found widget: id=2131165256 (android.widget.TextView@406271e8): Read
D/nofatclips(  247): Found widget: id=2131165264 (android.widget.LinearLayout@405e48b8)
D/nofatclips(  247): Found widget: id=-1 (android.widget.ImageView@40600d20)
D/nofatclips(  247): Found widget: id=2131165256 (android.widget.TextView@40628148): Stats
D/nofatclips(  247): Found widget: id=-1 (com.android.internal.policy.impl.PhoneWindow$DecorView@405a0090)
V/nicola  (  247): TextualID : blog_title
V/nicola  (  247): ContentType detected : default
V/nicola  (  247): TextualID : action_refresh
V/nicola  (  247): ContentType detected : default
V/nicola  (  247): TextualID : null
V/nicola  (  247): ContentType detected : default
V/nicola  (  247): TextualID : null
V/nicola  (  247): ContentType detected : default
V/nicola  (  247): TextualID : null
V/nicola  (  247): ContentType detected : default
V/nicola  (  247): TextualID : null
V/nicola  (  247): ContentType detected : default
V/nicola  (  247): TextualID : button_text
V/nicola  (  247): ContentType detected : default
V/nicola  (  247): TextualID : button_text
V/nicola  (  247): ContentType detected : default
V/nicola  (  247): TextualID : button_text
V/nicola  (  247): ContentType detected : default
V/nicola  (  247): TextualID : button_text
V/nicola  (  247): ContentType detected : default
V/nicola  (  247): TextualID : button_text
V/nicola  (  247): ContentType detected : default
V/nicola  (  247): TextualID : button_text
V/nicola  (  247): ContentType detected : default
I/nofatclips(  247): Performing comparation for activity Dashboard
D/nofatclips(  247): Comparing against activity Dashboard
D/nofatclips(  247): Comparing against activity Dashboard
D/nofatclips(  247): Comparing against activity Preferences
D/nofatclips(  247): Comparing against activity Preferences
I/nofatclips(  247): Registering activity Dashboard (id: a28) as a new found state
D/nofatclips(  247): Performing backup of the old activity list on disk
D/nofatclips(  247): Saving new found state 'a28' on disk
V/nofatclips(  247): Opening state file in append mode.
D/dalvikvm(  247): GC_EXTERNAL_ALLOC freed 745K, 54% free 3427K/7303K, external 2825K/3294K, paused 104ms
I/nofatclips(  247): Saved image on disk: a28.jpg
I/nofatclips(  247): Waiting for 100 msec.
I/nofatclips(  247): Session count is 1. Will dump to disk at 1
I/nofatclips(  247): Saving the session on disk.
I/nofatclips(  247): Planning for new Activity Dashboard
D/nofatclips(  247): Handling event 'click' on widget id=2131165200 type=button name=
D/nofatclips(  247): Handling event 'click' on widget id=2131165201 type=button name=
D/nofatclips(  247): Handling event 'click' on widget id=2131165249 type=linearLayout name=
D/nofatclips(  247): Handling event 'click' on widget id=2131165251 type=linearLayout name=
D/nofatclips(  247): Handling event 'click' on widget id=2131165252 type=linearLayout name=
D/nofatclips(  247): Handling event 'click' on widget id=2131165253 type=linearLayout name=
D/nofatclips(  247): Handling event 'click' on widget id=2131165254 type=linearLayout name=
D/nofatclips(  247): Handling event 'click' on widget id=2131165255 type=linearLayout name=
D/nofatclips(  247): Handling event 'click' on widget id=2131165257 type=linearLayout name=
D/nofatclips(  247): Handling event 'click' on widget id=2131165258 type=linearLayout name=
D/nofatclips(  247): Handling event 'click' on widget id=2131165262 type=linearLayout name=
D/dalvikvm(  247): GC_CONCURRENT freed 1169K, 52% free 3550K/7303K, external 2825K/3528K, paused 4ms+4ms
D/nofatclips(  247): Handling event 'click' on widget id=2131165263 type=linearLayout name=
D/nofatclips(  247): Handling event 'click' on widget id=2131165264 type=linearLayout name=
I/nofatclips(  247): Created trace to press the back button
I/nofatclips(  247): Created trace to press the menu button
I/nofatclips(  247): Created trace to change orientation
I/nofatclips(  247): Check for termination: 73 steps left of 100
I/nofatclips(  247): Dispatching new task. 2 more tasks remaining.
D/nofatclips(  247): Performing backup of the old task list on disk
D/nofatclips(  247): Saving task list on disk
V/nofatclips(  247): Backing up trace #270 to disk.
V/nofatclips(  247): Backing up trace #271 to disk.
D/nofatclips(  247): Deleting backup of the old task list from disk
D/nofatclips(  247): Deleting backup of the old activity list from disk
D/dalvikvm(  247): GC_CONCURRENT freed 1417K, 54% free 3472K/7495K, external 2225K/2825K, paused 3ms+3ms
I/nofatclips(  247): Incrementally Playing Trace 271
I/nofatclips(  247): Retrieved from return list id=2131165249
D/nofatclips(  247): Testing for type (android.widget.LinearLayout) against the original (android.widget.LinearLayout)
D/nofatclips(  247): Testing for name () against the original ()
I/nofatclips(  247): Firing event: type= click index=16 widget=android.widget.LinearLayout
W/KeyCharacterMap(  247): No keyboard for id 0
W/KeyCharacterMap(  247): Using default keymap: /system/usr/keychars/qwerty.kcm.bin
D/nofatclips(  247): Event description: New Post
I/ActivityManager(   61): Starting: Intent { cmp=org.wordpress.android/.Settings (has extras) } from pid 247
I/nofatclips(  247): Waiting for 100 msec.
W/ImageDownloader(  247): Error 404 while retrieving bitmap from http://gravatar.com/blavatar/44d338f29053dbb888da79dcf98df489?s=60&d=404
I/nofatclips(  247): Current activity is Settings
I/ActivityManager(   61): Displayed org.wordpress.android/.Settings: +1s938ms
I/nofatclips(  247): Retrieving widgets
D/nofatclips(  247): Found widget: id=16908290 (android.widget.FrameLayout@40557548)
D/nofatclips(  247): Found widget: id=2131165343 (android.widget.RelativeLayout@40586078)
D/nofatclips(  247): Found widget: id=-1 (android.widget.ScrollView@406f5a10)
D/nofatclips(  247): Found widget: id=2131165207 (android.widget.RelativeLayout@406f7d88)
D/nofatclips(  247): Found widget: id=2131165209 (android.widget.RelativeLayout@406f9cc0)
D/nofatclips(  247): Found widget: id=2131165210 (android.widget.TextView@406a6d30): Account Details
D/nofatclips(  247): Found widget: id=2131165214 (android.widget.TextView@40567598): Username:
D/nofatclips(  247): Found widget: id=2131165215 (android.widget.EditText@40584858): katiemalone1990
D/nofatclips(  247): Found widget: id=2131165216 (android.widget.TextView@406e5628): Password:
D/nofatclips(  247): Found widget: id=2131165217 (android.widget.EditText@4054ad80): cle0sandy
D/nofatclips(  247): Found widget: id=2131165214 (android.widget.TextView@406b3ad0): Username:
D/nofatclips(  247): Found widget: id=2131165223 (android.widget.TextView@4063eb10): HTTP Username (optional):
D/nofatclips(  247): Found widget: id=2131165224 (android.widget.EditText@406432b8): 
D/nofatclips(  247): Found widget: id=2131165225 (android.widget.TextView@40570730): HTTP Password (optional):
D/nofatclips(  247): Found widget: id=2131165226 (android.widget.EditText@40570bc0): 
D/nofatclips(  247): Found widget: id=2131165288 (android.widget.RelativeLayout@4063f3a8)
D/nofatclips(  247): Found widget: id=2131165346 (android.widget.TextView@405f7e08): Media
D/nofatclips(  247): Found widget: id=2131165347 (android.widget.TextView@405506c8): Default image width
D/nofatclips(  247): Found widget: id=2131165348 (android.widget.Spinner@405ecb50)
D/nofatclips(  247): Found widget: id=16908308 (android.widget.TextView@405cfb70): 500
D/nofatclips(  247): Found widget: id=2131165349 (android.widget.CheckBox@40662a88): Upload and link to full image
D/nofatclips(  247): Found widget: id=2131165266 (android.widget.RelativeLayout@4055b0f0)
D/nofatclips(  247): Found widget: id=2131165350 (android.widget.TextView@406a3050): Location
D/nofatclips(  247): Found widget: id=2131165351 (android.widget.CheckBox@406e03a8): Geotag Posts
D/nofatclips(  247): Found widget: id=2131165219 (android.widget.Button@405eb4d0): Save
D/nofatclips(  247): Found widget: id=2131165220 (android.widget.Button@406902d8): Cancel
D/nofatclips(  247): Found widget: id=2131165352 (org.wordpress.android.util.WPTitleBar@405abc58)
D/nofatclips(  247): Found widget: id=2131165195 (android.widget.RelativeLayout@4054d488)
D/nofatclips(  247): Found widget: id=2131165196 (android.widget.RelativeLayout@40608538)
D/nofatclips(  247): Found widget: id=2131165197 (android.widget.ImageView@40647700)
D/nofatclips(  247): Found widget: id=2131165198 (android.widget.TextView@40558aa8): Katie's Sweet Testing Blog
D/nofatclips(  247): Found widget: id=2131165199 (android.widget.ImageView@40557d50)
D/nofatclips(  247): Found widget: id=-1 (android.widget.RelativeLayout@40558168)
D/nofatclips(  247): Found widget: id=2131165200 (android.widget.ImageButton@4061b498)
D/nofatclips(  247): Found widget: id=-1 (android.widget.FrameLayout@40551df0)
D/nofatclips(  247): Found widget: id=2131165201 (android.widget.Button@40552100): 
D/nofatclips(  247): Found widget: id=2131165202 (android.widget.ImageView@406e27c0)
D/nofatclips(  247): Found widget: id=2131165203 (android.widget.ImageView@406e2a50)
D/nofatclips(  247): Found widget: id=2131165204 (android.widget.LinearLayout@406b4040)
D/nofatclips(  247): Found widget: id=-1 (android.widget.FrameLayout@406e31a8)
D/nofatclips(  247): Found widget: id=-1 (android.widget.LinearLayout@406e3968)
D/nofatclips(  247): Found widget: id=-1 (android.widget.LinearLayout@406b8438)
D/nofatclips(  247): Found widget: id=-1 (android.widget.LinearLayout@406b8658)
D/nofatclips(  247): Found widget: id=2131165251 (android.widget.LinearLayout@406b8878)
D/nofatclips(  247): Found widget: id=-1 (android.widget.ImageView@40753030)
D/nofatclips(  247): Found widget: id=-1 (android.widget.TextView@40674818): New Post
D/nofatclips(  247): Found widget: id=2131165252 (android.widget.LinearLayout@405f3d80)
D/nofatclips(  247): Found widget: id=-1 (android.widget.ImageView@40662df0)
D/nofatclips(  247): Found widget: id=-1 (android.widget.TextView@40662f70): Quick Photo
D/nofatclips(  247): Found widget: id=-1 (android.widget.LinearLayout@40663400)
D/nofatclips(  247): Found widget: id=2131165253 (android.widget.LinearLayout@40663620)
D/nofatclips(  247): Found widget: id=-1 (android.widget.ImageView@406c52b0)
D/nofatclips(  247): Found widget: id=-1 (android.widget.TextView@406e12a8): New Page
D/nofatclips(  247): Found widget: id=2131165254 (android.widget.LinearLayout@406e1668)
D/nofatclips(  247): Found widget: id=-1 (android.widget.ImageView@405a9ac0)
D/nofatclips(  247): Found widget: id=-1 (android.widget.TextView@405a9ce8): Quick Video
D/nofatclips(  247): Found widget: id=-1 (android.widget.LinearLayout@405aa178)
D/nofatclips(  247): Found widget: id=-1 (android.widget.LinearLayout@405aa398)
D/nofatclips(  247): Found widget: id=2131165255 (android.widget.LinearLayout@406be758)
D/nofatclips(  247): Found widget: id=-1 (android.widget.ImageView@406b22a8)
D/nofatclips(  247): Found widget: id=2131165256 (android.widget.TextView@406b24d0): Posts
D/nofatclips(  247): Found widget: id=2131165257 (android.widget.LinearLayout@406b2960)
D/nofatclips(  247): Found widget: id=-1 (android.widget.ImageView@405c07a0)
D/nofatclips(  247): Found widget: id=2131165256 (android.widget.TextView@405c09c8): Pages
D/nofatclips(  247): Found widget: id=-1 (android.widget.FrameLayout@407569a0)
D/nofatclips(  247): Found widget: id=2131165258 (android.widget.LinearLayout@40756c08)
D/nofatclips(  247): Found widget: id=-1 (android.widget.ImageView@40663d28)
D/nofatclips(  247): Found widget: id=2131165256 (android.widget.TextView@40663f50): Comments
D/nofatclips(  247): Found widget: id=2131165259 (android.widget.FrameLayout@406643e0)
D/nofatclips(  247): Found widget: id=2131165260 (android.widget.ImageView@40664648)
D/nofatclips(  247): Found widget: id=2131165261 (org.wordpress.android.util.CommentBadgeTextView@405c49a8): 0
D/nofatclips(  247): Found widget: id=-1 (android.widget.LinearLayout@405c4fe0)
D/nofatclips(  247): Found widget: id=2131165262 (android.widget.LinearLayout@405c5200)
D/nofatclips(  247): Found widget: id=-1 (android.widget.ImageView@40747ac0)
D/nofatclips(  247): Found widget: id=2131165256 (android.widget.TextView@40747ce8): Settings
D/nofatclips(  247): Found widget: id=2131165263 (android.widget.LinearLayout@40748178)
D/nofatclips(  247): Found widget: id=-1 (android.widget.ImageView@40689a60)
D/nofatclips(  247): Found widget: id=2131165256 (android.widget.TextView@40689c88): Read
D/nofatclips(  247): Found widget: id=2131165264 (android.widget.LinearLayout@40658930)
D/nofatclips(  247): Found widget: id=-1 (android.widget.ImageView@406590d0)
D/nofatclips(  247): Found widget: id=2131165256 (android.widget.TextView@406592f8): Stats
D/nofatclips(  247): Found widget: id=-1 (com.android.internal.policy.impl.PhoneWindow$DecorView@40557290)
D/dalvikvm(  247): GC_CONCURRENT freed 891K, 52% free 3640K/7495K, external 2303K/2825K, paused 7ms+12ms
V/nicola  (  247): TextualID : l_section1
V/nicola  (  247): ContentType detected : default
V/nicola  (  247): TextualID : l_username
V/nicola  (  247): ContentType detected : default
V/ReflectionHelper(  247): android.widget.EditText > mOnFocusChangeListener FOUND | NOT ACTIVE
V/nicola  (  247): TextualID : username
V/nicola  (  247): ContentType detected : default
V/nicola  (  247): TextualID : l_password
V/nicola  (  247): ContentType detected : default
V/ReflectionHelper(  247): android.widget.EditText > mOnFocusChangeListener FOUND | NOT ACTIVE
V/nicola  (  247): TextualID : password
V/nicola  (  247): ContentType detected : default
V/nicola  (  247): TextualID : l_username
V/nicola  (  247): ContentType detected : default
V/nicola  (  247): TextualID : l_section2
V/nicola  (  247): ContentType detected : default
V/nicola  (  247): TextualID : l_maxImageWidth
V/nicola  (  247): ContentType detected : default
V/nicola  (  247): TextualID : null
V/nicola  (  247): ContentType detected : default
V/nicola  (  247): TextualID : fullSizeImage
V/nicola  (  247): ContentType detected : default
V/nicola  (  247): TextualID : l_section3
V/nicola  (  247): ContentType detected : default
V/nicola  (  247): TextualID : location
V/nicola  (  247): ContentType detected : default
V/nicola  (  247): TextualID : save
V/nicola  (  247): ContentType detected : default
V/nicola  (  247): TextualID : cancel
V/nicola  (  247): ContentType detected : default
V/nicola  (  247): TextualID : blog_title
V/nicola  (  247): ContentType detected : default
V/nicola  (  247): TextualID : action_refresh
V/nicola  (  247): ContentType detected : default
I/nofatclips(  247): Performing comparation for activity Settings
D/nofatclips(  247): Comparing against activity Dashboard
D/nofatclips(  247): Comparing against activity Dashboard
D/nofatclips(  247): Comparing against activity Preferences
D/nofatclips(  247): Comparing against activity Dashboard
D/nofatclips(  247): Comparing against activity Preferences
I/nofatclips(  247): Registering activity Settings (id: a29) as a new found state
D/nofatclips(  247): Performing backup of the old activity list on disk
D/nofatclips(  247): Saving new found state 'a29' on disk
V/nofatclips(  247): Opening state file in append mode.
D/dalvikvm(  247): GC_EXTERNAL_ALLOC freed 482K, 53% free 3584K/7495K, external 2303K/2825K, paused 96ms
I/nofatclips(  247): Saved image on disk: a29.jpg
I/nofatclips(  247): Waiting for 100 msec.
I/nofatclips(  247): Session count is 1. Will dump to disk at 1
I/nofatclips(  247): Saving the session on disk.
I/nofatclips(  247): Planning for new Activity Settings
D/nofatclips(  247): Handling event selectSpinnerItem for items [1,11] on spinner #2131165348 count=11
D/nofatclips(  247): Handling input 'writeText' on widget id=2131165215 type=editText name=
V/nofatclips(  247): Using value: 27
D/nofatclips(  247): Handling input 'writeText' on widget id=2131165217 type=editText name=
V/nofatclips(  247): Using value: 29
D/nofatclips(  247): Handling input 'writeText' on widget id=2131165215 type=editText name=
V/nofatclips(  247): Using value: 27
D/nofatclips(  247): Handling input 'writeText' on widget id=2131165217 type=editText name=
V/nofatclips(  247): Using value: 29
D/nofatclips(  247): Handling input 'writeText' on widget id=2131165215 type=editText name=
V/nofatclips(  247): Using value: 27
D/nofatclips(  247): Handling input 'writeText' on widget id=2131165217 type=editText name=
V/nofatclips(  247): Using value: 29
D/nofatclips(  247): Handling input 'writeText' on widget id=2131165215 type=editText name=
V/nofatclips(  247): Using value: 27
D/nofatclips(  247): Handling input 'writeText' on widget id=2131165217 type=editText name=
V/nofatclips(  247): Using value: 29
D/nofatclips(  247): Handling input 'writeText' on widget id=2131165215 type=editText name=
V/nofatclips(  247): Using value: 27
D/nofatclips(  247): Handling input 'writeText' on widget id=2131165217 type=editText name=
V/nofatclips(  247): Using value: 29
D/nofatclips(  247): Handling input 'writeText' on widget id=2131165215 type=editText name=
V/nofatclips(  247): Using value: 27
D/nofatclips(  247): Handling input 'writeText' on widget id=2131165217 type=editText name=
V/nofatclips(  247): Using value: 29
D/nofatclips(  247): Handling input 'writeText' on widget id=2131165215 type=editText name=
V/nofatclips(  247): Using value: 27
D/nofatclips(  247): Handling input 'writeText' on widget id=2131165217 type=editText name=
V/nofatclips(  247): Using value: 29
D/nofatclips(  247): Handling input 'writeText' on widget id=2131165215 type=editText name=
V/nofatclips(  247): Using value: 27
D/nofatclips(  247): Handling input 'writeText' on widget id=2131165217 type=editText name=
V/nofatclips(  247): Using value: 29
D/nofatclips(  247): Handling input 'writeText' on widget id=2131165215 type=editText name=
V/nofatclips(  247): Using value: 27
D/nofatclips(  247): Handling input 'writeText' on widget id=2131165217 type=editText name=
V/nofatclips(  247): Using value: 29
D/nofatclips(  247): Handling input 'writeText' on widget id=2131165215 type=editText name=
V/nofatclips(  247): Using value: 27
D/nofatclips(  247): Handling input 'writeText' on widget id=2131165217 type=editText name=
V/nofatclips(  247): Using value: 29
D/nofatclips(  247): Handling input 'writeText' on widget id=2131165215 type=editText name=
V/nofatclips(  247): Using value: 27
D/nofatclips(  247): Handling input 'writeText' on widget id=2131165217 type=editText name=
V/nofatclips(  247): Using value: 29
D/nofatclips(  247): Handling event 'click' on widget id=2131165349 type=check name=Upload and link to full image
D/nofatclips(  247): Handling input 'writeText' on widget id=2131165215 type=editText name=
V/nofatclips(  247): Using value: 27
D/nofatclips(  247): Handling input 'writeText' on widget id=2131165217 type=editText name=
V/nofatclips(  247): Using value: 29
D/nofatclips(  247): Handling event 'click' on widget id=2131165351 type=check name=Geotag Posts
D/nofatclips(  247): Handling input 'writeText' on widget id=2131165215 type=editText name=
V/nofatclips(  247): Using value: 27
D/nofatclips(  247): Handling input 'writeText' on widget id=2131165217 type=editText name=
V/nofatclips(  247): Using value: 29
D/nofatclips(  247): Handling event 'click' on widget id=2131165219 type=button name=Save
D/nofatclips(  247): Handling input 'writeText' on widget id=2131165215 type=editText name=
V/nofatclips(  247): Using value: 27
D/nofatclips(  247): Handling input 'writeText' on widget id=2131165217 type=editText name=
V/nofatclips(  247): Using value: 29
D/dalvikvm(  247): GC_CONCURRENT freed 1048K, 51% free 3682K/7495K, external 3503K/3625K, paused 4ms+4ms
D/nofatclips(  247): Handling event 'click' on widget id=2131165220 type=button name=Cancel
D/nofatclips(  247): Handling input 'writeText' on widget id=2131165215 type=editText name=
V/nofatclips(  247): Using value: 27
D/nofatclips(  247): Handling input 'writeText' on widget id=2131165217 type=editText name=
V/nofatclips(  247): Using value: 29
D/nofatclips(  247): Handling event 'click' on widget id=2131165200 type=button name=
D/nofatclips(  247): Handling input 'writeText' on widget id=2131165215 type=editText name=
V/nofatclips(  247): Using value: 27
D/nofatclips(  247): Handling input 'writeText' on widget id=2131165217 type=editText name=
V/nofatclips(  247): Using value: 29
I/nofatclips(  247): Created trace to press the back button
I/nofatclips(  247): Created trace to press the menu button
I/nofatclips(  247): Created trace to change orientation
I/nofatclips(  247): Check for termination: 72 steps left of 100
I/nofatclips(  247): Dispatching new task. 2 more tasks remaining.
D/nofatclips(  247): Performing backup of the old task list on disk
D/nofatclips(  247): Saving task list on disk
V/nofatclips(  247): Backing up trace #289 to disk.
V/nofatclips(  247): Backing up trace #290 to disk.
D/nofatclips(  247): Deleting backup of the old task list from disk
D/nofatclips(  247): Deleting backup of the old activity list from disk
I/nofatclips(  247): Incrementally Playing Trace 290
D/nofatclips(  247): Setting input: type= writeText id=2131165215 value=27
D/nofatclips(  247): Added to return list id=2131165215
I/nofatclips(  247): Retrieved from return list id=2131165215
D/nofatclips(  247): Testing for type (android.widget.EditText) against the original (android.widget.EditText)
D/nofatclips(  247): Testing for name () against the original ()
D/dalvikvm(  247): GC_CONCURRENT freed 1661K, 55% free 3612K/7879K, external 2903K/3625K, paused 4ms+4ms
W/KeyCharacterMap(  247): No keyboard for id 0
W/KeyCharacterMap(  247): Using default keymap: /system/usr/keychars/qwerty.kcm.bin
D/nofatclips(  247): Setting input: type= writeText id=2131165217 value=29
D/nofatclips(  247): Added to return list id=2131165217
I/nofatclips(  247): Retrieved from return list id=2131165217
D/nofatclips(  247): Testing for type (android.widget.EditText) against the original (android.widget.EditText)
D/nofatclips(  247): Testing for name () against the original ()
I/nofatclips(  247): Retrieved from return list id=2131165348
D/nofatclips(  247): Testing for type (android.widget.Spinner) against the original (android.widget.Spinner)
D/nofatclips(  247): Testing for name () against the original ()
I/nofatclips(  247): Firing event: type= selectSpinnerItem index=18 widget=android.widget.Spinner
I/nofatclips(  247): Clicking the spinner view
D/nofatclips(  247): Event description: 500
D/dalvikvm(  247): GC_CONCURRENT freed 1289K, 55% free 3598K/7879K, external 2917K/3625K, paused 21ms+21ms
I/nofatclips(  247): Swapping to listview item 11
W/KeyCharacterMap(  247): No keyboard for id 0
W/KeyCharacterMap(  247): Using default keymap: /system/usr/keychars/qwerty.kcm.bin
D/nofatclips(  247): Event description: 1000
I/nofatclips(  247): Waiting for 100 msec.
W/InputManagerService(   61): Window already focused, ignoring focus gain of: com.android.internal.view.IInputMethodClient$Stub$Proxy@4056fc90
I/nofatclips(  247): Current activity is Settings
I/nofatclips(  247): Retrieving widgets
D/nofatclips(  247): Found widget: id=16908290 (android.widget.FrameLayout@40557548)
D/nofatclips(  247): Found widget: id=2131165343 (android.widget.RelativeLayout@40586078)
D/nofatclips(  247): Found widget: id=-1 (android.widget.ScrollView@406f5a10)
D/nofatclips(  247): Found widget: id=2131165207 (android.widget.RelativeLayout@406f7d88)
D/nofatclips(  247): Found widget: id=2131165209 (android.widget.RelativeLayout@406f9cc0)
D/nofatclips(  247): Found widget: id=2131165210 (android.widget.TextView@406a6d30): Account Details
D/nofatclips(  247): Found widget: id=2131165214 (android.widget.TextView@40567598): Username:
D/nofatclips(  247): Found widget: id=2131165215 (android.widget.EditText@40584858): 27
D/nofatclips(  247): Found widget: id=2131165216 (android.widget.TextView@406e5628): Password:
D/nofatclips(  247): Found widget: id=2131165217 (android.widget.EditText@4054ad80): 29
D/nofatclips(  247): Found widget: id=2131165214 (android.widget.TextView@406b3ad0): Username:
D/nofatclips(  247): Found widget: id=2131165223 (android.widget.TextView@4063eb10): HTTP Username (optional):
D/nofatclips(  247): Found widget: id=2131165224 (android.widget.EditText@406432b8): 
D/nofatclips(  247): Found widget: id=2131165225 (android.widget.TextView@40570730): HTTP Password (optional):
D/nofatclips(  247): Found widget: id=2131165226 (android.widget.EditText@40570bc0): 
D/nofatclips(  247): Found widget: id=2131165288 (android.widget.RelativeLayout@4063f3a8)
D/nofatclips(  247): Found widget: id=2131165346 (android.widget.TextView@405f7e08): Media
D/nofatclips(  247): Found widget: id=2131165347 (android.widget.TextView@405506c8): Default image width
D/nofatclips(  247): Found widget: id=2131165348 (android.widget.Spinner@405ecb50)
D/nofatclips(  247): Found widget: id=16908308 (android.widget.TextView@4056ae10): 1000
D/nofatclips(  247): Found widget: id=2131165349 (android.widget.CheckBox@40662a88): Upload and link to full image
D/nofatclips(  247): Found widget: id=2131165266 (android.widget.RelativeLayout@4055b0f0)
D/nofatclips(  247): Found widget: id=2131165350 (android.widget.TextView@406a3050): Location
D/nofatclips(  247): Found widget: id=2131165351 (android.widget.CheckBox@406e03a8): Geotag Posts
D/nofatclips(  247): Found widget: id=2131165219 (android.widget.Button@405eb4d0): Save
D/nofatclips(  247): Found widget: id=2131165220 (android.widget.Button@406902d8): Cancel
D/nofatclips(  247): Found widget: id=2131165352 (org.wordpress.android.util.WPTitleBar@405abc58)
D/nofatclips(  247): Found widget: id=2131165195 (android.widget.RelativeLayout@4054d488)
D/nofatclips(  247): Found widget: id=2131165196 (android.widget.RelativeLayout@40608538)
D/nofatclips(  247): Found widget: id=2131165197 (android.widget.ImageView@40647700)
D/nofatclips(  247): Found widget: id=2131165198 (android.widget.TextView@40558aa8): Katie's Sweet Testing Blog
D/nofatclips(  247): Found widget: id=2131165199 (android.widget.ImageView@40557d50)
D/nofatclips(  247): Found widget: id=-1 (android.widget.RelativeLayout@40558168)
