W/PackageManager(   61): Unknown permission com.google.android.googleapps.permission.ACCESS_GOOGLE_PASSWORD in package com.android.development
W/PackageManager(   61): Unknown permission com.google.android.googleapps.permission.GOOGLE_AUTH in package com.android.development
W/PackageManager(   61): Unknown permission com.google.android.googleapps.permission.GOOGLE_AUTH.ALL_SERVICES in package com.android.development
W/PackageManager(   61): Unknown permission com.google.android.googleapps.permission.GOOGLE_AUTH.YouTubeUser in package com.android.development
W/PackageManager(   61): Unknown permission android.permission.READ_OWNER_DATA in package com.android.email
W/PackageManager(   61): Not granting permission android.permission.DEVICE_POWER to package com.android.deskclock (protectionLevel=2 flags=0x8be45)
D/dalvikvm(   61): GC_EXPLICIT freed 308K, 46% free 3570K/6599K, external 716K/1038K, paused 49ms
I/SystemServer(   61): Account Manager
I/SystemServer(   61): Content Manager
I/SystemServer(   61): System Content Providers
I/ActivityThread(   61): Pub settings: com.android.providers.settings.SettingsProvider
I/SystemServer(   61): Battery Service
I/SystemServer(   61): Lights Service
I/SystemServer(   61): Vibrator Service
D/qemud   (   38): fdhandler_accept_event: accepting on fd 9
D/qemud   (   38): created client 0x13ee8 listening on fd 11
D/qemud   (   38): client_fd_receive: attempting registration for service 'hw-control'
D/qemud   (   38): client_fd_receive:    -> received channel id 3
D/qemud   (   38): client_registration: registration succeeded for client 3
D/SettingsProvider(   61): cache for settings table 'secure' rows=27; fullycached=true
D/SettingsProvider(   61): cache for settings table 'system' rows=46; fullycached=true
I/SystemServer(   61): Alarm Manager
I/SystemServer(   61): Init Watchdog
I/SystemServer(   61): Window Manager
I/InputManager(   61): Initializing input manager
I/InputManager(   61): Starting input manager
I/SystemServer(   61): Registering null Bluetooth Service (emulator)
E/System  (   61): Failure starting core service
E/System  (   61): java.lang.SecurityException
E/System  (   61): 	at android.os.BinderProxy.transact(Native Method)
E/System  (   61): 	at android.os.ServiceManagerProxy.addService(ServiceManagerNative.java:146)
E/System  (   61): 	at android.os.ServiceManager.addService(ServiceManager.java:72)
E/System  (   61): 	at com.android.server.ServerThread.run(SystemServer.java:206)
I/SystemServer(   61): Device Policy
I/SystemServer(   61): Status Bar
I/SystemServer(   61): Clipboard Service
I/SystemServer(   61): Input Method Service
I/EventHub(   61): New keyboard: device->id=0x10000 devname='qwerty2' propName='hw.keyboards.65536.devname' keylayout='/system/usr/keylayout/qwerty.kl'
I/EventHub(   61): New device: path=/dev/input/event0 name=qwerty2 id=0x10000 (of 0x1) index=1 fd=85 classes=0x87
E/EventHub(   61): could not get driver version for /dev/input/mouse0, Not a typewriter
E/EventHub(   61): could not get driver version for /dev/input/mice, Not a typewriter
I/InputManager-Callbacks(   61): No input device calibration properties found for device qwerty2.
I/InputReader(   61): Device added: id=0x0, name=qwerty2, sources=00001103
I/InputManagerService(   61): Enabled input methods: jp.co.omronsoft.openwnn/.OpenWnnJAJP:com.android.inputmethod.latin/.LatinIME:com.android.inputmethod.pinyin/.PinyinIME:com.example.android.softkeyboard/.SoftKeyboard
I/SystemServer(   61): NetStat Service
I/SystemServer(   61): NetworkManagement Service
I/SystemServer(   61): Connectivity Service
I/WifiService(   61): WifiService starting up with Wi-Fi disabled
D/NetworkManagmentService(   61): Registering observer
I/SystemServer(   61): Throttle Service
I/SystemServer(   61): Accessibility Manager
I/SystemServer(   61): Mount Service
I/SystemServer(   61): Notification Manager
I/SystemServer(   61): Device Storage Monitor
I/SystemServer(   61): Location Manager
I/SystemServer(   61): Search Service
I/SystemServer(   61): DropBox Service
I/SystemServer(   61): Wallpaper Service
I/SystemServer(   61): Audio Service
D/VoldCmdListener(   29): volume list
I/PackageManager(   61): Updating external media status from unmounted to unmounted
D/VoldCmdListener(   29): share status ums
D/AudioHardwareInterface(   34): setMode(NORMAL)
W/AudioPolicyManagerBase(   34): setPhoneState() setting same state 0
E/SoundPool(   61): error loading /system/media/audio/ui/Effect_Tick.ogg
W/AudioService(   61): Soundpool could not load file: /system/media/audio/ui/Effect_Tick.ogg
E/SoundPool(   61): error loading /system/media/audio/ui/KeypressStandard.ogg
W/AudioService(   61): Soundpool could not load file: /system/media/audio/ui/KeypressStandard.ogg
E/SoundPool(   61): error loading /system/media/audio/ui/KeypressSpacebar.ogg
W/AudioService(   61): Soundpool could not load file: /system/media/audio/ui/KeypressSpacebar.ogg
E/SoundPool(   61): error loading /system/media/audio/ui/KeypressDelete.ogg
W/AudioService(   61): Soundpool could not load file: /system/media/audio/ui/KeypressDelete.ogg
E/SoundPool(   61): error loading /system/media/audio/ui/KeypressReturn.ogg
W/AudioService(   61): Soundpool could not load file: /system/media/audio/ui/KeypressReturn.ogg
I/SystemServer(   61): Headset Observer
W/HeadsetObserver(   61): This kernel does not have wired headset support
I/SystemServer(   61): Dock Observer
W/DockObserver(   61): This kernel does not have dock station support
I/SystemServer(   61): USB Observer
W/UsbObserver(   61): This kernel does not have USB configuration switch support
E/UsbObserver(   61): 
E/UsbObserver(   61): java.lang.NullPointerException
E/UsbObserver(   61): 	at com.android.server.UsbObserver.init(UsbObserver.java:131)
E/UsbObserver(   61): 	at com.android.server.UsbObserver.<init>(UsbObserver.java:65)
E/UsbObserver(   61): 	at com.android.server.ServerThread.run(SystemServer.java:402)
I/SystemServer(   61): UI Mode Manager Service
I/SystemServer(   61): Backup Service
V/BackupManagerService(   61): No ancestral data
D/dalvikvm(   61): GC_CONCURRENT freed 293K, 44% free 3834K/6727K, external 716K/1038K, paused 3ms+5ms
I/BackupManagerService(   61): Found stale backup journal, scheduling
I/BackupManagerService(   61):   com.android.inputmethod.latin
I/BackupManagerService(   61):   com.android.browser
I/BackupManagerService(   61):   com.android.providers.userdictionary
I/BackupManagerService(   61):   android
I/BackupManagerService(   61):   com.android.providers.settings
I/BackupManagerService(   61): Backup enabled => true
I/SystemServer(   61): AppWidget Service
I/SystemServer(   61): Recognition Service
I/SystemServer(   61): DiskStats Service
I/WindowManager(   61): SAFE MODE not enabled
D/dalvikvm(   61): JIT started for system_server
D/PowerManagerService(   61): system ready!
I/ActivityManager(   61): System now ready
I/SystemServer(   61): Making services ready
I/StatusBarManagerService(   61): Starting service: ComponentInfo{com.android.systemui/com.android.systemui.statusbar.StatusBarService}
I/Zygote  (   61): Process: zygote socket opened
I/ActivityManager(   61): Start proc com.android.systemui for service com.android.systemui/.statusbar.StatusBarService: pid=107 uid=1000 gids={3002, 3001, 3003}
I/ActivityManager(   61): Config changed: { scale=1.0 imsi=0/0 loc=en_US touch=0 keys=0/0/0 nav=0/0 orien=0 layout=0 uiMode=17 seq=2}
I/ActivityManager(   61): Config changed: { scale=1.0 imsi=0/0 loc=en_US touch=3 keys=2/1/2 nav=1/1 orien=1 layout=18 uiMode=17 seq=3}
W/RecognitionManagerService(   61): no available voice recognition services found
I/ActivityManager(   61): Start proc jp.co.omronsoft.openwnn for service jp.co.omronsoft.openwnn/.OpenWnnJAJP: pid=115 uid=10004 gids={}
W/GpsLocationProvider(   61): Could not open GPS configuration file /etc/gps.conf
W/ActivityManager(   61): Unable to start service Intent { act=@0 }: not found
W/ActivityManager(   61): Unable to start service Intent { act=@0 }: not found
I/ActivityManager(   61): Start proc com.android.settings for broadcast com.android.settings/.widget.SettingsAppWidgetProvider: pid=123 uid=1000 gids={3002, 3001, 3003}
D/NetworkManagmentService(   61): Registering observer
E/ThrottleService(   61): Could not open GPS configuration file /etc/gps.conf
I/ActivityManager(   61): Start proc com.android.phone for added application com.android.phone: pid=125 uid=1001 gids={3002, 3001, 3003, 1015}
I/ActivityManager(   61): Start proc com.android.systemui for added application com.android.systemui: pid=126 uid=1000 gids={3002, 3001, 3003}
I/ActivityManager(   61): Starting: Intent { act=android.intent.action.MAIN cat=[android.intent.category.HOME] flg=0x10000000 cmp=com.android.launcher/com.android.launcher2.Launcher } from pid 0
I/ActivityManager(   61): Start proc com.android.launcher for activity com.android.launcher/com.android.launcher2.Launcher: pid=135 uid=10013 gids={}
W/ActivityManager(   61): No pending application record for pid 107 (IApplicationThread android.app.ApplicationThreadProxy@405f6a18); dropping process
I/Process (   61): Sending signal. PID: 107 SIG: 9
I/SystemServer(   61): Enabled StrictMode for system server main thread.
D/qemud   (   38): fdhandler_accept_event: accepting on fd 9
D/qemud   (   38): created client 0x13f38 listening on fd 12
D/qemud   (   38): client_fd_receive: attempting registration for service 'gps'
D/qemud   (   38): client_fd_receive:    -> received channel id 4
D/dalvikvm(   61): GC_EXTERNAL_ALLOC freed 146K, 42% free 3920K/6727K, external 1035K/1038K, paused 51ms
D/qemud   (   38): client_registration: registration succeeded for client 4
E/logwrapper(  164): executing /system/bin/tc failed: No such file or directory
I/logwrapper(   30): /system/bin/tc terminated by exit(1)
E/logwrapper(  165): executing /system/bin/tc failed: No such file or directory
I/logwrapper(   30): /system/bin/tc terminated by exit(1)
E/logwrapper(  167): executing /system/bin/tc failed: No such file or directory
I/logwrapper(   30): /system/bin/tc terminated by exit(1)
D/dalvikvm(  126): GC_CONCURRENT freed 407K, 54% free 2637K/5639K, external 716K/1038K, paused 2ms+50ms
D/dalvikvm(  125): GC_CONCURRENT freed 404K, 54% free 2640K/5639K, external 716K/1038K, paused 2ms+45ms
D/dalvikvm(  115): GC_CONCURRENT freed 395K, 54% free 2650K/5639K, external 716K/1038K, paused 2ms+52ms
D/dalvikvm(  123): GC_CONCURRENT freed 397K, 54% free 2648K/5639K, external 716K/1038K, paused 3ms+107ms
D/dalvikvm(  135): GC_CONCURRENT freed 406K, 54% free 2638K/5639K, external 716K/1038K, paused 4ms+59ms
I/ActivityThread(  135): Pub com.android.launcher2.settings: com.android.launcher2.LauncherProvider
I/ActivityThread(  125): Pub mms: com.android.providers.telephony.MmsProvider
D/dalvikvm(  115): No JNI_OnLoad found in /system/lib/libwnndict.so 0x40512cf0, skipping init
D/dalvikvm(   61): GC_EXTERNAL_ALLOC freed 206K, 42% free 3949K/6791K, external 1558K/1567K, paused 200ms
D/dalvikvm(   61): GREF has increased to 201
I/ActivityThread(  125): Pub sms: com.android.providers.telephony.SmsProvider
I/ActivityThread(  125): Pub telephony: com.android.providers.telephony.TelephonyProvider
I/ActivityThread(  125): Pub icc: com.android.phone.IccProvider
I/ActivityThread(  125): Pub mms-sms: com.android.providers.telephony.MmsSmsProvider
D/dalvikvm(  115): GC_CONCURRENT freed 212K, 50% free 2912K/5767K, external 716K/1038K, paused 3ms+33ms
I/StatusBarManagerService(   61): registerStatusBar bar=com.android.internal.statusbar.IStatusBar$Stub$Proxy@4063cd00
D/VoldCmdListener(   29): share status ums
D/StorageNotification(  126): Startup with UMS connection false (media state unmounted)
I/StorageNotification(  126): UMS connection changed to false (media state unmounted)
D/dalvikvm(  115): GC_CONCURRENT freed 434K, 50% free 3047K/6087K, external 716K/1038K, paused 3ms+45ms
D/CallManager(  125): registerPhone(GSM Handler{4055ef88})
I/ActivityManager(   61): Start proc android.process.acore for content provider com.android.providers.contacts/.CallLogProvider: pid=183 uid=10006 gids={3003, 1015}
W/ActivityManager(   61): Unable to start service Intent { act=com.android.ussd.IExtendedNetworkService }: not found
D/AlarmManagerService(   61): Kernel timezone updated to 0 minutes west of GMT
D/SystemClock(  125): Setting time of day to sec=1406745468
I/ActivityManager(   61): Start proc com.android.deskclock for broadcast com.android.deskclock/.AlarmInitReceiver: pid=192 uid=10019 gids={}
W/SystemClock(  125): Unable to set rtc to 1406745468: Invalid argument
D/dalvikvm(   61): GC_CONCURRENT freed 210K, 42% free 4060K/6919K, external 1478K/1745K, paused 5ms+42ms
D/dalvikvm(   61): GC_EXTERNAL_ALLOC freed 14K, 42% free 4046K/6919K, external 1265K/1745K, paused 146ms
I/TelephonyRegistry(   61): notifyDataConnection: state=0 isDataConnectivityPossible=false reason=radioTurnedOff interfaceName=null networkType=0
D/dalvikvm(  135): GC_EXTERNAL_ALLOC freed 51K, 53% free 2701K/5639K, external 1032K/1038K, paused 338ms
I/TelephonyRegistry(   61): notifyDataConnection: state=0 isDataConnectivityPossible=false reason=gprsDetached interfaceName=null networkType=0
I/ActivityThread(  183): Pub com.android.social: com.android.providers.contacts.SocialProvider
I/TelephonyRegistry(   61): notifyServiceState: 0 home Android Android 310260  UMTS CSS not supported 0 0RoamInd: 0DefRoamInd: 0EmergOnly: false
I/TelephonyRegistry(   61): notifyDataConnection: state=0 isDataConnectivityPossible=false reason=null interfaceName=null networkType=3
I/ActivityThread(  183): Pub applications: com.android.providers.applications.ApplicationsProvider
D/dalvikvm(  125): GC_CONCURRENT freed 172K, 49% free 2925K/5703K, external 716K/1038K, paused 2ms+24ms
D/MccTable(  125): updateMccMncConfiguration: mcc=310, mnc=260
D/MccTable(  125): locale set to en_us
D/MccTable(  125): WIFI_NUM_ALLOWED_CHANNELS set to 11
I/WifiService(   61): WifiService trying to setNumAllowed to 11 with persist set to true
I/ActivityManager(   61): Config changed: { scale=1.0 imsi=310/260 loc=en_US touch=3 keys=2/1/2 nav=1/1 orien=1 layout=18 uiMode=17 seq=4}
I/TelephonyRegistry(   61): notifyMessageWaitingChanged: false
I/TelephonyRegistry(   61): notifyCallForwardingChanged: false
I/ActivityThread(  192): Pub com.android.deskclock: com.android.deskclock.AlarmProvider
D/dalvikvm(  183): GC_CONCURRENT freed 406K, 54% free 2613K/5639K, external 716K/1038K, paused 3ms+136ms
D/dalvikvm(  192): GC_CONCURRENT freed 373K, 54% free 2615K/5639K, external 716K/1038K, paused 3ms+47ms
I/ActivityThread(  183): Pub contacts;com.android.contacts: com.android.providers.contacts.ContactsProvider2
D/TelephonyProvider(  125): Setting numeric '310260' to be the current operator
I/TelephonyRegistry(   61): notifyDataConnection: state=1 isDataConnectivityPossible=true reason=simLoaded interfaceName=null networkType=3
I/ActivityManager(   61): Start proc com.android.protips for broadcast com.android.protips/.ProtipWidget: pid=214 uid=10024 gids={}
I/TelephonyRegistry(   61): notifyDataConnection: state=2 isDataConnectivityPossible=true reason=simLoaded interfaceName=/dev/omap_csmi_tty1 networkType=3
D/Tethering(   61): MasterInitialState.processMessage what=3
D/SntpClient(   61): request time failed: java.net.SocketException: Address family not supported by protocol
D/dalvikvm(   33): GC_EXPLICIT freed 10K, 53% free 2538K/5379K, external 716K/1038K, paused 224ms
D/dalvikvm(  135): GC_EXTERNAL_ALLOC freed 54K, 52% free 2758K/5639K, external 1567K/1572K, paused 346ms
D/AndroidRuntime(  198): 
D/AndroidRuntime(  198): >>>>>> AndroidRuntime START com.android.internal.os.RuntimeInit <<<<<<
D/AndroidRuntime(  198): CheckJNI is ON
D/dalvikvm(   33): GC_EXPLICIT freed <1K, 53% free 2538K/5379K, external 716K/1038K, paused 172ms
D/dalvikvm(   33): GC_EXPLICIT freed <1K, 53% free 2538K/5379K, external 716K/1038K, paused 163ms
I/ActivityManager(   61): Start proc com.android.music for broadcast com.android.music/.MediaAppWidgetProvider: pid=226 uid=10005 gids={3003, 1015}
I/ActivityThread(  183): Pub call_log: com.android.providers.contacts.CallLogProvider
I/ActivityThread(  183): Pub user_dictionary: com.android.providers.userdictionary.UserDictionaryProvider
D/dalvikvm(  135): GC_EXTERNAL_ALLOC freed 48K, 51% free 2792K/5639K, external 2079K/2085K, paused 222ms
D/dalvikvm(   61): GC_CONCURRENT freed 637K, 45% free 4095K/7367K, external 1865K/3065K, paused 4ms+44ms
I/ActivityManager(   61): Start proc com.android.quicksearchbox for broadcast com.android.quicksearchbox/.SearchWidgetProvider: pid=237 uid=10002 gids={3003}
D/dalvikvm(  135): GC_EXPLICIT freed 26K, 51% free 2806K/5639K, external 2387K/2620K, paused 117ms
D/AndroidRuntime(  198): Calling main entry com.android.commands.am.Am
I/ActivityManager(   61): Force stopping package org.wordpress.android uid=10034
I/ActivityManager(   61): Start proc org.wordpress.android for added application org.wordpress.android: pid=247 uid=10034 gids={3003, 1006, 1015}
I/ActivityThread(  237): Pub com.android.quicksearchbox.google: com.android.quicksearchbox.google.GoogleSuggestionProvider
I/ActivityThread(  237): Pub com.android.quicksearchbox.shortcuts: com.android.quicksearchbox.ShortcutsProvider
D/szipinf (  247): Initializing inflate state
D/dalvikvm(   61): GREF has increased to 301
I/ActivityManager(   61): Start proc android.process.media for broadcast com.android.providers.downloads/.DownloadReceiver: pid=255 uid=10000 gids={1015, 1006, 2001, 3003}
I/ActivityThread(  255): Pub media: com.android.providers.media.MediaProvider
D/nofatclips(  247): Updating node 
D/nofatclips(  247): Loading node 
I/nofatclips(  247): Preferences file found.
V/MediaProvider(  255): Attached volume: internal
I/ActivityThread(  255): Pub downloads: com.android.providers.downloads.DownloadProvider
I/ActivityThread(  255): Pub drm: com.android.providers.drm.DrmProvider
V/nofatclips(  247): Updating value ACTIVITY_DESCRIPTION_IN_SESSION
V/nofatclips(  247): Updating value ADDITIONAL_CRITERIAS
V/nofatclips(  247): Updating value ADDITIONAL_EVENTS
V/nofatclips(  247): Updating value ADDITIONAL_INPUTS
V/nofatclips(  247): Updating value CLASS_NAME
D/nofatclips(  247): Updated value of parameter CLASS_NAME to org.wordpress.android.Dashboard (default = app.package.class)
V/nofatclips(  247): Updating value ENABLE_RESUME
V/nofatclips(  247): Updating value PACKAGE_NAME
D/nofatclips(  247): Updated value of parameter PACKAGE_NAME to org.wordpress.android (default = app.package)
V/nofatclips(  247): Updating value RANDOM_SEED
D/nofatclips(  247): Updated value of parameter RANDOM_SEED to -1340457844305530965 (default = 5466516511651561651)
V/nofatclips(  247): Updating value RETRY_FAILED_TRACES
V/nofatclips(  247): Updating value theClass
D/nofatclips(  247): Updating node scheduler
D/nofatclips(  247): Loading node scheduler
V/nofatclips(  247): Updating value ALL_EVENTS_ON_PREFERENCES
V/nofatclips(  247): Updating value BACK_BUTTON_EVENT
V/nofatclips(  247): Updating value DICTIONARY_FIXED_VALUE
V/nofatclips(  247): Updating value DICTIONARY_IGNORE_CONTENT_TYPES
V/nofatclips(  247): Updating value EMULATOR_PORT
V/nofatclips(  247): Updating value EVENTS
D/nofatclips(  247): Updated values of array parameter EVENTS
V/nofatclips(  247): Updating value EVENT_WHEN_NO_ID
V/nofatclips(  247): Updating value EXCLUDE_WIDGETS_INPUTS_IN_GPS_EVENTS
V/nofatclips(  247): Updating value EXCLUDE_WIDGETS_INPUTS_IN_SENSORS_EVENTS
V/nofatclips(  247): Updating value INPUTS
D/nofatclips(  247): Updated values of array parameter INPUTS
V/nofatclips(  247): Updating value KEY_EVENTS
V/nofatclips(  247): Updating value MAX_EVENTS_PER_WIDGET
V/nofatclips(  247): Updating value MAX_TASKS_IN_SCHEDULER
D/nofatclips(  247): Updated value of parameter MAX_TASKS_IN_SCHEDULER to 2 (default = 0)
V/nofatclips(  247): Updating value MAX_TASKS_PER_EVENT
V/nofatclips(  247): Updating value MENU_EVENTS
V/nofatclips(  247): Updating value ORIENTATION_EVENTS
V/nofatclips(  247): Updating value PLANNER
V/nofatclips(  247): Updating value REFLECT_ACTIVITY_LISTENERS
V/nofatclips(  247): Updating value REFLECT_WIDGETS
V/nofatclips(  247): Updating value SCHEDULER_ALGORITHM
D/nofatclips(  247): Updated value of parameter SCHEDULER_ALGORITHM to DEPTH_FIRST (default = BREADTH_FIRST)
V/nofatclips(  247): Updating value SCROLL_DOWN_EVENT
V/nofatclips(  247): Updating value SENSOR_TYPES
V/nofatclips(  247): Updating value SIMULATE_INCOMING_CALL
V/nofatclips(  247): Updating value SIMULATE_INCOMING_SMS
V/nofatclips(  247): Updating value TAB_EVENTS_START_ONLY
V/nofatclips(  247): Updating value TEST_LOCATION_PROVIDER
V/nofatclips(  247): Updating value TEXT_VALUES_FROM_DICTIONARY
V/nofatclips(  247): Updating value TEXT_VALUES_ID_HASH
V/nofatclips(  247): Updating value USE_GPS
V/nofatclips(  247): Updating value USE_SENSORS
D/nofatclips(  247): Updating node planner
D/nofatclips(  247): Loading node planner
V/nofatclips(  247): Updating value ALL_EVENTS_ON_PREFERENCES
V/nofatclips(  247): Updating value BACK_BUTTON_EVENT
V/nofatclips(  247): Updating value DICTIONARY_FIXED_VALUE
V/nofatclips(  247): Updating value DICTIONARY_IGNORE_CONTENT_TYPES
V/nofatclips(  247): Updating value EMULATOR_PORT
V/nofatclips(  247): Updating value EVENTS
D/nofatclips(  247): Updated values of array parameter EVENTS
V/nofatclips(  247): Updating value EVENT_WHEN_NO_ID
V/nofatclips(  247): Updating value EXCLUDE_WIDGETS_INPUTS_IN_GPS_EVENTS
V/nofatclips(  247): Updating value EXCLUDE_WIDGETS_INPUTS_IN_SENSORS_EVENTS
V/nofatclips(  247): Updating value INPUTS
D/nofatclips(  247): Updated values of array parameter INPUTS
V/nofatclips(  247): Updating value KEY_EVENTS
V/nofatclips(  247): Updating value MAX_EVENTS_PER_WIDGET
V/nofatclips(  247): Updating value MAX_TASKS_IN_SCHEDULER
V/nofatclips(  247): Updating value MAX_TASKS_PER_EVENT
V/nofatclips(  247): Updating value MENU_EVENTS
V/nofatclips(  247): Updating value ORIENTATION_EVENTS
V/nofatclips(  247): Updating value PLANNER
V/nofatclips(  247): Updating value REFLECT_ACTIVITY_LISTENERS
V/nofatclips(  247): Updating value REFLECT_WIDGETS
V/nofatclips(  247): Updating value SCHEDULER_ALGORITHM
V/nofatclips(  247): Updating value SCROLL_DOWN_EVENT
V/nofatclips(  247): Updating value SENSOR_TYPES
V/nofatclips(  247): Updating value SIMULATE_INCOMING_CALL
V/nofatclips(  247): Updating value SIMULATE_INCOMING_SMS
V/nofatclips(  247): Updating value TAB_EVENTS_START_ONLY
V/nofatclips(  247): Updating value TEST_LOCATION_PROVIDER
V/nofatclips(  247): Updating value TEXT_VALUES_FROM_DICTIONARY
V/nofatclips(  247): Updating value TEXT_VALUES_ID_HASH
D/nofatclips(  247): Updated value of parameter TEXT_VALUES_ID_HASH to true (default = false)
V/nofatclips(  247): Updating value USE_GPS
V/nofatclips(  247): Updating value USE_SENSORS
D/nofatclips(  247): Updating node interactions
D/nofatclips(  247): Loading node interactions
V/nofatclips(  247): Updating value ALL_EVENTS_ON_PREFERENCES
V/nofatclips(  247): Updating value BACK_BUTTON_EVENT
V/nofatclips(  247): Updating value DICTIONARY_FIXED_VALUE
V/nofatclips(  247): Updating value DICTIONARY_IGNORE_CONTENT_TYPES
V/nofatclips(  247): Updating value EMULATOR_PORT
V/nofatclips(  247): Updating value EVENTS
D/nofatclips(  247): Updated values of array parameter EVENTS
V/nofatclips(  247): Updating value EVENT_WHEN_NO_ID
V/nofatclips(  247): Updating value EXCLUDE_WIDGETS_INPUTS_IN_GPS_EVENTS
V/nofatclips(  247): Updating value EXCLUDE_WIDGETS_INPUTS_IN_SENSORS_EVENTS
V/nofatclips(  247): Updating value INPUTS
D/nofatclips(  247): Updated values of array parameter INPUTS
V/nofatclips(  247): Updating value KEY_EVENTS
V/nofatclips(  247): Updating value MAX_EVENTS_PER_WIDGET
V/nofatclips(  247): Updating value MAX_TASKS_IN_SCHEDULER
V/nofatclips(  247): Updating value MAX_TASKS_PER_EVENT
V/nofatclips(  247): Updating value MENU_EVENTS
V/nofatclips(  247): Updating value ORIENTATION_EVENTS
V/nofatclips(  247): Updating value PLANNER
V/nofatclips(  247): Updating value REFLECT_ACTIVITY_LISTENERS
V/nofatclips(  247): Updating value REFLECT_WIDGETS
V/nofatclips(  247): Updating value SCHEDULER_ALGORITHM
V/nofatclips(  247): Updating value SCROLL_DOWN_EVENT
V/nofatclips(  247): Updating value SENSOR_TYPES
V/nofatclips(  247): Updating value SIMULATE_INCOMING_CALL
V/nofatclips(  247): Updating value SIMULATE_INCOMING_SMS
V/nofatclips(  247): Updating value TAB_EVENTS_START_ONLY
V/nofatclips(  247): Updating value TEST_LOCATION_PROVIDER
V/nofatclips(  247): Updating value TEXT_VALUES_FROM_DICTIONARY
V/nofatclips(  247): Updating value TEXT_VALUES_ID_HASH
V/nofatclips(  247): Updating value USE_GPS
V/nofatclips(  247): Updating value USE_SENSORS
D/nofatclips(  247): Updating node comparator
D/nofatclips(  247): Loading node comparator
V/nofatclips(  247): Updating value COMPARATOR
V/nofatclips(  247): Updating value COMPARATOR_TYPE
V/nofatclips(  247): Updating value COMPARE_ACTIVITY_NAME
V/nofatclips(  247): Updating value COMPARE_LIST_COUNT
V/nofatclips(  247): Updating value COMPARE_MENU_COUNT
D/nofatclips(  247): Updated value of parameter COMPARE_MENU_COUNT to false (default = true)
V/nofatclips(  247): Updating value COMPARE_STATE_TITLE
V/nofatclips(  247): Updating value COMPARE_VALUES
V/nofatclips(  247): Updating value WIDGET_TYPES
D/nofatclips(  247): Updating node strategy
D/nofatclips(  247): Loading node strategy
V/nofatclips(  247): Updating value AFTER_EVENT_DONT_EXPLORE
V/nofatclips(  247): Updating value AFTER_WIDGET_DONT_EXPLORE
V/nofatclips(  247): Updating value CHECK_FOR_TRANSITION
V/nofatclips(  247): Updating value EXPLORE_ONLY_NEW_STATES
D/nofatclips(  247): Updated value of parameter EXPLORE_ONLY_NEW_STATES to false (default = true)
V/nofatclips(  247): Updating value MAX_NUM_TRACES
D/nofatclips(  247): Updated value of parameter MAX_NUM_TRACES to 100 (default = 0)
V/nofatclips(  247): Updating value MAX_TIME_CRAWLING
V/nofatclips(  247): Updating value PAUSE_AFTER_TIME
V/nofatclips(  247): Updating value PAUSE_AFTER_TRACES
V/nofatclips(  247): Updating value TRACE_MAX_DEPTH
V/nofatclips(  247): Updating value TRACE_MIN_DEPTH
D/nofatclips(  247): Starting random testing
I/TestRunner(  247): started: testAndCrawl(com.nofatclips.crawler.guitree.NomadEngine)
I/ActivityManager(   61): Starting: Intent { act=android.intent.action.MAIN flg=0x10000000 cmp=org.wordpress.android/.Dashboard } from pid 247
D/szipinf (   61): Initializing inflate state
D/dalvikvm(  247): GC_EXTERNAL_ALLOC freed 400K, 53% free 2737K/5767K, external 716K/1038K, paused 46ms
D/dalvikvm(  247): GC_EXTERNAL_ALLOC freed 115K, 49% free 2945K/5767K, external 1407K/1623K, paused 48ms
I/ActivityManager(   61): Displayed org.wordpress.android/.Dashboard: +645ms (total +8s743ms)
I/ActivityManager(   61): Displayed com.android.launcher/com.android.launcher2.Launcher: +8s744ms
I/Launcher(  135): setLoadOnResume
I/SurfaceFlinger(   61): Boot is finished (12531 ms)
D/PowerManagerService(   61): bootCompleted
D/OtaStartupReceiver(  125): Not a CDMA phone, no need to process OTA
I/ARMAssembler(   61): generated scanline__00000177:03010104_00000002_00000000 [ 44 ipp] (66 ins) at [0x46efd290:0x46efd398] in 667140 ns
I/ARMAssembler(   61): generated scanline__00000177:03515104_00000001_00000000 [ 73 ipp] (95 ins) at [0x46efd3a0:0x46efd51c] in 517460 ns
D/nofatclips(  247): Generated Resuming Persistence
D/VoldCmdListener(   29): volume mount /mnt/sdcard
I/Vold    (   29): /dev/block/vold/179:0 being considered for volume sdcard
D/Vold    (   29): Volume sdcard state changing 1 (Idle-Unmounted) -> 3 (Checking)
I/StorageNotification(  126): Media {/mnt/sdcard} state changed from {unmounted} -> {checking}
I/dalvikvm(  247): Could not find method android.app.Activity.getFragmentManager, referenced from method com.jayway.android.robotium.solo.Waiter.getFragment
W/dalvikvm(  247): VFY: unable to resolve virtual method 7: Landroid/app/Activity;.getFragmentManager ()Landroid/app/FragmentManager;
D/dalvikvm(  247): VFY: replacing opcode 0x6e at 0x0008
I/dalvikvm(  247): Could not find method android.app.Activity.getFragmentManager, referenced from method com.jayway.android.robotium.solo.Waiter.getFragment
W/dalvikvm(  247): VFY: unable to resolve virtual method 7: Landroid/app/Activity;.getFragmentManager ()Landroid/app/FragmentManager;
D/dalvikvm(  247): VFY: replacing opcode 0x6e at 0x0017
W/dalvikvm(  247): VFY: unable to find class referenced in signature (Landroid/app/Fragment;)
D/dalvikvm(  247): VFY: dead code 0x000b-000f in Lcom/jayway/android/robotium/solo/Waiter;.getFragment (Ljava/lang/String;I)Landroid/app/Fragment;
D/dalvikvm(  247): VFY: dead code 0x001a-001f in Lcom/jayway/android/robotium/solo/Waiter;.getFragment (Ljava/lang/String;I)Landroid/app/Fragment;
W/dalvikvm(  247): VFY: unable to find class referenced in signature (Landroid/app/Fragment;)
D/dalvikvm(   61): GC_EXPLICIT freed 286K, 44% free 4141K/7367K, external 1865K/3065K, paused 63ms
I/RecoverySystem(   61): No recovery log file
I/ActivityManager(   61): Start proc com.android.mms for broadcast com.android.mms/.transaction.MmsSystemEventReceiver: pid=277 uid=10015 gids={3003, 1015}
I/ActivityThread(  277): Pub com.android.mms.SuggestionsProvider: com.android.mms.SuggestionsProvider
D/nofatclips(  247): Updating node automation
D/nofatclips(  247): Loading node automation
V/nofatclips(  247): Updating value FORCE_RESTART
V/nofatclips(  247): Updating value IN_AND_OUT_FOCUS
V/nofatclips(  247): Updating value PRECRAWLING
V/nofatclips(  247): Updating value SCREENSHOT_FOR_EVENTS
V/nofatclips(  247): Updating value SCREENSHOT_FOR_STATES
V/nofatclips(  247): Updating value SCREENSHOT_ONLY_NEW_STATES
V/nofatclips(  247): Updating value SLEEP_AFTER_EVENT
D/nofatclips(  247): Updated value of parameter SLEEP_AFTER_EVENT to 100 (default = 1000)
V/nofatclips(  247): Updating value SLEEP_AFTER_RESTART
D/nofatclips(  247): Updated value of parameter SLEEP_AFTER_RESTART to 100 (default = 1000)
V/nofatclips(  247): Updating value SLEEP_AFTER_TASK
D/nofatclips(  247): Updated value of parameter SLEEP_AFTER_TASK to 100 (default = 1000)
V/nofatclips(  247): Updating value SLEEP_ON_THROBBER
D/nofatclips(  247): Updated value of parameter SLEEP_ON_THROBBER to 100 (default = 1000)
D/nofatclips(  247): Updating node screenshot
D/nofatclips(  247): Loading node screenshot
V/nofatclips(  247): Updating value FORCE_RESTART
V/nofatclips(  247): Updating value IN_AND_OUT_FOCUS
V/nofatclips(  247): Updating value PRECRAWLING
V/nofatclips(  247): Updating value SCREENSHOT_FOR_EVENTS
V/nofatclips(  247): Updating value SCREENSHOT_FOR_STATES
V/nofatclips(  247): Updating value SCREENSHOT_ONLY_NEW_STATES
V/nofatclips(  247): Updating value SLEEP_AFTER_EVENT
V/nofatclips(  247): Updating value SLEEP_AFTER_RESTART
V/nofatclips(  247): Updating value SLEEP_AFTER_TASK
V/nofatclips(  247): Updating value SLEEP_ON_THROBBER
I/nofatclips(  247): Waiting for 100 msec.
W/ActivityManager(   61): Activity idle timeout for HistoryRecord{40688b98 com.android.launcher/com.android.launcher2.Launcher}
D/nofatclips(  247): Ready to operate after restarting...
I/nofatclips(  247): Current activity is Dashboard
W/nofatclips(  247): --->Dashboard
I/nofatclips(  247): Retrieving widgets
I/nofatclips(  247): Attempting to resume previous session
I/nofatclips(  247): Memoryless engine: the task file will not be loaded. Looking for crashed traces.
I/nofatclips(  247): Reading task file
I/InputReader(   61): Device reconfigured: id=0x0, name=qwerty2, display size is now 320x480
I/InputManager-Callbacks(   61): No virtual keys found for device qwerty2.
D/dalvikvm(  247): GC_CONCURRENT freed 117K, 48% free 3088K/5831K, external 1812K/2324K, paused 2ms+34ms
I/ActivityManager(   61): Start proc com.android.email for broadcast com.android.email/.service.EmailBroadcastReceiver: pid=297 uid=10028 gids={3003, 1015}
I/ARMAssembler(   61): generated scanline__00000077:03515104_00001004_00000000 [ 65 ipp] (85 ins) at [0x46efd520:0x46efd674] in 917317 ns
I/ARMAssembler(   61): generated scanline__00000177:03515104_00001001_00000000 [ 91 ipp] (114 ins) at [0x46efd678:0x46efd840] in 336563 ns
I/ARMAssembler(   61): generated scanline__00000177:03515104_00001002_00000000 [ 87 ipp] (110 ins) at [0x46efd848:0x46efda00] in 291660 ns
V/nofatclips(  247): Discarding trace #219
I/nofatclips(  247): Stateless comparator: the state file will not be loaded.
D/dalvikvm(  247): GetFieldID: unable to find field Ljava/util/Hashtable;.loadFactor:F
D/dalvikvm(  247): GetFieldID: unable to find field Ljava/util/Hashtable;.loadFactor:F
D/dalvikvm(  247): GetFieldID: unable to find field Ljava/util/Hashtable;.loadFactor:F
D/dalvikvm(  247): GetFieldID: unable to find field Ljava/util/Hashtable;.loadFactor:F
D/dalvikvm(  247): GetFieldID: unable to find field Ljava/util/Hashtable;.loadFactor:F
D/dalvikvm(  247): GetFieldID: unable to find field Ljava/util/Hashtable;.loadFactor:F
D/nofatclips(  247): Backup session footer restored to 
D/nofatclips(  247): </SESSION>
D/nofatclips(  247): Restored random counter to: 224
D/nofatclips(  247): Restored trace count to 221
D/nofatclips(  247): Current step countdown restored to 78
D/nofatclips(  247): Restored abstractor counters to: event = 224 - input = 336 - activity = 23
I/nofatclips(  247): Saving the session on disk.
I/nofatclips(  247): Planning for new Activity Dashboard
I/nofatclips(  247): Created trace to press the menu button
I/nofatclips(  247): Created trace to change orientation
I/nofatclips(  247): Dispatching new task. 2 more tasks remaining.
D/nofatclips(  247): Performing backup of the old task list on disk
D/nofatclips(  247): Saving task list on disk
V/nofatclips(  247): Backing up trace #221 to disk.
V/nofatclips(  247): Backing up trace #222 to disk.
D/nofatclips(  247): Deleting backup of the old task list from disk
I/nofatclips(  247): Restarting
I/ActivityThread(  297): Pub com.android.email.provider: com.android.email.provider.EmailProvider
I/ActivityThread(  297): Pub com.android.email.attachmentprovider: com.android.email.provider.AttachmentProvider
I/ActivityThread(  297): Pub com.android.exchange.provider: com.android.exchange.provider.ExchangeProvider
D/dalvikvm(  247): GC_CONCURRENT freed 733K, 52% free 3160K/6535K, external 1812K/2324K, paused 3ms+15ms
D/EAS SyncManager(  297): !!! EAS SyncManager, onCreate
I/SearchManagerService(   61): Building list of searchable activities
I//system/bin/fsck_msdos(   29): ** /dev/block/vold/179:0
I//system/bin/fsck_msdos(   29): ** Phase 1 - Read and Compare FATs
I//system/bin/fsck_msdos(   29): Attempting to allocate 397 KB for FAT
D/Eas Debug(  297): Logging: 
D/MediaScannerService(  255): start scanning volume internal
D/dalvikvm(  297): GC_CONCURRENT freed 532K, 54% free 2703K/5831K, external 716K/1038K, paused 3ms+7ms
D/EAS SyncManager(  297): !!! EAS SyncManager, onDestroy
I/nofatclips(  247): Waiting for 100 msec.
D/dalvikvm(  277): GC_CONCURRENT freed 495K, 54% free 2726K/5831K, external 716K/1038K, paused 4ms+2ms
D/nofatclips(  247): Ready to operate after restarting...
I/nofatclips(  247): Retrieving widgets
D/nofatclips(  247): Found widget: id=16908290 (android.widget.FrameLayout@405a0990)
D/nofatclips(  247): Found widget: id=2131165248 (android.widget.RelativeLayout@405a1690)
D/nofatclips(  247): Found widget: id=2131165249 (android.widget.LinearLayout@405a1cf8)
D/nofatclips(  247): Found widget: id=-1 (android.widget.ImageView@405a2240)
D/nofatclips(  247): Found widget: id=2131165250 (org.wordpress.android.util.WPTitleBar@4059bc18)
D/nofatclips(  247): Found widget: id=2131165195 (android.widget.RelativeLayout@4050e260)
D/nofatclips(  247): Found widget: id=2131165196 (android.widget.RelativeLayout@40568510)
D/nofatclips(  247): Found widget: id=2131165197 (android.widget.ImageView@4059ceb0)
D/nofatclips(  247): Found widget: id=2131165198 (android.widget.TextView@40541880): Katie's Sweet Testing Blog
D/nofatclips(  247): Found widget: id=2131165199 (android.widget.ImageView@4055d110)
D/nofatclips(  247): Found widget: id=-1 (android.widget.RelativeLayout@40579478)
D/nofatclips(  247): Found widget: id=2131165200 (android.widget.ImageButton@4059d3d8)
D/nofatclips(  247): Found widget: id=-1 (android.widget.FrameLayout@4057a960)
D/nofatclips(  247): Found widget: id=2131165201 (android.widget.Button@40542248): 
D/nofatclips(  247): Found widget: id=2131165202 (android.widget.ImageView@40593810)
D/nofatclips(  247): Found widget: id=2131165203 (android.widget.ImageView@4053ca40)
D/nofatclips(  247): Found widget: id=2131165204 (android.widget.LinearLayout@40569118)
D/nofatclips(  247): Found widget: id=-1 (android.widget.FrameLayout@4059cc48)
D/nofatclips(  247): Found widget: id=-1 (android.widget.LinearLayout@4052fbe8)
D/nofatclips(  247): Found widget: id=-1 (android.widget.LinearLayout@4050e070)
D/nofatclips(  247): Found widget: id=-1 (android.widget.LinearLayout@4052f208)
D/nofatclips(  247): Found widget: id=2131165251 (android.widget.LinearLayout@4052f8c0)
D/nofatclips(  247): Found widget: id=-1 (android.widget.ImageView@405902b8)
D/nofatclips(  247): Found widget: id=2131165256 (android.widget.TextView@4056ae10): New Post
D/nofatclips(  247): Found widget: id=2131165253 (android.widget.LinearLayout@4059be50)
D/nofatclips(  247): Found widget: id=-1 (android.widget.ImageView@40530c28)
D/nofatclips(  247): Found widget: id=2131165256 (android.widget.TextView@4056b748): New Page
D/nofatclips(  247): Found widget: id=-1 (android.widget.LinearLayout@40532ee0)
D/nofatclips(  247): Found widget: id=2131165252 (android.widget.LinearLayout@405308d0)
D/nofatclips(  247): Found widget: id=-1 (android.widget.ImageView@40538dd8)
D/nofatclips(  247): Found widget: id=2131165256 (android.widget.TextView@40577940): Quick Photo
D/nofatclips(  247): Found widget: id=2131165254 (android.widget.LinearLayout@40547450)
D/nofatclips(  247): Found widget: id=-1 (android.widget.ImageView@405317c8)
D/nofatclips(  247): Found widget: id=2131165256 (android.widget.TextView@405781b0): Quick Video
D/nofatclips(  247): Found widget: id=-1 (android.widget.LinearLayout@4052e678)
D/nofatclips(  247): Found widget: id=-1 (android.widget.LinearLayout@40533e98)
D/nofatclips(  247): Found widget: id=2131165255 (android.widget.LinearLayout@40535160)
D/nofatclips(  247): Found widget: id=-1 (android.widget.ImageView@40542808)
D/nofatclips(  247): Found widget: id=2131165256 (android.widget.TextView@40578838): Posts
D/nofatclips(  247): Found widget: id=2131165257 (android.widget.LinearLayout@40545bc8)
D/nofatclips(  247): Found widget: id=-1 (android.widget.ImageView@40568840)
D/nofatclips(  247): Found widget: id=2131165256 (android.widget.TextView@40537490): Pages
D/nofatclips(  247): Found widget: id=-1 (android.widget.FrameLayout@405344a0)
D/nofatclips(  247): Found widget: id=2131165258 (android.widget.LinearLayout@40540188)
D/nofatclips(  247): Found widget: id=-1 (android.widget.ImageView@40536ba0)
D/nofatclips(  247): Found widget: id=2131165256 (android.widget.TextView@40539440): Comments
D/nofatclips(  247): Found widget: id=2131165259 (android.widget.FrameLayout@40544678)
D/nofatclips(  247): Found widget: id=2131165260 (android.widget.ImageView@40546198)
D/nofatclips(  247): Found widget: id=2131165261 (org.wordpress.android.util.CommentBadgeTextView@4053a458): 0
D/nofatclips(  247): Found widget: id=-1 (android.widget.LinearLayout@40539218)
D/nofatclips(  247): Found widget: id=2131165262 (android.widget.LinearLayout@40540830)
D/nofatclips(  247): Found widget: id=-1 (android.widget.ImageView@40541138)
D/nofatclips(  247): Found widget: id=2131165256 (android.widget.TextView@40540a78): Settings
D/nofatclips(  247): Found widget: id=2131165263 (android.widget.LinearLayout@405440d0)
D/nofatclips(  247): Found widget: id=-1 (android.widget.ImageView@40560028)
D/nofatclips(  247): Found widget: id=2131165256 (android.widget.TextView@40542db8): Read
D/nofatclips(  247): Found widget: id=2131165264 (android.widget.LinearLayout@40561710)
D/nofatclips(  247): Found widget: id=-1 (android.widget.ImageView@40563fc8)
D/nofatclips(  247): Found widget: id=2131165256 (android.widget.TextView@4054fb10): Stats
D/nofatclips(  247): Found widget: id=-1 (com.android.internal.policy.impl.PhoneWindow$DecorView@405a0090)
I/nofatclips(  247): Playing Trace 222
I/nofatclips(  247): Retrieved from return list id=16908290
D/nofatclips(  247): Testing for type (android.widget.FrameLayout) against the original (null)
I/nofatclips(  247): Firing event: type= openMenu name= widget=null
D/Email   (  297): BOOT_COMPLETED
I//system/bin/fsck_msdos(   29): Attempting to allocate 397 KB for FAT
D/EAS SyncManager(  297): !!! EAS SyncManager, onCreate
D/EAS SyncManager(  297): !!! EAS SyncManager, onStartCommand
D/EAS SyncManager(  297): !!! EAS SyncManager, stopping self
D/EAS SyncManager(  297): !!! EAS SyncManager, onDestroy
I//system/bin/fsck_msdos(   29): Cluster 6 is marked as EOF in FAT 0, free in FAT 1
I//system/bin/fsck_msdos(   29): FIXED
I//system/bin/fsck_msdos(   29): ** Phase 2 - Check Cluster Chains
I//system/bin/fsck_msdos(   29): ** Phase 3 - Checking Directories
I//system/bin/fsck_msdos(   29): ** Phase 4 - Checking for Lost Files
I//system/bin/fsck_msdos(   29): FIXED
I//system/bin/fsck_msdos(   29): Attempting to allocate 397 KB for FAT
I//system/bin/fsck_msdos(   29): 4 files, 50388 free (100776 clusters)
I//system/bin/fsck_msdos(   29): ***** FILE SYSTEM WAS MODIFIED *****
I/Launcher(  135): setLoadOnResume
I/logwrapper(   29): /system/bin/fsck_msdos terminated by exit(4)
W/Vold    (   29): Filesystem modified - rechecking (pass 2)
I/Vold    (   29): Device /dev/block/vold/179:0, target /mnt/sdcard mounted @ /mnt/secure/staging
D/Vold    (   29): Volume sdcard state changing 3 (Checking) -> 4 (Mounted)
I/PackageManager(   61): Updating external media status from unmounted to mounted
I/StorageNotification(  126): Media {/mnt/sdcard} state changed from {checking} -> {mounted}
W/KeyCharacterMap(  247): No keyboard for id 0
W/KeyCharacterMap(  247): Using default keymap: /system/usr/keychars/qwerty.kcm.bin
D/VoldCmdListener(   29): asec list
I/PackageManager(   61): No secure containers on sdcard
W/PackageManager(   61): Unknown permission com.google.android.googleapps.permission.GOOGLE_AUTH.mail in package com.android.contacts
W/PackageManager(   61): Unknown permission android.permission.ADD_SYSTEM_SERVICE in package com.android.phone
W/PackageManager(   61): Not granting permission android.permission.SEND_DOWNLOAD_COMPLETED_INTENTS to package com.android.browser (protectionLevel=2 flags=0x9be45)
I/Launcher(  135): setLoadOnResume
W/PackageManager(   61): Unknown permission com.google.android.gm.permission.WRITE_GMAIL in package com.android.settings
W/PackageManager(   61): Unknown permission com.google.android.gm.permission.READ_GMAIL in package com.android.settings
W/PackageManager(   61): Unknown permission com.google.android.googleapps.permission.GOOGLE_AUTH in package com.android.settings
I/dalvikvm(  247): Jit: resizing JitTable from 512 to 1024
W/PackageManager(   61): Unknown permission com.google.android.googleapps.permission.GOOGLE_AUTH in package com.android.providers.contacts
W/PackageManager(   61): Unknown permission com.google.android.googleapps.permission.GOOGLE_AUTH.cp in package com.android.providers.contacts
W/PackageManager(   61): Unknown permission com.google.android.googleapps.permission.ACCESS_GOOGLE_PASSWORD in package com.android.development
W/PackageManager(   61): Unknown permission com.google.android.googleapps.permission.GOOGLE_AUTH in package com.android.development
W/PackageManager(   61): Unknown permission com.google.android.googleapps.permission.GOOGLE_AUTH.ALL_SERVICES in package com.android.development
W/PackageManager(   61): Unknown permission com.google.android.googleapps.permission.GOOGLE_AUTH.YouTubeUser in package com.android.development
W/PackageManager(   61): Unknown permission android.permission.READ_OWNER_DATA in package com.android.email
W/PackageManager(   61): Not granting permission android.permission.DEVICE_POWER to package com.android.deskclock (protectionLevel=2 flags=0x8be45)
W/ImageDownloader(  247): Error 404 while retrieving bitmap from http://gravatar.com/blavatar/44d338f29053dbb888da79dcf98df489?s=60&d=404
D/MediaScanner(  255):  prescan time: 510ms
D/MediaScanner(  255):     scan time: 65ms
D/dalvikvm(  255): GC_CONCURRENT freed 523K, 55% free 2646K/5767K, external 716K/1038K, paused 2ms+2ms
D/MediaScanner(  255): postscan time: 0ms
D/MediaScanner(  255):    total time: 575ms
D/szipinf (  183): Initializing inflate state
D/dalvikvm(  183): GC_CONCURRENT freed 245K, 51% free 2796K/5703K, external 716K/1038K, paused 3ms+2ms
D/MediaScannerService(  255): done scanning volume internal
D/dalvikvm(  135): GC_EXTERNAL_ALLOC freed 268K, 50% free 2962K/5895K, external 2073K/2073K, paused 75ms
D/szipinf (  135): Initializing inflate state
D/MediaScannerService(  255): start scanning volume external
I/nofatclips(  247): Waiting for 100 msec.
V/MediaProvider(  255): /mnt/sdcard volume ID: 435763998
I/nofatclips(  247): Current activity is Dashboard
I/nofatclips(  247): Retrieving widgets
D/nofatclips(  247): Found widget: id=16908726 (com.android.internal.view.menu.IconMenuView@405bbbe8)
D/nofatclips(  247): Found widget: id=16908310 (com.android.internal.view.menu.IconMenuItemView@405bc9a8): Add Account
D/nofatclips(  247): Found widget: id=16908310 (com.android.internal.view.menu.IconMenuItemView@405bd788): Preferences
D/nofatclips(  247): Found widget: id=16908310 (com.android.internal.view.menu.IconMenuItemView@405be4d0): Remove Blog
D/nofatclips(  247): Found widget: id=16908310 (com.android.internal.view.menu.IconMenuItemView@405bf228): About
D/nofatclips(  247): Found widget: id=-1 (com.android.internal.policy.impl.PhoneWindow$DecorView@405ba708)
V/ReflectionHelper(  247): com.android.internal.view.menu.IconMenuView > mOnFocusChangeListener FOUND | NOT ACTIVE
D/dalvikvm(  247): GC_CONCURRENT freed 700K, 51% free 3289K/6599K, external 1857K/2324K, paused 3ms+7ms
V/nicola  (  247): TextualID : null
V/nicola  (  247): ContentType detected : default
V/nicola  (  247): TextualID : null
V/nicola  (  247): ContentType detected : default
V/nicola  (  247): TextualID : null
V/nicola  (  247): ContentType detected : default
V/nicola  (  247): TextualID : null
V/nicola  (  247): ContentType detected : default
I/nofatclips(  247): Performing comparation for activity Dashboard
I/nofatclips(  247): Registering activity Dashboard (id: a24) as a new found state
D/nofatclips(  247): Performing backup of the old activity list on disk
D/nofatclips(  247): Saving new found state 'a24' on disk
V/nofatclips(  247): Opening state file in append mode.
I/nofatclips(  247): Saved image on disk: a24.jpg
I/nofatclips(  247): Waiting for 100 msec.
D/dalvikvm(  135): GC_EXPLICIT freed 75K, 51% free 2926K/5895K, external 2129K/2475K, paused 646ms
D/dalvikvm(  125): GREF has increased to 201
I/dalvikvm(   61): Jit: resizing JitTable from 512 to 1024
I/nofatclips(  247): Session count is 1. Will dump to disk at 1
I/nofatclips(  247): Saving the session on disk.
I/nofatclips(  247): Planning for new Activity Dashboard
D/nofatclips(  247): Handling event 'click' on widget id=16908310 type=menuItem name=Add Account
D/nofatclips(  247): Handling event 'click' on widget id=16908310 type=menuItem name=Preferences
D/nofatclips(  247): Handling event 'click' on widget id=16908310 type=menuItem name=Remove Blog
D/nofatclips(  247): Handling event 'click' on widget id=16908310 type=menuItem name=About
I/nofatclips(  247): Created trace to press the back button
I/nofatclips(  247): Created trace to press the menu button
I/nofatclips(  247): Created trace to change orientation
I/nofatclips(  247): Check for termination: 77 steps left of 100
I/nofatclips(  247): Dispatching new task. 2 more tasks remaining.
D/nofatclips(  247): Performing backup of the old task list on disk
D/nofatclips(  247): Saving task list on disk
V/nofatclips(  247): Backing up trace #227 to disk.
V/nofatclips(  247): Backing up trace #228 to disk.
D/nofatclips(  247): Deleting backup of the old task list from disk
D/nofatclips(  247): Deleting backup of the old activity list from disk
I/nofatclips(  247): Incrementally Playing Trace 228
I/nofatclips(  247): Retrieved from return list id=16908726
D/nofatclips(  247): Testing for type (com.android.internal.view.menu.IconMenuView) against the original (null)
I/nofatclips(  247): Firing event: type= changeOrientation name= widget=null
V/MediaProvider(  255): Attached volume: external
V/MediaScanner(  255): pruneDeadThumbnailFiles... android.database.sqlite.SQLiteCursor@405916e8
V/MediaScanner(  255): /pruneDeadThumbnailFiles... android.database.sqlite.SQLiteCursor@405916e8
D/MediaScanner(  255):  prescan time: 24ms
D/MediaScanner(  255):     scan time: 2ms
D/MediaScanner(  255): postscan time: 7ms
D/MediaScanner(  255):    total time: 33ms
D/MediaScannerService(  255): done scanning volume external
I/WindowManager(   61): Setting rotation to 1, animFlags=1
