D/nofatclips(  255): Handling event 'click' on widget id=2131165287 type=button name=Publish
D/nofatclips(  255): Handling input 'writeText' on widget id=2131165236 type=editText name=Title
V/nofatclips(  255): Using value: 90
D/nofatclips(  255): Handling input 'writeText' on widget id=2131165268 type=editText name=Tags (separate tags with commas)
V/nofatclips(  255): Using value: 85
D/nofatclips(  255): Handling input 'writeText' on widget id=2131165286 type=editText name=Password (optional)
V/nofatclips(  255): Using value: 45
I/nofatclips(  255): Created trace to press the back button
I/nofatclips(  255): Created trace to press the menu button
I/nofatclips(  255): Created trace to change orientation
D/dalvikvm(  255): GC_CONCURRENT freed 2048K, 52% free 4441K/9095K, external 3910K/4133K, paused 3ms+4ms
I/nofatclips(  255): Check for termination: 87 steps left of 100
I/nofatclips(  255): Dispatching new task. 2 more tasks remaining.
D/nofatclips(  255): Performing backup of the old task list on disk
D/nofatclips(  255): Saving task list on disk
V/nofatclips(  255): Backing up trace #149 to disk.
D/dalvikvm(  255): GC_CONCURRENT freed 2139K, 54% free 4246K/9095K, external 2903K/3625K, paused 3ms+3ms
V/nofatclips(  255): Backing up trace #150 to disk.
D/nofatclips(  255): Deleting backup of the old task list from disk
D/nofatclips(  255): Deleting backup of the old activity list from disk
I/nofatclips(  255): Incrementally Playing Trace 150
D/nofatclips(  255): Setting input: type= writeText id=2131165236 value=90
D/nofatclips(  255): Added to return list id=2131165236
I/nofatclips(  255): Retrieved from return list id=2131165236
D/nofatclips(  255): Testing for type (android.widget.EditText) against the original (android.widget.EditText)
D/nofatclips(  255): Testing for name (Title) against the original (Title)
W/KeyCharacterMap(  255): No keyboard for id 0
W/KeyCharacterMap(  255): Using default keymap: /system/usr/keychars/qwerty.kcm.bin
D/nofatclips(  255): Setting input: type= writeText id=2131165268 value=85
D/nofatclips(  255): Added to return list id=2131165268
I/nofatclips(  255): Retrieved from return list id=2131165268
D/nofatclips(  255): Testing for type (android.widget.EditText) against the original (android.widget.EditText)
D/nofatclips(  255): Testing for name (Tags (separate tags with commas)) against the original (Tags (separate tags with commas))
D/nofatclips(  255): Setting input: type= writeText id=2131165286 value=45
D/nofatclips(  255): Added to return list id=2131165286
I/nofatclips(  255): Retrieved from return list id=2131165286
D/nofatclips(  255): Testing for type (android.widget.EditText) against the original (android.widget.EditText)
D/nofatclips(  255): Testing for name (Password (optional)) against the original (Password (optional))
I/nofatclips(  255): Retrieved from return list id=2131165285
D/nofatclips(  255): Testing for type (android.widget.Spinner) against the original (android.widget.Spinner)
D/nofatclips(  255): Testing for name () against the original ()
I/nofatclips(  255): Firing event: type= selectSpinnerItem index=30 widget=android.widget.Spinner
I/nofatclips(  255): Clicking the spinner view
D/nofatclips(  255): Event description: Aside
I/nofatclips(  255): Swapping to listview item 2
D/nofatclips(  255): Event description: Audio
I/nofatclips(  255): Waiting for 100 msec.
W/InputManagerService(   61): Window already focused, ignoring focus gain of: com.android.internal.view.IInputMethodClient$Stub$Proxy@405b5328
I/nofatclips(  255): Current activity is EditPost
I/nofatclips(  255): Retrieving widgets
D/nofatclips(  255): Found widget: id=-1 (android.widget.LinearLayout@40585e28)
D/nofatclips(  255): Found widget: id=-1 (android.widget.FrameLayout@40586140)
D/nofatclips(  255): Found widget: id=16908310 (android.widget.TextView@40608178): Katie&#039;s Sweet Testing Blog - New Post
D/nofatclips(  255): Found widget: id=16908290 (android.widget.FrameLayout@40672708)
D/nofatclips(  255): Found widget: id=-1 (android.widget.LinearLayout@40610ac8)
D/nofatclips(  255): Found widget: id=-1 (android.widget.ScrollView@40610e10)
D/nofatclips(  255): Found widget: id=-1 (android.widget.LinearLayout@405b9168)
D/nofatclips(  255): Found widget: id=2131165209 (android.widget.RelativeLayout@40623458)
D/nofatclips(  255): Found widget: id=2131165210 (android.widget.TextView@405b6290): Post Content
D/nofatclips(  255): Found widget: id=2131165236 (android.widget.EditText@405d1598): 90
D/nofatclips(  255): Found widget: id=2131165265 (org.wordpress.android.util.WPEditText@406952f8): 
D/nofatclips(  255): Found widget: id=2131165266 (android.widget.RelativeLayout@40667720)
D/nofatclips(  255): Found widget: id=2131165267 (android.widget.TextView@4066be80): Tags & Categories
D/nofatclips(  255): Found widget: id=2131165268 (android.widget.EditText@406543a0): 85
D/nofatclips(  255): Found widget: id=2131165269 (android.widget.Button@405ce868): Select Categories
D/nofatclips(  255): Found widget: id=2131165270 (android.widget.TextView@405b0ee8): Selected categories:
D/nofatclips(  255): Found widget: id=2131165271 (android.widget.RelativeLayout@405b1398)
D/nofatclips(  255): Found widget: id=2131165272 (android.widget.RelativeLayout@405d7f70)
D/nofatclips(  255): Found widget: id=2131165273 (android.widget.TextView@40666278): Location
D/nofatclips(  255): Found widget: id=2131165274 (android.widget.TextView@405b18d8): Loading...
D/nofatclips(  255): Found widget: id=2131165275 (android.widget.Button@4060ec58): View Map
D/nofatclips(  255): Found widget: id=2131165276 (android.widget.Button@405f1948): Update Location
D/nofatclips(  255): Found widget: id=2131165277 (android.widget.RelativeLayout@4068f9e0)
D/nofatclips(  255): Found widget: id=2131165278 (android.widget.TextView@4068fd88): Settings
D/nofatclips(  255): Found widget: id=2131165279 (android.widget.TextView@4061e880): Status:
D/nofatclips(  255): Found widget: id=2131165280 (android.widget.Spinner@4068bcc0)
D/nofatclips(  255): Found widget: id=2131165281 (android.widget.TextView@4065cb38): Publish:
D/nofatclips(  255): Found widget: id=2131165282 (android.widget.TextView@4065d078): Immediately
D/nofatclips(  255): Found widget: id=2131165283 (android.widget.Button@406008e0): Edit
D/nofatclips(  255): Found widget: id=2131165284 (android.widget.TextView@406c3418): Post Format:
D/nofatclips(  255): Found widget: id=2131165285 (android.widget.Spinner@4066f6f8)
D/nofatclips(  255): Found widget: id=16908308 (android.widget.TextView@406fd2e8): Audio
D/nofatclips(  255): Found widget: id=2131165286 (android.widget.EditText@40694710): 45
D/nofatclips(  255): Found widget: id=2131165287 (android.widget.Button@40615d20): Publish
D/nofatclips(  255): Found widget: id=-1 (com.android.internal.policy.impl.PhoneWindow$DecorView@40646a68)
V/nicola  (  255): TextualID : null
V/nicola  (  255): ContentType detected : default
V/nicola  (  255): TextualID : l_section1
V/nicola  (  255): ContentType detected : default
V/ReflectionHelper(  255): android.widget.EditText > mOnFocusChangeListener FOUND | NOT ACTIVE
V/nicola  (  255): TextualID : title
V/nicola  (  255): ContentType detected : default
V/ReflectionHelper(  255): org.wordpress.android.util.WPEditText > mOnFocusChangeListener FOUND | ACTIVE
V/nicola  (  255): TextualID : postContent
V/nicola  (  255): ContentType detected : default
V/nicola  (  255): TextualID : l_tags_categories
V/nicola  (  255): ContentType detected : default
V/ReflectionHelper(  255): android.widget.EditText > mOnFocusChangeListener FOUND | NOT ACTIVE
V/nicola  (  255): TextualID : tags
V/nicola  (  255): ContentType detected : default
V/nicola  (  255): TextualID : selectCategories
V/nicola  (  255): ContentType detected : default
V/nicola  (  255): TextualID : selectedCategories
V/nicola  (  255): ContentType detected : default
V/nicola  (  255): TextualID : l_status
V/nicola  (  255): ContentType detected : default
V/nicola  (  255): TextualID : statusLabel
V/nicola  (  255): ContentType detected : default
V/nicola  (  255): TextualID : pubDateLabel
V/nicola  (  255): ContentType detected : default
V/nicola  (  255): TextualID : pubDate
V/nicola  (  255): ContentType detected : default
V/nicola  (  255): TextualID : pubDateButton
V/nicola  (  255): ContentType detected : default
V/nicola  (  255): TextualID : postFormatLabel
V/nicola  (  255): ContentType detected : default
V/nicola  (  255): TextualID : null
V/nicola  (  255): ContentType detected : default
V/ReflectionHelper(  255): android.widget.EditText > mOnFocusChangeListener FOUND | NOT ACTIVE
V/nicola  (  255): TextualID : post_password
V/nicola  (  255): ContentType detected : default
V/nicola  (  255): TextualID : post
V/nicola  (  255): ContentType detected : default
I/nofatclips(  255): Performing comparation for activity EditPost
D/nofatclips(  255): Comparing against activity EditPost
D/nofatclips(  255): Comparing against activity EditPost
D/nofatclips(  255): Comparing against activity EditPost
D/nofatclips(  255): Comparing against activity SelectCategories
D/nofatclips(  255): Comparing against activity EditPost
D/nofatclips(  255): Comparing against activity EditPost
D/nofatclips(  255): Comparing against activity EditPost
D/nofatclips(  255): Comparing against activity EditPost
D/nofatclips(  255): Comparing against activity Preferences
D/nofatclips(  255): Comparing against activity Dashboard
D/nofatclips(  255): Comparing against activity EditPost
D/nofatclips(  255): Comparing against activity EditPost
D/nofatclips(  255): Comparing against activity Dashboard
D/nofatclips(  255): Comparing against activity Dashboard
I/nofatclips(  255): Registering activity EditPost (id: a15) as a new found state
D/nofatclips(  255): Performing backup of the old activity list on disk
D/nofatclips(  255): Saving new found state 'a15' on disk
V/nofatclips(  255): Opening state file in append mode.
D/dalvikvm(  255): GC_CONCURRENT freed 1438K, 53% free 4321K/9095K, external 3074K/3625K, paused 7ms+8ms
D/dalvikvm(  255): GC_EXTERNAL_ALLOC freed 57K, 54% free 4263K/9095K, external 3074K/3625K, paused 110ms
D/dalvikvm(  255): GC_EXTERNAL_ALLOC freed 39K, 54% free 4225K/9095K, external 3674K/3839K, paused 103ms
I/nofatclips(  255): Saved image on disk: a15.jpg
I/nofatclips(  255): Waiting for 100 msec.
I/nofatclips(  255): Session count is 1. Will dump to disk at 1
I/nofatclips(  255): Saving the session on disk.
I/nofatclips(  255): Planning for new Activity EditPost
D/nofatclips(  255): Handling event 'focus' on widget id=2131165265 type=focusableEditText name=Content
D/nofatclips(  255): Handling input 'writeText' on widget id=2131165236 type=editText name=Title
V/nofatclips(  255): Using value: 90
D/nofatclips(  255): Handling input 'writeText' on widget id=2131165268 type=editText name=Tags (separate tags with commas)
V/nofatclips(  255): Using value: 85
D/nofatclips(  255): Handling input 'writeText' on widget id=2131165286 type=editText name=Password (optional)
V/nofatclips(  255): Using value: 45
D/nofatclips(  255): Handling event 'click' on widget id=2131165269 type=button name=Select Categories
D/nofatclips(  255): Handling input 'writeText' on widget id=2131165236 type=editText name=Title
V/nofatclips(  255): Using value: 90
D/nofatclips(  255): Handling input 'writeText' on widget id=2131165268 type=editText name=Tags (separate tags with commas)
V/nofatclips(  255): Using value: 85
D/nofatclips(  255): Handling input 'writeText' on widget id=2131165286 type=editText name=Password (optional)
V/nofatclips(  255): Using value: 45
D/nofatclips(  255): Handling event 'click' on widget id=2131165283 type=button name=Edit
D/nofatclips(  255): Handling input 'writeText' on widget id=2131165236 type=editText name=Title
V/nofatclips(  255): Using value: 90
D/nofatclips(  255): Handling input 'writeText' on widget id=2131165268 type=editText name=Tags (separate tags with commas)
V/nofatclips(  255): Using value: 85
D/nofatclips(  255): Handling input 'writeText' on widget id=2131165286 type=editText name=Password (optional)
V/nofatclips(  255): Using value: 45
D/nofatclips(  255): Handling event selectSpinnerItem for items [1,10] on spinner #2131165285 count=10
D/nofatclips(  255): Handling input 'writeText' on widget id=2131165236 type=editText name=Title
V/nofatclips(  255): Using value: 90
D/nofatclips(  255): Handling input 'writeText' on widget id=2131165268 type=editText name=Tags (separate tags with commas)
V/nofatclips(  255): Using value: 85
D/nofatclips(  255): Handling input 'writeText' on widget id=2131165286 type=editText name=Password (optional)
V/nofatclips(  255): Using value: 45
D/nofatclips(  255): Handling input 'writeText' on widget id=2131165236 type=editText name=Title
V/nofatclips(  255): Using value: 90
D/nofatclips(  255): Handling input 'writeText' on widget id=2131165268 type=editText name=Tags (separate tags with commas)
V/nofatclips(  255): Using value: 85
D/nofatclips(  255): Handling input 'writeText' on widget id=2131165286 type=editText name=Password (optional)
V/nofatclips(  255): Using value: 45
D/nofatclips(  255): Handling input 'writeText' on widget id=2131165236 type=editText name=Title
V/nofatclips(  255): Using value: 90
D/nofatclips(  255): Handling input 'writeText' on widget id=2131165268 type=editText name=Tags (separate tags with commas)
V/nofatclips(  255): Using value: 85
D/nofatclips(  255): Handling input 'writeText' on widget id=2131165286 type=editText name=Password (optional)
V/nofatclips(  255): Using value: 45
D/nofatclips(  255): Handling input 'writeText' on widget id=2131165236 type=editText name=Title
V/nofatclips(  255): Using value: 90
D/nofatclips(  255): Handling input 'writeText' on widget id=2131165268 type=editText name=Tags (separate tags with commas)
V/nofatclips(  255): Using value: 85
D/nofatclips(  255): Handling input 'writeText' on widget id=2131165286 type=editText name=Password (optional)
V/nofatclips(  255): Using value: 45
D/nofatclips(  255): Handling input 'writeText' on widget id=2131165236 type=editText name=Title
V/nofatclips(  255): Using value: 90
D/nofatclips(  255): Handling input 'writeText' on widget id=2131165268 type=editText name=Tags (separate tags with commas)
V/nofatclips(  255): Using value: 85
D/nofatclips(  255): Handling input 'writeText' on widget id=2131165286 type=editText name=Password (optional)
V/nofatclips(  255): Using value: 45
D/nofatclips(  255): Handling input 'writeText' on widget id=2131165236 type=editText name=Title
V/nofatclips(  255): Using value: 90
D/nofatclips(  255): Handling input 'writeText' on widget id=2131165268 type=editText name=Tags (separate tags with commas)
V/nofatclips(  255): Using value: 85
D/nofatclips(  255): Handling input 'writeText' on widget id=2131165286 type=editText name=Password (optional)
V/nofatclips(  255): Using value: 45
D/nofatclips(  255): Handling input 'writeText' on widget id=2131165236 type=editText name=Title
V/nofatclips(  255): Using value: 90
D/nofatclips(  255): Handling input 'writeText' on widget id=2131165268 type=editText name=Tags (separate tags with commas)
V/nofatclips(  255): Using value: 85
D/nofatclips(  255): Handling input 'writeText' on widget id=2131165286 type=editText name=Password (optional)
V/nofatclips(  255): Using value: 45
D/nofatclips(  255): Handling input 'writeText' on widget id=2131165236 type=editText name=Title
V/nofatclips(  255): Using value: 90
D/nofatclips(  255): Handling input 'writeText' on widget id=2131165268 type=editText name=Tags (separate tags with commas)
V/nofatclips(  255): Using value: 85
D/nofatclips(  255): Handling input 'writeText' on widget id=2131165286 type=editText name=Password (optional)
V/nofatclips(  255): Using value: 45
D/nofatclips(  255): Handling input 'writeText' on widget id=2131165236 type=editText name=Title
V/nofatclips(  255): Using value: 90
D/nofatclips(  255): Handling input 'writeText' on widget id=2131165268 type=editText name=Tags (separate tags with commas)
V/nofatclips(  255): Using value: 85
D/nofatclips(  255): Handling input 'writeText' on widget id=2131165286 type=editText name=Password (optional)
V/nofatclips(  255): Using value: 45
D/nofatclips(  255): Handling input 'writeText' on widget id=2131165236 type=editText name=Title
V/nofatclips(  255): Using value: 90
D/nofatclips(  255): Handling input 'writeText' on widget id=2131165268 type=editText name=Tags (separate tags with commas)
V/nofatclips(  255): Using value: 85
D/nofatclips(  255): Handling input 'writeText' on widget id=2131165286 type=editText name=Password (optional)
V/nofatclips(  255): Using value: 45
D/nofatclips(  255): Handling event 'click' on widget id=2131165287 type=button name=Publish
D/nofatclips(  255): Handling input 'writeText' on widget id=2131165236 type=editText name=Title
V/nofatclips(  255): Using value: 90
D/nofatclips(  255): Handling input 'writeText' on widget id=2131165268 type=editText name=Tags (separate tags with commas)
V/nofatclips(  255): Using value: 85
D/nofatclips(  255): Handling input 'writeText' on widget id=2131165286 type=editText name=Password (optional)
V/nofatclips(  255): Using value: 45
I/nofatclips(  255): Created trace to press the back button
I/nofatclips(  255): Created trace to press the menu button
I/nofatclips(  255): Created trace to change orientation
D/dalvikvm(  255): GC_CONCURRENT freed 1478K, 51% free 4468K/9095K, external 3674K/4588K, paused 4ms+4ms
D/dalvikvm(  255): GC_CONCURRENT freed 1919K, 52% free 4423K/9095K, external 3074K/3839K, paused 4ms+4ms
I/nofatclips(  255): Check for termination: 86 steps left of 100
I/nofatclips(  255): Dispatching new task. 2 more tasks remaining.
D/nofatclips(  255): Performing backup of the old task list on disk
D/nofatclips(  255): Saving task list on disk
V/nofatclips(  255): Backing up trace #166 to disk.
D/dalvikvm(  255): GC_FOR_MALLOC freed 613K, 53% free 4329K/9095K, external 3074K/3839K, paused 38ms
D/dalvikvm(  255): GC_FOR_MALLOC freed 1K, 53% free 4358K/9095K, external 3074K/3839K, paused 32ms
I/dalvikvm-heap(  255): Grow heap (frag case) to 9.832MB for 30572-byte allocation
D/dalvikvm(  255): GC_FOR_MALLOC freed 0K, 53% free 4388K/9159K, external 3074K/3839K, paused 31ms
V/nofatclips(  255): Backing up trace #167 to disk.
D/dalvikvm(  255): GC_FOR_MALLOC freed 160K, 53% free 4376K/9159K, external 3074K/3839K, paused 32ms
D/dalvikvm(  255): GC_FOR_MALLOC freed 29K, 52% free 4418K/9159K, external 3074K/3839K, paused 31ms
I/dalvikvm-heap(  255): Grow heap (frag case) to 9.890MB for 30528-byte allocation
D/dalvikvm(  255): GC_FOR_MALLOC freed 0K, 52% free 4448K/9223K, external 3074K/3839K, paused 31ms
D/nofatclips(  255): Deleting backup of the old task list from disk
D/nofatclips(  255): Deleting backup of the old activity list from disk
I/nofatclips(  255): Incrementally Playing Trace 167
D/nofatclips(  255): Setting input: type= writeText id=2131165236 value=90
D/nofatclips(  255): Added to return list id=2131165236
I/nofatclips(  255): Retrieved from return list id=2131165236
D/nofatclips(  255): Testing for type (android.widget.EditText) against the original (android.widget.EditText)
D/nofatclips(  255): Testing for name (Title) against the original (Title)
W/KeyCharacterMap(  255): No keyboard for id 0
W/KeyCharacterMap(  255): Using default keymap: /system/usr/keychars/qwerty.kcm.bin
D/nofatclips(  255): Setting input: type= writeText id=2131165268 value=85
D/nofatclips(  255): Added to return list id=2131165268
I/nofatclips(  255): Retrieved from return list id=2131165268
D/nofatclips(  255): Testing for type (android.widget.EditText) against the original (android.widget.EditText)
D/nofatclips(  255): Testing for name (Tags (separate tags with commas)) against the original (Tags (separate tags with commas))
D/nofatclips(  255): Setting input: type= writeText id=2131165286 value=45
D/nofatclips(  255): Added to return list id=2131165286
I/nofatclips(  255): Retrieved from return list id=2131165286
D/nofatclips(  255): Testing for type (android.widget.EditText) against the original (android.widget.EditText)
D/nofatclips(  255): Testing for name (Password (optional)) against the original (Password (optional))
I/nofatclips(  255): Retrieved from return list id=2131165287
D/nofatclips(  255): Testing for type (android.widget.Button) against the original (android.widget.Button)
D/nofatclips(  255): Testing for name (Publish) against the original (Publish)
I/nofatclips(  255): Firing event: type= click index=33 widget=android.widget.Button
D/nofatclips(  255): Event description: Publish
I/nofatclips(  255): Waiting for 100 msec.
I/nofatclips(  255): Current activity is EditPost
I/nofatclips(  255): Retrieving widgets
D/nofatclips(  255): Found widget: id=16908290 (android.widget.FrameLayout@405bd378)
D/nofatclips(  255): Found widget: id=16908666 (com.android.internal.widget.WeightedLinearLayout@40637fe0)
D/nofatclips(  255): Found widget: id=16908667 (android.widget.LinearLayout@40892d88)
D/nofatclips(  255): Found widget: id=16908668 (android.widget.LinearLayout@40892ed8)
D/nofatclips(  255): Found widget: id=16908294 (android.widget.ImageView@406f6138)
D/nofatclips(  255): Found widget: id=16908669 (com.android.internal.widget.DialogTitle@40791268): No Content Found
D/nofatclips(  255): Found widget: id=16908670 (android.widget.ImageView@4082ffc0)
D/nofatclips(  255): Found widget: id=16908671 (android.widget.LinearLayout@4089bb50)
D/nofatclips(  255): Found widget: id=16908672 (android.widget.ScrollView@408d2660)
D/nofatclips(  255): Found widget: id=16908299 (android.widget.TextView@408865c8): Please enter some post content or attach a media item.
D/nofatclips(  255): Found widget: id=16908673 (android.widget.FrameLayout@40896128)
D/nofatclips(  255): Found widget: id=16908331 (android.widget.FrameLayout@408962f0)
D/nofatclips(  255): Found widget: id=16908674 (android.widget.LinearLayout@407219d0)
D/nofatclips(  255): Found widget: id=-1 (android.widget.LinearLayout@406c7f40)
D/nofatclips(  255): Found widget: id=16908675 (android.widget.LinearLayout@406c8140)
D/nofatclips(  255): Found widget: id=16908313 (android.widget.Button@408995b0): OK
D/nofatclips(  255): Found widget: id=16908315 (android.widget.Button@405ebc68): 
D/nofatclips(  255): Found widget: id=16908314 (android.widget.Button@40630900): 
D/nofatclips(  255): Found widget: id=16908676 (android.widget.LinearLayout@40881b18)
D/nofatclips(  255): Found widget: id=-1 (com.android.internal.policy.impl.PhoneWindow$DecorView@407862a0)
V/nicola  (  255): TextualID : null
V/nicola  (  255): ContentType detected : default
V/nicola  (  255): TextualID : null
V/nicola  (  255): ContentType detected : default
V/nicola  (  255): TextualID : null
V/nicola  (  255): ContentType detected : default
I/nofatclips(  255): Performing comparation for activity EditPost
D/nofatclips(  255): Comparing against activity EditPost
D/nofatclips(  255): Comparing against activity EditPost
D/nofatclips(  255): Comparing against activity EditPost
D/nofatclips(  255): Comparing against activity EditPost
D/nofatclips(  255): Comparing against activity SelectCategories
D/nofatclips(  255): Comparing against activity EditPost
D/nofatclips(  255): Comparing against activity EditPost
D/nofatclips(  255): Comparing against activity EditPost
D/nofatclips(  255): Comparing against activity EditPost
D/nofatclips(  255): Comparing against activity Preferences
D/nofatclips(  255): Comparing against activity Dashboard
D/nofatclips(  255): Comparing against activity EditPost
D/nofatclips(  255): Comparing against activity EditPost
D/nofatclips(  255): Comparing against activity Dashboard
D/nofatclips(  255): Comparing against activity Dashboard
I/nofatclips(  255): Registering activity EditPost (id: a16) as a new found state
D/nofatclips(  255): Performing backup of the old activity list on disk
D/nofatclips(  255): Saving new found state 'a16' on disk
V/nofatclips(  255): Opening state file in append mode.
D/dalvikvm(  255): GC_EXTERNAL_ALLOC freed 878K, 54% free 4329K/9223K, external 3481K/3839K, paused 144ms
I/nofatclips(  255): Saved image on disk: a16.jpg
I/nofatclips(  255): Waiting for 100 msec.
I/nofatclips(  255): Session count is 1. Will dump to disk at 1
I/nofatclips(  255): Saving the session on disk.
D/dalvikvm(  255): GC_FOR_MALLOC freed 314K, 54% free 4306K/9223K, external 3888K/4855K, paused 67ms
I/nofatclips(  255): Planning for new Activity EditPost
D/nofatclips(  255): Handling event 'click' on widget id=16908313 type=button name=OK
I/nofatclips(  255): Created trace to press the back button
I/nofatclips(  255): Created trace to press the menu button
I/nofatclips(  255): Created trace to change orientation
I/nofatclips(  255): Check for termination: 85 steps left of 100
I/nofatclips(  255): Dispatching new task. 2 more tasks remaining.
D/nofatclips(  255): Performing backup of the old task list on disk
D/nofatclips(  255): Saving task list on disk
V/nofatclips(  255): Backing up trace #170 to disk.
D/dalvikvm(  255): GC_FOR_MALLOC freed 933K, 52% free 4446K/9223K, external 3481K/4347K, paused 60ms
V/nofatclips(  255): Backing up trace #171 to disk.
D/dalvikvm(  255): GC_FOR_MALLOC freed 200K, 53% free 4425K/9223K, external 3481K/4347K, paused 46ms
D/nofatclips(  255): Deleting backup of the old task list from disk
D/nofatclips(  255): Deleting backup of the old activity list from disk
I/nofatclips(  255): Incrementally Playing Trace 171
I/nofatclips(  255): Retrieved from return list id=16908290
D/nofatclips(  255): Testing for type (android.widget.FrameLayout) against the original (null)
I/nofatclips(  255): Firing event: type= changeOrientation name= widget=null
W/KeyCharacterMap(  255): No keyboard for id 0
W/KeyCharacterMap(  255): Using default keymap: /system/usr/keychars/qwerty.kcm.bin
I/WindowManager(   61): Setting rotation to 0, animFlags=1
I/ActivityManager(   61): Config changed: { scale=1.0 imsi=310/260 loc=en_US touch=3 keys=2/1/2 nav=1/1 orien=1 layout=18 uiMode=17 seq=6}
I/nofatclips(  255): Waiting for 100 msec.
D/dalvikvm(  133): GC_CONCURRENT freed 229K, 51% free 2808K/5703K, external 956K/1038K, paused 12ms+47ms
I/nofatclips(  255): Current activity is EditPost
I/nofatclips(  255): Retrieving widgets
D/nofatclips(  255): Found widget: id=16908290 (android.widget.FrameLayout@405bd378)
D/nofatclips(  255): Found widget: id=16908666 (com.android.internal.widget.WeightedLinearLayout@40637fe0)
D/nofatclips(  255): Found widget: id=16908667 (android.widget.LinearLayout@40892d88)
D/nofatclips(  255): Found widget: id=16908668 (android.widget.LinearLayout@40892ed8)
D/nofatclips(  255): Found widget: id=16908294 (android.widget.ImageView@406f6138)
D/nofatclips(  255): Found widget: id=16908669 (com.android.internal.widget.DialogTitle@40791268): No Content Found
D/nofatclips(  255): Found widget: id=16908670 (android.widget.ImageView@4082ffc0)
D/nofatclips(  255): Found widget: id=16908671 (android.widget.LinearLayout@4089bb50)
D/nofatclips(  255): Found widget: id=16908672 (android.widget.ScrollView@408d2660)
D/nofatclips(  255): Found widget: id=16908299 (android.widget.TextView@408865c8): Please enter some post content or attach a media item.
D/nofatclips(  255): Found widget: id=16908673 (android.widget.FrameLayout@40896128)
D/nofatclips(  255): Found widget: id=16908331 (android.widget.FrameLayout@408962f0)
D/nofatclips(  255): Found widget: id=16908674 (android.widget.LinearLayout@407219d0)
D/nofatclips(  255): Found widget: id=-1 (android.widget.LinearLayout@406c7f40)
D/nofatclips(  255): Found widget: id=16908675 (android.widget.LinearLayout@406c8140)
D/nofatclips(  255): Found widget: id=16908313 (android.widget.Button@408995b0): OK
D/nofatclips(  255): Found widget: id=16908315 (android.widget.Button@405ebc68): 
D/nofatclips(  255): Found widget: id=16908314 (android.widget.Button@40630900): 
D/nofatclips(  255): Found widget: id=16908676 (android.widget.LinearLayout@40881b18)
D/nofatclips(  255): Found widget: id=-1 (com.android.internal.policy.impl.PhoneWindow$DecorView@407862a0)
V/nicola  (  255): TextualID : null
V/nicola  (  255): ContentType detected : default
V/nicola  (  255): TextualID : null
V/nicola  (  255): ContentType detected : default
V/nicola  (  255): TextualID : null
V/nicola  (  255): ContentType detected : default
I/nofatclips(  255): Performing comparation for activity EditPost
D/nofatclips(  255): Comparing against activity EditPost
D/nofatclips(  255): Comparing against activity EditPost
D/nofatclips(  255): Comparing against activity EditPost
D/nofatclips(  255): Comparing against activity EditPost
D/nofatclips(  255): Comparing against activity EditPost
D/nofatclips(  255): Comparing against activity SelectCategories
D/nofatclips(  255): Comparing against activity EditPost
D/nofatclips(  255): Comparing against activity EditPost
D/nofatclips(  255): Comparing against activity EditPost
D/nofatclips(  255): Comparing against activity EditPost
D/nofatclips(  255): Comparing against activity Preferences
D/nofatclips(  255): Comparing against activity Dashboard
D/nofatclips(  255): Comparing against activity EditPost
D/nofatclips(  255): Comparing against activity EditPost
D/nofatclips(  255): Comparing against activity Dashboard
D/nofatclips(  255): Comparing against activity Dashboard
I/nofatclips(  255): Registering activity EditPost (id: a17) as a new found state
D/nofatclips(  255): Performing backup of the old activity list on disk
D/nofatclips(  255): Saving new found state 'a17' on disk
V/nofatclips(  255): Opening state file in append mode.
I/nofatclips(  255): Saved image on disk: a17.jpg
I/nofatclips(  255): Waiting for 100 msec.
I/nofatclips(  255): Session count is 1. Will dump to disk at 1
I/nofatclips(  255): Saving the session on disk.
D/dalvikvm(  255): GC_FOR_MALLOC freed 862K, 53% free 4362K/9223K, external 3669K/4211K, paused 84ms
D/dalvikvm(  255): GC_FOR_MALLOC freed 223K, 54% free 4330K/9223K, external 3372K/4211K, paused 72ms
I/nofatclips(  255): Planning for new Activity EditPost
D/nofatclips(  255): Handling event 'click' on widget id=16908313 type=button name=OK
I/nofatclips(  255): Created trace to press the back button
I/nofatclips(  255): Created trace to press the menu button
I/nofatclips(  255): Created trace to change orientation
D/dalvikvm(   61): GC_EXPLICIT freed 84K, 46% free 4123K/7559K, external 1316K/1828K, paused 320ms
I/nofatclips(  255): Check for termination: 84 steps left of 100
I/nofatclips(  255): Dispatching new task. 2 more tasks remaining.
D/nofatclips(  255): Performing backup of the old task list on disk
D/nofatclips(  255): Saving task list on disk
V/nofatclips(  255): Backing up trace #174 to disk.
D/dalvikvm(  255): GC_FOR_MALLOC freed 959K, 52% free 4468K/9223K, external 3372K/4211K, paused 60ms
V/nofatclips(  255): Backing up trace #175 to disk.
D/dalvikvm(  255): GC_FOR_MALLOC freed 201K, 52% free 4492K/9223K, external 3372K/4211K, paused 47ms
D/nofatclips(  255): Deleting backup of the old task list from disk
D/nofatclips(  255): Deleting backup of the old activity list from disk
I/nofatclips(  255): Incrementally Playing Trace 175
I/nofatclips(  255): Retrieved from return list id=16908290
D/nofatclips(  255): Testing for type (android.widget.FrameLayout) against the original (null)
I/nofatclips(  255): Firing event: type= changeOrientation name= widget=null
I/WindowManager(   61): Setting rotation to 1, animFlags=1
I/ActivityManager(   61): Config changed: { scale=1.0 imsi=310/260 loc=en_US touch=3 keys=2/1/2 nav=1/1 orien=2 layout=18 uiMode=17 seq=7}
I/nofatclips(  255): Waiting for 100 msec.
I/nofatclips(  255): Current activity is EditPost
I/nofatclips(  255): Retrieving widgets
D/nofatclips(  255): Found widget: id=16908290 (android.widget.FrameLayout@405bd378)
D/nofatclips(  255): Found widget: id=16908666 (com.android.internal.widget.WeightedLinearLayout@40637fe0)
D/nofatclips(  255): Found widget: id=16908667 (android.widget.LinearLayout@40892d88)
D/nofatclips(  255): Found widget: id=16908668 (android.widget.LinearLayout@40892ed8)
D/nofatclips(  255): Found widget: id=16908294 (android.widget.ImageView@406f6138)
D/nofatclips(  255): Found widget: id=16908669 (com.android.internal.widget.DialogTitle@40791268): No Content Found
D/nofatclips(  255): Found widget: id=16908670 (android.widget.ImageView@4082ffc0)
D/nofatclips(  255): Found widget: id=16908671 (android.widget.LinearLayout@4089bb50)
D/nofatclips(  255): Found widget: id=16908672 (android.widget.ScrollView@408d2660)
D/nofatclips(  255): Found widget: id=16908299 (android.widget.TextView@408865c8): Please enter some post content or attach a media item.
D/nofatclips(  255): Found widget: id=16908673 (android.widget.FrameLayout@40896128)
D/nofatclips(  255): Found widget: id=16908331 (android.widget.FrameLayout@408962f0)
D/nofatclips(  255): Found widget: id=16908674 (android.widget.LinearLayout@407219d0)
D/nofatclips(  255): Found widget: id=-1 (android.widget.LinearLayout@406c7f40)
D/nofatclips(  255): Found widget: id=16908675 (android.widget.LinearLayout@406c8140)
D/nofatclips(  255): Found widget: id=16908313 (android.widget.Button@408995b0): OK
D/nofatclips(  255): Found widget: id=16908315 (android.widget.Button@405ebc68): 
D/nofatclips(  255): Found widget: id=16908314 (android.widget.Button@40630900): 
D/nofatclips(  255): Found widget: id=16908676 (android.widget.LinearLayout@40881b18)
D/nofatclips(  255): Found widget: id=-1 (com.android.internal.policy.impl.PhoneWindow$DecorView@407862a0)
V/nicola  (  255): TextualID : null
V/nicola  (  255): ContentType detected : default
V/nicola  (  255): TextualID : null
V/nicola  (  255): ContentType detected : default
V/nicola  (  255): TextualID : null
V/nicola  (  255): ContentType detected : default
I/nofatclips(  255): Performing comparation for activity EditPost
D/nofatclips(  255): Comparing against activity EditPost
D/nofatclips(  255): Comparing against activity EditPost
D/nofatclips(  255): Comparing against activity EditPost
D/nofatclips(  255): Comparing against activity EditPost
D/nofatclips(  255): Comparing against activity EditPost
D/nofatclips(  255): Comparing against activity SelectCategories
D/nofatclips(  255): Comparing against activity EditPost
D/nofatclips(  255): Comparing against activity EditPost
D/nofatclips(  255): Comparing against activity EditPost
D/nofatclips(  255): Comparing against activity EditPost
D/nofatclips(  255): Comparing against activity EditPost
D/nofatclips(  255): Comparing against activity Preferences
D/nofatclips(  255): Comparing against activity Dashboard
D/nofatclips(  255): Comparing against activity EditPost
D/nofatclips(  255): Comparing against activity EditPost
D/nofatclips(  255): Comparing against activity Dashboard
D/nofatclips(  255): Comparing against activity Dashboard
I/nofatclips(  255): Registering activity EditPost (id: a18) as a new found state
D/nofatclips(  255): Performing backup of the old activity list on disk
D/nofatclips(  255): Saving new found state 'a18' on disk
V/nofatclips(  255): Opening state file in append mode.
I/nofatclips(  255): Saved image on disk: a18.jpg
I/nofatclips(  255): Waiting for 100 msec.
I/nofatclips(  255): Session count is 1. Will dump to disk at 1
I/nofatclips(  255): Saving the session on disk.
D/dalvikvm(  255): GC_FOR_MALLOC freed 834K, 53% free 4393K/9223K, external 3888K/4211K, paused 84ms
D/dalvikvm(  255): GC_FOR_MALLOC freed 150K, 53% free 4343K/9223K, external 3481K/4211K, paused 72ms
I/nofatclips(  255): Planning for new Activity EditPost
D/nofatclips(  255): Handling event 'click' on widget id=16908313 type=button name=OK
I/nofatclips(  255): Created trace to press the back button
I/nofatclips(  255): Created trace to press the menu button
D/dalvikvm(   61): GC_EXPLICIT freed 14K, 46% free 4121K/7559K, external 1316K/1828K, paused 331ms
I/nofatclips(  255): Created trace to change orientation
I/nofatclips(  255): Check for termination: 83 steps left of 100
I/nofatclips(  255): Dispatching new task. 2 more tasks remaining.
D/nofatclips(  255): Performing backup of the old task list on disk
D/nofatclips(  255): Saving task list on disk
V/nofatclips(  255): Backing up trace #178 to disk.
D/dalvikvm(  255): GC_FOR_MALLOC freed 1002K, 52% free 4492K/9223K, external 3481K/4211K, paused 61ms
V/nofatclips(  255): Backing up trace #179 to disk.
D/dalvikvm(  255): GC_FOR_MALLOC freed 236K, 52% free 4483K/9223K, external 3481K/4211K, paused 47ms
D/nofatclips(  255): Deleting backup of the old task list from disk
D/nofatclips(  255): Deleting backup of the old activity list from disk
I/nofatclips(  255): Incrementally Playing Trace 179
I/nofatclips(  255): Retrieved from return list id=16908290
D/nofatclips(  255): Testing for type (android.widget.FrameLayout) against the original (null)
I/nofatclips(  255): Firing event: type= changeOrientation name= widget=null
I/WindowManager(   61): Setting rotation to 0, animFlags=1
I/ActivityManager(   61): Config changed: { scale=1.0 imsi=310/260 loc=en_US touch=3 keys=2/1/2 nav=1/1 orien=1 layout=18 uiMode=17 seq=8}
I/nofatclips(  255): Waiting for 100 msec.
I/nofatclips(  255): Current activity is EditPost
I/nofatclips(  255): Retrieving widgets
D/nofatclips(  255): Found widget: id=16908290 (android.widget.FrameLayout@405bd378)
D/nofatclips(  255): Found widget: id=16908666 (com.android.internal.widget.WeightedLinearLayout@40637fe0)
D/nofatclips(  255): Found widget: id=16908667 (android.widget.LinearLayout@40892d88)
D/nofatclips(  255): Found widget: id=16908668 (android.widget.LinearLayout@40892ed8)
D/nofatclips(  255): Found widget: id=16908294 (android.widget.ImageView@406f6138)
D/nofatclips(  255): Found widget: id=16908669 (com.android.internal.widget.DialogTitle@40791268): No Content Found
D/nofatclips(  255): Found widget: id=16908670 (android.widget.ImageView@4082ffc0)
D/nofatclips(  255): Found widget: id=16908671 (android.widget.LinearLayout@4089bb50)
D/nofatclips(  255): Found widget: id=16908672 (android.widget.ScrollView@408d2660)
D/nofatclips(  255): Found widget: id=16908299 (android.widget.TextView@408865c8): Please enter some post content or attach a media item.
D/nofatclips(  255): Found widget: id=16908673 (android.widget.FrameLayout@40896128)
D/nofatclips(  255): Found widget: id=16908331 (android.widget.FrameLayout@408962f0)
D/nofatclips(  255): Found widget: id=16908674 (android.widget.LinearLayout@407219d0)
D/nofatclips(  255): Found widget: id=-1 (android.widget.LinearLayout@406c7f40)
D/nofatclips(  255): Found widget: id=16908675 (android.widget.LinearLayout@406c8140)
D/nofatclips(  255): Found widget: id=16908313 (android.widget.Button@408995b0): OK
D/nofatclips(  255): Found widget: id=16908315 (android.widget.Button@405ebc68): 
D/nofatclips(  255): Found widget: id=16908314 (android.widget.Button@40630900): 
D/nofatclips(  255): Found widget: id=16908676 (android.widget.LinearLayout@40881b18)
D/nofatclips(  255): Found widget: id=-1 (com.android.internal.policy.impl.PhoneWindow$DecorView@407862a0)
V/nicola  (  255): TextualID : null
V/nicola  (  255): ContentType detected : default
V/nicola  (  255): TextualID : null
V/nicola  (  255): ContentType detected : default
V/nicola  (  255): TextualID : null
V/nicola  (  255): ContentType detected : default
I/nofatclips(  255): Performing comparation for activity EditPost
D/nofatclips(  255): Comparing against activity EditPost
D/nofatclips(  255): Comparing against activity EditPost
D/nofatclips(  255): Comparing against activity EditPost
D/nofatclips(  255): Comparing against activity EditPost
D/nofatclips(  255): Comparing against activity EditPost
D/nofatclips(  255): Comparing against activity EditPost
D/nofatclips(  255): Comparing against activity SelectCategories
D/nofatclips(  255): Comparing against activity EditPost
D/nofatclips(  255): Comparing against activity EditPost
D/nofatclips(  255): Comparing against activity EditPost
D/nofatclips(  255): Comparing against activity EditPost
D/nofatclips(  255): Comparing against activity EditPost
D/nofatclips(  255): Comparing against activity Preferences
D/nofatclips(  255): Comparing against activity Dashboard
D/nofatclips(  255): Comparing against activity EditPost
D/nofatclips(  255): Comparing against activity EditPost
D/nofatclips(  255): Comparing against activity Dashboard
D/nofatclips(  255): Comparing against activity Dashboard
I/nofatclips(  255): Registering activity EditPost (id: a19) as a new found state
D/nofatclips(  255): Performing backup of the old activity list on disk
D/nofatclips(  255): Saving new found state 'a19' on disk
V/nofatclips(  255): Opening state file in append mode.
I/nofatclips(  255): Saved image on disk: a19.jpg
I/nofatclips(  255): Waiting for 100 msec.
I/nofatclips(  255): Session count is 1. Will dump to disk at 1
I/nofatclips(  255): Saving the session on disk.
D/dalvikvm(  255): GC_FOR_MALLOC freed 840K, 53% free 4402K/9223K, external 3669K/4211K, paused 83ms
D/dalvikvm(  255): GC_FOR_MALLOC freed 186K, 53% free 4363K/9223K, external 3372K/4211K, paused 73ms
I/nofatclips(  255): Planning for new Activity EditPost
D/nofatclips(  255): Handling event 'click' on widget id=16908313 type=button name=OK
I/nofatclips(  255): Created trace to press the back button
I/nofatclips(  255): Created trace to press the menu button
D/dalvikvm(   61): GC_EXPLICIT freed 5K, 46% free 4121K/7559K, external 1316K/1828K, paused 320ms
I/nofatclips(  255): Created trace to change orientation
I/nofatclips(  255): Check for termination: 82 steps left of 100
I/nofatclips(  255): Dispatching new task. 2 more tasks remaining.
D/nofatclips(  255): Performing backup of the old task list on disk
D/nofatclips(  255): Saving task list on disk
V/nofatclips(  255): Backing up trace #182 to disk.
D/dalvikvm(  255): GC_FOR_MALLOC freed 1036K, 52% free 4517K/9223K, external 3372K/4211K, paused 62ms
V/nofatclips(  255): Backing up trace #183 to disk.
D/dalvikvm(  255): GC_FOR_MALLOC freed 240K, 52% free 4508K/9223K, external 3372K/4211K, paused 49ms
D/nofatclips(  255): Deleting backup of the old task list from disk
D/nofatclips(  255): Deleting backup of the old activity list from disk
I/nofatclips(  255): Incrementally Playing Trace 183
D/nofatclips(  255): Firing event: type= back
W/InputManagerService(   61): Window already focused, ignoring focus gain of: com.android.internal.view.IInputMethodClient$Stub$Proxy@4065dff0
I/nofatclips(  255): Waiting for 100 msec.
I/nofatclips(  255): Current activity is EditPost
I/nofatclips(  255): Retrieving widgets
D/nofatclips(  255): Found widget: id=-1 (android.widget.LinearLayout@40585e28)
D/nofatclips(  255): Found widget: id=-1 (android.widget.FrameLayout@40586140)
D/nofatclips(  255): Found widget: id=16908310 (android.widget.TextView@40608178): Katie&#039;s Sweet Testing Blog - New Post
D/nofatclips(  255): Found widget: id=16908290 (android.widget.FrameLayout@40672708)
D/nofatclips(  255): Found widget: id=-1 (android.widget.LinearLayout@40610ac8)
D/nofatclips(  255): Found widget: id=-1 (android.widget.ScrollView@40610e10)
D/nofatclips(  255): Found widget: id=-1 (android.widget.LinearLayout@405b9168)
D/nofatclips(  255): Found widget: id=2131165209 (android.widget.RelativeLayout@40623458)
D/nofatclips(  255): Found widget: id=2131165210 (android.widget.TextView@405b6290): Post Content
D/nofatclips(  255): Found widget: id=2131165236 (android.widget.EditText@405d1598): 90
D/nofatclips(  255): Found widget: id=2131165265 (org.wordpress.android.util.WPEditText@406952f8): 
D/nofatclips(  255): Found widget: id=2131165266 (android.widget.RelativeLayout@40667720)
D/nofatclips(  255): Found widget: id=2131165267 (android.widget.TextView@4066be80): Tags & Categories
D/nofatclips(  255): Found widget: id=2131165268 (android.widget.EditText@406543a0): 85
D/nofatclips(  255): Found widget: id=2131165269 (android.widget.Button@405ce868): Select Categories
D/nofatclips(  255): Found widget: id=2131165270 (android.widget.TextView@405b0ee8): Selected categories:
D/nofatclips(  255): Found widget: id=2131165271 (android.widget.RelativeLayout@405b1398)
D/nofatclips(  255): Found widget: id=2131165272 (android.widget.RelativeLayout@405d7f70)
D/nofatclips(  255): Found widget: id=2131165273 (android.widget.TextView@40666278): Location
D/nofatclips(  255): Found widget: id=2131165274 (android.widget.TextView@405b18d8): Loading...
D/nofatclips(  255): Found widget: id=2131165275 (android.widget.Button@4060ec58): View Map
D/nofatclips(  255): Found widget: id=2131165276 (android.widget.Button@405f1948): Update Location
D/nofatclips(  255): Found widget: id=2131165277 (android.widget.RelativeLayout@4068f9e0)
D/nofatclips(  255): Found widget: id=2131165278 (android.widget.TextView@4068fd88): Settings
D/nofatclips(  255): Found widget: id=2131165279 (android.widget.TextView@4061e880): Status:
D/nofatclips(  255): Found widget: id=2131165280 (android.widget.Spinner@4068bcc0)
D/nofatclips(  255): Found widget: id=2131165281 (android.widget.TextView@4065cb38): Publish:
D/nofatclips(  255): Found widget: id=2131165282 (android.widget.TextView@4065d078): Immediately
D/nofatclips(  255): Found widget: id=2131165283 (android.widget.Button@406008e0): Edit
D/nofatclips(  255): Found widget: id=2131165284 (android.widget.TextView@406c3418): Post Format:
D/nofatclips(  255): Found widget: id=2131165285 (android.widget.Spinner@4066f6f8)
D/nofatclips(  255): Found widget: id=16908308 (android.widget.TextView@406fd2e8): Audio
D/nofatclips(  255): Found widget: id=2131165286 (android.widget.EditText@40694710): 45
D/nofatclips(  255): Found widget: id=2131165287 (android.widget.Button@40615d20): Publish
D/nofatclips(  255): Found widget: id=-1 (com.android.internal.policy.impl.PhoneWindow$DecorView@40646a68)
V/nicola  (  255): TextualID : null
V/nicola  (  255): ContentType detected : default
V/nicola  (  255): TextualID : l_section1
V/nicola  (  255): ContentType detected : default
V/ReflectionHelper(  255): android.widget.EditText > mOnFocusChangeListener FOUND | NOT ACTIVE
V/nicola  (  255): TextualID : title
V/nicola  (  255): ContentType detected : default
V/ReflectionHelper(  255): org.wordpress.android.util.WPEditText > mOnFocusChangeListener FOUND | ACTIVE
V/nicola  (  255): TextualID : postContent
V/nicola  (  255): ContentType detected : default
V/nicola  (  255): TextualID : l_tags_categories
V/nicola  (  255): ContentType detected : default
V/ReflectionHelper(  255): android.widget.EditText > mOnFocusChangeListener FOUND | NOT ACTIVE
V/nicola  (  255): TextualID : tags
V/nicola  (  255): ContentType detected : default
V/nicola  (  255): TextualID : selectCategories
V/nicola  (  255): ContentType detected : default
V/nicola  (  255): TextualID : selectedCategories
V/nicola  (  255): ContentType detected : default
V/nicola  (  255): TextualID : l_status
V/nicola  (  255): ContentType detected : default
V/nicola  (  255): TextualID : statusLabel
V/nicola  (  255): ContentType detected : default
V/nicola  (  255): TextualID : pubDateLabel
V/nicola  (  255): ContentType detected : default
V/nicola  (  255): TextualID : pubDate
V/nicola  (  255): ContentType detected : default
V/nicola  (  255): TextualID : pubDateButton
V/nicola  (  255): ContentType detected : default
V/nicola  (  255): TextualID : postFormatLabel
V/nicola  (  255): ContentType detected : default
V/nicola  (  255): TextualID : null
V/nicola  (  255): ContentType detected : default
V/ReflectionHelper(  255): android.widget.EditText > mOnFocusChangeListener FOUND | NOT ACTIVE
V/nicola  (  255): TextualID : post_password
V/nicola  (  255): ContentType detected : default
V/nicola  (  255): TextualID : post
V/nicola  (  255): ContentType detected : default
I/nofatclips(  255): Performing comparation for activity EditPost
D/nofatclips(  255): Comparing against activity EditPost
D/nofatclips(  255): Comparing against activity EditPost
D/nofatclips(  255): Comparing against activity EditPost
D/nofatclips(  255): Comparing against activity EditPost
D/nofatclips(  255): Comparing against activity EditPost
D/nofatclips(  255): Comparing against activity EditPost
D/nofatclips(  255): Comparing against activity SelectCategories
D/nofatclips(  255): Comparing against activity EditPost
D/nofatclips(  255): Comparing against activity EditPost
D/nofatclips(  255): Comparing against activity EditPost
D/nofatclips(  255): Comparing against activity EditPost
D/nofatclips(  255): Comparing against activity EditPost
D/nofatclips(  255): Comparing against activity EditPost
D/nofatclips(  255): Comparing against activity Preferences
D/nofatclips(  255): Comparing against activity Dashboard
D/nofatclips(  255): Comparing against activity EditPost
D/nofatclips(  255): Comparing against activity EditPost
D/nofatclips(  255): Comparing against activity Dashboard
D/nofatclips(  255): Comparing against activity Dashboard
I/nofatclips(  255): Registering activity EditPost (id: a20) as a new found state
D/nofatclips(  255): Performing backup of the old activity list on disk
D/nofatclips(  255): Saving new found state 'a20' on disk
V/nofatclips(  255): Opening state file in append mode.
