D/nofatclips(  255): Updated value of parameter SLEEP_AFTER_TASK to 100 (default = 1000)
V/nofatclips(  255): Updating value SLEEP_ON_THROBBER
D/nofatclips(  255): Updated value of parameter SLEEP_ON_THROBBER to 100 (default = 1000)
D/nofatclips(  255): Updating node screenshot
D/nofatclips(  255): Loading node screenshot
V/nofatclips(  255): Updating value FORCE_RESTART
V/nofatclips(  255): Updating value IN_AND_OUT_FOCUS
V/nofatclips(  255): Updating value PRECRAWLING
V/nofatclips(  255): Updating value SCREENSHOT_FOR_EVENTS
V/nofatclips(  255): Updating value SCREENSHOT_FOR_STATES
V/nofatclips(  255): Updating value SCREENSHOT_ONLY_NEW_STATES
V/nofatclips(  255): Updating value SLEEP_AFTER_EVENT
V/nofatclips(  255): Updating value SLEEP_AFTER_RESTART
V/nofatclips(  255): Updating value SLEEP_AFTER_TASK
V/nofatclips(  255): Updating value SLEEP_ON_THROBBER
I/nofatclips(  255): Waiting for 100 msec.
D/nofatclips(  255): Ready to operate after restarting...
I/nofatclips(  255): Current activity is Dashboard
W/nofatclips(  255): --->Dashboard
I/nofatclips(  255): Retrieving widgets
D/nofatclips(  255): No session to resume: task list not found. Will start from scratch.
I/nofatclips(  255): Starting a new session
D/nofatclips(  255): Performing backup of the old activity list on disk
D/nofatclips(  255): Saving new found state 'exit' on disk
V/nofatclips(  255): Opening state file in overwrite mode.
I/ActivityManager(   61): Start proc com.android.email for broadcast com.android.email/.service.EmailBroadcastReceiver: pid=297 uid=10028 gids={3003, 1015}
D/dalvikvm(  255): GC_CONCURRENT freed 174K, 48% free 3045K/5831K, external 1812K/2324K, paused 3ms+16ms
I/InputReader(   61): Device reconfigured: id=0x0, name=qwerty2, display size is now 320x480
I/InputManager-Callbacks(   61): No virtual keys found for device qwerty2.
I/nofatclips(  255): Planning for new Activity Dashboard
I/nofatclips(  255): Created trace to press the menu button
I/nofatclips(  255): Created trace to change orientation
I/nofatclips(  255): Dispatching new task. 2 more tasks remaining.
D/nofatclips(  255): Saving task list on disk
V/nofatclips(  255): Backing up trace #0 to disk.
V/nofatclips(  255): Backing up trace #1 to disk.
D/nofatclips(  255): Deleting backup of the old activity list from disk
I/nofatclips(  255): Restarting
I/ARMAssembler(   61): generated scanline__00000077:03515104_00001004_00000000 [ 65 ipp] (85 ins) at [0x46efd520:0x46efd674] in 549107 ns
I/ARMAssembler(   61): generated scanline__00000177:03515104_00001001_00000000 [ 91 ipp] (114 ins) at [0x46efd678:0x46efd840] in 366499 ns
I/ARMAssembler(   61): generated scanline__00000177:03515104_00001002_00000000 [ 87 ipp] (110 ins) at [0x46efd848:0x46efda00] in 289093 ns
I/nofatclips(  255): Waiting for 100 msec.
I/ActivityThread(  297): Pub com.android.email.provider: com.android.email.provider.EmailProvider
I/ActivityThread(  297): Pub com.android.email.attachmentprovider: com.android.email.provider.AttachmentProvider
I/ActivityThread(  297): Pub com.android.exchange.provider: com.android.exchange.provider.ExchangeProvider
D/EAS SyncManager(  297): !!! EAS SyncManager, onCreate
D/nofatclips(  255): Ready to operate after restarting...
I/nofatclips(  255): Retrieving widgets
D/nofatclips(  255): Found widget: id=16908290 (android.widget.FrameLayout@405a0e58)
D/nofatclips(  255): Found widget: id=2131165248 (android.widget.RelativeLayout@405a1b58)
D/nofatclips(  255): Found widget: id=2131165249 (android.widget.LinearLayout@405a21c0)
D/nofatclips(  255): Found widget: id=-1 (android.widget.ImageView@405a2708)
D/nofatclips(  255): Found widget: id=2131165250 (org.wordpress.android.util.WPTitleBar@4059c0e0)
D/nofatclips(  255): Found widget: id=2131165195 (android.widget.RelativeLayout@4050e728)
D/nofatclips(  255): Found widget: id=2131165196 (android.widget.RelativeLayout@405689d8)
D/nofatclips(  255): Found widget: id=2131165197 (android.widget.ImageView@4059d378)
D/nofatclips(  255): Found widget: id=2131165198 (android.widget.TextView@40541d48): Katie's Sweet Testing Blog
D/nofatclips(  255): Found widget: id=2131165199 (android.widget.ImageView@4055d5d8)
D/nofatclips(  255): Found widget: id=-1 (android.widget.RelativeLayout@40579940)
D/nofatclips(  255): Found widget: id=2131165200 (android.widget.ImageButton@4059d8a0)
D/nofatclips(  255): Found widget: id=-1 (android.widget.FrameLayout@4057ae28)
D/nofatclips(  255): Found widget: id=2131165201 (android.widget.Button@40542710): 
D/nofatclips(  255): Found widget: id=2131165202 (android.widget.ImageView@40593cd8)
D/nofatclips(  255): Found widget: id=2131165203 (android.widget.ImageView@4053cf08)
D/nofatclips(  255): Found widget: id=2131165204 (android.widget.LinearLayout@405695e0)
D/nofatclips(  255): Found widget: id=-1 (android.widget.FrameLayout@4059d110)
D/nofatclips(  255): Found widget: id=-1 (android.widget.LinearLayout@405300b0)
D/nofatclips(  255): Found widget: id=-1 (android.widget.LinearLayout@4050e538)
D/nofatclips(  255): Found widget: id=-1 (android.widget.LinearLayout@4052f6d0)
D/nofatclips(  255): Found widget: id=2131165251 (android.widget.LinearLayout@4052fd88)
D/nofatclips(  255): Found widget: id=-1 (android.widget.ImageView@40590780)
D/nofatclips(  255): Found widget: id=2131165256 (android.widget.TextView@4056b2d8): New Post
D/nofatclips(  255): Found widget: id=2131165253 (android.widget.LinearLayout@4059c318)
D/nofatclips(  255): Found widget: id=-1 (android.widget.ImageView@405310f0)
D/nofatclips(  255): Found widget: id=2131165256 (android.widget.TextView@4056bc10): New Page
D/nofatclips(  255): Found widget: id=-1 (android.widget.LinearLayout@405333a8)
D/nofatclips(  255): Found widget: id=2131165252 (android.widget.LinearLayout@40530d98)
D/nofatclips(  255): Found widget: id=-1 (android.widget.ImageView@405392a0)
D/nofatclips(  255): Found widget: id=2131165256 (android.widget.TextView@40577e08): Quick Photo
D/nofatclips(  255): Found widget: id=2131165254 (android.widget.LinearLayout@40547918)
D/nofatclips(  255): Found widget: id=-1 (android.widget.ImageView@40531c90)
D/nofatclips(  255): Found widget: id=2131165256 (android.widget.TextView@40578678): Quick Video
D/nofatclips(  255): Found widget: id=-1 (android.widget.LinearLayout@4052eb40)
D/nofatclips(  255): Found widget: id=-1 (android.widget.LinearLayout@40534360)
D/nofatclips(  255): Found widget: id=2131165255 (android.widget.LinearLayout@40535628)
D/nofatclips(  255): Found widget: id=-1 (android.widget.ImageView@40542cd0)
D/nofatclips(  255): Found widget: id=2131165256 (android.widget.TextView@40578d00): Posts
D/nofatclips(  255): Found widget: id=2131165257 (android.widget.LinearLayout@40546090)
D/nofatclips(  255): Found widget: id=-1 (android.widget.ImageView@40568d08)
D/nofatclips(  255): Found widget: id=2131165256 (android.widget.TextView@40537958): Pages
D/nofatclips(  255): Found widget: id=-1 (android.widget.FrameLayout@40534968)
D/nofatclips(  255): Found widget: id=2131165258 (android.widget.LinearLayout@40540650)
D/nofatclips(  255): Found widget: id=-1 (android.widget.ImageView@40537068)
D/nofatclips(  255): Found widget: id=2131165256 (android.widget.TextView@40539908): Comments
D/nofatclips(  255): Found widget: id=2131165259 (android.widget.FrameLayout@40544b40)
D/nofatclips(  255): Found widget: id=2131165260 (android.widget.ImageView@40546660)
D/nofatclips(  255): Found widget: id=2131165261 (org.wordpress.android.util.CommentBadgeTextView@4053a920): 0
D/nofatclips(  255): Found widget: id=-1 (android.widget.LinearLayout@405396e0)
D/nofatclips(  255): Found widget: id=2131165262 (android.widget.LinearLayout@40540cf8)
D/nofatclips(  255): Found widget: id=-1 (android.widget.ImageView@40541600)
D/nofatclips(  255): Found widget: id=2131165256 (android.widget.TextView@40540f40): Settings
D/nofatclips(  255): Found widget: id=2131165263 (android.widget.LinearLayout@40544598)
D/nofatclips(  255): Found widget: id=-1 (android.widget.ImageView@405604f0)
D/nofatclips(  255): Found widget: id=2131165256 (android.widget.TextView@40543280): Read
D/nofatclips(  255): Found widget: id=2131165264 (android.widget.LinearLayout@40561bd8)
D/nofatclips(  255): Found widget: id=-1 (android.widget.ImageView@40564490)
D/nofatclips(  255): Found widget: id=2131165256 (android.widget.TextView@4054ffd8): Stats
D/nofatclips(  255): Found widget: id=-1 (com.android.internal.policy.impl.PhoneWindow$DecorView@405a0558)
I/nofatclips(  255): Playing Trace 1
I/nofatclips(  255): Retrieved from return list id=16908290
D/nofatclips(  255): Testing for type (android.widget.FrameLayout) against the original (null)
I/nofatclips(  255): Firing event: type= openMenu name= widget=null
D/dalvikvm(  255): GC_CONCURRENT freed 627K, 52% free 3134K/6407K, external 1812K/2324K, paused 3ms+3ms
I//system/bin/fsck_msdos(   29): ** /dev/block/vold/179:0
I//system/bin/fsck_msdos(   29): ** Phase 1 - Read and Compare FATs
I//system/bin/fsck_msdos(   29): Attempting to allocate 397 KB for FAT
I/Launcher(  142): setLoadOnResume
D/MediaScannerService(  244): start scanning volume internal
I//system/bin/fsck_msdos(   29): Attempting to allocate 397 KB for FAT
D/dalvikvm(  276): GC_CONCURRENT freed 488K, 54% free 2729K/5831K, external 716K/1038K, paused 3ms+3ms
D/dalvikvm(  297): GC_CONCURRENT freed 536K, 54% free 2699K/5831K, external 716K/1038K, paused 3ms+7ms
D/Eas Debug(  297): Logging: 
D/EAS SyncManager(  297): !!! EAS SyncManager, onDestroy
D/Email   (  297): BOOT_COMPLETED
W/KeyCharacterMap(  255): No keyboard for id 0
W/KeyCharacterMap(  255): Using default keymap: /system/usr/keychars/qwerty.kcm.bin
I//system/bin/fsck_msdos(   29): ** Phase 2 - Check Cluster Chains
I//system/bin/fsck_msdos(   29): ** Phase 3 - Checking Directories
I//system/bin/fsck_msdos(   29): ** Phase 4 - Checking for Lost Files
I//system/bin/fsck_msdos(   29): Next free cluster in FSInfo block (5) not free
I//system/bin/fsck_msdos(   29): FIXED
I//system/bin/fsck_msdos(   29): 3 files, 50388 free (100777 clusters)
I/Vold    (   29): Filesystem check completed OK
I/Vold    (   29): Device /dev/block/vold/179:0, target /mnt/sdcard mounted @ /mnt/secure/staging
D/Vold    (   29): Volume sdcard state changing 3 (Checking) -> 4 (Mounted)
I/PackageManager(   61): Updating external media status from unmounted to mounted
I/StorageNotification(  133): Media {/mnt/sdcard} state changed from {checking} -> {mounted}
D/VoldCmdListener(   29): asec list
I/PackageManager(   61): No secure containers on sdcard
W/PackageManager(   61): Unknown permission com.google.android.googleapps.permission.GOOGLE_AUTH.mail in package com.android.contacts
W/PackageManager(   61): Unknown permission android.permission.ADD_SYSTEM_SERVICE in package com.android.phone
I/Launcher(  142): setLoadOnResume
W/PackageManager(   61): Not granting permission android.permission.SEND_DOWNLOAD_COMPLETED_INTENTS to package com.android.browser (protectionLevel=2 flags=0x9be45)
W/PackageManager(   61): Unknown permission com.google.android.gm.permission.WRITE_GMAIL in package com.android.settings
W/PackageManager(   61): Unknown permission com.google.android.gm.permission.READ_GMAIL in package com.android.settings
W/PackageManager(   61): Unknown permission com.google.android.googleapps.permission.GOOGLE_AUTH in package com.android.settings
W/PackageManager(   61): Unknown permission com.google.android.googleapps.permission.GOOGLE_AUTH in package com.android.providers.contacts
W/PackageManager(   61): Unknown permission com.google.android.googleapps.permission.GOOGLE_AUTH.cp in package com.android.providers.contacts
W/PackageManager(   61): Unknown permission com.google.android.googleapps.permission.ACCESS_GOOGLE_PASSWORD in package com.android.development
W/PackageManager(   61): Unknown permission com.google.android.googleapps.permission.GOOGLE_AUTH in package com.android.development
W/PackageManager(   61): Unknown permission com.google.android.googleapps.permission.GOOGLE_AUTH.ALL_SERVICES in package com.android.development
W/PackageManager(   61): Unknown permission com.google.android.googleapps.permission.GOOGLE_AUTH.YouTubeUser in package com.android.development
W/PackageManager(   61): Unknown permission android.permission.READ_OWNER_DATA in package com.android.email
W/PackageManager(   61): Not granting permission android.permission.DEVICE_POWER to package com.android.deskclock (protectionLevel=2 flags=0x8be45)
W/ImageDownloader(  255): Error 404 while retrieving bitmap from http://gravatar.com/blavatar/44d338f29053dbb888da79dcf98df489?s=60&d=404
D/MediaScanner(  244):  prescan time: 532ms
D/MediaScanner(  244):     scan time: 6ms
D/MediaScanner(  244): postscan time: 0ms
D/MediaScanner(  244):    total time: 538ms
D/dalvikvm(  244): GC_CONCURRENT freed 522K, 55% free 2646K/5767K, external 716K/1038K, paused 3ms+2ms
D/szipinf (  180): Initializing inflate state
D/dalvikvm(  180): GC_CONCURRENT freed 223K, 51% free 2827K/5703K, external 716K/1038K, paused 2ms+2ms
D/MediaScannerService(  244): done scanning volume internal
I/nofatclips(  255): Waiting for 100 msec.
I/nofatclips(  255): Current activity is Dashboard
I/nofatclips(  255): Retrieving widgets
D/nofatclips(  255): Found widget: id=16908726 (com.android.internal.view.menu.IconMenuView@406172a8)
D/nofatclips(  255): Found widget: id=16908310 (com.android.internal.view.menu.IconMenuItemView@4061af58): Add Account
D/nofatclips(  255): Found widget: id=16908310 (com.android.internal.view.menu.IconMenuItemView@4061bd68): Preferences
D/nofatclips(  255): Found widget: id=16908310 (com.android.internal.view.menu.IconMenuItemView@405d0530): Remove Blog
D/nofatclips(  255): Found widget: id=16908310 (com.android.internal.view.menu.IconMenuItemView@405d5060): About
D/nofatclips(  255): Found widget: id=-1 (com.android.internal.policy.impl.PhoneWindow$DecorView@406158b0)
V/ReflectionHelper(  255): com.android.internal.view.menu.IconMenuView > mOnFocusChangeListener FOUND | NOT ACTIVE
V/nicola  (  255): TextualID : null
V/nicola  (  255): ContentType detected : default
V/nicola  (  255): TextualID : null
V/nicola  (  255): ContentType detected : default
V/nicola  (  255): TextualID : null
V/nicola  (  255): ContentType detected : default
V/nicola  (  255): TextualID : null
V/nicola  (  255): ContentType detected : default
I/nofatclips(  255): Performing comparation for activity Dashboard
D/nofatclips(  255): Comparing against activity Dashboard
I/nofatclips(  255): Registering activity Dashboard (id: a2) as a new found state
D/nofatclips(  255): Performing backup of the old activity list on disk
D/nofatclips(  255): Saving new found state 'a2' on disk
V/nofatclips(  255): Opening state file in append mode.
I/nofatclips(  255): Saved image on disk: a2.jpg
I/nofatclips(  255): Waiting for 100 msec.
D/EAS SyncManager(  297): !!! EAS SyncManager, onCreate
D/EAS SyncManager(  297): !!! EAS SyncManager, onStartCommand
D/EAS SyncManager(  297): !!! EAS SyncManager, stopping self
D/EAS SyncManager(  297): !!! EAS SyncManager, onDestroy
I/nofatclips(  255): Session count is 1. Will dump to disk at 1
I/nofatclips(  255): Saving the session on disk. This is the first batch: the file will be created.
I/nofatclips(  255): Planning for new Activity Dashboard
D/nofatclips(  255): Handling event 'click' on widget id=16908310 type=menuItem name=Add Account
D/nofatclips(  255): Handling event 'click' on widget id=16908310 type=menuItem name=Preferences
D/nofatclips(  255): Handling event 'click' on widget id=16908310 type=menuItem name=Remove Blog
D/nofatclips(  255): Handling event 'click' on widget id=16908310 type=menuItem name=About
D/MediaScannerService(  244): start scanning volume external
I/nofatclips(  255): Created trace to press the back button
I/nofatclips(  255): Created trace to press the menu button
I/nofatclips(  255): Created trace to change orientation
I/nofatclips(  255): Check for termination: 99 steps left of 100
I/nofatclips(  255): Dispatching new task. 2 more tasks remaining.
D/nofatclips(  255): Performing backup of the old task list on disk
D/nofatclips(  255): Saving task list on disk
V/nofatclips(  255): Backing up trace #6 to disk.
V/nofatclips(  255): Backing up trace #7 to disk.
D/dalvikvm(  255): GC_CONCURRENT freed 678K, 50% free 3359K/6599K, external 2188K/2324K, paused 2ms+3ms
D/nofatclips(  255): Deleting backup of the old task list from disk
D/nofatclips(  255): Deleting backup of the old activity list from disk
I/nofatclips(  255): Incrementally Playing Trace 7
I/nofatclips(  255): Retrieved from return list id=16908310
D/nofatclips(  255): Testing for type (com.android.internal.view.menu.IconMenuItemView) against the original (com.android.internal.view.menu.IconMenuItemView)
D/nofatclips(  255): Testing for name (Add Account) against the original (Add Account)
I/nofatclips(  255): Firing event: type= click index=1 widget=com.android.internal.view.menu.IconMenuItemView
V/MediaProvider(  244): /mnt/sdcard volume ID: 435763998
D/dalvikvm(  142): GC_EXTERNAL_ALLOC freed 156K, 49% free 2990K/5767K, external 2617K/2620K, paused 186ms
I/Launcher(  142): setLoadOnResume
D/dalvikvm(  132): GREF has increased to 201
D/dalvikvm(   61): GC_CONCURRENT freed 731K, 45% free 4165K/7559K, external 1865K/3065K, paused 3ms+5ms
I/dalvikvm(   61): Jit: resizing JitTable from 512 to 1024
V/MediaProvider(  244): Attached volume: external
W/KeyCharacterMap(  255): No keyboard for id 0
W/KeyCharacterMap(  255): Using default keymap: /system/usr/keychars/qwerty.kcm.bin
V/MediaScanner(  244): pruneDeadThumbnailFiles... android.database.sqlite.SQLiteCursor@405911b8
V/MediaScanner(  244): /pruneDeadThumbnailFiles... android.database.sqlite.SQLiteCursor@405911b8
D/MediaScanner(  244):  prescan time: 61ms
D/MediaScanner(  244):     scan time: 1ms
D/MediaScanner(  244): postscan time: 39ms
D/MediaScanner(  244):    total time: 101ms
D/MediaScannerService(  244): done scanning volume external
D/szipinf (  142): Initializing inflate state
D/dalvikvm(  142): GC_EXPLICIT freed 221K, 50% free 2927K/5767K, external 2235K/2294K, paused 37ms
I/ContactsDatabaseHelper(  180): Locale change completed in 8434ms
D/nofatclips(  255): Event description: Add Account
I/ActivityManager(   61): Starting: Intent { cmp=org.wordpress.android/.Preferences } from pid 255
I/nofatclips(  255): Waiting for 100 msec.
I/dalvikvm(  255): Jit: resizing JitTable from 512 to 1024
I/ActivityManager(   61): Displayed org.wordpress.android/.Preferences: +1s471ms
I/nofatclips(  255): Current activity is Preferences
I/nofatclips(  255): Retrieving widgets
D/nofatclips(  255): Found widget: id=-1 (android.widget.LinearLayout@4064b6b0)
D/nofatclips(  255): Found widget: id=-1 (android.widget.FrameLayout@4064b800)
D/nofatclips(  255): Found widget: id=16908310 (android.widget.TextView@40650400): Preferences
D/nofatclips(  255): Found widget: id=16908290 (android.widget.FrameLayout@406549f8)
D/nofatclips(  255): Found widget: id=-1 (android.widget.ScrollView@4061db10)
D/nofatclips(  255): Found widget: id=-1 (android.widget.LinearLayout@405b6e50)
D/nofatclips(  255): Found widget: id=-1 (android.widget.LinearLayout@405cc410)
D/nofatclips(  255): Found widget: id=-1 (android.widget.TextView@40647628):   Comment Notifications
D/nofatclips(  255): Found widget: id=-1 (android.widget.LinearLayout@4065c6e0)
D/nofatclips(  255): Found widget: id=1 (android.widget.CheckBox@405ccb00): Katie's Sweet Testing Blog
D/nofatclips(  255): Found widget: id=2 (android.widget.CheckBox@40669fb8): My Blog
D/nofatclips(  255): Found widget: id=-1 (android.widget.TextView@40608520): Update interval:
D/nofatclips(  255): Found widget: id=-1 (android.widget.Spinner@406499d0)
D/nofatclips(  255): Found widget: id=16908308 (android.widget.TextView@406102a0): 5 Minutes
D/nofatclips(  255): Found widget: id=-1 (android.widget.LinearLayout@4064e2b0)
D/nofatclips(  255): Found widget: id=-1 (android.widget.CheckBox@406529d8): Play notification sound
D/nofatclips(  255): Found widget: id=-1 (android.widget.CheckBox@4065f1f8): Vibrate
D/nofatclips(  255): Found widget: id=-1 (android.widget.CheckBox@40616ca0): Blink notification light
D/nofatclips(  255): Found widget: id=-1 (android.widget.LinearLayout@4063e148)
D/nofatclips(  255): Found widget: id=-1 (android.widget.TextView@40570cc8):   Post Signature
D/nofatclips(  255): Found widget: id=-1 (android.widget.CheckBox@40669578): Add a tagline to new posts
D/nofatclips(  255): Found widget: id=-1 (android.widget.EditText@405b06c8): Posted from WordPress for Android
D/nofatclips(  255): Found widget: id=-1 (android.widget.LinearLayout@406040a0)
D/nofatclips(  255): Found widget: id=-1 (android.widget.Button@405ca6d8): Cancel
D/nofatclips(  255): Found widget: id=-1 (android.widget.Button@405d37d8): Save
D/nofatclips(  255): Found widget: id=-1 (com.android.internal.policy.impl.PhoneWindow$DecorView@405cf430)
V/nicola  (  255): TextualID : null
V/nicola  (  255): ContentType detected : default
V/nicola  (  255): TextualID : null
V/nicola  (  255): ContentType detected : default
V/nicola  (  255): TextualID : null
V/nicola  (  255): ContentType detected : default
V/nicola  (  255): TextualID : null
V/nicola  (  255): ContentType detected : default
V/nicola  (  255): TextualID : null
V/nicola  (  255): ContentType detected : default
V/nicola  (  255): TextualID : null
V/nicola  (  255): ContentType detected : default
V/nicola  (  255): TextualID : null
V/nicola  (  255): ContentType detected : default
V/nicola  (  255): TextualID : null
V/nicola  (  255): ContentType detected : default
V/nicola  (  255): TextualID : null
V/nicola  (  255): ContentType detected : default
V/nicola  (  255): TextualID : null
V/nicola  (  255): ContentType detected : default
V/nicola  (  255): TextualID : null
V/nicola  (  255): ContentType detected : default
V/ReflectionHelper(  255): android.widget.EditText > mOnFocusChangeListener FOUND | NOT ACTIVE
V/nicola  (  255): TextualID : null
V/nicola  (  255): ContentType detected : default
V/nicola  (  255): TextualID : null
V/nicola  (  255): ContentType detected : default
V/nicola  (  255): TextualID : null
V/nicola  (  255): ContentType detected : default
I/nofatclips(  255): Performing comparation for activity Preferences
D/nofatclips(  255): Comparing against activity Dashboard
D/nofatclips(  255): Comparing against activity Dashboard
I/nofatclips(  255): Registering activity Preferences (id: a3) as a new found state
D/nofatclips(  255): Performing backup of the old activity list on disk
D/nofatclips(  255): Saving new found state 'a3' on disk
V/nofatclips(  255): Opening state file in append mode.
D/dalvikvm(  255): GC_EXTERNAL_ALLOC freed 737K, 51% free 3362K/6727K, external 2203K/2324K, paused 101ms
D/dalvikvm(  255): GC_EXTERNAL_ALLOC freed 73K, 52% free 3289K/6727K, external 3238K/3294K, paused 87ms
I/nofatclips(  255): Saved image on disk: a3.jpg
I/nofatclips(  255): Waiting for 100 msec.
I/nofatclips(  255): Session count is 1. Will dump to disk at 1
I/nofatclips(  255): Saving the session on disk.
I/nofatclips(  255): Planning for new Activity Preferences
D/nofatclips(  255): Handling event 'click' on widget id=1 type=check name=Katie's Sweet Testing Blog
D/nofatclips(  255): Handling event 'click' on widget id=2 type=check name=My Blog
D/nofatclips(  255): Handling event 'click' on widget id=-1 type=check name=Play notification sound
D/nofatclips(  255): Handling event 'click' on widget id=-1 type=check name=Vibrate
D/nofatclips(  255): Handling event 'click' on widget id=-1 type=check name=Blink notification light
D/nofatclips(  255): Handling event 'click' on widget id=-1 type=check name=Add a tagline to new posts
D/nofatclips(  255): Handling event 'click' on widget id=-1 type=button name=Cancel
D/nofatclips(  255): Handling event 'click' on widget id=-1 type=button name=Save
I/nofatclips(  255): Created trace to press the back button
I/nofatclips(  255): Created trace to press the menu button
I/nofatclips(  255): Created trace to change orientation
I/nofatclips(  255): Check for termination: 98 steps left of 100
I/nofatclips(  255): Dispatching new task. 2 more tasks remaining.
D/nofatclips(  255): Performing backup of the old task list on disk
D/nofatclips(  255): Saving task list on disk
V/nofatclips(  255): Backing up trace #17 to disk.
V/nofatclips(  255): Backing up trace #18 to disk.
D/nofatclips(  255): Deleting backup of the old task list from disk
D/nofatclips(  255): Deleting backup of the old activity list from disk
I/nofatclips(  255): Incrementally Playing Trace 18
I/nofatclips(  255): Retrieved from return list id=-1
D/nofatclips(  255): Testing for type (android.widget.Button) against the original (android.widget.Button)
D/nofatclips(  255): Testing for name (Cancel) against the original (Cancel)
I/nofatclips(  255): Firing event: type= click index=23 widget=android.widget.Button
D/dalvikvm(  255): GC_CONCURRENT freed 1024K, 53% free 3327K/6983K, external 3238K/4043K, paused 4ms+3ms
W/KeyCharacterMap(  255): No keyboard for id 0
W/KeyCharacterMap(  255): Using default keymap: /system/usr/keychars/qwerty.kcm.bin
D/nofatclips(  255): Event description: Cancel
I/nofatclips(  255): Waiting for 100 msec.
I/nofatclips(  255): Current activity is Dashboard
I/nofatclips(  255): Retrieving widgets
D/nofatclips(  255): Found widget: id=16908290 (android.widget.FrameLayout@405a0e58)
D/nofatclips(  255): Found widget: id=2131165248 (android.widget.RelativeLayout@405a1b58)
D/nofatclips(  255): Found widget: id=2131165249 (android.widget.LinearLayout@405a21c0)
D/nofatclips(  255): Found widget: id=-1 (android.widget.ImageView@405a2708)
D/nofatclips(  255): Found widget: id=2131165250 (org.wordpress.android.util.WPTitleBar@4059c0e0)
D/nofatclips(  255): Found widget: id=2131165195 (android.widget.RelativeLayout@4050e728)
D/nofatclips(  255): Found widget: id=2131165196 (android.widget.RelativeLayout@405689d8)
D/nofatclips(  255): Found widget: id=2131165197 (android.widget.ImageView@4059d378)
D/nofatclips(  255): Found widget: id=2131165198 (android.widget.TextView@40541d48): Katie's Sweet Testing Blog
D/nofatclips(  255): Found widget: id=2131165199 (android.widget.ImageView@4055d5d8)
D/nofatclips(  255): Found widget: id=-1 (android.widget.RelativeLayout@40579940)
D/nofatclips(  255): Found widget: id=2131165200 (android.widget.ImageButton@4059d8a0)
D/nofatclips(  255): Found widget: id=-1 (android.widget.FrameLayout@4057ae28)
D/nofatclips(  255): Found widget: id=2131165201 (android.widget.Button@40542710): 
D/nofatclips(  255): Found widget: id=2131165202 (android.widget.ImageView@40593cd8)
D/nofatclips(  255): Found widget: id=2131165203 (android.widget.ImageView@4053cf08)
D/nofatclips(  255): Found widget: id=2131165204 (android.widget.LinearLayout@405695e0)
D/nofatclips(  255): Found widget: id=-1 (android.widget.FrameLayout@4059d110)
D/nofatclips(  255): Found widget: id=-1 (android.widget.LinearLayout@405300b0)
D/nofatclips(  255): Found widget: id=-1 (android.widget.LinearLayout@4050e538)
D/nofatclips(  255): Found widget: id=-1 (android.widget.LinearLayout@4052f6d0)
D/nofatclips(  255): Found widget: id=2131165251 (android.widget.LinearLayout@4052fd88)
D/nofatclips(  255): Found widget: id=-1 (android.widget.ImageView@40590780)
D/nofatclips(  255): Found widget: id=2131165256 (android.widget.TextView@4056b2d8): New Post
D/nofatclips(  255): Found widget: id=2131165253 (android.widget.LinearLayout@4059c318)
D/nofatclips(  255): Found widget: id=-1 (android.widget.ImageView@405310f0)
D/nofatclips(  255): Found widget: id=2131165256 (android.widget.TextView@4056bc10): New Page
D/nofatclips(  255): Found widget: id=-1 (android.widget.LinearLayout@405333a8)
D/nofatclips(  255): Found widget: id=2131165252 (android.widget.LinearLayout@40530d98)
D/nofatclips(  255): Found widget: id=-1 (android.widget.ImageView@405392a0)
D/nofatclips(  255): Found widget: id=2131165256 (android.widget.TextView@40577e08): Quick Photo
D/nofatclips(  255): Found widget: id=2131165254 (android.widget.LinearLayout@40547918)
D/nofatclips(  255): Found widget: id=-1 (android.widget.ImageView@40531c90)
D/nofatclips(  255): Found widget: id=2131165256 (android.widget.TextView@40578678): Quick Video
D/nofatclips(  255): Found widget: id=-1 (android.widget.LinearLayout@4052eb40)
D/nofatclips(  255): Found widget: id=-1 (android.widget.LinearLayout@40534360)
D/nofatclips(  255): Found widget: id=2131165255 (android.widget.LinearLayout@40535628)
D/nofatclips(  255): Found widget: id=-1 (android.widget.ImageView@40542cd0)
D/nofatclips(  255): Found widget: id=2131165256 (android.widget.TextView@40578d00): Posts
D/nofatclips(  255): Found widget: id=2131165257 (android.widget.LinearLayout@40546090)
D/nofatclips(  255): Found widget: id=-1 (android.widget.ImageView@40568d08)
D/nofatclips(  255): Found widget: id=2131165256 (android.widget.TextView@40537958): Pages
D/nofatclips(  255): Found widget: id=-1 (android.widget.FrameLayout@40534968)
D/nofatclips(  255): Found widget: id=2131165258 (android.widget.LinearLayout@40540650)
D/nofatclips(  255): Found widget: id=-1 (android.widget.ImageView@40537068)
D/nofatclips(  255): Found widget: id=2131165256 (android.widget.TextView@40539908): Comments
D/nofatclips(  255): Found widget: id=2131165259 (android.widget.FrameLayout@40544b40)
D/nofatclips(  255): Found widget: id=2131165260 (android.widget.ImageView@40546660)
D/nofatclips(  255): Found widget: id=2131165261 (org.wordpress.android.util.CommentBadgeTextView@4053a920): 0
D/nofatclips(  255): Found widget: id=-1 (android.widget.LinearLayout@405396e0)
D/nofatclips(  255): Found widget: id=2131165262 (android.widget.LinearLayout@40540cf8)
D/nofatclips(  255): Found widget: id=-1 (android.widget.ImageView@40541600)
D/nofatclips(  255): Found widget: id=2131165256 (android.widget.TextView@40540f40): Settings
D/nofatclips(  255): Found widget: id=2131165263 (android.widget.LinearLayout@40544598)
D/nofatclips(  255): Found widget: id=-1 (android.widget.ImageView@405604f0)
D/nofatclips(  255): Found widget: id=2131165256 (android.widget.TextView@40543280): Read
D/nofatclips(  255): Found widget: id=2131165264 (android.widget.LinearLayout@40561bd8)
D/nofatclips(  255): Found widget: id=-1 (android.widget.ImageView@40564490)
D/nofatclips(  255): Found widget: id=2131165256 (android.widget.TextView@4054ffd8): Stats
D/nofatclips(  255): Found widget: id=-1 (com.android.internal.policy.impl.PhoneWindow$DecorView@405a0558)
V/nicola  (  255): TextualID : blog_title
V/nicola  (  255): ContentType detected : default
V/nicola  (  255): TextualID : action_refresh
V/nicola  (  255): ContentType detected : default
V/nicola  (  255): TextualID : button_text
V/nicola  (  255): ContentType detected : default
V/nicola  (  255): TextualID : button_text
V/nicola  (  255): ContentType detected : default
V/nicola  (  255): TextualID : button_text
V/nicola  (  255): ContentType detected : default
V/nicola  (  255): TextualID : button_text
V/nicola  (  255): ContentType detected : default
V/nicola  (  255): TextualID : button_text
V/nicola  (  255): ContentType detected : default
V/nicola  (  255): TextualID : button_text
V/nicola  (  255): ContentType detected : default
V/nicola  (  255): TextualID : button_text
V/nicola  (  255): ContentType detected : default
V/nicola  (  255): TextualID : button_text
V/nicola  (  255): ContentType detected : default
V/nicola  (  255): TextualID : button_text
V/nicola  (  255): ContentType detected : default
V/nicola  (  255): TextualID : button_text
V/nicola  (  255): ContentType detected : default
I/nofatclips(  255): Performing comparation for activity Dashboard
D/nofatclips(  255): Comparing against activity Preferences
D/nofatclips(  255): Comparing against activity Dashboard
D/nofatclips(  255): Comparing against activity Dashboard
I/nofatclips(  255): Registering activity Dashboard (id: a4) as a new found state
D/nofatclips(  255): Performing backup of the old activity list on disk
D/nofatclips(  255): Saving new found state 'a4' on disk
V/nofatclips(  255): Opening state file in append mode.
D/dalvikvm(  255): GC_EXTERNAL_ALLOC freed 766K, 52% free 3408K/6983K, external 2825K/3294K, paused 100ms
I/nofatclips(  255): Saved image on disk: a4.jpg
I/nofatclips(  255): Waiting for 100 msec.
I/nofatclips(  255): Session count is 1. Will dump to disk at 1
I/nofatclips(  255): Saving the session on disk.
I/nofatclips(  255): Planning for new Activity Dashboard
D/nofatclips(  255): Handling event 'click' on widget id=2131165200 type=button name=
D/nofatclips(  255): Handling event 'click' on widget id=2131165201 type=button name=
D/nofatclips(  255): Handling event 'click' on widget id=2131165204 type=linearLayout name=
D/nofatclips(  255): Handling event 'click' on widget id=2131165251 type=linearLayout name=
I/dalvikvm(  255): Jit: resizing JitTable from 1024 to 2048
D/nofatclips(  255): Handling event 'click' on widget id=2131165253 type=linearLayout name=
D/nofatclips(  255): Handling event 'click' on widget id=2131165252 type=linearLayout name=
D/nofatclips(  255): Handling event 'click' on widget id=2131165254 type=linearLayout name=
D/nofatclips(  255): Handling event 'click' on widget id=2131165255 type=linearLayout name=
D/nofatclips(  255): Handling event 'click' on widget id=2131165257 type=linearLayout name=
D/nofatclips(  255): Handling event 'click' on widget id=2131165258 type=linearLayout name=
D/nofatclips(  255): Handling event 'click' on widget id=2131165262 type=linearLayout name=
D/dalvikvm(  255): GC_CONCURRENT freed 1159K, 53% free 3459K/7239K, external 2825K/3528K, paused 4ms+3ms
D/nofatclips(  255): Handling event 'click' on widget id=2131165263 type=linearLayout name=
D/nofatclips(  255): Handling event 'click' on widget id=2131165264 type=linearLayout name=
I/nofatclips(  255): Created trace to press the back button
I/nofatclips(  255): Created trace to press the menu button
I/nofatclips(  255): Created trace to change orientation
I/nofatclips(  255): Check for termination: 97 steps left of 100
I/nofatclips(  255): Dispatching new task. 2 more tasks remaining.
D/nofatclips(  255): Performing backup of the old task list on disk
D/nofatclips(  255): Saving task list on disk
V/nofatclips(  255): Backing up trace #32 to disk.
V/nofatclips(  255): Backing up trace #33 to disk.
D/nofatclips(  255): Deleting backup of the old task list from disk
D/nofatclips(  255): Deleting backup of the old activity list from disk
I/nofatclips(  255): Incrementally Playing Trace 33
I/nofatclips(  255): Retrieved from return list id=2131165251
D/nofatclips(  255): Testing for type (android.widget.LinearLayout) against the original (android.widget.LinearLayout)
D/nofatclips(  255): Testing for name () against the original ()
I/nofatclips(  255): Firing event: type= click index=21 widget=android.widget.LinearLayout
D/dalvikvm(  255): GC_CONCURRENT freed 1349K, 55% free 3350K/7367K, external 2225K/2825K, paused 3ms+3ms
W/KeyCharacterMap(  255): No keyboard for id 0
W/KeyCharacterMap(  255): Using default keymap: /system/usr/keychars/qwerty.kcm.bin
D/nofatclips(  255): Event description: New Post
I/ActivityManager(   61): Starting: Intent { cmp=org.wordpress.android/.EditPost (has extras) } from pid 255
I/nofatclips(  255): Waiting for 100 msec.
I/ActivityManager(   61): Displayed org.wordpress.android/.EditPost: +1s512ms
I/nofatclips(  255): Current activity is EditPost
I/nofatclips(  255): Retrieving widgets
D/nofatclips(  255): Found widget: id=-1 (android.widget.LinearLayout@40585e28)
D/nofatclips(  255): Found widget: id=-1 (android.widget.FrameLayout@40586140)
D/nofatclips(  255): Found widget: id=16908310 (android.widget.TextView@40608178): Katie&#039;s Sweet Testing Blog - New Post
D/nofatclips(  255): Found widget: id=16908290 (android.widget.FrameLayout@40672708)
D/nofatclips(  255): Found widget: id=-1 (android.widget.LinearLayout@40610ac8)
D/nofatclips(  255): Found widget: id=-1 (android.widget.ScrollView@40610e10)
D/nofatclips(  255): Found widget: id=-1 (android.widget.LinearLayout@405b9168)
D/nofatclips(  255): Found widget: id=2131165209 (android.widget.RelativeLayout@40623458)
D/nofatclips(  255): Found widget: id=2131165210 (android.widget.TextView@405b6290): Post Content
D/nofatclips(  255): Found widget: id=2131165236 (android.widget.EditText@405d1598): 
D/nofatclips(  255): Found widget: id=2131165265 (org.wordpress.android.util.WPEditText@406952f8): 
D/nofatclips(  255): Found widget: id=2131165266 (android.widget.RelativeLayout@40667720)
D/nofatclips(  255): Found widget: id=2131165267 (android.widget.TextView@4066be80): Tags & Categories
D/nofatclips(  255): Found widget: id=2131165268 (android.widget.EditText@406543a0): 
D/nofatclips(  255): Found widget: id=2131165269 (android.widget.Button@405ce868): Select Categories
D/nofatclips(  255): Found widget: id=2131165270 (android.widget.TextView@405b0ee8): Selected categories:
D/nofatclips(  255): Found widget: id=2131165271 (android.widget.RelativeLayout@405b1398)
D/nofatclips(  255): Found widget: id=2131165272 (android.widget.RelativeLayout@405d7f70)
D/nofatclips(  255): Found widget: id=2131165273 (android.widget.TextView@40666278): Location
D/nofatclips(  255): Found widget: id=2131165274 (android.widget.TextView@405b18d8): Loading...
D/nofatclips(  255): Found widget: id=2131165275 (android.widget.Button@4060ec58): View Map
D/nofatclips(  255): Found widget: id=2131165276 (android.widget.Button@405f1948): Update Location
D/nofatclips(  255): Found widget: id=2131165277 (android.widget.RelativeLayout@4068f9e0)
D/nofatclips(  255): Found widget: id=2131165278 (android.widget.TextView@4068fd88): Settings
D/nofatclips(  255): Found widget: id=2131165279 (android.widget.TextView@4061e880): Status:
D/nofatclips(  255): Found widget: id=2131165280 (android.widget.Spinner@4068bcc0)
D/nofatclips(  255): Found widget: id=2131165281 (android.widget.TextView@4065cb38): Publish:
D/nofatclips(  255): Found widget: id=2131165282 (android.widget.TextView@4065d078): Immediately
D/nofatclips(  255): Found widget: id=2131165283 (android.widget.Button@406008e0): Edit
D/nofatclips(  255): Found widget: id=2131165284 (android.widget.TextView@406c3418): Post Format:
D/nofatclips(  255): Found widget: id=2131165285 (android.widget.Spinner@4066f6f8)
D/nofatclips(  255): Found widget: id=16908308 (android.widget.TextView@406cd370): Standard
D/nofatclips(  255): Found widget: id=2131165286 (android.widget.EditText@40694710): 
D/nofatclips(  255): Found widget: id=2131165287 (android.widget.Button@40615d20): Publish
D/nofatclips(  255): Found widget: id=-1 (com.android.internal.policy.impl.PhoneWindow$DecorView@40646a68)
V/nicola  (  255): TextualID : null
V/nicola  (  255): ContentType detected : default
V/nicola  (  255): TextualID : l_section1
V/nicola  (  255): ContentType detected : default
V/ReflectionHelper(  255): android.widget.EditText > mOnFocusChangeListener FOUND | NOT ACTIVE
V/nicola  (  255): TextualID : title
V/nicola  (  255): ContentType detected : default
V/ReflectionHelper(  255): org.wordpress.android.util.WPEditText > mOnFocusChangeListener FOUND | ACTIVE
V/nicola  (  255): TextualID : postContent
V/nicola  (  255): ContentType detected : default
V/nicola  (  255): TextualID : l_tags_categories
V/nicola  (  255): ContentType detected : default
V/ReflectionHelper(  255): android.widget.EditText > mOnFocusChangeListener FOUND | NOT ACTIVE
V/nicola  (  255): TextualID : tags
V/nicola  (  255): ContentType detected : default
V/nicola  (  255): TextualID : selectCategories
V/nicola  (  255): ContentType detected : default
V/nicola  (  255): TextualID : selectedCategories
V/nicola  (  255): ContentType detected : default
V/nicola  (  255): TextualID : l_status
V/nicola  (  255): ContentType detected : default
V/nicola  (  255): TextualID : statusLabel
V/nicola  (  255): ContentType detected : default
V/nicola  (  255): TextualID : pubDateLabel
V/nicola  (  255): ContentType detected : default
V/nicola  (  255): TextualID : pubDate
V/nicola  (  255): ContentType detected : default
V/nicola  (  255): TextualID : pubDateButton
V/nicola  (  255): ContentType detected : default
V/nicola  (  255): TextualID : postFormatLabel
V/nicola  (  255): ContentType detected : default
V/nicola  (  255): TextualID : null
V/nicola  (  255): ContentType detected : default
V/ReflectionHelper(  255): android.widget.EditText > mOnFocusChangeListener FOUND | NOT ACTIVE
V/nicola  (  255): TextualID : post_password
V/nicola  (  255): ContentType detected : default
V/nicola  (  255): TextualID : post
V/nicola  (  255): ContentType detected : default
I/nofatclips(  255): Performing comparation for activity EditPost
D/nofatclips(  255): Comparing against activity Preferences
D/nofatclips(  255): Comparing against activity Dashboard
D/nofatclips(  255): Comparing against activity Dashboard
D/nofatclips(  255): Comparing against activity Dashboard
I/nofatclips(  255): Registering activity EditPost (id: a5) as a new found state
D/nofatclips(  255): Performing backup of the old activity list on disk
D/nofatclips(  255): Saving new found state 'a5' on disk
V/nofatclips(  255): Opening state file in append mode.
D/dalvikvm(  255): GC_CONCURRENT freed 828K, 52% free 3540K/7367K, external 2299K/2825K, paused 7ms+7ms
D/dalvikvm(  255): GC_EXTERNAL_ALLOC freed 106K, 53% free 3463K/7367K, external 2299K/2825K, paused 82ms
I/nofatclips(  255): Saved image on disk: a5.jpg
I/nofatclips(  255): Waiting for 100 msec.
I/nofatclips(  255): Session count is 1. Will dump to disk at 1
I/nofatclips(  255): Saving the session on disk.
I/nofatclips(  255): Planning for new Activity EditPost
D/nofatclips(  255): Handling event 'focus' on widget id=2131165265 type=focusableEditText name=Content
D/nofatclips(  255): Handling input 'writeText' on widget id=2131165236 type=editText name=Title
V/nofatclips(  255): Using value: 90
D/nofatclips(  255): Handling input 'writeText' on widget id=2131165268 type=editText name=Tags (separate tags with commas)
V/nofatclips(  255): Using value: 85
D/nofatclips(  255): Handling input 'writeText' on widget id=2131165286 type=editText name=Password (optional)
V/nofatclips(  255): Using value: 45
D/nofatclips(  255): Handling event 'click' on widget id=2131165269 type=button name=Select Categories
D/nofatclips(  255): Handling input 'writeText' on widget id=2131165236 type=editText name=Title
V/nofatclips(  255): Using value: 90
D/nofatclips(  255): Handling input 'writeText' on widget id=2131165268 type=editText name=Tags (separate tags with commas)
V/nofatclips(  255): Using value: 85
D/nofatclips(  255): Handling input 'writeText' on widget id=2131165286 type=editText name=Password (optional)
V/nofatclips(  255): Using value: 45
D/nofatclips(  255): Handling event 'click' on widget id=2131165283 type=button name=Edit
D/nofatclips(  255): Handling input 'writeText' on widget id=2131165236 type=editText name=Title
V/nofatclips(  255): Using value: 90
D/nofatclips(  255): Handling input 'writeText' on widget id=2131165268 type=editText name=Tags (separate tags with commas)
V/nofatclips(  255): Using value: 85
D/nofatclips(  255): Handling input 'writeText' on widget id=2131165286 type=editText name=Password (optional)
V/nofatclips(  255): Using value: 45
D/nofatclips(  255): Handling event selectSpinnerItem for items [1,10] on spinner #2131165285 count=10
D/nofatclips(  255): Handling input 'writeText' on widget id=2131165236 type=editText name=Title
V/nofatclips(  255): Using value: 90
D/nofatclips(  255): Handling input 'writeText' on widget id=2131165268 type=editText name=Tags (separate tags with commas)
V/nofatclips(  255): Using value: 85
D/nofatclips(  255): Handling input 'writeText' on widget id=2131165286 type=editText name=Password (optional)
V/nofatclips(  255): Using value: 45
D/nofatclips(  255): Handling input 'writeText' on widget id=2131165236 type=editText name=Title
V/nofatclips(  255): Using value: 90
D/nofatclips(  255): Handling input 'writeText' on widget id=2131165268 type=editText name=Tags (separate tags with commas)
V/nofatclips(  255): Using value: 85
D/nofatclips(  255): Handling input 'writeText' on widget id=2131165286 type=editText name=Password (optional)
V/nofatclips(  255): Using value: 45
D/nofatclips(  255): Handling input 'writeText' on widget id=2131165236 type=editText name=Title
V/nofatclips(  255): Using value: 90
D/nofatclips(  255): Handling input 'writeText' on widget id=2131165268 type=editText name=Tags (separate tags with commas)
V/nofatclips(  255): Using value: 85
D/nofatclips(  255): Handling input 'writeText' on widget id=2131165286 type=editText name=Password (optional)
V/nofatclips(  255): Using value: 45
D/nofatclips(  255): Handling input 'writeText' on widget id=2131165236 type=editText name=Title
V/nofatclips(  255): Using value: 90
D/nofatclips(  255): Handling input 'writeText' on widget id=2131165268 type=editText name=Tags (separate tags with commas)
V/nofatclips(  255): Using value: 85
D/nofatclips(  255): Handling input 'writeText' on widget id=2131165286 type=editText name=Password (optional)
V/nofatclips(  255): Using value: 45
D/nofatclips(  255): Handling input 'writeText' on widget id=2131165236 type=editText name=Title
V/nofatclips(  255): Using value: 90
D/nofatclips(  255): Handling input 'writeText' on widget id=2131165268 type=editText name=Tags (separate tags with commas)
V/nofatclips(  255): Using value: 85
D/nofatclips(  255): Handling input 'writeText' on widget id=2131165286 type=editText name=Password (optional)
V/nofatclips(  255): Using value: 45
D/nofatclips(  255): Handling input 'writeText' on widget id=2131165236 type=editText name=Title
V/nofatclips(  255): Using value: 90
D/nofatclips(  255): Handling input 'writeText' on widget id=2131165268 type=editText name=Tags (separate tags with commas)
V/nofatclips(  255): Using value: 85
D/nofatclips(  255): Handling input 'writeText' on widget id=2131165286 type=editText name=Password (optional)
V/nofatclips(  255): Using value: 45
D/nofatclips(  255): Handling input 'writeText' on widget id=2131165236 type=editText name=Title
V/nofatclips(  255): Using value: 90
D/nofatclips(  255): Handling input 'writeText' on widget id=2131165268 type=editText name=Tags (separate tags with commas)
V/nofatclips(  255): Using value: 85
D/nofatclips(  255): Handling input 'writeText' on widget id=2131165286 type=editText name=Password (optional)
V/nofatclips(  255): Using value: 45
D/nofatclips(  255): Handling input 'writeText' on widget id=2131165236 type=editText name=Title
V/nofatclips(  255): Using value: 90
D/nofatclips(  255): Handling input 'writeText' on widget id=2131165268 type=editText name=Tags (separate tags with commas)
V/nofatclips(  255): Using value: 85
D/nofatclips(  255): Handling input 'writeText' on widget id=2131165286 type=editText name=Password (optional)
V/nofatclips(  255): Using value: 45
D/nofatclips(  255): Handling input 'writeText' on widget id=2131165236 type=editText name=Title
V/nofatclips(  255): Using value: 90
D/nofatclips(  255): Handling input 'writeText' on widget id=2131165268 type=editText name=Tags (separate tags with commas)
V/nofatclips(  255): Using value: 85
D/nofatclips(  255): Handling input 'writeText' on widget id=2131165286 type=editText name=Password (optional)
V/nofatclips(  255): Using value: 45
D/nofatclips(  255): Handling input 'writeText' on widget id=2131165236 type=editText name=Title
V/nofatclips(  255): Using value: 90
D/nofatclips(  255): Handling input 'writeText' on widget id=2131165268 type=editText name=Tags (separate tags with commas)
V/nofatclips(  255): Using value: 85
D/nofatclips(  255): Handling input 'writeText' on widget id=2131165286 type=editText name=Password (optional)
V/nofatclips(  255): Using value: 45
D/dalvikvm(  255): GC_CONCURRENT freed 964K, 51% free 3655K/7367K, external 3499K/3620K, paused 3ms+4ms
D/nofatclips(  255): Handling event 'click' on widget id=2131165287 type=button name=Publish
D/nofatclips(  255): Handling input 'writeText' on widget id=2131165236 type=editText name=Title
V/nofatclips(  255): Using value: 90
D/nofatclips(  255): Handling input 'writeText' on widget id=2131165268 type=editText name=Tags (separate tags with commas)
V/nofatclips(  255): Using value: 85
D/nofatclips(  255): Handling input 'writeText' on widget id=2131165286 type=editText name=Password (optional)
V/nofatclips(  255): Using value: 45
I/nofatclips(  255): Created trace to press the back button
I/nofatclips(  255): Created trace to press the menu button
I/nofatclips(  255): Created trace to change orientation
I/nofatclips(  255): Check for termination: 96 steps left of 100
I/nofatclips(  255): Dispatching new task. 2 more tasks remaining.
D/nofatclips(  255): Performing backup of the old task list on disk
D/nofatclips(  255): Saving task list on disk
V/nofatclips(  255): Backing up trace #49 to disk.
V/nofatclips(  255): Backing up trace #50 to disk.
D/nofatclips(  255): Deleting backup of the old task list from disk
D/nofatclips(  255): Deleting backup of the old activity list from disk
I/nofatclips(  255): Incrementally Playing Trace 50
