D/StrictMode(  311): StrictMode policy violation; ~duration=24837 ms: android.os.StrictMode$StrictModeDiskWriteViolation: policy=2711 violation=1
D/StrictMode(  311): 	at android.os.StrictMode$AndroidBlockGuardPolicy.onWriteToDisk(StrictMode.java:1048)
D/StrictMode(  311): 	at android.database.sqlite.SQLiteStatement.acquireAndLock(SQLiteStatement.java:226)
D/StrictMode(  311): 	at android.database.sqlite.SQLiteStatement.executeInsert(SQLiteStatement.java:112)
D/StrictMode(  311): 	at android.database.sqlite.SQLiteDatabase.insertWithOnConflict(SQLiteDatabase.java:1718)
D/StrictMode(  311): 	at android.database.sqlite.SQLiteDatabase.insert(SQLiteDatabase.java:1591)
D/StrictMode(  311): 	at com.android.launcher2.LauncherProvider.dbInsertAndCheck(LauncherProvider.java:122)
D/StrictMode(  311): 	at com.android.launcher2.LauncherProvider.access$000(LauncherProvider.java:62)
D/StrictMode(  311): 	at com.android.launcher2.LauncherProvider$DatabaseHelper.addAppWidget(LauncherProvider.java:970)
D/StrictMode(  311): 	at com.android.launcher2.LauncherProvider$DatabaseHelper.addAppWidget(LauncherProvider.java:951)
D/StrictMode(  311): 	at com.android.launcher2.LauncherProvider$DatabaseHelper.loadFavorites(LauncherProvider.java:761)
D/StrictMode(  311): 	at com.android.launcher2.LauncherProvider$DatabaseHelper.onCreate(LauncherProvider.java:271)
D/StrictMode(  311): 	at android.database.sqlite.SQLiteOpenHelper.getWritableDatabase(SQLiteOpenHelper.java:165)
D/StrictMode(  311): 	at com.android.launcher2.LauncherProvider$DatabaseHelper.<init>(LauncherProvider.java:221)
D/StrictMode(  311): 	at com.android.launcher2.LauncherProvider.onCreate(LauncherProvider.java:87)
D/StrictMode(  311): 	at android.content.ContentProvider.attachInfo(ContentProvider.java:944)
D/StrictMode(  311): 	at android.app.ActivityThread.installProvider(ActivityThread.java:4198)
D/StrictMode(  311): 	at android.app.ActivityThread.installContentProviders(ActivityThread.java:3963)
D/StrictMode(  311): 	at android.app.ActivityThread.handleBindApplication(ActivityThread.java:3917)
D/StrictMode(  311): 	at android.app.ActivityThread.access$1300(ActivityThread.java:122)
D/StrictMode(  311): 	at android.app.ActivityThread$H.handleMessage(ActivityThread.java:1184)
D/StrictMode(  311): 	at android.os.Handler.dispatchMessage(Handler.java:99)
D/StrictMode(  311): 	at android.os.Looper.loop(Looper.java:137)
D/StrictMode(  311): 	at android.app.ActivityThread.main(ActivityThread.java:4340)
D/StrictMode(  311): 	at java.lang.reflect.Method.invokeNative(Native Method)
D/StrictMode(  311): 	at java.lang.reflect.Method.invoke(Method.java:511)
D/StrictMode(  311): 	at com.android.internal.os.ZygoteInit$MethodAndArgsCaller.run(ZygoteInit.java:784)
D/StrictMode(  311): 	at com.android.internal.os.ZygoteInit.main(ZygoteInit.java:551)
D/StrictMode(  311): 	at dalvik.system.NativeStart.main(Native Method)
W/Launcher.Model(  311): LoaderTask running with no launcher (loadAllAppsByBatch)
D/Launcher.Model(  311): going to save icon bitmap for info=ShortcutInfo(title=People)
D/Tethering(   79): Tethering got CONNECTIVITY_ACTION
D/Tethering(   79): MasterInitialState.processMessage what=3
D/Launcher.Model(  311): going to save icon bitmap for info=ShortcutInfo(title=Camera)
D/Launcher.Model(  311): going to save icon bitmap for info=ShortcutInfo(title=Settings)
D/Launcher.Model(  311): going to save icon bitmap for info=ShortcutInfo(title=Browser)
D/Launcher.Model(  311): going to save icon bitmap for info=ShortcutInfo(title=Messaging)
D/dalvikvm(  311): GC_CONCURRENT freed 990K, 13% free 7541K/8647K, paused 6ms+9ms
D/Launcher.Model(  311): going to save icon bitmap for info=ShortcutInfo(title=Phone)
D/dalvikvm(  311): GC_FOR_ALLOC freed 97K, 13% free 7528K/8647K, paused 64ms
I/dalvikvm-heap(  311): Grow heap (frag case) to 8.058MB for 640016-byte allocation
D/dalvikvm(  311): GC_FOR_ALLOC freed 6K, 6% free 8147K/8647K, paused 74ms
D/dalvikvm(  311): GC_CONCURRENT freed <1K, 6% free 8147K/8647K, paused 5ms+13ms
I/WindowManager(   79): createSurface Window{416c8ed0 com.android.launcher/com.android.launcher2.Launcher paused=false}: DRAW NOW PENDING
D/gralloc_goldfish(  311): Emulator without GPU emulation detected.
W/TextLayoutCache(  311): computeValuesWithHarfbuzz -- need to force to single run
D/dalvikvm(  311): GC_FOR_ALLOC freed 49K, 5% free 8222K/8647K, paused 50ms
I/dalvikvm-heap(  311): Grow heap (frag case) to 8.680MB for 582416-byte allocation
D/dalvikvm(  311): GC_CONCURRENT freed 4K, 5% free 8787K/9223K, paused 6ms+5ms
D/dalvikvm(  311): GC_FOR_ALLOC freed 0K, 5% free 8787K/9223K, paused 58ms
I/dalvikvm-heap(  311): Grow heap (frag case) to 9.232MB for 582416-byte allocation
D/dalvikvm(  311): GC_FOR_ALLOC freed 0K, 5% free 9356K/9799K, paused 57ms
I/ActivityManager(   79): Displayed com.android.launcher/com.android.launcher2.Launcher: +32s771ms (total +47s233ms)
D/dalvikvm(  178): GC_FOR_ALLOC freed 2593K, 27% free 7408K/10119K, paused 132ms
I/dalvikvm-heap(  178): Grow heap (frag case) to 8.499MB for 1228816-byte allocation
D/dalvikvm(  178): GC_FOR_ALLOC freed 24K, 16% free 8583K/10119K, paused 112ms
D/GpsLocationProvider(   79): NTP server returned: 1401919953423 (Wed Jun 04 22:12:33 GMT+00:00 2014) reference: 135709 certainty: 230 system time offset: 3688
D/dalvikvm(  178): GC_CONCURRENT freed 9K, 16% free 8574K/10119K, paused 4ms+86ms
D/dalvikvm(  311): GC_FOR_ALLOC freed 591K, 10% free 9203K/10183K, paused 58ms
D/dalvikvm(  311): GREF has increased to 201
I/AccountTypeManager(  329): Loaded meta-data for 1 account types, 0 accounts in 28ms(wall) 8ms(cpu)
D/PackageManager(   79): generateServicesMap(android.accounts.AccountAuthenticator): 2 services unchanged
D/PackageManager(   79): generateServicesMap(android.content.SyncAdapter): 4 services unchanged
D/dalvikvm(  363): GC_CONCURRENT freed 222K, 5% free 7045K/7367K, paused 5ms+1825ms
D/dalvikvm(  178): GC_FOR_ALLOC freed 1200K, 28% free 7374K/10119K, paused 93ms
I/dalvikvm-heap(  178): Grow heap (frag case) to 8.465MB for 1228816-byte allocation
D/dalvikvm(  178): GC_CONCURRENT freed <1K, 16% free 8574K/10119K, paused 5ms+70ms
D/dalvikvm(   79): GC_CONCURRENT freed 393K, 50% free 9085K/17991K, paused 9ms+23ms
D/StrictMode(   79): StrictMode policy violation; ~duration=1001 ms: android.os.StrictMode$StrictModeDiskReadViolation: policy=151 violation=2
D/StrictMode(   79): 	at android.os.StrictMode$AndroidBlockGuardPolicy.onReadFromDisk(StrictMode.java:1074)
D/StrictMode(   79): 	at libcore.io.BlockGuardOs.open(BlockGuardOs.java:94)
D/StrictMode(   79): 	at libcore.io.IoBridge.open(IoBridge.java:390)
D/StrictMode(   79): 	at java.io.FileOutputStream.<init>(FileOutputStream.java:88)
D/StrictMode(   79): 	at java.io.FileOutputStream.<init>(FileOutputStream.java:73)
D/StrictMode(   79): 	at com.android.internal.os.AtomicFile.startWrite(AtomicFile.java:59)
D/StrictMode(   79): 	at com.android.server.AppWidgetService.saveStateLocked(AppWidgetService.java:1181)
D/StrictMode(   79): 	at com.android.server.AppWidgetService$2.onReceive(AppWidgetService.java:1452)
D/StrictMode(   79): 	at android.app.LoadedApk$ReceiverDispatcher$Args.run(LoadedApk.java:728)
D/StrictMode(   79): 	at android.os.Handler.handleCallback(Handler.java:605)
D/StrictMode(   79): 	at android.os.Handler.dispatchMessage(Handler.java:92)
D/StrictMode(   79): 	at android.os.Looper.loop(Looper.java:137)
D/StrictMode(   79): 	at com.android.server.ServerThread.run(SystemServer.java:744)
D/StrictMode(   79): StrictMode policy violation; ~duration=988 ms: android.os.StrictMode$StrictModeDiskWriteViolation: policy=151 violation=1
D/StrictMode(   79): 	at android.os.StrictMode$AndroidBlockGuardPolicy.onWriteToDisk(StrictMode.java:1048)
D/StrictMode(   79): 	at libcore.io.BlockGuardOs.write(BlockGuardOs.java:178)
D/StrictMode(   79): 	at libcore.io.IoBridge.write(IoBridge.java:447)
D/StrictMode(   79): 	at java.io.FileOutputStream.write(FileOutputStream.java:187)
D/StrictMode(   79): 	at com.android.internal.util.FastXmlSerializer.flushBytes(FastXmlSerializer.java:212)
D/StrictMode(   79): 	at com.android.internal.util.FastXmlSerializer.flush(FastXmlSerializer.java:233)
D/StrictMode(   79): 	at com.android.internal.util.FastXmlSerializer.endDocument(FastXmlSerializer.java:183)
D/StrictMode(   79): 	at com.android.server.AppWidgetService.writeStateToFileLocked(AppWidgetService.java:1240)
D/StrictMode(   79): 	at com.android.server.AppWidgetService.saveStateLocked(AppWidgetService.java:1182)
D/StrictMode(   79): 	at com.android.server.AppWidgetService$2.onReceive(AppWidgetService.java:1452)
D/StrictMode(   79): 	at android.app.LoadedApk$ReceiverDispatcher$Args.run(LoadedApk.java:728)
D/StrictMode(   79): 	at android.os.Handler.handleCallback(Handler.java:605)
D/StrictMode(   79): 	at android.os.Handler.dispatchMessage(Handler.java:92)
D/StrictMode(   79): 	at android.os.Looper.loop(Looper.java:137)
D/StrictMode(   79): 	at com.android.server.ServerThread.run(SystemServer.java:744)
D/StrictMode(   79): StrictMode policy violation; ~duration=947 ms: android.os.StrictMode$StrictModeDiskWriteViolation: policy=151 violation=1
D/StrictMode(   79): 	at android.os.StrictMode$AndroidBlockGuardPolicy.onWriteToDisk(StrictMode.java:1048)
D/StrictMode(   79): 	at libcore.io.BlockGuardOs.fsync(BlockGuardOs.java:84)
D/StrictMode(   79): 	at java.io.FileDescriptor.sync(FileDescriptor.java:71)
D/StrictMode(   79): 	at android.os.FileUtils.sync(FileUtils.java:111)
D/StrictMode(   79): 	at com.android.internal.os.AtomicFile.finishWrite(AtomicFile.java:80)
D/StrictMode(   79): 	at com.android.server.AppWidgetService.saveStateLocked(AppWidgetService.java:1183)
D/StrictMode(   79): 	at com.android.server.AppWidgetService$2.onReceive(AppWidgetService.java:1452)
D/StrictMode(   79): 	at android.app.LoadedApk$ReceiverDispatcher$Args.run(LoadedApk.java:728)
D/StrictMode(   79): 	at android.os.Handler.handleCallback(Handler.java:605)
D/StrictMode(   79): 	at android.os.Handler.dispatchMessage(Handler.java:92)
D/StrictMode(   79): 	at android.os.Looper.loop(Looper.java:137)
D/StrictMode(   79): 	at com.android.server.ServerThread.run(SystemServer.java:744)
I/ActivityManager(   79): Start proc com.android.quicksearchbox for broadcast com.android.quicksearchbox/.CorporaUpdateReceiver: pid=520 uid=10014 gids={3003}
I/ActivityThread(  520): Pub com.android.quicksearchbox.google: com.android.quicksearchbox.google.GoogleSuggestionProvider
I/ActivityThread(  520): Pub com.android.quicksearchbox.shortcuts: com.android.quicksearchbox.ShortcutsProvider
D/dalvikvm(  354): GC_CONCURRENT freed 379K, 8% free 7025K/7559K, paused 4ms+6ms
I/Email   (  433): Onetime initialization: completed.
D/dalvikvm(   79): GC_CONCURRENT freed 607K, 51% free 8992K/17991K, paused 8ms+16ms
D/ExchangeService(  452): !!! EAS ExchangeService, onStartCommand, startingUp = true, running = false
D/dalvikvm(  311): GC_CONCURRENT freed 262K, 6% free 9608K/10183K, paused 5ms+12ms
I/SqliteDatabaseCpp(  363): sqlite returned: error code = 17, msg = statement aborts at 9: [DELETE from albums] database schema has changed, db=/data/data/com.android.providers.downloads/databases/downloads.db
I/SqliteDatabaseCpp(  363): sqlite returned: error code = 17, msg = statement aborts at 71: [UPDATE files SET date_modified=0;] database schema has changed, db=/data/data/com.android.providers.downloads/databases/downloads.db
D/dalvikvm(  264): GC_CONCURRENT freed 443K, 8% free 7281K/7879K, paused 6ms+5ms
D/dalvikvm(  311): GC_CONCURRENT freed 488K, 6% free 10075K/10695K, paused 6ms+13ms
D/dalvikvm(  311): GC_FOR_ALLOC freed 947K, 12% free 9962K/11271K, paused 91ms
I/ContactsDatabaseHelper(  264): Locale change completed in 14610ms
I/LegacyContactImporter(  264): Legacy contacts database does not exist at /data/data/com.android.providers.contacts/databases/contacts.db
V/ContactsProvider(  264): Completed import of legacy contacts
I/ContactDirectoryManager(  264): deleted 0 stale rows which don't have any relevant directory
I/ContactDirectoryManager(  264): Discovered 0 contact directories in 240ms
I/ContactsProvider(  264): Upgrading aggregation algorithm
I/ContactsProvider(  264): Aggregation algorithm upgraded for 0 contacts, in 25ms
E/MetadataRetrieverClient(   38): failed to extract an album art
I/MediaProvider(  363): Upgrading media database from version 0 to 408, which will destroy all old data
I/ContactsFTS(  264): Rebuild contact search index in 82ms, 0 contacts
D/dalvikvm(  264): GC_CONCURRENT freed 426K, 8% free 7297K/7879K, paused 6ms+6ms
D/dalvikvm(  363): GC_CONCURRENT freed 296K, 6% free 7170K/7623K, paused 6ms+9ms
I/SqliteDatabaseCpp(  363): sqlite returned: error code = 17, msg = statement aborts at 71: [UPDATE files SET date_modified=0 WHERE media_type=2;] database schema has changed, db=/data/data/com.android.providers.downloads/databases/downloads.db
I/SqliteDatabaseCpp(  363): sqlite returned: error code = 17, msg = statement aborts at 71: [UPDATE files SET date_modified=0 WHERE media_type=2;] database schema has changed, db=/data/data/com.android.providers.downloads/databases/downloads.db
I/SqliteDatabaseCpp(  363): sqlite returned: error code = 17, msg = statement aborts at 71: [UPDATE files SET date_modified=0;] database schema has changed, db=/data/data/com.android.providers.downloads/databases/downloads.db
W/MediaScanner(  363): Error opening directory '/mnt/sdcard/.android_secure/', skipping: Permission denied.
D/PackageManager(   79): generateServicesMap(android.accounts.AccountAuthenticator): 2 services unchanged
D/PackageManager(   79): generateServicesMap(android.content.SyncAdapter): 4 services unchanged
D/StrictMode(   79): StrictMode policy violation; ~duration=498 ms: android.os.StrictMode$StrictModeDiskReadViolation: policy=151 violation=2
D/StrictMode(   79): 	at android.os.StrictMode$AndroidBlockGuardPolicy.onReadFromDisk(StrictMode.java:1074)
D/StrictMode(   79): 	at libcore.io.BlockGuardOs.open(BlockGuardOs.java:94)
D/StrictMode(   79): 	at libcore.io.IoBridge.open(IoBridge.java:390)
D/StrictMode(   79): 	at java.io.FileOutputStream.<init>(FileOutputStream.java:88)
D/StrictMode(   79): 	at java.io.FileOutputStream.<init>(FileOutputStream.java:73)
D/StrictMode(   79): 	at com.android.internal.os.AtomicFile.startWrite(AtomicFile.java:59)
D/StrictMode(   79): 	at com.android.server.AppWidgetService.saveStateLocked(AppWidgetService.java:1181)
D/StrictMode(   79): 	at com.android.server.AppWidgetService$2.onReceive(AppWidgetService.java:1452)
D/StrictMode(   79): 	at android.app.LoadedApk$ReceiverDispatcher$Args.run(LoadedApk.java:728)
D/StrictMode(   79): 	at android.os.Handler.handleCallback(Handler.java:605)
D/StrictMode(   79): 	at android.os.Handler.dispatchMessage(Handler.java:92)
D/StrictMode(   79): 	at android.os.Looper.loop(Looper.java:137)
D/StrictMode(   79): 	at com.android.server.ServerThread.run(SystemServer.java:744)
D/StrictMode(   79): StrictMode policy violation; ~duration=446 ms: android.os.StrictMode$StrictModeDiskWriteViolation: policy=151 violation=1
D/StrictMode(   79): 	at android.os.StrictMode$AndroidBlockGuardPolicy.onWriteToDisk(StrictMode.java:1048)
D/StrictMode(   79): 	at libcore.io.BlockGuardOs.write(BlockGuardOs.java:178)
D/StrictMode(   79): 	at libcore.io.IoBridge.write(IoBridge.java:447)
D/StrictMode(   79): 	at java.io.FileOutputStream.write(FileOutputStream.java:187)
D/StrictMode(   79): 	at com.android.internal.util.FastXmlSerializer.flushBytes(FastXmlSerializer.java:212)
D/StrictMode(   79): 	at com.android.internal.util.FastXmlSerializer.flush(FastXmlSerializer.java:233)
D/StrictMode(   79): 	at com.android.internal.util.FastXmlSerializer.endDocument(FastXmlSerializer.java:183)
D/StrictMode(   79): 	at com.android.server.AppWidgetService.writeStateToFileLocked(AppWidgetService.java:1240)
D/StrictMode(   79): 	at com.android.server.AppWidgetService.saveStateLocked(AppWidgetService.java:1182)
D/StrictMode(   79): 	at com.android.server.AppWidgetService$2.onReceive(AppWidgetService.java:1452)
D/StrictMode(   79): 	at android.app.LoadedApk$ReceiverDispatcher$Args.run(LoadedApk.java:728)
D/StrictMode(   79): 	at android.os.Handler.handleCallback(Handler.java:605)
D/StrictMode(   79): 	at android.os.Handler.dispatchMessage(Handler.java:92)
D/StrictMode(   79): 	at android.os.Looper.loop(Looper.java:137)
D/StrictMode(   79): 	at com.android.server.ServerThread.run(SystemServer.java:744)
D/StrictMode(   79): StrictMode policy violation; ~duration=427 ms: android.os.StrictMode$StrictModeDiskWriteViolation: policy=151 violation=1
D/StrictMode(   79): 	at android.os.StrictMode$AndroidBlockGuardPolicy.onWriteToDisk(StrictMode.java:1048)
D/StrictMode(   79): 	at libcore.io.BlockGuardOs.fsync(BlockGuardOs.java:84)
D/StrictMode(   79): 	at java.io.FileDescriptor.sync(FileDescriptor.java:71)
D/StrictMode(   79): 	at android.os.FileUtils.sync(FileUtils.java:111)
D/StrictMode(   79): 	at com.android.internal.os.AtomicFile.finishWrite(AtomicFile.java:80)
D/StrictMode(   79): 	at com.android.server.AppWidgetService.saveStateLocked(AppWidgetService.java:1183)
D/StrictMode(   79): 	at com.android.server.AppWidgetService$2.onReceive(AppWidgetService.java:1452)
D/StrictMode(   79): 	at android.app.LoadedApk$ReceiverDispatcher$Args.run(LoadedApk.java:728)
D/StrictMode(   79): 	at android.os.Handler.handleCallback(Handler.java:605)
D/StrictMode(   79): 	at android.os.Handler.dispatchMessage(Handler.java:92)
D/StrictMode(   79): 	at android.os.Looper.loop(Looper.java:137)
D/StrictMode(   79): 	at com.android.server.ServerThread.run(SystemServer.java:744)
D/dalvikvm(   79): GC_CONCURRENT freed 516K, 50% free 9008K/17991K, paused 10ms+27ms
D/dalvikvm(  311): GC_FOR_ALLOC freed 1106K, 14% free 9732K/11271K, paused 75ms
D/dalvikvm(  311): GC_CONCURRENT freed 811K, 13% free 9874K/11271K, paused 5ms+21ms
I/AccountTypeManager(  329): Loaded meta-data for 1 account types, 0 accounts in 1136ms(wall) 15ms(cpu)
V/MediaScanner(  363): pruneDeadThumbnailFiles... android.database.sqlite.SQLiteCursor@4109f5b0
V/MediaScanner(  363): /pruneDeadThumbnailFiles... android.database.sqlite.SQLiteCursor@4109f5b0
D/dalvikvm(  311): GC_FOR_ALLOC freed 446K, 12% free 10004K/11271K, paused 67ms
I/dalvikvm-heap(  311): Grow heap (frag case) to 10.257MB for 411152-byte allocation
D/dalvikvm(  311): GC_FOR_ALLOC freed 48K, 12% free 10357K/11719K, paused 97ms
W/ThrottleService(   79): unable to find stats for iface rmnet0
E/ThrottleService(   79): Error reading data file
D/dalvikvm(  204): GC_CONCURRENT freed 350K, 8% free 7374K/8007K, paused 135ms+28ms
W/BackupManagerService(   79): dataChanged but no participant pkg='com.android.providers.settings' uid=1001
D/StrictMode(  204): StrictMode policy violation; ~duration=361 ms: android.os.StrictMode$StrictModeDiskWriteViolation: policy=2967 violation=1
D/StrictMode(  204): 	at android.os.StrictMode$AndroidBlockGuardPolicy.onWriteToDisk(StrictMode.java:1048)
D/StrictMode(  204): 	at android.database.sqlite.SQLiteStatement.acquireAndLock(SQLiteStatement.java:226)
D/StrictMode(  204): 	at android.database.sqlite.SQLiteStatement.executeInsert(SQLiteStatement.java:112)
D/StrictMode(  204): 	at android.database.sqlite.SQLiteDatabase.insertWithOnConflict(SQLiteDatabase.java:1718)
D/StrictMode(  204): 	at android.database.sqlite.SQLiteDatabase.insert(SQLiteDatabase.java:1591)
D/StrictMode(  204): 	at com.android.providers.settings.SettingsProvider.insert(SettingsProvider.java:563)
D/StrictMode(  204): 	at android.content.ContentProvider$Transport.insert(ContentProvider.java:189)
D/StrictMode(  204): 	at android.content.ContentProviderNative.onTransact(ContentProviderNative.java:152)
D/StrictMode(  204): 	at android.os.Binder.execTransact(Binder.java:338)
D/StrictMode(  204): 	at dalvik.system.NativeStart.run(Native Method)
D/StrictMode(  204): # via Binder call with stack:
D/StrictMode(  204): android.os.StrictMode$LogStackTrace
D/StrictMode(  204): 	at android.os.StrictMode.readAndHandleBinderCallViolations(StrictMode.java:1602)
D/StrictMode(  204): 	at android.os.Parcel.readExceptionCode(Parcel.java:1309)
D/StrictMode(  204): 	at android.database.DatabaseUtils.readExceptionFromParcel(DatabaseUtils.java:132)
D/StrictMode(  204): 	at android.content.ContentProviderProxy.insert(ContentProviderNative.java:415)
D/StrictMode(  204): 	at android.content.ContentResolver.insert(ContentResolver.java:729)
D/StrictMode(  204): 	at android.provider.Settings$NameValueTable.putString(Settings.java:639)
D/StrictMode(  204): 	at android.provider.Settings$System.putString(Settings.java:835)
D/StrictMode(  204): 	at android.provider.Settings$System.putInt(Settings.java:918)
D/StrictMode(  204): 	at com.android.internal.telephony.gsm.GsmDataConnectionTracker.putRecoveryAction(GsmDataConnectionTracker.java:114)
D/StrictMode(  204): 	at com.android.internal.telephony.gsm.GsmDataConnectionTracker.updateDataStallInfo(GsmDataConnectionTracker.java:1402)
D/StrictMode(  204): 	at com.android.internal.telephony.gsm.GsmDataConnectionTracker.onDataStallAlarm(GsmDataConnectionTracker.java:1430)
D/StrictMode(  204): 	at com.android.internal.telephony.DataConnectionTracker.handleMessage(DataConnectionTracker.java:672)
D/StrictMode(  204): 	at com.android.internal.telephony.gsm.GsmDataConnectionTracker.handleMessage(GsmDataConnectionTracker.java:2397)
D/StrictMode(  204): 	at android.os.Handler.dispatchMessage(Handler.java:99)
D/StrictMode(  204): 	at android.os.Looper.loop(Looper.java:137)
D/StrictMode(  204): 	at android.app.ActivityThread.main(ActivityThread.java:4340)
D/StrictMode(  204): 	at java.lang.reflect.Method.invokeNative(Native Method)
D/StrictMode(  204): 	at java.lang.reflect.Method.invoke(Method.java:511)
D/StrictMode(  204): 	at com.android.internal.os.ZygoteInit$MethodAndArgsCaller.run(ZygoteInit.java:784)
D/StrictMode(  204): 	at com.android.internal.os.ZygoteInit.main(ZygoteInit.java:551)
D/StrictMode(  204): 	at dalvik.system.NativeStart.main(Native Method)
D/StrictMode(  204): StrictMode policy violation; ~duration=333 ms: android.os.StrictMode$StrictModeDiskWriteViolation: policy=2967 violation=1
D/StrictMode(  204): 	at android.os.StrictMode$AndroidBlockGuardPolicy.onWriteToDisk(StrictMode.java:1048)
D/StrictMode(  204): 	at android.database.sqlite.SQLiteStatement.acquireAndLock(SQLiteStatement.java:226)
D/StrictMode(  204): 	at android.database.sqlite.SQLiteStatement.executeUpdateDelete(SQLiteStatement.java:84)
D/StrictMode(  204): 	at android.database.sqlite.SQLiteDatabase.executeSql(SQLiteDatabase.java:1899)
D/StrictMode(  204): 	at android.database.sqlite.SQLiteDatabase.execSQL(SQLiteDatabase.java:1839)
D/StrictMode(  204): 	at android.database.sqlite.SQLiteDatabase.beginTransaction(SQLiteDatabase.java:661)
D/StrictMode(  204): 	at android.database.sqlite.SQLiteDatabase.beginTransactionNonExclusive(SQLiteDatabase.java:576)
D/StrictMode(  204): 	at android.database.sqlite.SQLiteStatement.acquireAndLock(SQLiteStatement.java:247)
D/StrictMode(  204): 	at android.database.sqlite.SQLiteStatement.executeInsert(SQLiteStatement.java:112)
D/StrictMode(  204): 	at android.database.sqlite.SQLiteDatabase.insertWithOnConflict(SQLiteDatabase.java:1718)
D/StrictMode(  204): 	at android.database.sqlite.SQLiteDatabase.insert(SQLiteDatabase.java:1591)
D/StrictMode(  204): 	at com.android.providers.settings.SettingsProvider.insert(SettingsProvider.java:563)
D/StrictMode(  204): 	at android.content.ContentProvider$Transport.insert(ContentProvider.java:189)
D/StrictMode(  204): 	at android.content.ContentProviderNative.onTransact(ContentProviderNative.java:152)
D/StrictMode(  204): 	at android.os.Binder.execTransact(Binder.java:338)
D/StrictMode(  204): 	at dalvik.system.NativeStart.run(Native Method)
D/StrictMode(  204): # via Binder call with stack:
D/StrictMode(  204): android.os.StrictMode$LogStackTrace
D/StrictMode(  204): 	at android.os.StrictMode.readAndHandleBinderCallViolations(StrictMode.java:1602)
D/StrictMode(  204): 	at android.os.Parcel.readExceptionCode(Parcel.java:1309)
D/StrictMode(  204): 	at android.database.DatabaseUtils.readExceptionFromParcel(DatabaseUtils.java:132)
D/StrictMode(  204): 	at android.content.ContentProviderProxy.insert(ContentProviderNative.java:415)
D/StrictMode(  204): 	at android.content.ContentResolver.insert(ContentResolver.java:729)
D/StrictMode(  204): 	at android.provider.Settings$NameValueTable.putString(Settings.java:639)
D/StrictMode(  204): 	at android.provider.Settings$System.putString(Settings.java:835)
D/StrictMode(  204): 	at android.provider.Settings$System.putInt(Settings.java:918)
D/StrictMode(  204): 	at com.android.internal.telephony.gsm.GsmDataConnectionTracker.putRecoveryAction(GsmDataConnectionTracker.java:114)
D/StrictMode(  204): 	at com.android.internal.telephony.gsm.GsmDataConnectionTracker.updateDataStallInfo(GsmDataConnectionTracker.java:1402)
D/StrictMode(  204): 	at com.android.internal.telephony.gsm.GsmDataConnectionTracker.onDataStallAlarm(GsmDataConnectionTracker.java:1430)
D/StrictMode(  204): 	at com.android.internal.telephony.DataConnectionTracker.handleMessage(DataConnectionTracker.java:672)
D/StrictMode(  204): 	at com.android.internal.telephony.gsm.GsmDataConnectionTracker.handleMessage(GsmDataConnectionTracker.java:2397)
D/StrictMode(  204): 	at android.os.Handler.dispatchMessage(Handler.java:99)
D/StrictMode(  204): 	at android.os.Looper.loop(Looper.java:137)
D/StrictMode(  204): 	at android.app.ActivityThread.main(ActivityThread.java:4340)
D/StrictMode(  204): 	at java.lang.reflect.Method.invokeNative(Native Method)
D/StrictMode(  204): 	at java.lang.reflect.Method.invoke(Method.java:511)
D/StrictMode(  204): 	at com.android.internal.os.ZygoteInit$MethodAndArgsCaller.run(ZygoteInit.java:784)
D/StrictMode(  204): 	at com.android.internal.os.ZygoteInit.main(ZygoteInit.java:551)
D/StrictMode(  204): 	at dalvik.system.NativeStart.main(Native Method)
D/StrictMode(  204): StrictMode policy violation; ~duration=292 ms: android.os.StrictMode$StrictModeDiskWriteViolation: policy=2967 violation=1
D/StrictMode(  204): 	at android.os.StrictMode$AndroidBlockGuardPolicy.onWriteToDisk(StrictMode.java:1048)
D/StrictMode(  204): 	at android.database.sqlite.SQLiteStatement.acquireAndLock(SQLiteStatement.java:226)
D/StrictMode(  204): 	at android.database.sqlite.SQLiteStatement.executeUpdateDelete(SQLiteStatement.java:84)
D/StrictMode(  204): 	at android.database.sqlite.SQLiteDatabase.executeSql(SQLiteDatabase.java:1899)
D/StrictMode(  204): 	at android.database.sqlite.SQLiteDatabase.execSQL(SQLiteDatabase.java:1839)
D/StrictMode(  204): 	at android.database.sqlite.SQLiteDatabase.endTransaction(SQLiteDatabase.java:714)
D/StrictMode(  204): 	at android.database.sqlite.SQLiteStatement.releaseAndUnlock(SQLiteStatement.java:273)
D/StrictMode(  204): 	at android.database.sqlite.SQLiteStatement.executeInsert(SQLiteStatement.java:115)
D/StrictMode(  204): 	at android.database.sqlite.SQLiteDatabase.insertWithOnConflict(SQLiteDatabase.java:1718)
D/StrictMode(  204): 	at android.database.sqlite.SQLiteDatabase.insert(SQLiteDatabase.java:1591)
D/StrictMode(  204): 	at com.android.providers.settings.SettingsProvider.insert(SettingsProvider.java:563)
D/StrictMode(  204): 	at android.content.ContentProvider$Transport.insert(ContentProvider.java:189)
D/StrictMode(  204): 	at android.content.ContentProviderNative.onTransact(ContentProviderNative.java:152)
D/StrictMode(  204): 	at android.os.Binder.execTransact(Binder.java:338)
D/StrictMode(  204): 	at dalvik.system.NativeStart.run(Native Method)
D/StrictMode(  204): # via Binder call with stack:
D/StrictMode(  204): android.os.StrictMode$LogStackTrace
D/StrictMode(  204): 	at android.os.StrictMode.readAndHandleBinderCallViolations(StrictMode.java:1602)
D/StrictMode(  204): 	at android.os.Parcel.readExceptionCode(Parcel.java:1309)
D/StrictMode(  204): 	at android.database.DatabaseUtils.readExceptionFromParcel(DatabaseUtils.java:132)
D/StrictMode(  204): 	at android.content.ContentProviderProxy.insert(ContentProviderNative.java:415)
D/StrictMode(  204): 	at android.content.ContentResolver.insert(ContentResolver.java:729)
D/StrictMode(  204): 	at android.provider.Settings$NameValueTable.putString(Settings.java:639)
D/StrictMode(  204): 	at android.provider.Settings$System.putString(Settings.java:835)
D/StrictMode(  204): 	at android.provider.Settings$System.putInt(Settings.java:918)
D/StrictMode(  204): 	at com.android.internal.telephony.gsm.GsmDataConnectionTracker.putRecoveryAction(GsmDataConnectionTracker.java:114)
D/StrictMode(  204): 	at com.android.internal.telephony.gsm.GsmDataConnectionTracker.updateDataStallInfo(GsmDataConnectionTracker.java:1402)
D/StrictMode(  204): 	at com.android.internal.telephony.gsm.GsmDataConnectionTracker.onDataStallAlarm(GsmDataConnectionTracker.java:1430)
D/StrictMode(  204): 	at com.android.internal.telephony.DataConnectionTracker.handleMessage(DataConnectionTracker.java:672)
D/StrictMode(  204): 	at com.android.internal.telephony.gsm.GsmDataConnectionTracker.handleMessage(GsmDataConnectionTracker.java:2397)
D/StrictMode(  204): 	at android.os.Handler.dispatchMessage(Handler.java:99)
D/StrictMode(  204): 	at android.os.Looper.loop(Looper.java:137)
D/StrictMode(  204): 	at android.app.ActivityThread.main(ActivityThread.java:4340)
D/StrictMode(  204): 	at java.lang.reflect.Method.invokeNative(Native Method)
D/StrictMode(  204): 	at java.lang.reflect.Method.invoke(Method.java:511)
D/StrictMode(  204): 	at com.android.internal.os.ZygoteInit$MethodAndArgsCaller.run(ZygoteInit.java:784)
D/StrictMode(  204): 	at com.android.internal.os.ZygoteInit.main(ZygoteInit.java:551)
D/StrictMode(  204): 	at dalvik.system.NativeStart.main(Native Method)
D/StrictMode(  204): StrictMode policy violation; ~duration=210 ms: android.os.StrictMode$StrictModeDiskWriteViolation: policy=2967 violation=1
D/StrictMode(  204): 	at android.os.StrictMode$AndroidBlockGuardPolicy.onWriteToDisk(StrictMode.java:1048)
D/StrictMode(  204): 	at android.database.sqlite.SQLiteStatement.acquireAndLock(SQLiteStatement.java:226)
D/StrictMode(  204): 	at android.database.sqlite.SQLiteStatement.executeUpdateDelete(SQLiteStatement.java:84)
D/StrictMode(  204): 	at android.database.sqlite.SQLiteDatabase.executeSql(SQLiteDatabase.java:1899)
D/StrictMode(  204): 	at android.database.sqlite.SQLiteDatabase.execSQL(SQLiteDatabase.java:1839)
D/StrictMode(  204): 	at android.database.sqlite.SQLiteDatabase.endTransaction(SQLiteDatabase.java:722)
D/StrictMode(  204): 	at android.database.sqlite.SQLiteStatement.releaseAndUnlock(SQLiteStatement.java:273)
D/StrictMode(  204): 	at android.database.sqlite.SQLiteStatement.executeInsert(SQLiteStatement.java:115)
D/StrictMode(  204): 	at android.database.sqlite.SQLiteDatabase.insertWithOnConflict(SQLiteDatabase.java:1718)
D/StrictMode(  204): 	at android.database.sqlite.SQLiteDatabase.insert(SQLiteDatabase.java:1591)
D/StrictMode(  204): 	at com.android.providers.settings.SettingsProvider.insert(SettingsProvider.java:563)
D/StrictMode(  204): 	at android.content.ContentProvider$Transport.insert(ContentProvider.java:189)
D/StrictMode(  204): 	at android.content.ContentProviderNative.onTransact(ContentProviderNative.java:152)
D/StrictMode(  204): 	at android.os.Binder.execTransact(Binder.java:338)
D/StrictMode(  204): 	at dalvik.system.NativeStart.run(Native Method)
D/StrictMode(  204): # via Binder call with stack:
D/StrictMode(  204): android.os.StrictMode$LogStackTrace
D/StrictMode(  204): 	at android.os.StrictMode.readAndHandleBinderCallViolations(StrictMode.java:1602)
D/StrictMode(  204): 	at android.os.Parcel.readExceptionCode(Parcel.java:1309)
D/StrictMode(  204): 	at android.database.DatabaseUtils.readExceptionFromParcel(DatabaseUtils.java:132)
D/StrictMode(  204): 	at android.content.ContentProviderProxy.insert(ContentProviderNative.java:415)
D/StrictMode(  204): 	at android.content.ContentResolver.insert(ContentResolver.java:729)
D/StrictMode(  204): 	at android.provider.Settings$NameValueTable.putString(Settings.java:639)
D/StrictMode(  204): 	at android.provider.Settings$System.putString(Settings.java:835)
D/StrictMode(  204): 	at android.provider.Settings$System.putInt(Settings.java:918)
D/StrictMode(  204): 	at com.android.internal.telephony.gsm.GsmDataConnectionTracker.putRecoveryAction(GsmDataConnectionTracker.java:114)
D/StrictMode(  204): 	at com.android.internal.telephony.gsm.GsmDataConnectionTracker.updateDataStallInfo(GsmDataConnectionTracker.java:1402)
D/StrictMode(  204): 	at com.android.internal.telephony.gsm.GsmDataConnectionTracker.onDataStallAlarm(GsmDataConnectionTracker.java:1430)
D/StrictMode(  204): 	at com.android.internal.telephony.DataConnectionTracker.handleMessage(DataConnectionTracker.java:672)
D/StrictMode(  204): 	at com.android.internal.telephony.gsm.GsmDataConnectionTracker.handleMessage(GsmDataConnectionTracker.java:2397)
D/StrictMode(  204): 	at android.os.Handler.dispatchMessage(Handler.java:99)
D/StrictMode(  204): 	at android.os.Looper.loop(Looper.java:137)
D/StrictMode(  204): 	at android.app.ActivityThread.main(ActivityThread.java:4340)
D/StrictMode(  204): 	at java.lang.reflect.Method.invokeNative(Native Method)
D/StrictMode(  204): 	at java.lang.reflect.Method.invoke(Method.java:511)
D/StrictMode(  204): 	at com.android.internal.os.ZygoteInit$MethodAndArgsCaller.run(ZygoteInit.java:784)
D/StrictMode(  204): 	at com.android.internal.os.ZygoteInit.main(ZygoteInit.java:551)
D/StrictMode(  204): 	at dalvik.system.NativeStart.main(Native Method)
D/dalvikvm(  311): GC_FOR_ALLOC freed 674K, 16% free 9869K/11719K, paused 362ms
I/dalvikvm-heap(  311): Grow heap (frag case) to 10.289MB for 582416-byte allocation
D/dalvikvm(  311): GC_FOR_ALLOC freed 2K, 16% free 10435K/12295K, paused 161ms
D/dalvikvm(  311): GC_FOR_ALLOC freed 571K, 20% free 9868K/12295K, paused 190ms
D/StrictMode(  311): StrictMode policy violation; ~duration=310 ms: android.os.StrictMode$StrictModeDiskReadViolation: policy=2711 violation=2
D/StrictMode(  311): 	at android.os.StrictMode$AndroidBlockGuardPolicy.onReadFromDisk(StrictMode.java:1074)
D/StrictMode(  311): 	at libcore.io.BlockGuardOs.open(BlockGuardOs.java:94)
D/StrictMode(  311): 	at libcore.io.IoBridge.open(IoBridge.java:390)
D/StrictMode(  311): 	at java.io.FileOutputStream.<init>(FileOutputStream.java:88)
D/StrictMode(  311): 	at java.io.FileOutputStream.<init>(FileOutputStream.java:73)
D/StrictMode(  311): 	at android.app.SharedPreferencesImpl.createFileOutputStream(SharedPreferencesImpl.java:523)
D/StrictMode(  311): 	at android.app.SharedPreferencesImpl.writeToFile(SharedPreferencesImpl.java:571)
D/StrictMode(  311): 	at android.app.SharedPreferencesImpl.access$800(SharedPreferencesImpl.java:48)
D/StrictMode(  311): 	at android.app.SharedPreferencesImpl$2.run(SharedPreferencesImpl.java:491)
D/StrictMode(  311): 	at android.app.SharedPreferencesImpl.enqueueDiskWrite(SharedPreferencesImpl.java:512)
D/StrictMode(  311): 	at android.app.SharedPreferencesImpl.access$100(SharedPreferencesImpl.java:48)
D/StrictMode(  311): 	at android.app.SharedPreferencesImpl$EditorImpl.commit(SharedPreferencesImpl.java:434)
D/StrictMode(  311): 	at com.android.launcher2.Launcher$18.onAnimationEnd(Launcher.java:3180)
D/StrictMode(  311): 	at android.animation.ValueAnimator.endAnimation(ValueAnimator.java:1033)
D/StrictMode(  311): 	at android.animation.ValueAnimator.access$900(ValueAnimator.java:42)
D/StrictMode(  311): 	at android.animation.ValueAnimator$AnimationHandler.handleMessage(ValueAnimator.java:668)
D/StrictMode(  311): 	at android.os.Handler.dispatchMessage(Handler.java:99)
D/StrictMode(  311): 	at android.os.Looper.loop(Looper.java:137)
D/StrictMode(  311): 	at android.app.ActivityThread.main(ActivityThread.java:4340)
D/StrictMode(  311): 	at java.lang.reflect.Method.invokeNative(Native Method)
D/StrictMode(  311): 	at java.lang.reflect.Method.invoke(Method.java:511)
D/StrictMode(  311): 	at com.android.internal.os.ZygoteInit$MethodAndArgsCaller.run(ZygoteInit.java:784)
D/StrictMode(  311): 	at com.android.internal.os.ZygoteInit.main(ZygoteInit.java:551)
D/StrictMode(  311): 	at dalvik.system.NativeStart.main(Native Method)
D/StrictMode(  311): StrictMode policy violation; ~duration=240 ms: android.os.StrictMode$StrictModeDiskReadViolation: policy=2711 violation=2
D/StrictMode(  311): 	at android.os.StrictMode$AndroidBlockGuardPolicy.onReadFromDisk(StrictMode.java:1074)
D/StrictMode(  311): 	at libcore.io.BlockGuardOs.open(BlockGuardOs.java:94)
D/StrictMode(  311): 	at libcore.io.IoBridge.open(IoBridge.java:390)
D/StrictMode(  311): 	at java.io.FileOutputStream.<init>(FileOutputStream.java:88)
D/StrictMode(  311): 	at java.io.FileOutputStream.<init>(FileOutputStream.java:73)
D/StrictMode(  311): 	at android.app.SharedPreferencesImpl.createFileOutputStream(SharedPreferencesImpl.java:535)
D/StrictMode(  311): 	at android.app.SharedPreferencesImpl.writeToFile(SharedPreferencesImpl.java:571)
D/StrictMode(  311): 	at android.app.SharedPreferencesImpl.access$800(SharedPreferencesImpl.java:48)
D/StrictMode(  311): 	at android.app.SharedPreferencesImpl$2.run(SharedPreferencesImpl.java:491)
D/StrictMode(  311): 	at android.app.SharedPreferencesImpl.enqueueDiskWrite(SharedPreferencesImpl.java:512)
D/StrictMode(  311): 	at android.app.SharedPreferencesImpl.access$100(SharedPreferencesImpl.java:48)
D/StrictMode(  311): 	at android.app.SharedPreferencesImpl$EditorImpl.commit(SharedPreferencesImpl.java:434)
D/StrictMode(  311): 	at com.android.launcher2.Launcher$18.onAnimationEnd(Launcher.java:3180)
D/StrictMode(  311): 	at android.animation.ValueAnimator.endAnimation(ValueAnimator.java:1033)
D/StrictMode(  311): 	at android.animation.ValueAnimator.access$900(ValueAnimator.java:42)
D/StrictMode(  311): 	at android.animation.ValueAnimator$AnimationHandler.handleMessage(ValueAnimator.java:668)
D/StrictMode(  311): 	at android.os.Handler.dispatchMessage(Handler.java:99)
D/StrictMode(  311): 	at android.os.Looper.loop(Looper.java:137)
D/StrictMode(  311): 	at android.app.ActivityThread.main(ActivityThread.java:4340)
D/StrictMode(  311): 	at java.lang.reflect.Method.invokeNative(Native Method)
D/StrictMode(  311): 	at java.lang.reflect.Method.invoke(Method.java:511)
D/StrictMode(  311): 	at com.android.internal.os.ZygoteInit$MethodAndArgsCaller.run(ZygoteInit.java:784)
D/StrictMode(  311): 	at com.android.internal.os.ZygoteInit.main(ZygoteInit.java:551)
D/StrictMode(  311): 	at dalvik.system.NativeStart.main(Native Method)
D/StrictMode(  311): StrictMode policy violation; ~duration=185 ms: android.os.StrictMode$StrictModeDiskWriteViolation: policy=2711 violation=1
D/StrictMode(  311): 	at android.os.StrictMode$AndroidBlockGuardPolicy.onWriteToDisk(StrictMode.java:1048)
D/StrictMode(  311): 	at libcore.io.BlockGuardOs.write(BlockGuardOs.java:178)
D/StrictMode(  311): 	at libcore.io.IoBridge.write(IoBridge.java:447)
D/StrictMode(  311): 	at java.io.FileOutputStream.write(FileOutputStream.java:187)
D/StrictMode(  311): 	at com.android.internal.util.FastXmlSerializer.flushBytes(FastXmlSerializer.java:212)
D/StrictMode(  311): 	at com.android.internal.util.FastXmlSerializer.flush(FastXmlSerializer.java:233)
D/StrictMode(  311): 	at com.android.internal.util.FastXmlSerializer.endDocument(FastXmlSerializer.java:183)
D/StrictMode(  311): 	at com.android.internal.util.XmlUtils.writeMapXml(XmlUtils.java:186)
D/StrictMode(  311): 	at android.app.SharedPreferencesImpl.writeToFile(SharedPreferencesImpl.java:576)
D/StrictMode(  311): 	at android.app.SharedPreferencesImpl.access$800(SharedPreferencesImpl.java:48)
D/StrictMode(  311): 	at android.app.SharedPreferencesImpl$2.run(SharedPreferencesImpl.java:491)
D/StrictMode(  311): 	at android.app.SharedPreferencesImpl.enqueueDiskWrite(SharedPreferencesImpl.java:512)
D/StrictMode(  311): 	at android.app.SharedPreferencesImpl.access$100(SharedPreferencesImpl.java:48)
D/StrictMode(  311): 	at android.app.SharedPreferencesImpl$EditorImpl.commit(SharedPreferencesImpl.java:434)
D/StrictMode(  311): 	at com.android.launcher2.Launcher$18.onAnimationEnd(Launcher.java:3180)
D/StrictMode(  311): 	at android.animation.ValueAnimator.endAnimation(ValueAnimator.java:1033)
D/StrictMode(  311): 	at android.animation.ValueAnimator.access$900(ValueAnimator.java:42)
D/StrictMode(  311): 	at android.animation.ValueAnimator$AnimationHandler.handleMessage(ValueAnimator.java:668)
D/StrictMode(  311): 	at android.os.Handler.dispatchMessage(Handler.java:99)
D/StrictMode(  311): 	at android.os.Looper.loop(Looper.java:137)
D/StrictMode(  311): 	at android.app.ActivityThread.main(ActivityThread.java:4340)
D/StrictMode(  311): 	at java.lang.reflect.Method.invokeNative(Native Method)
D/StrictMode(  311): 	at java.lang.reflect.Method.invoke(Method.java:511)
D/StrictMode(  311): 	at com.android.internal.os.ZygoteInit$MethodAndArgsCaller.run(ZygoteInit.java:784)
D/StrictMode(  311): 	at com.android.internal.os.ZygoteInit.main(ZygoteInit.java:551)
D/StrictMode(  311): 	at dalvik.system.NativeStart.main(Native Method)
D/StrictMode(  311): StrictMode policy violation; ~duration=149 ms: android.os.StrictMode$StrictModeDiskWriteViolation: policy=2711 violation=1
D/StrictMode(  311): 	at android.os.StrictMode$AndroidBlockGuardPolicy.onWriteToDisk(StrictMode.java:1048)
D/StrictMode(  311): 	at libcore.io.BlockGuardOs.fsync(BlockGuardOs.java:84)
D/StrictMode(  311): 	at java.io.FileDescriptor.sync(FileDescriptor.java:71)
D/StrictMode(  311): 	at android.os.FileUtils.sync(FileUtils.java:111)
D/StrictMode(  311): 	at android.app.SharedPreferencesImpl.writeToFile(SharedPreferencesImpl.java:577)
D/StrictMode(  311): 	at android.app.SharedPreferencesImpl.access$800(SharedPreferencesImpl.java:48)
D/StrictMode(  311): 	at android.app.SharedPreferencesImpl$2.run(SharedPreferencesImpl.java:491)
D/StrictMode(  311): 	at android.app.SharedPreferencesImpl.enqueueDiskWrite(SharedPreferencesImpl.java:512)
D/StrictMode(  311): 	at android.app.SharedPreferencesImpl.access$100(SharedPreferencesImpl.java:48)
D/StrictMode(  311): 	at android.app.SharedPreferencesImpl$EditorImpl.commit(SharedPreferencesImpl.java:434)
D/StrictMode(  311): 	at com.android.launcher2.Launcher$18.onAnimationEnd(Launcher.java:3180)
D/StrictMode(  311): 	at android.animation.ValueAnimator.endAnimation(ValueAnimator.java:1033)
D/StrictMode(  311): 	at android.animation.ValueAnimator.access$900(ValueAnimator.java:42)
D/StrictMode(  311): 	at android.animation.ValueAnimator$AnimationHandler.handleMessage(ValueAnimator.java:668)
D/StrictMode(  311): 	at android.os.Handler.dispatchMessage(Handler.java:99)
D/StrictMode(  311): 	at android.os.Looper.loop(Looper.java:137)
D/StrictMode(  311): 	at android.app.ActivityThread.main(ActivityThread.java:4340)
D/StrictMode(  311): 	at java.lang.reflect.Method.invokeNative(Native Method)
D/StrictMode(  311): 	at java.lang.reflect.Method.invoke(Method.java:511)
D/StrictMode(  311): 	at com.android.internal.os.ZygoteInit$MethodAndArgsCaller.run(ZygoteInit.java:784)
D/StrictMode(  311): 	at com.android.internal.os.ZygoteInit.main(ZygoteInit.java:551)
D/StrictMode(  311): 	at dalvik.system.NativeStart.main(Native Method)
D/StrictMode(  311): StrictMode policy violation; ~duration=119 ms: android.os.StrictMode$StrictModeDiskReadViolation: policy=2711 violation=2
D/StrictMode(  311): 	at android.os.StrictMode$AndroidBlockGuardPolicy.onReadFromDisk(StrictMode.java:1074)
D/StrictMode(  311): 	at android.os.StrictMode.noteDiskRead(StrictMode.java:1817)
D/StrictMode(  311): 	at android.os.FileUtils.getFileStatus(FileUtils.java:82)
D/StrictMode(  311): 	at android.app.SharedPreferencesImpl.writeToFile(SharedPreferencesImpl.java:581)
D/StrictMode(  311): 	at android.app.SharedPreferencesImpl.access$800(SharedPreferencesImpl.java:48)
D/StrictMode(  311): 	at android.app.SharedPreferencesImpl$2.run(SharedPreferencesImpl.java:491)
D/StrictMode(  311): 	at android.app.SharedPreferencesImpl.enqueueDiskWrite(SharedPreferencesImpl.java:512)
D/StrictMode(  311): 	at android.app.SharedPreferencesImpl.access$100(SharedPreferencesImpl.java:48)
D/StrictMode(  311): 	at android.app.SharedPreferencesImpl$EditorImpl.commit(SharedPreferencesImpl.java:434)
D/StrictMode(  311): 	at com.android.launcher2.Launcher$18.onAnimationEnd(Launcher.java:3180)
D/StrictMode(  311): 	at android.animation.ValueAnimator.endAnimation(ValueAnimator.java:1033)
D/StrictMode(  311): 	at android.animation.ValueAnimator.access$900(ValueAnimator.java:42)
D/StrictMode(  311): 	at android.animation.ValueAnimator$AnimationHandler.handleMessage(ValueAnimator.java:668)
D/StrictMode(  311): 	at android.os.Handler.dispatchMessage(Handler.java:99)
D/StrictMode(  311): 	at android.os.Looper.loop(Looper.java:137)
D/StrictMode(  311): 	at android.app.ActivityThread.main(ActivityThread.java:4340)
D/StrictMode(  311): 	at java.lang.reflect.Method.invokeNative(Native Method)
D/StrictMode(  311): 	at java.lang.reflect.Method.invoke(Method.java:511)
D/StrictMode(  311): 	at com.android.internal.os.ZygoteInit$MethodAndArgsCaller.run(ZygoteInit.java:784)
D/StrictMode(  311): 	at com.android.internal.os.ZygoteInit.main(ZygoteInit.java:551)
D/StrictMode(  311): 	at dalvik.system.NativeStart.main(Native Method)
D/dalvikvm(   79): GC_CONCURRENT freed 519K, 51% free 8979K/17991K, paused 43ms+13ms
D/dalvikvm(  311): GC_FOR_ALLOC freed 1468K, 25% free 9272K/12295K, paused 262ms
D/dalvikvm(  311): GC_FOR_ALLOC freed 2K, 22% free 9712K/12295K, paused 167ms
D/dalvikvm(  311): GC_CONCURRENT freed 0K, 14% free 10594K/12295K, paused 12ms+26ms
D/dalvikvm(  311): GC_FOR_ALLOC freed 0K, 11% free 11054K/12295K, paused 165ms
I/dalvikvm-heap(  311): Grow heap (frag case) to 11.446MB for 582416-byte allocation
D/dalvikvm(  311): GC_FOR_ALLOC freed 0K, 10% free 11623K/12871K, paused 133ms
D/dalvikvm(  311): GC_FOR_ALLOC freed 0K, 10% free 11623K/12871K, paused 123ms
I/dalvikvm-heap(  311): Grow heap (frag case) to 12.001MB for 582416-byte allocation
D/dalvikvm(  311): GC_FOR_ALLOC freed 0K, 10% free 12192K/13447K, paused 121ms
D/dalvikvm(  311): GC_FOR_ALLOC freed 1148K, 16% free 11858K/14023K, paused 225ms
D/StrictMode(  311): StrictMode policy violation; ~duration=468 ms: android.os.StrictMode$StrictModeDiskReadViolation: policy=2711 violation=2
D/StrictMode(  311): 	at android.os.StrictMode$AndroidBlockGuardPolicy.onReadFromDisk(StrictMode.java:1074)
D/StrictMode(  311): 	at libcore.io.BlockGuardOs.open(BlockGuardOs.java:94)
D/StrictMode(  311): 	at libcore.io.IoBridge.open(IoBridge.java:390)
D/StrictMode(  311): 	at java.io.FileOutputStream.<init>(FileOutputStream.java:88)
D/StrictMode(  311): 	at java.io.FileOutputStream.<init>(FileOutputStream.java:73)
D/StrictMode(  311): 	at android.app.SharedPreferencesImpl.createFileOutputStream(SharedPreferencesImpl.java:523)
D/StrictMode(  311): 	at android.app.SharedPreferencesImpl.writeToFile(SharedPreferencesImpl.java:571)
D/StrictMode(  311): 	at android.app.SharedPreferencesImpl.access$800(SharedPreferencesImpl.java:48)
D/StrictMode(  311): 	at android.app.SharedPreferencesImpl$2.run(SharedPreferencesImpl.java:491)
D/StrictMode(  311): 	at android.app.SharedPreferencesImpl.enqueueDiskWrite(SharedPreferencesImpl.java:512)
D/StrictMode(  311): 	at android.app.SharedPreferencesImpl.access$100(SharedPreferencesImpl.java:48)
D/StrictMode(  311): 	at android.app.SharedPreferencesImpl$EditorImpl.commit(SharedPreferencesImpl.java:434)
D/StrictMode(  311): 	at com.android.launcher2.Launcher$18.onAnimationEnd(Launcher.java:3180)
D/StrictMode(  311): 	at android.animation.ValueAnimator.endAnimation(ValueAnimator.java:1033)
D/StrictMode(  311): 	at android.animation.ValueAnimator.access$900(ValueAnimator.java:42)
D/StrictMode(  311): 	at android.animation.ValueAnimator$AnimationHandler.handleMessage(ValueAnimator.java:668)
D/StrictMode(  311): 	at android.os.Handler.dispatchMessage(Handler.java:99)
D/StrictMode(  311): 	at android.os.Looper.loop(Looper.java:137)
D/StrictMode(  311): 	at android.app.ActivityThread.main(ActivityThread.java:4340)
D/StrictMode(  311): 	at java.lang.reflect.Method.invokeNative(Native Method)
D/StrictMode(  311): 	at java.lang.reflect.Method.invoke(Method.java:511)
D/StrictMode(  311): 	at com.android.internal.os.ZygoteInit$MethodAndArgsCaller.run(ZygoteInit.java:784)
D/StrictMode(  311): 	at com.android.internal.os.ZygoteInit.main(ZygoteInit.java:551)
D/StrictMode(  311): 	at dalvik.system.NativeStart.main(Native Method)
D/StrictMode(  311): StrictMode policy violation; ~duration=343 ms: android.os.StrictMode$StrictModeDiskWriteViolation: policy=2711 violation=1
D/StrictMode(  311): 	at android.os.StrictMode$AndroidBlockGuardPolicy.onWriteToDisk(StrictMode.java:1048)
D/StrictMode(  311): 	at libcore.io.BlockGuardOs.write(BlockGuardOs.java:178)
D/StrictMode(  311): 	at libcore.io.IoBridge.write(IoBridge.java:447)
D/StrictMode(  311): 	at java.io.FileOutputStream.write(FileOutputStream.java:187)
D/StrictMode(  311): 	at com.android.internal.util.FastXmlSerializer.flushBytes(FastXmlSerializer.java:212)
D/StrictMode(  311): 	at com.android.internal.util.FastXmlSerializer.flush(FastXmlSerializer.java:233)
D/StrictMode(  311): 	at com.android.internal.util.FastXmlSerializer.endDocument(FastXmlSerializer.java:183)
D/StrictMode(  311): 	at com.android.internal.util.XmlUtils.writeMapXml(XmlUtils.java:186)
D/StrictMode(  311): 	at android.app.SharedPreferencesImpl.writeToFile(SharedPreferencesImpl.java:576)
