D/StrictMode(  311): 	at android.app.SharedPreferencesImpl.access$800(SharedPreferencesImpl.java:48)
D/StrictMode(  311): 	at android.app.SharedPreferencesImpl$2.run(SharedPreferencesImpl.java:491)
D/StrictMode(  311): 	at android.app.SharedPreferencesImpl.enqueueDiskWrite(SharedPreferencesImpl.java:512)
D/StrictMode(  311): 	at android.app.SharedPreferencesImpl.access$100(SharedPreferencesImpl.java:48)
D/StrictMode(  311): 	at android.app.SharedPreferencesImpl$EditorImpl.commit(SharedPreferencesImpl.java:434)
D/StrictMode(  311): 	at com.android.launcher2.Launcher$18.onAnimationEnd(Launcher.java:3180)
D/StrictMode(  311): 	at android.animation.ValueAnimator.endAnimation(ValueAnimator.java:1033)
D/StrictMode(  311): 	at android.animation.ValueAnimator.access$900(ValueAnimator.java:42)
D/StrictMode(  311): 	at android.animation.ValueAnimator$AnimationHandler.handleMessage(ValueAnimator.java:668)
D/StrictMode(  311): 	at android.os.Handler.dispatchMessage(Handler.java:99)
D/StrictMode(  311): 	at android.os.Looper.loop(Looper.java:137)
D/StrictMode(  311): 	at android.app.ActivityThread.main(ActivityThread.java:4340)
D/StrictMode(  311): 	at java.lang.reflect.Method.invokeNative(Native Method)
D/StrictMode(  311): 	at java.lang.reflect.Method.invoke(Method.java:511)
D/StrictMode(  311): 	at com.android.internal.os.ZygoteInit$MethodAndArgsCaller.run(ZygoteInit.java:784)
D/StrictMode(  311): 	at com.android.internal.os.ZygoteInit.main(ZygoteInit.java:551)
D/StrictMode(  311): 	at dalvik.system.NativeStart.main(Native Method)
D/StrictMode(  311): StrictMode policy violation; ~duration=314 ms: android.os.StrictMode$StrictModeDiskWriteViolation: policy=2711 violation=1
D/StrictMode(  311): 	at android.os.StrictMode$AndroidBlockGuardPolicy.onWriteToDisk(StrictMode.java:1048)
D/StrictMode(  311): 	at libcore.io.BlockGuardOs.fsync(BlockGuardOs.java:84)
D/StrictMode(  311): 	at java.io.FileDescriptor.sync(FileDescriptor.java:71)
D/StrictMode(  311): 	at android.os.FileUtils.sync(FileUtils.java:111)
D/StrictMode(  311): 	at android.app.SharedPreferencesImpl.writeToFile(SharedPreferencesImpl.java:577)
D/StrictMode(  311): 	at android.app.SharedPreferencesImpl.access$800(SharedPreferencesImpl.java:48)
D/StrictMode(  311): 	at android.app.SharedPreferencesImpl$2.run(SharedPreferencesImpl.java:491)
D/StrictMode(  311): 	at android.app.SharedPreferencesImpl.enqueueDiskWrite(SharedPreferencesImpl.java:512)
D/StrictMode(  311): 	at android.app.SharedPreferencesImpl.access$100(SharedPreferencesImpl.java:48)
D/StrictMode(  311): 	at android.app.SharedPreferencesImpl$EditorImpl.commit(SharedPreferencesImpl.java:434)
D/StrictMode(  311): 	at com.android.launcher2.Launcher$18.onAnimationEnd(Launcher.java:3180)
D/StrictMode(  311): 	at android.animation.ValueAnimator.endAnimation(ValueAnimator.java:1033)
D/StrictMode(  311): 	at android.animation.ValueAnimator.access$900(ValueAnimator.java:42)
D/StrictMode(  311): 	at android.animation.ValueAnimator$AnimationHandler.handleMessage(ValueAnimator.java:668)
D/StrictMode(  311): 	at android.os.Handler.dispatchMessage(Handler.java:99)
D/StrictMode(  311): 	at android.os.Looper.loop(Looper.java:137)
D/StrictMode(  311): 	at android.app.ActivityThread.main(ActivityThread.java:4340)
D/StrictMode(  311): 	at java.lang.reflect.Method.invokeNative(Native Method)
D/StrictMode(  311): 	at java.lang.reflect.Method.invoke(Method.java:511)
D/StrictMode(  311): 	at com.android.internal.os.ZygoteInit$MethodAndArgsCaller.run(ZygoteInit.java:784)
D/StrictMode(  311): 	at com.android.internal.os.ZygoteInit.main(ZygoteInit.java:551)
D/StrictMode(  311): 	at dalvik.system.NativeStart.main(Native Method)
D/StrictMode(  311): StrictMode policy violation; ~duration=260 ms: android.os.StrictMode$StrictModeDiskReadViolation: policy=2711 violation=2
D/StrictMode(  311): 	at android.os.StrictMode$AndroidBlockGuardPolicy.onReadFromDisk(StrictMode.java:1074)
D/StrictMode(  311): 	at android.os.StrictMode.noteDiskRead(StrictMode.java:1817)
D/StrictMode(  311): 	at android.os.FileUtils.getFileStatus(FileUtils.java:82)
D/StrictMode(  311): 	at android.app.SharedPreferencesImpl.writeToFile(SharedPreferencesImpl.java:581)
D/StrictMode(  311): 	at android.app.SharedPreferencesImpl.access$800(SharedPreferencesImpl.java:48)
D/StrictMode(  311): 	at android.app.SharedPreferencesImpl$2.run(SharedPreferencesImpl.java:491)
D/StrictMode(  311): 	at android.app.SharedPreferencesImpl.enqueueDiskWrite(SharedPreferencesImpl.java:512)
D/StrictMode(  311): 	at android.app.SharedPreferencesImpl.access$100(SharedPreferencesImpl.java:48)
D/StrictMode(  311): 	at android.app.SharedPreferencesImpl$EditorImpl.commit(SharedPreferencesImpl.java:434)
D/StrictMode(  311): 	at com.android.launcher2.Launcher$18.onAnimationEnd(Launcher.java:3180)
D/StrictMode(  311): 	at android.animation.ValueAnimator.endAnimation(ValueAnimator.java:1033)
D/StrictMode(  311): 	at android.animation.ValueAnimator.access$900(ValueAnimator.java:42)
D/StrictMode(  311): 	at android.animation.ValueAnimator$AnimationHandler.handleMessage(ValueAnimator.java:668)
D/StrictMode(  311): 	at android.os.Handler.dispatchMessage(Handler.java:99)
D/StrictMode(  311): 	at android.os.Looper.loop(Looper.java:137)
D/StrictMode(  311): 	at android.app.ActivityThread.main(ActivityThread.java:4340)
D/StrictMode(  311): 	at java.lang.reflect.Method.invokeNative(Native Method)
D/StrictMode(  311): 	at java.lang.reflect.Method.invoke(Method.java:511)
D/StrictMode(  311): 	at com.android.internal.os.ZygoteInit$MethodAndArgsCaller.run(ZygoteInit.java:784)
D/StrictMode(  311): 	at com.android.internal.os.ZygoteInit.main(ZygoteInit.java:551)
D/StrictMode(  311): 	at dalvik.system.NativeStart.main(Native Method)
D/dalvikvm(  311): GC_FOR_ALLOC freed 2347K, 22% free 10998K/14023K, paused 119ms
D/dalvikvm(  311): GC_CONCURRENT freed 9K, 13% free 12316K/14023K, paused 10ms+17ms
D/AndroidRuntime(  556): 
D/AndroidRuntime(  556): >>>>>> AndroidRuntime START com.android.internal.os.RuntimeInit <<<<<<
D/AndroidRuntime(  556): CheckJNI is ON
D/AndroidRuntime(  556): Calling main entry com.android.commands.pm.Pm
I/ActivityManager(   79): Start proc com.android.defcontainer for service com.android.defcontainer/.DefaultContainerService: pid=566 uid=10025 gids={1015, 2001}
D/dalvikvm(   37): GC_EXPLICIT freed 36K, 5% free 6827K/7171K, paused 4ms+5ms
D/dalvikvm(   37): GC_EXPLICIT freed <1K, 5% free 6827K/7171K, paused 4ms+4ms
D/dalvikvm(   37): GC_EXPLICIT freed <1K, 5% free 6827K/7171K, paused 4ms+4ms
W/ActivityManager(   79): No content provider found for permission revoke: file:///data/local/tmp/AUT.apk
W/ActivityManager(   79): No content provider found for permission revoke: file:///data/local/tmp/AUT.apk
D/dalvikvm(   79): GC_CONCURRENT freed 272K, 49% free 9183K/17991K, paused 7ms+9ms
D/dalvikvm(   79): GC_CONCURRENT freed 255K, 48% free 9433K/17991K, paused 7ms+7ms
D/dalvikvm(   79): GC_CONCURRENT freed 589K, 48% free 9412K/17991K, paused 7ms+9ms
D/dalvikvm(   79): GC_CONCURRENT freed 547K, 48% free 9425K/17991K, paused 9ms+9ms
D/dalvikvm(   79): GC_CONCURRENT freed 557K, 48% free 9430K/17991K, paused 7ms+11ms
D/dalvikvm(   79): GC_CONCURRENT freed 548K, 48% free 9434K/17991K, paused 7ms+9ms
D/dalvikvm(   79): GC_CONCURRENT freed 557K, 48% free 9446K/17991K, paused 7ms+10ms
I/PackageManager(   79): Running dexopt on: com.cy.main.easycalculator
D/dalvikvm(  582): DexOpt: load 423ms, verify+opt 1035ms
I/ActivityManager(   79): Force stopping package com.cy.main.easycalculator uid=10040
D/PackageManager(   79): New package installed in /data/app/com.cy.main.easycalculator-1.apk
D/dalvikvm(   79): GC_CONCURRENT freed 523K, 48% free 9459K/17991K, paused 11ms+30ms
D/PackageManager(   79): generateServicesMap(android.accounts.AccountAuthenticator): 2 services unchanged
I/ActivityManager(   79): Start proc com.svox.pico for broadcast com.svox.pico/.VoiceDataInstallerReceiver: pid=583 uid=10024 gids={1015}
D/PackageManager(   79): generateServicesMap(android.content.SyncAdapter): 4 services unchanged
D/BackupManagerService(   79): Received broadcast Intent { act=android.intent.action.PACKAGE_ADDED dat=package:com.cy.main.easycalculator flg=0x10000010 (has extras) }
V/BackupManagerService(   79): addPackageParticipantsLocked: com.cy.main.easycalculator
I/ActivityThread(  583): Pub com.svox.pico.providers.SettingsProvider: com.svox.pico.providers.SettingsProvider
W/RecognitionManagerService(   79): no available voice recognition services found
D/StrictMode(   79): StrictMode policy violation; ~duration=321 ms: android.os.StrictMode$StrictModeDiskReadViolation: policy=151 violation=2
D/StrictMode(   79): 	at android.os.StrictMode$AndroidBlockGuardPolicy.onReadFromDisk(StrictMode.java:1074)
D/StrictMode(   79): 	at libcore.io.BlockGuardOs.open(BlockGuardOs.java:94)
D/StrictMode(   79): 	at libcore.io.IoBridge.open(IoBridge.java:390)
D/StrictMode(   79): 	at java.io.FileOutputStream.<init>(FileOutputStream.java:88)
D/StrictMode(   79): 	at java.io.FileOutputStream.<init>(FileOutputStream.java:73)
D/StrictMode(   79): 	at com.android.internal.os.AtomicFile.startWrite(AtomicFile.java:59)
D/StrictMode(   79): 	at com.android.server.AppWidgetService.saveStateLocked(AppWidgetService.java:1181)
D/StrictMode(   79): 	at com.android.server.AppWidgetService$2.onReceive(AppWidgetService.java:1452)
D/StrictMode(   79): 	at android.app.LoadedApk$ReceiverDispatcher$Args.run(LoadedApk.java:728)
D/StrictMode(   79): 	at android.os.Handler.handleCallback(Handler.java:605)
D/StrictMode(   79): 	at android.os.Handler.dispatchMessage(Handler.java:92)
D/StrictMode(   79): 	at android.os.Looper.loop(Looper.java:137)
D/StrictMode(   79): 	at com.android.server.ServerThread.run(SystemServer.java:744)
D/StrictMode(   79): StrictMode policy violation; ~duration=312 ms: android.os.StrictMode$StrictModeDiskWriteViolation: policy=151 violation=1
D/StrictMode(   79): 	at android.os.StrictMode$AndroidBlockGuardPolicy.onWriteToDisk(StrictMode.java:1048)
D/StrictMode(   79): 	at libcore.io.BlockGuardOs.write(BlockGuardOs.java:178)
D/StrictMode(   79): 	at libcore.io.IoBridge.write(IoBridge.java:447)
D/StrictMode(   79): 	at java.io.FileOutputStream.write(FileOutputStream.java:187)
D/StrictMode(   79): 	at com.android.internal.util.FastXmlSerializer.flushBytes(FastXmlSerializer.java:212)
D/StrictMode(   79): 	at com.android.internal.util.FastXmlSerializer.flush(FastXmlSerializer.java:233)
D/StrictMode(   79): 	at com.android.internal.util.FastXmlSerializer.endDocument(FastXmlSerializer.java:183)
D/StrictMode(   79): 	at com.android.server.AppWidgetService.writeStateToFileLocked(AppWidgetService.java:1240)
D/StrictMode(   79): 	at com.android.server.AppWidgetService.saveStateLocked(AppWidgetService.java:1182)
D/StrictMode(   79): 	at com.android.server.AppWidgetService$2.onReceive(AppWidgetService.java:1452)
D/StrictMode(   79): 	at android.app.LoadedApk$ReceiverDispatcher$Args.run(LoadedApk.java:728)
D/StrictMode(   79): 	at android.os.Handler.handleCallback(Handler.java:605)
D/StrictMode(   79): 	at android.os.Handler.dispatchMessage(Handler.java:92)
D/StrictMode(   79): 	at android.os.Looper.loop(Looper.java:137)
D/StrictMode(   79): 	at com.android.server.ServerThread.run(SystemServer.java:744)
D/StrictMode(   79): StrictMode policy violation; ~duration=286 ms: android.os.StrictMode$StrictModeDiskWriteViolation: policy=151 violation=1
D/StrictMode(   79): 	at android.os.StrictMode$AndroidBlockGuardPolicy.onWriteToDisk(StrictMode.java:1048)
D/StrictMode(   79): 	at libcore.io.BlockGuardOs.fsync(BlockGuardOs.java:84)
D/StrictMode(   79): 	at java.io.FileDescriptor.sync(FileDescriptor.java:71)
D/StrictMode(   79): 	at android.os.FileUtils.sync(FileUtils.java:111)
D/StrictMode(   79): 	at com.android.internal.os.AtomicFile.finishWrite(AtomicFile.java:80)
D/StrictMode(   79): 	at com.android.server.AppWidgetService.saveStateLocked(AppWidgetService.java:1183)
D/StrictMode(   79): 	at com.android.server.AppWidgetService$2.onReceive(AppWidgetService.java:1452)
D/StrictMode(   79): 	at android.app.LoadedApk$ReceiverDispatcher$Args.run(LoadedApk.java:728)
D/StrictMode(   79): 	at android.os.Handler.handleCallback(Handler.java:605)
D/StrictMode(   79): 	at android.os.Handler.dispatchMessage(Handler.java:92)
D/StrictMode(   79): 	at android.os.Looper.loop(Looper.java:137)
D/StrictMode(   79): 	at com.android.server.ServerThread.run(SystemServer.java:744)
I/AccountTypeManager(  329): Loaded meta-data for 1 account types, 0 accounts in 85ms(wall) 9ms(cpu)
D/dalvikvm(  311): GC_FOR_ALLOC freed 3062K, 27% free 10457K/14279K, paused 64ms
D/dalvikvm(  311): GC_FOR_ALLOC freed 1135K, 30% free 10099K/14279K, paused 61ms
D/dalvikvm(  311): GC_FOR_ALLOC freed 352K, 26% free 10591K/14279K, paused 68ms
D/dalvikvm(   79): GC_EXPLICIT freed 970K, 50% free 9011K/17991K, paused 20ms+25ms
D/AndroidRuntime(  556): Shutting down VM
D/dalvikvm(  556): GC_CONCURRENT freed 97K, 79% free 449K/2048K, paused 2ms+1ms
I/AndroidRuntime(  556): NOTE: attach of thread 'Binder Thread #3' failed
D/AndroidRuntime(  603): 
D/AndroidRuntime(  603): >>>>>> AndroidRuntime START com.android.internal.os.RuntimeInit <<<<<<
D/AndroidRuntime(  603): CheckJNI is ON
D/AndroidRuntime(  603): Calling main entry com.android.commands.pm.Pm
W/ActivityManager(   79): No content provider found for permission revoke: file:///data/local/tmp/crawler.apk
W/ActivityManager(   79): No content provider found for permission revoke: file:///data/local/tmp/crawler.apk
I/PackageManager(   79): Running dexopt on: com.nofatclips.crawler
D/dalvikvm(  614): DexOpt: load 71ms, verify+opt 935ms
I/ActivityManager(   79): Force stopping package com.nofatclips.crawler uid=10041
D/PackageManager(   79): New package installed in /data/app/com.nofatclips.crawler-1.apk
D/dalvikvm(   79): GC_CONCURRENT freed 409K, 50% free 9048K/17991K, paused 9ms+9ms
D/PackageManager(   79): generateServicesMap(android.accounts.AccountAuthenticator): 2 services unchanged
D/PackageManager(   79): generateServicesMap(android.content.SyncAdapter): 4 services unchanged
D/BackupManagerService(   79): Received broadcast Intent { act=android.intent.action.PACKAGE_ADDED dat=package:com.nofatclips.crawler flg=0x10000010 (has extras) }
V/BackupManagerService(   79): addPackageParticipantsLocked: com.nofatclips.crawler
W/RecognitionManagerService(   79): no available voice recognition services found
D/StrictMode(   79): StrictMode policy violation; ~duration=253 ms: android.os.StrictMode$StrictModeDiskReadViolation: policy=151 violation=2
D/StrictMode(   79): 	at android.os.StrictMode$AndroidBlockGuardPolicy.onReadFromDisk(StrictMode.java:1074)
D/StrictMode(   79): 	at libcore.io.BlockGuardOs.open(BlockGuardOs.java:94)
D/StrictMode(   79): 	at libcore.io.IoBridge.open(IoBridge.java:390)
D/StrictMode(   79): 	at java.io.FileOutputStream.<init>(FileOutputStream.java:88)
D/StrictMode(   79): 	at java.io.FileOutputStream.<init>(FileOutputStream.java:73)
D/StrictMode(   79): 	at com.android.internal.os.AtomicFile.startWrite(AtomicFile.java:59)
D/StrictMode(   79): 	at com.android.server.AppWidgetService.saveStateLocked(AppWidgetService.java:1181)
D/StrictMode(   79): 	at com.android.server.AppWidgetService$2.onReceive(AppWidgetService.java:1452)
D/StrictMode(   79): 	at android.app.LoadedApk$ReceiverDispatcher$Args.run(LoadedApk.java:728)
D/StrictMode(   79): 	at android.os.Handler.handleCallback(Handler.java:605)
D/StrictMode(   79): 	at android.os.Handler.dispatchMessage(Handler.java:92)
D/StrictMode(   79): 	at android.os.Looper.loop(Looper.java:137)
D/StrictMode(   79): 	at com.android.server.ServerThread.run(SystemServer.java:744)
D/StrictMode(   79): StrictMode policy violation; ~duration=243 ms: android.os.StrictMode$StrictModeDiskWriteViolation: policy=151 violation=1
D/StrictMode(   79): 	at android.os.StrictMode$AndroidBlockGuardPolicy.onWriteToDisk(StrictMode.java:1048)
D/StrictMode(   79): 	at libcore.io.BlockGuardOs.write(BlockGuardOs.java:178)
D/StrictMode(   79): 	at libcore.io.IoBridge.write(IoBridge.java:447)
D/StrictMode(   79): 	at java.io.FileOutputStream.write(FileOutputStream.java:187)
D/StrictMode(   79): 	at com.android.internal.util.FastXmlSerializer.flushBytes(FastXmlSerializer.java:212)
D/StrictMode(   79): 	at com.android.internal.util.FastXmlSerializer.flush(FastXmlSerializer.java:233)
D/StrictMode(   79): 	at com.android.internal.util.FastXmlSerializer.endDocument(FastXmlSerializer.java:183)
D/StrictMode(   79): 	at com.android.server.AppWidgetService.writeStateToFileLocked(AppWidgetService.java:1240)
D/StrictMode(   79): 	at com.android.server.AppWidgetService.saveStateLocked(AppWidgetService.java:1182)
D/StrictMode(   79): 	at com.android.server.AppWidgetService$2.onReceive(AppWidgetService.java:1452)
D/StrictMode(   79): 	at android.app.LoadedApk$ReceiverDispatcher$Args.run(LoadedApk.java:728)
D/StrictMode(   79): 	at android.os.Handler.handleCallback(Handler.java:605)
D/StrictMode(   79): 	at android.os.Handler.dispatchMessage(Handler.java:92)
D/StrictMode(   79): 	at android.os.Looper.loop(Looper.java:137)
D/StrictMode(   79): 	at com.android.server.ServerThread.run(SystemServer.java:744)
D/StrictMode(   79): StrictMode policy violation; ~duration=238 ms: android.os.StrictMode$StrictModeDiskWriteViolation: policy=151 violation=1
D/StrictMode(   79): 	at android.os.StrictMode$AndroidBlockGuardPolicy.onWriteToDisk(StrictMode.java:1048)
D/StrictMode(   79): 	at libcore.io.BlockGuardOs.fsync(BlockGuardOs.java:84)
D/StrictMode(   79): 	at java.io.FileDescriptor.sync(FileDescriptor.java:71)
D/StrictMode(   79): 	at android.os.FileUtils.sync(FileUtils.java:111)
D/StrictMode(   79): 	at com.android.internal.os.AtomicFile.finishWrite(AtomicFile.java:80)
D/StrictMode(   79): 	at com.android.server.AppWidgetService.saveStateLocked(AppWidgetService.java:1183)
D/StrictMode(   79): 	at com.android.server.AppWidgetService$2.onReceive(AppWidgetService.java:1452)
D/StrictMode(   79): 	at android.app.LoadedApk$ReceiverDispatcher$Args.run(LoadedApk.java:728)
D/StrictMode(   79): 	at android.os.Handler.handleCallback(Handler.java:605)
D/StrictMode(   79): 	at android.os.Handler.dispatchMessage(Handler.java:92)
D/StrictMode(   79): 	at android.os.Looper.loop(Looper.java:137)
D/StrictMode(   79): 	at com.android.server.ServerThread.run(SystemServer.java:744)
D/dalvikvm(  311): GC_CONCURRENT freed 1472K, 28% free 10369K/14279K, paused 5ms+13ms
I/AccountTypeManager(  329): Loaded meta-data for 1 account types, 0 accounts in 518ms(wall) 9ms(cpu)
D/dalvikvm(   79): GC_EXPLICIT freed 447K, 50% free 9003K/17991K, paused 8ms+68ms
D/AndroidRuntime(  603): Shutting down VM
D/dalvikvm(  603): GC_CONCURRENT freed 97K, 79% free 449K/2048K, paused 1ms+1ms
D/dalvikvm(  204): GC_CONCURRENT freed 411K, 9% free 7347K/8007K, paused 25ms+23ms
W/ThrottleService(   79): unable to find stats for iface rmnet0
D/dalvikvm(  311): GC_FOR_ALLOC freed 884K, 27% free 10461K/14279K, paused 259ms
D/dalvikvm(  311): GC_FOR_ALLOC freed 174K, 23% free 11011K/14279K, paused 121ms
D/dalvikvm(  311): GC_CONCURRENT freed 6K, 14% free 12329K/14279K, paused 7ms+19ms
I/ActivityManager(   79): START {act=android.intent.action.MAIN cat=[android.intent.category.LAUNCHER] flg=0x10200000 cmp=com.cy.main.easycalculator/.Main} from pid 311
D/PermissionCache(   36): checking android.permission.READ_FRAME_BUFFER for uid=1000 => granted (4718 us)
W/WindowManager(   79): Failure taking screenshot for (120x180) to layer 21005
D/dalvikvm(  638): Not late-enabling CheckJNI (already on)
I/ActivityManager(   79): Start proc com.cy.main.easycalculator for activity com.cy.main.easycalculator/.Main: pid=638 uid=10040 gids={}
I/WindowManager(   79): createSurface Window{418b8a00 Starting com.cy.main.easycalculator paused=false}: DRAW NOW PENDING
W/NetworkManagementSocketTagger(   79): setKernelCountSet(10040, 1) failed with errno -2
I/ARMAssembler(   36): generated scanline__00000077:03515104_00009001_00000000 [131 ipp] (153 ins) at [0x414c61e8:0x414c644c] in 20604153 ns
I/dalvikvm(   79): Jit: resizing JitTable from 4096 to 8192
I/ActivityManager(   79): START {act=android.intent.action.MAIN cat=[android.intent.category.LAUNCHER] flg=0x10200000 cmp=com.cy.main.easycalculator/.Main} from pid 311
I/WindowManager(   79): createSurface Window{419482a8 com.cy.main.easycalculator/com.cy.main.easycalculator.Main paused=false}: DRAW NOW PENDING
D/gralloc_goldfish(  638): Emulator without GPU emulation detected.
W/TextLayoutCache(  638): computeValuesWithHarfbuzz -- need to force to single run
I/ActivityManager(   79): Displayed com.cy.main.easycalculator/.Main: +1s738ms
W/NetworkManagementSocketTagger(   79): setKernelCountSet(10005, 0) failed with errno -2
W/InputManagerService(   79): Starting input on non-focused client com.android.internal.view.IInputMethodClient$Stub$Proxy@41500878 (uid=10005 pid=311)
F/NetworkStats(   79): problem reading network stats
F/NetworkStats(   79): java.lang.IllegalStateException: problem parsing line: null
F/NetworkStats(   79): 	at com.android.internal.net.NetworkStatsFactory.readNetworkStatsDetail(NetworkStatsFactory.java:313)
F/NetworkStats(   79): 	at com.android.server.NetworkManagementService.getNetworkStatsUidDetail(NetworkManagementService.java:1271)
F/NetworkStats(   79): 	at com.android.server.net.NetworkStatsService.performPollLocked(NetworkStatsService.java:810)
F/NetworkStats(   79): 	at com.android.server.net.NetworkStatsService.performPoll(NetworkStatsService.java:771)
F/NetworkStats(   79): 	at com.android.server.net.NetworkStatsService.access$100(NetworkStatsService.java:128)
F/NetworkStats(   79): 	at com.android.server.net.NetworkStatsService$3.onReceive(NetworkStatsService.java:610)
F/NetworkStats(   79): 	at android.app.LoadedApk$ReceiverDispatcher$Args.run(LoadedApk.java:728)
F/NetworkStats(   79): 	at android.os.Handler.handleCallback(Handler.java:605)
F/NetworkStats(   79): 	at android.os.Handler.dispatchMessage(Handler.java:92)
F/NetworkStats(   79): 	at android.os.Looper.loop(Looper.java:137)
F/NetworkStats(   79): 	at android.os.HandlerThread.run(HandlerThread.java:60)
F/NetworkStats(   79): Caused by: java.io.FileNotFoundException: /proc/net/xt_qtaguid/stats: open failed: ENOENT (No such file or directory)
F/NetworkStats(   79): 	at libcore.io.IoBridge.open(IoBridge.java:406)
F/NetworkStats(   79): 	at java.io.FileInputStream.<init>(FileInputStream.java:78)
F/NetworkStats(   79): 	at java.io.FileReader.<init>(FileReader.java:42)
F/NetworkStats(   79): 	at com.android.internal.net.NetworkStatsFactory.readNetworkStatsDetail(NetworkStatsFactory.java:272)
F/NetworkStats(   79): 	... 10 more
F/NetworkStats(   79): Caused by: libcore.io.ErrnoException: open failed: ENOENT (No such file or directory)
F/NetworkStats(   79): 	at libcore.io.Posix.open(Native Method)
F/NetworkStats(   79): 	at libcore.io.BlockGuardOs.open(BlockGuardOs.java:98)
F/NetworkStats(   79): 	at libcore.io.IoBridge.open(IoBridge.java:390)
F/NetworkStats(   79): 	... 13 more
D/AndroidRuntime(  665): 
D/AndroidRuntime(  665): >>>>>> AndroidRuntime START com.android.internal.os.RuntimeInit <<<<<<
D/AndroidRuntime(  665): CheckJNI is ON
D/AndroidRuntime(  665): Calling main entry com.android.commands.am.Am
I/ActivityManager(   79): Force stopping package com.cy.main.easycalculator uid=10040
W/ActivityManager(   79): Force removing ActivityRecord{4124bf70 com.cy.main.easycalculator/.Main}: app died, no saved state
W/NetworkManagementSocketTagger(   79): setKernelCountSet(10040, 0) failed with errno -2
I/Process (   79): Sending signal. PID: 638 SIG: 9
W/InputDispatcher(   79): channel '419482a8 com.cy.main.easycalculator/com.cy.main.easycalculator.Main (server)' ~ Consumer closed input channel or an error occurred.  events=0x8
E/InputDispatcher(   79): channel '419482a8 com.cy.main.easycalculator/com.cy.main.easycalculator.Main (server)' ~ Channel is unrecoverably broken and will be disposed!
I/WindowManager(   79): WIN DEATH: Window{419482a8 com.cy.main.easycalculator/com.cy.main.easycalculator.Main paused=false}
W/InputDispatcher(   79): Attempted to unregister already unregistered input channel '419482a8 com.cy.main.easycalculator/com.cy.main.easycalculator.Main (server)'
I/WindowManager(   79): WINDOW DIED Window{419482a8 com.cy.main.easycalculator/com.cy.main.easycalculator.Main paused=false}
W/NetworkManagementSocketTagger(   79): setKernelCountSet(10005, 1) failed with errno -2
I/WindowManager(   79): createSurface Window{416c8ed0 com.android.launcher/com.android.launcher2.Launcher paused=false}: DRAW NOW PENDING
D/dalvikvm(  675): Not late-enabling CheckJNI (already on)
I/ActivityManager(   79): Start proc com.cy.main.easycalculator for added application com.cy.main.easycalculator: pid=675 uid=10040 gids={}
W/InputManagerService(   79): Got RemoteException sending setActive(false) notification to pid 638 uid 10040
D/dalvikvm(   79): GC_CONCURRENT freed 411K, 50% free 9014K/17991K, paused 18ms+32ms
D/nofatclips(  675): Updating node 
D/nofatclips(  675): Loading node 
I/nofatclips(  675): Preferences file found.
V/nofatclips(  675): Updating value ACTIVITY_DESCRIPTION_IN_SESSION
V/nofatclips(  675): Updating value ADDITIONAL_CRITERIAS
V/nofatclips(  675): Updating value ADDITIONAL_EVENTS
V/nofatclips(  675): Updating value ADDITIONAL_INPUTS
V/nofatclips(  675): Updating value CLASS_NAME
D/nofatclips(  675): Updated value of parameter CLASS_NAME to com.cy.main.easycalculator.Main (default = app.package.class)
V/nofatclips(  675): Updating value ENABLE_RESUME
V/nofatclips(  675): Updating value PACKAGE_NAME
D/nofatclips(  675): Updated value of parameter PACKAGE_NAME to com.cy.main.easycalculator (default = app.package)
V/nofatclips(  675): Updating value RANDOM_SEED
D/nofatclips(  675): Updated value of parameter RANDOM_SEED to -4566172317578532030 (default = 5466516511651561651)
V/nofatclips(  675): Updating value RETRY_FAILED_TRACES
V/nofatclips(  675): Updating value theClass
D/nofatclips(  675): Updating node scheduler
D/nofatclips(  675): Loading node scheduler
V/nofatclips(  675): Updating value ALL_EVENTS_ON_PREFERENCES
V/nofatclips(  675): Updating value BACK_BUTTON_EVENT
V/nofatclips(  675): Updating value DICTIONARY_FIXED_VALUE
V/nofatclips(  675): Updating value DICTIONARY_IGNORE_CONTENT_TYPES
V/nofatclips(  675): Updating value EMULATOR_PORT
V/nofatclips(  675): Updating value EVENTS
D/nofatclips(  675): Updated values of array parameter EVENTS
V/nofatclips(  675): Updating value EVENT_WHEN_NO_ID
V/nofatclips(  675): Updating value EXCLUDE_WIDGETS_INPUTS_IN_GPS_EVENTS
V/nofatclips(  675): Updating value EXCLUDE_WIDGETS_INPUTS_IN_SENSORS_EVENTS
V/nofatclips(  675): Updating value INPUTS
D/nofatclips(  675): Updated values of array parameter INPUTS
V/nofatclips(  675): Updating value KEY_EVENTS
V/nofatclips(  675): Updating value MAX_EVENTS_PER_WIDGET
D/dalvikvm(  675): GC_CONCURRENT freed 279K, 6% free 7037K/7431K, paused 6ms+5ms
V/nofatclips(  675): Updating value MAX_TASKS_IN_SCHEDULER
D/nofatclips(  675): Updated value of parameter MAX_TASKS_IN_SCHEDULER to 2 (default = 0)
V/nofatclips(  675): Updating value MAX_TASKS_PER_EVENT
V/nofatclips(  675): Updating value MENU_EVENTS
V/nofatclips(  675): Updating value ORIENTATION_EVENTS
V/nofatclips(  675): Updating value PLANNER
V/nofatclips(  675): Updating value REFLECT_ACTIVITY_LISTENERS
V/nofatclips(  675): Updating value REFLECT_WIDGETS
V/nofatclips(  675): Updating value SCHEDULER_ALGORITHM
D/nofatclips(  675): Updated value of parameter SCHEDULER_ALGORITHM to DEPTH_FIRST (default = BREADTH_FIRST)
V/nofatclips(  675): Updating value SCROLL_DOWN_EVENT
V/nofatclips(  675): Updating value SENSOR_TYPES
V/nofatclips(  675): Updating value SIMULATE_INCOMING_CALL
V/nofatclips(  675): Updating value SIMULATE_INCOMING_SMS
V/nofatclips(  675): Updating value TAB_EVENTS_START_ONLY
V/nofatclips(  675): Updating value TEST_LOCATION_PROVIDER
V/nofatclips(  675): Updating value TEXT_VALUES_FROM_DICTIONARY
V/nofatclips(  675): Updating value TEXT_VALUES_ID_HASH
V/nofatclips(  675): Updating value USE_GPS
V/nofatclips(  675): Updating value USE_SENSORS
D/nofatclips(  675): Updating node planner
D/nofatclips(  675): Loading node planner
V/nofatclips(  675): Updating value ALL_EVENTS_ON_PREFERENCES
V/nofatclips(  675): Updating value BACK_BUTTON_EVENT
V/nofatclips(  675): Updating value DICTIONARY_FIXED_VALUE
V/nofatclips(  675): Updating value DICTIONARY_IGNORE_CONTENT_TYPES
V/nofatclips(  675): Updating value EMULATOR_PORT
V/nofatclips(  675): Updating value EVENTS
D/nofatclips(  675): Updated values of array parameter EVENTS
V/nofatclips(  675): Updating value EVENT_WHEN_NO_ID
V/nofatclips(  675): Updating value EXCLUDE_WIDGETS_INPUTS_IN_GPS_EVENTS
V/nofatclips(  675): Updating value EXCLUDE_WIDGETS_INPUTS_IN_SENSORS_EVENTS
V/nofatclips(  675): Updating value INPUTS
D/nofatclips(  675): Updated values of array parameter INPUTS
V/nofatclips(  675): Updating value KEY_EVENTS
V/nofatclips(  675): Updating value MAX_EVENTS_PER_WIDGET
V/nofatclips(  675): Updating value MAX_TASKS_IN_SCHEDULER
V/nofatclips(  675): Updating value MAX_TASKS_PER_EVENT
V/nofatclips(  675): Updating value MENU_EVENTS
V/nofatclips(  675): Updating value ORIENTATION_EVENTS
V/nofatclips(  675): Updating value PLANNER
V/nofatclips(  675): Updating value REFLECT_ACTIVITY_LISTENERS
V/nofatclips(  675): Updating value REFLECT_WIDGETS
V/nofatclips(  675): Updating value SCHEDULER_ALGORITHM
V/nofatclips(  675): Updating value SCROLL_DOWN_EVENT
V/nofatclips(  675): Updating value SENSOR_TYPES
V/nofatclips(  675): Updating value SIMULATE_INCOMING_CALL
V/nofatclips(  675): Updating value SIMULATE_INCOMING_SMS
V/nofatclips(  675): Updating value TAB_EVENTS_START_ONLY
V/nofatclips(  675): Updating value TEST_LOCATION_PROVIDER
V/nofatclips(  675): Updating value TEXT_VALUES_FROM_DICTIONARY
V/nofatclips(  675): Updating value TEXT_VALUES_ID_HASH
D/nofatclips(  675): Updated value of parameter TEXT_VALUES_ID_HASH to true (default = false)
V/nofatclips(  675): Updating value USE_GPS
V/nofatclips(  675): Updating value USE_SENSORS
D/nofatclips(  675): Updating node interactions
D/nofatclips(  675): Loading node interactions
V/nofatclips(  675): Updating value ALL_EVENTS_ON_PREFERENCES
V/nofatclips(  675): Updating value BACK_BUTTON_EVENT
V/nofatclips(  675): Updating value DICTIONARY_FIXED_VALUE
V/nofatclips(  675): Updating value DICTIONARY_IGNORE_CONTENT_TYPES
V/nofatclips(  675): Updating value EMULATOR_PORT
V/nofatclips(  675): Updating value EVENTS
D/nofatclips(  675): Updated values of array parameter EVENTS
V/nofatclips(  675): Updating value EVENT_WHEN_NO_ID
V/nofatclips(  675): Updating value EXCLUDE_WIDGETS_INPUTS_IN_GPS_EVENTS
V/nofatclips(  675): Updating value EXCLUDE_WIDGETS_INPUTS_IN_SENSORS_EVENTS
V/nofatclips(  675): Updating value INPUTS
D/nofatclips(  675): Updated values of array parameter INPUTS
V/nofatclips(  675): Updating value KEY_EVENTS
V/nofatclips(  675): Updating value MAX_EVENTS_PER_WIDGET
V/nofatclips(  675): Updating value MAX_TASKS_IN_SCHEDULER
V/nofatclips(  675): Updating value MAX_TASKS_PER_EVENT
V/nofatclips(  675): Updating value MENU_EVENTS
V/nofatclips(  675): Updating value ORIENTATION_EVENTS
V/nofatclips(  675): Updating value PLANNER
V/nofatclips(  675): Updating value REFLECT_ACTIVITY_LISTENERS
V/nofatclips(  675): Updating value REFLECT_WIDGETS
V/nofatclips(  675): Updating value SCHEDULER_ALGORITHM
V/nofatclips(  675): Updating value SCROLL_DOWN_EVENT
V/nofatclips(  675): Updating value SENSOR_TYPES
V/nofatclips(  675): Updating value SIMULATE_INCOMING_CALL
V/nofatclips(  675): Updating value SIMULATE_INCOMING_SMS
V/nofatclips(  675): Updating value TAB_EVENTS_START_ONLY
V/nofatclips(  675): Updating value TEST_LOCATION_PROVIDER
V/nofatclips(  675): Updating value TEXT_VALUES_FROM_DICTIONARY
V/nofatclips(  675): Updating value TEXT_VALUES_ID_HASH
V/nofatclips(  675): Updating value USE_GPS
V/nofatclips(  675): Updating value USE_SENSORS
D/nofatclips(  675): Updating node comparator
D/nofatclips(  675): Loading node comparator
V/nofatclips(  675): Updating value COMPARATOR
V/nofatclips(  675): Updating value COMPARATOR_TYPE
V/nofatclips(  675): Updating value COMPARE_ACTIVITY_NAME
V/nofatclips(  675): Updating value COMPARE_LIST_COUNT
V/nofatclips(  675): Updating value COMPARE_MENU_COUNT
D/nofatclips(  675): Updated value of parameter COMPARE_MENU_COUNT to false (default = true)
V/nofatclips(  675): Updating value COMPARE_STATE_TITLE
V/nofatclips(  675): Updating value COMPARE_VALUES
V/nofatclips(  675): Updating value WIDGET_TYPES
D/nofatclips(  675): Updating node strategy
D/nofatclips(  675): Loading node strategy
V/nofatclips(  675): Updating value AFTER_EVENT_DONT_EXPLORE
V/nofatclips(  675): Updating value AFTER_WIDGET_DONT_EXPLORE
V/nofatclips(  675): Updating value CHECK_FOR_TRANSITION
V/nofatclips(  675): Updating value EXPLORE_ONLY_NEW_STATES
D/nofatclips(  675): Updated value of parameter EXPLORE_ONLY_NEW_STATES to false (default = true)
V/nofatclips(  675): Updating value MAX_NUM_TRACES
D/nofatclips(  675): Updated value of parameter MAX_NUM_TRACES to 100 (default = 0)
V/nofatclips(  675): Updating value MAX_TIME_CRAWLING
V/nofatclips(  675): Updating value PAUSE_AFTER_TIME
V/nofatclips(  675): Updating value PAUSE_AFTER_TRACES
V/nofatclips(  675): Updating value TRACE_MAX_DEPTH
V/nofatclips(  675): Updating value TRACE_MIN_DEPTH
D/nofatclips(  675): Starting random testing
I/TestRunner(  675): started: testAndCrawl(com.nofatclips.crawler.guitree.NomadEngine)
I/ActivityManager(   79): START {act=android.intent.action.MAIN flg=0x10000000 cmp=com.cy.main.easycalculator/.Main} from pid 675
W/WindowManager(   79): Failure taking screenshot for (120x180) to layer 21005
W/NetworkManagementSocketTagger(   79): setKernelCountSet(10040, 1) failed with errno -2
I/WindowManager(   79): createSurface Window{412492d0 Starting com.cy.main.easycalculator paused=false}: DRAW NOW PENDING
I/WindowManager(   79): createSurface Window{4135b2e8 com.cy.main.easycalculator/com.cy.main.easycalculator.Main paused=false}: DRAW NOW PENDING
D/gralloc_goldfish(  675): Emulator without GPU emulation detected.
W/TextLayoutCache(  675): computeValuesWithHarfbuzz -- need to force to single run
I/ActivityManager(   79): Displayed com.cy.main.easycalculator/.Main: +1s206ms
D/nofatclips(  675): Generated Resuming Persistence
W/NetworkManagementSocketTagger(   79): setKernelCountSet(10005, 0) failed with errno -2
W/InputManagerService(   79): Starting input on non-focused client com.android.internal.view.IInputMethodClient$Stub$Proxy@41500878 (uid=10005 pid=311)
D/nofatclips(  675): Updating node automation
D/nofatclips(  675): Loading node automation
V/nofatclips(  675): Updating value FORCE_RESTART
V/nofatclips(  675): Updating value IN_AND_OUT_FOCUS
V/nofatclips(  675): Updating value PRECRAWLING
V/nofatclips(  675): Updating value SCREENSHOT_FOR_EVENTS
D/nofatclips(  675): Updated value of parameter SCREENSHOT_FOR_EVENTS to false (default = true)
V/nofatclips(  675): Updating value SCREENSHOT_FOR_STATES
D/nofatclips(  675): Updated value of parameter SCREENSHOT_FOR_STATES to false (default = true)
V/nofatclips(  675): Updating value SCREENSHOT_ONLY_NEW_STATES
V/nofatclips(  675): Updating value SLEEP_AFTER_EVENT
V/nofatclips(  675): Updating value SLEEP_AFTER_RESTART
V/nofatclips(  675): Updating value SLEEP_AFTER_TASK
V/nofatclips(  675): Updating value SLEEP_ON_THROBBER
D/nofatclips(  675): Updating node screenshot
D/nofatclips(  675): Loading node screenshot
V/nofatclips(  675): Updating value FORCE_RESTART
V/nofatclips(  675): Updating value IN_AND_OUT_FOCUS
V/nofatclips(  675): Updating value PRECRAWLING
V/nofatclips(  675): Updating value SCREENSHOT_FOR_EVENTS
V/nofatclips(  675): Updating value SCREENSHOT_FOR_STATES
V/nofatclips(  675): Updating value SCREENSHOT_ONLY_NEW_STATES
V/nofatclips(  675): Updating value SLEEP_AFTER_EVENT
V/nofatclips(  675): Updating value SLEEP_AFTER_RESTART
V/nofatclips(  675): Updating value SLEEP_AFTER_TASK
V/nofatclips(  675): Updating value SLEEP_ON_THROBBER
I/nofatclips(  675): Waiting for 1 sec.
D/nofatclips(  675): Ready to operate after restarting...
I/nofatclips(  675): Current activity is Main
W/nofatclips(  675): --->Main
I/nofatclips(  675): Retrieving widgets
D/nofatclips(  675): Found widget: id=-1 (android.widget.LinearLayout@410c00a0)
D/nofatclips(  675): Found widget: id=16909025 (com.android.internal.widget.ActionBarContainer@41090010)
D/nofatclips(  675): Found widget: id=16909026 (com.android.internal.widget.ActionBarView@4107f5f0)
D/nofatclips(  675): Found widget: id=-1 (android.widget.LinearLayout@410b8918)
D/nofatclips(  675): Found widget: id=16908834 (android.widget.ImageView@41076970)
D/nofatclips(  675): Found widget: id=-1 (android.widget.LinearLayout@410bd5b0)
D/nofatclips(  675): Found widget: id=16908841 (android.widget.TextView@410ba7b0): Pocket Calculator
D/nofatclips(  675): Found widget: id=16908842 (android.widget.TextView@4104be18): 
D/nofatclips(  675): Found widget: id=-1 (com.android.internal.widget.ActionBarView$HomeView@41082a08)
D/nofatclips(  675): Found widget: id=16908834 (android.widget.ImageView@41080040)
D/nofatclips(  675): Found widget: id=16908332 (android.widget.ImageView@410bb440)
D/nofatclips(  675): Found widget: id=-1 (com.android.internal.view.menu.ActionMenuView@410ca570)
D/nofatclips(  675): Found widget: id=16909027 (com.android.internal.widget.ActionBarContextView@410812c8)
D/dalvikvm(  675): GC_CONCURRENT freed 389K, 7% free 7199K/7687K, paused 31ms+17ms
D/nofatclips(  675): Found widget: id=16908290 (android.widget.FrameLayout@41099ca8)
D/nofatclips(  675): Found widget: id=-1 (android.widget.LinearLayout@41054428)
D/nofatclips(  675): Found widget: id=-1 (android.widget.LinearLayout@410bc738)
D/nofatclips(  675): Found widget: id=2131361862 (android.widget.TextView@410bcb80): 0
D/nofatclips(  675): Found widget: id=-1 (android.widget.LinearLayout@41098780)
D/nofatclips(  675): Found widget: id=2131361863 (android.widget.TextView@41098c60): 
D/nofatclips(  675): Found widget: id=-1 (android.widget.LinearLayout@410873f8)
D/nofatclips(  675): Found widget: id=2131361864 (android.widget.Button@41087920): MS
D/nofatclips(  675): Found widget: id=2131361865 (android.widget.Button@410bee50): M+
D/nofatclips(  675): Found widget: id=2131361866 (android.widget.Button@410ac478): M-
D/nofatclips(  675): Found widget: id=2131361867 (android.widget.Button@410acd88): MR
D/nofatclips(  675): Found widget: id=2131361868 (android.widget.Button@41055d68): MC
D/nofatclips(  675): Found widget: id=-1 (android.widget.LinearLayout@41056618)
D/nofatclips(  675): Found widget: id=2131361869 (android.widget.Button@41056f78): 
D/nofatclips(  675): Found widget: id=2131361870 (android.widget.Button@41057808): X2
D/nofatclips(  675): Found widget: id=2131361871 (android.widget.Button@410597d0): %
D/nofatclips(  675): Found widget: id=2131361872 (android.widget.Button@410b42b8): Del
D/nofatclips(  675): Found widget: id=2131361873 (android.widget.Button@410b4ff0): AC
D/nofatclips(  675): Found widget: id=-1 (android.widget.LinearLayout@410b6198)
D/nofatclips(  675): Found widget: id=2131361874 (android.widget.Button@410b65b8): 1
D/nofatclips(  675): Found widget: id=2131361875 (android.widget.Button@410b72e0): 2
D/nofatclips(  675): Found widget: id=2131361876 (android.widget.Button@410b0968): 3
D/nofatclips(  675): Found widget: id=2131361877 (android.widget.Button@410b1278): /
D/nofatclips(  675): Found widget: id=-1 (android.widget.LinearLayout@410b2448)
D/nofatclips(  675): Found widget: id=2131361878 (android.widget.Button@410b2868): 4
D/nofatclips(  675): Found widget: id=2131361879 (android.widget.Button@410b3178): 5
D/nofatclips(  675): Found widget: id=2131361880 (android.widget.Button@410ae678): 6
D/nofatclips(  675): Found widget: id=2131361881 (android.widget.Button@410aef88): x
D/nofatclips(  675): Found widget: id=-1 (android.widget.LinearLayout@410af898)
D/nofatclips(  675): Found widget: id=2131361882 (android.widget.Button@4104c2f8): 7
D/nofatclips(  675): Found widget: id=2131361883 (android.widget.Button@4104cbe8): 8
D/nofatclips(  675): Found widget: id=2131361884 (android.widget.Button@4104d4f8): 9
D/nofatclips(  675): Found widget: id=2131361885 (android.widget.Button@4109f528): -
D/nofatclips(  675): Found widget: id=-1 (android.widget.LinearLayout@4109fe38)
D/nofatclips(  675): Found widget: id=2131361886 (android.widget.Button@410a0258): .
D/nofatclips(  675): Found widget: id=2131361887 (android.widget.Button@410a0b68): 0
D/nofatclips(  675): Found widget: id=2131361888 (android.widget.Button@41093e88): =
D/nofatclips(  675): Found widget: id=2131361889 (android.widget.Button@41094798): +
D/nofatclips(  675): Found widget: id=16909028 (com.android.internal.widget.ActionBarContainer@410aaed8)
D/nofatclips(  675): Found widget: id=-1 (com.android.internal.policy.impl.PhoneWindow$DecorView@41085070)
V/nicola  (  675): TextualID : null
V/nicola  (  675): ContentType detected : default
V/nicola  (  675): TextualID : result
V/nicola  (  675): ContentType detected : default
V/nicola  (  675): TextualID : Ms
V/nicola  (  675): ContentType detected : default
V/nicola  (  675): TextualID : butMs
V/nicola  (  675): ContentType detected : default
V/nicola  (  675): TextualID : butMadd
V/nicola  (  675): ContentType detected : default
V/nicola  (  675): TextualID : butMsub
V/nicola  (  675): ContentType detected : default
V/nicola  (  675): TextualID : butMr
V/nicola  (  675): ContentType detected : default
V/nicola  (  675): TextualID : butMc
V/nicola  (  675): ContentType detected : default
V/nicola  (  675): TextualID : butSqr
V/nicola  (  675): ContentType detected : default
V/nicola  (  675): TextualID : butSq
V/nicola  (  675): ContentType detected : default
V/nicola  (  675): TextualID : butPercentage
V/nicola  (  675): ContentType detected : default
V/nicola  (  675): TextualID : butDel
V/nicola  (  675): ContentType detected : default
V/nicola  (  675): TextualID : butClear
V/nicola  (  675): ContentType detected : default
V/nicola  (  675): TextualID : but1
V/nicola  (  675): ContentType detected : default
V/nicola  (  675): TextualID : but2
V/nicola  (  675): ContentType detected : default
V/nicola  (  675): TextualID : but3
V/nicola  (  675): ContentType detected : default
V/nicola  (  675): TextualID : butDiv
V/nicola  (  675): ContentType detected : default
V/nicola  (  675): TextualID : but4
V/nicola  (  675): ContentType detected : default
V/nicola  (  675): TextualID : but5
V/nicola  (  675): ContentType detected : default
D/dalvikvm(  675): GC_CONCURRENT freed 444K, 7% free 7270K/7815K, paused 8ms+10ms
V/nicola  (  675): TextualID : but6
V/nicola  (  675): ContentType detected : default
V/nicola  (  675): TextualID : butMul
V/nicola  (  675): ContentType detected : default
V/nicola  (  675): TextualID : but7
V/nicola  (  675): ContentType detected : default
V/nicola  (  675): TextualID : but8
V/nicola  (  675): ContentType detected : default
V/nicola  (  675): TextualID : but9
V/nicola  (  675): ContentType detected : default
V/nicola  (  675): TextualID : butSub
V/nicola  (  675): ContentType detected : default
V/nicola  (  675): TextualID : butDot
V/nicola  (  675): ContentType detected : default
V/nicola  (  675): TextualID : but0
V/nicola  (  675): ContentType detected : default
V/nicola  (  675): TextualID : butEqu
V/nicola  (  675): ContentType detected : default
V/nicola  (  675): TextualID : butAdd
V/nicola  (  675): ContentType detected : default
D/nofatclips(  675): No session to resume: GUI Tree not found. Will start from scratch.
I/nofatclips(  675): Starting a new session
D/nofatclips(  675): Saving new found state 'a1' on disk
V/nofatclips(  675): Opening state file in overwrite mode.
D/dalvikvm(  675): GC_CONCURRENT freed 411K, 7% free 7427K/7943K, paused 24ms+7ms
I/nofatclips(  675): Planning for new Activity Main
D/nofatclips(  675): Handling event 'click' on widget id=2131361864 type=button name=MS
D/nofatclips(  675): Handling event 'click' on widget id=2131361865 type=button name=M+
D/nofatclips(  675): Handling event 'click' on widget id=2131361866 type=button name=M-
D/nofatclips(  675): Handling event 'click' on widget id=2131361867 type=button name=MR
D/nofatclips(  675): Handling event 'click' on widget id=2131361868 type=button name=MC
D/dalvikvm(  675): GC_CONCURRENT freed 432K, 8% free 7498K/8071K, paused 5ms+7ms
D/nofatclips(  675): Handling event 'click' on widget id=2131361869 type=button name=
D/nofatclips(  675): Handling event 'click' on widget id=2131361870 type=button name=X2
D/nofatclips(  675): Handling event 'click' on widget id=2131361871 type=button name=%
D/nofatclips(  675): Handling event 'click' on widget id=2131361872 type=button name=Del
D/nofatclips(  675): Handling event 'click' on widget id=2131361873 type=button name=AC
D/nofatclips(  675): Handling event 'click' on widget id=2131361874 type=button name=1
D/nofatclips(  675): Handling event 'click' on widget id=2131361875 type=button name=2
D/dalvikvm(  675): GC_CONCURRENT freed 522K, 8% free 7558K/8135K, paused 6ms+8ms
D/nofatclips(  675): Handling event 'click' on widget id=2131361876 type=button name=3
D/nofatclips(  675): Handling event 'click' on widget id=2131361877 type=button name=/
D/nofatclips(  675): Handling event 'click' on widget id=2131361878 type=button name=4
D/nofatclips(  675): Handling event 'click' on widget id=2131361879 type=button name=5
D/nofatclips(  675): Handling event 'click' on widget id=2131361880 type=button name=6
D/nofatclips(  675): Handling event 'click' on widget id=2131361881 type=button name=x
D/dalvikvm(  675): GC_CONCURRENT freed 603K, 9% free 7497K/8199K, paused 5ms+8ms
D/nofatclips(  675): Handling event 'click' on widget id=2131361882 type=button name=7
D/nofatclips(  675): Handling event 'click' on widget id=2131361883 type=button name=8
D/nofatclips(  675): Handling event 'click' on widget id=2131361884 type=button name=9
D/nofatclips(  675): Handling event 'click' on widget id=2131361885 type=button name=-
D/nofatclips(  675): Handling event 'click' on widget id=2131361886 type=button name=.
D/dalvikvm(  675): GC_CONCURRENT freed 443K, 8% free 7566K/8199K, paused 5ms+8ms
D/nofatclips(  675): Handling event 'click' on widget id=2131361887 type=button name=0
D/nofatclips(  675): Handling event 'click' on widget id=2131361888 type=button name==
D/nofatclips(  675): Handling event 'click' on widget id=2131361889 type=button name=+
I/nofatclips(  675): Created trace to press the menu button
I/nofatclips(  675): Created trace to change orientation
I/nofatclips(  675): Dispatching new task. 2 more tasks remaining.
D/nofatclips(  675): Saving task list on disk
V/nofatclips(  675): Backing up trace #26 to disk.
V/nofatclips(  675): Backing up trace #27 to disk.
D/dalvikvm(  675): GC_CONCURRENT freed 646K, 10% free 7431K/8199K, paused 4ms+5ms
I/nofatclips(  675): Restarting
I/nofatclips(  675): Waiting for 1 sec.
D/nofatclips(  675): Ready to operate after restarting...
I/nofatclips(  675): Retrieving widgets
D/nofatclips(  675): Found widget: id=-1 (android.widget.LinearLayout@410c00a0)
D/nofatclips(  675): Found widget: id=16909025 (com.android.internal.widget.ActionBarContainer@41090010)
D/nofatclips(  675): Found widget: id=16909026 (com.android.internal.widget.ActionBarView@4107f5f0)
D/nofatclips(  675): Found widget: id=-1 (android.widget.LinearLayout@410b8918)
D/nofatclips(  675): Found widget: id=16908834 (android.widget.ImageView@41076970)
D/nofatclips(  675): Found widget: id=-1 (android.widget.LinearLayout@410bd5b0)
D/nofatclips(  675): Found widget: id=16908841 (android.widget.TextView@410ba7b0): Pocket Calculator
D/nofatclips(  675): Found widget: id=16908842 (android.widget.TextView@4104be18): 
D/nofatclips(  675): Found widget: id=-1 (com.android.internal.widget.ActionBarView$HomeView@41082a08)
D/nofatclips(  675): Found widget: id=16908834 (android.widget.ImageView@41080040)
D/nofatclips(  675): Found widget: id=16908332 (android.widget.ImageView@410bb440)
D/nofatclips(  675): Found widget: id=-1 (com.android.internal.view.menu.ActionMenuView@410ca570)
D/nofatclips(  675): Found widget: id=16909027 (com.android.internal.widget.ActionBarContextView@410812c8)
D/nofatclips(  675): Found widget: id=16908290 (android.widget.FrameLayout@41099ca8)
D/nofatclips(  675): Found widget: id=-1 (android.widget.LinearLayout@41054428)
D/nofatclips(  675): Found widget: id=-1 (android.widget.LinearLayout@410bc738)
D/nofatclips(  675): Found widget: id=2131361862 (android.widget.TextView@410bcb80): 0
D/nofatclips(  675): Found widget: id=-1 (android.widget.LinearLayout@41098780)
D/nofatclips(  675): Found widget: id=2131361863 (android.widget.TextView@41098c60): 
D/nofatclips(  675): Found widget: id=-1 (android.widget.LinearLayout@410873f8)
D/nofatclips(  675): Found widget: id=2131361864 (android.widget.Button@41087920): MS
D/nofatclips(  675): Found widget: id=2131361865 (android.widget.Button@410bee50): M+
D/nofatclips(  675): Found widget: id=2131361866 (android.widget.Button@410ac478): M-
D/nofatclips(  675): Found widget: id=2131361867 (android.widget.Button@410acd88): MR
