I/Vold    (   29): Device /dev/block/vold/179:0, target /mnt/sdcard mounted @ /mnt/secure/staging
D/Vold    (   29): Volume sdcard state changing 3 (Checking) -> 4 (Mounted)
I/PackageManager(   61): Updating external media status from unmounted to mounted
I/StorageNotification(  123): Media {/mnt/sdcard} state changed from {checking} -> {mounted}
D/VoldCmdListener(   29): asec list
I/PackageManager(   61): No secure containers on sdcard
W/PackageManager(   61): Unknown permission com.google.android.googleapps.permission.GOOGLE_AUTH.mail in package com.android.contacts
W/PackageManager(   61): Unknown permission android.permission.ADD_SYSTEM_SERVICE in package com.android.phone
W/PackageManager(   61): Not granting permission android.permission.SEND_DOWNLOAD_COMPLETED_INTENTS to package com.android.browser (protectionLevel=2 flags=0x9be45)
W/PackageManager(   61): Unknown permission com.google.android.gm.permission.WRITE_GMAIL in package com.android.settings
W/PackageManager(   61): Unknown permission com.google.android.gm.permission.READ_GMAIL in package com.android.settings
W/PackageManager(   61): Unknown permission com.google.android.googleapps.permission.GOOGLE_AUTH in package com.android.settings
W/PackageManager(   61): Unknown permission com.google.android.googleapps.permission.GOOGLE_AUTH in package com.android.providers.contacts
W/PackageManager(   61): Unknown permission com.google.android.googleapps.permission.GOOGLE_AUTH.cp in package com.android.providers.contacts
W/PackageManager(   61): Unknown permission com.google.android.googleapps.permission.ACCESS_GOOGLE_PASSWORD in package com.android.development
W/PackageManager(   61): Unknown permission com.google.android.googleapps.permission.GOOGLE_AUTH in package com.android.development
W/PackageManager(   61): Unknown permission com.google.android.googleapps.permission.GOOGLE_AUTH.ALL_SERVICES in package com.android.development
W/PackageManager(   61): Unknown permission com.google.android.googleapps.permission.GOOGLE_AUTH.YouTubeUser in package com.android.development
W/PackageManager(   61): Unknown permission android.permission.READ_OWNER_DATA in package com.android.email
D/dalvikvm(  300): GC_FOR_MALLOC freed 89K, 50% free 2933K/5767K, external 1811K/2323K, paused 30ms
W/PackageManager(   61): Not granting permission android.permission.DEVICE_POWER to package com.android.deskclock (protectionLevel=2 flags=0x8be45)
W/ImageDownloader(  300): Error 404 while retrieving bitmap from http://gravatar.com/blavatar/44d338f29053dbb888da79dcf98df489?s=60&d=404
W/ImageDownloader(  300): Error 404 while retrieving bitmap from http://gravatar.com/blavatar/44d338f29053dbb888da79dcf98df489?s=60&d=404
D/dalvikvm(  177): GC_CONCURRENT freed 227K, 51% free 2826K/5703K, external 716K/1038K, paused 3ms+2ms
D/szipinf (  177): Initializing inflate state
D/MediaScanner(  233):  prescan time: 2839ms
D/dalvikvm(  233): GC_CONCURRENT freed 529K, 55% free 2646K/5831K, external 716K/1038K, paused 3ms+5ms
D/MediaScanner(  233):     scan time: 33ms
D/MediaScanner(  233): postscan time: 0ms
D/MediaScanner(  233):    total time: 2872ms
D/nofatclips(  300): Generated Resuming Persistence
I/dalvikvm(  300): Could not find method android.app.Activity.getFragmentManager, referenced from method com.jayway.android.robotium.solo.Waiter.getFragment
W/dalvikvm(  300): VFY: unable to resolve virtual method 7: Landroid/app/Activity;.getFragmentManager ()Landroid/app/FragmentManager;
D/dalvikvm(  300): VFY: replacing opcode 0x6e at 0x0008
I/dalvikvm(  300): Could not find method android.app.Activity.getFragmentManager, referenced from method com.jayway.android.robotium.solo.Waiter.getFragment
W/dalvikvm(  300): VFY: unable to resolve virtual method 7: Landroid/app/Activity;.getFragmentManager ()Landroid/app/FragmentManager;
D/dalvikvm(  300): VFY: replacing opcode 0x6e at 0x0017
W/dalvikvm(  300): VFY: unable to find class referenced in signature (Landroid/app/Fragment;)
D/dalvikvm(  300): VFY: dead code 0x000b-000f in Lcom/jayway/android/robotium/solo/Waiter;.getFragment (Ljava/lang/String;I)Landroid/app/Fragment;
D/dalvikvm(  300): VFY: dead code 0x001a-001f in Lcom/jayway/android/robotium/solo/Waiter;.getFragment (Ljava/lang/String;I)Landroid/app/Fragment;
W/dalvikvm(  300): VFY: unable to find class referenced in signature (Landroid/app/Fragment;)
D/MediaScannerService(  233): done scanning volume internal
D/MediaScannerService(  233): start scanning volume external
V/MediaProvider(  233): /mnt/sdcard volume ID: 435164953
D/szipinf (  131): Initializing inflate state
V/MediaProvider(  233): Attached volume: external
D/dalvikvm(  131): GC_EXPLICIT freed 232K, 49% free 2986K/5831K, external 3075K/3257K, paused 43ms
V/MediaScanner(  233): pruneDeadThumbnailFiles... android.database.sqlite.SQLiteCursor@4059d9b8
V/MediaScanner(  233): /pruneDeadThumbnailFiles... android.database.sqlite.SQLiteCursor@4059d9b8
D/MediaScanner(  233):  prescan time: 124ms
D/MediaScanner(  233):     scan time: 0ms
D/MediaScanner(  233): postscan time: 9ms
D/MediaScanner(  233):    total time: 133ms
D/MediaScannerService(  233): done scanning volume external
D/nofatclips(  300): Updating node automation
D/nofatclips(  300): Loading node automation
V/nofatclips(  300): Updating value FORCE_RESTART
V/nofatclips(  300): Updating value IN_AND_OUT_FOCUS
V/nofatclips(  300): Updating value PRECRAWLING
V/nofatclips(  300): Updating value SCREENSHOT_FOR_EVENTS
V/nofatclips(  300): Updating value SCREENSHOT_FOR_STATES
V/nofatclips(  300): Updating value SCREENSHOT_ONLY_NEW_STATES
V/nofatclips(  300): Updating value SLEEP_AFTER_EVENT
D/nofatclips(  300): Updated value of parameter SLEEP_AFTER_EVENT to 100 (default = 1000)
V/nofatclips(  300): Updating value SLEEP_AFTER_RESTART
D/nofatclips(  300): Updated value of parameter SLEEP_AFTER_RESTART to 100 (default = 1000)
V/nofatclips(  300): Updating value SLEEP_AFTER_TASK
D/nofatclips(  300): Updated value of parameter SLEEP_AFTER_TASK to 100 (default = 1000)
V/nofatclips(  300): Updating value SLEEP_ON_THROBBER
D/nofatclips(  300): Updated value of parameter SLEEP_ON_THROBBER to 100 (default = 1000)
D/nofatclips(  300): Updating node screenshot
D/nofatclips(  300): Loading node screenshot
V/nofatclips(  300): Updating value FORCE_RESTART
V/nofatclips(  300): Updating value IN_AND_OUT_FOCUS
V/nofatclips(  300): Updating value PRECRAWLING
V/nofatclips(  300): Updating value SCREENSHOT_FOR_EVENTS
V/nofatclips(  300): Updating value SCREENSHOT_FOR_STATES
V/nofatclips(  300): Updating value SCREENSHOT_ONLY_NEW_STATES
V/nofatclips(  300): Updating value SLEEP_AFTER_EVENT
V/nofatclips(  300): Updating value SLEEP_AFTER_RESTART
V/nofatclips(  300): Updating value SLEEP_AFTER_TASK
V/nofatclips(  300): Updating value SLEEP_ON_THROBBER
I/nofatclips(  300): Waiting for 100 msec.
I/ContactsDatabaseHelper(  177): Locale change completed in 7748ms
D/nofatclips(  300): Ready to operate after restarting...
I/nofatclips(  300): Current activity is Dashboard
W/nofatclips(  300): --->Dashboard
I/nofatclips(  300): Retrieving widgets
D/nofatclips(  300): Found widget: id=16908290 (android.widget.FrameLayout@405a23f8)
D/nofatclips(  300): Found widget: id=2131165248 (android.widget.RelativeLayout@405a30f8)
D/nofatclips(  300): Found widget: id=2131165249 (android.widget.LinearLayout@405a3760)
D/nofatclips(  300): Found widget: id=-1 (android.widget.ImageView@405a3ca8)
D/nofatclips(  300): Found widget: id=2131165250 (org.wordpress.android.util.WPTitleBar@4059d600)
D/nofatclips(  300): Found widget: id=2131165195 (android.widget.RelativeLayout@4050efe8)
D/nofatclips(  300): Found widget: id=2131165196 (android.widget.RelativeLayout@40569f80)
D/nofatclips(  300): Found widget: id=2131165197 (android.widget.ImageView@4059e880)
D/nofatclips(  300): Found widget: id=2131165198 (android.widget.TextView@405432f8): Katie's Sweet Testing Blog
D/nofatclips(  300): Found widget: id=2131165199 (android.widget.ImageView@4055eb88)
D/nofatclips(  300): Found widget: id=-1 (android.widget.RelativeLayout@4057aee8)
D/nofatclips(  300): Found widget: id=2131165200 (android.widget.ImageButton@4059eda8)
D/nofatclips(  300): Found widget: id=-1 (android.widget.FrameLayout@4057c360)
D/nofatclips(  300): Found widget: id=2131165201 (android.widget.Button@40543cc0): 
D/nofatclips(  300): Found widget: id=2131165202 (android.widget.ImageView@40595210)
D/nofatclips(  300): Found widget: id=2131165203 (android.widget.ImageView@4053e4b8)
D/nofatclips(  300): Found widget: id=2131165204 (android.widget.LinearLayout@4056ab88)
D/nofatclips(  300): Found widget: id=-1 (android.widget.FrameLayout@4059e618)
D/nofatclips(  300): Found widget: id=-1 (android.widget.LinearLayout@40531660)
D/nofatclips(  300): Found widget: id=-1 (android.widget.LinearLayout@4050edf8)
D/nofatclips(  300): Found widget: id=-1 (android.widget.LinearLayout@40530c80)
D/nofatclips(  300): Found widget: id=2131165252 (android.widget.LinearLayout@40531338)
D/nofatclips(  300): Found widget: id=-1 (android.widget.ImageView@40591cb8)
D/nofatclips(  300): Found widget: id=-1 (android.widget.TextView@4056c880): New Post
D/nofatclips(  300): Found widget: id=2131165254 (android.widget.LinearLayout@4059d838)
D/nofatclips(  300): Found widget: id=-1 (android.widget.ImageView@405326a0)
D/nofatclips(  300): Found widget: id=-1 (android.widget.TextView@4056d1b8): New Page
D/nofatclips(  300): Found widget: id=-1 (android.widget.LinearLayout@40532348)
D/nofatclips(  300): Found widget: id=2131165253 (android.widget.LinearLayout@4059f908)
D/nofatclips(  300): Found widget: id=-1 (android.widget.ImageView@40551980)
D/nofatclips(  300): Found widget: id=-1 (android.widget.TextView@405793b0): Quick Photo
D/nofatclips(  300): Found widget: id=2131165255 (android.widget.LinearLayout@40533240)
D/nofatclips(  300): Found widget: id=-1 (android.widget.ImageView@40536bd8)
D/nofatclips(  300): Found widget: id=-1 (android.widget.TextView@40579c20): Quick Video
D/nofatclips(  300): Found widget: id=-1 (android.widget.LinearLayout@40541e78)
D/nofatclips(  300): Found widget: id=-1 (android.widget.LinearLayout@40544280)
D/nofatclips(  300): Found widget: id=2131165256 (android.widget.LinearLayout@40544558)
D/nofatclips(  300): Found widget: id=-1 (android.widget.ImageView@40547fb0)
D/nofatclips(  300): Found widget: id=-1 (android.widget.TextView@4057a2a8): Posts
D/nofatclips(  300): Found widget: id=2131165257 (android.widget.LinearLayout@4056a318)
D/nofatclips(  300): Found widget: id=-1 (android.widget.ImageView@40549190)
D/nofatclips(  300): Found widget: id=-1 (android.widget.TextView@40538f08): Pages
D/nofatclips(  300): Found widget: id=-1 (android.widget.FrameLayout@40541938)
D/nofatclips(  300): Found widget: id=2131165258 (android.widget.LinearLayout@40545528)
D/nofatclips(  300): Found widget: id=-1 (android.widget.ImageView@4058de60)
D/nofatclips(  300): Found widget: id=-1 (android.widget.TextView@4053aeb8): Comments
D/nofatclips(  300): Found widget: id=2131165259 (android.widget.FrameLayout@4053abc0)
D/nofatclips(  300): Found widget: id=2131165260 (android.widget.ImageView@405421f8)
D/nofatclips(  300): Found widget: id=2131165261 (org.wordpress.android.util.CommentBadgeTextView@4053bed0): 0
D/nofatclips(  300): Found widget: id=-1 (android.widget.LinearLayout@4059b848)
D/nofatclips(  300): Found widget: id=2131165262 (android.widget.LinearLayout@40535be8)
D/nofatclips(  300): Found widget: id=-1 (android.widget.ImageView@40547338)
D/nofatclips(  300): Found widget: id=-1 (android.widget.TextView@405424f0): Settings
D/nofatclips(  300): Found widget: id=2131165263 (android.widget.LinearLayout@405613f8)
D/nofatclips(  300): Found widget: id=2131165264 (android.widget.ImageView@40564318)
D/nofatclips(  300): Found widget: id=2131165265 (android.widget.TextView@40544830): Read
D/nofatclips(  300): Found widget: id=2131165266 (android.widget.LinearLayout@40564d40)
D/nofatclips(  300): Found widget: id=-1 (android.widget.ImageView@40568c10)
D/nofatclips(  300): Found widget: id=-1 (android.widget.TextView@40551588): Stats
D/nofatclips(  300): Found widget: id=-1 (com.android.internal.policy.impl.PhoneWindow$DecorView@405a1af8)
D/dalvikvm(  300): GC_CONCURRENT freed 326K, 47% free 3409K/6343K, external 1811K/2323K, paused 3ms+4ms
V/nicola  (  300): TextualID : blog_title
V/nicola  (  300): ContentType detected : default
V/nicola  (  300): TextualID : action_refresh
V/nicola  (  300): ContentType detected : default
V/nicola  (  300): TextualID : null
V/nicola  (  300): ContentType detected : default
V/nicola  (  300): TextualID : null
V/nicola  (  300): ContentType detected : default
V/nicola  (  300): TextualID : null
V/nicola  (  300): ContentType detected : default
V/nicola  (  300): TextualID : null
V/nicola  (  300): ContentType detected : default
V/nicola  (  300): TextualID : null
V/nicola  (  300): ContentType detected : default
V/nicola  (  300): TextualID : null
V/nicola  (  300): ContentType detected : default
V/nicola  (  300): TextualID : null
V/nicola  (  300): ContentType detected : default
V/nicola  (  300): TextualID : null
V/nicola  (  300): ContentType detected : default
V/nicola  (  300): TextualID : read_button_text
V/nicola  (  300): ContentType detected : default
V/nicola  (  300): TextualID : null
V/nicola  (  300): ContentType detected : default
D/nofatclips(  300): No session to resume: task list not found. Will start from scratch.
I/nofatclips(  300): Starting a new session
D/nofatclips(  300): Performing backup of the old activity list on disk
D/nofatclips(  300): Saving new found state 'a1' on disk
V/nofatclips(  300): Opening state file in overwrite mode.
D/dalvikvm(  300): GC_CONCURRENT freed 942K, 53% free 3266K/6855K, external 1811K/2323K, paused 4ms+3ms
D/dalvikvm(  300): GC_EXTERNAL_ALLOC freed 58K, 54% free 3208K/6855K, external 1811K/2323K, paused 39ms
D/dalvikvm(  300): GC_EXTERNAL_ALLOC freed 21K, 54% free 3187K/6855K, external 1999K/2511K, paused 38ms
I/nofatclips(  300): Saved image on disk: a1.jpg
I/nofatclips(  300): Planning for new Activity Dashboard
D/nofatclips(  300): Handling event 'click' on widget id=2131165200 type=button name=
D/nofatclips(  300): Handling event 'click' on widget id=2131165201 type=button name=
D/nofatclips(  300): Handling event 'click' on widget id=2131165204 type=linearLayout name=
D/nofatclips(  300): Handling event 'click' on widget id=2131165252 type=linearLayout name=
I/dalvikvm(  300): Jit: resizing JitTable from 512 to 1024
D/nofatclips(  300): Handling event 'click' on widget id=2131165254 type=linearLayout name=
D/nofatclips(  300): Handling event 'click' on widget id=2131165253 type=linearLayout name=
D/nofatclips(  300): Handling event 'click' on widget id=2131165255 type=linearLayout name=
D/nofatclips(  300): Handling event 'click' on widget id=2131165256 type=linearLayout name=
D/nofatclips(  300): Handling event 'click' on widget id=2131165257 type=linearLayout name=
D/dalvikvm(  300): GC_CONCURRENT freed 755K, 52% free 3340K/6855K, external 2599K/3246K, paused 3ms+3ms
D/nofatclips(  300): Handling event 'click' on widget id=2131165258 type=linearLayout name=
D/nofatclips(  300): Handling event 'click' on widget id=2131165262 type=linearLayout name=
D/nofatclips(  300): Handling event 'click' on widget id=2131165263 type=linearLayout name=
D/nofatclips(  300): Handling event 'click' on widget id=2131165266 type=linearLayout name=
I/nofatclips(  300): Created trace to press the menu button
I/nofatclips(  300): Created trace to change orientation
I/nofatclips(  300): Dispatching new task. 2 more tasks remaining.
D/nofatclips(  300): Saving task list on disk
V/nofatclips(  300): Backing up trace #13 to disk.
V/nofatclips(  300): Backing up trace #14 to disk.
D/nofatclips(  300): Deleting backup of the old activity list from disk
I/nofatclips(  300): Restarting
I/nofatclips(  300): Waiting for 100 msec.
D/nofatclips(  300): Ready to operate after restarting...
I/nofatclips(  300): Retrieving widgets
D/nofatclips(  300): Found widget: id=16908290 (android.widget.FrameLayout@405a23f8)
D/nofatclips(  300): Found widget: id=2131165248 (android.widget.RelativeLayout@405a30f8)
D/nofatclips(  300): Found widget: id=2131165249 (android.widget.LinearLayout@405a3760)
D/nofatclips(  300): Found widget: id=-1 (android.widget.ImageView@405a3ca8)
D/nofatclips(  300): Found widget: id=2131165250 (org.wordpress.android.util.WPTitleBar@4059d600)
D/nofatclips(  300): Found widget: id=2131165195 (android.widget.RelativeLayout@4050efe8)
D/nofatclips(  300): Found widget: id=2131165196 (android.widget.RelativeLayout@40569f80)
D/nofatclips(  300): Found widget: id=2131165197 (android.widget.ImageView@4059e880)
D/nofatclips(  300): Found widget: id=2131165198 (android.widget.TextView@405432f8): Katie's Sweet Testing Blog
D/nofatclips(  300): Found widget: id=2131165199 (android.widget.ImageView@4055eb88)
D/nofatclips(  300): Found widget: id=-1 (android.widget.RelativeLayout@4057aee8)
D/nofatclips(  300): Found widget: id=2131165200 (android.widget.ImageButton@4059eda8)
D/nofatclips(  300): Found widget: id=-1 (android.widget.FrameLayout@4057c360)
D/nofatclips(  300): Found widget: id=2131165201 (android.widget.Button@40543cc0): 
D/nofatclips(  300): Found widget: id=2131165202 (android.widget.ImageView@40595210)
D/nofatclips(  300): Found widget: id=2131165203 (android.widget.ImageView@4053e4b8)
D/nofatclips(  300): Found widget: id=2131165204 (android.widget.LinearLayout@4056ab88)
D/nofatclips(  300): Found widget: id=-1 (android.widget.FrameLayout@4059e618)
D/nofatclips(  300): Found widget: id=-1 (android.widget.LinearLayout@40531660)
D/nofatclips(  300): Found widget: id=-1 (android.widget.LinearLayout@4050edf8)
D/nofatclips(  300): Found widget: id=-1 (android.widget.LinearLayout@40530c80)
D/nofatclips(  300): Found widget: id=2131165252 (android.widget.LinearLayout@40531338)
D/nofatclips(  300): Found widget: id=-1 (android.widget.ImageView@40591cb8)
D/nofatclips(  300): Found widget: id=-1 (android.widget.TextView@4056c880): New Post
D/nofatclips(  300): Found widget: id=2131165254 (android.widget.LinearLayout@4059d838)
D/nofatclips(  300): Found widget: id=-1 (android.widget.ImageView@405326a0)
D/nofatclips(  300): Found widget: id=-1 (android.widget.TextView@4056d1b8): New Page
D/nofatclips(  300): Found widget: id=-1 (android.widget.LinearLayout@40532348)
D/nofatclips(  300): Found widget: id=2131165253 (android.widget.LinearLayout@4059f908)
D/nofatclips(  300): Found widget: id=-1 (android.widget.ImageView@40551980)
D/nofatclips(  300): Found widget: id=-1 (android.widget.TextView@405793b0): Quick Photo
D/nofatclips(  300): Found widget: id=2131165255 (android.widget.LinearLayout@40533240)
D/nofatclips(  300): Found widget: id=-1 (android.widget.ImageView@40536bd8)
D/nofatclips(  300): Found widget: id=-1 (android.widget.TextView@40579c20): Quick Video
D/nofatclips(  300): Found widget: id=-1 (android.widget.LinearLayout@40541e78)
D/nofatclips(  300): Found widget: id=-1 (android.widget.LinearLayout@40544280)
D/nofatclips(  300): Found widget: id=2131165256 (android.widget.LinearLayout@40544558)
D/nofatclips(  300): Found widget: id=-1 (android.widget.ImageView@40547fb0)
D/nofatclips(  300): Found widget: id=-1 (android.widget.TextView@4057a2a8): Posts
D/nofatclips(  300): Found widget: id=2131165257 (android.widget.LinearLayout@4056a318)
D/nofatclips(  300): Found widget: id=-1 (android.widget.ImageView@40549190)
D/nofatclips(  300): Found widget: id=-1 (android.widget.TextView@40538f08): Pages
D/nofatclips(  300): Found widget: id=-1 (android.widget.FrameLayout@40541938)
D/nofatclips(  300): Found widget: id=2131165258 (android.widget.LinearLayout@40545528)
D/nofatclips(  300): Found widget: id=-1 (android.widget.ImageView@4058de60)
D/nofatclips(  300): Found widget: id=-1 (android.widget.TextView@4053aeb8): Comments
D/nofatclips(  300): Found widget: id=2131165259 (android.widget.FrameLayout@4053abc0)
D/nofatclips(  300): Found widget: id=2131165260 (android.widget.ImageView@405421f8)
D/nofatclips(  300): Found widget: id=2131165261 (org.wordpress.android.util.CommentBadgeTextView@4053bed0): 0
D/nofatclips(  300): Found widget: id=-1 (android.widget.LinearLayout@4059b848)
D/nofatclips(  300): Found widget: id=2131165262 (android.widget.LinearLayout@40535be8)
D/nofatclips(  300): Found widget: id=-1 (android.widget.ImageView@40547338)
D/nofatclips(  300): Found widget: id=-1 (android.widget.TextView@405424f0): Settings
D/nofatclips(  300): Found widget: id=2131165263 (android.widget.LinearLayout@405613f8)
D/nofatclips(  300): Found widget: id=2131165264 (android.widget.ImageView@40564318)
D/nofatclips(  300): Found widget: id=2131165265 (android.widget.TextView@40544830): Read
D/nofatclips(  300): Found widget: id=2131165266 (android.widget.LinearLayout@40564d40)
D/nofatclips(  300): Found widget: id=-1 (android.widget.ImageView@40568c10)
D/nofatclips(  300): Found widget: id=-1 (android.widget.TextView@40551588): Stats
D/nofatclips(  300): Found widget: id=-1 (com.android.internal.policy.impl.PhoneWindow$DecorView@405a1af8)
I/nofatclips(  300): Playing Trace 14
I/nofatclips(  300): Retrieved from return list id=2131165253
D/nofatclips(  300): Testing for type (android.widget.LinearLayout) against the original (android.widget.LinearLayout)
D/nofatclips(  300): Testing for name () against the original ()
I/nofatclips(  300): Firing event: type= click index=28 widget=android.widget.LinearLayout
D/dalvikvm(  300): GC_CONCURRENT freed 1279K, 55% free 3226K/7111K, external 1999K/2599K, paused 13ms+15ms
D/nofatclips(  300): Event description: Quick Photo
I/ActivityManager(   61): Starting: Intent { cmp=org.wordpress.android/.EditPost (has extras) } from pid 300
I/nofatclips(  300): Waiting for 100 msec.
I/ActivityManager(   61): Starting: Intent { act=android.media.action.IMAGE_CAPTURE cmp=com.android.camera/.Camera (has extras) } from pid 300
I/ActivityManager(   61): Start proc com.android.camera for activity com.android.camera/.Camera: pid=319 uid=10025 gids={1006, 1015}
I/nofatclips(  300): Current activity is EditPost
I/nofatclips(  300): Retrieving widgets
I/nofatclips(  300): Exit state. Not performing comparation for activity EditPost
I/nofatclips(  300): Waiting for 100 msec.
I/nofatclips(  300): Session count is 1. Will dump to disk at 1
I/nofatclips(  300): Saving the session on disk. This is the first batch: the file will be created.
I/nofatclips(  300): Check for termination: 49 steps left of 50
I/nofatclips(  300): Saving the session on disk. This is the last batch. The session will be terminated.
D/nofatclips(  300): Performing backup of the old task list on disk
D/nofatclips(  300): Saving task list on disk
V/nofatclips(  300): Backing up trace #13 to disk.
D/nofatclips(  300): Deleting backup of the old task list from disk
D/dalvikvm(  300): GC_EXPLICIT freed 486K, 53% free 3370K/7111K, external 2256K/2599K, paused 136ms
D/dalvikvm(  300): GC_EXPLICIT freed 13K, 53% free 3357K/7111K, external 2256K/2599K, paused 115ms
I/TestRunner(  300): finished: testAndCrawl(com.nofatclips.crawler.guitree.NomadEngine)
I/TestRunner(  300): passed: testAndCrawl(com.nofatclips.crawler.guitree.NomadEngine)
E/InstrumentationTestRunner(  300): Failed to generate emma coverage. Is emma jar on classpath?
E/InstrumentationTestRunner(  300): java.lang.ClassNotFoundException: com.vladium.emma.rt.RT
E/InstrumentationTestRunner(  300): 	at java.lang.Class.classForName(Native Method)
E/InstrumentationTestRunner(  300): 	at java.lang.Class.forName(Class.java:234)
E/InstrumentationTestRunner(  300): 	at java.lang.Class.forName(Class.java:181)
E/InstrumentationTestRunner(  300): 	at android.test.InstrumentationTestRunner.generateCoverageReport(InstrumentationTestRunner.java:578)
E/InstrumentationTestRunner(  300): 	at android.test.InstrumentationTestRunner.onStart(InstrumentationTestRunner.java:545)
E/InstrumentationTestRunner(  300): 	at android.app.Instrumentation$InstrumentationThread.run(Instrumentation.java:1448)
E/InstrumentationTestRunner(  300): Caused by: java.lang.NoClassDefFoundError: com.vladium.emma.rt.RT
E/InstrumentationTestRunner(  300): 	... 6 more
E/InstrumentationTestRunner(  300): Caused by: java.lang.ClassNotFoundException: com.vladium.emma.rt.RT in loader dalvik.system.PathClassLoader[/system/framework/android.test.runner.jar:/data/app/com.nofatclips.crawler-1.apk:/data/app/org.wordpress.android-1.apk]
E/InstrumentationTestRunner(  300): 	at dalvik.system.PathClassLoader.findClass(PathClassLoader.java:240)
E/InstrumentationTestRunner(  300): 	at java.lang.ClassLoader.loadClass(ClassLoader.java:551)
E/InstrumentationTestRunner(  300): 	at java.lang.ClassLoader.loadClass(ClassLoader.java:511)
E/InstrumentationTestRunner(  300): 	... 6 more
I/ActivityManager(   61): Force stopping package org.wordpress.android uid=10034
D/AndroidRuntime(  287): Shutting down VM
I/Process (   61): Sending signal. PID: 300 SIG: 9
E/InputDispatcher(   61): channel '406cea58 org.wordpress.android/org.wordpress.android.Dashboard (server)' ~ Consumer closed input channel or an error occurred.  events=0x8
E/InputDispatcher(   61): channel '406cea58 org.wordpress.android/org.wordpress.android.Dashboard (server)' ~ Channel is unrecoverably broken and will be disposed!
I/AndroidRuntime(  287): NOTE: attach of thread 'Binder Thread #3' failed
I/WindowManager(   61): WIN DEATH: Window{406cea58 org.wordpress.android/org.wordpress.android.Dashboard paused=true}
D/dalvikvm(  287): GC_CONCURRENT freed 103K, 71% free 297K/1024K, external 0K/0K, paused 2ms+1ms
D/jdwp    (  287): adbd disconnected
D/installd(   35): DexInv: --- BEGIN '/system/app/Camera.apk' ---
I/DEBUG   (   31): debuggerd: Feb  3 2011 14:45:34
I/Netd    (   30): Netd 1.0 starting
I/Vold    (   29): Vold 2.1 (the revenge) firing up
D/Vold    (   29): USB mass storage support is not enabled in the kernel
D/Vold    (   29): usb_configuration switch is not enabled in the kernel
D/Vold    (   29): Volume sdcard state changing -1 (Initializing) -> 0 (No-Media)
D/qemud   (   38): entering main loop
D/Vold    (   29): Volume sdcard state changing 0 (No-Media) -> 1 (Idle-Unmounted)
D/qemud   (   38): fdhandler_accept_event: accepting on fd 9
D/qemud   (   38): created client 0xe078 listening on fd 10
D/qemud   (   38): client_fd_receive: attempting registration for service 'boot-properties'
D/qemud   (   38): client_fd_receive:    -> received channel id 1
D/qemud   (   38): client_registration: registration succeeded for client 1
I/qemu-props(   52): connected to 'boot-properties' qemud service.
I/qemu-props(   52): receiving..
I/qemu-props(   52): received: dalvik.vm.heapsize=64m
I/qemu-props(   52): receiving..
I/qemu-props(   52): received: ro.config.low_ram=true
I/qemu-props(   52): receiving..
I/qemu-props(   52): received: qemu.sf.lcd_density=160
I/qemu-props(   52): receiving..
I/qemu-props(   52): received: qemu.hw.mainkeys=0
I/qemu-props(   52): receiving..
I/qemu-props(   52): received: qemu.sf.fake_camera=none
I/qemu-props(   52): receiving..
D/qemud   (   38): fdhandler_event: disconnect on fd 10
I/qemu-props(   52): exiting (5 properties set).
D/AndroidRuntime(   33): 
D/AndroidRuntime(   33): >>>>>> AndroidRuntime START com.android.internal.os.ZygoteInit <<<<<<
D/AndroidRuntime(   33): CheckJNI is ON
D/qemud   (   38): fdhandler_accept_event: accepting on fd 9
D/qemud   (   38): created client 0xe078 listening on fd 10
D/qemud   (   38): fdhandler_event: disconnect on fd 10
D/qemud   (   38): fdhandler_accept_event: accepting on fd 9
D/qemud   (   38): created client 0xe078 listening on fd 10
D/qemud   (   38): client_fd_receive: attempting registration for service 'gsm'
D/qemud   (   38): client_fd_receive:    -> received channel id 2
D/qemud   (   38): client_registration: registration succeeded for client 2
I/        (   34): ServiceManager: 0xad50
D/AudioHardwareInterface(   34): setMode(NORMAL)
I/CameraService(   34): CameraService started (pid=34)
I/AudioFlinger(   34): AudioFlinger's thread 0xc658 ready to run
I/SamplingProfilerIntegration(   33): Profiler is disabled.
I/Zygote  (   33): Preloading classes...
E/Zygote  (   33): setreuid() failed. errno: 2
D/dalvikvm(   33): GC_EXPLICIT freed 47K, 78% free 234K/1024K, external 0K/0K, paused 9ms
D/dalvikvm(   33): GC_EXPLICIT freed 1K, 73% free 284K/1024K, external 0K/0K, paused 5ms
D/dalvikvm(   33): GC_EXPLICIT freed 22K, 69% free 318K/1024K, external 0K/0K, paused 5ms
D/dalvikvm(   33): GC_EXPLICIT freed 17K, 66% free 356K/1024K, external 0K/0K, paused 5ms
D/dalvikvm(   33): GC_EXPLICIT freed 26K, 63% free 385K/1024K, external 0K/0K, paused 5ms
D/dalvikvm(   33): GC_EXPLICIT freed 20K, 57% free 441K/1024K, external 0K/0K, paused 6ms
W/MediaProfiles(   33): could not find media config xml file
D/dalvikvm(   33): GC_EXPLICIT freed 99K, 47% free 547K/1024K, external 0K/0K, paused 6ms
D/dalvikvm(   33): GC_EXPLICIT freed 272K, 28% free 885K/1219K, external 0K/0K, paused 12ms
D/dalvikvm(   33): GC_EXPLICIT freed 21K, 24% free 932K/1219K, external 0K/0K, paused 9ms
D/RenderScript_jni(   33): RenderScript JNI library not found!
D/dalvikvm(   33): GC_EXPLICIT freed 25K, 19% free 999K/1219K, external 0K/0K, paused 10ms
D/dalvikvm(   33): GC_EXPLICIT freed 47K, 5% free 1281K/1347K, external 0K/0K, paused 15ms
D/dalvikvm(   33): GC_EXPLICIT freed 24K, 3% free 1311K/1347K, external 0K/0K, paused 15ms
D/dalvikvm(   33): GC_EXPLICIT freed 28K, 6% free 1336K/1411K, external 0K/0K, paused 16ms
D/dalvikvm(   33): GC_EXPLICIT freed 14K, 3% free 1377K/1411K, external 0K/0K, paused 15ms
D/dalvikvm(   33): GC_EXPLICIT freed 28K, 5% free 1402K/1475K, external 0K/0K, paused 17ms
D/dalvikvm(   33): GC_EXPLICIT freed 28K, 3% free 1439K/1475K, external 0K/0K, paused 17ms
D/dalvikvm(   33): GC_EXPLICIT freed 38K, 6% free 1457K/1539K, external 0K/0K, paused 17ms
D/dalvikvm(   33): GC_EXPLICIT freed 40K, 5% free 1471K/1539K, external 0K/0K, paused 18ms
D/dalvikvm(   33): GC_EXPLICIT freed 55K, 8% free 1485K/1603K, external 0K/0K, paused 18ms
D/dalvikvm(   33): GC_FOR_MALLOC freed 2954K, 58% free 2168K/5123K, external 0K/0K, paused 52ms
D/dalvikvm(   33): GC_EXPLICIT freed 1403K, 55% free 2310K/5123K, external 0K/0K, paused 38ms
D/dalvikvm(   33): GC_EXPLICIT freed 148K, 54% free 2373K/5123K, external 0K/0K, paused 31ms
D/dalvikvm(   33): GC_EXPLICIT freed 73K, 54% free 2398K/5123K, external 0K/0K, paused 29ms
D/dalvikvm(   33): GC_EXPLICIT freed 36K, 53% free 2416K/5123K, external 0K/0K, paused 30ms
D/dalvikvm(   33): GC_EXPLICIT freed 31K, 53% free 2439K/5123K, external 0K/0K, paused 28ms
D/dalvikvm(   33): GC_EXPLICIT freed 38K, 52% free 2462K/5123K, external 0K/0K, paused 29ms
I/Zygote  (   33): ...preloaded 1830 classes in 5940ms.
E/Zygote  (   33): setreuid() failed. errno: 17
D/dalvikvm(   33): GC_EXPLICIT freed 18K, 52% free 2460K/5123K, external 0K/0K, paused 29ms
I/Zygote  (   33): Preloading resources...
D/dalvikvm(   33): GC_EXTERNAL_ALLOC freed <1K, 52% free 2462K/5123K, external 0K/0K, paused 37ms
W/Zygote  (   33): Preloaded drawable resource #0x1080093 (res/drawable-mdpi/sym_def_app_icon.png) that varies with configuration!!
W/Zygote  (   33): Preloaded drawable resource #0x1080002 (res/drawable-mdpi/arrow_down_float.png) that varies with configuration!!
W/Zygote  (   33): Preloaded drawable resource #0x10800b4 (res/drawable/btn_check.xml) that varies with configuration!!
W/Zygote  (   33): Preloaded drawable resource #0x10800b7 (res/drawable-mdpi/btn_check_label_background.9.png) that varies with configuration!!
W/Zygote  (   33): Preloaded drawable resource #0x10800b8 (res/drawable-mdpi/btn_check_off.png) that varies with configuration!!
W/Zygote  (   33): Preloaded drawable resource #0x10800bd (res/drawable-mdpi/btn_check_on.png) that varies with configuration!!
W/Zygote  (   33): Preloaded drawable resource #0x1080004 (res/drawable/btn_default.xml) that varies with configuration!!
W/Zygote  (   33): Preloaded drawable resource #0x1080005 (res/drawable/btn_default_small.xml) that varies with configuration!!
W/Zygote  (   33): Preloaded drawable resource #0x1080006 (res/drawable/btn_dropdown.xml) that varies with configuration!!
W/Zygote  (   33): Preloaded drawable resource #0x1080008 (res/drawable/btn_plus.xml) that varies with configuration!!
W/Zygote  (   33): Preloaded drawable resource #0x1080007 (res/drawable/btn_minus.xml) that varies with configuration!!
W/Zygote  (   33): Preloaded drawable resource #0x1080009 (res/drawable/btn_radio.xml) that varies with configuration!!
W/Zygote  (   33): Preloaded drawable resource #0x108000a (res/drawable/btn_star.xml) that varies with configuration!!
D/dalvikvm(   33): GC_EXPLICIT freed 25K, 52% free 2499K/5123K, external 408K/521K, paused 30ms
W/Zygote  (   33): Preloaded drawable resource #0x1080132 (res/drawable/btn_toggle.xml) that varies with configuration!!
W/Zygote  (   33): Preloaded drawable resource #0x1080196 (res/drawable-mdpi/ic_emergency.png) that varies with configuration!!
W/Zygote  (   33): Preloaded drawable resource #0x1080012 (res/drawable-mdpi/divider_horizontal_bright.9.png) that varies with configuration!!
W/Zygote  (   33): Preloaded drawable resource #0x1080014 (res/drawable-mdpi/divider_horizontal_dark.9.png) that varies with configuration!!
W/Zygote  (   33): Preloaded drawable resource #0x1080016 (res/drawable/edit_text.xml) that varies with configuration!!
W/Zygote  (   33): Preloaded drawable resource #0x1080170 (res/drawable/expander_group.xml) that varies with configuration!!
W/Zygote  (   33): Preloaded drawable resource #0x1080062 (res/drawable/list_selector_background.xml) that varies with configuration!!
W/Zygote  (   33): Preloaded drawable resource #0x108022a (res/drawable-mdpi/menu_background.9.png) that varies with configuration!!
W/Zygote  (   33): Preloaded drawable resource #0x108022b (res/drawable-mdpi/menu_background_fill_parent_width.9.png) that varies with configuration!!
W/Zygote  (   33): Preloaded drawable resource #0x108022c (res/drawable/menu_selector.xml) that varies with configuration!!
D/dalvikvm(   33): GC_EXTERNAL_ALLOC freed 16K, 51% free 2512K/5123K, external 516K/521K, paused 38ms
W/Zygote  (   33): Preloaded drawable resource #0x108023a (res/drawable-mdpi/panel_background.9.png) that varies with configuration!!
W/Zygote  (   33): Preloaded drawable resource #0x1080242 (res/drawable-mdpi/popup_bottom_bright.9.png) that varies with configuration!!
W/Zygote  (   33): Preloaded drawable resource #0x1080243 (res/drawable-mdpi/popup_bottom_dark.9.png) that varies with configuration!!
W/Zygote  (   33): Preloaded drawable resource #0x1080244 (res/drawable-mdpi/popup_bottom_medium.9.png) that varies with configuration!!
W/Zygote  (   33): Preloaded drawable resource #0x1080245 (res/drawable-mdpi/popup_center_bright.9.png) that varies with configuration!!
W/Zygote  (   33): Preloaded drawable resource #0x1080246 (res/drawable-mdpi/popup_center_dark.9.png) that varies with configuration!!
W/Zygote  (   33): Preloaded drawable resource #0x1080249 (res/drawable-mdpi/popup_full_dark.9.png) that varies with configuration!!
W/Zygote  (   33): Preloaded drawable resource #0x108024c (res/drawable-mdpi/popup_top_bright.9.png) that varies with configuration!!
W/Zygote  (   33): Preloaded drawable resource #0x108024d (res/drawable-mdpi/popup_top_dark.9.png) that varies with configuration!!
W/Zygote  (   33): Preloaded drawable resource #0x108006d (res/drawable/progress_indeterminate_horizontal.xml) that varies with configuration!!
W/Zygote  (   33): Preloaded drawable resource #0x1080253 (res/drawable/progress_small.xml) that varies with configuration!!
W/Zygote  (   33): Preloaded drawable resource #0x1080254 (res/drawable/progress_small_titlebar.xml) that varies with configuration!!
W/Zygote  (   33): Preloaded drawable resource #0x1080274 (res/drawable-mdpi/scrollbar_handle_horizontal.9.png) that varies with configuration!!
W/Zygote  (   33): Preloaded drawable resource #0x1080275 (res/drawable-mdpi/scrollbar_handle_vertical.9.png) that varies with configuration!!
D/dalvikvm(   33): GC_EXPLICIT freed 15K, 51% free 2524K/5123K, external 585K/1038K, paused 29ms
W/Zygote  (   33): Preloaded drawable resource #0x1080071 (res/drawable/spinner_dropdown_background.xml) that varies with configuration!!
W/Zygote  (   33): Preloaded drawable resource #0x1080312 (res/drawable-mdpi/text_select_handle_left.png) that varies with configuration!!
W/Zygote  (   33): Preloaded drawable resource #0x1080313 (res/drawable-mdpi/text_select_handle_middle.png) that varies with configuration!!
W/Zygote  (   33): Preloaded drawable resource #0x1080314 (res/drawable-mdpi/text_select_handle_right.png) that varies with configuration!!
W/Zygote  (   33): Preloaded drawable resource #0x1080335 (res/drawable-mdpi/title_bar_shadow.9.png) that varies with configuration!!
W/Zygote  (   33): Preloaded drawable resource #0x10801d8 (res/drawable-mdpi/indicator_code_lock_drag_direction_green_up.png) that varies with configuration!!
W/Zygote  (   33): Preloaded drawable resource #0x10801d9 (res/drawable-mdpi/indicator_code_lock_drag_direction_red_up.png) that varies with configuration!!
W/Zygote  (   33): Preloaded drawable resource #0x10801da (res/drawable-mdpi/indicator_code_lock_point_area_default.png) that varies with configuration!!
W/Zygote  (   33): Preloaded drawable resource #0x10801db (res/drawable-mdpi/indicator_code_lock_point_area_green.png) that varies with configuration!!
W/Zygote  (   33): Preloaded drawable resource #0x10801dc (res/drawable-mdpi/indicator_code_lock_point_area_red.png) that varies with configuration!!
I/Zygote  (   33): ...preloaded 51 resources in 455ms.
I/Zygote  (   33): ...preloaded 15 resources in 13ms.
D/dalvikvm(   33): GC_EXPLICIT freed 23K, 51% free 2533K/5123K, external 716K/1038K, paused 30ms
D/dalvikvm(   33): GC_EXPLICIT freed 6K, 51% free 2526K/5123K, external 716K/1038K, paused 29ms
D/dalvikvm(   33): GC_EXPLICIT freed <1K, 51% free 2526K/5123K, external 716K/1038K, paused 30ms
I/dalvikvm(   33): System server process 61 has been created
I/Zygote  (   33): Accepting command socket connections
E/BatteryService(   61): usbOnlinePath not found
E/BatteryService(   61): batteryVoltagePath not found
E/BatteryService(   61): batteryTemperaturePath not found
I/sysproc (   61): Entered system_init()
I/sysproc (   61): ServiceManager: 0x93138
I/SurfaceFlinger(   61): SurfaceFlinger is starting
I/SurfaceFlinger(   61): SurfaceFlinger's main thread ready to run. Initializing graphics H/W...
E/SurfaceFlinger(   61): Couldn't open /sys/power/wait_for_fb_sleep or /sys/power/wait_for_fb_wake
I/gralloc (   61): using (fd=26)
I/gralloc (   61): id           = 
I/gralloc (   61): xres         = 320 px
I/gralloc (   61): yres         = 480 px
I/gralloc (   61): xres_virtual = 320 px
I/gralloc (   61): yres_virtual = 960 px
I/gralloc (   61): bpp          = 16
I/gralloc (   61): r            = 11:5
I/gralloc (   61): g            =  5:6
I/gralloc (   61): b            =  0:5
I/gralloc (   61): width        = 49 mm (165.877548 dpi)
I/gralloc (   61): height       = 74 mm (164.756760 dpi)
I/gralloc (   61): refresh rate = 60.00 Hz
D/libEGL  (   61): egl.cfg not found, using default config
D/libEGL  (   61): loaded /system/lib/egl/libGLES_android.so
I/SurfaceFlinger(   61): EGL informations:
I/SurfaceFlinger(   61): # of configs : 8
I/SurfaceFlinger(   61): vendor    : Android
I/SurfaceFlinger(   61): version   : 1.4 Android META-EGL
I/SurfaceFlinger(   61): extensions: EGL_KHR_image EGL_KHR_image_base EGL_KHR_image_pixmap EGL_ANDROID_image_native_buffer EGL_ANDROID_swap_rectangle 
I/SurfaceFlinger(   61): Client API: OpenGL ES
I/SurfaceFlinger(   61): EGLSurface: 5-6-5-0, config=0x0
I/SurfaceFlinger(   61): OpenGL informations:
I/SurfaceFlinger(   61): vendor    : Android
I/SurfaceFlinger(   61): renderer  : Android PixelFlinger 1.4
I/SurfaceFlinger(   61): version   : OpenGL ES-CM 1.0
I/SurfaceFlinger(   61): extensions: GL_OES_byte_coordinates GL_OES_fixed_point GL_OES_single_precision GL_OES_read_format GL_OES_compressed_paletted_texture GL_OES_draw_texture GL_OES_matrix_get GL_OES_query_matrix GL_OES_EGL_image GL_OES_compressed_ETC1_RGB8_texture GL_ARB_texture_compression GL_ARB_texture_non_power_of_two GL_ANDROID_user_clip_plane GL_ANDROID_vertex_buffer_object GL_ANDROID_generate_mipmap 
I/SurfaceFlinger(   61): GL_MAX_TEXTURE_SIZE = 4096
I/SurfaceFlinger(   61): GL_MAX_VIEWPORT_DIMS = 4096
I/SurfaceFlinger(   61): flags = 000c0000
D/SensorService(   61): nuSensorService starting...
E/SensorService(   61): couldn't open device for module sensors (Invalid argument)
I/sysproc (   61): System server: starting Android runtime.
I/sysproc (   61): System server: starting Android services.
I/SystemServer(   61): Entered the Android system server!
I/sysproc (   61): System server: entering thread pool.
I/SystemServer(   61): Entropy Service
I/SystemServer(   61): Power Manager
I/SystemServer(   61): Activity Manager
I/ActivityManager(   61): Memory class: 64
W/UsageStats(   61): Usage stats version changed; dropping
D/libEGL  (   73): egl.cfg not found, using default config
D/libEGL  (   73): loaded /system/lib/egl/libGLES_android.so
I/SystemServer(   61): Telephony Registry
W/zipro   (   73): Unable to open zip '/data/local/bootanimation.zip': No such file or directory
W/zipro   (   73): Unable to open zip '/system/media/bootanimation.zip': No such file or directory
I/SystemServer(   61): Package Manager
I/Installer(   61): connecting...
I/installd(   35): new connection
I/ARMAssembler(   61): generated scanline__00000077:03010104_00000004_00000000 [ 22 ipp] (41 ins) at [0x46efd1e8:0x46efd28c] in 3460559 ns
I/ARMAssembler(   73): generated scanline__00000077:03545404_00000A01_00000000 [ 30 ipp] (51 ins) at [0x403461e8:0x403462b4] in 1935553 ns
D/dalvikvm(   61): GC_CONCURRENT freed 172K, 50% free 2826K/5639K, external 716K/1038K, paused 3ms+7ms
W/PackageManager(   61): Running ENG build: no pre-dexopt!
D/dalvikvm(   61): GC_CONCURRENT freed 243K, 49% free 3051K/5895K, external 716K/1038K, paused 3ms+4ms
D/dalvikvm(   61): GC_CONCURRENT freed 240K, 47% free 3301K/6151K, external 716K/1038K, paused 3ms+8ms
D/PackageManager(   61): No files in app dir /vendor/app
I/PackageManager(   61): Unpacking native libraries for /data/app/com.nofatclips.crawler-1.apk
D/szipinf (   61): Initializing inflate state
I/PackageManager(   61): Unpacking native libraries for /data/app/org.wordpress.android-1.apk
I/PackageManager(   61): Unpacking native libraries for /data/app/GestureBuilder.apk
I/PackageManager(   61): Unpacking native libraries for /data/app/SoftKeyboard.apk
I/PackageManager(   61): Unpacking native libraries for /data/app/CubeLiveWallpapers.apk
D/szipinf (   61): Initializing inflate state
W/PackageParser(   61): No actions in intent filter at /data/app/ApiDemos.apk Binary XML file line #1882
W/PackageParser(   61): No actions in intent filter at /data/app/ApiDemos.apk Binary XML file line #1888
W/PackageManager(   61): Package com.example.android.apis desires unavailable shared library com.example.will.never.exist; ignoring!
I/PackageManager(   61): Unpacking native libraries for /data/app/ApiDemos.apk
D/dalvikvm(   61): GC_CONCURRENT freed 252K, 45% free 3608K/6471K, external 716K/1038K, paused 4ms+5ms
I/PackageManager(   61): Time to scan packages: 1.251 seconds
W/PackageManager(   61): Unknown permission com.google.android.googleapps.permission.GOOGLE_AUTH.mail in package com.android.contacts
W/PackageManager(   61): Unknown permission android.permission.ADD_SYSTEM_SERVICE in package com.android.phone
W/PackageManager(   61): Not granting permission android.permission.SEND_DOWNLOAD_COMPLETED_INTENTS to package com.android.browser (protectionLevel=2 flags=0x9be45)
W/PackageManager(   61): Unknown permission com.google.android.gm.permission.WRITE_GMAIL in package com.android.settings
W/PackageManager(   61): Unknown permission com.google.android.gm.permission.READ_GMAIL in package com.android.settings
W/PackageManager(   61): Unknown permission com.google.android.googleapps.permission.GOOGLE_AUTH in package com.android.settings
W/PackageManager(   61): Unknown permission com.google.android.googleapps.permission.GOOGLE_AUTH in package com.android.providers.contacts
W/PackageManager(   61): Unknown permission com.google.android.googleapps.permission.GOOGLE_AUTH.cp in package com.android.providers.contacts
W/PackageManager(   61): Unknown permission com.google.android.googleapps.permission.ACCESS_GOOGLE_PASSWORD in package com.android.development
W/PackageManager(   61): Unknown permission com.google.android.googleapps.permission.GOOGLE_AUTH in package com.android.development
W/PackageManager(   61): Unknown permission com.google.android.googleapps.permission.GOOGLE_AUTH.ALL_SERVICES in package com.android.development
W/PackageManager(   61): Unknown permission com.google.android.googleapps.permission.GOOGLE_AUTH.YouTubeUser in package com.android.development
W/PackageManager(   61): Unknown permission android.permission.READ_OWNER_DATA in package com.android.email
W/PackageManager(   61): Not granting permission android.permission.DEVICE_POWER to package com.android.deskclock (protectionLevel=2 flags=0x8be45)
D/dalvikvm(   61): GC_EXPLICIT freed 313K, 46% free 3568K/6599K, external 716K/1038K, paused 49ms
I/SystemServer(   61): Account Manager
I/SystemServer(   61): Content Manager
I/SystemServer(   61): System Content Providers
I/ActivityThread(   61): Pub settings: com.android.providers.settings.SettingsProvider
I/SystemServer(   61): Battery Service
D/SettingsProvider(   61): cache for settings table 'secure' rows=27; fullycached=true
I/SystemServer(   61): Lights Service
I/SystemServer(   61): Vibrator Service
D/qemud   (   38): fdhandler_accept_event: accepting on fd 9
D/qemud   (   38): created client 0x13ee8 listening on fd 11
D/qemud   (   38): client_fd_receive: attempting registration for service 'hw-control'
D/qemud   (   38): client_fd_receive:    -> received channel id 3
D/qemud   (   38): client_registration: registration succeeded for client 3
D/SettingsProvider(   61): cache for settings table 'system' rows=46; fullycached=true
I/SystemServer(   61): Alarm Manager
I/SystemServer(   61): Init Watchdog
I/SystemServer(   61): Window Manager
I/InputManager(   61): Initializing input manager
I/InputManager(   61): Starting input manager
I/SystemServer(   61): Registering null Bluetooth Service (emulator)
E/System  (   61): Failure starting core service
E/System  (   61): java.lang.SecurityException
E/System  (   61): 	at android.os.BinderProxy.transact(Native Method)
E/System  (   61): 	at android.os.ServiceManagerProxy.addService(ServiceManagerNative.java:146)
E/System  (   61): 	at android.os.ServiceManager.addService(ServiceManager.java:72)
E/System  (   61): 	at com.android.server.ServerThread.run(SystemServer.java:206)
I/SystemServer(   61): Device Policy
I/SystemServer(   61): Status Bar
I/SystemServer(   61): Clipboard Service
I/SystemServer(   61): Input Method Service
I/EventHub(   61): New keyboard: device->id=0x10000 devname='qwerty2' propName='hw.keyboards.65536.devname' keylayout='/system/usr/keylayout/qwerty.kl'
I/EventHub(   61): New device: path=/dev/input/event0 name=qwerty2 id=0x10000 (of 0x1) index=1 fd=86 classes=0x87
E/EventHub(   61): could not get driver version for /dev/input/mouse0, Not a typewriter
E/EventHub(   61): could not get driver version for /dev/input/mice, Not a typewriter
I/InputManager-Callbacks(   61): No input device calibration properties found for device qwerty2.
I/InputReader(   61): Device added: id=0x0, name=qwerty2, sources=00001103
I/InputManagerService(   61): Enabled input methods: jp.co.omronsoft.openwnn/.OpenWnnJAJP:com.android.inputmethod.latin/.LatinIME:com.android.inputmethod.pinyin/.PinyinIME:com.example.android.softkeyboard/.SoftKeyboard
I/SystemServer(   61): NetStat Service
I/SystemServer(   61): NetworkManagement Service
I/SystemServer(   61): Connectivity Service
I/WifiService(   61): WifiService starting up with Wi-Fi disabled
D/NetworkManagmentService(   61): Registering observer
I/SystemServer(   61): Throttle Service
I/SystemServer(   61): Accessibility Manager
I/SystemServer(   61): Mount Service
I/SystemServer(   61): Notification Manager
I/SystemServer(   61): Device Storage Monitor
I/SystemServer(   61): Location Manager
I/SystemServer(   61): Search Service
I/SystemServer(   61): DropBox Service
I/SystemServer(   61): Wallpaper Service
I/SystemServer(   61): Audio Service
D/VoldCmdListener(   29): volume list
I/PackageManager(   61): Updating external media status from unmounted to unmounted
D/VoldCmdListener(   29): share status ums
D/AudioHardwareInterface(   34): setMode(NORMAL)
W/AudioPolicyManagerBase(   34): setPhoneState() setting same state 0
E/SoundPool(   61): error loading /system/media/audio/ui/Effect_Tick.ogg
W/AudioService(   61): Soundpool could not load file: /system/media/audio/ui/Effect_Tick.ogg
E/SoundPool(   61): error loading /system/media/audio/ui/KeypressStandard.ogg
W/AudioService(   61): Soundpool could not load file: /system/media/audio/ui/KeypressStandard.ogg
E/SoundPool(   61): error loading /system/media/audio/ui/KeypressSpacebar.ogg
