D/nofatclips(  246): Found widget: id=2131165204 (android.widget.LinearLayout@406e3658)
D/nofatclips(  246): Found widget: id=-1 (android.widget.FrameLayout@406e4030)
D/nofatclips(  246): Found widget: id=-1 (android.widget.LinearLayout@40787288)
D/nofatclips(  246): Found widget: id=-1 (android.widget.LinearLayout@40646b68)
D/nofatclips(  246): Found widget: id=-1 (android.widget.LinearLayout@40646cb8)
D/nofatclips(  246): Found widget: id=2131165252 (android.widget.LinearLayout@40646e80)
D/nofatclips(  246): Found widget: id=-1 (android.widget.ImageView@40692d10)
D/nofatclips(  246): Found widget: id=-1 (android.widget.TextView@40692f80): New Post
D/nofatclips(  246): Found widget: id=2131165254 (android.widget.LinearLayout@40653da8)
D/nofatclips(  246): Found widget: id=-1 (android.widget.ImageView@40795ea0)
D/nofatclips(  246): Found widget: id=-1 (android.widget.TextView@40795ff0): New Page
D/nofatclips(  246): Found widget: id=-1 (android.widget.LinearLayout@40796460)
D/nofatclips(  246): Found widget: id=2131165253 (android.widget.LinearLayout@40796680)
D/nofatclips(  246): Found widget: id=-1 (android.widget.ImageView@406e0cc0)
D/nofatclips(  246): Found widget: id=-1 (android.widget.TextView@406e0ee8): Quick Photo
D/nofatclips(  246): Found widget: id=2131165255 (android.widget.LinearLayout@406e1378)
D/nofatclips(  246): Found widget: id=-1 (android.widget.ImageView@406e9110)
D/nofatclips(  246): Found widget: id=-1 (android.widget.TextView@40689660): Quick Video
D/nofatclips(  246): Found widget: id=-1 (android.widget.LinearLayout@406898d0)
D/nofatclips(  246): Found widget: id=-1 (android.widget.LinearLayout@40689ad0)
D/nofatclips(  246): Found widget: id=2131165256 (android.widget.LinearLayout@40689cd0)
D/nofatclips(  246): Found widget: id=-1 (android.widget.ImageView@407c00c8)
D/nofatclips(  246): Found widget: id=-1 (android.widget.TextView@407c02f0): Posts
D/nofatclips(  246): Found widget: id=2131165257 (android.widget.LinearLayout@407c0780)
D/nofatclips(  246): Found widget: id=-1 (android.widget.ImageView@40640cc8)
D/nofatclips(  246): Found widget: id=-1 (android.widget.TextView@40640ef0): Pages
D/nofatclips(  246): Found widget: id=-1 (android.widget.FrameLayout@40641380)
D/nofatclips(  246): Found widget: id=2131165258 (android.widget.LinearLayout@4071d930)
D/nofatclips(  246): Found widget: id=-1 (android.widget.ImageView@4071e360)
D/nofatclips(  246): Found widget: id=-1 (android.widget.TextView@40655c30): Comments
D/nofatclips(  246): Found widget: id=2131165259 (android.widget.FrameLayout@40656088)
D/nofatclips(  246): Found widget: id=2131165260 (android.widget.ImageView@406562f0)
D/nofatclips(  246): Found widget: id=2131165261 (org.wordpress.android.util.CommentBadgeTextView@406565b0): 0
D/nofatclips(  246): Found widget: id=-1 (android.widget.LinearLayout@40701ad8)
D/nofatclips(  246): Found widget: id=2131165262 (android.widget.LinearLayout@40701cf8)
D/nofatclips(  246): Found widget: id=-1 (android.widget.ImageView@407024f8)
D/nofatclips(  246): Found widget: id=-1 (android.widget.TextView@405e2150): Settings
D/nofatclips(  246): Found widget: id=2131165263 (android.widget.LinearLayout@405e2428)
D/nofatclips(  246): Found widget: id=2131165264 (android.widget.ImageView@405e2c28)
D/nofatclips(  246): Found widget: id=2131165265 (android.widget.TextView@40602fb0): Read
D/nofatclips(  246): Found widget: id=2131165266 (android.widget.LinearLayout@40603440)
D/nofatclips(  246): Found widget: id=-1 (android.widget.ImageView@40603c40)
D/nofatclips(  246): Found widget: id=-1 (android.widget.TextView@40794ac0): Stats
D/nofatclips(  246): Found widget: id=-1 (com.android.internal.policy.impl.PhoneWindow$DecorView@407a9a58)
V/nicola  (  246): TextualID : null
V/nicola  (  246): ContentType detected : default
V/nicola  (  246): TextualID : null
V/nicola  (  246): ContentType detected : default
V/nicola  (  246): TextualID : go
V/nicola  (  246): ContentType detected : default
V/nicola  (  246): TextualID : chartTitle
V/nicola  (  246): ContentType detected : default
V/nicola  (  246): TextualID : col1
V/nicola  (  246): ContentType detected : default
V/nicola  (  246): TextualID : col2
V/nicola  (  246): ContentType detected : default
V/nicola  (  246): TextualID : col1
V/nicola  (  246): ContentType detected : default
V/nicola  (  246): TextualID : col2
V/nicola  (  246): ContentType detected : default
V/nicola  (  246): TextualID : blog_title
V/nicola  (  246): ContentType detected : default
V/nicola  (  246): TextualID : action_refresh
V/nicola  (  246): ContentType detected : default
I/nofatclips(  246): Performing comparation for activity ViewStats
D/nofatclips(  246): Comparing against activity Posts
D/nofatclips(  246): Comparing against activity Dashboard
D/nofatclips(  246): Comparing against activity Dashboard
D/nofatclips(  246): Comparing against activity Preferences
D/nofatclips(  246): Comparing against activity Dashboard
D/nofatclips(  246): Comparing against activity Preferences
I/nofatclips(  246): Registering activity ViewStats (id: a9) as a new found state
D/nofatclips(  246): Performing backup of the old activity list on disk
D/nofatclips(  246): Saving new found state 'a9' on disk
V/nofatclips(  246): Opening state file in append mode.
D/dalvikvm(  246): GC_EXTERNAL_ALLOC freed 1162K, 48% free 4606K/8711K, external 3265K/3300K, paused 89ms
I/nofatclips(  246): Saved image on disk: a9.jpg
I/nofatclips(  246): Waiting for 100 msec.
I/nofatclips(  246): Session count is 1. Will dump to disk at 1
I/nofatclips(  246): Saving the session on disk.
I/nofatclips(  246): Planning for new Activity ViewStats
D/nofatclips(  246): Handling event selectSpinnerItem for items [1,5] on spinner #2131165392 count=5
D/nofatclips(  246): Handling event selectSpinnerItem for items [1,6] on spinner #2131165393 count=6
D/nofatclips(  246): Handling event 'click' on widget id=2131165394 type=button name=GO
D/nofatclips(  246): Handling event 'click' on widget id=2131165200 type=button name=
D/nofatclips(  246): Handling event 'click' on widget id=2131165201 type=button name=
I/nofatclips(  246): Created trace to press the back button
I/nofatclips(  246): Created trace to press the menu button
I/nofatclips(  246): Created trace to change orientation
D/dalvikvm(  246): GC_CONCURRENT freed 1500K, 50% free 4438K/8711K, external 4006K/4816K, paused 3ms+3ms
I/nofatclips(  246): Check for termination: 42 steps left of 50
I/nofatclips(  246): Dispatching new task. 2 more tasks remaining.
D/nofatclips(  246): Performing backup of the old task list on disk
D/nofatclips(  246): Saving task list on disk
V/nofatclips(  246): Backing up trace #117 to disk.
V/nofatclips(  246): Backing up trace #118 to disk.
D/nofatclips(  246): Deleting backup of the old task list from disk
D/nofatclips(  246): Deleting backup of the old activity list from disk
I/nofatclips(  246): Incrementally Playing Trace 118
I/nofatclips(  246): Retrieved from return list id=2131165393
D/nofatclips(  246): Testing for type (android.widget.Spinner) against the original (android.widget.Spinner)
D/nofatclips(  246): Testing for name () against the original ()
I/nofatclips(  246): Firing event: type= selectSpinnerItem index=7 widget=android.widget.Spinner
W/KeyCharacterMap(  246): No keyboard for id 0
W/KeyCharacterMap(  246): Using default keymap: /system/usr/keychars/qwerty.kcm.bin
I/nofatclips(  246): Clicking the spinner view
D/nofatclips(  246): Event description: 7 Days
I/nofatclips(  246): Swapping to listview item 6
D/nofatclips(  246): Event description: All Time
I/nofatclips(  246): Waiting for 100 msec.
W/InputManagerService(   61): Window already focused, ignoring focus gain of: com.android.internal.view.IInputMethodClient$Stub$Proxy@40765500
I/nofatclips(  246): Current activity is ViewStats
I/nofatclips(  246): Retrieving widgets
D/nofatclips(  246): Found widget: id=16908290 (android.widget.FrameLayout@407af610)
D/nofatclips(  246): Found widget: id=2131165361 (android.widget.RelativeLayout@40712ca0)
D/nofatclips(  246): Found widget: id=-1 (android.widget.ScrollView@406e5ae0)
D/nofatclips(  246): Found widget: id=2131165390 (android.widget.RelativeLayout@4063ef60)
D/nofatclips(  246): Found widget: id=2131165391 (android.widget.RelativeLayout@4063f258)
D/nofatclips(  246): Found widget: id=2131165392 (android.widget.Spinner@4077b5b0)
D/nofatclips(  246): Found widget: id=16908308 (android.widget.TextView@407b8318): Views
D/nofatclips(  246): Found widget: id=2131165393 (android.widget.Spinner@405a36b8)
D/nofatclips(  246): Found widget: id=16908308 (android.widget.TextView@408933f0): All Time
D/nofatclips(  246): Found widget: id=2131165394 (android.widget.Button@406de3c0): GO
D/nofatclips(  246): Found widget: id=2131165395 (android.widget.RelativeLayout@4063e0f0)
D/nofatclips(  246): Found widget: id=2131165396 (android.widget.TextView@40688840): Views
D/nofatclips(  246): Found widget: id=2131165397 (android.widget.ImageView@40688d60)
D/nofatclips(  246): Found widget: id=2131165398 (android.widget.TableLayout@4071fff8)
D/nofatclips(  246): Found widget: id=-1 (android.widget.TableRow@405e8e10)
D/nofatclips(  246): Found widget: id=2131165375 (android.widget.TextView@405caca8): Date
D/nofatclips(  246): Found widget: id=2131165376 (android.widget.TextView@405cc0e8): Views
D/nofatclips(  246): Found widget: id=-1 (android.widget.TableRow@4055d2c0)
D/nofatclips(  246): Found widget: id=2131165375 (android.widget.TextView@40639d68): 2014-07-21
D/nofatclips(  246): Found widget: id=2131165376 (android.widget.TextView@40708080): 1
D/nofatclips(  246): Found widget: id=2131165399 (android.widget.RelativeLayout@40720448)
D/nofatclips(  246): Found widget: id=2131165400 (android.widget.TextView@407aa138): WordPress.com login:
D/nofatclips(  246): Found widget: id=2131165401 (android.widget.EditText@407aa890): 
D/nofatclips(  246): Found widget: id=2131165402 (android.widget.EditText@405f64c8): 
D/nofatclips(  246): Found widget: id=2131165403 (android.widget.Button@407c0c80): Save
D/nofatclips(  246): Found widget: id=2131165404 (android.widget.TextView@4066a588): Need help?
D/nofatclips(  246): Found widget: id=2131165405 (org.wordpress.android.util.WPTitleBar@407becd0)
D/nofatclips(  246): Found widget: id=2131165195 (android.widget.RelativeLayout@406a48e8)
D/nofatclips(  246): Found widget: id=2131165196 (android.widget.RelativeLayout@406a5248)
D/nofatclips(  246): Found widget: id=2131165197 (android.widget.ImageView@4070a900)
D/nofatclips(  246): Found widget: id=2131165198 (android.widget.TextView@405daa88): Katie's Sweet Testing Blog
D/nofatclips(  246): Found widget: id=2131165199 (android.widget.ImageView@406f2308)
D/nofatclips(  246): Found widget: id=-1 (android.widget.RelativeLayout@406f2598)
D/nofatclips(  246): Found widget: id=2131165200 (android.widget.ImageButton@406f29f8)
D/nofatclips(  246): Found widget: id=-1 (android.widget.FrameLayout@4060fa40)
D/nofatclips(  246): Found widget: id=2131165201 (android.widget.Button@4060fd50): 
D/nofatclips(  246): Found widget: id=2131165202 (android.widget.ImageView@405f2308)
D/nofatclips(  246): Found widget: id=2131165203 (android.widget.ImageView@405f2530)
D/nofatclips(  246): Found widget: id=2131165204 (android.widget.LinearLayout@406e3658)
D/nofatclips(  246): Found widget: id=-1 (android.widget.FrameLayout@406e4030)
D/nofatclips(  246): Found widget: id=-1 (android.widget.LinearLayout@40787288)
D/nofatclips(  246): Found widget: id=-1 (android.widget.LinearLayout@40646b68)
D/nofatclips(  246): Found widget: id=-1 (android.widget.LinearLayout@40646cb8)
D/nofatclips(  246): Found widget: id=2131165252 (android.widget.LinearLayout@40646e80)
D/nofatclips(  246): Found widget: id=-1 (android.widget.ImageView@40692d10)
D/nofatclips(  246): Found widget: id=-1 (android.widget.TextView@40692f80): New Post
D/nofatclips(  246): Found widget: id=2131165254 (android.widget.LinearLayout@40653da8)
D/nofatclips(  246): Found widget: id=-1 (android.widget.ImageView@40795ea0)
D/nofatclips(  246): Found widget: id=-1 (android.widget.TextView@40795ff0): New Page
D/nofatclips(  246): Found widget: id=-1 (android.widget.LinearLayout@40796460)
D/nofatclips(  246): Found widget: id=2131165253 (android.widget.LinearLayout@40796680)
D/nofatclips(  246): Found widget: id=-1 (android.widget.ImageView@406e0cc0)
D/nofatclips(  246): Found widget: id=-1 (android.widget.TextView@406e0ee8): Quick Photo
D/nofatclips(  246): Found widget: id=2131165255 (android.widget.LinearLayout@406e1378)
D/nofatclips(  246): Found widget: id=-1 (android.widget.ImageView@406e9110)
D/nofatclips(  246): Found widget: id=-1 (android.widget.TextView@40689660): Quick Video
D/nofatclips(  246): Found widget: id=-1 (android.widget.LinearLayout@406898d0)
D/nofatclips(  246): Found widget: id=-1 (android.widget.LinearLayout@40689ad0)
D/nofatclips(  246): Found widget: id=2131165256 (android.widget.LinearLayout@40689cd0)
D/nofatclips(  246): Found widget: id=-1 (android.widget.ImageView@407c00c8)
D/nofatclips(  246): Found widget: id=-1 (android.widget.TextView@407c02f0): Posts
D/nofatclips(  246): Found widget: id=2131165257 (android.widget.LinearLayout@407c0780)
D/nofatclips(  246): Found widget: id=-1 (android.widget.ImageView@40640cc8)
D/nofatclips(  246): Found widget: id=-1 (android.widget.TextView@40640ef0): Pages
D/nofatclips(  246): Found widget: id=-1 (android.widget.FrameLayout@40641380)
D/nofatclips(  246): Found widget: id=2131165258 (android.widget.LinearLayout@4071d930)
D/nofatclips(  246): Found widget: id=-1 (android.widget.ImageView@4071e360)
D/nofatclips(  246): Found widget: id=-1 (android.widget.TextView@40655c30): Comments
D/nofatclips(  246): Found widget: id=2131165259 (android.widget.FrameLayout@40656088)
D/nofatclips(  246): Found widget: id=2131165260 (android.widget.ImageView@406562f0)
D/nofatclips(  246): Found widget: id=2131165261 (org.wordpress.android.util.CommentBadgeTextView@406565b0): 0
D/nofatclips(  246): Found widget: id=-1 (android.widget.LinearLayout@40701ad8)
D/nofatclips(  246): Found widget: id=2131165262 (android.widget.LinearLayout@40701cf8)
D/nofatclips(  246): Found widget: id=-1 (android.widget.ImageView@407024f8)
D/nofatclips(  246): Found widget: id=-1 (android.widget.TextView@405e2150): Settings
D/nofatclips(  246): Found widget: id=2131165263 (android.widget.LinearLayout@405e2428)
D/nofatclips(  246): Found widget: id=2131165264 (android.widget.ImageView@405e2c28)
D/nofatclips(  246): Found widget: id=2131165265 (android.widget.TextView@40602fb0): Read
D/nofatclips(  246): Found widget: id=2131165266 (android.widget.LinearLayout@40603440)
D/nofatclips(  246): Found widget: id=-1 (android.widget.ImageView@40603c40)
D/nofatclips(  246): Found widget: id=-1 (android.widget.TextView@40794ac0): Stats
D/nofatclips(  246): Found widget: id=-1 (com.android.internal.policy.impl.PhoneWindow$DecorView@407a9a58)
D/dalvikvm(  246): GC_CONCURRENT freed 1965K, 51% free 4460K/9031K, external 3420K/4254K, paused 10ms+13ms
V/nicola  (  246): TextualID : null
V/nicola  (  246): ContentType detected : default
V/nicola  (  246): TextualID : null
V/nicola  (  246): ContentType detected : default
V/nicola  (  246): TextualID : go
V/nicola  (  246): ContentType detected : default
V/nicola  (  246): TextualID : chartTitle
V/nicola  (  246): ContentType detected : default
V/nicola  (  246): TextualID : col1
V/nicola  (  246): ContentType detected : default
V/nicola  (  246): TextualID : col2
V/nicola  (  246): ContentType detected : default
V/nicola  (  246): TextualID : col1
V/nicola  (  246): ContentType detected : default
V/nicola  (  246): TextualID : col2
V/nicola  (  246): ContentType detected : default
V/nicola  (  246): TextualID : blog_title
V/nicola  (  246): ContentType detected : default
V/nicola  (  246): TextualID : action_refresh
V/nicola  (  246): ContentType detected : default
I/nofatclips(  246): Performing comparation for activity ViewStats
D/nofatclips(  246): Comparing against activity Posts
D/nofatclips(  246): Comparing against activity Dashboard
D/nofatclips(  246): Comparing against activity ViewStats
D/nofatclips(  246): Comparing against activity Dashboard
D/nofatclips(  246): Comparing against activity Preferences
D/nofatclips(  246): Comparing against activity Dashboard
D/nofatclips(  246): Comparing against activity Preferences
I/nofatclips(  246): Registering activity ViewStats (id: a10) as a new found state
D/nofatclips(  246): Performing backup of the old activity list on disk
D/nofatclips(  246): Saving new found state 'a10' on disk
V/nofatclips(  246): Opening state file in append mode.
I/nofatclips(  246): Saved image on disk: a10.jpg
I/nofatclips(  246): Waiting for 100 msec.
I/nofatclips(  246): Session count is 1. Will dump to disk at 1
I/nofatclips(  246): Saving the session on disk.
I/nofatclips(  246): Planning for new Activity ViewStats
D/nofatclips(  246): Handling event selectSpinnerItem for items [1,5] on spinner #2131165392 count=5
D/nofatclips(  246): Handling event selectSpinnerItem for items [1,6] on spinner #2131165393 count=6
D/nofatclips(  246): Handling event 'click' on widget id=2131165394 type=button name=GO
D/nofatclips(  246): Handling event 'click' on widget id=2131165200 type=button name=
D/nofatclips(  246): Handling event 'click' on widget id=2131165201 type=button name=
I/nofatclips(  246): Created trace to press the back button
I/nofatclips(  246): Created trace to press the menu button
I/nofatclips(  246): Created trace to change orientation
D/dalvikvm(  246): GC_CONCURRENT freed 1699K, 50% free 4548K/9031K, external 4020K/4254K, paused 6ms+7ms
I/nofatclips(  246): Check for termination: 41 steps left of 50
I/nofatclips(  246): Dispatching new task. 2 more tasks remaining.
D/nofatclips(  246): Performing backup of the old task list on disk
D/nofatclips(  246): Saving task list on disk
V/nofatclips(  246): Backing up trace #134 to disk.
V/nofatclips(  246): Backing up trace #135 to disk.
D/nofatclips(  246): Deleting backup of the old task list from disk
D/nofatclips(  246): Deleting backup of the old activity list from disk
I/nofatclips(  246): Incrementally Playing Trace 135
I/nofatclips(  246): Retrieved from return list id=2131165393
D/nofatclips(  246): Testing for type (android.widget.Spinner) against the original (android.widget.Spinner)
D/nofatclips(  246): Testing for name () against the original ()
I/nofatclips(  246): Firing event: type= selectSpinnerItem index=7 widget=android.widget.Spinner
D/dalvikvm(   61): GC_CONCURRENT freed 779K, 46% free 4172K/7623K, external 1865K/3065K, paused 6ms+6ms
W/KeyCharacterMap(  246): No keyboard for id 0
W/KeyCharacterMap(  246): Using default keymap: /system/usr/keychars/qwerty.kcm.bin
I/nofatclips(  246): Clicking the spinner view
D/nofatclips(  246): Event description: All Time
I/nofatclips(  246): Swapping to listview item 5
D/nofatclips(  246): Event description: Year
I/nofatclips(  246): Waiting for 100 msec.
W/InputManagerService(   61): Window already focused, ignoring focus gain of: com.android.internal.view.IInputMethodClient$Stub$Proxy@40624a80
I/nofatclips(  246): Current activity is ViewStats
I/nofatclips(  246): Retrieving widgets
D/nofatclips(  246): Found widget: id=16908290 (android.widget.FrameLayout@407af610)
D/nofatclips(  246): Found widget: id=2131165361 (android.widget.RelativeLayout@40712ca0)
D/nofatclips(  246): Found widget: id=-1 (android.widget.ScrollView@406e5ae0)
D/nofatclips(  246): Found widget: id=2131165390 (android.widget.RelativeLayout@4063ef60)
D/nofatclips(  246): Found widget: id=2131165391 (android.widget.RelativeLayout@4063f258)
D/nofatclips(  246): Found widget: id=2131165392 (android.widget.Spinner@4077b5b0)
D/nofatclips(  246): Found widget: id=16908308 (android.widget.TextView@407b8318): Views
D/nofatclips(  246): Found widget: id=2131165393 (android.widget.Spinner@405a36b8)
D/nofatclips(  246): Found widget: id=16908308 (android.widget.TextView@4081a290): Year
D/nofatclips(  246): Found widget: id=2131165394 (android.widget.Button@406de3c0): GO
D/nofatclips(  246): Found widget: id=2131165395 (android.widget.RelativeLayout@4063e0f0)
D/nofatclips(  246): Found widget: id=2131165396 (android.widget.TextView@40688840): Views
D/nofatclips(  246): Found widget: id=2131165397 (android.widget.ImageView@40688d60)
D/nofatclips(  246): Found widget: id=2131165398 (android.widget.TableLayout@4071fff8)
D/nofatclips(  246): Found widget: id=-1 (android.widget.TableRow@405e8e10)
D/nofatclips(  246): Found widget: id=2131165375 (android.widget.TextView@405caca8): Date
D/nofatclips(  246): Found widget: id=2131165376 (android.widget.TextView@405cc0e8): Views
D/nofatclips(  246): Found widget: id=-1 (android.widget.TableRow@4055d2c0)
D/nofatclips(  246): Found widget: id=2131165375 (android.widget.TextView@40639d68): 2014-07-21
D/nofatclips(  246): Found widget: id=2131165376 (android.widget.TextView@40708080): 1
D/nofatclips(  246): Found widget: id=2131165399 (android.widget.RelativeLayout@40720448)
D/nofatclips(  246): Found widget: id=2131165400 (android.widget.TextView@407aa138): WordPress.com login:
D/nofatclips(  246): Found widget: id=2131165401 (android.widget.EditText@407aa890): 
D/nofatclips(  246): Found widget: id=2131165402 (android.widget.EditText@405f64c8): 
D/nofatclips(  246): Found widget: id=2131165403 (android.widget.Button@407c0c80): Save
D/nofatclips(  246): Found widget: id=2131165404 (android.widget.TextView@4066a588): Need help?
D/nofatclips(  246): Found widget: id=2131165405 (org.wordpress.android.util.WPTitleBar@407becd0)
D/nofatclips(  246): Found widget: id=2131165195 (android.widget.RelativeLayout@406a48e8)
D/nofatclips(  246): Found widget: id=2131165196 (android.widget.RelativeLayout@406a5248)
D/nofatclips(  246): Found widget: id=2131165197 (android.widget.ImageView@4070a900)
D/nofatclips(  246): Found widget: id=2131165198 (android.widget.TextView@405daa88): Katie's Sweet Testing Blog
D/nofatclips(  246): Found widget: id=2131165199 (android.widget.ImageView@406f2308)
D/nofatclips(  246): Found widget: id=-1 (android.widget.RelativeLayout@406f2598)
D/nofatclips(  246): Found widget: id=2131165200 (android.widget.ImageButton@406f29f8)
D/nofatclips(  246): Found widget: id=-1 (android.widget.FrameLayout@4060fa40)
D/nofatclips(  246): Found widget: id=2131165201 (android.widget.Button@4060fd50): 
D/nofatclips(  246): Found widget: id=2131165202 (android.widget.ImageView@405f2308)
D/nofatclips(  246): Found widget: id=2131165203 (android.widget.ImageView@405f2530)
D/nofatclips(  246): Found widget: id=2131165204 (android.widget.LinearLayout@406e3658)
D/nofatclips(  246): Found widget: id=-1 (android.widget.FrameLayout@406e4030)
D/nofatclips(  246): Found widget: id=-1 (android.widget.LinearLayout@40787288)
D/nofatclips(  246): Found widget: id=-1 (android.widget.LinearLayout@40646b68)
D/nofatclips(  246): Found widget: id=-1 (android.widget.LinearLayout@40646cb8)
D/nofatclips(  246): Found widget: id=2131165252 (android.widget.LinearLayout@40646e80)
D/nofatclips(  246): Found widget: id=-1 (android.widget.ImageView@40692d10)
D/nofatclips(  246): Found widget: id=-1 (android.widget.TextView@40692f80): New Post
D/nofatclips(  246): Found widget: id=2131165254 (android.widget.LinearLayout@40653da8)
D/nofatclips(  246): Found widget: id=-1 (android.widget.ImageView@40795ea0)
D/nofatclips(  246): Found widget: id=-1 (android.widget.TextView@40795ff0): New Page
D/nofatclips(  246): Found widget: id=-1 (android.widget.LinearLayout@40796460)
D/nofatclips(  246): Found widget: id=2131165253 (android.widget.LinearLayout@40796680)
D/nofatclips(  246): Found widget: id=-1 (android.widget.ImageView@406e0cc0)
D/nofatclips(  246): Found widget: id=-1 (android.widget.TextView@406e0ee8): Quick Photo
D/nofatclips(  246): Found widget: id=2131165255 (android.widget.LinearLayout@406e1378)
D/nofatclips(  246): Found widget: id=-1 (android.widget.ImageView@406e9110)
D/nofatclips(  246): Found widget: id=-1 (android.widget.TextView@40689660): Quick Video
D/nofatclips(  246): Found widget: id=-1 (android.widget.LinearLayout@406898d0)
D/nofatclips(  246): Found widget: id=-1 (android.widget.LinearLayout@40689ad0)
D/nofatclips(  246): Found widget: id=2131165256 (android.widget.LinearLayout@40689cd0)
D/nofatclips(  246): Found widget: id=-1 (android.widget.ImageView@407c00c8)
D/nofatclips(  246): Found widget: id=-1 (android.widget.TextView@407c02f0): Posts
D/nofatclips(  246): Found widget: id=2131165257 (android.widget.LinearLayout@407c0780)
D/nofatclips(  246): Found widget: id=-1 (android.widget.ImageView@40640cc8)
D/nofatclips(  246): Found widget: id=-1 (android.widget.TextView@40640ef0): Pages
D/nofatclips(  246): Found widget: id=-1 (android.widget.FrameLayout@40641380)
D/nofatclips(  246): Found widget: id=2131165258 (android.widget.LinearLayout@4071d930)
D/nofatclips(  246): Found widget: id=-1 (android.widget.ImageView@4071e360)
D/nofatclips(  246): Found widget: id=-1 (android.widget.TextView@40655c30): Comments
D/nofatclips(  246): Found widget: id=2131165259 (android.widget.FrameLayout@40656088)
D/nofatclips(  246): Found widget: id=2131165260 (android.widget.ImageView@406562f0)
D/nofatclips(  246): Found widget: id=2131165261 (org.wordpress.android.util.CommentBadgeTextView@406565b0): 0
D/nofatclips(  246): Found widget: id=-1 (android.widget.LinearLayout@40701ad8)
D/nofatclips(  246): Found widget: id=2131165262 (android.widget.LinearLayout@40701cf8)
D/nofatclips(  246): Found widget: id=-1 (android.widget.ImageView@407024f8)
D/nofatclips(  246): Found widget: id=-1 (android.widget.TextView@405e2150): Settings
D/nofatclips(  246): Found widget: id=2131165263 (android.widget.LinearLayout@405e2428)
D/nofatclips(  246): Found widget: id=2131165264 (android.widget.ImageView@405e2c28)
D/nofatclips(  246): Found widget: id=2131165265 (android.widget.TextView@40602fb0): Read
D/nofatclips(  246): Found widget: id=2131165266 (android.widget.LinearLayout@40603440)
D/nofatclips(  246): Found widget: id=-1 (android.widget.ImageView@40603c40)
D/nofatclips(  246): Found widget: id=-1 (android.widget.TextView@40794ac0): Stats
D/nofatclips(  246): Found widget: id=-1 (com.android.internal.policy.impl.PhoneWindow$DecorView@407a9a58)
D/dalvikvm(  246): GC_CONCURRENT freed 2117K, 52% free 4500K/9223K, external 3420K/4254K, paused 9ms+10ms
V/nicola  (  246): TextualID : null
V/nicola  (  246): ContentType detected : default
V/nicola  (  246): TextualID : null
V/nicola  (  246): ContentType detected : default
V/nicola  (  246): TextualID : go
V/nicola  (  246): ContentType detected : default
V/nicola  (  246): TextualID : chartTitle
V/nicola  (  246): ContentType detected : default
V/nicola  (  246): TextualID : col1
V/nicola  (  246): ContentType detected : default
V/nicola  (  246): TextualID : col2
V/nicola  (  246): ContentType detected : default
V/nicola  (  246): TextualID : col1
V/nicola  (  246): ContentType detected : default
V/nicola  (  246): TextualID : col2
V/nicola  (  246): ContentType detected : default
V/nicola  (  246): TextualID : blog_title
V/nicola  (  246): ContentType detected : default
V/nicola  (  246): TextualID : action_refresh
V/nicola  (  246): ContentType detected : default
I/nofatclips(  246): Performing comparation for activity ViewStats
D/nofatclips(  246): Comparing against activity ViewStats
D/nofatclips(  246): Comparing against activity Preferences
D/nofatclips(  246): Comparing against activity Dashboard
D/nofatclips(  246): Comparing against activity Posts
D/nofatclips(  246): Comparing against activity Dashboard
D/nofatclips(  246): Comparing against activity ViewStats
D/nofatclips(  246): Comparing against activity Dashboard
D/nofatclips(  246): Comparing against activity Preferences
I/nofatclips(  246): Registering activity ViewStats (id: a11) as a new found state
D/nofatclips(  246): Performing backup of the old activity list on disk
D/nofatclips(  246): Saving new found state 'a11' on disk
V/nofatclips(  246): Opening state file in append mode.
I/nofatclips(  246): Saved image on disk: a11.jpg
I/nofatclips(  246): Waiting for 100 msec.
I/nofatclips(  246): Session count is 1. Will dump to disk at 1
I/nofatclips(  246): Saving the session on disk.
I/nofatclips(  246): Planning for new Activity ViewStats
D/nofatclips(  246): Handling event selectSpinnerItem for items [1,5] on spinner #2131165392 count=5
D/nofatclips(  246): Handling event selectSpinnerItem for items [1,6] on spinner #2131165393 count=6
D/nofatclips(  246): Handling event 'click' on widget id=2131165394 type=button name=GO
D/nofatclips(  246): Handling event 'click' on widget id=2131165200 type=button name=
D/nofatclips(  246): Handling event 'click' on widget id=2131165201 type=button name=
I/nofatclips(  246): Created trace to press the back button
I/nofatclips(  246): Created trace to press the menu button
I/nofatclips(  246): Created trace to change orientation
D/dalvikvm(  246): GC_CONCURRENT freed 1679K, 50% free 4621K/9223K, external 4020K/4254K, paused 6ms+7ms
I/nofatclips(  246): Check for termination: 40 steps left of 50
I/nofatclips(  246): Dispatching new task. 2 more tasks remaining.
D/nofatclips(  246): Performing backup of the old task list on disk
D/nofatclips(  246): Saving task list on disk
V/nofatclips(  246): Backing up trace #151 to disk.
V/nofatclips(  246): Backing up trace #152 to disk.
D/nofatclips(  246): Deleting backup of the old task list from disk
D/nofatclips(  246): Deleting backup of the old activity list from disk
I/nofatclips(  246): Incrementally Playing Trace 152
D/nofatclips(  246): Firing event: type= back
W/KeyCharacterMap(  246): No keyboard for id 0
W/KeyCharacterMap(  246): Using default keymap: /system/usr/keychars/qwerty.kcm.bin
D/dalvikvm(  246): GC_FOR_MALLOC freed 1640K, 51% free 4526K/9223K, external 3420K/4254K, paused 239ms
D/dalvikvm(  246): GC_FOR_MALLOC freed 9K, 51% free 4602K/9223K, external 3420K/4254K, paused 163ms
I/dalvikvm-heap(  246): Grow heap (frag case) to 10.461MB for 87396-byte allocation
D/dalvikvm(  246): GC_FOR_MALLOC freed 1K, 50% free 4686K/9351K, external 3420K/4254K, paused 183ms
I/nofatclips(  246): Waiting for 100 msec.
W/ImageDownloader(  246): Error 404 while retrieving bitmap from http://gravatar.com/blavatar/44d338f29053dbb888da79dcf98df489?s=60&d=404
I/nofatclips(  246): Current activity is Dashboard
I/nofatclips(  246): Retrieving widgets
D/nofatclips(  246): Found widget: id=16908290 (android.widget.FrameLayout@405a16e0)
D/nofatclips(  246): Found widget: id=2131165248 (android.widget.RelativeLayout@405a23e0)
D/nofatclips(  246): Found widget: id=2131165249 (android.widget.LinearLayout@405a2a48)
D/nofatclips(  246): Found widget: id=-1 (android.widget.ImageView@405a2f90)
D/nofatclips(  246): Found widget: id=2131165250 (org.wordpress.android.util.WPTitleBar@4059c8e8)
D/nofatclips(  246): Found widget: id=2131165195 (android.widget.RelativeLayout@4050e260)
D/nofatclips(  246): Found widget: id=2131165196 (android.widget.RelativeLayout@405691f8)
D/nofatclips(  246): Found widget: id=2131165197 (android.widget.ImageView@4059db68)
D/nofatclips(  246): Found widget: id=2131165198 (android.widget.TextView@40542570): Katie's Sweet Testing Blog
D/nofatclips(  246): Found widget: id=2131165199 (android.widget.ImageView@4055de00)
D/nofatclips(  246): Found widget: id=-1 (android.widget.RelativeLayout@4057a160)
D/nofatclips(  246): Found widget: id=2131165200 (android.widget.ImageButton@4059e090)
D/nofatclips(  246): Found widget: id=-1 (android.widget.FrameLayout@4057b648)
D/nofatclips(  246): Found widget: id=2131165201 (android.widget.Button@40542f38): 
D/nofatclips(  246): Found widget: id=2131165202 (android.widget.ImageView@405944f8)
D/nofatclips(  246): Found widget: id=2131165203 (android.widget.ImageView@4053d730)
D/nofatclips(  246): Found widget: id=2131165204 (android.widget.LinearLayout@40569e00)
D/nofatclips(  246): Found widget: id=-1 (android.widget.FrameLayout@4059d900)
D/nofatclips(  246): Found widget: id=-1 (android.widget.LinearLayout@405308d8)
D/nofatclips(  246): Found widget: id=-1 (android.widget.LinearLayout@4050e070)
D/nofatclips(  246): Found widget: id=-1 (android.widget.LinearLayout@4052fef8)
D/nofatclips(  246): Found widget: id=2131165252 (android.widget.LinearLayout@405305b0)
D/nofatclips(  246): Found widget: id=-1 (android.widget.ImageView@40590fa0)
D/nofatclips(  246): Found widget: id=-1 (android.widget.TextView@4056baf8): New Post
D/nofatclips(  246): Found widget: id=2131165254 (android.widget.LinearLayout@4059cb20)
D/nofatclips(  246): Found widget: id=-1 (android.widget.ImageView@40531918)
D/nofatclips(  246): Found widget: id=-1 (android.widget.TextView@4056c430): New Page
D/nofatclips(  246): Found widget: id=-1 (android.widget.LinearLayout@405315c0)
D/nofatclips(  246): Found widget: id=2131165253 (android.widget.LinearLayout@4059ebf0)
D/nofatclips(  246): Found widget: id=-1 (android.widget.ImageView@40550bf8)
D/nofatclips(  246): Found widget: id=-1 (android.widget.TextView@40578628): Quick Photo
D/nofatclips(  246): Found widget: id=2131165255 (android.widget.LinearLayout@405324b8)
D/nofatclips(  246): Found widget: id=-1 (android.widget.ImageView@40535e50)
D/nofatclips(  246): Found widget: id=-1 (android.widget.TextView@40578e98): Quick Video
D/nofatclips(  246): Found widget: id=-1 (android.widget.LinearLayout@405410f0)
D/nofatclips(  246): Found widget: id=-1 (android.widget.LinearLayout@405434f8)
D/nofatclips(  246): Found widget: id=2131165256 (android.widget.LinearLayout@405437d0)
D/nofatclips(  246): Found widget: id=-1 (android.widget.ImageView@40547228)
D/nofatclips(  246): Found widget: id=-1 (android.widget.TextView@40579520): Posts
D/nofatclips(  246): Found widget: id=2131165257 (android.widget.LinearLayout@40569590)
D/nofatclips(  246): Found widget: id=-1 (android.widget.ImageView@40545008)
D/nofatclips(  246): Found widget: id=-1 (android.widget.TextView@40538180): Pages
D/nofatclips(  246): Found widget: id=-1 (android.widget.FrameLayout@40537928)
D/nofatclips(  246): Found widget: id=2131165258 (android.widget.LinearLayout@40540bd0)
D/nofatclips(  246): Found widget: id=-1 (android.widget.ImageView@40547a98)
D/nofatclips(  246): Found widget: id=-1 (android.widget.TextView@4053a130): Comments
D/nofatclips(  246): Found widget: id=2131165259 (android.widget.FrameLayout@40536ac8)
D/nofatclips(  246): Found widget: id=2131165260 (android.widget.ImageView@40539e38)
D/nofatclips(  246): Found widget: id=2131165261 (org.wordpress.android.util.CommentBadgeTextView@4053b148): 0
D/nofatclips(  246): Found widget: id=-1 (android.widget.LinearLayout@4055f448)
D/nofatclips(  246): Found widget: id=2131165262 (android.widget.LinearLayout@4059ab00)
D/nofatclips(  246): Found widget: id=-1 (android.widget.ImageView@4050c658)
D/nofatclips(  246): Found widget: id=-1 (android.widget.TextView@40541768): Settings
D/nofatclips(  246): Found widget: id=2131165263 (android.widget.LinearLayout@40560338)
D/nofatclips(  246): Found widget: id=2131165264 (android.widget.ImageView@40563480)
D/nofatclips(  246): Found widget: id=2131165265 (android.widget.TextView@40543aa8): Read
D/nofatclips(  246): Found widget: id=2131165266 (android.widget.LinearLayout@40563c58)
D/nofatclips(  246): Found widget: id=-1 (android.widget.ImageView@40567b90)
D/nofatclips(  246): Found widget: id=-1 (android.widget.TextView@40550800): Stats
D/nofatclips(  246): Found widget: id=-1 (com.android.internal.policy.impl.PhoneWindow$DecorView@405a0de0)
V/nicola  (  246): TextualID : blog_title
V/nicola  (  246): ContentType detected : default
V/nicola  (  246): TextualID : action_refresh
V/nicola  (  246): ContentType detected : default
V/nicola  (  246): TextualID : null
V/nicola  (  246): ContentType detected : default
V/nicola  (  246): TextualID : null
V/nicola  (  246): ContentType detected : default
V/nicola  (  246): TextualID : null
V/nicola  (  246): ContentType detected : default
V/nicola  (  246): TextualID : null
V/nicola  (  246): ContentType detected : default
V/nicola  (  246): TextualID : null
V/nicola  (  246): ContentType detected : default
V/nicola  (  246): TextualID : null
V/nicola  (  246): ContentType detected : default
V/nicola  (  246): TextualID : null
V/nicola  (  246): ContentType detected : default
V/nicola  (  246): TextualID : null
V/nicola  (  246): ContentType detected : default
V/nicola  (  246): TextualID : read_button_text
V/nicola  (  246): ContentType detected : default
V/nicola  (  246): TextualID : null
V/nicola  (  246): ContentType detected : default
I/nofatclips(  246): Performing comparation for activity Dashboard
D/nofatclips(  246): Comparing against activity ViewStats
D/nofatclips(  246): Comparing against activity ViewStats
D/nofatclips(  246): Comparing against activity Preferences
D/nofatclips(  246): Comparing against activity Dashboard
D/nofatclips(  246): Comparing against activity Posts
D/nofatclips(  246): Comparing against activity Dashboard
D/nofatclips(  246): Comparing against activity ViewStats
D/nofatclips(  246): Comparing against activity Dashboard
D/nofatclips(  246): Comparing against activity Preferences
I/nofatclips(  246): Registering activity Dashboard (id: a12) as a new found state
D/nofatclips(  246): Performing backup of the old activity list on disk
D/nofatclips(  246): Saving new found state 'a12' on disk
V/nofatclips(  246): Opening state file in append mode.
I/nofatclips(  246): Saved image on disk: a12.jpg
I/nofatclips(  246): Waiting for 100 msec.
I/nofatclips(  246): Session count is 1. Will dump to disk at 1
I/nofatclips(  246): Saving the session on disk.
I/nofatclips(  246): Planning for new Activity Dashboard
D/nofatclips(  246): Handling event 'click' on widget id=2131165200 type=button name=
D/nofatclips(  246): Handling event 'click' on widget id=2131165201 type=button name=
D/nofatclips(  246): Handling event 'click' on widget id=2131165204 type=linearLayout name=
D/nofatclips(  246): Handling event 'click' on widget id=2131165252 type=linearLayout name=
D/nofatclips(  246): Handling event 'click' on widget id=2131165254 type=linearLayout name=
D/nofatclips(  246): Handling event 'click' on widget id=2131165253 type=linearLayout name=
D/nofatclips(  246): Handling event 'click' on widget id=2131165255 type=linearLayout name=
D/nofatclips(  246): Handling event 'click' on widget id=2131165256 type=linearLayout name=
D/dalvikvm(  246): GC_CONCURRENT freed 1683K, 48% free 4866K/9351K, external 4020K/4254K, paused 5ms+9ms
D/nofatclips(  246): Handling event 'click' on widget id=2131165257 type=linearLayout name=
D/nofatclips(  246): Handling event 'click' on widget id=2131165258 type=linearLayout name=
D/nofatclips(  246): Handling event 'click' on widget id=2131165262 type=linearLayout name=
D/nofatclips(  246): Handling event 'click' on widget id=2131165263 type=linearLayout name=
D/nofatclips(  246): Handling event 'click' on widget id=2131165266 type=linearLayout name=
I/nofatclips(  246): Created trace to press the back button
I/nofatclips(  246): Created trace to press the menu button
I/nofatclips(  246): Created trace to change orientation
D/dalvikvm(  246): GC_CONCURRENT freed 2692K, 56% free 4245K/9543K, external 2643K/3300K, paused 3ms+5ms
I/nofatclips(  246): Check for termination: 39 steps left of 50
I/nofatclips(  246): Dispatching new task. 2 more tasks remaining.
D/nofatclips(  246): Performing backup of the old task list on disk
D/nofatclips(  246): Saving task list on disk
V/nofatclips(  246): Backing up trace #166 to disk.
V/nofatclips(  246): Backing up trace #167 to disk.
D/nofatclips(  246): Deleting backup of the old task list from disk
D/nofatclips(  246): Deleting backup of the old activity list from disk
I/nofatclips(  246): Incrementally Playing Trace 167
I/nofatclips(  246): Retrieved from return list id=2131165253
D/nofatclips(  246): Testing for type (android.widget.LinearLayout) against the original (android.widget.LinearLayout)
D/nofatclips(  246): Testing for name () against the original ()
I/nofatclips(  246): Firing event: type= click index=28 widget=android.widget.LinearLayout
W/KeyCharacterMap(  246): No keyboard for id 0
W/KeyCharacterMap(  246): Using default keymap: /system/usr/keychars/qwerty.kcm.bin
D/nofatclips(  246): Event description: Quick Photo
I/ActivityManager(   61): Starting: Intent { cmp=org.wordpress.android/.EditPost (has extras) } from pid 246
I/nofatclips(  246): Waiting for 100 msec.
I/ActivityManager(   61): Starting: Intent { act=android.media.action.IMAGE_CAPTURE cmp=com.android.camera/.Camera (has extras) } from pid 246
I/ActivityManager(   61): Start proc com.android.camera for activity com.android.camera/.Camera: pid=316 uid=10025 gids={1006, 1015}
I/nofatclips(  246): Current activity is EditPost
I/nofatclips(  246): Retrieving widgets
I/nofatclips(  246): Exit state. Not performing comparation for activity EditPost
I/nofatclips(  246): Waiting for 100 msec.
I/nofatclips(  246): Session count is 1. Will dump to disk at 1
I/nofatclips(  246): Saving the session on disk.
I/nofatclips(  246): Check for termination: 38 steps left of 50
I/nofatclips(  246): Saving the session on disk. This is the last batch. The session will be terminated.
D/nofatclips(  246): Performing backup of the old task list on disk
D/nofatclips(  246): Saving task list on disk
V/nofatclips(  246): Backing up trace #166 to disk.
D/nofatclips(  246): Deleting backup of the old task list from disk
D/dalvikvm(  246): GC_EXPLICIT freed 1194K, 55% free 4344K/9543K, external 2732K/3300K, paused 171ms
D/dalvikvm(   61): DexOpt: incorrect opt magic number (0x00 00 00 00)
D/installd(   35): DexInv: --- BEGIN '/system/app/Camera.apk' ---
D/dalvikvm(  246): GC_EXPLICIT freed 61K, 56% free 4282K/9543K, external 2732K/3300K, paused 161ms
I/TestRunner(  246): finished: testAndCrawl(com.nofatclips.crawler.guitree.NomadEngine)
I/TestRunner(  246): passed: testAndCrawl(com.nofatclips.crawler.guitree.NomadEngine)
E/InstrumentationTestRunner(  246): Failed to generate emma coverage. Is emma jar on classpath?
E/InstrumentationTestRunner(  246): java.lang.ClassNotFoundException: com.vladium.emma.rt.RT
E/InstrumentationTestRunner(  246): 	at java.lang.Class.classForName(Native Method)
E/InstrumentationTestRunner(  246): 	at java.lang.Class.forName(Class.java:234)
E/InstrumentationTestRunner(  246): 	at java.lang.Class.forName(Class.java:181)
E/InstrumentationTestRunner(  246): 	at android.test.InstrumentationTestRunner.generateCoverageReport(InstrumentationTestRunner.java:578)
E/InstrumentationTestRunner(  246): 	at android.test.InstrumentationTestRunner.onStart(InstrumentationTestRunner.java:545)
E/InstrumentationTestRunner(  246): 	at android.app.Instrumentation$InstrumentationThread.run(Instrumentation.java:1448)
E/InstrumentationTestRunner(  246): Caused by: java.lang.NoClassDefFoundError: com.vladium.emma.rt.RT
E/InstrumentationTestRunner(  246): 	... 6 more
E/InstrumentationTestRunner(  246): Caused by: java.lang.ClassNotFoundException: com.vladium.emma.rt.RT in loader dalvik.system.PathClassLoader[/system/framework/android.test.runner.jar:/data/app/com.nofatclips.crawler-1.apk:/data/app/org.wordpress.android-1.apk]
E/InstrumentationTestRunner(  246): 	at dalvik.system.PathClassLoader.findClass(PathClassLoader.java:240)
E/InstrumentationTestRunner(  246): 	at java.lang.ClassLoader.loadClass(ClassLoader.java:551)
E/InstrumentationTestRunner(  246): 	at java.lang.ClassLoader.loadClass(ClassLoader.java:511)
E/InstrumentationTestRunner(  246): 	... 6 more
D/dalvikvm(  324): DexOpt: load 132ms, verify+opt 439ms
D/installd(   35): DexInv: --- END '/system/app/Camera.apk' (success) ---
I/WindowManager(   61): Setting rotation to 1, animFlags=1
I/ActivityManager(   61): Config changed: { scale=1.0 imsi=310/260 loc=en_US touch=3 keys=2/1/2 nav=1/1 orien=2 layout=18 uiMode=17 seq=5}
D/AndroidRuntime(  203): Shutting down VM
I/ActivityManager(   61): Force stopping package org.wordpress.android uid=10034
I/Process (   61): Sending signal. PID: 246 SIG: 9
D/dalvikvm(  203): GC_CONCURRENT freed 103K, 71% free 297K/1024K, external 0K/0K, paused 1ms+18ms
I/AndroidRuntime(  203): NOTE: attach of thread 'Binder Thread #3' failed
D/jdwp    (  203): adbd disconnected
V/CameraHolder(  316): open camera 0
D/CameraHardwareStub(   34): initHeapLocked: preview size=320x240
I/StagefrightPlayer(   34): setDataSource('/system/media/audio/ui/camera_click.ogg')
I/StagefrightPlayer(   34): setDataSource('/system/media/audio/ui/VideoRecord.ogg')
I/DEBUG   (   31): debuggerd: Feb  3 2011 14:45:34
D/qemud   (   38): entering main loop
I/Vold    (   29): Vold 2.1 (the revenge) firing up
D/Vold    (   29): USB mass storage support is not enabled in the kernel
D/Vold    (   29): usb_configuration switch is not enabled in the kernel
I/Netd    (   30): Netd 1.0 starting
D/Vold    (   29): Volume sdcard state changing -1 (Initializing) -> 0 (No-Media)
D/Vold    (   29): Volume sdcard state changing 0 (No-Media) -> 1 (Idle-Unmounted)
D/qemud   (   38): fdhandler_accept_event: accepting on fd 9
D/qemud   (   38): created client 0xe078 listening on fd 10
D/qemud   (   38): client_fd_receive: attempting registration for service 'boot-properties'
D/qemud   (   38): client_fd_receive:    -> received channel id 1
D/qemud   (   38): client_registration: registration succeeded for client 1
I/qemu-props(   52): connected to 'boot-properties' qemud service.
I/qemu-props(   52): receiving..
I/qemu-props(   52): received: dalvik.vm.heapsize=64m
I/qemu-props(   52): receiving..
I/qemu-props(   52): received: ro.config.low_ram=true
I/qemu-props(   52): receiving..
I/qemu-props(   52): received: qemu.sf.lcd_density=160
I/qemu-props(   52): receiving..
I/qemu-props(   52): received: qemu.hw.mainkeys=0
I/qemu-props(   52): receiving..
I/qemu-props(   52): received: qemu.sf.fake_camera=none
I/qemu-props(   52): receiving..
D/qemud   (   38): fdhandler_event: disconnect on fd 10
I/qemu-props(   52): exiting (5 properties set).
D/qemud   (   38): fdhandler_accept_event: accepting on fd 9
D/qemud   (   38): created client 0xe078 listening on fd 10
D/qemud   (   38): fdhandler_event: disconnect on fd 10
D/qemud   (   38): fdhandler_accept_event: accepting on fd 9
D/qemud   (   38): created client 0xe078 listening on fd 10
D/qemud   (   38): client_fd_receive: attempting registration for service 'gsm'
D/qemud   (   38): client_fd_receive:    -> received channel id 2
D/qemud   (   38): client_registration: registration succeeded for client 2
D/AndroidRuntime(   33): 
D/AndroidRuntime(   33): >>>>>> AndroidRuntime START com.android.internal.os.ZygoteInit <<<<<<
D/AndroidRuntime(   33): CheckJNI is ON
I/        (   34): ServiceManager: 0xad50
D/AudioHardwareInterface(   34): setMode(NORMAL)
I/CameraService(   34): CameraService started (pid=34)
I/AudioFlinger(   34): AudioFlinger's thread 0xc658 ready to run
I/SamplingProfilerIntegration(   33): Profiler is disabled.
I/Zygote  (   33): Preloading classes...
E/Zygote  (   33): setreuid() failed. errno: 2
D/dalvikvm(   33): GC_EXPLICIT freed 47K, 78% free 234K/1024K, external 0K/0K, paused 8ms
D/dalvikvm(   33): GC_EXPLICIT freed 1K, 73% free 284K/1024K, external 0K/0K, paused 5ms
D/dalvikvm(   33): GC_EXPLICIT freed 22K, 69% free 318K/1024K, external 0K/0K, paused 5ms
D/dalvikvm(   33): GC_EXPLICIT freed 17K, 66% free 356K/1024K, external 0K/0K, paused 5ms
D/dalvikvm(   33): GC_EXPLICIT freed 26K, 63% free 385K/1024K, external 0K/0K, paused 6ms
D/dalvikvm(   33): GC_EXPLICIT freed 20K, 57% free 441K/1024K, external 0K/0K, paused 5ms
W/MediaProfiles(   33): could not find media config xml file
D/dalvikvm(   33): GC_EXPLICIT freed 99K, 47% free 547K/1024K, external 0K/0K, paused 9ms
D/dalvikvm(   33): GC_EXPLICIT freed 272K, 28% free 885K/1219K, external 0K/0K, paused 11ms
D/dalvikvm(   33): GC_EXPLICIT freed 21K, 24% free 932K/1219K, external 0K/0K, paused 10ms
D/RenderScript_jni(   33): RenderScript JNI library not found!
D/dalvikvm(   33): GC_EXPLICIT freed 25K, 19% free 999K/1219K, external 0K/0K, paused 10ms
D/dalvikvm(   33): GC_EXPLICIT freed 47K, 5% free 1281K/1347K, external 0K/0K, paused 16ms
D/dalvikvm(   33): GC_EXPLICIT freed 24K, 3% free 1311K/1347K, external 0K/0K, paused 15ms
D/dalvikvm(   33): GC_EXPLICIT freed 28K, 6% free 1336K/1411K, external 0K/0K, paused 16ms
D/dalvikvm(   33): GC_EXPLICIT freed 14K, 3% free 1377K/1411K, external 0K/0K, paused 17ms
D/dalvikvm(   33): GC_EXPLICIT freed 28K, 5% free 1402K/1475K, external 0K/0K, paused 16ms
D/dalvikvm(   33): GC_EXPLICIT freed 28K, 3% free 1439K/1475K, external 0K/0K, paused 17ms
D/dalvikvm(   33): GC_EXPLICIT freed 38K, 6% free 1457K/1539K, external 0K/0K, paused 17ms
D/dalvikvm(   33): GC_EXPLICIT freed 40K, 5% free 1471K/1539K, external 0K/0K, paused 17ms
D/dalvikvm(   33): GC_EXPLICIT freed 55K, 8% free 1485K/1603K, external 0K/0K, paused 18ms
D/dalvikvm(   33): GC_FOR_MALLOC freed 2954K, 58% free 2168K/5123K, external 0K/0K, paused 52ms
D/dalvikvm(   33): GC_EXPLICIT freed 1403K, 55% free 2310K/5123K, external 0K/0K, paused 38ms
D/dalvikvm(   33): GC_EXPLICIT freed 148K, 54% free 2373K/5123K, external 0K/0K, paused 32ms
