D/nofatclips(  255): Saving new found state 'a16' on disk
V/nofatclips(  255): Opening state file in append mode.
D/dalvikvm(  255): GC_EXTERNAL_ALLOC freed 232K, 56% free 3259K/7303K, external 1765K/2277K, paused 106ms
D/dalvikvm(  255): GC_EXTERNAL_ALLOC freed 35K, 56% free 3223K/7303K, external 1999K/2511K, paused 102ms
I/nofatclips(  255): Saved image on disk: a16.jpg
I/nofatclips(  255): Waiting for 100 msec.
I/nofatclips(  255): Session count is 1. Will dump to disk at 1
I/nofatclips(  255): Saving the session on disk.
I/nofatclips(  255): Planning for new Activity Dashboard
D/nofatclips(  255): Handling event 'click' on widget id=2131165200 type=button name=
D/nofatclips(  255): Handling event 'click' on widget id=2131165201 type=button name=
I/nofatclips(  255): Created trace to press the back button
I/nofatclips(  255): Created trace to press the menu button
I/nofatclips(  255): Created trace to change orientation
I/nofatclips(  255): Check for termination: 35 steps left of 50
I/nofatclips(  255): Dispatching new task. 2 more tasks remaining.
D/nofatclips(  255): Performing backup of the old task list on disk
D/nofatclips(  255): Saving task list on disk
V/nofatclips(  255): Backing up trace #191 to disk.
V/nofatclips(  255): Backing up trace #192 to disk.
D/nofatclips(  255): Deleting backup of the old task list from disk
D/nofatclips(  255): Deleting backup of the old activity list from disk
I/nofatclips(  255): Incrementally Playing Trace 192
I/nofatclips(  255): Retrieved from return list id=16908290
D/nofatclips(  255): Testing for type (android.widget.FrameLayout) against the original (null)
I/nofatclips(  255): Firing event: type= openMenu name= widget=null
W/KeyCharacterMap(  255): No keyboard for id 0
W/KeyCharacterMap(  255): Using default keymap: /system/usr/keychars/qwerty.kcm.bin
I/nofatclips(  255): Waiting for 100 msec.
I/nofatclips(  255): Current activity is Dashboard
I/nofatclips(  255): Retrieving widgets
D/nofatclips(  255): Found widget: id=16908726 (com.android.internal.view.menu.IconMenuView@40669720)
D/nofatclips(  255): Found widget: id=16908310 (com.android.internal.view.menu.IconMenuItemView@405f7308): Add Account
D/nofatclips(  255): Found widget: id=16908310 (com.android.internal.view.menu.IconMenuItemView@405f8118): Preferences
D/nofatclips(  255): Found widget: id=16908310 (com.android.internal.view.menu.IconMenuItemView@405f8e90): Remove Blog
D/nofatclips(  255): Found widget: id=16908310 (com.android.internal.view.menu.IconMenuItemView@405f9c18): About
D/nofatclips(  255): Found widget: id=-1 (com.android.internal.policy.impl.PhoneWindow$DecorView@40668240)
V/ReflectionHelper(  255): com.android.internal.view.menu.IconMenuView > mOnFocusChangeListener FOUND | NOT ACTIVE
D/dalvikvm(  255): GC_CONCURRENT freed 755K, 55% free 3350K/7303K, external 2644K/3246K, paused 15ms+16ms
V/nicola  (  255): TextualID : null
V/nicola  (  255): ContentType detected : default
V/nicola  (  255): TextualID : null
V/nicola  (  255): ContentType detected : default
V/nicola  (  255): TextualID : null
V/nicola  (  255): ContentType detected : default
V/nicola  (  255): TextualID : null
V/nicola  (  255): ContentType detected : default
I/nofatclips(  255): Performing comparation for activity Dashboard
D/nofatclips(  255): Comparing against activity Dashboard
D/nofatclips(  255): Comparing against activity Dashboard
I/nofatclips(  255): Registering activity Dashboard (id: a17) as a new found state
D/nofatclips(  255): Performing backup of the old activity list on disk
D/nofatclips(  255): Saving new found state 'a17' on disk
V/nofatclips(  255): Opening state file in append mode.
I/nofatclips(  255): Saved image on disk: a17.jpg
I/nofatclips(  255): Waiting for 100 msec.
I/nofatclips(  255): Session count is 1. Will dump to disk at 1
I/nofatclips(  255): Saving the session on disk.
I/nofatclips(  255): Planning for new Activity Dashboard
D/nofatclips(  255): Handling event 'click' on widget id=16908310 type=menuItem name=Add Account
D/nofatclips(  255): Handling event 'click' on widget id=16908310 type=menuItem name=Preferences
D/nofatclips(  255): Handling event 'click' on widget id=16908310 type=menuItem name=Remove Blog
D/nofatclips(  255): Handling event 'click' on widget id=16908310 type=menuItem name=About
I/nofatclips(  255): Created trace to press the back button
I/nofatclips(  255): Created trace to press the menu button
I/nofatclips(  255): Created trace to change orientation
I/nofatclips(  255): Check for termination: 34 steps left of 50
I/nofatclips(  255): Dispatching new task. 2 more tasks remaining.
D/nofatclips(  255): Performing backup of the old task list on disk
D/nofatclips(  255): Saving task list on disk
V/nofatclips(  255): Backing up trace #197 to disk.
V/nofatclips(  255): Backing up trace #198 to disk.
D/nofatclips(  255): Deleting backup of the old task list from disk
D/nofatclips(  255): Deleting backup of the old activity list from disk
I/nofatclips(  255): Incrementally Playing Trace 198
I/nofatclips(  255): Retrieved from return list id=16908310
D/nofatclips(  255): Testing for type (com.android.internal.view.menu.IconMenuItemView) against the original (com.android.internal.view.menu.IconMenuItemView)
D/nofatclips(  255): Testing for name (About) against the original (About)
I/nofatclips(  255): Firing event: type= click index=4 widget=com.android.internal.view.menu.IconMenuItemView
W/KeyCharacterMap(  255): No keyboard for id 0
W/KeyCharacterMap(  255): Using default keymap: /system/usr/keychars/qwerty.kcm.bin
D/nofatclips(  255): Event description: About
I/ActivityManager(   61): Starting: Intent { cmp=org.wordpress.android/.About } from pid 255
I/nofatclips(  255): Waiting for 100 msec.
I/dalvikvm(   61): Jit: resizing JitTable from 512 to 1024
I/ActivityManager(   61): Displayed org.wordpress.android/.About: +1s401ms
I/nofatclips(  255): Current activity is About
I/nofatclips(  255): Retrieving widgets
D/nofatclips(  255): Found widget: id=16908290 (android.widget.FrameLayout@406cb568)
D/nofatclips(  255): Found widget: id=-1 (android.widget.ScrollView@406cc198)
D/nofatclips(  255): Found widget: id=2131165185 (android.widget.LinearLayout@406cd638)
D/nofatclips(  255): Found widget: id=2131165186 (android.widget.ImageView@406cd8a0)
D/nofatclips(  255): Found widget: id=2131165187 (android.widget.TextView@406cdd18): WordPress for Android
D/nofatclips(  255): Found widget: id=2131165188 (android.widget.TextView@405df650): Version 2.1
D/nofatclips(  255): Found widget: id=2131165189 (android.widget.TextView@405df938): Publisher: Automattic, Inc
D/nofatclips(  255): Found widget: id=2131165190 (android.widget.TextView@405dfe30): 2012 Automattic, Inc
D/nofatclips(  255): Found widget: id=2131165191 (android.widget.Button@405e0360): Terms of Service
D/nofatclips(  255): Found widget: id=2131165192 (android.widget.Button@405e15c8): Privacy Policy
D/nofatclips(  255): Found widget: id=2131165193 (android.widget.TextView@405e1d50): www.automattic.com
D/nofatclips(  255): Found widget: id=-1 (com.android.internal.policy.impl.PhoneWindow$DecorView@406cb190)
V/nicola  (  255): TextualID : about_first_line
V/nicola  (  255): ContentType detected : default
V/nicola  (  255): TextualID : about_version
V/nicola  (  255): ContentType detected : default
V/nicola  (  255): TextualID : about_second_line
V/nicola  (  255): ContentType detected : default
V/nicola  (  255): TextualID : about_third_line
V/nicola  (  255): ContentType detected : default
V/nicola  (  255): TextualID : about_tos
V/nicola  (  255): ContentType detected : default
V/nicola  (  255): TextualID : about_privacy
V/nicola  (  255): ContentType detected : default
V/nicola  (  255): TextualID : about_url
V/nicola  (  255): ContentType detected : default
I/nofatclips(  255): Performing comparation for activity About
D/nofatclips(  255): Comparing against activity Dashboard
D/nofatclips(  255): Comparing against activity Dashboard
D/nofatclips(  255): Comparing against activity Dashboard
I/nofatclips(  255): Registering activity About (id: a18) as a new found state
D/nofatclips(  255): Performing backup of the old activity list on disk
D/nofatclips(  255): Saving new found state 'a18' on disk
V/nofatclips(  255): Opening state file in append mode.
D/dalvikvm(  255): GC_EXTERNAL_ALLOC freed 966K, 55% free 3356K/7303K, external 2514K/2644K, paused 136ms
D/dalvikvm(  255): GC_EXTERNAL_ALLOC freed 51K, 55% free 3305K/7303K, external 3469K/3583K, paused 104ms
I/nofatclips(  255): Saved image on disk: a18.jpg
I/nofatclips(  255): Waiting for 100 msec.
I/nofatclips(  255): Session count is 1. Will dump to disk at 1
I/nofatclips(  255): Saving the session on disk.
I/nofatclips(  255): Planning for new Activity About
D/nofatclips(  255): Handling event 'click' on widget id=2131165191 type=button name=Terms of Service
D/nofatclips(  255): Handling event 'click' on widget id=2131165192 type=button name=Privacy Policy
D/nofatclips(  255): Handling event 'click' on widget id=2131165193 type=text name=www.automattic.com
I/nofatclips(  255): Created trace to press the back button
I/nofatclips(  255): Created trace to press the menu button
I/nofatclips(  255): Created trace to change orientation
I/nofatclips(  255): Check for termination: 33 steps left of 50
I/nofatclips(  255): Dispatching new task. 2 more tasks remaining.
D/nofatclips(  255): Performing backup of the old task list on disk
D/nofatclips(  255): Saving task list on disk
V/nofatclips(  255): Backing up trace #203 to disk.
V/nofatclips(  255): Backing up trace #204 to disk.
D/nofatclips(  255): Deleting backup of the old task list from disk
D/nofatclips(  255): Deleting backup of the old activity list from disk
I/nofatclips(  255): Incrementally Playing Trace 204
I/nofatclips(  255): Retrieved from return list id=2131165191
D/nofatclips(  255): Testing for type (android.widget.Button) against the original (android.widget.Button)
D/nofatclips(  255): Testing for name (Terms of Service) against the original (Terms of Service)
I/nofatclips(  255): Firing event: type= click index=8 widget=android.widget.Button
W/KeyCharacterMap(  255): No keyboard for id 0
W/KeyCharacterMap(  255): Using default keymap: /system/usr/keychars/qwerty.kcm.bin
D/nofatclips(  255): Event description: Terms of Service
I/ActivityManager(   61): Starting: Intent { act=android.intent.action.VIEW dat=http://en.wordpress.com/tos cmp=com.android.browser/.BrowserActivity } from pid 255
I/nofatclips(  255): Waiting for 100 msec.
I/ActivityManager(   61): Start proc com.android.browser for activity com.android.browser/.BrowserActivity: pid=314 uid=10020 gids={3003, 1015}
I/nofatclips(  255): Current activity is About
I/nofatclips(  255): Retrieving widgets
D/nofatclips(  255): Found widget: id=16908290 (android.widget.FrameLayout@406cb568)
D/nofatclips(  255): Found widget: id=-1 (android.widget.ScrollView@406cc198)
D/nofatclips(  255): Found widget: id=2131165185 (android.widget.LinearLayout@406cd638)
D/nofatclips(  255): Found widget: id=2131165186 (android.widget.ImageView@406cd8a0)
D/nofatclips(  255): Found widget: id=2131165187 (android.widget.TextView@406cdd18): WordPress for Android
D/nofatclips(  255): Found widget: id=2131165188 (android.widget.TextView@405df650): Version 2.1
D/nofatclips(  255): Found widget: id=2131165189 (android.widget.TextView@405df938): Publisher: Automattic, Inc
D/nofatclips(  255): Found widget: id=2131165190 (android.widget.TextView@405dfe30): 2012 Automattic, Inc
D/nofatclips(  255): Found widget: id=2131165191 (android.widget.Button@405e0360): Terms of Service
D/nofatclips(  255): Found widget: id=2131165192 (android.widget.Button@405e15c8): Privacy Policy
D/nofatclips(  255): Found widget: id=2131165193 (android.widget.TextView@405e1d50): www.automattic.com
D/nofatclips(  255): Found widget: id=-1 (com.android.internal.policy.impl.PhoneWindow$DecorView@406cb190)
V/nicola  (  255): TextualID : about_first_line
V/nicola  (  255): ContentType detected : default
V/nicola  (  255): TextualID : about_version
V/nicola  (  255): ContentType detected : default
V/nicola  (  255): TextualID : about_second_line
V/nicola  (  255): ContentType detected : default
V/nicola  (  255): TextualID : about_third_line
V/nicola  (  255): ContentType detected : default
V/nicola  (  255): TextualID : about_tos
V/nicola  (  255): ContentType detected : default
V/nicola  (  255): TextualID : about_privacy
V/nicola  (  255): ContentType detected : default
V/nicola  (  255): TextualID : about_url
V/nicola  (  255): ContentType detected : default
I/nofatclips(  255): Performing comparation for activity About
D/nofatclips(  255): Comparing against activity Dashboard
D/nofatclips(  255): Comparing against activity Dashboard
D/nofatclips(  255): Comparing against activity Dashboard
D/nofatclips(  255): Comparing against activity About
I/nofatclips(  255): Registering activity About (id: a19) as a new found state
D/nofatclips(  255): Performing backup of the old activity list on disk
D/nofatclips(  255): Saving new found state 'a19' on disk
V/nofatclips(  255): Opening state file in append mode.
I/nofatclips(  255): Saved image on disk: a19.jpg
I/nofatclips(  255): Waiting for 100 msec.
D/installd(   35): DexInv: --- BEGIN '/system/app/Browser.apk' ---
I/nofatclips(  255): Session count is 1. Will dump to disk at 1
I/nofatclips(  255): Saving the session on disk.
D/dalvikvm(  255): GC_CONCURRENT freed 1047K, 53% free 3466K/7303K, external 4069K/4332K, paused 15ms+18ms
I/nofatclips(  255): Planning for new Activity About
D/nofatclips(  255): Handling event 'click' on widget id=2131165191 type=button name=Terms of Service
D/nofatclips(  255): Handling event 'click' on widget id=2131165192 type=button name=Privacy Policy
D/nofatclips(  255): Handling event 'click' on widget id=2131165193 type=text name=www.automattic.com
I/nofatclips(  255): Created trace to press the back button
I/nofatclips(  255): Created trace to press the menu button
I/nofatclips(  255): Created trace to change orientation
I/nofatclips(  255): Check for termination: 32 steps left of 50
I/nofatclips(  255): Dispatching new task. 2 more tasks remaining.
D/nofatclips(  255): Performing backup of the old task list on disk
D/nofatclips(  255): Saving task list on disk
V/nofatclips(  255): Backing up trace #209 to disk.
V/nofatclips(  255): Backing up trace #210 to disk.
D/nofatclips(  255): Deleting backup of the old task list from disk
D/nofatclips(  255): Deleting backup of the old activity list from disk
I/nofatclips(  255): Incrementally Playing Trace 210
I/nofatclips(  255): Retrieved from return list id=16908290
D/nofatclips(  255): Testing for type (android.widget.FrameLayout) against the original (null)
I/nofatclips(  255): Firing event: type= openMenu name= widget=null
W/KeyCharacterMap(  255): No keyboard for id 0
W/KeyCharacterMap(  255): Using default keymap: /system/usr/keychars/qwerty.kcm.bin
I/nofatclips(  255): Waiting for 100 msec.
I/nofatclips(  255): Current activity is About
I/nofatclips(  255): Retrieving widgets
D/nofatclips(  255): Found widget: id=16908290 (android.widget.FrameLayout@406cb568)
D/nofatclips(  255): Found widget: id=-1 (android.widget.ScrollView@406cc198)
D/nofatclips(  255): Found widget: id=2131165185 (android.widget.LinearLayout@406cd638)
D/nofatclips(  255): Found widget: id=2131165186 (android.widget.ImageView@406cd8a0)
D/nofatclips(  255): Found widget: id=2131165187 (android.widget.TextView@406cdd18): WordPress for Android
D/nofatclips(  255): Found widget: id=2131165188 (android.widget.TextView@405df650): Version 2.1
D/nofatclips(  255): Found widget: id=2131165189 (android.widget.TextView@405df938): Publisher: Automattic, Inc
D/nofatclips(  255): Found widget: id=2131165190 (android.widget.TextView@405dfe30): 2012 Automattic, Inc
D/nofatclips(  255): Found widget: id=2131165191 (android.widget.Button@405e0360): Terms of Service
D/nofatclips(  255): Found widget: id=2131165192 (android.widget.Button@405e15c8): Privacy Policy
D/nofatclips(  255): Found widget: id=2131165193 (android.widget.TextView@405e1d50): www.automattic.com
D/nofatclips(  255): Found widget: id=-1 (com.android.internal.policy.impl.PhoneWindow$DecorView@406cb190)
V/nicola  (  255): TextualID : about_first_line
V/nicola  (  255): ContentType detected : default
V/nicola  (  255): TextualID : about_version
V/nicola  (  255): ContentType detected : default
V/nicola  (  255): TextualID : about_second_line
V/nicola  (  255): ContentType detected : default
V/nicola  (  255): TextualID : about_third_line
V/nicola  (  255): ContentType detected : default
V/nicola  (  255): TextualID : about_tos
V/nicola  (  255): ContentType detected : default
V/nicola  (  255): TextualID : about_privacy
V/nicola  (  255): ContentType detected : default
V/nicola  (  255): TextualID : about_url
V/nicola  (  255): ContentType detected : default
I/nofatclips(  255): Performing comparation for activity About
D/nofatclips(  255): Comparing against activity Dashboard
D/nofatclips(  255): Comparing against activity Dashboard
D/nofatclips(  255): Comparing against activity Dashboard
D/nofatclips(  255): Comparing against activity About
D/nofatclips(  255): Comparing against activity About
I/nofatclips(  255): Registering activity About (id: a20) as a new found state
D/nofatclips(  255): Performing backup of the old activity list on disk
D/nofatclips(  255): Saving new found state 'a20' on disk
V/nofatclips(  255): Opening state file in append mode.
I/nofatclips(  255): Saved image on disk: a20.jpg
I/nofatclips(  255): Waiting for 100 msec.
I/nofatclips(  255): Session count is 1. Will dump to disk at 1
I/nofatclips(  255): Saving the session on disk.
I/nofatclips(  255): Planning for new Activity About
D/nofatclips(  255): Handling event 'click' on widget id=2131165191 type=button name=Terms of Service
D/nofatclips(  255): Handling event 'click' on widget id=2131165192 type=button name=Privacy Policy
D/nofatclips(  255): Handling event 'click' on widget id=2131165193 type=text name=www.automattic.com
I/nofatclips(  255): Created trace to press the back button
I/nofatclips(  255): Created trace to press the menu button
I/nofatclips(  255): Created trace to change orientation
D/dalvikvm(  322): DexOpt: load 189ms, verify+opt 1388ms
D/installd(   35): DexInv: --- END '/system/app/Browser.apk' (success) ---
I/nofatclips(  255): Check for termination: 31 steps left of 50
I/nofatclips(  255): Dispatching new task. 2 more tasks remaining.
D/nofatclips(  255): Performing backup of the old task list on disk
D/nofatclips(  255): Saving task list on disk
V/nofatclips(  255): Backing up trace #215 to disk.
D/dalvikvm(  255): GC_CONCURRENT freed 1727K, 56% free 3418K/7751K, external 3469K/3583K, paused 4ms+12ms
V/nofatclips(  255): Backing up trace #216 to disk.
D/nofatclips(  255): Deleting backup of the old task list from disk
D/nofatclips(  255): Deleting backup of the old activity list from disk
I/nofatclips(  255): Incrementally Playing Trace 216
I/nofatclips(  255): Retrieved from return list id=16908290
D/nofatclips(  255): Testing for type (android.widget.FrameLayout) against the original (null)
I/nofatclips(  255): Firing event: type= changeOrientation name= widget=null
I/ActivityThread(  314): Pub browser: com.android.browser.BrowserProvider
E/ActivityThread(  314): Failed to find provider info for com.google.settings
I/BrowserSettings(  314): Selected search engine: ActivitySearchEngine{android.app.SearchableInfo@405a2508}
D/dalvikvm(  314): GC_CONCURRENT freed 480K, 54% free 2709K/5831K, external 737K/1038K, paused 3ms+3ms
E/ActivityThread(  314): Failed to find provider info for com.google.settings
E/ActivityThread(  314): Failed to find provider info for com.google.settings
E/ActivityThread(  314): Failed to find provider info for com.google.settings
E/ActivityThread(  314): Failed to find provider info for com.google.settings
E/ActivityThread(  314): Failed to find provider info for com.google.settings
E/ActivityThread(  314): Failed to find provider info for com.google.settings
E/ActivityThread(  314): Failed to find provider info for com.google.settings
E/ActivityThread(  314): Failed to find provider info for com.google.settings
E/ActivityThread(  314): Failed to find provider info for com.google.settings
E/ActivityThread(  314): Failed to find provider info for com.google.settings
E/ActivityThread(  314): Failed to find provider info for com.google.settings
E/ActivityThread(  314): Failed to find provider info for com.google.settings
E/ActivityThread(  314): Failed to find provider info for com.google.settings
E/ActivityThread(  314): Failed to find provider info for com.google.settings
I/nofatclips(  255): Waiting for 100 msec.
I/nofatclips(  255): Current activity is About
I/nofatclips(  255): Retrieving widgets
I/nofatclips(  255): Exit state. Not performing comparation for activity About
I/nofatclips(  255): Waiting for 100 msec.
I/ActivityManager(   61): Displayed com.android.browser/.BrowserActivity: +5s636ms
I/nofatclips(  255): Session count is 1. Will dump to disk at 1
I/nofatclips(  255): Saving the session on disk.
I/nofatclips(  255): Check for termination: 30 steps left of 50
I/nofatclips(  255): Saving the session on disk. This is the last batch. The session will be terminated.
D/nofatclips(  255): Performing backup of the old task list on disk
D/nofatclips(  255): Saving task list on disk
V/nofatclips(  255): Backing up trace #215 to disk.
D/nofatclips(  255): Deleting backup of the old task list from disk
I/Database(  314): sqlite returned: error code = 1, msg = no such table: IconDatabaseInfo
D/dalvikvm(  255): GC_EXPLICIT freed 458K, 57% free 3376K/7751K, external 2869K/3583K, paused 117ms
D/dalvikvm(  255): GC_EXPLICIT freed 31K, 57% free 3344K/7751K, external 2869K/3583K, paused 55ms
I/TestRunner(  255): finished: testAndCrawl(com.nofatclips.crawler.guitree.NomadEngine)
I/TestRunner(  255): passed: testAndCrawl(com.nofatclips.crawler.guitree.NomadEngine)
E/InstrumentationTestRunner(  255): Failed to generate emma coverage. Is emma jar on classpath?
E/InstrumentationTestRunner(  255): java.lang.ClassNotFoundException: com.vladium.emma.rt.RT
E/InstrumentationTestRunner(  255): 	at java.lang.Class.classForName(Native Method)
E/InstrumentationTestRunner(  255): 	at java.lang.Class.forName(Class.java:234)
E/InstrumentationTestRunner(  255): 	at java.lang.Class.forName(Class.java:181)
E/InstrumentationTestRunner(  255): 	at android.test.InstrumentationTestRunner.generateCoverageReport(InstrumentationTestRunner.java:578)
E/InstrumentationTestRunner(  255): 	at android.test.InstrumentationTestRunner.onStart(InstrumentationTestRunner.java:545)
E/InstrumentationTestRunner(  255): 	at android.app.Instrumentation$InstrumentationThread.run(Instrumentation.java:1448)
E/InstrumentationTestRunner(  255): Caused by: java.lang.NoClassDefFoundError: com.vladium.emma.rt.RT
E/InstrumentationTestRunner(  255): 	... 6 more
E/InstrumentationTestRunner(  255): Caused by: java.lang.ClassNotFoundException: com.vladium.emma.rt.RT in loader dalvik.system.PathClassLoader[/system/framework/android.test.runner.jar:/data/app/com.nofatclips.crawler-1.apk:/data/app/org.wordpress.android-1.apk]
E/InstrumentationTestRunner(  255): 	at dalvik.system.PathClassLoader.findClass(PathClassLoader.java:240)
E/InstrumentationTestRunner(  255): 	at java.lang.ClassLoader.loadClass(ClassLoader.java:551)
E/InstrumentationTestRunner(  255): 	at java.lang.ClassLoader.loadClass(ClassLoader.java:511)
E/InstrumentationTestRunner(  255): 	... 6 more
I/ActivityManager(   61): Force stopping package org.wordpress.android uid=10034
I/Process (   61): Sending signal. PID: 255 SIG: 9
D/AndroidRuntime(  217): Shutting down VM
D/dalvikvm(  217): GC_CONCURRENT freed 103K, 71% free 297K/1024K, external 0K/0K, paused 0ms+0ms
D/jdwp    (  217): adbd disconnected
I/WindowManager(   61): WIN DEATH: Window{407472f8 org.wordpress.android/org.wordpress.android.About paused=true}
I/DEBUG   (   31): debuggerd: Feb  3 2011 14:45:34
D/qemud   (   38): entering main loop
I/Vold    (   29): Vold 2.1 (the revenge) firing up
D/Vold    (   29): USB mass storage support is not enabled in the kernel
D/Vold    (   29): usb_configuration switch is not enabled in the kernel
I/Netd    (   30): Netd 1.0 starting
D/Vold    (   29): Volume sdcard state changing -1 (Initializing) -> 0 (No-Media)
D/Vold    (   29): Volume sdcard state changing 0 (No-Media) -> 1 (Idle-Unmounted)
D/qemud   (   38): fdhandler_accept_event: accepting on fd 9
D/qemud   (   38): created client 0xe078 listening on fd 10
D/qemud   (   38): client_fd_receive: attempting registration for service 'boot-properties'
D/qemud   (   38): client_fd_receive:    -> received channel id 1
D/qemud   (   38): client_registration: registration succeeded for client 1
I/qemu-props(   52): connected to 'boot-properties' qemud service.
I/qemu-props(   52): receiving..
I/qemu-props(   52): received: dalvik.vm.heapsize=64m
I/qemu-props(   52): receiving..
I/qemu-props(   52): received: ro.config.low_ram=true
I/qemu-props(   52): receiving..
I/qemu-props(   52): received: qemu.sf.lcd_density=160
I/qemu-props(   52): receiving..
I/qemu-props(   52): received: qemu.hw.mainkeys=0
I/qemu-props(   52): receiving..
I/qemu-props(   52): received: qemu.sf.fake_camera=none
I/qemu-props(   52): receiving..
D/qemud   (   38): fdhandler_event: disconnect on fd 10
I/qemu-props(   52): exiting (5 properties set).
D/AndroidRuntime(   33): 
D/AndroidRuntime(   33): >>>>>> AndroidRuntime START com.android.internal.os.ZygoteInit <<<<<<
D/AndroidRuntime(   33): CheckJNI is ON
I/        (   34): ServiceManager: 0xad50
D/AudioHardwareInterface(   34): setMode(NORMAL)
I/CameraService(   34): CameraService started (pid=34)
I/AudioFlinger(   34): AudioFlinger's thread 0xc658 ready to run
D/qemud   (   38): fdhandler_accept_event: accepting on fd 9
D/qemud   (   38): created client 0xe078 listening on fd 10
D/qemud   (   38): fdhandler_event: disconnect on fd 10
D/qemud   (   38): fdhandler_accept_event: accepting on fd 9
D/qemud   (   38): created client 0xe078 listening on fd 10
D/qemud   (   38): client_fd_receive: attempting registration for service 'gsm'
D/qemud   (   38): client_fd_receive:    -> received channel id 2
D/qemud   (   38): client_registration: registration succeeded for client 2
I/SamplingProfilerIntegration(   33): Profiler is disabled.
I/Zygote  (   33): Preloading classes...
E/Zygote  (   33): setreuid() failed. errno: 2
D/dalvikvm(   33): GC_EXPLICIT freed 47K, 78% free 234K/1024K, external 0K/0K, paused 6ms
D/dalvikvm(   33): GC_EXPLICIT freed 1K, 73% free 284K/1024K, external 0K/0K, paused 3ms
D/dalvikvm(   33): GC_EXPLICIT freed 22K, 69% free 318K/1024K, external 0K/0K, paused 4ms
D/dalvikvm(   33): GC_EXPLICIT freed 17K, 66% free 356K/1024K, external 0K/0K, paused 4ms
D/dalvikvm(   33): GC_EXPLICIT freed 26K, 63% free 385K/1024K, external 0K/0K, paused 4ms
D/dalvikvm(   33): GC_EXPLICIT freed 20K, 57% free 441K/1024K, external 0K/0K, paused 4ms
W/MediaProfiles(   33): could not find media config xml file
D/dalvikvm(   33): GC_EXPLICIT freed 99K, 47% free 547K/1024K, external 0K/0K, paused 5ms
D/dalvikvm(   33): GC_EXPLICIT freed 272K, 28% free 885K/1219K, external 0K/0K, paused 12ms
D/dalvikvm(   33): GC_EXPLICIT freed 21K, 24% free 932K/1219K, external 0K/0K, paused 10ms
D/RenderScript_jni(   33): RenderScript JNI library not found!
D/dalvikvm(   33): GC_EXPLICIT freed 25K, 19% free 999K/1219K, external 0K/0K, paused 10ms
D/dalvikvm(   33): GC_EXPLICIT freed 47K, 5% free 1281K/1347K, external 0K/0K, paused 15ms
D/dalvikvm(   33): GC_EXPLICIT freed 24K, 3% free 1311K/1347K, external 0K/0K, paused 17ms
D/dalvikvm(   33): GC_EXPLICIT freed 28K, 6% free 1336K/1411K, external 0K/0K, paused 16ms
D/dalvikvm(   33): GC_EXPLICIT freed 14K, 3% free 1377K/1411K, external 0K/0K, paused 16ms
D/dalvikvm(   33): GC_EXPLICIT freed 28K, 5% free 1402K/1475K, external 0K/0K, paused 17ms
D/dalvikvm(   33): GC_EXPLICIT freed 28K, 3% free 1439K/1475K, external 0K/0K, paused 17ms
D/dalvikvm(   33): GC_EXPLICIT freed 38K, 6% free 1457K/1539K, external 0K/0K, paused 18ms
D/dalvikvm(   33): GC_EXPLICIT freed 40K, 5% free 1471K/1539K, external 0K/0K, paused 17ms
D/dalvikvm(   33): GC_EXPLICIT freed 55K, 8% free 1485K/1603K, external 0K/0K, paused 18ms
D/dalvikvm(   33): GC_FOR_MALLOC freed 2954K, 58% free 2168K/5123K, external 0K/0K, paused 54ms
D/dalvikvm(   33): GC_EXPLICIT freed 1403K, 55% free 2310K/5123K, external 0K/0K, paused 39ms
D/dalvikvm(   33): GC_EXPLICIT freed 148K, 54% free 2373K/5123K, external 0K/0K, paused 32ms
D/dalvikvm(   33): GC_EXPLICIT freed 73K, 54% free 2398K/5123K, external 0K/0K, paused 30ms
D/dalvikvm(   33): GC_EXPLICIT freed 36K, 53% free 2416K/5123K, external 0K/0K, paused 30ms
D/dalvikvm(   33): GC_EXPLICIT freed 31K, 53% free 2439K/5123K, external 0K/0K, paused 29ms
D/dalvikvm(   33): GC_EXPLICIT freed 38K, 52% free 2462K/5123K, external 0K/0K, paused 30ms
I/Zygote  (   33): ...preloaded 1830 classes in 5889ms.
E/Zygote  (   33): setreuid() failed. errno: 17
D/dalvikvm(   33): GC_EXPLICIT freed 18K, 52% free 2460K/5123K, external 0K/0K, paused 30ms
I/Zygote  (   33): Preloading resources...
D/dalvikvm(   33): GC_EXTERNAL_ALLOC freed <1K, 52% free 2462K/5123K, external 0K/0K, paused 30ms
W/Zygote  (   33): Preloaded drawable resource #0x1080093 (res/drawable-mdpi/sym_def_app_icon.png) that varies with configuration!!
W/Zygote  (   33): Preloaded drawable resource #0x1080002 (res/drawable-mdpi/arrow_down_float.png) that varies with configuration!!
W/Zygote  (   33): Preloaded drawable resource #0x10800b4 (res/drawable/btn_check.xml) that varies with configuration!!
W/Zygote  (   33): Preloaded drawable resource #0x10800b7 (res/drawable-mdpi/btn_check_label_background.9.png) that varies with configuration!!
W/Zygote  (   33): Preloaded drawable resource #0x10800b8 (res/drawable-mdpi/btn_check_off.png) that varies with configuration!!
W/Zygote  (   33): Preloaded drawable resource #0x10800bd (res/drawable-mdpi/btn_check_on.png) that varies with configuration!!
W/Zygote  (   33): Preloaded drawable resource #0x1080004 (res/drawable/btn_default.xml) that varies with configuration!!
W/Zygote  (   33): Preloaded drawable resource #0x1080005 (res/drawable/btn_default_small.xml) that varies with configuration!!
W/Zygote  (   33): Preloaded drawable resource #0x1080006 (res/drawable/btn_dropdown.xml) that varies with configuration!!
W/Zygote  (   33): Preloaded drawable resource #0x1080008 (res/drawable/btn_plus.xml) that varies with configuration!!
W/Zygote  (   33): Preloaded drawable resource #0x1080007 (res/drawable/btn_minus.xml) that varies with configuration!!
W/Zygote  (   33): Preloaded drawable resource #0x1080009 (res/drawable/btn_radio.xml) that varies with configuration!!
W/Zygote  (   33): Preloaded drawable resource #0x108000a (res/drawable/btn_star.xml) that varies with configuration!!
D/dalvikvm(   33): GC_EXPLICIT freed 25K, 52% free 2499K/5123K, external 408K/521K, paused 31ms
W/Zygote  (   33): Preloaded drawable resource #0x1080132 (res/drawable/btn_toggle.xml) that varies with configuration!!
W/Zygote  (   33): Preloaded drawable resource #0x1080196 (res/drawable-mdpi/ic_emergency.png) that varies with configuration!!
W/Zygote  (   33): Preloaded drawable resource #0x1080012 (res/drawable-mdpi/divider_horizontal_bright.9.png) that varies with configuration!!
W/Zygote  (   33): Preloaded drawable resource #0x1080014 (res/drawable-mdpi/divider_horizontal_dark.9.png) that varies with configuration!!
W/Zygote  (   33): Preloaded drawable resource #0x1080016 (res/drawable/edit_text.xml) that varies with configuration!!
W/Zygote  (   33): Preloaded drawable resource #0x1080170 (res/drawable/expander_group.xml) that varies with configuration!!
W/Zygote  (   33): Preloaded drawable resource #0x1080062 (res/drawable/list_selector_background.xml) that varies with configuration!!
W/Zygote  (   33): Preloaded drawable resource #0x108022a (res/drawable-mdpi/menu_background.9.png) that varies with configuration!!
W/Zygote  (   33): Preloaded drawable resource #0x108022b (res/drawable-mdpi/menu_background_fill_parent_width.9.png) that varies with configuration!!
W/Zygote  (   33): Preloaded drawable resource #0x108022c (res/drawable/menu_selector.xml) that varies with configuration!!
D/dalvikvm(   33): GC_EXTERNAL_ALLOC freed 16K, 51% free 2512K/5123K, external 516K/521K, paused 31ms
W/Zygote  (   33): Preloaded drawable resource #0x108023a (res/drawable-mdpi/panel_background.9.png) that varies with configuration!!
W/Zygote  (   33): Preloaded drawable resource #0x1080242 (res/drawable-mdpi/popup_bottom_bright.9.png) that varies with configuration!!
W/Zygote  (   33): Preloaded drawable resource #0x1080243 (res/drawable-mdpi/popup_bottom_dark.9.png) that varies with configuration!!
W/Zygote  (   33): Preloaded drawable resource #0x1080244 (res/drawable-mdpi/popup_bottom_medium.9.png) that varies with configuration!!
W/Zygote  (   33): Preloaded drawable resource #0x1080245 (res/drawable-mdpi/popup_center_bright.9.png) that varies with configuration!!
W/Zygote  (   33): Preloaded drawable resource #0x1080246 (res/drawable-mdpi/popup_center_dark.9.png) that varies with configuration!!
W/Zygote  (   33): Preloaded drawable resource #0x1080249 (res/drawable-mdpi/popup_full_dark.9.png) that varies with configuration!!
W/Zygote  (   33): Preloaded drawable resource #0x108024c (res/drawable-mdpi/popup_top_bright.9.png) that varies with configuration!!
W/Zygote  (   33): Preloaded drawable resource #0x108024d (res/drawable-mdpi/popup_top_dark.9.png) that varies with configuration!!
W/Zygote  (   33): Preloaded drawable resource #0x108006d (res/drawable/progress_indeterminate_horizontal.xml) that varies with configuration!!
W/Zygote  (   33): Preloaded drawable resource #0x1080253 (res/drawable/progress_small.xml) that varies with configuration!!
W/Zygote  (   33): Preloaded drawable resource #0x1080254 (res/drawable/progress_small_titlebar.xml) that varies with configuration!!
W/Zygote  (   33): Preloaded drawable resource #0x1080274 (res/drawable-mdpi/scrollbar_handle_horizontal.9.png) that varies with configuration!!
W/Zygote  (   33): Preloaded drawable resource #0x1080275 (res/drawable-mdpi/scrollbar_handle_vertical.9.png) that varies with configuration!!
D/dalvikvm(   33): GC_EXPLICIT freed 15K, 51% free 2524K/5123K, external 585K/1038K, paused 31ms
W/Zygote  (   33): Preloaded drawable resource #0x1080071 (res/drawable/spinner_dropdown_background.xml) that varies with configuration!!
W/Zygote  (   33): Preloaded drawable resource #0x1080312 (res/drawable-mdpi/text_select_handle_left.png) that varies with configuration!!
W/Zygote  (   33): Preloaded drawable resource #0x1080313 (res/drawable-mdpi/text_select_handle_middle.png) that varies with configuration!!
W/Zygote  (   33): Preloaded drawable resource #0x1080314 (res/drawable-mdpi/text_select_handle_right.png) that varies with configuration!!
W/Zygote  (   33): Preloaded drawable resource #0x1080335 (res/drawable-mdpi/title_bar_shadow.9.png) that varies with configuration!!
W/Zygote  (   33): Preloaded drawable resource #0x10801d8 (res/drawable-mdpi/indicator_code_lock_drag_direction_green_up.png) that varies with configuration!!
W/Zygote  (   33): Preloaded drawable resource #0x10801d9 (res/drawable-mdpi/indicator_code_lock_drag_direction_red_up.png) that varies with configuration!!
W/Zygote  (   33): Preloaded drawable resource #0x10801da (res/drawable-mdpi/indicator_code_lock_point_area_default.png) that varies with configuration!!
W/Zygote  (   33): Preloaded drawable resource #0x10801db (res/drawable-mdpi/indicator_code_lock_point_area_green.png) that varies with configuration!!
W/Zygote  (   33): Preloaded drawable resource #0x10801dc (res/drawable-mdpi/indicator_code_lock_point_area_red.png) that varies with configuration!!
I/Zygote  (   33): ...preloaded 51 resources in 457ms.
I/Zygote  (   33): ...preloaded 15 resources in 13ms.
D/dalvikvm(   33): GC_EXPLICIT freed 23K, 51% free 2533K/5123K, external 716K/1038K, paused 32ms
D/dalvikvm(   33): GC_EXPLICIT freed 6K, 51% free 2526K/5123K, external 716K/1038K, paused 30ms
D/dalvikvm(   33): GC_EXPLICIT freed <1K, 51% free 2526K/5123K, external 716K/1038K, paused 30ms
I/dalvikvm(   33): System server process 61 has been created
I/Zygote  (   33): Accepting command socket connections
E/BatteryService(   61): usbOnlinePath not found
E/BatteryService(   61): batteryVoltagePath not found
E/BatteryService(   61): batteryTemperaturePath not found
I/sysproc (   61): Entered system_init()
I/sysproc (   61): ServiceManager: 0x93138
I/SurfaceFlinger(   61): SurfaceFlinger is starting
I/SurfaceFlinger(   61): SurfaceFlinger's main thread ready to run. Initializing graphics H/W...
E/SurfaceFlinger(   61): Couldn't open /sys/power/wait_for_fb_sleep or /sys/power/wait_for_fb_wake
I/gralloc (   61): using (fd=26)
I/gralloc (   61): id           = 
I/gralloc (   61): xres         = 320 px
I/gralloc (   61): yres         = 480 px
I/gralloc (   61): xres_virtual = 320 px
I/gralloc (   61): yres_virtual = 960 px
I/gralloc (   61): bpp          = 16
I/gralloc (   61): r            = 11:5
I/gralloc (   61): g            =  5:6
I/gralloc (   61): b            =  0:5
I/gralloc (   61): width        = 49 mm (165.877548 dpi)
I/gralloc (   61): height       = 74 mm (164.756760 dpi)
I/gralloc (   61): refresh rate = 60.00 Hz
D/libEGL  (   61): egl.cfg not found, using default config
D/libEGL  (   61): loaded /system/lib/egl/libGLES_android.so
I/SurfaceFlinger(   61): EGL informations:
I/SurfaceFlinger(   61): # of configs : 8
I/SurfaceFlinger(   61): vendor    : Android
I/SurfaceFlinger(   61): version   : 1.4 Android META-EGL
I/SurfaceFlinger(   61): extensions: EGL_KHR_image EGL_KHR_image_base EGL_KHR_image_pixmap EGL_ANDROID_image_native_buffer EGL_ANDROID_swap_rectangle 
I/SurfaceFlinger(   61): Client API: OpenGL ES
I/SurfaceFlinger(   61): EGLSurface: 5-6-5-0, config=0x0
I/SurfaceFlinger(   61): OpenGL informations:
I/SurfaceFlinger(   61): vendor    : Android
I/SurfaceFlinger(   61): renderer  : Android PixelFlinger 1.4
I/SurfaceFlinger(   61): version   : OpenGL ES-CM 1.0
I/SurfaceFlinger(   61): extensions: GL_OES_byte_coordinates GL_OES_fixed_point GL_OES_single_precision GL_OES_read_format GL_OES_compressed_paletted_texture GL_OES_draw_texture GL_OES_matrix_get GL_OES_query_matrix GL_OES_EGL_image GL_OES_compressed_ETC1_RGB8_texture GL_ARB_texture_compression GL_ARB_texture_non_power_of_two GL_ANDROID_user_clip_plane GL_ANDROID_vertex_buffer_object GL_ANDROID_generate_mipmap 
I/SurfaceFlinger(   61): GL_MAX_TEXTURE_SIZE = 4096
I/SurfaceFlinger(   61): GL_MAX_VIEWPORT_DIMS = 4096
I/SurfaceFlinger(   61): flags = 000c0000
D/SensorService(   61): nuSensorService starting...
E/SensorService(   61): couldn't open device for module sensors (Invalid argument)
I/sysproc (   61): System server: starting Android runtime.
I/sysproc (   61): System server: starting Android services.
I/SystemServer(   61): Entered the Android system server!
I/sysproc (   61): System server: entering thread pool.
I/SystemServer(   61): Entropy Service
I/SystemServer(   61): Power Manager
I/SystemServer(   61): Activity Manager
I/ActivityManager(   61): Memory class: 64
W/UsageStats(   61): Usage stats version changed; dropping
D/libEGL  (   73): egl.cfg not found, using default config
D/libEGL  (   73): loaded /system/lib/egl/libGLES_android.so
I/SystemServer(   61): Telephony Registry
I/SystemServer(   61): Package Manager
I/Installer(   61): connecting...
I/installd(   35): new connection
W/zipro   (   73): Unable to open zip '/data/local/bootanimation.zip': No such file or directory
W/zipro   (   73): Unable to open zip '/system/media/bootanimation.zip': No such file or directory
I/ARMAssembler(   61): generated scanline__00000077:03010104_00000004_00000000 [ 22 ipp] (41 ins) at [0x46efd1e8:0x46efd28c] in 2742105 ns
I/ARMAssembler(   73): generated scanline__00000077:03545404_00000A01_00000000 [ 30 ipp] (51 ins) at [0x403461e8:0x403462b4] in 1509184 ns
D/dalvikvm(   61): GC_CONCURRENT freed 171K, 50% free 2838K/5639K, external 716K/1038K, paused 3ms+5ms
W/PackageManager(   61): Running ENG build: no pre-dexopt!
D/dalvikvm(   61): GC_CONCURRENT freed 241K, 49% free 3048K/5895K, external 716K/1038K, paused 4ms+4ms
D/dalvikvm(   61): GC_CONCURRENT freed 241K, 47% free 3304K/6215K, external 716K/1038K, paused 3ms+5ms
D/PackageManager(   61): No files in app dir /vendor/app
I/PackageManager(   61): Unpacking native libraries for /data/app/com.nofatclips.crawler-1.apk
D/szipinf (   61): Initializing inflate state
I/PackageManager(   61): Unpacking native libraries for /data/app/org.wordpress.android-1.apk
I/PackageManager(   61): Unpacking native libraries for /data/app/GestureBuilder.apk
I/PackageManager(   61): Unpacking native libraries for /data/app/SoftKeyboard.apk
I/PackageManager(   61): Unpacking native libraries for /data/app/CubeLiveWallpapers.apk
D/szipinf (   61): Initializing inflate state
W/PackageParser(   61): No actions in intent filter at /data/app/ApiDemos.apk Binary XML file line #1882
W/PackageParser(   61): No actions in intent filter at /data/app/ApiDemos.apk Binary XML file line #1888
W/PackageManager(   61): Package com.example.android.apis desires unavailable shared library com.example.will.never.exist; ignoring!
I/PackageManager(   61): Unpacking native libraries for /data/app/ApiDemos.apk
D/dalvikvm(   61): GC_CONCURRENT freed 255K, 45% free 3605K/6471K, external 716K/1038K, paused 3ms+7ms
I/PackageManager(   61): Time to scan packages: 1.265 seconds
W/PackageManager(   61): Unknown permission com.google.android.googleapps.permission.GOOGLE_AUTH.mail in package com.android.contacts
W/PackageManager(   61): Unknown permission android.permission.ADD_SYSTEM_SERVICE in package com.android.phone
W/PackageManager(   61): Not granting permission android.permission.SEND_DOWNLOAD_COMPLETED_INTENTS to package com.android.browser (protectionLevel=2 flags=0x9be45)
W/PackageManager(   61): Unknown permission com.google.android.gm.permission.WRITE_GMAIL in package com.android.settings
W/PackageManager(   61): Unknown permission com.google.android.gm.permission.READ_GMAIL in package com.android.settings
W/PackageManager(   61): Unknown permission com.google.android.googleapps.permission.GOOGLE_AUTH in package com.android.settings
W/PackageManager(   61): Unknown permission com.google.android.googleapps.permission.GOOGLE_AUTH in package com.android.providers.contacts
W/PackageManager(   61): Unknown permission com.google.android.googleapps.permission.GOOGLE_AUTH.cp in package com.android.providers.contacts
W/PackageManager(   61): Unknown permission com.google.android.googleapps.permission.ACCESS_GOOGLE_PASSWORD in package com.android.development
W/PackageManager(   61): Unknown permission com.google.android.googleapps.permission.GOOGLE_AUTH in package com.android.development
W/PackageManager(   61): Unknown permission com.google.android.googleapps.permission.GOOGLE_AUTH.ALL_SERVICES in package com.android.development
W/PackageManager(   61): Unknown permission com.google.android.googleapps.permission.GOOGLE_AUTH.YouTubeUser in package com.android.development
W/PackageManager(   61): Unknown permission android.permission.READ_OWNER_DATA in package com.android.email
W/PackageManager(