I/ActivityManager(   61): Start proc android.process.acore for content provider com.android.providers.contacts/.CallLogProvider: pid=180 uid=10006 gids={3003, 1015}
W/ActivityManager(   61): Unable to start service Intent { act=com.android.ussd.IExtendedNetworkService }: not found
I/TelephonyRegistry(   61): notifyServiceState: 3 home null null null  Unknown CSS not supported -1 -1RoamInd: -1DefRoamInd: -1EmergOnly: false
D/AlarmManagerService(   61): Kernel timezone updated to 0 minutes west of GMT
I/ActivityManager(   61): Start proc com.android.deskclock for broadcast com.android.deskclock/.AlarmInitReceiver: pid=185 uid=10019 gids={}
W/SystemClock(  120): Unable to set rtc to 1406312908: Invalid argument
D/dalvikvm(  137): GC_EXTERNAL_ALLOC freed 51K, 53% free 2701K/5639K, external 1032K/1038K, paused 343ms
I/TelephonyRegistry(   61): notifyDataConnection: state=0 isDataConnectivityPossible=false reason=radioTurnedOff interfaceName=null networkType=0
I/TelephonyRegistry(   61): notifyDataConnection: state=0 isDataConnectivityPossible=false reason=gprsDetached interfaceName=null networkType=0
I/ActivityThread(  180): Pub com.android.social: com.android.providers.contacts.SocialProvider
D/SystemClock(  120): Setting time of day to sec=1406312908
I/TelephonyRegistry(   61): notifyServiceState: 0 home Android Android 310260  UMTS CSS not supported -1 -1RoamInd: -1DefRoamInd: -1EmergOnly: false
I/TelephonyRegistry(   61): notifyDataConnection: state=0 isDataConnectivityPossible=false reason=null interfaceName=null networkType=3
D/dalvikvm(  120): GC_CONCURRENT freed 177K, 50% free 2932K/5767K, external 716K/1038K, paused 3ms+69ms
I/ActivityThread(  180): Pub applications: com.android.providers.applications.ApplicationsProvider
D/MccTable(  120): updateMccMncConfiguration: mcc=310, mnc=260
D/MccTable(  120): locale set to en_us
D/MccTable(  120): WIFI_NUM_ALLOWED_CHANNELS set to 11
I/WifiService(   61): WifiService trying to setNumAllowed to 11 with persist set to true
I/ActivityManager(   61): Config changed: { scale=1.0 imsi=310/260 loc=en_US touch=3 keys=2/1/2 nav=1/1 orien=1 layout=18 uiMode=17 seq=4}
I/TelephonyRegistry(   61): notifyMessageWaitingChanged: false
I/TelephonyRegistry(   61): notifyCallForwardingChanged: false
D/dalvikvm(  180): GC_CONCURRENT freed 406K, 54% free 2613K/5639K, external 716K/1038K, paused 3ms+48ms
I/ActivityThread(  185): Pub com.android.deskclock: com.android.deskclock.AlarmProvider
D/dalvikvm(   61): GC_CONCURRENT freed 187K, 40% free 4223K/6983K, external 1865K/3065K, paused 3ms+79ms
D/dalvikvm(  185): GC_CONCURRENT freed 369K, 54% free 2618K/5639K, external 716K/1038K, paused 3ms+86ms
I/ActivityThread(  180): Pub contacts;com.android.contacts: com.android.providers.contacts.ContactsProvider2
D/TelephonyProvider(  120): Setting numeric '310260' to be the current operator
I/TelephonyRegistry(   61): notifyDataConnection: state=1 isDataConnectivityPossible=true reason=simLoaded interfaceName=null networkType=3
I/ActivityManager(   61): Start proc com.android.protips for broadcast com.android.protips/.ProtipWidget: pid=208 uid=10024 gids={}
I/TelephonyRegistry(   61): notifyDataConnection: state=2 isDataConnectivityPossible=true reason=simLoaded interfaceName=/dev/omap_csmi_tty1 networkType=3
D/Tethering(   61): MasterInitialState.processMessage what=3
D/SntpClient(   61): request time failed: java.net.SocketException: Address family not supported by protocol
D/dalvikvm(   33): GC_EXPLICIT freed 10K, 53% free 2538K/5379K, external 716K/1038K, paused 204ms
D/dalvikvm(  137): GC_EXTERNAL_ALLOC freed 56K, 51% free 2765K/5639K, external 1567K/1572K, paused 257ms
D/dalvikvm(   33): GC_EXPLICIT freed <1K, 53% free 2538K/5379K, external 716K/1038K, paused 186ms
D/dalvikvm(   33): GC_EXPLICIT freed <1K, 53% free 2538K/5379K, external 716K/1038K, paused 189ms
I/ActivityManager(   61): Start proc com.android.music for broadcast com.android.music/.MediaAppWidgetProvider: pid=222 uid=10005 gids={3003, 1015}
I/ActivityThread(  180): Pub call_log: com.android.providers.contacts.CallLogProvider
I/ActivityThread(  180): Pub user_dictionary: com.android.providers.userdictionary.UserDictionaryProvider
D/dalvikvm(  137): GC_EXTERNAL_ALLOC freed 46K, 51% free 2792K/5639K, external 2079K/2085K, paused 182ms
D/AndroidRuntime(  217): 
D/AndroidRuntime(  217): >>>>>> AndroidRuntime START com.android.internal.os.RuntimeInit <<<<<<
D/AndroidRuntime(  217): CheckJNI is ON
D/dalvikvm(   61): GREF has increased to 301
I/ActivityManager(   61): Start proc com.android.quicksearchbox for broadcast com.android.quicksearchbox/.SearchWidgetProvider: pid=231 uid=10002 gids={3003}
D/dalvikvm(  137): GC_EXPLICIT freed 26K, 51% free 2806K/5639K, external 2387K/2620K, paused 122ms
I/ActivityThread(  231): Pub com.android.quicksearchbox.google: com.android.quicksearchbox.google.GoogleSuggestionProvider
I/ActivityThread(  231): Pub com.android.quicksearchbox.shortcuts: com.android.quicksearchbox.ShortcutsProvider
I/ActivityManager(   61): Start proc android.process.media for broadcast com.android.providers.downloads/.DownloadReceiver: pid=244 uid=10000 gids={1015, 1006, 2001, 3003}
I/ActivityThread(  244): Pub media: com.android.providers.media.MediaProvider
V/MediaProvider(  244): Attached volume: internal
I/ActivityThread(  244): Pub downloads: com.android.providers.downloads.DownloadProvider
D/AndroidRuntime(  217): Calling main entry com.android.commands.am.Am
I/ActivityThread(  244): Pub drm: com.android.providers.drm.DrmProvider
I/ActivityManager(   61): Force stopping package org.wordpress.android uid=10034
I/ActivityManager(   61): Start proc org.wordpress.android for added application org.wordpress.android: pid=255 uid=10034 gids={3003, 1006, 1015}
D/szipinf (  255): Initializing inflate state
D/nofatclips(  255): Updating node 
D/nofatclips(  255): Loading node 
I/nofatclips(  255): Preferences file found.
V/nofatclips(  255): Updating value ACTIVITY_DESCRIPTION_IN_SESSION
V/nofatclips(  255): Updating value ADDITIONAL_CRITERIAS
V/nofatclips(  255): Updating value ADDITIONAL_EVENTS
V/nofatclips(  255): Updating value ADDITIONAL_INPUTS
V/nofatclips(  255): Updating value CLASS_NAME
D/nofatclips(  255): Updated value of parameter CLASS_NAME to org.wordpress.android.Dashboard (default = app.package.class)
V/nofatclips(  255): Updating value ENABLE_RESUME
V/nofatclips(  255): Updating value PACKAGE_NAME
D/nofatclips(  255): Updated value of parameter PACKAGE_NAME to org.wordpress.android (default = app.package)
V/nofatclips(  255): Updating value RANDOM_SEED
D/nofatclips(  255): Updated value of parameter RANDOM_SEED to -190329022982204216 (default = 5466516511651561651)
V/nofatclips(  255): Updating value RETRY_FAILED_TRACES
V/nofatclips(  255): Updating value theClass
D/nofatclips(  255): Updating node scheduler
D/nofatclips(  255): Loading node scheduler
V/nofatclips(  255): Updating value ALL_EVENTS_ON_PREFERENCES
V/nofatclips(  255): Updating value BACK_BUTTON_EVENT
V/nofatclips(  255): Updating value DICTIONARY_FIXED_VALUE
V/nofatclips(  255): Updating value DICTIONARY_IGNORE_CONTENT_TYPES
V/nofatclips(  255): Updating value EMULATOR_PORT
V/nofatclips(  255): Updating value EVENTS
D/nofatclips(  255): Updated values of array parameter EVENTS
V/nofatclips(  255): Updating value EVENT_WHEN_NO_ID
V/nofatclips(  255): Updating value EXCLUDE_WIDGETS_INPUTS_IN_GPS_EVENTS
V/nofatclips(  255): Updating value EXCLUDE_WIDGETS_INPUTS_IN_SENSORS_EVENTS
V/nofatclips(  255): Updating value INPUTS
D/nofatclips(  255): Updated values of array parameter INPUTS
V/nofatclips(  255): Updating value KEY_EVENTS
V/nofatclips(  255): Updating value MAX_EVENTS_PER_WIDGET
V/nofatclips(  255): Updating value MAX_TASKS_IN_SCHEDULER
D/nofatclips(  255): Updated value of parameter MAX_TASKS_IN_SCHEDULER to 2 (default = 0)
V/nofatclips(  255): Updating value MAX_TASKS_PER_EVENT
V/nofatclips(  255): Updating value MENU_EVENTS
V/nofatclips(  255): Updating value ORIENTATION_EVENTS
V/nofatclips(  255): Updating value PLANNER
V/nofatclips(  255): Updating value REFLECT_ACTIVITY_LISTENERS
V/nofatclips(  255): Updating value REFLECT_WIDGETS
V/nofatclips(  255): Updating value SCHEDULER_ALGORITHM
D/nofatclips(  255): Updated value of parameter SCHEDULER_ALGORITHM to DEPTH_FIRST (default = BREADTH_FIRST)
V/nofatclips(  255): Updating value SCROLL_DOWN_EVENT
V/nofatclips(  255): Updating value SENSOR_TYPES
V/nofatclips(  255): Updating value SIMULATE_INCOMING_CALL
V/nofatclips(  255): Updating value SIMULATE_INCOMING_SMS
V/nofatclips(  255): Updating value TAB_EVENTS_START_ONLY
V/nofatclips(  255): Updating value TEST_LOCATION_PROVIDER
V/nofatclips(  255): Updating value TEXT_VALUES_FROM_DICTIONARY
V/nofatclips(  255): Updating value TEXT_VALUES_ID_HASH
V/nofatclips(  255): Updating value USE_GPS
V/nofatclips(  255): Updating value USE_SENSORS
D/nofatclips(  255): Updating node planner
D/nofatclips(  255): Loading node planner
V/nofatclips(  255): Updating value ALL_EVENTS_ON_PREFERENCES
V/nofatclips(  255): Updating value BACK_BUTTON_EVENT
V/nofatclips(  255): Updating value DICTIONARY_FIXED_VALUE
V/nofatclips(  255): Updating value DICTIONARY_IGNORE_CONTENT_TYPES
V/nofatclips(  255): Updating value EMULATOR_PORT
V/nofatclips(  255): Updating value EVENTS
D/nofatclips(  255): Updated values of array parameter EVENTS
V/nofatclips(  255): Updating value EVENT_WHEN_NO_ID
V/nofatclips(  255): Updating value EXCLUDE_WIDGETS_INPUTS_IN_GPS_EVENTS
V/nofatclips(  255): Updating value EXCLUDE_WIDGETS_INPUTS_IN_SENSORS_EVENTS
V/nofatclips(  255): Updating value INPUTS
D/nofatclips(  255): Updated values of array parameter INPUTS
V/nofatclips(  255): Updating value KEY_EVENTS
V/nofatclips(  255): Updating value MAX_EVENTS_PER_WIDGET
V/nofatclips(  255): Updating value MAX_TASKS_IN_SCHEDULER
V/nofatclips(  255): Updating value MAX_TASKS_PER_EVENT
V/nofatclips(  255): Updating value MENU_EVENTS
V/nofatclips(  255): Updating value ORIENTATION_EVENTS
V/nofatclips(  255): Updating value PLANNER
V/nofatclips(  255): Updating value REFLECT_ACTIVITY_LISTENERS
V/nofatclips(  255): Updating value REFLECT_WIDGETS
V/nofatclips(  255): Updating value SCHEDULER_ALGORITHM
V/nofatclips(  255): Updating value SCROLL_DOWN_EVENT
V/nofatclips(  255): Updating value SENSOR_TYPES
V/nofatclips(  255): Updating value SIMULATE_INCOMING_CALL
V/nofatclips(  255): Updating value SIMULATE_INCOMING_SMS
V/nofatclips(  255): Updating value TAB_EVENTS_START_ONLY
V/nofatclips(  255): Updating value TEST_LOCATION_PROVIDER
V/nofatclips(  255): Updating value TEXT_VALUES_FROM_DICTIONARY
V/nofatclips(  255): Updating value TEXT_VALUES_ID_HASH
D/nofatclips(  255): Updated value of parameter TEXT_VALUES_ID_HASH to true (default = false)
V/nofatclips(  255): Updating value USE_GPS
V/nofatclips(  255): Updating value USE_SENSORS
D/nofatclips(  255): Updating node interactions
D/nofatclips(  255): Loading node interactions
V/nofatclips(  255): Updating value ALL_EVENTS_ON_PREFERENCES
V/nofatclips(  255): Updating value BACK_BUTTON_EVENT
V/nofatclips(  255): Updating value DICTIONARY_FIXED_VALUE
V/nofatclips(  255): Updating value DICTIONARY_IGNORE_CONTENT_TYPES
V/nofatclips(  255): Updating value EMULATOR_PORT
V/nofatclips(  255): Updating value EVENTS
D/nofatclips(  255): Updated values of array parameter EVENTS
V/nofatclips(  255): Updating value EVENT_WHEN_NO_ID
V/nofatclips(  255): Updating value EXCLUDE_WIDGETS_INPUTS_IN_GPS_EVENTS
V/nofatclips(  255): Updating value EXCLUDE_WIDGETS_INPUTS_IN_SENSORS_EVENTS
V/nofatclips(  255): Updating value INPUTS
D/nofatclips(  255): Updated values of array parameter INPUTS
V/nofatclips(  255): Updating value KEY_EVENTS
V/nofatclips(  255): Updating value MAX_EVENTS_PER_WIDGET
V/nofatclips(  255): Updating value MAX_TASKS_IN_SCHEDULER
V/nofatclips(  255): Updating value MAX_TASKS_PER_EVENT
V/nofatclips(  255): Updating value MENU_EVENTS
V/nofatclips(  255): Updating value ORIENTATION_EVENTS
V/nofatclips(  255): Updating value PLANNER
V/nofatclips(  255): Updating value REFLECT_ACTIVITY_LISTENERS
V/nofatclips(  255): Updating value REFLECT_WIDGETS
V/nofatclips(  255): Updating value SCHEDULER_ALGORITHM
V/nofatclips(  255): Updating value SCROLL_DOWN_EVENT
V/nofatclips(  255): Updating value SENSOR_TYPES
V/nofatclips(  255): Updating value SIMULATE_INCOMING_CALL
V/nofatclips(  255): Updating value SIMULATE_INCOMING_SMS
V/nofatclips(  255): Updating value TAB_EVENTS_START_ONLY
V/nofatclips(  255): Updating value TEST_LOCATION_PROVIDER
V/nofatclips(  255): Updating value TEXT_VALUES_FROM_DICTIONARY
V/nofatclips(  255): Updating value TEXT_VALUES_ID_HASH
V/nofatclips(  255): Updating value USE_GPS
V/nofatclips(  255): Updating value USE_SENSORS
D/nofatclips(  255): Updating node comparator
D/nofatclips(  255): Loading node comparator
V/nofatclips(  255): Updating value COMPARATOR
V/nofatclips(  255): Updating value COMPARATOR_TYPE
V/nofatclips(  255): Updating value COMPARE_ACTIVITY_NAME
V/nofatclips(  255): Updating value COMPARE_LIST_COUNT
V/nofatclips(  255): Updating value COMPARE_MENU_COUNT
D/nofatclips(  255): Updated value of parameter COMPARE_MENU_COUNT to false (default = true)
V/nofatclips(  255): Updating value COMPARE_STATE_TITLE
V/nofatclips(  255): Updating value COMPARE_VALUES
V/nofatclips(  255): Updating value WIDGET_TYPES
D/nofatclips(  255): Updating node strategy
D/nofatclips(  255): Loading node strategy
V/nofatclips(  255): Updating value AFTER_EVENT_DONT_EXPLORE
V/nofatclips(  255): Updating value AFTER_WIDGET_DONT_EXPLORE
V/nofatclips(  255): Updating value CHECK_FOR_TRANSITION
V/nofatclips(  255): Updating value EXPLORE_ONLY_NEW_STATES
D/nofatclips(  255): Updated value of parameter EXPLORE_ONLY_NEW_STATES to false (default = true)
V/nofatclips(  255): Updating value MAX_NUM_TRACES
D/nofatclips(  255): Updated value of parameter MAX_NUM_TRACES to 50 (default = 0)
V/nofatclips(  255): Updating value MAX_TIME_CRAWLING
V/nofatclips(  255): Updating value PAUSE_AFTER_TIME
V/nofatclips(  255): Updating value PAUSE_AFTER_TRACES
V/nofatclips(  255): Updating value TRACE_MAX_DEPTH
V/nofatclips(  255): Updating value TRACE_MIN_DEPTH
D/nofatclips(  255): Starting random testing
I/TestRunner(  255): started: testAndCrawl(com.nofatclips.crawler.guitree.NomadEngine)
I/ActivityManager(   61): Starting: Intent { act=android.intent.action.MAIN flg=0x10000000 cmp=org.wordpress.android/.Dashboard } from pid 255
D/szipinf (   61): Initializing inflate state
D/dalvikvm(  255): GC_EXTERNAL_ALLOC freed 401K, 53% free 2739K/5767K, external 716K/1038K, paused 50ms
I/Launcher(  137): setLoadOnResume
D/dalvikvm(  255): GC_EXTERNAL_ALLOC freed 123K, 49% free 2953K/5767K, external 1407K/1623K, paused 65ms
I/ActivityManager(   61): Displayed org.wordpress.android/.Dashboard: +835ms (total +9s150ms)
I/ActivityManager(   61): Displayed com.android.launcher/com.android.launcher2.Launcher: +9s151ms
I/Launcher(  137): setLoadOnResume
D/dalvikvm(  137): GC_EXTERNAL_ALLOC freed 139K, 49% free 2988K/5767K, external 2618K/2620K, paused 272ms
I/Launcher(  137): setLoadOnResume
D/dalvikvm(   61): GC_EXPLICIT freed 779K, 46% free 4134K/7559K, external 1865K/3065K, paused 66ms
I/SurfaceFlinger(   61): Boot is finished (12825 ms)
D/OtaStartupReceiver(  120): Not a CDMA phone, no need to process OTA
D/PowerManagerService(   61): bootCompleted
I/ARMAssembler(   61): generated scanline__00000177:03010104_00000002_00000000 [ 44 ipp] (66 ins) at [0x46efd290:0x46efd398] in 595292 ns
I/ARMAssembler(   61): generated scanline__00000177:03515104_00000001_00000000 [ 73 ipp] (95 ins) at [0x46efd3a0:0x46efd51c] in 476832 ns
D/nofatclips(  255): Generated Resuming Persistence
D/VoldCmdListener(   29): volume mount /mnt/sdcard
I/Vold    (   29): /dev/block/vold/179:0 being considered for volume sdcard
D/Vold    (   29): Volume sdcard state changing 1 (Idle-Unmounted) -> 3 (Checking)
I/StorageNotification(  122): Media {/mnt/sdcard} state changed from {unmounted} -> {checking}
I/dalvikvm(  255): Could not find method android.app.Activity.getFragmentManager, referenced from method com.jayway.android.robotium.solo.Waiter.getFragment
W/dalvikvm(  255): VFY: unable to resolve virtual method 7: Landroid/app/Activity;.getFragmentManager ()Landroid/app/FragmentManager;
D/dalvikvm(  255): VFY: replacing opcode 0x6e at 0x0008
I/dalvikvm(  255): Could not find method android.app.Activity.getFragmentManager, referenced from method com.jayway.android.robotium.solo.Waiter.getFragment
W/dalvikvm(  255): VFY: unable to resolve virtual method 7: Landroid/app/Activity;.getFragmentManager ()Landroid/app/FragmentManager;
D/dalvikvm(  255): VFY: replacing opcode 0x6e at 0x0017
W/dalvikvm(  255): VFY: unable to find class referenced in signature (Landroid/app/Fragment;)
D/dalvikvm(  255): VFY: dead code 0x000b-000f in Lcom/jayway/android/robotium/solo/Waiter;.getFragment (Ljava/lang/String;I)Landroid/app/Fragment;
D/dalvikvm(  255): VFY: dead code 0x001a-001f in Lcom/jayway/android/robotium/solo/Waiter;.getFragment (Ljava/lang/String;I)Landroid/app/Fragment;
W/dalvikvm(  255): VFY: unable to find class referenced in signature (Landroid/app/Fragment;)
I/RecoverySystem(   61): No recovery log file
I/ActivityManager(   61): Start proc com.android.mms for broadcast com.android.mms/.transaction.MmsSystemEventReceiver: pid=276 uid=10015 gids={3003, 1015}
W/ActivityManager(   61): Activity idle timeout for HistoryRecord{405dbeb8 com.android.launcher/com.android.launcher2.Launcher}
I/ActivityThread(  276): Pub com.android.mms.SuggestionsProvider: com.android.mms.SuggestionsProvider
I/SearchManagerService(   61): Building list of searchable activities
I//system/bin/fsck_msdos(   29): ** /dev/block/vold/179:0
I//system/bin/fsck_msdos(   29): ** Phase 1 - Read and Compare FATs
I//system/bin/fsck_msdos(   29): Attempting to allocate 998 KB for FAT
D/nofatclips(  255): Updating node automation
D/nofatclips(  255): Loading node automation
V/nofatclips(  255): Updating value FORCE_RESTART
V/nofatclips(  255): Updating value IN_AND_OUT_FOCUS
V/nofatclips(  255): Updating value PRECRAWLING
V/nofatclips(  255): Updating value SCREENSHOT_FOR_EVENTS
V/nofatclips(  255): Updating value SCREENSHOT_FOR_STATES
V/nofatclips(  255): Updating value SCREENSHOT_ONLY_NEW_STATES
V/nofatclips(  255): Updating value SLEEP_AFTER_EVENT
D/nofatclips(  255): Updated value of parameter SLEEP_AFTER_EVENT to 100 (default = 1000)
V/nofatclips(  255): Updating value SLEEP_AFTER_RESTART
D/nofatclips(  255): Updated value of parameter SLEEP_AFTER_RESTART to 100 (default = 1000)
V/nofatclips(  255): Updating value SLEEP_AFTER_TASK
D/nofatclips(  255): Updated value of parameter SLEEP_AFTER_TASK to 100 (default = 1000)
V/nofatclips(  255): Updating value SLEEP_ON_THROBBER
D/nofatclips(  255): Updated value of parameter SLEEP_ON_THROBBER to 100 (default = 1000)
D/nofatclips(  255): Updating node screenshot
D/nofatclips(  255): Loading node screenshot
V/nofatclips(  255): Updating value FORCE_RESTART
V/nofatclips(  255): Updating value IN_AND_OUT_FOCUS
V/nofatclips(  255): Updating value PRECRAWLING
V/nofatclips(  255): Updating value SCREENSHOT_FOR_EVENTS
V/nofatclips(  255): Updating value SCREENSHOT_FOR_STATES
V/nofatclips(  255): Updating value SCREENSHOT_ONLY_NEW_STATES
V/nofatclips(  255): Updating value SLEEP_AFTER_EVENT
V/nofatclips(  255): Updating value SLEEP_AFTER_RESTART
V/nofatclips(  255): Updating value SLEEP_AFTER_TASK
V/nofatclips(  255): Updating value SLEEP_ON_THROBBER
I/nofatclips(  255): Waiting for 100 msec.
D/nofatclips(  255): Ready to operate after restarting...
I/nofatclips(  255): Current activity is Dashboard
W/nofatclips(  255): --->Dashboard
I/nofatclips(  255): Retrieving widgets
I/nofatclips(  255): Attempting to resume previous session
I/nofatclips(  255): Memoryless engine: the task file will not be loaded. Looking for crashed traces.
I/nofatclips(  255): Reading task file
V/nofatclips(  255): Discarding trace #170
I/nofatclips(  255): Stateless comparator: the state file will not be loaded.
D/dalvikvm(  255): GetFieldID: unable to find field Ljava/util/Hashtable;.loadFactor:F
D/dalvikvm(  255): GetFieldID: unable to find field Ljava/util/Hashtable;.loadFactor:F
D/dalvikvm(  255): GetFieldID: unable to find field Ljava/util/Hashtable;.loadFactor:F
D/dalvikvm(  255): GetFieldID: unable to find field Ljava/util/Hashtable;.loadFactor:F
D/dalvikvm(  255): GetFieldID: unable to find field Ljava/util/Hashtable;.loadFactor:F
D/dalvikvm(  255): GetFieldID: unable to find field Ljava/util/Hashtable;.loadFactor:F
D/nofatclips(  255): Backup session footer restored to 
D/nofatclips(  255): </SESSION>
D/nofatclips(  255): Restored random counter to: 176
D/nofatclips(  255): Restored trace count to 172
D/nofatclips(  255): Current step countdown restored to 37
D/nofatclips(  255): Restored abstractor counters to: event = 176 - input = 0 - activity = 14
I/nofatclips(  255): Saving the session on disk.
I/InputReader(   61): Device reconfigured: id=0x0, name=qwerty2, display size is now 320x480
I/InputManager-Callbacks(   61): No virtual keys found for device qwerty2.
D/dalvikvm(  255): GC_CONCURRENT freed 197K, 49% free 3027K/5831K, external 1811K/2323K, paused 2ms+18ms
I/ActivityManager(   61): Start proc com.android.email for broadcast com.android.email/.service.EmailBroadcastReceiver: pid=298 uid=10028 gids={3003, 1015}
I/ARMAssembler(   61): generated scanline__00000077:03515104_00001004_00000000 [ 65 ipp] (85 ins) at [0x46efd520:0x46efd674] in 551671 ns
I/nofatclips(  255): Planning for new Activity Dashboard
I/ARMAssembler(   61): generated scanline__00000177:03515104_00001001_00000000 [ 91 ipp] (114 ins) at [0x46efd678:0x46efd840] in 336990 ns
I/nofatclips(  255): Created trace to press the menu button
I/nofatclips(  255): Created trace to change orientation
I/nofatclips(  255): Dispatching new task. 2 more tasks remaining.
D/nofatclips(  255): Performing backup of the old task list on disk
D/nofatclips(  255): Saving task list on disk
V/nofatclips(  255): Backing up trace #172 to disk.
V/nofatclips(  255): Backing up trace #173 to disk.
D/nofatclips(  255): Deleting backup of the old task list from disk
I/ARMAssembler(   61): generated scanline__00000177:03515104_00001002_00000000 [ 87 ipp] (110 ins) at [0x46efd848:0x46efda00] in 293797 ns
I/nofatclips(  255): Restarting
I/ActivityThread(  298): Pub com.android.email.provider: com.android.email.provider.EmailProvider
I/ActivityThread(  298): Pub com.android.email.attachmentprovider: com.android.email.provider.AttachmentProvider
I/ActivityThread(  298): Pub com.android.exchange.provider: com.android.exchange.provider.ExchangeProvider
D/EAS SyncManager(  298): !!! EAS SyncManager, onCreate
I/nofatclips(  255): Waiting for 100 msec.
D/nofatclips(  255): Ready to operate after restarting...
I/nofatclips(  255): Retrieving widgets
D/nofatclips(  255): Found widget: id=16908290 (android.widget.FrameLayout@405a1b70)
D/nofatclips(  255): Found widget: id=2131165248 (android.widget.RelativeLayout@405a2870)
D/nofatclips(  255): Found widget: id=2131165249 (android.widget.LinearLayout@405a2ed8)
D/nofatclips(  255): Found widget: id=-1 (android.widget.ImageView@405a3420)
D/nofatclips(  255): Found widget: id=2131165250 (org.wordpress.android.util.WPTitleBar@4059cd78)
D/nofatclips(  255): Found widget: id=2131165195 (android.widget.RelativeLayout@4050e728)
D/nofatclips(  255): Found widget: id=2131165196 (android.widget.RelativeLayout@405696c0)
D/nofatclips(  255): Found widget: id=2131165197 (android.widget.ImageView@4059dff8)
D/nofatclips(  255): Found widget: id=2131165198 (android.widget.TextView@40542a38): Katie's Sweet Testing Blog
D/nofatclips(  255): Found widget: id=2131165199 (android.widget.ImageView@4055e2c8)
D/nofatclips(  255): Found widget: id=-1 (android.widget.RelativeLayout@4057a628)
D/nofatclips(  255): Found widget: id=2131165200 (android.widget.ImageButton@4059e520)
D/nofatclips(  255): Found widget: id=-1 (android.widget.FrameLayout@4057bad8)
D/nofatclips(  255): Found widget: id=2131165201 (android.widget.Button@40543400): 
D/nofatclips(  255): Found widget: id=2131165202 (android.widget.ImageView@40594988)
D/nofatclips(  255): Found widget: id=2131165203 (android.widget.ImageView@4053dbf8)
D/nofatclips(  255): Found widget: id=2131165204 (android.widget.LinearLayout@4056a2c8)
D/nofatclips(  255): Found widget: id=-1 (android.widget.FrameLayout@4059dd90)
D/nofatclips(  255): Found widget: id=-1 (android.widget.LinearLayout@40530da0)
D/nofatclips(  255): Found widget: id=-1 (android.widget.LinearLayout@4050e538)
D/nofatclips(  255): Found widget: id=-1 (android.widget.LinearLayout@405303c0)
D/nofatclips(  255): Found widget: id=2131165252 (android.widget.LinearLayout@40530a78)
D/nofatclips(  255): Found widget: id=-1 (android.widget.ImageView@40591430)
D/nofatclips(  255): Found widget: id=-1 (android.widget.TextView@4056bfc0): New Post
D/nofatclips(  255): Found widget: id=2131165254 (android.widget.LinearLayout@4059cfb0)
D/nofatclips(  255): Found widget: id=-1 (android.widget.ImageView@40531de0)
D/nofatclips(  255): Found widget: id=-1 (android.widget.TextView@4056c8f8): New Page
D/nofatclips(  255): Found widget: id=-1 (android.widget.LinearLayout@40531a88)
D/nofatclips(  255): Found widget: id=2131165253 (android.widget.LinearLayout@4059f080)
D/nofatclips(  255): Found widget: id=-1 (android.widget.ImageView@405510c0)
D/nofatclips(  255): Found widget: id=-1 (android.widget.TextView@40578af0): Quick Photo
D/nofatclips(  255): Found widget: id=2131165255 (android.widget.LinearLayout@40532980)
D/nofatclips(  255): Found widget: id=-1 (android.widget.ImageView@40536318)
D/nofatclips(  255): Found widget: id=-1 (android.widget.TextView@40579360): Quick Video
D/nofatclips(  255): Found widget: id=-1 (android.widget.LinearLayout@405415b8)
D/nofatclips(  255): Found widget: id=-1 (android.widget.LinearLayout@405439c0)
D/nofatclips(  255): Found widget: id=2131165256 (android.widget.LinearLayout@40543c98)
D/nofatclips(  255): Found widget: id=-1 (android.widget.ImageView@405476f0)
D/nofatclips(  255): Found widget: id=-1 (android.widget.TextView@405799e8): Posts
D/nofatclips(  255): Found widget: id=2131165257 (android.widget.LinearLayout@40569a58)
D/nofatclips(  255): Found widget: id=-1 (android.widget.ImageView@405454d0)
D/nofatclips(  255): Found widget: id=-1 (android.widget.TextView@40538648): Pages
D/nofatclips(  255): Found widget: id=-1 (android.widget.FrameLayout@40537df0)
D/nofatclips(  255): Found widget: id=2131165258 (android.widget.LinearLayout@40541098)
D/nofatclips(  255): Found widget: id=-1 (android.widget.ImageView@40547f60)
D/nofatclips(  255): Found widget: id=-1 (android.widget.TextView@4053a5f8): Comments
D/nofatclips(  255): Found widget: id=2131165259 (android.widget.FrameLayout@40536f90)
D/nofatclips(  255): Found widget: id=2131165260 (android.widget.ImageView@4053a300)
D/nofatclips(  255): Found widget: id=2131165261 (org.wordpress.android.util.CommentBadgeTextView@4053b610): 0
D/nofatclips(  255): Found widget: id=-1 (android.widget.LinearLayout@4055f910)
D/nofatclips(  255): Found widget: id=2131165262 (android.widget.LinearLayout@4059af90)
D/nofatclips(  255): Found widget: id=-1 (android.widget.ImageView@4050c658)
D/nofatclips(  255): Found widget: id=-1 (android.widget.TextView@40541c30): Settings
D/nofatclips(  255): Found widget: id=2131165263 (android.widget.LinearLayout@40560800)
D/nofatclips(  255): Found widget: id=2131165264 (android.widget.ImageView@40563948)
D/nofatclips(  255): Found widget: id=2131165265 (android.widget.TextView@40543f70): Read
D/nofatclips(  255): Found widget: id=2131165266 (android.widget.LinearLayout@40564120)
D/nofatclips(  255): Found widget: id=-1 (android.widget.ImageView@40568058)
D/nofatclips(  255): Found widget: id=-1 (android.widget.TextView@40550cc8): Stats
D/nofatclips(  255): Found widget: id=-1 (com.android.internal.policy.impl.PhoneWindow$DecorView@405a1270)
I/nofatclips(  255): Playing Trace 173
I/nofatclips(  255): Retrieved from return list id=16908290
D/nofatclips(  255): Testing for type (android.widget.FrameLayout) against the original (null)
I/nofatclips(  255): Firing event: type= changeOrientation name= widget=null
D/dalvikvm(  255): GC_CONCURRENT freed 650K, 51% free 3151K/6407K, external 1811K/2323K, paused 3ms+13ms
D/MediaScannerService(  244): start scanning volume internal
D/dalvikvm(  276): GC_CONCURRENT freed 496K, 54% free 2727K/5831K, external 716K/1038K, paused 3ms+3ms
I//system/bin/fsck_msdos(   29): Attempting to allocate 998 KB for FAT
D/dalvikvm(  298): GC_CONCURRENT freed 533K, 54% free 2701K/5831K, external 716K/1038K, paused 3ms+25ms
D/Eas Debug(  298): Logging: 
D/EAS SyncManager(  298): !!! EAS SyncManager, onDestroy
D/Email   (  298): BOOT_COMPLETED
D/EAS SyncManager(  298): !!! EAS SyncManager, onCreate
D/EAS SyncManager(  298): !!! EAS SyncManager, onStartCommand
D/EAS SyncManager(  298): !!! EAS SyncManager, stopping self
D/EAS SyncManager(  298): !!! EAS SyncManager, onDestroy
D/dalvikvm(  255): GC_FOR_MALLOC freed 112K, 49% free 3393K/6535K, external 1811K/2323K, paused 77ms
W/KeyCharacterMap(  255): No keyboard for id 0
W/KeyCharacterMap(  255): Using default keymap: /system/usr/keychars/qwerty.kcm.bin
I//system/bin/fsck_msdos(   29): ** Phase 2 - Check Cluster Chains
I//system/bin/fsck_msdos(   29): ** Phase 3 - Checking Directories
I//system/bin/fsck_msdos(   29): ** Phase 4 - Checking for Lost Files
I//system/bin/fsck_msdos(   29): 4 files, 509978 free (254989 clusters)
I/Vold    (   29): Filesystem check completed OK
I/Vold    (   29): Device /dev/block/vold/179:0, target /mnt/sdcard mounted @ /mnt/secure/staging
D/Vold    (   29): Volume sdcard state changing 3 (Checking) -> 4 (Mounted)
I/PackageManager(   61): Updating external media status from unmounted to mounted
I/StorageNotification(  122): Media {/mnt/sdcard} state changed from {checking} -> {mounted}
D/VoldCmdListener(   29): asec list
I/PackageManager(   61): No secure containers on sdcard
W/PackageManager(   61): Unknown permission com.google.android.googleapps.permission.GOOGLE_AUTH.mail in package com.android.contacts
W/ImageDownloader(  255): Error 404 while retrieving bitmap from http://gravatar.com/blavatar/44d338f29053dbb888da79dcf98df489?s=60&d=404
W/ImageDownloader(  255): Error 404 while retrieving bitmap from http://gravatar.com/blavatar/44d338f29053dbb888da79dcf98df489?s=60&d=404
W/PackageManager(   61): Unknown permission android.permission.ADD_SYSTEM_SERVICE in package com.android.phone
W/PackageManager(   61): Not granting permission android.permission.SEND_DOWNLOAD_COMPLETED_INTENTS to package com.android.browser (protectionLevel=2 flags=0x9be45)
W/PackageManager(   61): Unknown permission com.google.android.gm.permission.WRITE_GMAIL in package com.android.settings
W/PackageManager(   61): Unknown permission com.google.android.gm.permission.READ_GMAIL in package com.android.settings
W/PackageManager(   61): Unknown permission com.google.android.googleapps.permission.GOOGLE_AUTH in package com.android.settings
W/PackageManager(   61): Unknown permission com.google.android.googleapps.permission.GOOGLE_AUTH in package com.android.providers.contacts
W/PackageManager(   61): Unknown permission com.google.android.googleapps.permission.GOOGLE_AUTH.cp in package com.android.providers.contacts
W/PackageManager(   61): Unknown permission com.google.android.googleapps.permission.ACCESS_GOOGLE_PASSWORD in package com.android.development
W/PackageManager(   61): Unknown permission com.google.android.googleapps.permission.GOOGLE_AUTH in package com.android.development
W/PackageManager(   61): Unknown permission com.google.android.googleapps.permission.GOOGLE_AUTH.ALL_SERVICES in package com.android.development
W/PackageManager(   61): Unknown permission com.google.android.googleapps.permission.GOOGLE_AUTH.YouTubeUser in package com.android.development
W/PackageManager(   61): Unknown permission android.permission.READ_OWNER_DATA in package com.android.email
W/PackageManager(   61): Not granting permission android.permission.DEVICE_POWER to package com.android.deskclock (protectionLevel=2 flags=0x8be45)
D/MediaScanner(  244):  prescan time: 490ms
D/dalvikvm(  244): GC_CONCURRENT freed 525K, 55% free 2646K/5831K, external 716K/1038K, paused 2ms+13ms
D/MediaScanner(  244):     scan time: 77ms
D/MediaScanner(  244): postscan time: 0ms
D/MediaScanner(  244):    total time: 567ms
D/szipinf (  180): Initializing inflate state
D/dalvikvm(  180): GC_CONCURRENT freed 243K, 51% free 2798K/5703K, external 716K/1038K, paused 2ms+2ms
D/MediaScannerService(  244): done scanning volume internal
D/MediaScannerService(  244): start scanning volume external
V/MediaProvider(  244): /mnt/sdcard volume ID: 435164953
D/szipinf (  137): Initializing inflate state
D/dalvikvm(  120): GREF has increased to 201
I/WindowManager(   61): Setting rotation to 1, animFlags=1
I/ActivityManager(   61): Config changed: { scale=1.0 imsi=310/260 loc=en_US touch=3 keys=2/1/2 nav=1/1 orien=2 layout=18 uiMode=17 seq=5}
I/nofatclips(  255): Waiting for 100 msec.
I/nofatclips(  255): Current activity is Dashboard
I/nofatclips(  255): Retrieving widgets
D/nofatclips(  255): Found widget: id=16908290 (android.widget.FrameLayout@405a1b70)
D/nofatclips(  255): Found widget: id=2131165248 (android.widget.RelativeLayout@405a2870)
D/nofatclips(  255): Found widget: id=2131165249 (android.widget.LinearLayout@405a2ed8)
D/nofatclips(  255): Found widget: id=-1 (android.widget.ImageView@405a3420)
D/nofatclips(  255): Found widget: id=2131165250 (org.wordpress.android.util.WPTitleBar@4059cd78)
D/nofatclips(  255): Found widget: id=2131165195 (android.widget.RelativeLayout@4050e728)
D/nofatclips(  255): Found widget: id=2131165196 (android.widget.RelativeLayout@405696c0)
D/nofatclips(  255): Found widget: id=2131165197 (android.widget.ImageView@4059dff8)
D/nofatclips(  255): Found widget: id=2131165198 (android.widget.TextView@40542a38): Katie's Sweet Testing Blog
D/nofatclips(  255): Found widget: id=2131165199 (android.widget.ImageView@4055e2c8)
D/nofatclips(  255): Found widget: id=-1 (android.widget.RelativeLayout@4057a628)
D/nofatclips(  255): Found widget: id=2131165200 (android.widget.ImageButton@4059e520)
D/nofatclips(  255): Found widget: id=-1 (android.widget.FrameLayout@4057bad8)
D/nofatclips(  255): Found widget: id=2131165201 (android.widget.Button@40543400): 
D/nofatclips(  255): Found widget: id=2131165202 (android.widget.ImageView@40594988)
D/nofatclips(  255): Found widget: id=2131165203 (android.widget.ImageView@4053dbf8)
D/nofatclips(  255): Found widget: id=2131165251 (android.widget.LinearLayout@40539460)
D/nofatclips(  255): Found widget: id=-1 (android.widget.FrameLayout@406389b0)
D/nofatclips(  255): Found widget: id=-1 (android.widget.LinearLayout@405ec4e0)
D/nofatclips(  255): Found widget: id=-1 (android.widget.LinearLayout@405ec198)
D/nofatclips(  255): Found widget: id=-1 (android.widget.LinearLayout@4055a3e0)
D/nofatclips(  255): Found widget: id=2131165252 (android.widget.LinearLayout@4057bf08)
D/nofatclips(  255): Found widget: id=-1 (android.widget.ImageView@4062c120)
D/nofatclips(  255): Found widget: id=-1 (android.widget.TextView@406354f8): New Post
D/nofatclips(  255): Found widget: id=2131165253 (android.widget.LinearLayout@40629880)
D/nofatclips(  255): Found widget: id=-1 (android.widget.ImageView@40633308)
D/nofatclips(  255): Found widget: id=-1 (android.widget.TextView@40633458): Quick Photo
D/nofatclips(  255): Found widget: id=-1 (android.widget.LinearLayout@40629fe8)
D/nofatclips(  255): Found widget: id=2131165254 (android.widget.LinearLayout@4062a138)
D/nofatclips(  255): Found widget: id=-1 (android.widget.ImageView@406371a0)
D/nofatclips(  255): Found widget: id=-1 (android.widget.TextView@406372f0): New Page
D/nofatclips(  255): Found widget: id=2131165255 (android.widget.LinearLayout@40634f08)
D/nofatclips(  255): Found widget: id=-1 (android.widget.ImageView@40636d78)
D/nofatclips(  255): Found widget: id=-1 (android.widget.TextView@4062acc8): Quick Video
D/nofatclips(  255): Found widget: id=-1 (android.widget.LinearLayout@4062b630)
D/nofatclips(  255): Found widget: id=-1 (android.widget.LinearLayout@4062b830)
D/nofatclips(  255): Found widget: id=2131165256 (android.widget.LinearLayout@4062cba0)
D/nofatclips(  255): Found widget: id=-1 (android.widget.ImageView@4062d648)
D/nofatclips(  255): Found widget: id=-1 (android.widget.TextView@40559088): Posts
D/nofatclips(  255): Found widget: id=2131165257 (android.widget.LinearLayout@40559350)
D/nofatclips(  255): Found widget: id=-1 (android.widget.ImageView@405b0ca8)
D/nofatclips(  255): Found widget: id=-1 (android.widget.TextView@40559ce8): Pages
D/nofatclips(  255): Found widget: id=-1 (android.widget.FrameLayout@4062ba58)
D/nofatclips(  255): Found widget: id=2131165258 (android.widget.LinearLayout@4062bca0)
D/nofatclips(  255): Found widget: id=-1 (android.widget.ImageView@405ed278)
D/nofatclips(  255): Found widget: id=-1 (android.widget.TextView@4053be30): Comments
D/nofatclips(  255): Found widget: id=2131165259 (android.widget.FrameLayout@4053c2c0)
D/nofatclips(  255): Found widget: id=2131165260 (android.widget.ImageView@4053c528)
D/nofatclips(  255): Found widget: id=2131165261 (org.wordpress.android.util.CommentBadgeTextView@40634480): 0
D/nofatclips(  255): Found widget: id=-1 (android.widget.LinearLayout@40634930)
D/nofatclips(  255): Found widget: id=2131165262 (android.widget.LinearLayout@40634b50)
D/nofatclips(  255): Found widget: id=-1 (android.widget.ImageView@4062f130)
D/nofatclips(  255): Found widget: id=-1 (android.widget.TextView@4062f4e0): Settings
D/nofatclips(  255): Found widget: id=2131165263 (android.widget.LinearLayout@406309f0)
D/nofatclips(  255): Found widget: id=2131165264 (android.widget.ImageView@406311d0)
D/nofatclips(  255): Found widget: id=2131165265 (android.widget.TextView@40632908): Read
D/nofatclips(  255): Found widget: id=2131165266 (android.widget.LinearLayout@40632d98)
D/nofatclips(  255): Found widget: id=-1 (android.widget.ImageView@406339a8)
D/nofatclips(  255): Found widget: id=-1 (android.widget.TextView@40633d58): Stats
D/nofatclips(  255): Found widget: id=-1 (com.android.internal.policy.impl.PhoneWindow$DecorView@405a1270)
I/dalvikvm(  255): Jit: resizing JitTable from 512 to 1024
V/nicola  (  255): TextualID : blog_title
V/nicola  (  255): ContentType detected : default
V/nicola  (  255): TextualID : action_refresh
V/nicola  (  255): ContentType detected : default
V/nicola  (  255): TextualID : null
V/nicola  (  255): ContentType detected : default
V/nicola  (  255): TextualID : null
V/nicola  (  255): ContentType detected : default
V/nicola  (  255): TextualID : null
V/nicola  (  255): ContentType detected : default
V/nicola  (  255): TextualID : null
V/nicola  (  255): ContentType detected : default
V/nicola  (  255): TextualID : null
V/nicola  (  255): ContentType detected : default
V/nicola  (  255): TextualID : null
V/nicola  (  255): ContentType detected : default
V/nicola  (  255): TextualID : null
V/nicola  (  255): ContentType detected : default
V/nicola  (  255): TextualID : null
V/nicola  (  255): ContentType detected : default
V/nicola  (  255): TextualID : read_button_text
V/nicola  (  255): ContentType detected : default
V/nicola  (  255): TextualID : null
V/nicola  (  255): ContentType detected : default
I/nofatclips(  255): Performing comparation for activity Dashboard
I/nofatclips(  255): Registering activity Dashboard (id: a15) as a new found state
D/dalvikvm(  255): GC_CONCURRENT freed 707K, 48% free 3606K/6919K, external 2193K/2323K, paused 2ms+4ms
D/nofatclips(  255): Performing backup of the old activity list on disk
D/nofatclips(  255): Saving new found state 'a15' on disk
V/nofatclips(  255): Opening state file in append mode.
D/dalvikvm(  255): GC_EXTERNAL_ALLOC freed 553K, 54% free 3238K/6919K, external 1811K/2323K, paused 41ms
D/dalvikvm(  255): GC_EXTERNAL_ALLOC freed 21K, 54% free 3216K/6919K, external 1999K/2511K, paused 38ms
I/nofatclips(  255): Saved image on disk: a15.jpg
I/nofatclips(  255): Waiting for 100 msec.
V/MediaProvider(  244): Attached volume: external
D/dalvikvm(  137): GC_EXPLICIT freed 208K, 50% free 2967K/5831K, external 3075K/3257K, paused 45ms
V/MediaScanner(  244): pruneDeadThumbnailFiles... android.database.sqlite.SQLiteCursor@405a3318
V/MediaScanner(  244): /pruneDeadThumbnailFiles... android.database.sqlite.SQLiteCursor@405a3318
D/MediaScanner(  244):  prescan time: 85ms
D/MediaScanner(  244):     scan time: 2ms
D/MediaScanner(  244): postscan time: 8ms
D/MediaScanner(  244):    total time: 95ms
I/nofatclips(  255): Session count is 1. Will dump to disk at 1
I/nofatclips(  255): Saving the session on disk.
I/nofatclips(  255): Planning for new Activity Dashboard
D/nofatclips(  255): Handling event 'click' on widget id=2131165200 type=button name=
D/MediaScannerService(  244): done scanning volume external
D/nofatclips(  255): Handling event 'click' on widget id=2131165201 type=button name=
D/nofatclips(  255): Handling event 'click' on widget id=2131165251 type=linearLayout name=
D/nofatclips(  255): Handling event 'click' on widget id=2131165252 type=linearLayout name=
D/nofatclips(  255): Handling event 'click' on widget id=2131165253 type=linearLayout name=
D/nofatclips(  255): Handling event 'click' on widget id=2131165254 type=linearLayout name=
D/nofatclips(  255): Handling event 'click' on widget id=2131165255 type=linearLayout name=
D/dalvikvm(   61): GC_EXPLICIT freed 692K, 46% free 4149K/7559K, external 1865K/3065K, paused 167ms
D/nofatclips(  255): Handling event 'click' on widget id=2131165256 type=linearLayout name=
D/nofatclips(  255): Handling event 'click' on widget id=2131165257 type=linearLayout name=
D/nofatclips(  255): Handling event 'click' on widget id=2131165258 type=linearLayout name=
D/nofatclips(  255): Handling event 'click' on widget id=2131165262 type=linearLayout name=
D/nofatclips(  255): Handling event 'click' on widget id=2131165263 type=linearLayout name=
D/nofatclips(  255): Handling event 'click' on widget id=2131165266 type=linearLayout name=
I/dalvikvm(  255): Jit: resizing JitTable from 1024 to 2048
D/dalvikvm(  255): GC_CONCURRENT freed 1317K, 55% free 3353K/7303K, external 2599K/3246K, paused 3ms+3ms
I/nofatclips(  255): Created trace to press the back button
I/nofatclips(  255): Created trace to press the menu button
I/nofatclips(  255): Created trace to change orientation
I/nofatclips(  255): Check for termination: 36 steps left of 50
I/nofatclips(  255): Dispatching new task. 2 more tasks remaining.
D/nofatclips(  255): Performing backup of the old task list on disk
D/nofatclips(  255): Saving task list on disk
V/nofatclips(  255): Backing up trace #187 to disk.
V/nofatclips(  255): Backing up trace #188 to disk.
D/nofatclips(  255): Deleting backup of the old task list from disk
D/nofatclips(  255): Deleting backup of the old activity list from disk
I/nofatclips(  255): Incrementally Playing Trace 188
I/nofatclips(  255): Retrieved from return list id=2131165200
D/nofatclips(  255): Testing for type (android.widget.ImageButton) against the original (android.widget.ImageButton)
D/nofatclips(  255): Testing for name () against the original ()
I/nofatclips(  255): Firing event: type= click index=11 widget=android.widget.ImageButton
I/nofatclips(  255): Waiting for 100 msec.
I/nofatclips(  255): Current activity is Dashboard
I/nofatclips(  255): Retrieving widgets
D/nofatclips(  255): Found widget: id=16908290 (android.widget.FrameLayout@405a1b70)
D/nofatclips(  255): Found widget: id=2131165248 (android.widget.RelativeLayout@405a2870)
D/nofatclips(  255): Found widget: id=2131165249 (android.widget.LinearLayout@405a2ed8)
D/nofatclips(  255): Found widget: id=-1 (android.widget.ImageView@405a3420)
D/nofatclips(  255): Found widget: id=2131165250 (org.wordpress.android.util.WPTitleBar@4059cd78)
D/nofatclips(  255): Found widget: id=2131165195 (android.widget.RelativeLayout@4050e728)
D/nofatclips(  255): Found widget: id=2131165196 (android.widget.RelativeLayout@405696c0)
D/nofatclips(  255): Found widget: id=2131165197 (android.widget.ImageView@4059dff8)
D/nofatclips(  255): Found widget: id=2131165198 (android.widget.TextView@40542a38): Katie's Sweet Testing Blog
D/nofatclips(  255): Found widget: id=2131165199 (android.widget.ImageView@4055e2c8)
D/nofatclips(  255): Found widget: id=-1 (android.widget.RelativeLayout@4057a628)
D/nofatclips(  255): Found widget: id=2131165200 (android.widget.ImageButton@4059e520)
D/nofatclips(  255): Found widget: id=-1 (android.widget.FrameLayout@4057bad8)
D/nofatclips(  255): Found widget: id=2131165201 (android.widget.Button@40543400): 
D/nofatclips(  255): Found widget: id=2131165202 (android.widget.ImageView@40594988)
D/nofatclips(  255): Found widget: id=2131165203 (android.widget.ImageView@4053dbf8)
D/nofatclips(  255): Found widget: id=2131165251 (android.widget.LinearLayout@40539460)
D/nofatclips(  255): Found widget: id=-1 (android.widget.FrameLayout@406389b0)
D/nofatclips(  255): Found widget: id=-1 (android.widget.LinearLayout@405ec4e0)
D/nofatclips(  255): Found widget: id=-1 (android.widget.LinearLayout@405ec198)
D/nofatclips(  255): Found widget: id=-1 (android.widget.LinearLayout@4055a3e0)
D/nofatclips(  255): Found widget: id=2131165252 (android.widget.LinearLayout@4057bf08)
D/nofatclips(  255): Found widget: id=-1 (android.widget.ImageView@4062c120)
D/nofatclips(  255): Found widget: id=-1 (android.widget.TextView@406354f8): New Post
D/nofatclips(  255): Found widget: id=2131165253 (android.widget.LinearLayout@40629880)
D/nofatclips(  255): Found widget: id=-1 (android.widget.ImageView@40633308)
D/nofatclips(  255): Found widget: id=-1 (android.widget.TextView@40633458): Quick Photo
D/nofatclips(  255): Found widget: id=-1 (android.widget.LinearLayout@40629fe8)
D/nofatclips(  255): Found widget: id=2131165254 (android.widget.LinearLayout@4062a138)
D/nofatclips(  255): Found widget: id=-1 (android.widget.ImageView@406371a0)
D/nofatclips(  255): Found widget: id=-1 (android.widget.TextView@406372f0): New Page
D/nofatclips(  255): Found widget: id=2131165255 (android.widget.LinearLayout@40634f08)
D/nofatclips(  255): Found widget: id=-1 (android.widget.ImageView@40636d78)
D/nofatclips(  255): Found widget: id=-1 (android.widget.TextView@4062acc8): Quick Video
D/nofatclips(  255): Found widget: id=-1 (android.widget.LinearLayout@4062b630)
D/nofatclips(  255): Found widget: id=-1 (android.widget.LinearLayout@4062b830)
D/nofatclips(  255): Found widget: id=2131165256 (android.widget.LinearLayout@4062cba0)
D/nofatclips(  255): Found widget: id=-1 (android.widget.ImageView@4062d648)
D/nofatclips(  255): Found widget: id=-1 (android.widget.TextView@40559088): Posts
D/nofatclips(  255): Found widget: id=2131165257 (android.widget.LinearLayout@40559350)
D/nofatclips(  255): Found widget: id=-1 (android.widget.ImageView@405b0ca8)
D/nofatclips(  255): Found widget: id=-1 (android.widget.TextView@40559ce8): Pages
D/nofatclips(  255): Found widget: id=-1 (android.widget.FrameLayout@4062ba58)
D/nofatclips(  255): Found widget: id=2131165258 (android.widget.LinearLayout@4062bca0)
D/nofatclips(  255): Found widget: id=-1 (android.widget.ImageView@405ed278)
D/nofatclips(  255): Found widget: id=-1 (android.widget.TextView@4053be30): Comments
D/nofatclips(  255): Found widget: id=2131165259 (android.widget.FrameLayout@4053c2c0)
D/nofatclips(  255): Found widget: id=2131165260 (android.widget.ImageView@4053c528)
D/nofatclips(  255): Found widget: id=2131165261 (org.wordpress.android.util.CommentBadgeTextView@40634480): 0
D/nofatclips(  255): Found widget: id=-1 (android.widget.LinearLayout@40634930)
D/nofatclips(  255): Found widget: id=2131165262 (android.widget.LinearLayout@40634b50)
D/nofatclips(  255): Found widget: id=-1 (android.widget.ImageView@4062f130)
D/nofatclips(  255): Found widget: id=-1 (android.widget.TextView@4062f4e0): Settings
D/nofatclips(  255): Found widget: id=2131165263 (android.widget.LinearLayout@406309f0)
D/nofatclips(  255): Found widget: id=2131165264 (android.widget.ImageView@406311d0)
D/nofatclips(  255): Found widget: id=2131165265 (android.widget.TextView@40632908): Read
D/nofatclips(  255): Found widget: id=2131165266 (android.widget.LinearLayout@40632d98)
D/nofatclips(  255): Found widget: id=-1 (android.widget.ImageView@406339a8)
D/nofatclips(  255): Found widget: id=-1 (android.widget.TextView@40633d58): Stats
D/nofatclips(  255): Found widget: id=-1 (com.android.internal.policy.impl.PhoneWindow$DecorView@405a1270)
D/dalvikvm(  255): GC_CONCURRENT freed 1232K, 56% free 3265K/7303K, external 1773K/2373K, paused 15ms+20ms
V/nicola  (  255): TextualID : blog_title
V/nicola  (  255): ContentType detected : default
V/nicola  (  255): TextualID : action_refresh
V/nicola  (  255): ContentType detected : default
I/nofatclips(  255): Performing comparation for activity Dashboard
D/nofatclips(  255): Comparing against activity Dashboard
I/nofatclips(  255): Registering activity Dashboard (id: a16) as a new found state
D/nofatclips(  255): Performing backup of the old activity list on disk
