D/nofatclips(  297): Found widget: id=2131165264 (android.widget.LinearLayout@40562498)
D/nofatclips(  297): Found widget: id=-1 (android.widget.ImageView@40564d50)
D/nofatclips(  297): Found widget: id=2131165256 (android.widget.TextView@40550898): Stats
D/nofatclips(  297): Found widget: id=-1 (com.android.internal.policy.impl.PhoneWindow$DecorView@405a0de0)
V/nicola  (  297): TextualID : blog_title
V/nicola  (  297): ContentType detected : default
V/nicola  (  297): TextualID : action_refresh
V/nicola  (  297): ContentType detected : default
V/nicola  (  297): TextualID : button_text
V/nicola  (  297): ContentType detected : default
V/nicola  (  297): TextualID : button_text
V/nicola  (  297): ContentType detected : default
V/nicola  (  297): TextualID : button_text
V/nicola  (  297): ContentType detected : default
V/nicola  (  297): TextualID : button_text
V/nicola  (  297): ContentType detected : default
V/nicola  (  297): TextualID : button_text
V/nicola  (  297): ContentType detected : default
V/nicola  (  297): TextualID : button_text
V/nicola  (  297): ContentType detected : default
V/nicola  (  297): TextualID : button_text
V/nicola  (  297): ContentType detected : default
V/nicola  (  297): TextualID : button_text
V/nicola  (  297): ContentType detected : default
V/nicola  (  297): TextualID : button_text
V/nicola  (  297): ContentType detected : default
V/nicola  (  297): TextualID : button_text
V/nicola  (  297): ContentType detected : default
I/nofatclips(  297): Attempting to resume previous session
I/nofatclips(  297): Memoryless engine: the task file will not be loaded. Looking for crashed traces.
I/nofatclips(  297): Reading task file
D/Email   (  276): BOOT_COMPLETED
I//system/bin/fsck_msdos(   29): Attempting to allocate 397 KB for FAT
D/dalvikvm(  297): GC_CONCURRENT freed 700K, 51% free 3230K/6535K, external 1812K/2324K, paused 5ms+7ms
V/nofatclips(  297): Discarding trace #262
I/nofatclips(  297): Stateless comparator: the state file will not be loaded.
D/dalvikvm(  297): GetFieldID: unable to find field Ljava/util/Hashtable;.loadFactor:F
D/dalvikvm(  297): GetFieldID: unable to find field Ljava/util/Hashtable;.loadFactor:F
D/dalvikvm(  297): GetFieldID: unable to find field Ljava/util/Hashtable;.loadFactor:F
D/dalvikvm(  297): GetFieldID: unable to find field Ljava/util/Hashtable;.loadFactor:F
D/dalvikvm(  297): GetFieldID: unable to find field Ljava/util/Hashtable;.loadFactor:F
D/dalvikvm(  297): GetFieldID: unable to find field Ljava/util/Hashtable;.loadFactor:F
D/nofatclips(  297): Backup session footer restored to 
D/nofatclips(  297): </SESSION>
D/nofatclips(  297): Restored random counter to: 270
D/nofatclips(  297): Restored trace count to 264
D/nofatclips(  297): Current step countdown restored to 64
D/nofatclips(  297): Restored abstractor counters to: event = 270 - input = 72 - activity = 37
I/nofatclips(  297): Saving the session on disk.
I/dalvikvm(  297): Jit: resizing JitTable from 512 to 1024
I/nofatclips(  297): Planning for new Activity Dashboard
D/nofatclips(  297): Handling event 'click' on widget id=2131165200 type=button name=
D/nofatclips(  297): Handling event 'click' on widget id=2131165201 type=button name=
I//system/bin/fsck_msdos(   29): ** Phase 2 - Check Cluster Chains
I//system/bin/fsck_msdos(   29): ** Phase 3 - Checking Directories
I//system/bin/fsck_msdos(   29): ** Phase 4 - Checking for Lost Files
I//system/bin/fsck_msdos(   29): 3 files, 50388 free (100777 clusters)
D/nofatclips(  297): Handling event 'click' on widget id=2131165204 type=linearLayout name=
I/Vold    (   29): Filesystem check completed OK
I/Vold    (   29): Device /dev/block/vold/179:0, target /mnt/sdcard mounted @ /mnt/secure/staging
D/Vold    (   29): Volume sdcard state changing 3 (Checking) -> 4 (Mounted)
I/PackageManager(   61): Updating external media status from unmounted to mounted
I/StorageNotification(  136): Media {/mnt/sdcard} state changed from {checking} -> {mounted}
D/dalvikvm(  297): GC_CONCURRENT freed 801K, 52% free 3258K/6663K, external 1812K/2324K, paused 3ms+30ms
D/VoldCmdListener(   29): asec list
I/PackageManager(   61): No secure containers on sdcard
D/nofatclips(  297): Handling event 'click' on widget id=2131165251 type=linearLayout name=
D/nofatclips(  297): Handling event 'click' on widget id=2131165253 type=linearLayout name=
D/nofatclips(  297): Handling event 'click' on widget id=2131165252 type=linearLayout name=
D/nofatclips(  297): Handling event 'click' on widget id=2131165254 type=linearLayout name=
D/nofatclips(  297): Handling event 'click' on widget id=2131165255 type=linearLayout name=
D/nofatclips(  297): Handling event 'click' on widget id=2131165257 type=linearLayout name=
W/PackageManager(   61): Unknown permission com.google.android.googleapps.permission.GOOGLE_AUTH.mail in package com.android.contacts
D/nofatclips(  297): Handling event 'click' on widget id=2131165258 type=linearLayout name=
W/PackageManager(   61): Unknown permission android.permission.ADD_SYSTEM_SERVICE in package com.android.phone
W/PackageManager(   61): Not granting permission android.permission.SEND_DOWNLOAD_COMPLETED_INTENTS to package com.android.browser (protectionLevel=2 flags=0x9be45)
W/PackageManager(   61): Unknown permission com.google.android.gm.permission.WRITE_GMAIL in package com.android.settings
W/PackageManager(   61): Unknown permission com.google.android.gm.permission.READ_GMAIL in package com.android.settings
W/PackageManager(   61): Unknown permission com.google.android.googleapps.permission.GOOGLE_AUTH in package com.android.settings
W/PackageManager(   61): Unknown permission com.google.android.googleapps.permission.GOOGLE_AUTH in package com.android.providers.contacts
W/PackageManager(   61): Unknown permission com.google.android.googleapps.permission.GOOGLE_AUTH.cp in package com.android.providers.contacts
W/PackageManager(   61): Unknown permission com.google.android.googleapps.permission.ACCESS_GOOGLE_PASSWORD in package com.android.development
W/PackageManager(   61): Unknown permission com.google.android.googleapps.permission.GOOGLE_AUTH in package com.android.development
W/PackageManager(   61): Unknown permission com.google.android.googleapps.permission.GOOGLE_AUTH.ALL_SERVICES in package com.android.development
W/PackageManager(   61): Unknown permission com.google.android.googleapps.permission.GOOGLE_AUTH.YouTubeUser in package com.android.development
W/PackageManager(   61): Unknown permission android.permission.READ_OWNER_DATA in package com.android.email
W/PackageManager(   61): Not granting permission android.permission.DEVICE_POWER to package com.android.deskclock (protectionLevel=2 flags=0x8be45)
D/dalvikvm(  297): GC_CONCURRENT freed 785K, 52% free 3264K/6663K, external 1812K/2324K, paused 2ms+3ms
D/nofatclips(  297): Handling event 'click' on widget id=2131165262 type=linearLayout name=
D/nofatclips(  297): Handling event 'click' on widget id=2131165263 type=linearLayout name=
D/nofatclips(  297): Handling event 'click' on widget id=2131165264 type=linearLayout name=
I/nofatclips(  297): Created trace to press the menu button
I/nofatclips(  297): Created trace to change orientation
I/nofatclips(  297): Dispatching new task. 2 more tasks remaining.
D/nofatclips(  297): Performing backup of the old task list on disk
D/nofatclips(  297): Saving task list on disk
V/nofatclips(  297): Backing up trace #277 to disk.
V/nofatclips(  297): Backing up trace #278 to disk.
D/nofatclips(  297): Deleting backup of the old task list from disk
I/nofatclips(  297): Restarting
W/ImageDownloader(  297): Error 404 while retrieving bitmap from http://gravatar.com/blavatar/44d338f29053dbb888da79dcf98df489?s=60&d=404
I/dalvikvm(   61): Jit: resizing JitTable from 512 to 1024
D/MediaScanner(  233):  prescan time: 1762ms
D/dalvikvm(  233): GC_CONCURRENT freed 529K, 55% free 2648K/5831K, external 716K/1038K, paused 3ms+15ms
D/MediaScanner(  233):     scan time: 80ms
D/MediaScanner(  233): postscan time: 0ms
D/MediaScanner(  233):    total time: 1842ms
D/szipinf (  179): Initializing inflate state
D/dalvikvm(  179): GC_CONCURRENT freed 245K, 51% free 2797K/5703K, external 716K/1038K, paused 3ms+4ms
D/MediaScannerService(  233): done scanning volume internal
D/MediaScannerService(  233): start scanning volume external
I/nofatclips(  297): Waiting for 100 msec.
V/MediaProvider(  233): /mnt/sdcard volume ID: 435694109
D/EAS SyncManager(  276): !!! EAS SyncManager, onCreate
D/EAS SyncManager(  276): !!! EAS SyncManager, onStartCommand
D/EAS SyncManager(  276): !!! EAS SyncManager, stopping self
D/EAS SyncManager(  276): !!! EAS SyncManager, onDestroy
D/nofatclips(  297): Ready to operate after restarting...
D/dalvikvm(  297): GC_CONCURRENT freed 907K, 53% free 3214K/6727K, external 1812K/2324K, paused 2ms+3ms
I/nofatclips(  297): Retrieving widgets
D/nofatclips(  297): Found widget: id=16908290 (android.widget.FrameLayout@405a16e0)
D/nofatclips(  297): Found widget: id=2131165248 (android.widget.RelativeLayout@405a23e0)
D/nofatclips(  297): Found widget: id=2131165249 (android.widget.LinearLayout@405a2a48)
D/nofatclips(  297): Found widget: id=-1 (android.widget.ImageView@405a2f90)
D/nofatclips(  297): Found widget: id=2131165250 (org.wordpress.android.util.WPTitleBar@4059c968)
D/nofatclips(  297): Found widget: id=2131165195 (android.widget.RelativeLayout@4050efe8)
D/nofatclips(  297): Found widget: id=2131165196 (android.widget.RelativeLayout@40569298)
D/nofatclips(  297): Found widget: id=2131165197 (android.widget.ImageView@4059dc00)
D/nofatclips(  297): Found widget: id=2131165198 (android.widget.TextView@40542608): Katie's Sweet Testing Blog
D/nofatclips(  297): Found widget: id=2131165199 (android.widget.ImageView@4055de98)
D/nofatclips(  297): Found widget: id=-1 (android.widget.RelativeLayout@4057a200)
D/nofatclips(  297): Found widget: id=2131165200 (android.widget.ImageButton@4059e128)
D/nofatclips(  297): Found widget: id=-1 (android.widget.FrameLayout@4057b6b0)
D/nofatclips(  297): Found widget: id=2131165201 (android.widget.Button@40542fd0): 
D/nofatclips(  297): Found widget: id=2131165202 (android.widget.ImageView@40594560)
D/nofatclips(  297): Found widget: id=2131165203 (android.widget.ImageView@4053d7c8)
D/nofatclips(  297): Found widget: id=2131165204 (android.widget.LinearLayout@40569ea0)
D/nofatclips(  297): Found widget: id=-1 (android.widget.FrameLayout@4059d998)
D/nofatclips(  297): Found widget: id=-1 (android.widget.LinearLayout@40530970)
D/nofatclips(  297): Found widget: id=-1 (android.widget.LinearLayout@4050edf8)
D/nofatclips(  297): Found widget: id=-1 (android.widget.LinearLayout@4052ff90)
D/nofatclips(  297): Found widget: id=2131165251 (android.widget.LinearLayout@40530648)
D/nofatclips(  297): Found widget: id=-1 (android.widget.ImageView@40591008)
D/nofatclips(  297): Found widget: id=2131165256 (android.widget.TextView@4056bb98): New Post
D/nofatclips(  297): Found widget: id=2131165253 (android.widget.LinearLayout@4059cba0)
D/nofatclips(  297): Found widget: id=-1 (android.widget.ImageView@405319b0)
D/nofatclips(  297): Found widget: id=2131165256 (android.widget.TextView@4056c4d0): New Page
D/nofatclips(  297): Found widget: id=-1 (android.widget.LinearLayout@40533c68)
D/nofatclips(  297): Found widget: id=2131165252 (android.widget.LinearLayout@40531658)
D/nofatclips(  297): Found widget: id=-1 (android.widget.ImageView@40539610)
D/nofatclips(  297): Found widget: id=2131165256 (android.widget.TextView@405786c8): Quick Photo
D/nofatclips(  297): Found widget: id=2131165254 (android.widget.LinearLayout@40547578)
D/nofatclips(  297): Found widget: id=-1 (android.widget.ImageView@4059b6f0)
D/nofatclips(  297): Found widget: id=2131165256 (android.widget.TextView@40578f38): Quick Video
D/nofatclips(  297): Found widget: id=-1 (android.widget.LinearLayout@4059ef90)
D/nofatclips(  297): Found widget: id=-1 (android.widget.LinearLayout@4052f400)
D/nofatclips(  297): Found widget: id=2131165255 (android.widget.LinearLayout@40534c20)
D/nofatclips(  297): Found widget: id=-1 (android.widget.ImageView@4053b710)
D/nofatclips(  297): Found widget: id=2131165256 (android.widget.TextView@405795c0): Posts
D/nofatclips(  297): Found widget: id=2131165257 (android.widget.LinearLayout@40545d48)
D/nofatclips(  297): Found widget: id=-1 (android.widget.ImageView@405441e0)
D/nofatclips(  297): Found widget: id=2131165256 (android.widget.TextView@40538218): Pages
D/nofatclips(  297): Found widget: id=-1 (android.widget.FrameLayout@40535228)
D/nofatclips(  297): Found widget: id=2131165258 (android.widget.LinearLayout@40540f10)
D/nofatclips(  297): Found widget: id=-1 (android.widget.ImageView@40537928)
D/nofatclips(  297): Found widget: id=2131165256 (android.widget.TextView@4053a1c8): Comments
D/nofatclips(  297): Found widget: id=2131165259 (android.widget.FrameLayout@40545400)
D/nofatclips(  297): Found widget: id=2131165260 (android.widget.ImageView@40546f20)
D/nofatclips(  297): Found widget: id=2131165261 (org.wordpress.android.util.CommentBadgeTextView@4053b1e0): 0
D/nofatclips(  297): Found widget: id=-1 (android.widget.LinearLayout@40539fa0)
D/nofatclips(  297): Found widget: id=2131165262 (android.widget.LinearLayout@405415b8)
D/nofatclips(  297): Found widget: id=-1 (android.widget.ImageView@40541ec0)
D/nofatclips(  297): Found widget: id=2131165256 (android.widget.TextView@40541800): Settings
D/nofatclips(  297): Found widget: id=2131165263 (android.widget.LinearLayout@40544e58)
D/nofatclips(  297): Found widget: id=-1 (android.widget.ImageView@40560db0)
D/nofatclips(  297): Found widget: id=2131165256 (android.widget.TextView@40543b40): Read
D/nofatclips(  297): Found widget: id=2131165264 (android.widget.LinearLayout@40562498)
D/nofatclips(  297): Found widget: id=-1 (android.widget.ImageView@40564d50)
D/nofatclips(  297): Found widget: id=2131165256 (android.widget.TextView@40550898): Stats
D/nofatclips(  297): Found widget: id=-1 (com.android.internal.policy.impl.PhoneWindow$DecorView@405a0de0)
I/nofatclips(  297): Playing Trace 278
I/nofatclips(  297): Retrieved from return list id=2131165262
D/nofatclips(  297): Testing for type (android.widget.LinearLayout) against the original (android.widget.LinearLayout)
D/nofatclips(  297): Testing for name () against the original ()
I/nofatclips(  297): Firing event: type= click index=50 widget=android.widget.LinearLayout
D/szipinf (  140): Initializing inflate state
V/MediaProvider(  233): Attached volume: external
V/MediaScanner(  233): pruneDeadThumbnailFiles... android.database.sqlite.SQLiteCursor@40581b78
V/MediaScanner(  233): /pruneDeadThumbnailFiles... android.database.sqlite.SQLiteCursor@40581b78
D/MediaScanner(  233):  prescan time: 44ms
D/MediaScanner(  233):     scan time: 1ms
D/MediaScanner(  233): postscan time: 9ms
D/MediaScanner(  233):    total time: 54ms
D/MediaScannerService(  233): done scanning volume external
D/dalvikvm(  249): GC_CONCURRENT freed 491K, 54% free 2726K/5831K, external 716K/1038K, paused 3ms+3ms
D/dalvikvm(  140): GC_EXPLICIT freed 220K, 50% free 2955K/5831K, external 3075K/3257K, paused 101ms
D/dalvikvm(  133): GREF has increased to 201
D/nofatclips(  297): Event description: Settings
I/ActivityManager(   61): Starting: Intent { cmp=org.wordpress.android/.Settings (has extras) } from pid 297
I/nofatclips(  297): Waiting for 100 msec.
D/dalvikvm(  297): GC_EXTERNAL_ALLOC freed 543K, 51% free 3319K/6727K, external 2293K/2324K, paused 183ms
I/dalvikvm(  297): Jit: resizing JitTable from 1024 to 2048
W/ImageDownloader(  297): Error 404 while retrieving bitmap from http://gravatar.com/blavatar/44d338f29053dbb888da79dcf98df489?s=60&d=404
I/ActivityManager(   61): Displayed org.wordpress.android/.Settings: +2s542ms
I/nofatclips(  297): Current activity is Settings
I/nofatclips(  297): Retrieving widgets
D/nofatclips(  297): Found widget: id=16908290 (android.widget.FrameLayout@4054d6a8)
D/nofatclips(  297): Found widget: id=2131165343 (android.widget.RelativeLayout@4054e0d8)
D/nofatclips(  297): Found widget: id=-1 (android.widget.ScrollView@405b7a60)
D/nofatclips(  297): Found widget: id=2131165207 (android.widget.RelativeLayout@405bb4f0)
D/nofatclips(  297): Found widget: id=2131165209 (android.widget.RelativeLayout@40559130)
D/nofatclips(  297): Found widget: id=2131165210 (android.widget.TextView@40559cf8): Account Details
D/nofatclips(  297): Found widget: id=2131165214 (android.widget.TextView@4061ad50): Username:
D/nofatclips(  297): Found widget: id=2131165215 (android.widget.EditText@4061b2d8): katiemalone1990
D/nofatclips(  297): Found widget: id=2131165216 (android.widget.TextView@40677118): Password:
D/nofatclips(  297): Found widget: id=2131165217 (android.widget.EditText@40677638): cle0sandy
D/nofatclips(  297): Found widget: id=2131165214 (android.widget.TextView@40678c28): Username:
D/nofatclips(  297): Found widget: id=2131165223 (android.widget.TextView@40679120): HTTP Username (optional):
D/nofatclips(  297): Found widget: id=2131165224 (android.widget.EditText@406739c0): 
D/nofatclips(  297): Found widget: id=2131165225 (android.widget.TextView@406746c0): HTTP Password (optional):
D/nofatclips(  297): Found widget: id=2131165226 (android.widget.EditText@40674c20): 
D/nofatclips(  297): Found widget: id=2131165288 (android.widget.RelativeLayout@40603038)
D/nofatclips(  297): Found widget: id=2131165346 (android.widget.TextView@40603598): Media
D/nofatclips(  297): Found widget: id=2131165347 (android.widget.TextView@40603ea8): Default image width
D/nofatclips(  297): Found widget: id=2131165348 (android.widget.Spinner@40604660)
D/nofatclips(  297): Found widget: id=16908308 (android.widget.TextView@40616da0): 500
D/nofatclips(  297): Found widget: id=2131165349 (android.widget.CheckBox@405c2cd8): Upload and link to full image
D/nofatclips(  297): Found widget: id=2131165266 (android.widget.RelativeLayout@405c3a48)
D/nofatclips(  297): Found widget: id=2131165350 (android.widget.TextView@405c4080): Location
D/nofatclips(  297): Found widget: id=2131165351 (android.widget.CheckBox@405c4998): Geotag Posts
D/nofatclips(  297): Found widget: id=2131165219 (android.widget.Button@40648460): Save
D/nofatclips(  297): Found widget: id=2131165220 (android.widget.Button@406496e8): Cancel
D/nofatclips(  297): Found widget: id=2131165352 (org.wordpress.android.util.WPTitleBar@4064a0a8)
D/nofatclips(  297): Found widget: id=2131165195 (android.widget.RelativeLayout@4064acc8)
D/nofatclips(  297): Found widget: id=2131165196 (android.widget.RelativeLayout@40645420)
D/nofatclips(  297): Found widget: id=2131165197 (android.widget.ImageView@40646af0)
D/nofatclips(  297): Found widget: id=2131165198 (android.widget.TextView@40646f50): Katie's Sweet Testing Blog
D/nofatclips(  297): Found widget: id=2131165199 (android.widget.ImageView@40647be0)
D/nofatclips(  297): Found widget: id=-1 (android.widget.RelativeLayout@40647ff8)
D/nofatclips(  297): Found widget: id=2131165200 (android.widget.ImageButton@4063a4f8)
D/nofatclips(  297): Found widget: id=-1 (android.widget.FrameLayout@4063af78)
D/nofatclips(  297): Found widget: id=2131165201 (android.widget.Button@4063b288): 
D/nofatclips(  297): Found widget: id=2131165202 (android.widget.ImageView@4063bd30)
D/nofatclips(  297): Found widget: id=2131165203 (android.widget.ImageView@4063c0e0)
D/nofatclips(  297): Found widget: id=2131165204 (android.widget.LinearLayout@4063c718)
D/nofatclips(  297): Found widget: id=-1 (android.widget.FrameLayout@4063d188)
D/nofatclips(  297): Found widget: id=-1 (android.widget.LinearLayout@4063d4c8)
D/nofatclips(  297): Found widget: id=-1 (android.widget.LinearLayout@4067c908)
D/nofatclips(  297): Found widget: id=-1 (android.widget.LinearLayout@4067cb28)
D/nofatclips(  297): Found widget: id=2131165251 (android.widget.LinearLayout@4067cd48)
D/nofatclips(  297): Found widget: id=-1 (android.widget.ImageView@4067e520)
D/nofatclips(  297): Found widget: id=2131165256 (android.widget.TextView@4067e918): New Post
D/nofatclips(  297): Found widget: id=2131165253 (android.widget.LinearLayout@40688040)
D/nofatclips(  297): Found widget: id=-1 (android.widget.ImageView@40689600)
D/nofatclips(  297): Found widget: id=2131165256 (android.widget.TextView@406899b0): New Page
D/nofatclips(  297): Found widget: id=-1 (android.widget.LinearLayout@40689e40)
D/nofatclips(  297): Found widget: id=2131165252 (android.widget.LinearLayout@4068a060)
D/nofatclips(  297): Found widget: id=-1 (android.widget.ImageView@4068b550)
D/nofatclips(  297): Found widget: id=2131165256 (android.widget.TextView@40632bd8): Quick Photo
D/nofatclips(  297): Found widget: id=2131165254 (android.widget.LinearLayout@40633068)
D/nofatclips(  297): Found widget: id=-1 (android.widget.ImageView@40633a98)
D/nofatclips(  297): Found widget: id=2131165256 (android.widget.TextView@40633e48): Quick Video
D/nofatclips(  297): Found widget: id=-1 (android.widget.LinearLayout@406342d8)
D/nofatclips(  297): Found widget: id=-1 (android.widget.LinearLayout@406344f8)
D/nofatclips(  297): Found widget: id=2131165255 (android.widget.LinearLayout@40634718)
D/nofatclips(  297): Found widget: id=-1 (android.widget.ImageView@40635148)
D/nofatclips(  297): Found widget: id=2131165256 (android.widget.TextView@406354f8): Posts
D/nofatclips(  297): Found widget: id=2131165257 (android.widget.LinearLayout@40635988)
D/nofatclips(  297): Found widget: id=-1 (android.widget.ImageView@406363b8)
D/nofatclips(  297): Found widget: id=2131165256 (android.widget.TextView@40636768): Pages
D/nofatclips(  297): Found widget: id=-1 (android.widget.FrameLayout@405bb868)
D/nofatclips(  297): Found widget: id=2131165258 (android.widget.LinearLayout@405bbad0)
D/nofatclips(  297): Found widget: id=-1 (android.widget.ImageView@405bc500)
D/nofatclips(  297): Found widget: id=2131165256 (android.widget.TextView@40592f40): Comments
D/nofatclips(  297): Found widget: id=2131165259 (android.widget.FrameLayout@4059a0d8)
D/nofatclips(  297): Found widget: id=2131165260 (android.widget.ImageView@4055b200)
D/nofatclips(  297): Found widget: id=2131165261 (org.wordpress.android.util.CommentBadgeTextView@405d6ac8): 0
D/nofatclips(  297): Found widget: id=-1 (android.widget.LinearLayout@40566e48)
D/nofatclips(  297): Found widget: id=2131165262 (android.widget.LinearLayout@4053b500)
D/nofatclips(  297): Found widget: id=-1 (android.widget.ImageView@40597858)
D/nofatclips(  297): Found widget: id=2131165256 (android.widget.TextView@405dc3e0): Settings
D/nofatclips(  297): Found widget: id=2131165263 (android.widget.LinearLayout@405dc1d8)
D/nofatclips(  297): Found widget: id=-1 (android.widget.ImageView@40596228)
D/nofatclips(  297): Found widget: id=2131165256 (android.widget.TextView@405e6fe8): Read
D/nofatclips(  297): Found widget: id=2131165264 (android.widget.LinearLayout@405336c8)
D/nofatclips(  297): Found widget: id=-1 (android.widget.ImageView@4054fc10)
D/nofatclips(  297): Found widget: id=2131165256 (android.widget.TextView@4060d688): Stats
D/nofatclips(  297): Found widget: id=-1 (com.android.internal.policy.impl.PhoneWindow$DecorView@4054d2d0)
V/nicola  (  297): TextualID : l_section1
V/nicola  (  297): ContentType detected : default
V/nicola  (  297): TextualID : l_username
V/nicola  (  297): ContentType detected : default
V/ReflectionHelper(  297): android.widget.EditText > mOnFocusChangeListener FOUND | NOT ACTIVE
V/nicola  (  297): TextualID : username
V/nicola  (  297): ContentType detected : default
V/nicola  (  297): TextualID : l_password
V/nicola  (  297): ContentType detected : default
V/ReflectionHelper(  297): android.widget.EditText > mOnFocusChangeListener FOUND | NOT ACTIVE
V/nicola  (  297): TextualID : password
V/nicola  (  297): ContentType detected : default
V/nicola  (  297): TextualID : l_username
V/nicola  (  297): ContentType detected : default
V/nicola  (  297): TextualID : l_section2
V/nicola  (  297): ContentType detected : default
V/nicola  (  297): TextualID : l_maxImageWidth
V/nicola  (  297): ContentType detected : default
V/nicola  (  297): TextualID : null
V/nicola  (  297): ContentType detected : default
D/dalvikvm(  297): GC_CONCURRENT freed 635K, 50% free 3414K/6727K, external 2453K/2908K, paused 6ms+10ms
V/nicola  (  297): TextualID : fullSizeImage
V/nicola  (  297): ContentType detected : default
V/nicola  (  297): TextualID : l_section3
V/nicola  (  297): ContentType detected : default
V/nicola  (  297): TextualID : location
V/nicola  (  297): ContentType detected : default
V/nicola  (  297): TextualID : save
V/nicola  (  297): ContentType detected : default
V/nicola  (  297): TextualID : cancel
V/nicola  (  297): ContentType detected : default
V/nicola  (  297): TextualID : blog_title
V/nicola  (  297): ContentType detected : default
V/nicola  (  297): TextualID : action_refresh
V/nicola  (  297): ContentType detected : default
I/nofatclips(  297): Performing comparation for activity Settings
I/nofatclips(  297): Registering activity Settings (id: a38) as a new found state
D/nofatclips(  297): Performing backup of the old activity list on disk
D/nofatclips(  297): Saving new found state 'a38' on disk
V/nofatclips(  297): Opening state file in append mode.
D/dalvikvm(  297): GC_EXTERNAL_ALLOC freed 371K, 49% free 3463K/6727K, external 2453K/2908K, paused 69ms
D/dalvikvm(  297): GC_EXTERNAL_ALLOC freed 40K, 50% free 3424K/6727K, external 3653K/3812K, paused 67ms
I/nofatclips(  297): Saved image on disk: a38.jpg
I/nofatclips(  297): Waiting for 100 msec.
I/nofatclips(  297): Session count is 1. Will dump to disk at 1
I/nofatclips(  297): Saving the session on disk.
I/nofatclips(  297): Planning for new Activity Settings
D/nofatclips(  297): Handling event selectSpinnerItem for items [1,11] on spinner #2131165348 count=11
D/nofatclips(  297): Handling input 'writeText' on widget id=2131165215 type=editText name=
V/nofatclips(  297): Using value: 27
D/nofatclips(  297): Handling input 'writeText' on widget id=2131165217 type=editText name=
V/nofatclips(  297): Using value: 29
D/nofatclips(  297): Handling input 'writeText' on widget id=2131165215 type=editText name=
V/nofatclips(  297): Using value: 27
D/nofatclips(  297): Handling input 'writeText' on widget id=2131165217 type=editText name=
V/nofatclips(  297): Using value: 29
D/nofatclips(  297): Handling input 'writeText' on widget id=2131165215 type=editText name=
V/nofatclips(  297): Using value: 27
D/nofatclips(  297): Handling input 'writeText' on widget id=2131165217 type=editText name=
V/nofatclips(  297): Using value: 29
D/nofatclips(  297): Handling input 'writeText' on widget id=2131165215 type=editText name=
V/nofatclips(  297): Using value: 27
D/nofatclips(  297): Handling input 'writeText' on widget id=2131165217 type=editText name=
V/nofatclips(  297): Using value: 29
D/nofatclips(  297): Handling input 'writeText' on widget id=2131165215 type=editText name=
V/nofatclips(  297): Using value: 27
D/nofatclips(  297): Handling input 'writeText' on widget id=2131165217 type=editText name=
V/nofatclips(  297): Using value: 29
D/nofatclips(  297): Handling input 'writeText' on widget id=2131165215 type=editText name=
V/nofatclips(  297): Using value: 27
D/nofatclips(  297): Handling input 'writeText' on widget id=2131165217 type=editText name=
V/nofatclips(  297): Using value: 29
D/nofatclips(  297): Handling input 'writeText' on widget id=2131165215 type=editText name=
V/nofatclips(  297): Using value: 27
D/nofatclips(  297): Handling input 'writeText' on widget id=2131165217 type=editText name=
V/nofatclips(  297): Using value: 29
D/nofatclips(  297): Handling input 'writeText' on widget id=2131165215 type=editText name=
V/nofatclips(  297): Using value: 27
D/nofatclips(  297): Handling input 'writeText' on widget id=2131165217 type=editText name=
V/nofatclips(  297): Using value: 29
D/nofatclips(  297): Handling input 'writeText' on widget id=2131165215 type=editText name=
V/nofatclips(  297): Using value: 27
D/nofatclips(  297): Handling input 'writeText' on widget id=2131165217 type=editText name=
V/nofatclips(  297): Using value: 29
D/nofatclips(  297): Handling input 'writeText' on widget id=2131165215 type=editText name=
V/nofatclips(  297): Using value: 27
D/nofatclips(  297): Handling input 'writeText' on widget id=2131165217 type=editText name=
V/nofatclips(  297): Using value: 29
D/nofatclips(  297): Handling input 'writeText' on widget id=2131165215 type=editText name=
V/nofatclips(  297): Using value: 27
D/nofatclips(  297): Handling input 'writeText' on widget id=2131165217 type=editText name=
V/nofatclips(  297): Using value: 29
D/nofatclips(  297): Handling event 'click' on widget id=2131165349 type=check name=Upload and link to full image
D/nofatclips(  297): Handling input 'writeText' on widget id=2131165215 type=editText name=
V/nofatclips(  297): Using value: 27
D/nofatclips(  297): Handling input 'writeText' on widget id=2131165217 type=editText name=
V/nofatclips(  297): Using value: 29
D/nofatclips(  297): Handling event 'click' on widget id=2131165351 type=check name=Geotag Posts
D/nofatclips(  297): Handling input 'writeText' on widget id=2131165215 type=editText name=
V/nofatclips(  297): Using value: 27
D/nofatclips(  297): Handling input 'writeText' on widget id=2131165217 type=editText name=
V/nofatclips(  297): Using value: 29
D/nofatclips(  297): Handling event 'click' on widget id=2131165219 type=button name=Save
D/nofatclips(  297): Handling input 'writeText' on widget id=2131165215 type=editText name=
V/nofatclips(  297): Using value: 27
D/nofatclips(  297): Handling input 'writeText' on widget id=2131165217 type=editText name=
V/nofatclips(  297): Using value: 29
D/nofatclips(  297): Handling event 'click' on widget id=2131165220 type=button name=Cancel
D/dalvikvm(  297): GC_CONCURRENT freed 967K, 51% free 3584K/7175K, external 3653K/4562K, paused 4ms+4ms
D/nofatclips(  297): Handling input 'writeText' on widget id=2131165215 type=editText name=
V/nofatclips(  297): Using value: 27
D/nofatclips(  297): Handling input 'writeText' on widget id=2131165217 type=editText name=
V/nofatclips(  297): Using value: 29
D/nofatclips(  297): Handling event 'click' on widget id=2131165200 type=button name=
D/nofatclips(  297): Handling input 'writeText' on widget id=2131165215 type=editText name=
V/nofatclips(  297): Using value: 27
D/nofatclips(  297): Handling input 'writeText' on widget id=2131165217 type=editText name=
V/nofatclips(  297): Using value: 29
I/nofatclips(  297): Created trace to press the back button
I/nofatclips(  297): Created trace to press the menu button
I/nofatclips(  297): Created trace to change orientation
I/nofatclips(  297): Check for termination: 63 steps left of 100
I/nofatclips(  297): Dispatching new task. 2 more tasks remaining.
D/nofatclips(  297): Performing backup of the old task list on disk
D/nofatclips(  297): Saving task list on disk
V/nofatclips(  297): Backing up trace #296 to disk.
V/nofatclips(  297): Backing up trace #297 to disk.
D/nofatclips(  297): Deleting backup of the old task list from disk
D/nofatclips(  297): Deleting backup of the old activity list from disk
I/nofatclips(  297): Incrementally Playing Trace 297
D/nofatclips(  297): Setting input: type= writeText id=2131165215 value=27
D/nofatclips(  297): Added to return list id=2131165215
I/nofatclips(  297): Retrieved from return list id=2131165215
D/nofatclips(  297): Testing for type (android.widget.EditText) against the original (android.widget.EditText)
D/nofatclips(  297): Testing for name () against the original ()
W/KeyCharacterMap(  297): No keyboard for id 0
W/KeyCharacterMap(  297): Using default keymap: /system/usr/keychars/qwerty.kcm.bin
D/nofatclips(  297): Setting input: type= writeText id=2131165217 value=29
D/nofatclips(  297): Added to return list id=2131165217
I/nofatclips(  297): Retrieved from return list id=2131165217
D/nofatclips(  297): Testing for type (android.widget.EditText) against the original (android.widget.EditText)
D/nofatclips(  297): Testing for name () against the original ()
I/nofatclips(  297): Retrieved from return list id=2131165348
D/nofatclips(  297): Testing for type (android.widget.Spinner) against the original (android.widget.Spinner)
D/nofatclips(  297): Testing for name () against the original ()
I/nofatclips(  297): Firing event: type= selectSpinnerItem index=18 widget=android.widget.Spinner
D/dalvikvm(  297): GC_CONCURRENT freed 1738K, 57% free 3438K/7815K, external 3053K/3812K, paused 15ms+19ms
I/nofatclips(  297): Clicking the spinner view
D/nofatclips(  297): Event description: 500
I/nofatclips(  297): Swapping to listview item 11
W/KeyCharacterMap(  297): No keyboard for id 0
W/KeyCharacterMap(  297): Using default keymap: /system/usr/keychars/qwerty.kcm.bin
D/nofatclips(  297): Event description: 1000
I/nofatclips(  297): Waiting for 100 msec.
W/InputManagerService(   61): Window already focused, ignoring focus gain of: com.android.internal.view.IInputMethodClient$Stub$Proxy@406e87a0
I/nofatclips(  297): Current activity is Settings
I/nofatclips(  297): Retrieving widgets
D/nofatclips(  297): Found widget: id=16908290 (android.widget.FrameLayout@4054d6a8)
D/nofatclips(  297): Found widget: id=2131165343 (android.widget.RelativeLayout@4054e0d8)
D/nofatclips(  297): Found widget: id=-1 (android.widget.ScrollView@405b7a60)
D/nofatclips(  297): Found widget: id=2131165207 (android.widget.RelativeLayout@405bb4f0)
D/nofatclips(  297): Found widget: id=2131165209 (android.widget.RelativeLayout@40559130)
D/nofatclips(  297): Found widget: id=2131165210 (android.widget.TextView@40559cf8): Account Details
D/nofatclips(  297): Found widget: id=2131165214 (android.widget.TextView@4061ad50): Username:
D/nofatclips(  297): Found widget: id=2131165215 (android.widget.EditText@4061b2d8): 27
D/nofatclips(  297): Found widget: id=2131165216 (android.widget.TextView@40677118): Password:
D/nofatclips(  297): Found widget: id=2131165217 (android.widget.EditText@40677638): 29
D/nofatclips(  297): Found widget: id=2131165214 (android.widget.TextView@40678c28): Username:
D/nofatclips(  297): Found widget: id=2131165223 (android.widget.TextView@40679120): HTTP Username (optional):
D/nofatclips(  297): Found widget: id=2131165224 (android.widget.EditText@406739c0): 
D/nofatclips(  297): Found widget: id=2131165225 (android.widget.TextView@406746c0): HTTP Password (optional):
D/nofatclips(  297): Found widget: id=2131165226 (android.widget.EditText@40674c20): 
D/nofatclips(  297): Found widget: id=2131165288 (android.widget.RelativeLayout@40603038)
D/nofatclips(  297): Found widget: id=2131165346 (android.widget.TextView@40603598): Media
D/nofatclips(  297): Found widget: id=2131165347 (android.widget.TextView@40603ea8): Default image width
D/nofatclips(  297): Found widget: id=2131165348 (android.widget.Spinner@40604660)
D/nofatclips(  297): Found widget: id=16908308 (android.widget.TextView@4063ddf0): 1000
D/nofatclips(  297): Found widget: id=2131165349 (android.widget.CheckBox@405c2cd8): Upload and link to full image
D/nofatclips(  297): Found widget: id=2131165266 (android.widget.RelativeLayout@405c3a48)
D/nofatclips(  297): Found widget: id=2131165350 (android.widget.TextView@405c4080): Location
D/nofatclips(  297): Found widget: id=2131165351 (android.widget.CheckBox@405c4998): Geotag Posts
D/nofatclips(  297): Found widget: id=2131165219 (android.widget.Button@40648460): Save
D/nofatclips(  297): Found widget: id=2131165220 (android.widget.Button@406496e8): Cancel
D/nofatclips(  297): Found widget: id=2131165352 (org.wordpress.android.util.WPTitleBar@4064a0a8)
D/nofatclips(  297): Found widget: id=2131165195 (android.widget.RelativeLayout@4064acc8)
D/nofatclips(  297): Found widget: id=2131165196 (android.widget.RelativeLayout@40645420)
D/nofatclips(  297): Found widget: id=2131165197 (android.widget.ImageView@40646af0)
D/nofatclips(  297): Found widget: id=2131165198 (android.widget.TextView@40646f50): Katie's Sweet Testing Blog
D/nofatclips(  297): Found widget: id=2131165199 (android.widget.ImageView@40647be0)
D/nofatclips(  297): Found widget: id=-1 (android.widget.RelativeLayout@40647ff8)
D/nofatclips(  297): Found widget: id=2131165200 (android.widget.ImageButton@4063a4f8)
D/nofatclips(  297): Found widget: id=-1 (android.widget.FrameLayout@4063af78)
D/nofatclips(  297): Found widget: id=2131165201 (android.widget.Button@4063b288): 
D/nofatclips(  297): Found widget: id=2131165202 (android.widget.ImageView@4063bd30)
D/nofatclips(  297): Found widget: id=2131165203 (android.widget.ImageView@4063c0e0)
D/nofatclips(  297): Found widget: id=2131165204 (android.widget.LinearLayout@4063c718)
D/nofatclips(  297): Found widget: id=-1 (android.widget.FrameLayout@4063d188)
D/nofatclips(  297): Found widget: id=-1 (android.widget.LinearLayout@4063d4c8)
D/nofatclips(  297): Found widget: id=-1 (android.widget.LinearLayout@4067c908)
D/nofatclips(  297): Found widget: id=-1 (android.widget.LinearLayout@4067cb28)
D/nofatclips(  297): Found widget: id=2131165251 (android.widget.LinearLayout@4067cd48)
D/nofatclips(  297): Found widget: id=-1 (android.widget.ImageView@4067e520)
D/nofatclips(  297): Found widget: id=2131165256 (android.widget.TextView@4067e918): New Post
D/nofatclips(  297): Found widget: id=2131165253 (android.widget.LinearLayout@40688040)
D/nofatclips(  297): Found widget: id=-1 (android.widget.ImageView@40689600)
D/nofatclips(  297): Found widget: id=2131165256 (android.widget.TextView@406899b0): New Page
D/nofatclips(  297): Found widget: id=-1 (android.widget.LinearLayout@40689e40)
D/nofatclips(  297): Found widget: id=2131165252 (android.widget.LinearLayout@4068a060)
D/nofatclips(  297): Found widget: id=-1 (android.widget.ImageView@4068b550)
D/nofatclips(  297): Found widget: id=2131165256 (android.widget.TextView@40632bd8): Quick Photo
D/nofatclips(  297): Found widget: id=2131165254 (android.widget.LinearLayout@40633068)
D/nofatclips(  297): Found widget: id=-1 (android.widget.ImageView@40633a98)
D/nofatclips(  297): Found widget: id=2131165256 (android.widget.TextView@40633e48): Quick Video
D/nofatclips(  297): Found widget: id=-1 (android.widget.LinearLayout@406342d8)
D/nofatclips(  297): Found widget: id=-1 (android.widget.LinearLayout@406344f8)
D/nofatclips(  297): Found widget: id=2131165255 (android.widget.LinearLayout@40634718)
D/nofatclips(  297): Found widget: id=-1 (android.widget.ImageView@40635148)
D/nofatclips(  297): Found widget: id=2131165256 (android.widget.TextView@406354f8): Posts
D/nofatclips(  297): Found widget: id=2131165257 (android.widget.LinearLayout@40635988)
D/nofatclips(  297): Found widget: id=-1 (android.widget.ImageView@406363b8)
D/nofatclips(  297): Found widget: id=2131165256 (android.widget.TextView@40636768): Pages
D/nofatclips(  297): Found widget: id=-1 (android.widget.FrameLayout@405bb868)
D/nofatclips(  297): Found widget: id=2131165258 (android.widget.LinearLayout@405bbad0)
D/nofatclips(  297): Found widget: id=-1 (android.widget.ImageView@405bc500)
D/nofatclips(  297): Found widget: id=2131165256 (android.widget.TextView@40592f40): Comments
D/nofatclips(  297): Found widget: id=2131165259 (android.widget.FrameLayout@4059a0d8)
D/nofatclips(  297): Found widget: id=2131165260 (android.widget.ImageView@4055b200)
D/nofatclips(  297): Found widget: id=2131165261 (org.wordpress.android.util.CommentBadgeTextView@405d6ac8): 0
D/nofatclips(  297): Found widget: id=-1 (android.widget.LinearLayout@40566e48)
D/nofatclips(  297): Found widget: id=2131165262 (android.widget.LinearLayout@4053b500)
D/nofatclips(  297): Found widget: id=-1 (android.widget.ImageView@40597858)
D/nofatclips(  297): Found widget: id=2131165256 (android.widget.TextView@405dc3e0): Settings
D/nofatclips(  297): Found widget: id=2131165263 (android.widget.LinearLayout@405dc1d8)
D/nofatclips(  297): Found widget: id=-1 (android.widget.ImageView@40596228)
D/nofatclips(  297): Found widget: id=2131165256 (android.widget.TextView@405e6fe8): Read
D/nofatclips(  297): Found widget: id=2131165264 (android.widget.LinearLayout@405336c8)
D/nofatclips(  297): Found widget: id=-1 (android.widget.ImageView@4054fc10)
D/nofatclips(  297): Found widget: id=2131165256 (android.widget.TextView@4060d688): Stats
D/nofatclips(  297): Found widget: id=-1 (com.android.internal.policy.impl.PhoneWindow$DecorView@4054d2d0)
V/nicola  (  297): TextualID : l_section1
V/nicola  (  297): ContentType detected : default
V/nicola  (  297): TextualID : l_username
V/nicola  (  297): ContentType detected : default
V/ReflectionHelper(  297): android.widget.EditText > mOnFocusChangeListener FOUND | NOT ACTIVE
V/nicola  (  297): TextualID : username
V/nicola  (  297): ContentType detected : default
V/nicola  (  297): TextualID : l_password
V/nicola  (  297): ContentType detected : default
V/ReflectionHelper(  297): android.widget.EditText > mOnFocusChangeListener FOUND | NOT ACTIVE
V/nicola  (  297): TextualID : password
V/nicola  (  297): ContentType detected : default
V/nicola  (  297): TextualID : l_username
V/nicola  (  297): ContentType detected : default
V/nicola  (  297): TextualID : l_section2
V/nicola  (  297): ContentType detected : default
V/nicola  (  297): TextualID : l_maxImageWidth
V/nicola  (  297): ContentType detected : default
V/nicola  (  297): TextualID : null
V/nicola  (  297): ContentType detected : default
V/nicola  (  297): TextualID : fullSizeImage
V/nicola  (  297): ContentType detected : default
V/nicola  (  297): TextualID : l_section3
V/nicola  (  297): ContentType detected : default
V/nicola  (  297): TextualID : location
V/nicola  (  297): ContentType detected : default
V/nicola  (  297): TextualID : save
V/nicola  (  297): ContentType detected : default
V/nicola  (  297): TextualID : cancel
V/nicola  (  297): ContentType detected : default
V/nicola  (  297): TextualID : blog_title
V/nicola  (  297): ContentType detected : default
V/nicola  (  297): TextualID : action_refresh
V/nicola  (  297): ContentType detected : default
I/nofatclips(  297): Performing comparation for activity Settings
D/nofatclips(  297): Comparing against activity Settings
I/nofatclips(  297): Registering activity Settings (id: a39) as a new found state
D/nofatclips(  297): Performing backup of the old activity list on disk
D/nofatclips(  297): Saving new found state 'a39' on disk
V/nofatclips(  297): Opening state file in append mode.
I/nofatclips(  297): Saved image on disk: a39.jpg
I/nofatclips(  297): Waiting for 100 msec.
I/nofatclips(  297): Session count is 1. Will dump to disk at 1
I/nofatclips(  297): Saving the session on disk.
I/nofatclips(  297): Planning for new Activity Settings
D/nofatclips(  297): Handling event selectSpinnerItem for items [1,11] on spinner #2131165348 count=11
D/nofatclips(  297): Handling input 'writeText' on widget id=2131165215 type=editText name=
V/nofatclips(  297): Using value: 27
D/nofatclips(  297): Handling input 'writeText' on widget id=2131165217 type=editText name=
V/nofatclips(  297): Using value: 29
D/dalvikvm(  297): GC_CONCURRENT freed 1139K, 54% free 3622K/7815K, external 3667K/3812K, paused 6ms+7ms
D/nofatclips(  297): Handling input 'writeText' on widget id=2131165215 type=editText name=
V/nofatclips(  297): Using value: 27
D/nofatclips(  297): Handling input 'writeText' on widget id=2131165217 type=editText name=
V/nofatclips(  297): Using value: 29
D/nofatclips(  297): Handling input 'writeText' on widget id=2131165215 type=editText name=
V/nofatclips(  297): Using value: 27
D/nofatclips(  297): Handling input 'writeText' on widget id=2131165217 type=editText name=
V/nofatclips(  297): Using value: 29
D/nofatclips(  297): Handling input 'writeText' on widget id=2131165215 type=editText name=
V/nofatclips(  297): Using value: 27
D/nofatclips(  297): Handling input 'writeText' on widget id=2131165217 type=editText name=
V/nofatclips(  297): Using value: 29
D/nofatclips(  297): Handling input 'writeText' on widget id=2131165215 type=editText name=
V/nofatclips(  297): Using value: 27
D/nofatclips(  297): Handling input 'writeText' on widget id=2131165217 type=editText name=
V/nofatclips(  297): Using value: 29
D/nofatclips(  297): Handling input 'writeText' on widget id=2131165215 type=editText name=
V/nofatclips(  297): Using value: 27
D/nofatclips(  297): Handling input 'writeText' on widget id=2131165217 type=editText name=
V/nofatclips(  297): Using value: 29
D/nofatclips(  297): Handling input 'writeText' on widget id=2131165215 type=editText name=
V/nofatclips(  297): Using value: 27
D/nofatclips(  297): Handling input 'writeText' on widget id=2131165217 type=editText name=
V/nofatclips(  297): Using value: 29
D/nofatclips(  297): Handling input 'writeText' on widget id=2131165215 type=editText name=
V/nofatclips(  297): Using value: 27
D/nofatclips(  297): Handling input 'writeText' on widget id=2131165217 type=editText name=
V/nofatclips(  297): Using value: 29
D/nofatclips(  297): Handling input 'writeText' on widget id=2131165215 type=editText name=
V/nofatclips(  297): Using value: 27
D/nofatclips(  297): Handling input 'writeText' on widget id=2131165217 type=editText name=
V/nofatclips(  297): Using value: 29
D/nofatclips(  297): Handling input 'writeText' on widget id=2131165215 type=editText name=
V/nofatclips(  297): Using value: 27
D/nofatclips(  297): Handling input 'writeText' on widget id=2131165217 type=editText name=
V/nofatclips(  297): Using value: 29
D/nofatclips(  297): Handling input 'writeText' on widget id=2131165215 type=editText name=
V/nofatclips(  297): Using value: 27
D/nofatclips(  297): Handling input 'writeText' on widget id=2131165217 type=editText name=
V/nofatclips(  297): Using value: 29
D/nofatclips(  297): Handling event 'click' on widget id=2131165349 type=check name=Upload and link to full image
D/nofatclips(  297): Handling input 'writeText' on widget id=2131165215 type=editText name=
V/nofatclips(  297): Using value: 27
D/nofatclips(  297): Handling input 'writeText' on widget id=2131165217 type=editText name=
V/nofatclips(  297): Using value: 29
D/nofatclips(  297): Handling event 'click' on widget id=2131165351 type=check name=Geotag Posts
D/nofatclips(  297): Handling input 'writeText' on widget id=2131165215 type=editText name=
V/nofatclips(  297): Using value: 27
D/nofatclips(  297): Handling input 'writeText' on widget id=2131165217 type=editText name=
V/nofatclips(  297): Using value: 29
D/nofatclips(  297): Handling event 'click' on widget id=2131165219 type=button name=Save
D/nofatclips(  297): Handling input 'writeText' on widget id=2131165215 type=editText name=
V/nofatclips(  297): Using value: 27
D/nofatclips(  297): Handling input 'writeText' on widget id=2131165217 type=editText name=
V/nofatclips(  297): Using value: 29
D/nofatclips(  297): Handling event 'click' on widget id=2131165220 type=button name=Cancel
D/nofatclips(  297): Handling input 'writeText' on widget id=2131165215 type=editText name=
V/nofatclips(  297): Using value: 27
D/nofatclips(  297): Handling input 'writeText' on widget id=2131165217 type=editText name=
V/nofatclips(  297): Using value: 29
D/nofatclips(  297): Handling event 'click' on widget id=2131165200 type=button name=
D/nofatclips(  297): Handling input 'writeText' on widget id=2131165215 type=editText name=
V/nofatclips(  297): Using value: 27
D/nofatclips(  297): Handling input 'writeText' on widget id=2131165217 type=editText name=
V/nofatclips(  297): Using value: 29
I/nofatclips(  297): Created trace to press the back button
I/nofatclips(  297): Created trace to press the menu button
I/nofatclips(  297): Created trace to change orientation
D/dalvikvm(  297): GC_CONCURRENT freed 1674K, 55% free 3599K/7879K, external 3067K/3812K, paused 3ms+4ms
I/nofatclips(  297): Check for termination: 62 steps left of 100
I/nofatclips(  297): Dispatching new task. 2 more tasks remaining.
D/nofatclips(  297): Performing backup of the old task list on disk
D/nofatclips(  297): Saving task list on disk
V/nofatclips(  297): Backing up trace #315 to disk.
V/nofatclips(  297): Backing up trace #316 to disk.
D/nofatclips(  297): Deleting backup of the old task list from disk
D/nofatclips(  297): Deleting backup of the old activity list from disk
I/nofatclips(  297): Incrementally Playing Trace 316
D/nofatclips(  297): Setting input: type= writeText id=2131165215 value=27
D/nofatclips(  297): Added to return list id=2131165215
I/nofatclips(  297): Retrieved from return list id=2131165215
D/nofatclips(  297): Testing for type (android.widget.EditText) against the original (android.widget.EditText)
D/nofatclips(  297): Testing for name () against the original ()
W/KeyCharacterMap(  297): No keyboard for id 0
W/KeyCharacterMap(  297): Using default keymap: /system/usr/keychars/qwerty.kcm.bin
D/nofatclips(  297): Setting input: type= writeText id=2131165217 value=29
D/nofatclips(  297): Added to return list id=2131165217
I/nofatclips(  297): Retrieved from return list id=2131165217
D/nofatclips(  297): Testing for type (android.widget.EditText) against the original (android.widget.EditText)
D/nofatclips(  297): Testing for name () against the original ()
I/nofatclips(  297): Retrieved from return list id=2131165348
