D/nofatclips(  221): Found widget: id=-1 (android.widget.LinearLayout@40780848)
D/nofatclips(  221): Found widget: id=2131165265 (org.wordpress.android.util.WPEditText@40779540): 
D/nofatclips(  221): Found widget: id=2131165289 (android.widget.RelativeLayout@4077ada0)
D/nofatclips(  221): Found widget: id=-1 (android.widget.HorizontalScrollView@4077c138)
D/nofatclips(  221): Found widget: id=-1 (android.widget.RelativeLayout@406b8d28)
D/nofatclips(  221): Found widget: id=2131165290 (android.widget.ToggleButton@406b9580): B
D/nofatclips(  221): Found widget: id=2131165291 (android.widget.ToggleButton@406baec8): I 
D/nofatclips(  221): Found widget: id=2131165292 (android.widget.ToggleButton@406bb9b0):  U 
D/nofatclips(  221): Found widget: id=2131165293 (android.widget.ToggleButton@407380f0):  ABC 
D/nofatclips(  221): Found widget: id=2131165294 (android.widget.Button@40738f08):  link 
D/nofatclips(  221): Found widget: id=2131165295 (android.widget.ToggleButton@40739b18): "
D/nofatclips(  221): Found widget: id=2131165296 (android.widget.Button@4073a610): More
D/nofatclips(  221): Found widget: id=2131165297 (android.widget.ImageButton@4073b108)
D/nofatclips(  221): Found widget: id=-1 (com.android.internal.policy.impl.PhoneWindow$DecorView@4077f7d8)
V/ReflectionHelper(  221): org.wordpress.android.util.WPEditText > mOnFocusChangeListener FOUND | ACTIVE
V/nicola  (  221): TextualID : postContent
V/nicola  (  221): ContentType detected : default
V/nicola  (  221): TextualID : bold
V/nicola  (  221): ContentType detected : default
V/nicola  (  221): TextualID : em
V/nicola  (  221): ContentType detected : default
V/nicola  (  221): TextualID : underline
V/nicola  (  221): ContentType detected : default
V/nicola  (  221): TextualID : strike
V/nicola  (  221): ContentType detected : default
V/nicola  (  221): TextualID : link
V/nicola  (  221): ContentType detected : default
V/nicola  (  221): TextualID : bquote
V/nicola  (  221): ContentType detected : default
V/nicola  (  221): TextualID : more
V/nicola  (  221): ContentType detected : default
I/nofatclips(  221): Performing comparation for activity EditContent
D/nofatclips(  221): Comparing against activity Dashboard
D/nofatclips(  221): Comparing against activity EditPost
D/nofatclips(  221): Comparing against activity Dashboard
D/nofatclips(  221): Comparing against activity EditPost
D/nofatclips(  221): Comparing against activity EditPost
D/nofatclips(  221): Comparing against activity EditPost
D/nofatclips(  221): Comparing against activity Dashboard
D/nofatclips(  221): Comparing against activity Dashboard
D/nofatclips(  221): Comparing against activity EditPost
D/nofatclips(  221): Comparing against activity EditPost
D/nofatclips(  221): Comparing against activity Dashboard
D/nofatclips(  221): Comparing against activity Dashboard
D/nofatclips(  221): Comparing against activity Dashboard
I/nofatclips(  221): Registering activity EditContent (id: a14) as a new found state
D/nofatclips(  221): Performing backup of the old activity list on disk
D/nofatclips(  221): Saving new found state 'a14' on disk
V/nofatclips(  221): Opening state file in append mode.
D/dalvikvm(  221): GC_EXTERNAL_ALLOC freed 737K, 55% free 3859K/8455K, external 4362K/4702K, paused 252ms
I/nofatclips(  221): Saved image on disk: a14.jpg
I/nofatclips(  221): Waiting for 100 msec.
I/nofatclips(  221): Session count is 1. Will dump to disk at 1
I/nofatclips(  221): Saving the session on disk.
I/nofatclips(  221): Planning for new Activity EditContent
D/nofatclips(  221): Handling event 'focus' on widget id=2131165265 type=focusableEditText name=Content
D/nofatclips(  221): Handling event 'click' on widget id=2131165290 type=toggle name=B
D/nofatclips(  221): Handling event 'click' on widget id=2131165291 type=toggle name=I 
D/nofatclips(  221): Handling event 'click' on widget id=2131165292 type=toggle name= U 
D/nofatclips(  221): Handling event 'click' on widget id=2131165293 type=toggle name= ABC 
D/nofatclips(  221): Handling event 'click' on widget id=2131165294 type=button name= link 
D/nofatclips(  221): Handling event 'click' on widget id=2131165295 type=toggle name="
D/nofatclips(  221): Handling event 'click' on widget id=2131165296 type=button name=More
D/nofatclips(  221): Handling event 'click' on widget id=2131165297 type=button name=
D/dalvikvm(  116): GC_EXTERNAL_ALLOC freed 180K, 47% free 3241K/6087K, external 1025K/1038K, paused 607ms
I/nofatclips(  221): Created trace to press the back button
I/nofatclips(  221): Created trace to press the menu button
I/nofatclips(  221): Created trace to change orientation
D/dalvikvm(  221): GC_CONCURRENT freed 1868K, 54% free 3922K/8455K, external 4962K/6196K, paused 5ms+26ms
I/nofatclips(  221): Check for termination: 87 steps left of 100
I/nofatclips(  221): Dispatching new task. 2 more tasks remaining.
D/nofatclips(  221): Performing backup of the old task list on disk
D/nofatclips(  221): Saving task list on disk
V/nofatclips(  221): Backing up trace #110 to disk.
V/nofatclips(  221): Backing up trace #111 to disk.
D/nofatclips(  221): Deleting backup of the old task list from disk
D/nofatclips(  221): Deleting backup of the old activity list from disk
D/dalvikvm(  116): GC_EXTERNAL_ALLOC freed 54K, 46% free 3311K/6087K, external 1541K/1551K, paused 325ms
I/nofatclips(  221): Incrementally Playing Trace 111
D/nofatclips(  221): Firing event: type= back
D/dalvikvm(  116): GC_EXTERNAL_ALLOC freed 49K, 45% free 3390K/6087K, external 2057K/2067K, paused 39ms
D/dalvikvm(  116): GC_CONCURRENT freed 46K, 44% free 3459K/6151K, external 2302K/2586K, paused 4ms+3ms
W/KeyCharacterMap(  221): No keyboard for id 0
W/KeyCharacterMap(  221): Using default keymap: /system/usr/keychars/qwerty.kcm.bin
W/KeyCharacterMap(  116): No keyboard for id 0
W/KeyCharacterMap(  116): Using default keymap: /system/usr/keychars/qwerty.kcm.bin
I/nofatclips(  221): Waiting for 100 msec.
I/nofatclips(  221): Current activity is EditPost
I/nofatclips(  221): Retrieving widgets
D/nofatclips(  221): Found widget: id=-1 (android.widget.LinearLayout@4076b670)
D/nofatclips(  221): Found widget: id=-1 (android.widget.FrameLayout@407841f8)
D/nofatclips(  221): Found widget: id=16908310 (android.widget.TextView@40726c00): Katie&#039;s Sweet Testing Blog - New Page
D/nofatclips(  221): Found widget: id=16908290 (android.widget.FrameLayout@40593b20)
D/nofatclips(  221): Found widget: id=2131165298 (android.widget.ScrollView@405c8210)
D/nofatclips(  221): Found widget: id=-1 (android.widget.LinearLayout@4071d768)
D/nofatclips(  221): Found widget: id=2131165209 (android.widget.RelativeLayout@4071da00)
D/nofatclips(  221): Found widget: id=2131165210 (android.widget.TextView@406cdc60): Page Content
D/nofatclips(  221): Found widget: id=2131165236 (android.widget.EditText@4071a4d0): 90
D/nofatclips(  221): Found widget: id=2131165265 (org.wordpress.android.util.WPEditText@406ad5a8): 
D/nofatclips(  221): Found widget: id=2131165288 (android.widget.RelativeLayout@4071a070)
D/nofatclips(  221): Found widget: id=2131165278 (android.widget.TextView@4071b378): Status
D/nofatclips(  221): Found widget: id=2131165279 (android.widget.TextView@405cdcc0): Status:
D/nofatclips(  221): Found widget: id=2131165280 (android.widget.Spinner@405cf5e0)
D/nofatclips(  221): Found widget: id=2131165281 (android.widget.TextView@406b1170): Publish:
D/nofatclips(  221): Found widget: id=2131165282 (android.widget.TextView@405e5ec8): Immediately
D/nofatclips(  221): Found widget: id=2131165283 (android.widget.Button@406a0498): Edit
D/nofatclips(  221): Found widget: id=2131165266 (android.widget.RelativeLayout@4068d180)
D/nofatclips(  221): Found widget: id=2131165216 (android.widget.TextView@4062bb10): Password (optional)
D/nofatclips(  221): Found widget: id=2131165286 (android.widget.EditText@4063fc48): 45
D/nofatclips(  221): Found widget: id=2131165287 (android.widget.Button@4072bb60): Publish
D/nofatclips(  221): Found widget: id=-1 (com.android.internal.policy.impl.PhoneWindow$DecorView@4072c5e0)
V/nicola  (  221): TextualID : null
V/nicola  (  221): ContentType detected : default
V/nicola  (  221): TextualID : l_section1
V/nicola  (  221): ContentType detected : default
V/ReflectionHelper(  221): android.widget.EditText > mOnFocusChangeListener FOUND | NOT ACTIVE
V/nicola  (  221): TextualID : title
V/nicola  (  221): ContentType detected : default
V/ReflectionHelper(  221): org.wordpress.android.util.WPEditText > mOnFocusChangeListener FOUND | ACTIVE
V/nicola  (  221): TextualID : postContent
V/nicola  (  221): ContentType detected : default
V/nicola  (  221): TextualID : l_status
V/nicola  (  221): ContentType detected : default
V/nicola  (  221): TextualID : statusLabel
V/nicola  (  221): ContentType detected : default
V/nicola  (  221): TextualID : pubDateLabel
V/nicola  (  221): ContentType detected : default
V/nicola  (  221): TextualID : pubDate
V/nicola  (  221): ContentType detected : default
V/nicola  (  221): TextualID : pubDateButton
V/nicola  (  221): ContentType detected : default
V/nicola  (  221): TextualID : l_password
V/nicola  (  221): ContentType detected : default
V/ReflectionHelper(  221): android.widget.EditText > mOnFocusChangeListener FOUND | NOT ACTIVE
V/nicola  (  221): TextualID : post_password
V/nicola  (  221): ContentType detected : default
V/nicola  (  221): TextualID : post
V/nicola  (  221): ContentType detected : default
I/nofatclips(  221): Performing comparation for activity EditPost
D/nofatclips(  221): Comparing against activity Dashboard
D/nofatclips(  221): Comparing against activity EditPost
D/nofatclips(  221): Comparing against activity EditPost
D/nofatclips(  221): Comparing against activity Dashboard
D/nofatclips(  221): Comparing against activity EditPost
D/nofatclips(  221): Comparing against activity Dashboard
D/nofatclips(  221): Comparing against activity Dashboard
D/nofatclips(  221): Comparing against activity Dashboard
D/nofatclips(  221): Comparing against activity Dashboard
D/nofatclips(  221): Comparing against activity EditPost
D/nofatclips(  221): Comparing against activity EditPost
D/nofatclips(  221): Comparing against activity Dashboard
D/nofatclips(  221): Comparing against activity EditPost
D/nofatclips(  221): Comparing against activity EditContent
I/nofatclips(  221): Registering activity EditPost (id: a15) as a new found state
D/nofatclips(  221): Performing backup of the old activity list on disk
D/nofatclips(  221): Saving new found state 'a15' on disk
V/nofatclips(  221): Opening state file in append mode.
I/nofatclips(  221): Saved image on disk: a15.jpg
I/nofatclips(  221): Waiting for 100 msec.
I/nofatclips(  221): Session count is 1. Will dump to disk at 1
I/nofatclips(  221): Saving the session on disk.
I/nofatclips(  221): Planning for new Activity EditPost
D/nofatclips(  221): Handling event 'focus' on widget id=2131165265 type=focusableEditText name=Content
D/nofatclips(  221): Handling input 'writeText' on widget id=2131165236 type=editText name=Title
V/nofatclips(  221): Using value: 90
D/nofatclips(  221): Handling input 'writeText' on widget id=2131165286 type=editText name=Password (optional)
V/nofatclips(  221): Using value: 45
D/nofatclips(  221): Handling event 'click' on widget id=2131165283 type=button name=Edit
D/nofatclips(  221): Handling input 'writeText' on widget id=2131165236 type=editText name=Title
V/nofatclips(  221): Using value: 90
D/nofatclips(  221): Handling input 'writeText' on widget id=2131165286 type=editText name=Password (optional)
V/nofatclips(  221): Using value: 45
D/nofatclips(  221): Handling event 'click' on widget id=2131165287 type=button name=Publish
D/nofatclips(  221): Handling input 'writeText' on widget id=2131165236 type=editText name=Title
V/nofatclips(  221): Using value: 90
D/nofatclips(  221): Handling input 'writeText' on widget id=2131165286 type=editText name=Password (optional)
V/nofatclips(  221): Using value: 45
I/nofatclips(  221): Created trace to press the back button
I/nofatclips(  221): Created trace to press the menu button
I/nofatclips(  221): Created trace to change orientation
D/dalvikvm(  221): GC_CONCURRENT freed 1987K, 54% free 3990K/8583K, external 4365K/4702K, paused 6ms+9ms
I/nofatclips(  221): Check for termination: 86 steps left of 100
I/nofatclips(  221): Dispatching new task. 2 more tasks remaining.
D/nofatclips(  221): Performing backup of the old task list on disk
D/nofatclips(  221): Saving task list on disk
V/nofatclips(  221): Backing up trace #116 to disk.
V/nofatclips(  221): Backing up trace #117 to disk.
D/nofatclips(  221): Deleting backup of the old task list from disk
D/nofatclips(  221): Deleting backup of the old activity list from disk
I/nofatclips(  221): Incrementally Playing Trace 117
I/nofatclips(  221): Retrieved from return list id=-1
D/nofatclips(  221): Testing for type (android.widget.LinearLayout) against the original (null)
I/nofatclips(  221): Firing event: type= openMenu name= widget=null
W/KeyCharacterMap(  221): No keyboard for id 0
W/KeyCharacterMap(  221): Using default keymap: /system/usr/keychars/qwerty.kcm.bin
I/nofatclips(  221): Waiting for 100 msec.
I/nofatclips(  221): Current activity is EditPost
I/nofatclips(  221): Retrieving widgets
D/nofatclips(  221): Found widget: id=-1 (android.widget.LinearLayout@4076b670)
D/nofatclips(  221): Found widget: id=-1 (android.widget.FrameLayout@407841f8)
D/nofatclips(  221): Found widget: id=16908310 (android.widget.TextView@40726c00): Katie&#039;s Sweet Testing Blog - New Page
D/nofatclips(  221): Found widget: id=16908290 (android.widget.FrameLayout@40593b20)
D/nofatclips(  221): Found widget: id=2131165298 (android.widget.ScrollView@405c8210)
D/nofatclips(  221): Found widget: id=-1 (android.widget.LinearLayout@4071d768)
D/nofatclips(  221): Found widget: id=2131165209 (android.widget.RelativeLayout@4071da00)
D/nofatclips(  221): Found widget: id=2131165210 (android.widget.TextView@406cdc60): Page Content
D/nofatclips(  221): Found widget: id=2131165236 (android.widget.EditText@4071a4d0): 90
D/nofatclips(  221): Found widget: id=2131165265 (org.wordpress.android.util.WPEditText@406ad5a8): 
D/nofatclips(  221): Found widget: id=2131165288 (android.widget.RelativeLayout@4071a070)
D/nofatclips(  221): Found widget: id=2131165278 (android.widget.TextView@4071b378): Status
D/nofatclips(  221): Found widget: id=2131165279 (android.widget.TextView@405cdcc0): Status:
D/nofatclips(  221): Found widget: id=2131165280 (android.widget.Spinner@405cf5e0)
D/nofatclips(  221): Found widget: id=2131165281 (android.widget.TextView@406b1170): Publish:
D/nofatclips(  221): Found widget: id=2131165282 (android.widget.TextView@405e5ec8): Immediately
D/nofatclips(  221): Found widget: id=2131165283 (android.widget.Button@406a0498): Edit
D/nofatclips(  221): Found widget: id=2131165266 (android.widget.RelativeLayout@4068d180)
D/nofatclips(  221): Found widget: id=2131165216 (android.widget.TextView@4062bb10): Password (optional)
D/nofatclips(  221): Found widget: id=2131165286 (android.widget.EditText@4063fc48): 45
D/nofatclips(  221): Found widget: id=2131165287 (android.widget.Button@4072bb60): Publish
D/nofatclips(  221): Found widget: id=-1 (com.android.internal.policy.impl.PhoneWindow$DecorView@4072c5e0)
V/nicola  (  221): TextualID : null
V/nicola  (  221): ContentType detected : default
V/nicola  (  221): TextualID : l_section1
V/nicola  (  221): ContentType detected : default
V/ReflectionHelper(  221): android.widget.EditText > mOnFocusChangeListener FOUND | NOT ACTIVE
V/nicola  (  221): TextualID : title
V/nicola  (  221): ContentType detected : default
V/ReflectionHelper(  221): org.wordpress.android.util.WPEditText > mOnFocusChangeListener FOUND | ACTIVE
V/nicola  (  221): TextualID : postContent
V/nicola  (  221): ContentType detected : default
V/nicola  (  221): TextualID : l_status
V/nicola  (  221): ContentType detected : default
V/nicola  (  221): TextualID : statusLabel
V/nicola  (  221): ContentType detected : default
V/nicola  (  221): TextualID : pubDateLabel
V/nicola  (  221): ContentType detected : default
V/nicola  (  221): TextualID : pubDate
V/nicola  (  221): ContentType detected : default
V/nicola  (  221): TextualID : pubDateButton
V/nicola  (  221): ContentType detected : default
V/nicola  (  221): TextualID : l_password
V/nicola  (  221): ContentType detected : default
V/ReflectionHelper(  221): android.widget.EditText > mOnFocusChangeListener FOUND | NOT ACTIVE
V/nicola  (  221): TextualID : post_password
V/nicola  (  221): ContentType detected : default
V/nicola  (  221): TextualID : post
V/nicola  (  221): ContentType detected : default
I/nofatclips(  221): Performing comparation for activity EditPost
D/nofatclips(  221): Comparing against activity Dashboard
D/nofatclips(  221): Comparing against activity EditPost
D/nofatclips(  221): Comparing against activity EditPost
D/nofatclips(  221): Comparing against activity EditPost
D/nofatclips(  221): Comparing against activity Dashboard
D/nofatclips(  221): Comparing against activity EditPost
D/nofatclips(  221): Comparing against activity Dashboard
D/nofatclips(  221): Comparing against activity Dashboard
D/nofatclips(  221): Comparing against activity Dashboard
D/nofatclips(  221): Comparing against activity Dashboard
D/nofatclips(  221): Comparing against activity EditPost
D/nofatclips(  221): Comparing against activity EditPost
D/nofatclips(  221): Comparing against activity Dashboard
D/nofatclips(  221): Comparing against activity EditPost
D/nofatclips(  221): Comparing against activity EditContent
I/nofatclips(  221): Registering activity EditPost (id: a16) as a new found state
D/nofatclips(  221): Performing backup of the old activity list on disk
D/nofatclips(  221): Saving new found state 'a16' on disk
V/nofatclips(  221): Opening state file in append mode.
I/nofatclips(  221): Saved image on disk: a16.jpg
I/nofatclips(  221): Waiting for 100 msec.
I/nofatclips(  221): Session count is 1. Will dump to disk at 1
I/nofatclips(  221): Saving the session on disk.
D/dalvikvm(  221): GC_FOR_MALLOC freed 1000K, 55% free 3947K/8583K, external 4362K/4698K, paused 126ms
I/dalvikvm-heap(  221): Grow heap (frag case) to 10.695MB for 38770-byte allocation
D/dalvikvm(  221): GC_FOR_MALLOC freed 14K, 55% free 3970K/8647K, external 3762K/4698K, paused 79ms
I/nofatclips(  221): Planning for new Activity EditPost
D/nofatclips(  221): Handling event 'focus' on widget id=2131165265 type=focusableEditText name=Content
D/nofatclips(  221): Handling input 'writeText' on widget id=2131165236 type=editText name=Title
V/nofatclips(  221): Using value: 90
D/nofatclips(  221): Handling input 'writeText' on widget id=2131165286 type=editText name=Password (optional)
V/nofatclips(  221): Using value: 45
D/nofatclips(  221): Handling event 'click' on widget id=2131165283 type=button name=Edit
D/nofatclips(  221): Handling input 'writeText' on widget id=2131165236 type=editText name=Title
V/nofatclips(  221): Using value: 90
D/nofatclips(  221): Handling input 'writeText' on widget id=2131165286 type=editText name=Password (optional)
V/nofatclips(  221): Using value: 45
D/nofatclips(  221): Handling event 'click' on widget id=2131165287 type=button name=Publish
D/nofatclips(  221): Handling input 'writeText' on widget id=2131165236 type=editText name=Title
V/nofatclips(  221): Using value: 90
D/nofatclips(  221): Handling input 'writeText' on widget id=2131165286 type=editText name=Password (optional)
V/nofatclips(  221): Using value: 45
I/nofatclips(  221): Created trace to press the back button
I/nofatclips(  221): Created trace to press the menu button
I/nofatclips(  221): Created trace to change orientation
I/nofatclips(  221): Check for termination: 85 steps left of 100
I/nofatclips(  221): Dispatching new task. 2 more tasks remaining.
D/nofatclips(  221): Performing backup of the old task list on disk
D/nofatclips(  221): Saving task list on disk
V/nofatclips(  221): Backing up trace #122 to disk.
V/nofatclips(  221): Backing up trace #123 to disk.
D/nofatclips(  221): Deleting backup of the old task list from disk
D/nofatclips(  221): Deleting backup of the old activity list from disk
I/nofatclips(  221): Incrementally Playing Trace 123
D/nofatclips(  221): Setting input: type= writeText id=2131165236 value=90
D/nofatclips(  221): Added to return list id=2131165236
I/nofatclips(  221): Retrieved from return list id=2131165236
D/nofatclips(  221): Testing for type (android.widget.EditText) against the original (android.widget.EditText)
D/nofatclips(  221): Testing for name (Title) against the original (Title)
D/dalvikvm(  221): GC_CONCURRENT freed 1631K, 55% free 3962K/8647K, external 3762K/4698K, paused 6ms+5ms
W/KeyCharacterMap(  221): No keyboard for id 0
W/KeyCharacterMap(  221): Using default keymap: /system/usr/keychars/qwerty.kcm.bin
D/nofatclips(  221): Setting input: type= writeText id=2131165286 value=45
D/nofatclips(  221): Added to return list id=2131165286
I/nofatclips(  221): Retrieved from return list id=2131165286
D/nofatclips(  221): Testing for type (android.widget.EditText) against the original (android.widget.EditText)
D/nofatclips(  221): Testing for name (Password (optional)) against the original (Password (optional))
I/nofatclips(  221): Retrieved from return list id=2131165287
D/nofatclips(  221): Testing for type (android.widget.Button) against the original (android.widget.Button)
D/nofatclips(  221): Testing for name (Publish) against the original (Publish)
I/nofatclips(  221): Firing event: type= click index=20 widget=android.widget.Button
D/nofatclips(  221): Event description: Publish
I/nofatclips(  221): Waiting for 100 msec.
I/nofatclips(  221): Current activity is EditPost
I/nofatclips(  221): Retrieving widgets
D/nofatclips(  221): Found widget: id=16908290 (android.widget.FrameLayout@405a0520)
D/nofatclips(  221): Found widget: id=16908666 (com.android.internal.widget.WeightedLinearLayout@405b5f90)
D/nofatclips(  221): Found widget: id=16908667 (android.widget.LinearLayout@4067ca20)
D/nofatclips(  221): Found widget: id=16908668 (android.widget.LinearLayout@4069d5f0)
D/nofatclips(  221): Found widget: id=16908294 (android.widget.ImageView@406aad68)
D/nofatclips(  221): Found widget: id=16908669 (com.android.internal.widget.DialogTitle@4071bbd0): No Content Found
D/nofatclips(  221): Found widget: id=16908670 (android.widget.ImageView@406b9aa8)
D/nofatclips(  221): Found widget: id=16908671 (android.widget.LinearLayout@4072c978)
D/nofatclips(  221): Found widget: id=16908672 (android.widget.ScrollView@405a2580)
D/nofatclips(  221): Found widget: id=16908299 (android.widget.TextView@40747790): Please enter some post content or attach a media item.
D/nofatclips(  221): Found widget: id=16908673 (android.widget.FrameLayout@405ce370)
D/nofatclips(  221): Found widget: id=16908331 (android.widget.FrameLayout@405dbdb8)
D/nofatclips(  221): Found widget: id=16908674 (android.widget.LinearLayout@407495a0)
D/nofatclips(  221): Found widget: id=-1 (android.widget.LinearLayout@40750328)
D/nofatclips(  221): Found widget: id=16908675 (android.widget.LinearLayout@4083d6f0)
D/nofatclips(  221): Found widget: id=16908313 (android.widget.Button@405b6c18): OK
D/nofatclips(  221): Found widget: id=16908315 (android.widget.Button@405c83b8): 
D/nofatclips(  221): Found widget: id=16908314 (android.widget.Button@40724d40): 
D/nofatclips(  221): Found widget: id=16908676 (android.widget.LinearLayout@4083f938)
D/nofatclips(  221): Found widget: id=-1 (com.android.internal.policy.impl.PhoneWindow$DecorView@40587610)
V/nicola  (  221): TextualID : null
V/nicola  (  221): ContentType detected : default
V/nicola  (  221): TextualID : null
V/nicola  (  221): ContentType detected : default
V/nicola  (  221): TextualID : null
V/nicola  (  221): ContentType detected : default
I/nofatclips(  221): Performing comparation for activity EditPost
D/nofatclips(  221): Comparing against activity Dashboard
D/nofatclips(  221): Comparing against activity EditPost
D/nofatclips(  221): Comparing against activity EditPost
D/nofatclips(  221): Comparing against activity EditPost
D/nofatclips(  221): Comparing against activity Dashboard
D/nofatclips(  221): Comparing against activity EditPost
D/nofatclips(  221): Comparing against activity Dashboard
D/nofatclips(  221): Comparing against activity Dashboard
D/nofatclips(  221): Comparing against activity Dashboard
D/nofatclips(  221): Comparing against activity EditPost
D/nofatclips(  221): Comparing against activity Dashboard
D/nofatclips(  221): Comparing against activity EditPost
D/nofatclips(  221): Comparing against activity EditPost
D/nofatclips(  221): Comparing against activity Dashboard
D/nofatclips(  221): Comparing against activity EditPost
D/nofatclips(  221): Comparing against activity EditContent
I/nofatclips(  221): Registering activity EditPost (id: a17) as a new found state
D/nofatclips(  221): Performing backup of the old activity list on disk
D/nofatclips(  221): Saving new found state 'a17' on disk
V/nofatclips(  221): Opening state file in append mode.
I/nofatclips(  221): Saved image on disk: a17.jpg
I/nofatclips(  221): Waiting for 100 msec.
I/nofatclips(  221): Session count is 1. Will dump to disk at 1
I/nofatclips(  221): Saving the session on disk.
I/nofatclips(  221): Planning for new Activity EditPost
D/nofatclips(  221): Handling event 'click' on widget id=16908313 type=button name=OK
I/nofatclips(  221): Created trace to press the back button
I/nofatclips(  221): Created trace to press the menu button
I/nofatclips(  221): Created trace to change orientation
I/nofatclips(  221): Check for termination: 84 steps left of 100
I/nofatclips(  221): Dispatching new task. 2 more tasks remaining.
D/nofatclips(  221): Performing backup of the old task list on disk
D/nofatclips(  221): Saving task list on disk
V/nofatclips(  221): Backing up trace #126 to disk.
D/dalvikvm(  221): GC_FOR_MALLOC freed 1490K, 53% free 4066K/8647K, external 4361K/4698K, paused 85ms
V/nofatclips(  221): Backing up trace #127 to disk.
D/nofatclips(  221): Deleting backup of the old task list from disk
D/nofatclips(  221): Deleting backup of the old activity list from disk
I/nofatclips(  221): Incrementally Playing Trace 127
I/nofatclips(  221): Retrieved from return list id=16908290
D/nofatclips(  221): Testing for type (android.widget.FrameLayout) against the original (null)
I/nofatclips(  221): Firing event: type= openMenu name= widget=null
W/KeyCharacterMap(  221): No keyboard for id 0
W/KeyCharacterMap(  221): Using default keymap: /system/usr/keychars/qwerty.kcm.bin
I/nofatclips(  221): Waiting for 100 msec.
I/nofatclips(  221): Current activity is EditPost
I/nofatclips(  221): Retrieving widgets
D/nofatclips(  221): Found widget: id=16908290 (android.widget.FrameLayout@405a0520)
D/nofatclips(  221): Found widget: id=16908666 (com.android.internal.widget.WeightedLinearLayout@405b5f90)
D/nofatclips(  221): Found widget: id=16908667 (android.widget.LinearLayout@4067ca20)
D/nofatclips(  221): Found widget: id=16908668 (android.widget.LinearLayout@4069d5f0)
D/nofatclips(  221): Found widget: id=16908294 (android.widget.ImageView@406aad68)
D/nofatclips(  221): Found widget: id=16908669 (com.android.internal.widget.DialogTitle@4071bbd0): No Content Found
D/nofatclips(  221): Found widget: id=16908670 (android.widget.ImageView@406b9aa8)
D/nofatclips(  221): Found widget: id=16908671 (android.widget.LinearLayout@4072c978)
D/nofatclips(  221): Found widget: id=16908672 (android.widget.ScrollView@405a2580)
D/nofatclips(  221): Found widget: id=16908299 (android.widget.TextView@40747790): Please enter some post content or attach a media item.
D/nofatclips(  221): Found widget: id=16908673 (android.widget.FrameLayout@405ce370)
D/nofatclips(  221): Found widget: id=16908331 (android.widget.FrameLayout@405dbdb8)
D/nofatclips(  221): Found widget: id=16908674 (android.widget.LinearLayout@407495a0)
D/nofatclips(  221): Found widget: id=-1 (android.widget.LinearLayout@40750328)
D/nofatclips(  221): Found widget: id=16908675 (android.widget.LinearLayout@4083d6f0)
D/nofatclips(  221): Found widget: id=16908313 (android.widget.Button@405b6c18): OK
D/nofatclips(  221): Found widget: id=16908315 (android.widget.Button@405c83b8): 
D/nofatclips(  221): Found widget: id=16908314 (android.widget.Button@40724d40): 
D/nofatclips(  221): Found widget: id=16908676 (android.widget.LinearLayout@4083f938)
D/nofatclips(  221): Found widget: id=-1 (com.android.internal.policy.impl.PhoneWindow$DecorView@40587610)
V/nicola  (  221): TextualID : null
V/nicola  (  221): ContentType detected : default
V/nicola  (  221): TextualID : null
V/nicola  (  221): ContentType detected : default
V/nicola  (  221): TextualID : null
V/nicola  (  221): ContentType detected : default
I/nofatclips(  221): Performing comparation for activity EditPost
D/nofatclips(  221): Comparing against activity Dashboard
D/nofatclips(  221): Comparing against activity EditPost
D/nofatclips(  221): Comparing against activity EditPost
D/nofatclips(  221): Comparing against activity EditPost
D/nofatclips(  221): Comparing against activity EditPost
D/nofatclips(  221): Comparing against activity Dashboard
D/nofatclips(  221): Comparing against activity EditPost
D/nofatclips(  221): Comparing against activity Dashboard
D/nofatclips(  221): Comparing against activity Dashboard
D/nofatclips(  221): Comparing against activity Dashboard
D/nofatclips(  221): Comparing against activity EditPost
D/nofatclips(  221): Comparing against activity Dashboard
D/nofatclips(  221): Comparing against activity EditPost
D/nofatclips(  221): Comparing against activity EditPost
D/nofatclips(  221): Comparing against activity Dashboard
D/nofatclips(  221): Comparing against activity EditPost
D/nofatclips(  221): Comparing against activity EditContent
I/nofatclips(  221): Registering activity EditPost (id: a18) as a new found state
D/nofatclips(  221): Performing backup of the old activity list on disk
D/nofatclips(  221): Saving new found state 'a18' on disk
V/nofatclips(  221): Opening state file in append mode.
I/nofatclips(  221): Saved image on disk: a18.jpg
I/nofatclips(  221): Waiting for 100 msec.
I/nofatclips(  221): Session count is 1. Will dump to disk at 1
I/nofatclips(  221): Saving the session on disk.
D/dalvikvm(  221): GC_FOR_MALLOC freed 771K, 54% free 4036K/8647K, external 4361K/4698K, paused 138ms
I/nofatclips(  221): Planning for new Activity EditPost
D/nofatclips(  221): Handling event 'click' on widget id=16908313 type=button name=OK
I/nofatclips(  221): Created trace to press the back button
I/nofatclips(  221): Created trace to press the menu button
I/nofatclips(  221): Created trace to change orientation
I/nofatclips(  221): Check for termination: 83 steps left of 100
I/nofatclips(  221): Dispatching new task. 2 more tasks remaining.
D/nofatclips(  221): Performing backup of the old task list on disk
D/nofatclips(  221): Saving task list on disk
V/nofatclips(  221): Backing up trace #130 to disk.
V/nofatclips(  221): Backing up trace #131 to disk.
D/dalvikvm(  221): GC_FOR_MALLOC freed 1083K, 53% free 4118K/8647K, external 4063K/4698K, paused 85ms
D/nofatclips(  221): Deleting backup of the old task list from disk
D/nofatclips(  221): Deleting backup of the old activity list from disk
I/nofatclips(  221): Incrementally Playing Trace 131
I/nofatclips(  221): Retrieved from return list id=16908290
D/nofatclips(  221): Testing for type (android.widget.FrameLayout) against the original (null)
I/nofatclips(  221): Firing event: type= changeOrientation name= widget=null
I/WindowManager(   61): Setting rotation to 1, animFlags=1
I/ActivityManager(   61): Config changed: { scale=1.0 imsi=310/260 loc=en_US touch=3 keys=2/1/2 nav=1/1 orien=2 layout=18 uiMode=17 seq=9}
I/nofatclips(  221): Waiting for 100 msec.
I/nofatclips(  221): Current activity is EditPost
I/nofatclips(  221): Retrieving widgets
D/nofatclips(  221): Found widget: id=16908290 (android.widget.FrameLayout@405a0520)
D/nofatclips(  221): Found widget: id=16908666 (com.android.internal.widget.WeightedLinearLayout@405b5f90)
D/nofatclips(  221): Found widget: id=16908667 (android.widget.LinearLayout@4067ca20)
D/nofatclips(  221): Found widget: id=16908668 (android.widget.LinearLayout@4069d5f0)
D/nofatclips(  221): Found widget: id=16908294 (android.widget.ImageView@406aad68)
D/nofatclips(  221): Found widget: id=16908669 (com.android.internal.widget.DialogTitle@4071bbd0): No Content Found
D/nofatclips(  221): Found widget: id=16908670 (android.widget.ImageView@406b9aa8)
D/nofatclips(  221): Found widget: id=16908671 (android.widget.LinearLayout@4072c978)
D/nofatclips(  221): Found widget: id=16908672 (android.widget.ScrollView@405a2580)
D/nofatclips(  221): Found widget: id=16908299 (android.widget.TextView@40747790): Please enter some post content or attach a media item.
D/nofatclips(  221): Found widget: id=16908673 (android.widget.FrameLayout@405ce370)
D/nofatclips(  221): Found widget: id=16908331 (android.widget.FrameLayout@405dbdb8)
D/nofatclips(  221): Found widget: id=16908674 (android.widget.LinearLayout@407495a0)
D/nofatclips(  221): Found widget: id=-1 (android.widget.LinearLayout@40750328)
D/nofatclips(  221): Found widget: id=16908675 (android.widget.LinearLayout@4083d6f0)
D/nofatclips(  221): Found widget: id=16908313 (android.widget.Button@405b6c18): OK
D/nofatclips(  221): Found widget: id=16908315 (android.widget.Button@405c83b8): 
D/nofatclips(  221): Found widget: id=16908314 (android.widget.Button@40724d40): 
D/nofatclips(  221): Found widget: id=16908676 (android.widget.LinearLayout@4083f938)
D/nofatclips(  221): Found widget: id=-1 (com.android.internal.policy.impl.PhoneWindow$DecorView@40587610)
V/nicola  (  221): TextualID : null
V/nicola  (  221): ContentType detected : default
V/nicola  (  221): TextualID : null
V/nicola  (  221): ContentType detected : default
V/nicola  (  221): TextualID : null
V/nicola  (  221): ContentType detected : default
I/nofatclips(  221): Performing comparation for activity EditPost
D/nofatclips(  221): Comparing against activity Dashboard
D/nofatclips(  221): Comparing against activity EditPost
D/nofatclips(  221): Comparing against activity EditPost
D/nofatclips(  221): Comparing against activity EditPost
D/nofatclips(  221): Comparing against activity EditPost
D/nofatclips(  221): Comparing against activity Dashboard
D/nofatclips(  221): Comparing against activity EditPost
D/nofatclips(  221): Comparing against activity Dashboard
D/nofatclips(  221): Comparing against activity Dashboard
D/nofatclips(  221): Comparing against activity Dashboard
D/nofatclips(  221): Comparing against activity EditPost
D/nofatclips(  221): Comparing against activity Dashboard
D/nofatclips(  221): Comparing against activity EditPost
D/nofatclips(  221): Comparing against activity EditPost
D/nofatclips(  221): Comparing against activity Dashboard
D/nofatclips(  221): Comparing against activity EditPost
D/nofatclips(  221): Comparing against activity EditContent
D/nofatclips(  221): Comparing against activity EditPost
I/nofatclips(  221): Registering activity EditPost (id: a19) as a new found state
D/nofatclips(  221): Performing backup of the old activity list on disk
D/nofatclips(  221): Saving new found state 'a19' on disk
V/nofatclips(  221): Opening state file in append mode.
I/nofatclips(  221): Saved image on disk: a19.jpg
I/nofatclips(  221): Waiting for 100 msec.
I/nofatclips(  221): Session count is 1. Will dump to disk at 1
I/nofatclips(  221): Saving the session on disk.
D/dalvikvm(  221): GC_FOR_MALLOC freed 727K, 54% free 4040K/8647K, external 4579K/4698K, paused 95ms
I/nofatclips(  221): Planning for new Activity EditPost
D/nofatclips(  221): Handling event 'click' on widget id=16908313 type=button name=OK
I/nofatclips(  221): Created trace to press the back button
I/nofatclips(  221): Created trace to press the menu button
I/nofatclips(  221): Created trace to change orientation
I/nofatclips(  221): Check for termination: 82 steps left of 100
I/nofatclips(  221): Dispatching new task. 2 more tasks remaining.
D/nofatclips(  221): Performing backup of the old task list on disk
D/nofatclips(  221): Saving task list on disk
V/nofatclips(  221): Backing up trace #134 to disk.
D/dalvikvm(   61): GC_EXPLICIT freed 71K, 45% free 4131K/7431K, external 1316K/1828K, paused 346ms
V/nofatclips(  221): Backing up trace #135 to disk.
D/nofatclips(  221): Deleting backup of the old task list from disk
D/nofatclips(  221): Deleting backup of the old activity list from disk
I/nofatclips(  221): Incrementally Playing Trace 135
D/nofatclips(  221): Firing event: type= back
W/InputManagerService(   61): Window already focused, ignoring focus gain of: com.android.internal.view.IInputMethodClient$Stub$Proxy@406556a8
I/nofatclips(  221): Waiting for 100 msec.
I/nofatclips(  221): Current activity is EditPost
I/nofatclips(  221): Retrieving widgets
D/nofatclips(  221): Found widget: id=-1 (android.widget.LinearLayout@4076b670)
D/nofatclips(  221): Found widget: id=-1 (android.widget.FrameLayout@407841f8)
D/nofatclips(  221): Found widget: id=16908310 (android.widget.TextView@40726c00): Katie&#039;s Sweet Testing Blog - New Page
D/nofatclips(  221): Found widget: id=16908290 (android.widget.FrameLayout@40593b20)
D/nofatclips(  221): Found widget: id=2131165298 (android.widget.ScrollView@405c8210)
D/nofatclips(  221): Found widget: id=-1 (android.widget.LinearLayout@4071d768)
D/nofatclips(  221): Found widget: id=2131165209 (android.widget.RelativeLayout@4071da00)
D/nofatclips(  221): Found widget: id=2131165210 (android.widget.TextView@406cdc60): Page Content
D/nofatclips(  221): Found widget: id=2131165236 (android.widget.EditText@4071a4d0): 90
D/nofatclips(  221): Found widget: id=2131165265 (org.wordpress.android.util.WPEditText@406ad5a8): 
D/nofatclips(  221): Found widget: id=2131165288 (android.widget.RelativeLayout@4071a070)
D/nofatclips(  221): Found widget: id=2131165278 (android.widget.TextView@4071b378): Status
D/nofatclips(  221): Found widget: id=2131165279 (android.widget.TextView@405cdcc0): Status:
D/nofatclips(  221): Found widget: id=2131165280 (android.widget.Spinner@405cf5e0)
D/nofatclips(  221): Found widget: id=2131165281 (android.widget.TextView@406b1170): Publish:
D/nofatclips(  221): Found widget: id=2131165282 (android.widget.TextView@405e5ec8): Immediately
D/nofatclips(  221): Found widget: id=2131165283 (android.widget.Button@406a0498): Edit
D/nofatclips(  221): Found widget: id=2131165266 (android.widget.RelativeLayout@4068d180)
D/nofatclips(  221): Found widget: id=2131165216 (android.widget.TextView@4062bb10): Password (optional)
D/nofatclips(  221): Found widget: id=2131165286 (android.widget.EditText@4063fc48): 45
D/nofatclips(  221): Found widget: id=2131165287 (android.widget.Button@4072bb60): Publish
D/nofatclips(  221): Found widget: id=-1 (com.android.internal.policy.impl.PhoneWindow$DecorView@4072c5e0)
V/nicola  (  221): TextualID : null
V/nicola  (  221): ContentType detected : default
V/nicola  (  221): TextualID : l_section1
V/nicola  (  221): ContentType detected : default
V/ReflectionHelper(  221): android.widget.EditText > mOnFocusChangeListener FOUND | NOT ACTIVE
V/nicola  (  221): TextualID : title
V/nicola  (  221): ContentType detected : default
V/ReflectionHelper(  221): org.wordpress.android.util.WPEditText > mOnFocusChangeListener FOUND | ACTIVE
V/nicola  (  221): TextualID : postContent
V/nicola  (  221): ContentType detected : default
V/nicola  (  221): TextualID : l_status
V/nicola  (  221): ContentType detected : default
V/nicola  (  221): TextualID : statusLabel
V/nicola  (  221): ContentType detected : default
V/nicola  (  221): TextualID : pubDateLabel
V/nicola  (  221): ContentType detected : default
V/nicola  (  221): TextualID : pubDate
V/nicola  (  221): ContentType detected : default
V/nicola  (  221): TextualID : pubDateButton
V/nicola  (  221): ContentType detected : default
V/nicola  (  221): TextualID : l_password
V/nicola  (  221): ContentType detected : default
V/ReflectionHelper(  221): android.widget.EditText > mOnFocusChangeListener FOUND | NOT ACTIVE
V/nicola  (  221): TextualID : post_password
V/nicola  (  221): ContentType detected : default
V/nicola  (  221): TextualID : post
V/nicola  (  221): ContentType detected : default
I/nofatclips(  221): Performing comparation for activity EditPost
D/nofatclips(  221): Comparing against activity Dashboard
D/nofatclips(  221): Comparing against activity EditPost
D/nofatclips(  221): Comparing against activity EditPost
D/nofatclips(  221): Comparing against activity EditPost
D/nofatclips(  221): Comparing against activity EditPost
D/nofatclips(  221): Comparing against activity Dashboard
D/nofatclips(  221): Comparing against activity EditPost
D/nofatclips(  221): Comparing against activity Dashboard
D/nofatclips(  221): Comparing against activity Dashboard
D/nofatclips(  221): Comparing against activity Dashboard
D/nofatclips(  221): Comparing against activity EditPost
D/nofatclips(  221): Comparing against activity Dashboard
D/nofatclips(  221): Comparing against activity EditPost
D/nofatclips(  221): Comparing against activity EditPost
D/nofatclips(  221): Comparing against activity Dashboard
D/nofatclips(  221): Comparing against activity EditPost
D/nofatclips(  221): Comparing against activity EditContent
D/nofatclips(  221): Comparing against activity EditPost
D/nofatclips(  221): Comparing against activity EditPost
I/nofatclips(  221): Registering activity EditPost (id: a20) as a new found state
D/nofatclips(  221): Performing backup of the old activity list on disk
D/nofatclips(  221): Saving new found state 'a20' on disk
V/nofatclips(  221): Opening state file in append mode.
D/dalvikvm(  221): GC_EXTERNAL_ALLOC freed 1624K, 54% free 4059K/8711K, external 4173K/4698K, paused 254ms
D/dalvikvm(  221): GC_EXTERNAL_ALLOC freed 99K, 55% free 3961K/8711K, external 4362K/4698K, paused 138ms
I/nofatclips(  221): Saved image on disk: a20.jpg
I/nofatclips(  221): Waiting for 100 msec.
I/nofatclips(  221): Session count is 1. Will dump to disk at 1
I/nofatclips(  221): Saving the session on disk.
I/nofatclips(  221): Planning for new Activity EditPost
D/nofatclips(  221): Handling event 'focus' on widget id=2131165265 type=focusableEditText name=Content
D/nofatclips(  221): Handling input 'writeText' on widget id=2131165236 type=editText name=Title
V/nofatclips(  221): Using value: 90
D/nofatclips(  221): Handling input 'writeText' on widget id=2131165286 type=editText name=Password (optional)
V/nofatclips(  221): Using value: 45
D/nofatclips(  221): Handling event 'click' on widget id=2131165283 type=button name=Edit
D/nofatclips(  221): Handling input 'writeText' on widget id=2131165236 type=editText name=Title
V/nofatclips(  221): Using value: 90
D/nofatclips(  221): Handling input 'writeText' on widget id=2131165286 type=editText name=Password (optional)
V/nofatclips(  221): Using value: 45
D/nofatclips(  221): Handling event 'click' on widget id=2131165287 type=button name=Publish
D/nofatclips(  221): Handling input 'writeText' on widget id=2131165236 type=editText name=Title
V/nofatclips(  221): Using value: 90
D/nofatclips(  221): Handling input 'writeText' on widget id=2131165286 type=editText name=Password (optional)
V/nofatclips(  221): Using value: 45
I/nofatclips(  221): Created trace to press the back button
I/nofatclips(  221): Created trace to press the menu button
I/nofatclips(  221): Created trace to change orientation
I/nofatclips(  221): Check for termination: 81 steps left of 100
I/nofatclips(  221): Dispatching new task. 2 more tasks remaining.
D/nofatclips(  221): Performing backup of the old task list on disk
D/nofatclips(  221): Saving task list on disk
V/nofatclips(  221): Backing up trace #140 to disk.
V/nofatclips(  221): Backing up trace #141 to disk.
D/dalvikvm(  221): GC_CONCURRENT freed 1811K, 53% free 4179K/8711K, external 4362K/5447K, paused 6ms+6ms
D/nofatclips(  221): Deleting backup of the old task list from disk
D/nofatclips(  221): Deleting backup of the old activity list from disk
I/nofatclips(  221): Incrementally Playing Trace 141
I/nofatclips(  221): Retrieved from return list id=-1
D/nofatclips(  221): Testing for type (android.widget.LinearLayout) against the original (null)
I/nofatclips(  221): Firing event: type= openMenu name= widget=null
W/KeyCharacterMap(  221): No keyboard for id 0
W/KeyCharacterMap(  221): Using default keymap: /system/usr/keychars/qwerty.kcm.bin
I/nofatclips(  221): Waiting for 100 msec.
I/nofatclips(  221): Current activity is EditPost
I/nofatclips(  221): Retrieving widgets
D/nofatclips(  221): Found widget: id=-1 (android.widget.LinearLayout@4076b670)
D/nofatclips(  221): Found widget: id=-1 (android.widget.FrameLayout@407841f8)
D/nofatclips(  221): Found widget: id=16908310 (android.widget.TextView@40726c00): Katie&#039;s Sweet Testing Blog - New Page
D/nofatclips(  221): Found widget: id=16908290 (android.widget.FrameLayout@40593b20)
D/nofatclips(  221): Found widget: id=2131165298 (android.widget.ScrollView@405c8210)
D/nofatclips(  221): Found widget: id=-1 (android.widget.LinearLayout@4071d768)
D/nofatclips(  221): Found widget: id=2131165209 (android.widget.RelativeLayout@4071da00)
D/nofatclips(  221): Found widget: id=2131165210 (android.widget.TextView@406cdc60): Page Content
D/nofatclips(  221): Found widget: id=2131165236 (android.widget.EditText@4071a4d0): 90
D/nofatclips(  221): Found widget: id=2131165265 (org.wordpress.android.util.WPEditText@406ad5a8): 
D/nofatclips(  221): Found widget: id=2131165288 (android.widget.RelativeLayout@4071a070)
D/nofatclips(  221): Found widget: id=2131165278 (android.widget.TextView@4071b378): Status
D/nofatclips(  221): Found widget: id=2131165279 (android.widget.TextView@405cdcc0): Status:
D/nofatclips(  221): Found widget: id=2131165280 (android.widget.Spinner@405cf5e0)
D/nofatclips(  221): Found widget: id=2131165281 (android.widget.TextView@406b1170): Publish:
D/nofatclips(  221): Found widget: id=2131165282 (android.widget.TextView@405e5ec8): Immediately
D/nofatclips(  221): Found widget: id=2131165283 (android.widget.Button@406a0498): Edit
D/nofatclips(  221): Found widget: id=2131165266 (android.widget.RelativeLayout@4068d180)
D/nofatclips(  221): Found widget: id=2131165216 (android.widget.TextView@4062bb10): Password (optional)
D/nofatclips(  221): Found widget: id=2131165286 (android.widget.EditText@4063fc48): 45
D/nofatclips(  221): Found widget: id=2131165287 (android.widget.Button@4072bb60): Publish
D/nofatclips(  221): Found widget: id=-1 (com.android.internal.policy.impl.PhoneWindow$DecorView@4072c5e0)
V/nicola  (  221): TextualID : null
V/nicola  (  221): ContentType detected : default
V/nicola  (  221): TextualID : l_section1
V/nicola  (  221): ContentType detected : default
V/ReflectionHelper(  221): android.widget.EditText > mOnFocusChangeListener FOUND | NOT ACTIVE
V/nicola  (  221): TextualID : title
V/nicola  (  221): ContentType detected : default
V/ReflectionHelper(  221): org.wordpress.android.util.WPEditText > mOnFocusChangeListener FOUND | ACTIVE
V/nicola  (  221): TextualID : postContent
V/nicola  (  221): ContentType detected : default
V/nicola  (  221): TextualID : l_status
V/nicola  (  221): ContentType detected : default
V/nicola  (  221): TextualID : statusLabel
V/nicola  (  221): ContentType detected : default
V/nicola  (  221): TextualID : pubDateLabel
V/nicola  (  221): ContentType detected : default
V/nicola  (  221): TextualID : pubDate
V/nicola  (  221): ContentType detected : default
V/nicola  (  221): TextualID : pubDateButton
V/nicola  (  221): ContentType detected : default
V/nicola  (  221): TextualID : l_password
V/nicola  (  221): ContentType detected : default
V/ReflectionHelper(  221): android.widget.EditText > mOnFocusChangeListener FOUND | NOT ACTIVE
V/nicola  (  221): TextualID : post_password
V/nicola  (  221): ContentType detected : default
V/nicola  (  221): TextualID : post
V/nicola  (  221): ContentType detected : default
I/nofatclips(  221): Performing comparation for activity EditPost
D/nofatclips(  221): Comparing against activity Dashboard
D/nofatclips(  221): Comparing against activity EditPost
D/nofatclips(  221): Comparing against activity EditPost
D/nofatclips(  221): Comparing against activity EditPost
D/nofatclips(  221): Comparing against activity EditPost
D/nofatclips(  221): Comparing against activity Dashboard
D/nofatclips(  221): Comparing against activity EditPost
D/nofatclips(  221): Comparing against activity EditPost
D/nofatclips(  221): Comparing against activity Dashboard
D/nofatclips(  221): Comparing against activity Dashboard
D/nofatclips(  221): Comparing against activity Dashboard
D/nofatclips(  221): Comparing against activity EditPost
D/nofatclips(  221): Comparing against activity Dashboard
D/nofatclips(  221): Comparing against activity EditPost
D/nofatclips(  221): Comparing against activity EditPost
D/nofatclips(  221): Comparing against activity Dashboard
