V/nofatclips(  221): Updating value SLEEP_AFTER_TASK
V/nofatclips(  221): Updating value SLEEP_ON_THROBBER
I/nofatclips(  221): Waiting for 100 msec.
I/TelephonyRegistry(   61): notifyServiceState: 0 home Android Android 310260  UMTS CSS not supported 0 0RoamInd: 0DefRoamInd: 0EmergOnly: false
I/TelephonyRegistry(   61): notifyDataConnection: state=0 isDataConnectivityPossible=false reason=null interfaceName=null networkType=3
D/nofatclips(  221): Ready to operate after restarting...
I/nofatclips(  221): Current activity is Dashboard
W/nofatclips(  221): --->Dashboard
D/MccTable(  122): updateMccMncConfiguration: mcc=310, mnc=260
D/MccTable(  122): locale set to en_us
D/MccTable(  122): WIFI_NUM_ALLOWED_CHANNELS set to 11
I/WifiService(   61): WifiService trying to setNumAllowed to 11 with persist set to true
I/ActivityManager(   61): Config changed: { scale=1.0 imsi=310/260 loc=en_US touch=3 keys=2/1/2 nav=1/1 orien=1 layout=18 uiMode=17 seq=4}
I/TelephonyRegistry(   61): notifyMessageWaitingChanged: false
I/TelephonyRegistry(   61): notifyCallForwardingChanged: false
D/dalvikvm(   61): GC_CONCURRENT freed 667K, 45% free 4151K/7431K, external 1865K/3065K, paused 3ms+17ms
D/TelephonyProvider(  122): Setting numeric '310260' to be the current operator
I/TelephonyRegistry(   61): notifyDataConnection: state=1 isDataConnectivityPossible=true reason=simLoaded interfaceName=null networkType=3
I/TelephonyRegistry(   61): notifyDataConnection: state=2 isDataConnectivityPossible=true reason=simLoaded interfaceName=/dev/omap_csmi_tty1 networkType=3
D/Eas Debug(  267): Logging: 
D/EAS SyncManager(  267): !!! EAS SyncManager, onDestroy
D/dalvikvm(  244): GC_CONCURRENT freed 487K, 54% free 2729K/5831K, external 716K/1038K, paused 3ms+3ms
D/Tethering(   61): MasterInitialState.processMessage what=3
D/SntpClient(   61): request time failed: java.net.SocketException: Address family not supported by protocol
D/MediaScannerService(  233): start scanning volume internal
I//system/bin/fsck_msdos(   29): ** Phase 2 - Check Cluster Chains
I//system/bin/fsck_msdos(   29): ** Phase 3 - Checking Directories
I/Launcher(  136): setLoadOnResume
I/Launcher(  136): setLoadOnResume
I//system/bin/fsck_msdos(   29): ** Phase 4 - Checking for Lost Files
I//system/bin/fsck_msdos(   29): Next free cluster in FSInfo block (5) not free
I//system/bin/fsck_msdos(   29): FIXED
I//system/bin/fsck_msdos(   29): 3 files, 50388 free (100777 clusters)
I/Vold    (   29): Filesystem check completed OK
I/Vold    (   29): Device /dev/block/vold/179:0, target /mnt/sdcard mounted @ /mnt/secure/staging
D/Vold    (   29): Volume sdcard state changing 3 (Checking) -> 4 (Mounted)
I/PackageManager(   61): Updating external media status from unmounted to mounted
I/StorageNotification(  125): Media {/mnt/sdcard} state changed from {checking} -> {mounted}
D/VoldCmdListener(   29): asec list
I/PackageManager(   61): No secure containers on sdcard
W/PackageManager(   61): Unknown permission com.google.android.googleapps.permission.GOOGLE_AUTH.mail in package com.android.contacts
W/PackageManager(   61): Unknown permission android.permission.ADD_SYSTEM_SERVICE in package com.android.phone
D/dalvikvm(  267): GC_CONCURRENT freed 534K, 54% free 2708K/5831K, external 716K/1038K, paused 3ms+3ms
I/nofatclips(  221): Retrieving widgets
D/nofatclips(  221): No session to resume: GUI Tree not found. Will start from scratch.
I/nofatclips(  221): Starting a new session
D/nofatclips(  221): Saving new found state 'exit' on disk
V/nofatclips(  221): Opening state file in overwrite mode.
D/dalvikvm(  221): GC_CONCURRENT freed 315K, 50% free 3035K/5959K, external 1812K/2324K, paused 3ms+4ms
D/dalvikvm(  221): GC_EXTERNAL_ALLOC freed 20K, 50% free 3015K/5959K, external 1812K/2324K, paused 38ms
I/nofatclips(  221): Planning for new Activity Dashboard
I/nofatclips(  221): Created trace to press the menu button
I/nofatclips(  221): Created trace to change orientation
I/nofatclips(  221): Dispatching new task. 2 more tasks remaining.
D/nofatclips(  221): Saving task list on disk
V/nofatclips(  221): Backing up trace #0 to disk.
V/nofatclips(  221): Backing up trace #1 to disk.
I/nofatclips(  221): Restarting
D/Email   (  267): BOOT_COMPLETED
D/dalvikvm(  221): GC_EXTERNAL_ALLOC freed 319K, 48% free 3234K/6215K, external 2503K/2718K, paused 53ms
D/dalvikvm(  136): GC_EXTERNAL_ALLOC freed 118K, 52% free 2734K/5639K, external 1561K/1572K, paused 1499ms
W/PackageManager(   61): Not granting permission android.permission.SEND_DOWNLOAD_COMPLETED_INTENTS to package com.android.browser (protectionLevel=2 flags=0x9be45)
W/PackageManager(   61): Unknown permission com.google.android.gm.permission.WRITE_GMAIL in package com.android.settings
W/PackageManager(   61): Unknown permission com.google.android.gm.permission.READ_GMAIL in package com.android.settings
W/PackageManager(   61): Unknown permission com.google.android.googleapps.permission.GOOGLE_AUTH in package com.android.settings
I/Launcher(  136): setLoadOnResume
W/PackageManager(   61): Unknown permission com.google.android.googleapps.permission.GOOGLE_AUTH in package com.android.providers.contacts
W/PackageManager(   61): Unknown permission com.google.android.googleapps.permission.GOOGLE_AUTH.cp in package com.android.providers.contacts
W/PackageManager(   61): Unknown permission com.google.android.googleapps.permission.ACCESS_GOOGLE_PASSWORD in package com.android.development
W/PackageManager(   61): Unknown permission com.google.android.googleapps.permission.GOOGLE_AUTH in package com.android.development
W/PackageManager(   61): Unknown permission com.google.android.googleapps.permission.GOOGLE_AUTH.ALL_SERVICES in package com.android.development
W/PackageManager(   61): Unknown permission com.google.android.googleapps.permission.GOOGLE_AUTH.YouTubeUser in package com.android.development
W/PackageManager(   61): Unknown permission android.permission.READ_OWNER_DATA in package com.android.email
W/PackageManager(   61): Not granting permission android.permission.DEVICE_POWER to package com.android.deskclock (protectionLevel=2 flags=0x8be45)
W/ImageDownloader(  221): Error 404 while retrieving bitmap from http://gravatar.com/blavatar/44d338f29053dbb888da79dcf98df489?s=60&d=404
W/ImageDownloader(  221): Error 404 while retrieving bitmap from http://gravatar.com/blavatar/44d338f29053dbb888da79dcf98df489?s=60&d=404
D/MediaScanner(  233):  prescan time: 780ms
D/MediaScanner(  233):     scan time: 51ms
D/MediaScanner(  233): postscan time: 1ms
D/MediaScanner(  233):    total time: 832ms
D/szipinf (  183): Initializing inflate state
D/dalvikvm(  183): GC_CONCURRENT freed 226K, 51% free 2822K/5703K, external 716K/1038K, paused 3ms+5ms
I/nofatclips(  221): Waiting for 100 msec.
D/MediaScannerService(  233): done scanning volume internal
D/nofatclips(  221): Ready to operate after restarting...
I/nofatclips(  221): Retrieving widgets
D/nofatclips(  221): Found widget: id=16908290 (android.widget.FrameLayout@405bd730)
D/nofatclips(  221): Found widget: id=2131165248 (android.widget.RelativeLayout@405be0d8)
D/nofatclips(  221): Found widget: id=2131165249 (android.widget.LinearLayout@405be4d0)
D/nofatclips(  221): Found widget: id=-1 (android.widget.ImageView@405be800)
D/nofatclips(  221): Found widget: id=2131165250 (org.wordpress.android.util.WPTitleBar@405e5148)
D/nofatclips(  221): Found widget: id=2131165195 (android.widget.RelativeLayout@405e5d70)
D/nofatclips(  221): Found widget: id=2131165196 (android.widget.RelativeLayout@405e6738)
D/nofatclips(  221): Found widget: id=2131165197 (android.widget.ImageView@405e7eb0)
D/nofatclips(  221): Found widget: id=2131165198 (android.widget.TextView@405e8310): Katie's Sweet Testing Blog
D/nofatclips(  221): Found widget: id=2131165199 (android.widget.ImageView@405e8fa0)
D/nofatclips(  221): Found widget: id=-1 (android.widget.RelativeLayout@405e93b8)
D/nofatclips(  221): Found widget: id=2131165200 (android.widget.ImageButton@405e9818)
D/nofatclips(  221): Found widget: id=-1 (android.widget.FrameLayout@405ea298)
D/nofatclips(  221): Found widget: id=2131165201 (android.widget.Button@405ea5a8): 
D/nofatclips(  221): Found widget: id=2131165202 (android.widget.ImageView@405eb050)
D/nofatclips(  221): Found widget: id=2131165203 (android.widget.ImageView@405eb400)
D/nofatclips(  221): Found widget: id=2131165204 (android.widget.LinearLayout@405eba38)
D/nofatclips(  221): Found widget: id=-1 (android.widget.FrameLayout@405ec4b0)
D/nofatclips(  221): Found widget: id=-1 (android.widget.LinearLayout@405ecc70)
D/nofatclips(  221): Found widget: id=-1 (android.widget.LinearLayout@405ed858)
D/nofatclips(  221): Found widget: id=-1 (android.widget.LinearLayout@405eda78)
D/nofatclips(  221): Found widget: id=2131165251 (android.widget.LinearLayout@405edc98)
D/nofatclips(  221): Found widget: id=-1 (android.widget.ImageView@405ef470)
D/nofatclips(  221): Found widget: id=2131165256 (android.widget.TextView@405ef868): New Post
D/nofatclips(  221): Found widget: id=2131165253 (android.widget.LinearLayout@405f0448)
D/nofatclips(  221): Found widget: id=-1 (android.widget.ImageView@405f1a08)
D/nofatclips(  221): Found widget: id=2131165256 (android.widget.TextView@405f1db8): New Page
D/nofatclips(  221): Found widget: id=-1 (android.widget.LinearLayout@405f2248)
D/nofatclips(  221): Found widget: id=2131165252 (android.widget.LinearLayout@405f2468)
D/nofatclips(  221): Found widget: id=-1 (android.widget.ImageView@405f3958)
D/nofatclips(  221): Found widget: id=2131165256 (android.widget.TextView@405f3d08): Quick Photo
D/nofatclips(  221): Found widget: id=2131165254 (android.widget.LinearLayout@405f4198)
D/nofatclips(  221): Found widget: id=-1 (android.widget.ImageView@405f4bc8)
D/nofatclips(  221): Found widget: id=2131165256 (android.widget.TextView@405f4f78): Quick Video
D/nofatclips(  221): Found widget: id=-1 (android.widget.LinearLayout@405f5408)
D/nofatclips(  221): Found widget: id=-1 (android.widget.LinearLayout@405f5628)
D/nofatclips(  221): Found widget: id=2131165255 (android.widget.LinearLayout@405f5848)
D/nofatclips(  221): Found widget: id=-1 (android.widget.ImageView@405f6278)
D/nofatclips(  221): Found widget: id=2131165256 (android.widget.TextView@405f6628): Posts
D/nofatclips(  221): Found widget: id=2131165257 (android.widget.LinearLayout@405f6ab8)
D/nofatclips(  221): Found widget: id=-1 (android.widget.ImageView@405f74e8)
D/nofatclips(  221): Found widget: id=2131165256 (android.widget.TextView@405f7898): Pages
D/nofatclips(  221): Found widget: id=-1 (android.widget.FrameLayout@405f7d28)
D/nofatclips(  221): Found widget: id=2131165258 (android.widget.LinearLayout@405f7f90)
D/nofatclips(  221): Found widget: id=-1 (android.widget.ImageView@405f89c0)
D/nofatclips(  221): Found widget: id=2131165256 (android.widget.TextView@405f8d70): Comments
D/nofatclips(  221): Found widget: id=2131165259 (android.widget.FrameLayout@405f9200)
D/nofatclips(  221): Found widget: id=2131165260 (android.widget.ImageView@405f9468)
D/nofatclips(  221): Found widget: id=2131165261 (org.wordpress.android.util.CommentBadgeTextView@405f98b0): 0
D/nofatclips(  221): Found widget: id=-1 (android.widget.LinearLayout@405f9d78)
D/nofatclips(  221): Found widget: id=2131165262 (android.widget.LinearLayout@405f9f98)
D/nofatclips(  221): Found widget: id=-1 (android.widget.ImageView@405fb210)
D/nofatclips(  221): Found widget: id=2131165256 (android.widget.TextView@405fb5c0): Settings
D/nofatclips(  221): Found widget: id=2131165263 (android.widget.LinearLayout@405fba50)
D/nofatclips(  221): Found widget: id=-1 (android.widget.ImageView@405fcc30)
D/nofatclips(  221): Found widget: id=2131165256 (android.widget.TextView@405fcfe0): Read
D/nofatclips(  221): Found widget: id=2131165264 (android.widget.LinearLayout@405fd470)
D/nofatclips(  221): Found widget: id=-1 (android.widget.ImageView@405fe6f8)
D/nofatclips(  221): Found widget: id=2131165256 (android.widget.TextView@405feab8): Stats
D/nofatclips(  221): Found widget: id=-1 (com.android.internal.policy.impl.PhoneWindow$DecorView@405bd358)
I/nofatclips(  221): Playing Trace 1
I/nofatclips(  221): Retrieved from return list id=16908290
D/nofatclips(  221): Testing for type (android.widget.FrameLayout) against the original (null)
I/nofatclips(  221): Firing event: type= changeOrientation name= widget=null
D/dalvikvm(  221): GC_CONCURRENT freed 567K, 50% free 3220K/6407K, external 2495K/3116K, paused 3ms+14ms
D/dalvikvm(  233): GC_CONCURRENT freed 519K, 55% free 2661K/5831K, external 716K/1038K, paused 2ms+3ms
D/MediaScannerService(  233): start scanning volume external
D/dalvikvm(   61): GC_EXPLICIT freed 552K, 45% free 4157K/7431K, external 1316K/1828K, paused 59ms
V/MediaProvider(  233): /mnt/sdcard volume ID: 435694109
D/EAS SyncManager(  267): !!! EAS SyncManager, onCreate
D/EAS SyncManager(  267): !!! EAS SyncManager, onStartCommand
D/EAS SyncManager(  267): !!! EAS SyncManager, stopping self
D/EAS SyncManager(  267): !!! EAS SyncManager, onDestroy
D/dalvikvm(  122): GREF has increased to 201
I/Launcher(  136): setLoadOnResume
D/dalvikvm(  136): GC_CONCURRENT freed 165K, 50% free 2905K/5703K, external 1760K/2091K, paused 3ms+4ms
I/Launcher(  136): setLoadOnResume
V/MediaProvider(  233): Attached volume: external
V/MediaScanner(  233): pruneDeadThumbnailFiles... android.database.sqlite.SQLiteCursor@40596440
V/MediaScanner(  233): /pruneDeadThumbnailFiles... android.database.sqlite.SQLiteCursor@40596440
D/MediaScanner(  233):  prescan time: 58ms
D/MediaScanner(  233):     scan time: 0ms
D/MediaScanner(  233): postscan time: 22ms
D/MediaScanner(  233):    total time: 80ms
D/MediaScannerService(  233): done scanning volume external
D/dalvikvm(  136): GC_EXTERNAL_ALLOC freed 63K, 49% free 2953K/5703K, external 2091K/2091K, paused 43ms
D/szipinf (  136): Initializing inflate state
I/ContactsDatabaseHelper(  183): Locale change completed in 10851ms
I/WindowManager(   61): Setting rotation to 1, animFlags=1
I/ActivityManager(   61): Config changed: { scale=1.0 imsi=310/260 loc=en_US touch=3 keys=2/1/2 nav=1/1 orien=2 layout=18 uiMode=17 seq=5}
I/nofatclips(  221): Waiting for 100 msec.
W/WindowManager(   61): Window freeze timeout expired.
W/WindowManager(   61): Force clearing orientation change: Window{406b9be0 org.wordpress.android/org.wordpress.android.Dashboard paused=false}
I/dalvikvm(  221): Jit: resizing JitTable from 512 to 1024
I/nofatclips(  221): Current activity is Dashboard
I/nofatclips(  221): Retrieving widgets
D/nofatclips(  221): Found widget: id=16908290 (android.widget.FrameLayout@405bd730)
D/nofatclips(  221): Found widget: id=2131165248 (android.widget.RelativeLayout@405be0d8)
D/nofatclips(  221): Found widget: id=2131165249 (android.widget.LinearLayout@405be4d0)
D/nofatclips(  221): Found widget: id=-1 (android.widget.ImageView@405be800)
D/nofatclips(  221): Found widget: id=2131165250 (org.wordpress.android.util.WPTitleBar@405e5148)
D/nofatclips(  221): Found widget: id=2131165195 (android.widget.RelativeLayout@405e5d70)
D/nofatclips(  221): Found widget: id=2131165196 (android.widget.RelativeLayout@405e6738)
D/nofatclips(  221): Found widget: id=2131165197 (android.widget.ImageView@405e7eb0)
D/nofatclips(  221): Found widget: id=2131165198 (android.widget.TextView@405e8310): Katie's Sweet Testing Blog
D/nofatclips(  221): Found widget: id=2131165199 (android.widget.ImageView@405e8fa0)
D/nofatclips(  221): Found widget: id=-1 (android.widget.RelativeLayout@405e93b8)
D/nofatclips(  221): Found widget: id=2131165200 (android.widget.ImageButton@405e9818)
D/nofatclips(  221): Found widget: id=-1 (android.widget.FrameLayout@405ea298)
D/nofatclips(  221): Found widget: id=2131165201 (android.widget.Button@405ea5a8): 
D/nofatclips(  221): Found widget: id=2131165202 (android.widget.ImageView@405eb050)
D/nofatclips(  221): Found widget: id=2131165203 (android.widget.ImageView@405eb400)
D/nofatclips(  221): Found widget: id=2131165249 (android.widget.LinearLayout@405a2730)
D/nofatclips(  221): Found widget: id=-1 (android.widget.FrameLayout@40606a80)
D/nofatclips(  221): Found widget: id=-1 (android.widget.LinearLayout@405b58b8)
D/nofatclips(  221): Found widget: id=-1 (android.widget.LinearLayout@405a0178)
D/nofatclips(  221): Found widget: id=-1 (android.widget.LinearLayout@405b5550)
D/nofatclips(  221): Found widget: id=2131165251 (android.widget.LinearLayout@405bc980)
D/nofatclips(  221): Found widget: id=-1 (android.widget.ImageView@405ff5d0)
D/nofatclips(  221): Found widget: id=-1 (android.widget.TextView@406203a0): New Post
D/nofatclips(  221): Found widget: id=2131165252 (android.widget.LinearLayout@40616df0)
D/nofatclips(  221): Found widget: id=-1 (android.widget.ImageView@4050c628)
D/nofatclips(  221): Found widget: id=-1 (android.widget.TextView@4058aad8): Quick Photo
D/nofatclips(  221): Found widget: id=-1 (android.widget.LinearLayout@40614628)
D/nofatclips(  221): Found widget: id=2131165253 (android.widget.LinearLayout@405a2a50)
D/nofatclips(  221): Found widget: id=-1 (android.widget.ImageView@405dde98)
D/nofatclips(  221): Found widget: id=-1 (android.widget.TextView@40602670): New Page
D/nofatclips(  221): Found widget: id=2131165254 (android.widget.LinearLayout@406159c0)
D/nofatclips(  221): Found widget: id=-1 (android.widget.ImageView@40615b10)
D/nofatclips(  221): Found widget: id=-1 (android.widget.TextView@40616308): Quick Video
D/nofatclips(  221): Found widget: id=-1 (android.widget.LinearLayout@40615c60)
D/nofatclips(  221): Found widget: id=-1 (android.widget.LinearLayout@40616578)
D/nofatclips(  221): Found widget: id=2131165255 (android.widget.LinearLayout@40617818)
D/nofatclips(  221): Found widget: id=-1 (android.widget.ImageView@40617968)
D/nofatclips(  221): Found widget: id=2131165256 (android.widget.TextView@40617c30): Posts
D/nofatclips(  221): Found widget: id=2131165257 (android.widget.LinearLayout@40617ab8)
D/nofatclips(  221): Found widget: id=-1 (android.widget.ImageView@40617ea0)
D/nofatclips(  221): Found widget: id=2131165256 (android.widget.TextView@4061fdc0): Pages
D/nofatclips(  221): Found widget: id=-1 (android.widget.FrameLayout@40620030)
D/nofatclips(  221): Found widget: id=2131165258 (android.widget.LinearLayout@4061a0b8)
D/nofatclips(  221): Found widget: id=-1 (android.widget.ImageView@4050b488)
D/nofatclips(  221): Found widget: id=2131165256 (android.widget.TextView@40615118): Comments
D/nofatclips(  221): Found widget: id=2131165259 (android.widget.FrameLayout@4058a268)
D/nofatclips(  221): Found widget: id=2131165260 (android.widget.ImageView@4058a4d0)
D/nofatclips(  221): Found widget: id=2131165261 (org.wordpress.android.util.CommentBadgeTextView@40616720): 0
D/nofatclips(  221): Found widget: id=-1 (android.widget.LinearLayout@40604358)
D/nofatclips(  221): Found widget: id=2131165262 (android.widget.LinearLayout@406044d8)
D/nofatclips(  221): Found widget: id=-1 (android.widget.ImageView@405b6a28)
D/nofatclips(  221): Found widget: id=2131165256 (android.widget.TextView@405e6108): Settings
D/nofatclips(  221): Found widget: id=2131165263 (android.widget.LinearLayout@405ec780)
D/nofatclips(  221): Found widget: id=-1 (android.widget.ImageView@405becc8)
D/nofatclips(  221): Found widget: id=2131165256 (android.widget.TextView@40617290): Read
D/nofatclips(  221): Found widget: id=2131165264 (android.widget.LinearLayout@405bdaa8)
D/nofatclips(  221): Found widget: id=-1 (android.widget.ImageView@405dcad8)
D/nofatclips(  221): Found widget: id=2131165256 (android.widget.TextView@40601d78): Stats
D/nofatclips(  221): Found widget: id=-1 (com.android.internal.policy.impl.PhoneWindow$DecorView@405bd358)
V/nicola  (  221): TextualID : blog_title
V/nicola  (  221): ContentType detected : default
V/nicola  (  221): TextualID : action_refresh
V/nicola  (  221): ContentType detected : default
V/nicola  (  221): TextualID : null
V/nicola  (  221): ContentType detected : default
V/nicola  (  221): TextualID : null
V/nicola  (  221): ContentType detected : default
V/nicola  (  221): TextualID : null
V/nicola  (  221): ContentType detected : default
V/nicola  (  221): TextualID : null
V/nicola  (  221): ContentType detected : default
V/nicola  (  221): TextualID : button_text
V/nicola  (  221): ContentType detected : default
V/nicola  (  221): TextualID : button_text
V/nicola  (  221): ContentType detected : default
V/nicola  (  221): TextualID : button_text
V/nicola  (  221): ContentType detected : default
V/nicola  (  221): TextualID : button_text
V/nicola  (  221): ContentType detected : default
V/nicola  (  221): TextualID : button_text
V/nicola  (  221): ContentType detected : default
V/nicola  (  221): TextualID : button_text
V/nicola  (  221): ContentType detected : default
I/nofatclips(  221): Performing comparation for activity Dashboard
D/nofatclips(  221): Comparing against activity Dashboard
I/nofatclips(  221): Registering activity Dashboard (id: a2) as a new found state
D/nofatclips(  221): Performing backup of the old activity list on disk
D/nofatclips(  221): Saving new found state 'a2' on disk
V/nofatclips(  221): Opening state file in append mode.
D/dalvikvm(  221): GC_CONCURRENT freed 832K, 51% free 3386K/6855K, external 2877K/3116K, paused 6ms+7ms
D/dalvikvm(  221): GC_EXTERNAL_ALLOC freed 54K, 52% free 3331K/6855K, external 2681K/3116K, paused 83ms
I/nofatclips(  221): Saved image on disk: a2.jpg
I/nofatclips(  221): Waiting for 100 msec.
I/nofatclips(  221): Session count is 1. Will dump to disk at 1
I/nofatclips(  221): Saving the session on disk. This is the first batch: the file will be created.
I/nofatclips(  221): Planning for new Activity Dashboard
D/nofatclips(  221): Handling event 'click' on widget id=2131165200 type=button name=
D/dalvikvm(   61): GC_EXPLICIT freed 191K, 45% free 4123K/7431K, external 1316K/1828K, paused 356ms
D/nofatclips(  221): Handling event 'click' on widget id=2131165201 type=button name=
D/nofatclips(  221): Handling event 'click' on widget id=2131165249 type=linearLayout name=
D/nofatclips(  221): Handling event 'click' on widget id=2131165251 type=linearLayout name=
D/nofatclips(  221): Handling event 'click' on widget id=2131165252 type=linearLayout name=
D/nofatclips(  221): Handling event 'click' on widget id=2131165253 type=linearLayout name=
D/nofatclips(  221): Handling event 'click' on widget id=2131165254 type=linearLayout name=
D/nofatclips(  221): Handling event 'click' on widget id=2131165255 type=linearLayout name=
D/nofatclips(  221): Handling event 'click' on widget id=2131165257 type=linearLayout name=
D/nofatclips(  221): Handling event 'click' on widget id=2131165258 type=linearLayout name=
D/nofatclips(  221): Handling event 'click' on widget id=2131165262 type=linearLayout name=
I/dalvikvm(  221): Jit: resizing JitTable from 1024 to 2048
D/dalvikvm(  221): GC_CONCURRENT freed 1168K, 53% free 3417K/7175K, external 3282K/3350K, paused 3ms+3ms
D/nofatclips(  221): Handling event 'click' on widget id=2131165263 type=linearLayout name=
D/nofatclips(  221): Handling event 'click' on widget id=2131165264 type=linearLayout name=
I/nofatclips(  221): Created trace to press the back button
I/nofatclips(  221): Created trace to press the menu button
I/nofatclips(  221): Created trace to change orientation
I/nofatclips(  221): Check for termination: 99 steps left of 100
I/nofatclips(  221): Dispatching new task. 2 more tasks remaining.
D/nofatclips(  221): Performing backup of the old task list on disk
D/nofatclips(  221): Saving task list on disk
V/nofatclips(  221): Backing up trace #15 to disk.
V/nofatclips(  221): Backing up trace #16 to disk.
D/nofatclips(  221): Deleting backup of the old task list from disk
D/nofatclips(  221): Deleting backup of the old activity list from disk
I/nofatclips(  221): Incrementally Playing Trace 16
I/nofatclips(  221): Retrieved from return list id=16908290
D/nofatclips(  221): Testing for type (android.widget.FrameLayout) against the original (null)
I/nofatclips(  221): Firing event: type= changeOrientation name= widget=null
D/dalvikvm(  136): GC_EXPLICIT freed 63K, 49% free 2910K/5703K, external 2097K/2488K, paused 6242ms
I/WindowManager(   61): Setting rotation to 0, animFlags=1
I/ActivityManager(   61): Config changed: { scale=1.0 imsi=310/260 loc=en_US touch=3 keys=2/1/2 nav=1/1 orien=1 layout=18 uiMode=17 seq=6}
I/nofatclips(  221): Waiting for 100 msec.
W/WindowManager(   61): Window freeze timeout expired.
W/WindowManager(   61): Force clearing orientation change: Window{406b9be0 org.wordpress.android/org.wordpress.android.Dashboard paused=false}
I/nofatclips(  221): Current activity is Dashboard
I/nofatclips(  221): Retrieving widgets
D/nofatclips(  221): Found widget: id=16908290 (android.widget.FrameLayout@405bd730)
D/nofatclips(  221): Found widget: id=2131165248 (android.widget.RelativeLayout@405be0d8)
D/nofatclips(  221): Found widget: id=2131165249 (android.widget.LinearLayout@405be4d0)
D/nofatclips(  221): Found widget: id=-1 (android.widget.ImageView@405be800)
D/nofatclips(  221): Found widget: id=2131165250 (org.wordpress.android.util.WPTitleBar@405e5148)
D/nofatclips(  221): Found widget: id=2131165195 (android.widget.RelativeLayout@405e5d70)
D/nofatclips(  221): Found widget: id=2131165196 (android.widget.RelativeLayout@405e6738)
D/nofatclips(  221): Found widget: id=2131165197 (android.widget.ImageView@405e7eb0)
D/nofatclips(  221): Found widget: id=2131165198 (android.widget.TextView@405e8310): Katie's Sweet Testing Blog
D/nofatclips(  221): Found widget: id=2131165199 (android.widget.ImageView@405e8fa0)
D/nofatclips(  221): Found widget: id=-1 (android.widget.RelativeLayout@405e93b8)
D/nofatclips(  221): Found widget: id=2131165200 (android.widget.ImageButton@405e9818)
D/nofatclips(  221): Found widget: id=-1 (android.widget.FrameLayout@405ea298)
D/nofatclips(  221): Found widget: id=2131165201 (android.widget.Button@405ea5a8): 
D/nofatclips(  221): Found widget: id=2131165202 (android.widget.ImageView@405eb050)
D/nofatclips(  221): Found widget: id=2131165203 (android.widget.ImageView@405eb400)
D/nofatclips(  221): Found widget: id=2131165249 (android.widget.LinearLayout@406a8e00)
D/nofatclips(  221): Found widget: id=-1 (android.widget.FrameLayout@406a9448)
D/nofatclips(  221): Found widget: id=-1 (android.widget.LinearLayout@406a96b0)
D/nofatclips(  221): Found widget: id=-1 (android.widget.LinearLayout@406aa478)
D/nofatclips(  221): Found widget: id=-1 (android.widget.LinearLayout@406aa698)
D/nofatclips(  221): Found widget: id=2131165251 (android.widget.LinearLayout@406aa8b8)
D/nofatclips(  221): Found widget: id=-1 (android.widget.ImageView@406ac908)
D/nofatclips(  221): Found widget: id=2131165256 (android.widget.TextView@406b11e8): New Post
D/nofatclips(  221): Found widget: id=2131165253 (android.widget.LinearLayout@406b1678)
D/nofatclips(  221): Found widget: id=-1 (android.widget.ImageView@406c6e88)
D/nofatclips(  221): Found widget: id=2131165256 (android.widget.TextView@406c73d0): New Page
D/nofatclips(  221): Found widget: id=-1 (android.widget.LinearLayout@406c79e8)
D/nofatclips(  221): Found widget: id=2131165252 (android.widget.LinearLayout@406c7c08)
D/nofatclips(  221): Found widget: id=-1 (android.widget.ImageView@406c9448)
D/nofatclips(  221): Found widget: id=2131165256 (android.widget.TextView@406c9990): Quick Photo
D/nofatclips(  221): Found widget: id=2131165254 (android.widget.LinearLayout@406c9fa8)
D/nofatclips(  221): Found widget: id=-1 (android.widget.ImageView@406caa18)
D/nofatclips(  221): Found widget: id=2131165256 (android.widget.TextView@406caf60): Quick Video
D/nofatclips(  221): Found widget: id=-1 (android.widget.LinearLayout@406cb578)
D/nofatclips(  221): Found widget: id=-1 (android.widget.LinearLayout@406cb798)
D/nofatclips(  221): Found widget: id=2131165255 (android.widget.LinearLayout@406cb9b8)
D/nofatclips(  221): Found widget: id=-1 (android.widget.ImageView@406cc428)
D/nofatclips(  221): Found widget: id=2131165256 (android.widget.TextView@406cc970): Posts
D/nofatclips(  221): Found widget: id=2131165257 (android.widget.LinearLayout@406cce00)
D/nofatclips(  221): Found widget: id=-1 (android.widget.ImageView@406cd9f8)
D/nofatclips(  221): Found widget: id=2131165256 (android.widget.TextView@406cddb8): Pages
D/nofatclips(  221): Found widget: id=-1 (android.widget.FrameLayout@406ce248)
D/nofatclips(  221): Found widget: id=2131165258 (android.widget.LinearLayout@406ce4b0)
D/nofatclips(  221): Found widget: id=-1 (android.widget.ImageView@406cef20)
D/nofatclips(  221): Found widget: id=2131165256 (android.widget.TextView@406cf468): Comments
D/nofatclips(  221): Found widget: id=2131165259 (android.widget.FrameLayout@406cf8f8)
D/nofatclips(  221): Found widget: id=2131165260 (android.widget.ImageView@406cfb60)
D/nofatclips(  221): Found widget: id=2131165261 (org.wordpress.android.util.CommentBadgeTextView@406cffb8): 0
D/nofatclips(  221): Found widget: id=-1 (android.widget.LinearLayout@406d0480)
D/nofatclips(  221): Found widget: id=2131165262 (android.widget.LinearLayout@406d06a0)
D/nofatclips(  221): Found widget: id=-1 (android.widget.ImageView@406d1938)
D/nofatclips(  221): Found widget: id=2131165256 (android.widget.TextView@406e01d8): Settings
D/nofatclips(  221): Found widget: id=2131165263 (android.widget.LinearLayout@406e0668)
D/nofatclips(  221): Found widget: id=-1 (android.widget.ImageView@406e1868)
D/nofatclips(  221): Found widget: id=2131165256 (android.widget.TextView@406e1c28): Read
D/nofatclips(  221): Found widget: id=2131165264 (android.widget.LinearLayout@406e20b8)
D/nofatclips(  221): Found widget: id=-1 (android.widget.ImageView@406e34d8)
D/nofatclips(  221): Found widget: id=2131165256 (android.widget.TextView@406e3898): Stats
D/nofatclips(  221): Found widget: id=-1 (com.android.internal.policy.impl.PhoneWindow$DecorView@405bd358)
D/dalvikvm(  221): GC_CONCURRENT freed 1446K, 55% free 3380K/7431K, external 3064K/3350K, paused 7ms+10ms
V/nicola  (  221): TextualID : blog_title
V/nicola  (  221): ContentType detected : default
V/nicola  (  221): TextualID : action_refresh
V/nicola  (  221): ContentType detected : default
V/nicola  (  221): TextualID : button_text
V/nicola  (  221): ContentType detected : default
V/nicola  (  221): TextualID : button_text
V/nicola  (  221): ContentType detected : default
V/nicola  (  221): TextualID : button_text
V/nicola  (  221): ContentType detected : default
V/nicola  (  221): TextualID : button_text
V/nicola  (  221): ContentType detected : default
V/nicola  (  221): TextualID : button_text
V/nicola  (  221): ContentType detected : default
V/nicola  (  221): TextualID : button_text
V/nicola  (  221): ContentType detected : default
V/nicola  (  221): TextualID : button_text
V/nicola  (  221): ContentType detected : default
V/nicola  (  221): TextualID : button_text
V/nicola  (  221): ContentType detected : default
V/nicola  (  221): TextualID : button_text
V/nicola  (  221): ContentType detected : default
V/nicola  (  221): TextualID : button_text
V/nicola  (  221): ContentType detected : default
I/nofatclips(  221): Performing comparation for activity Dashboard
D/nofatclips(  221): Comparing against activity Dashboard
D/nofatclips(  221): Comparing against activity Dashboard
I/nofatclips(  221): Registering activity Dashboard (id: a3) as a new found state
D/nofatclips(  221): Performing backup of the old activity list on disk
D/nofatclips(  221): Saving new found state 'a3' on disk
V/nofatclips(  221): Opening state file in append mode.
I/nofatclips(  221): Saved image on disk: a3.jpg
I/nofatclips(  221): Waiting for 100 msec.
I/nofatclips(  221): Session count is 1. Will dump to disk at 1
I/nofatclips(  221): Saving the session on disk.
I/nofatclips(  221): Planning for new Activity Dashboard
D/nofatclips(  221): Handling event 'click' on widget id=2131165200 type=button name=
D/nofatclips(  221): Handling event 'click' on widget id=2131165201 type=button name=
D/dalvikvm(   61): GC_EXPLICIT freed 30K, 45% free 4103K/7431K, external 1316K/1828K, paused 271ms
D/nofatclips(  221): Handling event 'click' on widget id=2131165249 type=linearLayout name=
D/nofatclips(  221): Handling event 'click' on widget id=2131165251 type=linearLayout name=
D/nofatclips(  221): Handling event 'click' on widget id=2131165253 type=linearLayout name=
D/nofatclips(  221): Handling event 'click' on widget id=2131165252 type=linearLayout name=
D/nofatclips(  221): Handling event 'click' on widget id=2131165254 type=linearLayout name=
D/dalvikvm(  221): GC_CONCURRENT freed 1173K, 53% free 3513K/7431K, external 3282K/3350K, paused 4ms+4ms
D/nofatclips(  221): Handling event 'click' on widget id=2131165255 type=linearLayout name=
D/nofatclips(  221): Handling event 'click' on widget id=2131165257 type=linearLayout name=
D/nofatclips(  221): Handling event 'click' on widget id=2131165258 type=linearLayout name=
D/nofatclips(  221): Handling event 'click' on widget id=2131165262 type=linearLayout name=
D/nofatclips(  221): Handling event 'click' on widget id=2131165263 type=linearLayout name=
D/nofatclips(  221): Handling event 'click' on widget id=2131165264 type=linearLayout name=
I/nofatclips(  221): Created trace to press the back button
I/nofatclips(  221): Created trace to press the menu button
I/nofatclips(  221): Created trace to change orientation
I/nofatclips(  221): Check for termination: 98 steps left of 100
I/nofatclips(  221): Dispatching new task. 2 more tasks remaining.
D/nofatclips(  221): Performing backup of the old task list on disk
D/nofatclips(  221): Saving task list on disk
V/nofatclips(  221): Backing up trace #30 to disk.
V/nofatclips(  221): Backing up trace #31 to disk.
D/nofatclips(  221): Deleting backup of the old task list from disk
D/nofatclips(  221): Deleting backup of the old activity list from disk
I/nofatclips(  221): Incrementally Playing Trace 31
I/nofatclips(  221): Retrieved from return list id=16908290
D/nofatclips(  221): Testing for type (android.widget.FrameLayout) against the original (null)
I/nofatclips(  221): Firing event: type= changeOrientation name= widget=null
D/dalvikvm(  221): GC_CONCURRENT freed 1578K, 56% free 3375K/7559K, external 2682K/3350K, paused 4ms+3ms
I/WindowManager(   61): Setting rotation to 1, animFlags=1
I/ActivityManager(   61): Config changed: { scale=1.0 imsi=310/260 loc=en_US touch=3 keys=2/1/2 nav=1/1 orien=2 layout=18 uiMode=17 seq=7}
I/nofatclips(  221): Waiting for 100 msec.
W/WindowManager(   61): Window freeze timeout expired.
W/WindowManager(   61): Force clearing orientation change: Window{406b9be0 org.wordpress.android/org.wordpress.android.Dashboard paused=false}
I/nofatclips(  221): Current activity is Dashboard
I/nofatclips(  221): Retrieving widgets
D/nofatclips(  221): Found widget: id=16908290 (android.widget.FrameLayout@405bd730)
D/nofatclips(  221): Found widget: id=2131165248 (android.widget.RelativeLayout@405be0d8)
D/nofatclips(  221): Found widget: id=2131165249 (android.widget.LinearLayout@405be4d0)
D/nofatclips(  221): Found widget: id=-1 (android.widget.ImageView@405be800)
D/nofatclips(  221): Found widget: id=2131165250 (org.wordpress.android.util.WPTitleBar@405e5148)
D/nofatclips(  221): Found widget: id=2131165195 (android.widget.RelativeLayout@405e5d70)
D/nofatclips(  221): Found widget: id=2131165196 (android.widget.RelativeLayout@405e6738)
D/nofatclips(  221): Found widget: id=2131165197 (android.widget.ImageView@405e7eb0)
D/nofatclips(  221): Found widget: id=2131165198 (android.widget.TextView@405e8310): Katie's Sweet Testing Blog
D/nofatclips(  221): Found widget: id=2131165199 (android.widget.ImageView@405e8fa0)
D/nofatclips(  221): Found widget: id=-1 (android.widget.RelativeLayout@405e93b8)
D/nofatclips(  221): Found widget: id=2131165200 (android.widget.ImageButton@405e9818)
D/nofatclips(  221): Found widget: id=-1 (android.widget.FrameLayout@405ea298)
D/nofatclips(  221): Found widget: id=2131165201 (android.widget.Button@405ea5a8): 
D/nofatclips(  221): Found widget: id=2131165202 (android.widget.ImageView@405eb050)
D/nofatclips(  221): Found widget: id=2131165203 (android.widget.ImageView@405eb400)
D/nofatclips(  221): Found widget: id=2131165249 (android.widget.LinearLayout@406c8108)
D/nofatclips(  221): Found widget: id=-1 (android.widget.FrameLayout@40593f10)
D/nofatclips(  221): Found widget: id=-1 (android.widget.LinearLayout@406d0a18)
D/nofatclips(  221): Found widget: id=-1 (android.widget.LinearLayout@405f2650)
D/nofatclips(  221): Found widget: id=-1 (android.widget.LinearLayout@40740b10)
D/nofatclips(  221): Found widget: id=2131165251 (android.widget.LinearLayout@405951e0)
D/nofatclips(  221): Found widget: id=-1 (android.widget.ImageView@406d0d48)
D/nofatclips(  221): Found widget: id=-1 (android.widget.TextView@40636f00): New Post
D/nofatclips(  221): Found widget: id=2131165252 (android.widget.LinearLayout@405f0aa0)
D/nofatclips(  221): Found widget: id=-1 (android.widget.ImageView@405a2728)
D/nofatclips(  221): Found widget: id=-1 (android.widget.TextView@4059cfa0): Quick Photo
D/nofatclips(  221): Found widget: id=-1 (android.widget.LinearLayout@406852a8)
D/nofatclips(  221): Found widget: id=2131165253 (android.widget.LinearLayout@406a5d78)
D/nofatclips(  221): Found widget: id=-1 (android.widget.ImageView@40740e28)
D/nofatclips(  221): Found widget: id=-1 (android.widget.TextView@405ff418): New Page
D/nofatclips(  221): Found widget: id=2131165254 (android.widget.LinearLayout@4050c478)
D/nofatclips(  221): Found widget: id=-1 (android.widget.ImageView@4050c5c8)
D/nofatclips(  221): Found widget: id=-1 (android.widget.TextView@405d49c8): Quick Video
D/nofatclips(  221): Found widget: id=-1 (android.widget.LinearLayout@405a2898)
D/nofatclips(  221): Found widget: id=-1 (android.widget.LinearLayout@405a29e8)
D/nofatclips(  221): Found widget: id=2131165255 (android.widget.LinearLayout@405e4958)
D/nofatclips(  221): Found widget: id=-1 (android.widget.ImageView@405e4aa8)
D/nofatclips(  221): Found widget: id=2131165256 (android.widget.TextView@40661a70): Posts
D/nofatclips(  221): Found widget: id=2131165257 (android.widget.LinearLayout@406e43e8)
D/nofatclips(  221): Found widget: id=-1 (android.widget.ImageView@406e4538)
D/nofatclips(  221): Found widget: id=2131165256 (android.widget.TextView@4074c500): Pages
D/nofatclips(  221): Found widget: id=-1 (android.widget.FrameLayout@406e5ec8)
D/nofatclips(  221): Found widget: id=2131165258 (android.widget.LinearLayout@406e6020)
D/nofatclips(  221): Found widget: id=-1 (android.widget.ImageView@40599820)
D/nofatclips(  221): Found widget: id=2131165256 (android.widget.TextView@405b6f68): Comments
D/nofatclips(  221): Found widget: id=2131165259 (android.widget.FrameLayout@40599970)
D/nofatclips(  221): Found widget: id=2131165260 (android.widget.ImageView@4059fc28)
D/nofatclips(  221): Found widget: id=2131165261 (org.wordpress.android.util.CommentBadgeTextView@40614900): 0
D/nofatclips(  221): Found widget: id=-1 (android.widget.LinearLayout@4059fd78)
D/nofatclips(  221): Found widget: id=2131165262 (android.widget.LinearLayout@40590f00)
D/nofatclips(  221): Found widget: id=-1 (android.widget.ImageView@40591050)
D/nofatclips(  221): Found widget: id=2131165256 (android.widget.TextView@40593010): Settings
D/nofatclips(  221): Found widget: id=2131165263 (android.widget.LinearLayout@40595398)
D/nofatclips(  221): Found widget: id=-1 (android.widget.ImageView@405954e8)
D/nofatclips(  221): Found widget: id=2131165256 (android.widget.TextView@405974a8): Read
D/nofatclips(  221): Found widget: id=2131165264 (android.widget.LinearLayout@4059df60)
D/nofatclips(  221): Found widget: id=-1 (android.widget.ImageView@405ef030)
D/nofatclips(  221): Found widget: id=2131165256 (android.widget.TextView@40638270): Stats
D/nofatclips(  221): Found widget: id=-1 (com.android.internal.policy.impl.PhoneWindow$DecorView@405bd358)
V/nicola  (  221): TextualID : blog_title
V/nicola  (  221): ContentType detected : default
V/nicola  (  221): TextualID : action_refresh
V/nicola  (  221): ContentType detected : default
V/nicola  (  221): TextualID : null
V/nicola  (  221): ContentType detected : default
V/nicola  (  221): TextualID : null
V/nicola  (  221): ContentType detected : default
V/nicola  (  221): TextualID : null
V/nicola  (  221): ContentType detected : default
V/nicola  (  221): TextualID : null
V/nicola  (  221): ContentType detected : default
V/nicola  (  221): TextualID : button_text
V/nicola  (  221): ContentType detected : default
V/nicola  (  221): TextualID : button_text
V/nicola  (  221): ContentType detected : default
V/nicola  (  221): TextualID : button_text
V/nicola  (  221): ContentType detected : default
V/nicola  (  221): TextualID : button_text
V/nicola  (  221): ContentType detected : default
V/nicola  (  221): TextualID : button_text
V/nicola  (  221): ContentType detected : default
V/nicola  (  221): TextualID : button_text
V/nicola  (  221): ContentType detected : default
I/nofatclips(  221): Performing comparation for activity Dashboard
D/nofatclips(  221): Comparing against activity Dashboard
D/nofatclips(  221): Comparing against activity Dashboard
D/nofatclips(  221): Comparing against activity Dashboard
I/nofatclips(  221): Registering activity Dashboard (id: a4) as a new found state
D/nofatclips(  221): Performing backup of the old activity list on disk
D/nofatclips(  221): Saving new found state 'a4' on disk
V/nofatclips(  221): Opening state file in append mode.
D/dalvikvm(  221): GC_EXTERNAL_ALLOC freed 897K, 54% free 3480K/7559K, external 3064K/3350K, paused 94ms
I/nofatclips(  221): Saved image on disk: a4.jpg
I/nofatclips(  221): Waiting for 100 msec.
I/nofatclips(  221): Session count is 1. Will dump to disk at 1
I/nofatclips(  221): Saving the session on disk.
I/nofatclips(  221): Planning for new Activity Dashboard
D/nofatclips(  221): Handling event 'click' on widget id=2131165200 type=button name=
D/nofatclips(  221): Handling event 'click' on widget id=2131165201 type=button name=
D/dalvikvm(   61): GC_EXPLICIT freed 5K, 45% free 4104K/7431K, external 1316K/1828K, paused 290ms
D/nofatclips(  221): Handling event 'click' on widget id=2131165249 type=linearLayout name=
D/nofatclips(  221): Handling event 'click' on widget id=2131165251 type=linearLayout name=
D/nofatclips(  221): Handling event 'click' on widget id=2131165252 type=linearLayout name=
D/nofatclips(  221): Handling event 'click' on widget id=2131165253 type=linearLayout name=
D/nofatclips(  221): Handling event 'click' on widget id=2131165254 type=linearLayout name=
D/nofatclips(  221): Handling event 'click' on widget id=2131165255 type=linearLayout name=
D/nofatclips(  221): Handling event 'click' on widget id=2131165257 type=linearLayout name=
D/nofatclips(  221): Handling event 'click' on widget id=2131165258 type=linearLayout name=
D/dalvikvm(  221): GC_CONCURRENT freed 1029K, 54% free 3525K/7559K, external 3282K/3350K, paused 3ms+4ms
D/nofatclips(  221): Handling event 'click' on widget id=2131165262 type=linearLayout name=
D/nofatclips(  221): Handling event 'click' on widget id=2131165263 type=linearLayout name=
D/nofatclips(  221): Handling event 'click' on widget id=2131165264 type=linearLayout name=
I/nofatclips(  221): Created trace to press the back button
I/nofatclips(  221): Created trace to press the menu button
I/nofatclips(  221): Created trace to change orientation
I/nofatclips(  221): Check for termination: 97 steps left of 100
I/nofatclips(  221): Dispatching new task. 2 more tasks remaining.
D/nofatclips(  221): Performing backup of the old task list on disk
D/nofatclips(  221): Saving task list on disk
V/nofatclips(  221): Backing up trace #45 to disk.
V/nofatclips(  221): Backing up trace #46 to disk.
D/nofatclips(  221): Deleting backup of the old task list from disk
D/nofatclips(  221): Deleting backup of the old activity list from disk
I/nofatclips(  221): Incrementally Playing Trace 46
I/nofatclips(  221): Retrieved from return list id=16908290
D/nofatclips(  221): Testing for type (android.widget.FrameLayout) against the original (null)
I/nofatclips(  221): Firing event: type= openMenu name= widget=null
D/dalvikvm(  221): GC_CONCURRENT freed 1496K, 55% free 3426K/7559K, external 2682K/3350K, paused 3ms+3ms
W/KeyCharacterMap(  221): No keyboard for id 0
W/KeyCharacterMap(  221): Using default keymap: /system/usr/keychars/qwerty.kcm.bin
I/nofatclips(  221): Waiting for 100 msec.
I/dalvikvm(   61): Jit: resizing JitTable from 512 to 1024
I/nofatclips(  221): Current activity is Dashboard
I/nofatclips(  221): Retrieving widgets
D/nofatclips(  221): Found widget: id=16908726 (com.android.internal.view.menu.IconMenuView@4059d338)
D/nofatclips(  221): Found widget: id=16908310 (com.android.internal.view.menu.IconMenuItemView@4064a098): Add Account
D/nofatclips(  221): Found widget: id=16908310 (com.android.internal.view.menu.IconMenuItemView@4064c1a8): Preferences
D/nofatclips(  221): Found widget: id=16908310 (com.android.internal.view.menu.IconMenuItemView@4064e270): Remove Blog
D/nofatclips(  221): Found widget: id=16908310 (com.android.internal.view.menu.IconMenuItemView@406bcd60): About
D/nofatclips(  221): Found widget: id=-1 (com.android.internal.policy.impl.PhoneWindow$DecorView@4058a210)
V/ReflectionHelper(  221): com.android.internal.view.menu.IconMenuView > mOnFocusChangeListener FOUND | NOT ACTIVE
V/nicola  (  221): TextualID : null
V/nicola  (  221): ContentType detected : default
V/nicola  (  221): TextualID : null
V/nicola  (  221): ContentType detected : default
V/nicola  (  221): TextualID : null
V/nicola  (  221): ContentType detected : default
V/nicola  (  221): TextualID : null
V/nicola  (  221): ContentType detected : default
I/nofatclips(  221): Performing comparation for activity Dashboard
D/nofatclips(  221): Comparing against activity Dashboard
D/nofatclips(  221): Comparing against activity Dashboard
D/nofatclips(  221): Comparing against activity Dashboard
D/nofatclips(  221): Comparing against activity Dashboard
I/nofatclips(  221): Registering activity Dashboard (id: a5) as a new found state
D/nofatclips(  221): Performing backup of the old activity list on disk
D/nofatclips(  221): Saving new found state 'a5' on disk
V/nofatclips(  221): Opening state file in append mode.
I/nofatclips(  221): Saved image on disk: a5.jpg
I/nofatclips(  221): Waiting for 100 msec.
I/nofatclips(  221): Session count is 1. Will dump to disk at 1
I/nofatclips(  221): Saving the session on disk.
I/nofatclips(  221): Planning for new Activity Dashboard
D/nofatclips(  221): Handling event 'click' on widget id=16908310 type=menuItem name=Add Account
D/nofatclips(  221): Handling event 'click' on widget id=16908310 type=menuItem name=Preferences
D/nofatclips(  221): Handling event 'click' on widget id=16908310 type=menuItem name=Remove Blog
D/nofatclips(  221): Handling event 'click' on widget id=16908310 type=menuItem name=About
I/nofatclips(  221): Created trace to press the back button
I/nofatclips(  221): Created trace to press the menu button
I/nofatclips(  221): Created trace to change orientation
I/nofatclips(  221): Check for termination: 96 steps left of 100
I/nofatclips(  221): Dispatching new task. 2 more tasks remaining.
D/nofatclips(  221): Performing backup of the old task list on disk
D/nofatclips(  221): Saving task list on disk
V/nofatclips(  221): Backing up trace #51 to disk.
V/nofatclips(  221): Backing up trace #52 to disk.
D/nofatclips(  221): Deleting backup of the old task list from disk
D/nofatclips(  221): Deleting backup of the old activity list from disk
I/nofatclips(  221): Incrementally Playing Trace 52
I/nofatclips(  221): Retrieved from return list id=16908310
D/nofatclips(  221): Testing for type (com.android.internal.view.menu.IconMenuItemView) against the original (com.android.internal.view.menu.IconMenuItemView)
D/nofatclips(  221): Testing for name (Remove Blog) against the original (Remove Blog)
I/nofatclips(  221): Firing event: type= click index=3 widget=com.android.internal.view.menu.IconMenuItemView
D/dalvikvm(  221): GC_CONCURRENT freed 1049K, 54% free 3533K/7559K, external 2973K/3350K, paused 6ms+7ms
W/KeyCharacterMap(  221): No keyboard for id 0
W/KeyCharacterMap(  221): Using default keymap: /system/usr/keychars/qwerty.kcm.bin
D/nofatclips(  221): Event description: Remove Blog
I/nofatclips(  221): Waiting for 100 msec.
I/nofatclips(  221): Current activity is Dashboard
I/nofatclips(  221): Retrieving widgets
D/nofatclips(  221): Found widget: id=16908290 (android.widget.FrameLayout@405bc3c0)
D/nofatclips(  221): Found widget: id=16908666 (com.android.internal.widget.WeightedLinearLayout@405c3680)
D/nofatclips(  221): Found widget: id=16908667 (android.widget.LinearLayout@405861b0)
D/nofatclips(  221): Found widget: id=16908668 (android.widget.LinearLayout@406627e0)
D/nofatclips(  221): Found widget: id=16908294 (android.widget.ImageView@4067ca20)
D/nofatclips(  221): Found widget: id=16908669 (com.android.internal.widget.DialogTitle@40595ea8): Remove Blog
D/nofatclips(  221): Found widget: id=16908670 (android.widget.ImageView@405c4690)
D/nofatclips(  221): Found widget: id=16908671 (android.widget.LinearLayout@405dbc20)
