D/nofatclips(  221): Found widget: id=16908672 (android.widget.ScrollView@4059e9e8)
D/nofatclips(  221): Found widget: id=16908299 (android.widget.TextView@405a8600): Are you sure you want to remove this blog?
D/nofatclips(  221): Found widget: id=16908673 (android.widget.FrameLayout@405f5df0)
D/nofatclips(  221): Found widget: id=16908331 (android.widget.FrameLayout@40604b78)
D/nofatclips(  221): Found widget: id=16908674 (android.widget.LinearLayout@40605c30)
D/nofatclips(  221): Found widget: id=-1 (android.widget.LinearLayout@40651fe8)
D/nofatclips(  221): Found widget: id=16908675 (android.widget.LinearLayout@406530a0)
D/nofatclips(  221): Found widget: id=16908313 (android.widget.Button@406e2390): Yes
D/nofatclips(  221): Found widget: id=16908315 (android.widget.Button@40747790): 
D/nofatclips(  221): Found widget: id=16908314 (android.widget.Button@40654138): No
D/nofatclips(  221): Found widget: id=16908676 (android.widget.LinearLayout@406675b8)
D/nofatclips(  221): Found widget: id=-1 (com.android.internal.policy.impl.PhoneWindow$DecorView@405e1e98)
V/nicola  (  221): TextualID : null
V/nicola  (  221): ContentType detected : default
V/nicola  (  221): TextualID : null
V/nicola  (  221): ContentType detected : default
V/nicola  (  221): TextualID : null
V/nicola  (  221): ContentType detected : default
V/nicola  (  221): TextualID : null
V/nicola  (  221): ContentType detected : default
I/nofatclips(  221): Performing comparation for activity Dashboard
D/nofatclips(  221): Comparing against activity Dashboard
D/nofatclips(  221): Comparing against activity Dashboard
D/nofatclips(  221): Comparing against activity Dashboard
D/nofatclips(  221): Comparing against activity Dashboard
D/nofatclips(  221): Comparing against activity Dashboard
I/nofatclips(  221): Registering activity Dashboard (id: a6) as a new found state
D/nofatclips(  221): Performing backup of the old activity list on disk
D/nofatclips(  221): Saving new found state 'a6' on disk
V/nofatclips(  221): Opening state file in append mode.
D/dalvikvm(  221): GC_EXTERNAL_ALLOC freed 495K, 54% free 3508K/7559K, external 3341K/3350K, paused 120ms
I/nofatclips(  221): Saved image on disk: a6.jpg
I/nofatclips(  221): Waiting for 100 msec.
I/nofatclips(  221): Session count is 1. Will dump to disk at 1
I/nofatclips(  221): Saving the session on disk.
I/nofatclips(  221): Planning for new Activity Dashboard
D/nofatclips(  221): Handling event 'click' on widget id=16908313 type=button name=Yes
D/nofatclips(  221): Handling event 'click' on widget id=16908314 type=button name=No
I/nofatclips(  221): Created trace to press the back button
I/nofatclips(  221): Created trace to press the menu button
I/nofatclips(  221): Created trace to change orientation
I/nofatclips(  221): Check for termination: 95 steps left of 100
I/nofatclips(  221): Dispatching new task. 2 more tasks remaining.
D/nofatclips(  221): Performing backup of the old task list on disk
D/nofatclips(  221): Saving task list on disk
V/nofatclips(  221): Backing up trace #55 to disk.
V/nofatclips(  221): Backing up trace #56 to disk.
D/nofatclips(  221): Deleting backup of the old task list from disk
D/nofatclips(  221): Deleting backup of the old activity list from disk
I/nofatclips(  221): Incrementally Playing Trace 56
I/nofatclips(  221): Retrieved from return list id=16908314
D/nofatclips(  221): Testing for type (android.widget.Button) against the original (android.widget.Button)
D/nofatclips(  221): Testing for name (No) against the original (No)
I/nofatclips(  221): Firing event: type= click index=17 widget=android.widget.Button
W/KeyCharacterMap(  221): No keyboard for id 0
W/KeyCharacterMap(  221): Using default keymap: /system/usr/keychars/qwerty.kcm.bin
D/nofatclips(  221): Event description: No
I/nofatclips(  221): Waiting for 100 msec.
W/InputManagerService(   61): Window already focused, ignoring focus gain of: com.android.internal.view.IInputMethodClient$Stub$Proxy@405d30d0
I/nofatclips(  221): Current activity is Dashboard
I/nofatclips(  221): Retrieving widgets
D/nofatclips(  221): Found widget: id=16908290 (android.widget.FrameLayout@405bd730)
D/nofatclips(  221): Found widget: id=2131165248 (android.widget.RelativeLayout@405be0d8)
D/nofatclips(  221): Found widget: id=2131165249 (android.widget.LinearLayout@405be4d0)
D/nofatclips(  221): Found widget: id=-1 (android.widget.ImageView@405be800)
D/nofatclips(  221): Found widget: id=2131165250 (org.wordpress.android.util.WPTitleBar@405e5148)
D/nofatclips(  221): Found widget: id=2131165195 (android.widget.RelativeLayout@405e5d70)
D/nofatclips(  221): Found widget: id=2131165196 (android.widget.RelativeLayout@405e6738)
D/nofatclips(  221): Found widget: id=2131165197 (android.widget.ImageView@405e7eb0)
D/nofatclips(  221): Found widget: id=2131165198 (android.widget.TextView@405e8310): Katie's Sweet Testing Blog
D/nofatclips(  221): Found widget: id=2131165199 (android.widget.ImageView@405e8fa0)
D/nofatclips(  221): Found widget: id=-1 (android.widget.RelativeLayout@405e93b8)
D/nofatclips(  221): Found widget: id=2131165200 (android.widget.ImageButton@405e9818)
D/nofatclips(  221): Found widget: id=-1 (android.widget.FrameLayout@405ea298)
D/nofatclips(  221): Found widget: id=2131165201 (android.widget.Button@405ea5a8): 
D/nofatclips(  221): Found widget: id=2131165202 (android.widget.ImageView@405eb050)
D/nofatclips(  221): Found widget: id=2131165203 (android.widget.ImageView@405eb400)
D/nofatclips(  221): Found widget: id=2131165249 (android.widget.LinearLayout@406c8108)
D/nofatclips(  221): Found widget: id=-1 (android.widget.FrameLayout@40593f10)
D/nofatclips(  221): Found widget: id=-1 (android.widget.LinearLayout@406d0a18)
D/nofatclips(  221): Found widget: id=-1 (android.widget.LinearLayout@405f2650)
D/nofatclips(  221): Found widget: id=-1 (android.widget.LinearLayout@40740b10)
D/nofatclips(  221): Found widget: id=2131165251 (android.widget.LinearLayout@405951e0)
D/nofatclips(  221): Found widget: id=-1 (android.widget.ImageView@406d0d48)
D/nofatclips(  221): Found widget: id=-1 (android.widget.TextView@40636f00): New Post
D/nofatclips(  221): Found widget: id=2131165252 (android.widget.LinearLayout@405f0aa0)
D/nofatclips(  221): Found widget: id=-1 (android.widget.ImageView@405a2728)
D/nofatclips(  221): Found widget: id=-1 (android.widget.TextView@4059cfa0): Quick Photo
D/nofatclips(  221): Found widget: id=-1 (android.widget.LinearLayout@406852a8)
D/nofatclips(  221): Found widget: id=2131165253 (android.widget.LinearLayout@406a5d78)
D/nofatclips(  221): Found widget: id=-1 (android.widget.ImageView@40740e28)
D/nofatclips(  221): Found widget: id=-1 (android.widget.TextView@405ff418): New Page
D/nofatclips(  221): Found widget: id=2131165254 (android.widget.LinearLayout@4050c478)
D/nofatclips(  221): Found widget: id=-1 (android.widget.ImageView@4050c5c8)
D/nofatclips(  221): Found widget: id=-1 (android.widget.TextView@405d49c8): Quick Video
D/nofatclips(  221): Found widget: id=-1 (android.widget.LinearLayout@405a2898)
D/nofatclips(  221): Found widget: id=-1 (android.widget.LinearLayout@405a29e8)
D/nofatclips(  221): Found widget: id=2131165255 (android.widget.LinearLayout@405e4958)
D/nofatclips(  221): Found widget: id=-1 (android.widget.ImageView@405e4aa8)
D/nofatclips(  221): Found widget: id=2131165256 (android.widget.TextView@40661a70): Posts
D/nofatclips(  221): Found widget: id=2131165257 (android.widget.LinearLayout@406e43e8)
D/nofatclips(  221): Found widget: id=-1 (android.widget.ImageView@406e4538)
D/nofatclips(  221): Found widget: id=2131165256 (android.widget.TextView@4074c500): Pages
D/nofatclips(  221): Found widget: id=-1 (android.widget.FrameLayout@406e5ec8)
D/nofatclips(  221): Found widget: id=2131165258 (android.widget.LinearLayout@406e6020)
D/nofatclips(  221): Found widget: id=-1 (android.widget.ImageView@40599820)
D/nofatclips(  221): Found widget: id=2131165256 (android.widget.TextView@405b6f68): Comments
D/nofatclips(  221): Found widget: id=2131165259 (android.widget.FrameLayout@40599970)
D/nofatclips(  221): Found widget: id=2131165260 (android.widget.ImageView@4059fc28)
D/nofatclips(  221): Found widget: id=2131165261 (org.wordpress.android.util.CommentBadgeTextView@40614900): 0
D/nofatclips(  221): Found widget: id=-1 (android.widget.LinearLayout@4059fd78)
D/nofatclips(  221): Found widget: id=2131165262 (android.widget.LinearLayout@40590f00)
D/nofatclips(  221): Found widget: id=-1 (android.widget.ImageView@40591050)
D/nofatclips(  221): Found widget: id=2131165256 (android.widget.TextView@40593010): Settings
D/nofatclips(  221): Found widget: id=2131165263 (android.widget.LinearLayout@40595398)
D/nofatclips(  221): Found widget: id=-1 (android.widget.ImageView@405954e8)
D/nofatclips(  221): Found widget: id=2131165256 (android.widget.TextView@405974a8): Read
D/nofatclips(  221): Found widget: id=2131165264 (android.widget.LinearLayout@4059df60)
D/nofatclips(  221): Found widget: id=-1 (android.widget.ImageView@405ef030)
D/nofatclips(  221): Found widget: id=2131165256 (android.widget.TextView@40638270): Stats
D/nofatclips(  221): Found widget: id=-1 (com.android.internal.policy.impl.PhoneWindow$DecorView@405bd358)
V/nicola  (  221): TextualID : blog_title
V/nicola  (  221): ContentType detected : default
V/nicola  (  221): TextualID : action_refresh
V/nicola  (  221): ContentType detected : default
V/nicola  (  221): TextualID : null
V/nicola  (  221): ContentType detected : default
V/nicola  (  221): TextualID : null
V/nicola  (  221): ContentType detected : default
V/nicola  (  221): TextualID : null
V/nicola  (  221): ContentType detected : default
V/nicola  (  221): TextualID : null
V/nicola  (  221): ContentType detected : default
V/nicola  (  221): TextualID : button_text
V/nicola  (  221): ContentType detected : default
V/nicola  (  221): TextualID : button_text
V/nicola  (  221): ContentType detected : default
V/nicola  (  221): TextualID : button_text
V/nicola  (  221): ContentType detected : default
V/nicola  (  221): TextualID : button_text
V/nicola  (  221): ContentType detected : default
V/nicola  (  221): TextualID : button_text
V/nicola  (  221): ContentType detected : default
D/dalvikvm(  221): GC_CONCURRENT freed 1289K, 53% free 3571K/7559K, external 3537K/4417K, paused 10ms+9ms
V/nicola  (  221): TextualID : button_text
V/nicola  (  221): ContentType detected : default
I/nofatclips(  221): Performing comparation for activity Dashboard
D/nofatclips(  221): Comparing against activity Dashboard
D/nofatclips(  221): Comparing against activity Dashboard
D/nofatclips(  221): Comparing against activity Dashboard
D/nofatclips(  221): Comparing against activity Dashboard
D/nofatclips(  221): Comparing against activity Dashboard
D/nofatclips(  221): Comparing against activity Dashboard
I/nofatclips(  221): Registering activity Dashboard (id: a7) as a new found state
D/nofatclips(  221): Performing backup of the old activity list on disk
D/nofatclips(  221): Saving new found state 'a7' on disk
V/nofatclips(  221): Opening state file in append mode.
I/nofatclips(  221): Saved image on disk: a7.jpg
I/nofatclips(  221): Waiting for 100 msec.
I/nofatclips(  221): Session count is 1. Will dump to disk at 1
I/nofatclips(  221): Saving the session on disk.
I/nofatclips(  221): Planning for new Activity Dashboard
D/nofatclips(  221): Handling event 'click' on widget id=2131165200 type=button name=
D/nofatclips(  221): Handling event 'click' on widget id=2131165201 type=button name=
D/nofatclips(  221): Handling event 'click' on widget id=2131165249 type=linearLayout name=
D/nofatclips(  221): Handling event 'click' on widget id=2131165251 type=linearLayout name=
D/nofatclips(  221): Handling event 'click' on widget id=2131165252 type=linearLayout name=
D/nofatclips(  221): Handling event 'click' on widget id=2131165253 type=linearLayout name=
D/nofatclips(  221): Handling event 'click' on widget id=2131165254 type=linearLayout name=
D/nofatclips(  221): Handling event 'click' on widget id=2131165255 type=linearLayout name=
D/nofatclips(  221): Handling event 'click' on widget id=2131165257 type=linearLayout name=
D/nofatclips(  221): Handling event 'click' on widget id=2131165258 type=linearLayout name=
D/nofatclips(  221): Handling event 'click' on widget id=2131165262 type=linearLayout name=
D/nofatclips(  221): Handling event 'click' on widget id=2131165263 type=linearLayout name=
D/dalvikvm(  221): GC_CONCURRENT freed 1445K, 53% free 3700K/7751K, external 3327K/3406K, paused 3ms+4ms
D/nofatclips(  221): Handling event 'click' on widget id=2131165264 type=linearLayout name=
I/nofatclips(  221): Created trace to press the back button
I/nofatclips(  221): Created trace to press the menu button
I/nofatclips(  221): Created trace to change orientation
I/nofatclips(  221): Check for termination: 94 steps left of 100
I/nofatclips(  221): Dispatching new task. 2 more tasks remaining.
D/nofatclips(  221): Performing backup of the old task list on disk
D/nofatclips(  221): Saving task list on disk
V/nofatclips(  221): Backing up trace #70 to disk.
V/nofatclips(  221): Backing up trace #71 to disk.
D/nofatclips(  221): Deleting backup of the old task list from disk
D/nofatclips(  221): Deleting backup of the old activity list from disk
I/nofatclips(  221): Incrementally Playing Trace 71
I/nofatclips(  221): Retrieved from return list id=2131165253
D/nofatclips(  221): Testing for type (android.widget.LinearLayout) against the original (android.widget.LinearLayout)
D/nofatclips(  221): Testing for name () against the original ()
I/nofatclips(  221): Firing event: type= click index=28 widget=android.widget.LinearLayout
D/dalvikvm(  221): GC_CONCURRENT freed 1677K, 55% free 3532K/7815K, external 2727K/3406K, paused 3ms+3ms
W/KeyCharacterMap(  221): No keyboard for id 0
W/KeyCharacterMap(  221): Using default keymap: /system/usr/keychars/qwerty.kcm.bin
D/nofatclips(  221): Event description: New Page
I/ActivityManager(   61): Starting: Intent { cmp=org.wordpress.android/.EditPost (has extras) } from pid 221
D/szipinf (   61): Initializing inflate state
I/nofatclips(  221): Waiting for 100 msec.
I/dalvikvm(  221): Jit: resizing JitTable from 2048 to 4096
I/nofatclips(  221): Current activity is EditPost
I/nofatclips(  221): Retrieving widgets
D/nofatclips(  221): Found widget: id=-1 (android.widget.LinearLayout@4076b670)
D/nofatclips(  221): Found widget: id=-1 (android.widget.FrameLayout@407841f8)
D/nofatclips(  221): Found widget: id=16908310 (android.widget.TextView@40726c00): Katie&#039;s Sweet Testing Blog - New Page
D/nofatclips(  221): Found widget: id=16908290 (android.widget.FrameLayout@40593b20)
D/nofatclips(  221): Found widget: id=2131165298 (android.widget.ScrollView@405c8210)
D/nofatclips(  221): Found widget: id=-1 (android.widget.LinearLayout@4071d768)
D/nofatclips(  221): Found widget: id=2131165209 (android.widget.RelativeLayout@4071da00)
D/nofatclips(  221): Found widget: id=2131165210 (android.widget.TextView@406cdc60): Page Content
D/nofatclips(  221): Found widget: id=2131165236 (android.widget.EditText@4071a4d0): 
D/nofatclips(  221): Found widget: id=2131165265 (org.wordpress.android.util.WPEditText@406ad5a8): 
D/nofatclips(  221): Found widget: id=2131165288 (android.widget.RelativeLayout@4071a070)
D/nofatclips(  221): Found widget: id=2131165278 (android.widget.TextView@4071b378): Status
D/nofatclips(  221): Found widget: id=2131165279 (android.widget.TextView@405cdcc0): Status:
D/nofatclips(  221): Found widget: id=2131165280 (android.widget.Spinner@405cf5e0)
D/nofatclips(  221): Found widget: id=2131165281 (android.widget.TextView@406b1170): Publish:
D/nofatclips(  221): Found widget: id=2131165282 (android.widget.TextView@405e5ec8): Immediately
D/nofatclips(  221): Found widget: id=2131165283 (android.widget.Button@406a0498): Edit
D/nofatclips(  221): Found widget: id=2131165266 (android.widget.RelativeLayout@4068d180)
D/nofatclips(  221): Found widget: id=2131165216 (android.widget.TextView@4062bb10): Password (optional)
D/nofatclips(  221): Found widget: id=2131165286 (android.widget.EditText@4063fc48): 
D/nofatclips(  221): Found widget: id=2131165287 (android.widget.Button@4072bb60): Publish
D/nofatclips(  221): Found widget: id=-1 (com.android.internal.policy.impl.PhoneWindow$DecorView@4072c5e0)
I/ActivityManager(   61): Displayed org.wordpress.android/.EditPost: +1s547ms
V/nicola  (  221): TextualID : null
V/nicola  (  221): ContentType detected : default
V/nicola  (  221): TextualID : l_section1
V/nicola  (  221): ContentType detected : default
V/ReflectionHelper(  221): android.widget.EditText > mOnFocusChangeListener FOUND | NOT ACTIVE
V/nicola  (  221): TextualID : title
V/nicola  (  221): ContentType detected : default
V/ReflectionHelper(  221): org.wordpress.android.util.WPEditText > mOnFocusChangeListener FOUND | ACTIVE
V/nicola  (  221): TextualID : postContent
V/nicola  (  221): ContentType detected : default
V/nicola  (  221): TextualID : l_status
V/nicola  (  221): ContentType detected : default
V/nicola  (  221): TextualID : statusLabel
V/nicola  (  221): ContentType detected : default
V/nicola  (  221): TextualID : pubDateLabel
V/nicola  (  221): ContentType detected : default
V/nicola  (  221): TextualID : pubDate
V/nicola  (  221): ContentType detected : default
V/nicola  (  221): TextualID : pubDateButton
V/nicola  (  221): ContentType detected : default
V/nicola  (  221): TextualID : l_password
V/nicola  (  221): ContentType detected : default
V/ReflectionHelper(  221): android.widget.EditText > mOnFocusChangeListener FOUND | NOT ACTIVE
V/nicola  (  221): TextualID : post_password
V/nicola  (  221): ContentType detected : default
V/nicola  (  221): TextualID : post
V/nicola  (  221): ContentType detected : default
I/nofatclips(  221): Performing comparation for activity EditPost
D/nofatclips(  221): Comparing against activity Dashboard
D/nofatclips(  221): Comparing against activity Dashboard
D/nofatclips(  221): Comparing against activity Dashboard
D/nofatclips(  221): Comparing against activity Dashboard
D/nofatclips(  221): Comparing against activity Dashboard
D/nofatclips(  221): Comparing against activity Dashboard
D/nofatclips(  221): Comparing against activity Dashboard
I/nofatclips(  221): Registering activity EditPost (id: a8) as a new found state
D/nofatclips(  221): Performing backup of the old activity list on disk
D/nofatclips(  221): Saving new found state 'a8' on disk
V/nofatclips(  221): Opening state file in append mode.
D/dalvikvm(  221): GC_EXTERNAL_ALLOC freed 752K, 54% free 3647K/7815K, external 2982K/3406K, paused 115ms
I/nofatclips(  221): Saved image on disk: a8.jpg
I/nofatclips(  221): Waiting for 100 msec.
I/nofatclips(  221): Session count is 1. Will dump to disk at 1
I/nofatclips(  221): Saving the session on disk.
I/nofatclips(  221): Planning for new Activity EditPost
D/nofatclips(  221): Handling event 'focus' on widget id=2131165265 type=focusableEditText name=Content
D/nofatclips(  221): Handling input 'writeText' on widget id=2131165236 type=editText name=Title
V/nofatclips(  221): Using value: 90
D/nofatclips(  221): Handling input 'writeText' on widget id=2131165286 type=editText name=Password (optional)
V/nofatclips(  221): Using value: 45
D/nofatclips(  221): Handling event 'click' on widget id=2131165283 type=button name=Edit
D/nofatclips(  221): Handling input 'writeText' on widget id=2131165236 type=editText name=Title
V/nofatclips(  221): Using value: 90
D/nofatclips(  221): Handling input 'writeText' on widget id=2131165286 type=editText name=Password (optional)
V/nofatclips(  221): Using value: 45
D/nofatclips(  221): Handling event 'click' on widget id=2131165287 type=button name=Publish
D/nofatclips(  221): Handling input 'writeText' on widget id=2131165236 type=editText name=Title
V/nofatclips(  221): Using value: 90
D/nofatclips(  221): Handling input 'writeText' on widget id=2131165286 type=editText name=Password (optional)
V/nofatclips(  221): Using value: 45
I/nofatclips(  221): Created trace to press the back button
I/nofatclips(  221): Created trace to press the menu button
I/nofatclips(  221): Created trace to change orientation
I/nofatclips(  221): Check for termination: 93 steps left of 100
I/nofatclips(  221): Dispatching new task. 2 more tasks remaining.
D/nofatclips(  221): Performing backup of the old task list on disk
D/nofatclips(  221): Saving task list on disk
V/nofatclips(  221): Backing up trace #76 to disk.
V/nofatclips(  221): Backing up trace #77 to disk.
D/nofatclips(  221): Deleting backup of the old task list from disk
D/nofatclips(  221): Deleting backup of the old activity list from disk
I/nofatclips(  221): Incrementally Playing Trace 77
D/nofatclips(  221): Setting input: type= writeText id=2131165236 value=90
D/nofatclips(  221): Added to return list id=2131165236
I/nofatclips(  221): Retrieved from return list id=2131165236
D/nofatclips(  221): Testing for type (android.widget.EditText) against the original (android.widget.EditText)
D/nofatclips(  221): Testing for name (Title) against the original (Title)
D/dalvikvm(  221): GC_CONCURRENT freed 1008K, 53% free 3689K/7815K, external 4182K/4473K, paused 5ms+4ms
W/KeyCharacterMap(  221): No keyboard for id 0
W/KeyCharacterMap(  221): Using default keymap: /system/usr/keychars/qwerty.kcm.bin
D/nofatclips(  221): Setting input: type= writeText id=2131165286 value=45
D/nofatclips(  221): Added to return list id=2131165286
I/nofatclips(  221): Retrieved from return list id=2131165286
D/nofatclips(  221): Testing for type (android.widget.EditText) against the original (android.widget.EditText)
D/nofatclips(  221): Testing for name (Password (optional)) against the original (Password (optional))
I/nofatclips(  221): Retrieved from return list id=2131165287
D/nofatclips(  221): Testing for type (android.widget.Button) against the original (android.widget.Button)
D/nofatclips(  221): Testing for name (Publish) against the original (Publish)
I/nofatclips(  221): Firing event: type= click index=20 widget=android.widget.Button
D/nofatclips(  221): Event description: Publish
I/nofatclips(  221): Waiting for 100 msec.
I/nofatclips(  221): Current activity is EditPost
I/nofatclips(  221): Retrieving widgets
D/nofatclips(  221): Found widget: id=16908290 (android.widget.FrameLayout@4065ed18)
D/nofatclips(  221): Found widget: id=16908666 (com.android.internal.widget.WeightedLinearLayout@406d0850)
D/nofatclips(  221): Found widget: id=16908667 (android.widget.LinearLayout@40715520)
D/nofatclips(  221): Found widget: id=16908668 (android.widget.LinearLayout@405d6088)
D/nofatclips(  221): Found widget: id=16908294 (android.widget.ImageView@406021d8)
D/nofatclips(  221): Found widget: id=16908669 (com.android.internal.widget.DialogTitle@40596980): No Content Found
D/nofatclips(  221): Found widget: id=16908670 (android.widget.ImageView@405ca3f8)
D/nofatclips(  221): Found widget: id=16908671 (android.widget.LinearLayout@40630050)
D/nofatclips(  221): Found widget: id=16908672 (android.widget.ScrollView@4067a510)
D/nofatclips(  221): Found widget: id=16908299 (android.widget.TextView@405a8600): Please enter some post content or attach a media item.
D/nofatclips(  221): Found widget: id=16908673 (android.widget.FrameLayout@40611510)
D/nofatclips(  221): Found widget: id=16908331 (android.widget.FrameLayout@4059dd00)
D/nofatclips(  221): Found widget: id=16908674 (android.widget.LinearLayout@405fb5b0)
D/nofatclips(  221): Found widget: id=-1 (android.widget.LinearLayout@405fe4c0)
D/nofatclips(  221): Found widget: id=16908675 (android.widget.LinearLayout@40636c40)
D/nofatclips(  221): Found widget: id=16908313 (android.widget.Button@405f94f0): OK
D/nofatclips(  221): Found widget: id=16908315 (android.widget.Button@406e2390): 
D/nofatclips(  221): Found widget: id=16908314 (android.widget.Button@40630d80): 
D/nofatclips(  221): Found widget: id=16908676 (android.widget.LinearLayout@4059a660)
D/nofatclips(  221): Found widget: id=-1 (com.android.internal.policy.impl.PhoneWindow$DecorView@40605338)
V/nicola  (  221): TextualID : null
V/nicola  (  221): ContentType detected : default
V/nicola  (  221): TextualID : null
V/nicola  (  221): ContentType detected : default
V/nicola  (  221): TextualID : null
V/nicola  (  221): ContentType detected : default
I/nofatclips(  221): Performing comparation for activity EditPost
D/nofatclips(  221): Comparing against activity Dashboard
D/nofatclips(  221): Comparing against activity Dashboard
D/nofatclips(  221): Comparing against activity EditPost
D/nofatclips(  221): Comparing against activity Dashboard
D/nofatclips(  221): Comparing against activity Dashboard
D/nofatclips(  221): Comparing against activity Dashboard
D/nofatclips(  221): Comparing against activity Dashboard
D/nofatclips(  221): Comparing against activity Dashboard
I/nofatclips(  221): Registering activity EditPost (id: a9) as a new found state
D/nofatclips(  221): Performing backup of the old activity list on disk
D/nofatclips(  221): Saving new found state 'a9' on disk
V/nofatclips(  221): Opening state file in append mode.
I/nofatclips(  221): Saved image on disk: a9.jpg
I/nofatclips(  221): Waiting for 100 msec.
I/nofatclips(  221): Session count is 1. Will dump to disk at 1
I/nofatclips(  221): Saving the session on disk.
I/nofatclips(  221): Planning for new Activity EditPost
D/nofatclips(  221): Handling event 'click' on widget id=16908313 type=button name=OK
I/nofatclips(  221): Created trace to press the back button
I/nofatclips(  221): Created trace to press the menu button
I/nofatclips(  221): Created trace to change orientation
I/nofatclips(  221): Check for termination: 92 steps left of 100
I/nofatclips(  221): Dispatching new task. 2 more tasks remaining.
D/nofatclips(  221): Performing backup of the old task list on disk
D/nofatclips(  221): Saving task list on disk
V/nofatclips(  221): Backing up trace #80 to disk.
V/nofatclips(  221): Backing up trace #81 to disk.
D/nofatclips(  221): Deleting backup of the old task list from disk
D/nofatclips(  221): Deleting backup of the old activity list from disk
I/nofatclips(  221): Incrementally Playing Trace 81
I/nofatclips(  221): Retrieved from return list id=16908290
D/nofatclips(  221): Testing for type (android.widget.FrameLayout) against the original (null)
I/nofatclips(  221): Firing event: type= openMenu name= widget=null
I/nofatclips(  221): Waiting for 100 msec.
I/nofatclips(  221): Current activity is EditPost
I/nofatclips(  221): Retrieving widgets
D/nofatclips(  221): Found widget: id=16908290 (android.widget.FrameLayout@4065ed18)
D/nofatclips(  221): Found widget: id=16908666 (com.android.internal.widget.WeightedLinearLayout@406d0850)
D/nofatclips(  221): Found widget: id=16908667 (android.widget.LinearLayout@40715520)
D/nofatclips(  221): Found widget: id=16908668 (android.widget.LinearLayout@405d6088)
D/nofatclips(  221): Found widget: id=16908294 (android.widget.ImageView@406021d8)
D/nofatclips(  221): Found widget: id=16908669 (com.android.internal.widget.DialogTitle@40596980): No Content Found
D/nofatclips(  221): Found widget: id=16908670 (android.widget.ImageView@405ca3f8)
D/nofatclips(  221): Found widget: id=16908671 (android.widget.LinearLayout@40630050)
D/nofatclips(  221): Found widget: id=16908672 (android.widget.ScrollView@4067a510)
D/nofatclips(  221): Found widget: id=16908299 (android.widget.TextView@405a8600): Please enter some post content or attach a media item.
D/nofatclips(  221): Found widget: id=16908673 (android.widget.FrameLayout@40611510)
D/nofatclips(  221): Found widget: id=16908331 (android.widget.FrameLayout@4059dd00)
D/nofatclips(  221): Found widget: id=16908674 (android.widget.LinearLayout@405fb5b0)
D/nofatclips(  221): Found widget: id=-1 (android.widget.LinearLayout@405fe4c0)
D/nofatclips(  221): Found widget: id=16908675 (android.widget.LinearLayout@40636c40)
D/nofatclips(  221): Found widget: id=16908313 (android.widget.Button@405f94f0): OK
D/nofatclips(  221): Found widget: id=16908315 (android.widget.Button@406e2390): 
D/nofatclips(  221): Found widget: id=16908314 (android.widget.Button@40630d80): 
D/nofatclips(  221): Found widget: id=16908676 (android.widget.LinearLayout@4059a660)
D/nofatclips(  221): Found widget: id=-1 (com.android.internal.policy.impl.PhoneWindow$DecorView@40605338)
V/nicola  (  221): TextualID : null
V/nicola  (  221): ContentType detected : default
V/nicola  (  221): TextualID : null
V/nicola  (  221): ContentType detected : default
V/nicola  (  221): TextualID : null
V/nicola  (  221): ContentType detected : default
I/nofatclips(  221): Performing comparation for activity EditPost
D/nofatclips(  221): Comparing against activity Dashboard
D/nofatclips(  221): Comparing against activity Dashboard
D/nofatclips(  221): Comparing against activity EditPost
D/nofatclips(  221): Comparing against activity Dashboard
D/nofatclips(  221): Comparing against activity Dashboard
D/nofatclips(  221): Comparing against activity EditPost
D/nofatclips(  221): Comparing against activity Dashboard
D/nofatclips(  221): Comparing against activity Dashboard
D/nofatclips(  221): Comparing against activity Dashboard
I/nofatclips(  221): Registering activity EditPost (id: a10) as a new found state
D/nofatclips(  221): Performing backup of the old activity list on disk
D/nofatclips(  221): Saving new found state 'a10' on disk
V/nofatclips(  221): Opening state file in append mode.
D/dalvikvm(  221): GC_CONCURRENT freed 1663K, 54% free 3757K/8071K, external 4400K/4473K, paused 15ms+13ms
D/dalvikvm(  221): GC_EXTERNAL_ALLOC freed 53K, 55% free 3703K/8071K, external 3993K/4473K, paused 212ms
I/nofatclips(  221): Saved image on disk: a10.jpg
I/nofatclips(  221): Waiting for 100 msec.
I/nofatclips(  221): Session count is 1. Will dump to disk at 1
I/nofatclips(  221): Saving the session on disk.
I/nofatclips(  221): Planning for new Activity EditPost
D/nofatclips(  221): Handling event 'click' on widget id=16908313 type=button name=OK
I/nofatclips(  221): Created trace to press the back button
I/nofatclips(  221): Created trace to press the menu button
I/nofatclips(  221): Created trace to change orientation
I/nofatclips(  221): Check for termination: 91 steps left of 100
I/nofatclips(  221): Dispatching new task. 2 more tasks remaining.
D/nofatclips(  221): Performing backup of the old task list on disk
D/nofatclips(  221): Saving task list on disk
V/nofatclips(  221): Backing up trace #84 to disk.
V/nofatclips(  221): Backing up trace #85 to disk.
D/nofatclips(  221): Deleting backup of the old task list from disk
D/nofatclips(  221): Deleting backup of the old activity list from disk
I/nofatclips(  221): Incrementally Playing Trace 85
I/nofatclips(  221): Retrieved from return list id=16908290
D/nofatclips(  221): Testing for type (android.widget.FrameLayout) against the original (null)
I/nofatclips(  221): Firing event: type= openMenu name= widget=null
I/nofatclips(  221): Waiting for 100 msec.
I/nofatclips(  221): Current activity is EditPost
I/nofatclips(  221): Retrieving widgets
D/nofatclips(  221): Found widget: id=16908290 (android.widget.FrameLayout@4065ed18)
D/nofatclips(  221): Found widget: id=16908666 (com.android.internal.widget.WeightedLinearLayout@406d0850)
D/nofatclips(  221): Found widget: id=16908667 (android.widget.LinearLayout@40715520)
D/nofatclips(  221): Found widget: id=16908668 (android.widget.LinearLayout@405d6088)
D/nofatclips(  221): Found widget: id=16908294 (android.widget.ImageView@406021d8)
D/nofatclips(  221): Found widget: id=16908669 (com.android.internal.widget.DialogTitle@40596980): No Content Found
D/nofatclips(  221): Found widget: id=16908670 (android.widget.ImageView@405ca3f8)
D/nofatclips(  221): Found widget: id=16908671 (android.widget.LinearLayout@40630050)
D/nofatclips(  221): Found widget: id=16908672 (android.widget.ScrollView@4067a510)
D/nofatclips(  221): Found widget: id=16908299 (android.widget.TextView@405a8600): Please enter some post content or attach a media item.
D/nofatclips(  221): Found widget: id=16908673 (android.widget.FrameLayout@40611510)
D/nofatclips(  221): Found widget: id=16908331 (android.widget.FrameLayout@4059dd00)
D/nofatclips(  221): Found widget: id=16908674 (android.widget.LinearLayout@405fb5b0)
D/nofatclips(  221): Found widget: id=-1 (android.widget.LinearLayout@405fe4c0)
D/nofatclips(  221): Found widget: id=16908675 (android.widget.LinearLayout@40636c40)
D/nofatclips(  221): Found widget: id=16908313 (android.widget.Button@405f94f0): OK
D/nofatclips(  221): Found widget: id=16908315 (android.widget.Button@406e2390): 
D/nofatclips(  221): Found widget: id=16908314 (android.widget.Button@40630d80): 
D/nofatclips(  221): Found widget: id=16908676 (android.widget.LinearLayout@4059a660)
D/nofatclips(  221): Found widget: id=-1 (com.android.internal.policy.impl.PhoneWindow$DecorView@40605338)
V/nicola  (  221): TextualID : null
V/nicola  (  221): ContentType detected : default
V/nicola  (  221): TextualID : null
V/nicola  (  221): ContentType detected : default
V/nicola  (  221): TextualID : null
V/nicola  (  221): ContentType detected : default
I/nofatclips(  221): Performing comparation for activity EditPost
D/nofatclips(  221): Comparing against activity Dashboard
D/nofatclips(  221): Comparing against activity Dashboard
D/nofatclips(  221): Comparing against activity EditPost
D/nofatclips(  221): Comparing against activity EditPost
D/nofatclips(  221): Comparing against activity Dashboard
D/nofatclips(  221): Comparing against activity Dashboard
D/nofatclips(  221): Comparing against activity EditPost
D/nofatclips(  221): Comparing against activity Dashboard
D/nofatclips(  221): Comparing against activity Dashboard
D/nofatclips(  221): Comparing against activity Dashboard
I/nofatclips(  221): Registering activity EditPost (id: a11) as a new found state
D/nofatclips(  221): Performing backup of the old activity list on disk
D/nofatclips(  221): Saving new found state 'a11' on disk
V/nofatclips(  221): Opening state file in append mode.
D/dalvikvm(  221): GC_EXTERNAL_ALLOC freed 1169K, 54% free 3771K/8071K, external 4400K/4473K, paused 319ms
I/nofatclips(  221): Saved image on disk: a11.jpg
I/nofatclips(  221): Waiting for 100 msec.
I/nofatclips(  221): Session count is 1. Will dump to disk at 1
I/nofatclips(  221): Saving the session on disk.
I/nofatclips(  221): Planning for new Activity EditPost
D/nofatclips(  221): Handling event 'click' on widget id=16908313 type=button name=OK
I/nofatclips(  221): Created trace to press the back button
I/nofatclips(  221): Created trace to press the menu button
I/nofatclips(  221): Created trace to change orientation
I/nofatclips(  221): Check for termination: 90 steps left of 100
I/nofatclips(  221): Dispatching new task. 2 more tasks remaining.
D/nofatclips(  221): Performing backup of the old task list on disk
D/nofatclips(  221): Saving task list on disk
V/nofatclips(  221): Backing up trace #88 to disk.
V/nofatclips(  221): Backing up trace #89 to disk.
D/nofatclips(  221): Deleting backup of the old task list from disk
D/nofatclips(  221): Deleting backup of the old activity list from disk
I/nofatclips(  221): Incrementally Playing Trace 89
I/nofatclips(  221): Retrieved from return list id=16908290
D/nofatclips(  221): Testing for type (android.widget.FrameLayout) against the original (null)
I/nofatclips(  221): Firing event: type= changeOrientation name= widget=null
I/WindowManager(   61): Setting rotation to 0, animFlags=1
I/ActivityManager(   61): Config changed: { scale=1.0 imsi=310/260 loc=en_US touch=3 keys=2/1/2 nav=1/1 orien=1 layout=18 uiMode=17 seq=8}
I/nofatclips(  221): Waiting for 100 msec.
D/dalvikvm(  125): GC_CONCURRENT freed 228K, 51% free 2810K/5703K, external 956K/1038K, paused 13ms+36ms
I/nofatclips(  221): Current activity is EditPost
I/nofatclips(  221): Retrieving widgets
D/nofatclips(  221): Found widget: id=16908290 (android.widget.FrameLayout@4065ed18)
D/nofatclips(  221): Found widget: id=16908666 (com.android.internal.widget.WeightedLinearLayout@406d0850)
D/nofatclips(  221): Found widget: id=16908667 (android.widget.LinearLayout@40715520)
D/nofatclips(  221): Found widget: id=16908668 (android.widget.LinearLayout@405d6088)
D/nofatclips(  221): Found widget: id=16908294 (android.widget.ImageView@406021d8)
D/nofatclips(  221): Found widget: id=16908669 (com.android.internal.widget.DialogTitle@40596980): No Content Found
D/nofatclips(  221): Found widget: id=16908670 (android.widget.ImageView@405ca3f8)
D/nofatclips(  221): Found widget: id=16908671 (android.widget.LinearLayout@40630050)
D/nofatclips(  221): Found widget: id=16908672 (android.widget.ScrollView@4067a510)
D/nofatclips(  221): Found widget: id=16908299 (android.widget.TextView@405a8600): Please enter some post content or attach a media item.
D/nofatclips(  221): Found widget: id=16908673 (android.widget.FrameLayout@40611510)
D/nofatclips(  221): Found widget: id=16908331 (android.widget.FrameLayout@4059dd00)
D/nofatclips(  221): Found widget: id=16908674 (android.widget.LinearLayout@405fb5b0)
D/nofatclips(  221): Found widget: id=-1 (android.widget.LinearLayout@405fe4c0)
D/nofatclips(  221): Found widget: id=16908675 (android.widget.LinearLayout@40636c40)
D/nofatclips(  221): Found widget: id=16908313 (android.widget.Button@405f94f0): OK
D/nofatclips(  221): Found widget: id=16908315 (android.widget.Button@406e2390): 
D/nofatclips(  221): Found widget: id=16908314 (android.widget.Button@40630d80): 
D/nofatclips(  221): Found widget: id=16908676 (android.widget.LinearLayout@4059a660)
D/nofatclips(  221): Found widget: id=-1 (com.android.internal.policy.impl.PhoneWindow$DecorView@40605338)
V/nicola  (  221): TextualID : null
V/nicola  (  221): ContentType detected : default
V/nicola  (  221): TextualID : null
V/nicola  (  221): ContentType detected : default
V/nicola  (  221): TextualID : null
V/nicola  (  221): ContentType detected : default
I/nofatclips(  221): Performing comparation for activity EditPost
D/nofatclips(  221): Comparing against activity Dashboard
D/nofatclips(  221): Comparing against activity Dashboard
D/nofatclips(  221): Comparing against activity EditPost
D/nofatclips(  221): Comparing against activity EditPost
D/nofatclips(  221): Comparing against activity EditPost
D/nofatclips(  221): Comparing against activity Dashboard
D/nofatclips(  221): Comparing against activity Dashboard
D/nofatclips(  221): Comparing against activity EditPost
D/nofatclips(  221): Comparing against activity Dashboard
D/nofatclips(  221): Comparing against activity Dashboard
D/nofatclips(  221): Comparing against activity Dashboard
I/nofatclips(  221): Registering activity EditPost (id: a12) as a new found state
D/nofatclips(  221): Performing backup of the old activity list on disk
D/nofatclips(  221): Saving new found state 'a12' on disk
V/nofatclips(  221): Opening state file in append mode.
I/nofatclips(  221): Saved image on disk: a12.jpg
I/nofatclips(  221): Waiting for 100 msec.
I/nofatclips(  221): Session count is 1. Will dump to disk at 1
I/nofatclips(  221): Saving the session on disk.
I/nofatclips(  221): Planning for new Activity EditPost
D/nofatclips(  221): Handling event 'click' on widget id=16908313 type=button name=OK
I/nofatclips(  221): Created trace to press the back button
I/nofatclips(  221): Created trace to press the menu button
I/nofatclips(  221): Created trace to change orientation
D/dalvikvm(  221): GC_CONCURRENT freed 1786K, 54% free 3872K/8263K, external 4588K/4986K, paused 7ms+9ms
I/nofatclips(  221): Check for termination: 89 steps left of 100
I/nofatclips(  221): Dispatching new task. 2 more tasks remaining.
D/nofatclips(  221): Performing backup of the old task list on disk
D/nofatclips(  221): Saving task list on disk
V/nofatclips(  221): Backing up trace #92 to disk.
V/nofatclips(  221): Backing up trace #93 to disk.
D/nofatclips(  221): Deleting backup of the old task list from disk
D/nofatclips(  221): Deleting backup of the old activity list from disk
I/nofatclips(  221): Incrementally Playing Trace 93
D/nofatclips(  221): Firing event: type= back
D/dalvikvm(   61): GC_EXPLICIT freed 95K, 45% free 4123K/7431K, external 1316K/1828K, paused 151ms
W/InputManagerService(   61): Window already focused, ignoring focus gain of: com.android.internal.view.IInputMethodClient$Stub$Proxy@4064a6d0
I/nofatclips(  221): Waiting for 100 msec.
I/nofatclips(  221): Current activity is EditPost
I/nofatclips(  221): Retrieving widgets
D/nofatclips(  221): Found widget: id=-1 (android.widget.LinearLayout@4076b670)
D/nofatclips(  221): Found widget: id=-1 (android.widget.FrameLayout@407841f8)
D/nofatclips(  221): Found widget: id=16908310 (android.widget.TextView@40726c00): Katie&#039;s Sweet Testing Blog - New Page
D/nofatclips(  221): Found widget: id=16908290 (android.widget.FrameLayout@40593b20)
D/nofatclips(  221): Found widget: id=2131165298 (android.widget.ScrollView@405c8210)
D/nofatclips(  221): Found widget: id=-1 (android.widget.LinearLayout@4071d768)
D/nofatclips(  221): Found widget: id=2131165209 (android.widget.RelativeLayout@4071da00)
D/nofatclips(  221): Found widget: id=2131165210 (android.widget.TextView@406cdc60): Page Content
D/nofatclips(  221): Found widget: id=2131165236 (android.widget.EditText@4071a4d0): 90
D/nofatclips(  221): Found widget: id=2131165265 (org.wordpress.android.util.WPEditText@406ad5a8): 
D/nofatclips(  221): Found widget: id=2131165288 (android.widget.RelativeLayout@4071a070)
D/nofatclips(  221): Found widget: id=2131165278 (android.widget.TextView@4071b378): Status
D/nofatclips(  221): Found widget: id=2131165279 (android.widget.TextView@405cdcc0): Status:
D/nofatclips(  221): Found widget: id=2131165280 (android.widget.Spinner@405cf5e0)
D/nofatclips(  221): Found widget: id=2131165281 (android.widget.TextView@406b1170): Publish:
D/nofatclips(  221): Found widget: id=2131165282 (android.widget.TextView@405e5ec8): Immediately
D/nofatclips(  221): Found widget: id=2131165283 (android.widget.Button@406a0498): Edit
D/nofatclips(  221): Found widget: id=2131165266 (android.widget.RelativeLayout@4068d180)
D/nofatclips(  221): Found widget: id=2131165216 (android.widget.TextView@4062bb10): Password (optional)
D/nofatclips(  221): Found widget: id=2131165286 (android.widget.EditText@4063fc48): 45
D/nofatclips(  221): Found widget: id=2131165287 (android.widget.Button@4072bb60): Publish
D/nofatclips(  221): Found widget: id=-1 (com.android.internal.policy.impl.PhoneWindow$DecorView@4072c5e0)
V/nicola  (  221): TextualID : null
V/nicola  (  221): ContentType detected : default
V/nicola  (  221): TextualID : l_section1
V/nicola  (  221): ContentType detected : default
V/ReflectionHelper(  221): android.widget.EditText > mOnFocusChangeListener FOUND | NOT ACTIVE
V/nicola  (  221): TextualID : title
V/nicola  (  221): ContentType detected : default
V/ReflectionHelper(  221): org.wordpress.android.util.WPEditText > mOnFocusChangeListener FOUND | ACTIVE
V/nicola  (  221): TextualID : postContent
V/nicola  (  221): ContentType detected : default
V/nicola  (  221): TextualID : l_status
V/nicola  (  221): ContentType detected : default
V/nicola  (  221): TextualID : statusLabel
V/nicola  (  221): ContentType detected : default
V/nicola  (  221): TextualID : pubDateLabel
V/nicola  (  221): ContentType detected : default
V/nicola  (  221): TextualID : pubDate
V/nicola  (  221): ContentType detected : default
V/nicola  (  221): TextualID : pubDateButton
V/nicola  (  221): ContentType detected : default
V/nicola  (  221): TextualID : l_password
V/nicola  (  221): ContentType detected : default
V/ReflectionHelper(  221): android.widget.EditText > mOnFocusChangeListener FOUND | NOT ACTIVE
V/nicola  (  221): TextualID : post_password
V/nicola  (  221): ContentType detected : default
V/nicola  (  221): TextualID : post
V/nicola  (  221): ContentType detected : default
I/nofatclips(  221): Performing comparation for activity EditPost
D/nofatclips(  221): Comparing against activity Dashboard
D/nofatclips(  221): Comparing against activity EditPost
D/nofatclips(  221): Comparing against activity Dashboard
D/nofatclips(  221): Comparing against activity EditPost
D/nofatclips(  221): Comparing against activity EditPost
D/nofatclips(  221): Comparing against activity EditPost
D/nofatclips(  221): Comparing against activity Dashboard
D/nofatclips(  221): Comparing against activity Dashboard
D/nofatclips(  221): Comparing against activity EditPost
D/nofatclips(  221): Comparing against activity Dashboard
D/nofatclips(  221): Comparing against activity Dashboard
D/nofatclips(  221): Comparing against activity Dashboard
I/nofatclips(  221): Registering activity EditPost (id: a13) as a new found state
D/nofatclips(  221): Performing backup of the old activity list on disk
D/nofatclips(  221): Saving new found state 'a13' on disk
V/nofatclips(  221): Opening state file in append mode.
D/dalvikvm(  221): GC_EXTERNAL_ALLOC freed 917K, 55% free 3783K/8263K, external 4483K/4850K, paused 180ms
I/nofatclips(  221): Saved image on disk: a13.jpg
I/nofatclips(  221): Waiting for 100 msec.
I/nofatclips(  221): Session count is 1. Will dump to disk at 1
I/nofatclips(  221): Saving the session on disk.
I/nofatclips(  221): Planning for new Activity EditPost
D/nofatclips(  221): Handling event 'focus' on widget id=2131165265 type=focusableEditText name=Content
D/nofatclips(  221): Handling input 'writeText' on widget id=2131165236 type=editText name=Title
V/nofatclips(  221): Using value: 90
D/nofatclips(  221): Handling input 'writeText' on widget id=2131165286 type=editText name=Password (optional)
V/nofatclips(  221): Using value: 45
D/nofatclips(  221): Handling event 'click' on widget id=2131165283 type=button name=Edit
D/nofatclips(  221): Handling input 'writeText' on widget id=2131165236 type=editText name=Title
V/nofatclips(  221): Using value: 90
D/nofatclips(  221): Handling input 'writeText' on widget id=2131165286 type=editText name=Password (optional)
V/nofatclips(  221): Using value: 45
D/nofatclips(  221): Handling event 'click' on widget id=2131165287 type=button name=Publish
D/nofatclips(  221): Handling input 'writeText' on widget id=2131165236 type=editText name=Title
V/nofatclips(  221): Using value: 90
D/nofatclips(  221): Handling input 'writeText' on widget id=2131165286 type=editText name=Password (optional)
V/nofatclips(  221): Using value: 45
I/nofatclips(  221): Created trace to press the back button
I/nofatclips(  221): Created trace to press the menu button
I/nofatclips(  221): Created trace to change orientation
I/nofatclips(  221): Check for termination: 88 steps left of 100
I/nofatclips(  221): Dispatching new task. 2 more tasks remaining.
D/nofatclips(  221): Performing backup of the old task list on disk
D/nofatclips(  221): Saving task list on disk
V/nofatclips(  221): Backing up trace #98 to disk.
V/nofatclips(  221): Backing up trace #99 to disk.
D/nofatclips(  221): Deleting backup of the old task list from disk
D/nofatclips(  221): Deleting backup of the old activity list from disk
I/nofatclips(  221): Incrementally Playing Trace 99
D/nofatclips(  221): Setting input: type= writeText id=2131165236 value=90
D/nofatclips(  221): Added to return list id=2131165236
I/nofatclips(  221): Retrieved from return list id=2131165236
D/nofatclips(  221): Testing for type (android.widget.EditText) against the original (android.widget.EditText)
D/nofatclips(  221): Testing for name (Title) against the original (Title)
W/KeyCharacterMap(  221): No keyboard for id 0
W/KeyCharacterMap(  221): Using default keymap: /system/usr/keychars/qwerty.kcm.bin
D/nofatclips(  221): Setting input: type= writeText id=2131165286 value=45
D/nofatclips(  221): Added to return list id=2131165286
I/nofatclips(  221): Retrieved from return list id=2131165286
D/nofatclips(  221): Testing for type (android.widget.EditText) against the original (android.widget.EditText)
D/nofatclips(  221): Testing for name (Password (optional)) against the original (Password (optional))
I/nofatclips(  221): Retrieved from return list id=2131165265
D/nofatclips(  221): Testing for type (org.wordpress.android.util.WPEditText) against the original (org.wordpress.android.util.WPEditText)
D/nofatclips(  221): Testing for name (Content) against the original (Content)
I/nofatclips(  221): Firing event: type= focus index=9 widget=org.wordpress.android.util.WPEditText
I/ActivityManager(   61): Starting: Intent { flg=0x10000 cmp=org.wordpress.android/.EditContent } from pid 221
I/ActivityManager(   61): Displayed org.wordpress.android/.EditContent: +911ms
D/nofatclips(  221): Event description: 
D/dalvikvm(  221): GC_CONCURRENT freed 1917K, 55% free 3881K/8455K, external 4365K/5222K, paused 15ms+16ms
I/nofatclips(  221): Waiting for 100 msec.
I/nofatclips(  221): Current activity is EditContent
I/nofatclips(  221): Retrieving widgets
D/nofatclips(  221): Found widget: id=16908290 (android.widget.FrameLayout@4077fbb0)
D/nofatclips(  221): Found widget: id=-1 (android.widget.LinearLayout@40780628)
