I/ActivityManager(   61): Config changed: { scale=1.0 imsi=310/260 loc=en_US touch=3 keys=2/1/2 nav=1/1 orien=1 layout=18 uiMode=17 seq=10}
I/nofatclips(  239): Waiting for 100 msec.
D/dalvikvm(  239): GC_EXTERNAL_ALLOC freed 910K, 54% free 3418K/7367K, external 5404K/5407K, paused 186ms
I/nofatclips(  239): Current activity is NewAccount
I/nofatclips(  239): Retrieving widgets
D/nofatclips(  239): Found widget: id=16908290 (android.widget.FrameLayout@40636a10)
D/nofatclips(  239): Found widget: id=2131165322 (android.widget.ScrollView@40637570)
D/nofatclips(  239): Found widget: id=2131165323 (android.widget.LinearLayout@40639fc0)
D/nofatclips(  239): Found widget: id=2131165324 (android.widget.ImageView@4063a228)
D/nofatclips(  239): Found widget: id=2131165325 (android.widget.TextView@40690da8): Start blogging from your mobile in seconds.
D/nofatclips(  239): Found widget: id=2131165326 (android.widget.Button@406919c8): Start a new blog at WordPress.com
D/nofatclips(  239): Found widget: id=2131165327 (android.widget.Button@4056bb60): Add blog hosted at WordPress.com
D/nofatclips(  239): Found widget: id=2131165328 (android.widget.Button@4056c498): Add self-hosted WordPress blog
D/nofatclips(  239): Found widget: id=-1 (com.android.internal.policy.impl.PhoneWindow$DecorView@40701150)
V/nicola  (  239): TextualID : welcome
V/nicola  (  239): ContentType detected : default
V/nicola  (  239): TextualID : createWPAccount
V/nicola  (  239): ContentType detected : default
V/nicola  (  239): TextualID : dotcomExisting
V/nicola  (  239): ContentType detected : default
V/nicola  (  239): TextualID : dotorgExisting
V/nicola  (  239): ContentType detected : default
I/nofatclips(  239): Performing comparation for activity NewAccount
D/nofatclips(  239): Comparing against activity Dashboard
D/nofatclips(  239): Comparing against activity NewAccount
D/nofatclips(  239): Comparing against activity Dashboard
D/nofatclips(  239): Comparing against activity NewAccount
D/nofatclips(  239): Comparing against activity Dashboard
D/nofatclips(  239): Comparing against activity Dashboard
D/nofatclips(  239): Comparing against activity Dashboard
D/nofatclips(  239): Comparing against activity Dashboard
I/nofatclips(  239): Registering activity NewAccount (id: a18) as a new found state
D/nofatclips(  239): Performing backup of the old activity list on disk
D/nofatclips(  239): Saving new found state 'a18' on disk
V/nofatclips(  239): Opening state file in append mode.
D/dalvikvm(  239): GC_EXTERNAL_ALLOC freed 400K, 55% free 3383K/7367K, external 5416K/6006K, paused 115ms
I/nofatclips(  239): Saved image on disk: a18.jpg
I/nofatclips(  239): Waiting for 100 msec.
I/nofatclips(  239): Session count is 1. Will dump to disk at 1
I/nofatclips(  239): Saving the session on disk.
I/nofatclips(  239): Planning for new Activity NewAccount
D/nofatclips(  239): Handling event 'click' on widget id=2131165326 type=button name=Start a new blog at WordPress.com
D/nofatclips(  239): Handling event 'click' on widget id=2131165327 type=button name=Add blog hosted at WordPress.com
D/nofatclips(  239): Handling event 'click' on widget id=2131165328 type=button name=Add self-hosted WordPress blog
I/nofatclips(  239): Created trace to press the back button
I/nofatclips(  239): Created trace to press the menu button
I/nofatclips(  239): Created trace to change orientation
I/nofatclips(  239): Check for termination: 33 steps left of 50
I/nofatclips(  239): Dispatching new task. 2 more tasks remaining.
D/nofatclips(  239): Performing backup of the old task list on disk
D/nofatclips(  239): Saving task list on disk
V/nofatclips(  239): Backing up trace #143 to disk.
V/nofatclips(  239): Backing up trace #144 to disk.
D/nofatclips(  239): Deleting backup of the old task list from disk
D/nofatclips(  239): Deleting backup of the old activity list from disk
I/nofatclips(  239): Incrementally Playing Trace 144
I/nofatclips(  239): Retrieved from return list id=16908290
D/nofatclips(  239): Testing for type (android.widget.FrameLayout) against the original (null)
I/nofatclips(  239): Firing event: type= openMenu name= widget=null
D/dalvikvm(   61): GC_EXPLICIT freed 10K, 47% free 4110K/7623K, external 1316K/1828K, paused 89ms
W/KeyCharacterMap(  239): No keyboard for id 0
W/KeyCharacterMap(  239): Using default keymap: /system/usr/keychars/qwerty.kcm.bin
I/nofatclips(  239): Waiting for 100 msec.
I/nofatclips(  239): Current activity is NewAccount
I/nofatclips(  239): Retrieving widgets
D/nofatclips(  239): Found widget: id=16908290 (android.widget.FrameLayout@40636a10)
D/nofatclips(  239): Found widget: id=2131165322 (android.widget.ScrollView@40637570)
D/nofatclips(  239): Found widget: id=2131165323 (android.widget.LinearLayout@40639fc0)
D/nofatclips(  239): Found widget: id=2131165324 (android.widget.ImageView@4063a228)
D/nofatclips(  239): Found widget: id=2131165325 (android.widget.TextView@40690da8): Start blogging from your mobile in seconds.
D/nofatclips(  239): Found widget: id=2131165326 (android.widget.Button@406919c8): Start a new blog at WordPress.com
D/nofatclips(  239): Found widget: id=2131165327 (android.widget.Button@4056bb60): Add blog hosted at WordPress.com
D/nofatclips(  239): Found widget: id=2131165328 (android.widget.Button@4056c498): Add self-hosted WordPress blog
D/nofatclips(  239): Found widget: id=-1 (com.android.internal.policy.impl.PhoneWindow$DecorView@40701150)
V/nicola  (  239): TextualID : welcome
V/nicola  (  239): ContentType detected : default
V/nicola  (  239): TextualID : createWPAccount
V/nicola  (  239): ContentType detected : default
V/nicola  (  239): TextualID : dotcomExisting
V/nicola  (  239): ContentType detected : default
V/nicola  (  239): TextualID : dotorgExisting
V/nicola  (  239): ContentType detected : default
I/nofatclips(  239): Performing comparation for activity NewAccount
D/nofatclips(  239): Comparing against activity Dashboard
D/nofatclips(  239): Comparing against activity NewAccount
D/nofatclips(  239): Comparing against activity Dashboard
D/nofatclips(  239): Comparing against activity NewAccount
D/nofatclips(  239): Comparing against activity Dashboard
D/nofatclips(  239): Comparing against activity NewAccount
D/nofatclips(  239): Comparing against activity Dashboard
D/nofatclips(  239): Comparing against activity Dashboard
D/nofatclips(  239): Comparing against activity Dashboard
I/nofatclips(  239): Registering activity NewAccount (id: a19) as a new found state
D/nofatclips(  239): Performing backup of the old activity list on disk
D/nofatclips(  239): Saving new found state 'a19' on disk
V/nofatclips(  239): Opening state file in append mode.
D/dalvikvm(  239): GC_CONCURRENT freed 1164K, 53% free 3515K/7367K, external 4330K/5407K, paused 14ms+15ms
I/nofatclips(  239): Saved image on disk: a19.jpg
I/nofatclips(  239): Waiting for 100 msec.
I/nofatclips(  239): Session count is 1. Will dump to disk at 1
I/nofatclips(  239): Saving the session on disk.
I/nofatclips(  239): Planning for new Activity NewAccount
D/nofatclips(  239): Handling event 'click' on widget id=2131165326 type=button name=Start a new blog at WordPress.com
D/nofatclips(  239): Handling event 'click' on widget id=2131165327 type=button name=Add blog hosted at WordPress.com
D/nofatclips(  239): Handling event 'click' on widget id=2131165328 type=button name=Add self-hosted WordPress blog
I/nofatclips(  239): Created trace to press the back button
I/nofatclips(  239): Created trace to press the menu button
I/nofatclips(  239): Created trace to change orientation
I/nofatclips(  239): Check for termination: 32 steps left of 50
I/nofatclips(  239): Dispatching new task. 2 more tasks remaining.
D/nofatclips(  239): Performing backup of the old task list on disk
D/nofatclips(  239): Saving task list on disk
V/nofatclips(  239): Backing up trace #149 to disk.
V/nofatclips(  239): Backing up trace #150 to disk.
D/nofatclips(  239): Deleting backup of the old task list from disk
D/nofatclips(  239): Deleting backup of the old activity list from disk
I/nofatclips(  239): Incrementally Playing Trace 150
I/nofatclips(  239): Retrieved from return list id=2131165328
D/nofatclips(  239): Testing for type (android.widget.Button) against the original (android.widget.Button)
D/nofatclips(  239): Testing for name (Add self-hosted WordPress blog) against the original (Add self-hosted WordPress blog)
I/nofatclips(  239): Firing event: type= click index=7 widget=android.widget.Button
W/KeyCharacterMap(  239): No keyboard for id 0
W/KeyCharacterMap(  239): Using default keymap: /system/usr/keychars/qwerty.kcm.bin
D/nofatclips(  239): Event description: Add self-hosted WordPress blog
I/ActivityManager(   61): Starting: Intent { cmp=org.wordpress.android/.AddAccount } from pid 239
I/nofatclips(  239): Waiting for 100 msec.
I/ActivityManager(   61): Displayed org.wordpress.android/.AddAccount: +1s478ms
I/nofatclips(  239): Current activity is AddAccount
I/nofatclips(  239): Retrieving widgets
D/nofatclips(  239): Found widget: id=16908290 (android.widget.FrameLayout@406fefa0)
D/nofatclips(  239): Found widget: id=2131165207 (android.widget.ScrollView@406ff9f0)
D/nofatclips(  239): Found widget: id=-1 (android.widget.RelativeLayout@40664668)
D/nofatclips(  239): Found widget: id=2131165208 (android.widget.ImageView@40664a98)
D/nofatclips(  239): Found widget: id=2131165209 (android.widget.RelativeLayout@40665a48)
D/nofatclips(  239): Found widget: id=2131165210 (android.widget.TextView@40666898): Account Details
D/nofatclips(  239): Found widget: id=2131165211 (android.widget.RelativeLayout@406687a8)
D/nofatclips(  239): Found widget: id=2131165212 (android.widget.TextView@40668bb8): Blog URL:
D/nofatclips(  239): Found widget: id=2131165213 (android.widget.EditText@406693a8): 
D/nofatclips(  239): Found widget: id=2131165214 (android.widget.TextView@405b3970): Username:
D/nofatclips(  239): Found widget: id=2131165215 (android.widget.EditText@405b3eb0): 
D/nofatclips(  239): Found widget: id=2131165216 (android.widget.TextView@405b4d58): Password:
D/nofatclips(  239): Found widget: id=2131165217 (android.widget.EditText@405b5298): 
D/nofatclips(  239): Found widget: id=2131165218 (android.widget.Button@405c1100): Optional Settings
D/nofatclips(  239): Found widget: id=2131165219 (android.widget.Button@405c23a0): Save
D/nofatclips(  239): Found widget: id=2131165220 (android.widget.Button@405c2d08): Cancel
D/nofatclips(  239): Found widget: id=2131165221 (android.widget.TextView@405c34e8): Don't yet have a blog?
D/nofatclips(  239): Found widget: id=2131165222 (android.widget.Button@405c3a40): Get a free blog at WordPress.com
D/nofatclips(  239): Found widget: id=-1 (com.android.internal.policy.impl.PhoneWindow$DecorView@406fec98)
V/nicola  (  239): TextualID : l_section1
V/nicola  (  239): ContentType detected : default
V/nicola  (  239): TextualID : l_url
V/nicola  (  239): ContentType detected : default
V/ReflectionHelper(  239): android.widget.EditText > mOnFocusChangeListener FOUND | NOT ACTIVE
V/nicola  (  239): TextualID : url
V/nicola  (  239): ContentType detected : url
V/nicola  (  239): TextualID : l_username
V/nicola  (  239): ContentType detected : default
V/ReflectionHelper(  239): android.widget.EditText > mOnFocusChangeListener FOUND | NOT ACTIVE
V/nicola  (  239): TextualID : username
V/nicola  (  239): ContentType detected : default
V/nicola  (  239): TextualID : l_password
V/nicola  (  239): ContentType detected : default
V/ReflectionHelper(  239): android.widget.EditText > mOnFocusChangeListener FOUND | NOT ACTIVE
V/nicola  (  239): TextualID : password
V/nicola  (  239): ContentType detected : default
V/nicola  (  239): TextualID : settingsButton
V/nicola  (  239): ContentType detected : default
V/nicola  (  239): TextualID : save
V/nicola  (  239): ContentType detected : default
V/nicola  (  239): TextualID : cancel
V/nicola  (  239): ContentType detected : default
V/nicola  (  239): TextualID : l_wordpressdotcom
V/nicola  (  239): ContentType detected : default
V/nicola  (  239): TextualID : wordpressdotcom
V/nicola  (  239): ContentType detected : default
I/nofatclips(  239): Performing comparation for activity AddAccount
D/nofatclips(  239): Comparing against activity Dashboard
D/nofatclips(  239): Comparing against activity NewAccount
D/nofatclips(  239): Comparing against activity NewAccount
D/nofatclips(  239): Comparing against activity Dashboard
D/nofatclips(  239): Comparing against activity NewAccount
D/nofatclips(  239): Comparing against activity Dashboard
D/nofatclips(  239): Comparing against activity NewAccount
D/nofatclips(  239): Comparing against activity Dashboard
D/nofatclips(  239): Comparing against activity Dashboard
D/nofatclips(  239): Comparing against activity Dashboard
I/nofatclips(  239): Registering activity AddAccount (id: a20) as a new found state
D/nofatclips(  239): Performing backup of the old activity list on disk
D/nofatclips(  239): Saving new found state 'a20' on disk
V/nofatclips(  239): Opening state file in append mode.
D/dalvikvm(  239): GC_EXTERNAL_ALLOC freed 1621K, 55% free 3538K/7815K, external 4643K/4658K, paused 148ms
I/nofatclips(  239): Saved image on disk: a20.jpg
I/nofatclips(  239): Waiting for 100 msec.
I/nofatclips(  239): Session count is 1. Will dump to disk at 1
I/nofatclips(  239): Saving the session on disk.
I/nofatclips(  239): Planning for new Activity AddAccount
D/nofatclips(  239): Handling event 'click' on widget id=2131165218 type=button name=Optional Settings
D/nofatclips(  239): Handling input 'writeText' on widget id=2131165213 type=editText name=
V/nofatclips(  239): Using value: 25
D/nofatclips(  239): Handling input 'writeText' on widget id=2131165215 type=editText name=
V/nofatclips(  239): Using value: 27
D/nofatclips(  239): Handling input 'writeText' on widget id=2131165217 type=editText name=
V/nofatclips(  239): Using value: 29
D/nofatclips(  239): Handling event 'click' on widget id=2131165219 type=button name=Save
D/nofatclips(  239): Handling input 'writeText' on widget id=2131165213 type=editText name=
V/nofatclips(  239): Using value: 25
D/nofatclips(  239): Handling input 'writeText' on widget id=2131165215 type=editText name=
V/nofatclips(  239): Using value: 27
D/nofatclips(  239): Handling input 'writeText' on widget id=2131165217 type=editText name=
V/nofatclips(  239): Using value: 29
D/nofatclips(  239): Handling event 'click' on widget id=2131165220 type=button name=Cancel
D/nofatclips(  239): Handling input 'writeText' on widget id=2131165213 type=editText name=
V/nofatclips(  239): Using value: 25
D/nofatclips(  239): Handling input 'writeText' on widget id=2131165215 type=editText name=
V/nofatclips(  239): Using value: 27
D/nofatclips(  239): Handling input 'writeText' on widget id=2131165217 type=editText name=
V/nofatclips(  239): Using value: 29
D/nofatclips(  239): Handling event 'click' on widget id=2131165222 type=button name=Get a free blog at WordPress.com
D/nofatclips(  239): Handling input 'writeText' on widget id=2131165213 type=editText name=
V/nofatclips(  239): Using value: 25
D/nofatclips(  239): Handling input 'writeText' on widget id=2131165215 type=editText name=
V/nofatclips(  239): Using value: 27
D/nofatclips(  239): Handling input 'writeText' on widget id=2131165217 type=editText name=
V/nofatclips(  239): Using value: 29
I/nofatclips(  239): Created trace to press the back button
I/nofatclips(  239): Created trace to press the menu button
I/nofatclips(  239): Created trace to change orientation
I/nofatclips(  239): Check for termination: 31 steps left of 50
I/nofatclips(  239): Dispatching new task. 2 more tasks remaining.
D/nofatclips(  239): Performing backup of the old task list on disk
D/nofatclips(  239): Saving task list on disk
V/nofatclips(  239): Backing up trace #156 to disk.
V/nofatclips(  239): Backing up trace #157 to disk.
D/nofatclips(  239): Deleting backup of the old task list from disk
D/nofatclips(  239): Deleting backup of the old activity list from disk
I/nofatclips(  239): Incrementally Playing Trace 157
D/nofatclips(  239): Setting input: type= writeText id=2131165213 value=25
D/nofatclips(  239): Added to return list id=2131165213
I/nofatclips(  239): Retrieved from return list id=2131165213
D/nofatclips(  239): Testing for type (android.widget.EditText) against the original (android.widget.EditText)
D/nofatclips(  239): Testing for name () against the original ()
W/KeyCharacterMap(  239): No keyboard for id 0
W/KeyCharacterMap(  239): Using default keymap: /system/usr/keychars/qwerty.kcm.bin
D/nofatclips(  239): Setting input: type= writeText id=2131165215 value=27
D/nofatclips(  239): Added to return list id=2131165215
I/nofatclips(  239): Retrieved from return list id=2131165215
D/nofatclips(  239): Testing for type (android.widget.EditText) against the original (android.widget.EditText)
D/nofatclips(  239): Testing for name () against the original ()
D/nofatclips(  239): Setting input: type= writeText id=2131165217 value=29
D/nofatclips(  239): Added to return list id=2131165217
I/nofatclips(  239): Retrieved from return list id=2131165217
D/nofatclips(  239): Testing for type (android.widget.EditText) against the original (android.widget.EditText)
D/nofatclips(  239): Testing for name () against the original ()
I/nofatclips(  239): Retrieved from return list id=2131165220
D/nofatclips(  239): Testing for type (android.widget.Button) against the original (android.widget.Button)
D/nofatclips(  239): Testing for name (Cancel) against the original (Cancel)
I/nofatclips(  239): Firing event: type= click index=15 widget=android.widget.Button
D/nofatclips(  239): Event description: Cancel
I/nofatclips(  239): Waiting for 100 msec.
I/nofatclips(  239): Current activity is NewAccount
I/nofatclips(  239): Retrieving widgets
D/nofatclips(  239): Found widget: id=16908290 (android.widget.FrameLayout@40636a10)
D/nofatclips(  239): Found widget: id=2131165322 (android.widget.ScrollView@40637570)
D/nofatclips(  239): Found widget: id=2131165323 (android.widget.LinearLayout@40639fc0)
D/nofatclips(  239): Found widget: id=2131165324 (android.widget.ImageView@4063a228)
D/nofatclips(  239): Found widget: id=2131165325 (android.widget.TextView@40690da8): Start blogging from your mobile in seconds.
D/nofatclips(  239): Found widget: id=2131165326 (android.widget.Button@406919c8): Start a new blog at WordPress.com
D/nofatclips(  239): Found widget: id=2131165327 (android.widget.Button@4056bb60): Add blog hosted at WordPress.com
D/nofatclips(  239): Found widget: id=2131165328 (android.widget.Button@4056c498): Add self-hosted WordPress blog
D/nofatclips(  239): Found widget: id=-1 (com.android.internal.policy.impl.PhoneWindow$DecorView@40701150)
D/dalvikvm(  239): GC_CONCURRENT freed 1728K, 55% free 3610K/7943K, external 5098K/5617K, paused 15ms+16ms
V/nicola  (  239): TextualID : welcome
V/nicola  (  239): ContentType detected : default
V/nicola  (  239): TextualID : createWPAccount
V/nicola  (  239): ContentType detected : default
V/nicola  (  239): TextualID : dotcomExisting
V/nicola  (  239): ContentType detected : default
V/nicola  (  239): TextualID : dotorgExisting
V/nicola  (  239): ContentType detected : default
I/nofatclips(  239): Performing comparation for activity NewAccount
D/nofatclips(  239): Comparing against activity Dashboard
D/nofatclips(  239): Comparing against activity NewAccount
D/nofatclips(  239): Comparing against activity NewAccount
D/nofatclips(  239): Comparing against activity Dashboard
D/nofatclips(  239): Comparing against activity NewAccount
D/nofatclips(  239): Comparing against activity Dashboard
D/nofatclips(  239): Comparing against activity NewAccount
D/nofatclips(  239): Comparing against activity Dashboard
D/nofatclips(  239): Comparing against activity Dashboard
D/nofatclips(  239): Comparing against activity Dashboard
D/nofatclips(  239): Comparing against activity AddAccount
I/nofatclips(  239): Registering activity NewAccount (id: a21) as a new found state
D/nofatclips(  239): Performing backup of the old activity list on disk
D/nofatclips(  239): Saving new found state 'a21' on disk
V/nofatclips(  239): Opening state file in append mode.
D/dalvikvm(  239): GC_EXTERNAL_ALLOC freed 330K, 56% free 3499K/7943K, external 5098K/5617K, paused 118ms
I/nofatclips(  239): Saved image on disk: a21.jpg
I/nofatclips(  239): Waiting for 100 msec.
I/nofatclips(  239): Session count is 1. Will dump to disk at 1
I/nofatclips(  239): Saving the session on disk.
I/nofatclips(  239): Planning for new Activity NewAccount
D/nofatclips(  239): Handling event 'click' on widget id=2131165326 type=button name=Start a new blog at WordPress.com
D/nofatclips(  239): Handling event 'click' on widget id=2131165327 type=button name=Add blog hosted at WordPress.com
D/nofatclips(  239): Handling event 'click' on widget id=2131165328 type=button name=Add self-hosted WordPress blog
I/nofatclips(  239): Created trace to press the back button
I/nofatclips(  239): Created trace to press the menu button
I/nofatclips(  239): Created trace to change orientation
I/nofatclips(  239): Check for termination: 30 steps left of 50
I/nofatclips(  239): Dispatching new task. 2 more tasks remaining.
D/nofatclips(  239): Performing backup of the old task list on disk
D/nofatclips(  239): Saving task list on disk
V/nofatclips(  239): Backing up trace #162 to disk.
V/nofatclips(  239): Backing up trace #163 to disk.
D/nofatclips(  239): Deleting backup of the old task list from disk
D/nofatclips(  239): Deleting backup of the old activity list from disk
I/nofatclips(  239): Incrementally Playing Trace 163
I/nofatclips(  239): Retrieved from return list id=16908290
D/nofatclips(  239): Testing for type (android.widget.FrameLayout) against the original (null)
I/nofatclips(  239): Firing event: type= openMenu name= widget=null
W/KeyCharacterMap(  239): No keyboard for id 0
W/KeyCharacterMap(  239): Using default keymap: /system/usr/keychars/qwerty.kcm.bin
I/nofatclips(  239): Waiting for 100 msec.
I/nofatclips(  239): Current activity is NewAccount
I/nofatclips(  239): Retrieving widgets
D/nofatclips(  239): Found widget: id=16908290 (android.widget.FrameLayout@40636a10)
D/nofatclips(  239): Found widget: id=2131165322 (android.widget.ScrollView@40637570)
D/nofatclips(  239): Found widget: id=2131165323 (android.widget.LinearLayout@40639fc0)
D/nofatclips(  239): Found widget: id=2131165324 (android.widget.ImageView@4063a228)
D/nofatclips(  239): Found widget: id=2131165325 (android.widget.TextView@40690da8): Start blogging from your mobile in seconds.
D/nofatclips(  239): Found widget: id=2131165326 (android.widget.Button@406919c8): Start a new blog at WordPress.com
D/nofatclips(  239): Found widget: id=2131165327 (android.widget.Button@4056bb60): Add blog hosted at WordPress.com
D/nofatclips(  239): Found widget: id=2131165328 (android.widget.Button@4056c498): Add self-hosted WordPress blog
D/nofatclips(  239): Found widget: id=-1 (com.android.internal.policy.impl.PhoneWindow$DecorView@40701150)
V/nicola  (  239): TextualID : welcome
V/nicola  (  239): ContentType detected : default
V/nicola  (  239): TextualID : createWPAccount
V/nicola  (  239): ContentType detected : default
V/nicola  (  239): TextualID : dotcomExisting
V/nicola  (  239): ContentType detected : default
V/nicola  (  239): TextualID : dotorgExisting
V/nicola  (  239): ContentType detected : default
I/nofatclips(  239): Performing comparation for activity NewAccount
D/nofatclips(  239): Comparing against activity Dashboard
D/nofatclips(  239): Comparing against activity NewAccount
D/nofatclips(  239): Comparing against activity NewAccount
D/nofatclips(  239): Comparing against activity Dashboard
D/nofatclips(  239): Comparing against activity NewAccount
D/nofatclips(  239): Comparing against activity Dashboard
D/nofatclips(  239): Comparing against activity NewAccount
D/nofatclips(  239): Comparing against activity NewAccount
D/nofatclips(  239): Comparing against activity Dashboard
D/nofatclips(  239): Comparing against activity Dashboard
D/nofatclips(  239): Comparing against activity Dashboard
D/nofatclips(  239): Comparing against activity AddAccount
I/nofatclips(  239): Registering activity NewAccount (id: a22) as a new found state
D/nofatclips(  239): Performing backup of the old activity list on disk
D/nofatclips(  239): Saving new found state 'a22' on disk
V/nofatclips(  239): Opening state file in append mode.
I/nofatclips(  239): Saved image on disk: a22.jpg
I/nofatclips(  239): Waiting for 100 msec.
I/nofatclips(  239): Session count is 1. Will dump to disk at 1
I/nofatclips(  239): Saving the session on disk.
I/nofatclips(  239): Planning for new Activity NewAccount
D/nofatclips(  239): Handling event 'click' on widget id=2131165326 type=button name=Start a new blog at WordPress.com
D/nofatclips(  239): Handling event 'click' on widget id=2131165327 type=button name=Add blog hosted at WordPress.com
D/nofatclips(  239): Handling event 'click' on widget id=2131165328 type=button name=Add self-hosted WordPress blog
I/nofatclips(  239): Created trace to press the back button
I/nofatclips(  239): Created trace to press the menu button
I/nofatclips(  239): Created trace to change orientation
D/dalvikvm(  239): GC_CONCURRENT freed 2049K, 57% free 3608K/8263K, external 4930K/5407K, paused 9ms+15ms
I/nofatclips(  239): Check for termination: 29 steps left of 50
I/nofatclips(  239): Dispatching new task. 2 more tasks remaining.
D/nofatclips(  239): Performing backup of the old task list on disk
D/nofatclips(  239): Saving task list on disk
V/nofatclips(  239): Backing up trace #168 to disk.
V/nofatclips(  239): Backing up trace #169 to disk.
I/dalvikvm(  239): Jit: resizing JitTable from 2048 to 4096
D/nofatclips(  239): Deleting backup of the old task list from disk
D/nofatclips(  239): Deleting backup of the old activity list from disk
I/nofatclips(  239): Incrementally Playing Trace 169
D/nofatclips(  239): Firing event: type= back
W/KeyCharacterMap(  239): No keyboard for id 0
W/KeyCharacterMap(  239): Using default keymap: /system/usr/keychars/qwerty.kcm.bin
D/dalvikvm(  239): GC_FOR_MALLOC freed 880K, 58% free 3509K/8263K, external 3741K/4658K, paused 156ms
I/dalvikvm-heap(  239): Grow heap (frag case) to 9.708MB for 87396-byte allocation
D/dalvikvm(  239): GC_FOR_MALLOC freed 2K, 58% free 3592K/8391K, external 3741K/4658K, paused 136ms
D/dalvikvm(  239): GC_FOR_MALLOC freed 0K, 58% free 3592K/8391K, external 3741K/4658K, paused 124ms
I/dalvikvm-heap(  239): Grow heap (frag case) to 9.789MB for 87396-byte allocation
D/dalvikvm(  239): GC_FOR_MALLOC freed 0K, 57% free 3677K/8519K, external 3741K/4658K, paused 130ms
I/nofatclips(  239): Waiting for 100 msec.
W/ImageDownloader(  239): Error 404 while retrieving bitmap from http://gravatar.com/blavatar/44d338f29053dbb888da79dcf98df489?s=60&d=404
I/nofatclips(  239): Current activity is Dashboard
I/nofatclips(  239): Retrieving widgets
D/nofatclips(  239): Found widget: id=16908290 (android.widget.FrameLayout@405a1780)
D/nofatclips(  239): Found widget: id=2131165248 (android.widget.RelativeLayout@405a2480)
D/nofatclips(  239): Found widget: id=2131165249 (android.widget.LinearLayout@405a2ae8)
D/nofatclips(  239): Found widget: id=-1 (android.widget.ImageView@405a3030)
D/nofatclips(  239): Found widget: id=2131165250 (org.wordpress.android.util.WPTitleBar@4059c988)
D/nofatclips(  239): Found widget: id=2131165195 (android.widget.RelativeLayout@4050e2c8)
D/nofatclips(  239): Found widget: id=2131165196 (android.widget.RelativeLayout@40569260)
D/nofatclips(  239): Found widget: id=2131165197 (android.widget.ImageView@4059dc08)
D/nofatclips(  239): Found widget: id=2131165198 (android.widget.TextView@405425d8): Katie's Sweet Testing Blog
D/nofatclips(  239): Found widget: id=2131165199 (android.widget.ImageView@4055de68)
D/nofatclips(  239): Found widget: id=-1 (android.widget.RelativeLayout@4057a1c8)
D/nofatclips(  239): Found widget: id=2131165200 (android.widget.ImageButton@4059e130)
D/nofatclips(  239): Found widget: id=-1 (android.widget.FrameLayout@4057b6e8)
D/nofatclips(  239): Found widget: id=2131165201 (android.widget.Button@40542fa0): 
D/nofatclips(  239): Found widget: id=2131165202 (android.widget.ImageView@40594598)
D/nofatclips(  239): Found widget: id=2131165203 (android.widget.ImageView@4053d798)
D/nofatclips(  239): Found widget: id=2131165251 (android.widget.LinearLayout@4065a290)
D/nofatclips(  239): Found widget: id=-1 (android.widget.FrameLayout@4065a5b0)
D/nofatclips(  239): Found widget: id=-1 (android.widget.LinearLayout@40597810)
D/nofatclips(  239): Found widget: id=-1 (android.widget.LinearLayout@4064ae48)
D/nofatclips(  239): Found widget: id=-1 (android.widget.LinearLayout@4064afc8)
D/nofatclips(  239): Found widget: id=2131165252 (android.widget.LinearLayout@4064b1e8)
D/nofatclips(  239): Found widget: id=-1 (android.widget.ImageView@40653b60)
D/nofatclips(  239): Found widget: id=-1 (android.widget.TextView@406bb7e8): New Post
D/nofatclips(  239): Found widget: id=2131165254 (android.widget.LinearLayout@406bba88)
D/nofatclips(  239): Found widget: id=-1 (android.widget.ImageView@406e1138)
D/nofatclips(  239): Found widget: id=-1 (android.widget.TextView@406e14e8): New Page
D/nofatclips(  239): Found widget: id=-1 (android.widget.LinearLayout@405ad300)
D/nofatclips(  239): Found widget: id=2131165253 (android.widget.LinearLayout@405ad520)
D/nofatclips(  239): Found widget: id=-1 (android.widget.ImageView@405c66a0)
D/nofatclips(  239): Found widget: id=-1 (android.widget.TextView@406ed4a0): Quick Photo
D/nofatclips(  239): Found widget: id=2131165255 (android.widget.LinearLayout@406ed930)
D/nofatclips(  239): Found widget: id=-1 (android.widget.ImageView@406a4760)
D/nofatclips(  239): Found widget: id=-1 (android.widget.TextView@406c3f70): Quick Video
D/nofatclips(  239): Found widget: id=-1 (android.widget.LinearLayout@406c4400)
D/nofatclips(  239): Found widget: id=-1 (android.widget.LinearLayout@40645000)
D/nofatclips(  239): Found widget: id=2131165256 (android.widget.LinearLayout@40645150)
D/nofatclips(  239): Found widget: id=-1 (android.widget.ImageView@406ef398)
D/nofatclips(  239): Found widget: id=-1 (android.widget.TextView@406ef758): Posts
D/nofatclips(  239): Found widget: id=2131165257 (android.widget.LinearLayout@40706198)
D/nofatclips(  239): Found widget: id=-1 (android.widget.ImageView@40683ad8)
D/nofatclips(  239): Found widget: id=-1 (android.widget.TextView@40683e78): Pages
D/nofatclips(  239): Found widget: id=-1 (android.widget.FrameLayout@40618810)
D/nofatclips(  239): Found widget: id=2131165258 (android.widget.LinearLayout@40618968)
D/nofatclips(  239): Found widget: id=-1 (android.widget.ImageView@4061f288)
D/nofatclips(  239): Found widget: id=-1 (android.widget.TextView@4061f638): Comments
D/nofatclips(  239): Found widget: id=2131165259 (android.widget.FrameLayout@4061fac8)
D/nofatclips(  239): Found widget: id=2131165260 (android.widget.ImageView@405a6a30)
D/nofatclips(  239): Found widget: id=2131165261 (org.wordpress.android.util.CommentBadgeTextView@405a6e68): 0
D/nofatclips(  239): Found widget: id=-1 (android.widget.LinearLayout@405a7330)
D/nofatclips(  239): Found widget: id=2131165262 (android.widget.LinearLayout@406d1260)
D/nofatclips(  239): Found widget: id=-1 (android.widget.ImageView@405ef070)
D/nofatclips(  239): Found widget: id=-1 (android.widget.TextView@40543b10): Settings
D/nofatclips(  239): Found widget: id=2131165263 (android.widget.LinearLayout@4052ff60)
D/nofatclips(  239): Found widget: id=2131165264 (android.widget.ImageView@40530618)
D/nofatclips(  239): Found widget: id=2131165265 (android.widget.TextView@40611498): Read
D/nofatclips(  239): Found widget: id=2131165266 (android.widget.LinearLayout@40531980)
D/nofatclips(  239): Found widget: id=-1 (android.widget.ImageView@40546618)
D/nofatclips(  239): Found widget: id=-1 (android.widget.TextView@40641210): Stats
D/nofatclips(  239): Found widget: id=-1 (com.android.internal.policy.impl.PhoneWindow$DecorView@405a0e80)
V/nicola  (  239): TextualID : blog_title
V/nicola  (  239): ContentType detected : default
V/nicola  (  239): TextualID : action_refresh
V/nicola  (  239): ContentType detected : default
V/nicola  (  239): TextualID : null
V/nicola  (  239): ContentType detected : default
V/nicola  (  239): TextualID : null
V/nicola  (  239): ContentType detected : default
V/nicola  (  239): TextualID : null
V/nicola  (  239): ContentType detected : default
V/nicola  (  239): TextualID : null
V/nicola  (  239): ContentType detected : default
V/nicola  (  239): TextualID : null
V/nicola  (  239): ContentType detected : default
V/nicola  (  239): TextualID : null
V/nicola  (  239): ContentType detected : default
V/nicola  (  239): TextualID : null
V/nicola  (  239): ContentType detected : default
V/nicola  (  239): TextualID : null
V/nicola  (  239): ContentType detected : default
V/nicola  (  239): TextualID : read_button_text
V/nicola  (  239): ContentType detected : default
V/nicola  (  239): TextualID : null
V/nicola  (  239): ContentType detected : default
I/nofatclips(  239): Performing comparation for activity Dashboard
D/nofatclips(  239): Comparing against activity Dashboard
D/nofatclips(  239): Comparing against activity NewAccount
D/nofatclips(  239): Comparing against activity NewAccount
D/nofatclips(  239): Comparing against activity Dashboard
D/nofatclips(  239): Comparing against activity NewAccount
D/nofatclips(  239): Comparing against activity Dashboard
D/nofatclips(  239): Comparing against activity NewAccount
D/nofatclips(  239): Comparing against activity NewAccount
D/nofatclips(  239): Comparing against activity Dashboard
D/nofatclips(  239): Comparing against activity Dashboard
D/nofatclips(  239): Comparing against activity Dashboard
D/nofatclips(  239): Comparing against activity NewAccount
D/nofatclips(  239): Comparing against activity AddAccount
I/nofatclips(  239): Registering activity Dashboard (id: a23) as a new found state
D/nofatclips(  239): Performing backup of the old activity list on disk
D/nofatclips(  239): Saving new found state 'a23' on disk
V/nofatclips(  239): Opening state file in append mode.
I/nofatclips(  239): Saved image on disk: a23.jpg
I/nofatclips(  239): Waiting for 100 msec.
I/nofatclips(  239): Session count is 1. Will dump to disk at 1
I/nofatclips(  239): Saving the session on disk.
I/nofatclips(  239): Planning for new Activity Dashboard
D/nofatclips(  239): Handling event 'click' on widget id=2131165200 type=button name=
D/nofatclips(  239): Handling event 'click' on widget id=2131165201 type=button name=
D/nofatclips(  239): Handling event 'click' on widget id=2131165251 type=linearLayout name=
D/nofatclips(  239): Handling event 'click' on widget id=2131165252 type=linearLayout name=
D/nofatclips(  239): Handling event 'click' on widget id=2131165254 type=linearLayout name=
D/nofatclips(  239): Handling event 'click' on widget id=2131165253 type=linearLayout name=
D/dalvikvm(  239): GC_CONCURRENT freed 1485K, 56% free 3825K/8519K, external 4330K/4423K, paused 7ms+8ms
D/nofatclips(  239): Handling event 'click' on widget id=2131165255 type=linearLayout name=
D/nofatclips(  239): Handling event 'click' on widget id=2131165256 type=linearLayout name=
D/nofatclips(  239): Handling event 'click' on widget id=2131165257 type=linearLayout name=
D/nofatclips(  239): Handling event 'click' on widget id=2131165258 type=linearLayout name=
D/nofatclips(  239): Handling event 'click' on widget id=2131165262 type=linearLayout name=
D/nofatclips(  239): Handling event 'click' on widget id=2131165263 type=linearLayout name=
D/nofatclips(  239): Handling event 'click' on widget id=2131165266 type=linearLayout name=
I/nofatclips(  239): Created trace to press the back button
I/nofatclips(  239): Created trace to press the menu button
I/nofatclips(  239): Created trace to change orientation
D/dalvikvm(  239): GC_CONCURRENT freed 2045K, 58% free 3659K/8519K, external 2044K/2556K, paused 4ms+4ms
I/nofatclips(  239): Check for termination: 28 steps left of 50
I/nofatclips(  239): Dispatching new task. 2 more tasks remaining.
D/nofatclips(  239): Performing backup of the old task list on disk
D/nofatclips(  239): Saving task list on disk
V/nofatclips(  239): Backing up trace #183 to disk.
D/dalvikvm(  239): GC_CONCURRENT freed 1095K, 58% free 3621K/8519K, external 2044K/2556K, paused 3ms+4ms
V/nofatclips(  239): Backing up trace #184 to disk.
D/nofatclips(  239): Deleting backup of the old task list from disk
D/nofatclips(  239): Deleting backup of the old activity list from disk
I/nofatclips(  239): Incrementally Playing Trace 184
I/nofatclips(  239): Retrieved from return list id=2131165254
D/nofatclips(  239): Testing for type (android.widget.LinearLayout) against the original (android.widget.LinearLayout)
D/nofatclips(  239): Testing for name () against the original ()
I/nofatclips(  239): Firing event: type= click index=24 widget=android.widget.LinearLayout
W/KeyCharacterMap(  239): No keyboard for id 0
W/KeyCharacterMap(  239): Using default keymap: /system/usr/keychars/qwerty.kcm.bin
D/nofatclips(  239): Event description: New Page
I/ActivityManager(   61): Starting: Intent { cmp=org.wordpress.android/.EditPost (has extras) } from pid 239
I/nofatclips(  239): Waiting for 100 msec.
D/dalvikvm(  239): GC_CONCURRENT freed 865K, 57% free 3699K/8519K, external 2301K/2556K, paused 11ms+13ms
I/nofatclips(  239): Current activity is EditPost
I/nofatclips(  239): Retrieving widgets
D/nofatclips(  239): Found widget: id=-1 (android.widget.LinearLayout@408059c8)
D/nofatclips(  239): Found widget: id=-1 (android.widget.FrameLayout@40819648)
D/nofatclips(  239): Found widget: id=16908310 (android.widget.TextView@405c86d0): Katie's Sweet Testing Blog - New Page
D/nofatclips(  239): Found widget: id=16908290 (android.widget.FrameLayout@40539090)
D/nofatclips(  239): Found widget: id=-1 (android.widget.LinearLayout@406a4e60)
D/nofatclips(  239): Found widget: id=2131165267 (android.widget.LinearLayout@406a4fb0)
D/nofatclips(  239): Found widget: id=2131165268 (android.widget.ScrollView@405af740)
I/ActivityManager(   61): Displayed org.wordpress.android/.EditPost: +1s989ms
D/nofatclips(  239): Found widget: id=-1 (android.widget.LinearLayout@40605bc8)
D/nofatclips(  239): Found widget: id=2131165209 (android.widget.RelativeLayout@40608fc0)
D/nofatclips(  239): Found widget: id=2131165210 (android.widget.TextView@407e7760): Post Content
D/nofatclips(  239): Found widget: id=2131165236 (android.widget.EditText@40607858): 
D/nofatclips(  239): Found widget: id=2131165269 (android.widget.LinearLayout@40613b68)
D/nofatclips(  239): Found widget: id=2131165270 (org.wordpress.android.util.WPEditText@406661e8): 
D/nofatclips(  239): Found widget: id=2131165271 (android.widget.RelativeLayout@405cd758)
D/nofatclips(  239): Found widget: id=2131165272 (android.widget.TextView@406117c8): Tags & Categories
D/nofatclips(  239): Found widget: id=2131165273 (android.widget.EditText@40637620): 
D/nofatclips(  239): Found widget: id=2131165274 (android.widget.Button@40642998): Select Categories
D/nofatclips(  239): Found widget: id=2131165275 (android.widget.TextView@406f0cf0): Selected categories:
D/nofatclips(  239): Found widget: id=2131165276 (android.widget.RelativeLayout@40739000)
D/nofatclips(  239): Found widget: id=2131165277 (android.widget.RelativeLayout@4074a098)
D/nofatclips(  239): Found widget: id=2131165278 (android.widget.TextView@407d42e0): Location
D/nofatclips(  239): Found widget: id=2131165279 (android.widget.TextView@4080f5d8): Loading...
D/nofatclips(  239): Found widget: id=2131165280 (android.widget.Button@408198e0): View Map
D/nofatclips(  239): Found widget: id=2131165281 (android.widget.Button@40615158): Update
D/nofatclips(  239): Found widget: id=2131165282 (android.widget.Button@405ab3f0): Remove
D/nofatclips(  239): Found widget: id=2131165283 (android.widget.RelativeLayout@406f47f8)
D/nofatclips(  239): Found widget: id=2131165284 (android.widget.TextView@407e0218): Settings
D/nofatclips(  239): Found widget: id=2131165285 (android.widget.TextView@40599c58): Status:
D/nofatclips(  239): Found widget: id=2131165286 (android.widget.Spinner@40656aa0)
D/nofatclips(  239): Found widget: id=16908308 (android.widget.TextView@40788bd0): Publish
D/nofatclips(  239): Found widget: id=2131165287 (android.widget.TextView@405c1030): Publish:
D/nofatclips(  239): Found widget: id=2131165288 (android.widget.TextView@40633d90): Immediately
D/nofatclips(  239): Found widget: id=2131165289 (android.widget.Button@40741d58): Edit
D/nofatclips(  239): Found widget: id=2131165290 (android.widget.TextView@405a4a70): Post Format:
D/nofatclips(  239): Found widget: id=2131165291 (android.widget.Spinner@405ee9f0)
D/nofatclips(  239): Found widget: id=2131165292 (android.widget.EditText@4077c4a0): 
D/nofatclips(  239): Found widget: id=2131165293 (android.widget.Button@4070ee18): Publish
D/nofatclips(  239): Found widget: id=2131165294 (android.widget.RelativeLayout@40690d30)
D/nofatclips(  239): Found widget: id=-1 (android.widget.HorizontalScrollView@406571a8)
D/nofatclips(  239): Found widget: id=-1 (android.widget.RelativeLayout@405f06e0)
D/nofatclips(  239): Found widget: id=2131165295 (android.widget.ToggleButton@40614b90): B
D/nofatclips(  239): Found widget: id=2131165296 (android.widget.ToggleButton@4060b040): I 
D/nofatclips(  239): Found widget: id=2131165297 (android.widget.ToggleButton@4075dfd0):  U 
D/nofatclips(  239): Found widget: id=2131165298 (android.widget.ToggleButton@407743f8):  ABC 
D/nofatclips(  239): Found widget: id=2131165299 (android.widget.Button@406cdbf0):  link 
D/nofatclips(  239): Found widget: id=2131165300 (android.widget.ToggleButton@405c4398): "
D/nofatclips(  239): Found widget: id=2131165301 (android.widget.Button@406049f0): More
D/nofatclips(  239): Found widget: id=2131165302 (android.widget.ImageButton@4062ca20)
D/nofatclips(  239): Found widget: id=-1 (com.android.internal.policy.impl.PhoneWindow$DecorView@405e6ec8)
V/nicola  (  239): TextualID : null
V/nicola  (  239): ContentType detected : default
V/nicola  (  239): TextualID : l_section1
V/nicola  (  239): ContentType detected : default
V/ReflectionHelper(  239): android.widget.EditText > mOnFocusChangeListener FOUND | NOT ACTIVE
V/nicola  (  239): TextualID : title
V/nicola  (  239): ContentType detected : default
V/ReflectionHelper(  239): org.wordpress.android.util.WPEditText > mOnFocusChangeListener FOUND | NOT ACTIVE
V/nicola  (  239): TextualID : postContent
V/nicola  (  239): ContentType detected : default
V/nicola  (  239): TextualID : l_status
V/nicola  (  239): ContentType detected : default
V/nicola  (  239): TextualID : statusLabel
V/nicola  (  239): ContentType detected : default
V/nicola  (  239): TextualID : null
V/nicola  (  239): ContentType detected : default
V/nicola  (  239): TextualID : pubDateLabel
V/nicola  (  239): ContentType detected : default
V/nicola  (  239): TextualID : pubDate
V/nicola  (  239): ContentType detected : default
V/nicola  (  239): TextualID : pubDateButton
V/nicola  (  239): ContentType detected : default
V/ReflectionHelper(  239): android.widget.EditText > mOnFocusChangeListener FOUND | NOT ACTIVE
V/nicola  (  239): TextualID : post_password
V/nicola  (  239): ContentType detected : default
V/nicola  (  239): TextualID : post
V/nicola  (  239): ContentType detected : default
I/nofatclips(  239): Performing comparation for activity EditPost
D/nofatclips(  239): Comparing against activity NewAccount
D/nofatclips(  239): Comparing against activity Dashboard
D/nofatclips(  239): Comparing against activity NewAccount
D/nofatclips(  239): Comparing against activity Dashboard
D/nofatclips(  239): Comparing against activity NewAccount
D/nofatclips(  239): Comparing against activity Dashboard
D/nofatclips(  239): Comparing against activity Dashboard
D/nofatclips(  239): Comparing against activity AddAccount
D/nofatclips(  239): Comparing against activity Dashboard
D/nofatclips(  239): Comparing against activity NewAccount
D/nofatclips(  239): Comparing against activity Dashboard
D/nofatclips(  239): Comparing against activity NewAccount
D/nofatclips(  239): Comparing against activity Dashboard
D/nofatclips(  239): Comparing against activity NewAccount
I/nofatclips(  239): Registering activity EditPost (id: a24) as a new found state
D/nofatclips(  239): Performing backup of the old activity list on disk
D/nofatclips(  239): Saving new found state 'a24' on disk
V/nofatclips(  239): Opening state file in append mode.
D/dalvikvm(  239): GC_EXTERNAL_ALLOC freed 648K, 57% free 3685K/8519K, external 2301K/2556K, paused 111ms
I/nofatclips(  239): Saved image on disk: a24.jpg
I/nofatclips(  239): Waiting for 100 msec.
I/nofatclips(  239): Session count is 1. Will dump to disk at 1
I/nofatclips(  239): Saving the session on disk.
I/nofatclips(  239): Planning for new Activity EditPost
D/nofatclips(  239): Handling event selectSpinnerItem for items [1,5] on spinner #2131165286 count=5
D/nofatclips(  239): Handling input 'writeText' on widget id=2131165236 type=editText name=Title
V/nofatclips(  239): Using value: 90
D/nofatclips(  239): Handling input 'writeText' on widget id=2131165270 type=editText name=Content
V/nofatclips(  239): Using value: 8
D/nofatclips(  239): Handling input 'writeText' on widget id=2131165292 type=editText name=Password (optional)
V/nofatclips(  239): Using value: 72
D/nofatclips(  239): Handling input 'writeText' on widget id=2131165236 type=editText name=Title
V/nofatclips(  239): Using value: 90
D/nofatclips(  239): Handling input 'writeText' on widget id=2131165270 type=editText name=Content
V/nofatclips(  239): Using value: 8
D/nofatclips(  239): Handling input 'writeText' on widget id=2131165292 type=editText name=Password (optional)
V/nofatclips(  239): Using value: 72
D/nofatclips(  239): Handling input 'writeText' on widget id=2131165236 type=editText name=Title
V/nofatclips(  239): Using value: 90
D/nofatclips(  239): Handling input 'writeText' on widget id=2131165270 type=editText name=Content
V/nofatclips(  239): Using value: 8
D/nofatclips(  239): Handling input 'writeText' on widget id=2131165292 type=editText name=Password (optional)
V/nofatclips(  239): Using value: 72
D/nofatclips(  239): Handling input 'writeText' on widget id=2131165236 type=editText name=Title
V/nofatclips(  239): Using value: 90
D/nofatclips(  239): Handling input 'writeText' on widget id=2131165270 type=editText name=Content
V/nofatclips(  239): Using value: 8
D/nofatclips(  239): Handling input 'writeText' on widget id=2131165292 type=editText name=Password (optional)
V/nofatclips(  239): Using value: 72
D/nofatclips(  239): Handling input 'writeText' on widget id=2131165236 type=editText name=Title
V/nofatclips(  239): Using value: 90
D/nofatclips(  239): Handling input 'writeText' on widget id=2131165270 type=editText name=Content
V/nofatclips(  239): Using value: 8
D/nofatclips(  239): Handling input 'writeText' on widget id=2131165292 type=editText name=Password (optional)
V/nofatclips(  239): Using value: 72
D/nofatclips(  239): Handling event 'click' on widget id=2131165289 type=button name=Edit
D/nofatclips(  239): Handling input 'writeText' on widget id=2131165236 type=editText name=Title
V/nofatclips(  239): Using value: 90
D/nofatclips(  239): Handling input 'writeText' on widget id=2131165270 type=editText name=Content
V/nofatclips(  239): Using value: 8
D/nofatclips(  239): Handling input 'writeText' on widget id=2131165292 type=editText name=Password (optional)
V/nofatclips(  239): Using value: 72
D/nofatclips(  239): Handling event 'click' on widget id=2131165293 type=button name=Publish
D/nofatclips(  239): Handling input 'writeText' on widget id=2131165236 type=editText name=Title
V/nofatclips(  239): Using value: 90
D/nofatclips(  239): Handling input 'writeText' on widget id=2131165270 type=editText name=Content
V/nofatclips(  239): Using value: 8
D/nofatclips(  239): Handling input 'writeText' on widget id=2131165292 type=editText name=Password (optional)
V/nofatclips(  239): Using value: 72
I/nofatclips(  239): Created trace to press the back button
I/nofatclips(  239): Created trace to press the menu button
I/nofatclips(  239): Created trace to change orientation
D/dalvikvm(  239): GC_CONCURRENT freed 1028K, 56% free 3830K/8519K, external 3501K/3622K, paused 7ms+8ms
I/nofatclips(  239): Check for termination: 27 steps left of 50
I/nofatclips(  239): Dispatching new task. 2 more tasks remaining.
D/nofatclips(  239): Performing backup of the old task list on disk
D/nofatclips(  239): Saving task list on disk
V/nofatclips(  239): Backing up trace #193 to disk.
V/nofatclips(  239): Backing up trace #194 to disk.
D/nofatclips(  239): Deleting backup of the old task list from disk
D/nofatclips(  239): Deleting backup of the old activity list from disk
I/nofatclips(  239): Incrementally Playing Trace 194
D/nofatclips(  239): Setting input: type= writeText id=2131165236 value=90
