D/nofatclips(  252): Found widget: id=-1 (android.widget.TextView@4053a5f8): Comments
D/nofatclips(  252): Found widget: id=2131165259 (android.widget.FrameLayout@40536f90)
D/nofatclips(  252): Found widget: id=2131165260 (android.widget.ImageView@4053a300)
D/nofatclips(  252): Found widget: id=2131165261 (org.wordpress.android.util.CommentBadgeTextView@4053b610): 0
D/nofatclips(  252): Found widget: id=-1 (android.widget.LinearLayout@4055f910)
D/nofatclips(  252): Found widget: id=2131165262 (android.widget.LinearLayout@4059af58)
D/nofatclips(  252): Found widget: id=-1 (android.widget.ImageView@4050c658)
D/nofatclips(  252): Found widget: id=-1 (android.widget.TextView@40541c30): Settings
D/nofatclips(  252): Found widget: id=2131165263 (android.widget.LinearLayout@40560800)
D/nofatclips(  252): Found widget: id=2131165264 (android.widget.ImageView@40563948)
D/nofatclips(  252): Found widget: id=2131165265 (android.widget.TextView@40543f70): Read
D/nofatclips(  252): Found widget: id=2131165266 (android.widget.LinearLayout@40564120)
D/nofatclips(  252): Found widget: id=-1 (android.widget.ImageView@40568058)
D/nofatclips(  252): Found widget: id=-1 (android.widget.TextView@40550cc8): Stats
D/nofatclips(  252): Found widget: id=-1 (com.android.internal.policy.impl.PhoneWindow$DecorView@405a1238)
I/nofatclips(  252): Playing Trace 234
I/nofatclips(  252): Retrieved from return list id=16908290
D/nofatclips(  252): Testing for type (android.widget.FrameLayout) against the original (null)
I/nofatclips(  252): Firing event: type= openMenu name= widget=null
D/EAS SyncManager(  296): !!! EAS SyncManager, onCreate
D/EAS SyncManager(  296): !!! EAS SyncManager, onStartCommand
D/EAS SyncManager(  296): !!! EAS SyncManager, stopping self
D/EAS SyncManager(  296): !!! EAS SyncManager, onDestroy
D/dalvikvm(  252): GC_FOR_MALLOC freed 265K, 53% free 3137K/6535K, external 1811K/2323K, paused 129ms
I//system/bin/fsck_msdos(   29): ** Phase 2 - Check Cluster Chains
I//system/bin/fsck_msdos(   29): ** Phase 3 - Checking Directories
D/dalvikvm(  252): GC_FOR_MALLOC freed 17K, 50% free 3290K/6535K, external 1811K/2323K, paused 46ms
I//system/bin/fsck_msdos(   29): ** Phase 4 - Checking for Lost Files
D/dalvikvm(  121): GREF has increased to 201
I//system/bin/fsck_msdos(   29): 3 files, 509980 free (254990 clusters)
I/Vold    (   29): Filesystem check completed OK
I/Vold    (   29): Device /dev/block/vold/179:0, target /mnt/sdcard mounted @ /mnt/secure/staging
D/Vold    (   29): Volume sdcard state changing 3 (Checking) -> 4 (Mounted)
I/PackageManager(   61): Updating external media status from unmounted to mounted
I/StorageNotification(  122): Media {/mnt/sdcard} state changed from {checking} -> {mounted}
D/VoldCmdListener(   29): asec list
I/PackageManager(   61): No secure containers on sdcard
W/PackageManager(   61): Unknown permission com.google.android.googleapps.permission.GOOGLE_AUTH.mail in package com.android.contacts
W/PackageManager(   61): Unknown permission android.permission.ADD_SYSTEM_SERVICE in package com.android.phone
W/ImageDownloader(  252): Error 404 while retrieving bitmap from http://gravatar.com/blavatar/44d338f29053dbb888da79dcf98df489?s=60&d=404
W/ImageDownloader(  252): Error 404 while retrieving bitmap from http://gravatar.com/blavatar/44d338f29053dbb888da79dcf98df489?s=60&d=404
W/PackageManager(   61): Not granting permission android.permission.SEND_DOWNLOAD_COMPLETED_INTENTS to package com.android.browser (protectionLevel=2 flags=0x9be45)
W/PackageManager(   61): Unknown permission com.google.android.gm.permission.WRITE_GMAIL in package com.android.settings
W/PackageManager(   61): Unknown permission com.google.android.gm.permission.READ_GMAIL in package com.android.settings
W/PackageManager(   61): Unknown permission com.google.android.googleapps.permission.GOOGLE_AUTH in package com.android.settings
W/PackageManager(   61): Unknown permission com.google.android.googleapps.permission.GOOGLE_AUTH in package com.android.providers.contacts
W/PackageManager(   61): Unknown permission com.google.android.googleapps.permission.GOOGLE_AUTH.cp in package com.android.providers.contacts
W/PackageManager(   61): Unknown permission com.google.android.googleapps.permission.ACCESS_GOOGLE_PASSWORD in package com.android.development
W/PackageManager(   61): Unknown permission com.google.android.googleapps.permission.GOOGLE_AUTH in package com.android.development
W/PackageManager(   61): Unknown permission com.google.android.googleapps.permission.GOOGLE_AUTH.ALL_SERVICES in package com.android.development
W/PackageManager(   61): Unknown permission com.google.android.googleapps.permission.GOOGLE_AUTH.YouTubeUser in package com.android.development
W/PackageManager(   61): Unknown permission android.permission.READ_OWNER_DATA in package com.android.email
W/PackageManager(   61): Not granting permission android.permission.DEVICE_POWER to package com.android.deskclock (protectionLevel=2 flags=0x8be45)
D/szipinf (  182): Initializing inflate state
D/MediaScanner(  244):  prescan time: 1046ms
D/dalvikvm(  244): GC_CONCURRENT freed 526K, 55% free 2645K/5831K, external 716K/1038K, paused 3ms+3ms
D/MediaScanner(  244):     scan time: 51ms
D/MediaScanner(  244): postscan time: 0ms
D/MediaScanner(  244):    total time: 1097ms
W/KeyCharacterMap(  252): No keyboard for id 0
W/KeyCharacterMap(  252): Using default keymap: /system/usr/keychars/qwerty.kcm.bin
D/MediaScannerService(  244): done scanning volume internal
D/MediaScannerService(  244): start scanning volume external
V/MediaProvider(  244): /mnt/sdcard volume ID: 420884505
D/szipinf (  133): Initializing inflate state
V/MediaProvider(  244): Attached volume: external
D/dalvikvm(  133): GC_EXPLICIT freed 260K, 51% free 2911K/5831K, external 2249K/2294K, paused 52ms
V/MediaScanner(  244): pruneDeadThumbnailFiles... android.database.sqlite.SQLiteCursor@40587480
V/MediaScanner(  244): /pruneDeadThumbnailFiles... android.database.sqlite.SQLiteCursor@40587480
D/MediaScanner(  244):  prescan time: 93ms
D/MediaScanner(  244):     scan time: 1ms
D/MediaScanner(  244): postscan time: 6ms
D/MediaScanner(  244):    total time: 100ms
D/MediaScannerService(  244): done scanning volume external
I/nofatclips(  252): Waiting for 100 msec.
I/nofatclips(  252): Current activity is Dashboard
I/nofatclips(  252): Retrieving widgets
D/nofatclips(  252): Found widget: id=16908726 (com.android.internal.view.menu.IconMenuView@4063dbb0)
D/nofatclips(  252): Found widget: id=16908310 (com.android.internal.view.menu.IconMenuItemView@40617108): Add Account
D/nofatclips(  252): Found widget: id=16908310 (com.android.internal.view.menu.IconMenuItemView@406186f8): Preferences
D/nofatclips(  252): Found widget: id=16908310 (com.android.internal.view.menu.IconMenuItemView@40618b10): Remove Blog
D/nofatclips(  252): Found widget: id=16908310 (com.android.internal.view.menu.IconMenuItemView@40618e98): About
D/nofatclips(  252): Found widget: id=-1 (com.android.internal.policy.impl.PhoneWindow$DecorView@40539d08)
V/ReflectionHelper(  252): com.android.internal.view.menu.IconMenuView > mOnFocusChangeListener FOUND | NOT ACTIVE
V/nicola  (  252): TextualID : null
V/nicola  (  252): ContentType detected : default
V/nicola  (  252): TextualID : null
V/nicola  (  252): ContentType detected : default
V/nicola  (  252): TextualID : null
V/nicola  (  252): ContentType detected : default
V/nicola  (  252): TextualID : null
V/nicola  (  252): ContentType detected : default
I/nofatclips(  252): Performing comparation for activity Dashboard
I/nofatclips(  252): Registering activity Dashboard (id: a28) as a new found state
D/nofatclips(  252): Performing backup of the old activity list on disk
D/nofatclips(  252): Saving new found state 'a28' on disk
V/nofatclips(  252): Opening state file in append mode.
I/dalvikvm(  252): Jit: resizing JitTable from 512 to 1024
D/dalvikvm(  252): GC_CONCURRENT freed 485K, 48% free 3594K/6791K, external 2187K/2323K, paused 10ms+7ms
I/nofatclips(  252): Saved image on disk: a28.jpg
I/nofatclips(  252): Waiting for 100 msec.
I/nofatclips(  252): Session count is 1. Will dump to disk at 1
I/nofatclips(  252): Saving the session on disk.
I/nofatclips(  252): Planning for new Activity Dashboard
D/nofatclips(  252): Handling event 'click' on widget id=16908310 type=menuItem name=Add Account
D/nofatclips(  252): Handling event 'click' on widget id=16908310 type=menuItem name=Preferences
D/nofatclips(  252): Handling event 'click' on widget id=16908310 type=menuItem name=Remove Blog
D/nofatclips(  252): Handling event 'click' on widget id=16908310 type=menuItem name=About
I/nofatclips(  252): Created trace to press the back button
I/nofatclips(  252): Created trace to press the menu button
I/nofatclips(  252): Created trace to change orientation
I/nofatclips(  252): Check for termination: 23 steps left of 50
I/nofatclips(  252): Dispatching new task. 2 more tasks remaining.
D/nofatclips(  252): Performing backup of the old task list on disk
D/nofatclips(  252): Saving task list on disk
V/nofatclips(  252): Backing up trace #239 to disk.
V/nofatclips(  252): Backing up trace #240 to disk.
D/nofatclips(  252): Deleting backup of the old task list from disk
D/nofatclips(  252): Deleting backup of the old activity list from disk
I/nofatclips(  252): Incrementally Playing Trace 240
I/nofatclips(  252): Retrieved from return list id=16908310
D/nofatclips(  252): Testing for type (com.android.internal.view.menu.IconMenuItemView) against the original (com.android.internal.view.menu.IconMenuItemView)
D/nofatclips(  252): Testing for name (About) against the original (About)
I/nofatclips(  252): Firing event: type= click index=4 widget=com.android.internal.view.menu.IconMenuItemView
W/KeyCharacterMap(  252): No keyboard for id 0
W/KeyCharacterMap(  252): Using default keymap: /system/usr/keychars/qwerty.kcm.bin
D/nofatclips(  252): Event description: About
I/ActivityManager(   61): Starting: Intent { cmp=org.wordpress.android/.About } from pid 252
I/nofatclips(  252): Waiting for 100 msec.
D/dalvikvm(  252): GC_EXTERNAL_ALLOC freed 787K, 53% free 3250K/6791K, external 2200K/2323K, paused 209ms
I/nofatclips(  252): Current activity is About
I/nofatclips(  252): Retrieving widgets
D/nofatclips(  252): Found widget: id=16908290 (android.widget.FrameLayout@4055a4c8)
D/nofatclips(  252): Found widget: id=-1 (android.widget.ScrollView@4055b0f8)
D/nofatclips(  252): Found widget: id=2131165185 (android.widget.LinearLayout@405589e0)
D/nofatclips(  252): Found widget: id=2131165186 (android.widget.ImageView@4055b628)
D/nofatclips(  252): Found widget: id=2131165187 (android.widget.TextView@405fcdf8): WordPress for Android
D/nofatclips(  252): Found widget: id=2131165188 (android.widget.TextView@40533c38): Version 2.1
D/nofatclips(  252): Found widget: id=2131165189 (android.widget.TextView@4061e9e0): Publisher: Automattic, Inc
D/nofatclips(  252): Found widget: id=2131165190 (android.widget.TextView@4055ea18): 2012 Automattic, Inc
D/nofatclips(  252): Found widget: id=2131165191 (android.widget.Button@40580628): Terms of Service
D/nofatclips(  252): Found widget: id=2131165192 (android.widget.Button@405bd0e8): Privacy Policy
D/nofatclips(  252): Found widget: id=2131165193 (android.widget.TextView@406033e0): www.automattic.com
D/nofatclips(  252): Found widget: id=-1 (com.android.internal.policy.impl.PhoneWindow$DecorView@4055a0f0)
I/ActivityManager(   61): Displayed org.wordpress.android/.About: +1s602ms
V/nicola  (  252): TextualID : about_first_line
V/nicola  (  252): ContentType detected : default
V/nicola  (  252): TextualID : about_version
V/nicola  (  252): ContentType detected : default
V/nicola  (  252): TextualID : about_second_line
V/nicola  (  252): ContentType detected : default
V/nicola  (  252): TextualID : about_third_line
V/nicola  (  252): ContentType detected : default
V/nicola  (  252): TextualID : about_tos
V/nicola  (  252): ContentType detected : default
V/nicola  (  252): TextualID : about_privacy
V/nicola  (  252): ContentType detected : default
V/nicola  (  252): TextualID : about_url
V/nicola  (  252): ContentType detected : default
I/nofatclips(  252): Performing comparation for activity About
D/nofatclips(  252): Comparing against activity Dashboard
I/nofatclips(  252): Registering activity About (id: a29) as a new found state
D/nofatclips(  252): Performing backup of the old activity list on disk
D/nofatclips(  252): Saving new found state 'a29' on disk
V/nofatclips(  252): Opening state file in append mode.
D/dalvikvm(  252): GC_EXTERNAL_ALLOC freed 419K, 52% free 3275K/6791K, external 2246K/2733K, paused 110ms
D/dalvikvm(  252): GC_EXTERNAL_ALLOC freed 13K, 52% free 3264K/6791K, external 3281K/3348K, paused 89ms
I/nofatclips(  252): Saved image on disk: a29.jpg
I/nofatclips(  252): Waiting for 100 msec.
I/nofatclips(  252): Session count is 1. Will dump to disk at 1
I/nofatclips(  252): Saving the session on disk.
I/nofatclips(  252): Planning for new Activity About
D/nofatclips(  252): Handling event 'click' on widget id=2131165191 type=button name=Terms of Service
D/nofatclips(  252): Handling event 'click' on widget id=2131165192 type=button name=Privacy Policy
D/nofatclips(  252): Handling event 'click' on widget id=2131165193 type=text name=www.automattic.com
I/nofatclips(  252): Created trace to press the back button
I/nofatclips(  252): Created trace to press the menu button
I/nofatclips(  252): Created trace to change orientation
I/nofatclips(  252): Check for termination: 22 steps left of 50
I/nofatclips(  252): Dispatching new task. 2 more tasks remaining.
D/nofatclips(  252): Performing backup of the old task list on disk
D/nofatclips(  252): Saving task list on disk
V/nofatclips(  252): Backing up trace #245 to disk.
V/nofatclips(  252): Backing up trace #246 to disk.
D/nofatclips(  252): Deleting backup of the old task list from disk
D/nofatclips(  252): Deleting backup of the old activity list from disk
I/nofatclips(  252): Incrementally Playing Trace 246
I/nofatclips(  252): Retrieved from return list id=2131165192
D/nofatclips(  252): Testing for type (android.widget.Button) against the original (android.widget.Button)
D/nofatclips(  252): Testing for name (Privacy Policy) against the original (Privacy Policy)
I/nofatclips(  252): Firing event: type= click index=9 widget=android.widget.Button
W/KeyCharacterMap(  252): No keyboard for id 0
W/KeyCharacterMap(  252): Using default keymap: /system/usr/keychars/qwerty.kcm.bin
D/nofatclips(  252): Event description: Privacy Policy
I/ActivityManager(   61): Starting: Intent { act=android.intent.action.VIEW dat=http://automattic.com/privacy cmp=com.android.browser/.BrowserActivity } from pid 252
I/nofatclips(  252): Waiting for 100 msec.
I/ActivityManager(   61): Start proc com.android.browser for activity com.android.browser/.BrowserActivity: pid=313 uid=10020 gids={3003, 1015}
I/nofatclips(  252): Current activity is About
I/nofatclips(  252): Retrieving widgets
D/nofatclips(  252): Found widget: id=16908290 (android.widget.FrameLayout@4055a4c8)
D/nofatclips(  252): Found widget: id=-1 (android.widget.ScrollView@4055b0f8)
D/nofatclips(  252): Found widget: id=2131165185 (android.widget.LinearLayout@405589e0)
D/nofatclips(  252): Found widget: id=2131165186 (android.widget.ImageView@4055b628)
D/nofatclips(  252): Found widget: id=2131165187 (android.widget.TextView@405fcdf8): WordPress for Android
D/nofatclips(  252): Found widget: id=2131165188 (android.widget.TextView@40533c38): Version 2.1
D/nofatclips(  252): Found widget: id=2131165189 (android.widget.TextView@4061e9e0): Publisher: Automattic, Inc
D/nofatclips(  252): Found widget: id=2131165190 (android.widget.TextView@4055ea18): 2012 Automattic, Inc
D/nofatclips(  252): Found widget: id=2131165191 (android.widget.Button@40580628): Terms of Service
D/nofatclips(  252): Found widget: id=2131165192 (android.widget.Button@405bd0e8): Privacy Policy
D/nofatclips(  252): Found widget: id=2131165193 (android.widget.TextView@406033e0): www.automattic.com
D/nofatclips(  252): Found widget: id=-1 (com.android.internal.policy.impl.PhoneWindow$DecorView@4055a0f0)
V/nicola  (  252): TextualID : about_first_line
V/nicola  (  252): ContentType detected : default
V/nicola  (  252): TextualID : about_version
V/nicola  (  252): ContentType detected : default
V/nicola  (  252): TextualID : about_second_line
V/nicola  (  252): ContentType detected : default
V/nicola  (  252): TextualID : about_third_line
V/nicola  (  252): ContentType detected : default
V/nicola  (  252): TextualID : about_tos
V/nicola  (  252): ContentType detected : default
V/nicola  (  252): TextualID : about_privacy
V/nicola  (  252): ContentType detected : default
V/nicola  (  252): TextualID : about_url
V/nicola  (  252): ContentType detected : default
I/nofatclips(  252): Performing comparation for activity About
D/nofatclips(  252): Comparing against activity Dashboard
D/nofatclips(  252): Comparing against activity About
I/nofatclips(  252): Registering activity About (id: a30) as a new found state
D/nofatclips(  252): Performing backup of the old activity list on disk
D/nofatclips(  252): Saving new found state 'a30' on disk
V/nofatclips(  252): Opening state file in append mode.
I/nofatclips(  252): Saved image on disk: a30.jpg
I/nofatclips(  252): Waiting for 100 msec.
I/nofatclips(  252): Session count is 1. Will dump to disk at 1
I/nofatclips(  252): Saving the session on disk.
I/nofatclips(  252): Planning for new Activity About
D/nofatclips(  252): Handling event 'click' on widget id=2131165191 type=button name=Terms of Service
D/nofatclips(  252): Handling event 'click' on widget id=2131165192 type=button name=Privacy Policy
D/dalvikvm(   61): GC_CONCURRENT freed 791K, 46% free 4168K/7623K, external 1865K/3065K, paused 19ms+133ms
D/nofatclips(  252): Handling event 'click' on widget id=2131165193 type=text name=www.automattic.com
D/installd(   35): DexInv: --- BEGIN '/system/app/Browser.apk' ---
I/nofatclips(  252): Created trace to press the back button
I/nofatclips(  252): Created trace to press the menu button
I/nofatclips(  252): Created trace to change orientation
I/nofatclips(  252): Check for termination: 21 steps left of 50
I/nofatclips(  252): Dispatching new task. 2 more tasks remaining.
D/nofatclips(  252): Performing backup of the old task list on disk
D/nofatclips(  252): Saving task list on disk
V/nofatclips(  252): Backing up trace #251 to disk.
V/nofatclips(  252): Backing up trace #252 to disk.
D/nofatclips(  252): Deleting backup of the old task list from disk
D/nofatclips(  252): Deleting backup of the old activity list from disk
I/nofatclips(  252): Incrementally Playing Trace 252
I/nofatclips(  252): Retrieved from return list id=2131165191
D/nofatclips(  252): Testing for type (android.widget.Button) against the original (android.widget.Button)
D/nofatclips(  252): Testing for name (Terms of Service) against the original (Terms of Service)
I/nofatclips(  252): Firing event: type= click index=8 widget=android.widget.Button
D/dalvikvm(  252): GC_CONCURRENT freed 1300K, 55% free 3315K/7239K, external 3881K/4097K, paused 5ms+6ms
W/KeyCharacterMap(  252): No keyboard for id 0
W/KeyCharacterMap(  252): Using default keymap: /system/usr/keychars/qwerty.kcm.bin
D/dalvikvm(  321): DexOpt: load 177ms, verify+opt 581ms
D/installd(   35): DexInv: --- END '/system/app/Browser.apk' (success) ---
I/ActivityThread(  313): Pub browser: com.android.browser.BrowserProvider
E/ActivityThread(  313): Failed to find provider info for com.google.settings
D/nofatclips(  252): Event description: Terms of Service
I/BrowserSettings(  313): Selected search engine: ActivitySearchEngine{android.app.SearchableInfo@405a19b8}
D/dalvikvm(  313): GC_CONCURRENT freed 480K, 54% free 2710K/5831K, external 743K/1038K, paused 4ms+4ms
E/ActivityThread(  313): Failed to find provider info for com.google.settings
E/ActivityThread(  313): Failed to find provider info for com.google.settings
E/ActivityThread(  313): Failed to find provider info for com.google.settings
E/ActivityThread(  313): Failed to find provider info for com.google.settings
E/ActivityThread(  313): Failed to find provider info for com.google.settings
E/ActivityThread(  313): Failed to find provider info for com.google.settings
E/ActivityThread(  313): Failed to find provider info for com.google.settings
E/ActivityThread(  313): Failed to find provider info for com.google.settings
E/ActivityThread(  313): Failed to find provider info for com.google.settings
E/ActivityThread(  313): Failed to find provider info for com.google.settings
E/ActivityThread(  313): Failed to find provider info for com.google.settings
E/ActivityThread(  313): Failed to find provider info for com.google.settings
E/ActivityThread(  313): Failed to find provider info for com.google.settings
E/ActivityThread(  313): Failed to find provider info for com.google.settings
I/ActivityManager(   61): Displayed com.android.browser/.BrowserActivity: +5s41ms
I/dalvikvm(   61): Jit: resizing JitTable from 512 to 1024
I/Database(  313): sqlite returned: error code = 1, msg = no such table: IconDatabaseInfo
I/ActivityManager(   61): Starting: Intent { act=android.intent.action.VIEW cat=[android.intent.category.BROWSABLE] dat=http://automattic.com/privacy/ cmp=com.android.browser/.BrowserActivity } from pid 313
D/dalvikvm(  313): GC_CONCURRENT freed 242K, 49% free 2980K/5831K, external 934K/1038K, paused 10ms+15ms
D/dalvikvm(  313): GC_CONCURRENT freed 280K, 49% free 3164K/6151K, external 934K/1038K, paused 3ms+14ms
D/dalvikvm(  313): GC_FOR_MALLOC freed 72K, 47% free 3381K/6343K, external 934K/1038K, paused 19ms
D/dalvikvm(  313): GC_FOR_MALLOC freed 154K, 48% free 3491K/6599K, external 934K/1038K, paused 21ms
D/dalvikvm(  313): GC_FOR_MALLOC freed 234K, 50% free 3417K/6727K, external 934K/1038K, paused 19ms
D/dalvikvm(  313): GC_FOR_MALLOC freed <1K, 47% free 3611K/6727K, external 934K/1038K, paused 21ms
D/dalvikvm(  313): GC_FOR_MALLOC freed <1K, 46% free 3707K/6855K, external 934K/1038K, paused 19ms
D/dalvikvm(  313): GC_FOR_MALLOC freed 193K, 46% free 3772K/6983K, external 934K/1038K, paused 19ms
D/dalvikvm(  313): GC_FOR_MALLOC freed 128K, 46% free 3836K/6983K, external 934K/1038K, paused 20ms
I/dalvikvm-heap(  313): Grow heap (frag case) to 7.455MB for 263664-byte allocation
D/dalvikvm(  313): GC_FOR_MALLOC freed 0K, 44% free 4094K/7303K, external 934K/1038K, paused 19ms
D/dalvikvm(  313): GC_FOR_MALLOC freed 354K, 47% free 4038K/7495K, external 934K/1038K, paused 20ms
D/dalvikvm(  313): GC_FOR_MALLOC freed 310K, 45% free 4124K/7495K, external 934K/1038K, paused 19ms
D/dalvikvm(  313): GC_FOR_MALLOC freed 229K, 45% free 4169K/7495K, external 934K/1038K, paused 20ms
D/dalvikvm(  313): GC_FOR_MALLOC freed <1K, 42% free 4493K/7687K, external 934K/1038K, paused 21ms
D/dalvikvm(  313): GC_FOR_MALLOC freed 269K, 44% free 4520K/7943K, external 934K/1038K, paused 22ms
I/dalvikvm-heap(  313): Grow heap (frag case) to 8.082MB for 220672-byte allocation
D/dalvikvm(  313): GC_FOR_MALLOC freed 0K, 43% free 4736K/8199K, external 934K/1038K, paused 20ms
D/dalvikvm(  313): GC_FOR_MALLOC freed 536K, 43% free 4787K/8327K, external 934K/1038K, paused 21ms
D/dalvikvm(  313): GC_FOR_MALLOC freed 448K, 42% free 4994K/8519K, external 934K/1038K, paused 21ms
W/InputDispatcher(   61): Permission denied: injecting event from pid 252 uid 10034 to window with input channel 406a4620 com.android.browser/com.android.browser.BrowserActivity (server) owned by uid 10020
W/WindowManager(   61): Input event injection permission denied.
I/nofatclips(  252): Saving the session on disk. This is the last batch. The session will be terminated.
D/nofatclips(  252): Performing backup of the old task list on disk
D/nofatclips(  252): Saving task list on disk
V/nofatclips(  252): Backing up trace #251 to disk.
D/nofatclips(  252): Deleting backup of the old task list from disk
D/dalvikvm(  252): GC_EXPLICIT freed 340K, 55% free 3265K/7239K, external 2681K/3348K, paused 57ms
D/dalvikvm(  252): GC_EXPLICIT freed 16K, 56% free 3249K/7239K, external 1669K/2181K, paused 41ms
I/TestRunner(  252): failed: testAndCrawl(com.nofatclips.crawler.guitree.NomadEngine)
I/TestRunner(  252): ----- begin exception -----
I/TestRunner(  252): 
I/TestRunner(  252): junit.framework.AssertionFailedError: Click can not be completed!
I/TestRunner(  252): 	at junit.framework.Assert.fail(Assert.java:47)
I/TestRunner(  252): 	at junit.framework.Assert.assertTrue(Assert.java:20)
I/TestRunner(  252): 	at com.jayway.android.robotium.solo.Clicker.clickOnScreen(Clicker.java:91)
I/TestRunner(  252): 	at com.jayway.android.robotium.solo.Clicker.clickOnScreen(Clicker.java:166)
I/TestRunner(  252): 	at com.jayway.android.robotium.solo.Clicker.clickOnScreen(Clicker.java:139)
I/TestRunner(  252): 	at com.jayway.android.robotium.solo.Solo.clickOnView(Solo.java:785)
I/TestRunner(  252): 	at com.nofatclips.crawler.automation.RobotUtilities.click(RobotUtilities.java:51)
I/TestRunner(  252): 	at com.nofatclips.crawler.automation.Automation.injectInteraction(Automation.java:210)
I/TestRunner(  252): 	at com.nofatclips.crawler.automation.Automation.fireEventOnView(Automation.java:197)
I/TestRunner(  252): 	at com.nofatclips.crawler.automation.Automation.fireEvent(Automation.java:139)
I/TestRunner(  252): 	at com.nofatclips.crawler.automation.Automation.process(Automation.java:110)
I/TestRunner(  252): 	at com.nofatclips.crawler.guitree.RandomEngine.process(RandomEngine.java:88)
I/TestRunner(  252): 	at com.nofatclips.crawler.Engine.testAndCrawl(Engine.java:73)
I/TestRunner(  252): 	at java.lang.reflect.Method.invokeNative(Native Method)
I/TestRunner(  252): 	at java.lang.reflect.Method.invoke(Method.java:507)
I/TestRunner(  252): 	at android.test.InstrumentationTestCase.runMethod(InstrumentationTestCase.java:204)
I/TestRunner(  252): 	at android.test.InstrumentationTestCase.runTest(InstrumentationTestCase.java:194)
I/TestRunner(  252): 	at android.test.ActivityInstrumentationTestCase2.runTest(ActivityInstrumentationTestCase2.java:186)
I/TestRunner(  252): 	at junit.framework.TestCase.runBare(TestCase.java:127)
I/TestRunner(  252): 	at junit.framework.TestResult$1.protect(TestResult.java:106)
I/TestRunner(  252): 	at junit.framework.TestResult.runProtected(TestResult.java:124)
I/TestRunner(  252): 	at junit.framework.TestResult.run(TestResult.java:109)
I/TestRunner(  252): 	at junit.framework.TestCase.run(TestCase.java:118)
I/TestRunner(  252): 	at android.test.AndroidTestRunner.runTest(AndroidTestRunner.java:169)
I/TestRunner(  252): 	at android.test.AndroidTestRunner.runTest(AndroidTestRunner.java:154)
I/TestRunner(  252): 	at android.test.InstrumentationTestRunner.onStart(InstrumentationTestRunner.java:529)
I/TestRunner(  252): 	at android.app.Instrumentation$InstrumentationThread.run(Instrumentation.java:1448)
I/TestRunner(  252): ----- end exception -----
I/TestRunner(  252): finished: testAndCrawl(com.nofatclips.crawler.guitree.NomadEngine)
E/InstrumentationTestRunner(  252): Failed to generate emma coverage. Is emma jar on classpath?
E/InstrumentationTestRunner(  252): java.lang.ClassNotFoundException: com.vladium.emma.rt.RT
E/InstrumentationTestRunner(  252): 	at java.lang.Class.classForName(Native Method)
E/InstrumentationTestRunner(  252): 	at java.lang.Class.forName(Class.java:234)
E/InstrumentationTestRunner(  252): 	at java.lang.Class.forName(Class.java:181)
E/InstrumentationTestRunner(  252): 	at android.test.InstrumentationTestRunner.generateCoverageReport(InstrumentationTestRunner.java:578)
E/InstrumentationTestRunner(  252): 	at android.test.InstrumentationTestRunner.onStart(InstrumentationTestRunner.java:545)
E/InstrumentationTestRunner(  252): 	at android.app.Instrumentation$InstrumentationThread.run(Instrumentation.java:1448)
E/InstrumentationTestRunner(  252): Caused by: java.lang.NoClassDefFoundError: com.vladium.emma.rt.RT
E/InstrumentationTestRunner(  252): 	... 6 more
E/InstrumentationTestRunner(  252): Caused by: java.lang.ClassNotFoundException: com.vladium.emma.rt.RT in loader dalvik.system.PathClassLoader[/system/framework/android.test.runner.jar:/data/app/com.nofatclips.crawler-1.apk:/data/app/org.wordpress.android-1.apk]
E/InstrumentationTestRunner(  252): 	at dalvik.system.PathClassLoader.findClass(PathClassLoader.java:240)
E/InstrumentationTestRunner(  252): 	at java.lang.ClassLoader.loadClass(ClassLoader.java:551)
E/InstrumentationTestRunner(  252): 	at java.lang.ClassLoader.loadClass(ClassLoader.java:511)
E/InstrumentationTestRunner(  252): 	... 6 more
I/ActivityManager(   61): Force stopping package org.wordpress.android uid=10034
I/Process (   61): Sending signal. PID: 252 SIG: 9
D/AndroidRuntime(  207): Shutting down VM
D/dalvikvm(  207): GC_CONCURRENT freed 111K, 71% free 297K/1024K, external 0K/0K, paused 1ms+1ms
D/jdwp    (  207): adbd disconnected
I/DEBUG   (   31): debuggerd: Feb  3 2011 14:45:34
D/qemud   (   38): entering main loop
I/Netd    (   30): Netd 1.0 starting
I/Vold    (   29): Vold 2.1 (the revenge) firing up
D/Vold    (   29): USB mass storage support is not enabled in the kernel
D/Vold    (   29): usb_configuration switch is not enabled in the kernel
D/Vold    (   29): Volume sdcard state changing -1 (Initializing) -> 0 (No-Media)
D/Vold    (   29): Volume sdcard state changing 0 (No-Media) -> 1 (Idle-Unmounted)
D/qemud   (   38): fdhandler_accept_event: accepting on fd 9
D/qemud   (   38): created client 0xe078 listening on fd 10
D/qemud   (   38): client_fd_receive: attempting registration for service 'boot-properties'
D/qemud   (   38): client_fd_receive:    -> received channel id 1
D/qemud   (   38): client_registration: registration succeeded for client 1
I/qemu-props(   52): connected to 'boot-properties' qemud service.
I/qemu-props(   52): receiving..
I/qemu-props(   52): received: dalvik.vm.heapsize=64m
I/qemu-props(   52): receiving..
I/qemu-props(   52): received: ro.config.low_ram=true
I/qemu-props(   52): receiving..
I/qemu-props(   52): received: qemu.sf.lcd_density=160
I/qemu-props(   52): receiving..
I/qemu-props(   52): received: qemu.hw.mainkeys=0
I/qemu-props(   52): receiving..
I/qemu-props(   52): received: qemu.sf.fake_camera=none
I/qemu-props(   52): receiving..
I/qemu-props(   52): exiting (5 properties set).
D/qemud   (   38): fdhandler_event: disconnect on fd 10
D/AndroidRuntime(   33): 
D/AndroidRuntime(   33): >>>>>> AndroidRuntime START com.android.internal.os.ZygoteInit <<<<<<
D/AndroidRuntime(   33): CheckJNI is ON
I/        (   34): ServiceManager: 0xad50
D/AudioHardwareInterface(   34): setMode(NORMAL)
I/CameraService(   34): CameraService started (pid=34)
I/AudioFlinger(   34): AudioFlinger's thread 0xc658 ready to run
D/qemud   (   38): fdhandler_accept_event: accepting on fd 9
D/qemud   (   38): created client 0xe078 listening on fd 10
D/qemud   (   38): fdhandler_event: disconnect on fd 10
D/qemud   (   38): fdhandler_accept_event: accepting on fd 9
D/qemud   (   38): created client 0xe078 listening on fd 10
D/qemud   (   38): client_fd_receive: attempting registration for service 'gsm'
D/qemud   (   38): client_fd_receive:    -> received channel id 2
D/qemud   (   38): client_registration: registration succeeded for client 2
I/SamplingProfilerIntegration(   33): Profiler is disabled.
I/Zygote  (   33): Preloading classes...
E/Zygote  (   33): setreuid() failed. errno: 2
D/dalvikvm(   33): GC_EXPLICIT freed 47K, 78% free 234K/1024K, external 0K/0K, paused 5ms
D/dalvikvm(   33): GC_EXPLICIT freed 1K, 73% free 284K/1024K, external 0K/0K, paused 4ms
D/dalvikvm(   33): GC_EXPLICIT freed 22K, 69% free 318K/1024K, external 0K/0K, paused 4ms
D/dalvikvm(   33): GC_EXPLICIT freed 17K, 66% free 356K/1024K, external 0K/0K, paused 3ms
D/dalvikvm(   33): GC_EXPLICIT freed 26K, 63% free 385K/1024K, external 0K/0K, paused 4ms
D/dalvikvm(   33): GC_EXPLICIT freed 20K, 57% free 441K/1024K, external 0K/0K, paused 4ms
W/MediaProfiles(   33): could not find media config xml file
D/dalvikvm(   33): GC_EXPLICIT freed 99K, 47% free 547K/1024K, external 0K/0K, paused 6ms
D/dalvikvm(   33): GC_EXPLICIT freed 272K, 28% free 885K/1219K, external 0K/0K, paused 12ms
D/dalvikvm(   33): GC_EXPLICIT freed 21K, 24% free 932K/1219K, external 0K/0K, paused 10ms
D/RenderScript_jni(   33): RenderScript JNI library not found!
D/dalvikvm(   33): GC_EXPLICIT freed 25K, 19% free 999K/1219K, external 0K/0K, paused 10ms
D/dalvikvm(   33): GC_EXPLICIT freed 47K, 5% free 1281K/1347K, external 0K/0K, paused 16ms
D/dalvikvm(   33): GC_EXPLICIT freed 24K, 3% free 1311K/1347K, external 0K/0K, paused 16ms
D/dalvikvm(   33): GC_EXPLICIT freed 28K, 6% free 1336K/1411K, external 0K/0K, paused 16ms
D/dalvikvm(   33): GC_EXPLICIT freed 14K, 3% free 1377K/1411K, external 0K/0K, paused 17ms
D/dalvikvm(   33): GC_EXPLICIT freed 28K, 5% free 1402K/1475K, external 0K/0K, paused 17ms
D/dalvikvm(   33): GC_EXPLICIT freed 28K, 3% free 1439K/1475K, external 0K/0K, paused 18ms
D/dalvikvm(   33): GC_EXPLICIT freed 38K, 6% free 1457K/1539K, external 0K/0K, paused 18ms
D/dalvikvm(   33): GC_EXPLICIT freed 40K, 5% free 1471K/1539K, external 0K/0K, paused 17ms
D/dalvikvm(   33): GC_EXPLICIT freed 55K, 8% free 1485K/1603K, external 0K/0K, paused 17ms
D/dalvikvm(   33): GC_FOR_MALLOC freed 2954K, 58% free 2168K/5123K, external 0K/0K, paused 77ms
D/dalvikvm(   33): GC_EXPLICIT freed 1403K, 55% free 2310K/5123K, external 0K/0K, paused 39ms
D/dalvikvm(   33): GC_EXPLICIT freed 148K, 54% free 2373K/5123K, external 0K/0K, paused 32ms
D/dalvikvm(   33): GC_EXPLICIT freed 73K, 54% free 2398K/5123K, external 0K/0K, paused 31ms
D/dalvikvm(   33): GC_EXPLICIT freed 36K, 53% free 2416K/5123K, external 0K/0K, paused 30ms
D/dalvikvm(   33): GC_EXPLICIT freed 31K, 53% free 2439K/5123K, external 0K/0K, paused 31ms
D/dalvikvm(   33): GC_EXPLICIT freed 38K, 52% free 2462K/5123K, external 0K/0K, paused 31ms
I/Zygote  (   33): ...preloaded 1830 classes in 5727ms.
E/Zygote  (   33): setreuid() failed. errno: 17
D/dalvikvm(   33): GC_EXPLICIT freed 18K, 52% free 2460K/5123K, external 0K/0K, paused 30ms
I/Zygote  (   33): Preloading resources...
D/dalvikvm(   33): GC_EXTERNAL_ALLOC freed <1K, 52% free 2462K/5123K, external 0K/0K, paused 30ms
W/Zygote  (   33): Preloaded drawable resource #0x1080093 (res/drawable-mdpi/sym_def_app_icon.png) that varies with configuration!!
W/Zygote  (   33): Preloaded drawable resource #0x1080002 (res/drawable-mdpi/arrow_down_float.png) that varies with configuration!!
W/Zygote  (   33): Preloaded drawable resource #0x10800b4 (res/drawable/btn_check.xml) that varies with configuration!!
W/Zygote  (   33): Preloaded drawable resource #0x10800b7 (res/drawable-mdpi/btn_check_label_background.9.png) that varies with configuration!!
W/Zygote  (   33): Preloaded drawable resource #0x10800b8 (res/drawable-mdpi/btn_check_off.png) that varies with configuration!!
W/Zygote  (   33): Preloaded drawable resource #0x10800bd (res/drawable-mdpi/btn_check_on.png) that varies with configuration!!
W/Zygote  (   33): Preloaded drawable resource #0x1080004 (res/drawable/btn_default.xml) that varies with configuration!!
W/Zygote  (   33): Preloaded drawable resource #0x1080005 (res/drawable/btn_default_small.xml) that varies with configuration!!
W/Zygote  (   33): Preloaded drawable resource #0x1080006 (res/drawable/btn_dropdown.xml) that varies with configuration!!
W/Zygote  (   33): Preloaded drawable resource #0x1080008 (res/drawable/btn_plus.xml) that varies with configuration!!
W/Zygote  (   33): Preloaded drawable resource #0x1080007 (res/drawable/btn_minus.xml) that varies with configuration!!
W/Zygote  (   33): Preloaded drawable resource #0x1080009 (res/drawable/btn_radio.xml) that varies with configuration!!
W/Zygote  (   33): Preloaded drawable resource #0x108000a (res/drawable/btn_star.xml) that varies with configuration!!
D/dalvikvm(   33): GC_EXPLICIT freed 25K, 52% free 2499K/5123K, external 408K/521K, paused 31ms
W/Zygote  (   33): Preloaded drawable resource #0x1080132 (res/drawable/btn_toggle.xml) that varies with configuration!!
W/Zygote  (   33): Preloaded drawable resource #0x1080196 (res/drawable-mdpi/ic_emergency.png) that varies with configuration!!
W/Zygote  (   33): Preloaded drawable resource #0x1080012 (res/drawable-mdpi/divider_horizontal_bright.9.png) that varies with configuration!!
W/Zygote  (   33): Preloaded drawable resource #0x1080014 (res/drawable-mdpi/divider_horizontal_dark.9.png) that varies with configuration!!
W/Zygote  (   33): Preloaded drawable resource #0x1080016 (res/drawable/edit_text.xml) that varies with configuration!!
W/Zygote  (   33): Preloaded drawable resource #0x1080170 (res/drawable/expander_group.xml) that varies with configuration!!
W/Zygote  (   33): Preloaded drawable resource #0x1080062 (res/drawable/list_selector_background.xml) that varies with configuration!!
W/Zygote  (   33): Preloaded drawable resource #0x108022a (res/drawable-mdpi/menu_background.9.png) that varies with configuration!!
W/Zygote  (   33): Preloaded drawable resource #0x108022b (res/drawable-mdpi/menu_background_fill_parent_width.9.png) that varies with configuration!!
W/Zygote  (   33): Preloaded drawable resource #0x108022c (res/drawable/menu_selector.xml) that varies with configuration!!
D/dalvikvm(   33): GC_EXTERNAL_ALLOC freed 16K, 51% free 2512K/5123K, external 516K/521K, paused 31ms
W/Zygote  (   33): Preloaded drawable resource #0x108023a (res/drawable-mdpi/panel_background.9.png) that varies with configuration!!
W/Zygote  (   33): Preloaded drawable resource #0x1080242 (res/drawable-mdpi/popup_bottom_bright.9.png) that varies with configuration!!
W/Zygote  (   33): Preloaded drawable resource #0x1080243 (res/drawable-mdpi/popup_bottom_dark.9.png) that varies with configuration!!
W/Zygote  (   33): Preloaded drawable resource #0x1080244 (res/drawable-mdpi/popup_bottom_medium.9.png) that varies with configuration!!
W/Zygote  (   33): Preloaded drawable resource #0x1080245 (res/drawable-mdpi/popup_center_bright.9.png) that varies with configuration!!
W/Zygote  (   33): Preloaded drawable resource #0x1080246 (res/drawable-mdpi/popup_center_dark.9.png) that varies with configuration!!
W/Zygote  (   33): Preloaded drawable resource #0x1080249 (res/drawable-mdpi/popup_full_dark.9.png) that varies with configuration!!
W/Zygote  (   33): Preloaded drawable resource #0x108024c (res/drawable-mdpi/popup_top_bright.9.png) that varies with configuration!!
W/Zygote  (   33): Preloaded drawable resource #0x108024d (res/drawable-mdpi/popup_top_dark.9.png) that varies with configuration!!
W/Zygote  (   33): Preloaded drawable resource #0x108006d (res/drawable/progress_indeterminate_horizontal.xml) that varies with configuration!!
W/Zygote  (   33): Preloaded drawable resource #0x1080253 (res/drawable/progress_small.xml) that varies with configuration!!
W/Zygote  (   33): Preloaded drawable resource #0x1080254 (res/drawable/progress_small_titlebar.xml) that varies with configuration!!
W/Zygote  (   33): Preloaded drawable resource #0x1080274 (res/drawable-mdpi/scrollbar_handle_horizontal.9.png) that varies with configuration!!
W/Zygote  (   33): Preloaded drawable resource #0x1080275 (res/drawable-mdpi/scrollbar_handle_vertical.9.png) that varies with configuration!!
D/dalvikvm(   33): GC_EXPLICIT freed 15K, 51% free 2524K/5123K, external 585K/1038K, paused 31ms
W/Zygote  (   33): Preloaded drawable resource #0x1080071 (res/drawable/spinner_dropdown_background.xml) that varies with configuration!!
W/Zygote  (   33): Preloaded drawable resource #0x1080312 (res/drawable-mdpi/text_select_handle_left.png) that varies with configuration!!
W/Zygote  (   33): Preloaded drawable resource #0x1080313 (res/drawable-mdpi/text_select_handle_middle.png) that varies with configuration!!
W/Zygote  (   33): Preloaded drawable resource #0x1080314 (res/drawable-mdpi/text_select_handle_right.png) that varies with configuration!!
W/Zygote  (   33): Preloaded drawable resource #0x1080335 (res/drawable-mdpi/title_bar_shadow.9.png) that varies with configuration!!
W/Zygote  (   33): Preloaded drawable resource #0x10801d8 (res/drawable-mdpi/indicator_code_lock_drag_direction_green_up.png) that varies with configuration!!
W/Zygote  (   33): Preloaded drawable resource #0x10801d9 (res/drawable-mdpi/indicator_code_lock_drag_direction_red_up.png) that varies with configuration!!
W/Zygote  (   33): Preloaded drawable resource #0x10801da (res/drawable-mdpi/indicator_code_lock_point_area_default.png) that varies with configuration!!
W/Zygote  (   33): Preloaded drawable resource #0x10801db (res/drawable-mdpi/indicator_code_lock_point_area_green.png) that varies with configuration!!
W/Zygote  (   33): Preloaded drawable resource #0x10801dc (res/drawable-mdpi/indicator_code_lock_point_area_red.png) that varies with configuration!!
I/Zygote  (   33): ...preloaded 51 resources in 449ms.
I/Zygote  (   33): ...preloaded 15 resources in 13ms.
D/dalvikvm(   33): GC_EXPLICIT freed 23K, 51% free 2533K/5123K, external 716K/1038K, paused 32ms
D/dalvikvm(   33): GC_EXPLICIT freed 6K, 51% free 2526K/5123K, external 716K/1038K, paused 31ms
D/dalvikvm(   33): GC_EXPLICIT freed <1K, 51% free 2526K/5123K, external 716K/1038K, paused 31ms
I/dalvikvm(   33): System server process 61 has been created
I/Zygote  (   33): Accepting command socket connections
E/BatteryService(   61): usbOnlinePath not found
E/BatteryService(   61): batteryVoltagePath not found
E/BatteryService(   61): batteryTemperaturePath not found
I/sysproc (   61): Entered system_init()
I/sysproc (   61): ServiceManager: 0x93138
I/SurfaceFlinger(   61): SurfaceFlinger is starting
I/SurfaceFlinger(   61): SurfaceFlinger's main thread ready to run. Initializing graphics H/W...
E/SurfaceFlinger(   61): Couldn't open /sys/power/wait_for_fb_sleep or /sys/power/wait_for_fb_wake
I/gralloc (   61): using (fd=26)
I/gralloc (   61): id           = 
I/gralloc (   61): xres         = 320 px
I/gralloc (   61): yres         = 480 px
I/gralloc (   61): xres_virtual = 320 px
I/gralloc (   61): yres_virtual = 960 px
I/gralloc (   61): bpp          = 16
I/gralloc (   61): r            = 11:5
I/gralloc (   61): g            =  5:6
I/gralloc (   61): b            =  0:5
I/gralloc (   61): width        = 49 mm (165.877548 dpi)
I/gralloc (   61): height       = 74 mm (164.756760 dpi)
I/gralloc (   61): refresh rate = 60.00 Hz
D/libEGL  (   61): egl.cfg not found, using default config
D/libEGL  (   61): loaded /system/lib/egl/libGLES_android.so
I/SurfaceFlinger(   61): EGL informations:
I/SurfaceFlinger(   61): # of configs : 8
I/SurfaceFlinger(   61): vendor    : Android
I/SurfaceFlinger(   61): version   : 1.4 Android META-EGL
I/SurfaceFlinger(   61): extensions: EGL_KHR_image EGL_KHR_image_base EGL_KHR_image_pixmap EGL_ANDROID_image_native_buffer EGL_ANDROID_swap_rectangle 
I/SurfaceFlinger(   61): Client API: OpenGL ES
I/SurfaceFlinger(   61): EGLSurface: 5-6-5-0, config=0x0
I/SurfaceFlinger(   61): OpenGL informations:
I/SurfaceFlinger(   61): vendor    : Android
I/SurfaceFlinger(   61): renderer  : Android PixelFlinger 1.4
I/SurfaceFlinger(   61): version   : OpenGL ES-CM 1.0
I/SurfaceFlinger(   61): extensions: GL_OES_byte_coordinates GL_OES_fixed_point GL_OES_single_precision GL_OES_read_format GL_OES_compressed_paletted_texture GL_OES_draw_texture GL_OES_matrix_get GL_OES_query_matrix GL_OES_EGL_image GL_OES_compressed_ETC1_RGB8_texture GL_ARB_texture_compression GL_ARB_texture_non_power_of_two GL_ANDROID_user_clip_plane GL_ANDROID_vertex_buffer_object GL_ANDROID_generate_mipmap 
I/SurfaceFlinger(   61): GL_MAX_TEXTURE_SIZE = 4096
I/SurfaceFlinger(   61): GL_MAX_VIEWPORT_DIMS = 4096
I/SurfaceFlinger(   61): flags = 000c0000
D/SensorService(   61): nuSensorService starting...
E/SensorService(   61): couldn't open device for module sensors (Invalid argument)
I/sysproc (   61): System server: starting Android runtime.
I/sysproc (   61): System server: starting Android services.
I/SystemServer(   61): Entered the Android system server!
I/sysproc (   61): System server: entering thread pool.
I/SystemServer(   61): Entropy Service
I/SystemServer(   61): Power Manager
I/SystemServer(   61): Activity Manager
I/ActivityManager(   61): Memory class: 64
W/UsageStats(   61): Usage stats version changed; dropping
D/libEGL  (   73): egl.cfg not found, using default config
D/libEGL  (   73): loaded /system/lib/egl/libGLES_android.so
W/zipro   (   73): Unable to open zip '/data/local/bootanimation.zip': No such file or directory
W/zipro   (   73): Unable to open zip '/system/media/bootanimation.zip': No such file or directory
I/SystemServer(   61): Telephony Registry
I/SystemServer(   61): Package Manager
I/Installer(   61): connecting...
I/installd(   35): new connection
I/ARMAssembler(   61): generated scanline__00000077:03010104_00000004_00000000 [ 22 ipp] (41 ins) at [0x46efd1e8:0x46efd28c] in 2872538 ns
I/ARMAssembler(   73): generated scanline__00000077:03545404_00000A01_00000000 [ 30 ipp] (51 ins) at [0x403461e8:0x403462b4] in 1473689 ns
D/dalvikvm(   61): GC_CONCURRENT freed 177K, 50% free 2824K/5639K, external 716K/1038K, paused 3ms+5ms
W/PackageManager(   61): Running ENG build: no pre-dexopt!
D/dalvikvm(   61): GC_CONCURRENT freed 235K, 49% free 3039K/5895K, external 716K/1038K, paused 3ms+4ms
D/dalvikvm(   61): GC_CONCURRENT freed 241K, 47% free 3323K/6215K, external 716K/1038K, paused 2ms+5ms
D/PackageManager(   61): No files in app dir /vendor/app
I/PackageManager(   61): Unpacking native libraries for /data/app/com.nofatclips.crawler-1.apk
D/szipinf (   61): Initializing inflate state
I/PackageManager(   61): Unpacking native libraries for /data/app/org.wordpress.android-1.apk
I/PackageManager(   61): Unpacking native libraries for /data/app/GestureBuilder.apk
I/PackageManager(   61): Unpacking native libraries for /data/app/SoftKeyboard.apk
I/PackageManager(   61): Unpacking native libraries for /data/app/CubeLiveWallpapers.apk
D/szipinf (   61): Initializing inflate state
W/PackageParser(   61): No actions in intent filter at /data/app/ApiDemos.apk Binary XML file line #1882
W/PackageParser(   61): No actions in intent filter at /data/app/ApiDemos.apk Binary XML file line #1888
W/PackageManager(   61): Package com.example.android.apis desires unavailable shared library com.example.will.never.exist; ignoring!
I/PackageManager(   61): Unpacking native libraries for /data/app/ApiDemos.apk
D/dalvikvm(   61): GC_CONCURRENT freed 254K, 45% free 3606K/6471K, external 716K/1038K, paused 3ms+6ms
I/PackageManager(   61): Time to scan packages: 1.25 seconds
W/PackageManager(   61): Unknown permission com.google.android.googleapps.permission.GOOGLE_AUTH.mail in package com.android.contacts
W/PackageManager(   61): Unknown permission android.permission.ADD_SYSTEM_SERVICE in package com.android.phone
W/PackageManager(   61): Not granting permission android.permission.SEND_DOWNLOAD_COMPLETED_INTENTS to package com.android.browser (protectionLevel=2 flags=0x9be45)
W/PackageManager(   61): Unknown permission com.google.android.gm.permission.WRITE_GMAIL in package com.android.settings
W/PackageManager(   61): Unknown permission com.google.android.gm.permission.READ_GMAIL in package com.android.settings
W/PackageManager(   61): Unknown permission com.google.android.googleapps.permission.GOOGLE_AUTH in package com.android.settings
W/PackageManager(   61): Unknown permission com.google.android.googleapps.permission.GOOGLE_AUTH in package com.android.providers.contacts
W/PackageManager(   61): Unknown permission com.google.android.googleapps.permission.GOOGLE_AUTH.cp in package com.android.providers.contacts
W/PackageManager(   61): Unknown permission com.google.android.googleapps.permission.ACCESS_GOOGLE_PASSWORD in package com.android.development
W/PackageManager(   61): Unknown permission com.google.android.googleapps.permission.GOOGLE_AUTH in package com.android.development
W/PackageManager(   61): Unknown permission com.google.android.googleapps.permission.GOOGLE_AUTH.ALL_SERVICES in package com.android.development
W/PackageManager(   61): Unknown permission com.google.android.googleapps.permission.GOOGLE_AUTH.YouTubeUser in package com.android.development
W/PackageManager(   61): Unknown permission android.permission.READ_OWNER_DATA in package com.android.email
W/PackageManager(   61): Not granting permission android.permission.DEVICE_POWER to package com.android.deskclock (protectionLevel=2 flags=0x8be45)
D/dalvikvm(   61): GC_EXPLICIT freed 313K, 46% free 3569K/6599K, external 716K/1038K, paused 46ms
I/SystemServer(   61): Account Manager
I/SystemServer(   61): Content Manager
I/SystemServer(   61): System Content Providers
I/ActivityThread(   61): Pub settings: com.android.providers.settings.SettingsProvider
I/SystemServer(   61): Battery Service
D/SettingsProvider(   61): cache for settings table 'secure' rows=27; fullycached=true
I/SystemServer(   61): Lights Service
I/SystemServer(   61): Vibrator Service
D/qemud   (   38): fdhandler_accept_event: accepting on fd 9
D/qemud   (   38): created client 0x13ee8 listening on fd 11
D/qemud   (   38): client_fd_receive: attempting registration for service 'hw-control'
