D/qemud   (   38): client_fd_receive:    -> received channel id 3
D/qemud   (   38): client_registration: registration succeeded for client 3
D/SettingsProvider(   61): cache for settings table 'system' rows=46; fullycached=true
I/SystemServer(   61): Alarm Manager
I/SystemServer(   61): Init Watchdog
I/SystemServer(   61): Window Manager
I/InputManager(   61): Initializing input manager
I/InputManager(   61): Starting input manager
I/SystemServer(   61): Registering null Bluetooth Service (emulator)
E/System  (   61): Failure starting core service
E/System  (   61): java.lang.SecurityException
E/System  (   61): 	at android.os.BinderProxy.transact(Native Method)
E/System  (   61): 	at android.os.ServiceManagerProxy.addService(ServiceManagerNative.java:146)
E/System  (   61): 	at android.os.ServiceManager.addService(ServiceManager.java:72)
E/System  (   61): 	at com.android.server.ServerThread.run(SystemServer.java:206)
I/SystemServer(   61): Device Policy
I/SystemServer(   61): Status Bar
I/SystemServer(   61): Clipboard Service
I/SystemServer(   61): Input Method Service
I/EventHub(   61): New keyboard: device->id=0x10000 devname='qwerty2' propName='hw.keyboards.65536.devname' keylayout='/system/usr/keylayout/qwerty.kl'
I/EventHub(   61): New device: path=/dev/input/event0 name=qwerty2 id=0x10000 (of 0x1) index=1 fd=84 classes=0x87
E/EventHub(   61): could not get driver version for /dev/input/mouse0, Not a typewriter
E/EventHub(   61): could not get driver version for /dev/input/mice, Not a typewriter
I/InputManager-Callbacks(   61): No input device calibration properties found for device qwerty2.
I/InputReader(   61): Device added: id=0x0, name=qwerty2, sources=00001103
I/InputManagerService(   61): Enabled input methods: jp.co.omronsoft.openwnn/.OpenWnnJAJP:com.android.inputmethod.latin/.LatinIME:com.android.inputmethod.pinyin/.PinyinIME:com.example.android.softkeyboard/.SoftKeyboard
I/SystemServer(   61): NetStat Service
I/SystemServer(   61): NetworkManagement Service
I/SystemServer(   61): Connectivity Service
I/WifiService(   61): WifiService starting up with Wi-Fi disabled
D/NetworkManagmentService(   61): Registering observer
I/SystemServer(   61): Throttle Service
I/SystemServer(   61): Accessibility Manager
I/SystemServer(   61): Mount Service
I/SystemServer(   61): Notification Manager
I/SystemServer(   61): Device Storage Monitor
I/SystemServer(   61): Location Manager
I/SystemServer(   61): Search Service
I/SystemServer(   61): DropBox Service
I/SystemServer(   61): Wallpaper Service
I/SystemServer(   61): Audio Service
D/VoldCmdListener(   29): volume list
I/PackageManager(   61): Updating external media status from unmounted to unmounted
D/VoldCmdListener(   29): share status ums
D/AudioHardwareInterface(   34): setMode(NORMAL)
W/AudioPolicyManagerBase(   34): setPhoneState() setting same state 0
E/SoundPool(   61): error loading /system/media/audio/ui/Effect_Tick.ogg
W/AudioService(   61): Soundpool could not load file: /system/media/audio/ui/Effect_Tick.ogg
E/SoundPool(   61): error loading /system/media/audio/ui/KeypressStandard.ogg
W/AudioService(   61): Soundpool could not load file: /system/media/audio/ui/KeypressStandard.ogg
E/SoundPool(   61): error loading /system/media/audio/ui/KeypressSpacebar.ogg
W/AudioService(   61): Soundpool could not load file: /system/media/audio/ui/KeypressSpacebar.ogg
E/SoundPool(   61): error loading /system/media/audio/ui/KeypressDelete.ogg
W/AudioService(   61): Soundpool could not load file: /system/media/audio/ui/KeypressDelete.ogg
E/SoundPool(   61): error loading /system/media/audio/ui/KeypressReturn.ogg
W/AudioService(   61): Soundpool could not load file: /system/media/audio/ui/KeypressReturn.ogg
I/SystemServer(   61): Headset Observer
W/HeadsetObserver(   61): This kernel does not have wired headset support
I/SystemServer(   61): Dock Observer
W/DockObserver(   61): This kernel does not have dock station support
I/SystemServer(   61): USB Observer
W/UsbObserver(   61): This kernel does not have USB configuration switch support
E/UsbObserver(   61): 
E/UsbObserver(   61): java.lang.NullPointerException
E/UsbObserver(   61): 	at com.android.server.UsbObserver.init(UsbObserver.java:131)
E/UsbObserver(   61): 	at com.android.server.UsbObserver.<init>(UsbObserver.java:65)
E/UsbObserver(   61): 	at com.android.server.ServerThread.run(SystemServer.java:402)
I/SystemServer(   61): UI Mode Manager Service
I/SystemServer(   61): Backup Service
D/dalvikvm(   61): GC_CONCURRENT freed 273K, 43% free 3836K/6727K, external 716K/1038K, paused 3ms+5ms
V/BackupManagerService(   61): No ancestral data
I/BackupManagerService(   61): Found stale backup journal, scheduling
I/BackupManagerService(   61):   com.android.inputmethod.latin
I/BackupManagerService(   61):   com.android.browser
I/BackupManagerService(   61):   com.android.providers.userdictionary
I/BackupManagerService(   61):   android
I/BackupManagerService(   61):   com.android.providers.settings
I/BackupManagerService(   61): Backup enabled => true
I/SystemServer(   61): AppWidget Service
I/SystemServer(   61): Recognition Service
I/SystemServer(   61): DiskStats Service
I/WindowManager(   61): SAFE MODE not enabled
D/dalvikvm(   61): JIT started for system_server
D/PowerManagerService(   61): system ready!
I/ActivityManager(   61): System now ready
I/SystemServer(   61): Making services ready
I/StatusBarManagerService(   61): Starting service: ComponentInfo{com.android.systemui/com.android.systemui.statusbar.StatusBarService}
I/Zygote  (   61): Process: zygote socket opened
I/ActivityManager(   61): Start proc com.android.systemui for service com.android.systemui/.statusbar.StatusBarService: pid=106 uid=1000 gids={3002, 3001, 3003}
I/ActivityManager(   61): Config changed: { scale=1.0 imsi=0/0 loc=en_US touch=0 keys=0/0/0 nav=0/0 orien=0 layout=0 uiMode=17 seq=2}
W/RecognitionManagerService(   61): no available voice recognition services found
I/ActivityManager(   61): Config changed: { scale=1.0 imsi=0/0 loc=en_US touch=3 keys=2/1/2 nav=1/1 orien=1 layout=18 uiMode=17 seq=3}
I/ActivityManager(   61): Start proc jp.co.omronsoft.openwnn for service jp.co.omronsoft.openwnn/.OpenWnnJAJP: pid=115 uid=10004 gids={}
W/GpsLocationProvider(   61): Could not open GPS configuration file /etc/gps.conf
D/NetworkManagmentService(   61): Registering observer
E/ThrottleService(   61): Could not open GPS configuration file /etc/gps.conf
I/ActivityManager(   61): Start proc com.android.phone for added application com.android.phone: pid=120 uid=1001 gids={3002, 3001, 3003, 1015}
I/ActivityManager(   61): Start proc com.android.systemui for added application com.android.systemui: pid=121 uid=1000 gids={3002, 3001, 3003}
I/ActivityManager(   61): Starting: Intent { act=android.intent.action.MAIN cat=[android.intent.category.HOME] flg=0x10000000 cmp=com.android.launcher/com.android.launcher2.Launcher } from pid 0
I/ActivityManager(   61): Start proc com.android.launcher for activity com.android.launcher/com.android.launcher2.Launcher: pid=132 uid=10013 gids={}
W/ActivityManager(   61): Unable to start service Intent { act=@0 }: not found
W/ActivityManager(   61): Unable to start service Intent { act=@0 }: not found
W/ActivityManager(   61): No pending application record for pid 106 (IApplicationThread android.app.ApplicationThreadProxy@4058ca30); dropping process
I/Process (   61): Sending signal. PID: 106 SIG: 9
I/ActivityManager(   61): Start proc com.android.settings for broadcast com.android.settings/.widget.SettingsAppWidgetProvider: pid=135 uid=1000 gids={3002, 3001, 3003}
I/SystemServer(   61): Enabled StrictMode for system server main thread.
D/qemud   (   38): fdhandler_accept_event: accepting on fd 9
D/qemud   (   38): created client 0x13f38 listening on fd 12
D/qemud   (   38): client_fd_receive: attempting registration for service 'gps'
D/qemud   (   38): client_fd_receive:    -> received channel id 4
D/dalvikvm(   61): GC_EXTERNAL_ALLOC freed 166K, 42% free 3918K/6727K, external 1035K/1038K, paused 51ms
D/qemud   (   38): client_registration: registration succeeded for client 4
E/logwrapper(  161): executing /system/bin/tc failed: No such file or directory
I/logwrapper(   30): /system/bin/tc terminated by exit(1)
E/logwrapper(  162): executing /system/bin/tc failed: No such file or directory
I/logwrapper(   30): /system/bin/tc terminated by exit(1)
E/logwrapper(  164): executing /system/bin/tc failed: No such file or directory
I/logwrapper(   30): /system/bin/tc terminated by exit(1)
D/dalvikvm(  132): GC_CONCURRENT freed 405K, 54% free 2639K/5639K, external 716K/1038K, paused 3ms+40ms
D/dalvikvm(  120): GC_CONCURRENT freed 403K, 54% free 2641K/5639K, external 716K/1038K, paused 3ms+29ms
D/dalvikvm(  121): GC_CONCURRENT freed 409K, 54% free 2635K/5639K, external 716K/1038K, paused 3ms+21ms
I/ActivityThread(  132): Pub com.android.launcher2.settings: com.android.launcher2.LauncherProvider
D/dalvikvm(  115): GC_CONCURRENT freed 396K, 54% free 2649K/5639K, external 716K/1038K, paused 3ms+53ms
D/dalvikvm(  135): GC_CONCURRENT freed 407K, 54% free 2637K/5639K, external 716K/1038K, paused 2ms+28ms
D/dalvikvm(  115): No JNI_OnLoad found in /system/lib/libwnndict.so 0x40512cf0, skipping init
D/dalvikvm(   61): GC_EXTERNAL_ALLOC freed 206K, 42% free 3948K/6791K, external 1564K/1567K, paused 147ms
I/ActivityThread(  120): Pub mms: com.android.providers.telephony.MmsProvider
D/dalvikvm(   61): GREF has increased to 201
I/ActivityThread(  120): Pub sms: com.android.providers.telephony.SmsProvider
I/ActivityThread(  120): Pub telephony: com.android.providers.telephony.TelephonyProvider
I/ActivityThread(  120): Pub icc: com.android.phone.IccProvider
I/ActivityThread(  120): Pub mms-sms: com.android.providers.telephony.MmsSmsProvider
D/dalvikvm(  115): GC_CONCURRENT freed 211K, 50% free 2912K/5767K, external 716K/1038K, paused 2ms+8ms
I/StatusBarManagerService(   61): registerStatusBar bar=com.android.internal.statusbar.IStatusBar$Stub$Proxy@406113e0
D/VoldCmdListener(   29): share status ums
D/StorageNotification(  121): Startup with UMS connection false (media state unmounted)
I/StorageNotification(  121): UMS connection changed to false (media state unmounted)
D/dalvikvm(  115): GC_CONCURRENT freed 434K, 50% free 3047K/6087K, external 716K/1038K, paused 3ms+43ms
D/dalvikvm(   61): GC_EXTERNAL_ALLOC freed 202K, 42% free 4040K/6855K, external 1468K/1745K, paused 135ms
D/CallManager(  120): registerPhone(GSM Handler{4055f098})
I/ActivityManager(   61): Start proc android.process.acore for content provider com.android.providers.contacts/.CallLogProvider: pid=177 uid=10006 gids={3003, 1015}
W/ActivityManager(   61): Unable to start service Intent { act=com.android.ussd.IExtendedNetworkService }: not found
D/dalvikvm(  132): GC_EXTERNAL_ALLOC freed 49K, 53% free 2700K/5639K, external 1032K/1038K, paused 321ms
D/AlarmManagerService(   61): Kernel timezone updated to 0 minutes west of GMT
I/ActivityManager(   61): Start proc com.android.deskclock for broadcast com.android.deskclock/.AlarmInitReceiver: pid=185 uid=10019 gids={}
W/SystemClock(  120): Unable to set rtc to 1406311928: Invalid argument
I/TelephonyRegistry(   61): notifyDataConnection: state=0 isDataConnectivityPossible=false reason=radioTurnedOff interfaceName=null networkType=0
I/TelephonyRegistry(   61): notifyDataConnection: state=0 isDataConnectivityPossible=false reason=gprsDetached interfaceName=null networkType=0
I/ActivityThread(  177): Pub com.android.social: com.android.providers.contacts.SocialProvider
I/TelephonyRegistry(   61): notifyServiceState: 0 home Android Android 310260  UMTS CSS not supported 0 0RoamInd: 0DefRoamInd: 0EmergOnly: false
I/TelephonyRegistry(   61): notifyDataConnection: state=0 isDataConnectivityPossible=false reason=null interfaceName=null networkType=3
I/ActivityThread(  177): Pub applications: com.android.providers.applications.ApplicationsProvider
D/SystemClock(  120): Setting time of day to sec=1406311928
D/dalvikvm(  120): GC_CONCURRENT freed 172K, 49% free 2922K/5703K, external 716K/1038K, paused 3ms+46ms
D/MccTable(  120): updateMccMncConfiguration: mcc=310, mnc=260
D/MccTable(  120): locale set to en_us
D/MccTable(  120): WIFI_NUM_ALLOWED_CHANNELS set to 11
I/WifiService(   61): WifiService trying to setNumAllowed to 11 with persist set to true
I/ActivityManager(   61): Config changed: { scale=1.0 imsi=310/260 loc=en_US touch=3 keys=2/1/2 nav=1/1 orien=1 layout=18 uiMode=17 seq=4}
I/TelephonyRegistry(   61): notifyMessageWaitingChanged: false
I/TelephonyRegistry(   61): notifyCallForwardingChanged: false
D/dalvikvm(  177): GC_CONCURRENT freed 406K, 54% free 2613K/5639K, external 716K/1038K, paused 2ms+102ms
I/ActivityThread(  185): Pub com.android.deskclock: com.android.deskclock.AlarmProvider
D/dalvikvm(  185): GC_CONCURRENT freed 369K, 54% free 2610K/5575K, external 716K/1038K, paused 3ms+44ms
D/dalvikvm(   61): GC_CONCURRENT freed 251K, 41% free 4123K/6983K, external 1865K/3065K, paused 3ms+29ms
I/ActivityThread(  177): Pub contacts;com.android.contacts: com.android.providers.contacts.ContactsProvider2
D/dalvikvm(  132): GC_EXTERNAL_ALLOC freed 61K, 51% free 2764K/5639K, external 1567K/1572K, paused 169ms
I/ActivityManager(   61): Start proc com.android.protips for broadcast com.android.protips/.ProtipWidget: pid=202 uid=10024 gids={}
D/TelephonyProvider(  120): Setting numeric '310260' to be the current operator
I/TelephonyRegistry(   61): notifyDataConnection: state=1 isDataConnectivityPossible=true reason=simLoaded interfaceName=null networkType=3
I/TelephonyRegistry(   61): notifyDataConnection: state=2 isDataConnectivityPossible=true reason=simLoaded interfaceName=/dev/omap_csmi_tty1 networkType=3
D/Tethering(   61): MasterInitialState.processMessage what=3
D/dalvikvm(   33): GC_EXPLICIT freed 10K, 53% free 2538K/5379K, external 716K/1038K, paused 310ms
D/dalvikvm(  120): GC_CONCURRENT freed 431K, 52% free 2930K/6023K, external 716K/1038K, paused 2ms+24ms
D/dalvikvm(   33): GC_EXPLICIT freed <1K, 53% free 2538K/5379K, external 716K/1038K, paused 174ms
D/dalvikvm(   33): GC_EXPLICIT freed <1K, 53% free 2538K/5379K, external 716K/1038K, paused 160ms
D/SntpClient(   61): request time failed: java.net.SocketException: Address family not supported by protocol
I/ActivityManager(   61): Start proc com.android.music for broadcast com.android.music/.MediaAppWidgetProvider: pid=211 uid=10005 gids={3003, 1015}
I/ActivityThread(  177): Pub call_log: com.android.providers.contacts.CallLogProvider
I/ActivityThread(  177): Pub user_dictionary: com.android.providers.userdictionary.UserDictionaryProvider
D/dalvikvm(  132): GC_EXTERNAL_ALLOC freed 47K, 51% free 2788K/5639K, external 2079K/2085K, paused 144ms
D/dalvikvm(  132): GC_EXPLICIT freed 23K, 51% free 2806K/5639K, external 2387K/2620K, paused 84ms
D/dalvikvm(   61): GREF has increased to 301
I/ActivityManager(   61): Start proc com.android.quicksearchbox for broadcast com.android.quicksearchbox/.SearchWidgetProvider: pid=220 uid=10002 gids={3003}
I/ActivityThread(  220): Pub com.android.quicksearchbox.google: com.android.quicksearchbox.google.GoogleSuggestionProvider
I/ActivityThread(  220): Pub com.android.quicksearchbox.shortcuts: com.android.quicksearchbox.ShortcutsProvider
I/ActivityManager(   61): Start proc android.process.media for broadcast com.android.providers.downloads/.DownloadReceiver: pid=228 uid=10000 gids={1015, 1006, 2001, 3003}
I/ActivityThread(  228): Pub media: com.android.providers.media.MediaProvider
V/MediaProvider(  228): Attached volume: internal
I/ActivityThread(  228): Pub downloads: com.android.providers.downloads.DownloadProvider
I/ActivityThread(  228): Pub drm: com.android.providers.drm.DrmProvider
D/dalvikvm(  132): GC_EXTERNAL_ALLOC freed 171K, 49% free 2954K/5767K, external 2618K/2620K, paused 49ms
I/SurfaceFlinger(   61): Boot is finished (10201 ms)
D/PowerManagerService(   61): bootCompleted
D/OtaStartupReceiver(  120): Not a CDMA phone, no need to process OTA
I/ARMAssembler(   61): generated scanline__00000177:03010104_00000002_00000000 [ 44 ipp] (66 ins) at [0x46efd290:0x46efd398] in 582034 ns
I/ARMAssembler(   61): generated scanline__00000177:03515104_00000001_00000000 [ 73 ipp] (95 ins) at [0x46efd3a0:0x46efd51c] in 475121 ns
D/VoldCmdListener(   29): volume mount /mnt/sdcard
I/Vold    (   29): /dev/block/vold/179:0 being considered for volume sdcard
D/Vold    (   29): Volume sdcard state changing 1 (Idle-Unmounted) -> 3 (Checking)
I/StorageNotification(  121): Media {/mnt/sdcard} state changed from {unmounted} -> {checking}
I/RecoverySystem(   61): No recovery log file
I/ActivityManager(   61): Start proc com.android.mms for broadcast com.android.mms/.transaction.MmsSystemEventReceiver: pid=246 uid=10015 gids={3003, 1015}
D/dalvikvm(   61): GC_CONCURRENT freed 831K, 46% free 4139K/7623K, external 1865K/3065K, paused 4ms+43ms
I/SearchManagerService(   61): Building list of searchable activities
I/ActivityThread(  246): Pub com.android.mms.SuggestionsProvider: com.android.mms.SuggestionsProvider
I/ActivityManager(   61): Start proc com.android.email for broadcast com.android.email/.service.EmailBroadcastReceiver: pid=268 uid=10028 gids={3003, 1015}
I/ActivityThread(  268): Pub com.android.email.provider: com.android.email.provider.EmailProvider
I/ActivityThread(  268): Pub com.android.email.attachmentprovider: com.android.email.provider.AttachmentProvider
I/ActivityThread(  268): Pub com.android.exchange.provider: com.android.exchange.provider.ExchangeProvider
D/dalvikvm(   61): GC_EXPLICIT freed 79K, 46% free 4140K/7623K, external 1865K/3065K, paused 91ms
D/EAS SyncManager(  268): !!! EAS SyncManager, onCreate
D/AndroidRuntime(  282): 
D/AndroidRuntime(  282): >>>>>> AndroidRuntime START com.android.internal.os.RuntimeInit <<<<<<
D/AndroidRuntime(  282): CheckJNI is ON
I//system/bin/fsck_msdos(   29): ** /dev/block/vold/179:0
I/InputReader(   61): Device reconfigured: id=0x0, name=qwerty2, display size is now 320x480
I/InputManager-Callbacks(   61): No virtual keys found for device qwerty2.
I/ARMAssembler(   61): generated scanline__00000177:03515104_00001001_00000000 [ 91 ipp] (114 ins) at [0x46efd520:0x46efd6e8] in 537987 ns
D/AndroidRuntime(  282): Calling main entry com.android.commands.am.Am
I/ActivityManager(   61): Force stopping package org.wordpress.android uid=10034
I/ActivityManager(   61): Start proc org.wordpress.android for added application org.wordpress.android: pid=296 uid=10034 gids={3003, 1006, 1015}
I/ActivityManager(   61): Displayed com.android.launcher/com.android.launcher2.Launcher: +10s225ms
D/szipinf (  296): Initializing inflate state
D/nofatclips(  296): Updating node 
D/nofatclips(  296): Loading node 
I/nofatclips(  296): Preferences file found.
V/nofatclips(  296): Updating value ACTIVITY_DESCRIPTION_IN_SESSION
V/nofatclips(  296): Updating value ADDITIONAL_CRITERIAS
V/nofatclips(  296): Updating value ADDITIONAL_EVENTS
V/nofatclips(  296): Updating value ADDITIONAL_INPUTS
V/nofatclips(  296): Updating value CLASS_NAME
D/nofatclips(  296): Updated value of parameter CLASS_NAME to org.wordpress.android.Dashboard (default = app.package.class)
V/nofatclips(  296): Updating value ENABLE_RESUME
V/nofatclips(  296): Updating value PACKAGE_NAME
D/nofatclips(  296): Updated value of parameter PACKAGE_NAME to org.wordpress.android (default = app.package)
V/nofatclips(  296): Updating value RANDOM_SEED
D/nofatclips(  296): Updated value of parameter RANDOM_SEED to -8915378425513820149 (default = 5466516511651561651)
V/nofatclips(  296): Updating value RETRY_FAILED_TRACES
V/nofatclips(  296): Updating value theClass
D/nofatclips(  296): Updating node scheduler
D/nofatclips(  296): Loading node scheduler
V/nofatclips(  296): Updating value ALL_EVENTS_ON_PREFERENCES
V/nofatclips(  296): Updating value BACK_BUTTON_EVENT
V/nofatclips(  296): Updating value DICTIONARY_FIXED_VALUE
V/nofatclips(  296): Updating value DICTIONARY_IGNORE_CONTENT_TYPES
V/nofatclips(  296): Updating value EMULATOR_PORT
V/nofatclips(  296): Updating value EVENTS
D/nofatclips(  296): Updated values of array parameter EVENTS
V/nofatclips(  296): Updating value EVENT_WHEN_NO_ID
V/nofatclips(  296): Updating value EXCLUDE_WIDGETS_INPUTS_IN_GPS_EVENTS
V/nofatclips(  296): Updating value EXCLUDE_WIDGETS_INPUTS_IN_SENSORS_EVENTS
V/nofatclips(  296): Updating value INPUTS
D/nofatclips(  296): Updated values of array parameter INPUTS
V/nofatclips(  296): Updating value KEY_EVENTS
V/nofatclips(  296): Updating value MAX_EVENTS_PER_WIDGET
V/nofatclips(  296): Updating value MAX_TASKS_IN_SCHEDULER
D/nofatclips(  296): Updated value of parameter MAX_TASKS_IN_SCHEDULER to 2 (default = 0)
V/nofatclips(  296): Updating value MAX_TASKS_PER_EVENT
V/nofatclips(  296): Updating value MENU_EVENTS
V/nofatclips(  296): Updating value ORIENTATION_EVENTS
V/nofatclips(  296): Updating value PLANNER
V/nofatclips(  296): Updating value REFLECT_ACTIVITY_LISTENERS
V/nofatclips(  296): Updating value REFLECT_WIDGETS
V/nofatclips(  296): Updating value SCHEDULER_ALGORITHM
D/nofatclips(  296): Updated value of parameter SCHEDULER_ALGORITHM to DEPTH_FIRST (default = BREADTH_FIRST)
V/nofatclips(  296): Updating value SCROLL_DOWN_EVENT
V/nofatclips(  296): Updating value SENSOR_TYPES
V/nofatclips(  296): Updating value SIMULATE_INCOMING_CALL
V/nofatclips(  296): Updating value SIMULATE_INCOMING_SMS
V/nofatclips(  296): Updating value TAB_EVENTS_START_ONLY
V/nofatclips(  296): Updating value TEST_LOCATION_PROVIDER
V/nofatclips(  296): Updating value TEXT_VALUES_FROM_DICTIONARY
V/nofatclips(  296): Updating value TEXT_VALUES_ID_HASH
V/nofatclips(  296): Updating value USE_GPS
V/nofatclips(  296): Updating value USE_SENSORS
D/nofatclips(  296): Updating node planner
D/nofatclips(  296): Loading node planner
V/nofatclips(  296): Updating value ALL_EVENTS_ON_PREFERENCES
V/nofatclips(  296): Updating value BACK_BUTTON_EVENT
V/nofatclips(  296): Updating value DICTIONARY_FIXED_VALUE
V/nofatclips(  296): Updating value DICTIONARY_IGNORE_CONTENT_TYPES
V/nofatclips(  296): Updating value EMULATOR_PORT
V/nofatclips(  296): Updating value EVENTS
D/nofatclips(  296): Updated values of array parameter EVENTS
V/nofatclips(  296): Updating value EVENT_WHEN_NO_ID
V/nofatclips(  296): Updating value EXCLUDE_WIDGETS_INPUTS_IN_GPS_EVENTS
V/nofatclips(  296): Updating value EXCLUDE_WIDGETS_INPUTS_IN_SENSORS_EVENTS
V/nofatclips(  296): Updating value INPUTS
D/nofatclips(  296): Updated values of array parameter INPUTS
V/nofatclips(  296): Updating value KEY_EVENTS
V/nofatclips(  296): Updating value MAX_EVENTS_PER_WIDGET
V/nofatclips(  296): Updating value MAX_TASKS_IN_SCHEDULER
V/nofatclips(  296): Updating value MAX_TASKS_PER_EVENT
V/nofatclips(  296): Updating value MENU_EVENTS
V/nofatclips(  296): Updating value ORIENTATION_EVENTS
V/nofatclips(  296): Updating value PLANNER
V/nofatclips(  296): Updating value REFLECT_ACTIVITY_LISTENERS
V/nofatclips(  296): Updating value REFLECT_WIDGETS
V/nofatclips(  296): Updating value SCHEDULER_ALGORITHM
V/nofatclips(  296): Updating value SCROLL_DOWN_EVENT
V/nofatclips(  296): Updating value SENSOR_TYPES
V/nofatclips(  296): Updating value SIMULATE_INCOMING_CALL
V/nofatclips(  296): Updating value SIMULATE_INCOMING_SMS
V/nofatclips(  296): Updating value TAB_EVENTS_START_ONLY
V/nofatclips(  296): Updating value TEST_LOCATION_PROVIDER
V/nofatclips(  296): Updating value TEXT_VALUES_FROM_DICTIONARY
V/nofatclips(  296): Updating value TEXT_VALUES_ID_HASH
D/nofatclips(  296): Updated value of parameter TEXT_VALUES_ID_HASH to true (default = false)
V/nofatclips(  296): Updating value USE_GPS
V/nofatclips(  296): Updating value USE_SENSORS
D/nofatclips(  296): Updating node interactions
D/nofatclips(  296): Loading node interactions
V/nofatclips(  296): Updating value ALL_EVENTS_ON_PREFERENCES
V/nofatclips(  296): Updating value BACK_BUTTON_EVENT
V/nofatclips(  296): Updating value DICTIONARY_FIXED_VALUE
V/nofatclips(  296): Updating value DICTIONARY_IGNORE_CONTENT_TYPES
V/nofatclips(  296): Updating value EMULATOR_PORT
V/nofatclips(  296): Updating value EVENTS
D/nofatclips(  296): Updated values of array parameter EVENTS
V/nofatclips(  296): Updating value EVENT_WHEN_NO_ID
V/nofatclips(  296): Updating value EXCLUDE_WIDGETS_INPUTS_IN_GPS_EVENTS
V/nofatclips(  296): Updating value EXCLUDE_WIDGETS_INPUTS_IN_SENSORS_EVENTS
V/nofatclips(  296): Updating value INPUTS
D/nofatclips(  296): Updated values of array parameter INPUTS
V/nofatclips(  296): Updating value KEY_EVENTS
V/nofatclips(  296): Updating value MAX_EVENTS_PER_WIDGET
V/nofatclips(  296): Updating value MAX_TASKS_IN_SCHEDULER
V/nofatclips(  296): Updating value MAX_TASKS_PER_EVENT
V/nofatclips(  296): Updating value MENU_EVENTS
V/nofatclips(  296): Updating value ORIENTATION_EVENTS
V/nofatclips(  296): Updating value PLANNER
V/nofatclips(  296): Updating value REFLECT_ACTIVITY_LISTENERS
V/nofatclips(  296): Updating value REFLECT_WIDGETS
V/nofatclips(  296): Updating value SCHEDULER_ALGORITHM
V/nofatclips(  296): Updating value SCROLL_DOWN_EVENT
V/nofatclips(  296): Updating value SENSOR_TYPES
V/nofatclips(  296): Updating value SIMULATE_INCOMING_CALL
V/nofatclips(  296): Updating value SIMULATE_INCOMING_SMS
V/nofatclips(  296): Updating value TAB_EVENTS_START_ONLY
V/nofatclips(  296): Updating value TEST_LOCATION_PROVIDER
V/nofatclips(  296): Updating value TEXT_VALUES_FROM_DICTIONARY
V/nofatclips(  296): Updating value TEXT_VALUES_ID_HASH
V/nofatclips(  296): Updating value USE_GPS
V/nofatclips(  296): Updating value USE_SENSORS
D/nofatclips(  296): Updating node comparator
D/nofatclips(  296): Loading node comparator
V/nofatclips(  296): Updating value COMPARATOR
V/nofatclips(  296): Updating value COMPARATOR_TYPE
V/nofatclips(  296): Updating value COMPARE_ACTIVITY_NAME
V/nofatclips(  296): Updating value COMPARE_LIST_COUNT
V/nofatclips(  296): Updating value COMPARE_MENU_COUNT
D/nofatclips(  296): Updated value of parameter COMPARE_MENU_COUNT to false (default = true)
V/nofatclips(  296): Updating value COMPARE_STATE_TITLE
V/nofatclips(  296): Updating value COMPARE_VALUES
V/nofatclips(  296): Updating value WIDGET_TYPES
D/nofatclips(  296): Updating node strategy
D/nofatclips(  296): Loading node strategy
V/nofatclips(  296): Updating value AFTER_EVENT_DONT_EXPLORE
V/nofatclips(  296): Updating value AFTER_WIDGET_DONT_EXPLORE
V/nofatclips(  296): Updating value CHECK_FOR_TRANSITION
V/nofatclips(  296): Updating value EXPLORE_ONLY_NEW_STATES
D/nofatclips(  296): Updated value of parameter EXPLORE_ONLY_NEW_STATES to false (default = true)
V/nofatclips(  296): Updating value MAX_NUM_TRACES
D/nofatclips(  296): Updated value of parameter MAX_NUM_TRACES to 50 (default = 0)
V/nofatclips(  296): Updating value MAX_TIME_CRAWLING
V/nofatclips(  296): Updating value PAUSE_AFTER_TIME
V/nofatclips(  296): Updating value PAUSE_AFTER_TRACES
V/nofatclips(  296): Updating value TRACE_MAX_DEPTH
V/nofatclips(  296): Updating value TRACE_MIN_DEPTH
D/nofatclips(  296): Starting random testing
I/TestRunner(  296): started: testAndCrawl(com.nofatclips.crawler.guitree.NomadEngine)
I/ActivityManager(   61): Starting: Intent { act=android.intent.action.MAIN flg=0x10000000 cmp=org.wordpress.android/.Dashboard } from pid 296
D/szipinf (   61): Initializing inflate state
I//system/bin/fsck_msdos(   29): ** Phase 1 - Read and Compare FATs
I//system/bin/fsck_msdos(   29): Attempting to allocate 998 KB for FAT
W/dalvikvm(  246): threadid=6: spin on suspend #1 threadid=3 (pcf=0)
D/dalvikvm(  246): Temporarily moving tid 248 to fg (was 0)
W/SharedBufferStack(  121): waitForCondition(LockCondition) timed out (identity=3, status=0). CPU may be pegged. trying again.
W/ActivityManager(   61): Activity pause timeout for HistoryRecord{40684b30 com.android.launcher/com.android.launcher2.Launcher}
W/dalvikvm(  246): threadid=6: spin on suspend resolved in 4540 msec
D/dalvikvm(  246): Restored policy of 248 to 0
D/dalvikvm(  296): GC_EXTERNAL_ALLOC freed 404K, 53% free 2739K/5767K, external 716K/1038K, paused 573ms
D/MediaScannerService(  228): start scanning volume internal
D/Eas Debug(  268): Logging: 
D/EAS SyncManager(  268): !!! EAS SyncManager, onDestroy
D/dalvikvm(  296): GC_EXTERNAL_ALLOC freed 120K, 49% free 2953K/5767K, external 1407K/1623K, paused 169ms
I/ActivityManager(   61): Displayed org.wordpress.android/.Dashboard: +3s126ms
I/ARMAssembler(   61): generated scanline__00000177:03515104_00001002_00000000 [ 87 ipp] (110 ins) at [0x46efd6f0:0x46efd8a8] in 593581 ns
D/nofatclips(  296): Generated Resuming Persistence
I/dalvikvm(  296): Could not find method android.app.Activity.getFragmentManager, referenced from method com.jayway.android.robotium.solo.Waiter.getFragment
W/dalvikvm(  296): VFY: unable to resolve virtual method 7: Landroid/app/Activity;.getFragmentManager ()Landroid/app/FragmentManager;
D/dalvikvm(  296): VFY: replacing opcode 0x6e at 0x0008
I/dalvikvm(  296): Could not find method android.app.Activity.getFragmentManager, referenced from method com.jayway.android.robotium.solo.Waiter.getFragment
W/dalvikvm(  296): VFY: unable to resolve virtual method 7: Landroid/app/Activity;.getFragmentManager ()Landroid/app/FragmentManager;
D/dalvikvm(  296): VFY: replacing opcode 0x6e at 0x0017
W/dalvikvm(  296): VFY: unable to find class referenced in signature (Landroid/app/Fragment;)
D/dalvikvm(  296): VFY: dead code 0x000b-000f in Lcom/jayway/android/robotium/solo/Waiter;.getFragment (Ljava/lang/String;I)Landroid/app/Fragment;
D/dalvikvm(  296): VFY: dead code 0x001a-001f in Lcom/jayway/android/robotium/solo/Waiter;.getFragment (Ljava/lang/String;I)Landroid/app/Fragment;
W/dalvikvm(  296): VFY: unable to find class referenced in signature (Landroid/app/Fragment;)
D/dalvikvm(  246): GC_CONCURRENT freed 489K, 54% free 2727K/5831K, external 716K/1038K, paused 2ms+3757ms
D/dalvikvm(  268): GC_CONCURRENT freed 535K, 54% free 2700K/5831K, external 716K/1038K, paused 3ms+4ms
D/Email   (  268): BOOT_COMPLETED
I//system/bin/fsck_msdos(   29): Attempting to allocate 998 KB for FAT
D/nofatclips(  296): Updating node automation
D/nofatclips(  296): Loading node automation
V/nofatclips(  296): Updating value FORCE_RESTART
V/nofatclips(  296): Updating value IN_AND_OUT_FOCUS
V/nofatclips(  296): Updating value PRECRAWLING
V/nofatclips(  296): Updating value SCREENSHOT_FOR_EVENTS
V/nofatclips(  296): Updating value SCREENSHOT_FOR_STATES
V/nofatclips(  296): Updating value SCREENSHOT_ONLY_NEW_STATES
V/nofatclips(  296): Updating value SLEEP_AFTER_EVENT
D/nofatclips(  296): Updated value of parameter SLEEP_AFTER_EVENT to 100 (default = 1000)
V/nofatclips(  296): Updating value SLEEP_AFTER_RESTART
D/nofatclips(  296): Updated value of parameter SLEEP_AFTER_RESTART to 100 (default = 1000)
V/nofatclips(  296): Updating value SLEEP_AFTER_TASK
D/nofatclips(  296): Updated value of parameter SLEEP_AFTER_TASK to 100 (default = 1000)
V/nofatclips(  296): Updating value SLEEP_ON_THROBBER
D/nofatclips(  296): Updated value of parameter SLEEP_ON_THROBBER to 100 (default = 1000)
D/nofatclips(  296): Updating node screenshot
D/nofatclips(  296): Loading node screenshot
V/nofatclips(  296): Updating value FORCE_RESTART
V/nofatclips(  296): Updating value IN_AND_OUT_FOCUS
V/nofatclips(  296): Updating value PRECRAWLING
V/nofatclips(  296): Updating value SCREENSHOT_FOR_EVENTS
V/nofatclips(  296): Updating value SCREENSHOT_FOR_STATES
V/nofatclips(  296): Updating value SCREENSHOT_ONLY_NEW_STATES
V/nofatclips(  296): Updating value SLEEP_AFTER_EVENT
V/nofatclips(  296): Updating value SLEEP_AFTER_RESTART
V/nofatclips(  296): Updating value SLEEP_AFTER_TASK
V/nofatclips(  296): Updating value SLEEP_ON_THROBBER
I/nofatclips(  296): Waiting for 100 msec.
D/EAS SyncManager(  268): !!! EAS SyncManager, onCreate
D/EAS SyncManager(  268): !!! EAS SyncManager, onStartCommand
D/EAS SyncManager(  268): !!! EAS SyncManager, stopping self
D/EAS SyncManager(  268): !!! EAS SyncManager, onDestroy
D/nofatclips(  296): Ready to operate after restarting...
I/nofatclips(  296): Current activity is Dashboard
W/nofatclips(  296): --->Dashboard
D/dalvikvm(  296): GC_CONCURRENT freed 233K, 49% free 2990K/5831K, external 1811K/2323K, paused 4ms+4ms
I/nofatclips(  296): Retrieving widgets
D/nofatclips(  296): Found widget: id=16908290 (android.widget.FrameLayout@405a23f8)
D/nofatclips(  296): Found widget: id=2131165248 (android.widget.RelativeLayout@405a30f8)
D/nofatclips(  296): Found widget: id=2131165249 (android.widget.LinearLayout@405a3760)
D/nofatclips(  296): Found widget: id=-1 (android.widget.ImageView@405a3ca8)
D/nofatclips(  296): Found widget: id=2131165250 (org.wordpress.android.util.WPTitleBar@4059d600)
D/nofatclips(  296): Found widget: id=2131165195 (android.widget.RelativeLayout@4050efe8)
D/nofatclips(  296): Found widget: id=2131165196 (android.widget.RelativeLayout@40569f80)
D/nofatclips(  296): Found widget: id=2131165197 (android.widget.ImageView@4059e880)
D/nofatclips(  296): Found widget: id=2131165198 (android.widget.TextView@405432f8): Katie's Sweet Testing Blog
D/nofatclips(  296): Found widget: id=2131165199 (android.widget.ImageView@4055eb88)
D/nofatclips(  296): Found widget: id=-1 (android.widget.RelativeLayout@4057aee8)
D/nofatclips(  296): Found widget: id=2131165200 (android.widget.ImageButton@4059eda8)
D/nofatclips(  296): Found widget: id=-1 (android.widget.FrameLayout@4057c360)
D/nofatclips(  296): Found widget: id=2131165201 (android.widget.Button@40543cc0): 
D/nofatclips(  296): Found widget: id=2131165202 (android.widget.ImageView@40595210)
D/nofatclips(  296): Found widget: id=2131165203 (android.widget.ImageView@4053e4b8)
D/nofatclips(  296): Found widget: id=2131165204 (android.widget.LinearLayout@4056ab88)
D/nofatclips(  296): Found widget: id=-1 (android.widget.FrameLayout@4059e618)
D/nofatclips(  296): Found widget: id=-1 (android.widget.LinearLayout@40531660)
D/nofatclips(  296): Found widget: id=-1 (android.widget.LinearLayout@4050edf8)
D/nofatclips(  296): Found widget: id=-1 (android.widget.LinearLayout@40530c80)
D/nofatclips(  296): Found widget: id=2131165252 (android.widget.LinearLayout@40531338)
D/nofatclips(  296): Found widget: id=-1 (android.widget.ImageView@40591cb8)
D/nofatclips(  296): Found widget: id=-1 (android.widget.TextView@4056c880): New Post
D/nofatclips(  296): Found widget: id=2131165254 (android.widget.LinearLayout@4059d838)
D/nofatclips(  296): Found widget: id=-1 (android.widget.ImageView@405326a0)
D/nofatclips(  296): Found widget: id=-1 (android.widget.TextView@4056d1b8): New Page
D/nofatclips(  296): Found widget: id=-1 (android.widget.LinearLayout@40532348)
D/nofatclips(  296): Found widget: id=2131165253 (android.widget.LinearLayout@4059f938)
D/nofatclips(  296): Found widget: id=-1 (android.widget.ImageView@40551980)
D/nofatclips(  296): Found widget: id=-1 (android.widget.TextView@405793b0): Quick Photo
D/nofatclips(  296): Found widget: id=2131165255 (android.widget.LinearLayout@40533240)
D/nofatclips(  296): Found widget: id=-1 (android.widget.ImageView@40536bd8)
D/nofatclips(  296): Found widget: id=-1 (android.widget.TextView@40579c20): Quick Video
D/nofatclips(  296): Found widget: id=-1 (android.widget.LinearLayout@40541e78)
D/nofatclips(  296): Found widget: id=-1 (android.widget.LinearLayout@40544280)
D/nofatclips(  296): Found widget: id=2131165256 (android.widget.LinearLayout@40544558)
D/nofatclips(  296): Found widget: id=-1 (android.widget.ImageView@40547fd0)
D/nofatclips(  296): Found widget: id=-1 (android.widget.TextView@4057a2a8): Posts
D/nofatclips(  296): Found widget: id=2131165257 (android.widget.LinearLayout@4056a338)
D/nofatclips(  296): Found widget: id=-1 (android.widget.ImageView@405491c0)
D/nofatclips(  296): Found widget: id=-1 (android.widget.TextView@40538f08): Pages
D/nofatclips(  296): Found widget: id=-1 (android.widget.FrameLayout@40541950)
D/nofatclips(  296): Found widget: id=2131165258 (android.widget.LinearLayout@40545540)
D/nofatclips(  296): Found widget: id=-1 (android.widget.ImageView@4058de60)
D/nofatclips(  296): Found widget: id=-1 (android.widget.TextView@4053aeb8): Comments
D/nofatclips(  296): Found widget: id=2131165259 (android.widget.FrameLayout@4053abc0)
D/nofatclips(  296): Found widget: id=2131165260 (android.widget.ImageView@405421f8)
D/nofatclips(  296): Found widget: id=2131165261 (org.wordpress.android.util.CommentBadgeTextView@4053bed0): 0
D/nofatclips(  296): Found widget: id=-1 (android.widget.LinearLayout@4059b848)
D/nofatclips(  296): Found widget: id=2131165262 (android.widget.LinearLayout@40535be8)
D/nofatclips(  296): Found widget: id=-1 (android.widget.ImageView@40547338)
D/nofatclips(  296): Found widget: id=-1 (android.widget.TextView@405424f0): Settings
D/nofatclips(  296): Found widget: id=2131165263 (android.widget.LinearLayout@405613f8)
D/nofatclips(  296): Found widget: id=2131165264 (android.widget.ImageView@40564318)
D/nofatclips(  296): Found widget: id=2131165265 (android.widget.TextView@40544830): Read
D/nofatclips(  296): Found widget: id=2131165266 (android.widget.LinearLayout@40564d40)
D/nofatclips(  296): Found widget: id=-1 (android.widget.ImageView@40568c10)
D/nofatclips(  296): Found widget: id=-1 (android.widget.TextView@40551588): Stats
D/nofatclips(  296): Found widget: id=-1 (com.android.internal.policy.impl.PhoneWindow$DecorView@405a1af8)
V/nicola  (  296): TextualID : blog_title
V/nicola  (  296): ContentType detected : default
V/nicola  (  296): TextualID : action_refresh
V/nicola  (  296): ContentType detected : default
V/nicola  (  296): TextualID : null
V/nicola  (  296): ContentType detected : default
V/nicola  (  296): TextualID : null
V/nicola  (  296): ContentType detected : default
V/nicola  (  296): TextualID : null
V/nicola  (  296): ContentType detected : default
V/nicola  (  296): TextualID : null
V/nicola  (  296): ContentType detected : default
V/nicola  (  296): TextualID : null
V/nicola  (  296): ContentType detected : default
V/nicola  (  296): TextualID : null
V/nicola  (  296): ContentType detected : default
V/nicola  (  296): TextualID : null
V/nicola  (  296): ContentType detected : default
V/nicola  (  296): TextualID : null
V/nicola  (  296): ContentType detected : default
V/nicola  (  296): TextualID : read_button_text
V/nicola  (  296): ContentType detected : default
V/nicola  (  296): TextualID : null
V/nicola  (  296): ContentType detected : default
I/nofatclips(  296): Attempting to resume previous session
I/nofatclips(  296): Memoryless engine: the task file will not be loaded. Looking for crashed traces.
I/nofatclips(  296): Reading task file
V/nofatclips(  296): Discarding trace #251
I/nofatclips(  296): Stateless comparator: the state file will not be loaded.
D/dalvikvm(  296): GetFieldID: unable to find field Ljava/util/Hashtable;.loadFactor:F
D/dalvikvm(  296): GetFieldID: unable to find field Ljava/util/Hashtable;.loadFactor:F
D/dalvikvm(  296): GetFieldID: unable to find field Ljava/util/Hashtable;.loadFactor:F
D/dalvikvm(  296): GetFieldID: unable to find field Ljava/util/Hashtable;.loadFactor:F
D/dalvikvm(  296): GetFieldID: unable to find field Ljava/util/Hashtable;.loadFactor:F
D/dalvikvm(  296): GetFieldID: unable to find field Ljava/util/Hashtable;.loadFactor:F
D/nofatclips(  296): Backup session footer restored to 
D/nofatclips(  296): </SESSION>
D/nofatclips(  296): Restored random counter to: 266
D/nofatclips(  296): Restored trace count to 253
D/nofatclips(  296): Current step countdown restored to 21
D/nofatclips(  296): Restored abstractor counters to: event = 266 - input = 75 - activity = 30
I/nofatclips(  296): Saving the session on disk.
I//system/bin/fsck_msdos(   29): ** Phase 2 - Check Cluster Chains
D/dalvikvm(  296): GC_CONCURRENT freed 642K, 51% free 3159K/6407K, external 1811K/2323K, paused 2ms+3ms
I/nofatclips(  296): Planning for new Activity Dashboard
D/nofatclips(  296): Handling event 'click' on widget id=2131165200 type=button name=
I/dalvikvm(  296): Jit: resizing JitTable from 512 to 1024
D/nofatclips(  296): Handling event 'click' on widget id=2131165201 type=button name=
D/nofatclips(  296): Handling event 'click' on widget id=2131165204 type=linearLayout name=
D/nofatclips(  296): Handling event 'click' on widget id=2131165252 type=linearLayout name=
D/nofatclips(  296): Handling event 'click' on widget id=2131165254 type=linearLayout name=
D/nofatclips(  296): Handling event 'click' on widget id=2131165253 type=linearLayout name=
I//system/bin/fsck_msdos(   29): ** Phase 3 - Checking Directories
I//system/bin/fsck_msdos(   29): ** Phase 4 - Checking for Lost Files
I//system/bin/fsck_msdos(   29): 3 files, 509980 free (254990 clusters)
D/nofatclips(  296): Handling event 'click' on widget id=2131165255 type=linearLayout name=
I/Vold    (   29): Filesystem check completed OK
I/Vold    (   29): Device /dev/block/vold/179:0, target /mnt/sdcard mounted @ /mnt/secure/staging
D/Vold    (   29): Volume sdcard state changing 3 (Checking) -> 4 (Mounted)
I/PackageManager(   61): Updating external media status from unmounted to mounted
I/StorageNotification(  121): Media {/mnt/sdcard} state changed from {checking} -> {mounted}
D/dalvikvm(  296): GC_CONCURRENT freed 666K, 50% free 3319K/6599K, external 1811K/2323K, paused 3ms+4ms
D/nofatclips(  296): Handling event 'click' on widget id=2131165256 type=linearLayout name=
D/VoldCmdListener(   29): asec list
I/PackageManager(   61): No secure containers on sdcard
D/nofatclips(  296): Handling event 'click' on widget id=2131165257 type=linearLayout name=
W/PackageManager(   61): Unknown permission com.google.android.googleapps.permission.GOOGLE_AUTH.mail in package com.android.contacts
D/nofatclips(  296): Handling event 'click' on widget id=2131165258 type=linearLayout name=
D/nofatclips(  296): Handling event 'click' on widget id=2131165262 type=linearLayout name=
D/nofatclips(  296): Handling event 'click' on widget id=2131165263 type=linearLayout name=
D/nofatclips(  296): Handling event 'click' on widget id=2131165266 type=linearLayout name=
W/PackageManager(   61): Unknown permission android.permission.ADD_SYSTEM_SERVICE in package com.android.phone
I/nofatclips(  296): Created trace to press the menu button
I/nofatclips(  296): Created trace to change orientation
I/nofatclips(  296): Dispatching new task. 2 more tasks remaining.
D/nofatclips(  296): Performing backup of the old task list on disk
D/nofatclips(  296): Saving task list on disk
V/nofatclips(  296): Backing up trace #266 to disk.
D/dalvikvm(  296): GC_CONCURRENT freed 938K, 52% free 3311K/6855K, external 1811K/2323K, paused 4ms+5ms
V/nofatclips(  296): Backing up trace #267 to disk.
D/nofatclips(  296): Deleting backup of the old task list from disk
I/nofatclips(  296): Restarting
W/PackageManager(   61): Not granting permission android.permission.SEND_DOWNLOAD_COMPLETED_INTENTS to package com.android.browser (protectionLevel=2 flags=0x9be45)
W/PackageManager(   61): Unknown permission com.google.android.gm.permission.WRITE_GMAIL in package com.android.settings
W/PackageManager(   61): Unknown permission com.google.android.gm.permission.READ_GMAIL in package com.android.settings
W/PackageManager(   61): Unknown permission com.google.android.googleapps.permission.GOOGLE_AUTH in package com.android.settings
D/dalvikvm(  296): GC_FOR_MALLOC freed 187K, 53% free 3241K/6855K, external 1811K/2323K,