D/nofatclips(  247): Found widget: id=2131165276 (android.widget.RelativeLayout@4063fb70)
D/nofatclips(  247): Found widget: id=2131165277 (android.widget.RelativeLayout@40688838)
D/nofatclips(  247): Found widget: id=2131165278 (android.widget.TextView@40688d98): Location
D/nofatclips(  247): Found widget: id=2131165279 (android.widget.TextView@406f9008): Loading...
D/nofatclips(  247): Found widget: id=2131165280 (android.widget.Button@406f93b8): View Map
D/nofatclips(  247): Found widget: id=2131165281 (android.widget.Button@406f9ba0): Update
D/nofatclips(  247): Found widget: id=2131165282 (android.widget.Button@40696fd8): Remove
D/nofatclips(  247): Found widget: id=2131165283 (android.widget.RelativeLayout@406977b8)
D/nofatclips(  247): Found widget: id=2131165284 (android.widget.TextView@406a4bd8): Settings
D/nofatclips(  247): Found widget: id=2131165285 (android.widget.TextView@406a54a8): Status:
D/nofatclips(  247): Found widget: id=2131165286 (android.widget.Spinner@405ef668)
D/nofatclips(  247): Found widget: id=16908308 (android.widget.TextView@406bdd70): Publish
D/nofatclips(  247): Found widget: id=2131165287 (android.widget.TextView@405aa008): Publish:
D/nofatclips(  247): Found widget: id=2131165288 (android.widget.TextView@405aa548): Immediately
D/nofatclips(  247): Found widget: id=2131165289 (android.widget.Button@405aaa90): Edit
D/nofatclips(  247): Found widget: id=2131165290 (android.widget.TextView@40699690): Post Format:
D/nofatclips(  247): Found widget: id=2131165291 (android.widget.Spinner@40699bd8)
D/nofatclips(  247): Found widget: id=2131165292 (android.widget.EditText@406b3ce8): 
D/nofatclips(  247): Found widget: id=2131165293 (android.widget.Button@4067ce48): Publish
D/nofatclips(  247): Found widget: id=2131165294 (android.widget.RelativeLayout@406bb000)
D/nofatclips(  247): Found widget: id=-1 (android.widget.HorizontalScrollView@406144c8)
D/nofatclips(  247): Found widget: id=-1 (android.widget.RelativeLayout@40614c68)
D/nofatclips(  247): Found widget: id=2131165295 (android.widget.ToggleButton@4068a908): B
D/nofatclips(  247): Found widget: id=2131165296 (android.widget.ToggleButton@4062c828): I 
D/nofatclips(  247): Found widget: id=2131165297 (android.widget.ToggleButton@405a87e8):  U 
D/nofatclips(  247): Found widget: id=2131165298 (android.widget.ToggleButton@405a9748):  ABC 
D/nofatclips(  247): Found widget: id=2131165299 (android.widget.Button@40629be8):  link 
D/nofatclips(  247): Found widget: id=2131165300 (android.widget.ToggleButton@4062a7c8): "
D/nofatclips(  247): Found widget: id=2131165301 (android.widget.Button@4062dd30): More
D/nofatclips(  247): Found widget: id=2131165302 (android.widget.ImageButton@4062e808)
D/nofatclips(  247): Found widget: id=-1 (com.android.internal.policy.impl.PhoneWindow$DecorView@406c7f98)
V/nicola  (  247): TextualID : null
V/nicola  (  247): ContentType detected : default
V/nicola  (  247): TextualID : l_section1
V/nicola  (  247): ContentType detected : default
D/dalvikvm(  247): GC_CONCURRENT freed 916K, 53% free 3525K/7367K, external 2301K/2644K, paused 7ms+10ms
V/ReflectionHelper(  247): android.widget.EditText > mOnFocusChangeListener FOUND | NOT ACTIVE
V/nicola  (  247): TextualID : title
V/nicola  (  247): ContentType detected : default
V/ReflectionHelper(  247): org.wordpress.android.util.WPEditText > mOnFocusChangeListener FOUND | NOT ACTIVE
V/nicola  (  247): TextualID : postContent
V/nicola  (  247): ContentType detected : default
V/nicola  (  247): TextualID : l_status
V/nicola  (  247): ContentType detected : default
V/nicola  (  247): TextualID : statusLabel
V/nicola  (  247): ContentType detected : default
V/nicola  (  247): TextualID : null
V/nicola  (  247): ContentType detected : default
V/nicola  (  247): TextualID : pubDateLabel
V/nicola  (  247): ContentType detected : default
V/nicola  (  247): TextualID : pubDate
V/nicola  (  247): ContentType detected : default
V/nicola  (  247): TextualID : pubDateButton
V/nicola  (  247): ContentType detected : default
V/ReflectionHelper(  247): android.widget.EditText > mOnFocusChangeListener FOUND | NOT ACTIVE
V/nicola  (  247): TextualID : post_password
V/nicola  (  247): ContentType detected : default
V/nicola  (  247): TextualID : post
V/nicola  (  247): ContentType detected : default
I/nofatclips(  247): Performing comparation for activity EditPost
D/nofatclips(  247): Comparing against activity Dashboard
D/nofatclips(  247): Comparing against activity Dashboard
D/nofatclips(  247): Comparing against activity Dashboard
D/nofatclips(  247): Comparing against activity Dashboard
D/nofatclips(  247): Comparing against activity Dashboard
D/nofatclips(  247): Comparing against activity Dashboard
I/nofatclips(  247): Registering activity EditPost (id: a7) as a new found state
D/nofatclips(  247): Performing backup of the old activity list on disk
D/nofatclips(  247): Saving new found state 'a7' on disk
V/nofatclips(  247): Opening state file in append mode.
D/dalvikvm(  247): GC_EXTERNAL_ALLOC freed 456K, 52% free 3544K/7367K, external 2301K/2644K, paused 100ms
I/nofatclips(  247): Saved image on disk: a7.jpg
I/nofatclips(  247): Waiting for 100 msec.
I/nofatclips(  247): Session count is 1. Will dump to disk at 1
I/nofatclips(  247): Saving the session on disk.
I/nofatclips(  247): Planning for new Activity EditPost
D/nofatclips(  247): Handling event selectSpinnerItem for items [1,5] on spinner #2131165286 count=5
D/nofatclips(  247): Handling input 'writeText' on widget id=2131165236 type=editText name=Title
V/nofatclips(  247): Using value: 90
D/nofatclips(  247): Handling input 'writeText' on widget id=2131165270 type=editText name=Content
V/nofatclips(  247): Using value: 8
D/nofatclips(  247): Handling input 'writeText' on widget id=2131165292 type=editText name=Password (optional)
V/nofatclips(  247): Using value: 72
D/nofatclips(  247): Handling input 'writeText' on widget id=2131165236 type=editText name=Title
V/nofatclips(  247): Using value: 90
D/nofatclips(  247): Handling input 'writeText' on widget id=2131165270 type=editText name=Content
V/nofatclips(  247): Using value: 8
D/nofatclips(  247): Handling input 'writeText' on widget id=2131165292 type=editText name=Password (optional)
V/nofatclips(  247): Using value: 72
D/nofatclips(  247): Handling input 'writeText' on widget id=2131165236 type=editText name=Title
V/nofatclips(  247): Using value: 90
D/nofatclips(  247): Handling input 'writeText' on widget id=2131165270 type=editText name=Content
V/nofatclips(  247): Using value: 8
D/nofatclips(  247): Handling input 'writeText' on widget id=2131165292 type=editText name=Password (optional)
V/nofatclips(  247): Using value: 72
D/nofatclips(  247): Handling input 'writeText' on widget id=2131165236 type=editText name=Title
V/nofatclips(  247): Using value: 90
D/nofatclips(  247): Handling input 'writeText' on widget id=2131165270 type=editText name=Content
V/nofatclips(  247): Using value: 8
D/nofatclips(  247): Handling input 'writeText' on widget id=2131165292 type=editText name=Password (optional)
V/nofatclips(  247): Using value: 72
D/nofatclips(  247): Handling input 'writeText' on widget id=2131165236 type=editText name=Title
V/nofatclips(  247): Using value: 90
D/nofatclips(  247): Handling input 'writeText' on widget id=2131165270 type=editText name=Content
V/nofatclips(  247): Using value: 8
D/nofatclips(  247): Handling input 'writeText' on widget id=2131165292 type=editText name=Password (optional)
V/nofatclips(  247): Using value: 72
D/nofatclips(  247): Handling event 'click' on widget id=2131165289 type=button name=Edit
D/nofatclips(  247): Handling input 'writeText' on widget id=2131165236 type=editText name=Title
V/nofatclips(  247): Using value: 90
D/nofatclips(  247): Handling input 'writeText' on widget id=2131165270 type=editText name=Content
V/nofatclips(  247): Using value: 8
D/nofatclips(  247): Handling input 'writeText' on widget id=2131165292 type=editText name=Password (optional)
V/nofatclips(  247): Using value: 72
D/nofatclips(  247): Handling event 'click' on widget id=2131165293 type=button name=Publish
D/nofatclips(  247): Handling input 'writeText' on widget id=2131165236 type=editText name=Title
V/nofatclips(  247): Using value: 90
D/nofatclips(  247): Handling input 'writeText' on widget id=2131165270 type=editText name=Content
V/nofatclips(  247): Using value: 8
D/nofatclips(  247): Handling input 'writeText' on widget id=2131165292 type=editText name=Password (optional)
V/nofatclips(  247): Using value: 72
I/nofatclips(  247): Created trace to press the back button
I/nofatclips(  247): Created trace to press the menu button
I/nofatclips(  247): Created trace to change orientation
D/dalvikvm(  247): GC_CONCURRENT freed 1028K, 52% free 3599K/7367K, external 3501K/3622K, paused 5ms+6ms
I/nofatclips(  247): Check for termination: 44 steps left of 50
I/nofatclips(  247): Dispatching new task. 2 more tasks remaining.
D/nofatclips(  247): Performing backup of the old task list on disk
D/nofatclips(  247): Saving task list on disk
V/nofatclips(  247): Backing up trace #56 to disk.
V/nofatclips(  247): Backing up trace #57 to disk.
D/nofatclips(  247): Deleting backup of the old task list from disk
D/nofatclips(  247): Deleting backup of the old activity list from disk
I/nofatclips(  247): Incrementally Playing Trace 57
D/nofatclips(  247): Setting input: type= writeText id=2131165236 value=90
D/nofatclips(  247): Added to return list id=2131165236
I/nofatclips(  247): Retrieved from return list id=2131165236
D/nofatclips(  247): Testing for type (android.widget.EditText) against the original (android.widget.EditText)
D/nofatclips(  247): Testing for name (Title) against the original (Title)
W/KeyCharacterMap(  247): No keyboard for id 0
W/KeyCharacterMap(  247): Using default keymap: /system/usr/keychars/qwerty.kcm.bin
D/nofatclips(  247): Setting input: type= writeText id=2131165270 value=8
D/nofatclips(  247): Added to return list id=2131165270
I/nofatclips(  247): Retrieved from return list id=2131165270
D/nofatclips(  247): Testing for type (org.wordpress.android.util.WPEditText) against the original (org.wordpress.android.util.WPEditText)
D/nofatclips(  247): Testing for name (Content) against the original (Content)
D/nofatclips(  247): Setting input: type= writeText id=2131165292 value=72
D/nofatclips(  247): Added to return list id=2131165292
I/nofatclips(  247): Retrieved from return list id=2131165292
D/nofatclips(  247): Testing for type (android.widget.EditText) against the original (android.widget.EditText)
D/nofatclips(  247): Testing for name (Password (optional)) against the original (Password (optional))
I/nofatclips(  247): Retrieved from return list id=2131165289
D/nofatclips(  247): Testing for type (android.widget.Button) against the original (android.widget.Button)
D/nofatclips(  247): Testing for name (Edit) against the original (Edit)
I/nofatclips(  247): Firing event: type= click index=32 widget=android.widget.Button
D/nofatclips(  247): Event description: Edit
I/nofatclips(  247): Waiting for 100 msec.
I/nofatclips(  247): Current activity is EditPost
I/nofatclips(  247): Retrieving widgets
D/nofatclips(  247): Found widget: id=16908290 (android.widget.FrameLayout@406776f0)
D/nofatclips(  247): Found widget: id=16908666 (com.android.internal.widget.WeightedLinearLayout@406bf530)
D/nofatclips(  247): Found widget: id=16908667 (android.widget.LinearLayout@406bf7a8)
D/nofatclips(  247): Found widget: id=16908668 (android.widget.LinearLayout@406bf9c8)
D/nofatclips(  247): Found widget: id=16908294 (android.widget.ImageView@406bfc30)
D/nofatclips(  247): Found widget: id=16908669 (com.android.internal.widget.DialogTitle@406c0068): 
D/nofatclips(  247): Found widget: id=16908670 (android.widget.ImageView@406c0618)
D/nofatclips(  247): Found widget: id=16908671 (android.widget.LinearLayout@4060a5d0)
D/nofatclips(  247): Found widget: id=16908672 (android.widget.ScrollView@4060a838)
D/nofatclips(  247): Found widget: id=16908673 (android.widget.FrameLayout@4060b458)
D/nofatclips(  247): Found widget: id=16908331 (android.widget.FrameLayout@4060b6c0)
D/nofatclips(  247): Found widget: id=16908705 (android.widget.DatePicker@406bbf58)
D/nofatclips(  247): Found widget: id=16908701 (android.widget.LinearLayout@406bc320)
D/nofatclips(  247): Found widget: id=16908702 (android.widget.NumberPicker@4065fd28)
D/nofatclips(  247): Found widget: id=16908794 (android.widget.NumberPickerButton@406604a8)
D/nofatclips(  247): Found widget: id=16908795 (android.widget.EditText@40724db0): Jul
D/nofatclips(  247): Found widget: id=16908796 (android.widget.NumberPickerButton@40664e90)
D/nofatclips(  247): Found widget: id=16908703 (android.widget.NumberPicker@4068c390)
D/nofatclips(  247): Found widget: id=16908794 (android.widget.NumberPickerButton@4068c5f0)
D/nofatclips(  247): Found widget: id=16908795 (android.widget.EditText@4068caf8): 25
D/nofatclips(  247): Found widget: id=16908796 (android.widget.NumberPickerButton@405dd2c8)
D/nofatclips(  247): Found widget: id=16908704 (android.widget.NumberPicker@405dd838)
D/nofatclips(  247): Found widget: id=16908794 (android.widget.NumberPickerButton@4070a948)
D/nofatclips(  247): Found widget: id=16908795 (android.widget.EditText@4070ae08): 2014
D/nofatclips(  247): Found widget: id=16908796 (android.widget.NumberPickerButton@40713580)
D/nofatclips(  247): Found widget: id=16908674 (android.widget.LinearLayout@406c2ad0)
D/nofatclips(  247): Found widget: id=-1 (android.widget.LinearLayout@406c2cd0)
D/nofatclips(  247): Found widget: id=16908675 (android.widget.LinearLayout@406c3070)
D/nofatclips(  247): Found widget: id=16908313 (android.widget.Button@406c32d0): Set
D/nofatclips(  247): Found widget: id=16908315 (android.widget.Button@406c3b78): 
D/nofatclips(  247): Found widget: id=16908314 (android.widget.Button@406a2438): Cancel
D/nofatclips(  247): Found widget: id=16908676 (android.widget.LinearLayout@406a2b68)
D/nofatclips(  247): Found widget: id=-1 (com.android.internal.policy.impl.PhoneWindow$DecorView@40677300)
V/ReflectionHelper(  247): android.widget.NumberPicker > mOnFocusChangeListener FOUND | NOT ACTIVE
V/ReflectionHelper(  247): android.widget.EditText > mOnFocusChangeListener FOUND | ACTIVE
V/nicola  (  247): TextualID : null
V/nicola  (  247): ContentType detected : default
V/ReflectionHelper(  247): android.widget.NumberPicker > mOnFocusChangeListener FOUND | NOT ACTIVE
V/ReflectionHelper(  247): android.widget.EditText > mOnFocusChangeListener FOUND | ACTIVE
V/nicola  (  247): TextualID : null
V/nicola  (  247): ContentType detected : number
V/ReflectionHelper(  247): android.widget.NumberPicker > mOnFocusChangeListener FOUND | NOT ACTIVE
V/ReflectionHelper(  247): android.widget.EditText > mOnFocusChangeListener FOUND | ACTIVE
V/nicola  (  247): TextualID : null
V/nicola  (  247): ContentType detected : number
V/nicola  (  247): TextualID : null
V/nicola  (  247): ContentType detected : default
V/nicola  (  247): TextualID : null
V/nicola  (  247): ContentType detected : default
I/nofatclips(  247): Performing comparation for activity EditPost
D/nofatclips(  247): Comparing against activity Dashboard
D/nofatclips(  247): Comparing against activity EditPost
D/nofatclips(  247): Comparing against activity Dashboard
D/nofatclips(  247): Comparing against activity Dashboard
D/nofatclips(  247): Comparing against activity Dashboard
D/nofatclips(  247): Comparing against activity Dashboard
D/nofatclips(  247): Comparing against activity Dashboard
I/nofatclips(  247): Registering activity EditPost (id: a8) as a new found state
D/nofatclips(  247): Performing backup of the old activity list on disk
D/nofatclips(  247): Saving new found state 'a8' on disk
V/nofatclips(  247): Opening state file in append mode.
D/dalvikvm(  247): GC_CONCURRENT freed 1422K, 53% free 3686K/7751K, external 3431K/3622K, paused 9ms+9ms
D/dalvikvm(  247): GC_EXTERNAL_ALLOC freed 65K, 54% free 3621K/7751K, external 3431K/3622K, paused 101ms
I/nofatclips(  247): Saved image on disk: a8.jpg
I/nofatclips(  247): Waiting for 100 msec.
I/nofatclips(  247): Session count is 1. Will dump to disk at 1
I/nofatclips(  247): Saving the session on disk.
I/nofatclips(  247): Planning for new Activity EditPost
D/nofatclips(  247): Handling event 'click' on widget id=16908794 type=button name=
D/nofatclips(  247): Handling event 'focus' on widget id=16908795 type=focusableEditText name=
D/nofatclips(  247): Handling event 'click' on widget id=16908796 type=button name=
D/nofatclips(  247): Handling event 'click' on widget id=16908794 type=button name=
D/nofatclips(  247): Handling event 'focus' on widget id=16908795 type=focusableEditText name=
D/nofatclips(  247): Handling event 'click' on widget id=16908796 type=button name=
D/nofatclips(  247): Handling event 'click' on widget id=16908794 type=button name=
D/nofatclips(  247): Handling event 'focus' on widget id=16908795 type=focusableEditText name=
D/nofatclips(  247): Handling event 'click' on widget id=16908796 type=button name=
D/nofatclips(  247): Handling event 'click' on widget id=16908313 type=button name=Set
D/nofatclips(  247): Handling event 'click' on widget id=16908314 type=button name=Cancel
I/nofatclips(  247): Created trace to press the back button
I/nofatclips(  247): Created trace to press the menu button
I/nofatclips(  247): Created trace to change orientation
D/dalvikvm(  247): GC_CONCURRENT freed 1594K, 54% free 3679K/7879K, external 3784K/4726K, paused 6ms+7ms
I/nofatclips(  247): Check for termination: 43 steps left of 50
I/nofatclips(  247): Dispatching new task. 2 more tasks remaining.
D/nofatclips(  247): Performing backup of the old task list on disk
D/nofatclips(  247): Saving task list on disk
V/nofatclips(  247): Backing up trace #70 to disk.
V/nofatclips(  247): Backing up trace #71 to disk.
D/nofatclips(  247): Deleting backup of the old task list from disk
D/nofatclips(  247): Deleting backup of the old activity list from disk
I/nofatclips(  247): Incrementally Playing Trace 71
I/nofatclips(  247): Retrieved from return list id=16908795
D/nofatclips(  247): Testing for type (android.widget.EditText) against the original (android.widget.EditText)
D/nofatclips(  247): Testing for name () against the original ()
I/nofatclips(  247): Firing event: type= focus index=23 widget=android.widget.EditText
W/KeyCharacterMap(  247): No keyboard for id 0
W/KeyCharacterMap(  247): Using default keymap: /system/usr/keychars/qwerty.kcm.bin
D/nofatclips(  247): Event description: 2014
I/nofatclips(  247): Waiting for 100 msec.
I/nofatclips(  247): Current activity is EditPost
I/nofatclips(  247): Retrieving widgets
D/nofatclips(  247): Found widget: id=-1 (android.widget.TextView$HandleView@405e2d60)
D/nofatclips(  247): Found widget: id=16908290 (android.widget.FrameLayout@406776f0)
D/nofatclips(  247): Found widget: id=16908666 (com.android.internal.widget.WeightedLinearLayout@406bf530)
D/nofatclips(  247): Found widget: id=16908667 (android.widget.LinearLayout@406bf7a8)
D/nofatclips(  247): Found widget: id=16908668 (android.widget.LinearLayout@406bf9c8)
D/nofatclips(  247): Found widget: id=16908294 (android.widget.ImageView@406bfc30)
D/nofatclips(  247): Found widget: id=16908669 (com.android.internal.widget.DialogTitle@406c0068): 
D/nofatclips(  247): Found widget: id=16908670 (android.widget.ImageView@406c0618)
D/nofatclips(  247): Found widget: id=16908671 (android.widget.LinearLayout@4060a5d0)
D/nofatclips(  247): Found widget: id=16908672 (android.widget.ScrollView@4060a838)
D/nofatclips(  247): Found widget: id=16908673 (android.widget.FrameLayout@4060b458)
D/nofatclips(  247): Found widget: id=16908331 (android.widget.FrameLayout@4060b6c0)
D/nofatclips(  247): Found widget: id=16908705 (android.widget.DatePicker@406bbf58)
D/nofatclips(  247): Found widget: id=16908701 (android.widget.LinearLayout@406bc320)
D/nofatclips(  247): Found widget: id=16908702 (android.widget.NumberPicker@4065fd28)
D/nofatclips(  247): Found widget: id=16908794 (android.widget.NumberPickerButton@406604a8)
D/nofatclips(  247): Found widget: id=16908795 (android.widget.EditText@40724db0): Jul
D/nofatclips(  247): Found widget: id=16908796 (android.widget.NumberPickerButton@40664e90)
D/nofatclips(  247): Found widget: id=16908703 (android.widget.NumberPicker@4068c390)
D/nofatclips(  247): Found widget: id=16908794 (android.widget.NumberPickerButton@4068c5f0)
D/nofatclips(  247): Found widget: id=16908795 (android.widget.EditText@4068caf8): 25
D/nofatclips(  247): Found widget: id=16908796 (android.widget.NumberPickerButton@405dd2c8)
D/nofatclips(  247): Found widget: id=16908704 (android.widget.NumberPicker@405dd838)
D/nofatclips(  247): Found widget: id=16908794 (android.widget.NumberPickerButton@4070a948)
D/nofatclips(  247): Found widget: id=16908795 (android.widget.EditText@4070ae08): 2014
D/nofatclips(  247): Found widget: id=16908796 (android.widget.NumberPickerButton@40713580)
D/nofatclips(  247): Found widget: id=16908674 (android.widget.LinearLayout@406c2ad0)
D/nofatclips(  247): Found widget: id=-1 (android.widget.LinearLayout@406c2cd0)
D/nofatclips(  247): Found widget: id=16908675 (android.widget.LinearLayout@406c3070)
D/nofatclips(  247): Found widget: id=16908313 (android.widget.Button@406c32d0): Set
D/nofatclips(  247): Found widget: id=16908315 (android.widget.Button@406c3b78): 
D/nofatclips(  247): Found widget: id=16908314 (android.widget.Button@406a2438): Cancel
D/nofatclips(  247): Found widget: id=16908676 (android.widget.LinearLayout@406a2b68)
D/nofatclips(  247): Found widget: id=-1 (com.android.internal.policy.impl.PhoneWindow$DecorView@40677300)
V/ReflectionHelper(  247): android.widget.NumberPicker > mOnFocusChangeListener FOUND | NOT ACTIVE
V/ReflectionHelper(  247): android.widget.EditText > mOnFocusChangeListener FOUND | ACTIVE
V/nicola  (  247): TextualID : null
V/nicola  (  247): ContentType detected : default
V/ReflectionHelper(  247): android.widget.NumberPicker > mOnFocusChangeListener FOUND | NOT ACTIVE
V/ReflectionHelper(  247): android.widget.EditText > mOnFocusChangeListener FOUND | ACTIVE
V/nicola  (  247): TextualID : null
V/nicola  (  247): ContentType detected : number
V/ReflectionHelper(  247): android.widget.NumberPicker > mOnFocusChangeListener FOUND | NOT ACTIVE
V/ReflectionHelper(  247): android.widget.EditText > mOnFocusChangeListener FOUND | ACTIVE
V/nicola  (  247): TextualID : null
V/nicola  (  247): ContentType detected : number
V/nicola  (  247): TextualID : null
V/nicola  (  247): ContentType detected : default
V/nicola  (  247): TextualID : null
V/nicola  (  247): ContentType detected : default
I/nofatclips(  247): Performing comparation for activity EditPost
D/nofatclips(  247): Comparing against activity EditPost
D/nofatclips(  247): Comparing against activity Dashboard
D/nofatclips(  247): Comparing against activity Dashboard
D/nofatclips(  247): Comparing against activity Dashboard
D/nofatclips(  247): Comparing against activity Dashboard
D/nofatclips(  247): Comparing against activity Dashboard
D/nofatclips(  247): Comparing against activity EditPost
D/nofatclips(  247): Comparing against activity Dashboard
I/nofatclips(  247): Registering activity EditPost (id: a9) as a new found state
D/nofatclips(  247): Performing backup of the old activity list on disk
D/nofatclips(  247): Saving new found state 'a9' on disk
V/nofatclips(  247): Opening state file in append mode.
I/nofatclips(  247): Saved image on disk: a9.jpg
I/nofatclips(  247): Waiting for 100 msec.
I/nofatclips(  247): Session count is 1. Will dump to disk at 1
I/nofatclips(  247): Saving the session on disk.
I/nofatclips(  247): Planning for new Activity EditPost
D/nofatclips(  247): Handling event 'click' on widget id=16908794 type=button name=
D/nofatclips(  247): Handling event 'focus' on widget id=16908795 type=focusableEditText name=
D/nofatclips(  247): Handling event 'click' on widget id=16908796 type=button name=
D/nofatclips(  247): Handling event 'click' on widget id=16908794 type=button name=
D/nofatclips(  247): Handling event 'focus' on widget id=16908795 type=focusableEditText name=
D/nofatclips(  247): Handling event 'click' on widget id=16908796 type=button name=
D/nofatclips(  247): Handling event 'click' on widget id=16908794 type=button name=
D/dalvikvm(  117): GC_EXTERNAL_ALLOC freed 169K, 47% free 3241K/6087K, external 1025K/1038K, paused 442ms
D/nofatclips(  247): Handling event 'focus' on widget id=16908795 type=focusableEditText name=
D/nofatclips(  247): Handling event 'click' on widget id=16908796 type=button name=
D/dalvikvm(  247): GC_CONCURRENT freed 1586K, 53% free 3751K/7943K, external 3453K/4285K, paused 6ms+27ms
D/nofatclips(  247): Handling event 'click' on widget id=16908313 type=button name=Set
D/nofatclips(  247): Handling event 'click' on widget id=16908314 type=button name=Cancel
I/nofatclips(  247): Created trace to press the back button
I/nofatclips(  247): Created trace to press the menu button
I/nofatclips(  247): Created trace to change orientation
I/nofatclips(  247): Check for termination: 42 steps left of 50
I/nofatclips(  247): Dispatching new task. 2 more tasks remaining.
D/nofatclips(  247): Performing backup of the old task list on disk
D/nofatclips(  247): Saving task list on disk
V/nofatclips(  247): Backing up trace #84 to disk.
V/nofatclips(  247): Backing up trace #85 to disk.
D/nofatclips(  247): Deleting backup of the old task list from disk
D/nofatclips(  247): Deleting backup of the old activity list from disk
I/nofatclips(  247): Incrementally Playing Trace 85
I/nofatclips(  247): Retrieved from return list id=16908314
D/nofatclips(  247): Testing for type (android.widget.Button) against the original (android.widget.Button)
D/nofatclips(  247): Testing for name (Cancel) against the original (Cancel)
I/nofatclips(  247): Firing event: type= click index=31 widget=android.widget.Button
D/dalvikvm(  117): GC_EXTERNAL_ALLOC freed 53K, 46% free 3311K/6087K, external 1541K/1551K, paused 205ms
D/dalvikvm(  247): GC_CONCURRENT freed 1588K, 54% free 3724K/7943K, external 3442K/4285K, paused 2ms+13ms
D/dalvikvm(  117): GC_EXTERNAL_ALLOC freed 49K, 45% free 3391K/6087K, external 2057K/2067K, paused 38ms
D/dalvikvm(  117): GC_CONCURRENT freed 45K, 44% free 3461K/6151K, external 2554K/2586K, paused 3ms+26ms
W/KeyCharacterMap(  117): No keyboard for id 0
W/KeyCharacterMap(  117): Using default keymap: /system/usr/keychars/qwerty.kcm.bin
W/KeyCharacterMap(  247): No keyboard for id 0
W/KeyCharacterMap(  247): Using default keymap: /system/usr/keychars/qwerty.kcm.bin
D/dalvikvm(  117): GC_EXTERNAL_ALLOC freed 18K, 44% free 3456K/6151K, external 2546K/2586K, paused 76ms
D/nofatclips(  247): Event description: Cancel
W/InputDispatcher(   61): Permission denied: injecting event from pid 247 uid 10034 to window with input channel 406dac80 InputMethod (server) owned by uid 10004
W/WindowManager(   61): Input event injection permission denied.
I/nofatclips(  247): Saving the session on disk. This is the last batch. The session will be terminated.
D/nofatclips(  247): Performing backup of the old task list on disk
D/nofatclips(  247): Saving task list on disk
V/nofatclips(  247): Backing up trace #84 to disk.
D/nofatclips(  247): Deleting backup of the old task list from disk
D/dalvikvm(  247): GC_EXPLICIT freed 524K, 54% free 3678K/7943K, external 3431K/4285K, paused 220ms
D/dalvikvm(  247): GC_EXPLICIT freed 47K, 55% free 3634K/7943K, external 3431K/4285K, paused 198ms
I/TestRunner(  247): failed: testAndCrawl(com.nofatclips.crawler.guitree.NomadEngine)
I/TestRunner(  247): ----- begin exception -----
W/ActivityManager(   61): Activity pause timeout for HistoryRecord{40706278 org.wordpress.android/.Dashboard}
I/TestRunner(  247): 
I/TestRunner(  247): junit.framework.AssertionFailedError: Click can not be completed!
I/TestRunner(  247): 	at junit.framework.Assert.fail(Assert.java:47)
I/TestRunner(  247): 	at junit.framework.Assert.assertTrue(Assert.java:20)
I/TestRunner(  247): 	at com.jayway.android.robotium.solo.Clicker.clickOnScreen(Clicker.java:91)
I/TestRunner(  247): 	at com.jayway.android.robotium.solo.Clicker.clickOnScreen(Clicker.java:166)
I/TestRunner(  247): 	at com.jayway.android.robotium.solo.Clicker.clickOnScreen(Clicker.java:139)
I/TestRunner(  247): 	at com.jayway.android.robotium.solo.Solo.clickOnView(Solo.java:785)
I/TestRunner(  247): 	at com.nofatclips.crawler.automation.RobotUtilities.click(RobotUtilities.java:51)
I/TestRunner(  247): 	at com.nofatclips.crawler.automation.Automation.injectInteraction(Automation.java:210)
I/TestRunner(  247): 	at com.nofatclips.crawler.automation.Automation.fireEventOnView(Automation.java:197)
I/TestRunner(  247): 	at com.nofatclips.crawler.automation.Automation.fireEvent(Automation.java:139)
I/TestRunner(  247): 	at com.nofatclips.crawler.automation.Automation.process(Automation.java:110)
I/TestRunner(  247): 	at com.nofatclips.crawler.guitree.RandomEngine.process(RandomEngine.java:88)
I/TestRunner(  247): 	at com.nofatclips.crawler.Engine.testAndCrawl(Engine.java:73)
I/TestRunner(  247): 	at java.lang.reflect.Method.invokeNative(Native Method)
I/TestRunner(  247): 	at java.lang.reflect.Method.invoke(Method.java:507)
I/TestRunner(  247): 	at android.test.InstrumentationTestCase.runMethod(InstrumentationTestCase.java:204)
I/TestRunner(  247): 	at android.test.InstrumentationTestCase.runTest(InstrumentationTestCase.java:194)
I/TestRunner(  247): 	at android.test.ActivityInstrumentationTestCase2.runTest(ActivityInstrumentationTestCase2.java:186)
I/TestRunner(  247): 	at junit.framework.TestCase.runBare(TestCase.java:127)
I/TestRunner(  247): 	at junit.framework.TestResult$1.protect(TestResult.java:106)
I/TestRunner(  247): 	at junit.framework.TestResult.runProtected(TestResult.java:124)
I/TestRunner(  247): 	at junit.framework.TestResult.run(TestResult.java:109)
I/TestRunner(  247): 	at junit.framework.TestCase.run(TestCase.java:118)
I/TestRunner(  247): 	at android.test.AndroidTestRunner.runTest(AndroidTestRunner.java:169)
I/TestRunner(  247): 	at android.test.AndroidTestRunner.runTest(AndroidTestRunner.java:154)
I/TestRunner(  247): 	at android.test.InstrumentationTestRunner.onStart(InstrumentationTestRunner.java:529)
I/TestRunner(  247): 	at android.app.Instrumentation$InstrumentationThread.run(Instrumentation.java:1448)
I/TestRunner(  247): ----- end exception -----
I/TestRunner(  247): finished: testAndCrawl(com.nofatclips.crawler.guitree.NomadEngine)
E/InstrumentationTestRunner(  247): Failed to generate emma coverage. Is emma jar on classpath?
E/InstrumentationTestRunner(  247): java.lang.ClassNotFoundException: com.vladium.emma.rt.RT
E/InstrumentationTestRunner(  247): 	at java.lang.Class.classForName(Native Method)
E/InstrumentationTestRunner(  247): 	at java.lang.Class.forName(Class.java:234)
E/InstrumentationTestRunner(  247): 	at java.lang.Class.forName(Class.java:181)
E/InstrumentationTestRunner(  247): 	at android.test.InstrumentationTestRunner.generateCoverageReport(InstrumentationTestRunner.java:578)
E/InstrumentationTestRunner(  247): 	at android.test.InstrumentationTestRunner.onStart(InstrumentationTestRunner.java:545)
E/InstrumentationTestRunner(  247): 	at android.app.Instrumentation$InstrumentationThread.run(Instrumentation.java:1448)
E/InstrumentationTestRunner(  247): Caused by: java.lang.NoClassDefFoundError: com.vladium.emma.rt.RT
E/InstrumentationTestRunner(  247): 	... 6 more
E/InstrumentationTestRunner(  247): Caused by: java.lang.ClassNotFoundException: com.vladium.emma.rt.RT in loader dalvik.system.PathClassLoader[/system/framework/android.test.runner.jar:/data/app/com.nofatclips.crawler-1.apk:/data/app/org.wordpress.android-1.apk]
E/InstrumentationTestRunner(  247): 	at dalvik.system.PathClassLoader.findClass(PathClassLoader.java:240)
E/InstrumentationTestRunner(  247): 	at java.lang.ClassLoader.loadClass(ClassLoader.java:551)
E/InstrumentationTestRunner(  247): 	at java.lang.ClassLoader.loadClass(ClassLoader.java:511)
E/InstrumentationTestRunner(  247): 	... 6 more
D/AndroidRuntime(  192): Shutting down VM
I/ActivityManager(   61): Force stopping package org.wordpress.android uid=10034
I/AndroidRuntime(  192): NOTE: attach of thread 'Binder Thread #3' failed
D/dalvikvm(  192): GC_CONCURRENT freed 111K, 71% free 297K/1024K, external 0K/0K, paused 1ms+2ms
D/jdwp    (  192): adbd disconnected
I/Process (   61): Sending signal. PID: 247 SIG: 9
I/WindowManager(   61): WIN DEATH: Window{40710168 org.wordpress.android/org.wordpress.android.Dashboard paused=false}
E/InputDispatcher(   61): channel '406c2ed0 org.wordpress.android/org.wordpress.android.EditPost (server)' ~ Consumer closed input channel or an error occurred.  events=0x8
E/InputDispatcher(   61): channel '406c2ed0 org.wordpress.android/org.wordpress.android.EditPost (server)' ~ Channel is unrecoverably broken and will be disposed!
I/DEBUG   (   31): debuggerd: Feb  3 2011 14:45:34
D/qemud   (   38): entering main loop
I/Vold    (   29): Vold 2.1 (the revenge) firing up
D/Vold    (   29): USB mass storage support is not enabled in the kernel
D/Vold    (   29): usb_configuration switch is not enabled in the kernel
D/Vold    (   29): Volume sdcard state changing -1 (Initializing) -> 0 (No-Media)
I/Netd    (   30): Netd 1.0 starting
D/Vold    (   29): Volume sdcard state changing 0 (No-Media) -> 1 (Idle-Unmounted)
D/qemud   (   38): fdhandler_accept_event: accepting on fd 9
D/qemud   (   38): created client 0xe078 listening on fd 10
D/qemud   (   38): client_fd_receive: attempting registration for service 'boot-properties'
D/qemud   (   38): client_fd_receive:    -> received channel id 1
D/qemud   (   38): client_registration: registration succeeded for client 1
I/qemu-props(   52): connected to 'boot-properties' qemud service.
I/qemu-props(   52): receiving..
I/qemu-props(   52): received: dalvik.vm.heapsize=64m
I/qemu-props(   52): receiving..
I/qemu-props(   52): received: ro.config.low_ram=true
I/qemu-props(   52): receiving..
I/qemu-props(   52): received: qemu.sf.lcd_density=160
I/qemu-props(   52): receiving..
I/qemu-props(   52): received: qemu.hw.mainkeys=0
I/qemu-props(   52): receiving..
I/qemu-props(   52): received: qemu.sf.fake_camera=none
I/qemu-props(   52): receiving..
D/qemud   (   38): fdhandler_event: disconnect on fd 10
I/qemu-props(   52): exiting (5 properties set).
D/qemud   (   38): fdhandler_accept_event: accepting on fd 9
D/qemud   (   38): created client 0xe078 listening on fd 10
D/qemud   (   38): fdhandler_event: disconnect on fd 10
D/qemud   (   38): fdhandler_accept_event: accepting on fd 9
D/qemud   (   38): created client 0xe078 listening on fd 10
D/qemud   (   38): client_fd_receive: attempting registration for service 'gsm'
D/qemud   (   38): client_fd_receive:    -> received channel id 2
D/qemud   (   38): client_registration: registration succeeded for client 2
D/AndroidRuntime(   33): 
D/AndroidRuntime(   33): >>>>>> AndroidRuntime START com.android.internal.os.ZygoteInit <<<<<<
D/AndroidRuntime(   33): CheckJNI is ON
I/        (   34): ServiceManager: 0xad50
D/AudioHardwareInterface(   34): setMode(NORMAL)
I/CameraService(   34): CameraService started (pid=34)
I/AudioFlinger(   34): AudioFlinger's thread 0xc658 ready to run
I/SamplingProfilerIntegration(   33): Profiler is disabled.
I/Zygote  (   33): Preloading classes...
E/Zygote  (   33): setreuid() failed. errno: 2
D/dalvikvm(   33): GC_EXPLICIT freed 47K, 78% free 234K/1024K, external 0K/0K, paused 8ms
D/dalvikvm(   33): GC_EXPLICIT freed 1K, 73% free 284K/1024K, external 0K/0K, paused 4ms
D/dalvikvm(   33): GC_EXPLICIT freed 22K, 69% free 318K/1024K, external 0K/0K, paused 5ms
D/dalvikvm(   33): GC_EXPLICIT freed 17K, 66% free 356K/1024K, external 0K/0K, paused 5ms
D/dalvikvm(   33): GC_EXPLICIT freed 26K, 63% free 385K/1024K, external 0K/0K, paused 5ms
D/dalvikvm(   33): GC_EXPLICIT freed 20K, 57% free 441K/1024K, external 0K/0K, paused 4ms
W/MediaProfiles(   33): could not find media config xml file
D/dalvikvm(   33): GC_EXPLICIT freed 99K, 47% free 547K/1024K, external 0K/0K, paused 7ms
D/dalvikvm(   33): GC_EXPLICIT freed 272K, 28% free 885K/1219K, external 0K/0K, paused 11ms
D/dalvikvm(   33): GC_EXPLICIT freed 21K, 24% free 932K/1219K, external 0K/0K, paused 11ms
D/RenderScript_jni(   33): RenderScript JNI library not found!
D/dalvikvm(   33): GC_EXPLICIT freed 25K, 19% free 999K/1219K, external 0K/0K, paused 14ms
D/dalvikvm(   33): GC_EXPLICIT freed 47K, 5% free 1281K/1347K, external 0K/0K, paused 16ms
D/dalvikvm(   33): GC_EXPLICIT freed 24K, 3% free 1311K/1347K, external 0K/0K, paused 23ms
D/dalvikvm(   33): GC_EXPLICIT freed 28K, 6% free 1336K/1411K, external 0K/0K, paused 17ms
D/dalvikvm(   33): GC_EXPLICIT freed 14K, 3% free 1377K/1411K, external 0K/0K, paused 17ms
D/dalvikvm(   33): GC_EXPLICIT freed 28K, 5% free 1402K/1475K, external 0K/0K, paused 17ms
D/dalvikvm(   33): GC_EXPLICIT freed 28K, 3% free 1439K/1475K, external 0K/0K, paused 18ms
D/dalvikvm(   33): GC_EXPLICIT freed 38K, 6% free 1457K/1539K, external 0K/0K, paused 21ms
D/dalvikvm(   33): GC_EXPLICIT freed 40K, 5% free 1471K/1539K, external 0K/0K, paused 18ms
D/dalvikvm(   33): GC_EXPLICIT freed 55K, 8% free 1485K/1603K, external 0K/0K, paused 19ms
D/dalvikvm(   33): GC_FOR_MALLOC freed 2954K, 58% free 2168K/5123K, external 0K/0K, paused 55ms
D/dalvikvm(   33): GC_EXPLICIT freed 1403K, 55% free 2310K/5123K, external 0K/0K, paused 38ms
D/dalvikvm(   33): GC_EXPLICIT freed 148K, 54% free 2373K/5123K, external 0K/0K, paused 30ms
D/dalvikvm(   33): GC_EXPLICIT freed 73K, 54% free 2398K/5123K, external 0K/0K, paused 30ms
D/dalvikvm(   33): GC_EXPLICIT freed 36K, 53% free 2416K/5123K, external 0K/0K, paused 31ms
D/dalvikvm(   33): GC_EXPLICIT freed 31K, 53% free 2439K/5123K, external 0K/0K, paused 30ms
D/dalvikvm(   33): GC_EXPLICIT freed 38K, 52% free 2462K/5123K, external 0K/0K, paused 30ms
I/Zygote  (   33): ...preloaded 1830 classes in 6129ms.
E/Zygote  (   33): setreuid() failed. errno: 17
D/dalvikvm(   33): GC_EXPLICIT freed 18K, 52% free 2460K/5123K, external 0K/0K, paused 29ms
I/Zygote  (   33): Preloading resources...
D/dalvikvm(   33): GC_EXTERNAL_ALLOC freed <1K, 52% free 2462K/5123K, external 0K/0K, paused 30ms
W/Zygote  (   33): Preloaded drawable resource #0x1080093 (res/drawable-mdpi/sym_def_app_icon.png) that varies with configuration!!
W/Zygote  (   33): Preloaded drawable resource #0x1080002 (res/drawable-mdpi/arrow_down_float.png) that varies with configuration!!
W/Zygote  (   33): Preloaded drawable resource #0x10800b4 (res/drawable/btn_check.xml) that varies with configuration!!
W/Zygote  (   33): Preloaded drawable resource #0x10800b7 (res/drawable-mdpi/btn_check_label_background.9.png) that varies with configuration!!
W/Zygote  (   33): Preloaded drawable resource #0x10800b8 (res/drawable-mdpi/btn_check_off.png) that varies with configuration!!
W/Zygote  (   33): Preloaded drawable resource #0x10800bd (res/drawable-mdpi/btn_check_on.png) that varies with configuration!!
W/Zygote  (   33): Preloaded drawable resource #0x1080004 (res/drawable/btn_default.xml) that varies with configuration!!
W/Zygote  (   33): Preloaded drawable resource #0x1080005 (res/drawable/btn_default_small.xml) that varies with configuration!!
W/Zygote  (   33): Preloaded drawable resource #0x1080006 (res/drawable/btn_dropdown.xml) that varies with configuration!!
W/Zygote  (   33): Preloaded drawable resource #0x1080008 (res/drawable/btn_plus.xml) that varies with configuration!!
W/Zygote  (   33): Preloaded drawable resource #0x1080007 (res/drawable/btn_minus.xml) that varies with configuration!!
W/Zygote  (   33): Preloaded drawable resource #0x1080009 (res/drawable/btn_radio.xml) that varies with configuration!!
W/Zygote  (   33): Preloaded drawable resource #0x108000a (res/drawable/btn_star.xml) that varies with configuration!!
D/dalvikvm(   33): GC_EXPLICIT freed 25K, 52% free 2499K/5123K, external 408K/521K, paused 30ms
W/Zygote  (   33): Preloaded drawable resource #0x1080132 (res/drawable/btn_toggle.xml) that varies with configuration!!
W/Zygote  (   33): Preloaded drawable resource #0x1080196 (res/drawable-mdpi/ic_emergency.png) that varies with configuration!!
W/Zygote  (   33): Preloaded drawable resource #0x1080012 (res/drawable-mdpi/divider_horizontal_bright.9.png) that varies with configuration!!
W/Zygote  (   33): Preloaded drawable resource #0x1080014 (res/drawable-mdpi/divider_horizontal_dark.9.png) that varies with configuration!!
W/Zygote  (   33): Preloaded drawable resource #0x1080016 (res/drawable/edit_text.xml) that varies with configuration!!
W/Zygote  (   33): Preloaded drawable resource #0x1080170 (res/drawable/expander_group.xml) that varies with configuration!!
W/Zygote  (   33): Preloaded drawable resource #0x1080062 (res/drawable/list_selector_background.xml) that varies with configuration!!
W/Zygote  (   33): Preloaded drawable resource #0x108022a (res/drawable-mdpi/menu_background.9.png) that varies with configuration!!
W/Zygote  (   33): Preloaded drawable resource #0x108022b (res/drawable-mdpi/menu_background_fill_parent_width.9.png) that varies with configuration!!
W/Zygote  (   33): Preloaded drawable resource #0x108022c (res/drawable/menu_selector.xml) that varies with configuration!!
D/dalvikvm(   33): GC_EXTERNAL_ALLOC freed 16K, 51% free 2512K/5123K, external 516K/521K, paused 31ms
W/Zygote  (   33): Preloaded drawable resource #0x108023a (res/drawable-mdpi/panel_background.9.png) that varies with configuration!!
W/Zygote  (   33): Preloaded drawable resource #0x1080242 (res/drawable-mdpi/popup_bottom_bright.9.png) that varies with configuration!!
W/Zygote  (   33): Preloaded drawable resource #0x1080243 (res/drawable-mdpi/popup_bottom_dark.9.png) that varies with configuration!!
W/Zygote  (   33): Preloaded drawable resource #0x1080244 (res/drawable-mdpi/popup_bottom_medium.9.png) that varies with configuration!!
W/Zygote  (   33): Preloaded drawable resource #0x1080245 (res/drawable-mdpi/popup_center_bright.9.png) that varies with configuration!!
W/Zygote  (   33): Preloaded drawable resource #0x1080246 (res/drawable-mdpi/popup_center_dark.9.png) that varies with configuration!!
W/Zygote  (   33): Preloaded drawable resource #0x1080249 (res/drawable-mdpi/popup_full_dark.9.png) that varies with configuration!!
W/Zygote  (   33): Preloaded drawable resource #0x108024c (res/drawable-mdpi/popup_top_bright.9.png) that varies with configuration!!
W/Zygote  (   33): Preloaded drawable resource #0x108024d (res/drawable-mdpi/popup_top_dark.9.png) that varies with configuration!!
W/Zygote  (   33): Preloaded drawable resource #0x108006d (res/drawable/progress_indeterminate_horizontal.xml) that varies with configuration!!
W/Zygote  (   33): Preloaded drawable resource #0x1080253 (res/drawable/progress_small.xml) that varies with configuration!!
W/Zygote  (   33): Preloaded drawable resource #0x1080254 (res/drawable/progress_small_titlebar.xml) that varies with configuration!!
W/Zygote  (   33): Preloaded drawable resource #0x1080274 (res/drawable-mdpi/scrollbar_handle_horizontal.9.png) that varies with configuration!!
W/Zygote  (   33): Preloaded drawable resource #0x1080275 (res/drawable-mdpi/scrollbar_handle_vertical.9.png) that varies with configuration!!
D/dalvikvm(   33): GC_EXPLICIT freed 15K, 51% free 2524K/5123K, external 585K/1038K, paused 30ms
W/Zygote  (   33): Preloaded drawable resource #0x1080071 (res/drawable/spinner_dropdown_background.xml) that varies with configuration!!
W/Zygote  (   33): Preloaded drawable resource #0x1080312 (res/drawable-mdpi/text_select_handle_left.png) that varies with configuration!!
W/Zygote  (   33): Preloaded drawable resource #0x1080313 (res/drawable-mdpi/text_select_handle_middle.png) that varies with configuration!!
W/Zygote  (   33): Preloaded drawable resource #0x1080314 (res/drawable-mdpi/text_select_handle_right.png) that varies with configuration!!
W/Zygote  (   33): Preloaded drawable resource #0x1080335 (res/drawable-mdpi/title_bar_shadow.9.png) that varies with configuration!!
W/Zygote  (   33): Preloaded drawable resource #0x10801d8 (res/drawable-mdpi/indicator_code_lock_drag_direction_green_up.png) that varies with configuration!!
W/Zygote  (   33): Preloaded drawable resource #0x10801d9 (res/drawable-mdpi/indicator_code_lock_drag_direction_red_up.png) that varies with configuration!!
W/Zygote  (   33): Preloaded drawable resource #0x10801da (res/drawable-mdpi/indicator_code_lock_point_area_default.png) that varies with configuration!!
W/Zygote  (   33): Preloaded drawable resource #0x10801db (res/drawable-mdpi/indicator_code_lock_point_area_green.png) that varies with configuration!!
W/Zygote  (   33): Preloaded drawable resource #0x10801dc (res/drawable-mdpi/indicator_code_lock_point_area_red.png) that varies with configuration!!
I/Zygote  (   33): ...preloaded 51 resources in 453ms.
I/Zygote  (   33): ...preloaded 15 resources in 13ms.
D/dalvikvm(   33): GC_EXPLICIT freed 23K, 51% free 2533K/5123K, external 716K/1038K, paused 31ms
D/dalvikvm(   33): GC_EXPLICIT freed 6K, 51% free 2526K/5123K, external 716K/1038K, paused 32ms
D/dalvikvm(   33): GC_EXPLICIT freed <1K, 51% free 2526K/5123K, external 716K/1038K, paused 31ms
I/dalvikvm(   33): System server process 61 has been created
I/Zygote  (   33): Accepting command socket connections
E/BatteryService(   61): usbOnlinePath not found
E/BatteryService(   61): batteryVoltagePath not found
E/BatteryService(   61): batteryTemperaturePath not found
I/sysproc (   61): Entered system_init()
I/sysproc (   61): ServiceManager: 0x93138
I/SurfaceFlinger(   61): SurfaceFlinger is starting
I/SurfaceFlinger(   61): SurfaceFlinger's main thread ready to run. Initializing graphics H/W...
E/SurfaceFlinger(   61): Couldn't open /sys/power/wait_for_fb_sleep or /sys/power/wait_for_fb_wake
I/gralloc (   61): using (fd=26)
I/gralloc (   61): id           = 
I/gralloc (   61): xres         = 320 px
I/gralloc (   61): yres         = 480 px
I/gralloc (   61): xres_virtual = 320 px
I/gralloc (   61): yres_virtual = 960 px
I/gralloc (   61): bpp          = 16
I/gralloc (   61): r            = 11:5
I/gralloc (   61): g            =  5:6
I/gralloc (   61): b            =  0:5
I/gralloc (   61): width        = 49 mm (165.877548 dpi)
I/gralloc (   61): height       = 74 mm (164.756760 dpi)
I/gralloc (   61): refresh rate = 60.00 Hz
D/libEGL  (   61): egl.cfg not found, using default config
D/libEGL  (   61): loaded /system/lib/egl/libGLES_android.so
I/SurfaceFlinger(   61): EGL informations:
I/SurfaceFlinger(   61): # of configs : 8
I/SurfaceFlinger(   61): vendor    : Android
I/SurfaceFlinger(   61): version   : 1.4 Android META-EGL
I/SurfaceFlinger(   61): extensions: EGL_KHR_image EGL_KHR_image_base EGL_KHR_image_pixmap EGL_ANDROID_image_native_buffer EGL_ANDROID_swap_rectangle 
I/SurfaceFlinger(   61): Client API: OpenGL ES
I/SurfaceFlinger(   61): EGLSurface: 5-6-5-0, config=0x0
I/SurfaceFlinger(   61): OpenGL informations:
I/SurfaceFlinger(   61): vendor    : Android
I/SurfaceFlinger(   61): renderer  : Android PixelFlinger 1.4
I/SurfaceFlinger(   61): version   : OpenGL ES-CM 1.0
I/SurfaceFlinger(   61): extensions: GL_OES_byte_coordinates GL_OES_fixed_point GL_OES_single_precision GL_OES_read_format GL_OES_compressed_paletted_texture GL_OES_draw_texture GL_OES_matrix_get GL_OES_query_matrix GL_OES_EGL_image GL_OES_compressed_ETC1_RGB8_texture GL_ARB_texture_compression GL_ARB_texture_non_power_of_two GL_ANDROID_user_clip_plane GL_ANDROID_vertex_buffer_object GL_ANDROID_generate_mipmap 
I/SurfaceFlinger(   61): GL_MAX_TEXTURE_SIZE = 4096
I/SurfaceFlinger(   61): GL_MAX_VIEWPORT_DIMS = 4096
I/SurfaceFlinger(   61): flags = 000c0000
D/SensorService(   61): nuSensorService starting...
E/SensorService(   61): couldn't open device for module sensors (Invalid argument)
I/sysproc (   61): System server: starting Android runtime.
I/sysproc (   61): System server: starting Android services.
I/SystemServer(   61): Entered the Android system server!
I/sysproc (   61): System server: entering thread pool.
I/SystemServer(   61): Entropy Service
I/SystemServer(   61): Power Manager
I/SystemServer(   61): Activity Manager
I/ActivityManager(   61): Memory class: 64
W/UsageStats(   61): Usage stats version changed; dropping
D/libEGL  (   73): egl.cfg not found, using default config
D/libEGL  (   73): loaded /system/lib/egl/libGLES_android.so
I/SystemServer(   61): Telephony Registry
I/SystemServer(   61): Package Manager
I/Installer(   61): connecting...
W/zipro   (   73): Unable to open zip '/data/local/bootanimation.zip': No such file or directory
W/zipro   (   73): Unable to open zip '/system/media/bootanimation.zip': No such file or directory
I/installd(   35): new connection
I/ARMAssembler(   61): generated scanline__00000077:03010104_00000004_00000000 [ 22 ipp] (41 ins) at [0x46efd1e8:0x46efd28c] in 3672677 ns
I/ARMAssembler(   73): generated scanline__00000077:03545404_00000A01_00000000 [ 30 ipp] (51 ins) at [0x403461e8:0x403462b4] in 1603695 ns
D/dalvikvm(   61): GC_CONCURRENT freed 171K, 50% free 2823K/5639K, external 716K/1038K, paused 3ms+4ms
