W/PackageManager(   68): Not granting permission android.permission.DEVICE_POWER to package com.android.deskclock (protectionLevel=2 flags=0x8be45)
I/DownloadManager(  261): Upgrading downloads database from version 0 to version 106, which will destroy all old data
D/dalvikvm(  220): GC_EXTERNAL_ALLOC freed 144K, 50% free 2898K/5703K, external 6691K/6692K, paused 35ms
D/dalvikvm(  220): GC_EXPLICIT freed 43K, 50% free 2864K/5703K, external 6498K/8115K, paused 29ms
I/ActivityManager(   68): Start proc com.android.music for broadcast com.android.music/.MediaAppWidgetProvider: pid=303 uid=10005 gids={3003, 1015}
D/installd(   35): DexInv: --- BEGIN '/system/app/Music.apk' ---
D/dalvikvm(  311): DexOpt: load 95ms, verify+opt 288ms
D/installd(   35): DexInv: --- END '/system/app/Music.apk' (success) ---
D/OtaStartupReceiver(  146): Not a CDMA phone, no need to process OTA
I/RecoverySystem(   68): No recovery log file
I/ActivityManager(   68): Start proc com.android.mms for broadcast com.android.mms/.transaction.MmsSystemEventReceiver: pid=314 uid=10015 gids={3003, 1015}
D/installd(   35): DexInv: --- BEGIN '/system/app/Mms.apk' ---
D/dalvikvm(  324): DexOpt: load 181ms, verify+opt 877ms
D/installd(   35): DexInv: --- END '/system/app/Mms.apk' (success) ---
I/ActivityThread(  314): Pub com.android.mms.SuggestionsProvider: com.android.mms.SuggestionsProvider
I/ActivityManager(   68): Start proc com.android.email for broadcast com.android.email/.service.EmailBroadcastReceiver: pid=337 uid=10028 gids={3003, 1015}
D/installd(   35): DexInv: --- BEGIN '/system/app/Email.apk' ---
D/MediaScannerService(  261): start scanning volume internal
D/dalvikvm(  146): GREF has increased to 201
D/dalvikvm(  346): DexOpt: load 199ms, verify+opt 1310ms
D/installd(   35): DexInv: --- END '/system/app/Email.apk' (success) ---
I/ActivityThread(  337): Pub com.android.email.provider: com.android.email.provider.EmailProvider
I/ActivityThread(  337): Pub com.android.email.attachmentprovider: com.android.email.provider.AttachmentProvider
I/ActivityThread(  337): Pub com.android.exchange.provider: com.android.exchange.provider.ExchangeProvider
D/EAS SyncManager(  337): !!! EAS SyncManager, onCreate
D/Eas Debug(  337): Logging: 
D/EmailProvider(  337): Creating EmailProvider database
D/EAS SyncManager(  337): !!! EAS SyncManager, onDestroy
D/Email   (  337): BOOT_COMPLETED
I/Email   (  337): Onetime initialization: 1
I/Email   (  337): Onetime initialization: completed.
D/EmailProvider(  337): Creating EmailProviderBody database
I/MediaProvider(  261): Upgrading media database from version 63 to 93, which will destroy all old data
I/dalvikvm(   68): Jit: resizing JitTable from 512 to 1024
D/EAS SyncManager(  337): !!! EAS SyncManager, onCreate
D/EAS SyncManager(  337): !!! EAS SyncManager, onStartCommand
D/EAS SyncManager(  337): !!! EAS SyncManager, stopping self
D/EAS SyncManager(  337): !!! EAS SyncManager, onDestroy
E/MetadataRetrieverClient(   34): failed to extract an album art
D/MediaScanner(  261):  prescan time: 907ms
D/MediaScanner(  261):     scan time: 157ms
D/MediaScanner(  261): postscan time: 1ms
D/MediaScanner(  261):    total time: 1065ms
D/MediaScannerService(  261): done scanning volume internal
D/MediaScannerService(  261): start scanning volume external
V/MediaProvider(  261): /mnt/sdcard volume ID: 367016733
I/MediaProvider(  261): Upgrading media database from version 63 to 93, which will destroy all old data
V/MediaProvider(  261): Attached volume: external
V/MediaScanner(  261): pruneDeadThumbnailFiles... android.database.sqlite.SQLiteCursor@405d42b0
V/MediaScanner(  261): /pruneDeadThumbnailFiles... android.database.sqlite.SQLiteCursor@405d42b0
D/MediaScanner(  261):  prescan time: 21ms
D/MediaScanner(  261):     scan time: 1ms
D/MediaScanner(  261): postscan time: 7ms
D/MediaScanner(  261):    total time: 29ms
D/MediaScannerService(  261): done scanning volume external
D/dalvikvm(   68): GC_CONCURRENT freed 965K, 60% free 4153K/10375K, external 3125K/3903K, paused 9ms+4ms
E/ThrottleService(   68): Error reading data file
D/AndroidRuntime(  364): 
D/AndroidRuntime(  364): >>>>>> AndroidRuntime START com.android.internal.os.RuntimeInit <<<<<<
D/AndroidRuntime(  364): CheckJNI is ON
D/AndroidRuntime(  364): Calling main entry com.android.commands.pm.Pm
I/ActivityManager(   68): Start proc com.android.defcontainer for service com.android.defcontainer/.DefaultContainerService: pid=372 uid=10003 gids={1015, 2001}
D/installd(   35): DexInv: --- BEGIN '/system/app/DefaultContainerService.apk' ---
D/dalvikvm(  380): DexOpt: load 15ms, verify+opt 33ms
D/installd(   35): DexInv: --- END '/system/app/DefaultContainerService.apk' (success) ---
D/dalvikvm(  372): GC_EXPLICIT freed 293K, 54% free 2561K/5511K, external 1625K/2137K, paused 53ms
W/ActivityManager(   68): No content provider found for: 
W/ActivityManager(   68): No content provider found for: 
D/PackageParser(   68): Scanning package: /data/app/vmdl233421517.tmp
D/PackageManager(   68): Scanning package org.tomdroid
I/PackageManager(   68): Unpacking native libraries for /data/app/org.tomdroid-1.apk
D/installd(   35): DexInv: --- BEGIN '/data/app/org.tomdroid-1.apk' ---
D/dalvikvm(  384): DexOpt: load 80ms, verify+opt 549ms
D/installd(   35): DexInv: --- END '/data/app/org.tomdroid-1.apk' (success) ---
D/PackageManager(   68): Registered content provider: org.tomdroid.util.SearchSuggestionProvider, className = org.tomdroid.util.SearchSuggestionProvider, isSyncable = false
D/PackageManager(   68): Registered content provider: org.tomdroid.notes, className = org.tomdroid.NoteProvider, isSyncable = false
D/PackageManager(   68):   Providers: org.tomdroid.util.SearchSuggestionProvider org.tomdroid.NoteProvider
D/PackageManager(   68):   Activities: org.tomdroid.ui.Tomdroid org.tomdroid.ui.ViewNote org.tomdroid.ui.Search org.tomdroid.ui.PreferencesActivity
D/PackageManager(   68):   Instrumentation: android.test.InstrumentationTestRunner
I/ActivityManager(   68): Force stopping package org.tomdroid uid=10034
I/installd(   35): move /data/dalvik-cache/data@app@org.tomdroid-1.apk@classes.dex -> /data/dalvik-cache/data@app@org.tomdroid-1.apk@classes.dex
D/PackageManager(   68): New package installed in /data/app/org.tomdroid-1.apk
I/ActivityManager(   68): Start proc com.svox.pico for broadcast com.svox.pico/.VoiceDataInstallerReceiver: pid=385 uid=10009 gids={}
W/RecognitionManagerService(   68): no available voice recognition services found
D/installd(   35): DexInv: --- BEGIN '/system/app/PicoTts.apk' ---
D/dalvikvm(  394): DexOpt: load 25ms, verify+opt 29ms
D/installd(   35): DexInv: --- END '/system/app/PicoTts.apk' (success) ---
I/ActivityThread(  385): Pub com.svox.pico.providers.SettingsProvider: com.svox.pico.providers.SettingsProvider
D/dalvikvm(   68): GC_EXPLICIT freed 927K, 59% free 4263K/10375K, external 3125K/3903K, paused 51ms
D/AndroidRuntime(  364): Shutting down VM
D/dalvikvm(  364): GC_CONCURRENT freed 100K, 72% free 293K/1024K, external 0K/0K, paused 1ms+0ms
D/jdwp    (  364): adbd disconnected
D/AndroidRuntime(  400): 
D/AndroidRuntime(  400): >>>>>> AndroidRuntime START com.android.internal.os.RuntimeInit <<<<<<
D/AndroidRuntime(  400): CheckJNI is ON
D/AndroidRuntime(  400): Calling main entry com.android.commands.pm.Pm
D/dalvikvm(  372): GC_EXPLICIT freed 39K, 54% free 2539K/5511K, external 1625K/2137K, paused 42ms
W/ActivityManager(   68): No content provider found for: 
W/ActivityManager(   68): No content provider found for: 
D/PackageParser(   68): Scanning package: /data/app/vmdl1278259076.tmp
D/PackageManager(   68): Scanning package com.nofatclips.crawler
I/PackageManager(   68): Unpacking native libraries for /data/app/com.nofatclips.crawler-1.apk
D/installd(   35): DexInv: --- BEGIN '/data/app/com.nofatclips.crawler-1.apk' ---
D/dalvikvm(  409): DexOpt: load 45ms, verify+opt 381ms
D/installd(   35): DexInv: --- END '/data/app/com.nofatclips.crawler-1.apk' (success) ---
D/PackageManager(   68):   Activities: it.unina.android.hardware.intent.CaptureImageIntent it.unina.android.hardware.intent.RecordVideoIntent
D/PackageManager(   68):   Instrumentation: android.test.InstrumentationTestRunner
I/ActivityManager(   68): Force stopping package com.nofatclips.crawler uid=10035
I/installd(   35): move /data/dalvik-cache/data@app@com.nofatclips.crawler-1.apk@classes.dex -> /data/dalvik-cache/data@app@com.nofatclips.crawler-1.apk@classes.dex
D/PackageManager(   68): New package installed in /data/app/com.nofatclips.crawler-1.apk
W/RecognitionManagerService(   68): no available voice recognition services found
D/dalvikvm(   68): GC_EXPLICIT freed 579K, 60% free 4211K/10375K, external 3125K/3903K, paused 82ms
D/AndroidRuntime(  400): Shutting down VM
D/dalvikvm(  400): GC_CONCURRENT freed 100K, 72% free 293K/1024K, external 0K/0K, paused 1ms+1ms
D/jdwp    (  400): adbd disconnected
D/dalvikvm(  277): GC_EXPLICIT freed 502K, 55% free 2591K/5703K, external 1625K/2137K, paused 131ms
I/InputReader(   68): Device reconfigured: id=0x0, name=qwerty2, display size is now 480x800
I/InputManager-Callbacks(   68): No virtual keys found for device qwerty2.
I/ActivityManager(   68): Starting: Intent { act=android.intent.action.MAIN cat=[android.intent.category.LAUNCHER] flg=0x10200000 cmp=org.tomdroid/.ui.Tomdroid } from pid 220
I/ActivityManager(   68): Start proc org.tomdroid for activity org.tomdroid/.ui.Tomdroid: pid=426 uid=10034 gids={3003, 1015}
I/ActivityThread(  426): Pub org.tomdroid.notes: org.tomdroid.NoteProvider
I/ARMAssembler(   68): generated scanline__00000177:03515104_00001002_00000000 [ 87 ipp] (110 ins) at [0x445ee520:0x445ee6d8] in 4788652 ns
I/System.out(  426): EMMA: collecting runtime coverage data ...
I/ActivityThread(  426): Pub org.tomdroid.util.SearchSuggestionProvider: org.tomdroid.util.SearchSuggestionProvider
D/dalvikvm(  426): GC_EXTERNAL_ALLOC freed 318K, 53% free 2698K/5639K, external 1807K/2137K, paused 39ms
I/Tomdroid(  426): Tomdroid is first run.
V/FirstNote(  426): Creating first note
D/dalvikvm(  426): GREF has increased to 201
I/ActivityManager(   68): Displayed org.tomdroid/.ui.Tomdroid: +1s486ms
I/ARMAssembler(   68): generated scanline__00000177:03515104_00001001_00000000 [ 91 ipp] (114 ins) at [0x445ee6e0:0x445ee8a8] in 417166 ns
D/dalvikvm(  220): GC_EXPLICIT freed 41K, 49% free 2911K/5703K, external 7820K/8065K, paused 49ms
D/AndroidRuntime(  447): 
D/AndroidRuntime(  447): >>>>>> AndroidRuntime START com.android.internal.os.RuntimeInit <<<<<<
D/AndroidRuntime(  447): CheckJNI is ON
D/AndroidRuntime(  447): Calling main entry com.android.commands.am.Am
I/ActivityManager(   68): Force stopping package org.tomdroid uid=10034
I/Process (   68): Sending signal. PID: 426 SIG: 9
I/WindowManager(   68): WIN DEATH: Window{4081ef18 org.tomdroid/org.tomdroid.ui.Tomdroid paused=false}
I/ActivityManager(   68): Start proc org.tomdroid for added application org.tomdroid: pid=455 uid=10034 gids={3003, 1015}
D/dalvikvm(   33): GC_EXPLICIT freed 11K, 53% free 2531K/5379K, external 1625K/2137K, paused 71ms
D/dalvikvm(   33): GC_EXPLICIT freed <1K, 53% free 2531K/5379K, external 1625K/2137K, paused 56ms
D/dalvikvm(   33): GC_EXPLICIT freed <1K, 53% free 2531K/5379K, external 1625K/2137K, paused 68ms
W/InputManagerService(   68): Got RemoteException sending setActive(false) notification to pid 426 uid 10034
D/nofatclips(  455): Updating node 
D/nofatclips(  455): Loading node 
I/nofatclips(  455): Preferences file found.
V/nofatclips(  455): Updating value ACTIVITY_DESCRIPTION_IN_SESSION
V/nofatclips(  455): Updating value ADDITIONAL_CRITERIAS
V/nofatclips(  455): Updating value ADDITIONAL_EVENTS
V/nofatclips(  455): Updating value ADDITIONAL_INPUTS
V/nofatclips(  455): Updating value CLASS_NAME
D/nofatclips(  455): Updated value of parameter CLASS_NAME to org.tomdroid.ui.Tomdroid (default = app.package.class)
V/nofatclips(  455): Updating value ENABLE_RESUME
V/nofatclips(  455): Updating value PACKAGE_NAME
D/nofatclips(  455): Updated value of parameter PACKAGE_NAME to org.tomdroid (default = app.package)
V/nofatclips(  455): Updating value RANDOM_SEED
D/nofatclips(  455): Updated value of parameter RANDOM_SEED to 5781813763305627829 (default = 5466516511651561651)
V/nofatclips(  455): Updating value RETRY_FAILED_TRACES
V/nofatclips(  455): Updating value theClass
I/System.out(  455): EMMA: collecting runtime coverage data ...
D/nofatclips(  455): Updating node scheduler
D/nofatclips(  455): Loading node scheduler
V/nofatclips(  455): Updating value ALL_EVENTS_ON_PREFERENCES
V/nofatclips(  455): Updating value BACK_BUTTON_EVENT
V/nofatclips(  455): Updating value DICTIONARY_FIXED_VALUE
V/nofatclips(  455): Updating value DICTIONARY_IGNORE_CONTENT_TYPES
V/nofatclips(  455): Updating value EMULATOR_PORT
V/nofatclips(  455): Updating value EVENTS
D/nofatclips(  455): Updated values of array parameter EVENTS
V/nofatclips(  455): Updating value EVENT_WHEN_NO_ID
V/nofatclips(  455): Updating value EXCLUDE_WIDGETS_INPUTS_IN_GPS_EVENTS
V/nofatclips(  455): Updating value EXCLUDE_WIDGETS_INPUTS_IN_SENSORS_EVENTS
V/nofatclips(  455): Updating value INPUTS
D/nofatclips(  455): Updated values of array parameter INPUTS
V/nofatclips(  455): Updating value KEY_EVENTS
V/nofatclips(  455): Updating value MAX_EVENTS_PER_WIDGET
V/nofatclips(  455): Updating value MAX_TASKS_IN_SCHEDULER
D/nofatclips(  455): Updated value of parameter MAX_TASKS_IN_SCHEDULER to 2 (default = 0)
V/nofatclips(  455): Updating value MAX_TASKS_PER_EVENT
V/nofatclips(  455): Updating value MENU_EVENTS
V/nofatclips(  455): Updating value ORIENTATION_EVENTS
V/nofatclips(  455): Updating value PLANNER
V/nofatclips(  455): Updating value REFLECT_ACTIVITY_LISTENERS
V/nofatclips(  455): Updating value REFLECT_WIDGETS
V/nofatclips(  455): Updating value SCHEDULER_ALGORITHM
D/nofatclips(  455): Updated value of parameter SCHEDULER_ALGORITHM to DEPTH_FIRST (default = BREADTH_FIRST)
V/nofatclips(  455): Updating value SCROLL_DOWN_EVENT
V/nofatclips(  455): Updating value SENSOR_TYPES
V/nofatclips(  455): Updating value SIMULATE_INCOMING_CALL
V/nofatclips(  455): Updating value SIMULATE_INCOMING_SMS
V/nofatclips(  455): Updating value TAB_EVENTS_START_ONLY
V/nofatclips(  455): Updating value TEST_LOCATION_PROVIDER
V/nofatclips(  455): Updating value TEXT_VALUES_FROM_DICTIONARY
V/nofatclips(  455): Updating value TEXT_VALUES_ID_HASH
V/nofatclips(  455): Updating value USE_GPS
V/nofatclips(  455): Updating value USE_SENSORS
D/nofatclips(  455): Updating node planner
D/nofatclips(  455): Loading node planner
V/nofatclips(  455): Updating value ALL_EVENTS_ON_PREFERENCES
V/nofatclips(  455): Updating value BACK_BUTTON_EVENT
V/nofatclips(  455): Updating value DICTIONARY_FIXED_VALUE
V/nofatclips(  455): Updating value DICTIONARY_IGNORE_CONTENT_TYPES
V/nofatclips(  455): Updating value EMULATOR_PORT
V/nofatclips(  455): Updating value EVENTS
D/nofatclips(  455): Updated values of array parameter EVENTS
V/nofatclips(  455): Updating value EVENT_WHEN_NO_ID
V/nofatclips(  455): Updating value EXCLUDE_WIDGETS_INPUTS_IN_GPS_EVENTS
V/nofatclips(  455): Updating value EXCLUDE_WIDGETS_INPUTS_IN_SENSORS_EVENTS
V/nofatclips(  455): Updating value INPUTS
D/nofatclips(  455): Updated values of array parameter INPUTS
V/nofatclips(  455): Updating value KEY_EVENTS
V/nofatclips(  455): Updating value MAX_EVENTS_PER_WIDGET
D/nofatclips(  455): Updated value of parameter MAX_EVENTS_PER_WIDGET to 15 (default = 0)
V/nofatclips(  455): Updating value MAX_TASKS_IN_SCHEDULER
V/nofatclips(  455): Updating value MAX_TASKS_PER_EVENT
V/nofatclips(  455): Updating value MENU_EVENTS
V/nofatclips(  455): Updating value ORIENTATION_EVENTS
V/nofatclips(  455): Updating value PLANNER
V/nofatclips(  455): Updating value REFLECT_ACTIVITY_LISTENERS
V/nofatclips(  455): Updating value REFLECT_WIDGETS
V/nofatclips(  455): Updating value SCHEDULER_ALGORITHM
V/nofatclips(  455): Updating value SCROLL_DOWN_EVENT
V/nofatclips(  455): Updating value SENSOR_TYPES
V/nofatclips(  455): Updating value SIMULATE_INCOMING_CALL
V/nofatclips(  455): Updating value SIMULATE_INCOMING_SMS
V/nofatclips(  455): Updating value TAB_EVENTS_START_ONLY
V/nofatclips(  455): Updating value TEST_LOCATION_PROVIDER
V/nofatclips(  455): Updating value TEXT_VALUES_FROM_DICTIONARY
V/nofatclips(  455): Updating value TEXT_VALUES_ID_HASH
D/nofatclips(  455): Updated value of parameter TEXT_VALUES_ID_HASH to true (default = false)
V/nofatclips(  455): Updating value USE_GPS
V/nofatclips(  455): Updating value USE_SENSORS
D/nofatclips(  455): Updating node interactions
D/nofatclips(  455): Loading node interactions
V/nofatclips(  455): Updating value ALL_EVENTS_ON_PREFERENCES
V/nofatclips(  455): Updating value BACK_BUTTON_EVENT
V/nofatclips(  455): Updating value DICTIONARY_FIXED_VALUE
V/nofatclips(  455): Updating value DICTIONARY_IGNORE_CONTENT_TYPES
V/nofatclips(  455): Updating value EMULATOR_PORT
V/nofatclips(  455): Updating value EVENTS
D/nofatclips(  455): Updated values of array parameter EVENTS
V/nofatclips(  455): Updating value EVENT_WHEN_NO_ID
V/nofatclips(  455): Updating value EXCLUDE_WIDGETS_INPUTS_IN_GPS_EVENTS
V/nofatclips(  455): Updating value EXCLUDE_WIDGETS_INPUTS_IN_SENSORS_EVENTS
V/nofatclips(  455): Updating value INPUTS
D/nofatclips(  455): Updated values of array parameter INPUTS
V/nofatclips(  455): Updating value KEY_EVENTS
V/nofatclips(  455): Updating value MAX_EVENTS_PER_WIDGET
V/nofatclips(  455): Updating value MAX_TASKS_IN_SCHEDULER
V/nofatclips(  455): Updating value MAX_TASKS_PER_EVENT
V/nofatclips(  455): Updating value MENU_EVENTS
V/nofatclips(  455): Updating value ORIENTATION_EVENTS
V/nofatclips(  455): Updating value PLANNER
V/nofatclips(  455): Updating value REFLECT_ACTIVITY_LISTENERS
V/nofatclips(  455): Updating value REFLECT_WIDGETS
V/nofatclips(  455): Updating value SCHEDULER_ALGORITHM
V/nofatclips(  455): Updating value SCROLL_DOWN_EVENT
V/nofatclips(  455): Updating value SENSOR_TYPES
V/nofatclips(  455): Updating value SIMULATE_INCOMING_CALL
V/nofatclips(  455): Updating value SIMULATE_INCOMING_SMS
V/nofatclips(  455): Updating value TAB_EVENTS_START_ONLY
V/nofatclips(  455): Updating value TEST_LOCATION_PROVIDER
V/nofatclips(  455): Updating value TEXT_VALUES_FROM_DICTIONARY
V/nofatclips(  455): Updating value TEXT_VALUES_ID_HASH
V/nofatclips(  455): Updating value USE_GPS
V/nofatclips(  455): Updating value USE_SENSORS
D/nofatclips(  455): Updating node comparator
D/nofatclips(  455): Loading node comparator
V/nofatclips(  455): Updating value COMPARATOR
V/nofatclips(  455): Updating value COMPARATOR_TYPE
V/nofatclips(  455): Updating value COMPARE_ACTIVITY_NAME
V/nofatclips(  455): Updating value COMPARE_LIST_COUNT
V/nofatclips(  455): Updating value COMPARE_MENU_COUNT
D/nofatclips(  455): Updated value of parameter COMPARE_MENU_COUNT to false (default = true)
V/nofatclips(  455): Updating value COMPARE_STATE_TITLE
V/nofatclips(  455): Updating value COMPARE_VALUES
V/nofatclips(  455): Updating value WIDGET_TYPES
D/nofatclips(  455): Updating node strategy
D/nofatclips(  455): Loading node strategy
V/nofatclips(  455): Updating value AFTER_EVENT_DONT_EXPLORE
V/nofatclips(  455): Updating value AFTER_WIDGET_DONT_EXPLORE
V/nofatclips(  455): Updating value CHECK_FOR_TRANSITION
V/nofatclips(  455): Updating value EXPLORE_ONLY_NEW_STATES
D/nofatclips(  455): Updated value of parameter EXPLORE_ONLY_NEW_STATES to false (default = true)
V/nofatclips(  455): Updating value MAX_NUM_TRACES
D/nofatclips(  455): Updated value of parameter MAX_NUM_TRACES to 15 (default = 0)
V/nofatclips(  455): Updating value MAX_TIME_CRAWLING
V/nofatclips(  455): Updating value PAUSE_AFTER_TIME
V/nofatclips(  455): Updating value PAUSE_AFTER_TRACES
V/nofatclips(  455): Updating value TRACE_MAX_DEPTH
V/nofatclips(  455): Updating value TRACE_MIN_DEPTH
D/nofatclips(  455): Starting random testing
I/ActivityThread(  455): Pub org.tomdroid.notes: org.tomdroid.NoteProvider
I/ActivityThread(  455): Pub org.tomdroid.util.SearchSuggestionProvider: org.tomdroid.util.SearchSuggestionProvider
I/TestRunner(  455): started: testAndCrawl(com.nofatclips.crawler.guitree.NomadEngine)
I/ActivityManager(   68): Starting: Intent { act=android.intent.action.MAIN flg=0x10000000 cmp=org.tomdroid/.ui.Tomdroid } from pid 455
D/dalvikvm(  455): GC_EXTERNAL_ALLOC freed 662K, 55% free 2823K/6151K, external 1807K/2137K, paused 47ms
I/ActivityManager(   68): Displayed org.tomdroid/.ui.Tomdroid: +882ms
D/nofatclips(  455): Generated Resuming Persistence
I/dalvikvm(  455): Could not find method android.app.Activity.getFragmentManager, referenced from method com.jayway.android.robotium.solo.Waiter.getFragment
W/dalvikvm(  455): VFY: unable to resolve virtual method 7: Landroid/app/Activity;.getFragmentManager ()Landroid/app/FragmentManager;
D/dalvikvm(  455): VFY: replacing opcode 0x6e at 0x0008
I/dalvikvm(  455): Could not find method android.app.Activity.getFragmentManager, referenced from method com.jayway.android.robotium.solo.Waiter.getFragment
W/dalvikvm(  455): VFY: unable to resolve virtual method 7: Landroid/app/Activity;.getFragmentManager ()Landroid/app/FragmentManager;
D/dalvikvm(  455): VFY: replacing opcode 0x6e at 0x0017
W/dalvikvm(  455): VFY: unable to find class referenced in signature (Landroid/app/Fragment;)
D/dalvikvm(  455): VFY: dead code 0x000b-000f in Lcom/jayway/android/robotium/solo/Waiter;.getFragment (Ljava/lang/String;I)Landroid/app/Fragment;
D/dalvikvm(  455): VFY: dead code 0x001a-001f in Lcom/jayway/android/robotium/solo/Waiter;.getFragment (Ljava/lang/String;I)Landroid/app/Fragment;
E/dalvikvm(  455): Could not find class 'android.support.v4.app.FragmentActivity', referenced from method com.jayway.android.robotium.solo.Waiter.getSupportFragment
W/dalvikvm(  455): VFY: unable to resolve check-cast 49 (Landroid/support/v4/app/FragmentActivity;) in Lcom/jayway/android/robotium/solo/Waiter;
D/dalvikvm(  455): VFY: replacing opcode 0x1f at 0x0009
I/dalvikvm(  455): Could not find method android.support.v4.app.FragmentActivity.getSupportFragmentManager, referenced from method com.jayway.android.robotium.solo.Waiter.getSupportFragment
W/dalvikvm(  455): VFY: unable to resolve virtual method 110: Landroid/support/v4/app/FragmentActivity;.getSupportFragmentManager ()Landroid/support/v4/app/FragmentManager;
D/dalvikvm(  455): VFY: replacing opcode 0x6e at 0x0010
I/dalvikvm(  455): Could not find method android.support.v4.app.FragmentActivity.getSupportFragmentManager, referenced from method com.jayway.android.robotium.solo.Waiter.getSupportFragment
W/dalvikvm(  455): VFY: unable to resolve virtual method 110: Landroid/support/v4/app/FragmentActivity;.getSupportFragmentManager ()Landroid/support/v4/app/FragmentManager;
D/dalvikvm(  455): VFY: replacing opcode 0x6e at 0x0019
W/dalvikvm(  455): VFY: unable to find class referenced in signature (Landroid/support/v4/app/Fragment;)
D/dalvikvm(  455): VFY: dead code 0x000b-000b in Lcom/jayway/android/robotium/solo/Waiter;.getSupportFragment (Ljava/lang/String;I)Landroid/support/v4/app/Fragment;
D/dalvikvm(  455): VFY: dead code 0x0013-0017 in Lcom/jayway/android/robotium/solo/Waiter;.getSupportFragment (Ljava/lang/String;I)Landroid/support/v4/app/Fragment;
D/dalvikvm(  455): VFY: dead code 0x001c-0021 in Lcom/jayway/android/robotium/solo/Waiter;.getSupportFragment (Ljava/lang/String;I)Landroid/support/v4/app/Fragment;
W/dalvikvm(  455): VFY: unable to find class referenced in signature (Landroid/support/v4/app/Fragment;)
W/dalvikvm(  455): VFY: unable to find class referenced in signature (Landroid/app/Fragment;)
W/dalvikvm(  455): VFY: unable to find class referenced in signature (Landroid/support/v4/app/Fragment;)
D/nofatclips(  455): Updating node automation
D/nofatclips(  455): Loading node automation
V/nofatclips(  455): Updating value FORCE_RESTART
V/nofatclips(  455): Updating value IN_AND_OUT_FOCUS
V/nofatclips(  455): Updating value PRECRAWLING
V/nofatclips(  455): Updating value SCREENSHOT_FOR_EVENTS
D/nofatclips(  455): Updated value of parameter SCREENSHOT_FOR_EVENTS to false (default = true)
V/nofatclips(  455): Updating value SCREENSHOT_FOR_STATES
D/nofatclips(  455): Updated value of parameter SCREENSHOT_FOR_STATES to false (default = true)
V/nofatclips(  455): Updating value SCREENSHOT_ONLY_NEW_STATES
V/nofatclips(  455): Updating value SLEEP_AFTER_EVENT
V/nofatclips(  455): Updating value SLEEP_AFTER_RESTART
V/nofatclips(  455): Updating value SLEEP_AFTER_TASK
V/nofatclips(  455): Updating value SLEEP_ON_THROBBER
D/nofatclips(  455): Updating node screenshot
D/nofatclips(  455): Loading node screenshot
V/nofatclips(  455): Updating value FORCE_RESTART
V/nofatclips(  455): Updating value IN_AND_OUT_FOCUS
V/nofatclips(  455): Updating value PRECRAWLING
V/nofatclips(  455): Updating value SCREENSHOT_FOR_EVENTS
V/nofatclips(  455): Updating value SCREENSHOT_FOR_STATES
V/nofatclips(  455): Updating value SCREENSHOT_ONLY_NEW_STATES
V/nofatclips(  455): Updating value SLEEP_AFTER_EVENT
V/nofatclips(  455): Updating value SLEEP_AFTER_RESTART
V/nofatclips(  455): Updating value SLEEP_AFTER_TASK
V/nofatclips(  455): Updating value SLEEP_ON_THROBBER
I/nofatclips(  455): Waiting for 1 sec.
D/nofatclips(  455): Ready to operate after restarting...
I/nofatclips(  455): Current activity is ui.Tomdroid
W/nofatclips(  455): --->ui.Tomdroid
I/nofatclips(  455): Retrieving widgets
D/nofatclips(  455): Found widget: id=16908290 (android.widget.FrameLayout@405f3b20)
D/nofatclips(  455): Found widget: id=-1 (android.widget.LinearLayout@405f4788)
D/nofatclips(  455): Found widget: id=2131296262 (org.tomdroid.ui.Actionbar@405f5288)
D/nofatclips(  455): Found widget: id=2131296257 (android.widget.ImageView@405f62b8)
D/nofatclips(  455): Found widget: id=2131296258 (android.widget.TextView@405f7890): Tomdroid
D/nofatclips(  455): Found widget: id=2131296259 (android.widget.ImageView@405f86d8)
D/nofatclips(  455): Found widget: id=2131296260 (android.widget.ImageView@405f9638)
D/nofatclips(  455): Found widget: id=2131296261 (android.widget.ImageView@405f9ae8)
D/nofatclips(  455): Found widget: id=16908298 (android.widget.ListView@405fab60)
D/nofatclips(  455): Found widget: id=-1 (android.widget.TwoLineListItem@40510180)
D/nofatclips(  455): Found widget: id=2131296264 (android.widget.TextView@405333c0): Tomdroid's first note
D/nofatclips(  455): Found widget: id=2131296265 (android.widget.TextView@4055bf60): Modified: 10/9/2010, 8:50 PM
D/nofatclips(  455): Found widget: id=2131296263 (android.widget.TextView@405329f8): There are no notes in Tomdroid's database.
D/nofatclips(  455): Found widget: id=-1 (com.android.internal.policy.impl.PhoneWindow$DecorView@405f3220)
V/nicola  (  455): TextualID : title
V/nicola  (  455): ContentType detected : default
V/ReflectionHelper(  455): android.widget.ListView > mOnFocusChangeListener FOUND | NOT ACTIVE
V/nicola  (  455): TextualID : note_title
V/nicola  (  455): ContentType detected : default
V/nicola  (  455): TextualID : note_date
V/nicola  (  455): ContentType detected : default
D/nofatclips(  455): No session to resume: GUI Tree not found. Will start from scratch.
I/nofatclips(  455): Starting a new session
D/nofatclips(  455): Saving new found state 'a1' on disk
V/nofatclips(  455): Opening state file in overwrite mode.
I/nofatclips(  455): Planning for new Activity Tomdroid
D/nofatclips(  455): Handling event 'click' on widget id=2131296257 type=image name=
D/nofatclips(  455): Handling event 'click' on widget id=2131296259 type=image name=
D/nofatclips(  455): Handling event selectListItem for items [1,1] on listView #16908298 count=1
D/nofatclips(  455): Handling event longClickListItem for items [1,1] on listView #16908298 count=1
I/nofatclips(  455): Created trace to press the menu button
I/nofatclips(  455): Created trace to change orientation
I/nofatclips(  455): Dispatching new task. 2 more tasks remaining.
D/nofatclips(  455): Saving task list on disk
V/nofatclips(  455): Backing up trace #4 to disk.
V/nofatclips(  455): Backing up trace #5 to disk.
I/nofatclips(  455): Restarting
I/nofatclips(  455): Waiting for 1 sec.
D/nofatclips(  455): Ready to operate after restarting...
I/nofatclips(  455): Retrieving widgets
D/nofatclips(  455): Found widget: id=16908290 (android.widget.FrameLayout@405f3b20)
D/nofatclips(  455): Found widget: id=-1 (android.widget.LinearLayout@405f4788)
D/nofatclips(  455): Found widget: id=2131296262 (org.tomdroid.ui.Actionbar@405f5288)
D/nofatclips(  455): Found widget: id=2131296257 (android.widget.ImageView@405f62b8)
D/nofatclips(  455): Found widget: id=2131296258 (android.widget.TextView@405f7890): Tomdroid
D/nofatclips(  455): Found widget: id=2131296259 (android.widget.ImageView@405f86d8)
D/nofatclips(  455): Found widget: id=2131296260 (android.widget.ImageView@405f9638)
D/nofatclips(  455): Found widget: id=2131296261 (android.widget.ImageView@405f9ae8)
D/nofatclips(  455): Found widget: id=16908298 (android.widget.ListView@405fab60)
D/nofatclips(  455): Found widget: id=-1 (android.widget.TwoLineListItem@40510180)
D/nofatclips(  455): Found widget: id=2131296264 (android.widget.TextView@405333c0): Tomdroid's first note
D/nofatclips(  455): Found widget: id=2131296265 (android.widget.TextView@4055bf60): Modified: 10/9/2010, 8:50 PM
D/nofatclips(  455): Found widget: id=2131296263 (android.widget.TextView@405329f8): There are no notes in Tomdroid's database.
D/nofatclips(  455): Found widget: id=-1 (com.android.internal.policy.impl.PhoneWindow$DecorView@405f3220)
I/nofatclips(  455): Playing Trace 5
I/nofatclips(  455): Retrieved from return list id=16908298
D/nofatclips(  455): Testing for type (android.widget.ListView) against the original (android.widget.ListView)
D/nofatclips(  455): Testing for name () against the original ()
I/nofatclips(  455): Firing event: type= selectListItem index=8 widget=android.widget.ListView
I/nofatclips(  455): Swapping to listview item 1
D/nofatclips(  455): Event description: Tomdroid's first note
I/nofatclips(  455): Waiting for 1 sec.
I/ActivityManager(   68): Starting: Intent { act=android.intent.action.VIEW dat=content://org.tomdroid.notes/notes/1 cmp=org.tomdroid/.ui.ViewNote } from pid 455
I/ActivityManager(   68): Displayed org.tomdroid/.ui.ViewNote: +394ms
I/nofatclips(  455): Current activity is ui.ViewNote
I/nofatclips(  455): Retrieving widgets
D/nofatclips(  455): Found widget: id=16908290 (android.widget.FrameLayout@4065bc28)
D/nofatclips(  455): Found widget: id=-1 (android.widget.LinearLayout@4065c6a0)
D/nofatclips(  455): Found widget: id=2131296262 (org.tomdroid.ui.Actionbar@4065ca70)
D/nofatclips(  455): Found widget: id=2131296257 (android.widget.ImageView@4065d640)
D/nofatclips(  455): Found widget: id=2131296258 (android.widget.TextView@4065e880): Tomdroid's first note
D/nofatclips(  455): Found widget: id=2131296259 (android.widget.ImageView@4065f618)
D/nofatclips(  455): Found widget: id=2131296260 (android.widget.ImageView@40660320)
D/nofatclips(  455): Found widget: id=2131296261 (android.widget.ImageView@40660748)
D/nofatclips(  455): Found widget: id=2131296266 (android.widget.ScrollView@40660e48)
D/nofatclips(  455): Found widget: id=2131296267 (android.widget.LinearLayout@40661920)
D/nofatclips(  455): Found widget: id=2131296268 (android.widget.TextView@40661b88): Tomdroid's first note
D/nofatclips(  455): 
D/nofatclips(  455): Welcome to Tomdroid!
D/nofatclips(  455): 
D/nofatclips(  455): You have no notes here yet. To get started, set your Synchronization preferences under Settings. There are two synchronization options described below.
D/nofatclips(  455): 
D/nofatclips(  455): Warning: Changing synchronization service will empty your note list.
D/nofatclips(  455): 
D/nofatclips(  455): Tomboy Web
D/nofatclips(  455): Tomboy Web is what you are looking for if you want to sync to Tomboy-Online, Ubuntu One, your own Snowy server or any server supporting the Tomboy Web REST API.
D/nofatclips(  455): 
D/nofatclips(  455): To use it, set Sync Service to Tomboy Web in preferences then  provide a Server URL. Here are some of the public ones:
D/nofatclips(  455): Tomboy Online - https://edge.tomboy-online.org/
D/nofatclips(  455): Ubuntu One - https://one.ubuntu.com/notes
D/nofatclips(  455): 
D/nofatclips(  455): Once set, hit the Sync logo on Tomdroid's top bar to synchronize your notes.
D/nofatclips(  455): 
D/nofatclips(  455): SD Card
D/nofatclips(  455): Put your Tomboy notes (*.note) on your SD Card under tomdroid/. The notes can be found in ~/.local/share/tomboy/ on Linux. Once the notes are copied, set Sync Service to SD Card in preferences then hit the Sync logo on Tomdroid's top bar.
D/nofatclips(  455): 
D/nofatclips(  455): See http://live.gnome.org/Tomboy/Directories for the notes' location on other platforms.
D/nofatclips(  455): 
D/nofatclips(  455): Back to Tomdroid
D/nofatclips(  455): 
D/nofatclips(  455): Quick mentions to tell you that unfortunately Tomdroid can't edit notes for now but this will come. Thanks for your patience.
D/nofatclips(  455): 
D/nofatclips(  455): Also, Tomdroid is always looking for new contributors. If you are interested join the tomdroid-dev team on launchpad: http://launchpad.net/~tomdroid-dev.
D/nofatclips(  455): 
D/nofatclips(  455): Lastly, if you encounter any issue, please report it at: https://bugs.launchpad.net/tomdroid
D/nofatclips(  455): Found widget: id=-1 (com.android.internal.policy.impl.PhoneWindow$DecorView@4065b850)
V/nicola  (  455): TextualID : title
V/nicola  (  455): ContentType detected : default
V/nicola  (  455): TextualID : content
V/nicola  (  455): ContentType detected : default
I/nofatclips(  455): Performing comparation for activity ViewNote
D/nofatclips(  455): Comparing against activity Tomdroid
I/nofatclips(  455): Registering activity ViewNote (id: a2) as a new found state
D/nofatclips(  455): Performing backup of the old activity list on disk
D/nofatclips(  455): Saving new found state 'a2' on disk
V/nofatclips(  455): Opening state file in append mode.
D/dalvikvm(  455): GC_CONCURRENT freed 930K, 53% free 3183K/6727K, external 2682K/2689K, paused 7ms+3ms
I/nofatclips(  455): Waiting for 1 sec.
I/nofatclips(  455): Session count is 1. Will dump to disk at 1
I/nofatclips(  455): Saving the session on disk. This is the first batch: the file will be created.
I/nofatclips(  455): Planning for new Activity ViewNote
D/nofatclips(  455): Handling event 'click' on widget id=2131296257 type=image name=
D/nofatclips(  455): Handling event 'click' on widget id=2131296259 type=image name=
D/nofatclips(  455): Handling event 'click' on widget id=2131296268 type=text name=Tomdroid's first note
D/nofatclips(  455): 
D/nofatclips(  455): Welcome to Tomdroid!
D/nofatclips(  455): 
D/nofatclips(  455): You have no notes here yet. To get started, set your Synchronization preferences under Settings. There are two synchronization options described below.
D/nofatclips(  455): 
D/nofatclips(  455): Warning: Changing synchronization service will empty your note list.
D/nofatclips(  455): 
D/nofatclips(  455): Tomboy Web
D/nofatclips(  455): Tomboy Web is what you are looking for if you want to sync to Tomboy-Online, Ubuntu One, your own Snowy server or any server supporting the Tomboy Web REST API.
D/nofatclips(  455): 
D/nofatclips(  455): To use it, set Sync Service to Tomboy Web in preferences then  provide a Server URL. Here are some of the public ones:
D/nofatclips(  455): Tomboy Online - https://edge.tomboy-online.org/
D/nofatclips(  455): Ubuntu One - https://one.ubuntu.com/notes
D/nofatclips(  455): 
D/nofatclips(  455): Once set, hit the Sync logo on Tomdroid's top bar to synchronize your notes.
D/nofatclips(  455): 
D/nofatclips(  455): SD Card
D/nofatclips(  455): Put your Tomboy notes (*.note) on your SD Card under tomdroid/. The notes can be found in ~/.local/share/tomboy/ on Linux. Once the notes are copied, set Sync Service to SD Card in preferences then hit the Sync logo on Tomdroid's top bar.
D/nofatclips(  455): 
D/nofatclips(  455): See http://live.gnome.org/Tomboy/Directories for the notes' location on other platforms.
D/nofatclips(  455): 
D/nofatclips(  455): Back to Tomdroid
D/nofatclips(  455): 
D/nofatclips(  455): Quick mentions to tell you that unfortunately Tomdroid can't edit notes for now but this will come. Thanks for your patience.
D/nofatclips(  455): 
D/nofatclips(  455): Also, Tomdroid is always looking for new contributors. If you are interested join the tomdroid-dev team on launchpad: http://launchpad.net/~tomdroid-dev.
D/nofatclips(  455): 
D/nofatclips(  455): Lastly, if you encounter any issue, please report it at: https://bugs.launchpad.net/tomdroid
I/nofatclips(  455): Created trace to press the back button
I/nofatclips(  455): Created trace to press the menu button
I/nofatclips(  455): Created trace to change orientation
I/nofatclips(  455): Check for termination: 14 steps left of 15
I/nofatclips(  455): Dispatching new task. 2 more tasks remaining.
D/nofatclips(  455): Performing backup of the old task list on disk
D/nofatclips(  455): Saving task list on disk
V/nofatclips(  455): Backing up trace #10 to disk.
V/nofatclips(  455): Backing up trace #11 to disk.
D/nofatclips(  455): Deleting backup of the old task list from disk
D/nofatclips(  455): Deleting backup of the old activity list from disk
I/dalvikvm(  455): Jit: resizing JitTable from 512 to 1024
I/nofatclips(  455): Incrementally Playing Trace 11
I/nofatclips(  455): Retrieved from return list id=2131296268
D/nofatclips(  455): Testing for type (android.widget.TextView) against the original (android.widget.TextView)
D/nofatclips(  455): Testing for name (Tomdroid's first note
D/nofatclips(  455): 
D/nofatclips(  455): Welcome to Tomdroid!
D/nofatclips(  455): 
D/nofatclips(  455): You have no notes here yet. To get started, set your Synchronization preferences under Settings. There are two synchronization options described below.
D/nofatclips(  455): 
D/nofatclips(  455): Warning: Changing synchronization service will empty your note list.
D/nofatclips(  455): 
D/nofatclips(  455): Tomboy Web
D/nofatclips(  455): Tomboy Web is what you are looking for if you want to sync to Tomboy-Online, Ubuntu One, your own Snowy server or any server supporting the Tomboy Web REST API.
D/nofatclips(  455): 
D/nofatclips(  455): To use it, set Sync Service to Tomboy Web in preferences then  provide a Server URL. Here are some of the public ones:
D/nofatclips(  455): Tomboy Online - https://edge.tomboy-online.org/
D/nofatclips(  455): Ubuntu One - https://one.ubuntu.com/notes
D/nofatclips(  455): 
D/nofatclips(  455): Once set, hit the Sync logo on Tomdroid's top bar to synchronize your notes.
D/nofatclips(  455): 
D/nofatclips(  455): SD Card
D/nofatclips(  455): Put your Tomboy notes (*.note) on your SD Card under tomdroid/. The notes can be found in ~/.local/share/tomboy/ on Linux. Once the notes are copied, set Sync Service to SD Card in preferences then hit the Sync logo on Tomdroid's top bar.
D/nofatclips(  455): 
D/nofatclips(  455): See http://live.gnome.org/Tomboy/Directories for the notes' location on other platforms.
D/nofatclips(  455): 
D/nofatclips(  455): Back to Tomdroid
D/nofatclips(  455): 
D/nofatclips(  455): Quick mentions to tell you that unfortunately Tomdroid can't edit notes for now but this will come. Thanks for your patience.
D/nofatclips(  455): 
D/nofatclips(  455): Also, Tomdroid is always looking for new contributors. If you are interested join the tomdroid-dev team on launchpad: http://launchpad.net/~tomdroid-dev.
D/nofatclips(  455): 
D/nofatclips(  455): Lastly, if you encounter any issue, please report it at: https://bugs.launchpad.net/tomdroid) against the original (Tomdroid's first note
D/nofatclips(  455): 
D/nofatclips(  455): Welcome to Tomdroid!
D/nofatclips(  455): 
D/nofatclips(  455): You have no notes here yet. To get started, set your Synchronization preferences under Settings. There are two synchronization options described below.
D/nofatclips(  455): 
D/nofatclips(  455): Warning: Changing synchronization service will empty your note list.
D/nofatclips(  455): 
D/nofatclips(  455): Tomboy Web
D/nofatclips(  455): Tomboy Web is what you are looking for if you want to sync to Tomboy-Online, Ubuntu One, your own Snowy server or any server supporting the Tomboy Web REST API.
D/nofatclips(  455): 
D/nofatclips(  455): To use it, set Sync Service to Tomboy Web in preferences then  provide a Server URL. Here are some of the public ones:
D/nofatclips(  455): Tomboy Online - https://edge.tomboy-online.org/
D/nofatclips(  455): Ubuntu One - https://one.ubuntu.com/notes
D/nofatclips(  455): 
D/nofatclips(  455): Once set, hit the Sync logo on Tomdroid's top bar to synchronize your notes.
D/nofatclips(  455): 
D/nofatclips(  455): SD Card
D/nofatclips(  455): Put your Tomboy notes (*.note) on your SD Card under tomdroid/. The notes can be found in ~/.local/share/tomboy/ on Linux. Once the notes are copied, set Sync Service to SD Card in preferences then hit the Sync logo on Tomdroid's top bar.
D/nofatclips(  455): 
D/nofatclips(  455): See http://live.gnome.org/Tomboy/Directories for the notes' location on other platforms.
D/nofatclips(  455): 
D/nofatclips(  455): Back to Tomdroid
D/nofatclips(  455): 
D/nofatclips(  455): Quick mentions to tell you that unfortunately Tomdroid can't edit notes for now but this will come. Thanks for your patience.
D/nofatclips(  455): 
D/nofatclips(  455): Also, Tomdroid is always looking for new contributors. If you are interested join the tomdroid-dev team on launchpad: http://launchpad.net/~tomdroid-dev.
D/nofatclips(  455): 
D/nofatclips(  455): Lastly, if you encounter any issue, please report it at: https://bugs.launchpad.net/tomdroid)
I/nofatclips(  455): Firing event: type= click index=10 widget=android.widget.TextView
W/KeyCharacterMap(  455): No keyboard for id 0
W/KeyCharacterMap(  455): Using default keymap: /system/usr/keychars/qwerty.kcm.bin
D/nofatclips(  455): Event description: Tomdroid's first note
D/nofatclips(  455): 
D/nofatclips(  455): Welcome to Tomdroid!
D/nofatclips(  455): 
D/nofatclips(  455): You have no notes here yet. To get started, set your Synchronization preferences under Settings. There are two synchronization options described below.
D/nofatclips(  455): 
D/nofatclips(  455): Warning: Changing synchronization service will empty your note list.
D/nofatclips(  455): 
D/nofatclips(  455): Tomboy Web
D/nofatclips(  455): Tomboy Web is what you are looking for if you want to sync to Tomboy-Online, Ubuntu One, your own Snowy server or any server supporting the Tomboy Web REST API.
D/nofatclips(  455): 
D/nofatclips(  455): To use it, set Sync Service to Tomboy Web in preferences then  provide a Server URL. Here are some of the public ones:
D/nofatclips(  455): Tomboy Online - https://edge.tomboy-online.org/
D/nofatclips(  455): Ubuntu One - https://one.ubuntu.com/notes
D/nofatclips(  455): 
D/nofatclips(  455): Once set, hit the Sync logo on Tomdroid's top bar to synchronize your notes.
D/nofatclips(  455): 
D/nofatclips(  455): SD Card
D/nofatclips(  455): Put your Tomboy notes (*.note) on your SD Card under tomdroid/. The notes can be found in ~/.local/share/tomboy/ on Linux. Once the notes are copied, set Sync Service to SD Card in preferences then hit the Sync logo on Tomdroid's top bar.
D/nofatclips(  455): 
D/nofatclips(  455): See http://live.gnome.org/Tomboy/Directories for the notes' location on other platforms.
D/nofatclips(  455): 
D/nofatclips(  455): Back to Tomdroid
D/nofatclips(  455): 
D/nofatclips(  455): Quick mentions to tell you that unfortunately Tomdroid can't edit notes for now but this will come. Thanks for your patience.
D/nofatclips(  455): 
D/nofatclips(  455): Also, Tomdroid is always looking for new contributors. If you are interested join the tomdroid-dev team on launchpad: http://launchpad.net/~tomdroid-dev.
D/nofatclips(  455): 
D/nofatclips(  455): Lastly, if you encounter any issue, please report it at: https://bugs.launchpad.net/tomdroid
I/nofatclips(  455): Waiting for 1 sec.
I/nofatclips(  455): Current activity is ui.ViewNote
I/nofatclips(  455): Retrieving widgets
D/nofatclips(  455): Found widget: id=16908290 (android.widget.FrameLayout@4065bc28)
D/nofatclips(  455): Found widget: id=-1 (android.widget.LinearLayout@4065c6a0)
D/nofatclips(  455): Found widget: id=2131296262 (org.tomdroid.ui.Actionbar@4065ca70)
D/nofatclips(  455): Found widget: id=2131296257 (android.widget.ImageView@4065d640)
D/nofatclips(  455): Found widget: id=2131296258 (android.widget.TextView@4065e880): Tomdroid's first note
D/nofatclips(  455): Found widget: id=2131296259 (android.widget.ImageView@4065f618)
D/nofatclips(  455): Found widget: id=2131296260 (android.widget.ImageView@40660320)
D/nofatclips(  455): Found widget: id=2131296261 (android.widget.ImageView@40660748)
D/nofatclips(  455): Found widget: id=2131296266 (android.widget.ScrollView@40660e48)
D/nofatclips(  455): Found widget: id=2131296267 (android.widget.LinearLayout@40661920)
D/nofatclips(  455): Found widget: id=2131296268 (android.widget.TextView@40661b88): Tomdroid's first note
D/nofatclips(  455): 
D/nofatclips(  455): Welcome to Tomdroid!
D/nofatclips(  455): 
D/nofatclips(  455): You have no notes here yet. To get started, set your Synchronization preferences under Settings. There are two synchronization options described below.
D/nofatclips(  455): 
D/nofatclips(  455): Warning: Changing synchronization service will empty your note list.
D/nofatclips(  455): 
D/nofatclips(  455): Tomboy Web
D/nofatclips(  455): Tomboy Web is what you are looking for if you want to sync to Tomboy-Online, Ubuntu One, your own Snowy server or any server supporting the Tomboy Web REST API.
D/nofatclips(  455): 
D/nofatclips(  455): To use it, set Sync Service to Tomboy Web in preferences then  provide a Server URL. Here are some of the public ones:
D/nofatclips(  455): Tomboy Online - https://edge.tomboy-online.org/
D/nofatclips(  455): Ubuntu One - https://one.ubuntu.com/notes
D/nofatclips(  455): 
D/nofatclips(  455): Once set, hit the Sync logo on Tomdroid's top bar to synchronize your notes.
D/nofatclips(  455): 
D/nofatclips(  455): SD Card
D/nofatclips(  455): Put your Tomboy notes (*.note) on your SD Card under tomdroid/. The notes can be found in ~/.local/share/tomboy/ on Linux. Once the notes are copied, set Sync Service to SD Card in preferences then hit the Sync logo on Tomdroid's top bar.
D/nofatclips(  455): 
D/nofatclips(  455): See http://live.gnome.org/Tomboy/Directories for the notes' location on other platforms.
D/nofatclips(  455): 
D/nofatclips(  455): Back to Tomdroid
D/nofatclips(  455): 
D/nofatclips(  455): Quick mentions to tell you that unfortunately Tomdroid can't edit notes for now but this will come. Thanks for your patience.
D/nofatclips(  455): 
D/nofatclips(  455): Also, Tomdroid is always looking for new contributors. If you are interested join the tomdroid-dev team on launchpad: http://launchpad.net/~tomdroid-dev.
D/nofatclips(  455): 
D/nofatclips(  455): Lastly, if you encounter any issue, please report it at: https://bugs.launchpad.net/tomdroid
D/nofatclips(  455): Found widget: id=-1 (com.android.internal.policy.impl.PhoneWindow$DecorView@4065b850)
V/nicola  (  455): TextualID : title
V/nicola  (  455): ContentType detected : default
V/nicola  (  455): TextualID : content
V/nicola  (  455): ContentType detected : default
I/nofatclips(  455): Performing comparation for activity ViewNote
D/nofatclips(  455): Comparing against activity Tomdroid
D/nofatclips(  455): Comparing against activity ViewNote
I/nofatclips(  455): Registering activity ViewNote (id: a3) as a new found state
D/nofatclips(  455): Performing backup of the old activity list on disk
D/nofatclips(  455): Saving new found state 'a3' on disk
V/nofatclips(  455): Opening state file in append mode.
I/nofatclips(  455): Waiting for 1 sec.
I/nofatclips(  455): Session count is 1. Will dump to disk at 1
I/nofatclips(  455): Saving the session on disk.
I/nofatclips(  455): Planning for new Activity ViewNote
D/nofatclips(  455): Handling event 'click' on widget id=2131296257 type=image name=
D/nofatclips(  455): Handling event 'click' on widget id=2131296259 type=image name=
D/nofatclips(  455): Handling event 'click' on widget id=2131296268 type=text name=Tomdroid's first note
D/nofatclips(  455): 
D/nofatclips(  455): Welcome to Tomdroid!
D/nofatclips(  455): 
D/nofatclips(  455): You have no notes here yet. To get started, set your Synchronization preferences under Settings. There are two synchronization options described below.
D/nofatclips(  455): 
D/nofatclips(  455): Warning: Changing synchronization service will empty your note list.
D/nofatclips(  455): 
D/nofatclips(  455): Tomboy Web
D/nofatclips(  455): Tomboy Web is what you are looking for if you want to sync to Tomboy-Online, Ubuntu One, your own Snowy server or any server supporting the Tomboy Web REST API.
D/nofatclips(  455): 
