I/SyncManager(   68): No initial status
I/SyncManager(   68): No initial pending operations
I/SyncManager(   68): No initial statistics
I/SystemServer(   68): System Content Providers
D/installd(   35): DexInv: --- BEGIN '/system/app/SettingsProvider.apk' ---
D/dalvikvm(  102): DexOpt: load 18ms, verify+opt 82ms
D/installd(   35): DexInv: --- END '/system/app/SettingsProvider.apk' (success) ---
I/ActivityThread(   68): Pub settings: com.android.providers.settings.SettingsProvider
W/SettingsProvider(   68): Unable to add bookmark: com.google.android.gm/com.google.android.gm.ConversationListActivityGmail
W/SettingsProvider(   68): android.content.pm.PackageManager$NameNotFoundException: ComponentInfo{com.google.android.gm/com.google.android.gm.ConversationListActivityGmail}
W/SettingsProvider(   68): 	at android.app.ContextImpl$ApplicationPackageManager.getActivityInfo(ContextImpl.java:1826)
W/SettingsProvider(   68): 	at com.android.providers.settings.DatabaseHelper.loadBookmarks(DatabaseHelper.java:887)
W/SettingsProvider(   68): 	at com.android.providers.settings.DatabaseHelper.loadBookmarks(DatabaseHelper.java:925)
W/SettingsProvider(   68): 	at com.android.providers.settings.DatabaseHelper.onCreate(DatabaseHelper.java:135)
W/SettingsProvider(   68): 	at android.database.sqlite.SQLiteOpenHelper.getWritableDatabase(SQLiteOpenHelper.java:126)
W/SettingsProvider(   68): 	at android.database.sqlite.SQLiteOpenHelper.getReadableDatabase(SQLiteOpenHelper.java:187)
W/SettingsProvider(   68): 	at com.android.providers.settings.SettingsProvider.query(SettingsProvider.java:404)
W/SettingsProvider(   68): 	at com.android.providers.settings.SettingsProvider.ensureAndroidIdIsSet(SettingsProvider.java:323)
W/SettingsProvider(   68): 	at com.android.providers.settings.SettingsProvider.onCreate(SettingsProvider.java:259)
W/SettingsProvider(   68): 	at android.content.ContentProvider.attachInfo(ContentProvider.java:798)
W/SettingsProvider(   68): 	at android.app.ActivityThread.installProvider(ActivityThread.java:3554)
W/SettingsProvider(   68): 	at android.app.ActivityThread.installContentProviders(ActivityThread.java:3309)
W/SettingsProvider(   68): 	at android.app.ActivityThread.installSystemProviders(ActivityThread.java:3660)
W/SettingsProvider(   68): 	at com.android.server.am.ActivityManagerService.installSystemProviders(ActivityManagerService.java:5565)
W/SettingsProvider(   68): 	at com.android.server.ServerThread.run(SystemServer.java:169)
W/SettingsProvider(   68): Unable to add bookmark: com.android.im/com.android.im.app.LandingPage
W/SettingsProvider(   68): android.content.pm.PackageManager$NameNotFoundException: ComponentInfo{com.android.im/com.android.im.app.LandingPage}
W/SettingsProvider(   68): 	at android.app.ContextImpl$ApplicationPackageManager.getActivityInfo(ContextImpl.java:1826)
W/SettingsProvider(   68): 	at com.android.providers.settings.DatabaseHelper.loadBookmarks(DatabaseHelper.java:887)
W/SettingsProvider(   68): 	at com.android.providers.settings.DatabaseHelper.loadBookmarks(DatabaseHelper.java:925)
W/SettingsProvider(   68): 	at com.android.providers.settings.DatabaseHelper.onCreate(DatabaseHelper.java:135)
W/SettingsProvider(   68): 	at android.database.sqlite.SQLiteOpenHelper.getWritableDatabase(SQLiteOpenHelper.java:126)
W/SettingsProvider(   68): 	at android.database.sqlite.SQLiteOpenHelper.getReadableDatabase(SQLiteOpenHelper.java:187)
W/SettingsProvider(   68): 	at com.android.providers.settings.SettingsProvider.query(SettingsProvider.java:404)
W/SettingsProvider(   68): 	at com.android.providers.settings.SettingsProvider.ensureAndroidIdIsSet(SettingsProvider.java:323)
W/SettingsProvider(   68): 	at com.android.providers.settings.SettingsProvider.onCreate(SettingsProvider.java:259)
W/SettingsProvider(   68): 	at android.content.ContentProvider.attachInfo(ContentProvider.java:798)
W/SettingsProvider(   68): 	at android.app.ActivityThread.installProvider(ActivityThread.java:3554)
W/SettingsProvider(   68): 	at android.app.ActivityThread.installContentProviders(ActivityThread.java:3309)
W/SettingsProvider(   68): 	at android.app.ActivityThread.installSystemProviders(ActivityThread.java:3660)
W/SettingsProvider(   68): 	at com.android.server.am.ActivityManagerService.installSystemProviders(ActivityManagerService.java:5565)
W/SettingsProvider(   68): 	at com.android.server.ServerThread.run(SystemServer.java:169)
W/SettingsProvider(   68): Unable to add bookmark: com.android.calendar/com.android.calendar.LaunchActivity
W/SettingsProvider(   68): android.content.pm.PackageManager$NameNotFoundException: ComponentInfo{com.android.calendar/com.android.calendar.LaunchActivity}
W/SettingsProvider(   68): 	at android.app.ContextImpl$ApplicationPackageManager.getActivityInfo(ContextImpl.java:1826)
W/SettingsProvider(   68): 	at com.android.providers.settings.DatabaseHelper.loadBookmarks(DatabaseHelper.java:887)
W/SettingsProvider(   68): 	at com.android.providers.settings.DatabaseHelper.loadBookmarks(DatabaseHelper.java:925)
W/SettingsProvider(   68): 	at com.android.providers.settings.DatabaseHelper.onCreate(DatabaseHelper.java:135)
W/SettingsProvider(   68): 	at android.database.sqlite.SQLiteOpenHelper.getWritableDatabase(SQLiteOpenHelper.java:126)
W/SettingsProvider(   68): 	at android.database.sqlite.SQLiteOpenHelper.getReadableDatabase(SQLiteOpenHelper.java:187)
W/SettingsProvider(   68): 	at com.android.providers.settings.SettingsProvider.query(SettingsProvider.java:404)
W/SettingsProvider(   68): 	at com.android.providers.settings.SettingsProvider.ensureAndroidIdIsSet(SettingsProvider.java:323)
W/SettingsProvider(   68): 	at com.android.providers.settings.SettingsProvider.onCreate(SettingsProvider.java:259)
W/SettingsProvider(   68): 	at android.content.ContentProvider.attachInfo(ContentProvider.java:798)
W/SettingsProvider(   68): 	at android.app.ActivityThread.installProvider(ActivityThread.java:3554)
W/SettingsProvider(   68): 	at android.app.ActivityThread.installContentProviders(ActivityThread.java:3309)
W/SettingsProvider(   68): 	at android.app.ActivityThread.installSystemProviders(ActivityThread.java:3660)
W/SettingsProvider(   68): 	at com.android.server.am.ActivityManagerService.installSystemProviders(ActivityManagerService.java:5565)
W/SettingsProvider(   68): 	at com.android.server.ServerThread.run(SystemServer.java:169)
D/SettingsProvider(   68): Generated and saved new ANDROID_ID [4999edf94c35212a]
I/SystemServer(   68): Battery Service
D/SettingsProvider(   68): cache for settings table 'secure' rows=20; fullycached=true
I/SystemServer(   68): Lights Service
I/SystemServer(   68): Vibrator Service
D/qemud   (   38): fdhandler_accept_event: accepting on fd 9
D/qemud   (   38): created client 0x12f38 listening on fd 11
D/qemud   (   38): client_fd_receive: attempting registration for service 'hw-control'
D/qemud   (   38): client_fd_receive:    -> received channel id 3
D/qemud   (   38): client_registration: registration succeeded for client 3
D/SettingsProvider(   68): cache for settings table 'system' rows=44; fullycached=true
I/SystemServer(   68): Alarm Manager
I/SystemServer(   68): Init Watchdog
I/SystemServer(   68): Window Manager
I/InputManager(   68): Initializing input manager
I/InputManager(   68): Starting input manager
I/SystemServer(   68): Registering null Bluetooth Service (emulator)
E/System  (   68): Failure starting core service
E/System  (   68): java.lang.SecurityException
E/System  (   68): 	at android.os.BinderProxy.transact(Native Method)
E/System  (   68): 	at android.os.ServiceManagerProxy.addService(ServiceManagerNative.java:146)
E/System  (   68): 	at android.os.ServiceManager.addService(ServiceManager.java:72)
E/System  (   68): 	at com.android.server.ServerThread.run(SystemServer.java:206)
I/SystemServer(   68): Device Policy
I/SystemServer(   68): Status Bar
I/SystemServer(   68): Clipboard Service
I/SystemServer(   68): Input Method Service
I/EventHub(   68): New keyboard: device->id=0x10000 devname='qwerty2' propName='hw.keyboards.65536.devname' keylayout='/system/usr/keylayout/qwerty.kl'
I/EventHub(   68): New device: path=/dev/input/event0 name=qwerty2 id=0x10000 (of 0x1) index=1 fd=89 classes=0x2d
E/EventHub(   68): could not get driver version for /dev/input/mouse0, Not a typewriter
E/EventHub(   68): could not get driver version for /dev/input/mice, Not a typewriter
I/InputManager-Callbacks(   68): No input device calibration properties found for device qwerty2.
I/InputReader(   68): Device added: id=0x0, name=qwerty2, sources=00011307
I/InputManagerService(   68): Enabled input methods: jp.co.omronsoft.openwnn/.OpenWnnJAJP:com.android.inputmethod.latin/.LatinIME:com.android.inputmethod.pinyin/.PinyinIME
I/InputManagerService(   68): Enabled input methods or default IME has not been set, enabling all
I/InputManagerService(   68): Adding: jp.co.omronsoft.openwnn/.OpenWnnJAJP
I/InputManagerService(   68): Adding: com.android.inputmethod.latin/.LatinIME
I/InputManagerService(   68): Adding: com.android.inputmethod.pinyin/.PinyinIME
I/InputManagerService(   68): Adding: com.example.android.softkeyboard/.SoftKeyboard
I/InputManagerService(   68): No default found, using jp.co.omronsoft.openwnn/.OpenWnnJAJP
I/SystemServer(   68): NetStat Service
I/SystemServer(   68): NetworkManagement Service
I/SystemServer(   68): Connectivity Service
I/WifiService(   68): WifiService starting up with Wi-Fi disabled
D/NetworkManagmentService(   68): Registering observer
I/SystemServer(   68): Throttle Service
I/SystemServer(   68): Accessibility Manager
I/SystemServer(   68): Mount Service
I/SystemServer(   68): Notification Manager
I/SystemServer(   68): Device Storage Monitor
I/SystemServer(   68): Location Manager
I/SystemServer(   68): Search Service
D/VoldCmdListener(   29): volume list
I/SystemServer(   68): DropBox Service
I/SystemServer(   68): Wallpaper Service
W/WallpaperService(   68): failed parsing /data/system/wallpaper_info.xml java.io.FileNotFoundException: /data/system/wallpaper_info.xml (No such file or directory)
I/SystemServer(   68): Audio Service
I/PackageManager(   68): Updating external media status from unmounted to unmounted
D/VoldCmdListener(   29): share status ums
D/AudioHardwareInterface(   34): setMode(NORMAL)
W/AudioPolicyManagerBase(   34): setPhoneState() setting same state 0
E/SoundPool(   68): error loading /system/media/audio/ui/Effect_Tick.ogg
W/AudioService(   68): Soundpool could not load file: /system/media/audio/ui/Effect_Tick.ogg
E/SoundPool(   68): error loading /system/media/audio/ui/KeypressStandard.ogg
W/AudioService(   68): Soundpool could not load file: /system/media/audio/ui/KeypressStandard.ogg
E/SoundPool(   68): error loading /system/media/audio/ui/KeypressSpacebar.ogg
W/AudioService(   68): Soundpool could not load file: /system/media/audio/ui/KeypressSpacebar.ogg
E/SoundPool(   68): error loading /system/media/audio/ui/KeypressDelete.ogg
W/AudioService(   68): Soundpool could not load file: /system/media/audio/ui/KeypressDelete.ogg
E/SoundPool(   68): error loading /system/media/audio/ui/KeypressReturn.ogg
W/AudioService(   68): Soundpool could not load file: /system/media/audio/ui/KeypressReturn.ogg
I/SystemServer(   68): Headset Observer
W/HeadsetObserver(   68): This kernel does not have wired headset support
I/SystemServer(   68): Dock Observer
W/DockObserver(   68): This kernel does not have dock station support
I/SystemServer(   68): USB Observer
W/UsbObserver(   68): This kernel does not have USB configuration switch support
E/UsbObserver(   68): 
E/UsbObserver(   68): java.lang.NullPointerException
E/UsbObserver(   68): 	at com.android.server.UsbObserver.init(UsbObserver.java:131)
E/UsbObserver(   68): 	at com.android.server.UsbObserver.<init>(UsbObserver.java:65)
E/UsbObserver(   68): 	at com.android.server.ServerThread.run(SystemServer.java:402)
I/SystemServer(   68): UI Mode Manager Service
I/SystemServer(   68): Backup Service
V/BackupManagerService(   68): No ancestral data
I/BackupManagerService(   68): Backup enabled => true
I/SystemServer(   68): AppWidget Service
I/SystemServer(   68): Recognition Service
I/SystemServer(   68): DiskStats Service
I/WindowManager(   68): SAFE MODE not enabled
D/dalvikvm(   68): JIT started for system_server
D/dalvikvm(   68): GC_CONCURRENT freed 944K, 64% free 3831K/10375K, external 1625K/2137K, paused 9ms+5ms
D/PowerManagerService(   68): system ready!
I/ActivityManager(   68): Sending system update to: ComponentInfo{com.android.providers.contacts/com.android.providers.contacts.ContactsUpgradeReceiver}
I/Zygote  (   68): Process: zygote socket opened
I/ActivityManager(   68): Start proc android.process.acore for broadcast com.android.providers.contacts/.ContactsUpgradeReceiver: pid=126 uid=10006 gids={3003, 1015}
I/SystemServer(   68): Enabled StrictMode for system server main thread.
I/ActivityManager(   68): Starting: Intent { act=android.intent.action.MAIN cat=[android.intent.category.HOME] flg=0x10000000 cmp=com.android.sdksetup/.DefaultActivity } from pid 0
I/ActivityManager(   68): Launching preboot mode app: ProcessRecord{40540600 126:android.process.acore/10006}
D/installd(   35): DexInv: --- BEGIN '/system/app/ContactsProvider.apk' ---
D/dalvikvm(  135): DexOpt: load 31ms, verify+opt 339ms
D/installd(   35): DexInv: --- END '/system/app/ContactsProvider.apk' (success) ---
I/ContactsUpgradeReceiver(  126): Creating or opening contacts database
I/ContactsDatabaseHelper(  126): Bootstrapping database
D/dalvikvm(  126): GC_CONCURRENT freed 407K, 55% free 2591K/5639K, external 1625K/2137K, paused 7ms+3ms
I/ContactsProviderV1(  126): Bootstrapping database legacy support
I/ActivityManager(   68): Writing new set of last done pre-boot receivers...
I/ActivityManager(   68): Removing system update proc: ProcessRecord{40540600 126:android.process.acore/10006}
I/Process (   68): Sending signal. PID: 126 SIG: 9
I/ActivityManager(   68): System now ready
I/SystemServer(   68): Making services ready
I/StatusBarManagerService(   68): Starting service: ComponentInfo{com.android.systemui/com.android.systemui.statusbar.StatusBarService}
I/ActivityManager(   68): Start proc com.android.systemui for service com.android.systemui/.statusbar.StatusBarService: pid=139 uid=1000 gids={3002, 3001, 3003}
I/UsbObserver(   68): Device not provisioned, skipping USB broadcast
I/ActivityManager(   68): Config changed: { scale=1.0 imsi=0/0 loc=ld_US touch=0 keys=0/0/0 nav=0/0 orien=0 layout=0 uiMode=17 seq=2}
W/RecognitionManagerService(   68): no available voice recognition services found
I/ActivityManager(   68): Start proc jp.co.omronsoft.openwnn for service jp.co.omronsoft.openwnn/.OpenWnnJAJP: pid=142 uid=10004 gids={}
D/NetworkManagmentService(   68): Registering observer
E/ThrottleService(   68): Could not open GPS configuration file /etc/gps.conf
I/ActivityManager(   68): Start proc com.android.phone for added application com.android.phone: pid=146 uid=1001 gids={3002, 3001, 3003, 1015}
I/ActivityManager(   68): Start proc com.android.systemui for added application com.android.systemui: pid=147 uid=1000 gids={3002, 3001, 3003}
E/ThrottleService(   68): Error reading data file
I/ActivityManager(   68): Start proc com.android.sdksetup for activity com.android.sdksetup/.DefaultActivity: pid=149 uid=10026 gids={}
I/ActivityManager(   68): Config changed: { scale=1.0 imsi=0/0 loc=ld_US touch=3 keys=1/1/2 nav=3/1 orien=1 layout=34 uiMode=17 seq=3}
D/dalvikvm(   68): GC_EXTERNAL_ALLOC freed 196K, 63% free 3920K/10375K, external 1625K/2137K, paused 194ms
E/logwrapper(  162): executing /system/bin/tc failed: No such file or directory
I/logwrapper(   30): /system/bin/tc terminated by exit(1)
E/logwrapper(  163): executing /system/bin/tc failed: No such file or directory
I/logwrapper(   30): /system/bin/tc terminated by exit(1)
E/logwrapper(  164): executing /system/bin/tc failed: No such file or directory
I/logwrapper(   30): /system/bin/tc terminated by exit(1)
W/ActivityManager(   68): No pending application record for pid 139 (IApplicationThread android.app.ApplicationThreadProxy@40561b10); dropping process
I/Process (   68): Sending signal. PID: 139 SIG: 9
E/logwrapper(  165): executing /system/bin/tc failed: No such file or directory
I/logwrapper(   30): /system/bin/tc terminated by exit(1)
E/logwrapper(  167): executing /system/bin/tc failed: No such file or directory
I/logwrapper(   30): /system/bin/tc terminated by exit(1)
E/logwrapper(  170): executing /system/bin/tc failed: No such file or directory
I/logwrapper(   30): /system/bin/tc terminated by exit(1)
W/GpsLocationProvider(   68): Could not open GPS configuration file /etc/gps.conf
D/installd(   35): DexInv: --- BEGIN '/system/app/TelephonyProvider.apk' ---
D/dalvikvm(  189): DexOpt: load 15ms, verify+opt 130ms
D/installd(   35): DexInv: --- END '/system/app/TelephonyProvider.apk' (success) ---
D/installd(   35): DexInv: --- BEGIN '/system/app/Phone.apk' ---
D/dalvikvm(  194): DexOpt: load 119ms, verify+opt 683ms
D/installd(   35): DexInv: --- END '/system/app/Phone.apk' (success) ---
D/installd(   35): DexInv: --- BEGIN '/system/app/OpenWnn.apk' ---
D/dalvikvm(  146): GC_CONCURRENT freed 406K, 54% free 2632K/5639K, external 1625K/2137K, paused 3ms+15ms
I/ActivityThread(  146): Pub mms: com.android.providers.telephony.MmsProvider
I/ActivityThread(  146): Pub sms: com.android.providers.telephony.SmsProvider
I/ActivityThread(  146): Pub telephony: com.android.providers.telephony.TelephonyProvider
I/ActivityThread(  146): Pub icc: com.android.phone.IccProvider
I/ActivityThread(  146): Pub mms-sms: com.android.providers.telephony.MmsSmsProvider
D/dalvikvm(  195): DexOpt: load 118ms, verify+opt 280ms
D/installd(   35): DexInv: --- END '/system/app/OpenWnn.apk' (success) ---
D/installd(   35): DexInv: --- BEGIN '/system/app/SystemUI.apk' ---
D/dalvikvm(  142): GC_CONCURRENT freed 396K, 54% free 2642K/5639K, external 1625K/2137K, paused 3ms+3ms
D/dalvikvm(  142): No JNI_OnLoad found in /system/lib/libwnndict.so 0x40513150, skipping init
D/dalvikvm(  142): GC_CONCURRENT freed 302K, 51% free 2894K/5831K, external 1625K/2137K, paused 3ms+12ms
D/dalvikvm(  196): DexOpt: load 152ms, verify+opt 288ms
D/installd(   35): DexInv: --- END '/system/app/SystemUI.apk' (success) ---
D/dalvikvm(   68): GREF has increased to 201
D/installd(   35): DexInv: --- BEGIN '/system/app/SdkSetup.apk' ---
D/dalvikvm(  147): GC_CONCURRENT freed 406K, 54% free 2632K/5639K, external 1625K/2137K, paused 3ms+13ms
D/dalvikvm(  198): DexOpt: load 92ms, verify+opt 36ms
D/installd(   35): DexInv: --- END '/system/app/SdkSetup.apk' (success) ---
W/ActivityManager(   68): Unable to start service Intent { act=@0 }: not found
W/ActivityManager(   68): Unable to start service Intent { act=@0 }: not found
D/qemud   (   38): fdhandler_accept_event: accepting on fd 9
D/qemud   (   38): created client 0x12f88 listening on fd 12
D/qemud   (   38): client_fd_receive: attempting registration for service 'gps'
D/qemud   (   38): client_fd_receive:    -> received channel id 4
I/ActivityManager(   68): Start proc com.android.settings for broadcast com.android.settings/.widget.SettingsAppWidgetProvider: pid=199 uid=1000 gids={3002, 3001, 3003}
D/qemud   (   38): client_registration: registration succeeded for client 4
D/dalvikvm(  142): GC_CONCURRENT freed 400K, 49% free 3176K/6215K, external 1625K/2137K, paused 4ms+39ms
D/dalvikvm(  149): GC_CONCURRENT freed 444K, 55% free 2586K/5639K, external 1625K/2137K, paused 3ms+54ms
D/dalvikvm(   68): GC_CONCURRENT freed 547K, 62% free 4020K/10375K, external 2225K/2779K, paused 4ms+25ms
D/installd(   35): DexInv: --- BEGIN '/system/app/Settings.apk' ---
D/CallManager(  146): registerPhone(GSM Handler{4055eb20})
D/dalvikvm(  217): DexOpt: load 131ms, verify+opt 731ms
D/installd(   35): DexInv: --- END '/system/app/Settings.apk' (success) ---
I/ActivityManager(   68): Force stopping package com.android.sdksetup uid=10026
I/Process (   68): Sending signal. PID: 149 SIG: 9
I/StatusBarManagerService(   68): registerStatusBar bar=com.android.internal.statusbar.IStatusBar$Stub$Proxy@40514f48
I/ActivityManager(   68): Starting: Intent { act=android.intent.action.MAIN cat=[android.intent.category.HOME] flg=0x10000000 cmp=com.android.launcher/com.android.launcher2.Launcher } from pid 0
I/ActivityManager(   68): Start proc com.android.launcher for activity com.android.launcher/com.android.launcher2.Launcher: pid=220 uid=10013 gids={}
I/ActivityManager(   68): Start proc android.process.acore for content provider com.android.providers.contacts/.CallLogProvider: pid=222 uid=10006 gids={3003, 1015}
W/ActivityManager(   68): Unable to start service Intent { act=com.android.ussd.IExtendedNetworkService }: not found
D/VoldCmdListener(   29): share status ums
D/StorageNotification(  147): Startup with UMS connection false (media state unmounted)
I/StorageNotification(  147): UMS connection changed to false (media state unmounted)
D/dalvikvm(   33): GC_EXPLICIT freed 10K, 53% free 2531K/5379K, external 1625K/2137K, paused 236ms
D/AlarmManagerService(   68): Kernel timezone updated to 0 minutes west of GMT
W/SystemClock(  146): Unable to set rtc to 1360253827: Invalid argument
I/TelephonyRegistry(   68): notifyDataConnection: state=0 isDataConnectivityPossible=false reason=radioTurnedOff interfaceName=null networkType=0
I/TelephonyRegistry(   68): notifyDataConnection: state=0 isDataConnectivityPossible=false reason=gprsDetached interfaceName=null networkType=0
D/SystemClock(  146): Setting time of day to sec=1360253827
D/dalvikvm(   33): GC_EXPLICIT freed <1K, 53% free 2531K/5379K, external 1625K/2137K, paused 352ms
D/dalvikvm(  199): GC_CONCURRENT freed 375K, 54% free 2645K/5639K, external 1625K/2137K, paused 3ms+30ms
D/dalvikvm(   33): GC_EXPLICIT freed <1K, 53% free 2531K/5379K, external 1625K/2137K, paused 234ms
D/installd(   35): DexInv: --- BEGIN '/system/app/ApplicationsProvider.apk' ---
D/dalvikvm(  146): GC_CONCURRENT freed 200K, 50% free 2905K/5767K, external 1625K/2137K, paused 4ms+3ms
D/dalvikvm(  237): DexOpt: load 44ms, verify+opt 132ms
D/installd(   35): DexInv: --- END '/system/app/ApplicationsProvider.apk' (success) ---
D/installd(   35): DexInv: --- BEGIN '/system/app/UserDictionaryProvider.apk' ---
D/dalvikvm(  240): DexOpt: load 17ms, verify+opt 31ms
D/installd(   35): DexInv: --- END '/system/app/UserDictionaryProvider.apk' (success) ---
D/installd(   35): DexInv: --- BEGIN '/system/app/Launcher2.apk' ---
I/TelephonyRegistry(   68): notifyServiceState: 0 home Android Android 310260  UMTS CSS not supported 0 0RoamInd: 0DefRoamInd: 0EmergOnly: false
I/ActivityThread(  222): Pub com.android.social: com.android.providers.contacts.SocialProvider
I/ActivityThread(  222): Pub applications: com.android.providers.applications.ApplicationsProvider
D/dalvikvm(  222): GC_CONCURRENT freed 408K, 54% free 2606K/5639K, external 1625K/2137K, paused 2ms+12ms
D/dalvikvm(  241): DexOpt: load 127ms, verify+opt 340ms
D/installd(   35): DexInv: --- END '/system/app/Launcher2.apk' (success) ---
I/TelephonyRegistry(   68): notifyDataConnection: state=0 isDataConnectivityPossible=false reason=null interfaceName=null networkType=3
I/ActivityThread(  222): Pub contacts;com.android.contacts: com.android.providers.contacts.ContactsProvider2
I/ActivityManager(   68): Start proc com.android.deskclock for broadcast com.android.deskclock/.AlarmInitReceiver: pid=243 uid=10019 gids={}
D/MccTable(  146): updateMccMncConfiguration: mcc=310, mnc=260
D/MccTable(  146): locale set to en_us
D/ResourceType(  146): calling getConfigurations
D/ResourceType(  146): called getConfigurations size=232
I/ActivityManager(   68): Config changed: { scale=1.0 imsi=0/0 loc=en_US touch=3 keys=1/1/2 nav=3/1 orien=1 layout=34 uiMode=17 seq=4}
D/MccTable(  146): WIFI_NUM_ALLOWED_CHANNELS set to 11
I/WifiService(   68): WifiService trying to setNumAllowed to 11 with persist set to true
I/ActivityManager(   68): Config changed: { scale=1.0 imsi=310/260 loc=en_US touch=3 keys=1/1/2 nav=3/1 orien=1 layout=34 uiMode=17 seq=5}
I/TelephonyRegistry(   68): notifyMessageWaitingChanged: false
I/TelephonyRegistry(   68): notifyCallForwardingChanged: false
D/dalvikvm(  220): GC_CONCURRENT freed 409K, 54% free 2629K/5639K, external 1625K/2137K, paused 4ms+18ms
D/dalvikvm(   68): GC_CONCURRENT freed 919K, 62% free 4034K/10375K, external 2225K/2779K, paused 4ms+45ms
D/installd(   35): DexInv: --- BEGIN '/system/app/DeskClock.apk' ---
I/ActivityThread(  220): Pub com.android.launcher2.settings: com.android.launcher2.LauncherProvider
D/TelephonyProvider(  146): Setting numeric '310260' to be the current operator
D/dalvikvm(  146): GC_CONCURRENT freed 550K, 52% free 2974K/6151K, external 1625K/2137K, paused 3ms+14ms
D/dalvikvm(  254): DexOpt: load 136ms, verify+opt 212ms
D/installd(   35): DexInv: --- END '/system/app/DeskClock.apk' (success) ---
I/TelephonyRegistry(   68): notifyDataConnection: state=1 isDataConnectivityPossible=true reason=simLoaded interfaceName=null networkType=3
I/TelephonyRegistry(   68): notifyDataConnection: state=2 isDataConnectivityPossible=true reason=simLoaded interfaceName=/dev/omap_csmi_tty1 networkType=3
D/Tethering(   68): MasterInitialState.processMessage what=3
V/ContactsProvider(  222): Importing legacy contacts
D/TelephonyProvider(  146): Setting numeric '310260' to be the current operator
I/ActivityThread(  222): Pub call_log: com.android.providers.contacts.CallLogProvider
I/ActivityThread(  222): Pub user_dictionary: com.android.providers.userdictionary.UserDictionaryProvider
I/ContactsDatabaseHelper(  222): Switching to locale ld_US
I/TelephonyRegistry(   68): notifyDataConnection: state=0 isDataConnectivityPossible=false reason=apnChanged interfaceName=/dev/omap_csmi_tty1 networkType=3
D/NetUtils(   68): failed to remove default route for /dev/omap_csmi_tty1: No such device
D/Tethering(   68): MasterInitialState.processMessage what=3
I/TelephonyRegistry(   68): notifyDataConnection: state=1 isDataConnectivityPossible=true reason=apnChanged interfaceName=/dev/omap_csmi_tty1 networkType=3
I/ActivityThread(  243): Pub com.android.deskclock: com.android.deskclock.AlarmProvider
I/TelephonyRegistry(   68): notifyDataConnection: state=2 isDataConnectivityPossible=true reason=apnChanged interfaceName=/dev/omap_csmi_tty1 networkType=3
D/Tethering(   68): MasterInitialState.processMessage what=3
D/dalvikvm(   68): GC_EXTERNAL_ALLOC freed 648K, 61% free 4115K/10375K, external 2225K/2779K, paused 104ms
W/BackupManagerService(   68): dataChanged but no participant pkg='com.android.providers.settings' uid=10019
D/SntpClient(   68): request time failed: java.net.SocketException: Address family not supported by protocol
I/ActivityManager(   68): Start proc android.process.media for broadcast com.android.providers.downloads/.DownloadReceiver: pid=261 uid=10000 gids={1015, 1006, 2001, 3003}
D/dalvikvm(   68): GC_EXTERNAL_ALLOC freed 69K, 61% free 4109K/10375K, external 3425K/4277K, paused 141ms
D/installd(   35): DexInv: --- BEGIN '/system/app/MediaProvider.apk' ---
D/dalvikvm(  220): GC_EXTERNAL_ALLOC freed 115K, 53% free 2691K/5639K, external 2128K/2137K, paused 180ms
D/dalvikvm(  222): GC_CONCURRENT freed 324K, 52% free 2799K/5767K, external 1625K/2137K, paused 3ms+48ms
D/dalvikvm(   68): GC_EXPLICIT freed 1K, 61% free 4109K/10375K, external 3725K/4925K, paused 195ms
D/dalvikvm(  220): GC_EXTERNAL_ALLOC freed 25K, 52% free 2714K/5639K, external 2668K/2681K, paused 113ms
D/dalvikvm(  269): DexOpt: load 112ms, verify+opt 353ms
D/installd(   35): DexInv: --- END '/system/app/MediaProvider.apk' (success) ---
D/installd(   35): DexInv: --- BEGIN '/system/app/DownloadProvider.apk' ---
I/ContactsDatabaseHelper(  222): Locale change completed in 2064ms
I/LegacyContactImporter(  222): Legacy contacts database does not exist at /data/data/com.android.providers.contacts/databases/contacts.db
V/ContactsProvider(  222): Completed import of legacy contacts
D/dalvikvm(  220): GC_EXTERNAL_ALLOC freed 6K, 52% free 2726K/5639K, external 3368K/3387K, paused 133ms
D/dalvikvm(  270): DexOpt: load 106ms, verify+opt 631ms
D/installd(   35): DexInv: --- END '/system/app/DownloadProvider.apk' (success) ---
D/installd(   35): DexInv: --- BEGIN '/system/app/DrmProvider.apk' ---
D/dalvikvm(  273): DexOpt: load 10ms, verify+opt 30ms
D/installd(   35): DexInv: --- END '/system/app/DrmProvider.apk' (success) ---
I/SearchManagerService(   68): Building list of searchable activities
W/WindowManager(   68): App freeze timeout expired.
W/WindowManager(   68): Force clearing freeze: AppWindowToken{40854de8 token=HistoryRecord{40768890 com.android.launcher/com.android.launcher2.Launcher}}
W/Resources(  220): Converting to int: TypedValue{t=0x3/d=0x10 "4" a=-1}
W/Resources(  220): Converting to int: TypedValue{t=0x3/d=0xe "1" a=-1}
W/Resources(  220): Converting to int: TypedValue{t=0x3/d=0x10 "4" a=-1}
W/Resources(  220): Converting to int: TypedValue{t=0x3/d=0xe "1" a=-1}
I/ActivityThread(  261): Pub media: com.android.providers.media.MediaProvider
V/MediaProvider(  261): Attached volume: internal
I/ActivityThread(  261): Pub downloads: com.android.providers.downloads.DownloadProvider
I/ActivityThread(  261): Pub drm: com.android.providers.drm.DrmProvider
I/ActivityManager(   68): Start proc com.android.quicksearchbox for broadcast com.android.quicksearchbox/.SearchWidgetProvider: pid=277 uid=10002 gids={3003}
D/dalvikvm(  220): GC_EXTERNAL_ALLOC freed 131K, 51% free 2781K/5639K, external 4217K/4261K, paused 82ms
D/installd(   35): DexInv: --- BEGIN '/system/app/QuickSearchBox.apk' ---
D/dalvikvm(  220): GC_EXTERNAL_ALLOC freed 30K, 51% free 2798K/5639K, external 5345K/5346K, paused 81ms
D/dalvikvm(   68): GC_EXPLICIT freed 532K, 61% free 4073K/10375K, external 3125K/3903K, paused 68ms
D/dalvikvm(  285): DexOpt: load 196ms, verify+opt 792ms
D/installd(   35): DexInv: --- END '/system/app/QuickSearchBox.apk' (success) ---
D/dalvikvm(  220): GC_EXPLICIT freed 29K, 51% free 2805K/5639K, external 5417K/6692K, paused 59ms
I/ActivityThread(  277): Pub com.android.quicksearchbox.google: com.android.quicksearchbox.google.GoogleSuggestionProvider
I/ActivityManager(   68): Displayed com.android.launcher/com.android.launcher2.Launcher: +10s85ms (total +17s611ms)
I/ActivityThread(  277): Pub com.android.quicksearchbox.shortcuts: com.android.quicksearchbox.ShortcutsProvider
I/ActivityManager(   68): Start proc com.android.protips for broadcast com.android.protips/.ProtipWidget: pid=289 uid=10024 gids={}
D/dalvikvm(   68): GREF has increased to 301
D/installd(   35): DexInv: --- BEGIN '/system/app/Protips.apk' ---
D/dalvikvm(  297): DexOpt: load 21ms, verify+opt 51ms
D/installd(   35): DexInv: --- END '/system/app/Protips.apk' (success) ---
I/SurfaceFlinger(   68): Boot is finished (36471 ms)
D/PowerManagerService(   68): bootCompleted
I/ARMAssembler(   68): generated scanline__00000177:03515104_00000001_00000000 [ 73 ipp] (95 ins) at [0x445ee290:0x445ee40c] in 1585049 ns
I/ARMAssembler(   68): generated scanline__00000177:03010104_00000002_00000000 [ 44 ipp] (66 ins) at [0x445ee410:0x445ee518] in 368265 ns
D/VoldCmdListener(   29): volume mount /mnt/sdcard
I/Vold    (   29): /dev/block/vold/179:0 being considered for volume sdcard
D/Vold    (   29): Volume sdcard state changing 1 (Idle-Unmounted) -> 3 (Checking)
I/StorageNotification(  147): Media {/mnt/sdcard} state changed from {unmounted} -> {checking}
I//system/bin/fsck_msdos(   29): ** /dev/block/vold/179:0
D/dalvikvm(  147): GC_EXTERNAL_ALLOC freed 158K, 52% free 2723K/5639K, external 2129K/2137K, paused 39ms
I//system/bin/fsck_msdos(   29): ** Phase 1 - Read and Compare FATs
I//system/bin/fsck_msdos(   29): Attempting to allocate 79 KB for FAT
I//system/bin/fsck_msdos(   29): Attempting to allocate 79 KB for FAT
I//system/bin/fsck_msdos(   29): ** Phase 2 - Check Cluster Chains
I//system/bin/fsck_msdos(   29): ** Phase 3 - Checking Directories
I//system/bin/fsck_msdos(   29): ** Phase 4 - Checking for Lost Files
I//system/bin/fsck_msdos(   29): 4 files, 10063 free (20126 clusters)
I/Vold    (   29): Filesystem check completed OK
I/Vold    (   29): Device /dev/block/vold/179:0, target /mnt/sdcard mounted @ /mnt/secure/staging
D/Vold    (   29): Volume sdcard state changing 3 (Checking) -> 4 (Mounted)
I/PackageManager(   68): Updating external media status from unmounted to mounted
I/StorageNotification(  147): Media {/mnt/sdcard} state changed from {checking} -> {mounted}
D/VoldCmdListener(   29): asec list
I/PackageManager(   68): No secure containers on sdcard
I/PackageManager(   68): Platform changed from 0 to 10; regranting permissions for external storage
W/PackageManager(   68): Unknown permission com.google.android.googleapps.permission.GOOGLE_AUTH.mail in package com.android.contacts
W/PackageManager(   68): Unknown permission android.permission.ADD_SYSTEM_SERVICE in package com.android.phone
W/PackageManager(   68): Not granting permission android.permission.SEND_DOWNLOAD_COMPLETED_INTENTS to package com.android.browser (protectionLevel=2 flags=0x9be45)
W/PackageManager(   68): Unknown permission com.google.android.gm.permission.WRITE_GMAIL in package com.android.settings
W/PackageManager(   68): Unknown permission com.google.android.gm.permission.READ_GMAIL in package com.android.settings
W/PackageManager(   68): Unknown permission com.google.android.googleapps.permission.GOOGLE_AUTH in package com.android.settings
W/PackageManager(   68): Unknown permission com.google.android.googleapps.permission.GOOGLE_AUTH in package com.android.providers.contacts
W/PackageManager(   68): Unknown permission com.google.android.googleapps.permission.GOOGLE_AUTH.cp in package com.android.providers.contacts
W/PackageManager(   68): Unknown permission com.google.android.googleapps.permission.ACCESS_GOOGLE_PASSWORD in package com.android.development
W/PackageManager(   68): Unknown permission com.google.android.googleapps.permission.GOOGLE_AUTH in package com.android.development
W/PackageManager(   68): Unknown permission com.google.android.googleapps.permission.GOOGLE_AUTH.ALL_SERVICES in package com.android.development
W/PackageManager(   68): Unknown permission com.google.android.googleapps.permission.GOOGLE_AUTH.YouTubeUser in package com.android.development
W/PackageManager(   68): Unknown permission android.permission.READ_OWNER_DATA in package com.android.email
W/PackageManager(   68): Not granting permission android.permission.DEVICE_POWER to package com.android.deskclock (protectionLevel=2 flags=0x8be45)
I/DownloadManager(  261): Upgrading downloads database from version 0 to version 106, which will destroy all old data
D/dalvikvm(  220): GC_EXTERNAL_ALLOC freed 144K, 50% free 2898K/5703K, external 6691K/6692K, paused 35ms
D/dalvikvm(  220): GC_EXPLICIT freed 43K, 50% free 2864K/5703K, external 6498K/8115K, paused 29ms
I/ActivityManager(   68): Start proc com.android.music for broadcast com.android.music/.MediaAppWidgetProvider: pid=303 uid=10005 gids={3003, 1015}
D/installd(   35): DexInv: --- BEGIN '/system/app/Music.apk' ---
D/dalvikvm(  311): DexOpt: load 95ms, verify+opt 288ms
D/installd(   35): DexInv: --- END '/system/app/Music.apk' (success) ---
D/OtaStartupReceiver(  146): Not a CDMA phone, no need to process OTA
I/RecoverySystem(   68): No recovery log file
I/ActivityManager(   68): Start proc com.android.mms for broadcast com.android.mms/.transaction.MmsSystemEventReceiver: pid=314 uid=10015 gids={3003, 1015}
D/installd(   35): DexInv: --- BEGIN '/system/app/Mms.apk' ---
D/dalvikvm(  324): DexOpt: load 181ms, verify+opt 877ms
D/installd(   35): DexInv: --- END '/system/app/Mms.apk' (success) ---
I/ActivityThread(  314): Pub com.android.mms.SuggestionsProvider: com.android.mms.SuggestionsProvider
I/ActivityManager(   68): Start proc com.android.email for broadcast com.android.email/.service.EmailBroadcastReceiver: pid=337 uid=10028 gids={3003, 1015}
D/installd(   35): DexInv: --- BEGIN '/system/app/Email.apk' ---
D/MediaScannerService(  261): start scanning volume internal
D/dalvikvm(  146): GREF has increased to 201
D/dalvikvm(  346): DexOpt: load 199ms, verify+opt 1310ms
D/installd(   35): DexInv: --- END '/system/app/Email.apk' (success) ---
I/ActivityThread(  337): Pub com.android.email.provider: com.android.email.provider.EmailProvider
I/ActivityThread(  337): Pub com.android.email.attachmentprovider: com.android.email.provider.AttachmentProvider
I/ActivityThread(  337): Pub com.android.exchange.provider: com.android.exchange.provider.ExchangeProvider
D/EAS SyncManager(  337): !!! EAS SyncManager, onCreate
D/Eas Debug(  337): Logging: 
D/EmailProvider(  337): Creating EmailProvider database
D/EAS SyncManager(  337): !!! EAS SyncManager, onDestroy
D/Email   (  337): BOOT_COMPLETED
I/Email   (  337): Onetime initialization: 1
I/Email   (  337): Onetime initialization: completed.
D/EmailProvider(  337): Creating EmailProviderBody database
I/MediaProvider(  261): Upgrading media database from version 63 to 93, which will destroy all old data
I/dalvikvm(   68): Jit: resizing JitTable from 512 to 1024
D/EAS SyncManager(  337): !!! EAS SyncManager, onCreate
D/EAS SyncManager(  337): !!! EAS SyncManager, onStartCommand
D/EAS SyncManager(  337): !!! EAS SyncManager, stopping self
D/EAS SyncManager(  337): !!! EAS SyncManager, onDestroy
E/MetadataRetrieverClient(   34): failed to extract an album art
D/MediaScanner(  261):  prescan time: 907ms
D/MediaScanner(  261):     scan time: 157ms
D/MediaScanner(  261): postscan time: 1ms
D/MediaScanner(  261):    total time: 1065ms
D/MediaScannerService(  261): done scanning volume internal
D/MediaScannerService(  261): start scanning volume external
V/MediaProvider(  261): /mnt/sdcard volume ID: 367016733
I/MediaProvider(  261): Upgrading media database from version 63 to 93, which will destroy all old data
V/MediaProvider(  261): Attached volume: external
V/MediaScanner(  261): pruneDeadThumbnailFiles... android.database.sqlite.SQLiteCursor@405d42b0
V/MediaScanner(  261): /pruneDeadThumbnailFiles... android.database.sqlite.SQLiteCursor@405d42b0
D/MediaScanner(  261):  prescan time: 21ms
D/MediaScanner(  261):     scan time: 1ms
D/MediaScanner(  261): postscan time: 7ms
D/MediaScanner(  261):    total time: 29ms
D/MediaScannerService(  261): done scanning volume external
D/dalvikvm(   68): GC_CONCURRENT freed 965K, 60% free 4153K/10375K, external 3125K/3903K, paused 9ms+4ms
E/ThrottleService(   68): Error reading data file
D/AndroidRuntime(  364): 
D/AndroidRuntime(  364): >>>>>> AndroidRuntime START com.android.internal.os.RuntimeInit <<<<<<
D/AndroidRuntime(  364): CheckJNI is ON
D/AndroidRuntime(  364): Calling main entry com.android.commands.pm.Pm
I/ActivityManager(   68): Start proc com.android.defcontainer for service com.android.defcontainer/.DefaultContainerService: pid=372 uid=10003 gids={1015, 2001}
D/installd(   35): DexInv: --- BEGIN '/system/app/DefaultContainerService.apk' ---
D/dalvikvm(  380): DexOpt: load 15ms, verify+opt 33ms
D/installd(   35): DexInv: --- END '/system/app/DefaultContainerService.apk' (success) ---
D/dalvikvm(  372): GC_EXPLICIT freed 293K, 54% free 2561K/5511K, external 1625K/2137K, paused 53ms
W/ActivityManager(   68): No content provider found for: 
W/ActivityManager(   68): No content provider found for: 
D/PackageParser(   68): Scanning package: /data/app/vmdl233421517.tmp
D/PackageManager(   68): Scanning package org.tomdroid
I/PackageManager(   68): Unpacking native libraries for /data/app/org.tomdroid-1.apk
D/installd(   35): DexInv: --- BEGIN '/data/app/org.tomdroid-1.apk' ---
D/dalvikvm(  384): DexOpt: load 80ms, verify+opt 549ms
D/installd(   35): DexInv: --- END '/data/app/org.tomdroid-1.apk' (success) ---
D/PackageManager(   68): Registered content provider: org.tomdroid.util.SearchSuggestionProvider, className = org.tomdroid.util.SearchSuggestionProvider, isSyncable = false
D/PackageManager(   68): Registered content provider: org.tomdroid.notes, className = org.tomdroid.NoteProvider, isSyncable = false
D/PackageManager(   68):   Providers: org.tomdroid.util.SearchSuggestionProvider org.tomdroid.NoteProvider
D/PackageManager(   68):   Activities: org.tomdroid.ui.Tomdroid org.tomdroid.ui.ViewNote org.tomdroid.ui.Search org.tomdroid.ui.PreferencesActivity
D/PackageManager(   68):   Instrumentation: android.test.InstrumentationTestRunner
I/ActivityManager(   68): Force stopping package org.tomdroid uid=10034
I/installd(   35): move /data/dalvik-cache/data@app@org.tomdroid-1.apk@classes.dex -> /data/dalvik-cache/data@app@org.tomdroid-1.apk@classes.dex
D/PackageManager(   68): New package installed in /data/app/org.tomdroid-1.apk
I/ActivityManager(   68): Start proc com.svox.pico for broadcast com.svox.pico/.VoiceDataInstallerReceiver: pid=385 uid=10009 gids={}
W/RecognitionManagerService(   68): no available voice recognition services found
D/installd(   35): DexInv: --- BEGIN '/system/app/PicoTts.apk' ---
D/dalvikvm(  394): DexOpt: load 25ms, verify+opt 29ms
D/installd(   35): DexInv: --- END '/system/app/PicoTts.apk' (success) ---
I/ActivityThread(  385): Pub com.svox.pico.providers.SettingsProvider: com.svox.pico.providers.SettingsProvider
D/dalvikvm(   68): GC_EXPLICIT freed 927K, 59% free 4263K/10375K, external 3125K/3903K, paused 51ms
D/AndroidRuntime(  364): Shutting down VM
D/dalvikvm(  364): GC_CONCURRENT freed 100K, 72% free 293K/1024K, external 0K/0K, paused 1ms+0ms
D/jdwp    (  364): adbd disconnected
D/AndroidRuntime(  400): 
D/AndroidRuntime(  400): >>>>>> AndroidRuntime START com.android.internal.os.RuntimeInit <<<<<<
D/AndroidRuntime(  400): CheckJNI is ON
D/AndroidRuntime(  400): Calling main entry com.android.commands.pm.Pm
D/dalvikvm(  372): GC_EXPLICIT freed 39K, 54% free 2539K/5511K, external 1625K/2137K, paused 42ms
W/ActivityManager(   68): No content provider found for: 
W/ActivityManager(   68): No content provider found for: 
D/PackageParser(   68): Scanning package: /data/app/vmdl1278259076.tmp
D/PackageManager(   68): Scanning package com.nofatclips.crawler
I/PackageManager(   68): Unpacking native libraries for /data/app/com.nofatclips.crawler-1.apk
D/installd(   35): DexInv: --- BEGIN '/data/app/com.nofatclips.crawler-1.apk' ---
D/dalvikvm(  409): DexOpt: load 45ms, verify+opt 381ms
D/installd(   35): DexInv: --- END '/data/app/com.nofatclips.crawler-1.apk' (success) ---
D/PackageManager(   68):   Activities: it.unina.android.hardware.intent.CaptureImageIntent it.unina.android.hardware.intent.RecordVideoIntent
D/PackageManager(   68):   Instrumentation: android.test.InstrumentationTestRunner
I/ActivityManager(   68): Force stopping package com.nofatclips.crawler uid=10035
I/installd(   35): move /data/dalvik-cache/data@app@com.nofatclips.crawler-1.apk@classes.dex -> /data/dalvik-cache/data@app@com.nofatclips.crawler-1.apk@classes.dex
D/PackageManager(   68): New package installed in /data/app/com.nofatclips.crawler-1.apk
W/RecognitionManagerService(   68): no available voice recognition services found
D/dalvikvm(   68): GC_EXPLICIT freed 579K, 60% free 4211K/10375K, external 3125K/3903K, paused 82ms
D/AndroidRuntime(  400): Shutting down VM
D/dalvikvm(  400): GC_CONCURRENT freed 100K, 72% free 293K/1024K, external 0K/0K, paused 1ms+1ms
D/jdwp    (  400): adbd disconnected
D/dalvikvm(  277): GC_EXPLICIT freed 502K, 55% free 2591K/5703K, external 1625K/2137K, paused 131ms
I/InputReader(   68): Device reconfigured: id=0x0, name=qwerty2, display size is now 480x800
I/InputManager-Callbacks(   68): No virtual keys found for device qwerty2.
I/ActivityManager(   68): Starting: Intent { act=android.intent.action.MAIN cat=[android.intent.category.LAUNCHER] flg=0x10200000 cmp=org.tomdroid/.ui.Tomdroid } from pid 220
I/ActivityManager(   68): Start proc org.tomdroid for activity org.tomdroid/.ui.Tomdroid: pid=426 uid=10034 gids={3003, 1015}
I/ActivityThread(  426): Pub org.tomdroid.notes: org.tomdroid.NoteProvider
I/ARMAssembler(   68): generated scanline__00000177:03515104_00001002_00000000 [ 87 ipp] (110 ins) at [0x445ee520:0x445ee6d8] in 4788652 ns
I/System.out(  426): EMMA: collecting runtime coverage data ...
I/ActivityThread(  426): Pub org.tomdroid.util.SearchSuggestionProvider: org.tomdroid.util.SearchSuggestionProvider
D/dalvikvm(  426): GC_EXTERNAL_ALLOC freed 318K, 53% free 2698K/5639K, external 1807K/2137K, paused 39ms
I/Tomdroid(  426): Tomdroid is first run.
V/FirstNote(  426): Creating first note
D/dalvikvm(  426): GREF has increased to 201
I/ActivityManager(   68): Displayed org.tomdroid/.ui.Tomdroid: +1s486ms
I/ARMAssembler(   68): generated scanline__00000177:03515104_00001001_00000000 [ 91 ipp] (114 ins) at [0x445ee6e0:0x445ee8a8] in 417166 ns
D/dalvikvm(  220): GC_EXPLICIT freed 41K, 49% free 2911K/5703K, external 7820K/8065K, paused 50ms
D/AndroidRuntime(  447): 
D/AndroidRuntime(  447): >>>>>> AndroidRuntime START com.android.internal.os.RuntimeInit <<<<<<
D/AndroidRuntime(  447): CheckJNI is ON
D/AndroidRuntime(  447): Calling main entry com.android.commands.am.Am
I/ActivityManager(   68): Force stopping package org.tomdroid uid=10034
I/Process (   68): Sending signal. PID: 426 SIG: 9
I/WindowManager(   68): WIN DEATH: Window{4081ef18 org.tomdroid/org.tomdroid.ui.Tomdroid paused=false}
I/ActivityManager(   68): Start proc org.tomdroid for added application org.tomdroid: pid=455 uid=10034 gids={3003, 1015}
D/dalvikvm(   33): GC_EXPLICIT freed 11K, 53% free 2531K/5379K, external 1625K/2137K, paused 110ms
D/dalvikvm(   33): GC_EXPLICIT freed <1K, 53% free 2531K/5379K, external 1625K/2137K, paused 69ms
D/dalvikvm(   33): GC_EXPLICIT freed <1K, 53% free 2531K/5379K, external 1625K/2137K, paused 136ms
W/InputManagerService(   68): Got RemoteException sending setActive(false) notification to pid 426 uid 10034
D/nofatclips(  455): Updating node 
D/nofatclips(  455): Loading node 
I/nofatclips(  455): Preferences file found.
V/nofatclips(  455): Updating value ACTIVITY_DESCRIPTION_IN_SESSION
V/nofatclips(  455): Updating value ADDITIONAL_CRITERIAS
V/nofatclips(  455): Updating value ADDITIONAL_EVENTS
V/nofatclips(  455): Updating value ADDITIONAL_INPUTS
V/nofatclips(  455): Updating value CLASS_NAME
D/nofatclips(  455): Updated value of parameter CLASS_NAME to org.tomdroid.ui.Tomdroid (default = app.package.class)
V/nofatclips(  455): Updating value ENABLE_RESUME
V/nofatclips(  455): Updating value PACKAGE_NAME
D/nofatclips(  455): Updated value of parameter PACKAGE_NAME to org.tomdroid (default = app.package)
V/nofatclips(  455): Updating value RANDOM_SEED
D/nofatclips(  455): Updated value of parameter RANDOM_SEED to 6728621246111085458 (default = 5466516511651561651)
V/nofatclips(  455): Updating value RETRY_FAILED_TRACES
V/nofatclips(  455): Updating value theClass
I/System.out(  455): EMMA: collecting runtime coverage data ...
D/nofatclips(  455): Updating node scheduler
D/nofatclips(  455): Loading node scheduler
V/nofatclips(  455): Updating value ALL_EVENTS_ON_PREFERENCES
V/nofatclips(  455): Updating value BACK_BUTTON_EVENT
V/nofatclips(  455): Updating value DICTIONARY_FIXED_VALUE
V/nofatclips(  455): Updating value DICTIONARY_IGNORE_CONTENT_TYPES
V/nofatclips(  455): Updating value EMULATOR_PORT
V/nofatclips(  455): Updating value EVENTS
D/nofatclips(  455): Updated values of array parameter EVENTS
V/nofatclips(  455): Updating value EVENT_WHEN_NO_ID
V/nofatclips(  455): Updating value EXCLUDE_WIDGETS_INPUTS_IN_GPS_EVENTS
V/nofatclips(  455): Updating value EXCLUDE_WIDGETS_INPUTS_IN_SENSORS_EVENTS
V/nofatclips(  455): Updating value INPUTS
D/nofatclips(  455): Updated values of array parameter INPUTS
V/nofatclips(  455): Updating value KEY_EVENTS
V/nofatclips(  455): Updating value MAX_EVENTS_PER_WIDGET
V/nofatclips(  455): Updating value MAX_TASKS_IN_SCHEDULER
D/nofatclips(  455): Updated value of parameter MAX_TASKS_IN_SCHEDULER to 2 (default = 0)
V/nofatclips(  455): Updating value MAX_TASKS_PER_EVENT
V/nofatclips(  455): Updating value MENU_EVENTS
V/nofatclips(  455): Updating value ORIENTATION_EVENTS
V/nofatclips(  455): Updating value PLANNER
V/nofatclips(  455): Updating value REFLECT_ACTIVITY_LISTENERS
V/nofatclips(  455): Updating value REFLECT_WIDGETS
V/nofatclips(  455): Updating value SCHEDULER_ALGORITHM
D/nofatclips(  455): Updated value of parameter SCHEDULER_ALGORITHM to DEPTH_FIRST (default = BREADTH_FIRST)
V/nofatclips(  455): Updating value SCROLL_DOWN_EVENT
V/nofatclips(  455): Updating value SENSOR_TYPES
V/nofatclips(  455): Updating value SIMULATE_INCOMING_CALL
V/nofatclips(  455): Updating value SIMULATE_INCOMING_SMS
V/nofatclips(  455): Updating value TAB_EVENTS_START_ONLY
V/nofatclips(  455): Updating value TEST_LOCATION_PROVIDER
V/nofatclips(  455): Updating value TEXT_VALUES_FROM_DICTIONARY
V/nofatclips(  455): Updating value TEXT_VALUES_ID_HASH
V/nofatclips(  455): Updating value USE_GPS
V/nofatclips(  455): Updating value USE_SENSORS
D/nofatclips(  455): Updating node planner
D/nofatclips(  455): Loading node planner
V/nofatclips(  455): Updating value ALL_EVENTS_ON_PREFERENCES
V/nofatclips(  455): Updating value BACK_BUTTON_EVENT
V/nofatclips(  455): Updating value DICTIONARY_FIXED_VALUE
V/nofatclips(  455): Updating value DICTIONARY_IGNORE_CONTENT_TYPES
V/nofatclips(  455): Updating value EMULATOR_PORT
