D/nofatclips(  456): Found widget: id=16908290 (android.widget.FrameLayout@4067b0d0)
D/nofatclips(  456): Found widget: id=-1 (android.widget.LinearLayout@4052a248)
D/nofatclips(  456): Found widget: id=2131296262 (org.tomdroid.ui.Actionbar@4068ef40)
D/nofatclips(  456): Found widget: id=2131296257 (android.widget.ImageView@406777c0)
D/nofatclips(  456): Found widget: id=2131296258 (android.widget.TextView@405a9e18): Tomdroid's first note
D/nofatclips(  456): Found widget: id=2131296259 (android.widget.ImageView@405ea010)
D/nofatclips(  456): Found widget: id=2131296260 (android.widget.ImageView@405ea538)
D/nofatclips(  456): Found widget: id=2131296261 (android.widget.ImageView@4068dde8)
D/nofatclips(  456): Found widget: id=2131296266 (android.widget.ScrollView@4052c1f0)
D/nofatclips(  456): Found widget: id=2131296267 (android.widget.LinearLayout@40663f38)
D/nofatclips(  456): Found widget: id=2131296268 (android.widget.TextView@4067f030): Tomdroid's first note
D/nofatclips(  456): 
D/nofatclips(  456): Welcome to Tomdroid!
D/nofatclips(  456): 
D/nofatclips(  456): You have no notes here yet. To get started, set your Synchronization preferences under Settings. There are two synchronization options described below.
D/nofatclips(  456): 
D/nofatclips(  456): Warning: Changing synchronization service will empty your note list.
D/nofatclips(  456): 
D/nofatclips(  456): Tomboy Web
D/nofatclips(  456): Tomboy Web is what you are looking for if you want to sync to Tomboy-Online, Ubuntu One, your own Snowy server or any server supporting the Tomboy Web REST API.
D/nofatclips(  456): 
D/nofatclips(  456): To use it, set Sync Service to Tomboy Web in preferences then  provide a Server URL. Here are some of the public ones:
D/nofatclips(  456): Tomboy Online - https://edge.tomboy-online.org/
D/nofatclips(  456): Ubuntu One - https://one.ubuntu.com/notes
D/nofatclips(  456): 
D/nofatclips(  456): Once set, hit the Sync logo on Tomdroid's top bar to synchronize your notes.
D/nofatclips(  456): 
D/nofatclips(  456): SD Card
D/nofatclips(  456): Put your Tomboy notes (*.note) on your SD Card under tomdroid/. The notes can be found in ~/.local/share/tomboy/ on Linux. Once the notes are copied, set Sync Service to SD Card in preferences then hit the Sync logo on Tomdroid's top bar.
D/nofatclips(  456): 
D/nofatclips(  456): See http://live.gnome.org/Tomboy/Directories for the notes' location on other platforms.
D/nofatclips(  456): 
D/nofatclips(  456): Back to Tomdroid
D/nofatclips(  456): 
D/nofatclips(  456): Quick mentions to tell you that unfortunately Tomdroid can't edit notes for now but this will come. Thanks for your patience.
D/nofatclips(  456): 
D/nofatclips(  456): Also, Tomdroid is always looking for new contributors. If you are interested join the tomdroid-dev team on launchpad: http://launchpad.net/~tomdroid-dev.
D/nofatclips(  456): 
D/nofatclips(  456): Lastly, if you encounter any issue, please report it at: https://bugs.launchpad.net/tomdroid
D/nofatclips(  456): Found widget: id=-1 (com.android.internal.policy.impl.PhoneWindow$DecorView@4064f498)
V/nicola  (  456): TextualID : title
V/nicola  (  456): ContentType detected : default
V/nicola  (  456): TextualID : content
V/nicola  (  456): ContentType detected : default
I/nofatclips(  456): Performing comparation for activity ViewNote
D/nofatclips(  456): Comparing against activity ViewNote
D/nofatclips(  456): Comparing against activity ViewNote
D/nofatclips(  456): Comparing against activity ViewNote
D/nofatclips(  456): Comparing against activity Tomdroid
D/nofatclips(  456): Comparing against activity ViewNote
I/nofatclips(  456): Registering activity ViewNote (id: a12) as a new found state
D/nofatclips(  456): Performing backup of the old activity list on disk
D/nofatclips(  456): Saving new found state 'a12' on disk
V/nofatclips(  456): Opening state file in append mode.
I/nofatclips(  456): Waiting for 1 sec.
I/dalvikvm(  456): Jit: resizing JitTable from 1024 to 2048
I/nofatclips(  456): Session count is 1. Will dump to disk at 1
I/nofatclips(  456): Saving the session on disk.
D/dalvikvm(  456): GC_CONCURRENT freed 1383K, 55% free 3370K/7367K, external 3291K/3360K, paused 8ms+3ms
I/nofatclips(  456): Planning for new Activity ViewNote
D/nofatclips(  456): Handling event 'click' on widget id=2131296257 type=image name=
D/nofatclips(  456): Handling event 'click' on widget id=2131296259 type=image name=
D/nofatclips(  456): Handling event 'click' on widget id=2131296268 type=text name=Tomdroid's first note
D/nofatclips(  456): 
D/nofatclips(  456): Welcome to Tomdroid!
D/nofatclips(  456): 
D/nofatclips(  456): You have no notes here yet. To get started, set your Synchronization preferences under Settings. There are two synchronization options described below.
D/nofatclips(  456): 
D/nofatclips(  456): Warning: Changing synchronization service will empty your note list.
D/nofatclips(  456): 
D/nofatclips(  456): Tomboy Web
D/nofatclips(  456): Tomboy Web is what you are looking for if you want to sync to Tomboy-Online, Ubuntu One, your own Snowy server or any server supporting the Tomboy Web REST API.
D/nofatclips(  456): 
D/nofatclips(  456): To use it, set Sync Service to Tomboy Web in preferences then  provide a Server URL. Here are some of the public ones:
D/nofatclips(  456): Tomboy Online - https://edge.tomboy-online.org/
D/nofatclips(  456): Ubuntu One - https://one.ubuntu.com/notes
D/nofatclips(  456): 
D/nofatclips(  456): Once set, hit the Sync logo on Tomdroid's top bar to synchronize your notes.
D/nofatclips(  456): 
D/nofatclips(  456): SD Card
D/nofatclips(  456): Put your Tomboy notes (*.note) on your SD Card under tomdroid/. The notes can be found in ~/.local/share/tomboy/ on Linux. Once the notes are copied, set Sync Service to SD Card in preferences then hit the Sync logo on Tomdroid's top bar.
D/nofatclips(  456): 
D/nofatclips(  456): See http://live.gnome.org/Tomboy/Directories for the notes' location on other platforms.
D/nofatclips(  456): 
D/nofatclips(  456): Back to Tomdroid
D/nofatclips(  456): 
D/nofatclips(  456): Quick mentions to tell you that unfortunately Tomdroid can't edit notes for now but this will come. Thanks for your patience.
D/nofatclips(  456): 
D/nofatclips(  456): Also, Tomdroid is always looking for new contributors. If you are interested join the tomdroid-dev team on launchpad: http://launchpad.net/~tomdroid-dev.
D/nofatclips(  456): 
D/nofatclips(  456): Lastly, if you encounter any issue, please report it at: https://bugs.launchpad.net/tomdroid
I/nofatclips(  456): Created trace to press the back button
I/nofatclips(  456): Created trace to press the menu button
I/nofatclips(  456): Created trace to change orientation
I/nofatclips(  456): Check for termination: 4 steps left of 15
I/nofatclips(  456): Dispatching new task. 2 more tasks remaining.
D/nofatclips(  456): Performing backup of the old task list on disk
D/nofatclips(  456): Saving task list on disk
V/nofatclips(  456): Backing up trace #62 to disk.
V/nofatclips(  456): Backing up trace #63 to disk.
D/nofatclips(  456): Deleting backup of the old task list from disk
D/nofatclips(  456): Deleting backup of the old activity list from disk
I/nofatclips(  456): Incrementally Playing Trace 63
I/nofatclips(  456): Retrieved from return list id=16908290
D/nofatclips(  456): Testing for type (android.widget.FrameLayout) against the original (null)
I/nofatclips(  456): Firing event: type= changeOrientation name= widget=null
D/SntpClient(   68): request time failed: java.net.SocketException: Address family not supported by protocol
I/WindowManager(   68): Setting rotation to 0, animFlags=1
I/ActivityManager(   68): Config changed: { scale=1.0 imsi=310/260 loc=en_US touch=3 keys=1/1/2 nav=3/1 orien=1 layout=34 uiMode=17 seq=7}
I/nofatclips(  456): Waiting for 1 sec.
I/nofatclips(  456): Current activity is ui.ViewNote
I/nofatclips(  456): Retrieving widgets
D/nofatclips(  456): Found widget: id=16908290 (android.widget.FrameLayout@40674210)
D/nofatclips(  456): Found widget: id=-1 (android.widget.LinearLayout@4068f140)
D/nofatclips(  456): Found widget: id=2131296262 (org.tomdroid.ui.Actionbar@4068f440)
D/nofatclips(  456): Found widget: id=2131296257 (android.widget.ImageView@40652c40)
D/nofatclips(  456): Found widget: id=2131296258 (android.widget.TextView@4057c7a8): Tomdroid's first note
D/nofatclips(  456): Found widget: id=2131296259 (android.widget.ImageView@406292f0)
D/nofatclips(  456): Found widget: id=2131296260 (android.widget.ImageView@4063ad58)
D/nofatclips(  456): Found widget: id=2131296261 (android.widget.ImageView@4064d478)
D/nofatclips(  456): Found widget: id=2131296266 (android.widget.ScrollView@4064d908)
D/nofatclips(  456): Found widget: id=2131296267 (android.widget.LinearLayout@40631678)
D/nofatclips(  456): Found widget: id=2131296268 (android.widget.TextView@406318e0): Tomdroid's first note
D/nofatclips(  456): 
D/nofatclips(  456): Welcome to Tomdroid!
D/nofatclips(  456): 
D/nofatclips(  456): You have no notes here yet. To get started, set your Synchronization preferences under Settings. There are two synchronization options described below.
D/nofatclips(  456): 
D/nofatclips(  456): Warning: Changing synchronization service will empty your note list.
D/nofatclips(  456): 
D/nofatclips(  456): Tomboy Web
D/nofatclips(  456): Tomboy Web is what you are looking for if you want to sync to Tomboy-Online, Ubuntu One, your own Snowy server or any server supporting the Tomboy Web REST API.
D/nofatclips(  456): 
D/nofatclips(  456): To use it, set Sync Service to Tomboy Web in preferences then  provide a Server URL. Here are some of the public ones:
D/nofatclips(  456): Tomboy Online - https://edge.tomboy-online.org/
D/nofatclips(  456): Ubuntu One - https://one.ubuntu.com/notes
D/nofatclips(  456): 
D/nofatclips(  456): Once set, hit the Sync logo on Tomdroid's top bar to synchronize your notes.
D/nofatclips(  456): 
D/nofatclips(  456): SD Card
D/nofatclips(  456): Put your Tomboy notes (*.note) on your SD Card under tomdroid/. The notes can be found in ~/.local/share/tomboy/ on Linux. Once the notes are copied, set Sync Service to SD Card in preferences then hit the Sync logo on Tomdroid's top bar.
D/nofatclips(  456): 
D/nofatclips(  456): See http://live.gnome.org/Tomboy/Directories for the notes' location on other platforms.
D/nofatclips(  456): 
D/nofatclips(  456): Back to Tomdroid
D/nofatclips(  456): 
D/nofatclips(  456): Quick mentions to tell you that unfortunately Tomdroid can't edit notes for now but this will come. Thanks for your patience.
D/nofatclips(  456): 
D/nofatclips(  456): Also, Tomdroid is always looking for new contributors. If you are interested join the tomdroid-dev team on launchpad: http://launchpad.net/~tomdroid-dev.
D/nofatclips(  456): 
D/nofatclips(  456): Lastly, if you encounter any issue, please report it at: https://bugs.launchpad.net/tomdroid
D/nofatclips(  456): Found widget: id=-1 (com.android.internal.policy.impl.PhoneWindow$DecorView@40735ab8)
V/nicola  (  456): TextualID : title
V/nicola  (  456): ContentType detected : default
V/nicola  (  456): TextualID : content
V/nicola  (  456): ContentType detected : default
I/nofatclips(  456): Performing comparation for activity ViewNote
D/nofatclips(  456): Comparing against activity ViewNote
D/nofatclips(  456): Comparing against activity ViewNote
D/nofatclips(  456): Comparing against activity ViewNote
D/nofatclips(  456): Comparing against activity ViewNote
D/nofatclips(  456): Comparing against activity Tomdroid
D/nofatclips(  456): Comparing against activity ViewNote
I/nofatclips(  456): Registering activity ViewNote (id: a13) as a new found state
D/nofatclips(  456): Performing backup of the old activity list on disk
D/nofatclips(  456): Saving new found state 'a13' on disk
V/nofatclips(  456): Opening state file in append mode.
I/nofatclips(  456): Waiting for 1 sec.
I/nofatclips(  456): Session count is 1. Will dump to disk at 1
I/nofatclips(  456): Saving the session on disk.
I/nofatclips(  456): Planning for new Activity ViewNote
D/nofatclips(  456): Handling event 'click' on widget id=2131296257 type=image name=
D/dalvikvm(   68): GC_EXPLICIT freed 57K, 60% free 4175K/10375K, external 3125K/3903K, paused 157ms
D/nofatclips(  456): Handling event 'click' on widget id=2131296259 type=image name=
D/nofatclips(  456): Handling event 'click' on widget id=2131296268 type=text name=Tomdroid's first note
D/nofatclips(  456): 
D/nofatclips(  456): Welcome to Tomdroid!
D/nofatclips(  456): 
D/nofatclips(  456): You have no notes here yet. To get started, set your Synchronization preferences under Settings. There are two synchronization options described below.
D/nofatclips(  456): 
D/nofatclips(  456): Warning: Changing synchronization service will empty your note list.
D/nofatclips(  456): 
D/nofatclips(  456): Tomboy Web
D/nofatclips(  456): Tomboy Web is what you are looking for if you want to sync to Tomboy-Online, Ubuntu One, your own Snowy server or any server supporting the Tomboy Web REST API.
D/nofatclips(  456): 
D/nofatclips(  456): To use it, set Sync Service to Tomboy Web in preferences then  provide a Server URL. Here are some of the public ones:
D/nofatclips(  456): Tomboy Online - https://edge.tomboy-online.org/
D/nofatclips(  456): Ubuntu One - https://one.ubuntu.com/notes
D/nofatclips(  456): 
D/nofatclips(  456): Once set, hit the Sync logo on Tomdroid's top bar to synchronize your notes.
D/nofatclips(  456): 
D/nofatclips(  456): SD Card
D/nofatclips(  456): Put your Tomboy notes (*.note) on your SD Card under tomdroid/. The notes can be found in ~/.local/share/tomboy/ on Linux. Once the notes are copied, set Sync Service to SD Card in preferences then hit the Sync logo on Tomdroid's top bar.
D/nofatclips(  456): 
D/nofatclips(  456): See http://live.gnome.org/Tomboy/Directories for the notes' location on other platforms.
D/nofatclips(  456): 
D/nofatclips(  456): Back to Tomdroid
D/nofatclips(  456): 
D/nofatclips(  456): Quick mentions to tell you that unfortunately Tomdroid can't edit notes for now but this will come. Thanks for your patience.
D/nofatclips(  456): 
D/nofatclips(  456): Also, Tomdroid is always looking for new contributors. If you are interested join the tomdroid-dev team on launchpad: http://launchpad.net/~tomdroid-dev.
D/nofatclips(  456): 
D/nofatclips(  456): Lastly, if you encounter any issue, please report it at: https://bugs.launchpad.net/tomdroid
D/dalvikvm(  456): GC_CONCURRENT freed 1342K, 54% free 3410K/7367K, external 3250K/3360K, paused 3ms+11ms
I/nofatclips(  456): Created trace to press the back button
I/nofatclips(  456): Created trace to press the menu button
I/nofatclips(  456): Created trace to change orientation
I/nofatclips(  456): Check for termination: 3 steps left of 15
I/nofatclips(  456): Dispatching new task. 2 more tasks remaining.
D/nofatclips(  456): Performing backup of the old task list on disk
D/nofatclips(  456): Saving task list on disk
V/nofatclips(  456): Backing up trace #68 to disk.
V/nofatclips(  456): Backing up trace #69 to disk.
D/nofatclips(  456): Deleting backup of the old task list from disk
D/nofatclips(  456): Deleting backup of the old activity list from disk
I/nofatclips(  456): Incrementally Playing Trace 69
I/nofatclips(  456): Retrieved from return list id=2131296257
D/nofatclips(  456): Testing for type (android.widget.ImageView) against the original (android.widget.ImageView)
D/nofatclips(  456): Testing for name () against the original ()
I/nofatclips(  456): Firing event: type= click index=3 widget=android.widget.ImageView
W/KeyCharacterMap(  456): No keyboard for id 0
W/KeyCharacterMap(  456): Using default keymap: /system/usr/keychars/qwerty.kcm.bin
I/ActivityManager(   68): Starting: Intent { flg=0x4000000 cmp=org.tomdroid/.ui.Tomdroid } from pid 456
I/nofatclips(  456): Waiting for 1 sec.
I/nofatclips(  456): Current activity is ui.Tomdroid
I/nofatclips(  456): Retrieving widgets
D/nofatclips(  456): Found widget: id=16908290 (android.widget.FrameLayout@405f3b88)
D/nofatclips(  456): Found widget: id=-1 (android.widget.LinearLayout@405f47f0)
D/nofatclips(  456): Found widget: id=2131296262 (org.tomdroid.ui.Actionbar@405f52f0)
D/nofatclips(  456): Found widget: id=2131296257 (android.widget.ImageView@405f6320)
D/nofatclips(  456): Found widget: id=2131296258 (android.widget.TextView@405f78f8): Tomdroid
D/nofatclips(  456): Found widget: id=2131296259 (android.widget.ImageView@405f8740)
D/nofatclips(  456): Found widget: id=2131296260 (android.widget.ImageView@405f96a0)
D/nofatclips(  456): Found widget: id=2131296261 (android.widget.ImageView@405f9b50)
D/nofatclips(  456): Found widget: id=16908298 (android.widget.ListView@405fabc8)
D/nofatclips(  456): Found widget: id=-1 (android.widget.TwoLineListItem@40547a10)
D/nofatclips(  456): Found widget: id=2131296264 (android.widget.TextView@40547e00): Tomdroid's first note
D/nofatclips(  456): Found widget: id=2131296265 (android.widget.TextView@406a3098): Modified: 10/9/2010, 8:50 PM
D/nofatclips(  456): Found widget: id=2131296263 (android.widget.TextView@405329f8): There are no notes in Tomdroid's database.
D/nofatclips(  456): Found widget: id=-1 (com.android.internal.policy.impl.PhoneWindow$DecorView@405f3288)
V/nicola  (  456): TextualID : title
V/nicola  (  456): ContentType detected : default
V/ReflectionHelper(  456): android.widget.ListView > mOnFocusChangeListener FOUND | NOT ACTIVE
V/nicola  (  456): TextualID : note_title
V/nicola  (  456): ContentType detected : default
V/nicola  (  456): TextualID : note_date
V/nicola  (  456): ContentType detected : default
I/nofatclips(  456): Performing comparation for activity Tomdroid
D/nofatclips(  456): Comparing against activity ViewNote
D/nofatclips(  456): Comparing against activity ViewNote
D/nofatclips(  456): Comparing against activity ViewNote
D/nofatclips(  456): Comparing against activity ViewNote
D/nofatclips(  456): Comparing against activity Tomdroid
D/nofatclips(  456): Comparing against activity ViewNote
D/nofatclips(  456): Comparing against activity ViewNote
I/nofatclips(  456): Registering activity Tomdroid (id: a14) as a new found state
D/nofatclips(  456): Performing backup of the old activity list on disk
D/nofatclips(  456): Saving new found state 'a14' on disk
V/nofatclips(  456): Opening state file in append mode.
I/nofatclips(  456): Waiting for 1 sec.
I/nofatclips(  456): Session count is 1. Will dump to disk at 1
I/nofatclips(  456): Saving the session on disk.
D/dalvikvm(  456): GC_FOR_MALLOC freed 1319K, 56% free 3331K/7431K, external 2682K/3349K, paused 35ms
I/nofatclips(  456): Planning for new Activity Tomdroid
D/nofatclips(  456): Handling event 'click' on widget id=2131296257 type=image name=
D/nofatclips(  456): Handling event 'click' on widget id=2131296259 type=image name=
D/nofatclips(  456): Handling event selectListItem for items [1,1] on listView #16908298 count=1
D/nofatclips(  456): Handling event longClickListItem for items [1,1] on listView #16908298 count=1
I/nofatclips(  456): Created trace to press the back button
I/nofatclips(  456): Created trace to press the menu button
I/nofatclips(  456): Created trace to change orientation
I/nofatclips(  456): Check for termination: 2 steps left of 15
I/nofatclips(  456): Dispatching new task. 2 more tasks remaining.
D/nofatclips(  456): Performing backup of the old task list on disk
D/nofatclips(  456): Saving task list on disk
V/nofatclips(  456): Backing up trace #74 to disk.
V/nofatclips(  456): Backing up trace #75 to disk.
D/nofatclips(  456): Deleting backup of the old task list from disk
D/nofatclips(  456): Deleting backup of the old activity list from disk
I/nofatclips(  456): Incrementally Playing Trace 75
I/nofatclips(  456): Retrieved from return list id=2131296257
D/nofatclips(  456): Testing for type (android.widget.ImageView) against the original (android.widget.ImageView)
D/nofatclips(  456): Testing for name () against the original ()
I/nofatclips(  456): Firing event: type= click index=3 widget=android.widget.ImageView
W/KeyCharacterMap(  456): No keyboard for id 0
W/KeyCharacterMap(  456): Using default keymap: /system/usr/keychars/qwerty.kcm.bin
I/nofatclips(  456): Waiting for 1 sec.
I/nofatclips(  456): Current activity is ui.Tomdroid
I/nofatclips(  456): Retrieving widgets
D/nofatclips(  456): Found widget: id=16908290 (android.widget.FrameLayout@405f3b88)
D/nofatclips(  456): Found widget: id=-1 (android.widget.LinearLayout@405f47f0)
D/nofatclips(  456): Found widget: id=2131296262 (org.tomdroid.ui.Actionbar@405f52f0)
D/nofatclips(  456): Found widget: id=2131296257 (android.widget.ImageView@405f6320)
D/nofatclips(  456): Found widget: id=2131296258 (android.widget.TextView@405f78f8): Tomdroid
D/nofatclips(  456): Found widget: id=2131296259 (android.widget.ImageView@405f8740)
D/nofatclips(  456): Found widget: id=2131296260 (android.widget.ImageView@405f96a0)
D/nofatclips(  456): Found widget: id=2131296261 (android.widget.ImageView@405f9b50)
D/nofatclips(  456): Found widget: id=16908298 (android.widget.ListView@405fabc8)
D/nofatclips(  456): Found widget: id=-1 (android.widget.TwoLineListItem@40547a10)
D/nofatclips(  456): Found widget: id=2131296264 (android.widget.TextView@40547e00): Tomdroid's first note
D/nofatclips(  456): Found widget: id=2131296265 (android.widget.TextView@406a3098): Modified: 10/9/2010, 8:50 PM
D/nofatclips(  456): Found widget: id=2131296263 (android.widget.TextView@405329f8): There are no notes in Tomdroid's database.
D/nofatclips(  456): Found widget: id=-1 (com.android.internal.policy.impl.PhoneWindow$DecorView@405f3288)
V/nicola  (  456): TextualID : title
V/nicola  (  456): ContentType detected : default
V/ReflectionHelper(  456): android.widget.ListView > mOnFocusChangeListener FOUND | NOT ACTIVE
V/nicola  (  456): TextualID : note_title
V/nicola  (  456): ContentType detected : default
V/nicola  (  456): TextualID : note_date
V/nicola  (  456): ContentType detected : default
I/nofatclips(  456): Performing comparation for activity Tomdroid
D/nofatclips(  456): Comparing against activity Tomdroid
D/nofatclips(  456): Comparing against activity ViewNote
D/nofatclips(  456): Comparing against activity ViewNote
D/nofatclips(  456): Comparing against activity ViewNote
D/nofatclips(  456): Comparing against activity ViewNote
D/nofatclips(  456): Comparing against activity ViewNote
D/nofatclips(  456): Comparing against activity Tomdroid
D/nofatclips(  456): Comparing against activity ViewNote
I/nofatclips(  456): Registering activity Tomdroid (id: a15) as a new found state
D/nofatclips(  456): Performing backup of the old activity list on disk
D/nofatclips(  456): Saving new found state 'a15' on disk
V/nofatclips(  456): Opening state file in append mode.
D/dalvikvm(  456): GC_CONCURRENT freed 1207K, 56% free 3291K/7431K, external 2153K/2689K, paused 9ms+5ms
I/nofatclips(  456): Waiting for 1 sec.
I/nofatclips(  456): Session count is 1. Will dump to disk at 1
I/nofatclips(  456): Saving the session on disk.
I/nofatclips(  456): Planning for new Activity Tomdroid
D/nofatclips(  456): Handling event 'click' on widget id=2131296257 type=image name=
D/nofatclips(  456): Handling event 'click' on widget id=2131296259 type=image name=
D/nofatclips(  456): Handling event selectListItem for items [1,1] on listView #16908298 count=1
D/nofatclips(  456): Handling event longClickListItem for items [1,1] on listView #16908298 count=1
I/nofatclips(  456): Created trace to press the back button
I/nofatclips(  456): Created trace to press the menu button
I/nofatclips(  456): Created trace to change orientation
I/nofatclips(  456): Check for termination: 1 steps left of 15
I/nofatclips(  456): Dispatching new task. 2 more tasks remaining.
D/nofatclips(  456): Performing backup of the old task list on disk
D/nofatclips(  456): Saving task list on disk
V/nofatclips(  456): Backing up trace #80 to disk.
D/dalvikvm(  456): GC_CONCURRENT freed 965K, 56% free 3302K/7431K, external 2153K/2689K, paused 7ms+4ms
V/nofatclips(  456): Backing up trace #81 to disk.
D/nofatclips(  456): Deleting backup of the old task list from disk
D/nofatclips(  456): Deleting backup of the old activity list from disk
I/nofatclips(  456): Incrementally Playing Trace 81
I/nofatclips(  456): Retrieved from return list id=16908290
D/nofatclips(  456): Testing for type (android.widget.FrameLayout) against the original (null)
I/nofatclips(  456): Firing event: type= openMenu name= widget=null
W/KeyCharacterMap(  456): No keyboard for id 0
W/KeyCharacterMap(  456): Using default keymap: /system/usr/keychars/qwerty.kcm.bin
I/nofatclips(  456): Waiting for 1 sec.
I/nofatclips(  456): Current activity is ui.Tomdroid
I/nofatclips(  456): Retrieving widgets
D/nofatclips(  456): Found widget: id=16908726 (com.android.internal.view.menu.IconMenuView@40512620)
D/nofatclips(  456): Found widget: id=16908310 (com.android.internal.view.menu.IconMenuItemView@4050c118): Search
D/nofatclips(  456): Found widget: id=16908310 (com.android.internal.view.menu.IconMenuItemView@405302d0): About
D/nofatclips(  456): Found widget: id=16908310 (com.android.internal.view.menu.IconMenuItemView@4053e558): Settings
D/nofatclips(  456): Found widget: id=-1 (com.android.internal.policy.impl.PhoneWindow$DecorView@40548090)
V/ReflectionHelper(  456): com.android.internal.view.menu.IconMenuView > mOnFocusChangeListener FOUND | NOT ACTIVE
V/nicola  (  456): TextualID : null
V/nicola  (  456): ContentType detected : default
V/nicola  (  456): TextualID : null
V/nicola  (  456): ContentType detected : default
V/nicola  (  456): TextualID : null
V/nicola  (  456): ContentType detected : default
I/nofatclips(  456): Performing comparation for activity Tomdroid
D/nofatclips(  456): Comparing against activity Tomdroid
D/nofatclips(  456): Comparing against activity ViewNote
D/nofatclips(  456): Comparing against activity ViewNote
D/nofatclips(  456): Comparing against activity Tomdroid
D/nofatclips(  456): Comparing against activity ViewNote
D/nofatclips(  456): Comparing against activity ViewNote
D/nofatclips(  456): Comparing against activity ViewNote
D/nofatclips(  456): Comparing against activity Tomdroid
D/nofatclips(  456): Comparing against activity ViewNote
I/nofatclips(  456): Registering activity Tomdroid (id: a16) as a new found state
D/nofatclips(  456): Performing backup of the old activity list on disk
D/nofatclips(  456): Saving new found state 'a16' on disk
V/nofatclips(  456): Opening state file in append mode.
I/nofatclips(  456): Waiting for 1 sec.
I/nofatclips(  456): Session count is 1. Will dump to disk at 1
I/nofatclips(  456): Saving the session on disk.
I/nofatclips(  456): Planning for new Activity Tomdroid
D/nofatclips(  456): Handling event 'click' on widget id=16908310 type=menuItem name=Search
D/nofatclips(  456): Handling event 'click' on widget id=16908310 type=menuItem name=About
D/nofatclips(  456): Handling event 'click' on widget id=16908310 type=menuItem name=Settings
I/nofatclips(  456): Created trace to press the back button
I/nofatclips(  456): Created trace to press the menu button
I/nofatclips(  456): Created trace to change orientation
D/dalvikvm(  456): GC_CONCURRENT freed 901K, 55% free 3382K/7431K, external 2234K/2689K, paused 7ms+4ms
I/nofatclips(  456): Check for termination: 0 steps left of 15
I/nofatclips(  456): Saving the session on disk. This is the last batch. The session will be terminated.
D/nofatclips(  456): Task list is empty. Deleting file from disk.
D/nofatclips(  456): Task list is empty: no resume needed. Deleting parameters and activity list from disk.
W/ActivityManager(   68): Duplicate finish request for HistoryRecord{4055a060 org.tomdroid/.ui.Tomdroid}
D/dalvikvm(  456): GC_EXPLICIT freed 391K, 57% free 3232K/7431K, external 2234K/2689K, paused 74ms
D/dalvikvm(  456): GC_EXPLICIT freed 3K, 57% free 3229K/7431K, external 2234K/2689K, paused 50ms
I/TestRunner(  456): finished: testAndCrawl(com.nofatclips.crawler.guitree.NomadEngine)
I/TestRunner(  456): passed: testAndCrawl(com.nofatclips.crawler.guitree.NomadEngine)
I/System.out(  456): EMMA: runtime coverage data written to [/data/data/org.tomdroid/files/coverage.ec] {in 16 ms}
I/ActivityManager(   68): Force stopping package org.tomdroid uid=10034
D/AndroidRuntime(  448): Shutting down VM
I/Process (   68): Sending signal. PID: 456 SIG: 9
D/dalvikvm(  448): GC_CONCURRENT freed 104K, 71% free 297K/1024K, external 0K/0K, paused 1ms+1ms
D/jdwp    (  448): adbd disconnected
E/InputDispatcher(   68): channel '406b6dc8 org.tomdroid/org.tomdroid.ui.Tomdroid (server)' ~ Consumer closed input channel or an error occurred.  events=0x8
E/InputDispatcher(   68): channel '406b6dc8 org.tomdroid/org.tomdroid.ui.Tomdroid (server)' ~ Channel is unrecoverably broken and will be disposed!
I/dalvikvm(  448): JNI: AttachCurrentThread (from ???.???)
I/AndroidRuntime(  448): NOTE: attach of thread 'Binder Thread #3' failed
I/WindowManager(   68): WIN DEATH: Window{406b6dc8 org.tomdroid/org.tomdroid.ui.Tomdroid paused=false}
I/WindowManager(   68): WIN DEATH: Window{40741c90 AtchDlg:org.tomdroid/org.tomdroid.ui.Tomdroid paused=false}
E/InputDispatcher(   68): Received spurious receive callback for unknown input channel.  fd=151, events=0x8
I/SystemServer(   68): Power Manager
I/SystemServer(   68): Activity Manager
I/ActivityManager(   68): Memory class: 24
D/libEGL  (   80): egl.cfg not found, using default config
D/libEGL  (   80): loaded /system/lib/egl/libGLES_android.so
W/zipro   (   80): Unable to open zip '/data/local/bootanimation.zip': No such file or directory
W/zipro   (   80): Unable to open zip '/system/media/bootanimation.zip': No such file or directory
I/SystemServer(   68): Telephony Registry
I/SystemServer(   68): Package Manager
I/Installer(   68): connecting...
I/installd(   35): new connection
I/ARMAssembler(   68): generated scanline__00000077:03010104_00000004_00000000 [ 22 ipp] (41 ins) at [0x445ee1e8:0x445ee28c] in 2818133 ns
I/ARMAssembler(   80): generated scanline__00000077:03545404_00000A01_00000000 [ 30 ipp] (51 ins) at [0x404281e8:0x404282b4] in 1617347 ns
I/PackageManager(   68): No settings file; creating initial state
W/PackageManager(   68): Running ENG build: no pre-dexopt!
D/installd(   35): DexInv: --- BEGIN '/system/framework/android.test.runner.jar' ---
D/dalvikvm(   87): DexOpt: load 39ms, verify+opt 216ms
D/installd(   35): DexInv: --- END '/system/framework/android.test.runner.jar' (success) ---
D/installd(   35): DexInv: --- BEGIN '/system/framework/com.android.location.provider.jar' ---
D/dalvikvm(   88): DexOpt: load 13ms, verify+opt 13ms
D/installd(   35): DexInv: --- END '/system/framework/com.android.location.provider.jar' (success) ---
D/installd(   35): DexInv: --- BEGIN '/system/framework/javax.obex.jar' ---
D/dalvikvm(   89): DexOpt: load 7ms, verify+opt 58ms
D/installd(   35): DexInv: --- END '/system/framework/javax.obex.jar' (success) ---
D/installd(   35): DexInv: --- BEGIN '/system/framework/bmgr.jar' ---
D/dalvikvm(   90): DexOpt: load 7ms, verify+opt 17ms
D/installd(   35): DexInv: --- END '/system/framework/bmgr.jar' (success) ---
D/installd(   35): DexInv: --- BEGIN '/system/framework/input.jar' ---
D/dalvikvm(   91): DexOpt: load 3ms, verify+opt 20ms
D/installd(   35): DexInv: --- END '/system/framework/input.jar' (success) ---
D/installd(   35): DexInv: --- BEGIN '/system/framework/monkey.jar' ---
D/dalvikvm(   92): DexOpt: load 19ms, verify+opt 105ms
D/installd(   35): DexInv: --- END '/system/framework/monkey.jar' (success) ---
D/installd(   35): DexInv: --- BEGIN '/system/framework/ime.jar' ---
D/dalvikvm(   93): DexOpt: load 3ms, verify+opt 18ms
D/installd(   35): DexInv: --- END '/system/framework/ime.jar' (success) ---
D/installd(   35): DexInv: --- BEGIN '/system/framework/svc.jar' ---
D/dalvikvm(   94): DexOpt: load 4ms, verify+opt 21ms
D/installd(   35): DexInv: --- END '/system/framework/svc.jar' (success) ---
D/installd(   35): DexInv: --- BEGIN '/system/framework/sqlite-jdbc.jar' ---
D/dalvikvm(   95): DexOpt: load 24ms, verify+opt 123ms
D/installd(   35): DexInv: --- END '/system/framework/sqlite-jdbc.jar' (success) ---
D/installd(   35): DexInv: --- BEGIN '/system/framework/am.jar' ---
D/dalvikvm(   96): DexOpt: load 14ms, verify+opt 44ms
D/installd(   35): DexInv: --- END '/system/framework/am.jar' (success) ---
D/installd(   35): DexInv: --- BEGIN '/system/framework/pm.jar' ---
D/dalvikvm(   97): DexOpt: load 9ms, verify+opt 52ms
D/installd(   35): DexInv: --- END '/system/framework/pm.jar' (success) ---
I/PackageManager(   68): /system/framework/framework-res.apk changed; collecting certs
D/dalvikvm(   68): GC_CONCURRENT freed 162K, 49% free 2876K/5639K, external 1625K/2137K, paused 7ms+4ms
D/dalvikvm(   68): GC_CONCURRENT freed 173K, 47% free 3231K/6023K, external 1625K/2137K, paused 10ms+4ms
D/dalvikvm(   68): GC_CONCURRENT freed 320K, 47% free 3429K/6407K, external 1625K/2137K, paused 6ms+3ms
D/dalvikvm(   68): GC_FOR_MALLOC freed 162K, 47% free 3551K/6599K, external 1625K/2137K, paused 30ms
I/dalvikvm-heap(   68): Grow heap (frag case) to 7.981MB for 391186-byte allocation
D/dalvikvm(   68): GC_FOR_MALLOC freed 0K, 44% free 3933K/6983K, external 1625K/2137K, paused 50ms
D/dalvikvm(   68): GC_FOR_MALLOC freed 755K, 49% free 3792K/7303K, external 1625K/2137K, paused 29ms
D/dalvikvm(   68): GC_CONCURRENT freed 214K, 42% free 4267K/7303K, external 1625K/2137K, paused 6ms+2ms
D/dalvikvm(   68): GC_FOR_MALLOC freed 695K, 46% free 4220K/7687K, external 1625K/2137K, paused 29ms
D/dalvikvm(   68): GC_CONCURRENT freed 438K, 40% free 4615K/7687K, external 1625K/2137K, paused 6ms+4ms
D/dalvikvm(   68): GC_CONCURRENT freed 86K, 33% free 5498K/8199K, external 1625K/2137K, paused 7ms+5ms
D/dalvikvm(   68): GC_CONCURRENT freed 607K, 35% free 6065K/9287K, external 1625K/2137K, paused 7ms+5ms
I/PackageManager(   68): /system/app/DownloadProvider.apk changed; collecting certs
I/PackageManager(   68): New shared user android.media: id=10000
I/PackageManager(   68): /system/app/HTMLViewer.apk changed; collecting certs
I/PackageManager(   68): /system/app/QuickSearchBox.apk changed; collecting certs
D/dalvikvm(   68): GC_CONCURRENT freed 1020K, 37% free 6347K/9991K, external 1625K/2137K, paused 7ms+41ms
I/PackageManager(   68): /system/app/DefaultContainerService.apk changed; collecting certs
I/PackageManager(   68): /system/app/VpnServices.apk changed; collecting certs
I/PackageManager(   68): /system/app/SettingsProvider.apk changed; collecting certs
I/PackageManager(   68): /system/app/OpenWnn.apk changed; collecting certs
D/dalvikvm(   68): GC_CONCURRENT freed 4208K, 65% free 3704K/10375K, external 1625K/2137K, paused 7ms+17ms
I/PackageManager(   68): /system/app/Music.apk changed; collecting certs
D/dalvikvm(   68): GC_CONCURRENT freed 770K, 65% free 3639K/10375K, external 1625K/2137K, paused 7ms+32ms
I/PackageManager(   68): /system/app/ApplicationsProvider.apk changed; collecting certs
I/PackageManager(   68): New shared user android.uid.shared: id=10006
I/PackageManager(   68): /system/app/LiveWallpapersPicker.apk changed; collecting certs
I/PackageManager(   68): /system/app/Fallback.apk changed; collecting certs
I/PackageManager(   68): /system/app/PicoTts.apk changed; collecting certs
D/dalvikvm(   68): GC_CONCURRENT freed 1003K, 68% free 3362K/10375K, external 1625K/2137K, paused 7ms+17ms
I/PackageManager(   68): /system/app/LatinIME.apk changed; collecting certs
D/dalvikvm(   68): GC_CONCURRENT freed 747K, 69% free 3233K/10375K, external 1625K/2137K, paused 8ms+5ms
I/PackageManager(   68): /system/app/TtsService.apk changed; collecting certs
I/PackageManager(   68): /system/app/SoundRecorder.apk changed; collecting certs
D/dalvikvm(   68): GC_CONCURRENT freed 440K, 68% free 3378K/10375K, external 1625K/2137K, paused 7ms+13ms
I/PackageManager(   68): /system/app/PinyinIME.apk changed; collecting certs
I/PackageManager(   68): /system/app/DownloadProviderUi.apk changed; collecting certs
D/dalvikvm(   68): GC_CONCURRENT freed 824K, 70% free 3178K/10375K, external 1625K/2137K, paused 7ms+4ms
I/PackageManager(   68): /system/app/Gallery.apk changed; collecting certs
D/dalvikvm(   68): GC_CONCURRENT freed 377K, 68% free 3374K/10375K, external 1625K/2137K, paused 11ms+14ms
I/PackageManager(   68): /system/app/AccountAndSyncSettings.apk changed; collecting certs
I/PackageManager(   68): /system/app/Launcher2.apk changed; collecting certs
D/dalvikvm(   68): GC_CONCURRENT freed 556K, 68% free 3401K/10375K, external 1625K/2137K, paused 7ms+6ms
I/PackageManager(   68): /system/app/TelephonyProvider.apk changed; collecting certs
D/dalvikvm(   68): GC_CONCURRENT freed 706K, 68% free 3324K/10375K, external 1625K/2137K, paused 7ms+3ms
I/PackageManager(   68): /system/app/DrmProvider.apk changed; collecting certs
I/PackageManager(   68): /system/app/CustomLocale.apk changed; collecting certs
I/PackageManager(   68): /system/app/ContactsProvider.apk changed; collecting certs
I/PackageManager(   68): /system/app/Mms.apk changed; collecting certs
D/dalvikvm(   68): GC_CONCURRENT freed 378K, 66% free 3544K/10375K, external 1625K/2137K, paused 11ms+8ms
I/PackageManager(   68): /system/app/SpareParts.apk changed; collecting certs
D/dalvikvm(   68): GC_CONCURRENT freed 880K, 68% free 3329K/10375K, external 1625K/2137K, paused 7ms+3ms
I/PackageManager(   68): /system/app/SpeechRecorder.apk changed; collecting certs
I/PackageManager(   68): /system/app/Settings.apk changed; collecting certs
D/dalvikvm(   68): GC_CONCURRENT freed 224K, 65% free 3678K/10375K, external 1625K/2137K, paused 11ms+7ms
D/dalvikvm(   68): GC_CONCURRENT freed 731K, 65% free 3637K/10375K, external 1625K/2137K, paused 7ms+11ms
I/PackageManager(   68): /system/app/Term.apk changed; collecting certs
I/PackageManager(   68): /system/app/DeskClock.apk changed; collecting certs
D/dalvikvm(   68): GC_CONCURRENT freed 470K, 63% free 3855K/10375K, external 1625K/2137K, paused 8ms+12ms
I/PackageManager(   68): /system/app/UserDictionaryProvider.apk changed; collecting certs
I/PackageManager(   68): /system/app/Browser.apk changed; collecting certs
D/dalvikvm(   68): GC_CONCURRENT freed 1025K, 66% free 3572K/10375K, external 1625K/2137K, paused 7ms+5ms
I/PackageManager(   68): /system/app/PackageInstaller.apk changed; collecting certs
I/PackageManager(   68): /system/app/CertInstaller.apk changed; collecting certs
I/PackageManager(   68): /system/app/NetSpeed.apk changed; collecting certs
I/PackageManager(   68): /system/app/SystemUI.apk changed; collecting certs
D/dalvikvm(   68): GC_CONCURRENT freed 689K, 66% free 3534K/10375K, external 1625K/2137K, paused 11ms+6ms
I/PackageManager(   68): /system/app/Contacts.apk changed; collecting certs
D/dalvikvm(   68): GC_CONCURRENT freed 665K, 66% free 3531K/10375K, external 1625K/2137K, paused 7ms+8ms
D/dalvikvm(   68): GC_CONCURRENT freed 612K, 66% free 3580K/10375K, external 1625K/2137K, paused 8ms+7ms
I/PackageManager(   68): /system/app/MediaProvider.apk changed; collecting certs
D/dalvikvm(   68): GC_CONCURRENT freed 464K, 64% free 3790K/10375K, external 1625K/2137K, paused 8ms+5ms
I/PackageManager(   68): /system/app/Protips.apk changed; collecting certs
I/PackageManager(   68): /system/app/Camera.apk changed; collecting certs
D/dalvikvm(   68): GC_CONCURRENT freed 401K, 61% free 4113K/10375K, external 1625K/2137K, paused 8ms+11ms
I/PackageManager(   68): /system/app/SdkSetup.apk changed; collecting certs
I/PackageManager(   68): /system/app/Calculator.apk changed; collecting certs
I/PackageManager(   68): /system/app/Email.apk changed; collecting certs
D/dalvikvm(   68): GC_CONCURRENT freed 1146K, 64% free 3774K/10375K, external 1625K/2137K, paused 7ms+11ms
I/PackageManager(   68): /system/app/Development.apk changed; collecting certs
I/PackageManager(   68): /system/app/Phone.apk changed; collecting certs
D/dalvikvm(   68): GC_CONCURRENT freed 695K, 64% free 3773K/10375K, external 1625K/2137K, paused 7ms+8ms
D/dalvikvm(   68): GC_CONCURRENT freed 743K, 64% free 3753K/10375K, external 1625K/2137K, paused 6ms+4ms
D/PackageManager(   68): No files in app dir /vendor/app
I/PackageManager(   68): /data/app/GestureBuilder.apk changed; collecting certs
I/PackageManager(   68): Unpacking native libraries for /data/app/GestureBuilder.apk
I/PackageManager(   68): /data/app/SoftKeyboard.apk changed; collecting certs
D/dalvikvm(   68): GC_CONCURRENT freed 523K, 62% free 3946K/10375K, external 1625K/2137K, paused 8ms+14ms
I/PackageManager(   68): Unpacking native libraries for /data/app/SoftKeyboard.apk
I/PackageManager(   68): /data/app/CubeLiveWallpapers.apk changed; collecting certs
I/PackageManager(   68): Unpacking native libraries for /data/app/CubeLiveWallpapers.apk
D/szipinf (   68): Initializing inflate state
W/PackageParser(   68): No actions in intent filter at /data/app/ApiDemos.apk Binary XML file line #1882
W/PackageParser(   68): No actions in intent filter at /data/app/ApiDemos.apk Binary XML file line #1888
I/PackageManager(   68): /data/app/ApiDemos.apk changed; collecting certs
D/dalvikvm(   68): GC_CONCURRENT freed 1033K, 65% free 3666K/10375K, external 1625K/2137K, paused 8ms+6ms
D/dalvikvm(   68): GC_CONCURRENT freed 453K, 63% free 3908K/10375K, external 1625K/2137K, paused 8ms+6ms
D/dalvikvm(   68): GC_CONCURRENT freed 771K, 63% free 3889K/10375K, external 1625K/2137K, paused 11ms+3ms
D/dalvikvm(   68): GC_CONCURRENT freed 738K, 63% free 3902K/10375K, external 1625K/2137K, paused 7ms+4ms
D/dalvikvm(   68): GC_CONCURRENT freed 740K, 63% free 3910K/10375K, external 1625K/2137K, paused 8ms+4ms
D/dalvikvm(   68): GC_CONCURRENT freed 751K, 63% free 3914K/10375K, external 1625K/2137K, paused 11ms+4ms
W/PackageManager(   68): Package com.example.android.apis desires unavailable shared library com.example.will.never.exist; ignoring!
I/PackageManager(   68): Unpacking native libraries for /data/app/ApiDemos.apk
I/PackageManager(   68): Time to scan packages: 15.852 seconds
I/PackageManager(   68): Platform changed from 0 to 10; regranting permissions for internal storage
W/PackageManager(   68): Unknown permission com.google.android.googleapps.permission.GOOGLE_AUTH.mail in package com.android.contacts
W/PackageManager(   68): Unknown permission android.permission.ADD_SYSTEM_SERVICE in package com.android.phone
W/PackageManager(   68): Not granting permission android.permission.SEND_DOWNLOAD_COMPLETED_INTENTS to package com.android.browser (protectionLevel=2 flags=0x9be45)
W/PackageManager(   68): Unknown permission com.google.android.gm.permission.WRITE_GMAIL in package com.android.settings
W/PackageManager(   68): Unknown permission com.google.android.gm.permission.READ_GMAIL in package com.android.settings
W/PackageManager(   68): Unknown permission com.google.android.googleapps.permission.GOOGLE_AUTH in package com.android.settings
W/PackageManager(   68): Unknown permission com.google.android.googleapps.permission.GOOGLE_AUTH in package com.android.providers.contacts
W/PackageManager(   68): Unknown permission com.google.android.googleapps.permission.GOOGLE_AUTH.cp in package com.android.providers.contacts
W/PackageManager(   68): Unknown permission com.google.android.googleapps.permission.ACCESS_GOOGLE_PASSWORD in package com.android.development
W/PackageManager(   68): Unknown permission com.google.android.googleapps.permission.GOOGLE_AUTH in package com.android.development
W/