V/nofatclips(  456): Updating value TEXT_VALUES_FROM_DICTIONARY
V/nofatclips(  456): Updating value TEXT_VALUES_ID_HASH
V/nofatclips(  456): Updating value USE_GPS
V/nofatclips(  456): Updating value USE_SENSORS
D/nofatclips(  456): Updating node planner
D/nofatclips(  456): Loading node planner
V/nofatclips(  456): Updating value ALL_EVENTS_ON_PREFERENCES
V/nofatclips(  456): Updating value BACK_BUTTON_EVENT
V/nofatclips(  456): Updating value DICTIONARY_FIXED_VALUE
V/nofatclips(  456): Updating value DICTIONARY_IGNORE_CONTENT_TYPES
V/nofatclips(  456): Updating value EMULATOR_PORT
V/nofatclips(  456): Updating value EVENTS
D/nofatclips(  456): Updated values of array parameter EVENTS
V/nofatclips(  456): Updating value EVENT_WHEN_NO_ID
V/nofatclips(  456): Updating value EXCLUDE_WIDGETS_INPUTS_IN_GPS_EVENTS
V/nofatclips(  456): Updating value EXCLUDE_WIDGETS_INPUTS_IN_SENSORS_EVENTS
V/nofatclips(  456): Updating value INPUTS
D/nofatclips(  456): Updated values of array parameter INPUTS
V/nofatclips(  456): Updating value KEY_EVENTS
V/nofatclips(  456): Updating value MAX_EVENTS_PER_WIDGET
D/nofatclips(  456): Updated value of parameter MAX_EVENTS_PER_WIDGET to 15 (default = 0)
V/nofatclips(  456): Updating value MAX_TASKS_IN_SCHEDULER
V/nofatclips(  456): Updating value MAX_TASKS_PER_EVENT
V/nofatclips(  456): Updating value MENU_EVENTS
V/nofatclips(  456): Updating value ORIENTATION_EVENTS
V/nofatclips(  456): Updating value PLANNER
V/nofatclips(  456): Updating value REFLECT_ACTIVITY_LISTENERS
V/nofatclips(  456): Updating value REFLECT_WIDGETS
V/nofatclips(  456): Updating value SCHEDULER_ALGORITHM
V/nofatclips(  456): Updating value SCROLL_DOWN_EVENT
V/nofatclips(  456): Updating value SENSOR_TYPES
V/nofatclips(  456): Updating value SIMULATE_INCOMING_CALL
V/nofatclips(  456): Updating value SIMULATE_INCOMING_SMS
V/nofatclips(  456): Updating value TAB_EVENTS_START_ONLY
V/nofatclips(  456): Updating value TEST_LOCATION_PROVIDER
V/nofatclips(  456): Updating value TEXT_VALUES_FROM_DICTIONARY
V/nofatclips(  456): Updating value TEXT_VALUES_ID_HASH
D/nofatclips(  456): Updated value of parameter TEXT_VALUES_ID_HASH to true (default = false)
V/nofatclips(  456): Updating value USE_GPS
V/nofatclips(  456): Updating value USE_SENSORS
D/nofatclips(  456): Updating node interactions
D/nofatclips(  456): Loading node interactions
V/nofatclips(  456): Updating value ALL_EVENTS_ON_PREFERENCES
V/nofatclips(  456): Updating value BACK_BUTTON_EVENT
V/nofatclips(  456): Updating value DICTIONARY_FIXED_VALUE
V/nofatclips(  456): Updating value DICTIONARY_IGNORE_CONTENT_TYPES
V/nofatclips(  456): Updating value EMULATOR_PORT
V/nofatclips(  456): Updating value EVENTS
D/nofatclips(  456): Updated values of array parameter EVENTS
V/nofatclips(  456): Updating value EVENT_WHEN_NO_ID
V/nofatclips(  456): Updating value EXCLUDE_WIDGETS_INPUTS_IN_GPS_EVENTS
V/nofatclips(  456): Updating value EXCLUDE_WIDGETS_INPUTS_IN_SENSORS_EVENTS
V/nofatclips(  456): Updating value INPUTS
D/nofatclips(  456): Updated values of array parameter INPUTS
V/nofatclips(  456): Updating value KEY_EVENTS
V/nofatclips(  456): Updating value MAX_EVENTS_PER_WIDGET
V/nofatclips(  456): Updating value MAX_TASKS_IN_SCHEDULER
V/nofatclips(  456): Updating value MAX_TASKS_PER_EVENT
V/nofatclips(  456): Updating value MENU_EVENTS
V/nofatclips(  456): Updating value ORIENTATION_EVENTS
V/nofatclips(  456): Updating value PLANNER
V/nofatclips(  456): Updating value REFLECT_ACTIVITY_LISTENERS
V/nofatclips(  456): Updating value REFLECT_WIDGETS
V/nofatclips(  456): Updating value SCHEDULER_ALGORITHM
V/nofatclips(  456): Updating value SCROLL_DOWN_EVENT
V/nofatclips(  456): Updating value SENSOR_TYPES
V/nofatclips(  456): Updating value SIMULATE_INCOMING_CALL
V/nofatclips(  456): Updating value SIMULATE_INCOMING_SMS
V/nofatclips(  456): Updating value TAB_EVENTS_START_ONLY
V/nofatclips(  456): Updating value TEST_LOCATION_PROVIDER
V/nofatclips(  456): Updating value TEXT_VALUES_FROM_DICTIONARY
V/nofatclips(  456): Updating value TEXT_VALUES_ID_HASH
V/nofatclips(  456): Updating value USE_GPS
V/nofatclips(  456): Updating value USE_SENSORS
D/nofatclips(  456): Updating node comparator
D/nofatclips(  456): Loading node comparator
V/nofatclips(  456): Updating value COMPARATOR
V/nofatclips(  456): Updating value COMPARATOR_TYPE
V/nofatclips(  456): Updating value COMPARE_ACTIVITY_NAME
V/nofatclips(  456): Updating value COMPARE_LIST_COUNT
V/nofatclips(  456): Updating value COMPARE_MENU_COUNT
D/nofatclips(  456): Updated value of parameter COMPARE_MENU_COUNT to false (default = true)
V/nofatclips(  456): Updating value COMPARE_STATE_TITLE
V/nofatclips(  456): Updating value COMPARE_VALUES
V/nofatclips(  456): Updating value WIDGET_TYPES
D/nofatclips(  456): Updating node strategy
D/nofatclips(  456): Loading node strategy
V/nofatclips(  456): Updating value AFTER_EVENT_DONT_EXPLORE
V/nofatclips(  456): Updating value AFTER_WIDGET_DONT_EXPLORE
V/nofatclips(  456): Updating value CHECK_FOR_TRANSITION
V/nofatclips(  456): Updating value EXPLORE_ONLY_NEW_STATES
D/nofatclips(  456): Updated value of parameter EXPLORE_ONLY_NEW_STATES to false (default = true)
V/nofatclips(  456): Updating value MAX_NUM_TRACES
D/nofatclips(  456): Updated value of parameter MAX_NUM_TRACES to 15 (default = 0)
V/nofatclips(  456): Updating value MAX_TIME_CRAWLING
V/nofatclips(  456): Updating value PAUSE_AFTER_TIME
V/nofatclips(  456): Updating value PAUSE_AFTER_TRACES
V/nofatclips(  456): Updating value TRACE_MAX_DEPTH
V/nofatclips(  456): Updating value TRACE_MIN_DEPTH
D/nofatclips(  456): Starting random testing
I/ActivityThread(  456): Pub org.tomdroid.notes: org.tomdroid.NoteProvider
I/ActivityThread(  456): Pub org.tomdroid.util.SearchSuggestionProvider: org.tomdroid.util.SearchSuggestionProvider
I/TestRunner(  456): started: testAndCrawl(com.nofatclips.crawler.guitree.NomadEngine)
I/ActivityManager(   68): Starting: Intent { act=android.intent.action.MAIN flg=0x10000000 cmp=org.tomdroid/.ui.Tomdroid } from pid 456
D/dalvikvm(  456): GC_EXTERNAL_ALLOC freed 662K, 55% free 2823K/6151K, external 1807K/2137K, paused 52ms
I/ActivityManager(   68): Displayed org.tomdroid/.ui.Tomdroid: +903ms
D/nofatclips(  456): Generated Resuming Persistence
I/dalvikvm(  456): Could not find method android.app.Activity.getFragmentManager, referenced from method com.jayway.android.robotium.solo.Waiter.getFragment
W/dalvikvm(  456): VFY: unable to resolve virtual method 7: Landroid/app/Activity;.getFragmentManager ()Landroid/app/FragmentManager;
D/dalvikvm(  456): VFY: replacing opcode 0x6e at 0x0008
I/dalvikvm(  456): Could not find method android.app.Activity.getFragmentManager, referenced from method com.jayway.android.robotium.solo.Waiter.getFragment
W/dalvikvm(  456): VFY: unable to resolve virtual method 7: Landroid/app/Activity;.getFragmentManager ()Landroid/app/FragmentManager;
D/dalvikvm(  456): VFY: replacing opcode 0x6e at 0x0017
W/dalvikvm(  456): VFY: unable to find class referenced in signature (Landroid/app/Fragment;)
D/dalvikvm(  456): VFY: dead code 0x000b-000f in Lcom/jayway/android/robotium/solo/Waiter;.getFragment (Ljava/lang/String;I)Landroid/app/Fragment;
D/dalvikvm(  456): VFY: dead code 0x001a-001f in Lcom/jayway/android/robotium/solo/Waiter;.getFragment (Ljava/lang/String;I)Landroid/app/Fragment;
E/dalvikvm(  456): Could not find class 'android.support.v4.app.FragmentActivity', referenced from method com.jayway.android.robotium.solo.Waiter.getSupportFragment
W/dalvikvm(  456): VFY: unable to resolve check-cast 49 (Landroid/support/v4/app/FragmentActivity;) in Lcom/jayway/android/robotium/solo/Waiter;
D/dalvikvm(  456): VFY: replacing opcode 0x1f at 0x0009
I/dalvikvm(  456): Could not find method android.support.v4.app.FragmentActivity.getSupportFragmentManager, referenced from method com.jayway.android.robotium.solo.Waiter.getSupportFragment
W/dalvikvm(  456): VFY: unable to resolve virtual method 110: Landroid/support/v4/app/FragmentActivity;.getSupportFragmentManager ()Landroid/support/v4/app/FragmentManager;
D/dalvikvm(  456): VFY: replacing opcode 0x6e at 0x0010
I/dalvikvm(  456): Could not find method android.support.v4.app.FragmentActivity.getSupportFragmentManager, referenced from method com.jayway.android.robotium.solo.Waiter.getSupportFragment
W/dalvikvm(  456): VFY: unable to resolve virtual method 110: Landroid/support/v4/app/FragmentActivity;.getSupportFragmentManager ()Landroid/support/v4/app/FragmentManager;
D/dalvikvm(  456): VFY: replacing opcode 0x6e at 0x0019
W/dalvikvm(  456): VFY: unable to find class referenced in signature (Landroid/support/v4/app/Fragment;)
D/dalvikvm(  456): VFY: dead code 0x000b-000b in Lcom/jayway/android/robotium/solo/Waiter;.getSupportFragment (Ljava/lang/String;I)Landroid/support/v4/app/Fragment;
D/dalvikvm(  456): VFY: dead code 0x0013-0017 in Lcom/jayway/android/robotium/solo/Waiter;.getSupportFragment (Ljava/lang/String;I)Landroid/support/v4/app/Fragment;
D/dalvikvm(  456): VFY: dead code 0x001c-0021 in Lcom/jayway/android/robotium/solo/Waiter;.getSupportFragment (Ljava/lang/String;I)Landroid/support/v4/app/Fragment;
W/dalvikvm(  456): VFY: unable to find class referenced in signature (Landroid/support/v4/app/Fragment;)
W/dalvikvm(  456): VFY: unable to find class referenced in signature (Landroid/app/Fragment;)
W/dalvikvm(  456): VFY: unable to find class referenced in signature (Landroid/support/v4/app/Fragment;)
D/nofatclips(  456): Updating node automation
D/nofatclips(  456): Loading node automation
V/nofatclips(  456): Updating value FORCE_RESTART
V/nofatclips(  456): Updating value IN_AND_OUT_FOCUS
V/nofatclips(  456): Updating value PRECRAWLING
V/nofatclips(  456): Updating value SCREENSHOT_FOR_EVENTS
D/nofatclips(  456): Updated value of parameter SCREENSHOT_FOR_EVENTS to false (default = true)
V/nofatclips(  456): Updating value SCREENSHOT_FOR_STATES
D/nofatclips(  456): Updated value of parameter SCREENSHOT_FOR_STATES to false (default = true)
V/nofatclips(  456): Updating value SCREENSHOT_ONLY_NEW_STATES
V/nofatclips(  456): Updating value SLEEP_AFTER_EVENT
V/nofatclips(  456): Updating value SLEEP_AFTER_RESTART
V/nofatclips(  456): Updating value SLEEP_AFTER_TASK
V/nofatclips(  456): Updating value SLEEP_ON_THROBBER
D/nofatclips(  456): Updating node screenshot
D/nofatclips(  456): Loading node screenshot
V/nofatclips(  456): Updating value FORCE_RESTART
V/nofatclips(  456): Updating value IN_AND_OUT_FOCUS
V/nofatclips(  456): Updating value PRECRAWLING
V/nofatclips(  456): Updating value SCREENSHOT_FOR_EVENTS
V/nofatclips(  456): Updating value SCREENSHOT_FOR_STATES
V/nofatclips(  456): Updating value SCREENSHOT_ONLY_NEW_STATES
V/nofatclips(  456): Updating value SLEEP_AFTER_EVENT
V/nofatclips(  456): Updating value SLEEP_AFTER_RESTART
V/nofatclips(  456): Updating value SLEEP_AFTER_TASK
V/nofatclips(  456): Updating value SLEEP_ON_THROBBER
I/nofatclips(  456): Waiting for 1 sec.
D/nofatclips(  456): Ready to operate after restarting...
I/nofatclips(  456): Current activity is ui.Tomdroid
W/nofatclips(  456): --->ui.Tomdroid
I/nofatclips(  456): Retrieving widgets
D/nofatclips(  456): Found widget: id=16908290 (android.widget.FrameLayout@405f3b88)
D/nofatclips(  456): Found widget: id=-1 (android.widget.LinearLayout@405f47f0)
D/nofatclips(  456): Found widget: id=2131296262 (org.tomdroid.ui.Actionbar@405f52f0)
D/nofatclips(  456): Found widget: id=2131296257 (android.widget.ImageView@405f6320)
D/nofatclips(  456): Found widget: id=2131296258 (android.widget.TextView@405f78f8): Tomdroid
D/nofatclips(  456): Found widget: id=2131296259 (android.widget.ImageView@405f8740)
D/nofatclips(  456): Found widget: id=2131296260 (android.widget.ImageView@405f96a0)
D/nofatclips(  456): Found widget: id=2131296261 (android.widget.ImageView@405f9b50)
D/nofatclips(  456): Found widget: id=16908298 (android.widget.ListView@405fabc8)
D/nofatclips(  456): Found widget: id=-1 (android.widget.TwoLineListItem@40510180)
D/nofatclips(  456): Found widget: id=2131296264 (android.widget.TextView@405333c0): Tomdroid's first note
D/nofatclips(  456): Found widget: id=2131296265 (android.widget.TextView@4055bf60): Modified: 10/9/2010, 8:50 PM
D/nofatclips(  456): Found widget: id=2131296263 (android.widget.TextView@405329f8): There are no notes in Tomdroid's database.
D/nofatclips(  456): Found widget: id=-1 (com.android.internal.policy.impl.PhoneWindow$DecorView@405f3288)
V/nicola  (  456): TextualID : title
V/nicola  (  456): ContentType detected : default
V/ReflectionHelper(  456): android.widget.ListView > mOnFocusChangeListener FOUND | NOT ACTIVE
V/nicola  (  456): TextualID : note_title
V/nicola  (  456): ContentType detected : default
V/nicola  (  456): TextualID : note_date
V/nicola  (  456): ContentType detected : default
I/nofatclips(  456): Attempting to resume previous session
I/nofatclips(  456): Memoryless engine: the task file will not be loaded. Looking for crashed traces.
I/nofatclips(  456): Reading task file
V/nofatclips(  456): Discarding trace #24
I/nofatclips(  456): Stateless comparator: the state file will not be loaded.
D/dalvikvm(  456): GetFieldID: unable to find field Ljava/util/Hashtable;.loadFactor:F
D/dalvikvm(  456): GetFieldID: unable to find field Ljava/util/Hashtable;.loadFactor:F
D/dalvikvm(  456): GetFieldID: unable to find field Ljava/util/Hashtable;.loadFactor:F
D/dalvikvm(  456): GetFieldID: unable to find field Ljava/util/Hashtable;.loadFactor:F
D/dalvikvm(  456): GetFieldID: unable to find field Ljava/util/Hashtable;.loadFactor:F
D/dalvikvm(  456): GetFieldID: unable to find field Ljava/util/Hashtable;.loadFactor:F
D/nofatclips(  456): Backup session footer restored to 
D/nofatclips(  456): </SESSION>
D/nofatclips(  456): Restored random counter to: 30
D/nofatclips(  456): Restored trace count to 26
D/nofatclips(  456): Current step countdown restored to 10
D/nofatclips(  456): Restored abstractor counters to: event = 30 - input = 0 - activity = 6
I/nofatclips(  456): Saving the session on disk.
I/nofatclips(  456): Planning for new Activity Tomdroid
D/nofatclips(  456): Handling event 'click' on widget id=2131296257 type=image name=
D/nofatclips(  456): Handling event 'click' on widget id=2131296259 type=image name=
D/nofatclips(  456): Handling event selectListItem for items [1,1] on listView #16908298 count=1
D/nofatclips(  456): Handling event longClickListItem for items [1,1] on listView #16908298 count=1
I/nofatclips(  456): Created trace to press the menu button
I/nofatclips(  456): Created trace to change orientation
I/nofatclips(  456): Dispatching new task. 2 more tasks remaining.
D/nofatclips(  456): Performing backup of the old task list on disk
D/nofatclips(  456): Saving task list on disk
V/nofatclips(  456): Backing up trace #30 to disk.
V/nofatclips(  456): Backing up trace #31 to disk.
D/nofatclips(  456): Deleting backup of the old task list from disk
I/nofatclips(  456): Restarting
I/nofatclips(  456): Waiting for 1 sec.
D/nofatclips(  456): Ready to operate after restarting...
I/nofatclips(  456): Retrieving widgets
D/nofatclips(  456): Found widget: id=16908290 (android.widget.FrameLayout@405f3b88)
D/nofatclips(  456): Found widget: id=-1 (android.widget.LinearLayout@405f47f0)
D/nofatclips(  456): Found widget: id=2131296262 (org.tomdroid.ui.Actionbar@405f52f0)
D/nofatclips(  456): Found widget: id=2131296257 (android.widget.ImageView@405f6320)
D/nofatclips(  456): Found widget: id=2131296258 (android.widget.TextView@405f78f8): Tomdroid
D/nofatclips(  456): Found widget: id=2131296259 (android.widget.ImageView@405f8740)
D/nofatclips(  456): Found widget: id=2131296260 (android.widget.ImageView@405f96a0)
D/nofatclips(  456): Found widget: id=2131296261 (android.widget.ImageView@405f9b50)
D/nofatclips(  456): Found widget: id=16908298 (android.widget.ListView@405fabc8)
D/nofatclips(  456): Found widget: id=-1 (android.widget.TwoLineListItem@40510180)
D/nofatclips(  456): Found widget: id=2131296264 (android.widget.TextView@405333c0): Tomdroid's first note
D/nofatclips(  456): Found widget: id=2131296265 (android.widget.TextView@4055bf60): Modified: 10/9/2010, 8:50 PM
D/nofatclips(  456): Found widget: id=2131296263 (android.widget.TextView@405329f8): There are no notes in Tomdroid's database.
D/nofatclips(  456): Found widget: id=-1 (com.android.internal.policy.impl.PhoneWindow$DecorView@405f3288)
I/nofatclips(  456): Playing Trace 31
I/nofatclips(  456): Retrieved from return list id=16908298
D/nofatclips(  456): Testing for type (android.widget.ListView) against the original (android.widget.ListView)
D/nofatclips(  456): Testing for name () against the original ()
I/nofatclips(  456): Firing event: type= longClickListItem index=8 widget=android.widget.ListView
I/nofatclips(  456): Swapping to listview item 1
D/nofatclips(  456): Event description: Tomdroid's first note
I/nofatclips(  456): Waiting for 1 sec.
I/nofatclips(  456): Current activity is ui.Tomdroid
I/nofatclips(  456): Retrieving widgets
D/nofatclips(  456): Found widget: id=16908290 (android.widget.FrameLayout@40675300)
D/nofatclips(  456): Found widget: id=16908666 (com.android.internal.widget.WeightedLinearLayout@40675ec8)
D/nofatclips(  456): Found widget: id=16908667 (android.widget.LinearLayout@40676140)
D/nofatclips(  456): Found widget: id=16908668 (android.widget.LinearLayout@40676360)
D/nofatclips(  456): Found widget: id=16908294 (android.widget.ImageView@406765c8)
D/nofatclips(  456): Found widget: id=16908669 (com.android.internal.widget.DialogTitle@40676bf0): Note Options
D/nofatclips(  456): Found widget: id=16908670 (android.widget.ImageView@406777d0)
D/nofatclips(  456): Found widget: id=16908671 (android.widget.LinearLayout@40677a08)
D/nofatclips(  456): Found widget: id=16908823 (com.android.internal.app.AlertController$RecycleListView@40673aa8)
D/nofatclips(  456): Found widget: id=-1 (com.android.internal.view.menu.ListMenuItemView@4067c9a0)
D/nofatclips(  456): Found widget: id=-1 (android.widget.RelativeLayout@4067cf00)
D/nofatclips(  456): Found widget: id=16908310 (android.widget.TextView@4067d2f0): View
D/nofatclips(  456): Found widget: id=16908783 (android.widget.TextView@4067d8f0): 
D/nofatclips(  456): Found widget: id=-1 (com.android.internal.view.menu.ListMenuItemView@4067e460)
D/nofatclips(  456): Found widget: id=-1 (android.widget.RelativeLayout@4067e6a0)
D/nofatclips(  456): Found widget: id=16908310 (android.widget.TextView@4067ea48): Send
D/nofatclips(  456): Found widget: id=16908783 (android.widget.TextView@4067f048): 
D/nofatclips(  456): Found widget: id=16908673 (android.widget.FrameLayout@40678af8)
D/nofatclips(  456): Found widget: id=16908331 (android.widget.FrameLayout@40678d60)
D/nofatclips(  456): Found widget: id=16908674 (android.widget.LinearLayout@40678fc8)
D/nofatclips(  456): Found widget: id=-1 (android.widget.LinearLayout@406791e8)
D/nofatclips(  456): Found widget: id=16908675 (android.widget.LinearLayout@40679408)
D/nofatclips(  456): Found widget: id=16908313 (android.widget.Button@40679880): 
D/nofatclips(  456): Found widget: id=16908315 (android.widget.Button@4067a128): 
D/nofatclips(  456): Found widget: id=16908314 (android.widget.Button@4067a990): 
D/nofatclips(  456): Found widget: id=16908676 (android.widget.LinearLayout@4067b1f8)
D/nofatclips(  456): Found widget: id=-1 (com.android.internal.policy.impl.PhoneWindow$DecorView@40674f10)
V/nicola  (  456): TextualID : null
V/nicola  (  456): ContentType detected : default
V/ReflectionHelper(  456): com.android.internal.app.AlertController.RecycleListView > mOnFocusChangeListener FOUND | NOT ACTIVE
D/dalvikvm(  456): GC_CONCURRENT freed 963K, 54% free 3152K/6727K, external 2539K/2689K, paused 8ms+4ms
V/nicola  (  456): TextualID : null
V/nicola  (  456): ContentType detected : default
V/nicola  (  456): TextualID : null
V/nicola  (  456): ContentType detected : default
I/nofatclips(  456): Performing comparation for activity Tomdroid
I/nofatclips(  456): Registering activity Tomdroid (id: a7) as a new found state
D/nofatclips(  456): Performing backup of the old activity list on disk
D/nofatclips(  456): Saving new found state 'a7' on disk
V/nofatclips(  456): Opening state file in append mode.
I/nofatclips(  456): Waiting for 1 sec.
I/nofatclips(  456): Session count is 1. Will dump to disk at 1
I/nofatclips(  456): Saving the session on disk.
I/nofatclips(  456): Planning for new Activity Tomdroid
D/nofatclips(  456): Handling event selectListItem for items [1,2] on listView #16908823 count=2
D/nofatclips(  456): Handling event longClickListItem for items [1,2] on listView #16908823 count=2
I/nofatclips(  456): Created trace to press the back button
I/nofatclips(  456): Created trace to press the menu button
I/nofatclips(  456): Created trace to change orientation
I/dalvikvm(  456): Jit: resizing JitTable from 512 to 1024
I/nofatclips(  456): Check for termination: 9 steps left of 15
I/nofatclips(  456): Dispatching new task. 2 more tasks remaining.
D/nofatclips(  456): Performing backup of the old task list on disk
D/nofatclips(  456): Saving task list on disk
V/nofatclips(  456): Backing up trace #36 to disk.
V/nofatclips(  456): Backing up trace #37 to disk.
D/nofatclips(  456): Deleting backup of the old task list from disk
D/nofatclips(  456): Deleting backup of the old activity list from disk
I/nofatclips(  456): Incrementally Playing Trace 37
I/nofatclips(  456): Retrieved from return list id=16908823
D/nofatclips(  456): Testing for type (com.android.internal.app.AlertController$RecycleListView) against the original (com.android.internal.app.AlertController$RecycleListView)
D/nofatclips(  456): Testing for name () against the original ()
I/nofatclips(  456): Firing event: type= longClickListItem index=8 widget=com.android.internal.app.AlertController$RecycleListView
W/KeyCharacterMap(  456): No keyboard for id 0
W/KeyCharacterMap(  456): Using default keymap: /system/usr/keychars/qwerty.kcm.bin
I/nofatclips(  456): Swapping to listview item 1
D/nofatclips(  456): Event description: View
I/ActivityManager(   68): Starting: Intent { act=android.intent.action.VIEW dat=content://org.tomdroid.notes/notes/1 cmp=org.tomdroid/.ui.ViewNote } from pid 456
D/dalvikvm(  456): GC_EXTERNAL_ALLOC freed 713K, 54% free 3159K/6727K, external 2676K/2689K, paused 169ms
I/nofatclips(  456): Waiting for 1 sec.
I/ActivityManager(   68): Displayed org.tomdroid/.ui.ViewNote: +692ms
I/nofatclips(  456): Current activity is ui.ViewNote
I/nofatclips(  456): Retrieving widgets
D/nofatclips(  456): Found widget: id=16908290 (android.widget.FrameLayout@40586d38)
D/nofatclips(  456): Found widget: id=-1 (android.widget.LinearLayout@405b8008)
D/nofatclips(  456): Found widget: id=2131296262 (org.tomdroid.ui.Actionbar@405b83d8)
D/nofatclips(  456): Found widget: id=2131296257 (android.widget.ImageView@405b8fa8)
D/nofatclips(  456): Found widget: id=2131296258 (android.widget.TextView@405ba1e8): Tomdroid's first note
D/nofatclips(  456): Found widget: id=2131296259 (android.widget.ImageView@405baf80)
D/nofatclips(  456): Found widget: id=2131296260 (android.widget.ImageView@4059fff8)
D/nofatclips(  456): Found widget: id=2131296261 (android.widget.ImageView@405a0338)
D/nofatclips(  456): Found widget: id=2131296266 (android.widget.ScrollView@4051ac90)
D/nofatclips(  456): Found widget: id=2131296267 (android.widget.LinearLayout@40512a70)
D/nofatclips(  456): Found widget: id=2131296268 (android.widget.TextView@4055c898): Tomdroid's first note
D/nofatclips(  456): 
D/nofatclips(  456): Welcome to Tomdroid!
D/nofatclips(  456): 
D/nofatclips(  456): You have no notes here yet. To get started, set your Synchronization preferences under Settings. There are two synchronization options described below.
D/nofatclips(  456): 
D/nofatclips(  456): Warning: Changing synchronization service will empty your note list.
D/nofatclips(  456): 
D/nofatclips(  456): Tomboy Web
D/nofatclips(  456): Tomboy Web is what you are looking for if you want to sync to Tomboy-Online, Ubuntu One, your own Snowy server or any server supporting the Tomboy Web REST API.
D/nofatclips(  456): 
D/nofatclips(  456): To use it, set Sync Service to Tomboy Web in preferences then  provide a Server URL. Here are some of the public ones:
D/nofatclips(  456): Tomboy Online - https://edge.tomboy-online.org/
D/nofatclips(  456): Ubuntu One - https://one.ubuntu.com/notes
D/nofatclips(  456): 
D/nofatclips(  456): Once set, hit the Sync logo on Tomdroid's top bar to synchronize your notes.
D/nofatclips(  456): 
D/nofatclips(  456): SD Card
D/nofatclips(  456): Put your Tomboy notes (*.note) on your SD Card under tomdroid/. The notes can be found in ~/.local/share/tomboy/ on Linux. Once the notes are copied, set Sync Service to SD Card in preferences then hit the Sync logo on Tomdroid's top bar.
D/nofatclips(  456): 
D/nofatclips(  456): See http://live.gnome.org/Tomboy/Directories for the notes' location on other platforms.
D/nofatclips(  456): 
D/nofatclips(  456): Back to Tomdroid
D/nofatclips(  456): 
D/nofatclips(  456): Quick mentions to tell you that unfortunately Tomdroid can't edit notes for now but this will come. Thanks for your patience.
D/nofatclips(  456): 
D/nofatclips(  456): Also, Tomdroid is always looking for new contributors. If you are interested join the tomdroid-dev team on launchpad: http://launchpad.net/~tomdroid-dev.
D/nofatclips(  456): 
D/nofatclips(  456): Lastly, if you encounter any issue, please report it at: https://bugs.launchpad.net/tomdroid
D/nofatclips(  456): Found widget: id=-1 (com.android.internal.policy.impl.PhoneWindow$DecorView@40586a30)
V/nicola  (  456): TextualID : title
V/nicola  (  456): ContentType detected : default
V/nicola  (  456): TextualID : content
V/nicola  (  456): ContentType detected : default
I/nofatclips(  456): Performing comparation for activity ViewNote
D/nofatclips(  456): Comparing against activity Tomdroid
I/nofatclips(  456): Registering activity ViewNote (id: a8) as a new found state
D/nofatclips(  456): Performing backup of the old activity list on disk
D/nofatclips(  456): Saving new found state 'a8' on disk
V/nofatclips(  456): Opening state file in append mode.
I/nofatclips(  456): Waiting for 1 sec.
I/nofatclips(  456): Session count is 1. Will dump to disk at 1
I/nofatclips(  456): Saving the session on disk.
I/nofatclips(  456): Planning for new Activity ViewNote
D/nofatclips(  456): Handling event 'click' on widget id=2131296257 type=image name=
D/nofatclips(  456): Handling event 'click' on widget id=2131296259 type=image name=
D/nofatclips(  456): Handling event 'click' on widget id=2131296268 type=text name=Tomdroid's first note
D/nofatclips(  456): 
D/nofatclips(  456): Welcome to Tomdroid!
D/nofatclips(  456): 
D/nofatclips(  456): You have no notes here yet. To get started, set your Synchronization preferences under Settings. There are two synchronization options described below.
D/nofatclips(  456): 
D/nofatclips(  456): Warning: Changing synchronization service will empty your note list.
D/nofatclips(  456): 
D/nofatclips(  456): Tomboy Web
D/nofatclips(  456): Tomboy Web is what you are looking for if you want to sync to Tomboy-Online, Ubuntu One, your own Snowy server or any server supporting the Tomboy Web REST API.
D/nofatclips(  456): 
D/nofatclips(  456): To use it, set Sync Service to Tomboy Web in preferences then  provide a Server URL. Here are some of the public ones:
D/nofatclips(  456): Tomboy Online - https://edge.tomboy-online.org/
D/nofatclips(  456): Ubuntu One - https://one.ubuntu.com/notes
D/nofatclips(  456): 
D/nofatclips(  456): Once set, hit the Sync logo on Tomdroid's top bar to synchronize your notes.
D/nofatclips(  456): 
D/nofatclips(  456): SD Card
D/nofatclips(  456): Put your Tomboy notes (*.note) on your SD Card under tomdroid/. The notes can be found in ~/.local/share/tomboy/ on Linux. Once the notes are copied, set Sync Service to SD Card in preferences then hit the Sync logo on Tomdroid's top bar.
D/nofatclips(  456): 
D/nofatclips(  456): See http://live.gnome.org/Tomboy/Directories for the notes' location on other platforms.
D/nofatclips(  456): 
D/nofatclips(  456): Back to Tomdroid
D/nofatclips(  456): 
D/nofatclips(  456): Quick mentions to tell you that unfortunately Tomdroid can't edit notes for now but this will come. Thanks for your patience.
D/nofatclips(  456): 
D/nofatclips(  456): Also, Tomdroid is always looking for new contributors. If you are interested join the tomdroid-dev team on launchpad: http://launchpad.net/~tomdroid-dev.
D/nofatclips(  456): 
D/nofatclips(  456): Lastly, if you encounter any issue, please report it at: https://bugs.launchpad.net/tomdroid
I/nofatclips(  456): Created trace to press the back button
I/nofatclips(  456): Created trace to press the menu button
I/nofatclips(  456): Created trace to change orientation
I/nofatclips(  456): Check for termination: 8 steps left of 15
I/nofatclips(  456): Dispatching new task. 2 more tasks remaining.
D/nofatclips(  456): Performing backup of the old task list on disk
D/nofatclips(  456): Saving task list on disk
V/nofatclips(  456): Backing up trace #42 to disk.
V/nofatclips(  456): Backing up trace #43 to disk.
D/nofatclips(  456): Deleting backup of the old task list from disk
D/nofatclips(  456): Deleting backup of the old activity list from disk
I/nofatclips(  456): Incrementally Playing Trace 43
I/nofatclips(  456): Retrieved from return list id=16908290
D/nofatclips(  456): Testing for type (android.widget.FrameLayout) against the original (null)
I/nofatclips(  456): Firing event: type= openMenu name= widget=null
W/KeyCharacterMap(  456): No keyboard for id 0
W/KeyCharacterMap(  456): Using default keymap: /system/usr/keychars/qwerty.kcm.bin
I/nofatclips(  456): Waiting for 1 sec.
I/nofatclips(  456): Current activity is ui.ViewNote
I/nofatclips(  456): Retrieving widgets
D/nofatclips(  456): Found widget: id=16908726 (com.android.internal.view.menu.IconMenuView@406422c0)
D/nofatclips(  456): Found widget: id=16908310 (com.android.internal.view.menu.IconMenuItemView@40643060): Send
D/nofatclips(  456): Found widget: id=-1 (com.android.internal.policy.impl.PhoneWindow$DecorView@40640de0)
V/ReflectionHelper(  456): com.android.internal.view.menu.IconMenuView > mOnFocusChangeListener FOUND | NOT ACTIVE
V/nicola  (  456): TextualID : null
V/nicola  (  456): ContentType detected : default
I/nofatclips(  456): Performing comparation for activity ViewNote
D/nofatclips(  456): Comparing against activity ViewNote
D/nofatclips(  456): Comparing against activity Tomdroid
I/nofatclips(  456): Registering activity ViewNote (id: a9) as a new found state
D/nofatclips(  456): Performing backup of the old activity list on disk
D/nofatclips(  456): Saving new found state 'a9' on disk
V/nofatclips(  456): Opening state file in append mode.
I/nofatclips(  456): Waiting for 1 sec.
D/dalvikvm(  456): GC_CONCURRENT freed 878K, 53% free 3239K/6791K, external 2731K/3360K, paused 8ms+3ms
I/nofatclips(  456): Session count is 1. Will dump to disk at 1
I/nofatclips(  456): Saving the session on disk.
I/nofatclips(  456): Planning for new Activity ViewNote
D/nofatclips(  456): Handling event 'click' on widget id=16908310 type=menuItem name=Send
I/nofatclips(  456): Created trace to press the back button
I/nofatclips(  456): Created trace to press the menu button
I/nofatclips(  456): Created trace to change orientation
I/nofatclips(  456): Check for termination: 7 steps left of 15
I/nofatclips(  456): Dispatching new task. 2 more tasks remaining.
D/nofatclips(  456): Performing backup of the old task list on disk
D/nofatclips(  456): Saving task list on disk
V/nofatclips(  456): Backing up trace #46 to disk.
V/nofatclips(  456): Backing up trace #47 to disk.
D/nofatclips(  456): Deleting backup of the old task list from disk
D/nofatclips(  456): Deleting backup of the old activity list from disk
I/nofatclips(  456): Incrementally Playing Trace 47
I/nofatclips(  456): Retrieved from return list id=16908726
D/nofatclips(  456): Testing for type (com.android.internal.view.menu.IconMenuView) against the original (null)
I/nofatclips(  456): Firing event: type= changeOrientation name= widget=null
I/WindowManager(   68): Setting rotation to 1, animFlags=1
I/ActivityManager(   68): Config changed: { scale=1.0 imsi=310/260 loc=en_US touch=3 keys=1/1/2 nav=3/1 orien=2 layout=34 uiMode=17 seq=6}
I/nofatclips(  456): Waiting for 1 sec.
W/KeyCharacterMap(  456): No keyboard for id 0
W/KeyCharacterMap(  456): Using default keymap: /system/usr/keychars/qwerty.kcm.bin
I/ContactsDatabaseHelper(  222): Switching to locale en_US
I/nofatclips(  456): Current activity is ui.ViewNote
I/nofatclips(  456): Retrieving widgets
D/nofatclips(  456): Found widget: id=16908726 (com.android.internal.view.menu.IconMenuView@405c0f78)
D/nofatclips(  456): Found widget: id=16908310 (com.android.internal.view.menu.IconMenuItemView@4052be00): Send
D/nofatclips(  456): Found widget: id=-1 (com.android.internal.policy.impl.PhoneWindow$DecorView@405268e8)
V/ReflectionHelper(  456): com.android.internal.view.menu.IconMenuView > mOnFocusChangeListener FOUND | NOT ACTIVE
V/nicola  (  456): TextualID : null
V/nicola  (  456): ContentType detected : default
I/nofatclips(  456): Performing comparation for activity ViewNote
D/nofatclips(  456): Comparing against activity ViewNote
D/nofatclips(  456): Comparing against activity ViewNote
D/nofatclips(  456): Comparing against activity Tomdroid
I/nofatclips(  456): Registering activity ViewNote (id: a10) as a new found state
D/nofatclips(  456): Performing backup of the old activity list on disk
D/nofatclips(  456): Saving new found state 'a10' on disk
V/nofatclips(  456): Opening state file in append mode.
I/nofatclips(  456): Waiting for 1 sec.
D/dalvikvm(  222): GC_CONCURRENT freed 557K, 54% free 2800K/6023K, external 1625K/2137K, paused 6ms+7ms
I/ContactsDatabaseHelper(  222): Locale change completed in 755ms
I/nofatclips(  456): Session count is 1. Will dump to disk at 1
I/nofatclips(  456): Saving the session on disk.
I/nofatclips(  456): Planning for new Activity ViewNote
D/nofatclips(  456): Handling event 'click' on widget id=16908310 type=menuItem name=Send
I/nofatclips(  456): Created trace to press the back button
I/nofatclips(  456): Created trace to press the menu button
I/nofatclips(  456): Created trace to change orientation
I/nofatclips(  456): Check for termination: 6 steps left of 15
I/nofatclips(  456): Dispatching new task. 2 more tasks remaining.
D/nofatclips(  456): Performing backup of the old task list on disk
D/nofatclips(  456): Saving task list on disk
V/nofatclips(  456): Backing up trace #50 to disk.
V/nofatclips(  456): Backing up trace #51 to disk.
D/nofatclips(  456): Deleting backup of the old task list from disk
D/nofatclips(  456): Deleting backup of the old activity list from disk
I/nofatclips(  456): Incrementally Playing Trace 51
D/nofatclips(  456): Firing event: type= back
D/dalvikvm(   68): GC_EXPLICIT freed 265K, 60% free 4209K/10375K, external 3125K/3903K, paused 107ms
D/dalvikvm(  456): GC_CONCURRENT freed 997K, 53% free 3334K/6983K, external 3291K/3360K, paused 7ms+4ms
W/KeyCharacterMap(  456): No keyboard for id 0
W/KeyCharacterMap(  456): Using default keymap: /system/usr/keychars/qwerty.kcm.bin
I/nofatclips(  456): Waiting for 1 sec.
I/nofatclips(  456): Current activity is ui.ViewNote
I/nofatclips(  456): Retrieving widgets
D/nofatclips(  456): Found widget: id=16908290 (android.widget.FrameLayout@4067b0d0)
D/nofatclips(  456): Found widget: id=-1 (android.widget.LinearLayout@4052a248)
D/nofatclips(  456): Found widget: id=2131296262 (org.tomdroid.ui.Actionbar@4068ef40)
D/nofatclips(  456): Found widget: id=2131296257 (android.widget.ImageView@406777c0)
D/nofatclips(  456): Found widget: id=2131296258 (android.widget.TextView@405a9e18): Tomdroid's first note
D/nofatclips(  456): Found widget: id=2131296259 (android.widget.ImageView@405ea010)
D/nofatclips(  456): Found widget: id=2131296260 (android.widget.ImageView@405ea538)
D/nofatclips(  456): Found widget: id=2131296261 (android.widget.ImageView@4068dde8)
D/nofatclips(  456): Found widget: id=2131296266 (android.widget.ScrollView@4052c1f0)
D/nofatclips(  456): Found widget: id=2131296267 (android.widget.LinearLayout@40663f38)
D/nofatclips(  456): Found widget: id=2131296268 (android.widget.TextView@4067f030): Tomdroid's first note
D/nofatclips(  456): 
D/nofatclips(  456): Welcome to Tomdroid!
D/nofatclips(  456): 
D/nofatclips(  456): You have no notes here yet. To get started, set your Synchronization preferences under Settings. There are two synchronization options described below.
D/nofatclips(  456): 
D/nofatclips(  456): Warning: Changing synchronization service will empty your note list.
D/nofatclips(  456): 
D/nofatclips(  456): Tomboy Web
D/nofatclips(  456): Tomboy Web is what you are looking for if you want to sync to Tomboy-Online, Ubuntu One, your own Snowy server or any server supporting the Tomboy Web REST API.
D/nofatclips(  456): 
D/nofatclips(  456): To use it, set Sync Service to Tomboy Web in preferences then  provide a Server URL. Here are some of the public ones:
D/nofatclips(  456): Tomboy Online - https://edge.tomboy-online.org/
D/nofatclips(  456): Ubuntu One - https://one.ubuntu.com/notes
D/nofatclips(  456): 
D/nofatclips(  456): Once set, hit the Sync logo on Tomdroid's top bar to synchronize your notes.
D/nofatclips(  456): 
D/nofatclips(  456): SD Card
D/nofatclips(  456): Put your Tomboy notes (*.note) on your SD Card under tomdroid/. The notes can be found in ~/.local/share/tomboy/ on Linux. Once the notes are copied, set Sync Service to SD Card in preferences then hit the Sync logo on Tomdroid's top bar.
D/nofatclips(  456): 
D/nofatclips(  456): See http://live.gnome.org/Tomboy/Directories for the notes' location on other platforms.
D/nofatclips(  456): 
D/nofatclips(  456): Back to Tomdroid
D/nofatclips(  456): 
D/nofatclips(  456): Quick mentions to tell you that unfortunately Tomdroid can't edit notes for now but this will come. Thanks for your patience.
D/nofatclips(  456): 
D/nofatclips(  456): Also, Tomdroid is always looking for new contributors. If you are interested join the tomdroid-dev team on launchpad: http://launchpad.net/~tomdroid-dev.
D/nofatclips(  456): 
D/nofatclips(  456): Lastly, if you encounter any issue, please report it at: https://bugs.launchpad.net/tomdroid
D/nofatclips(  456): Found widget: id=-1 (com.android.internal.policy.impl.PhoneWindow$DecorView@4064f498)
V/nicola  (  456): TextualID : title
V/nicola  (  456): ContentType detected : default
V/nicola  (  456): TextualID : content
V/nicola  (  456): ContentType detected : default
I/nofatclips(  456): Performing comparation for activity ViewNote
D/nofatclips(  456): Comparing against activity ViewNote
D/nofatclips(  456): Comparing against activity ViewNote
D/nofatclips(  456): Comparing against activity ViewNote
D/nofatclips(  456): Comparing against activity Tomdroid
I/nofatclips(  456): Registering activity ViewNote (id: a11) as a new found state
D/nofatclips(  456): Performing backup of the old activity list on disk
D/nofatclips(  456): Saving new found state 'a11' on disk
V/nofatclips(  456): Opening state file in append mode.
I/nofatclips(  456): Waiting for 1 sec.
I/nofatclips(  456): Session count is 1. Will dump to disk at 1
I/nofatclips(  456): Saving the session on disk.
I/nofatclips(  456): Planning for new Activity ViewNote
D/nofatclips(  456): Handling event 'click' on widget id=2131296257 type=image name=
D/nofatclips(  456): Handling event 'click' on widget id=2131296259 type=image name=
D/nofatclips(  456): Handling event 'click' on widget id=2131296268 type=text name=Tomdroid's first note
D/nofatclips(  456): 
D/nofatclips(  456): Welcome to Tomdroid!
D/nofatclips(  456): 
D/nofatclips(  456): You have no notes here yet. To get started, set your Synchronization preferences under Settings. There are two synchronization options described below.
D/nofatclips(  456): 
D/nofatclips(  456): Warning: Changing synchronization service will empty your note list.
D/nofatclips(  456): 
D/nofatclips(  456): Tomboy Web
D/nofatclips(  456): Tomboy Web is what you are looking for if you want to sync to Tomboy-Online, Ubuntu One, your own Snowy server or any server supporting the Tomboy Web REST API.
D/nofatclips(  456): 
D/nofatclips(  456): To use it, set Sync Service to Tomboy Web in preferences then  provide a Server URL. Here are some of the public ones:
D/nofatclips(  456): Tomboy Online - https://edge.tomboy-online.org/
D/nofatclips(  456): Ubuntu One - https://one.ubuntu.com/notes
D/nofatclips(  456): 
D/nofatclips(  456): Once set, hit the Sync logo on Tomdroid's top bar to synchronize your notes.
D/nofatclips(  456): 
D/nofatclips(  456): SD Card
D/nofatclips(  456): Put your Tomboy notes (*.note) on your SD Card under tomdroid/. The notes can be found in ~/.local/share/tomboy/ on Linux. Once the notes are copied, set Sync Service to SD Card in preferences then hit the Sync logo on Tomdroid's top bar.
D/nofatclips(  456): 
D/nofatclips(  456): See http://live.gnome.org/Tomboy/Directories for the notes' location on other platforms.
D/nofatclips(  456): 
D/nofatclips(  456): Back to Tomdroid
D/nofatclips(  456): 
D/nofatclips(  456): Quick mentions to tell you that unfortunately Tomdroid can't edit notes for now but this will come. Thanks for your patience.
D/nofatclips(  456): 
D/nofatclips(  456): Also, Tomdroid is always looking for new contributors. If you are interested join the tomdroid-dev team on launchpad: http://launchpad.net/~tomdroid-dev.
D/nofatclips(  456): 
D/nofatclips(  456): Lastly, if you encounter any issue, please report it at: https://bugs.launchpad.net/tomdroid
I/nofatclips(  456): Created trace to press the back button
I/nofatclips(  456): Created trace to press the menu button
I/nofatclips(  456): Created trace to change orientation
I/nofatclips(  456): Check for termination: 5 steps left of 15
I/nofatclips(  456): Dispatching new task. 2 more tasks remaining.
D/nofatclips(  456): Performing backup of the old task list on disk
D/nofatclips(  456): Saving task list on disk
V/nofatclips(  456): Backing up trace #56 to disk.
V/nofatclips(  456): Backing up trace #57 to disk.
D/nofatclips(  456): Deleting backup of the old task list from disk
D/nofatclips(  456): Deleting backup of the old activity list from disk
I/nofatclips(  456): Incrementally Playing Trace 57
I/nofatclips(  456): Retrieved from return list id=2131296268
D/nofatclips(  456): Testing for type (android.widget.TextView) against the original (android.widget.TextView)
D/nofatclips(  456): Testing for name (Tomdroid's first note
D/nofatclips(  456): 
D/nofatclips(  456): Welcome to Tomdroid!
D/nofatclips(  456): 
D/nofatclips(  456): You have no notes here yet. To get started, set your Synchronization preferences under Settings. There are two synchronization options described below.
D/nofatclips(  456): 
D/nofatclips(  456): Warning: Changing synchronization service will empty your note list.
D/nofatclips(  456): 
D/nofatclips(  456): Tomboy Web
D/nofatclips(  456): Tomboy Web is what you are looking for if you want to sync to Tomboy-Online, Ubuntu One, your own Snowy server or any server supporting the Tomboy Web REST API.
D/nofatclips(  456): 
D/nofatclips(  456): To use it, set Sync Service to Tomboy Web in preferences then  provide a Server URL. Here are some of the public ones:
D/nofatclips(  456): Tomboy Online - https://edge.tomboy-online.org/
D/nofatclips(  456): Ubuntu One - https://one.ubuntu.com/notes
D/nofatclips(  456): 
D/nofatclips(  456): Once set, hit the Sync logo on Tomdroid's top bar to synchronize your notes.
D/nofatclips(  456): 
D/nofatclips(  456): SD Card
D/nofatclips(  456): Put your Tomboy notes (*.note) on your SD Card under tomdroid/. The notes can be found in ~/.local/share/tomboy/ on Linux. Once the notes are copied, set Sync Service to SD Card in preferences then hit the Sync logo on Tomdroid's top bar.
D/nofatclips(  456): 
D/nofatclips(  456): See http://live.gnome.org/Tomboy/Directories for the notes' location on other platforms.
D/nofatclips(  456): 
D/nofatclips(  456): Back to Tomdroid
D/nofatclips(  456): 
D/nofatclips(  456): Quick mentions to tell you that unfortunately Tomdroid can't edit notes for now but this will come. Thanks for your patience.
D/nofatclips(  456): 
D/nofatclips(  456): Also, Tomdroid is always looking for new contributors. If you are interested join the tomdroid-dev team on launchpad: http://launchpad.net/~tomdroid-dev.
D/nofatclips(  456): 
D/nofatclips(  456): Lastly, if you encounter any issue, please report it at: https://bugs.launchpad.net/tomdroid) against the original (Tomdroid's first note
D/nofatclips(  456): 
D/nofatclips(  456): Welcome to Tomdroid!
D/nofatclips(  456): 
D/nofatclips(  456): You have no notes here yet. To get started, set your Synchronization preferences under Settings. There are two synchronization options described below.
D/nofatclips(  456): 
D/nofatclips(  456): Warning: Changing synchronization service will empty your note list.
D/nofatclips(  456): 
D/nofatclips(  456): Tomboy Web
D/nofatclips(  456): Tomboy Web is what you are looking for if you want to sync to Tomboy-Online, Ubuntu One, your own Snowy server or any server supporting the Tomboy Web REST API.
D/nofatclips(  456): 
D/nofatclips(  456): To use it, set Sync Service to Tomboy Web in preferences then  provide a Server URL. Here are some of the public ones:
D/nofatclips(  456): Tomboy Online - https://edge.tomboy-online.org/
D/nofatclips(  456): Ubuntu One - https://one.ubuntu.com/notes
D/nofatclips(  456): 
D/nofatclips(  456): Once set, hit the Sync logo on Tomdroid's top bar to synchronize your notes.
D/nofatclips(  456): 
D/nofatclips(  456): SD Card
D/nofatclips(  456): Put your Tomboy notes (*.note) on your SD Card under tomdroid/. The notes can be found in ~/.local/share/tomboy/ on Linux. Once the notes are copied, set Sync Service to SD Card in preferences then hit the Sync logo on Tomdroid's top bar.
D/nofatclips(  456): 
D/nofatclips(  456): See http://live.gnome.org/Tomboy/Directories for the notes' location on other platforms.
D/nofatclips(  456): 
D/nofatclips(  456): Back to Tomdroid
D/nofatclips(  456): 
D/nofatclips(  456): Quick mentions to tell you that unfortunately Tomdroid can't edit notes for now but this will come. Thanks for your patience.
D/nofatclips(  456): 
D/nofatclips(  456): Also, Tomdroid is always looking for new contributors. If you are interested join the tomdroid-dev team on launchpad: http://launchpad.net/~tomdroid-dev.
D/nofatclips(  456): 
D/nofatclips(  456): Lastly, if you encounter any issue, please report it at: https://bugs.launchpad.net/tomdroid)
I/nofatclips(  456): Firing event: type= click index=10 widget=android.widget.TextView
D/nofatclips(  456): Event description: Tomdroid's first note
D/nofatclips(  456): 
D/nofatclips(  456): Welcome to Tomdroid!
D/nofatclips(  456): 
D/nofatclips(  456): You have no notes here yet. To get started, set your Synchronization preferences under Settings. There are two synchronization options described below.
D/nofatclips(  456): 
D/nofatclips(  456): Warning: Changing synchronization service will empty your note list.
D/nofatclips(  456): 
D/nofatclips(  456): Tomboy Web
D/nofatclips(  456): Tomboy Web is what you are looking for if you want to sync to Tomboy-Online, Ubuntu One, your own Snowy server or any server supporting the Tomboy Web REST API.
D/nofatclips(  456): 
D/nofatclips(  456): To use it, set Sync Service to Tomboy Web in preferences then  provide a Server URL. Here are some of the public ones:
D/nofatclips(  456): Tomboy Online - https://edge.tomboy-online.org/
D/nofatclips(  456): Ubuntu One - https://one.ubuntu.com/notes
D/nofatclips(  456): 
D/nofatclips(  456): Once set, hit the Sync logo on Tomdroid's top bar to synchronize your notes.
D/nofatclips(  456): 
D/nofatclips(  456): SD Card
D/nofatclips(  456): Put your Tomboy notes (*.note) on your SD Card under tomdroid/. The notes can be found in ~/.local/share/tomboy/ on Linux. Once the notes are copied, set Sync Service to SD Card in preferences then hit the Sync logo on Tomdroid's top bar.
D/nofatclips(  456): 
D/nofatclips(  456): See http://live.gnome.org/Tomboy/Directories for the notes' location on other platforms.
D/nofatclips(  456): 
D/nofatclips(  456): Back to Tomdroid
D/nofatclips(  456): 
D/nofatclips(  456): Quick mentions to tell you that unfortunately Tomdroid can't edit notes for now but this will come. Thanks for your patience.
D/nofatclips(  456): 
D/nofatclips(  456): Also, Tomdroid is always looking for new contributors. If you are interested join the tomdroid-dev team on launchpad: http://launchpad.net/~tomdroid-dev.
D/nofatclips(  456): 
D/nofatclips(  456): Lastly, if you encounter any issue, please report it at: https://bugs.launchpad.net/tomdroid
I/nofatclips(  456): Waiting for 1 sec.
I/nofatclips(  456): Current activity is ui.ViewNote
I/nofatclips(  456): Retrieving widgets
