D/nofatclips(  244): Updated value of parameter PACKAGE_NAME to org.wordpress.android (default = app.package)
V/nofatclips(  244): Updating value RANDOM_SEED
D/nofatclips(  244): Updated value of parameter RANDOM_SEED to -401781152240677667 (default = 5466516511651561651)
V/nofatclips(  244): Updating value RETRY_FAILED_TRACES
V/nofatclips(  244): Updating value theClass
D/nofatclips(  244): Updating node scheduler
D/nofatclips(  244): Loading node scheduler
V/nofatclips(  244): Updating value ALL_EVENTS_ON_PREFERENCES
V/nofatclips(  244): Updating value BACK_BUTTON_EVENT
V/nofatclips(  244): Updating value DICTIONARY_FIXED_VALUE
V/nofatclips(  244): Updating value DICTIONARY_IGNORE_CONTENT_TYPES
V/nofatclips(  244): Updating value EMULATOR_PORT
V/nofatclips(  244): Updating value EVENTS
D/nofatclips(  244): Updated values of array parameter EVENTS
V/nofatclips(  244): Updating value EVENT_WHEN_NO_ID
V/nofatclips(  244): Updating value EXCLUDE_WIDGETS_INPUTS_IN_GPS_EVENTS
V/nofatclips(  244): Updating value EXCLUDE_WIDGETS_INPUTS_IN_SENSORS_EVENTS
V/nofatclips(  244): Updating value INPUTS
D/nofatclips(  244): Updated values of array parameter INPUTS
V/nofatclips(  244): Updating value KEY_EVENTS
V/nofatclips(  244): Updating value MAX_EVENTS_PER_WIDGET
V/nofatclips(  244): Updating value MAX_TASKS_IN_SCHEDULER
D/nofatclips(  244): Updated value of parameter MAX_TASKS_IN_SCHEDULER to 2 (default = 0)
V/nofatclips(  244): Updating value MAX_TASKS_PER_EVENT
V/nofatclips(  244): Updating value MENU_EVENTS
V/nofatclips(  244): Updating value ORIENTATION_EVENTS
V/nofatclips(  244): Updating value PLANNER
V/nofatclips(  244): Updating value REFLECT_ACTIVITY_LISTENERS
V/nofatclips(  244): Updating value REFLECT_WIDGETS
V/nofatclips(  244): Updating value SCHEDULER_ALGORITHM
D/nofatclips(  244): Updated value of parameter SCHEDULER_ALGORITHM to DEPTH_FIRST (default = BREADTH_FIRST)
V/nofatclips(  244): Updating value SCROLL_DOWN_EVENT
V/nofatclips(  244): Updating value SENSOR_TYPES
V/nofatclips(  244): Updating value SIMULATE_INCOMING_CALL
V/nofatclips(  244): Updating value SIMULATE_INCOMING_SMS
V/nofatclips(  244): Updating value TAB_EVENTS_START_ONLY
V/nofatclips(  244): Updating value TEST_LOCATION_PROVIDER
V/nofatclips(  244): Updating value TEXT_VALUES_FROM_DICTIONARY
V/nofatclips(  244): Updating value TEXT_VALUES_ID_HASH
V/nofatclips(  244): Updating value USE_GPS
V/nofatclips(  244): Updating value USE_SENSORS
D/nofatclips(  244): Updating node planner
D/nofatclips(  244): Loading node planner
V/nofatclips(  244): Updating value ALL_EVENTS_ON_PREFERENCES
V/nofatclips(  244): Updating value BACK_BUTTON_EVENT
V/nofatclips(  244): Updating value DICTIONARY_FIXED_VALUE
V/nofatclips(  244): Updating value DICTIONARY_IGNORE_CONTENT_TYPES
V/nofatclips(  244): Updating value EMULATOR_PORT
V/nofatclips(  244): Updating value EVENTS
D/nofatclips(  244): Updated values of array parameter EVENTS
V/nofatclips(  244): Updating value EVENT_WHEN_NO_ID
V/nofatclips(  244): Updating value EXCLUDE_WIDGETS_INPUTS_IN_GPS_EVENTS
V/nofatclips(  244): Updating value EXCLUDE_WIDGETS_INPUTS_IN_SENSORS_EVENTS
V/nofatclips(  244): Updating value INPUTS
D/nofatclips(  244): Updated values of array parameter INPUTS
V/nofatclips(  244): Updating value KEY_EVENTS
V/nofatclips(  244): Updating value MAX_EVENTS_PER_WIDGET
V/nofatclips(  244): Updating value MAX_TASKS_IN_SCHEDULER
V/nofatclips(  244): Updating value MAX_TASKS_PER_EVENT
V/nofatclips(  244): Updating value MENU_EVENTS
V/nofatclips(  244): Updating value ORIENTATION_EVENTS
V/nofatclips(  244): Updating value PLANNER
V/nofatclips(  244): Updating value REFLECT_ACTIVITY_LISTENERS
V/nofatclips(  244): Updating value REFLECT_WIDGETS
V/nofatclips(  244): Updating value SCHEDULER_ALGORITHM
V/nofatclips(  244): Updating value SCROLL_DOWN_EVENT
V/nofatclips(  244): Updating value SENSOR_TYPES
V/nofatclips(  244): Updating value SIMULATE_INCOMING_CALL
V/nofatclips(  244): Updating value SIMULATE_INCOMING_SMS
V/nofatclips(  244): Updating value TAB_EVENTS_START_ONLY
V/nofatclips(  244): Updating value TEST_LOCATION_PROVIDER
V/nofatclips(  244): Updating value TEXT_VALUES_FROM_DICTIONARY
V/nofatclips(  244): Updating value TEXT_VALUES_ID_HASH
D/nofatclips(  244): Updated value of parameter TEXT_VALUES_ID_HASH to true (default = false)
V/nofatclips(  244): Updating value USE_GPS
V/nofatclips(  244): Updating value USE_SENSORS
D/nofatclips(  244): Updating node interactions
D/nofatclips(  244): Loading node interactions
V/nofatclips(  244): Updating value ALL_EVENTS_ON_PREFERENCES
V/nofatclips(  244): Updating value BACK_BUTTON_EVENT
V/nofatclips(  244): Updating value DICTIONARY_FIXED_VALUE
V/nofatclips(  244): Updating value DICTIONARY_IGNORE_CONTENT_TYPES
V/nofatclips(  244): Updating value EMULATOR_PORT
V/nofatclips(  244): Updating value EVENTS
D/nofatclips(  244): Updated values of array parameter EVENTS
V/nofatclips(  244): Updating value EVENT_WHEN_NO_ID
V/nofatclips(  244): Updating value EXCLUDE_WIDGETS_INPUTS_IN_GPS_EVENTS
V/nofatclips(  244): Updating value EXCLUDE_WIDGETS_INPUTS_IN_SENSORS_EVENTS
V/nofatclips(  244): Updating value INPUTS
D/nofatclips(  244): Updated values of array parameter INPUTS
V/nofatclips(  244): Updating value KEY_EVENTS
V/nofatclips(  244): Updating value MAX_EVENTS_PER_WIDGET
V/nofatclips(  244): Updating value MAX_TASKS_IN_SCHEDULER
V/nofatclips(  244): Updating value MAX_TASKS_PER_EVENT
V/nofatclips(  244): Updating value MENU_EVENTS
V/nofatclips(  244): Updating value ORIENTATION_EVENTS
V/nofatclips(  244): Updating value PLANNER
V/nofatclips(  244): Updating value REFLECT_ACTIVITY_LISTENERS
V/nofatclips(  244): Updating value REFLECT_WIDGETS
V/nofatclips(  244): Updating value SCHEDULER_ALGORITHM
V/nofatclips(  244): Updating value SCROLL_DOWN_EVENT
V/nofatclips(  244): Updating value SENSOR_TYPES
V/nofatclips(  244): Updating value SIMULATE_INCOMING_CALL
V/nofatclips(  244): Updating value SIMULATE_INCOMING_SMS
V/nofatclips(  244): Updating value TAB_EVENTS_START_ONLY
V/nofatclips(  244): Updating value TEST_LOCATION_PROVIDER
V/nofatclips(  244): Updating value TEXT_VALUES_FROM_DICTIONARY
V/nofatclips(  244): Updating value TEXT_VALUES_ID_HASH
V/nofatclips(  244): Updating value USE_GPS
V/nofatclips(  244): Updating value USE_SENSORS
D/nofatclips(  244): Updating node comparator
D/nofatclips(  244): Loading node comparator
V/nofatclips(  244): Updating value COMPARATOR
V/nofatclips(  244): Updating value COMPARATOR_TYPE
V/nofatclips(  244): Updating value COMPARE_ACTIVITY_NAME
V/nofatclips(  244): Updating value COMPARE_LIST_COUNT
V/nofatclips(  244): Updating value COMPARE_MENU_COUNT
D/nofatclips(  244): Updated value of parameter COMPARE_MENU_COUNT to false (default = true)
V/nofatclips(  244): Updating value COMPARE_STATE_TITLE
V/nofatclips(  244): Updating value COMPARE_VALUES
V/nofatclips(  244): Updating value WIDGET_TYPES
D/nofatclips(  244): Updating node strategy
D/nofatclips(  244): Loading node strategy
V/nofatclips(  244): Updating value AFTER_EVENT_DONT_EXPLORE
V/nofatclips(  244): Updating value AFTER_WIDGET_DONT_EXPLORE
V/nofatclips(  244): Updating value CHECK_FOR_TRANSITION
V/nofatclips(  244): Updating value EXPLORE_ONLY_NEW_STATES
D/nofatclips(  244): Updated value of parameter EXPLORE_ONLY_NEW_STATES to false (default = true)
V/nofatclips(  244): Updating value MAX_NUM_TRACES
D/nofatclips(  244): Updated value of parameter MAX_NUM_TRACES to 100 (default = 0)
V/nofatclips(  244): Updating value MAX_TIME_CRAWLING
V/nofatclips(  244): Updating value PAUSE_AFTER_TIME
V/nofatclips(  244): Updating value PAUSE_AFTER_TRACES
V/nofatclips(  244): Updating value TRACE_MAX_DEPTH
V/nofatclips(  244): Updating value TRACE_MIN_DEPTH
D/nofatclips(  244): Starting random testing
I/TestRunner(  244): started: testAndCrawl(com.nofatclips.crawler.guitree.NomadEngine)
I/ActivityManager(   61): Starting: Intent { act=android.intent.action.MAIN flg=0x10000000 cmp=org.wordpress.android/.Dashboard } from pid 244
D/szipinf (   61): Initializing inflate state
D/dalvikvm(  244): GC_EXTERNAL_ALLOC freed 400K, 53% free 2736K/5767K, external 716K/1038K, paused 48ms
D/dalvikvm(  244): GC_EXTERNAL_ALLOC freed 114K, 49% free 2943K/5767K, external 1407K/1623K, paused 42ms
I/ActivityManager(   61): Displayed org.wordpress.android/.Dashboard: +684ms (total +9s279ms)
I/ActivityManager(   61): Displayed com.android.launcher/com.android.launcher2.Launcher: +9s280ms
I/Launcher(  136): setLoadOnResume
I/SurfaceFlinger(   61): Boot is finished (13164 ms)
D/OtaStartupReceiver(  121): Not a CDMA phone, no need to process OTA
I/ARMAssembler(   61): generated scanline__00000177:03010104_00000002_00000000 [ 44 ipp] (66 ins) at [0x46efd290:0x46efd398] in 590162 ns
I/ARMAssembler(   61): generated scanline__00000177:03515104_00000001_00000000 [ 73 ipp] (95 ins) at [0x46efd3a0:0x46efd51c] in 529008 ns
D/PowerManagerService(   61): bootCompleted
D/dalvikvm(   61): GC_EXPLICIT freed 656K, 45% free 4145K/7431K, external 1865K/3065K, paused 57ms
D/VoldCmdListener(   29): volume mount /mnt/sdcard
I/Vold    (   29): /dev/block/vold/179:0 being considered for volume sdcard
D/Vold    (   29): Volume sdcard state changing 1 (Idle-Unmounted) -> 3 (Checking)
I/StorageNotification(  122): Media {/mnt/sdcard} state changed from {unmounted} -> {checking}
D/nofatclips(  244): Generated Resuming Persistence
I/dalvikvm(  244): Could not find method android.app.Activity.getFragmentManager, referenced from method com.jayway.android.robotium.solo.Waiter.getFragment
W/dalvikvm(  244): VFY: unable to resolve virtual method 7: Landroid/app/Activity;.getFragmentManager ()Landroid/app/FragmentManager;
D/dalvikvm(  244): VFY: replacing opcode 0x6e at 0x0008
I/dalvikvm(  244): Could not find method android.app.Activity.getFragmentManager, referenced from method com.jayway.android.robotium.solo.Waiter.getFragment
W/dalvikvm(  244): VFY: unable to resolve virtual method 7: Landroid/app/Activity;.getFragmentManager ()Landroid/app/FragmentManager;
D/dalvikvm(  244): VFY: replacing opcode 0x6e at 0x0017
W/dalvikvm(  244): VFY: unable to find class referenced in signature (Landroid/app/Fragment;)
D/dalvikvm(  244): VFY: dead code 0x000b-000f in Lcom/jayway/android/robotium/solo/Waiter;.getFragment (Ljava/lang/String;I)Landroid/app/Fragment;
D/dalvikvm(  244): VFY: dead code 0x001a-001f in Lcom/jayway/android/robotium/solo/Waiter;.getFragment (Ljava/lang/String;I)Landroid/app/Fragment;
I//system/bin/fsck_msdos(   29): ** /dev/block/vold/179:0
W/dalvikvm(  244): VFY: unable to find class referenced in signature (Landroid/app/Fragment;)
W/ActivityManager(   61): Activity idle timeout for HistoryRecord{40688678 com.android.launcher/com.android.launcher2.Launcher}
I/RecoverySystem(   61): No recovery log file
I/ActivityManager(   61): Start proc com.android.mms for broadcast com.android.mms/.transaction.MmsSystemEventReceiver: pid=273 uid=10015 gids={3003, 1015}
I/ActivityThread(  273): Pub com.android.mms.SuggestionsProvider: com.android.mms.SuggestionsProvider
D/nofatclips(  244): Updating node automation
D/nofatclips(  244): Loading node automation
V/nofatclips(  244): Updating value FORCE_RESTART
V/nofatclips(  244): Updating value IN_AND_OUT_FOCUS
V/nofatclips(  244): Updating value PRECRAWLING
V/nofatclips(  244): Updating value SCREENSHOT_FOR_EVENTS
V/nofatclips(  244): Updating value SCREENSHOT_FOR_STATES
V/nofatclips(  244): Updating value SCREENSHOT_ONLY_NEW_STATES
V/nofatclips(  244): Updating value SLEEP_AFTER_EVENT
D/nofatclips(  244): Updated value of parameter SLEEP_AFTER_EVENT to 100 (default = 1000)
V/nofatclips(  244): Updating value SLEEP_AFTER_RESTART
D/nofatclips(  244): Updated value of parameter SLEEP_AFTER_RESTART to 100 (default = 1000)
V/nofatclips(  244): Updating value SLEEP_AFTER_TASK
D/nofatclips(  244): Updated value of parameter SLEEP_AFTER_TASK to 100 (default = 1000)
V/nofatclips(  244): Updating value SLEEP_ON_THROBBER
D/nofatclips(  244): Updated value of parameter SLEEP_ON_THROBBER to 100 (default = 1000)
D/nofatclips(  244): Updating node screenshot
D/nofatclips(  244): Loading node screenshot
V/nofatclips(  244): Updating value FORCE_RESTART
V/nofatclips(  244): Updating value IN_AND_OUT_FOCUS
V/nofatclips(  244): Updating value PRECRAWLING
V/nofatclips(  244): Updating value SCREENSHOT_FOR_EVENTS
V/nofatclips(  244): Updating value SCREENSHOT_FOR_STATES
V/nofatclips(  244): Updating value SCREENSHOT_ONLY_NEW_STATES
V/nofatclips(  244): Updating value SLEEP_AFTER_EVENT
V/nofatclips(  244): Updating value SLEEP_AFTER_RESTART
V/nofatclips(  244): Updating value SLEEP_AFTER_TASK
V/nofatclips(  244): Updating value SLEEP_ON_THROBBER
I/nofatclips(  244): Waiting for 100 msec.
I/SearchManagerService(   61): Building list of searchable activities
D/nofatclips(  244): Ready to operate after restarting...
I/nofatclips(  244): Current activity is Dashboard
W/nofatclips(  244): --->Dashboard
I/nofatclips(  244): Retrieving widgets
I/nofatclips(  244): Attempting to resume previous session
I/nofatclips(  244): Memoryless engine: the task file will not be loaded. Looking for crashed traces.
I/nofatclips(  244): Reading task file
I/ActivityManager(   61): Start proc com.android.email for broadcast com.android.email/.service.EmailBroadcastReceiver: pid=294 uid=10028 gids={3003, 1015}
I/ActivityThread(  294): Pub com.android.email.provider: com.android.email.provider.EmailProvider
I/ActivityThread(  294): Pub com.android.email.attachmentprovider: com.android.email.provider.AttachmentProvider
I/ActivityThread(  294): Pub com.android.exchange.provider: com.android.exchange.provider.ExchangeProvider
D/EAS SyncManager(  294): !!! EAS SyncManager, onCreate
I//system/bin/fsck_msdos(   29): ** Phase 1 - Read and Compare FATs
I//system/bin/fsck_msdos(   29): Attempting to allocate 397 KB for FAT
D/MediaScannerService(  252): start scanning volume internal
D/dalvikvm(  244): GC_CONCURRENT freed 169K, 48% free 3053K/5831K, external 1812K/2324K, paused 3ms+3ms
V/nofatclips(  244): Discarding trace #139
I/nofatclips(  244): Stateless comparator: the state file will not be loaded.
D/dalvikvm(  244): GetFieldID: unable to find field Ljava/util/Hashtable;.loadFactor:F
D/dalvikvm(  244): GetFieldID: unable to find field Ljava/util/Hashtable;.loadFactor:F
D/dalvikvm(  244): GetFieldID: unable to find field Ljava/util/Hashtable;.loadFactor:F
D/dalvikvm(  244): GetFieldID: unable to find field Ljava/util/Hashtable;.loadFactor:F
D/dalvikvm(  244): GetFieldID: unable to find field Ljava/util/Hashtable;.loadFactor:F
D/dalvikvm(  244): GetFieldID: unable to find field Ljava/util/Hashtable;.loadFactor:F
D/nofatclips(  244): Backup session footer restored to 
D/nofatclips(  244): </SESSION>
D/nofatclips(  244): Restored random counter to: 150
D/nofatclips(  244): Restored trace count to 141
D/nofatclips(  244): Current step countdown restored to 77
D/nofatclips(  244): Restored abstractor counters to: event = 150 - input = 0 - activity = 24
I/nofatclips(  244): Saving the session on disk.
I/nofatclips(  244): Planning for new Activity Dashboard
I/nofatclips(  244): Created trace to press the menu button
I/nofatclips(  244): Created trace to change orientation
I/nofatclips(  244): Dispatching new task. 2 more tasks remaining.
D/nofatclips(  244): Performing backup of the old task list on disk
D/nofatclips(  244): Saving task list on disk
V/nofatclips(  244): Backing up trace #141 to disk.
V/nofatclips(  244): Backing up trace #142 to disk.
D/nofatclips(  244): Deleting backup of the old task list from disk
I/nofatclips(  244): Restarting
I//system/bin/fsck_msdos(   29): Attempting to allocate 397 KB for FAT
D/dalvikvm(  273): GC_CONCURRENT freed 492K, 54% free 2727K/5831K, external 716K/1038K, paused 3ms+3ms
D/dalvikvm(  294): GC_CONCURRENT freed 535K, 54% free 2700K/5831K, external 716K/1038K, paused 3ms+3ms
D/Eas Debug(  294): Logging: 
D/EAS SyncManager(  294): !!! EAS SyncManager, onDestroy
D/Email   (  294): BOOT_COMPLETED
I//system/bin/fsck_msdos(   29): ** Phase 2 - Check Cluster Chains
I//system/bin/fsck_msdos(   29): ** Phase 3 - Checking Directories
I//system/bin/fsck_msdos(   29): ** Phase 4 - Checking for Lost Files
I//system/bin/fsck_msdos(   29): 3 files, 50388 free (100777 clusters)
D/EAS SyncManager(  294): !!! EAS SyncManager, onCreate
D/EAS SyncManager(  294): !!! EAS SyncManager, onStartCommand
D/EAS SyncManager(  294): !!! EAS SyncManager, stopping self
D/EAS SyncManager(  294): !!! EAS SyncManager, onDestroy
I/Vold    (   29): Filesystem check completed OK
I/Vold    (   29): Device /dev/block/vold/179:0, target /mnt/sdcard mounted @ /mnt/secure/staging
D/Vold    (   29): Volume sdcard state changing 3 (Checking) -> 4 (Mounted)
I/PackageManager(   61): Updating external media status from unmounted to mounted
I/StorageNotification(  122): Media {/mnt/sdcard} state changed from {checking} -> {mounted}
D/VoldCmdListener(   29): asec list
I/PackageManager(   61): No secure containers on sdcard
W/PackageManager(   61): Unknown permission com.google.android.googleapps.permission.GOOGLE_AUTH.mail in package com.android.contacts
W/PackageManager(   61): Unknown permission android.permission.ADD_SYSTEM_SERVICE in package com.android.phone
I/Launcher(  136): setLoadOnResume
W/PackageManager(   61): Not granting permission android.permission.SEND_DOWNLOAD_COMPLETED_INTENTS to package com.android.browser (protectionLevel=2 flags=0x9be45)
W/PackageManager(   61): Unknown permission com.google.android.gm.permission.WRITE_GMAIL in package com.android.settings
W/PackageManager(   61): Unknown permission com.google.android.gm.permission.READ_GMAIL in package com.android.settings
W/PackageManager(   61): Unknown permission com.google.android.googleapps.permission.GOOGLE_AUTH in package com.android.settings
W/PackageManager(   61): Unknown permission com.google.android.googleapps.permission.GOOGLE_AUTH in package com.android.providers.contacts
W/PackageManager(   61): Unknown permission com.google.android.googleapps.permission.GOOGLE_AUTH.cp in package com.android.providers.contacts
W/PackageManager(   61): Unknown permission com.google.android.googleapps.permission.ACCESS_GOOGLE_PASSWORD in package com.android.development
W/PackageManager(   61): Unknown permission com.google.android.googleapps.permission.GOOGLE_AUTH in package com.android.development
W/PackageManager(   61): Unknown permission com.google.android.googleapps.permission.GOOGLE_AUTH.ALL_SERVICES in package com.android.development
W/PackageManager(   61): Unknown permission com.google.android.googleapps.permission.GOOGLE_AUTH.YouTubeUser in package com.android.development
W/PackageManager(   61): Unknown permission android.permission.READ_OWNER_DATA in package com.android.email
W/PackageManager(   61): Not granting permission android.permission.DEVICE_POWER to package com.android.deskclock (protectionLevel=2 flags=0x8be45)
W/ImageDownloader(  244): Error 404 while retrieving bitmap from http://gravatar.com/blavatar/d49126b84b57031ce19aea61cda0a7cf?s=60&d=404
D/szipinf (  177): Initializing inflate state
D/MediaScanner(  252):  prescan time: 327ms
D/MediaScanner(  252):     scan time: 71ms
D/MediaScanner(  252): postscan time: 0ms
D/MediaScanner(  252):    total time: 398ms
D/dalvikvm(  252): GC_CONCURRENT freed 523K, 55% free 2647K/5767K, external 716K/1038K, paused 3ms+2ms
I/InputReader(   61): Device reconfigured: id=0x0, name=qwerty2, display size is now 320x480
I/InputManager-Callbacks(   61): No virtual keys found for device qwerty2.
I/nofatclips(  244): Waiting for 100 msec.
D/MediaScannerService(  252): done scanning volume internal
I/ARMAssembler(   61): generated scanline__00000077:03515104_00001004_00000000 [ 65 ipp] (85 ins) at [0x46efd520:0x46efd674] in 531146 ns
I/ARMAssembler(   61): generated scanline__00000177:03515104_00001001_00000000 [ 91 ipp] (114 ins) at [0x46efd678:0x46efd840] in 334853 ns
D/nofatclips(  244): Ready to operate after restarting...
I/ARMAssembler(   61): generated scanline__00000177:03515104_00001002_00000000 [ 87 ipp] (110 ins) at [0x46efd848:0x46efda00] in 290377 ns
D/dalvikvm(  244): GC_CONCURRENT freed 730K, 52% free 3135K/6471K, external 1812K/2324K, paused 3ms+11ms
I/nofatclips(  244): Retrieving widgets
D/nofatclips(  244): Found widget: id=16908290 (android.widget.FrameLayout@405a0920)
D/nofatclips(  244): Found widget: id=2131165248 (android.widget.RelativeLayout@405a1620)
D/nofatclips(  244): Found widget: id=2131165249 (android.widget.LinearLayout@405a1c88)
D/nofatclips(  244): Found widget: id=-1 (android.widget.ImageView@405a21d0)
D/nofatclips(  244): Found widget: id=2131165250 (org.wordpress.android.util.WPTitleBar@4059bba8)
D/nofatclips(  244): Found widget: id=2131165195 (android.widget.RelativeLayout@4050e260)
D/nofatclips(  244): Found widget: id=2131165196 (android.widget.RelativeLayout@40568510)
D/nofatclips(  244): Found widget: id=2131165197 (android.widget.ImageView@4059ce40)
D/nofatclips(  244): Found widget: id=2131165198 (android.widget.TextView@40541880): My Blog
D/nofatclips(  244): Found widget: id=2131165199 (android.widget.ImageView@4055d110)
D/nofatclips(  244): Found widget: id=-1 (android.widget.RelativeLayout@40579478)
D/nofatclips(  244): Found widget: id=2131165200 (android.widget.ImageButton@4059d368)
D/nofatclips(  244): Found widget: id=-1 (android.widget.FrameLayout@4057a8f0)
D/nofatclips(  244): Found widget: id=2131165201 (android.widget.Button@40542248): 
D/nofatclips(  244): Found widget: id=2131165202 (android.widget.ImageView@405937a0)
D/nofatclips(  244): Found widget: id=2131165203 (android.widget.ImageView@4053ca40)
D/nofatclips(  244): Found widget: id=2131165204 (android.widget.LinearLayout@40569118)
D/nofatclips(  244): Found widget: id=-1 (android.widget.FrameLayout@4059cbd8)
D/nofatclips(  244): Found widget: id=-1 (android.widget.LinearLayout@4052fbe8)
D/nofatclips(  244): Found widget: id=-1 (android.widget.LinearLayout@4050e070)
D/nofatclips(  244): Found widget: id=-1 (android.widget.LinearLayout@4052f208)
D/nofatclips(  244): Found widget: id=2131165251 (android.widget.LinearLayout@4052f8c0)
D/nofatclips(  244): Found widget: id=-1 (android.widget.ImageView@40590248)
D/nofatclips(  244): Found widget: id=2131165256 (android.widget.TextView@4056ae10): New Post
D/nofatclips(  244): Found widget: id=2131165253 (android.widget.LinearLayout@4059bde0)
D/nofatclips(  244): Found widget: id=-1 (android.widget.ImageView@40530c28)
D/nofatclips(  244): Found widget: id=2131165256 (android.widget.TextView@4056b748): New Page
D/nofatclips(  244): Found widget: id=-1 (android.widget.LinearLayout@40532ee0)
D/nofatclips(  244): Found widget: id=2131165252 (android.widget.LinearLayout@40510cd0)
D/nofatclips(  244): Found widget: id=-1 (android.widget.ImageView@40538888)
D/nofatclips(  244): Found widget: id=2131165256 (android.widget.TextView@40577940): Quick Photo
D/nofatclips(  244): Found widget: id=2131165254 (android.widget.LinearLayout@405467f0)
D/nofatclips(  244): Found widget: id=-1 (android.widget.ImageView@4059a930)
D/nofatclips(  244): Found widget: id=2131165256 (android.widget.TextView@405781b0): Quick Video
D/nofatclips(  244): Found widget: id=-1 (android.widget.LinearLayout@4059e1d0)
D/nofatclips(  244): Found widget: id=-1 (android.widget.LinearLayout@4052e678)
D/nofatclips(  244): Found widget: id=2131165255 (android.widget.LinearLayout@40533e98)
D/nofatclips(  244): Found widget: id=-1 (android.widget.ImageView@40540400)
D/nofatclips(  244): Found widget: id=2131165256 (android.widget.TextView@40578838): Posts
D/nofatclips(  244): Found widget: id=2131165257 (android.widget.LinearLayout@40544fc0)
D/nofatclips(  244): Found widget: id=-1 (android.widget.ImageView@405434d8)
D/nofatclips(  244): Found widget: id=2131165256 (android.widget.TextView@40537490): Pages
D/nofatclips(  244): Found widget: id=-1 (android.widget.FrameLayout@40534518)
D/nofatclips(  244): Found widget: id=2131165258 (android.widget.LinearLayout@405401e8)
D/nofatclips(  244): Found widget: id=-1 (android.widget.ImageView@40536ba0)
D/nofatclips(  244): Found widget: id=2131165256 (android.widget.TextView@40539440): Comments
D/nofatclips(  244): Found widget: id=2131165259 (android.widget.FrameLayout@40544678)
D/nofatclips(  244): Found widget: id=2131165260 (android.widget.ImageView@40546198)
D/nofatclips(  244): Found widget: id=2131165261 (org.wordpress.android.util.CommentBadgeTextView@4053a458): 0
D/nofatclips(  244): Found widget: id=-1 (android.widget.LinearLayout@40540780)
D/nofatclips(  244): Found widget: id=2131165262 (android.widget.LinearLayout@40541588)
D/nofatclips(  244): Found widget: id=-1 (android.widget.ImageView@40541138)
D/nofatclips(  244): Found widget: id=2131165256 (android.widget.TextView@40540a78): Settings
D/nofatclips(  244): Found widget: id=2131165263 (android.widget.LinearLayout@405440d0)
D/nofatclips(  244): Found widget: id=-1 (android.widget.ImageView@40560028)
D/nofatclips(  244): Found widget: id=2131165256 (android.widget.TextView@40542db8): Read
D/nofatclips(  244): Found widget: id=2131165264 (android.widget.LinearLayout@40561710)
D/nofatclips(  244): Found widget: id=-1 (android.widget.ImageView@40563fc8)
D/nofatclips(  244): Found widget: id=2131165256 (android.widget.TextView@4054fb10): Stats
D/nofatclips(  244): Found widget: id=-1 (com.android.internal.policy.impl.PhoneWindow$DecorView@405a0020)
I/nofatclips(  244): Playing Trace 142
I/nofatclips(  244): Retrieved from return list id=16908290
D/nofatclips(  244): Testing for type (android.widget.FrameLayout) against the original (null)
I/nofatclips(  244): Firing event: type= openMenu name= widget=null
D/dalvikvm(  136): GC_EXTERNAL_ALLOC freed 150K, 49% free 2981K/5767K, external 2618K/2620K, paused 84ms
D/MediaScannerService(  252): start scanning volume external
V/MediaProvider(  252): /mnt/sdcard volume ID: 417796893
I/Launcher(  136): setLoadOnResume
D/dalvikvm(  121): GREF has increased to 201
V/MediaProvider(  252): Attached volume: external
W/KeyCharacterMap(  244): No keyboard for id 0
W/KeyCharacterMap(  244): Using default keymap: /system/usr/keychars/qwerty.kcm.bin
V/MediaScanner(  252): pruneDeadThumbnailFiles... android.database.sqlite.SQLiteCursor@40584968
V/MediaScanner(  252): /pruneDeadThumbnailFiles... android.database.sqlite.SQLiteCursor@40584968
D/MediaScanner(  252):  prescan time: 37ms
D/MediaScanner(  252):     scan time: 1ms
D/MediaScanner(  252): postscan time: 40ms
D/MediaScanner(  252):    total time: 78ms
D/MediaScannerService(  252): done scanning volume external
D/szipinf (  136): Initializing inflate state
D/dalvikvm(  136): GC_EXPLICIT freed 222K, 50% free 2938K/5767K, external 2235K/2278K, paused 36ms
I/nofatclips(  244): Waiting for 100 msec.
I/nofatclips(  244): Current activity is Dashboard
I/nofatclips(  244): Retrieving widgets
D/nofatclips(  244): Found widget: id=16908726 (com.android.internal.view.menu.IconMenuView@405d97c8)
D/nofatclips(  244): Found widget: id=16908310 (com.android.internal.view.menu.IconMenuItemView@405da540): Add Account
D/nofatclips(  244): Found widget: id=16908310 (com.android.internal.view.menu.IconMenuItemView@405d3160): Preferences
D/nofatclips(  244): Found widget: id=16908310 (com.android.internal.view.menu.IconMenuItemView@405d3e60): Remove Blog
D/nofatclips(  244): Found widget: id=16908310 (com.android.internal.view.menu.IconMenuItemView@40612928): About
D/nofatclips(  244): Found widget: id=-1 (com.android.internal.policy.impl.PhoneWindow$DecorView@405cd770)
V/ReflectionHelper(  244): com.android.internal.view.menu.IconMenuView > mOnFocusChangeListener FOUND | NOT ACTIVE
V/nicola  (  244): TextualID : null
V/nicola  (  244): ContentType detected : default
V/nicola  (  244): TextualID : null
V/nicola  (  244): ContentType detected : default
V/nicola  (  244): TextualID : null
V/nicola  (  244): ContentType detected : default
V/nicola  (  244): TextualID : null
V/nicola  (  244): ContentType detected : default
I/nofatclips(  244): Performing comparation for activity Dashboard
I/nofatclips(  244): Registering activity Dashboard (id: a25) as a new found state
D/nofatclips(  244): Performing backup of the old activity list on disk
D/nofatclips(  244): Saving new found state 'a25' on disk
V/nofatclips(  244): Opening state file in append mode.
I/nofatclips(  244): Saved image on disk: a25.jpg
I/nofatclips(  244): Waiting for 100 msec.
D/dalvikvm(  244): GC_CONCURRENT freed 723K, 51% free 3238K/6599K, external 2188K/2324K, paused 10ms+9ms
I/nofatclips(  244): Session count is 1. Will dump to disk at 1
I/nofatclips(  244): Saving the session on disk.
I/nofatclips(  244): Planning for new Activity Dashboard
D/nofatclips(  244): Handling event 'click' on widget id=16908310 type=menuItem name=Add Account
D/nofatclips(  244): Handling event 'click' on widget id=16908310 type=menuItem name=Preferences
I/dalvikvm(  244): Jit: resizing JitTable from 512 to 1024
D/nofatclips(  244): Handling event 'click' on widget id=16908310 type=menuItem name=Remove Blog
D/nofatclips(  244): Handling event 'click' on widget id=16908310 type=menuItem name=About
I/nofatclips(  244): Created trace to press the back button
I/nofatclips(  244): Created trace to press the menu button
I/nofatclips(  244): Created trace to change orientation
I/nofatclips(  244): Check for termination: 76 steps left of 100
I/nofatclips(  244): Dispatching new task. 2 more tasks remaining.
D/nofatclips(  244): Performing backup of the old task list on disk
D/nofatclips(  244): Saving task list on disk
V/nofatclips(  244): Backing up trace #147 to disk.
V/nofatclips(  244): Backing up trace #148 to disk.
D/nofatclips(  244): Deleting backup of the old task list from disk
D/nofatclips(  244): Deleting backup of the old activity list from disk
I/nofatclips(  244): Incrementally Playing Trace 148
I/nofatclips(  244): Retrieved from return list id=16908726
D/nofatclips(  244): Testing for type (com.android.internal.view.menu.IconMenuView) against the original (null)
I/nofatclips(  244): Firing event: type= changeOrientation name= widget=null
I/WindowManager(   61): Setting rotation to 1, animFlags=1
I/ActivityManager(   61): Config changed: { scale=1.0 imsi=310/260 loc=en_US touch=3 keys=2/1/2 nav=1/1 orien=2 layout=18 uiMode=17 seq=5}
W/KeyCharacterMap(  244): No keyboard for id 0
W/KeyCharacterMap(  244): Using default keymap: /system/usr/keychars/qwerty.kcm.bin
I/nofatclips(  244): Waiting for 100 msec.
D/dalvikvm(  244): GC_EXTERNAL_ALLOC freed 419K, 51% free 3290K/6599K, external 2289K/2324K, paused 166ms
W/WindowManager(   61): Window freeze timeout expired.
W/WindowManager(   61): Force clearing orientation change: Window{40752f28 AtchDlg:org.wordpress.android/org.wordpress.android.Dashboard paused=false}
W/WindowManager(   61): Force clearing orientation change: Window{406a4228 org.wordpress.android/org.wordpress.android.Dashboard paused=false}
I/nofatclips(  244): Current activity is Dashboard
I/nofatclips(  244): Retrieving widgets
D/nofatclips(  244): Found widget: id=16908726 (com.android.internal.view.menu.IconMenuView@405aa590)
D/nofatclips(  244): Found widget: id=16908310 (com.android.internal.view.menu.IconMenuItemView@4061db90): Add Account
D/nofatclips(  244): Found widget: id=16908310 (com.android.internal.view.menu.IconMenuItemView@4055b820): Preferences
D/nofatclips(  244): Found widget: id=16908310 (com.android.internal.view.menu.IconMenuItemView@4055c338): Remove Blog
D/nofatclips(  244): Found widget: id=16908310 (com.android.internal.view.menu.IconMenuItemView@4065b028): About
D/nofatclips(  244): Found widget: id=-1 (com.android.internal.policy.impl.PhoneWindow$DecorView@405cd770)
V/ReflectionHelper(  244): com.android.internal.view.menu.IconMenuView > mOnFocusChangeListener FOUND | NOT ACTIVE
V/nicola  (  244): TextualID : null
V/nicola  (  244): ContentType detected : default
V/nicola  (  244): TextualID : null
V/nicola  (  244): ContentType detected : default
V/nicola  (  244): TextualID : null
V/nicola  (  244): ContentType detected : default
V/nicola  (  244): TextualID : null
V/nicola  (  244): ContentType detected : default
I/nofatclips(  244): Performing comparation for activity Dashboard
D/nofatclips(  244): Comparing against activity Dashboard
I/nofatclips(  244): Registering activity Dashboard (id: a26) as a new found state
D/nofatclips(  244): Performing backup of the old activity list on disk
D/nofatclips(  244): Saving new found state 'a26' on disk
V/nofatclips(  244): Opening state file in append mode.
I/nofatclips(  244): Saved image on disk: a26.jpg
I/nofatclips(  244): Waiting for 100 msec.
I/nofatclips(  244): Session count is 1. Will dump to disk at 1
I/nofatclips(  244): Saving the session on disk.
I/nofatclips(  244): Planning for new Activity Dashboard
D/nofatclips(  244): Handling event 'click' on widget id=16908310 type=menuItem name=Add Account
D/nofatclips(  244): Handling event 'click' on widget id=16908310 type=menuItem name=Preferences
D/nofatclips(  244): Handling event 'click' on widget id=16908310 type=menuItem name=Remove Blog
D/nofatclips(  244): Handling event 'click' on widget id=16908310 type=menuItem name=About
I/nofatclips(  244): Created trace to press the back button
I/nofatclips(  244): Created trace to press the menu button
I/nofatclips(  244): Created trace to change orientation
I/nofatclips(  244): Check for termination: 75 steps left of 100
I/nofatclips(  244): Dispatching new task. 2 more tasks remaining.
D/nofatclips(  244): Performing backup of the old task list on disk
D/nofatclips(  244): Saving task list on disk
V/nofatclips(  244): Backing up trace #153 to disk.
V/nofatclips(  244): Backing up trace #154 to disk.
D/nofatclips(  244): Deleting backup of the old task list from disk
D/nofatclips(  244): Deleting backup of the old activity list from disk
I/nofatclips(  244): Incrementally Playing Trace 154
I/nofatclips(  244): Retrieved from return list id=16908310
D/nofatclips(  244): Testing for type (com.android.internal.view.menu.IconMenuItemView) against the original (com.android.internal.view.menu.IconMenuItemView)
D/nofatclips(  244): Testing for name (About) against the original (About)
I/nofatclips(  244): Firing event: type= click index=4 widget=com.android.internal.view.menu.IconMenuItemView
D/dalvikvm(   61): GC_EXPLICIT freed 707K, 45% free 4159K/7495K, external 1865K/3065K, paused 135ms
I/dalvikvm(   61): Jit: resizing JitTable from 512 to 1024
W/KeyCharacterMap(  244): No keyboard for id 0
W/KeyCharacterMap(  244): Using default keymap: /system/usr/keychars/qwerty.kcm.bin
D/nofatclips(  244): Event description: About
I/ActivityManager(   61): Starting: Intent { cmp=org.wordpress.android/.About } from pid 244
I/nofatclips(  244): Waiting for 100 msec.
D/dalvikvm(  244): GC_EXTERNAL_ALLOC freed 681K, 50% free 3305K/6599K, external 2901K/2904K, paused 210ms
I/ActivityManager(   61): Displayed org.wordpress.android/.About: +1s517ms
I/nofatclips(  244): Current activity is About
I/nofatclips(  244): Retrieving widgets
D/nofatclips(  244): Found widget: id=16908290 (android.widget.FrameLayout@406744d8)
D/nofatclips(  244): Found widget: id=-1 (android.widget.ScrollView@40675108)
D/nofatclips(  244): Found widget: id=2131165185 (android.widget.LinearLayout@406765a8)
D/nofatclips(  244): Found widget: id=2131165186 (android.widget.ImageView@40676810)
D/nofatclips(  244): Found widget: id=2131165187 (android.widget.TextView@40676c88): WordPress for Android
D/nofatclips(  244): Found widget: id=2131165188 (android.widget.TextView@406778c8): Version 2.0
D/nofatclips(  244): Found widget: id=2131165189 (android.widget.TextView@40677da0): Publisher: Automattic, Inc
D/nofatclips(  244): Found widget: id=2131165190 (android.widget.TextView@40678298): 2011 Automattic, Inc
D/nofatclips(  244): Found widget: id=2131165191 (android.widget.Button@40678bd8): Terms of Service
D/nofatclips(  244): Found widget: id=2131165192 (android.widget.Button@4056ae10): Privacy Policy
D/nofatclips(  244): Found widget: id=2131165193 (android.widget.TextView@4056b748): www.automattic.com
D/nofatclips(  244): Found widget: id=-1 (com.android.internal.policy.impl.PhoneWindow$DecorView@40674120)
V/nicola  (  244): TextualID : about_first_line
V/nicola  (  244): ContentType detected : default
V/nicola  (  244): TextualID : about_version
V/nicola  (  244): ContentType detected : default
V/nicola  (  244): TextualID : about_second_line
V/nicola  (  244): ContentType detected : default
V/nicola  (  244): TextualID : about_third_line
V/nicola  (  244): ContentType detected : default
V/nicola  (  244): TextualID : about_tos
V/nicola  (  244): ContentType detected : default
V/nicola  (  244): TextualID : about_privacy
V/nicola  (  244): ContentType detected : default
V/nicola  (  244): TextualID : about_url
V/nicola  (  244): ContentType detected : default
I/nofatclips(  244): Performing comparation for activity About
D/nofatclips(  244): Comparing against activity Dashboard
D/nofatclips(  244): Comparing against activity Dashboard
I/nofatclips(  244): Registering activity About (id: a27) as a new found state
D/nofatclips(  244): Performing backup of the old activity list on disk
D/nofatclips(  244): Saving new found state 'a27' on disk
V/nofatclips(  244): Opening state file in append mode.
D/dalvikvm(  244): GC_EXTERNAL_ALLOC freed 260K, 51% free 3272K/6599K, external 2204K/2753K, paused 108ms
D/dalvikvm(  244): GC_EXTERNAL_ALLOC freed 34K, 51% free 3240K/6599K, external 3282K/3349K, paused 94ms
I/nofatclips(  244): Saved image on disk: a27.jpg
I/nofatclips(  244): Waiting for 100 msec.
I/nofatclips(  244): Session count is 1. Will dump to disk at 1
I/nofatclips(  244): Saving the session on disk.
I/nofatclips(  244): Planning for new Activity About
D/nofatclips(  244): Handling event 'click' on widget id=2131165191 type=button name=Terms of Service
D/nofatclips(  244): Handling event 'click' on widget id=2131165192 type=button name=Privacy Policy
D/nofatclips(  244): Handling event 'click' on widget id=2131165193 type=text name=www.automattic.com
I/nofatclips(  244): Created trace to press the back button
I/nofatclips(  244): Created trace to press the menu button
I/nofatclips(  244): Created trace to change orientation
I/nofatclips(  244): Check for termination: 74 steps left of 100
I/nofatclips(  244): Dispatching new task. 2 more tasks remaining.
D/nofatclips(  244): Performing backup of the old task list on disk
D/nofatclips(  244): Saving task list on disk
V/nofatclips(  244): Backing up trace #159 to disk.
V/nofatclips(  244): Backing up trace #160 to disk.
D/nofatclips(  244): Deleting backup of the old task list from disk
D/nofatclips(  244): Deleting backup of the old activity list from disk
I/nofatclips(  244): Incrementally Playing Trace 160
I/nofatclips(  244): Retrieved from return list id=2131165191
D/nofatclips(  244): Testing for type (android.widget.Button) against the original (android.widget.Button)
D/nofatclips(  244): Testing for name (Terms of Service) against the original (Terms of Service)
I/nofatclips(  244): Firing event: type= click index=8 widget=android.widget.Button
W/KeyCharacterMap(  244): No keyboard for id 0
W/KeyCharacterMap(  244): Using default keymap: /system/usr/keychars/qwerty.kcm.bin
D/nofatclips(  244): Event description: Terms of Service
I/ActivityManager(   61): Starting: Intent { act=android.intent.action.VIEW dat=http://en.wordpress.com/tos cmp=com.android.browser/.BrowserActivity } from pid 244
I/nofatclips(  244): Waiting for 100 msec.
I/ActivityManager(   61): Start proc com.android.browser for activity com.android.browser/.BrowserActivity: pid=318 uid=10020 gids={3003, 1015}
I/nofatclips(  244): Current activity is About
I/nofatclips(  244): Retrieving widgets
D/nofatclips(  244): Found widget: id=16908290 (android.widget.FrameLayout@406744d8)
D/nofatclips(  244): Found widget: id=-1 (android.widget.ScrollView@40675108)
D/nofatclips(  244): Found widget: id=2131165185 (android.widget.LinearLayout@406765a8)
D/nofatclips(  244): Found widget: id=2131165186 (android.widget.ImageView@40676810)
D/nofatclips(  244): Found widget: id=2131165187 (android.widget.TextView@40676c88): WordPress for Android
D/nofatclips(  244): Found widget: id=2131165188 (android.widget.TextView@406778c8): Version 2.0
D/nofatclips(  244): Found widget: id=2131165189 (android.widget.TextView@40677da0): Publisher: Automattic, Inc
D/nofatclips(  244): Found widget: id=2131165190 (android.widget.TextView@40678298): 2011 Automattic, Inc
D/nofatclips(  244): Found widget: id=2131165191 (android.widget.Button@40678bd8): Terms of Service
D/nofatclips(  244): Found widget: id=2131165192 (android.widget.Button@4056ae10): Privacy Policy
D/nofatclips(  244): Found widget: id=2131165193 (android.widget.TextView@4056b748): www.automattic.com
D/nofatclips(  244): Found widget: id=-1 (com.android.internal.policy.impl.PhoneWindow$DecorView@40674120)
V/nicola  (  244): TextualID : about_first_line
V/nicola  (  244): ContentType detected : default
V/nicola  (  244): TextualID : about_version
V/nicola  (  244): ContentType detected : default
V/nicola  (  244): TextualID : about_second_line
V/nicola  (  244): ContentType detected : default
V/nicola  (  244): TextualID : about_third_line
V/nicola  (  244): ContentType detected : default
V/nicola  (  244): TextualID : about_tos
V/nicola  (  244): ContentType detected : default
V/nicola  (  244): TextualID : about_privacy
V/nicola  (  244): ContentType detected : default
V/nicola  (  244): TextualID : about_url
V/nicola  (  244): ContentType detected : default
I/nofatclips(  244): Performing comparation for activity About
D/nofatclips(  244): Comparing against activity About
D/nofatclips(  244): Comparing against activity Dashboard
D/nofatclips(  244): Comparing against activity Dashboard
I/nofatclips(  244): Registering activity About (id: a28) as a new found state
D/nofatclips(  244): Performing backup of the old activity list on disk
D/nofatclips(  244): Saving new found state 'a28' on disk
V/nofatclips(  244): Opening state file in append mode.
D/dalvikvm(  244): GC_CONCURRENT freed 922K, 52% free 3327K/6855K, external 3282K/4098K, paused 13ms+33ms
D/installd(   35): DexInv: --- BEGIN '/system/app/Browser.apk' ---
I/nofatclips(  244): Saved image on disk: a28.jpg
I/nofatclips(  244): Waiting for 100 msec.
I/nofatclips(  244): Session count is 1. Will dump to disk at 1
I/nofatclips(  244): Saving the session on disk.
I/nofatclips(  244): Planning for new Activity About
D/nofatclips(  244): Handling event 'click' on widget id=2131165191 type=button name=Terms of Service
D/nofatclips(  244): Handling event 'click' on widget id=2131165192 type=button name=Privacy Policy
D/nofatclips(  244): Handling event 'click' on widget id=2131165193 type=text name=www.automattic.com
I/nofatclips(  244): Created trace to press the back button
I/nofatclips(  244): Created trace to press the menu button
I/nofatclips(  244): Created trace to change orientation
I/nofatclips(  244): Check for termination: 73 steps left of 100
I/nofatclips(  244): Dispatching new task. 2 more tasks remaining.
D/nofatclips(  244): Performing backup of the old task list on disk
D/nofatclips(  244): Saving task list on disk
V/nofatclips(  244): Backing up trace #165 to disk.
V/nofatclips(  244): Backing up trace #166 to disk.
D/nofatclips(  244): Deleting backup of the old task list from disk
D/nofatclips(  244): Deleting backup of the old activity list from disk
I/nofatclips(  244): Incrementally Playing Trace 166
I/nofatclips(  244): Retrieved from return list id=2131165192
D/nofatclips(  244): Testing for type (android.widget.Button) against the original (android.widget.Button)
D/nofatclips(  244): Testing for name (Privacy Policy) against the original (Privacy Policy)
I/nofatclips(  244): Firing event: type= click index=9 widget=android.widget.Button
W/KeyCharacterMap(  244): No keyboard for id 0
W/KeyCharacterMap(  244): Using default keymap: /system/usr/keychars/qwerty.kcm.bin
D/dalvikvm(  326): DexOpt: load 668ms, verify+opt 526ms
D/installd(   35): DexInv: --- END '/system/app/Browser.apk' (success) ---
I/ActivityThread(  318): Pub browser: com.android.browser.BrowserProvider
E/ActivityThread(  318): Failed to find provider info for com.google.settings
I/BrowserSettings(  318): Selected search engine: ActivitySearchEngine{android.app.SearchableInfo@4059b2a8}
D/dalvikvm(  318): GC_CONCURRENT freed 482K, 54% free 2710K/5831K, external 751K/1038K, paused 3ms+3ms
E/ActivityThread(  318): Failed to find provider info for com.google.settings
E/ActivityThread(  318): Failed to find provider info for com.google.settings
E/ActivityThread(  318): Failed to find provider info for com.google.settings
E/ActivityThread(  318): Failed to find provider info for com.google.settings
E/ActivityThread(  318): Failed to find provider info for com.google.settings
E/ActivityThread(  318): Failed to find provider info for com.google.settings
E/ActivityThread(  318): Failed to find provider info for com.google.settings
E/ActivityThread(  318): Failed to find provider info for com.google.settings
E/ActivityThread(  318): Failed to find provider info for com.google.settings
E/ActivityThread(  318): Failed to find provider info for com.google.settings
E/ActivityThread(  318): Failed to find provider info for com.google.settings
E/ActivityThread(  318): Failed to find provider info for com.google.settings
E/ActivityThread(  318): Failed to find provider info for com.google.settings
E/ActivityThread(  318): Failed to find provider info for com.google.settings
D/nofatclips(  244): Event description: Privacy Policy
I/ActivityManager(   61): Displayed com.android.browser/.BrowserActivity: +5s452ms
I/Database(  318): sqlite returned: error code = 1, msg = no such table: IconDatabaseInfo
I/ActivityManager(   61): Starting: Intent { act=android.intent.action.VIEW cat=[android.intent.category.BROWSABLE] dat=http://en.wordpress.com/tos/ cmp=com.android.browser/.BrowserActivity } from pid 318
D/dalvikvm(  318): GC_CONCURRENT freed 240K, 49% free 2982K/5831K, external 934K/1038K, paused 14ms+21ms
D/dalvikvm(  318): GC_CONCURRENT freed 232K, 48% free 3249K/6151K, external 934K/1038K, paused 4ms+3ms
D/dalvikvm(  318): GC_CONCURRENT freed 277K, 47% free 3476K/6471K, external 934K/1038K, paused 3ms+3ms
D/skia    (  318): --------- SkTypeface::CreateFromBuffer failed 17120
W/InputDispatcher(   61): Permission denied: injecting event from pid 244 uid 10034 to window with input channel 406fde88 com.android.browser/com.android.browser.BrowserActivity (server) owned by uid 10020
W/WindowManager(   61): Input event injection permission denied.
I/nofatclips(  244): Saving the session on disk. This is the last batch. The session will be terminated.
I/dalvikvm(  244): Jit: resizing JitTable from 1024 to 2048
D/nofatclips(  244): Performing backup of the old task list on disk
D/nofatclips(  244): Saving task list on disk
V/nofatclips(  244): Backing up trace #165 to disk.
D/nofatclips(  244): Deleting backup of the old task list from disk
D/dalvikvm(  244): GC_EXPLICIT freed 1032K, 53% free 3333K/6983K, external 3282K/3349K, paused 338ms
D/dalvikvm(  244): GC_EXPLICIT freed 72K, 54% free 3261K/6983K, external 2682K/3349K, paused 185ms
I/TestRunner(  244): failed: testAndCrawl(com.nofatclips.crawler.guitree.NomadEngine)
I/TestRunner(  244): ----- begin exception -----
I/TestRunner(  244): 
I/TestRunner(  244): junit.framework.AssertionFailedError: Click can not be completed!
I/TestRunner(  244): 	at junit.framework.Assert.fail(Assert.java:47)
I/TestRunner(  244): 	at junit.framework.Assert.assertTrue(Assert.java:20)
I/TestRunner(  244): 	at com.jayway.android.robotium.solo.Clicker.clickOnScreen(Clicker.java:91)
I/TestRunner(  244): 	at com.jayway.android.robotium.solo.Clicker.clickOnScreen(Clicker.java:166)
I/TestRunner(  244): 	at com.jayway.android.robotium.solo.Clicker.clickOnScreen(Clicker.java:139)
I/TestRunner(  244): 	at com.jayway.android.robotium.solo.Solo.clickOnView(Solo.java:785)
I/TestRunner(  244): 	at com.nofatclips.crawler.automation.RobotUtilities.click(RobotUtilities.java:51)
I/TestRunner(  244): 	at com.nofatclips.crawler.automation.Automation.injectInteraction(Automation.java:210)
I/TestRunner(  244): 	at com.nofatclips.crawler.automation.Automation.fireEventOnView(Automation.java:197)
I/TestRunner(  244): 	at com.nofatclips.crawler.automation.Automation.fireEvent(Automation.java:139)
I/TestRunner(  244): 	at com.nofatclips.crawler.automation.Automation.process(Automation.java:110)
I/TestRunner(  244): 	at com.nofatclips.crawler.guitree.RandomEngine.process(RandomEngine.java:88)
I/TestRunner(  244): 	at com.nofatclips.crawler.Engine.testAndCrawl(Engine.java:73)
I/TestRunner(  244): 	at java.lang.reflect.Method.invokeNative(Native Method)
I/TestRunner(  244): 	at java.lang.reflect.Method.invoke(Method.java:507)
I/TestRunner(  244): 	at android.test.InstrumentationTestCase.runMethod(InstrumentationTestCase.java:204)
I/TestRunner(  244): 	at android.test.InstrumentationTestCase.runTest(InstrumentationTestCase.java:194)
