V/nofatclips(  298): Updating value COMPARE_LIST_COUNT
V/nofatclips(  298): Updating value COMPARE_MENU_COUNT
D/nofatclips(  298): Updated value of parameter COMPARE_MENU_COUNT to false (default = true)
V/nofatclips(  298): Updating value COMPARE_STATE_TITLE
V/nofatclips(  298): Updating value COMPARE_VALUES
V/nofatclips(  298): Updating value WIDGET_TYPES
D/nofatclips(  298): Updating node strategy
D/nofatclips(  298): Loading node strategy
V/nofatclips(  298): Updating value AFTER_EVENT_DONT_EXPLORE
V/nofatclips(  298): Updating value AFTER_WIDGET_DONT_EXPLORE
V/nofatclips(  298): Updating value CHECK_FOR_TRANSITION
V/nofatclips(  298): Updating value EXPLORE_ONLY_NEW_STATES
D/nofatclips(  298): Updated value of parameter EXPLORE_ONLY_NEW_STATES to false (default = true)
V/nofatclips(  298): Updating value MAX_NUM_TRACES
D/nofatclips(  298): Updated value of parameter MAX_NUM_TRACES to 100 (default = 0)
V/nofatclips(  298): Updating value MAX_TIME_CRAWLING
V/nofatclips(  298): Updating value PAUSE_AFTER_TIME
V/nofatclips(  298): Updating value PAUSE_AFTER_TRACES
V/nofatclips(  298): Updating value TRACE_MAX_DEPTH
V/nofatclips(  298): Updating value TRACE_MIN_DEPTH
D/nofatclips(  298): Starting random testing
I/TestRunner(  298): started: testAndCrawl(com.nofatclips.crawler.guitree.NomadEngine)
I/ActivityManager(   62): Starting: Intent { act=android.intent.action.MAIN flg=0x10000000 cmp=org.wordpress.android/.Dashboard } from pid 298
D/szipinf (   62): Initializing inflate state
I/ARMAssembler(   62): generated scanline__00000177:03515104_00001002_00000000 [ 87 ipp] (110 ins) at [0x46efd6f0:0x46efd8a8] in 333142 ns
D/dalvikvm(  298): GC_EXTERNAL_ALLOC freed 403K, 53% free 2736K/5767K, external 716K/1038K, paused 255ms
W/dalvikvm(  247): threadid=6: spin on suspend resolved in 2827 msec
D/dalvikvm(  247): Restored policy of 251 to 0
D/dalvikvm(  298): GC_EXTERNAL_ALLOC freed 114K, 49% free 2944K/5767K, external 1407K/1623K, paused 38ms
I/ActivityManager(   62): Displayed org.wordpress.android/.Dashboard: +1s18ms
I//system/bin/fsck_msdos(   29): ** /dev/block/vold/179:0
I//system/bin/fsck_msdos(   29): ** Phase 1 - Read and Compare FATs
I//system/bin/fsck_msdos(   29): Attempting to allocate 397 KB for FAT
D/Eas Debug(  271): Logging: 
D/EAS SyncManager(  271): !!! EAS SyncManager, onDestroy
D/nofatclips(  298): Generated Resuming Persistence
I/dalvikvm(  298): Could not find method android.app.Activity.getFragmentManager, referenced from method com.jayway.android.robotium.solo.Waiter.getFragment
W/dalvikvm(  298): VFY: unable to resolve virtual method 7: Landroid/app/Activity;.getFragmentManager ()Landroid/app/FragmentManager;
D/dalvikvm(  298): VFY: replacing opcode 0x6e at 0x0008
I/dalvikvm(  298): Could not find method android.app.Activity.getFragmentManager, referenced from method com.jayway.android.robotium.solo.Waiter.getFragment
W/dalvikvm(  298): VFY: unable to resolve virtual method 7: Landroid/app/Activity;.getFragmentManager ()Landroid/app/FragmentManager;
D/dalvikvm(  298): VFY: replacing opcode 0x6e at 0x0017
W/dalvikvm(  298): VFY: unable to find class referenced in signature (Landroid/app/Fragment;)
D/dalvikvm(  298): VFY: dead code 0x000b-000f in Lcom/jayway/android/robotium/solo/Waiter;.getFragment (Ljava/lang/String;I)Landroid/app/Fragment;
D/dalvikvm(  298): VFY: dead code 0x001a-001f in Lcom/jayway/android/robotium/solo/Waiter;.getFragment (Ljava/lang/String;I)Landroid/app/Fragment;
W/dalvikvm(  298): VFY: unable to find class referenced in signature (Landroid/app/Fragment;)
D/MediaScannerService(  230): start scanning volume internal
I//system/bin/fsck_msdos(   29): Attempting to allocate 397 KB for FAT
D/dalvikvm(  271): GC_CONCURRENT freed 536K, 54% free 2699K/5831K, external 716K/1038K, paused 3ms+42ms
D/Email   (  271): BOOT_COMPLETED
I//system/bin/fsck_msdos(   29): ** Phase 2 - Check Cluster Chains
D/EAS SyncManager(  271): !!! EAS SyncManager, onCreate
D/EAS SyncManager(  271): !!! EAS SyncManager, onStartCommand
I//system/bin/fsck_msdos(   29): ** Phase 3 - Checking Directories
D/EAS SyncManager(  271): !!! EAS SyncManager, stopping self
D/EAS SyncManager(  271): !!! EAS SyncManager, onDestroy
I//system/bin/fsck_msdos(   29): ** Phase 4 - Checking for Lost Files
I//system/bin/fsck_msdos(   29): 3 files, 50388 free (100777 clusters)
I/Vold    (   29): Filesystem check completed OK
I/Vold    (   29): Device /dev/block/vold/179:0, target /mnt/sdcard mounted @ /mnt/secure/staging
D/Vold    (   29): Volume sdcard state changing 3 (Checking) -> 4 (Mounted)
I/PackageManager(   62): Updating external media status from unmounted to mounted
I/StorageNotification(  126): Media {/mnt/sdcard} state changed from {checking} -> {mounted}
D/VoldCmdListener(   29): asec list
I/PackageManager(   62): No secure containers on sdcard
W/PackageManager(   62): Unknown permission com.google.android.googleapps.permission.GOOGLE_AUTH.mail in package com.android.contacts
W/PackageManager(   62): Unknown permission android.permission.ADD_SYSTEM_SERVICE in package com.android.phone
W/PackageManager(   62): Not granting permission android.permission.SEND_DOWNLOAD_COMPLETED_INTENTS to package com.android.browser (protectionLevel=2 flags=0x9be45)
W/PackageManager(   62): Unknown permission com.google.android.gm.permission.WRITE_GMAIL in package com.android.settings
W/PackageManager(   62): Unknown permission com.google.android.gm.permission.READ_GMAIL in package com.android.settings
W/PackageManager(   62): Unknown permission com.google.android.googleapps.permission.GOOGLE_AUTH in package com.android.settings
W/PackageManager(   62): Unknown permission com.google.android.googleapps.permission.GOOGLE_AUTH in package com.android.providers.contacts
W/PackageManager(   62): Unknown permission com.google.android.googleapps.permission.GOOGLE_AUTH.cp in package com.android.providers.contacts
W/PackageManager(   62): Unknown permission com.google.android.googleapps.permission.ACCESS_GOOGLE_PASSWORD in package com.android.development
W/PackageManager(   62): Unknown permission com.google.android.googleapps.permission.GOOGLE_AUTH in package com.android.development
W/PackageManager(   62): Unknown permission com.google.android.googleapps.permission.GOOGLE_AUTH.ALL_SERVICES in package com.android.development
W/PackageManager(   62): Unknown permission com.google.android.googleapps.permission.GOOGLE_AUTH.YouTubeUser in package com.android.development
W/PackageManager(   62): Unknown permission android.permission.READ_OWNER_DATA in package com.android.email
W/PackageManager(   62): Not granting permission android.permission.DEVICE_POWER to package com.android.deskclock (protectionLevel=2 flags=0x8be45)
W/ImageDownloader(  298): Error 404 while retrieving bitmap from http://gravatar.com/blavatar/d49126b84b57031ce19aea61cda0a7cf?s=60&d=404
D/MediaScanner(  230):  prescan time: 303ms
D/MediaScanner(  230):     scan time: 47ms
D/MediaScanner(  230): postscan time: 0ms
D/MediaScanner(  230):    total time: 350ms
D/dalvikvm(  230): GC_CONCURRENT freed 529K, 55% free 2647K/5831K, external 716K/1038K, paused 3ms+12ms
D/szipinf (  179): Initializing inflate state
I/dalvikvm(   62): Jit: resizing JitTable from 512 to 1024
D/dalvikvm(  179): GC_CONCURRENT freed 245K, 51% free 2797K/5703K, external 716K/1038K, paused 3ms+5ms
D/nofatclips(  298): Updating node automation
D/nofatclips(  298): Loading node automation
V/nofatclips(  298): Updating value FORCE_RESTART
V/nofatclips(  298): Updating value IN_AND_OUT_FOCUS
V/nofatclips(  298): Updating value PRECRAWLING
V/nofatclips(  298): Updating value SCREENSHOT_FOR_EVENTS
V/nofatclips(  298): Updating value SCREENSHOT_FOR_STATES
V/nofatclips(  298): Updating value SCREENSHOT_ONLY_NEW_STATES
V/nofatclips(  298): Updating value SLEEP_AFTER_EVENT
D/nofatclips(  298): Updated value of parameter SLEEP_AFTER_EVENT to 100 (default = 1000)
V/nofatclips(  298): Updating value SLEEP_AFTER_RESTART
D/nofatclips(  298): Updated value of parameter SLEEP_AFTER_RESTART to 100 (default = 1000)
V/nofatclips(  298): Updating value SLEEP_AFTER_TASK
D/nofatclips(  298): Updated value of parameter SLEEP_AFTER_TASK to 100 (default = 1000)
V/nofatclips(  298): Updating value SLEEP_ON_THROBBER
D/nofatclips(  298): Updated value of parameter SLEEP_ON_THROBBER to 100 (default = 1000)
D/nofatclips(  298): Updating node screenshot
D/nofatclips(  298): Loading node screenshot
V/nofatclips(  298): Updating value FORCE_RESTART
V/nofatclips(  298): Updating value IN_AND_OUT_FOCUS
V/nofatclips(  298): Updating value PRECRAWLING
V/nofatclips(  298): Updating value SCREENSHOT_FOR_EVENTS
V/nofatclips(  298): Updating value SCREENSHOT_FOR_STATES
V/nofatclips(  298): Updating value SCREENSHOT_ONLY_NEW_STATES
V/nofatclips(  298): Updating value SLEEP_AFTER_EVENT
V/nofatclips(  298): Updating value SLEEP_AFTER_RESTART
V/nofatclips(  298): Updating value SLEEP_AFTER_TASK
V/nofatclips(  298): Updating value SLEEP_ON_THROBBER
I/nofatclips(  298): Waiting for 100 msec.
D/MediaScannerService(  230): done scanning volume internal
D/MediaScannerService(  230): start scanning volume external
V/MediaProvider(  230): /mnt/sdcard volume ID: 417796893
D/dalvikvm(  125): GREF has increased to 201
D/nofatclips(  298): Ready to operate after restarting...
I/nofatclips(  298): Current activity is Dashboard
W/nofatclips(  298): --->Dashboard
D/dalvikvm(  298): GC_CONCURRENT freed 229K, 49% free 2994K/5831K, external 1812K/2324K, paused 2ms+3ms
I/nofatclips(  298): Retrieving widgets
D/nofatclips(  298): Found widget: id=16908290 (android.widget.FrameLayout@405a16e0)
D/nofatclips(  298): Found widget: id=2131165248 (android.widget.RelativeLayout@405a23e0)
D/nofatclips(  298): Found widget: id=2131165249 (android.widget.LinearLayout@405a2a48)
D/nofatclips(  298): Found widget: id=-1 (android.widget.ImageView@405a2f90)
D/nofatclips(  298): Found widget: id=2131165250 (org.wordpress.android.util.WPTitleBar@4059c968)
D/nofatclips(  298): Found widget: id=2131165195 (android.widget.RelativeLayout@4050efe8)
D/nofatclips(  298): Found widget: id=2131165196 (android.widget.RelativeLayout@40569298)
D/nofatclips(  298): Found widget: id=2131165197 (android.widget.ImageView@4059dc00)
D/nofatclips(  298): Found widget: id=2131165198 (android.widget.TextView@40542608): My Blog
D/nofatclips(  298): Found widget: id=2131165199 (android.widget.ImageView@4055de98)
D/nofatclips(  298): Found widget: id=-1 (android.widget.RelativeLayout@4057a200)
D/nofatclips(  298): Found widget: id=2131165200 (android.widget.ImageButton@4059e128)
D/nofatclips(  298): Found widget: id=-1 (android.widget.FrameLayout@4057b6b0)
D/nofatclips(  298): Found widget: id=2131165201 (android.widget.Button@40542fd0): 
D/nofatclips(  298): Found widget: id=2131165202 (android.widget.ImageView@40594560)
D/nofatclips(  298): Found widget: id=2131165203 (android.widget.ImageView@4053d7c8)
D/nofatclips(  298): Found widget: id=2131165204 (android.widget.LinearLayout@40569ea0)
D/nofatclips(  298): Found widget: id=-1 (android.widget.FrameLayout@4059d998)
D/nofatclips(  298): Found widget: id=-1 (android.widget.LinearLayout@40530970)
D/nofatclips(  298): Found widget: id=-1 (android.widget.LinearLayout@4050edf8)
D/nofatclips(  298): Found widget: id=-1 (android.widget.LinearLayout@4052ff90)
D/nofatclips(  298): Found widget: id=2131165251 (android.widget.LinearLayout@40530648)
D/nofatclips(  298): Found widget: id=-1 (android.widget.ImageView@40591008)
D/nofatclips(  298): Found widget: id=2131165256 (android.widget.TextView@4056bb98): New Post
D/nofatclips(  298): Found widget: id=2131165253 (android.widget.LinearLayout@4059cba0)
D/nofatclips(  298): Found widget: id=-1 (android.widget.ImageView@405319b0)
D/nofatclips(  298): Found widget: id=2131165256 (android.widget.TextView@4056c4d0): New Page
D/nofatclips(  298): Found widget: id=-1 (android.widget.LinearLayout@40533c68)
D/nofatclips(  298): Found widget: id=2131165252 (android.widget.LinearLayout@40531658)
D/nofatclips(  298): Found widget: id=-1 (android.widget.ImageView@40539b60)
D/nofatclips(  298): Found widget: id=2131165256 (android.widget.TextView@405786c8): Quick Photo
D/nofatclips(  298): Found widget: id=2131165254 (android.widget.LinearLayout@405481d8)
D/nofatclips(  298): Found widget: id=-1 (android.widget.ImageView@40532550)
D/nofatclips(  298): Found widget: id=2131165256 (android.widget.TextView@40578f38): Quick Video
D/nofatclips(  298): Found widget: id=-1 (android.widget.LinearLayout@4052f400)
D/nofatclips(  298): Found widget: id=-1 (android.widget.LinearLayout@40534c20)
D/nofatclips(  298): Found widget: id=2131165255 (android.widget.LinearLayout@40535ee8)
D/nofatclips(  298): Found widget: id=-1 (android.widget.ImageView@40543590)
D/nofatclips(  298): Found widget: id=2131165256 (android.widget.TextView@405795c0): Posts
D/nofatclips(  298): Found widget: id=2131165257 (android.widget.LinearLayout@40546950)
D/nofatclips(  298): Found widget: id=-1 (android.widget.ImageView@405695c8)
D/nofatclips(  298): Found widget: id=2131165256 (android.widget.TextView@40538218): Pages
D/nofatclips(  298): Found widget: id=-1 (android.widget.FrameLayout@40540ed0)
D/nofatclips(  298): Found widget: id=2131165258 (android.widget.LinearLayout@40545110)
D/nofatclips(  298): Found widget: id=-1 (android.widget.ImageView@40540bb0)
D/nofatclips(  298): Found widget: id=2131165256 (android.widget.TextView@4053a1c8): Comments
D/nofatclips(  298): Found widget: id=2131165259 (android.widget.FrameLayout@40546f20)
D/nofatclips(  298): Found widget: id=2131165260 (android.widget.ImageView@40547840)
D/nofatclips(  298): Found widget: id=2131165261 (org.wordpress.android.util.CommentBadgeTextView@4053b1e0): 0
D/nofatclips(  298): Found widget: id=-1 (android.widget.LinearLayout@405415d8)
D/nofatclips(  298): Found widget: id=2131165262 (android.widget.LinearLayout@405423c0)
D/nofatclips(  298): Found widget: id=-1 (android.widget.ImageView@40544aa0)
D/nofatclips(  298): Found widget: id=2131165256 (android.widget.TextView@40541800): Settings
D/nofatclips(  298): Found widget: id=2131165263 (android.widget.LinearLayout@40546400)
D/nofatclips(  298): Found widget: id=-1 (android.widget.ImageView@40561e50)
D/nofatclips(  298): Found widget: id=2131165256 (android.widget.TextView@40543b40): Read
D/nofatclips(  298): Found widget: id=2131165264 (android.widget.LinearLayout@405627d0)
D/nofatclips(  298): Found widget: id=-1 (android.widget.ImageView@40565e10)
D/nofatclips(  298): Found widget: id=2131165256 (android.widget.TextView@40550898): Stats
D/nofatclips(  298): Found widget: id=-1 (com.android.internal.policy.impl.PhoneWindow$DecorView@405a0de0)
V/nicola  (  298): TextualID : blog_title
V/nicola  (  298): ContentType detected : default
V/nicola  (  298): TextualID : action_refresh
V/nicola  (  298): ContentType detected : default
V/nicola  (  298): TextualID : button_text
V/nicola  (  298): ContentType detected : default
V/nicola  (  298): TextualID : button_text
V/nicola  (  298): ContentType detected : default
V/nicola  (  298): TextualID : button_text
V/nicola  (  298): ContentType detected : default
V/nicola  (  298): TextualID : button_text
V/nicola  (  298): ContentType detected : default
V/nicola  (  298): TextualID : button_text
V/nicola  (  298): ContentType detected : default
V/nicola  (  298): TextualID : button_text
V/nicola  (  298): ContentType detected : default
V/nicola  (  298): TextualID : button_text
V/nicola  (  298): ContentType detected : default
V/nicola  (  298): TextualID : button_text
V/nicola  (  298): ContentType detected : default
V/nicola  (  298): TextualID : button_text
V/nicola  (  298): ContentType detected : default
V/nicola  (  298): TextualID : button_text
V/nicola  (  298): ContentType detected : default
I/nofatclips(  298): Attempting to resume previous session
I/nofatclips(  298): Memoryless engine: the task file will not be loaded. Looking for crashed traces.
I/nofatclips(  298): Reading task file
V/nofatclips(  298): Discarding trace #165
I/nofatclips(  298): Stateless comparator: the state file will not be loaded.
D/dalvikvm(  298): GetFieldID: unable to find field Ljava/util/Hashtable;.loadFactor:F
D/dalvikvm(  298): GetFieldID: unable to find field Ljava/util/Hashtable;.loadFactor:F
D/dalvikvm(  298): GetFieldID: unable to find field Ljava/util/Hashtable;.loadFactor:F
D/dalvikvm(  298): GetFieldID: unable to find field Ljava/util/Hashtable;.loadFactor:F
D/dalvikvm(  298): GetFieldID: unable to find field Ljava/util/Hashtable;.loadFactor:F
D/dalvikvm(  298): GetFieldID: unable to find field Ljava/util/Hashtable;.loadFactor:F
D/nofatclips(  298): Backup session footer restored to 
D/nofatclips(  298): </SESSION>
D/nofatclips(  298): Restored random counter to: 178
D/nofatclips(  298): Restored trace count to 167
D/nofatclips(  298): Current step countdown restored to 73
D/nofatclips(  298): Restored abstractor counters to: event = 178 - input = 0 - activity = 28
I/nofatclips(  298): Saving the session on disk.
D/dalvikvm(  298): GC_CONCURRENT freed 657K, 51% free 3143K/6407K, external 1812K/2324K, paused 4ms+3ms
D/szipinf (  144): Initializing inflate state
I/nofatclips(  298): Planning for new Activity Dashboard
D/nofatclips(  298): Handling event 'click' on widget id=2131165200 type=button name=
D/nofatclips(  298): Handling event 'click' on widget id=2131165201 type=button name=
D/nofatclips(  298): Handling event 'click' on widget id=2131165204 type=linearLayout name=
D/nofatclips(  298): Handling event 'click' on widget id=2131165251 type=linearLayout name=
D/nofatclips(  298): Handling event 'click' on widget id=2131165253 type=linearLayout name=
I/dalvikvm(  298): Jit: resizing JitTable from 512 to 1024
V/MediaProvider(  230): Attached volume: external
D/nofatclips(  298): Handling event 'click' on widget id=2131165252 type=linearLayout name=
D/dalvikvm(  298): GC_CONCURRENT freed 669K, 51% free 3264K/6535K, external 1812K/2324K, paused 3ms+3ms
D/nofatclips(  298): Handling event 'click' on widget id=2131165254 type=linearLayout name=
D/nofatclips(  298): Handling event 'click' on widget id=2131165255 type=linearLayout name=
D/nofatclips(  298): Handling event 'click' on widget id=2131165257 type=linearLayout name=
D/nofatclips(  298): Handling event 'click' on widget id=2131165258 type=linearLayout name=
D/nofatclips(  298): Handling event 'click' on widget id=2131165262 type=linearLayout name=
D/nofatclips(  298): Handling event 'click' on widget id=2131165263 type=linearLayout name=
D/nofatclips(  298): Handling event 'click' on widget id=2131165264 type=linearLayout name=
D/dalvikvm(  298): GC_CONCURRENT freed 758K, 51% free 3283K/6663K, external 1812K/2324K, paused 4ms+3ms
I/nofatclips(  298): Created trace to press the menu button
I/nofatclips(  298): Created trace to change orientation
I/nofatclips(  298): Dispatching new task. 2 more tasks remaining.
D/nofatclips(  298): Performing backup of the old task list on disk
D/nofatclips(  298): Saving task list on disk
V/nofatclips(  298): Backing up trace #180 to disk.
V/nofatclips(  298): Backing up trace #181 to disk.
D/nofatclips(  298): Deleting backup of the old task list from disk
I/nofatclips(  298): Restarting
D/dalvikvm(  144): GC_EXPLICIT freed 198K, 49% free 2981K/5831K, external 3075K/3257K, paused 2434ms
V/MediaScanner(  230): pruneDeadThumbnailFiles... android.database.sqlite.SQLiteCursor@405a2608
V/MediaScanner(  230): /pruneDeadThumbnailFiles... android.database.sqlite.SQLiteCursor@405a2608
D/MediaScanner(  230):  prescan time: 3715ms
D/MediaScanner(  230):     scan time: 1ms
D/MediaScanner(  230): postscan time: 61ms
D/MediaScanner(  230):    total time: 3777ms
D/MediaScannerService(  230): done scanning volume external
I/nofatclips(  298): Waiting for 100 msec.
D/nofatclips(  298): Ready to operate after restarting...
I/nofatclips(  298): Retrieving widgets
D/nofatclips(  298): Found widget: id=16908290 (android.widget.FrameLayout@405a16e0)
D/nofatclips(  298): Found widget: id=2131165248 (android.widget.RelativeLayout@405a23e0)
D/nofatclips(  298): Found widget: id=2131165249 (android.widget.LinearLayout@405a2a48)
D/nofatclips(  298): Found widget: id=-1 (android.widget.ImageView@405a2f90)
D/nofatclips(  298): Found widget: id=2131165250 (org.wordpress.android.util.WPTitleBar@4059c968)
D/nofatclips(  298): Found widget: id=2131165195 (android.widget.RelativeLayout@4050efe8)
D/nofatclips(  298): Found widget: id=2131165196 (android.widget.RelativeLayout@40569298)
D/nofatclips(  298): Found widget: id=2131165197 (android.widget.ImageView@4059dc00)
D/nofatclips(  298): Found widget: id=2131165198 (android.widget.TextView@40542608): My Blog
D/nofatclips(  298): Found widget: id=2131165199 (android.widget.ImageView@4055de98)
D/nofatclips(  298): Found widget: id=-1 (android.widget.RelativeLayout@4057a200)
D/nofatclips(  298): Found widget: id=2131165200 (android.widget.ImageButton@4059e128)
D/nofatclips(  298): Found widget: id=-1 (android.widget.FrameLayout@4057b6b0)
D/nofatclips(  298): Found widget: id=2131165201 (android.widget.Button@40542fd0): 
D/nofatclips(  298): Found widget: id=2131165202 (android.widget.ImageView@40594560)
D/nofatclips(  298): Found widget: id=2131165203 (android.widget.ImageView@4053d7c8)
D/nofatclips(  298): Found widget: id=2131165204 (android.widget.LinearLayout@40569ea0)
D/nofatclips(  298): Found widget: id=-1 (android.widget.FrameLayout@4059d998)
D/nofatclips(  298): Found widget: id=-1 (android.widget.LinearLayout@40530970)
D/nofatclips(  298): Found widget: id=-1 (android.widget.LinearLayout@4050edf8)
D/nofatclips(  298): Found widget: id=-1 (android.widget.LinearLayout@4052ff90)
D/nofatclips(  298): Found widget: id=2131165251 (android.widget.LinearLayout@40530648)
D/nofatclips(  298): Found widget: id=-1 (android.widget.ImageView@40591008)
D/nofatclips(  298): Found widget: id=2131165256 (android.widget.TextView@4056bb98): New Post
D/nofatclips(  298): Found widget: id=2131165253 (android.widget.LinearLayout@4059cba0)
D/nofatclips(  298): Found widget: id=-1 (android.widget.ImageView@405319b0)
D/nofatclips(  298): Found widget: id=2131165256 (android.widget.TextView@4056c4d0): New Page
D/nofatclips(  298): Found widget: id=-1 (android.widget.LinearLayout@40533c68)
D/nofatclips(  298): Found widget: id=2131165252 (android.widget.LinearLayout@40531658)
D/nofatclips(  298): Found widget: id=-1 (android.widget.ImageView@40539b60)
D/nofatclips(  298): Found widget: id=2131165256 (android.widget.TextView@405786c8): Quick Photo
D/nofatclips(  298): Found widget: id=2131165254 (android.widget.LinearLayout@405481d8)
D/nofatclips(  298): Found widget: id=-1 (android.widget.ImageView@40532550)
D/nofatclips(  298): Found widget: id=2131165256 (android.widget.TextView@40578f38): Quick Video
D/nofatclips(  298): Found widget: id=-1 (android.widget.LinearLayout@4052f400)
D/nofatclips(  298): Found widget: id=-1 (android.widget.LinearLayout@40534c20)
D/nofatclips(  298): Found widget: id=2131165255 (android.widget.LinearLayout@40535ee8)
D/nofatclips(  298): Found widget: id=-1 (android.widget.ImageView@40543590)
D/nofatclips(  298): Found widget: id=2131165256 (android.widget.TextView@405795c0): Posts
D/nofatclips(  298): Found widget: id=2131165257 (android.widget.LinearLayout@40546950)
D/nofatclips(  298): Found widget: id=-1 (android.widget.ImageView@405695c8)
D/nofatclips(  298): Found widget: id=2131165256 (android.widget.TextView@40538218): Pages
D/nofatclips(  298): Found widget: id=-1 (android.widget.FrameLayout@40540ed0)
D/nofatclips(  298): Found widget: id=2131165258 (android.widget.LinearLayout@40545110)
D/nofatclips(  298): Found widget: id=-1 (android.widget.ImageView@40540bb0)
D/nofatclips(  298): Found widget: id=2131165256 (android.widget.TextView@4053a1c8): Comments
D/nofatclips(  298): Found widget: id=2131165259 (android.widget.FrameLayout@40546f20)
D/nofatclips(  298): Found widget: id=2131165260 (android.widget.ImageView@40547840)
D/nofatclips(  298): Found widget: id=2131165261 (org.wordpress.android.util.CommentBadgeTextView@4053b1e0): 0
D/nofatclips(  298): Found widget: id=-1 (android.widget.LinearLayout@405415d8)
D/nofatclips(  298): Found widget: id=2131165262 (android.widget.LinearLayout@405423c0)
D/nofatclips(  298): Found widget: id=-1 (android.widget.ImageView@40544aa0)
D/nofatclips(  298): Found widget: id=2131165256 (android.widget.TextView@40541800): Settings
D/nofatclips(  298): Found widget: id=2131165263 (android.widget.LinearLayout@40546400)
D/nofatclips(  298): Found widget: id=-1 (android.widget.ImageView@40561e50)
D/nofatclips(  298): Found widget: id=2131165256 (android.widget.TextView@40543b40): Read
D/nofatclips(  298): Found widget: id=2131165264 (android.widget.LinearLayout@405627d0)
D/nofatclips(  298): Found widget: id=-1 (android.widget.ImageView@40565e10)
D/nofatclips(  298): Found widget: id=2131165256 (android.widget.TextView@40550898): Stats
D/nofatclips(  298): Found widget: id=-1 (com.android.internal.policy.impl.PhoneWindow$DecorView@405a0de0)
I/nofatclips(  298): Playing Trace 181
I/nofatclips(  298): Retrieved from return list id=2131165254
D/nofatclips(  298): Testing for type (android.widget.LinearLayout) against the original (android.widget.LinearLayout)
D/nofatclips(  298): Testing for name () against the original ()
I/nofatclips(  298): Firing event: type= click index=31 widget=android.widget.LinearLayout
D/nofatclips(  298): Event description: Quick Video
D/dalvikvm(  298): GC_CONCURRENT freed 872K, 53% free 3209K/6727K, external 1812K/2324K, paused 14ms+13ms
I/ActivityManager(   62): Starting: Intent { cmp=org.wordpress.android/.EditPost (has extras) } from pid 298
I/nofatclips(  298): Waiting for 100 msec.
I/ActivityManager(   62): Starting: Intent { flg=0x10000 cmp=org.wordpress.android/.EditContent (has extras) } from pid 298
I/ActivityManager(   62): Starting: Intent { act=android.media.action.VIDEO_CAPTURE cmp=com.android.camera/.VideoCamera } from pid 298
D/dalvikvm(   62): GC_CONCURRENT freed 731K, 45% free 4173K/7559K, external 1865K/3065K, paused 20ms+52ms
I/ActivityManager(   62): Start proc com.android.camera for activity com.android.camera/.VideoCamera: pid=316 uid=10025 gids={1006, 1015}
I/nofatclips(  298): Current activity is EditContent
I/nofatclips(  298): Retrieving widgets
I/nofatclips(  298): Exit state. Not performing comparation for activity EditContent
I/nofatclips(  298): Waiting for 100 msec.
I/nofatclips(  298): Session count is 1. Will dump to disk at 1
I/nofatclips(  298): Saving the session on disk.
I/nofatclips(  298): Check for termination: 72 steps left of 100
I/nofatclips(  298): Saving the session on disk. This is the last batch. The session will be terminated.
D/nofatclips(  298): Performing backup of the old task list on disk
D/nofatclips(  298): Saving task list on disk
V/nofatclips(  298): Backing up trace #180 to disk.
D/nofatclips(  298): Deleting backup of the old task list from disk
I/WindowManager(   62): Setting rotation to 1, animFlags=1
I/ActivityManager(   62): Config changed: { scale=1.0 imsi=310/260 loc=en_US touch=3 keys=2/1/2 nav=1/1 orien=2 layout=18 uiMode=17 seq=5}
V/videocamera(  316): startPreview
V/CameraHolder(  316): open camera 0
D/CameraHardwareStub(   34): initHeapLocked: preview size=320x240
I/StagefrightPlayer(   34): setDataSource('/system/media/audio/ui/camera_click.ogg')
I/StagefrightPlayer(   34): setDataSource('/system/media/audio/ui/VideoRecord.ogg')
D/Camera  (  316): app passed NULL surface
D/CameraHardwareStub(   34): initHeapLocked: preview size=352x288
W/dalvikvm(  298): threadid=10: spin on suspend #1 threadid=13 (pcf=0)
D/dalvikvm(  298): Temporarily moving tid 315 to fg (was 0)
D/dalvikvm(  298): Temporarily raised priority on tid 315 (10 -> 0)
W/dalvikvm(  298): threadid=10: spin on suspend resolved in 1044 msec
D/dalvikvm(  298): Restored policy of 315 to 0
D/dalvikvm(  298): Restored priority on 315 to 10
D/dalvikvm(  298): GC_EXPLICIT freed 391K, 51% free 3335K/6727K, external 2068K/2324K, paused 161ms
W/OrientationEventListener(  316): Cannot detect sensors. Not enabled
D/dalvikvm(  298): GC_EXPLICIT freed 19K, 51% free 3316K/6727K, external 2068K/2324K, paused 163ms
I/TestRunner(  298): finished: testAndCrawl(com.nofatclips.crawler.guitree.NomadEngine)
I/TestRunner(  298): passed: testAndCrawl(com.nofatclips.crawler.guitree.NomadEngine)
E/InstrumentationTestRunner(  298): Failed to generate emma coverage. Is emma jar on classpath?
E/InstrumentationTestRunner(  298): java.lang.ClassNotFoundException: com.vladium.emma.rt.RT
E/InstrumentationTestRunner(  298): 	at java.lang.Class.classForName(Native Method)
E/InstrumentationTestRunner(  298): 	at java.lang.Class.forName(Class.java:234)
E/InstrumentationTestRunner(  298): 	at java.lang.Class.forName(Class.java:181)
E/InstrumentationTestRunner(  298): 	at android.test.InstrumentationTestRunner.generateCoverageReport(InstrumentationTestRunner.java:578)
E/InstrumentationTestRunner(  298): 	at android.test.InstrumentationTestRunner.onStart(InstrumentationTestRunner.java:545)
E/InstrumentationTestRunner(  298): 	at android.app.Instrumentation$InstrumentationThread.run(Instrumentation.java:1448)
E/InstrumentationTestRunner(  298): Caused by: java.lang.NoClassDefFoundError: com.vladium.emma.rt.RT
E/InstrumentationTestRunner(  298): 	... 6 more
E/InstrumentationTestRunner(  298): Caused by: java.lang.ClassNotFoundException: com.vladium.emma.rt.RT in loader dalvik.system.PathClassLoader[/system/framework/android.test.runner.jar:/data/app/com.nofatclips.crawler-1.apk:/data/app/org.wordpress.android-1.apk]
E/InstrumentationTestRunner(  298): 	at dalvik.system.PathClassLoader.findClass(PathClassLoader.java:240)
E/InstrumentationTestRunner(  298): 	at java.lang.ClassLoader.loadClass(ClassLoader.java:551)
E/InstrumentationTestRunner(  298): 	at java.lang.ClassLoader.loadClass(ClassLoader.java:511)
E/InstrumentationTestRunner(  298): 	... 6 more
I/ActivityManager(   62): Force stopping package org.wordpress.android uid=10034
I/Process (   62): Sending signal. PID: 298 SIG: 9
D/AndroidRuntime(  284): Shutting down VM
I/ActivityManager(   62):   Force finishing activity HistoryRecord{40758390 org.wordpress.android/.EditPost}
D/dalvikvm(  284): GC_CONCURRENT freed 103K, 71% free 297K/1024K, external 0K/0K, paused 1ms+1ms
D/jdwp    (  284): adbd disconnected
I/AndroidRuntime(  284): NOTE: attach of thread 'Binder Thread #3' failed
D/dalvikvm(  316): GC_CONCURRENT freed 477K, 54% free 2727K/5831K, external 932K/1038K, paused 4ms+77ms
I/ActivityManager(   62): Displayed com.android.camera/.VideoCamera: +2s635ms (total +4s293ms)
D/libEGL  (  316): egl.cfg not found, using default config
D/libEGL  (  316): loaded /system/lib/egl/libGLES_android.so
V/GLRootView(  316): onSurfaceChanged: 384x314, gl10: com.google.android.gles_jni.GLImpl@40575ad8
V/GLRootView(  316): layout content pane 384x314
E/SurfaceFlinger(   62): texture=3, using format 17, which is not supported by the GL
I/ARMAssembler(  316): generated scanline__00000177:03515101_00008A01_00000000 [ 60 ipp] (84 ins) at [0x46c281e8:0x46c28338] in 936133 ns
I/DEBUG   (   31): debuggerd: Feb  3 2011 14:45:34
D/qemud   (   38): entering main loop
I/Netd    (   30): Netd 1.0 starting
I/Vold    (   29): Vold 2.1 (the revenge) firing up
D/Vold    (   29): USB mass storage support is not enabled in the kernel
D/Vold    (   29): usb_configuration switch is not enabled in the kernel
D/Vold    (   29): Volume sdcard state changing -1 (Initializing) -> 0 (No-Media)
D/Vold    (   29): Volume sdcard state changing 0 (No-Media) -> 1 (Idle-Unmounted)
D/qemud   (   38): fdhandler_accept_event: accepting on fd 9
D/qemud   (   38): created client 0xe078 listening on fd 10
D/qemud   (   38): client_fd_receive: attempting registration for service 'boot-properties'
D/qemud   (   38): client_fd_receive:    -> received channel id 1
D/qemud   (   38): client_registration: registration succeeded for client 1
I/qemu-props(   52): connected to 'boot-properties' qemud service.
I/qemu-props(   52): receiving..
I/qemu-props(   52): received: dalvik.vm.heapsize=64m
I/qemu-props(   52): receiving..
I/qemu-props(   52): received: ro.config.low_ram=true
I/qemu-props(   52): receiving..
I/qemu-props(   52): received: qemu.sf.lcd_density=160
I/qemu-props(   52): receiving..
I/qemu-props(   52): received: qemu.hw.mainkeys=0
I/qemu-props(   52): receiving..
I/qemu-props(   52): received: qemu.sf.fake_camera=none
I/qemu-props(   52): receiving..
I/qemu-props(   52): exiting (5 properties set).
D/qemud   (   38): fdhandler_event: disconnect on fd 10
D/AndroidRuntime(   33): 
D/AndroidRuntime(   33): >>>>>> AndroidRuntime START com.android.internal.os.ZygoteInit <<<<<<
D/AndroidRuntime(   33): CheckJNI is ON
D/qemud   (   38): fdhandler_accept_event: accepting on fd 9
D/qemud   (   38): created client 0xe078 listening on fd 10
D/qemud   (   38): fdhandler_event: disconnect on fd 10
I/        (   34): ServiceManager: 0xad50
D/AudioHardwareInterface(   34): setMode(NORMAL)
I/CameraService(   34): CameraService started (pid=34)
D/qemud   (   38): fdhandler_accept_event: accepting on fd 9
D/qemud   (   38): created client 0xe078 listening on fd 10
D/qemud   (   38): client_fd_receive: attempting registration for service 'gsm'
D/qemud   (   38): client_fd_receive:    -> received channel id 2
D/qemud   (   38): client_registration: registration succeeded for client 2
I/AudioFlinger(   34): AudioFlinger's thread 0xc658 ready to run
I/SamplingProfilerIntegration(   33): Profiler is disabled.
I/Zygote  (   33): Preloading classes...
E/Zygote  (   33): setreuid() failed. errno: 2
D/dalvikvm(   33): GC_EXPLICIT freed 47K, 78% free 234K/1024K, external 0K/0K, paused 5ms
D/dalvikvm(   33): GC_EXPLICIT freed 1K, 73% free 284K/1024K, external 0K/0K, paused 3ms
D/dalvikvm(   33): GC_EXPLICIT freed 22K, 69% free 318K/1024K, external 0K/0K, paused 3ms
D/dalvikvm(   33): GC_EXPLICIT freed 17K, 66% free 356K/1024K, external 0K/0K, paused 4ms
D/dalvikvm(   33): GC_EXPLICIT freed 26K, 63% free 385K/1024K, external 0K/0K, paused 4ms
D/dalvikvm(   33): GC_EXPLICIT freed 20K, 57% free 441K/1024K, external 0K/0K, paused 5ms
W/MediaProfiles(   33): could not find media config xml file
D/dalvikvm(   33): GC_EXPLICIT freed 99K, 47% free 547K/1024K, external 0K/0K, paused 7ms
D/dalvikvm(   33): GC_EXPLICIT freed 272K, 28% free 885K/1219K, external 0K/0K, paused 12ms
D/dalvikvm(   33): GC_EXPLICIT freed 21K, 24% free 932K/1219K, external 0K/0K, paused 10ms
D/RenderScript_jni(   33): RenderScript JNI library not found!
D/dalvikvm(   33): GC_EXPLICIT freed 25K, 19% free 999K/1219K, external 0K/0K, paused 10ms
D/dalvikvm(   33): GC_EXPLICIT freed 47K, 5% free 1281K/1347K, external 0K/0K, paused 16ms
D/dalvikvm(   33): GC_EXPLICIT freed 24K, 3% free 1311K/1347K, external 0K/0K, paused 16ms
D/dalvikvm(   33): GC_EXPLICIT freed 28K, 6% free 1336K/1411K, external 0K/0K, paused 16ms
D/dalvikvm(   33): GC_EXPLICIT freed 14K, 3% free 1377K/1411K, external 0K/0K, paused 17ms
D/dalvikvm(   33): GC_EXPLICIT freed 28K, 5% free 1402K/1475K, external 0K/0K, paused 18ms
D/dalvikvm(   33): GC_EXPLICIT freed 28K, 3% free 1439K/1475K, external 0K/0K, paused 18ms
D/dalvikvm(   33): GC_EXPLICIT freed 38K, 6% free 1457K/1539K, external 0K/0K, paused 18ms
D/dalvikvm(   33): GC_EXPLICIT freed 40K, 5% free 1471K/1539K, external 0K/0K, paused 18ms
D/dalvikvm(   33): GC_EXPLICIT freed 55K, 8% free 1485K/1603K, external 0K/0K, paused 18ms
D/dalvikvm(   33): GC_FOR_MALLOC freed 2954K, 58% free 2168K/5123K, external 0K/0K, paused 55ms
D/dalvikvm(   33): GC_EXPLICIT freed 1403K, 55% free 2310K/5123K, external 0K/0K, paused 41ms
D/dalvikvm(   33): GC_EXPLICIT freed 148K, 54% free 2373K/5123K, external 0K/0K, paused 33ms
D/dalvikvm(   33): GC_EXPLICIT freed 73K, 54% free 2398K/5123K, external 0K/0K, paused 31ms
D/dalvikvm(   33): GC_EXPLICIT freed 36K, 53% free 2416K/5123K, external 0K/0K, paused 30ms
D/dalvikvm(   33): GC_EXPLICIT freed 31K, 53% free 2439K/5123K, external 0K/0K, paused 30ms
D/dalvikvm(   33): GC_EXPLICIT freed 38K, 52% free 2462K/5123K, external 0K/0K, paused 31ms
I/Zygote  (   33): ...preloaded 1830 classes in 5834ms.
E/Zygote  (   33): setreuid() failed. errno: 17
D/dalvikvm(   33): GC_EXPLICIT freed 18K, 52% free 2460K/5123K, external 0K/0K, paused 31ms
I/Zygote  (   33): Preloading resources...
D/dalvikvm(   33): GC_EXTERNAL_ALLOC freed <1K, 52% free 2462K/5123K, external 0K/0K, paused 31ms
W/Zygote  (   33): Preloaded drawable resource #0x1080093 (res/drawable-mdpi/sym_def_app_icon.png) that varies with configuration!!
W/Zygote  (   33): Preloaded drawable resource #0x1080002 (res/drawable-mdpi/arrow_down_float.png) that varies with configuration!!
W/Zygote  (   33): Preloaded drawable resource #0x10800b4 (res/drawable/btn_check.xml) that varies with configuration!!
W/Zygote  (   33): Preloaded drawable resource #0x10800b7 (res/drawable-mdpi/btn_check_label_background.9.png) that varies with configuration!!
W/Zygote  (   33): Preloaded drawable resource #0x10800b8 (res/drawable-mdpi/btn_check_off.png) that varies with configuration!!
W/Zygote  (   33): Preloaded drawable resource #0x10800bd (res/drawable-mdpi/btn_check_on.png) that varies with configuration!!
W/Zygote  (   33): Preloaded drawable resource #0x1080004 (res/drawable/btn_default.xml) that varies with configuration!!
W/Zygote  (   33): Preloaded drawable resource #0x1080005 (res/drawable/btn_default_small.xml) that varies with configuration!!
W/Zygote  (   33): Preloaded drawable resource #0x1080006 (res/drawable/btn_dropdown.xml) that varies with configuration!!
W/Zygote  (   33): Preloaded drawable resource #0x1080008 (res/drawable/btn_plus.xml) that varies with configuration!!
W/Zygote  (   33): Preloaded drawable resource #0x1080007 (res/drawable/btn_minus.xml) that varies with configuration!!
W/Zygote  (   33): Preloaded drawable resource #0x1080009 (res/drawable/btn_radio.xml) that varies with configuration!!
W/Zygote  (   33): Preloaded drawable resource #0x108000a (res/drawable/btn_star.xml) that varies with configuration!!
D/dalvikvm(   33): GC_EXPLICIT freed 25K, 52% free 2499K/5123K, external 408K/521K, paused 31ms
W/Zygote  (   33): Preloaded drawable resource #0x1080132 (res/drawable/btn_toggle.xml) that varies with configuration!!
W/Zygote  (   33): Preloaded drawable resource #0x1080196 (res/drawable-mdpi/ic_emergency.png) that varies with configuration!!
W/Zygote  (   33): Preloaded drawable resource #0x1080012 (res/drawable-mdpi/divider_horizontal_bright.9.png) that varies with configuration!!
W/Zygote  (   33): Preloaded drawable resource #0x1080014 (res/drawable-mdpi/divider_horizontal_dark.9.png) that varies with configuration!!
W/Zygote  (   33): Preloaded drawable resource #0x1080016 (res/drawable/edit_text.xml) that varies with configuration!!
W/Zygote  (   33): Preloaded drawable resource #0x1080170 (res/drawable/expander_group.xml) that varies with configuration!!
W/Zygote  (   33): Preloaded drawable resource #0x1080062 (res/drawable/list_selector_background.xml) that varies with configuration!!
W/Zygote  (   33): Preloaded drawable resource #0x108022a (res/drawable-mdpi/menu_background.9.png) that varies with configuration!!
W/Zygote  (   33): Preloaded drawable resource #0x108022b (res/drawable-mdpi/menu_background_fill_parent_width.9.png) that varies with configuration!!
W/Zygote  (   33): Preloaded drawable resource #0x108022c (res/drawable/menu_selector.xml) that varies with configuration!!
D/dalvikvm(   33): GC_EXTERNAL_ALLOC freed 16K, 51% free 2512K/5123K, external 516K/521K, paused 31ms
W/Zygote  (   33): Preloaded drawable resource #0x108023a (res/drawable-mdpi/panel_background.9.png) that varies with configuration!!
W/Zygote  (   33): Preloaded drawable resource #0x1080242 (res/drawable-mdpi/popup_bottom_bright.9.png) that varies with configuration!!
W/Zygote  (   33): Preloaded drawable resource #0x1080243 (res/drawable-mdpi/popup_bottom_dark.9.png) that varies with configuration!!
W/Zygote  (   33): Preloaded drawable resource #0x1080244 (res/drawable-mdpi/popup_bottom_medium.9.png) that varies with configuration!!
W/Zygote  (   33): Preloaded drawable resource #0x1080245 (res/drawable-mdpi/popup_center_bright.9.png) that varies with configuration!!
W/Zygote  (   33): Preloaded drawable resource #0x1080246 (res/drawable-mdpi/popup_center_dark.9.png) that varies with configuration!!
W/Zygote  (   33): Preloaded drawable resource #0x1080249 (res/drawable-mdpi/popup_full_dark.9.png) that varies with configuration!!
W/Zygote  (   33): Preloaded drawable resource #0x108024c (res/drawable-mdpi/popup_top_bright.9.png) that varies with configuration!!
W/Zygote  (   33): Preloaded drawable resource #0x108024d (res/drawable-mdpi/popup_top_dark.9.png) that varies with configuration!!
W/Zygote  (   33): Preloaded drawable resource #0x108006d (res/drawable/progress_indeterminate_horizontal.xml) that varies with configuration!!
W/Zygote  (   33): Preloaded drawable resource #0x1080253 (res/drawable/progress_small.xml) that varies with configuration!!
W/Zygote  (   33): Preloaded drawable resource #0x1080254 (res/drawable/progress_small_titlebar.xml) that varies with configuration!!
W/Zygote  (   33): Preloaded drawable resource #0x1080274 (res/drawable-mdpi/scrollbar_handle_horizontal.9.png) that varies with configuration!!
W/Zygote  (   33): Preloaded drawable resource #0x1080275 (res/drawable-mdpi/scrollbar_handle_vertical.9.png) that varies with configuration!!
D/dalvikvm(   33): GC_EXPLICIT freed 15K, 51% free 2524K/5123K, external 585K/1038K, paused 31ms
W/Zygote  (   33): Preloaded drawable resource #0x1080071 (res/drawable/spinner_dropdown_background.xml) that varies with configuration!!
W/Zygote  (   33): Preloaded drawable resource #0x1080312 (res/drawable-mdpi/text_select_handle_left.png) that varies with configuration!!
W/Zygote  (   33): Preloaded drawable resource #0x1080313 (res/drawable-mdpi/text_select_handle_middle.png) that varies with configuration!!
W/Zygote  (   33): Preloaded drawable resource #0x1080314 (res/drawable-mdpi/text_select_handle_right.png) that varies with configuration!!
W/Zygote  (   33): Preloaded drawable resource #0x1080335 (res/drawable-mdpi/title_bar_shadow.9.png) that varies with configuration!!
W/Zygote  (   33): Preloaded drawable resource #0x10801d8 (res/drawable-mdpi/indicator_code_lock_drag_direction_green_up.png) that varies with configuration!!
W/Zygote  (   33): Preloaded drawable resource #0x10801d9 (res/drawable-mdpi/indicator_code_lock_drag_direction_red_up.png) that varies with configuration!!
W/Zygote  (   33): Preloaded drawable resource #0x10801da (res/drawable-mdpi/indicator_code_lock_point_area_default.png) that varies with configuration!!
W/Zygote  (   33): Preloaded drawable resource #0x10801db (res/drawable-mdpi/indicator_code_lock_point_area_green.png) that varies with configuration!!
W/Zygote  (   33): Preloaded drawable resource #0x10801dc (res/drawable-mdpi/indicator_code_lock_point_area_red.png) that varies with configuration!!
I/Zygote  (   33): ...preloaded 51 resources in 464ms.
I/Zygote  (   33): ...preloaded 15 resources in 12ms.
D/dalvikvm(   33): GC_EXPLICIT freed 23K, 51% free 2533K/5123K, external 716K/1038K, paused 32ms
D/dalvikvm(   33): GC_EXPLICIT freed 6K, 51% free 2526K/5123K, external 716K/1038K, paused 32ms
D/dalvikvm(   33): GC_EXPLICIT freed <1K, 51% free 2526K/5123K, external 716K/1038K, paused 31ms
I/dalvikvm(   33): System server process 61 has bee