D/nofatclips(  240): Updating node screenshot
D/nofatclips(  240): Loading node screenshot
V/nofatclips(  240): Updating value FORCE_RESTART
V/nofatclips(  240): Updating value IN_AND_OUT_FOCUS
V/nofatclips(  240): Updating value PRECRAWLING
V/nofatclips(  240): Updating value SCREENSHOT_FOR_EVENTS
V/nofatclips(  240): Updating value SCREENSHOT_FOR_STATES
V/nofatclips(  240): Updating value SCREENSHOT_ONLY_NEW_STATES
V/nofatclips(  240): Updating value SLEEP_AFTER_EVENT
V/nofatclips(  240): Updating value SLEEP_AFTER_RESTART
V/nofatclips(  240): Updating value SLEEP_AFTER_TASK
V/nofatclips(  240): Updating value SLEEP_ON_THROBBER
I/nofatclips(  240): Waiting for 100 msec.
D/nofatclips(  240): Ready to operate after restarting...
I/nofatclips(  240): Current activity is Dashboard
W/nofatclips(  240): --->Dashboard
I/nofatclips(  240): Retrieving widgets
D/nofatclips(  240): No session to resume: task list not found. Will start from scratch.
I/nofatclips(  240): Starting a new session
D/nofatclips(  240): Performing backup of the old activity list on disk
D/nofatclips(  240): Saving new found state 'exit' on disk
V/nofatclips(  240): Opening state file in overwrite mode.
W/ActivityManager(   61): Activity idle timeout for HistoryRecord{40542eb8 com.android.launcher/com.android.launcher2.Launcher}
I/ActivityManager(   61): Start proc com.android.email for broadcast com.android.email/.service.EmailBroadcastReceiver: pid=296 uid=10028 gids={3003, 1015}
I/ActivityThread(  296): Pub com.android.email.provider: com.android.email.provider.EmailProvider
I/ActivityThread(  296): Pub com.android.email.attachmentprovider: com.android.email.provider.AttachmentProvider
I/ActivityThread(  296): Pub com.android.exchange.provider: com.android.exchange.provider.ExchangeProvider
D/EAS SyncManager(  296): !!! EAS SyncManager, onCreate
I/SearchManagerService(   61): Building list of searchable activities
I//system/bin/fsck_msdos(   29): ** /dev/block/vold/179:0
I//system/bin/fsck_msdos(   29): ** Phase 1 - Read and Compare FATs
I//system/bin/fsck_msdos(   29): Attempting to allocate 397 KB for FAT
D/MediaScannerService(  255): start scanning volume internal
D/dalvikvm(  240): GC_CONCURRENT freed 179K, 48% free 3043K/5831K, external 1812K/2324K, paused 3ms+3ms
I/nofatclips(  240): Planning for new Activity Dashboard
I/nofatclips(  240): Created trace to press the menu button
I/nofatclips(  240): Created trace to change orientation
I/nofatclips(  240): Dispatching new task. 2 more tasks remaining.
D/nofatclips(  240): Saving task list on disk
V/nofatclips(  240): Backing up trace #0 to disk.
V/nofatclips(  240): Backing up trace #1 to disk.
D/nofatclips(  240): Deleting backup of the old activity list from disk
I/nofatclips(  240): Restarting
D/dalvikvm(  275): GC_CONCURRENT freed 487K, 54% free 2730K/5831K, external 716K/1038K, paused 2ms+3ms
I//system/bin/fsck_msdos(   29): Attempting to allocate 397 KB for FAT
I/InputReader(   61): Device reconfigured: id=0x0, name=qwerty2, display size is now 320x480
I/InputManager-Callbacks(   61): No virtual keys found for device qwerty2.
D/dalvikvm(  296): GC_CONCURRENT freed 531K, 54% free 2704K/5831K, external 716K/1038K, paused 2ms+103ms
D/Eas Debug(  296): Logging: 
D/EAS SyncManager(  296): !!! EAS SyncManager, onDestroy
I/ARMAssembler(   61): generated scanline__00000077:03515104_00001004_00000000 [ 65 ipp] (85 ins) at [0x46cb2520:0x46cb2674] in 565358 ns
I/ARMAssembler(   61): generated scanline__00000177:03515104_00001001_00000000 [ 91 ipp] (114 ins) at [0x46cb2678:0x46cb2840] in 341268 ns
I/nofatclips(  240): Waiting for 100 msec.
D/nofatclips(  240): Ready to operate after restarting...
I/nofatclips(  240): Retrieving widgets
D/nofatclips(  240): Found widget: id=16908290 (android.widget.FrameLayout@405a09c8)
D/nofatclips(  240): Found widget: id=2131165248 (android.widget.RelativeLayout@405a16c8)
D/nofatclips(  240): Found widget: id=2131165249 (android.widget.LinearLayout@405a1d30)
D/nofatclips(  240): Found widget: id=-1 (android.widget.ImageView@405a2278)
D/nofatclips(  240): Found widget: id=2131165250 (org.wordpress.android.util.WPTitleBar@4059bc50)
D/nofatclips(  240): Found widget: id=2131165195 (android.widget.RelativeLayout@4050e260)
D/nofatclips(  240): Found widget: id=2131165196 (android.widget.RelativeLayout@40568510)
D/nofatclips(  240): Found widget: id=2131165197 (android.widget.ImageView@4059cee8)
D/nofatclips(  240): Found widget: id=2131165198 (android.widget.TextView@40541880): Katie's Sweet Testing Blog
D/nofatclips(  240): Found widget: id=2131165199 (android.widget.ImageView@4055d110)
D/nofatclips(  240): Found widget: id=-1 (android.widget.RelativeLayout@40579478)
D/nofatclips(  240): Found widget: id=2131165200 (android.widget.ImageButton@4059d410)
D/nofatclips(  240): Found widget: id=-1 (android.widget.FrameLayout@4057a998)
D/nofatclips(  240): Found widget: id=2131165201 (android.widget.Button@40542248): 
D/nofatclips(  240): Found widget: id=2131165202 (android.widget.ImageView@40593848)
D/nofatclips(  240): Found widget: id=2131165203 (android.widget.ImageView@4053ca40)
D/nofatclips(  240): Found widget: id=2131165204 (android.widget.LinearLayout@40569118)
D/nofatclips(  240): Found widget: id=-1 (android.widget.FrameLayout@4059cc80)
D/nofatclips(  240): Found widget: id=-1 (android.widget.LinearLayout@4052fbe8)
D/nofatclips(  240): Found widget: id=-1 (android.widget.LinearLayout@4050e070)
D/nofatclips(  240): Found widget: id=-1 (android.widget.LinearLayout@4052f208)
D/nofatclips(  240): Found widget: id=2131165251 (android.widget.LinearLayout@4052f8c0)
D/nofatclips(  240): Found widget: id=-1 (android.widget.ImageView@405902f0)
D/nofatclips(  240): Found widget: id=2131165256 (android.widget.TextView@4056ae10): New Post
D/nofatclips(  240): Found widget: id=2131165253 (android.widget.LinearLayout@4059be88)
D/nofatclips(  240): Found widget: id=-1 (android.widget.ImageView@40530c28)
D/nofatclips(  240): Found widget: id=2131165256 (android.widget.TextView@4056b748): New Page
D/nofatclips(  240): Found widget: id=-1 (android.widget.LinearLayout@40532ee0)
D/nofatclips(  240): Found widget: id=2131165252 (android.widget.LinearLayout@405308d0)
D/nofatclips(  240): Found widget: id=-1 (android.widget.ImageView@40538dd8)
D/nofatclips(  240): Found widget: id=2131165256 (android.widget.TextView@40577940): Quick Photo
D/nofatclips(  240): Found widget: id=2131165254 (android.widget.LinearLayout@40547450)
D/nofatclips(  240): Found widget: id=-1 (android.widget.ImageView@405317c8)
D/nofatclips(  240): Found widget: id=2131165256 (android.widget.TextView@405781b0): Quick Video
D/nofatclips(  240): Found widget: id=-1 (android.widget.LinearLayout@4052e678)
D/nofatclips(  240): Found widget: id=-1 (android.widget.LinearLayout@40533e98)
D/nofatclips(  240): Found widget: id=2131165255 (android.widget.LinearLayout@40535160)
D/nofatclips(  240): Found widget: id=-1 (android.widget.ImageView@40542808)
D/nofatclips(  240): Found widget: id=2131165256 (android.widget.TextView@40578838): Posts
D/nofatclips(  240): Found widget: id=2131165257 (android.widget.LinearLayout@40545bc8)
D/nofatclips(  240): Found widget: id=-1 (android.widget.ImageView@40568840)
D/nofatclips(  240): Found widget: id=2131165256 (android.widget.TextView@40537490): Pages
D/nofatclips(  240): Found widget: id=-1 (android.widget.FrameLayout@40540148)
D/nofatclips(  240): Found widget: id=2131165258 (android.widget.LinearLayout@40544388)
D/nofatclips(  240): Found widget: id=-1 (android.widget.ImageView@4053fe28)
D/nofatclips(  240): Found widget: id=2131165256 (android.widget.TextView@40539440): Comments
D/nofatclips(  240): Found widget: id=2131165259 (android.widget.FrameLayout@40546198)
D/nofatclips(  240): Found widget: id=2131165260 (android.widget.ImageView@40546ab8)
D/nofatclips(  240): Found widget: id=2131165261 (org.wordpress.android.util.CommentBadgeTextView@4053a458): 0
D/nofatclips(  240): Found widget: id=-1 (android.widget.LinearLayout@40540850)
D/nofatclips(  240): Found widget: id=2131165262 (android.widget.LinearLayout@40541638)
D/nofatclips(  240): Found widget: id=-1 (android.widget.ImageView@40543d18)
D/nofatclips(  240): Found widget: id=2131165256 (android.widget.TextView@40540a78): Settings
D/nofatclips(  240): Found widget: id=2131165263 (android.widget.LinearLayout@40545678)
D/nofatclips(  240): Found widget: id=-1 (android.widget.ImageView@405610c8)
D/nofatclips(  240): Found widget: id=2131165256 (android.widget.TextView@40542db8): Read
D/nofatclips(  240): Found widget: id=2131165264 (android.widget.LinearLayout@40561a48)
D/nofatclips(  240): Found widget: id=-1 (android.widget.ImageView@40565088)
D/nofatclips(  240): Found widget: id=2131165256 (android.widget.TextView@4054fb10): Stats
D/nofatclips(  240): Found widget: id=-1 (com.android.internal.policy.impl.PhoneWindow$DecorView@405a00c8)
I/nofatclips(  240): Playing Trace 1
I/nofatclips(  240): Retrieved from return list id=16908290
D/nofatclips(  240): Testing for type (android.widget.FrameLayout) against the original (null)
I/nofatclips(  240): Firing event: type= changeOrientation name= widget=null
I//system/bin/fsck_msdos(   29): ** Phase 2 - Check Cluster Chains
I//system/bin/fsck_msdos(   29): ** Phase 3 - Checking Directories
D/Email   (  296): BOOT_COMPLETED
I//system/bin/fsck_msdos(   29): ** Phase 4 - Checking for Lost Files
I//system/bin/fsck_msdos(   29): Next free cluster in FSInfo block (5) not free
D/dalvikvm(  240): GC_CONCURRENT freed 630K, 51% free 3142K/6407K, external 1812K/2324K, paused 2ms+3ms
I//system/bin/fsck_msdos(   29): FIXED
I//system/bin/fsck_msdos(   29): 3 files, 50388 free (100777 clusters)
I/Vold    (   29): Filesystem check completed OK
I/Vold    (   29): Device /dev/block/vold/179:0, target /mnt/sdcard mounted @ /mnt/secure/staging
D/Vold    (   29): Volume sdcard state changing 3 (Checking) -> 4 (Mounted)
I/PackageManager(   61): Updating external media status from unmounted to mounted
I/StorageNotification(  134): Media {/mnt/sdcard} state changed from {checking} -> {mounted}
D/EAS SyncManager(  296): !!! EAS SyncManager, onCreate
D/EAS SyncManager(  296): !!! EAS SyncManager, onStartCommand
D/VoldCmdListener(   29): asec list
D/EAS SyncManager(  296): !!! EAS SyncManager, stopping self
D/EAS SyncManager(  296): !!! EAS SyncManager, onDestroy
I/PackageManager(   61): No secure containers on sdcard
W/PackageManager(   61): Unknown permission com.google.android.googleapps.permission.GOOGLE_AUTH.mail in package com.android.contacts
W/PackageManager(   61): Unknown permission android.permission.ADD_SYSTEM_SERVICE in package com.android.phone
W/PackageManager(   61): Not granting permission android.permission.SEND_DOWNLOAD_COMPLETED_INTENTS to package com.android.browser (protectionLevel=2 flags=0x9be45)
W/PackageManager(   61): Unknown permission com.google.android.gm.permission.WRITE_GMAIL in package com.android.settings
W/PackageManager(   61): Unknown permission com.google.android.gm.permission.READ_GMAIL in package com.android.settings
W/PackageManager(   61): Unknown permission com.google.android.googleapps.permission.GOOGLE_AUTH in package com.android.settings
W/PackageManager(   61): Unknown permission com.google.android.googleapps.permission.GOOGLE_AUTH in package com.android.providers.contacts
W/PackageManager(   61): Unknown permission com.google.android.googleapps.permission.GOOGLE_AUTH.cp in package com.android.providers.contacts
W/PackageManager(   61): Unknown permission com.google.android.googleapps.permission.ACCESS_GOOGLE_PASSWORD in package com.android.development
W/PackageManager(   61): Unknown permission com.google.android.googleapps.permission.GOOGLE_AUTH in package com.android.development
W/PackageManager(   61): Unknown permission com.google.android.googleapps.permission.GOOGLE_AUTH.ALL_SERVICES in package com.android.development
W/PackageManager(   61): Unknown permission com.google.android.googleapps.permission.GOOGLE_AUTH.YouTubeUser in package com.android.development
W/PackageManager(   61): Unknown permission android.permission.READ_OWNER_DATA in package com.android.email
W/PackageManager(   61): Not granting permission android.permission.DEVICE_POWER to package com.android.deskclock (protectionLevel=2 flags=0x8be45)
W/ImageDownloader(  240): Error 404 while retrieving bitmap from http://gravatar.com/blavatar/44d338f29053dbb888da79dcf98df489?s=60&d=404
D/dalvikvm(  181): GC_CONCURRENT freed 229K, 51% free 2818K/5703K, external 716K/1038K, paused 2ms+3ms
W/KeyCharacterMap(  240): No keyboard for id 0
W/KeyCharacterMap(  240): Using default keymap: /system/usr/keychars/qwerty.kcm.bin
D/dalvikvm(  255): GC_CONCURRENT freed 524K, 55% free 2644K/5767K, external 716K/1038K, paused 3ms+5ms
D/MediaScanner(  255):  prescan time: 565ms
D/MediaScanner(  255):     scan time: 152ms
D/MediaScanner(  255): postscan time: 0ms
D/MediaScanner(  255):    total time: 717ms
D/szipinf (  181): Initializing inflate state
D/MediaScannerService(  255): done scanning volume internal
D/MediaScannerService(  255): start scanning volume external
I/Launcher(  142): setLoadOnResume
V/MediaProvider(  255): /mnt/sdcard volume ID: 417796893
I/Launcher(  142): setLoadOnResume
D/dalvikvm(  133): GREF has increased to 201
D/dalvikvm(  142): GC_EXTERNAL_ALLOC freed 151K, 49% free 2988K/5767K, external 2618K/2620K, paused 54ms
I/Launcher(  142): setLoadOnResume
V/MediaProvider(  255): Attached volume: external
V/MediaScanner(  255): pruneDeadThumbnailFiles... android.database.sqlite.SQLiteCursor@405973f8
V/MediaScanner(  255): /pruneDeadThumbnailFiles... android.database.sqlite.SQLiteCursor@405973f8
D/MediaScanner(  255):  prescan time: 73ms
D/MediaScanner(  255):     scan time: 1ms
D/MediaScanner(  255): postscan time: 19ms
D/MediaScanner(  255):    total time: 93ms
D/MediaScannerService(  255): done scanning volume external
D/szipinf (  142): Initializing inflate state
I/WindowManager(   61): Setting rotation to 1, animFlags=1
I/ActivityManager(   61): Config changed: { scale=1.0 imsi=310/260 loc=en_US touch=3 keys=2/1/2 nav=1/1 orien=2 layout=18 uiMode=17 seq=5}
I/nofatclips(  240): Waiting for 100 msec.
I/nofatclips(  240): Current activity is Dashboard
I/nofatclips(  240): Retrieving widgets
D/nofatclips(  240): Found widget: id=16908290 (android.widget.FrameLayout@405a09c8)
D/nofatclips(  240): Found widget: id=2131165248 (android.widget.RelativeLayout@405a16c8)
D/nofatclips(  240): Found widget: id=2131165249 (android.widget.LinearLayout@405a1d30)
D/nofatclips(  240): Found widget: id=-1 (android.widget.ImageView@405a2278)
D/nofatclips(  240): Found widget: id=2131165250 (org.wordpress.android.util.WPTitleBar@4059bc50)
D/nofatclips(  240): Found widget: id=2131165195 (android.widget.RelativeLayout@4050e260)
D/nofatclips(  240): Found widget: id=2131165196 (android.widget.RelativeLayout@40568510)
D/nofatclips(  240): Found widget: id=2131165197 (android.widget.ImageView@4059cee8)
D/nofatclips(  240): Found widget: id=2131165198 (android.widget.TextView@40541880): Katie's Sweet Testing Blog
D/nofatclips(  240): Found widget: id=2131165199 (android.widget.ImageView@4055d110)
D/nofatclips(  240): Found widget: id=-1 (android.widget.RelativeLayout@40579478)
D/nofatclips(  240): Found widget: id=2131165200 (android.widget.ImageButton@4059d410)
D/nofatclips(  240): Found widget: id=-1 (android.widget.FrameLayout@4057a998)
D/nofatclips(  240): Found widget: id=2131165201 (android.widget.Button@40542248): 
D/nofatclips(  240): Found widget: id=2131165202 (android.widget.ImageView@40593848)
D/nofatclips(  240): Found widget: id=2131165203 (android.widget.ImageView@4053ca40)
D/nofatclips(  240): Found widget: id=2131165249 (android.widget.LinearLayout@405d7a00)
D/nofatclips(  240): Found widget: id=-1 (android.widget.FrameLayout@405d7ce0)
D/nofatclips(  240): Found widget: id=-1 (android.widget.LinearLayout@405d7f48)
D/nofatclips(  240): Found widget: id=-1 (android.widget.LinearLayout@4061a1e0)
D/nofatclips(  240): Found widget: id=-1 (android.widget.LinearLayout@4061a330)
D/nofatclips(  240): Found widget: id=2131165251 (android.widget.LinearLayout@4061a530)
D/nofatclips(  240): Found widget: id=-1 (android.widget.ImageView@406189b0)
D/nofatclips(  240): Found widget: id=-1 (android.widget.TextView@40618da8): New Post
D/nofatclips(  240): Found widget: id=2131165252 (android.widget.LinearLayout@4061c178)
D/nofatclips(  240): Found widget: id=-1 (android.widget.ImageView@4061d3c8)
D/nofatclips(  240): Found widget: id=-1 (android.widget.TextView@40619620): Quick Photo
D/nofatclips(  240): Found widget: id=-1 (android.widget.LinearLayout@40619ab0)
D/nofatclips(  240): Found widget: id=2131165253 (android.widget.LinearLayout@4061a070)
D/nofatclips(  240): Found widget: id=-1 (android.widget.ImageView@4061dfb8)
D/nofatclips(  240): Found widget: id=-1 (android.widget.TextView@405d8900): New Page
D/nofatclips(  240): Found widget: id=2131165254 (android.widget.LinearLayout@405d8cc0)
D/nofatclips(  240): Found widget: id=-1 (android.widget.ImageView@40615d50)
D/nofatclips(  240): Found widget: id=-1 (android.widget.TextView@40616100): Quick Video
D/nofatclips(  240): Found widget: id=-1 (android.widget.LinearLayout@405d9778)
D/nofatclips(  240): Found widget: id=-1 (android.widget.LinearLayout@405d98c8)
D/nofatclips(  240): Found widget: id=2131165255 (android.widget.LinearLayout@405d9a60)
D/nofatclips(  240): Found widget: id=-1 (android.widget.ImageView@405da490)
D/nofatclips(  240): Found widget: id=2131165256 (android.widget.TextView@40617238): Posts
D/nofatclips(  240): Found widget: id=2131165257 (android.widget.LinearLayout@406175d0)
D/nofatclips(  240): Found widget: id=-1 (android.widget.ImageView@4063c848)
D/nofatclips(  240): Found widget: id=2131165256 (android.widget.TextView@4063cbf8): Pages
D/nofatclips(  240): Found widget: id=-1 (android.widget.FrameLayout@405b37f0)
D/nofatclips(  240): Found widget: id=2131165258 (android.widget.LinearLayout@405b3a58)
D/nofatclips(  240): Found widget: id=-1 (android.widget.ImageView@405b5018)
D/nofatclips(  240): Found widget: id=2131165256 (android.widget.TextView@405b53c8): Comments
D/nofatclips(  240): Found widget: id=2131165259 (android.widget.FrameLayout@405b5e10)
D/nofatclips(  240): Found widget: id=2131165260 (android.widget.ImageView@405b5f68)
D/nofatclips(  240): Found widget: id=2131165261 (org.wordpress.android.util.CommentBadgeTextView@405b6370): 0
D/nofatclips(  240): Found widget: id=-1 (android.widget.LinearLayout@405b6838)
D/nofatclips(  240): Found widget: id=2131165262 (android.widget.LinearLayout@405b6a58)
D/nofatclips(  240): Found widget: id=-1 (android.widget.ImageView@405b7258)
D/nofatclips(  240): Found widget: id=2131165256 (android.widget.TextView@405b7608): Settings
D/nofatclips(  240): Found widget: id=2131165263 (android.widget.LinearLayout@405b7a98)
D/nofatclips(  240): Found widget: id=-1 (android.widget.ImageView@405c4890)
D/nofatclips(  240): Found widget: id=2131165256 (android.widget.TextView@405c4b20): Read
D/nofatclips(  240): Found widget: id=2131165264 (android.widget.LinearLayout@405c4fb0)
D/nofatclips(  240): Found widget: id=-1 (android.widget.ImageView@405c6228)
D/nofatclips(  240): Found widget: id=2131165256 (android.widget.TextView@405c65d8): Stats
D/nofatclips(  240): Found widget: id=-1 (com.android.internal.policy.impl.PhoneWindow$DecorView@405a00c8)
V/nicola  (  240): TextualID : blog_title
V/nicola  (  240): ContentType detected : default
V/nicola  (  240): TextualID : action_refresh
V/nicola  (  240): ContentType detected : default
V/nicola  (  240): TextualID : null
V/nicola  (  240): ContentType detected : default
I/dalvikvm(  240): Jit: resizing JitTable from 512 to 1024
V/nicola  (  240): TextualID : null
V/nicola  (  240): ContentType detected : default
D/dalvikvm(  240): GC_CONCURRENT freed 649K, 51% free 3246K/6535K, external 2194K/2324K, paused 3ms+3ms
V/nicola  (  240): TextualID : null
V/nicola  (  240): ContentType detected : default
V/nicola  (  240): TextualID : null
V/nicola  (  240): ContentType detected : default
V/nicola  (  240): TextualID : button_text
V/nicola  (  240): ContentType detected : default
V/nicola  (  240): TextualID : button_text
V/nicola  (  240): ContentType detected : default
V/nicola  (  240): TextualID : button_text
V/nicola  (  240): ContentType detected : default
V/nicola  (  240): TextualID : button_text
V/nicola  (  240): ContentType detected : default
V/nicola  (  240): TextualID : button_text
V/nicola  (  240): ContentType detected : default
V/nicola  (  240): TextualID : button_text
V/nicola  (  240): ContentType detected : default
I/nofatclips(  240): Performing comparation for activity Dashboard
D/nofatclips(  240): Comparing against activity Dashboard
I/nofatclips(  240): Registering activity Dashboard (id: a2) as a new found state
D/nofatclips(  240): Performing backup of the old activity list on disk
D/nofatclips(  240): Saving new found state 'a2' on disk
V/nofatclips(  240): Opening state file in append mode.
D/dalvikvm(  240): GC_EXTERNAL_ALLOC freed 317K, 51% free 3230K/6535K, external 1812K/2324K, paused 43ms
D/dalvikvm(  142): GC_EXPLICIT freed 170K, 50% free 2922K/5767K, external 2221K/2294K, paused 1386ms
D/dalvikvm(  240): GC_EXTERNAL_ALLOC freed 24K, 51% free 3206K/6535K, external 1999K/2511K, paused 46ms
I/nofatclips(  240): Saved image on disk: a2.jpg
I/nofatclips(  240): Waiting for 100 msec.
I/nofatclips(  240): Session count is 1. Will dump to disk at 1
I/nofatclips(  240): Saving the session on disk. This is the first batch: the file will be created.
I/nofatclips(  240): Planning for new Activity Dashboard
D/nofatclips(  240): Handling event 'click' on widget id=2131165200 type=button name=
D/nofatclips(  240): Handling event 'click' on widget id=2131165201 type=button name=
D/nofatclips(  240): Handling event 'click' on widget id=2131165249 type=linearLayout name=
D/dalvikvm(   61): GC_EXPLICIT freed 697K, 46% free 4143K/7559K, external 1865K/3065K, paused 180ms
D/nofatclips(  240): Handling event 'click' on widget id=2131165251 type=linearLayout name=
D/nofatclips(  240): Handling event 'click' on widget id=2131165252 type=linearLayout name=
D/nofatclips(  240): Handling event 'click' on widget id=2131165253 type=linearLayout name=
D/nofatclips(  240): Handling event 'click' on widget id=2131165254 type=linearLayout name=
D/nofatclips(  240): Handling event 'click' on widget id=2131165255 type=linearLayout name=
D/nofatclips(  240): Handling event 'click' on widget id=2131165257 type=linearLayout name=
D/dalvikvm(  240): GC_CONCURRENT freed 841K, 52% free 3324K/6791K, external 2599K/3246K, paused 4ms+3ms
D/nofatclips(  240): Handling event 'click' on widget id=2131165258 type=linearLayout name=
D/nofatclips(  240): Handling event 'click' on widget id=2131165262 type=linearLayout name=
D/nofatclips(  240): Handling event 'click' on widget id=2131165263 type=linearLayout name=
D/nofatclips(  240): Handling event 'click' on widget id=2131165264 type=linearLayout name=
I/nofatclips(  240): Created trace to press the back button
I/nofatclips(  240): Created trace to press the menu button
I/dalvikvm(  240): Jit: resizing JitTable from 1024 to 2048
I/nofatclips(  240): Created trace to change orientation
I/nofatclips(  240): Check for termination: 99 steps left of 100
I/nofatclips(  240): Dispatching new task. 2 more tasks remaining.
D/nofatclips(  240): Performing backup of the old task list on disk
D/nofatclips(  240): Saving task list on disk
V/nofatclips(  240): Backing up trace #15 to disk.
V/nofatclips(  240): Backing up trace #16 to disk.
D/nofatclips(  240): Deleting backup of the old task list from disk
D/nofatclips(  240): Deleting backup of the old activity list from disk
I/nofatclips(  240): Incrementally Playing Trace 16
I/nofatclips(  240): Retrieved from return list id=16908290
D/nofatclips(  240): Testing for type (android.widget.FrameLayout) against the original (null)
I/nofatclips(  240): Firing event: type= openMenu name= widget=null
D/dalvikvm(  240): GC_CONCURRENT freed 1266K, 55% free 3200K/7111K, external 1999K/2599K, paused 3ms+2ms
I/ContactsDatabaseHelper(  181): Locale change completed in 13824ms
W/KeyCharacterMap(  240): No keyboard for id 0
W/KeyCharacterMap(  240): Using default keymap: /system/usr/keychars/qwerty.kcm.bin
I/nofatclips(  240): Waiting for 100 msec.
I/nofatclips(  240): Current activity is Dashboard
I/nofatclips(  240): Retrieving widgets
D/nofatclips(  240): Found widget: id=16908726 (com.android.internal.view.menu.IconMenuView@405f5f78)
D/nofatclips(  240): Found widget: id=16908310 (com.android.internal.view.menu.IconMenuItemView@405ca398): Add Account
D/nofatclips(  240): Found widget: id=16908310 (com.android.internal.view.menu.IconMenuItemView@405cdfd8): Preferences
D/nofatclips(  240): Found widget: id=16908310 (com.android.internal.view.menu.IconMenuItemView@406c7a18): Remove Blog
D/nofatclips(  240): Found widget: id=16908310 (com.android.internal.view.menu.IconMenuItemView@406cdd60): About
D/nofatclips(  240): Found widget: id=-1 (com.android.internal.policy.impl.PhoneWindow$DecorView@406b0b70)
V/ReflectionHelper(  240): com.android.internal.view.menu.IconMenuView > mOnFocusChangeListener FOUND | NOT ACTIVE
V/nicola  (  240): TextualID : null
V/nicola  (  240): ContentType detected : default
V/nicola  (  240): TextualID : null
V/nicola  (  240): ContentType detected : default
V/nicola  (  240): TextualID : null
V/nicola  (  240): ContentType detected : default
V/nicola  (  240): TextualID : null
V/nicola  (  240): ContentType detected : default
I/nofatclips(  240): Performing comparation for activity Dashboard
D/nofatclips(  240): Comparing against activity Dashboard
D/nofatclips(  240): Comparing against activity Dashboard
I/nofatclips(  240): Registering activity Dashboard (id: a3) as a new found state
D/nofatclips(  240): Performing backup of the old activity list on disk
D/nofatclips(  240): Saving new found state 'a3' on disk
V/nofatclips(  240): Opening state file in append mode.
I/nofatclips(  240): Saved image on disk: a3.jpg
I/nofatclips(  240): Waiting for 100 msec.
I/nofatclips(  240): Session count is 1. Will dump to disk at 1
I/nofatclips(  240): Saving the session on disk.
I/nofatclips(  240): Planning for new Activity Dashboard
D/nofatclips(  240): Handling event 'click' on widget id=16908310 type=menuItem name=Add Account
D/nofatclips(  240): Handling event 'click' on widget id=16908310 type=menuItem name=Preferences
D/nofatclips(  240): Handling event 'click' on widget id=16908310 type=menuItem name=Remove Blog
D/nofatclips(  240): Handling event 'click' on widget id=16908310 type=menuItem name=About
I/nofatclips(  240): Created trace to press the back button
I/nofatclips(  240): Created trace to press the menu button
I/nofatclips(  240): Created trace to change orientation
I/nofatclips(  240): Check for termination: 98 steps left of 100
I/nofatclips(  240): Dispatching new task. 2 more tasks remaining.
D/nofatclips(  240): Performing backup of the old task list on disk
D/nofatclips(  240): Saving task list on disk
V/nofatclips(  240): Backing up trace #21 to disk.
V/nofatclips(  240): Backing up trace #22 to disk.
D/dalvikvm(  240): GC_CONCURRENT freed 774K, 54% free 3318K/7111K, external 2290K/2599K, paused 8ms+7ms
D/nofatclips(  240): Deleting backup of the old task list from disk
D/nofatclips(  240): Deleting backup of the old activity list from disk
I/nofatclips(  240): Incrementally Playing Trace 22
I/nofatclips(  240): Retrieved from return list id=16908726
D/nofatclips(  240): Testing for type (com.android.internal.view.menu.IconMenuView) against the original (null)
I/nofatclips(  240): Firing event: type= changeOrientation name= widget=null
I/WindowManager(   61): Setting rotation to 0, animFlags=1
I/ActivityManager(   61): Config changed: { scale=1.0 imsi=310/260 loc=en_US touch=3 keys=2/1/2 nav=1/1 orien=1 layout=18 uiMode=17 seq=6}
W/KeyCharacterMap(  240): No keyboard for id 0
W/KeyCharacterMap(  240): Using default keymap: /system/usr/keychars/qwerty.kcm.bin
I/nofatclips(  240): Waiting for 100 msec.
I/dalvikvm(   61): Jit: resizing JitTable from 512 to 1024
W/WindowManager(   61): Window freeze timeout expired.
W/WindowManager(   61): Force clearing orientation change: Window{406555c8 AtchDlg:org.wordpress.android/org.wordpress.android.Dashboard paused=false}
W/WindowManager(   61): Force clearing orientation change: Window{40748b40 org.wordpress.android/org.wordpress.android.Dashboard paused=false}
I/nofatclips(  240): Current activity is Dashboard
I/nofatclips(  240): Retrieving widgets
D/nofatclips(  240): Found widget: id=16908726 (com.android.internal.view.menu.IconMenuView@40532ee0)
D/nofatclips(  240): Found widget: id=16908310 (com.android.internal.view.menu.IconMenuItemView@40631fc0): Add Account
D/nofatclips(  240): Found widget: id=16908310 (com.android.internal.view.menu.IconMenuItemView@406340d0): Preferences
D/nofatclips(  240): Found widget: id=16908310 (com.android.internal.view.menu.IconMenuItemView@40636458): Remove Blog
D/nofatclips(  240): Found widget: id=16908310 (com.android.internal.view.menu.IconMenuItemView@40638568): About
D/nofatclips(  240): Found widget: id=-1 (com.android.internal.policy.impl.PhoneWindow$DecorView@406b0b70)
V/ReflectionHelper(  240): com.android.internal.view.menu.IconMenuView > mOnFocusChangeListener FOUND | NOT ACTIVE
V/nicola  (  240): TextualID : null
V/nicola  (  240): ContentType detected : default
V/nicola  (  240): TextualID : null
V/nicola  (  240): ContentType detected : default
V/nicola  (  240): TextualID : null
V/nicola  (  240): ContentType detected : default
V/nicola  (  240): TextualID : null
V/nicola  (  240): ContentType detected : default
I/nofatclips(  240): Performing comparation for activity Dashboard
D/nofatclips(  240): Comparing against activity Dashboard
D/nofatclips(  240): Comparing against activity Dashboard
D/nofatclips(  240): Comparing against activity Dashboard
I/nofatclips(  240): Registering activity Dashboard (id: a4) as a new found state
D/nofatclips(  240): Performing backup of the old activity list on disk
D/nofatclips(  240): Saving new found state 'a4' on disk
V/nofatclips(  240): Opening state file in append mode.
D/dalvikvm(  240): GC_EXTERNAL_ALLOC freed 469K, 54% free 3296K/7111K, external 2594K/2599K, paused 101ms
I/nofatclips(  240): Saved image on disk: a4.jpg
I/nofatclips(  240): Waiting for 100 msec.
I/nofatclips(  240): Session count is 1. Will dump to disk at 1
I/nofatclips(  240): Saving the session on disk.
I/nofatclips(  240): Planning for new Activity Dashboard
D/nofatclips(  240): Handling event 'click' on widget id=16908310 type=menuItem name=Add Account
D/nofatclips(  240): Handling event 'click' on widget id=16908310 type=menuItem name=Preferences
D/nofatclips(  240): Handling event 'click' on widget id=16908310 type=menuItem name=Remove Blog
D/nofatclips(  240): Handling event 'click' on widget id=16908310 type=menuItem name=About
I/nofatclips(  240): Created trace to press the back button
I/nofatclips(  240): Created trace to press the menu button
D/dalvikvm(   61): GC_EXPLICIT freed 55K, 46% free 4113K/7559K, external 1316K/1828K, paused 779ms
I/nofatclips(  240): Created trace to change orientation
I/nofatclips(  240): Check for termination: 97 steps left of 100
I/nofatclips(  240): Dispatching new task. 2 more tasks remaining.
D/nofatclips(  240): Performing backup of the old task list on disk
D/nofatclips(  240): Saving task list on disk
V/nofatclips(  240): Backing up trace #27 to disk.
V/nofatclips(  240): Backing up trace #28 to disk.
D/nofatclips(  240): Deleting backup of the old task list from disk
D/nofatclips(  240): Deleting backup of the old activity list from disk
I/nofatclips(  240): Incrementally Playing Trace 28
I/nofatclips(  240): Retrieved from return list id=16908726
D/nofatclips(  240): Testing for type (com.android.internal.view.menu.IconMenuView) against the original (null)
I/nofatclips(  240): Firing event: type= changeOrientation name= widget=null
I/WindowManager(   61): Setting rotation to 1, animFlags=1
I/ActivityManager(   61): Config changed: { scale=1.0 imsi=310/260 loc=en_US touch=3 keys=2/1/2 nav=1/1 orien=2 layout=18 uiMode=17 seq=7}
W/KeyCharacterMap(  240): No keyboard for id 0
W/KeyCharacterMap(  240): Using default keymap: /system/usr/keychars/qwerty.kcm.bin
I/nofatclips(  240): Waiting for 100 msec.
W/WindowManager(   61): Window freeze timeout expired.
W/WindowManager(   61): Force clearing orientation change: Window{4070f808 AtchDlg:org.wordpress.android/org.wordpress.android.Dashboard paused=false}
W/WindowManager(   61): Force clearing orientation change: Window{40748b40 org.wordpress.android/org.wordpress.android.Dashboard paused=false}
I/nofatclips(  240): Current activity is Dashboard
I/nofatclips(  240): Retrieving widgets
D/nofatclips(  240): Found widget: id=16908726 (com.android.internal.view.menu.IconMenuView@405ddf90)
D/nofatclips(  240): Found widget: id=16908310 (com.android.internal.view.menu.IconMenuItemView@405df090): Add Account
D/nofatclips(  240): Found widget: id=16908310 (com.android.internal.view.menu.IconMenuItemView@405bbd78): Preferences
D/nofatclips(  240): Found widget: id=16908310 (com.android.internal.view.menu.IconMenuItemView@405bca68): Remove Blog
D/nofatclips(  240): Found widget: id=16908310 (com.android.internal.view.menu.IconMenuItemView@405d5eb0): About
D/nofatclips(  240): Found widget: id=-1 (com.android.internal.policy.impl.PhoneWindow$DecorView@406b0b70)
V/ReflectionHelper(  240): com.android.internal.view.menu.IconMenuView > mOnFocusChangeListener FOUND | NOT ACTIVE
V/nicola  (  240): TextualID : null
V/nicola  (  240): ContentType detected : default
V/nicola  (  240): TextualID : null
V/nicola  (  240): ContentType detected : default
V/nicola  (  240): TextualID : null
V/nicola  (  240): ContentType detected : default
V/nicola  (  240): TextualID : null
V/nicola  (  240): ContentType detected : default
I/nofatclips(  240): Performing comparation for activity Dashboard
D/nofatclips(  240): Comparing against activity Dashboard
D/nofatclips(  240): Comparing against activity Dashboard
D/nofatclips(  240): Comparing against activity Dashboard
D/nofatclips(  240): Comparing against activity Dashboard
I/nofatclips(  240): Registering activity Dashboard (id: a5) as a new found state
D/nofatclips(  240): Performing backup of the old activity list on disk
D/nofatclips(  240): Saving new found state 'a5' on disk
V/nofatclips(  240): Opening state file in append mode.
D/dalvikvm(  240): GC_EXTERNAL_ALLOC freed 926K, 54% free 3288K/7111K, external 2802K/2812K, paused 105ms
I/nofatclips(  240): Saved image on disk: a5.jpg
I/nofatclips(  240): Waiting for 100 msec.
I/nofatclips(  240): Session count is 1. Will dump to disk at 1
I/nofatclips(  240): Saving the session on disk.
I/nofatclips(  240): Planning for new Activity Dashboard
D/nofatclips(  240): Handling event 'click' on widget id=16908310 type=menuItem name=Add Account
D/nofatclips(  240): Handling event 'click' on widget id=16908310 type=menuItem name=Preferences
D/nofatclips(  240): Handling event 'click' on widget id=16908310 type=menuItem name=Remove Blog
D/nofatclips(  240): Handling event 'click' on widget id=16908310 type=menuItem name=About
I/nofatclips(  240): Created trace to press the back button
I/nofatclips(  240): Created trace to press the menu button
I/nofatclips(  240): Created trace to change orientation
I/nofatclips(  240): Check for termination: 96 steps left of 100
I/nofatclips(  240): Dispatching new task. 2 more tasks remaining.
D/nofatclips(  240): Performing backup of the old task list on disk
D/nofatclips(  240): Saving task list on disk
V/nofatclips(  240): Backing up trace #33 to disk.
V/nofatclips(  240): Backing up trace #34 to disk.
D/nofatclips(  240): Deleting backup of the old task list from disk
D/nofatclips(  240): Deleting backup of the old activity list from disk
I/nofatclips(  240): Incrementally Playing Trace 34
I/nofatclips(  240): Retrieved from return list id=16908310
D/nofatclips(  240): Testing for type (com.android.internal.view.menu.IconMenuItemView) against the original (com.android.internal.view.menu.IconMenuItemView)
D/nofatclips(  240): Testing for name (Remove Blog) against the original (Remove Blog)
I/nofatclips(  240): Firing event: type= click index=3 widget=com.android.internal.view.menu.IconMenuItemView
D/dalvikvm(   61): GC_EXPLICIT freed 16K, 46% free 4108K/7559K, external 1316K/1828K, paused 85ms
W/KeyCharacterMap(  240): No keyboard for id 0
W/KeyCharacterMap(  240): Using default keymap: /system/usr/keychars/qwerty.kcm.bin
D/nofatclips(  240): Event description: Remove Blog
I/nofatclips(  240): Waiting for 100 msec.
I/nofatclips(  240): Current activity is Dashboard
I/nofatclips(  240): Retrieving widgets
D/nofatclips(  240): Found widget: id=16908290 (android.widget.FrameLayout@4053c0f8)
D/nofatclips(  240): Found widget: id=16908666 (com.android.internal.widget.WeightedLinearLayout@405dcfa0)
D/nofatclips(  240): Found widget: id=16908667 (android.widget.LinearLayout@405dd218)
D/nofatclips(  240): Found widget: id=16908668 (android.widget.LinearLayout@405dd5c8)
D/nofatclips(  240): Found widget: id=16908294 (android.widget.ImageView@405dd830)
D/nofatclips(  240): Found widget: id=16908669 (com.android.internal.widget.DialogTitle@40605da8): Remove Blog
D/nofatclips(  240): Found widget: id=16908670 (android.widget.ImageView@405cbdd8)
D/nofatclips(  240): Found widget: id=16908671 (android.widget.LinearLayout@405cbff0)
D/nofatclips(  240): Found widget: id=16908672 (android.widget.ScrollView@405b54d8)
D/nofatclips(  240): Found widget: id=16908299 (android.widget.TextView@405fdc20): Are you sure you want to remove this blog?
D/nofatclips(  240): Found widget: id=16908673 (android.widget.FrameLayout@405b4b30)
D/nofatclips(  240): Found widget: id=16908331 (android.widget.FrameLayout@405b4d98)
D/nofatclips(  240): Found widget: id=16908674 (android.widget.LinearLayout@405b5000)
D/nofatclips(  240): Found widget: id=-1 (android.widget.LinearLayout@40608db8)
D/nofatclips(  240): Found widget: id=16908675 (android.widget.LinearLayout@40608fb8)
D/nofatclips(  240): Found widget: id=16908313 (android.widget.Button@406091f8): Yes
D/nofatclips(  240): Found widget: id=16908315 (android.widget.Button@405fd178): 
D/nofatclips(  240): Found widget: id=16908314 (android.widget.Button@406409b8): No
D/nofatclips(  240): Found widget: id=16908676 (android.widget.LinearLayout@4060fe60)
D/nofatclips(  240): Found widget: id=-1 (com.android.internal.policy.impl.PhoneWindow$DecorView@4053bde8)
V/nicola  (  240): TextualID : null
V/nicola  (  240): ContentType detected : default
V/nicola  (  240): TextualID : null
V/nicola  (  240): ContentType detected : default
V/nicola  (  240): TextualID : null
V/nicola  (  240): ContentType detected : default
V/nicola  (  240): TextualID : null
V/nicola  (  240): ContentType detected : default
I/nofatclips(  240): Performing comparation for activity Dashboard
D/nofatclips(  240): Comparing against activity Dashboard
D/nofatclips(  240): Comparing against activity Dashboard
D/nofatclips(  240): Comparing against activity Dashboard
D/nofatclips(  240): Comparing against activity Dashboard
D/nofatclips(  240): Comparing against activity Dashboard
I/nofatclips(  240): Registering activity Dashboard (id: a6) as a new found state
D/nofatclips(  240): Performing backup of the old activity list on disk
D/nofatclips(  240): Saving new found state 'a6' on disk
V/nofatclips(  240): Opening state file in append mode.
D/dalvikvm(  240): GC_CONCURRENT freed 966K, 53% free 3360K/7111K, external 2780K/2841K, paused 10ms+6ms
D/dalvikvm(  240): GC_EXTERNAL_ALLOC freed 55K, 54% free 3304K/7111K, external 2535K/2841K, paused 103ms
I/nofatclips(  240): Saved image on disk: a6.jpg
I/nofatclips(  240): Waiting for 100 msec.
I/nofatclips(  240): Session count is 1. Will dump to disk at 1
I/nofatclips(  240): Saving the session on disk.
I/nofatclips(  240): Planning for new Activity Dashboard
D/nofatclips(  240): Handling event 'click' on widget id=16908313 type=button name=Yes
D/nofatclips(  240): Handling event 'click' on widget id=16908314 type=button name=No
I/nofatclips(  240): Created trace to press the back button
I/nofatclips(  240): Created trace to press the menu button
I/nofatclips(  240): Created trace to change orientation
I/nofatclips(  240): Check for termination: 95 steps left of 100
I/nofatclips(  240): Dispatching new task. 2 more tasks remaining.
D/nofatclips(  240): Performing backup of the old task list on disk
D/nofatclips(  240): Saving task list on disk
V/nofatclips(  240): Backing up trace #37 to disk.
V/nofatclips(  240): Backing up trace #38 to disk.
D/nofatclips(  240): Deleting backup of the old task list from disk
D/nofatclips(  240): Deleting backup of the old activity list from disk
I/nofatclips(  240): Incrementally Playing Trace 38
I/nofatclips(  240): Retrieved from return list id=16908290
D/nofatclips(  240): Testing for type (android.widget.FrameLayout) against the original (null)
I/nofatclips(  240): Firing event: type= openMenu name= widget=null
W/KeyCharacterMap(  240): No keyboard for id 0
W/KeyCharacterMap(  240): Using default keymap: /system/usr/keychars/qwerty.kcm.bin
I/nofatclips(  240): Waiting for 100 msec.
I/nofatclips(  240): Current activity is Dashboard
I/nofatclips(  240): Retrieving widgets
D/nofatclips(  240): Found widget: id=16908290 (android.widget.FrameLayout@4053c0f8)
D/nofatclips(  240): Found widget: id=16908666 (com.android.internal.widget.WeightedLinearLayout@405dcfa0)
D/nofatclips(  240): Found widget: id=16908667 (android.widget.LinearLayout@405dd218)
D/nofatclips(  240): Found widget: id=16908668 (android.widget.LinearLayout@405dd5c8)
D/nofatclips(  240): Found widget: id=16908294 (android.widget.ImageView@405dd830)
D/nofatclips(  240): Found widget: id=16908669 (com.android.internal.widget.DialogTitle@40605da8): Remove Blog
D/nofatclips(  240): Found widget: id=16908670 (android.widget.ImageView@405cbdd8)
D/nofatclips(  240): Found widget: id=16908671 (android.widget.LinearLayout@405cbff0)
D/nofatclips(  240): Found widget: id=16908672 (android.widget.ScrollView@405b54d8)
D/nofatclips(  240): Found widget: id=16908299 (android.widget.TextView@405fdc20): Are you sure you want to remove this blog?
D/nofatclips(  240): Found widget: id=16908673 (android.widget.FrameLayout@405b4b30)
D/nofatclips(  240): Found widget: id=16908331 (android.widget.FrameLayout@405b4d98)
D/nofatclips(  240): Found widget: id=16908674 (android.widget.LinearLayout@405b5000)
D/nofatclips(  240): Found widget: id=-1 (android.widget.LinearLayout@40608db8)
D/nofatclips(  240): Found widget: id=16908675 (android.widget.LinearLayout@40608fb8)
D/nofatclips(  240): Found widget: id=16908313 (android.widget.Button@406091f8): Yes
D/nofatclips(  240): Found widget: id=16908315 (android.widget.Button@405fd178): 
D/nofatclips(  240): Found widget: id=16908314 (android.widget.Button@406409b8): No
D/nofatclips(  240): Found widget: id=16908676 (android.widget.LinearLayout@4060fe60)
D/nofatclips(  240): Found widget: id=-1 (com.android.internal.policy.impl.PhoneWindow$DecorView@4053bde8)
V/nicola  (  240): TextualID : null
V/nicola  (  240): ContentType detected : default
V/nicola  (  240): TextualID : null
V/nicola  (  240): ContentType detected : default
V/nicola  (  240): TextualID : null
V/nicola  (  240): ContentType detected : default
V/nicola  (  240): TextualID : null
V/nicola  (  240): ContentType detected : default
I/nofatclips(  240): Performing comparation for activity Dashboard
D/nofatclips(  240): Comparing against activity Dashboard
D/nofatclips(  240): Comparing against activity Dashboard
D/nofatclips(  240): Comparing against activity Dashboard
D/nofatclips(  240): Comparing against activity Dashboard
D/nofatclips(  240): Comparing against activity Dashboard
D/nofatclips(  240): Comparing against activity Dashboard
I/nofatclips(  240): Registering activity Dashboard (id: a7) as a new found state
D/nofatclips(  240): Performing backup of the old activity list on disk
D/nofatclips(  240): Saving new found state 'a7' on disk
V/nofatclips(  240): Opening state file in append mode.
I/nofatclips(  240): Saved image on disk: a7.jpg
I/nofatclips(  240): Waiting for 100 msec.
I/nofatclips(  240): Session count is 1. Will dump to disk at 1
I/nofatclips(  240): Saving the session on disk.
I/nofatclips(  240): Planning for new Activity Dashboard
D/nofatclips(  240): Handling event 'click' on widget id=16908313 type=button name=Yes
D/nofatclips(  240): Handling event 'click' on widget id=16908314 type=button name=No
D/dalvikvm(  240): GC_CONCURRENT freed 1118K, 52% free 3462K/7175K, external 3173K/3564K, paused 10ms+9ms
I/nofatclips(  240): Created trace to press the back button
I/nofatclips(  240): Created trace to press the menu button
I/nofatclips(  240): Created trace to change orientation
I/nofatclips(  240): Check for termination: 94 steps left of 100
I/nofatclips(  240): Dispatching new task. 2 more tasks remaining.
D/nofatclips(  240): Performing backup of the old task list on disk
D/nofatclips(  240): Saving task list on disk
V/nofatclips(  240): Backing up trace #41 to disk.
V/nofatclips(  240): Backing up trace #42 to disk.
D/nofatclips(  240): Deleting backup of the old task list from disk
D/nofatclips(  240): Deleting backup of the old activity list from disk
I/nofatclips(  240): Incrementally Playing Trace 42
I/nofatclips(  240): Retrieved from return list id=16908313
D/nofatclips(  240): Testing for type (android.widget.Button) against the original (android.widget.Button)
D/nofatclips(  240): Testing for name (Yes) against the original (Yes)
I/nofatclips(  240): Firing event: type= click index=15 widget=android.widget.Button
D/nofatclips(  240): Event description: Yes
I/nofatclips(  240): Waiting for 100 msec.
W/ImageDownloader(  240): Error 404 while retrieving bitmap from http://gravatar.com/blavatar/d49126b84b57031ce19aea61cda0a7cf?s=60&d=404
D/AndroidRuntime(  240): Shutting down VM
W/dalvikvm(  240): threadid=1: thread exiting with uncaught exception (group=0x40015560)
E/AndroidRuntime(  240): FATAL EXCEPTION: main
E/AndroidRuntime(  240): java.lang.NullPointerException
E/AndroidRuntime(  240): 	at org.wordpress.android.util.WPTitleBar$13.run(WPTitleBar.java:346)
E/AndroidRuntime(  240): 	at android.os.Handler.handleCallback(Handler.java:587)
E/AndroidRuntime(  240): 	at android.os.Handler.dispatchMessage(Handler.java:92)
E/AndroidRuntime(  240): 	at android.os.Looper.loop(Looper.java:123)
E/AndroidRuntime(  240): 	at android.app.ActivityThread.main(ActivityThread.java:3683)
E/AndroidRuntime(  240): 	at java.lang.reflect.Method.invokeNative(Native Method)
E/AndroidRuntime(  240): 	at java.lang.reflect.Method.invoke(Method.java:507)
E/AndroidRuntime(  240): 	at com.android.internal.os.ZygoteInit$MethodAndArgsCaller.run(ZygoteInit.java:839)
E/AndroidRuntime(  240): 	at com.android.internal.os.ZygoteInit.main(ZygoteInit.java:597)
E/AndroidRuntime(  240): 	at dalvik.system.NativeStart.main(Native Method)
W/ActivityManager(   61): Error in app org.wordpress.android running instrumentation ComponentInfo{com.nofatclips.crawler/android.test.InstrumentationTestRunner}:
W/ActivityManager(   61):   java.lang.NullPointerException
W/ActivityManager(   61):   java.lang.NullPointerException
D/AndroidRuntime(  204): Shutting down VM
I/ActivityManager(   61): Force stopping package org.wordpress.android uid=10034
I/AndroidRuntime(  204): NOTE: attach of thread 'Binder Thread #3' failed
D/dalvikvm(  204): GC_CONCURRENT freed 104K, 71% free 297K/1024K, external 0K/0K, paused 3ms+2ms
D/jdwp    (  204): adbd disconnected
I/Process (   61): Sending signal. PID: 240 SIG: 9
I/WindowManager(   61): Setting rotation to 0, animFlags=1
I/ActivityManager(   61): Config changed: { scale=1.0 imsi=310/260 loc=en_US touch=3 keys=2/1/2 nav=1/1 orien=1 layout=18 uiMode=17 seq=8}
W/ActivityManager(   61): setProcessForeground called on unknown pid: 240
I/DEBUG   (   31): debuggerd: Feb  3 2011 14:45:34
I/Vold    (   29): Vold 2.1 (the revenge) firing up
D/Vold    (   29): USB mass storage support is not enabled in the kernel
D/Vold    (   29): usb_configuration switch is not enabled in the kernel
D/qemud   (   38): entering main loop
I/Netd    (   30): Netd 1.0 starting
D/Vold    (   29): Volume sdcard state changing -1 (Initializing) -> 0 (No-Media)
D/Vold    (   29): Volume sdcard state changing 0 (No-Media) -> 1 (Idle-Unmounted)
D/qemud   (   38): fdhandler_accept_event: accepting on fd 9
D/qemud   (   38): created client 0xe078 listening on fd 10
D/qemud   (   38): client_fd_receive: attempting registration for service 'boot-properties'
D/qemud   (   38): client_fd_receive:    -> received channel id 1
D/qemud   (   38): client_registration: registration succeeded for client 1
I/qemu-props(   52): connected to 'boot-properties' qemud service.
I/qemu-props(   52): receiving..
I/qemu-props(   52): received: dalvik.vm.heapsize=64m
I/qemu-props(   52): receiving..
