D/szipinf (  245): Initializing inflate state
I/ActivityThread(  253): Pub media: com.android.providers.media.MediaProvider
V/MediaProvider(  253): Attached volume: internal
I/ActivityThread(  253): Pub downloads: com.android.providers.downloads.DownloadProvider
D/nofatclips(  245): Updating node 
D/nofatclips(  245): Loading node 
I/nofatclips(  245): Preferences file found.
I/ActivityThread(  253): Pub drm: com.android.providers.drm.DrmProvider
V/nofatclips(  245): Updating value ACTIVITY_DESCRIPTION_IN_SESSION
V/nofatclips(  245): Updating value ADDITIONAL_CRITERIAS
V/nofatclips(  245): Updating value ADDITIONAL_EVENTS
V/nofatclips(  245): Updating value ADDITIONAL_INPUTS
V/nofatclips(  245): Updating value CLASS_NAME
D/nofatclips(  245): Updated value of parameter CLASS_NAME to org.wordpress.android.Dashboard (default = app.package.class)
V/nofatclips(  245): Updating value ENABLE_RESUME
V/nofatclips(  245): Updating value PACKAGE_NAME
D/nofatclips(  245): Updated value of parameter PACKAGE_NAME to org.wordpress.android (default = app.package)
V/nofatclips(  245): Updating value RANDOM_SEED
D/nofatclips(  245): Updated value of parameter RANDOM_SEED to 4750532151190414951 (default = 5466516511651561651)
V/nofatclips(  245): Updating value RETRY_FAILED_TRACES
V/nofatclips(  245): Updating value theClass
D/nofatclips(  245): Updating node scheduler
D/nofatclips(  245): Loading node scheduler
V/nofatclips(  245): Updating value ALL_EVENTS_ON_PREFERENCES
V/nofatclips(  245): Updating value BACK_BUTTON_EVENT
V/nofatclips(  245): Updating value DICTIONARY_FIXED_VALUE
V/nofatclips(  245): Updating value DICTIONARY_IGNORE_CONTENT_TYPES
V/nofatclips(  245): Updating value EMULATOR_PORT
V/nofatclips(  245): Updating value EVENTS
D/nofatclips(  245): Updated values of array parameter EVENTS
V/nofatclips(  245): Updating value EVENT_WHEN_NO_ID
V/nofatclips(  245): Updating value EXCLUDE_WIDGETS_INPUTS_IN_GPS_EVENTS
V/nofatclips(  245): Updating value EXCLUDE_WIDGETS_INPUTS_IN_SENSORS_EVENTS
V/nofatclips(  245): Updating value INPUTS
D/nofatclips(  245): Updated values of array parameter INPUTS
V/nofatclips(  245): Updating value KEY_EVENTS
V/nofatclips(  245): Updating value MAX_EVENTS_PER_WIDGET
V/nofatclips(  245): Updating value MAX_TASKS_IN_SCHEDULER
D/nofatclips(  245): Updated value of parameter MAX_TASKS_IN_SCHEDULER to 2 (default = 0)
V/nofatclips(  245): Updating value MAX_TASKS_PER_EVENT
V/nofatclips(  245): Updating value MENU_EVENTS
V/nofatclips(  245): Updating value ORIENTATION_EVENTS
V/nofatclips(  245): Updating value PLANNER
V/nofatclips(  245): Updating value REFLECT_ACTIVITY_LISTENERS
V/nofatclips(  245): Updating value REFLECT_WIDGETS
V/nofatclips(  245): Updating value SCHEDULER_ALGORITHM
D/nofatclips(  245): Updated value of parameter SCHEDULER_ALGORITHM to DEPTH_FIRST (default = BREADTH_FIRST)
V/nofatclips(  245): Updating value SCROLL_DOWN_EVENT
V/nofatclips(  245): Updating value SENSOR_TYPES
V/nofatclips(  245): Updating value SIMULATE_INCOMING_CALL
V/nofatclips(  245): Updating value SIMULATE_INCOMING_SMS
V/nofatclips(  245): Updating value TAB_EVENTS_START_ONLY
V/nofatclips(  245): Updating value TEST_LOCATION_PROVIDER
V/nofatclips(  245): Updating value TEXT_VALUES_FROM_DICTIONARY
V/nofatclips(  245): Updating value TEXT_VALUES_ID_HASH
V/nofatclips(  245): Updating value USE_GPS
V/nofatclips(  245): Updating value USE_SENSORS
D/nofatclips(  245): Updating node planner
D/nofatclips(  245): Loading node planner
V/nofatclips(  245): Updating value ALL_EVENTS_ON_PREFERENCES
V/nofatclips(  245): Updating value BACK_BUTTON_EVENT
V/nofatclips(  245): Updating value DICTIONARY_FIXED_VALUE
V/nofatclips(  245): Updating value DICTIONARY_IGNORE_CONTENT_TYPES
V/nofatclips(  245): Updating value EMULATOR_PORT
V/nofatclips(  245): Updating value EVENTS
D/nofatclips(  245): Updated values of array parameter EVENTS
V/nofatclips(  245): Updating value EVENT_WHEN_NO_ID
V/nofatclips(  245): Updating value EXCLUDE_WIDGETS_INPUTS_IN_GPS_EVENTS
V/nofatclips(  245): Updating value EXCLUDE_WIDGETS_INPUTS_IN_SENSORS_EVENTS
V/nofatclips(  245): Updating value INPUTS
D/nofatclips(  245): Updated values of array parameter INPUTS
V/nofatclips(  245): Updating value KEY_EVENTS
V/nofatclips(  245): Updating value MAX_EVENTS_PER_WIDGET
V/nofatclips(  245): Updating value MAX_TASKS_IN_SCHEDULER
V/nofatclips(  245): Updating value MAX_TASKS_PER_EVENT
V/nofatclips(  245): Updating value MENU_EVENTS
V/nofatclips(  245): Updating value ORIENTATION_EVENTS
V/nofatclips(  245): Updating value PLANNER
V/nofatclips(  245): Updating value REFLECT_ACTIVITY_LISTENERS
V/nofatclips(  245): Updating value REFLECT_WIDGETS
V/nofatclips(  245): Updating value SCHEDULER_ALGORITHM
V/nofatclips(  245): Updating value SCROLL_DOWN_EVENT
V/nofatclips(  245): Updating value SENSOR_TYPES
V/nofatclips(  245): Updating value SIMULATE_INCOMING_CALL
V/nofatclips(  245): Updating value SIMULATE_INCOMING_SMS
V/nofatclips(  245): Updating value TAB_EVENTS_START_ONLY
V/nofatclips(  245): Updating value TEST_LOCATION_PROVIDER
V/nofatclips(  245): Updating value TEXT_VALUES_FROM_DICTIONARY
V/nofatclips(  245): Updating value TEXT_VALUES_ID_HASH
D/nofatclips(  245): Updated value of parameter TEXT_VALUES_ID_HASH to true (default = false)
V/nofatclips(  245): Updating value USE_GPS
V/nofatclips(  245): Updating value USE_SENSORS
D/nofatclips(  245): Updating node interactions
D/nofatclips(  245): Loading node interactions
V/nofatclips(  245): Updating value ALL_EVENTS_ON_PREFERENCES
V/nofatclips(  245): Updating value BACK_BUTTON_EVENT
V/nofatclips(  245): Updating value DICTIONARY_FIXED_VALUE
V/nofatclips(  245): Updating value DICTIONARY_IGNORE_CONTENT_TYPES
V/nofatclips(  245): Updating value EMULATOR_PORT
V/nofatclips(  245): Updating value EVENTS
D/nofatclips(  245): Updated values of array parameter EVENTS
V/nofatclips(  245): Updating value EVENT_WHEN_NO_ID
V/nofatclips(  245): Updating value EXCLUDE_WIDGETS_INPUTS_IN_GPS_EVENTS
V/nofatclips(  245): Updating value EXCLUDE_WIDGETS_INPUTS_IN_SENSORS_EVENTS
V/nofatclips(  245): Updating value INPUTS
D/nofatclips(  245): Updated values of array parameter INPUTS
V/nofatclips(  245): Updating value KEY_EVENTS
V/nofatclips(  245): Updating value MAX_EVENTS_PER_WIDGET
V/nofatclips(  245): Updating value MAX_TASKS_IN_SCHEDULER
V/nofatclips(  245): Updating value MAX_TASKS_PER_EVENT
V/nofatclips(  245): Updating value MENU_EVENTS
V/nofatclips(  245): Updating value ORIENTATION_EVENTS
V/nofatclips(  245): Updating value PLANNER
V/nofatclips(  245): Updating value REFLECT_ACTIVITY_LISTENERS
V/nofatclips(  245): Updating value REFLECT_WIDGETS
V/nofatclips(  245): Updating value SCHEDULER_ALGORITHM
V/nofatclips(  245): Updating value SCROLL_DOWN_EVENT
V/nofatclips(  245): Updating value SENSOR_TYPES
V/nofatclips(  245): Updating value SIMULATE_INCOMING_CALL
V/nofatclips(  245): Updating value SIMULATE_INCOMING_SMS
V/nofatclips(  245): Updating value TAB_EVENTS_START_ONLY
V/nofatclips(  245): Updating value TEST_LOCATION_PROVIDER
V/nofatclips(  245): Updating value TEXT_VALUES_FROM_DICTIONARY
V/nofatclips(  245): Updating value TEXT_VALUES_ID_HASH
V/nofatclips(  245): Updating value USE_GPS
V/nofatclips(  245): Updating value USE_SENSORS
D/nofatclips(  245): Updating node comparator
D/nofatclips(  245): Loading node comparator
V/nofatclips(  245): Updating value COMPARATOR
V/nofatclips(  245): Updating value COMPARATOR_TYPE
V/nofatclips(  245): Updating value COMPARE_ACTIVITY_NAME
V/nofatclips(  245): Updating value COMPARE_LIST_COUNT
V/nofatclips(  245): Updating value COMPARE_MENU_COUNT
D/nofatclips(  245): Updated value of parameter COMPARE_MENU_COUNT to false (default = true)
V/nofatclips(  245): Updating value COMPARE_STATE_TITLE
V/nofatclips(  245): Updating value COMPARE_VALUES
V/nofatclips(  245): Updating value WIDGET_TYPES
D/nofatclips(  245): Updating node strategy
D/nofatclips(  245): Loading node strategy
V/nofatclips(  245): Updating value AFTER_EVENT_DONT_EXPLORE
V/nofatclips(  245): Updating value AFTER_WIDGET_DONT_EXPLORE
V/nofatclips(  245): Updating value CHECK_FOR_TRANSITION
V/nofatclips(  245): Updating value EXPLORE_ONLY_NEW_STATES
D/nofatclips(  245): Updated value of parameter EXPLORE_ONLY_NEW_STATES to false (default = true)
V/nofatclips(  245): Updating value MAX_NUM_TRACES
D/nofatclips(  245): Updated value of parameter MAX_NUM_TRACES to 100 (default = 0)
V/nofatclips(  245): Updating value MAX_TIME_CRAWLING
V/nofatclips(  245): Updating value PAUSE_AFTER_TIME
V/nofatclips(  245): Updating value PAUSE_AFTER_TRACES
V/nofatclips(  245): Updating value TRACE_MAX_DEPTH
V/nofatclips(  245): Updating value TRACE_MIN_DEPTH
D/nofatclips(  245): Starting random testing
I/TestRunner(  245): started: testAndCrawl(com.nofatclips.crawler.guitree.NomadEngine)
I/ActivityManager(   61): Starting: Intent { act=android.intent.action.MAIN flg=0x10000000 cmp=org.wordpress.android/.Dashboard } from pid 245
D/szipinf (   61): Initializing inflate state
D/dalvikvm(  245): GC_EXTERNAL_ALLOC freed 400K, 53% free 2736K/5767K, external 716K/1038K, paused 50ms
I/Launcher(  132): setLoadOnResume
I/Launcher(  132): setLoadOnResume
D/dalvikvm(  245): GC_EXTERNAL_ALLOC freed 114K, 49% free 2943K/5767K, external 1407K/1623K, paused 92ms
I/ActivityManager(   61): Displayed org.wordpress.android/.Dashboard: +861ms (total +9s320ms)
I/ActivityManager(   61): Displayed com.android.launcher/com.android.launcher2.Launcher: +9s322ms
I/SurfaceFlinger(   61): Boot is finished (12942 ms)
D/OtaStartupReceiver(  125): Not a CDMA phone, no need to process OTA
D/PowerManagerService(   61): bootCompleted
I/ARMAssembler(   61): generated scanline__00000177:03010104_00000002_00000000 [ 44 ipp] (66 ins) at [0x46efd290:0x46efd398] in 592728 ns
I/ARMAssembler(   61): generated scanline__00000177:03515104_00000001_00000000 [ 73 ipp] (95 ins) at [0x46efd3a0:0x46efd51c] in 497789 ns
D/nofatclips(  245): Generated Resuming Persistence
D/VoldCmdListener(   29): volume mount /mnt/sdcard
I/Vold    (   29): /dev/block/vold/179:0 being considered for volume sdcard
D/Vold    (   29): Volume sdcard state changing 1 (Idle-Unmounted) -> 3 (Checking)
I/StorageNotification(  126): Media {/mnt/sdcard} state changed from {unmounted} -> {checking}
I/dalvikvm(  245): Could not find method android.app.Activity.getFragmentManager, referenced from method com.jayway.android.robotium.solo.Waiter.getFragment
W/dalvikvm(  245): VFY: unable to resolve virtual method 7: Landroid/app/Activity;.getFragmentManager ()Landroid/app/FragmentManager;
D/dalvikvm(  245): VFY: replacing opcode 0x6e at 0x0008
I/dalvikvm(  245): Could not find method android.app.Activity.getFragmentManager, referenced from method com.jayway.android.robotium.solo.Waiter.getFragment
W/dalvikvm(  245): VFY: unable to resolve virtual method 7: Landroid/app/Activity;.getFragmentManager ()Landroid/app/FragmentManager;
D/dalvikvm(  245): VFY: replacing opcode 0x6e at 0x0017
W/dalvikvm(  245): VFY: unable to find class referenced in signature (Landroid/app/Fragment;)
D/dalvikvm(  245): VFY: dead code 0x000b-000f in Lcom/jayway/android/robotium/solo/Waiter;.getFragment (Ljava/lang/String;I)Landroid/app/Fragment;
D/dalvikvm(  245): VFY: dead code 0x001a-001f in Lcom/jayway/android/robotium/solo/Waiter;.getFragment (Ljava/lang/String;I)Landroid/app/Fragment;
W/dalvikvm(  245): VFY: unable to find class referenced in signature (Landroid/app/Fragment;)
I/RecoverySystem(   61): No recovery log file
W/ActivityManager(   61): Activity idle timeout for HistoryRecord{4060b448 com.android.launcher/com.android.launcher2.Launcher}
I/ActivityManager(   61): Start proc com.android.mms for broadcast com.android.mms/.transaction.MmsSystemEventReceiver: pid=275 uid=10015 gids={3003, 1015}
D/dalvikvm(   61): GC_CONCURRENT freed 839K, 46% free 4157K/7623K, external 1865K/3065K, paused 4ms+5ms
D/dalvikvm(   61): GC_EXPLICIT freed 12K, 46% free 4144K/7623K, external 1865K/3065K, paused 68ms
I/ActivityThread(  275): Pub com.android.mms.SuggestionsProvider: com.android.mms.SuggestionsProvider
D/nofatclips(  245): Updating node automation
D/nofatclips(  245): Loading node automation
V/nofatclips(  245): Updating value FORCE_RESTART
V/nofatclips(  245): Updating value IN_AND_OUT_FOCUS
V/nofatclips(  245): Updating value PRECRAWLING
V/nofatclips(  245): Updating value SCREENSHOT_FOR_EVENTS
V/nofatclips(  245): Updating value SCREENSHOT_FOR_STATES
V/nofatclips(  245): Updating value SCREENSHOT_ONLY_NEW_STATES
V/nofatclips(  245): Updating value SLEEP_AFTER_EVENT
D/nofatclips(  245): Updated value of parameter SLEEP_AFTER_EVENT to 100 (default = 1000)
V/nofatclips(  245): Updating value SLEEP_AFTER_RESTART
D/nofatclips(  245): Updated value of parameter SLEEP_AFTER_RESTART to 100 (default = 1000)
V/nofatclips(  245): Updating value SLEEP_AFTER_TASK
D/nofatclips(  245): Updated value of parameter SLEEP_AFTER_TASK to 100 (default = 1000)
V/nofatclips(  245): Updating value SLEEP_ON_THROBBER
D/nofatclips(  245): Updated value of parameter SLEEP_ON_THROBBER to 100 (default = 1000)
D/nofatclips(  245): Updating node screenshot
D/nofatclips(  245): Loading node screenshot
V/nofatclips(  245): Updating value FORCE_RESTART
V/nofatclips(  245): Updating value IN_AND_OUT_FOCUS
V/nofatclips(  245): Updating value PRECRAWLING
V/nofatclips(  245): Updating value SCREENSHOT_FOR_EVENTS
V/nofatclips(  245): Updating value SCREENSHOT_FOR_STATES
V/nofatclips(  245): Updating value SCREENSHOT_ONLY_NEW_STATES
V/nofatclips(  245): Updating value SLEEP_AFTER_EVENT
V/nofatclips(  245): Updating value SLEEP_AFTER_RESTART
V/nofatclips(  245): Updating value SLEEP_AFTER_TASK
V/nofatclips(  245): Updating value SLEEP_ON_THROBBER
I/nofatclips(  245): Waiting for 100 msec.
D/nofatclips(  245): Ready to operate after restarting...
I/nofatclips(  245): Current activity is Dashboard
W/nofatclips(  245): --->Dashboard
I/nofatclips(  245): Retrieving widgets
I/nofatclips(  245): Attempting to resume previous session
I/nofatclips(  245): Memoryless engine: the task file will not be loaded. Looking for crashed traces.
I/nofatclips(  245): Reading task file
V/nofatclips(  245): Discarding trace #43
I/nofatclips(  245): Stateless comparator: the state file will not be loaded.
I/ActivityManager(   61): Start proc com.android.email for broadcast com.android.email/.service.EmailBroadcastReceiver: pid=296 uid=10028 gids={3003, 1015}
I/SearchManagerService(   61): Building list of searchable activities
I/ActivityThread(  296): Pub com.android.email.provider: com.android.email.provider.EmailProvider
I/ActivityThread(  296): Pub com.android.email.attachmentprovider: com.android.email.provider.AttachmentProvider
I/ActivityThread(  296): Pub com.android.exchange.provider: com.android.exchange.provider.ExchangeProvider
D/EAS SyncManager(  296): !!! EAS SyncManager, onCreate
I//system/bin/fsck_msdos(   29): ** /dev/block/vold/179:0
I//system/bin/fsck_msdos(   29): ** Phase 1 - Read and Compare FATs
I//system/bin/fsck_msdos(   29): Attempting to allocate 397 KB for FAT
D/MediaScannerService(  253): start scanning volume internal
D/dalvikvm(  245): GetFieldID: unable to find field Ljava/util/Hashtable;.loadFactor:F
D/dalvikvm(  245): GetFieldID: unable to find field Ljava/util/Hashtable;.loadFactor:F
D/dalvikvm(  245): GetFieldID: unable to find field Ljava/util/Hashtable;.loadFactor:F
D/dalvikvm(  245): GetFieldID: unable to find field Ljava/util/Hashtable;.loadFactor:F
D/dalvikvm(  245): GetFieldID: unable to find field Ljava/util/Hashtable;.loadFactor:F
D/dalvikvm(  245): GetFieldID: unable to find field Ljava/util/Hashtable;.loadFactor:F
D/nofatclips(  245): Backup session footer restored to 
D/nofatclips(  245): </SESSION>
D/nofatclips(  245): Restored random counter to: 51
D/nofatclips(  245): Restored trace count to 45
D/nofatclips(  245): Current step countdown restored to 94
D/nofatclips(  245): Restored abstractor counters to: event = 51 - input = 0 - activity = 7
I/nofatclips(  245): Saving the session on disk.
D/dalvikvm(  245): GC_CONCURRENT freed 179K, 48% free 3033K/5831K, external 1812K/2324K, paused 3ms+3ms
I/nofatclips(  245): Planning for new Activity Dashboard
I/nofatclips(  245): Created trace to press the menu button
I/nofatclips(  245): Created trace to change orientation
I/nofatclips(  245): Dispatching new task. 2 more tasks remaining.
D/nofatclips(  245): Performing backup of the old task list on disk
D/nofatclips(  245): Saving task list on disk
V/nofatclips(  245): Backing up trace #45 to disk.
V/nofatclips(  245): Backing up trace #46 to disk.
D/nofatclips(  245): Deleting backup of the old task list from disk
I/nofatclips(  245): Restarting
D/Eas Debug(  296): Logging: 
D/dalvikvm(  275): GC_CONCURRENT freed 491K, 54% free 2727K/5831K, external 716K/1038K, paused 3ms+3ms
I//system/bin/fsck_msdos(   29): Attempting to allocate 397 KB for FAT
D/dalvikvm(  296): GC_CONCURRENT freed 536K, 54% free 2699K/5831K, external 716K/1038K, paused 3ms+13ms
D/EAS SyncManager(  296): !!! EAS SyncManager, onDestroy
D/Email   (  296): BOOT_COMPLETED
I//system/bin/fsck_msdos(   29): ** Phase 2 - Check Cluster Chains
I//system/bin/fsck_msdos(   29): ** Phase 3 - Checking Directories
I//system/bin/fsck_msdos(   29): ** Phase 4 - Checking for Lost Files
I//system/bin/fsck_msdos(   29): 3 files, 50388 free (100777 clusters)
I/Vold    (   29): Filesystem check completed OK
I/Vold    (   29): Device /dev/block/vold/179:0, target /mnt/sdcard mounted @ /mnt/secure/staging
D/Vold    (   29): Volume sdcard state changing 3 (Checking) -> 4 (Mounted)
I/PackageManager(   61): Updating external media status from unmounted to mounted
I/StorageNotification(  126): Media {/mnt/sdcard} state changed from {checking} -> {mounted}
D/VoldCmdListener(   29): asec list
I/PackageManager(   61): No secure containers on sdcard
W/PackageManager(   61): Unknown permission com.google.android.googleapps.permission.GOOGLE_AUTH.mail in package com.android.contacts
W/PackageManager(   61): Unknown permission android.permission.ADD_SYSTEM_SERVICE in package com.android.phone
I/Launcher(  132): setLoadOnResume
W/PackageManager(   61): Not granting permission android.permission.SEND_DOWNLOAD_COMPLETED_INTENTS to package com.android.browser (protectionLevel=2 flags=0x9be45)
W/PackageManager(   61): Unknown permission com.google.android.gm.permission.WRITE_GMAIL in package com.android.settings
W/PackageManager(   61): Unknown permission com.google.android.gm.permission.READ_GMAIL in package com.android.settings
W/PackageManager(   61): Unknown permission com.google.android.googleapps.permission.GOOGLE_AUTH in package com.android.settings
W/PackageManager(   61): Unknown permission com.google.android.googleapps.permission.GOOGLE_AUTH in package com.android.providers.contacts
W/PackageManager(   61): Unknown permission com.google.android.googleapps.permission.GOOGLE_AUTH.cp in package com.android.providers.contacts
W/PackageManager(   61): Unknown permission com.google.android.googleapps.permission.ACCESS_GOOGLE_PASSWORD in package com.android.development
W/PackageManager(   61): Unknown permission com.google.android.googleapps.permission.GOOGLE_AUTH in package com.android.development
W/PackageManager(   61): Unknown permission com.google.android.googleapps.permission.GOOGLE_AUTH.ALL_SERVICES in package com.android.development
W/PackageManager(   61): Unknown permission com.google.android.googleapps.permission.GOOGLE_AUTH.YouTubeUser in package com.android.development
W/PackageManager(   61): Unknown permission android.permission.READ_OWNER_DATA in package com.android.email
W/PackageManager(   61): Not granting permission android.permission.DEVICE_POWER to package com.android.deskclock (protectionLevel=2 flags=0x8be45)
I/InputReader(   61): Device reconfigured: id=0x0, name=qwerty2, display size is now 320x480
I/InputManager-Callbacks(   61): No virtual keys found for device qwerty2.
W/ImageDownloader(  245): Error 404 while retrieving bitmap from http://gravatar.com/blavatar/d49126b84b57031ce19aea61cda0a7cf?s=60&d=404
D/MediaScanner(  253):  prescan time: 391ms
D/MediaScanner(  253):     scan time: 134ms
D/dalvikvm(  253): GC_CONCURRENT freed 523K, 55% free 2646K/5767K, external 716K/1038K, paused 3ms+3ms
D/MediaScanner(  253): postscan time: 0ms
D/MediaScanner(  253):    total time: 525ms
D/szipinf (  178): Initializing inflate state
D/dalvikvm(  178): GC_CONCURRENT freed 245K, 51% free 2797K/5703K, external 716K/1038K, paused 3ms+2ms
I/nofatclips(  245): Waiting for 100 msec.
D/MediaScannerService(  253): done scanning volume internal
I/ARMAssembler(   61): generated scanline__00000077:03515104_00001004_00000000 [ 65 ipp] (85 ins) at [0x46efd520:0x46efd674] in 525586 ns
I/ARMAssembler(   61): generated scanline__00000177:03515104_00001001_00000000 [ 91 ipp] (114 ins) at [0x46efd678:0x46efd840] in 379329 ns
D/nofatclips(  245): Ready to operate after restarting...
I/nofatclips(  245): Retrieving widgets
D/nofatclips(  245): Found widget: id=16908290 (android.widget.FrameLayout@405a09c8)
D/nofatclips(  245): Found widget: id=2131165248 (android.widget.RelativeLayout@405a16c8)
D/nofatclips(  245): Found widget: id=2131165249 (android.widget.LinearLayout@405a1d30)
D/nofatclips(  245): Found widget: id=-1 (android.widget.ImageView@405a2278)
D/nofatclips(  245): Found widget: id=2131165250 (org.wordpress.android.util.WPTitleBar@4059bc50)
D/nofatclips(  245): Found widget: id=2131165195 (android.widget.RelativeLayout@4050e260)
D/nofatclips(  245): Found widget: id=2131165196 (android.widget.RelativeLayout@40568510)
D/nofatclips(  245): Found widget: id=2131165197 (android.widget.ImageView@4059cee8)
D/nofatclips(  245): Found widget: id=2131165198 (android.widget.TextView@40541880): My Blog
D/nofatclips(  245): Found widget: id=2131165199 (android.widget.ImageView@4055d110)
D/nofatclips(  245): Found widget: id=-1 (android.widget.RelativeLayout@40579478)
D/nofatclips(  245): Found widget: id=2131165200 (android.widget.ImageButton@4059d410)
D/nofatclips(  245): Found widget: id=-1 (android.widget.FrameLayout@4057a998)
D/nofatclips(  245): Found widget: id=2131165201 (android.widget.Button@40542248): 
D/nofatclips(  245): Found widget: id=2131165202 (android.widget.ImageView@40593848)
D/nofatclips(  245): Found widget: id=2131165203 (android.widget.ImageView@4053ca40)
D/nofatclips(  245): Found widget: id=2131165204 (android.widget.LinearLayout@40569118)
D/nofatclips(  245): Found widget: id=-1 (android.widget.FrameLayout@4059cc80)
D/nofatclips(  245): Found widget: id=-1 (android.widget.LinearLayout@4052fbe8)
D/nofatclips(  245): Found widget: id=-1 (android.widget.LinearLayout@4050e070)
D/nofatclips(  245): Found widget: id=-1 (android.widget.LinearLayout@4052f208)
D/nofatclips(  245): Found widget: id=2131165251 (android.widget.LinearLayout@4052f8c0)
D/nofatclips(  245): Found widget: id=-1 (android.widget.ImageView@405902f0)
D/nofatclips(  245): Found widget: id=2131165256 (android.widget.TextView@4056ae10): New Post
D/nofatclips(  245): Found widget: id=2131165253 (android.widget.LinearLayout@4059be88)
D/nofatclips(  245): Found widget: id=-1 (android.widget.ImageView@40530c28)
D/nofatclips(  245): Found widget: id=2131165256 (android.widget.TextView@4056b748): New Page
D/nofatclips(  245): Found widget: id=-1 (android.widget.LinearLayout@40532ee0)
D/nofatclips(  245): Found widget: id=2131165252 (android.widget.LinearLayout@40510cd0)
D/nofatclips(  245): Found widget: id=-1 (android.widget.ImageView@40538888)
D/nofatclips(  245): Found widget: id=2131165256 (android.widget.TextView@40577940): Quick Photo
D/nofatclips(  245): Found widget: id=2131165254 (android.widget.LinearLayout@405467f0)
D/nofatclips(  245): Found widget: id=-1 (android.widget.ImageView@4059a9d8)
D/nofatclips(  245): Found widget: id=2131165256 (android.widget.TextView@405781b0): Quick Video
D/nofatclips(  245): Found widget: id=-1 (android.widget.LinearLayout@4059e278)
D/nofatclips(  245): Found widget: id=-1 (android.widget.LinearLayout@4052e678)
D/nofatclips(  245): Found widget: id=2131165255 (android.widget.LinearLayout@40533e98)
D/nofatclips(  245): Found widget: id=-1 (android.widget.ImageView@40540400)
D/nofatclips(  245): Found widget: id=2131165256 (android.widget.TextView@40578838): Posts
D/nofatclips(  245): Found widget: id=2131165257 (android.widget.LinearLayout@40544fc0)
D/nofatclips(  245): Found widget: id=-1 (android.widget.ImageView@405434d8)
D/nofatclips(  245): Found widget: id=2131165256 (android.widget.TextView@40537490): Pages
D/nofatclips(  245): Found widget: id=-1 (android.widget.FrameLayout@40534518)
D/nofatclips(  245): Found widget: id=2131165258 (android.widget.LinearLayout@405401e8)
D/nofatclips(  245): Found widget: id=-1 (android.widget.ImageView@40536ba0)
D/nofatclips(  245): Found widget: id=2131165256 (android.widget.TextView@40539440): Comments
D/nofatclips(  245): Found widget: id=2131165259 (android.widget.FrameLayout@40544678)
D/nofatclips(  245): Found widget: id=2131165260 (android.widget.ImageView@40546198)
D/nofatclips(  245): Found widget: id=2131165261 (org.wordpress.android.util.CommentBadgeTextView@4053a458): 0
D/nofatclips(  245): Found widget: id=-1 (android.widget.LinearLayout@40540780)
D/nofatclips(  245): Found widget: id=2131165262 (android.widget.LinearLayout@40541588)
D/nofatclips(  245): Found widget: id=-1 (android.widget.ImageView@40541138)
D/nofatclips(  245): Found widget: id=2131165256 (android.widget.TextView@40540a78): Settings
D/nofatclips(  245): Found widget: id=2131165263 (android.widget.LinearLayout@405440d0)
D/nofatclips(  245): Found widget: id=-1 (android.widget.ImageView@40560028)
D/nofatclips(  245): Found widget: id=2131165256 (android.widget.TextView@40542db8): Read
D/nofatclips(  245): Found widget: id=2131165264 (android.widget.LinearLayout@40561710)
D/nofatclips(  245): Found widget: id=-1 (android.widget.ImageView@40563fc8)
D/nofatclips(  245): Found widget: id=2131165256 (android.widget.TextView@4054fb10): Stats
D/nofatclips(  245): Found widget: id=-1 (com.android.internal.policy.impl.PhoneWindow$DecorView@405a00c8)
I/nofatclips(  245): Playing Trace 46
I/nofatclips(  245): Retrieved from return list id=16908290
D/nofatclips(  245): Testing for type (android.widget.FrameLayout) against the original (null)
I/nofatclips(  245): Firing event: type= openMenu name= widget=null
D/dalvikvm(  245): GC_CONCURRENT freed 716K, 52% free 3149K/6471K, external 1812K/2324K, paused 4ms+3ms
D/EAS SyncManager(  296): !!! EAS SyncManager, onCreate
D/EAS SyncManager(  296): !!! EAS SyncManager, onStartCommand
D/EAS SyncManager(  296): !!! EAS SyncManager, stopping self
D/EAS SyncManager(  296): !!! EAS SyncManager, onDestroy
D/dalvikvm(  125): GREF has increased to 201
I/Launcher(  132): setLoadOnResume
D/dalvikvm(  132): GC_EXTERNAL_ALLOC freed 149K, 49% free 2979K/5767K, external 2618K/2620K, paused 54ms
I/Launcher(  132): setLoadOnResume
D/MediaScannerService(  253): start scanning volume external
V/MediaProvider(  253): /mnt/sdcard volume ID: 417796893
W/KeyCharacterMap(  245): No keyboard for id 0
W/KeyCharacterMap(  245): Using default keymap: /system/usr/keychars/qwerty.kcm.bin
V/MediaProvider(  253): Attached volume: external
V/MediaScanner(  253): pruneDeadThumbnailFiles... android.database.sqlite.SQLiteCursor@40596190
V/MediaScanner(  253): /pruneDeadThumbnailFiles... android.database.sqlite.SQLiteCursor@40596190
D/MediaScanner(  253):  prescan time: 51ms
D/MediaScanner(  253):     scan time: 1ms
D/MediaScanner(  253): postscan time: 7ms
D/MediaScanner(  253):    total time: 59ms
D/MediaScannerService(  253): done scanning volume external
D/szipinf (  132): Initializing inflate state
D/dalvikvm(  132): GC_EXPLICIT freed 167K, 50% free 2934K/5767K, external 2221K/2278K, paused 50ms
I/nofatclips(  245): Waiting for 100 msec.
I/nofatclips(  245): Current activity is Dashboard
I/nofatclips(  245): Retrieving widgets
D/nofatclips(  245): Found widget: id=16908726 (com.android.internal.view.menu.IconMenuView@405cf080)
D/nofatclips(  245): Found widget: id=16908310 (com.android.internal.view.menu.IconMenuItemView@405f9898): Add Account
D/nofatclips(  245): Found widget: id=16908310 (com.android.internal.view.menu.IconMenuItemView@405fc328): Preferences
D/nofatclips(  245): Found widget: id=16908310 (com.android.internal.view.menu.IconMenuItemView@405fc5c8): Remove Blog
D/nofatclips(  245): Found widget: id=16908310 (com.android.internal.view.menu.IconMenuItemView@405fc868): About
D/nofatclips(  245): Found widget: id=-1 (com.android.internal.policy.impl.PhoneWindow$DecorView@405a8708)
V/ReflectionHelper(  245): com.android.internal.view.menu.IconMenuView > mOnFocusChangeListener FOUND | NOT ACTIVE
V/nicola  (  245): TextualID : null
V/nicola  (  245): ContentType detected : default
V/nicola  (  245): TextualID : null
V/nicola  (  245): ContentType detected : default
V/nicola  (  245): TextualID : null
V/nicola  (  245): ContentType detected : default
V/nicola  (  245): TextualID : null
V/nicola  (  245): ContentType detected : default
I/nofatclips(  245): Performing comparation for activity Dashboard
I/nofatclips(  245): Registering activity Dashboard (id: a8) as a new found state
D/nofatclips(  245): Performing backup of the old activity list on disk
D/nofatclips(  245): Saving new found state 'a8' on disk
V/nofatclips(  245): Opening state file in append mode.
I/nofatclips(  245): Saved image on disk: a8.jpg
I/nofatclips(  245): Waiting for 100 msec.
I/nofatclips(  245): Session count is 1. Will dump to disk at 1
I/nofatclips(  245): Saving the session on disk.
I/nofatclips(  245): Planning for new Activity Dashboard
D/nofatclips(  245): Handling event 'click' on widget id=16908310 type=menuItem name=Add Account
D/nofatclips(  245): Handling event 'click' on widget id=16908310 type=menuItem name=Preferences
D/nofatclips(  245): Handling event 'click' on widget id=16908310 type=menuItem name=Remove Blog
D/nofatclips(  245): Handling event 'click' on widget id=16908310 type=menuItem name=About
I/nofatclips(  245): Created trace to press the back button
D/dalvikvm(  245): GC_CONCURRENT freed 695K, 51% free 3246K/6599K, external 2188K/2324K, paused 8ms+8ms
I/nofatclips(  245): Created trace to press the menu button
I/nofatclips(  245): Created trace to change orientation
I/nofatclips(  245): Check for termination: 93 steps left of 100
I/nofatclips(  245): Dispatching new task. 2 more tasks remaining.
D/nofatclips(  245): Performing backup of the old task list on disk
D/nofatclips(  245): Saving task list on disk
V/nofatclips(  245): Backing up trace #51 to disk.
V/nofatclips(  245): Backing up trace #52 to disk.
D/nofatclips(  245): Deleting backup of the old task list from disk
D/nofatclips(  245): Deleting backup of the old activity list from disk
I/nofatclips(  245): Incrementally Playing Trace 52
I/nofatclips(  245): Retrieved from return list id=16908726
D/nofatclips(  245): Testing for type (com.android.internal.view.menu.IconMenuView) against the original (null)
I/nofatclips(  245): Firing event: type= openMenu name= widget=null
I/nofatclips(  245): Waiting for 100 msec.
W/InputManagerService(   61): Window already focused, ignoring focus gain of: com.android.internal.view.IInputMethodClient$Stub$Proxy@406cae28
I/nofatclips(  245): Current activity is Dashboard
I/nofatclips(  245): Retrieving widgets
D/nofatclips(  245): Found widget: id=16908290 (android.widget.FrameLayout@405a09c8)
D/nofatclips(  245): Found widget: id=2131165248 (android.widget.RelativeLayout@405a16c8)
D/nofatclips(  245): Found widget: id=2131165249 (android.widget.LinearLayout@405a1d30)
D/nofatclips(  245): Found widget: id=-1 (android.widget.ImageView@405a2278)
D/nofatclips(  245): Found widget: id=2131165250 (org.wordpress.android.util.WPTitleBar@4059bc50)
D/nofatclips(  245): Found widget: id=2131165195 (android.widget.RelativeLayout@4050e260)
D/nofatclips(  245): Found widget: id=2131165196 (android.widget.RelativeLayout@40568510)
D/nofatclips(  245): Found widget: id=2131165197 (android.widget.ImageView@4059cee8)
D/nofatclips(  245): Found widget: id=2131165198 (android.widget.TextView@40541880): My Blog
D/nofatclips(  245): Found widget: id=2131165199 (android.widget.ImageView@4055d110)
D/nofatclips(  245): Found widget: id=-1 (android.widget.RelativeLayout@40579478)
D/nofatclips(  245): Found widget: id=2131165200 (android.widget.ImageButton@4059d410)
D/nofatclips(  245): Found widget: id=-1 (android.widget.FrameLayout@4057a998)
D/nofatclips(  245): Found widget: id=2131165201 (android.widget.Button@40542248): 
D/nofatclips(  245): Found widget: id=2131165202 (android.widget.ImageView@40593848)
D/nofatclips(  245): Found widget: id=2131165203 (android.widget.ImageView@4053ca40)
D/nofatclips(  245): Found widget: id=2131165204 (android.widget.LinearLayout@40569118)
D/nofatclips(  245): Found widget: id=-1 (android.widget.FrameLayout@4059cc80)
D/nofatclips(  245): Found widget: id=-1 (android.widget.LinearLayout@4052fbe8)
D/nofatclips(  245): Found widget: id=-1 (android.widget.LinearLayout@4050e070)
D/nofatclips(  245): Found widget: id=-1 (android.widget.LinearLayout@4052f208)
D/nofatclips(  245): Found widget: id=2131165251 (android.widget.LinearLayout@4052f8c0)
D/nofatclips(  245): Found widget: id=-1 (android.widget.ImageView@405902f0)
D/nofatclips(  245): Found widget: id=2131165256 (android.widget.TextView@4056ae10): New Post
D/nofatclips(  245): Found widget: id=2131165253 (android.widget.LinearLayout@4059be88)
D/nofatclips(  245): Found widget: id=-1 (android.widget.ImageView@40530c28)
D/nofatclips(  245): Found widget: id=2131165256 (android.widget.TextView@4056b748): New Page
D/nofatclips(  245): Found widget: id=-1 (android.widget.LinearLayout@40532ee0)
D/nofatclips(  245): Found widget: id=2131165252 (android.widget.LinearLayout@40510cd0)
D/nofatclips(  245): Found widget: id=-1 (android.widget.ImageView@40538888)
D/nofatclips(  245): Found widget: id=2131165256 (android.widget.TextView@40577940): Quick Photo
D/nofatclips(  245): Found widget: id=2131165254 (android.widget.LinearLayout@405467f0)
D/nofatclips(  245): Found widget: id=-1 (android.widget.ImageView@4059a9d8)
D/nofatclips(  245): Found widget: id=2131165256 (android.widget.TextView@405781b0): Quick Video
D/nofatclips(  245): Found widget: id=-1 (android.widget.LinearLayout@4059e278)
D/nofatclips(  245): Found widget: id=-1 (android.widget.LinearLayout@4052e678)
D/nofatclips(  245): Found widget: id=2131165255 (android.widget.LinearLayout@40533e98)
D/nofatclips(  245): Found widget: id=-1 (android.widget.ImageView@40540400)
D/nofatclips(  245): Found widget: id=2131165256 (android.widget.TextView@40578838): Posts
D/nofatclips(  245): Found widget: id=2131165257 (android.widget.LinearLayout@40544fc0)
D/nofatclips(  245): Found widget: id=-1 (android.widget.ImageView@405434d8)
D/nofatclips(  245): Found widget: id=2131165256 (android.widget.TextView@40537490): Pages
D/nofatclips(  245): Found widget: id=-1 (android.widget.FrameLayout@40534518)
D/nofatclips(  245): Found widget: id=2131165258 (android.widget.LinearLayout@405401e8)
D/nofatclips(  245): Found widget: id=-1 (android.widget.ImageView@40536ba0)
D/nofatclips(  245): Found widget: id=2131165256 (android.widget.TextView@40539440): Comments
D/nofatclips(  245): Found widget: id=2131165259 (android.widget.FrameLayout@40544678)
D/nofatclips(  245): Found widget: id=2131165260 (android.widget.ImageView@40546198)
D/nofatclips(  245): Found widget: id=2131165261 (org.wordpress.android.util.CommentBadgeTextView@4053a458): 0
D/nofatclips(  245): Found widget: id=-1 (android.widget.LinearLayout@40540780)
D/nofatclips(  245): Found widget: id=2131165262 (android.widget.LinearLayout@40541588)
D/nofatclips(  245): Found widget: id=-1 (android.widget.ImageView@40541138)
D/nofatclips(  245): Found widget: id=2131165256 (android.widget.TextView@40540a78): Settings
D/nofatclips(  245): Found widget: id=2131165263 (android.widget.LinearLayout@405440d0)
D/nofatclips(  245): Found widget: id=-1 (android.widget.ImageView@40560028)
D/nofatclips(  245): Found widget: id=2131165256 (android.widget.TextView@40542db8): Read
D/nofatclips(  245): Found widget: id=2131165264 (android.widget.LinearLayout@40561710)
D/nofatclips(  245): Found widget: id=-1 (android.widget.ImageView@40563fc8)
D/nofatclips(  245): Found widget: id=2131165256 (android.widget.TextView@4054fb10): Stats
D/nofatclips(  245): Found widget: id=-1 (com.android.internal.policy.impl.PhoneWindow$DecorView@405a00c8)
I/dalvikvm(  245): Jit: resizing JitTable from 512 to 1024
V/nicola  (  245): TextualID : blog_title
V/nicola  (  245): ContentType detected : default
V/nicola  (  245): TextualID : action_refresh
V/nicola  (  245): ContentType detected : default
V/nicola  (  245): TextualID : button_text
V/nicola  (  245): ContentType detected : default
V/nicola  (  245): TextualID : button_text
V/nicola  (  245): ContentType detected : default
V/nicola  (  245): TextualID : button_text
V/nicola  (  245): ContentType detected : default
V/nicola  (  245): TextualID : button_text
V/nicola  (  245): ContentType detected : default
V/nicola  (  245): TextualID : button_text
V/nicola  (  245): ContentType detected : default
V/nicola  (  245): TextualID : button_text
V/nicola  (  245): ContentType detected : default
V/nicola  (  245): TextualID : button_text
V/nicola  (  245): ContentType detected : default
V/nicola  (  245): TextualID : button_text
V/nicola  (  245): ContentType detected : default
V/nicola  (  245): TextualID : button_text
V/nicola  (  245): ContentType detected : default
V/nicola  (  245): TextualID : button_text
V/nicola  (  245): ContentType detected : default
I/nofatclips(  245): Performing comparation for activity Dashboard
D/nofatclips(  245): Comparing against activity Dashboard
I/nofatclips(  245): Registering activity Dashboard (id: a9) as a new found state
D/nofatclips(  245): Performing backup of the old activity list on disk
D/nofatclips(  245): Saving new found state 'a9' on disk
V/nofatclips(  245): Opening state file in append mode.
D/dalvikvm(  245): GC_EXTERNAL_ALLOC freed 804K, 52% free 3273K/6727K, external 2022K/2324K, paused 154ms
D/dalvikvm(  245): GC_EXTERNAL_ALLOC freed 26K, 52% free 3246K/6727K, external 2044K/2556K, paused 91ms
I/nofatclips(  245): Saved image on disk: a9.jpg
I/nofatclips(  245): Waiting for 100 msec.
I/nofatclips(  245): Session count is 1. Will dump to disk at 1
I/nofatclips(  245): Saving the session on disk.
I/nofatclips(  245): Planning for new Activity Dashboard
D/nofatclips(  245): Handling event 'click' on widget id=2131165200 type=button name=
D/nofatclips(  245): Handling event 'click' on widget id=2131165201 type=button name=
D/nofatclips(  245): Handling event 'click' on widget id=2131165204 type=linearLayout name=
D/nofatclips(  245): Handling event 'click' on widget id=2131165251 type=linearLayout name=
D/nofatclips(  245): Handling event 'click' on widget id=2131165253 type=linearLayout name=
D/nofatclips(  245): Handling event 'click' on widget id=2131165252 type=linearLayout name=
D/nofatclips(  245): Handling event 'click' on widget id=2131165254 type=linearLayout name=
D/nofatclips(  245): Handling event 'click' on widget id=2131165255 type=linearLayout name=
D/dalvikvm(  245): GC_CONCURRENT freed 832K, 52% free 3322K/6791K, external 2644K/3302K, paused 3ms+3ms
D/nofatclips(  245): Handling event 'click' on widget id=2131165257 type=linearLayout name=
D/nofatclips(  245): Handling event 'click' on widget id=2131165258 type=linearLayout name=
D/nofatclips(  245): Handling event 'click' on widget id=2131165262 type=linearLayout name=
D/nofatclips(  245): Handling event 'click' on widget id=2131165263 type=linearLayout name=
D/nofatclips(  245): Handling event 'click' on widget id=2131165264 type=linearLayout name=
I/nofatclips(  245): Created trace to press the back button
I/nofatclips(  245): Created trace to press the menu button
I/nofatclips(  245): Created trace to change orientation
I/nofatclips(  245): Check for termination: 92 steps left of 100
I/nofatclips(  245): Dispatching new task. 2 more tasks remaining.
D/nofatclips(  245): Performing backup of the old task list on disk
D/nofatclips(  245): Saving task list on disk
V/nofatclips(  245): Backing up trace #66 to disk.
V/nofatclips(  245): Backing up trace #67 to disk.
D/dalvikvm(  245): GC_CONCURRENT freed 1198K, 54% free 3305K/7111K, external 2044K/2644K, paused 3ms+3ms
D/nofatclips(  245): Deleting backup of the old task list from disk
D/nofatclips(  245): Deleting backup of the old activity list from disk
I/nofatclips(  245): Incrementally Playing Trace 67
I/nofatclips(  245): Retrieved from return list id=2131165263
D/nofatclips(  245): Testing for type (android.widget.LinearLayout) against the original (android.widget.LinearLayout)
D/nofatclips(  245): Testing for name () against the original ()
I/nofatclips(  245): Firing event: type= click index=53 widget=android.widget.LinearLayout
D/nofatclips(  245): Event description: Read
I/ActivityManager(   61): Starting: Intent { cmp=org.wordpress.android/.Read (has extras) } from pid 245
I/nofatclips(  245): Waiting for 100 msec.
I/dalvikvm(  245): Jit: resizing JitTable from 1024 to 2048
I/ActivityManager(   61): Displayed org.wordpress.android/.Read: +3s151ms
I/nofatclips(  245): Current activity is Read
I/nofatclips(  245): Retrieving widgets
D/nofatclips(  245): Found widget: id=-1 (android.widget.LinearLayout@4053b2a0)
D/nofatclips(  245): Found widget: id=16908662 (android.widget.RelativeLayout@405ccf70)
D/nofatclips(  245): Found widget: id=16908812 (android.widget.ProgressBar@40607de8)
D/nofatclips(  245): Found widget: id=16908813 (android.widget.ProgressBar@40663cb8)
D/nofatclips(  245): Found widget: id=16908310 (android.widget.TextView@405ebf00): Read
D/nofatclips(  245): Found widget: id=16908290 (android.widget.FrameLayout@40614e38)
D/nofatclips(  245): Found widget: id=-1 (android.widget.LinearLayout@40615168)
D/nofatclips(  245): Found widget: id=2131165329 (android.webkit.WebView@405d93b8)
D/nofatclips(  245): Found widget: id=-1 (com.android.internal.policy.impl.PhoneWindow$DecorView@405f6b48)
V/nicola  (  245): TextualID : null
V/nicola  (  245): ContentType detected : default
V/ReflectionHelper(  245): android.webkit.WebView > mOnFocusChangeListener FOUND | NOT ACTIVE
I/nofatclips(  245): Performing comparation for activity Read
D/nofatclips(  245): Comparing against activity Dashboard
D/nofatclips(  245): Comparing against activity Dashboard
I/nofatclips(  245): Registering activity Read (id: a10) as a new found state
D/nofatclips(  245): Performing backup of the old activity list on disk
D/nofatclips(  245): Saving new found state 'a10' on disk
V/nofatclips(  245): Opening state file in append mode.
D/dalvikvm(  245): GC_CONCURRENT freed 734K, 51% free 3514K/7111K, external 2212K/2644K, paused 8ms+21ms
D/dalvikvm(  245): GC_EXTERNAL_ALLOC freed 89K, 50% free 3579K/7111K, external 2212K/2644K, paused 145ms
I/nofatclips(  245): Saved image on disk: a10.jpg
I/nofatclips(  245): Waiting for 100 msec.
I/nofatclips(  245): Session count is 1. Will dump to disk at 1
I/nofatclips(  245): Saving the session on disk.
I/nofatclips(  245): Planning for new Activity Read
D/nofatclips(  245): Handling event 'longClick' on widget id=2131165329 type=webPage name=
I/nofatclips(  245): Created trace to press the back button
I/nofatclips(  245): Created trace to press the menu button
I/nofatclips(  245): Created trace to change orientation
I/nofatclips(  245): Check for termination: 91 steps left of 100
I/nofatclips(  245): Dispatching new task. 2 more tasks remaining.
D/nofatclips(  245): Performing backup of the old task list on disk
D/nofatclips(  245): Saving task list on disk
V/nofatclips(  245): Backing up trace #70 to disk.
V/nofatclips(  245): Backing up trace #71 to disk.
D/nofatclips(  245): Deleting backup of the old task list from disk
D/nofatclips(  245): Deleting backup of the old activity list from disk
I/nofatclips(  245): Incrementally Playing Trace 71
I/nofatclips(  245): Retrieved from return list id=-1
D/nofatclips(  245): Testing for type (android.widget.LinearLayout) against the original (null)
I/nofatclips(  245): Firing event: type= changeOrientation name= widget=null
I/WindowManager(   61): Setting rotation to 1, animFlags=1
I/ActivityManager(   61): Config changed: { scale=1.0 imsi=310/260 loc=en_US touch=3 keys=2/1/2 nav=1/1 orien=2 layout=18 uiMode=17 seq=5}
I/nofatclips(  245): Waiting for 100 msec.
D/dalvikvm(  245): GC_CONCURRENT freed 917K, 49% free 3716K/7239K, external 3412K/3511K, paused 5ms+81ms
I/nofatclips(  245): Current activity is Read
I/nofatclips(  245): Retrieving widgets
D/nofatclips(  245): Found widget: id=-1 (android.widget.LinearLayout@4053b2a0)
D/nofatclips(  245): Found widget: id=16908662 (android.widget.RelativeLayout@405ccf70)
D/nofatclips(  245): Found widget: id=16908812 (android.widget.ProgressBar@40607de8)
D/nofatclips(  245): Found widget: id=16908813 (android.widget.ProgressBar@40663cb8)
D/nofatclips(  245): Found widget: id=16908310 (android.widget.TextView@405ebf00): Loading...
D/nofatclips(  245): Found widget: id=16908290 (android.widget.FrameLayout@40614e38)
D/nofatclips(  245): Found widget: id=-1 (android.widget.LinearLayout@40615168)
D/nofatclips(  245): Found widget: id=2131165329 (android.webkit.WebView@405d93b8)
D/nofatclips(  245): Found widget: id=-1 (com.android.internal.policy.impl.PhoneWindow$DecorView@405f6b48)
V/nicola  (  245): TextualID : null
V/nicola  (  245): ContentType detected : default
V/ReflectionHelper(  245): android.webkit.WebView > mOnFocusChangeListener FOUND | NOT ACTIVE
I/nofatclips(  245): Performing comparation for activity Read
D/nofatclips(  245): Comparing against activity Dashboard
D/nofatclips(  245): Comparing against activity Dashboard
D/nofatclips(  245): Comparing against activity Read
I/nofatclips(  245): Registering activity Read (id: a11) as a new found state
D/nofatclips(  245): Performing backup of the old activity list on disk
D/nofatclips(  245): Saving new found state 'a11' on disk
V/nofatclips(  245): Opening state file in append mode.
I/nofatclips(  245): Saved image on disk: a11.jpg
I/nofatclips(  245): Waiting for 100 msec.
I/nofatclips(  245): Session count is 1. Will dump to disk at 1
I/nofatclips(  245): Saving the session on disk.
I/nofatclips(  245): Planning for new Activity Read
D/nofatclips(  245): Handling event 'longClick' on widget id=2131165329 type=webPage name=
I/nofatclips(  245): Created trace to press the back button
I/nofatclips(  245): Created trace to press the menu button
I/nofatclips(  245): Created trace to change orientation
I/nofatclips(  245): Check for termination: 90 steps left of 100
I/nofatclips(  245): Dispatching new task. 2 more tasks remaining.
D/nofatclips(  245): Performing backup of the old task list on disk
D/nofatclips(  245): Saving task list on disk
V/nofatclips(  245): Backing up trace #74 to disk.
D/dalvikvm(  245): GC_CONCURRENT freed 1411K, 51% free 3862K/7879K, external 3412K/3511K, paused 4ms+4ms
V/nofatclips(  245): Backing up trace #75 to disk.
D/nofatclips(  245): Deleting backup of the old task list from disk
D/nofatclips(  245): Deleting backup of the old activity list from disk
I/nofatclips(  245): Incrementally Playing Trace 75
I/nofatclips(  245): Retrieved from return list id=2131165329
D/nofatclips(  245): Testing for type (android.webkit.WebView) against the original (android.webkit.WebView)
D/nofatclips(  245): Testing for name () against the original ()
I/nofatclips(  245): Firing event: type= longClick index=7 widget=android.webkit.WebView
D/dalvikvm(  245): GC_FOR_MALLOC freed 959K, 52% free 3879K/8007K, external 2812K/3511K, paused 35ms
W/KeyCharacterMap(  245): No keyboard for id 0
W/KeyCharacterMap(  245): Using default keymap: /system/usr/keychars/qwerty.kcm.bin
W/ResponseProcessCookies(  245): Invalid cookie header: "Set-Cookie: twostep_auth=+; expires=Mon, 29-Jul-2013 17:16:46 GMT; Max-Age=-31536000; path=/; domain=.wordpress.com". Negative max-age attribute: -31536000
W/ResponseProcessCookies(  245): Invalid cookie header: "Set-Cookie: wordpress=+; expires=Mon, 29-Jul-2013 17:16:46 GMT; Max-Age=-31536000; path=/wp-admin; domain=.wordpress.com". Negative max-age attribute: -31536000
W/ResponseProcessCookies(  245): Invalid cookie header: "Set-Cookie: wordpress_sec=+; expires=Mon, 29-Jul-2013 17:16:46 GMT; Max-Age=-31536000; path=/wp-admin; domain=.wordpress.com". Negative max-age attribute: -31536000
W/ResponseProcessCookies(  245): Invalid cookie header: "Set-Cookie: wordpress=+; expires=Mon, 29-Jul-2013 17:16:46 GMT; Max-Age=-31536000; path=/wp-content/plugins; domain=.wordpress.com". Negative max-age attribute: -31536000
W/ResponseProcessCookies(  245): Invalid cookie header: "Set-Cookie: wordpress_sec=+; expires=Mon, 29-Jul-2013 17:16:46 GMT; Max-Age=-31536000; path=/wp-content/plugins; domain=.wordpress.com". Negative max-age attribute: -31536000
