D/nofatclips(  248): Handling event 'click' on widget id=2131165318 type=button name=Add self-hosted WordPress blog
I/nofatclips(  248): Created trace to press the back button
I/nofatclips(  248): Created trace to press the menu button
I/nofatclips(  248): Created trace to change orientation
I/nofatclips(  248): Check for termination: 81 steps left of 100
I/nofatclips(  248): Dispatching new task. 2 more tasks remaining.
D/nofatclips(  248): Performing backup of the old task list on disk
D/nofatclips(  248): Saving task list on disk
V/nofatclips(  248): Backing up trace #216 to disk.
V/nofatclips(  248): Backing up trace #217 to disk.
D/dalvikvm(  248): GC_CONCURRENT freed 1493K, 49% free 4883K/9479K, external 4497K/5616K, paused 5ms+4ms
D/nofatclips(  248): Deleting backup of the old task list from disk
D/nofatclips(  248): Deleting backup of the old activity list from disk
I/nofatclips(  248): Incrementally Playing Trace 217
I/nofatclips(  248): Retrieved from return list id=2131165317
D/nofatclips(  248): Testing for type (android.widget.Button) against the original (android.widget.Button)
D/nofatclips(  248): Testing for name (Add blog hosted at WordPress.com) against the original (Add blog hosted at WordPress.com)
I/nofatclips(  248): Firing event: type= click index=6 widget=android.widget.Button
W/KeyCharacterMap(  248): No keyboard for id 0
W/KeyCharacterMap(  248): Using default keymap: /system/usr/keychars/qwerty.kcm.bin
D/nofatclips(  248): Event description: Add blog hosted at WordPress.com
I/ActivityManager(   61): Starting: Intent { cmp=org.wordpress.android/.AddAccount (has extras) } from pid 248
I/nofatclips(  248): Waiting for 100 msec.
I/ActivityManager(   61): Displayed org.wordpress.android/.AddAccount: +1s284ms
I/nofatclips(  248): Current activity is AddAccount
I/nofatclips(  248): Retrieving widgets
D/nofatclips(  248): Found widget: id=16908290 (android.widget.FrameLayout@4059ccb8)
D/nofatclips(  248): Found widget: id=2131165207 (android.widget.ScrollView@40636560)
D/nofatclips(  248): Found widget: id=-1 (android.widget.RelativeLayout@405b7070)
D/nofatclips(  248): Found widget: id=2131165208 (android.widget.ImageView@40578958)
D/nofatclips(  248): Found widget: id=2131165209 (android.widget.RelativeLayout@405dff48)
D/nofatclips(  248): Found widget: id=2131165210 (android.widget.TextView@405919e8): Account Details
D/nofatclips(  248): Found widget: id=2131165211 (android.widget.RelativeLayout@405e5508)
D/nofatclips(  248): Found widget: id=2131165212 (android.widget.TextView@405e19d8): Blog URL:
D/nofatclips(  248): Found widget: id=2131165213 (android.widget.EditText@40667d60): 
D/nofatclips(  248): Found widget: id=2131165214 (android.widget.TextView@4067b0e0): Username:
D/nofatclips(  248): Found widget: id=2131165215 (android.widget.EditText@406851e0): 
D/nofatclips(  248): Found widget: id=2131165216 (android.widget.TextView@406c81b0): Password:
D/nofatclips(  248): Found widget: id=2131165217 (android.widget.EditText@40812df8): 
D/nofatclips(  248): Found widget: id=2131165218 (android.widget.Button@40610eb0): Optional Settings
D/nofatclips(  248): Found widget: id=2131165219 (android.widget.Button@406f4568): Save
D/nofatclips(  248): Found widget: id=2131165220 (android.widget.Button@4079ed58): Cancel
D/nofatclips(  248): Found widget: id=2131165221 (android.widget.TextView@40657530): Don't yet have a blog?
D/nofatclips(  248): Found widget: id=2131165222 (android.widget.Button@40692568): Get a free blog at WordPress.com
D/nofatclips(  248): Found widget: id=-1 (com.android.internal.policy.impl.PhoneWindow$DecorView@405b1178)
V/nicola  (  248): TextualID : l_section1
V/nicola  (  248): ContentType detected : default
V/nicola  (  248): TextualID : l_username
V/nicola  (  248): ContentType detected : default
V/ReflectionHelper(  248): android.widget.EditText > mOnFocusChangeListener FOUND | NOT ACTIVE
V/nicola  (  248): TextualID : username
V/nicola  (  248): ContentType detected : default
V/nicola  (  248): TextualID : l_password
V/nicola  (  248): ContentType detected : default
V/ReflectionHelper(  248): android.widget.EditText > mOnFocusChangeListener FOUND | NOT ACTIVE
V/nicola  (  248): TextualID : password
V/nicola  (  248): ContentType detected : default
V/nicola  (  248): TextualID : save
V/nicola  (  248): ContentType detected : default
V/nicola  (  248): TextualID : cancel
V/nicola  (  248): ContentType detected : default
V/nicola  (  248): TextualID : l_wordpressdotcom
V/nicola  (  248): ContentType detected : default
V/nicola  (  248): TextualID : wordpressdotcom
V/nicola  (  248): ContentType detected : default
I/nofatclips(  248): Performing comparation for activity AddAccount
D/nofatclips(  248): Comparing against activity EditPost
D/nofatclips(  248): Comparing against activity Dashboard
D/nofatclips(  248): Comparing against activity Dashboard
D/nofatclips(  248): Comparing against activity EditPost
D/nofatclips(  248): Comparing against activity Settings
D/nofatclips(  248): Comparing against activity NewAccount
D/nofatclips(  248): Comparing against activity EditPost
D/nofatclips(  248): Comparing against activity Dashboard
D/nofatclips(  248): Comparing against activity Read
D/nofatclips(  248): Comparing against activity Dashboard
D/nofatclips(  248): Comparing against activity EditPost
D/nofatclips(  248): Comparing against activity Settings
D/nofatclips(  248): Comparing against activity Dashboard
D/nofatclips(  248): Comparing against activity NewAccount
D/nofatclips(  248): Comparing against activity NewAccount
D/nofatclips(  248): Comparing against activity Dashboard
D/nofatclips(  248): Comparing against activity Dashboard
D/nofatclips(  248): Comparing against activity Dashboard
D/nofatclips(  248): Comparing against activity Dashboard
D/nofatclips(  248): Comparing against activity Settings
I/nofatclips(  248): Registering activity AddAccount (id: a21) as a new found state
D/nofatclips(  248): Performing backup of the old activity list on disk
D/nofatclips(  248): Saving new found state 'a21' on disk
V/nofatclips(  248): Opening state file in append mode.
D/dalvikvm(  248): GC_EXTERNAL_ALLOC freed 795K, 50% free 4764K/9479K, external 4666K/4867K, paused 164ms
I/nofatclips(  248): Saved image on disk: a21.jpg
I/nofatclips(  248): Waiting for 100 msec.
I/nofatclips(  248): Session count is 1. Will dump to disk at 1
I/nofatclips(  248): Saving the session on disk.
I/nofatclips(  248): Planning for new Activity AddAccount
D/nofatclips(  248): Handling event 'click' on widget id=2131165219 type=button name=Save
D/nofatclips(  248): Handling input 'writeText' on widget id=2131165215 type=editText name=
V/nofatclips(  248): Using value: 27
D/nofatclips(  248): Handling input 'writeText' on widget id=2131165217 type=editText name=
V/nofatclips(  248): Using value: 29
D/nofatclips(  248): Handling event 'click' on widget id=2131165220 type=button name=Cancel
D/nofatclips(  248): Handling input 'writeText' on widget id=2131165215 type=editText name=
V/nofatclips(  248): Using value: 27
D/nofatclips(  248): Handling input 'writeText' on widget id=2131165217 type=editText name=
V/nofatclips(  248): Using value: 29
D/nofatclips(  248): Handling event 'click' on widget id=2131165222 type=button name=Get a free blog at WordPress.com
D/nofatclips(  248): Handling input 'writeText' on widget id=2131165215 type=editText name=
V/nofatclips(  248): Using value: 27
D/nofatclips(  248): Handling input 'writeText' on widget id=2131165217 type=editText name=
V/nofatclips(  248): Using value: 29
I/nofatclips(  248): Created trace to press the back button
I/nofatclips(  248): Created trace to press the menu button
I/nofatclips(  248): Created trace to change orientation
I/nofatclips(  248): Check for termination: 80 steps left of 100
I/nofatclips(  248): Dispatching new task. 2 more tasks remaining.
D/nofatclips(  248): Performing backup of the old task list on disk
D/nofatclips(  248): Saving task list on disk
V/nofatclips(  248): Backing up trace #222 to disk.
V/nofatclips(  248): Backing up trace #223 to disk.
D/dalvikvm(  248): GC_CONCURRENT freed 1857K, 48% free 4982K/9543K, external 5266K/6576K, paused 4ms+3ms
D/nofatclips(  248): Deleting backup of the old task list from disk
D/nofatclips(  248): Deleting backup of the old activity list from disk
I/nofatclips(  248): Incrementally Playing Trace 223
D/nofatclips(  248): Setting input: type= writeText id=2131165215 value=27
D/nofatclips(  248): Added to return list id=2131165215
I/nofatclips(  248): Retrieved from return list id=2131165215
D/nofatclips(  248): Testing for type (android.widget.EditText) against the original (android.widget.EditText)
D/nofatclips(  248): Testing for name () against the original ()
W/KeyCharacterMap(  248): No keyboard for id 0
W/KeyCharacterMap(  248): Using default keymap: /system/usr/keychars/qwerty.kcm.bin
D/nofatclips(  248): Setting input: type= writeText id=2131165217 value=29
D/nofatclips(  248): Added to return list id=2131165217
I/nofatclips(  248): Retrieved from return list id=2131165217
D/nofatclips(  248): Testing for type (android.widget.EditText) against the original (android.widget.EditText)
D/nofatclips(  248): Testing for name () against the original ()
I/nofatclips(  248): Retrieved from return list id=2131165220
D/nofatclips(  248): Testing for type (android.widget.Button) against the original (android.widget.Button)
D/nofatclips(  248): Testing for name (Cancel) against the original (Cancel)
I/nofatclips(  248): Firing event: type= click index=15 widget=android.widget.Button
D/nofatclips(  248): Event description: Cancel
I/nofatclips(  248): Waiting for 100 msec.
I/nofatclips(  248): Current activity is NewAccount
I/nofatclips(  248): Retrieving widgets
D/nofatclips(  248): Found widget: id=16908290 (android.widget.FrameLayout@4052e750)
D/nofatclips(  248): Found widget: id=2131165298 (android.widget.ScrollView@405c9d28)
D/nofatclips(  248): Found widget: id=2131165313 (android.widget.LinearLayout@4057dcc0)
D/nofatclips(  248): Found widget: id=2131165314 (android.widget.ImageView@405bcb18)
D/nofatclips(  248): Found widget: id=2131165315 (android.widget.TextView@405d51d0): Start blogging from your mobile in seconds.
D/nofatclips(  248): Found widget: id=2131165316 (android.widget.Button@40654b80): Start a new blog at WordPress.com
D/nofatclips(  248): Found widget: id=2131165317 (android.widget.Button@406e31e0): Add blog hosted at WordPress.com
D/nofatclips(  248): Found widget: id=2131165318 (android.widget.Button@405781b0): Add self-hosted WordPress blog
D/nofatclips(  248): Found widget: id=-1 (com.android.internal.policy.impl.PhoneWindow$DecorView@4056b800)
V/nicola  (  248): TextualID : welcome
V/nicola  (  248): ContentType detected : default
V/nicola  (  248): TextualID : createWPAccount
V/nicola  (  248): ContentType detected : default
V/nicola  (  248): TextualID : dotcomExisting
V/nicola  (  248): ContentType detected : default
V/nicola  (  248): TextualID : dotorgExisting
V/nicola  (  248): ContentType detected : default
I/nofatclips(  248): Performing comparation for activity NewAccount
D/nofatclips(  248): Comparing against activity EditPost
D/nofatclips(  248): Comparing against activity Dashboard
D/nofatclips(  248): Comparing against activity Dashboard
D/nofatclips(  248): Comparing against activity EditPost
D/nofatclips(  248): Comparing against activity Settings
D/nofatclips(  248): Comparing against activity AddAccount
D/nofatclips(  248): Comparing against activity NewAccount
D/nofatclips(  248): Comparing against activity EditPost
D/nofatclips(  248): Comparing against activity Dashboard
D/nofatclips(  248): Comparing against activity Read
D/nofatclips(  248): Comparing against activity Dashboard
D/nofatclips(  248): Comparing against activity EditPost
D/nofatclips(  248): Comparing against activity Settings
D/nofatclips(  248): Comparing against activity Dashboard
D/nofatclips(  248): Comparing against activity NewAccount
D/nofatclips(  248): Comparing against activity NewAccount
D/nofatclips(  248): Comparing against activity Dashboard
D/nofatclips(  248): Comparing against activity Dashboard
D/nofatclips(  248): Comparing against activity Dashboard
D/nofatclips(  248): Comparing against activity Dashboard
D/nofatclips(  248): Comparing against activity Settings
I/nofatclips(  248): Registering activity NewAccount (id: a22) as a new found state
D/nofatclips(  248): Performing backup of the old activity list on disk
D/nofatclips(  248): Saving new found state 'a22' on disk
V/nofatclips(  248): Opening state file in append mode.
D/dalvikvm(  248): GC_EXTERNAL_ALLOC freed 755K, 50% free 4802K/9543K, external 5266K/5826K, paused 169ms
I/nofatclips(  248): Saved image on disk: a22.jpg
I/nofatclips(  248): Waiting for 100 msec.
I/nofatclips(  248): Session count is 1. Will dump to disk at 1
I/nofatclips(  248): Saving the session on disk.
I/nofatclips(  248): Planning for new Activity NewAccount
D/nofatclips(  248): Handling event 'click' on widget id=2131165316 type=button name=Start a new blog at WordPress.com
D/nofatclips(  248): Handling event 'click' on widget id=2131165317 type=button name=Add blog hosted at WordPress.com
D/nofatclips(  248): Handling event 'click' on widget id=2131165318 type=button name=Add self-hosted WordPress blog
I/nofatclips(  248): Created trace to press the back button
I/nofatclips(  248): Created trace to press the menu button
I/nofatclips(  248): Created trace to change orientation
I/nofatclips(  248): Check for termination: 79 steps left of 100
I/nofatclips(  248): Dispatching new task. 2 more tasks remaining.
D/nofatclips(  248): Performing backup of the old task list on disk
D/nofatclips(  248): Saving task list on disk
V/nofatclips(  248): Backing up trace #228 to disk.
V/nofatclips(  248): Backing up trace #229 to disk.
D/dalvikvm(  248): GC_FOR_MALLOC freed 2038K, 50% free 4888K/9671K, external 4497K/5616K, paused 57ms
D/nofatclips(  248): Deleting backup of the old task list from disk
D/nofatclips(  248): Deleting backup of the old activity list from disk
I/nofatclips(  248): Incrementally Playing Trace 229
I/nofatclips(  248): Retrieved from return list id=2131165316
D/nofatclips(  248): Testing for type (android.widget.Button) against the original (android.widget.Button)
D/nofatclips(  248): Testing for name (Start a new blog at WordPress.com) against the original (Start a new blog at WordPress.com)
I/nofatclips(  248): Firing event: type= click index=5 widget=android.widget.Button
W/KeyCharacterMap(  248): No keyboard for id 0
W/KeyCharacterMap(  248): Using default keymap: /system/usr/keychars/qwerty.kcm.bin
D/nofatclips(  248): Event description: Start a new blog at WordPress.com
I/ActivityManager(   61): Starting: Intent { cmp=org.wordpress.android/.Signup } from pid 248
I/nofatclips(  248): Waiting for 100 msec.
I/ActivityManager(   61): Displayed org.wordpress.android/.Signup: +1s250ms
I/nofatclips(  248): Current activity is Signup
I/nofatclips(  248): Retrieving widgets
D/nofatclips(  248): Found widget: id=-1 (android.widget.LinearLayout@40578958)
D/nofatclips(  248): Found widget: id=16908662 (android.widget.RelativeLayout@4059ccb8)
D/nofatclips(  248): Found widget: id=16908812 (android.widget.ProgressBar@405a2bc0)
D/nofatclips(  248): Found widget: id=16908813 (android.widget.ProgressBar@405e5130)
D/nofatclips(  248): Found widget: id=16908310 (android.widget.TextView@405919e8): New Account
D/nofatclips(  248): Found widget: id=16908290 (android.widget.FrameLayout@405ed418)
D/nofatclips(  248): Found widget: id=-1 (android.webkit.WebView@405fdba0)
D/nofatclips(  248): Found widget: id=-1 (com.android.internal.policy.impl.PhoneWindow$DecorView@405a24d8)
V/nicola  (  248): TextualID : null
V/nicola  (  248): ContentType detected : default
V/ReflectionHelper(  248): android.webkit.WebView > mOnFocusChangeListener FOUND | NOT ACTIVE
I/nofatclips(  248): Performing comparation for activity Signup
D/nofatclips(  248): Comparing against activity EditPost
D/nofatclips(  248): Comparing against activity Dashboard
D/nofatclips(  248): Comparing against activity Dashboard
D/nofatclips(  248): Comparing against activity EditPost
D/nofatclips(  248): Comparing against activity Settings
D/nofatclips(  248): Comparing against activity AddAccount
D/nofatclips(  248): Comparing against activity NewAccount
D/nofatclips(  248): Comparing against activity EditPost
D/nofatclips(  248): Comparing against activity Dashboard
D/nofatclips(  248): Comparing against activity Read
D/nofatclips(  248): Comparing against activity Dashboard
D/nofatclips(  248): Comparing against activity EditPost
D/nofatclips(  248): Comparing against activity Settings
D/nofatclips(  248): Comparing against activity Dashboard
D/nofatclips(  248): Comparing against activity NewAccount
D/nofatclips(  248): Comparing against activity NewAccount
D/nofatclips(  248): Comparing against activity Dashboard
D/nofatclips(  248): Comparing against activity Dashboard
D/nofatclips(  248): Comparing against activity NewAccount
D/nofatclips(  248): Comparing against activity Dashboard
D/nofatclips(  248): Comparing against activity Dashboard
D/nofatclips(  248): Comparing against activity Settings
I/nofatclips(  248): Registering activity Signup (id: a23) as a new found state
D/nofatclips(  248): Performing backup of the old activity list on disk
D/nofatclips(  248): Saving new found state 'a23' on disk
V/nofatclips(  248): Opening state file in append mode.
D/dalvikvm(  248): GC_EXTERNAL_ALLOC freed 642K, 51% free 4789K/9671K, external 4497K/4867K, paused 177ms
I/nofatclips(  248): Saved image on disk: a23.jpg
I/nofatclips(  248): Waiting for 100 msec.
I/nofatclips(  248): Session count is 1. Will dump to disk at 1
I/nofatclips(  248): Saving the session on disk.
I/nofatclips(  248): Planning for new Activity Signup
I/nofatclips(  248): Created trace to press the back button
I/nofatclips(  248): Created trace to press the menu button
I/nofatclips(  248): Created trace to change orientation
I/nofatclips(  248): Check for termination: 78 steps left of 100
I/nofatclips(  248): Dispatching new task. 2 more tasks remaining.
D/nofatclips(  248): Performing backup of the old task list on disk
D/nofatclips(  248): Saving task list on disk
V/nofatclips(  248): Backing up trace #231 to disk.
V/nofatclips(  248): Backing up trace #232 to disk.
D/dalvikvm(  248): GC_CONCURRENT freed 1941K, 49% free 4994K/9671K, external 5097K/6366K, paused 5ms+4ms
D/nofatclips(  248): Deleting backup of the old task list from disk
D/nofatclips(  248): Deleting backup of the old activity list from disk
I/nofatclips(  248): Incrementally Playing Trace 232
I/nofatclips(  248): Retrieved from return list id=-1
D/nofatclips(  248): Testing for type (android.widget.LinearLayout) against the original (null)
I/nofatclips(  248): Firing event: type= openMenu name= widget=null
W/KeyCharacterMap(  248): No keyboard for id 0
W/KeyCharacterMap(  248): Using default keymap: /system/usr/keychars/qwerty.kcm.bin
I/nofatclips(  248): Waiting for 100 msec.
D/nofatclips(  248): Waiting on Progress Bar #16908812
I/nofatclips(  248): Waiting for 500 msec.
I/nofatclips(  248): Current activity is Signup
I/nofatclips(  248): Retrieving widgets
D/nofatclips(  248): Found widget: id=-1 (android.widget.LinearLayout@40578958)
D/nofatclips(  248): Found widget: id=16908662 (android.widget.RelativeLayout@4059ccb8)
D/nofatclips(  248): Found widget: id=16908812 (android.widget.ProgressBar@405a2bc0)
D/nofatclips(  248): Found widget: id=16908813 (android.widget.ProgressBar@405e5130)
D/nofatclips(  248): Found widget: id=16908310 (android.widget.TextView@405919e8): New Account
D/nofatclips(  248): Found widget: id=16908290 (android.widget.FrameLayout@405ed418)
D/nofatclips(  248): Found widget: id=-1 (android.webkit.WebView@405fdba0)
D/nofatclips(  248): Found widget: id=-1 (com.android.internal.policy.impl.PhoneWindow$DecorView@405a24d8)
V/nicola  (  248): TextualID : null
V/nicola  (  248): ContentType detected : default
V/ReflectionHelper(  248): android.webkit.WebView > mOnFocusChangeListener FOUND | NOT ACTIVE
D/dalvikvm(  248): GC_CONCURRENT freed 1874K, 47% free 5168K/9671K, external 4497K/5616K, paused 19ms+21ms
I/nofatclips(  248): Performing comparation for activity Signup
D/nofatclips(  248): Comparing against activity EditPost
D/nofatclips(  248): Comparing against activity Dashboard
D/nofatclips(  248): Comparing against activity Dashboard
D/nofatclips(  248): Comparing against activity EditPost
D/nofatclips(  248): Comparing against activity Settings
D/nofatclips(  248): Comparing against activity AddAccount
D/nofatclips(  248): Comparing against activity NewAccount
D/nofatclips(  248): Comparing against activity EditPost
D/nofatclips(  248): Comparing against activity Dashboard
D/nofatclips(  248): Comparing against activity Read
D/nofatclips(  248): Comparing against activity Dashboard
D/nofatclips(  248): Comparing against activity EditPost
D/nofatclips(  248): Comparing against activity Signup
D/nofatclips(  248): Comparing against activity Settings
D/nofatclips(  248): Comparing against activity Dashboard
D/nofatclips(  248): Comparing against activity NewAccount
D/nofatclips(  248): Comparing against activity NewAccount
D/nofatclips(  248): Comparing against activity Dashboard
D/nofatclips(  248): Comparing against activity Dashboard
D/nofatclips(  248): Comparing against activity NewAccount
D/nofatclips(  248): Comparing against activity Dashboard
D/nofatclips(  248): Comparing against activity Dashboard
D/nofatclips(  248): Comparing against activity Settings
I/nofatclips(  248): Registering activity Signup (id: a24) as a new found state
D/nofatclips(  248): Performing backup of the old activity list on disk
D/nofatclips(  248): Saving new found state 'a24' on disk
V/nofatclips(  248): Opening state file in append mode.
I/nofatclips(  248): Saved image on disk: a24.jpg
I/nofatclips(  248): Waiting for 100 msec.
I/nofatclips(  248): Session count is 1. Will dump to disk at 1
I/nofatclips(  248): Saving the session on disk.
D/dalvikvm(  248): GC_FOR_MALLOC freed 433K, 46% free 5397K/9863K, external 5097K/5616K, paused 110ms
I/nofatclips(  248): Planning for new Activity Signup
I/nofatclips(  248): Created trace to press the back button
I/nofatclips(  248): Created trace to press the menu button
I/nofatclips(  248): Created trace to change orientation
I/nofatclips(  248): Check for termination: 77 steps left of 100
I/nofatclips(  248): Dispatching new task. 2 more tasks remaining.
D/nofatclips(  248): Performing backup of the old task list on disk
D/nofatclips(  248): Saving task list on disk
V/nofatclips(  248): Backing up trace #234 to disk.
D/dalvikvm(  248): GC_FOR_MALLOC freed 970K, 46% free 5503K/10055K, external 4497K/5616K, paused 92ms
V/nofatclips(  248): Backing up trace #235 to disk.
D/nofatclips(  248): Deleting backup of the old task list from disk
D/nofatclips(  248): Deleting backup of the old activity list from disk
I/nofatclips(  248): Incrementally Playing Trace 235
I/nofatclips(  248): Retrieved from return list id=-1
D/nofatclips(  248): Testing for type (android.widget.LinearLayout) against the original (null)
I/nofatclips(  248): Firing event: type= changeOrientation name= widget=null
I/WindowManager(   61): Setting rotation to 0, animFlags=1
I/ActivityManager(   61): Config changed: { scale=1.0 imsi=310/260 loc=en_US touch=3 keys=2/1/2 nav=1/1 orien=1 layout=18 uiMode=17 seq=8}
I/nofatclips(  248): Waiting for 100 msec.
I/nofatclips(  248): Current activity is Signup
I/nofatclips(  248): Retrieving widgets
D/nofatclips(  248): Found widget: id=-1 (android.widget.LinearLayout@40578958)
D/nofatclips(  248): Found widget: id=16908662 (android.widget.RelativeLayout@4059ccb8)
D/nofatclips(  248): Found widget: id=16908812 (android.widget.ProgressBar@405a2bc0)
D/nofatclips(  248): Found widget: id=16908813 (android.widget.ProgressBar@405e5130)
D/nofatclips(  248): Found widget: id=16908310 (android.widget.TextView@405919e8): New Account
D/nofatclips(  248): Found widget: id=16908290 (android.widget.FrameLayout@405ed418)
D/nofatclips(  248): Found widget: id=-1 (android.webkit.WebView@405fdba0)
D/nofatclips(  248): Found widget: id=-1 (com.android.internal.policy.impl.PhoneWindow$DecorView@405a24d8)
V/nicola  (  248): TextualID : null
V/nicola  (  248): ContentType detected : default
V/ReflectionHelper(  248): android.webkit.WebView > mOnFocusChangeListener FOUND | NOT ACTIVE
I/nofatclips(  248): Performing comparation for activity Signup
D/nofatclips(  248): Comparing against activity EditPost
D/nofatclips(  248): Comparing against activity Dashboard
D/nofatclips(  248): Comparing against activity Dashboard
D/nofatclips(  248): Comparing against activity EditPost
D/nofatclips(  248): Comparing against activity Settings
D/nofatclips(  248): Comparing against activity AddAccount
D/nofatclips(  248): Comparing against activity NewAccount
D/nofatclips(  248): Comparing against activity EditPost
D/nofatclips(  248): Comparing against activity Dashboard
D/nofatclips(  248): Comparing against activity Read
D/nofatclips(  248): Comparing against activity Dashboard
D/nofatclips(  248): Comparing against activity EditPost
D/nofatclips(  248): Comparing against activity Signup
D/nofatclips(  248): Comparing against activity Signup
D/nofatclips(  248): Comparing against activity Settings
D/nofatclips(  248): Comparing against activity Dashboard
D/nofatclips(  248): Comparing against activity NewAccount
D/nofatclips(  248): Comparing against activity NewAccount
D/nofatclips(  248): Comparing against activity Dashboard
D/nofatclips(  248): Comparing against activity Dashboard
D/nofatclips(  248): Comparing against activity NewAccount
D/nofatclips(  248): Comparing against activity Dashboard
D/nofatclips(  248): Comparing against activity Dashboard
D/nofatclips(  248): Comparing against activity Settings
I/nofatclips(  248): Registering activity Signup (id: a25) as a new found state
D/nofatclips(  248): Performing backup of the old activity list on disk
D/nofatclips(  248): Saving new found state 'a25' on disk
V/nofatclips(  248): Opening state file in append mode.
I/nofatclips(  248): Saved image on disk: a25.jpg
I/nofatclips(  248): Waiting for 100 msec.
I/nofatclips(  248): Session count is 1. Will dump to disk at 1
I/nofatclips(  248): Saving the session on disk.
D/dalvikvm(  248): GC_FOR_MALLOC freed 1187K, 49% free 5204K/10183K, external 5097K/5616K, paused 45ms
I/nofatclips(  248): Planning for new Activity Signup
I/nofatclips(  248): Created trace to press the back button
I/nofatclips(  248): Created trace to press the menu button
I/nofatclips(  248): Created trace to change orientation
I/nofatclips(  248): Check for termination: 76 steps left of 100
I/nofatclips(  248): Dispatching new task. 2 more tasks remaining.
D/nofatclips(  248): Performing backup of the old task list on disk
D/nofatclips(  248): Saving task list on disk
V/nofatclips(  248): Backing up trace #237 to disk.
V/nofatclips(  248): Backing up trace #238 to disk.
I/dalvikvm(  248): Jit: resizing JitTable from 4096 to 8192
D/nofatclips(  248): Deleting backup of the old task list from disk
D/nofatclips(  248): Deleting backup of the old activity list from disk
I/nofatclips(  248): Incrementally Playing Trace 238
I/nofatclips(  248): Retrieved from return list id=-1
D/nofatclips(  248): Testing for type (android.widget.LinearLayout) against the original (null)
I/nofatclips(  248): Firing event: type= openMenu name= widget=null
D/dalvikvm(   61): GC_EXPLICIT freed 123K, 46% free 4131K/7559K, external 1316K/1828K, paused 74ms
W/KeyCharacterMap(  248): No keyboard for id 0
W/KeyCharacterMap(  248): Using default keymap: /system/usr/keychars/qwerty.kcm.bin
I/nofatclips(  248): Waiting for 100 msec.
I/nofatclips(  248): Current activity is Signup
I/nofatclips(  248): Retrieving widgets
D/nofatclips(  248): Found widget: id=-1 (android.widget.LinearLayout@40578958)
D/nofatclips(  248): Found widget: id=16908662 (android.widget.RelativeLayout@4059ccb8)
D/nofatclips(  248): Found widget: id=16908812 (android.widget.ProgressBar@405a2bc0)
D/nofatclips(  248): Found widget: id=16908813 (android.widget.ProgressBar@405e5130)
D/nofatclips(  248): Found widget: id=16908310 (android.widget.TextView@405919e8): New Account
D/nofatclips(  248): Found widget: id=16908290 (android.widget.FrameLayout@405ed418)
D/nofatclips(  248): Found widget: id=-1 (android.webkit.WebView@405fdba0)
D/nofatclips(  248): Found widget: id=-1 (com.android.internal.policy.impl.PhoneWindow$DecorView@405a24d8)
V/nicola  (  248): TextualID : null
V/nicola  (  248): ContentType detected : default
V/ReflectionHelper(  248): android.webkit.WebView > mOnFocusChangeListener FOUND | NOT ACTIVE
I/nofatclips(  248): Performing comparation for activity Signup
D/nofatclips(  248): Comparing against activity EditPost
D/nofatclips(  248): Comparing against activity Dashboard
D/nofatclips(  248): Comparing against activity Dashboard
D/nofatclips(  248): Comparing against activity EditPost
D/nofatclips(  248): Comparing against activity Settings
D/nofatclips(  248): Comparing against activity AddAccount
D/nofatclips(  248): Comparing against activity NewAccount
D/nofatclips(  248): Comparing against activity EditPost
D/nofatclips(  248): Comparing against activity Dashboard
D/nofatclips(  248): Comparing against activity Read
D/nofatclips(  248): Comparing against activity Dashboard
D/nofatclips(  248): Comparing against activity EditPost
D/nofatclips(  248): Comparing against activity Signup
D/nofatclips(  248): Comparing against activity Signup
D/nofatclips(  248): Comparing against activity Settings
D/nofatclips(  248): Comparing against activity Dashboard
D/nofatclips(  248): Comparing against activity NewAccount
D/nofatclips(  248): Comparing against activity NewAccount
D/nofatclips(  248): Comparing against activity Signup
D/nofatclips(  248): Comparing against activity Dashboard
D/nofatclips(  248): Comparing against activity Dashboard
D/nofatclips(  248): Comparing against activity NewAccount
D/nofatclips(  248): Comparing against activity Dashboard
D/nofatclips(  248): Comparing against activity Dashboard
D/nofatclips(  248): Comparing against activity Settings
I/nofatclips(  248): Registering activity Signup (id: a26) as a new found state
D/nofatclips(  248): Performing backup of the old activity list on disk
D/nofatclips(  248): Saving new found state 'a26' on disk
V/nofatclips(  248): Opening state file in append mode.
I/nofatclips(  248): Saved image on disk: a26.jpg
I/nofatclips(  248): Waiting for 100 msec.
I/nofatclips(  248): Session count is 1. Will dump to disk at 1
I/nofatclips(  248): Saving the session on disk.
D/dalvikvm(  248): GC_FOR_MALLOC freed 1972K, 51% free 5076K/10183K, external 5097K/5616K, paused 57ms
I/nofatclips(  248): Planning for new Activity Signup
I/nofatclips(  248): Created trace to press the back button
I/nofatclips(  248): Created trace to press the menu button
I/nofatclips(  248): Created trace to change orientation
I/nofatclips(  248): Check for termination: 75 steps left of 100
I/nofatclips(  248): Dispatching new task. 2 more tasks remaining.
D/nofatclips(  248): Performing backup of the old task list on disk
D/nofatclips(  248): Saving task list on disk
V/nofatclips(  248): Backing up trace #240 to disk.
V/nofatclips(  248): Backing up trace #241 to disk.
D/nofatclips(  248): Deleting backup of the old task list from disk
D/nofatclips(  248): Deleting backup of the old activity list from disk
I/nofatclips(  248): Incrementally Playing Trace 241
D/nofatclips(  248): Firing event: type= back
W/KeyCharacterMap(  248): No keyboard for id 0
W/KeyCharacterMap(  248): Using default keymap: /system/usr/keychars/qwerty.kcm.bin
D/szipinf (  248): Initializing inflate state
D/szipinf (  248): Initializing zlib to inflate
D/szipinf (  248): Initializing inflate state
D/szipinf (  248): Initializing zlib to inflate
D/szipinf (  248): Initializing inflate state
D/szipinf (  248): Initializing zlib to inflate
D/szipinf (  248): Initializing inflate state
D/szipinf (  248): Initializing zlib to inflate
I/nofatclips(  248): Waiting for 100 msec.
I/nofatclips(  248): Current activity is NewAccount
I/nofatclips(  248): Retrieving widgets
D/nofatclips(  248): Found widget: id=16908290 (android.widget.FrameLayout@406be578)
D/nofatclips(  248): Found widget: id=2131165298 (android.widget.ScrollView@407708f0)
D/nofatclips(  248): Found widget: id=2131165313 (android.widget.LinearLayout@40828b80)
D/nofatclips(  248): Found widget: id=2131165314 (android.widget.ImageView@40828de8)
D/nofatclips(  248): Found widget: id=2131165315 (android.widget.TextView@40696eb8): Start blogging from your mobile in seconds.
D/nofatclips(  248): Found widget: id=2131165316 (android.widget.Button@40939ba8): Start a new blog at WordPress.com
D/nofatclips(  248): Found widget: id=2131165317 (android.widget.Button@40633d38): Add blog hosted at WordPress.com
D/nofatclips(  248): Found widget: id=2131165318 (android.widget.Button@40626f48): Add self-hosted WordPress blog
D/nofatclips(  248): Found widget: id=-1 (com.android.internal.policy.impl.PhoneWindow$DecorView@405e7550)
V/nicola  (  248): TextualID : welcome
V/nicola  (  248): ContentType detected : default
V/nicola  (  248): TextualID : createWPAccount
V/nicola  (  248): ContentType detected : default
V/nicola  (  248): TextualID : dotcomExisting
V/nicola  (  248): ContentType detected : default
V/nicola  (  248): TextualID : dotorgExisting
V/nicola  (  248): ContentType detected : default
I/nofatclips(  248): Performing comparation for activity NewAccount
D/nofatclips(  248): Comparing against activity EditPost
D/nofatclips(  248): Comparing against activity Dashboard
D/nofatclips(  248): Comparing against activity Dashboard
D/nofatclips(  248): Comparing against activity EditPost
D/nofatclips(  248): Comparing against activity Read
D/nofatclips(  248): Comparing against activity Dashboard
D/nofatclips(  248): Comparing against activity Signup
D/nofatclips(  248): Comparing against activity NewAccount
D/nofatclips(  248): Comparing against activity Dashboard
D/nofatclips(  248): Comparing against activity Dashboard
D/nofatclips(  248): Comparing against activity Dashboard
D/nofatclips(  248): Comparing against activity Settings
D/nofatclips(  248): Comparing against activity Signup
D/nofatclips(  248): Comparing against activity Settings
D/nofatclips(  248): Comparing against activity AddAccount
D/nofatclips(  248): Comparing against activity NewAccount
D/nofatclips(  248): Comparing against activity EditPost
D/nofatclips(  248): Comparing against activity Dashboard
D/nofatclips(  248): Comparing against activity EditPost
D/nofatclips(  248): Comparing against activity Signup
D/nofatclips(  248): Comparing against activity Settings
D/nofatclips(  248): Comparing against activity Dashboard
D/nofatclips(  248): Comparing against activity NewAccount
D/nofatclips(  248): Comparing against activity Signup
D/nofatclips(  248): Comparing against activity Dashboard
D/nofatclips(  248): Comparing against activity NewAccount
I/nofatclips(  248): Registering activity NewAccount (id: a27) as a new found state
D/nofatclips(  248): Performing backup of the old activity list on disk
D/nofatclips(  248): Saving new found state 'a27' on disk
V/nofatclips(  248): Opening state file in append mode.
D/dalvikvm(  248): GC_EXTERNAL_ALLOC freed 1909K, 51% free 5082K/10183K, external 5583K/5616K, paused 102ms
I/nofatclips(  248): Saved image on disk: a27.jpg
I/nofatclips(  248): Waiting for 100 msec.
I/nofatclips(  248): Session count is 1. Will dump to disk at 1
I/nofatclips(  248): Saving the session on disk.
I/nofatclips(  248): Planning for new Activity NewAccount
D/nofatclips(  248): Handling event 'click' on widget id=2131165316 type=button name=Start a new blog at WordPress.com
D/nofatclips(  248): Handling event 'click' on widget id=2131165317 type=button name=Add blog hosted at WordPress.com
D/nofatclips(  248): Handling event 'click' on widget id=2131165318 type=button name=Add self-hosted WordPress blog
I/nofatclips(  248): Created trace to press the back button
I/nofatclips(  248): Created trace to press the menu button
I/nofatclips(  248): Created trace to change orientation
D/dalvikvm(  248): GC_CONCURRENT freed 1894K, 49% free 5229K/10183K, external 4665K/5076K, paused 4ms+9ms
I/nofatclips(  248): Check for termination: 74 steps left of 100
I/nofatclips(  248): Dispatching new task. 2 more tasks remaining.
D/nofatclips(  248): Performing backup of the old task list on disk
D/nofatclips(  248): Saving task list on disk
V/nofatclips(  248): Backing up trace #246 to disk.
V/nofatclips(  248): Backing up trace #247 to disk.
D/nofatclips(  248): Deleting backup of the old task list from disk
D/nofatclips(  248): Deleting backup of the old activity list from disk
I/nofatclips(  248): Incrementally Playing Trace 247
I/nofatclips(  248): Retrieved from return list id=2131165318
D/nofatclips(  248): Testing for type (android.widget.Button) against the original (android.widget.Button)
D/nofatclips(  248): Testing for name (Add self-hosted WordPress blog) against the original (Add self-hosted WordPress blog)
I/nofatclips(  248): Firing event: type= click index=7 widget=android.widget.Button
W/KeyCharacterMap(  248): No keyboard for id 0
W/KeyCharacterMap(  248): Using default keymap: /system/usr/keychars/qwerty.kcm.bin
D/nofatclips(  248): Event description: Add self-hosted WordPress blog
I/ActivityManager(   61): Starting: Intent { cmp=org.wordpress.android/.AddAccount } from pid 248
I/nofatclips(  248): Waiting for 100 msec.
I/ActivityManager(   61): Displayed org.wordpress.android/.AddAccount: +1s300ms
I/nofatclips(  248): Current activity is AddAccount
I/nofatclips(  248): Retrieving widgets
D/nofatclips(  248): Found widget: id=16908290 (android.widget.FrameLayout@4052e750)
D/nofatclips(  248): Found widget: id=2131165207 (android.widget.ScrollView@40619060)
D/nofatclips(  248): Found widget: id=-1 (android.widget.RelativeLayout@405d1c58)
D/nofatclips(  248): Found widget: id=2131165208 (android.widget.ImageView@4057cea0)
D/nofatclips(  248): Found widget: id=2131165209 (android.widget.RelativeLayout@405fb6a8)
D/nofatclips(  248): Found widget: id=2131165210 (android.widget.TextView@405781b0): Account Details
D/nofatclips(  248): Found widget: id=2131165211 (android.widget.RelativeLayout@4060aa78)
D/nofatclips(  248): Found widget: id=2131165212 (android.widget.TextView@4057e268): Blog URL:
D/nofatclips(  248): Found widget: id=2131165213 (android.widget.EditText@405d51d0): 
D/nofatclips(  248): Found widget: id=2131165214 (android.widget.TextView@405e19d8): Username:
D/nofatclips(  248): Found widget: id=2131165215 (android.widget.EditText@40667d60): 
D/nofatclips(  248): Found widget: id=2131165216 (android.widget.TextView@4066e5a0): Password:
D/nofatclips(  248): Found widget: id=2131165217 (android.widget.EditText@4067b0e0): 
D/nofatclips(  248): Found widget: id=2131165218 (android.widget.Button@406851e0): Optional Settings
D/nofatclips(  248): Found widget: id=2131165219 (android.widget.Button@4068c878): Save
D/nofatclips(  248): Found widget: id=2131165220 (android.widget.Button@406c81b0): Cancel
D/nofatclips(  248): Found widget: id=2131165221 (android.widget.TextView@40610eb0): Don't yet have a blog?
D/nofatclips(  248): Found widget: id=2131165222 (android.widget.Button@406a3b38): Get a free blog at WordPress.com
D/nofatclips(  248): Found widget: id=-1 (com.android.internal.policy.impl.PhoneWindow$DecorView@4056b800)
V/nicola  (  248): TextualID : l_section1
V/nicola  (  248): ContentType detected : default
V/nicola  (  248): TextualID : l_url
V/nicola  (  248): ContentType detected : default
V/ReflectionHelper(  248): android.widget.EditText > mOnFocusChangeListener FOUND | NOT ACTIVE
V/nicola  (  248): TextualID : url
V/nicola  (  248): ContentType detected : url
V/nicola  (  248): TextualID : l_username
V/nicola  (  248): ContentType detected : default
V/ReflectionHelper(  248): android.widget.EditText > mOnFocusChangeListener FOUND | NOT ACTIVE
V/nicola  (  248): TextualID : username
V/nicola  (  248): ContentType detected : default
V/nicola  (  248): TextualID : l_password
V/nicola  (  248): ContentType detected : default
V/ReflectionHelper(  248): android.widget.EditText > mOnFocusChangeListener FOUND | NOT ACTIVE
V/nicola  (  248): TextualID : password
V/nicola  (  248): ContentType detected : default
V/nicola  (  248): TextualID : settingsButton
V/nicola  (  248): ContentType detected : default
V/nicola  (  248): TextualID : save
V/nicola  (  248): ContentType detected : default
V/nicola  (  248): TextualID : cancel
V/nicola  (  248): ContentType detected : default
V/nicola  (  248): TextualID : l_wordpressdotcom
V/nicola  (  248): ContentType detected : default
V/nicola  (  248): TextualID : wordpressdotcom
V/nicola  (  248): ContentType detected : default
I/nofatclips(  248): Performing comparation for activity AddAccount
D/nofatclips(  248): Comparing against activity EditPost
D/nofatclips(  248): Comparing against activity Dashboard
D/nofatclips(  248): Comparing against activity Dashboard
D/nofatclips(  248): Comparing against activity EditPost
D/nofatclips(  248): Comparing against activity Read
D/nofatclips(  248): Comparing against activity Dashboard
D/nofatclips(  248): Comparing against activity Signup
D/nofatclips(  248): Comparing against activity NewAccount
D/nofatclips(  248): Comparing against activity Dashboard
D/nofatclips(  248): Comparing against activity Dashboard
D/nofatclips(  248): Comparing against activity Dashboard
D/nofatclips(  248): Comparing against activity Settings
D/nofatclips(  248): Comparing against activity Signup
D/nofatclips(  248): Comparing against activity Settings
D/nofatclips(  248): Comparing against activity AddAccount
D/nofatclips(  248): Comparing against activity NewAccount
D/nofatclips(  248): Comparing against activity EditPost
D/nofatclips(  248): Comparing against activity Dashboard
D/nofatclips(  248): Comparing against activity NewAccount
D/nofatclips(  248): Comparing against activity EditPost
D/nofatclips(  248): Comparing against activity Signup
D/nofatclips(  248): Comparing against activity Settings
D/nofatclips(  248): Comparing against activity Dashboard
D/nofatclips(  248): Comparing against activity NewAccount
D/nofatclips(  248): Comparing against activity Signup
D/nofatclips(  248): Comparing against activity Dashboard
D/nofatclips(  248): Comparing against activity NewAccount
I/nofatclips(  248): Registering activity AddAccount (id: a28) as a new found state
D/nofatclips(  248): Performing backup of the old activity list on disk
D/nofatclips(  248): Saving new found state 'a28' on disk
V/nofatclips(  248): Opening state file in append mode.
D/dalvikvm(  248): GC_EXTERNAL_ALLOC freed 1521K, 51% free 5050K/10183K, external 4978K/5076K, paused 163ms
D/webviewglue(  248): nativeDestroy view: 0x6544a8
I/nofatclips(  248): Saved image on disk: a28.jpg
I/nofatclips(  248): Waiting for 100 msec.
I/nofatclips(  248): Session count is 1. Will dump to disk at 1
I/nofatclips(  248): Saving the session on disk.
I/nofatclips(  248): Planning for new Activity AddAccount
D/nofatclips(  248): Handling event 'click' on widget id=2131165218 type=button name=Optional Settings
D/nofatclips(  248): Handling input 'writeText' on widget id=2131165213 type=editText name=
V/nofatclips(  248): Using value: 25
D/nofatclips(  248): Handling input 'writeText' on widget id=2131165215 type=editText name=
V/nofatclips(  248): Using value: 27
D/nofatclips(  248): Handling input 'writeText' on widget id=2131165217 type=editText name=
V/nofatclips(  248): Using value: 29
D/nofatclips(  248): Handling event 'click' on widget id=2131165219 type=button name=Save
D/nofatclips(  248): Handling input 'writeText' on widget id=2131165213 type=editText name=
V/nofatclips(  248): Using value: 25
D/nofatclips(  248): Handling input 'writeText' on widget id=2131165215 type=editText name=
V/nofatclips(  248): Using value: 27
D/nofatclips(  248): Handling input 'writeText' on widget id=2131165217 type=editText name=
V/nofatclips(  248): Using value: 29
D/nofatclips(  248): Handling event 'click' on widget id=2131165220 type=button name=Cancel
D/nofatclips(  248): Handling input 'writeText' on widget id=2131165213 type=editText name=
V/nofatclips(  248): Using value: 25
D/nofatclips(  248): Handling input 'writeText' on widget id=2131165215 type=editText name=
V/nofatclips(  248): Using value: 27
D/nofatclips(  248): Handling input 'writeText' on widget id=2131165217 type=editText name=
V/nofatclips(  248): Using value: 29
D/nofatclips(  248): Handling event 'click' on widget id=2131165222 type=button name=Get a free blog at WordPress.com
D/nofatclips(  248): Handling input 'writeText' on widget id=2131165213 type=editText name=
V/nofatclips(  248): Using value: 25
D/nofatclips(  248): Handling input 'writeText' on widget id=2131165215 type=editText name=
V/nofatclips(  248): Using value: 27
D/nofatclips(  248): Handling input 'writeText' on widget id=2131165217 type=editText name=
V/nofatclips(  248): Using value: 29
I/nofatclips(  248): Created trace to press the back button
I/nofatclips(  248): Created trace to press the menu button
I/nofatclips(  248): Created trace to change orientation
D/dalvikvm(  248): GC_CONCURRENT freed 2206K, 51% free 5071K/10183K, external 5266K/6576K, paused 4ms+5ms
I/nofatclips(  248): Check for termination: 73 steps left of 100
I/nofatclips(  248): Dispatching new task. 2 more tasks remaining.
D/nofatclips(  248): Performing backup of the old task list on disk
D/nofatclips(  248): Saving task list on disk
V/nofatclips(  248): Backing up trace #253 to disk.
V/nofatclips(  248): Backing up trace #254 to disk.
D/nofatclips(  248): Deleting backup of the old task list from disk
D/nofatclips(  248): Deleting backup of the old activity list from disk
I/nofatclips(  248): Incrementally Playing Trace 254
D/nofatclips(  248): Setting input: type= writeText id=2131165213 value=25
D/nofatclips(  248): Added to return list id=2131165213
I/nofatclips(  248): Retrieved from return list id=2131165213
D/nofatclips(  248): Testing for type (android.widget.EditText) against the original (android.widget.EditText)
D/nofatclips(  248): Testing for name () against the original ()
W/KeyCharacterMap(  248): No keyboard for id 0
W/KeyCharacterMap(  248): Using default keymap: /system/usr/keychars/qwerty.kcm.bin
D/nofatclips(  248): Setting input: type= writeText id=2131165215 value=27
D/nofatclips(  248): Added to return list id=2131165215
I/nofatclips(  248): Retrieved from return list id=2131165215
D/nofatclips(  248): Testing for type (android.widget.EditText) against the original (android.widget.EditText)
D/nofatclips(  248): Testing for name () against the original ()
D/nofatclips(  248): Setting input: type= writeText id=2131165217 value=29
D/nofatclips(  248): Added to return list id=2131165217
I/nofatclips(  248): Retrieved from return list id=2131165217
D/nofatclips(  248): Testing for type (android.widget.EditText) against the original (android.widget.EditText)
D/nofatclips(  248): Testing for name () against the original ()
I/nofatclips(  248): Retrieved from return list id=2131165219
D/nofatclips(  248): Testing for type (android.widget.Button) against the original (android.widget.Button)
D/nofatclips(  248): Testing for name (Save) against the original (Save)
I/nofatclips(  248): Firing event: type= click index=14 widget=android.widget.Button
D/nofatclips(  248): Event description: Save
I/nofatclips(  248): Waiting for 100 msec.
W/System.err(  248): java.net.SocketException: Invalid argument
W/System.err(  248): 	at org.apache.harmony.luni.platform.OSNetworkSystem.connect(Native Method)
W/System.err(  248): 	at dalvik.system.BlockGuard$WrappedNetworkSystem.connect(BlockGuard.java:357)
W/System.err(  248): 	at org.apache.harmony.luni.net.PlainSocketImpl.connect(PlainSocketImpl.java:204)
W/System.err(  248): 	at org.apache.harmony.luni.net.PlainSocketImpl.connect(PlainSocketImpl.java:437)
W/System.err(  248): 	at java.net.Socket.connect(Socket.java:983)
W/System.err(  248): 	at org.apache.harmony.luni.internal.net.www.protocol.http.HttpConnection.<init>(HttpConnection.java:75)
W/System.err(  248): 	at org.apache.harmony.luni.internal.net.www.protocol.http.HttpConnection.<init>(HttpConnection.java:48)
W/System.err(  248): 	at org.apache.harmony.luni.internal.net.www.protocol.http.HttpConnection$Address.connect(HttpConnection.java:322)
W/System.err(  248): 	at org.apache.harmony.luni.internal.net.www.protocol.http.HttpConnectionPool.get(HttpConnectionPool.java:89)
W/System.err(  248): 	at org.apache.harmony.luni.internal.net.www.protocol.http.HttpURLConnectionImpl.getHttpConnection(HttpURLConnectionImpl.java:285)
W/System.err(  248): 	at org.apache.harmony.luni.internal.net.www.protocol.http.HttpURLConnectionImpl.makeConnection(HttpURLConnectionImpl.java:267)
