D/dalvikvm(  129): GC_CONCURRENT freed 406K, 54% free 2638K/5639K, external 716K/1038K, paused 3ms+31ms
D/dalvikvm(  114): GC_CONCURRENT freed 396K, 54% free 2649K/5639K, external 716K/1038K, paused 3ms+74ms
I/ActivityThread(  129): Pub com.android.launcher2.settings: com.android.launcher2.LauncherProvider
I/ActivityThread(  121): Pub mms: com.android.providers.telephony.MmsProvider
I/ActivityThread(  121): Pub sms: com.android.providers.telephony.SmsProvider
I/ActivityThread(  121): Pub telephony: com.android.providers.telephony.TelephonyProvider
I/ActivityThread(  121): Pub icc: com.android.phone.IccProvider
I/ActivityThread(  121): Pub mms-sms: com.android.providers.telephony.MmsSmsProvider
D/dalvikvm(  114): No JNI_OnLoad found in /system/lib/libwnndict.so 0x40512cf0, skipping init
D/dalvikvm(  114): GC_CONCURRENT freed 211K, 50% free 2912K/5767K, external 716K/1038K, paused 3ms+17ms
D/dalvikvm(  158): GC_CONCURRENT freed 407K, 54% free 2637K/5639K, external 716K/1038K, paused 3ms+43ms
D/dalvikvm(   61): GC_EXTERNAL_ALLOC freed 188K, 42% free 3979K/6791K, external 1552K/1567K, paused 163ms
D/dalvikvm(   61): GREF has increased to 201
I/StatusBarManagerService(   61): registerStatusBar bar=com.android.internal.statusbar.IStatusBar$Stub$Proxy@405971b0
D/VoldCmdListener(   29): share status ums
D/StorageNotification(  122): Startup with UMS connection false (media state unmounted)
I/StorageNotification(  122): UMS connection changed to false (media state unmounted)
D/dalvikvm(  114): GC_CONCURRENT freed 434K, 50% free 3047K/6087K, external 716K/1038K, paused 3ms+43ms
D/CallManager(  121): registerPhone(GSM Handler{4055eb30})
I/ActivityManager(   61): Start proc android.process.acore for content provider com.android.providers.contacts/.CallLogProvider: pid=180 uid=10006 gids={3003, 1015}
D/dalvikvm(   61): GC_EXTERNAL_ALLOC freed 156K, 42% free 4035K/6855K, external 1872K/2044K, paused 261ms
W/ActivityManager(   61): Unable to start service Intent { act=com.android.ussd.IExtendedNetworkService }: not found
I/TelephonyRegistry(   61): notifyServiceState: 3 home null null null  Unknown CSS not supported -1 -1RoamInd: -1DefRoamInd: -1EmergOnly: false
D/AlarmManagerService(   61): Kernel timezone updated to 0 minutes west of GMT
D/SystemClock(  121): Setting time of day to sec=1406662448
I/ActivityManager(   61): Start proc com.android.deskclock for broadcast com.android.deskclock/.AlarmInitReceiver: pid=190 uid=10019 gids={}
W/SystemClock(  121): Unable to set rtc to 1406662448: Invalid argument
D/dalvikvm(  129): GC_EXTERNAL_ALLOC freed 48K, 53% free 2701K/5639K, external 1032K/1038K, paused 471ms
I/TelephonyRegistry(   61): notifyDataConnection: state=0 isDataConnectivityPossible=false reason=radioTurnedOff interfaceName=null networkType=0
I/TelephonyRegistry(   61): notifyDataConnection: state=0 isDataConnectivityPossible=false reason=gprsDetached interfaceName=null networkType=0
I/ActivityThread(  180): Pub com.android.social: com.android.providers.contacts.SocialProvider
I/ActivityThread(  180): Pub applications: com.android.providers.applications.ApplicationsProvider
I/TelephonyRegistry(   61): notifyServiceState: 0 home Android Android 310260  UMTS CSS not supported -1 -1RoamInd: -1DefRoamInd: -1EmergOnly: false
I/TelephonyRegistry(   61): notifyDataConnection: state=0 isDataConnectivityPossible=false reason=null interfaceName=null networkType=3
D/dalvikvm(  121): GC_CONCURRENT freed 167K, 49% free 2924K/5703K, external 716K/1038K, paused 3ms+41ms
D/dalvikvm(  180): GC_CONCURRENT freed 406K, 54% free 2612K/5639K, external 716K/1038K, paused 4ms+34ms
D/MccTable(  121): updateMccMncConfiguration: mcc=310, mnc=260
D/MccTable(  121): locale set to en_us
D/MccTable(  121): WIFI_NUM_ALLOWED_CHANNELS set to 11
I/WifiService(   61): WifiService trying to setNumAllowed to 11 with persist set to true
I/ActivityManager(   61): Config changed: { scale=1.0 imsi=310/260 loc=en_US touch=3 keys=2/1/2 nav=1/1 orien=1 layout=18 uiMode=17 seq=4}
I/TelephonyRegistry(   61): notifyMessageWaitingChanged: false
I/ActivityThread(  190): Pub com.android.deskclock: com.android.deskclock.AlarmProvider
I/TelephonyRegistry(   61): notifyCallForwardingChanged: false
I/ActivityThread(  180): Pub contacts;com.android.contacts: com.android.providers.contacts.ContactsProvider2
D/dalvikvm(   61): GC_CONCURRENT freed 219K, 40% free 4209K/6983K, external 1865K/3065K, paused 4ms+71ms
D/dalvikvm(  190): GC_CONCURRENT freed 367K, 54% free 2620K/5639K, external 716K/1038K, paused 3ms+157ms
I/ActivityManager(   61): Start proc com.android.protips for broadcast com.android.protips/.ProtipWidget: pid=211 uid=10024 gids={}
D/dalvikvm(  129): GC_EXTERNAL_ALLOC freed 45K, 52% free 2756K/5639K, external 1567K/1572K, paused 233ms
D/dalvikvm(   33): GC_EXPLICIT freed 10K, 53% free 2538K/5379K, external 716K/1038K, paused 158ms
D/TelephonyProvider(  121): Setting numeric '310260' to be the current operator
I/TelephonyRegistry(   61): notifyDataConnection: state=1 isDataConnectivityPossible=true reason=simLoaded interfaceName=null networkType=3
I/TelephonyRegistry(   61): notifyDataConnection: state=2 isDataConnectivityPossible=true reason=simLoaded interfaceName=/dev/omap_csmi_tty1 networkType=3
D/dalvikvm(   33): GC_EXPLICIT freed <1K, 53% free 2538K/5379K, external 716K/1038K, paused 388ms
D/AndroidRuntime(  203): 
D/AndroidRuntime(  203): >>>>>> AndroidRuntime START com.android.internal.os.RuntimeInit <<<<<<
D/AndroidRuntime(  203): CheckJNI is ON
D/dalvikvm(  121): GC_CONCURRENT freed 435K, 52% free 2931K/6023K, external 716K/1038K, paused 4ms+2ms
D/Tethering(   61): MasterInitialState.processMessage what=3
D/dalvikvm(   33): GC_EXPLICIT freed <1K, 53% free 2538K/5379K, external 716K/1038K, paused 264ms
I/ActivityManager(   61): Start proc com.android.music for broadcast com.android.music/.MediaAppWidgetProvider: pid=222 uid=10005 gids={3003, 1015}
I/ActivityThread(  180): Pub call_log: com.android.providers.contacts.CallLogProvider
I/ActivityThread(  180): Pub user_dictionary: com.android.providers.userdictionary.UserDictionaryProvider
D/dalvikvm(  129): GC_EXTERNAL_ALLOC freed 41K, 51% free 2793K/5639K, external 2079K/2085K, paused 227ms
D/SntpClient(   61): request time failed: java.net.SocketException: Address family not supported by protocol
D/dalvikvm(   61): GREF has increased to 301
I/ActivityManager(   61): Start proc com.android.quicksearchbox for broadcast com.android.quicksearchbox/.SearchWidgetProvider: pid=236 uid=10002 gids={3003}
D/dalvikvm(  129): GC_EXPLICIT freed 26K, 51% free 2807K/5639K, external 2387K/2620K, paused 136ms
D/AndroidRuntime(  203): Calling main entry com.android.commands.am.Am
I/ActivityManager(   61): Force stopping package org.wordpress.android uid=10034
I/ActivityManager(   61): Start proc org.wordpress.android for added application org.wordpress.android: pid=246 uid=10034 gids={3003, 1006, 1015}
I/ActivityThread(  236): Pub com.android.quicksearchbox.google: com.android.quicksearchbox.google.GoogleSuggestionProvider
I/ActivityThread(  236): Pub com.android.quicksearchbox.shortcuts: com.android.quicksearchbox.ShortcutsProvider
I/ActivityManager(   61): Start proc android.process.media for broadcast com.android.providers.downloads/.DownloadReceiver: pid=254 uid=10000 gids={1015, 1006, 2001, 3003}
D/szipinf (  246): Initializing inflate state
I/ActivityThread(  254): Pub media: com.android.providers.media.MediaProvider
V/MediaProvider(  254): Attached volume: internal
I/ActivityThread(  254): Pub downloads: com.android.providers.downloads.DownloadProvider
D/nofatclips(  246): Updating node 
D/nofatclips(  246): Loading node 
I/nofatclips(  246): Preferences file found.
I/ActivityThread(  254): Pub drm: com.android.providers.drm.DrmProvider
V/nofatclips(  246): Updating value ACTIVITY_DESCRIPTION_IN_SESSION
V/nofatclips(  246): Updating value ADDITIONAL_CRITERIAS
V/nofatclips(  246): Updating value ADDITIONAL_EVENTS
V/nofatclips(  246): Updating value ADDITIONAL_INPUTS
V/nofatclips(  246): Updating value CLASS_NAME
D/nofatclips(  246): Updated value of parameter CLASS_NAME to org.wordpress.android.Dashboard (default = app.package.class)
V/nofatclips(  246): Updating value ENABLE_RESUME
V/nofatclips(  246): Updating value PACKAGE_NAME
D/nofatclips(  246): Updated value of parameter PACKAGE_NAME to org.wordpress.android (default = app.package)
V/nofatclips(  246): Updating value RANDOM_SEED
D/nofatclips(  246): Updated value of parameter RANDOM_SEED to 1660452991452838133 (default = 5466516511651561651)
V/nofatclips(  246): Updating value RETRY_FAILED_TRACES
V/nofatclips(  246): Updating value theClass
D/nofatclips(  246): Updating node scheduler
D/nofatclips(  246): Loading node scheduler
V/nofatclips(  246): Updating value ALL_EVENTS_ON_PREFERENCES
V/nofatclips(  246): Updating value BACK_BUTTON_EVENT
V/nofatclips(  246): Updating value DICTIONARY_FIXED_VALUE
V/nofatclips(  246): Updating value DICTIONARY_IGNORE_CONTENT_TYPES
V/nofatclips(  246): Updating value EMULATOR_PORT
V/nofatclips(  246): Updating value EVENTS
D/nofatclips(  246): Updated values of array parameter EVENTS
V/nofatclips(  246): Updating value EVENT_WHEN_NO_ID
V/nofatclips(  246): Updating value EXCLUDE_WIDGETS_INPUTS_IN_GPS_EVENTS
V/nofatclips(  246): Updating value EXCLUDE_WIDGETS_INPUTS_IN_SENSORS_EVENTS
V/nofatclips(  246): Updating value INPUTS
D/nofatclips(  246): Updated values of array parameter INPUTS
V/nofatclips(  246): Updating value KEY_EVENTS
V/nofatclips(  246): Updating value MAX_EVENTS_PER_WIDGET
V/nofatclips(  246): Updating value MAX_TASKS_IN_SCHEDULER
D/nofatclips(  246): Updated value of parameter MAX_TASKS_IN_SCHEDULER to 2 (default = 0)
V/nofatclips(  246): Updating value MAX_TASKS_PER_EVENT
V/nofatclips(  246): Updating value MENU_EVENTS
V/nofatclips(  246): Updating value ORIENTATION_EVENTS
V/nofatclips(  246): Updating value PLANNER
V/nofatclips(  246): Updating value REFLECT_ACTIVITY_LISTENERS
V/nofatclips(  246): Updating value REFLECT_WIDGETS
V/nofatclips(  246): Updating value SCHEDULER_ALGORITHM
D/nofatclips(  246): Updated value of parameter SCHEDULER_ALGORITHM to DEPTH_FIRST (default = BREADTH_FIRST)
V/nofatclips(  246): Updating value SCROLL_DOWN_EVENT
V/nofatclips(  246): Updating value SENSOR_TYPES
V/nofatclips(  246): Updating value SIMULATE_INCOMING_CALL
V/nofatclips(  246): Updating value SIMULATE_INCOMING_SMS
V/nofatclips(  246): Updating value TAB_EVENTS_START_ONLY
V/nofatclips(  246): Updating value TEST_LOCATION_PROVIDER
V/nofatclips(  246): Updating value TEXT_VALUES_FROM_DICTIONARY
V/nofatclips(  246): Updating value TEXT_VALUES_ID_HASH
V/nofatclips(  246): Updating value USE_GPS
V/nofatclips(  246): Updating value USE_SENSORS
D/nofatclips(  246): Updating node planner
D/nofatclips(  246): Loading node planner
V/nofatclips(  246): Updating value ALL_EVENTS_ON_PREFERENCES
V/nofatclips(  246): Updating value BACK_BUTTON_EVENT
V/nofatclips(  246): Updating value DICTIONARY_FIXED_VALUE
V/nofatclips(  246): Updating value DICTIONARY_IGNORE_CONTENT_TYPES
V/nofatclips(  246): Updating value EMULATOR_PORT
V/nofatclips(  246): Updating value EVENTS
D/nofatclips(  246): Updated values of array parameter EVENTS
V/nofatclips(  246): Updating value EVENT_WHEN_NO_ID
V/nofatclips(  246): Updating value EXCLUDE_WIDGETS_INPUTS_IN_GPS_EVENTS
V/nofatclips(  246): Updating value EXCLUDE_WIDGETS_INPUTS_IN_SENSORS_EVENTS
V/nofatclips(  246): Updating value INPUTS
D/nofatclips(  246): Updated values of array parameter INPUTS
V/nofatclips(  246): Updating value KEY_EVENTS
V/nofatclips(  246): Updating value MAX_EVENTS_PER_WIDGET
V/nofatclips(  246): Updating value MAX_TASKS_IN_SCHEDULER
V/nofatclips(  246): Updating value MAX_TASKS_PER_EVENT
V/nofatclips(  246): Updating value MENU_EVENTS
V/nofatclips(  246): Updating value ORIENTATION_EVENTS
V/nofatclips(  246): Updating value PLANNER
V/nofatclips(  246): Updating value REFLECT_ACTIVITY_LISTENERS
V/nofatclips(  246): Updating value REFLECT_WIDGETS
V/nofatclips(  246): Updating value SCHEDULER_ALGORITHM
V/nofatclips(  246): Updating value SCROLL_DOWN_EVENT
V/nofatclips(  246): Updating value SENSOR_TYPES
V/nofatclips(  246): Updating value SIMULATE_INCOMING_CALL
V/nofatclips(  246): Updating value SIMULATE_INCOMING_SMS
V/nofatclips(  246): Updating value TAB_EVENTS_START_ONLY
V/nofatclips(  246): Updating value TEST_LOCATION_PROVIDER
V/nofatclips(  246): Updating value TEXT_VALUES_FROM_DICTIONARY
V/nofatclips(  246): Updating value TEXT_VALUES_ID_HASH
D/nofatclips(  246): Updated value of parameter TEXT_VALUES_ID_HASH to true (default = false)
V/nofatclips(  246): Updating value USE_GPS
V/nofatclips(  246): Updating value USE_SENSORS
D/nofatclips(  246): Updating node interactions
D/nofatclips(  246): Loading node interactions
V/nofatclips(  246): Updating value ALL_EVENTS_ON_PREFERENCES
V/nofatclips(  246): Updating value BACK_BUTTON_EVENT
V/nofatclips(  246): Updating value DICTIONARY_FIXED_VALUE
V/nofatclips(  246): Updating value DICTIONARY_IGNORE_CONTENT_TYPES
V/nofatclips(  246): Updating value EMULATOR_PORT
V/nofatclips(  246): Updating value EVENTS
D/nofatclips(  246): Updated values of array parameter EVENTS
V/nofatclips(  246): Updating value EVENT_WHEN_NO_ID
V/nofatclips(  246): Updating value EXCLUDE_WIDGETS_INPUTS_IN_GPS_EVENTS
V/nofatclips(  246): Updating value EXCLUDE_WIDGETS_INPUTS_IN_SENSORS_EVENTS
V/nofatclips(  246): Updating value INPUTS
D/nofatclips(  246): Updated values of array parameter INPUTS
V/nofatclips(  246): Updating value KEY_EVENTS
V/nofatclips(  246): Updating value MAX_EVENTS_PER_WIDGET
V/nofatclips(  246): Updating value MAX_TASKS_IN_SCHEDULER
V/nofatclips(  246): Updating value MAX_TASKS_PER_EVENT
V/nofatclips(  246): Updating value MENU_EVENTS
V/nofatclips(  246): Updating value ORIENTATION_EVENTS
V/nofatclips(  246): Updating value PLANNER
V/nofatclips(  246): Updating value REFLECT_ACTIVITY_LISTENERS
V/nofatclips(  246): Updating value REFLECT_WIDGETS
V/nofatclips(  246): Updating value SCHEDULER_ALGORITHM
V/nofatclips(  246): Updating value SCROLL_DOWN_EVENT
V/nofatclips(  246): Updating value SENSOR_TYPES
V/nofatclips(  246): Updating value SIMULATE_INCOMING_CALL
V/nofatclips(  246): Updating value SIMULATE_INCOMING_SMS
V/nofatclips(  246): Updating value TAB_EVENTS_START_ONLY
V/nofatclips(  246): Updating value TEST_LOCATION_PROVIDER
V/nofatclips(  246): Updating value TEXT_VALUES_FROM_DICTIONARY
V/nofatclips(  246): Updating value TEXT_VALUES_ID_HASH
V/nofatclips(  246): Updating value USE_GPS
V/nofatclips(  246): Updating value USE_SENSORS
D/nofatclips(  246): Updating node comparator
D/nofatclips(  246): Loading node comparator
V/nofatclips(  246): Updating value COMPARATOR
V/nofatclips(  246): Updating value COMPARATOR_TYPE
V/nofatclips(  246): Updating value COMPARE_ACTIVITY_NAME
V/nofatclips(  246): Updating value COMPARE_LIST_COUNT
V/nofatclips(  246): Updating value COMPARE_MENU_COUNT
D/nofatclips(  246): Updated value of parameter COMPARE_MENU_COUNT to false (default = true)
V/nofatclips(  246): Updating value COMPARE_STATE_TITLE
V/nofatclips(  246): Updating value COMPARE_VALUES
V/nofatclips(  246): Updating value WIDGET_TYPES
D/nofatclips(  246): Updating node strategy
D/nofatclips(  246): Loading node strategy
V/nofatclips(  246): Updating value AFTER_EVENT_DONT_EXPLORE
V/nofatclips(  246): Updating value AFTER_WIDGET_DONT_EXPLORE
V/nofatclips(  246): Updating value CHECK_FOR_TRANSITION
V/nofatclips(  246): Updating value EXPLORE_ONLY_NEW_STATES
D/nofatclips(  246): Updated value of parameter EXPLORE_ONLY_NEW_STATES to false (default = true)
V/nofatclips(  246): Updating value MAX_NUM_TRACES
D/nofatclips(  246): Updated value of parameter MAX_NUM_TRACES to 100 (default = 0)
V/nofatclips(  246): Updating value MAX_TIME_CRAWLING
V/nofatclips(  246): Updating value PAUSE_AFTER_TIME
V/nofatclips(  246): Updating value PAUSE_AFTER_TRACES
V/nofatclips(  246): Updating value TRACE_MAX_DEPTH
V/nofatclips(  246): Updating value TRACE_MIN_DEPTH
D/nofatclips(  246): Starting random testing
I/TestRunner(  246): started: testAndCrawl(com.nofatclips.crawler.guitree.NomadEngine)
I/ActivityManager(   61): Starting: Intent { act=android.intent.action.MAIN flg=0x10000000 cmp=org.wordpress.android/.Dashboard } from pid 246
D/szipinf (   61): Initializing inflate state
D/dalvikvm(  246): GC_EXTERNAL_ALLOC freed 400K, 53% free 2736K/5767K, external 716K/1038K, paused 54ms
I/Launcher(  129): setLoadOnResume
I/Launcher(  129): setLoadOnResume
W/ActivityManager(   61): Activity idle timeout for HistoryRecord{40657180 com.android.launcher/com.android.launcher2.Launcher}
D/OtaStartupReceiver(  121): Not a CDMA phone, no need to process OTA
D/PowerManagerService(   61): bootCompleted
D/VoldCmdListener(   29): volume mount /mnt/sdcard
I/Vold    (   29): /dev/block/vold/179:0 being considered for volume sdcard
D/Vold    (   29): Volume sdcard state changing 1 (Idle-Unmounted) -> 3 (Checking)
I/StorageNotification(  122): Media {/mnt/sdcard} state changed from {unmounted} -> {checking}
D/dalvikvm(  246): GC_EXTERNAL_ALLOC freed 115K, 49% free 2944K/5767K, external 1407K/1623K, paused 122ms
I/RecoverySystem(   61): No recovery log file
I/ActivityManager(   61): Start proc com.android.mms for broadcast com.android.mms/.transaction.MmsSystemEventReceiver: pid=273 uid=10015 gids={3003, 1015}
I/ActivityManager(   61): Displayed org.wordpress.android/.Dashboard: +925ms (total +10s798ms)
I/ActivityManager(   61): Displayed com.android.launcher/com.android.launcher2.Launcher: +10s800ms
D/dalvikvm(   61): GC_CONCURRENT freed 824K, 46% free 4199K/7687K, external 1865K/3065K, paused 4ms+20ms
I/ActivityThread(  273): Pub com.android.mms.SuggestionsProvider: com.android.mms.SuggestionsProvider
I/SurfaceFlinger(   61): Boot is finished (14953 ms)
I/ARMAssembler(   61): generated scanline__00000177:03010104_00000002_00000000 [ 44 ipp] (66 ins) at [0x46efd290:0x46efd398] in 618814 ns
I/ARMAssembler(   61): generated scanline__00000177:03515104_00000001_00000000 [ 73 ipp] (95 ins) at [0x46efd3a0:0x46efd51c] in 647469 ns
D/nofatclips(  246): Generated Resuming Persistence
I/dalvikvm(  246): Could not find method android.app.Activity.getFragmentManager, referenced from method com.jayway.android.robotium.solo.Waiter.getFragment
W/dalvikvm(  246): VFY: unable to resolve virtual method 7: Landroid/app/Activity;.getFragmentManager ()Landroid/app/FragmentManager;
D/dalvikvm(  246): VFY: replacing opcode 0x6e at 0x0008
I/dalvikvm(  246): Could not find method android.app.Activity.getFragmentManager, referenced from method com.jayway.android.robotium.solo.Waiter.getFragment
W/dalvikvm(  246): VFY: unable to resolve virtual method 7: Landroid/app/Activity;.getFragmentManager ()Landroid/app/FragmentManager;
D/dalvikvm(  246): VFY: replacing opcode 0x6e at 0x0017
W/dalvikvm(  246): VFY: unable to find class referenced in signature (Landroid/app/Fragment;)
D/dalvikvm(  246): VFY: dead code 0x000b-000f in Lcom/jayway/android/robotium/solo/Waiter;.getFragment (Ljava/lang/String;I)Landroid/app/Fragment;
D/dalvikvm(  246): VFY: dead code 0x001a-001f in Lcom/jayway/android/robotium/solo/Waiter;.getFragment (Ljava/lang/String;I)Landroid/app/Fragment;
W/dalvikvm(  246): VFY: unable to find class referenced in signature (Landroid/app/Fragment;)
D/dalvikvm(   61): GC_EXPLICIT freed 29K, 46% free 4192K/7687K, external 1865K/3065K, paused 108ms
I/ActivityManager(   61): Start proc com.android.email for broadcast com.android.email/.service.EmailBroadcastReceiver: pid=295 uid=10028 gids={3003, 1015}
W/dalvikvm(  211): threadid=6: spin on suspend #1 threadid=1 (pcf=0)
D/dalvikvm(  211): Temporarily moving tid 211 to fg (was 0)
W/dalvikvm(  211): threadid=6: spin on suspend resolved in 2262 msec
D/nofatclips(  246): Updating node automation
D/nofatclips(  246): Loading node automation
V/nofatclips(  246): Updating value FORCE_RESTART
V/nofatclips(  246): Updating value IN_AND_OUT_FOCUS
V/nofatclips(  246): Updating value PRECRAWLING
V/nofatclips(  246): Updating value SCREENSHOT_FOR_EVENTS
V/nofatclips(  246): Updating value SCREENSHOT_FOR_STATES
V/nofatclips(  246): Updating value SCREENSHOT_ONLY_NEW_STATES
V/nofatclips(  246): Updating value SLEEP_AFTER_EVENT
D/nofatclips(  246): Updated value of parameter SLEEP_AFTER_EVENT to 100 (default = 1000)
V/nofatclips(  246): Updating value SLEEP_AFTER_RESTART
D/nofatclips(  246): Updated value of parameter SLEEP_AFTER_RESTART to 100 (default = 1000)
V/nofatclips(  246): Updating value SLEEP_AFTER_TASK
D/nofatclips(  246): Updated value of parameter SLEEP_AFTER_TASK to 100 (default = 1000)
V/nofatclips(  246): Updating value SLEEP_ON_THROBBER
D/nofatclips(  246): Updated value of parameter SLEEP_ON_THROBBER to 100 (default = 1000)
D/nofatclips(  246): Updating node screenshot
D/nofatclips(  246): Loading node screenshot
V/nofatclips(  246): Updating value FORCE_RESTART
V/nofatclips(  246): Updating value IN_AND_OUT_FOCUS
V/nofatclips(  246): Updating value PRECRAWLING
V/nofatclips(  246): Updating value SCREENSHOT_FOR_EVENTS
V/nofatclips(  246): Updating value SCREENSHOT_FOR_STATES
V/nofatclips(  246): Updating value SCREENSHOT_ONLY_NEW_STATES
V/nofatclips(  246): Updating value SLEEP_AFTER_EVENT
V/nofatclips(  246): Updating value SLEEP_AFTER_RESTART
V/nofatclips(  246): Updating value SLEEP_AFTER_TASK
V/nofatclips(  246): Updating value SLEEP_ON_THROBBER
I/nofatclips(  246): Waiting for 100 msec.
I/SearchManagerService(   61): Building list of searchable activities
D/nofatclips(  246): Ready to operate after restarting...
I/nofatclips(  246): Current activity is Dashboard
W/nofatclips(  246): --->Dashboard
I/nofatclips(  246): Retrieving widgets
I/nofatclips(  246): Attempting to resume previous session
I/nofatclips(  246): Memoryless engine: the task file will not be loaded. Looking for crashed traces.
I/nofatclips(  246): Reading task file
V/nofatclips(  246): Discarding trace #255
I/nofatclips(  246): Stateless comparator: the state file will not be loaded.
D/dalvikvm(  246): GetFieldID: unable to find field Ljava/util/Hashtable;.loadFactor:F
D/dalvikvm(  246): GetFieldID: unable to find field Ljava/util/Hashtable;.loadFactor:F
D/dalvikvm(  246): GetFieldID: unable to find field Ljava/util/Hashtable;.loadFactor:F
D/dalvikvm(  246): GetFieldID: unable to find field Ljava/util/Hashtable;.loadFactor:F
D/dalvikvm(  246): GetFieldID: unable to find field Ljava/util/Hashtable;.loadFactor:F
D/dalvikvm(  246): GetFieldID: unable to find field Ljava/util/Hashtable;.loadFactor:F
D/nofatclips(  246): Backup session footer restored to 
D/nofatclips(  246): </SESSION>
D/nofatclips(  246): Restored random counter to: 265
D/nofatclips(  246): Restored trace count to 257
D/nofatclips(  246): Current step countdown restored to 71
D/nofatclips(  246): Restored abstractor counters to: event = 265 - input = 198 - activity = 30
I/nofatclips(  246): Saving the session on disk.
I/ActivityThread(  295): Pub com.android.email.provider: com.android.email.provider.EmailProvider
D/dalvikvm(  246): GC_CONCURRENT freed 204K, 49% free 3017K/5831K, external 1812K/2324K, paused 2ms+10ms
I/ActivityThread(  295): Pub com.android.email.attachmentprovider: com.android.email.provider.AttachmentProvider
I/ActivityThread(  295): Pub com.android.exchange.provider: com.android.exchange.provider.ExchangeProvider
I/nofatclips(  246): Planning for new Activity Dashboard
I/nofatclips(  246): Created trace to press the menu button
I/nofatclips(  246): Created trace to change orientation
I/nofatclips(  246): Dispatching new task. 2 more tasks remaining.
D/nofatclips(  246): Performing backup of the old task list on disk
D/nofatclips(  246): Saving task list on disk
V/nofatclips(  246): Backing up trace #257 to disk.
V/nofatclips(  246): Backing up trace #258 to disk.
D/nofatclips(  246): Deleting backup of the old task list from disk
I/nofatclips(  246): Restarting
D/EAS SyncManager(  295): !!! EAS SyncManager, onCreate
D/dalvikvm(  211): Restored policy of 211 to 0
I//system/bin/fsck_msdos(   29): ** /dev/block/vold/179:0
I//system/bin/fsck_msdos(   29): ** Phase 1 - Read and Compare FATs
I//system/bin/fsck_msdos(   29): Attempting to allocate 397 KB for FAT
D/dalvikvm(  273): GC_CONCURRENT freed 488K, 54% free 2725K/5831K, external 716K/1038K, paused 3ms+4ms
D/MediaScannerService(  254): start scanning volume internal
I/nofatclips(  246): Waiting for 100 msec.
I//system/bin/fsck_msdos(   29): Attempting to allocate 397 KB for FAT
D/nofatclips(  246): Ready to operate after restarting...
I/nofatclips(  246): Retrieving widgets
I/nofatclips(  246): Playing Trace 258
I/nofatclips(  246): Firing event: type= changeOrientation name= widget=null
D/dalvikvm(  295): GC_CONCURRENT freed 496K, 54% free 2739K/5831K, external 716K/1038K, paused 3ms+53ms
D/Eas Debug(  295): Logging: 
I//system/bin/fsck_msdos(   29): ** Phase 2 - Check Cluster Chains
D/Email   (  295): BOOT_COMPLETED
I//system/bin/fsck_msdos(   29): ** Phase 3 - Checking Directories
I//system/bin/fsck_msdos(   29): ** Phase 4 - Checking for Lost Files
I//system/bin/fsck_msdos(   29): 3 files, 50388 free (100777 clusters)
I/Vold    (   29): Filesystem check completed OK
I/Vold    (   29): Device /dev/block/vold/179:0, target /mnt/sdcard mounted @ /mnt/secure/staging
D/Vold    (   29): Volume sdcard state changing 3 (Checking) -> 4 (Mounted)
D/EAS SyncManager(  295): !!! EAS SyncManager, onDestroy
I/PackageManager(   61): Updating external media status from unmounted to mounted
I/StorageNotification(  122): Media {/mnt/sdcard} state changed from {checking} -> {mounted}
D/VoldCmdListener(   29): asec list
I/PackageManager(   61): No secure containers on sdcard
I/nofatclips(  246): Waiting for 100 msec.
I/nofatclips(  246): Current activity is Dashboard
I/nofatclips(  246): Retrieving widgets
I/nofatclips(  246): Exit state. Not performing comparation for activity Dashboard
I/nofatclips(  246): Waiting for 100 msec.
W/PackageManager(   61): Unknown permission com.google.android.googleapps.permission.GOOGLE_AUTH.mail in package com.android.contacts
W/PackageManager(   61): Unknown permission android.permission.ADD_SYSTEM_SERVICE in package com.android.phone
W/PackageManager(   61): Not granting permission android.permission.SEND_DOWNLOAD_COMPLETED_INTENTS to package com.android.browser (protectionLevel=2 flags=0x9be45)
I/nofatclips(  246): Session count is 1. Will dump to disk at 1
I/nofatclips(  246): Saving the session on disk.
I/nofatclips(  246): Check for termination: 70 steps left of 100
I/nofatclips(  246): Saving the session on disk. This is the last batch. The session will be terminated.
D/nofatclips(  246): Performing backup of the old task list on disk
D/nofatclips(  246): Saving task list on disk
V/nofatclips(  246): Backing up trace #257 to disk.
D/nofatclips(  246): Deleting backup of the old task list from disk
W/PackageManager(   61): Unknown permission com.google.android.gm.permission.WRITE_GMAIL in package com.android.settings
W/PackageManager(   61): Unknown permission com.google.android.gm.permission.READ_GMAIL in package com.android.settings
W/PackageManager(   61): Unknown permission com.google.android.googleapps.permission.GOOGLE_AUTH in package com.android.settings
W/PackageManager(   61): Unknown permission com.google.android.googleapps.permission.GOOGLE_AUTH in package com.android.providers.contacts
W/PackageManager(   61): Unknown permission com.google.android.googleapps.permission.GOOGLE_AUTH.cp in package com.android.providers.contacts
W/PackageManager(   61): Unknown permission com.google.android.googleapps.permission.ACCESS_GOOGLE_PASSWORD in package com.android.development
W/PackageManager(   61): Unknown permission com.google.android.googleapps.permission.GOOGLE_AUTH in package com.android.development
W/PackageManager(   61): Unknown permission com.google.android.googleapps.permission.GOOGLE_AUTH.ALL_SERVICES in package com.android.development
W/PackageManager(   61): Unknown permission com.google.android.googleapps.permission.GOOGLE_AUTH.YouTubeUser in package com.android.development
W/PackageManager(   61): Unknown permission android.permission.READ_OWNER_DATA in package com.android.email
W/PackageManager(   61): Not granting permission android.permission.DEVICE_POWER to package com.android.deskclock (protectionLevel=2 flags=0x8be45)
W/ImageDownloader(  246): Error 404 while retrieving bitmap from http://gravatar.com/blavatar/44d338f29053dbb888da79dcf98df489?s=60&d=404
D/MediaScanner(  254):  prescan time: 550ms
D/dalvikvm(  254): GC_CONCURRENT freed 522K, 55% free 2646K/5767K, external 716K/1038K, paused 3ms+5ms
D/MediaScanner(  254):     scan time: 50ms
D/MediaScanner(  254): postscan time: 0ms
D/MediaScanner(  254):    total time: 600ms
D/szipinf (  180): Initializing inflate state
D/dalvikvm(  180): GC_CONCURRENT freed 209K, 51% free 2832K/5703K, external 716K/1038K, paused 3ms+3ms
W/ActivityManager(   61): Duplicate finish request for HistoryRecord{407425e8 org.wordpress.android/.Dashboard}
D/MediaScannerService(  254): done scanning volume internal
D/dalvikvm(  246): GC_EXPLICIT freed 514K, 50% free 3156K/6279K, external 1812K/2324K, paused 61ms
D/dalvikvm(  246): GC_EXPLICIT freed 48K, 51% free 3108K/6279K, external 1812K/2324K, paused 63ms
I/TestRunner(  246): finished: testAndCrawl(com.nofatclips.crawler.guitree.NomadEngine)
I/TestRunner(  246): passed: testAndCrawl(com.nofatclips.crawler.guitree.NomadEngine)
E/InstrumentationTestRunner(  246): Failed to generate emma coverage. Is emma jar on classpath?
E/InstrumentationTestRunner(  246): java.lang.ClassNotFoundException: com.vladium.emma.rt.RT
E/InstrumentationTestRunner(  246): 	at java.lang.Class.classForName(Native Method)
E/InstrumentationTestRunner(  246): 	at java.lang.Class.forName(Class.java:234)
E/InstrumentationTestRunner(  246): 	at java.lang.Class.forName(Class.java:181)
E/InstrumentationTestRunner(  246): 	at android.test.InstrumentationTestRunner.generateCoverageReport(InstrumentationTestRunner.java:578)
E/InstrumentationTestRunner(  246): 	at android.test.InstrumentationTestRunner.onStart(InstrumentationTestRunner.java:545)
E/InstrumentationTestRunner(  246): 	at android.app.Instrumentation$InstrumentationThread.run(Instrumentation.java:1448)
E/InstrumentationTestRunner(  246): Caused by: java.lang.NoClassDefFoundError: com.vladium.emma.rt.RT
E/InstrumentationTestRunner(  246): 	... 6 more
E/InstrumentationTestRunner(  246): Caused by: java.lang.ClassNotFoundException: com.vladium.emma.rt.RT in loader dalvik.system.PathClassLoader[/system/framework/android.test.runner.jar:/data/app/com.nofatclips.crawler-1.apk:/data/app/org.wordpress.android-1.apk]
E/InstrumentationTestRunner(  246): 	at dalvik.system.PathClassLoader.findClass(PathClassLoader.java:240)
E/InstrumentationTestRunner(  246): 	at java.lang.ClassLoader.loadClass(ClassLoader.java:551)
E/InstrumentationTestRunner(  246): 	at java.lang.ClassLoader.loadClass(ClassLoader.java:511)
E/InstrumentationTestRunner(  246): 	... 6 more
I/ActivityManager(   61): Force stopping package org.wordpress.android uid=10034
I/Process (   61): Sending signal. PID: 246 SIG: 9
D/AndroidRuntime(  203): Shutting down VM
D/dalvikvm(  203): GC_CONCURRENT freed 103K, 71% free 297K/1024K, external 0K/0K, paused 1ms+1ms
I/AndroidRuntime(  203): NOTE: attach of thread 'Binder Thread #3' failed
D/jdwp    (  203): adbd disconnected
I/WindowManager(   61): WIN DEATH: Window{4074b2a0 org.wordpress.android/org.wordpress.android.Dashboard paused=false}
D/EAS SyncManager(  295): !!! EAS SyncManager, onCreate
D/EAS SyncManager(  295): !!! EAS SyncManager, onStartCommand
D/EAS SyncManager(  295): !!! EAS SyncManager, stopping self
D/EAS SyncManager(  295): !!! EAS SyncManager, onDestroy
D/dalvikvm(  129): GC_EXPLICIT freed 216K, 51% free 2828K/5703K, external 2507K/2620K, paused 80ms
I/DEBUG   (   31): debuggerd: Feb  3 2011 14:45:34
D/qemud   (   38): entering main loop
I/Vold    (   29): Vold 2.1 (the revenge) firing up
D/Vold    (   29): USB mass storage support is not enabled in the kernel
D/Vold    (   29): usb_configuration switch is not enabled in the kernel
D/Vold    (   29): Volume sdcard state changing -1 (Initializing) -> 0 (No-Media)
I/Netd    (   30): Netd 1.0 starting
D/Vold    (   29): Volume sdcard state changing 0 (No-Media) -> 1 (Idle-Unmounted)
D/qemud   (   38): fdhandler_accept_event: accepting on fd 9
D/qemud   (   38): created client 0xe078 listening on fd 10
D/qemud   (   38): client_fd_receive: attempting registration for service 'boot-properties'
D/qemud   (   38): client_fd_receive:    -> received channel id 1
D/qemud   (   38): client_registration: registration succeeded for client 1
I/qemu-props(   52): connected to 'boot-properties' qemud service.
I/qemu-props(   52): receiving..
I/qemu-props(   52): received: dalvik.vm.heapsize=64m
I/qemu-props(   52): receiving..
I/qemu-props(   52): received: ro.config.low_ram=true
I/qemu-props(   52): receiving..
I/qemu-props(   52): received: qemu.sf.lcd_density=160
I/qemu-props(   52): receiving..
I/qemu-props(   52): received: qemu.hw.mainkeys=0
I/qemu-props(   52): receiving..
I/qemu-props(   52): received: qemu.sf.fake_camera=none
I/qemu-props(   52): receiving..
D/qemud   (   38): fdhandler_event: disconnect on fd 10
I/qemu-props(   52): exiting (5 properties set).
D/AndroidRuntime(   33): 
D/AndroidRuntime(   33): >>>>>> AndroidRuntime START com.android.internal.os.ZygoteInit <<<<<<
D/AndroidRuntime(   33): CheckJNI is ON
I/        (   34): ServiceManager: 0xad50
D/AudioHardwareInterface(   34): setMode(NORMAL)
I/CameraService(   34): CameraService started (pid=34)
I/AudioFlinger(   34): AudioFlinger's thread 0xc658 ready to run
D/qemud   (   38): fdhandler_accept_event: accepting on fd 9
D/qemud   (   38): created client 0xe078 listening on fd 10
D/qemud   (   38): fdhandler_event: disconnect on fd 10
D/qemud   (   38): fdhandler_accept_event: accepting on fd 9
D/qemud   (   38): created client 0xe078 listening on fd 10
D/qemud   (   38): client_fd_receive: attempting registration for service 'gsm'
D/qemud   (   38): client_fd_receive:    -> received channel id 2
D/qemud   (   38): client_registration: registration succeeded for client 2
I/SamplingProfilerIntegration(   33): Profiler is disabled.
I/Zygote  (   33): Preloading classes...
E/Zygote  (   33): setreuid() failed. errno: 2
D/dalvikvm(   33): GC_EXPLICIT freed 47K, 78% free 234K/1024K, external 0K/0K, paused 5ms
D/dalvikvm(   33): GC_EXPLICIT freed 1K, 73% free 284K/1024K, external 0K/0K, paused 3ms
D/dalvikvm(   33): GC_EXPLICIT freed 22K, 69% free 318K/1024K, external 0K/0K, paused 5ms
D/dalvikvm(   33): GC_EXPLICIT freed 17K, 66% free 356K/1024K, external 0K/0K, paused 3ms
D/dalvikvm(   33): GC_EXPLICIT freed 26K, 63% free 385K/1024K, external 0K/0K, paused 4ms
D/dalvikvm(   33): GC_EXPLICIT freed 20K, 57% free 441K/1024K, external 0K/0K, paused 4ms
W/MediaProfiles(   33): could not find media config xml file
D/dalvikvm(   33): GC_EXPLICIT freed 99K, 47% free 547K/1024K, external 0K/0K, paused 6ms
D/dalvikvm(   33): GC_EXPLICIT freed 272K, 28% free 885K/1219K, external 0K/0K, paused 12ms
D/dalvikvm(   33): GC_EXPLICIT freed 21K, 24% free 932K/1219K, external 0K/0K, paused 10ms
D/RenderScript_jni(   33): RenderScript JNI library not found!
D/dalvikvm(   33): GC_EXPLICIT freed 25K, 19% free 999K/1219K, external 0K/0K, paused 10ms
D/dalvikvm(   33): GC_EXPLICIT freed 47K, 5% free 1281K/1347K, external 0K/0K, paused 16ms
D/dalvikvm(   33): GC_EXPLICIT freed 24K, 3% free 1311K/1347K, external 0K/0K, paused 16ms
D/dalvikvm(   33): GC_EXPLICIT freed 28K, 6% free 1336K/1411K, external 0K/0K, paused 16ms
D/dalvikvm(   33): GC_EXPLICIT freed 14K, 3% free 1377K/1411K, external 0K/0K, paused 17ms
D/dalvikvm(   33): GC_EXPLICIT freed 28K, 5% free 1402K/1475K, external 0K/0K, paused 17ms
D/dalvikvm(   33): GC_EXPLICIT freed 28K, 3% free 1439K/1475K, external 0K/0K, paused 18ms
D/dalvikvm(   33): GC_EXPLICIT freed 38K, 6% free 1457K/1539K, external 0K/0K, paused 18ms
D/dalvikvm(   33): GC_EXPLICIT freed 40K, 5% free 1471K/1539K, external 0K/0K, paused 18ms
D/dalvikvm(   33): GC_EXPLICIT freed 55K, 8% free 1485K/1603K, external 0K/0K, paused 19ms
D/dalvikvm(   33): GC_FOR_MALLOC freed 2954K, 58% free 2168K/5123K, external 0K/0K, paused 57ms
D/dalvikvm(   33): GC_EXPLICIT freed 1403K, 55% free 2310K/5123K, external 0K/0K, paused 41ms
D/dalvikvm(   33): GC_EXPLICIT freed 148K, 54% free 2373K/5123K, external 0K/0K, paused 34ms
D/dalvikvm(   33): GC_EXPLICIT freed 73K, 54% free 2398K/5123K, external 0K/0K, paused 32ms
D/dalvikvm(   33): GC_EXPLICIT freed 36K, 53% free 2416K/5123K, external 0K/0K, paused 31ms
D/dalvikvm(   33): GC_EXPLICIT freed 31K, 53% free 2439K/5123K, external 0K/0K, paused 32ms
D/dalvikvm(   33): GC_EXPLICIT freed 38K, 52% free 2462K/5123K, external 0K/0K, paused 32ms
I/Zygote  (   33): ...preloaded 1830 classes in 5911ms.
E/Zygote  (   33): setreuid() failed. errno: 17
D/dalvikvm(   33): GC_EXPLICIT freed 18K, 52% free 2460K/5123K, external 0K/0K, paused 32ms
I/Zygote  (   33): Preloading resources...
D/dalvikvm(   33): GC_EXTERNAL_ALLOC freed <1K, 52% free 2462K/5123K, external 0K/0K, paused 30ms
W/Zygote  (   33): Preloaded drawable resource #0x1080093 (res/drawable-mdpi/sym_def_app_icon.png) that varies with configuration!!
W/Zygote  (   33): Preloaded drawable resource #0x1080002 (res/drawable-mdpi/arrow_down_float.png) that varies with configuration!!
W/Zygote  (   33): Preloaded drawable resource #0x10800b4 (res/drawable/btn_check.xml) that varies with configuration!!
W/Zygote  (   33): Preloaded drawable resource #0x10800b7 (res/drawable-mdpi/btn_check_label_background.9.png) that varies with configuration!!
W/Zygote  (   33): Preloaded drawable resource #0x10800b8 (res/drawable-mdpi/btn_check_off.png) that varies with configuration!!
W/Zygote  (   33): Preloaded drawable resource #0x10800bd (res/drawable-mdpi/btn_check_on.png) that varies with configuration!!
W/Zygote  (   33): Preloaded drawable resource #0x1080004 (res/drawable/btn_default.xml) that varies with configuration!!
W/Zygote  (   33): Preloaded drawable resource #0x1080005 (res/drawable/btn_default_small.xml) that varies with configuration!!
W/Zygote  (   33): Preloaded drawable resource #0x1080006 (res/drawable/btn_dropdown.xml) that varies with configuration!!
W/Zygote  (   33): Preloaded drawable resource #0x1080008 (res/drawable/btn_plus.xml) that varies with configuration!!
W/Zygote  (   33): Preloaded drawable resource #0x1080007 (res/drawable/btn_minus.xml) that varies with configuration!!
W/Zygote  (   33): Preloaded drawable resource #0x1080009 (res/drawable/btn_radio.xml) that varies with configuration!!
W/Zygote  (   33): Preloaded drawable resource #0x108000a (res/drawable/btn_star.xml) that varies with configuration!!
D/dalvikvm(   33): GC_EXPLICIT freed 25K, 52% free 2499K/5123K, external 408K/521K, paused 31ms
W/Zygote  (   33): Preloaded drawable resource #0x1080132 (res/drawable/btn_toggle.xml) that varies with configuration!!
W/Zygote  (   33): Preloaded drawable resource #0x1080196 (res/drawable-mdpi/ic_emergency.png) that varies with configuration!!
W/Zygote  (   33): Preloaded drawable resource #0x1080012 (res/drawable-mdpi/divider_horizontal_bright.9.png) that varies with configuration!!
W/Zygote  (   33): Preloaded drawable resource #0x1080014 (res/drawable-mdpi/divider_horizontal_dark.9.png) that varies with configuration!!
W/Zygote  (   33): Preloaded drawable resource #0x1080016 (res/drawable/edit_text.xml) that varies with configuration!!
W/Zygote  (   33): Preloaded drawable resource #0x1080170 (res/drawable/expander_group.xml) that varies with configuration!!
W/Zygote  (   33): Preloaded drawable resource #0x1080062 (res/drawable/list_selector_background.xml) that varies with configuration!!
W/Zygote  (   33): Preloaded drawable resource #0x108022a (res/drawable-mdpi/menu_background.9.png) that varies with configuration!!
W/Zygote  (   33): Preloaded drawable resource #0x108022b (res/drawable-mdpi/menu_background_fill_parent_width.9.png) that varies with configuration!!
W/Zygote  (   33): Preloaded drawable resource #0x108022c (res/drawable/menu_selector.xml) that varies with configuration!!
D/dalvikvm(   33): GC_EXTERNAL_ALLOC freed 16K, 51% free 2512K/5123K, external 516K/521K, paused 33ms
W/Zygote  (   33): Preloaded drawable resource #0x108023a (res/drawable-mdpi/panel_background.9.png) that varies with configuration!!
W/Zygote  (   33): Preloaded drawable resource #0x1080242 (res/drawable-mdpi/popup_bottom_bright.9.png) that varies with configuration!!
W/Zygote  (   33): Preloaded drawable resource #0x1080243 (res/drawable-mdpi/popup_bottom_dark.9.png) that varies with configuration!!
W/Zygote  (   33): Preloaded drawable resource #0x1080244 (res/drawable-mdpi/popup_bottom_medium.9.png) that varies with configuration!!
W/Zygote  (   33): Preloaded drawable resource #0x1080245 (res/drawable-mdpi/popup_center_bright.9.png) that varies with configuration!!
W/Zygote  (   33): Preloaded drawable resource #0x1080246 (res/drawable-mdpi/popup_center_dark.9.png) that varies with configuration!!
W/Zygote  (   33): Preloaded drawable resource #0x1080249 (res/drawable-mdpi/popup_full_dark.9.png) that varies with configuration!!
W/Zygote  (   33): Preloaded drawable resource #0x108024c (res/drawable-mdpi/popup_top_bright.9.png) that varies with configuration!!
W/Zygote  (   33): Preloaded drawable resource #0x108024d (res/drawable-mdpi/popup_top_dark.9.png) that varies with configuration!!
W/Zygote  (   33): Preloaded drawable resource #0x108006d (res/drawable/progress_indeterminate_horizontal.xml) that varies with configuration!!
W/Zygote  (   33): Preloaded drawable resource #0x1080253 (res/drawable/progress_small.xml) that varies with configuration!!
W/Zygote  (   33): Preloaded drawable resource #0x1080254 (res/drawable/progress_small_titlebar.xml) that varies with configuration!!
W/Zygote  (   33): Preloaded drawable resource #0x1080274 (res/drawable-mdpi/scrollbar_handle_horizontal.9.png) that varies with configuration!!
W/Zygote  (   33): Preloaded drawable resource #0x1080275 (res/drawable-mdpi/scrollbar_handle_vertical.9.png) that varies with configuration!!
D/dalvikvm(   33): GC_EXPLICIT freed 15K, 51% free 2524K/5123K, external 585K/1038K, paused 31ms
W/Zygote  (   33): Preloaded drawable resource #0x1080071 (res/drawable/spinner_dropdown_background.xml) that varies with configuration!!
W/Zygote  (   33): Preloaded drawable resource #0x1080312 (res/drawable-mdpi/text_select_handle_left.png) that varies with configuration!!
W/Zygote  (   33): Preloaded drawable resource #0x1080313 (res/drawable-mdpi/text_select_handle_middle.png) that varies with configuration!!
W/Zygote  (   33): Preloaded drawable resource #0x1080314 (res/drawable-mdpi/text_select_handle_right.png) that varies with configuration!!
W/Zygote  (   33): Preloaded drawable resource #0x1080335 (res/drawable-mdpi/title_bar_shadow.9.png) that varies with configuration!!
W/Zygote  (   33): Preloaded drawable resource #0x10801d8 (res/drawable-mdpi/indicator_code_lock_drag_direction_green_up.png) that varies with configuration!!
W/Zygote  (   33): Preloaded drawable resource #0x10801d9 (res/drawable-mdpi/indicator_code_lock_drag_direction_red_up.png) that varies with configuration!!
W/Zygote  (   33): Preloaded drawable resource #0x10801da (res/drawable-mdpi/indicator_code_lock_point_area_default.png) that varies with configuration!!
W/Zygote  (   33): Preloaded drawable resource #0x10801db (res/drawable-mdpi/indicator_code_lock_point_area_green.png) that varies with configuration!!
W/Zygote  (   33): Preloaded drawable resource #0x10801dc (res/drawable-mdpi/indicator_code_lock_point_area_red.png) that varies with configuration!!
I/Zygote  (   33): ...preloaded 51 resources in 488ms.
I/Zygote  (   33): ...preloaded 15 resources in 14ms.
D/dalvikvm(   33): GC_EXPLICIT freed 23K, 51% free 2533K/5123K, external 716K/1038K, paused 32ms
D/dalvikvm(   33): GC_EXPLICIT freed 6K, 51% free 2526K/5123K, external 716K/1038K, paused 32ms
D/dalvikvm(   33): GC_EXPLICIT freed <1K, 51% free 2526K/5123K, external 716K/1038K, paused 33ms
I/dalvikvm(   33): System server process 61 has been created
I/Zygote  (   33): Accepting command socket connections
E/BatteryService(   61): usbOnlinePath not found
E/BatteryService(   61): batteryVoltagePath not found
E/BatteryService(   61): batteryTemperaturePath not found
I/sysproc (   61): Entered system_init()
I/sysproc (   61): ServiceManager: 0x93138
I/SurfaceFlinger(   61): SurfaceFlinger is starting
I/SurfaceFlinger(   61): SurfaceFlinger's main thread ready to run. Initializing graphics H/W...
E/SurfaceFlinger(   61): Couldn't open /sys/power/wait_for_fb_sleep or /sys/power/wait_for_fb_wake
I/gralloc (   61): using (fd=26)
I/gralloc (   61): id           = 
I/gralloc (   61): xres         = 320 px
I/gralloc (   61): yres         = 480 px
I/gralloc (   61): xres_virtual = 320 px
I/gralloc (   61): yres_virtual = 960 px
I/gralloc (   61): bpp          = 16
I/gralloc (   61): r            = 11:5
I/gralloc (   61): g            =  5:6
I/gralloc (   61): b            =  0:5
I/gralloc (   61): width        = 49 mm (165.877548 dpi)
I/gralloc (   61): height       = 74 mm (164.756760 dpi)
I/gralloc (   61): refresh rate = 60.00 Hz
D/libEGL  (   61): egl.cfg not found, using default config
D/libEGL  (   61): loaded /system/lib/egl/libGLES_android.so
I/SurfaceFlinger(   61): EGL informations:
I/SurfaceFlinger(   61): # of configs : 8
I/SurfaceFlinger(   61): vendor    : Android
I/SurfaceFlinger(   61): version   : 1.4 Android META-EGL
I/SurfaceFlinger(   61): extensions: EGL_KHR_image EGL_KHR_image_base EGL_KHR_image_pixmap EGL_ANDROID_image_native_buffer EGL_ANDROID_swap_rectangle 
I/SurfaceFlinger(   61): Client API: OpenGL ES
I/SurfaceFlinger(   61): EGLSurface: 5-6-5-0, config=0x0
I/SurfaceFlinger(   61): OpenGL informations:
I/SurfaceFlinger(   61): vendor    : Android
I/SurfaceFlinger(   61): renderer  : Android PixelFlinger 1.4
I/SurfaceFlinger(   61): version   : OpenGL ES-CM 1.0
I/SurfaceFlinger(   61): extensions: GL_OES_byte_coordinates GL_OES_fixed_point GL_OES_single_precision GL_OES_read_format GL_OES_compressed_paletted_texture GL_OES_draw_texture GL_OES_matrix_get GL_OES_query_matrix GL_OES_EGL_image GL_OES_compressed_ETC1_RGB8_texture GL_ARB_texture_compression GL_ARB_texture_non_power_of_two GL_ANDROID_user_clip_plane GL_ANDROID_vertex_buffer_object GL_ANDROID_generate_mipmap 
I/SurfaceFlinger(   61): GL_MAX_TEXTURE_SIZE = 4096
I/SurfaceFlinger(   61): GL_MAX_VIEWPORT_DIMS = 4096
I/SurfaceFlinger(   61): flags = 000c0000
D/SensorService(   61): nuSensorService starting...
E/SensorService(   61): couldn't open device for module sensors (Invalid argument)
I/sysproc (   61): System server: starting Android runtime.
I/sysproc (   61): System server: starting Android services.
I/SystemServer(   61): Entered the Android system server!
I/sysproc (   61): System server: entering thread pool.
I/SystemServer(   61): Entropy Service
I/SystemServer(   61): Power Manager
I/SystemServer(   61): Activity Manager
I/ActivityManager(   61): Memory class: 64
W/UsageStats(   61): Usage stats version changed; dropping
D/libEGL  (   73): egl.cfg not found, using default config
D/libEGL  (   73): loaded /system/lib/egl/libGLES_android.so
I/SystemServer(   61): Telephony Registry
I/SystemServer(   61): Package Manager
I/Installer(   61): connecting...
I/installd(   35): new connection
W/zipro   (   73): Unable to open zip '/data/local/bootanimation.zip': No such file or directory
W/zipro   (   73): Unable to open zip '/system/media/bootanimation.zip': No such file or directory
I/ARMAssembler(   61): generated scanline__00000077:03010104_00000004_00000000 [ 22 ipp] (41 ins) at [0x46efd1e8:0x46efd28c] in 2968772 ns
I/ARMAssembler(   73): generated scanline__00000077:03545404_00000A01_00000000 [ 30 ipp] (51 ins) at [0x403461e8:0x403462b4] in 1561791 ns
D/dalvikvm(   61): GC_CONCURRENT freed 169K, 50% free 2838K/5639K, external 716K/1038K, paused 3ms+5ms
W/PackageManager(   61): Running ENG build: no pre-dexopt!
D/dalvikvm(   61): GC_CONCURRENT freed 242K, 49% free 3045K/5895K, external 716K/1038K, paused 3ms+4ms
D/dalvikvm(   61): GC_CONCURRENT freed 241K, 47% free 3304K/6215K, external 716K/1038K, paused 3ms+5ms
D/PackageManager(   61): No files in app dir /vendor/app
I/PackageManager(   61): Unpacking native libraries for /data/app/com.nofatclips.crawler-1.apk
D/szipinf (   61): Initializing inflate state
I/PackageManager(   61): Unpacking native libraries for /data/app/org.wordpress.android-1.apk
I/PackageManager(   61): Unpacking native libraries for /data/app/GestureBuilder.apk
I/PackageManager(   61): Unpacking native libraries for /data/app/SoftKeyboard.apk
I/PackageManager(   61): Unpacking native libraries for /data/app/CubeLiveWallpapers.apk
D/szipinf (   61): Initializing inflate state
W/PackageParser(   61): No actions in intent filter at /data/app/ApiDemos.apk Binary XML file line #1882
W/PackageParser(   61): No actions in intent filter at /data/app/ApiDemos.apk Binary XML file line #1888
