D/nofatclips(  248): Updated value of parameter SLEEP_ON_THROBBER to 100 (default = 1000)
D/nofatclips(  248): Updating node screenshot
D/nofatclips(  248): Loading node screenshot
V/nofatclips(  248): Updating value FORCE_RESTART
V/nofatclips(  248): Updating value IN_AND_OUT_FOCUS
V/nofatclips(  248): Updating value PRECRAWLING
V/nofatclips(  248): Updating value SCREENSHOT_FOR_EVENTS
V/nofatclips(  248): Updating value SCREENSHOT_FOR_STATES
V/nofatclips(  248): Updating value SCREENSHOT_ONLY_NEW_STATES
V/nofatclips(  248): Updating value SLEEP_AFTER_EVENT
V/nofatclips(  248): Updating value SLEEP_AFTER_RESTART
V/nofatclips(  248): Updating value SLEEP_AFTER_TASK
V/nofatclips(  248): Updating value SLEEP_ON_THROBBER
I/nofatclips(  248): Waiting for 100 msec.
D/nofatclips(  248): Ready to operate after restarting...
I/nofatclips(  248): Current activity is Dashboard
W/nofatclips(  248): --->Dashboard
I/nofatclips(  248): Retrieving widgets
D/nofatclips(  248): No session to resume: task list not found. Will start from scratch.
I/nofatclips(  248): Starting a new session
D/nofatclips(  248): Performing backup of the old activity list on disk
D/nofatclips(  248): Saving new found state 'exit' on disk
V/nofatclips(  248): Opening state file in overwrite mode.
I/Launcher(  133): setLoadOnResume
I/InputReader(   61): Device reconfigured: id=0x0, name=qwerty2, display size is now 320x480
I/InputManager-Callbacks(   61): No virtual keys found for device qwerty2.
I/ActivityThread(  278): Pub com.android.mms.SuggestionsProvider: com.android.mms.SuggestionsProvider
I/ARMAssembler(   61): generated scanline__00000077:03515104_00001004_00000000 [ 65 ipp] (85 ins) at [0x46efd520:0x46efd674] in 521310 ns
I/ARMAssembler(   61): generated scanline__00000177:03515104_00001001_00000000 [ 91 ipp] (114 ins) at [0x46efd678:0x46efd840] in 466143 ns
I/ARMAssembler(   61): generated scanline__00000177:03515104_00001002_00000000 [ 87 ipp] (110 ins) at [0x46efd848:0x46efda00] in 291660 ns
I/ActivityManager(   61): Start proc com.android.email for broadcast com.android.email/.service.EmailBroadcastReceiver: pid=297 uid=10028 gids={3003, 1015}
W/dalvikvm(  248): threadid=3: spin on suspend #1 threadid=11 (pcf=0)
D/dalvikvm(  248): Temporarily moving tid 270 to fg (was 0)
D/dalvikvm(  248): Temporarily raised priority on tid 270 (10 -> 0)
W/dalvikvm(  248): threadid=3: spin on suspend resolved in 1035 msec
D/dalvikvm(  248): Restored policy of 270 to 0
D/dalvikvm(  248): Restored priority on 270 to 10
I/ActivityThread(  297): Pub com.android.email.provider: com.android.email.provider.EmailProvider
I/ActivityThread(  297): Pub com.android.email.attachmentprovider: com.android.email.provider.AttachmentProvider
D/dalvikvm(  248): GC_CONCURRENT freed 178K, 48% free 3044K/5831K, external 1812K/2324K, paused 3ms+16ms
I/ActivityThread(  297): Pub com.android.exchange.provider: com.android.exchange.provider.ExchangeProvider
I/nofatclips(  248): Planning for new Activity Dashboard
I/nofatclips(  248): Created trace to press the menu button
I/nofatclips(  248): Created trace to change orientation
I/nofatclips(  248): Dispatching new task. 2 more tasks remaining.
D/nofatclips(  248): Saving task list on disk
V/nofatclips(  248): Backing up trace #0 to disk.
V/nofatclips(  248): Backing up trace #1 to disk.
D/nofatclips(  248): Deleting backup of the old activity list from disk
I/nofatclips(  248): Restarting
D/EAS SyncManager(  297): !!! EAS SyncManager, onCreate
D/MediaScannerService(  255): start scanning volume internal
I//system/bin/fsck_msdos(   29): Attempting to allocate 397 KB for FAT
D/dalvikvm(  278): GC_CONCURRENT freed 494K, 54% free 2725K/5831K, external 716K/1038K, paused 3ms+116ms
I//system/bin/fsck_msdos(   29): ** Phase 2 - Check Cluster Chains
I//system/bin/fsck_msdos(   29): ** Phase 3 - Checking Directories
I//system/bin/fsck_msdos(   29): ** Phase 4 - Checking for Lost Files
I//system/bin/fsck_msdos(   29): Next free cluster in FSInfo block (5) not free
I//system/bin/fsck_msdos(   29): FIXED
D/dalvikvm(  297): GC_CONCURRENT freed 534K, 54% free 2701K/5831K, external 716K/1038K, paused 3ms+13ms
D/Eas Debug(  297): Logging: 
I/nofatclips(  248): Waiting for 100 msec.
D/EAS SyncManager(  297): !!! EAS SyncManager, onDestroy
I//system/bin/fsck_msdos(   29): 3 files, 50388 free (100777 clusters)
D/Email   (  297): BOOT_COMPLETED
I/Vold    (   29): Filesystem check completed OK
I/Vold    (   29): Device /dev/block/vold/179:0, target /mnt/sdcard mounted @ /mnt/secure/staging
D/Vold    (   29): Volume sdcard state changing 3 (Checking) -> 4 (Mounted)
I/PackageManager(   61): Updating external media status from unmounted to mounted
I/StorageNotification(  126): Media {/mnt/sdcard} state changed from {checking} -> {mounted}
D/VoldCmdListener(   29): asec list
I/PackageManager(   61): No secure containers on sdcard
D/nofatclips(  248): Ready to operate after restarting...
I/nofatclips(  248): Retrieving widgets
D/nofatclips(  248): Found widget: id=16908290 (android.widget.FrameLayout@405a0a00)
D/nofatclips(  248): Found widget: id=2131165248 (android.widget.RelativeLayout@405a1700)
D/nofatclips(  248): Found widget: id=2131165249 (android.widget.LinearLayout@405a1d68)
D/nofatclips(  248): Found widget: id=-1 (android.widget.ImageView@405a22b0)
D/nofatclips(  248): Found widget: id=2131165250 (org.wordpress.android.util.WPTitleBar@4059bc88)
D/nofatclips(  248): Found widget: id=2131165195 (android.widget.RelativeLayout@4050e260)
D/nofatclips(  248): Found widget: id=2131165196 (android.widget.RelativeLayout@40568510)
D/nofatclips(  248): Found widget: id=2131165197 (android.widget.ImageView@4059cf20)
D/nofatclips(  248): Found widget: id=2131165198 (android.widget.TextView@40541880): Katie's Sweet Testing Blog
D/nofatclips(  248): Found widget: id=2131165199 (android.widget.ImageView@4055d110)
D/nofatclips(  248): Found widget: id=-1 (android.widget.RelativeLayout@40579478)
D/nofatclips(  248): Found widget: id=2131165200 (android.widget.ImageButton@4059d448)
D/nofatclips(  248): Found widget: id=-1 (android.widget.FrameLayout@4057a9d0)
D/nofatclips(  248): Found widget: id=2131165201 (android.widget.Button@40542248): 
D/nofatclips(  248): Found widget: id=2131165202 (android.widget.ImageView@40593880)
D/nofatclips(  248): Found widget: id=2131165203 (android.widget.ImageView@4053ca40)
D/nofatclips(  248): Found widget: id=2131165204 (android.widget.LinearLayout@40569118)
D/nofatclips(  248): Found widget: id=-1 (android.widget.FrameLayout@4059ccb8)
D/nofatclips(  248): Found widget: id=-1 (android.widget.LinearLayout@4052fbe8)
D/nofatclips(  248): Found widget: id=-1 (android.widget.LinearLayout@4050e070)
D/nofatclips(  248): Found widget: id=-1 (android.widget.LinearLayout@4052f208)
D/nofatclips(  248): Found widget: id=2131165251 (android.widget.LinearLayout@4052f8c0)
D/nofatclips(  248): Found widget: id=-1 (android.widget.ImageView@40590328)
D/nofatclips(  248): Found widget: id=2131165256 (android.widget.TextView@4056ae10): New Post
D/nofatclips(  248): Found widget: id=2131165253 (android.widget.LinearLayout@4059bec0)
D/nofatclips(  248): Found widget: id=-1 (android.widget.ImageView@40530c28)
D/nofatclips(  248): Found widget: id=2131165256 (android.widget.TextView@4056b748): New Page
D/nofatclips(  248): Found widget: id=-1 (android.widget.LinearLayout@40532ee0)
D/nofatclips(  248): Found widget: id=2131165252 (android.widget.LinearLayout@405308d0)
D/nofatclips(  248): Found widget: id=-1 (android.widget.ImageView@40538958)
D/nofatclips(  248): Found widget: id=2131165256 (android.widget.TextView@40577940): Quick Photo
D/nofatclips(  248): Found widget: id=2131165254 (android.widget.LinearLayout@40547450)
D/nofatclips(  248): Found widget: id=-1 (android.widget.ImageView@405317c8)
D/nofatclips(  248): Found widget: id=2131165256 (android.widget.TextView@405781b0): Quick Video
D/nofatclips(  248): Found widget: id=-1 (android.widget.LinearLayout@4052e678)
D/nofatclips(  248): Found widget: id=-1 (android.widget.LinearLayout@40533e98)
D/nofatclips(  248): Found widget: id=2131165255 (android.widget.LinearLayout@40535160)
D/nofatclips(  248): Found widget: id=-1 (android.widget.ImageView@405404b0)
D/nofatclips(  248): Found widget: id=2131165256 (android.widget.TextView@40578838): Posts
D/nofatclips(  248): Found widget: id=2131165257 (android.widget.LinearLayout@40545bc8)
D/nofatclips(  248): Found widget: id=-1 (android.widget.ImageView@40568828)
D/nofatclips(  248): Found widget: id=2131165256 (android.widget.TextView@40537490): Pages
D/nofatclips(  248): Found widget: id=-1 (android.widget.FrameLayout@405344a0)
D/nofatclips(  248): Found widget: id=2131165258 (android.widget.LinearLayout@40540188)
D/nofatclips(  248): Found widget: id=-1 (android.widget.ImageView@40536ba0)
D/nofatclips(  248): Found widget: id=2131165256 (android.widget.TextView@40539440): Comments
D/nofatclips(  248): Found widget: id=2131165259 (android.widget.FrameLayout@40544678)
D/nofatclips(  248): Found widget: id=2131165260 (android.widget.ImageView@40546198)
D/nofatclips(  248): Found widget: id=2131165261 (org.wordpress.android.util.CommentBadgeTextView@4053a458): 0
D/nofatclips(  248): Found widget: id=-1 (android.widget.LinearLayout@40539218)
D/nofatclips(  248): Found widget: id=2131165262 (android.widget.LinearLayout@40540830)
D/nofatclips(  248): Found widget: id=-1 (android.widget.ImageView@40541138)
D/nofatclips(  248): Found widget: id=2131165256 (android.widget.TextView@40540a78): Settings
D/nofatclips(  248): Found widget: id=2131165263 (android.widget.LinearLayout@405440d0)
D/nofatclips(  248): Found widget: id=-1 (android.widget.ImageView@40560028)
D/nofatclips(  248): Found widget: id=2131165256 (android.widget.TextView@40542db8): Read
D/nofatclips(  248): Found widget: id=2131165264 (android.widget.LinearLayout@40561710)
D/nofatclips(  248): Found widget: id=-1 (android.widget.ImageView@40563fc8)
D/nofatclips(  248): Found widget: id=2131165256 (android.widget.TextView@4054fb10): Stats
D/nofatclips(  248): Found widget: id=-1 (com.android.internal.policy.impl.PhoneWindow$DecorView@405a0100)
I/nofatclips(  248): Playing Trace 1
I/nofatclips(  248): Retrieved from return list id=16908290
D/nofatclips(  248): Testing for type (android.widget.FrameLayout) against the original (null)
I/nofatclips(  248): Firing event: type= openMenu name= widget=null
W/PackageManager(   61): Unknown permission com.google.android.googleapps.permission.GOOGLE_AUTH.mail in package com.android.contacts
W/PackageManager(   61): Unknown permission android.permission.ADD_SYSTEM_SERVICE in package com.android.phone
I/Launcher(  133): setLoadOnResume
W/PackageManager(   61): Not granting permission android.permission.SEND_DOWNLOAD_COMPLETED_INTENTS to package com.android.browser (protectionLevel=2 flags=0x9be45)
W/PackageManager(   61): Unknown permission com.google.android.gm.permission.WRITE_GMAIL in package com.android.settings
W/PackageManager(   61): Unknown permission com.google.android.gm.permission.READ_GMAIL in package com.android.settings
W/PackageManager(   61): Unknown permission com.google.android.googleapps.permission.GOOGLE_AUTH in package com.android.settings
D/dalvikvm(  248): GC_CONCURRENT freed 631K, 51% free 3149K/6407K, external 1812K/2324K, paused 3ms+5ms
W/PackageManager(   61): Unknown permission com.google.android.googleapps.permission.GOOGLE_AUTH in package com.android.providers.contacts
W/PackageManager(   61): Unknown permission com.google.android.googleapps.permission.GOOGLE_AUTH.cp in package com.android.providers.contacts
W/PackageManager(   61): Unknown permission com.google.android.googleapps.permission.ACCESS_GOOGLE_PASSWORD in package com.android.development
W/PackageManager(   61): Unknown permission com.google.android.googleapps.permission.GOOGLE_AUTH in package com.android.development
W/PackageManager(   61): Unknown permission com.google.android.googleapps.permission.GOOGLE_AUTH.ALL_SERVICES in package com.android.development
W/PackageManager(   61): Unknown permission com.google.android.googleapps.permission.GOOGLE_AUTH.YouTubeUser in package com.android.development
W/PackageManager(   61): Unknown permission android.permission.READ_OWNER_DATA in package com.android.email
W/PackageManager(   61): Not granting permission android.permission.DEVICE_POWER to package com.android.deskclock (protectionLevel=2 flags=0x8be45)
W/ImageDownloader(  248): Error 404 while retrieving bitmap from http://gravatar.com/blavatar/44d338f29053dbb888da79dcf98df489?s=60&d=404
D/dalvikvm(  182): GC_CONCURRENT freed 225K, 51% free 2830K/5703K, external 716K/1038K, paused 2ms+3ms
D/szipinf (  182): Initializing inflate state
D/MediaScanner(  255):  prescan time: 581ms
D/dalvikvm(  255): GC_CONCURRENT freed 522K, 55% free 2646K/5767K, external 716K/1038K, paused 2ms+3ms
D/MediaScanner(  255):     scan time: 58ms
D/MediaScanner(  255): postscan time: 11ms
D/MediaScanner(  255):    total time: 650ms
D/MediaScannerService(  255): done scanning volume internal
W/KeyCharacterMap(  248): No keyboard for id 0
W/KeyCharacterMap(  248): Using default keymap: /system/usr/keychars/qwerty.kcm.bin
D/EAS SyncManager(  297): !!! EAS SyncManager, onCreate
D/EAS SyncManager(  297): !!! EAS SyncManager, onStartCommand
D/EAS SyncManager(  297): !!! EAS SyncManager, stopping self
D/EAS SyncManager(  297): !!! EAS SyncManager, onDestroy
D/dalvikvm(  133): GC_EXTERNAL_ALLOC freed 147K, 49% free 2991K/5767K, external 2618K/2620K, paused 52ms
I/Launcher(  133): setLoadOnResume
D/dalvikvm(   61): GC_CONCURRENT freed 740K, 46% free 4156K/7559K, external 1865K/2377K, paused 3ms+5ms
D/dalvikvm(  125): GREF has increased to 201
D/MediaScannerService(  255): start scanning volume external
V/MediaProvider(  255): /mnt/sdcard volume ID: 452212765
D/szipinf (  133): Initializing inflate state
V/MediaProvider(  255): Attached volume: external
D/dalvikvm(  133): GC_EXPLICIT freed 181K, 50% free 2934K/5767K, external 2249K/2294K, paused 45ms
I/nofatclips(  248): Waiting for 100 msec.
I/nofatclips(  248): Current activity is Dashboard
I/nofatclips(  248): Retrieving widgets
D/nofatclips(  248): Found widget: id=16908726 (com.android.internal.view.menu.IconMenuView@405dc830)
D/nofatclips(  248): Found widget: id=16908310 (com.android.internal.view.menu.IconMenuItemView@405d7f70): Add Account
D/nofatclips(  248): Found widget: id=16908310 (com.android.internal.view.menu.IconMenuItemView@40559d70): Preferences
D/nofatclips(  248): Found widget: id=16908310 (com.android.internal.view.menu.IconMenuItemView@405db7c0): Remove Blog
D/nofatclips(  248): Found widget: id=16908310 (com.android.internal.view.menu.IconMenuItemView@4061c4b8): About
D/nofatclips(  248): Found widget: id=-1 (com.android.internal.policy.impl.PhoneWindow$DecorView@405d0f08)
V/ReflectionHelper(  248): com.android.internal.view.menu.IconMenuView > mOnFocusChangeListener FOUND | NOT ACTIVE
V/nicola  (  248): TextualID : null
V/nicola  (  248): ContentType detected : default
V/nicola  (  248): TextualID : null
V/nicola  (  248): ContentType detected : default
V/nicola  (  248): TextualID : null
V/nicola  (  248): ContentType detected : default
V/nicola  (  248): TextualID : null
V/nicola  (  248): ContentType detected : default
I/nofatclips(  248): Performing comparation for activity Dashboard
D/nofatclips(  248): Comparing against activity Dashboard
I/nofatclips(  248): Registering activity Dashboard (id: a2) as a new found state
D/nofatclips(  248): Performing backup of the old activity list on disk
D/nofatclips(  248): Saving new found state 'a2' on disk
V/nofatclips(  248): Opening state file in append mode.
I/nofatclips(  248): Saved image on disk: a2.jpg
I/nofatclips(  248): Waiting for 100 msec.
V/MediaScanner(  255): pruneDeadThumbnailFiles... android.database.sqlite.SQLiteCursor@40596998
V/MediaScanner(  255): /pruneDeadThumbnailFiles... android.database.sqlite.SQLiteCursor@40596998
D/MediaScanner(  255):  prescan time: 571ms
D/MediaScanner(  255):     scan time: 0ms
D/MediaScanner(  255): postscan time: 15ms
D/MediaScanner(  255):    total time: 586ms
D/MediaScannerService(  255): done scanning volume external
I/nofatclips(  248): Session count is 1. Will dump to disk at 1
I/nofatclips(  248): Saving the session on disk. This is the first batch: the file will be created.
I/nofatclips(  248): Planning for new Activity Dashboard
D/nofatclips(  248): Handling event 'click' on widget id=16908310 type=menuItem name=Add Account
D/nofatclips(  248): Handling event 'click' on widget id=16908310 type=menuItem name=Preferences
D/nofatclips(  248): Handling event 'click' on widget id=16908310 type=menuItem name=Remove Blog
D/nofatclips(  248): Handling event 'click' on widget id=16908310 type=menuItem name=About
I/nofatclips(  248): Created trace to press the back button
I/nofatclips(  248): Created trace to press the menu button
I/nofatclips(  248): Created trace to change orientation
I/ContactsDatabaseHelper(  182): Locale change completed in 8029ms
D/dalvikvm(  248): GC_CONCURRENT freed 673K, 51% free 3270K/6599K, external 2188K/2324K, paused 3ms+4ms
I/nofatclips(  248): Check for termination: 99 steps left of 100
I/nofatclips(  248): Dispatching new task. 2 more tasks remaining.
D/nofatclips(  248): Performing backup of the old task list on disk
D/nofatclips(  248): Saving task list on disk
V/nofatclips(  248): Backing up trace #6 to disk.
V/nofatclips(  248): Backing up trace #7 to disk.
D/nofatclips(  248): Deleting backup of the old task list from disk
D/nofatclips(  248): Deleting backup of the old activity list from disk
I/nofatclips(  248): Incrementally Playing Trace 7
I/nofatclips(  248): Retrieved from return list id=16908726
D/nofatclips(  248): Testing for type (com.android.internal.view.menu.IconMenuView) against the original (null)
I/nofatclips(  248): Firing event: type= changeOrientation name= widget=null
I/WindowManager(   61): Setting rotation to 1, animFlags=1
I/ActivityManager(   61): Config changed: { scale=1.0 imsi=310/260 loc=en_US touch=3 keys=2/1/2 nav=1/1 orien=2 layout=18 uiMode=17 seq=5}
W/KeyCharacterMap(  248): No keyboard for id 0
W/KeyCharacterMap(  248): Using default keymap: /system/usr/keychars/qwerty.kcm.bin
I/nofatclips(  248): Waiting for 100 msec.
D/dalvikvm(  248): GC_EXTERNAL_ALLOC freed 219K, 51% free 3259K/6599K, external 2289K/2324K, paused 185ms
I/dalvikvm(  248): Jit: resizing JitTable from 512 to 1024
W/WindowManager(   61): Window freeze timeout expired.
W/WindowManager(   61): Force clearing orientation change: Window{406dfa78 AtchDlg:org.wordpress.android/org.wordpress.android.Dashboard paused=false}
W/WindowManager(   61): Force clearing orientation change: Window{4074a2d0 org.wordpress.android/org.wordpress.android.Dashboard paused=false}
I/nofatclips(  248): Current activity is Dashboard
I/nofatclips(  248): Retrieving widgets
D/nofatclips(  248): Found widget: id=16908726 (com.android.internal.view.menu.IconMenuView@405d0ce0)
D/nofatclips(  248): Found widget: id=16908310 (com.android.internal.view.menu.IconMenuItemView@405b4568): Add Account
D/nofatclips(  248): Found widget: id=16908310 (com.android.internal.view.menu.IconMenuItemView@405df420): Preferences
D/nofatclips(  248): Found widget: id=16908310 (com.android.internal.view.menu.IconMenuItemView@40651cf8): Remove Blog
D/nofatclips(  248): Found widget: id=16908310 (com.android.internal.view.menu.IconMenuItemView@40656650): About
D/nofatclips(  248): Found widget: id=-1 (com.android.internal.policy.impl.PhoneWindow$DecorView@405d0f08)
V/ReflectionHelper(  248): com.android.internal.view.menu.IconMenuView > mOnFocusChangeListener FOUND | NOT ACTIVE
V/nicola  (  248): TextualID : null
V/nicola  (  248): ContentType detected : default
V/nicola  (  248): TextualID : null
V/nicola  (  248): ContentType detected : default
V/nicola  (  248): TextualID : null
V/nicola  (  248): ContentType detected : default
V/nicola  (  248): TextualID : null
V/nicola  (  248): ContentType detected : default
I/nofatclips(  248): Performing comparation for activity Dashboard
D/nofatclips(  248): Comparing against activity Dashboard
D/nofatclips(  248): Comparing against activity Dashboard
I/nofatclips(  248): Registering activity Dashboard (id: a3) as a new found state
D/nofatclips(  248): Performing backup of the old activity list on disk
D/nofatclips(  248): Saving new found state 'a3' on disk
V/nofatclips(  248): Opening state file in append mode.
I/nofatclips(  248): Saved image on disk: a3.jpg
I/nofatclips(  248): Waiting for 100 msec.
I/nofatclips(  248): Session count is 1. Will dump to disk at 1
I/nofatclips(  248): Saving the session on disk.
I/nofatclips(  248): Planning for new Activity Dashboard
D/nofatclips(  248): Handling event 'click' on widget id=16908310 type=menuItem name=Add Account
D/nofatclips(  248): Handling event 'click' on widget id=16908310 type=menuItem name=Preferences
D/nofatclips(  248): Handling event 'click' on widget id=16908310 type=menuItem name=Remove Blog
D/nofatclips(  248): Handling event 'click' on widget id=16908310 type=menuItem name=About
I/nofatclips(  248): Created trace to press the back button
I/nofatclips(  248): Created trace to press the menu button
I/nofatclips(  248): Created trace to change orientation
I/nofatclips(  248): Check for termination: 98 steps left of 100
I/nofatclips(  248): Dispatching new task. 2 more tasks remaining.
D/nofatclips(  248): Performing backup of the old task list on disk
D/nofatclips(  248): Saving task list on disk
V/nofatclips(  248): Backing up trace #12 to disk.
V/nofatclips(  248): Backing up trace #13 to disk.
D/nofatclips(  248): Deleting backup of the old task list from disk
D/nofatclips(  248): Deleting backup of the old activity list from disk
I/nofatclips(  248): Incrementally Playing Trace 13
I/nofatclips(  248): Retrieved from return list id=16908310
D/nofatclips(  248): Testing for type (com.android.internal.view.menu.IconMenuItemView) against the original (com.android.internal.view.menu.IconMenuItemView)
D/nofatclips(  248): Testing for name (Preferences) against the original (Preferences)
I/nofatclips(  248): Firing event: type= click index=2 widget=com.android.internal.view.menu.IconMenuItemView
D/dalvikvm(   61): GC_EXPLICIT freed 127K, 46% free 4117K/7559K, external 1316K/1828K, paused 176ms
W/KeyCharacterMap(  248): No keyboard for id 0
W/KeyCharacterMap(  248): Using default keymap: /system/usr/keychars/qwerty.kcm.bin
D/nofatclips(  248): Event description: Preferences
I/ActivityManager(   61): Starting: Intent { cmp=org.wordpress.android/.NewAccount } from pid 248
I/nofatclips(  248): Waiting for 100 msec.
D/szipinf (  248): Initializing inflate state
D/szipinf (  248): Initializing zlib to inflate
D/szipinf (  248): Initializing inflate state
D/szipinf (  248): Initializing zlib to inflate
D/szipinf (  248): Initializing inflate state
D/szipinf (  248): Initializing zlib to inflate
D/szipinf (  248): Initializing inflate state
D/szipinf (  248): Initializing zlib to inflate
D/dalvikvm(  248): GC_EXTERNAL_ALLOC freed 830K, 52% free 3260K/6727K, external 2862K/2904K, paused 208ms
I/nofatclips(  248): Current activity is NewAccount
I/nofatclips(  248): Retrieving widgets
D/nofatclips(  248): Found widget: id=16908290 (android.widget.FrameLayout@40690ed0)
D/nofatclips(  248): Found widget: id=2131165298 (android.widget.ScrollView@40691b28)
D/nofatclips(  248): Found widget: id=2131165313 (android.widget.LinearLayout@40692ff0)
D/nofatclips(  248): Found widget: id=2131165314 (android.widget.ImageView@40693258)
D/nofatclips(  248): Found widget: id=2131165315 (android.widget.TextView@4056ae10): Start blogging from your mobile in seconds.
D/nofatclips(  248): Found widget: id=2131165316 (android.widget.Button@4056b748): Start a new blog at WordPress.com
D/nofatclips(  248): Found widget: id=2131165317 (android.widget.Button@40577940): Add blog hosted at WordPress.com
D/nofatclips(  248): Found widget: id=2131165318 (android.widget.Button@405781b0): Add self-hosted WordPress blog
D/nofatclips(  248): Found widget: id=-1 (com.android.internal.policy.impl.PhoneWindow$DecorView@40690af8)
I/ActivityManager(   61): Displayed org.wordpress.android/.NewAccount: +2s22ms
V/nicola  (  248): TextualID : welcome
V/nicola  (  248): ContentType detected : default
V/nicola  (  248): TextualID : createWPAccount
V/nicola  (  248): ContentType detected : default
V/nicola  (  248): TextualID : dotcomExisting
V/nicola  (  248): ContentType detected : default
V/nicola  (  248): TextualID : dotorgExisting
V/nicola  (  248): ContentType detected : default
I/nofatclips(  248): Performing comparation for activity NewAccount
D/nofatclips(  248): Comparing against activity Dashboard
D/nofatclips(  248): Comparing against activity Dashboard
D/nofatclips(  248): Comparing against activity Dashboard
I/nofatclips(  248): Registering activity NewAccount (id: a4) as a new found state
D/nofatclips(  248): Performing backup of the old activity list on disk
D/nofatclips(  248): Saving new found state 'a4' on disk
V/nofatclips(  248): Opening state file in append mode.
D/dalvikvm(  248): GC_EXTERNAL_ALLOC freed 326K, 52% free 3286K/6727K, external 3665K/3805K, paused 97ms
I/nofatclips(  248): Saved image on disk: a4.jpg
I/nofatclips(  248): Waiting for 100 msec.
I/nofatclips(  248): Session count is 1. Will dump to disk at 1
I/nofatclips(  248): Saving the session on disk.
I/nofatclips(  248): Planning for new Activity NewAccount
D/nofatclips(  248): Handling event 'click' on widget id=2131165316 type=button name=Start a new blog at WordPress.com
D/nofatclips(  248): Handling event 'click' on widget id=2131165317 type=button name=Add blog hosted at WordPress.com
D/nofatclips(  248): Handling event 'click' on widget id=2131165318 type=button name=Add self-hosted WordPress blog
I/nofatclips(  248): Created trace to press the back button
I/nofatclips(  248): Created trace to press the menu button
I/nofatclips(  248): Created trace to change orientation
I/nofatclips(  248): Check for termination: 97 steps left of 100
I/nofatclips(  248): Dispatching new task. 2 more tasks remaining.
D/nofatclips(  248): Performing backup of the old task list on disk
D/nofatclips(  248): Saving task list on disk
V/nofatclips(  248): Backing up trace #18 to disk.
V/nofatclips(  248): Backing up trace #19 to disk.
D/nofatclips(  248): Deleting backup of the old task list from disk
D/nofatclips(  248): Deleting backup of the old activity list from disk
I/nofatclips(  248): Incrementally Playing Trace 19
I/nofatclips(  248): Retrieved from return list id=16908290
D/nofatclips(  248): Testing for type (android.widget.FrameLayout) against the original (null)
I/nofatclips(  248): Firing event: type= openMenu name= widget=null
W/KeyCharacterMap(  248): No keyboard for id 0
W/KeyCharacterMap(  248): Using default keymap: /system/usr/keychars/qwerty.kcm.bin
I/nofatclips(  248): Waiting for 100 msec.
I/nofatclips(  248): Current activity is NewAccount
I/nofatclips(  248): Retrieving widgets
D/nofatclips(  248): Found widget: id=16908290 (android.widget.FrameLayout@40690ed0)
D/nofatclips(  248): Found widget: id=2131165298 (android.widget.ScrollView@40691b28)
D/nofatclips(  248): Found widget: id=2131165313 (android.widget.LinearLayout@40692ff0)
D/nofatclips(  248): Found widget: id=2131165314 (android.widget.ImageView@40693258)
D/nofatclips(  248): Found widget: id=2131165315 (android.widget.TextView@4056ae10): Start blogging from your mobile in seconds.
D/nofatclips(  248): Found widget: id=2131165316 (android.widget.Button@4056b748): Start a new blog at WordPress.com
D/nofatclips(  248): Found widget: id=2131165317 (android.widget.Button@40577940): Add blog hosted at WordPress.com
D/nofatclips(  248): Found widget: id=2131165318 (android.widget.Button@405781b0): Add self-hosted WordPress blog
D/nofatclips(  248): Found widget: id=-1 (com.android.internal.policy.impl.PhoneWindow$DecorView@40690af8)
V/nicola  (  248): TextualID : welcome
V/nicola  (  248): ContentType detected : default
V/nicola  (  248): TextualID : createWPAccount
V/nicola  (  248): ContentType detected : default
V/nicola  (  248): TextualID : dotcomExisting
V/nicola  (  248): ContentType detected : default
V/nicola  (  248): TextualID : dotorgExisting
V/nicola  (  248): ContentType detected : default
I/nofatclips(  248): Performing comparation for activity NewAccount
D/nofatclips(  248): Comparing against activity Dashboard
D/nofatclips(  248): Comparing against activity Dashboard
D/nofatclips(  248): Comparing against activity Dashboard
D/nofatclips(  248): Comparing against activity NewAccount
I/nofatclips(  248): Registering activity NewAccount (id: a5) as a new found state
D/nofatclips(  248): Performing backup of the old activity list on disk
D/nofatclips(  248): Saving new found state 'a5' on disk
V/nofatclips(  248): Opening state file in append mode.
I/nofatclips(  248): Saved image on disk: a5.jpg
I/nofatclips(  248): Waiting for 100 msec.
I/nofatclips(  248): Session count is 1. Will dump to disk at 1
I/nofatclips(  248): Saving the session on disk.
I/nofatclips(  248): Planning for new Activity NewAccount
D/nofatclips(  248): Handling event 'click' on widget id=2131165316 type=button name=Start a new blog at WordPress.com
D/nofatclips(  248): Handling event 'click' on widget id=2131165317 type=button name=Add blog hosted at WordPress.com
D/nofatclips(  248): Handling event 'click' on widget id=2131165318 type=button name=Add self-hosted WordPress blog
D/dalvikvm(  248): GC_CONCURRENT freed 866K, 51% free 3373K/6855K, external 4743K/5173K, paused 10ms+11ms
I/nofatclips(  248): Created trace to press the back button
I/nofatclips(  248): Created trace to press the menu button
I/nofatclips(  248): Created trace to change orientation
I/nofatclips(  248): Check for termination: 96 steps left of 100
I/nofatclips(  248): Dispatching new task. 2 more tasks remaining.
D/nofatclips(  248): Performing backup of the old task list on disk
D/nofatclips(  248): Saving task list on disk
V/nofatclips(  248): Backing up trace #24 to disk.
V/nofatclips(  248): Backing up trace #25 to disk.
D/nofatclips(  248): Deleting backup of the old task list from disk
D/nofatclips(  248): Deleting backup of the old activity list from disk
I/nofatclips(  248): Incrementally Playing Trace 25
D/nofatclips(  248): Firing event: type= back
W/KeyCharacterMap(  248): No keyboard for id 0
W/KeyCharacterMap(  248): Using default keymap: /system/usr/keychars/qwerty.kcm.bin
I/nofatclips(  248): Waiting for 100 msec.
I/nofatclips(  248): Current activity is Dashboard
I/nofatclips(  248): Retrieving widgets
D/nofatclips(  248): Found widget: id=16908290 (android.widget.FrameLayout@405a0a00)
D/nofatclips(  248): Found widget: id=2131165248 (android.widget.RelativeLayout@405a1700)
D/nofatclips(  248): Found widget: id=2131165249 (android.widget.LinearLayout@405a1d68)
D/nofatclips(  248): Found widget: id=-1 (android.widget.ImageView@405a22b0)
D/nofatclips(  248): Found widget: id=2131165250 (org.wordpress.android.util.WPTitleBar@4059bc88)
D/nofatclips(  248): Found widget: id=2131165195 (android.widget.RelativeLayout@4050e260)
D/nofatclips(  248): Found widget: id=2131165196 (android.widget.RelativeLayout@40568510)
D/nofatclips(  248): Found widget: id=2131165197 (android.widget.ImageView@4059cf20)
D/nofatclips(  248): Found widget: id=2131165198 (android.widget.TextView@40541880): Katie's Sweet Testing Blog
D/nofatclips(  248): Found widget: id=2131165199 (android.widget.ImageView@4055d110)
D/nofatclips(  248): Found widget: id=-1 (android.widget.RelativeLayout@40579478)
D/nofatclips(  248): Found widget: id=2131165200 (android.widget.ImageButton@4059d448)
D/nofatclips(  248): Found widget: id=-1 (android.widget.FrameLayout@4057a9d0)
D/nofatclips(  248): Found widget: id=2131165201 (android.widget.Button@40542248): 
D/nofatclips(  248): Found widget: id=2131165202 (android.widget.ImageView@40593880)
D/nofatclips(  248): Found widget: id=2131165203 (android.widget.ImageView@4053ca40)
D/nofatclips(  248): Found widget: id=2131165249 (android.widget.LinearLayout@4063e568)
D/nofatclips(  248): Found widget: id=-1 (android.widget.FrameLayout@405b1570)
D/nofatclips(  248): Found widget: id=-1 (android.widget.LinearLayout@405c6a38)
D/nofatclips(  248): Found widget: id=-1 (android.widget.LinearLayout@405b27d8)
D/nofatclips(  248): Found widget: id=-1 (android.widget.LinearLayout@405c63d8)
D/nofatclips(  248): Found widget: id=2131165251 (android.widget.LinearLayout@405d8800)
D/nofatclips(  248): Found widget: id=-1 (android.widget.ImageView@40550918)
D/nofatclips(  248): Found widget: id=-1 (android.widget.TextView@4064c570): New Post
D/nofatclips(  248): Found widget: id=2131165252 (android.widget.LinearLayout@405b9ed8)
D/nofatclips(  248): Found widget: id=-1 (android.widget.ImageView@405dae28)
D/nofatclips(  248): Found widget: id=-1 (android.widget.TextView@405b0a10): Quick Photo
D/nofatclips(  248): Found widget: id=-1 (android.widget.LinearLayout@40594f70)
D/nofatclips(  248): Found widget: id=2131165253 (android.widget.LinearLayout@405ac4f8)
D/nofatclips(  248): Found widget: id=-1 (android.widget.ImageView@40669970)
D/nofatclips(  248): Found widget: id=-1 (android.widget.TextView@40648f80): New Page
D/nofatclips(  248): Found widget: id=2131165254 (android.widget.LinearLayout@4064d600)
D/nofatclips(  248): Found widget: id=-1 (android.widget.ImageView@40665f28)
D/nofatclips(  248): Found widget: id=-1 (android.widget.TextView@4066a6d0): Quick Video
D/nofatclips(  248): Found widget: id=-1 (android.widget.LinearLayout@4066cbf0)
D/nofatclips(  248): Found widget: id=-1 (android.widget.LinearLayout@405fada0)
D/nofatclips(  248): Found widget: id=2131165255 (android.widget.LinearLayout@40613c58)
D/nofatclips(  248): Found widget: id=-1 (android.widget.ImageView@4060f938)
D/nofatclips(  248): Found widget: id=2131165256 (android.widget.TextView@4064c238): Posts
D/nofatclips(  248): Found widget: id=2131165257 (android.widget.LinearLayout@4061c260)
D/nofatclips(  248): Found widget: id=-1 (android.widget.ImageView@405cbeb0)
D/nofatclips(  248): Found widget: id=2131165256 (android.widget.TextView@405fa400): Pages
D/nofatclips(  248): Found widget: id=-1 (android.widget.FrameLayout@405dc348)
D/nofatclips(  248): Found widget: id=2131165258 (android.widget.LinearLayout@405dc4a0)
D/nofatclips(  248): Found widget: id=-1 (android.widget.ImageView@4061d598)
D/nofatclips(  248): Found widget: id=2131165256 (android.widget.TextView@405ce2e8): Comments
D/nofatclips(  248): Found widget: id=2131165259 (android.widget.FrameLayout@405b3028)
D/nofatclips(  248): Found widget: id=2131165260 (android.widget.ImageView@40666970)
D/nofatclips(  248): Found widget: id=2131165261 (org.wordpress.android.util.CommentBadgeTextView@405faa58): 0
D/nofatclips(  248): Found widget: id=-1 (android.widget.LinearLayout@40667a68)
D/nofatclips(  248): Found widget: id=2131165262 (android.widget.LinearLayout@40669e78)
D/nofatclips(  248): Found widget: id=-1 (android.widget.ImageView@4066b190)
D/nofatclips(  248): Found widget: id=2131165256 (android.widget.TextView@4066c8d8): Settings
D/nofatclips(  248): Found widget: id=2131165263 (android.widget.LinearLayout@4066c248)
D/nofatclips(  248): Found widget: id=-1 (android.widget.ImageView@4066d560)
D/nofatclips(  248): Found widget: id=2131165256 (android.widget.TextView@4066beb8): Read
D/nofatclips(  248): Found widget: id=2131165264 (android.widget.LinearLayout@4066e1b0)
D/nofatclips(  248): Found widget: id=-1 (android.widget.ImageView@405b1898)
D/nofatclips(  248): Found widget: id=2131165256 (android.widget.TextView@40667158): Stats
D/nofatclips(  248): Found widget: id=-1 (com.android.internal.policy.impl.PhoneWindow$DecorView@405a0100)
V/nicola  (  248): TextualID : blog_title
V/nicola  (  248): ContentType detected : default
V/nicola  (  248): TextualID : action_refresh
V/nicola  (  248): ContentType detected : default
V/nicola  (  248): TextualID : null
V/nicola  (  248): ContentType detected : default
V/nicola  (  248): TextualID : null
V/nicola  (  248): ContentType detected : default
V/nicola  (  248): TextualID : null
V/nicola  (  248): ContentType detected : default
V/nicola  (  248): TextualID : null
V/nicola  (  248): ContentType detected : default
V/nicola  (  248): TextualID : button_text
V/nicola  (  248): ContentType detected : default
V/nicola  (  248): TextualID : button_text
V/nicola  (  248): ContentType detected : default
V/nicola  (  248): TextualID : button_text
V/nicola  (  248): ContentType detected : default
V/nicola  (  248): TextualID : button_text
V/nicola  (  248): ContentType detected : default
V/nicola  (  248): TextualID : button_text
V/nicola  (  248): ContentType detected : default
V/nicola  (  248): TextualID : button_text
V/nicola  (  248): ContentType detected : default
I/nofatclips(  248): Performing comparation for activity Dashboard
D/nofatclips(  248): Comparing against activity NewAccount
D/nofatclips(  248): Comparing against activity Dashboard
D/nofatclips(  248): Comparing against activity Dashboard
D/nofatclips(  248): Comparing against activity Dashboard
D/nofatclips(  248): Comparing against activity NewAccount
I/nofatclips(  248): Registering activity Dashboard (id: a6) as a new found state
D/nofatclips(  248): Performing backup of the old activity list on disk
D/nofatclips(  248): Saving new found state 'a6' on disk
V/nofatclips(  248): Opening state file in append mode.
I/nofatclips(  248): Saved image on disk: a6.jpg
I/nofatclips(  248): Waiting for 100 msec.
I/nofatclips(  248): Session count is 1. Will dump to disk at 1
I/nofatclips(  248): Saving the session on disk.
I/nofatclips(  248): Planning for new Activity Dashboard
D/nofatclips(  248): Handling event 'click' on widget id=2131165200 type=button name=
D/nofatclips(  248): Handling event 'click' on widget id=2131165201 type=button name=
D/nofatclips(  248): Handling event 'click' on widget id=2131165249 type=linearLayout name=
I/dalvikvm(  248): Jit: resizing JitTable from 1024 to 2048
D/nofatclips(  248): Handling event 'click' on widget id=2131165251 type=linearLayout name=
D/nofatclips(  248): Handling event 'click' on widget id=2131165252 type=linearLayout name=
D/nofatclips(  248): Handling event 'click' on widget id=2131165253 type=linearLayout name=
D/dalvikvm(  248): GC_CONCURRENT freed 1768K, 57% free 3436K/7815K, external 4330K/4424K, paused 5ms+7ms
D/nofatclips(  248): Handling event 'click' on widget id=2131165254 type=linearLayout name=
D/nofatclips(  248): Handling event 'click' on widget id=2131165255 type=linearLayout name=
D/nofatclips(  248): Handling event 'click' on widget id=2131165257 type=linearLayout name=
D/nofatclips(  248): Handling event 'click' on widget id=2131165258 type=linearLayout name=
D/nofatclips(  248): Handling event 'click' on widget id=2131165262 type=linearLayout name=
D/nofatclips(  248): Handling event 'click' on widget id=2131165263 type=linearLayout name=
D/nofatclips(  248): Handling event 'click' on widget id=2131165264 type=linearLayout name=
I/nofatclips(  248): Created trace to press the back button
I/nofatclips(  248): Created trace to press the menu button
I/nofatclips(  248): Created trace to change orientation
I/nofatclips(  248): Check for termination: 95 steps left of 100
D/dalvikvm(  248): GC_CONCURRENT freed 1778K, 57% free 3406K/7815K, external 2044K/2556K, paused 3ms+4ms
I/nofatclips(  248): Dispatching new task. 2 more tasks remaining.
D/nofatclips(  248): Performing backup of the old task list on disk
D/nofatclips(  248): Saving task list on disk
V/nofatclips(  248): Backing up trace #39 to disk.
V/nofatclips(  248): Backing up trace #40 to disk.
D/nofatclips(  248): Deleting backup of the old task list from disk
D/nofatclips(  248): Deleting backup of the old activity list from disk
I/nofatclips(  248): Incrementally Playing Trace 40
I/nofatclips(  248): Retrieved from return list id=2131165249
D/nofatclips(  248): Testing for type (android.widget.LinearLayout) against the original (android.widget.LinearLayout)
D/nofatclips(  248): Testing for name () against the original ()
I/nofatclips(  248): Firing event: type= click index=16 widget=android.widget.LinearLayout
W/KeyCharacterMap(  248): No keyboard for id 0
W/KeyCharacterMap(  248): Using default keymap: /system/usr/keychars/qwerty.kcm.bin
D/nofatclips(  248): Event description: New Post
I/ActivityManager(   61): Starting: Intent { cmp=org.wordpress.android/.Settings (has extras) } from pid 248
I/nofatclips(  248): Waiting for 100 msec.
W/ImageDownloader(  248): Error 404 while retrieving bitmap from http://gravatar.com/blavatar/44d338f29053dbb888da79dcf98df489?s=60&d=404
D/dalvikvm(  248): GC_CONCURRENT freed 729K, 55% free 3539K/7815K, external 2303K/2556K, paused 7ms+13ms
I/dalvikvm(   61): Jit: resizing JitTable from 512 to 1024
I/ActivityManager(   61): Displayed org.wordpress.android/.Settings: +2s206ms
I/nofatclips(  248): Current activity is Settings
I/nofatclips(  248): Retrieving widgets
D/nofatclips(  248): Found widget: id=16908290 (android.widget.FrameLayout@4066b9b0)
D/nofatclips(  248): Found widget: id=2131165343 (android.widget.RelativeLayout@406aa018)
D/nofatclips(  248): Found widget: id=-1 (android.widget.ScrollView@405c9d28)
D/nofatclips(  248): Found widget: id=2131165207 (android.widget.RelativeLayout@4062e280)
D/nofatclips(  248): Found widget: id=2131165209 (android.widget.RelativeLayout@4065b5a8)
D/nofatclips(  248): Found widget: id=2131165210 (android.widget.TextView@40645dd8): Account Details
D/nofatclips(  248): Found widget: id=2131165214 (android.widget.TextView@405cd3a0): Username:
D/nofatclips(  248): Found widget: id=2131165215 (android.widget.EditText@4060f040): katiemalone1990
D/nofatclips(  248): Found widget: id=2131165216 (android.widget.TextView@406690f8): Password:
D/nofatclips(  248): Found widget: id=2131165217 (android.widget.EditText@40669400): cle0sandy
D/nofatclips(  248): Found widget: id=2131165214 (android.widget.TextView@40607a08): Username:
D/nofatclips(  248): Found widget: id=2131165223 (android.widget.TextView@40607f00): HTTP Username (optional):
D/nofatclips(  248): Found widget: id=2131165224 (android.widget.EditText@40614170): 
D/nofatclips(  248): Found widget: id=2131165225 (android.widget.TextView@40690138): HTTP Password (optional):
D/nofatclips(  248): Found widget: id=2131165226 (android.widget.EditText@406906f8): 
D/nofatclips(  248): Found widget: id=2131165288 (android.widget.RelativeLayout@40559cd0)
D/nofatclips(  248): Found widget: id=2131165346 (android.widget.TextView@405a28f0): Media
D/nofatclips(  248): Found widget: id=2131165347 (android.widget.TextView@405c8708): Default image width
D/nofatclips(  248): Found widget: id=2131165348 (android.widget.Spinner@405c8e90)
D/nofatclips(  248): Found widget: id=16908308 (android.widget.TextView@4054ca40): 500
D/nofatclips(  248): Found widget: id=2131165349 (android.widget.CheckBox@405ef490): Upload and link to full image
D/nofatclips(  248): Found widget: id=2131165266 (android.widget.RelativeLayout@4060c108)
D/nofatclips(  248): Found widget: id=2131165350 (android.widget.TextView@4060c608): Location
D/nofatclips(  248): Found widget: id=2131165351 (android.widget.CheckBox@4060d550): Geotag Posts
D/nofatclips(  248): Found widget: id=2131165219 (android.widget.Button@405d4ee8): Save
D/nofatclips(  248): Found widget: id=2131165220 (android.widget.Button@4062c168): Cancel
D/nofatclips(  248): Found widget: id=2131165352 (org.wordpress.android.util.WPTitleBar@4057d6d0)
D/nofatclips(  248): Found widget: id=2131165195 (android.widget.RelativeLayout@405ea960)
D/nofatclips(  248): Found widget: id=2131165196 (android.widget.RelativeLayout@406d5938)
D/nofatclips(  248): Found widget: id=2131165197 (android.widget.ImageView@405c4e60)
D/nofatclips(  248): Found widget: id=2131165198 (android.widget.TextView@405c52c0): Katie's Sweet Testing Blog
D/nofatclips(  248): Found widget: id=2131165199 (android.widget.ImageView@405f7650)
D/nofatclips(  248): Found widget: id=-1 (android.widget.RelativeLayout@405f7a30)
D/nofatclips(  248): Found widget: id=2131165200 (android.widget.ImageButton@406b45a8)
D/nofatclips(  248): Found widget: id=-1 (android.widget.FrameLayout@406b5028)
D/nofatclips(  248): Found widget: id=2131165201 (android.widget.Button@405d1e78): 
D/nofatclips(  248): Found widget: id=2131165202 (android.widget.ImageView@405d2a28)
D/nofatclips(  248): Found widget: id=2131165203 (android.widget.ImageView@40634d40)
D/nofatclips(  248): Found widget: id=2131165204 (android.widget.LinearLayout@40635360)
D/nofatclips(  248): Found widget: id=-1 (android.widget.FrameLayout@405ede20)
D/nofatclips(  248): Found widget: id=-1 (android.widget.LinearLayout@405ee5c0)
D/nofatclips(  248): Found widget: id=-1 (android.widget.LinearLayout@4075acb8)
D/nofatclips(  248): Found widget: id=-1 (android.widget.LinearLayout@4075ae08)
D/nofatclips(  248): Found widget: id=2131165251 (android.widget.LinearLayout@4075b008)
D/nofatclips(  248): Found widget: id=-1 (android.widget.ImageView@4075ba80)
D/nofatclips(  248): Found widget: id=-1 (android.widget.TextView@406b0f90): New Post
D/nofatclips(  248): Found widget: id=2131165252 (android.widget.LinearLayout@406b1b70)
D/nofatclips(  248): Found widget: id=-1 (android.widget.ImageView@4071e4a8)
D/nofatclips(  248): Found widget: id=-1 (android.widget.TextView@4071e6d0): Quick Photo
D/nofatclips(  248): Found widget: id=-1 (android.widget.LinearLayout@4071eb60)
D/nofatclips(  248): Found widget: id=2131165253 (android.widget.LinearLayout@4071ed80)
D/nofatclips(  248): Found widget: id=-1 (android.widget.ImageView@40693ca0)
D/nofatclips(  248): Found widget: id=-1 (android.widget.TextView@40693ec8): New Page
D/nofatclips(  248): Found widget: id=2131165254 (android.widget.LinearLayout@40694358)
D/nofatclips(  248): Found widget: id=-1 (android.widget.ImageView@406b2588)
D/nofatclips(  248): Found widget: id=-1 (android.widget.TextView@406b27b0): Quick Video
D/nofatclips(  248): Found widget: id=-1 (android.widget.LinearLayout@406b2c40)
D/nofatclips(  248): Found widget: id=-1 (android.widget.LinearLayout@406b2e60)
D/nofatclips(  248): Found widget: id=2131165255 (android.widget.LinearLayout@4062e6f8)
D/nofatclips(  248): Found widget: id=-1 (android.widget.ImageView@4062f128)
D/nofatclips(  248): Found widget: id=2131165256 (android.widget.TextView@4062f350): Posts
D/nofatclips(  248): Found widget: id=2131165257 (android.widget.LinearLayout@40621eb0)
D/nofatclips(  248): Found widget: id=-1 (android.widget.ImageView@406228a8)
D/nofatclips(  248): Found widget: id=2131165256 (android.widget.TextView@40622ad0): Pages
D/nofatclips(  248): Found widget: id=-1 (android.widget.FrameLayout@406879e8)
D/nofatclips(  248): Found widget: id=2131165258 (android.widget.LinearLayout@40687c50)
D/nofatclips(  248): Found widget: id=-1 (android.widget.ImageView@40688680)
D/nofatclips(  248): Found widget: id=2131165256 (android.widget.TextView@40637148): Comments
D/nofatclips(  248): Found widget: id=2131165259 (android.widget.FrameLayout@40637508)
D/nofatclips(  248): Found widget: id=2131165260 (android.widget.ImageView@40637770)
D/nofatclips(  248): Found widget: id=2131165261 (org.wordpress.android.util.CommentBadgeTextView@40637a30): 0
D/nofatclips(  248): Found widget: id=-1 (android.widget.LinearLayout@40637ef8)
D/nofatclips(  248): Found widget: id=2131165262 (android.widget.LinearLayout@40638118)
D/nofatclips(  248): Found widget: id=-1 (android.widget.ImageView@406286f0)
D/nofatclips(  248): Found widget: id=2131165256 (android.widget.TextView@40628918): Settings
D/nofatclips(  248): Found widget: id=2131165263 (android.widget.LinearLayout@40628da8)
D/nofatclips(  248): Found widget: id=-1 (android.widget.ImageView@405d9ca8)
D/nofatclips(  248): Found widget: id=2131165256 (android.widget.TextView@405d9ed0): Read
D/nofatclips(  248): Found widget: id=2131165264 (android.widget.LinearLayout@405da4e8)
D/nofatclips(  248): Found widget: id=-1 (android.widget.ImageView@40617928)
D/nofatclips(  248): Found widget: id=2131165256 (android.widget.TextView@40617b50): Stats
D/nofatclips(  248): Found widget: id=-1 (com.android.internal.policy.impl.PhoneWindow$DecorView@4066b788)
V/nicola  (  248): TextualID : l_section1
V/nicola  (  248): ContentType detected : default
V/nicola  (  248): TextualID : l_username
V/nicola  (  248): ContentType detected : default
V/ReflectionHelper(  248): android.widget.EditText > mOnFocusChangeListener FOUND | NOT ACTIVE
V/nicola  (  248): TextualID : username
V/nicola  (  248): ContentType detected : default
V/nicola  (  248): TextualID : l_password
V/nicola  (  248): ContentType detected : default
V/ReflectionHelper(  248): android.widget.EditText > mOnFocusChangeListener FOUND | NOT ACTIVE
V/nicola  (  248): TextualID : password
V/nicola  (  248): ContentType detected : default
V/nicola  (  248): TextualID : l_username
V/nicola  (  248): ContentType detected : default
V/nicola  (  248): TextualID : l_section2
V/nicola  (  248): ContentType detected : default
V/nicola  (  248): TextualID : l_maxImageWidth
