W/System.err(  248): 	at org.xmlrpc.android.XMLRPCClient.callXMLRPC(XMLRPCClient.java:452)
W/System.err(  248): 	at org.xmlrpc.android.XMLRPCClient.call(XMLRPCClient.java:131)
W/System.err(  248): 	at org.xmlrpc.android.ApiHelper$getPostFormatsTask.doInBackground(ApiHelper.java:143)
W/System.err(  248): 	at org.xmlrpc.android.ApiHelper$getPostFormatsTask.doInBackground(ApiHelper.java:1)
W/System.err(  248): 	at android.os.AsyncTask$2.call(AsyncTask.java:185)
W/System.err(  248): 	at java.util.concurrent.FutureTask$Sync.innerRun(FutureTask.java:306)
W/System.err(  248): 	at java.util.concurrent.FutureTask.run(FutureTask.java:138)
W/System.err(  248): 	at java.util.concurrent.ThreadPoolExecutor.runWorker(ThreadPoolExecutor.java:1088)
W/System.err(  248): 	at java.util.concurrent.ThreadPoolExecutor$Worker.run(ThreadPoolExecutor.java:581)
W/System.err(  248): 	at java.lang.Thread.run(Thread.java:1019)
W/System.err(  248): Caused by: javax.net.ssl.SSLProtocolException: Read error: ssl=0x5cafc8: Failure in SSL library, usually a protocol error
W/System.err(  248): 	at org.apache.harmony.xnet.provider.jsse.NativeCrypto.SSL_read(Native Method)
W/System.err(  248): 	at org.apache.harmony.xnet.provider.jsse.OpenSSLSocketImpl$SSLInputStream.read(OpenSSLSocketImpl.java:788)
W/System.err(  248): 	at org.apache.http.impl.io.AbstractSessionInputBuffer.fillBuffer(AbstractSessionInputBuffer.java:103)
W/System.err(  248): 	at org.apache.http.impl.io.AbstractSessionInputBuffer.readLine(AbstractSessionInputBuffer.java:191)
W/System.err(  248): 	at org.apache.http.impl.conn.DefaultResponseParser.parseHead(DefaultResponseParser.java:82)
W/System.err(  248): 	at org.apache.http.impl.io.AbstractMessageParser.parse(AbstractMessageParser.java:174)
W/System.err(  248): 	at org.apache.http.impl.AbstractHttpClientConnection.receiveResponseHeader(AbstractHttpClientConnection.java:179)
W/System.err(  248): 	at org.apache.http.impl.conn.DefaultClientConnection.receiveResponseHeader(DefaultClientConnection.java:235)
W/System.err(  248): 	at org.apache.http.impl.conn.AbstractClientConnAdapter.receiveResponseHeader(AbstractClientConnAdapter.java:259)
W/System.err(  248): 	at org.apache.http.protocol.HttpRequestExecutor.doReceiveResponse(HttpRequestExecutor.java:279)
W/System.err(  248): 	at org.apache.http.protocol.HttpRequestExecutor.execute(HttpRequestExecutor.java:121)
W/System.err(  248): 	at org.apache.http.impl.client.DefaultRequestDirector.execute(DefaultRequestDirector.java:421)
W/System.err(  248): 	at org.apache.http.impl.client.AbstractHttpClient.execute(AbstractHttpClient.java:555)
W/System.err(  248): 	at org.apache.http.impl.client.AbstractHttpClient.execute(AbstractHttpClient.java:487)
W/System.err(  248): 	at org.apache.http.impl.client.AbstractHttpClient.execute(AbstractHttpClient.java:465)
W/System.err(  248): 	at org.xmlrpc.android.XMLRPCClient.callXMLRPC(XMLRPCClient.java:383)
W/System.err(  248): 	... 9 more
W/System.err(  248): java.lang.NullPointerException
W/System.err(  248): 	at org.json.JSONObject.<init>(JSONObject.java:127)
W/System.err(  248): 	at org.xmlrpc.android.ApiHelper$getPostFormatsTask.onPostExecute(ApiHelper.java:122)
W/System.err(  248): 	at android.os.AsyncTask.finish(AsyncTask.java:417)
W/System.err(  248): 	at android.os.AsyncTask.access$300(AsyncTask.java:127)
W/System.err(  248): 	at android.os.AsyncTask$InternalHandler.handleMessage(AsyncTask.java:429)
W/System.err(  248): 	at android.os.Handler.dispatchMessage(Handler.java:99)
W/System.err(  248): 	at android.os.Looper.loop(Looper.java:123)
W/System.err(  248): 	at android.app.ActivityThread.main(ActivityThread.java:3683)
W/System.err(  248): 	at java.lang.reflect.Method.invokeNative(Native Method)
W/System.err(  248): 	at java.lang.reflect.Method.invoke(Method.java:507)
W/System.err(  248): 	at com.android.internal.os.ZygoteInit$MethodAndArgsCaller.run(ZygoteInit.java:839)
W/System.err(  248): 	at com.android.internal.os.ZygoteInit.main(ZygoteInit.java:597)
W/System.err(  248): 	at dalvik.system.NativeStart.main(Native Method)
I/WindowManager(   61): Setting rotation to 0, animFlags=1
I/ActivityManager(   61): Config changed: { scale=1.0 imsi=310/260 loc=en_US touch=3 keys=2/1/2 nav=1/1 orien=1 layout=18 uiMode=17 seq=6}
I/nofatclips(  248): Waiting for 100 msec.
I/nofatclips(  248): Current activity is EditPost
I/nofatclips(  248): Retrieving widgets
D/nofatclips(  248): Found widget: id=-1 (android.widget.LinearLayout@406695b0)
D/nofatclips(  248): Found widget: id=-1 (android.widget.FrameLayout@406f0cf0)
D/nofatclips(  248): Found widget: id=16908310 (android.widget.TextView@4071a910): Katie&#039;s Sweet Testing Blog - New Post
D/nofatclips(  248): Found widget: id=16908290 (android.widget.FrameLayout@40751398)
D/nofatclips(  248): Found widget: id=-1 (android.widget.LinearLayout@405ee0b0)
D/nofatclips(  248): Found widget: id=-1 (android.widget.ScrollView@406885d8)
D/nofatclips(  248): Found widget: id=-1 (android.widget.LinearLayout@406e9ca0)
D/nofatclips(  248): Found widget: id=2131165209 (android.widget.RelativeLayout@4075e530)
D/nofatclips(  248): Found widget: id=2131165210 (android.widget.TextView@405cf660): Post Content
D/nofatclips(  248): Found widget: id=2131165236 (android.widget.EditText@405db928): 
D/nofatclips(  248): Found widget: id=2131165265 (org.wordpress.android.util.WPEditText@406d5d48): 
D/nofatclips(  248): Found widget: id=2131165266 (android.widget.RelativeLayout@406912f8)
D/nofatclips(  248): Found widget: id=2131165267 (android.widget.TextView@407c0638): Tags & Categories
D/nofatclips(  248): Found widget: id=2131165268 (android.widget.EditText@40687110): 
D/nofatclips(  248): Found widget: id=2131165269 (android.widget.Button@4071b2e0): Select Categories
D/nofatclips(  248): Found widget: id=2131165270 (android.widget.TextView@40673480): Selected categories:
D/nofatclips(  248): Found widget: id=2131165271 (android.widget.RelativeLayout@407b10a8)
D/nofatclips(  248): Found widget: id=2131165272 (android.widget.RelativeLayout@407b1450)
D/nofatclips(  248): Found widget: id=2131165273 (android.widget.TextView@40764ac0): Location
D/nofatclips(  248): Found widget: id=2131165274 (android.widget.TextView@406c42a0): Loading...
D/nofatclips(  248): Found widget: id=2131165275 (android.widget.Button@40711f08): View Map
D/nofatclips(  248): Found widget: id=2131165276 (android.widget.Button@40748920): Update Location
D/nofatclips(  248): Found widget: id=2131165277 (android.widget.RelativeLayout@40774e30)
D/nofatclips(  248): Found widget: id=2131165278 (android.widget.TextView@408188c0): Settings
D/nofatclips(  248): Found widget: id=2131165279 (android.widget.TextView@4085e600): Status:
D/nofatclips(  248): Found widget: id=2131165280 (android.widget.Spinner@406575d0)
D/nofatclips(  248): Found widget: id=2131165281 (android.widget.TextView@40856fc0): Publish:
D/nofatclips(  248): Found widget: id=2131165282 (android.widget.TextView@405d4b00): Immediately
D/nofatclips(  248): Found widget: id=2131165283 (android.widget.Button@40756f88): Edit
D/nofatclips(  248): Found widget: id=2131165284 (android.widget.TextView@40671638): Post Format:
D/nofatclips(  248): Found widget: id=2131165285 (android.widget.Spinner@407b60c0)
D/nofatclips(  248): Found widget: id=16908308 (android.widget.TextView@40800098): Standard
D/nofatclips(  248): Found widget: id=2131165286 (android.widget.EditText@4062cda8): 
D/nofatclips(  248): Found widget: id=2131165287 (android.widget.Button@4069eaa0): Publish
D/nofatclips(  248): Found widget: id=-1 (com.android.internal.policy.impl.PhoneWindow$DecorView@406c3590)
V/nicola  (  248): TextualID : null
V/nicola  (  248): ContentType detected : default
V/nicola  (  248): TextualID : l_section1
V/nicola  (  248): ContentType detected : default
V/ReflectionHelper(  248): android.widget.EditText > mOnFocusChangeListener FOUND | NOT ACTIVE
V/nicola  (  248): TextualID : title
V/nicola  (  248): ContentType detected : default
V/ReflectionHelper(  248): org.wordpress.android.util.WPEditText > mOnFocusChangeListener FOUND | ACTIVE
V/nicola  (  248): TextualID : postContent
V/nicola  (  248): ContentType detected : default
V/nicola  (  248): TextualID : l_tags_categories
V/nicola  (  248): ContentType detected : default
V/ReflectionHelper(  248): android.widget.EditText > mOnFocusChangeListener FOUND | NOT ACTIVE
V/nicola  (  248): TextualID : tags
V/nicola  (  248): ContentType detected : default
V/nicola  (  248): TextualID : selectCategories
V/nicola  (  248): ContentType detected : default
V/nicola  (  248): TextualID : selectedCategories
V/nicola  (  248): ContentType detected : default
V/nicola  (  248): TextualID : l_status
V/nicola  (  248): ContentType detected : default
V/nicola  (  248): TextualID : statusLabel
V/nicola  (  248): ContentType detected : default
V/nicola  (  248): TextualID : pubDateLabel
V/nicola  (  248): ContentType detected : default
V/nicola  (  248): TextualID : pubDate
V/nicola  (  248): ContentType detected : default
V/nicola  (  248): TextualID : pubDateButton
V/nicola  (  248): ContentType detected : default
V/nicola  (  248): TextualID : postFormatLabel
V/nicola  (  248): ContentType detected : default
V/nicola  (  248): TextualID : null
V/nicola  (  248): ContentType detected : default
V/ReflectionHelper(  248): android.widget.EditText > mOnFocusChangeListener FOUND | NOT ACTIVE
V/nicola  (  248): TextualID : post_password
V/nicola  (  248): ContentType detected : default
V/nicola  (  248): TextualID : post
V/nicola  (  248): ContentType detected : default
I/nofatclips(  248): Performing comparation for activity EditPost
D/nofatclips(  248): Comparing against activity Dashboard
D/nofatclips(  248): Comparing against activity EditPost
D/nofatclips(  248): Comparing against activity Settings
D/nofatclips(  248): Comparing against activity Read
D/nofatclips(  248): Comparing against activity Dashboard
D/nofatclips(  248): Comparing against activity Settings
D/nofatclips(  248): Comparing against activity Dashboard
D/nofatclips(  248): Comparing against activity NewAccount
D/nofatclips(  248): Comparing against activity NewAccount
D/nofatclips(  248): Comparing against activity Dashboard
D/nofatclips(  248): Comparing against activity Dashboard
D/nofatclips(  248): Comparing against activity Dashboard
D/nofatclips(  248): Comparing against activity Dashboard
D/nofatclips(  248): Comparing against activity Settings
I/nofatclips(  248): Registering activity EditPost (id: a15) as a new found state
D/nofatclips(  248): Performing backup of the old activity list on disk
D/nofatclips(  248): Saving new found state 'a15' on disk
V/nofatclips(  248): Opening state file in append mode.
I/nofatclips(  248): Saved image on disk: a15.jpg
I/nofatclips(  248): Waiting for 100 msec.
I/nofatclips(  248): Session count is 1. Will dump to disk at 1
I/nofatclips(  248): Saving the session on disk.
D/dalvikvm(  248): GC_CONCURRENT freed 1263K, 48% free 4796K/9095K, external 3499K/3620K, paused 7ms+7ms
I/nofatclips(  248): Planning for new Activity EditPost
D/nofatclips(  248): Handling event 'focus' on widget id=2131165265 type=focusableEditText name=Content
D/nofatclips(  248): Handling input 'writeText' on widget id=2131165236 type=editText name=Title
V/nofatclips(  248): Using value: 90
D/nofatclips(  248): Handling input 'writeText' on widget id=2131165268 type=editText name=Tags (separate tags with commas)
V/nofatclips(  248): Using value: 85
D/nofatclips(  248): Handling input 'writeText' on widget id=2131165286 type=editText name=Password (optional)
V/nofatclips(  248): Using value: 45
D/dalvikvm(   61): GC_EXPLICIT freed 242K, 46% free 4136K/7559K, external 1316K/1828K, paused 360ms
D/nofatclips(  248): Handling event 'click' on widget id=2131165269 type=button name=Select Categories
D/nofatclips(  248): Handling input 'writeText' on widget id=2131165236 type=editText name=Title
V/nofatclips(  248): Using value: 90
D/nofatclips(  248): Handling input 'writeText' on widget id=2131165268 type=editText name=Tags (separate tags with commas)
V/nofatclips(  248): Using value: 85
D/nofatclips(  248): Handling input 'writeText' on widget id=2131165286 type=editText name=Password (optional)
V/nofatclips(  248): Using value: 45
D/nofatclips(  248): Handling event 'click' on widget id=2131165283 type=button name=Edit
D/nofatclips(  248): Handling input 'writeText' on widget id=2131165236 type=editText name=Title
V/nofatclips(  248): Using value: 90
D/nofatclips(  248): Handling input 'writeText' on widget id=2131165268 type=editText name=Tags (separate tags with commas)
V/nofatclips(  248): Using value: 85
D/nofatclips(  248): Handling input 'writeText' on widget id=2131165286 type=editText name=Password (optional)
V/nofatclips(  248): Using value: 45
D/nofatclips(  248): Handling event selectSpinnerItem for items [1,10] on spinner #2131165285 count=10
D/nofatclips(  248): Handling input 'writeText' on widget id=2131165236 type=editText name=Title
V/nofatclips(  248): Using value: 90
D/nofatclips(  248): Handling input 'writeText' on widget id=2131165268 type=editText name=Tags (separate tags with commas)
V/nofatclips(  248): Using value: 85
D/nofatclips(  248): Handling input 'writeText' on widget id=2131165286 type=editText name=Password (optional)
V/nofatclips(  248): Using value: 45
D/nofatclips(  248): Handling input 'writeText' on widget id=2131165236 type=editText name=Title
V/nofatclips(  248): Using value: 90
D/nofatclips(  248): Handling input 'writeText' on widget id=2131165268 type=editText name=Tags (separate tags with commas)
V/nofatclips(  248): Using value: 85
D/nofatclips(  248): Handling input 'writeText' on widget id=2131165286 type=editText name=Password (optional)
V/nofatclips(  248): Using value: 45
D/nofatclips(  248): Handling input 'writeText' on widget id=2131165236 type=editText name=Title
V/nofatclips(  248): Using value: 90
D/nofatclips(  248): Handling input 'writeText' on widget id=2131165268 type=editText name=Tags (separate tags with commas)
V/nofatclips(  248): Using value: 85
D/nofatclips(  248): Handling input 'writeText' on widget id=2131165286 type=editText name=Password (optional)
V/nofatclips(  248): Using value: 45
D/nofatclips(  248): Handling input 'writeText' on widget id=2131165236 type=editText name=Title
V/nofatclips(  248): Using value: 90
D/nofatclips(  248): Handling input 'writeText' on widget id=2131165268 type=editText name=Tags (separate tags with commas)
V/nofatclips(  248): Using value: 85
D/nofatclips(  248): Handling input 'writeText' on widget id=2131165286 type=editText name=Password (optional)
V/nofatclips(  248): Using value: 45
D/nofatclips(  248): Handling input 'writeText' on widget id=2131165236 type=editText name=Title
V/nofatclips(  248): Using value: 90
D/nofatclips(  248): Handling input 'writeText' on widget id=2131165268 type=editText name=Tags (separate tags with commas)
V/nofatclips(  248): Using value: 85
D/nofatclips(  248): Handling input 'writeText' on widget id=2131165286 type=editText name=Password (optional)
V/nofatclips(  248): Using value: 45
D/nofatclips(  248): Handling input 'writeText' on widget id=2131165236 type=editText name=Title
V/nofatclips(  248): Using value: 90
D/nofatclips(  248): Handling input 'writeText' on widget id=2131165268 type=editText name=Tags (separate tags with commas)
V/nofatclips(  248): Using value: 85
D/nofatclips(  248): Handling input 'writeText' on widget id=2131165286 type=editText name=Password (optional)
V/nofatclips(  248): Using value: 45
D/nofatclips(  248): Handling input 'writeText' on widget id=2131165236 type=editText name=Title
V/nofatclips(  248): Using value: 90
D/nofatclips(  248): Handling input 'writeText' on widget id=2131165268 type=editText name=Tags (separate tags with commas)
V/nofatclips(  248): Using value: 85
D/nofatclips(  248): Handling input 'writeText' on widget id=2131165286 type=editText name=Password (optional)
V/nofatclips(  248): Using value: 45
D/nofatclips(  248): Handling input 'writeText' on widget id=2131165236 type=editText name=Title
V/nofatclips(  248): Using value: 90
D/nofatclips(  248): Handling input 'writeText' on widget id=2131165268 type=editText name=Tags (separate tags with commas)
V/nofatclips(  248): Using value: 85
D/nofatclips(  248): Handling input 'writeText' on widget id=2131165286 type=editText name=Password (optional)
V/nofatclips(  248): Using value: 45
D/nofatclips(  248): Handling input 'writeText' on widget id=2131165236 type=editText name=Title
V/nofatclips(  248): Using value: 90
D/nofatclips(  248): Handling input 'writeText' on widget id=2131165268 type=editText name=Tags (separate tags with commas)
V/nofatclips(  248): Using value: 85
D/nofatclips(  248): Handling input 'writeText' on widget id=2131165286 type=editText name=Password (optional)
V/nofatclips(  248): Using value: 45
D/nofatclips(  248): Handling input 'writeText' on widget id=2131165236 type=editText name=Title
V/nofatclips(  248): Using value: 90
D/nofatclips(  248): Handling input 'writeText' on widget id=2131165268 type=editText name=Tags (separate tags with commas)
V/nofatclips(  248): Using value: 85
D/nofatclips(  248): Handling input 'writeText' on widget id=2131165286 type=editText name=Password (optional)
V/nofatclips(  248): Using value: 45
D/nofatclips(  248): Handling event 'click' on widget id=2131165287 type=button name=Publish
D/nofatclips(  248): Handling input 'writeText' on widget id=2131165236 type=editText name=Title
V/nofatclips(  248): Using value: 90
D/nofatclips(  248): Handling input 'writeText' on widget id=2131165268 type=editText name=Tags (separate tags with commas)
V/nofatclips(  248): Using value: 85
D/nofatclips(  248): Handling input 'writeText' on widget id=2131165286 type=editText name=Password (optional)
V/nofatclips(  248): Using value: 45
I/nofatclips(  248): Created trace to press the back button
I/nofatclips(  248): Created trace to press the menu button
I/nofatclips(  248): Created trace to change orientation
D/dalvikvm(  248): GC_CONCURRENT freed 1921K, 49% free 4824K/9351K, external 2899K/3620K, paused 4ms+5ms
I/nofatclips(  248): Check for termination: 86 steps left of 100
I/nofatclips(  248): Dispatching new task. 2 more tasks remaining.
D/nofatclips(  248): Performing backup of the old task list on disk
D/nofatclips(  248): Saving task list on disk
V/nofatclips(  248): Backing up trace #179 to disk.
V/nofatclips(  248): Backing up trace #180 to disk.
D/dalvikvm(  248): GC_CONCURRENT freed 1759K, 49% free 4787K/9351K, external 2899K/3620K, paused 4ms+4ms
D/nofatclips(  248): Deleting backup of the old task list from disk
D/nofatclips(  248): Deleting backup of the old activity list from disk
I/nofatclips(  248): Incrementally Playing Trace 180
D/nofatclips(  248): Firing event: type= back
W/KeyCharacterMap(  248): No keyboard for id 0
W/KeyCharacterMap(  248): Using default keymap: /system/usr/keychars/qwerty.kcm.bin
I/nofatclips(  248): Waiting for 100 msec.
I/nofatclips(  248): Current activity is EditPost
I/nofatclips(  248): Retrieving widgets
D/nofatclips(  248): Found widget: id=16908290 (android.widget.FrameLayout@4059ccb8)
D/nofatclips(  248): Found widget: id=16908666 (com.android.internal.widget.WeightedLinearLayout@405a4cb8)
D/nofatclips(  248): Found widget: id=16908667 (android.widget.LinearLayout@40540a78)
D/nofatclips(  248): Found widget: id=16908668 (android.widget.LinearLayout@405bcb18)
D/nofatclips(  248): Found widget: id=16908294 (android.widget.ImageView@405cd590)
D/nofatclips(  248): Found widget: id=16908669 (com.android.internal.widget.DialogTitle@4056b748): Cancel Edit
D/nofatclips(  248): Found widget: id=16908670 (android.widget.ImageView@4061ced0)
D/nofatclips(  248): Found widget: id=16908671 (android.widget.LinearLayout@4062c118)
D/nofatclips(  248): Found widget: id=16908672 (android.widget.ScrollView@405cb690)
D/nofatclips(  248): Found widget: id=16908299 (android.widget.TextView@40578838): Are you sure you want to cancel editing this post?
D/nofatclips(  248): Found widget: id=16908673 (android.widget.FrameLayout@405a5d70)
D/nofatclips(  248): Found widget: id=16908331 (android.widget.FrameLayout@405d63a8)
D/nofatclips(  248): Found widget: id=16908674 (android.widget.LinearLayout@4066d878)
D/nofatclips(  248): Found widget: id=-1 (android.widget.LinearLayout@406f6318)
D/nofatclips(  248): Found widget: id=16908675 (android.widget.LinearLayout@4070fe80)
D/nofatclips(  248): Found widget: id=16908313 (android.widget.Button@405919e8): Yes
D/nofatclips(  248): Found widget: id=16908315 (android.widget.Button@40667d60): 
D/nofatclips(  248): Found widget: id=16908314 (android.widget.Button@4067b0e0): No
D/nofatclips(  248): Found widget: id=16908676 (android.widget.LinearLayout@4071b758)
D/nofatclips(  248): Found widget: id=-1 (com.android.internal.policy.impl.PhoneWindow$DecorView@405b1178)
V/nicola  (  248): TextualID : null
V/nicola  (  248): ContentType detected : default
V/nicola  (  248): TextualID : null
V/nicola  (  248): ContentType detected : default
V/nicola  (  248): TextualID : null
V/nicola  (  248): ContentType detected : default
V/nicola  (  248): TextualID : null
V/nicola  (  248): ContentType detected : default
I/nofatclips(  248): Performing comparation for activity EditPost
D/nofatclips(  248): Comparing against activity Dashboard
D/nofatclips(  248): Comparing against activity EditPost
D/nofatclips(  248): Comparing against activity Settings
D/nofatclips(  248): Comparing against activity EditPost
D/nofatclips(  248): Comparing against activity Read
D/nofatclips(  248): Comparing against activity Dashboard
D/nofatclips(  248): Comparing against activity Settings
D/nofatclips(  248): Comparing against activity Dashboard
D/nofatclips(  248): Comparing against activity NewAccount
D/nofatclips(  248): Comparing against activity NewAccount
D/nofatclips(  248): Comparing against activity Dashboard
D/nofatclips(  248): Comparing against activity Dashboard
D/nofatclips(  248): Comparing against activity Dashboard
D/nofatclips(  248): Comparing against activity Dashboard
D/nofatclips(  248): Comparing against activity Settings
I/nofatclips(  248): Registering activity EditPost (id: a16) as a new found state
D/nofatclips(  248): Performing backup of the old activity list on disk
D/nofatclips(  248): Saving new found state 'a16' on disk
V/nofatclips(  248): Opening state file in append mode.
I/nofatclips(  248): Saved image on disk: a16.jpg
I/nofatclips(  248): Waiting for 100 msec.
I/nofatclips(  248): Session count is 1. Will dump to disk at 1
I/nofatclips(  248): Saving the session on disk.
I/nofatclips(  248): Planning for new Activity EditPost
D/nofatclips(  248): Handling event 'click' on widget id=16908313 type=button name=Yes
D/nofatclips(  248): Handling event 'click' on widget id=16908314 type=button name=No
I/nofatclips(  248): Created trace to press the back button
I/nofatclips(  248): Created trace to press the menu button
I/nofatclips(  248): Created trace to change orientation
I/nofatclips(  248): Check for termination: 85 steps left of 100
I/nofatclips(  248): Dispatching new task. 2 more tasks remaining.
D/nofatclips(  248): Performing backup of the old task list on disk
D/nofatclips(  248): Saving task list on disk
V/nofatclips(  248): Backing up trace #184 to disk.
V/nofatclips(  248): Backing up trace #185 to disk.
D/dalvikvm(  248): GC_CONCURRENT freed 1633K, 48% free 4870K/9351K, external 3613K/3620K, paused 11ms+13ms
D/nofatclips(  248): Deleting backup of the old task list from disk
D/nofatclips(  248): Deleting backup of the old activity list from disk
I/nofatclips(  248): Incrementally Playing Trace 185
I/nofatclips(  248): Retrieved from return list id=16908290
D/nofatclips(  248): Testing for type (android.widget.FrameLayout) against the original (null)
I/nofatclips(  248): Firing event: type= changeOrientation name= widget=null
W/KeyCharacterMap(  248): No keyboard for id 0
W/KeyCharacterMap(  248): Using default keymap: /system/usr/keychars/qwerty.kcm.bin
I/WindowManager(   61): Setting rotation to 1, animFlags=1
I/ActivityManager(   61): Config changed: { scale=1.0 imsi=310/260 loc=en_US touch=3 keys=2/1/2 nav=1/1 orien=2 layout=18 uiMode=17 seq=7}
I/nofatclips(  248): Waiting for 100 msec.
D/dalvikvm(  126): GC_CONCURRENT freed 228K, 51% free 2808K/5703K, external 956K/1038K, paused 23ms+74ms
I/nofatclips(  248): Current activity is EditPost
I/nofatclips(  248): Retrieving widgets
D/nofatclips(  248): Found widget: id=16908290 (android.widget.FrameLayout@4059ccb8)
D/nofatclips(  248): Found widget: id=16908666 (com.android.internal.widget.WeightedLinearLayout@405a4cb8)
D/nofatclips(  248): Found widget: id=16908667 (android.widget.LinearLayout@40540a78)
D/nofatclips(  248): Found widget: id=16908668 (android.widget.LinearLayout@405bcb18)
D/nofatclips(  248): Found widget: id=16908294 (android.widget.ImageView@405cd590)
D/nofatclips(  248): Found widget: id=16908669 (com.android.internal.widget.DialogTitle@4056b748): Cancel Edit
D/nofatclips(  248): Found widget: id=16908670 (android.widget.ImageView@4061ced0)
D/nofatclips(  248): Found widget: id=16908671 (android.widget.LinearLayout@4062c118)
D/nofatclips(  248): Found widget: id=16908672 (android.widget.ScrollView@405cb690)
D/nofatclips(  248): Found widget: id=16908299 (android.widget.TextView@40578838): Are you sure you want to cancel editing this post?
D/nofatclips(  248): Found widget: id=16908673 (android.widget.FrameLayout@405a5d70)
D/nofatclips(  248): Found widget: id=16908331 (android.widget.FrameLayout@405d63a8)
D/nofatclips(  248): Found widget: id=16908674 (android.widget.LinearLayout@4066d878)
D/nofatclips(  248): Found widget: id=-1 (android.widget.LinearLayout@406f6318)
D/nofatclips(  248): Found widget: id=16908675 (android.widget.LinearLayout@4070fe80)
D/nofatclips(  248): Found widget: id=16908313 (android.widget.Button@405919e8): Yes
D/nofatclips(  248): Found widget: id=16908315 (android.widget.Button@40667d60): 
D/nofatclips(  248): Found widget: id=16908314 (android.widget.Button@4067b0e0): No
D/nofatclips(  248): Found widget: id=16908676 (android.widget.LinearLayout@4071b758)
D/nofatclips(  248): Found widget: id=-1 (com.android.internal.policy.impl.PhoneWindow$DecorView@405b1178)
V/nicola  (  248): TextualID : null
V/nicola  (  248): ContentType detected : default
V/nicola  (  248): TextualID : null
V/nicola  (  248): ContentType detected : default
V/nicola  (  248): TextualID : null
V/nicola  (  248): ContentType detected : default
V/nicola  (  248): TextualID : null
V/nicola  (  248): ContentType detected : default
I/nofatclips(  248): Performing comparation for activity EditPost
D/nofatclips(  248): Comparing against activity Dashboard
D/nofatclips(  248): Comparing against activity EditPost
D/nofatclips(  248): Comparing against activity Settings
D/nofatclips(  248): Comparing against activity EditPost
D/nofatclips(  248): Comparing against activity Read
D/nofatclips(  248): Comparing against activity Dashboard
D/nofatclips(  248): Comparing against activity EditPost
D/nofatclips(  248): Comparing against activity Settings
D/nofatclips(  248): Comparing against activity Dashboard
D/nofatclips(  248): Comparing against activity NewAccount
D/nofatclips(  248): Comparing against activity NewAccount
D/nofatclips(  248): Comparing against activity Dashboard
D/nofatclips(  248): Comparing against activity Dashboard
D/nofatclips(  248): Comparing against activity Dashboard
D/nofatclips(  248): Comparing against activity Dashboard
D/nofatclips(  248): Comparing against activity Settings
I/nofatclips(  248): Registering activity EditPost (id: a17) as a new found state
D/nofatclips(  248): Performing backup of the old activity list on disk
D/nofatclips(  248): Saving new found state 'a17' on disk
V/nofatclips(  248): Opening state file in append mode.
D/dalvikvm(  248): GC_EXTERNAL_ALLOC freed 734K, 50% free 4692K/9351K, external 3342K/3620K, paused 167ms
I/nofatclips(  248): Saved image on disk: a17.jpg
I/nofatclips(  248): Waiting for 100 msec.
I/nofatclips(  248): Session count is 1. Will dump to disk at 1
I/nofatclips(  248): Saving the session on disk.
I/nofatclips(  248): Planning for new Activity EditPost
D/nofatclips(  248): Handling event 'click' on widget id=16908313 type=button name=Yes
D/nofatclips(  248): Handling event 'click' on widget id=16908314 type=button name=No
I/nofatclips(  248): Created trace to press the back button
I/nofatclips(  248): Created trace to press the menu button
I/nofatclips(  248): Created trace to change orientation
D/dalvikvm(   61): GC_EXPLICIT freed 29K, 46% free 4118K/7559K, external 1316K/1828K, paused 310ms
I/nofatclips(  248): Check for termination: 84 steps left of 100
I/nofatclips(  248): Dispatching new task. 2 more tasks remaining.
D/nofatclips(  248): Performing backup of the old task list on disk
D/nofatclips(  248): Saving task list on disk
V/nofatclips(  248): Backing up trace #189 to disk.
V/nofatclips(  248): Backing up trace #190 to disk.
D/nofatclips(  248): Deleting backup of the old task list from disk
D/nofatclips(  248): Deleting backup of the old activity list from disk
I/nofatclips(  248): Incrementally Playing Trace 190
I/nofatclips(  248): Retrieved from return list id=16908313
D/nofatclips(  248): Testing for type (android.widget.Button) against the original (android.widget.Button)
D/nofatclips(  248): Testing for name (Yes) against the original (Yes)
I/nofatclips(  248): Firing event: type= click index=15 widget=android.widget.Button
D/nofatclips(  248): Event description: Yes
I/nofatclips(  248): Waiting for 100 msec.
I/nofatclips(  248): Current activity is Dashboard
I/nofatclips(  248): Retrieving widgets
D/nofatclips(  248): Found widget: id=16908290 (android.widget.FrameLayout@405a0a00)
D/nofatclips(  248): Found widget: id=2131165248 (android.widget.RelativeLayout@405a1700)
D/nofatclips(  248): Found widget: id=2131165249 (android.widget.LinearLayout@405a1d68)
D/nofatclips(  248): Found widget: id=-1 (android.widget.ImageView@405a22b0)
D/nofatclips(  248): Found widget: id=2131165250 (org.wordpress.android.util.WPTitleBar@4059bc88)
D/nofatclips(  248): Found widget: id=2131165195 (android.widget.RelativeLayout@4050e260)
D/nofatclips(  248): Found widget: id=2131165196 (android.widget.RelativeLayout@40568510)
D/nofatclips(  248): Found widget: id=2131165197 (android.widget.ImageView@4059cf20)
D/nofatclips(  248): Found widget: id=2131165198 (android.widget.TextView@40541880): Katie's Sweet Testing Blog
D/nofatclips(  248): Found widget: id=2131165199 (android.widget.ImageView@4055d110)
D/nofatclips(  248): Found widget: id=-1 (android.widget.RelativeLayout@40579478)
D/nofatclips(  248): Found widget: id=2131165200 (android.widget.ImageButton@4059d448)
D/nofatclips(  248): Found widget: id=-1 (android.widget.FrameLayout@4057a9d0)
D/nofatclips(  248): Found widget: id=2131165201 (android.widget.Button@40542248): 
D/nofatclips(  248): Found widget: id=2131165202 (android.widget.ImageView@40593880)
D/nofatclips(  248): Found widget: id=2131165203 (android.widget.ImageView@4053ca40)
D/nofatclips(  248): Found widget: id=2131165249 (android.widget.LinearLayout@4063e568)
D/nofatclips(  248): Found widget: id=-1 (android.widget.FrameLayout@405b1570)
D/nofatclips(  248): Found widget: id=-1 (android.widget.LinearLayout@405c6a38)
D/nofatclips(  248): Found widget: id=-1 (android.widget.LinearLayout@405b27d8)
D/nofatclips(  248): Found widget: id=-1 (android.widget.LinearLayout@405c63d8)
D/nofatclips(  248): Found widget: id=2131165251 (android.widget.LinearLayout@405d8800)
D/nofatclips(  248): Found widget: id=-1 (android.widget.ImageView@40550918)
D/nofatclips(  248): Found widget: id=-1 (android.widget.TextView@4064c570): New Post
D/nofatclips(  248): Found widget: id=2131165252 (android.widget.LinearLayout@405b9ed8)
D/nofatclips(  248): Found widget: id=-1 (android.widget.ImageView@405dae28)
D/nofatclips(  248): Found widget: id=-1 (android.widget.TextView@405b0a10): Quick Photo
D/nofatclips(  248): Found widget: id=-1 (android.widget.LinearLayout@40594f70)
D/nofatclips(  248): Found widget: id=2131165253 (android.widget.LinearLayout@405ac4f8)
D/nofatclips(  248): Found widget: id=-1 (android.widget.ImageView@40669970)
D/nofatclips(  248): Found widget: id=-1 (android.widget.TextView@40648f80): New Page
D/nofatclips(  248): Found widget: id=2131165254 (android.widget.LinearLayout@4064d600)
D/nofatclips(  248): Found widget: id=-1 (android.widget.ImageView@40665f28)
D/nofatclips(  248): Found widget: id=-1 (android.widget.TextView@4066a6d0): Quick Video
D/nofatclips(  248): Found widget: id=-1 (android.widget.LinearLayout@4066cbf0)
D/nofatclips(  248): Found widget: id=-1 (android.widget.LinearLayout@405fada0)
D/nofatclips(  248): Found widget: id=2131165255 (android.widget.LinearLayout@40613c58)
D/nofatclips(  248): Found widget: id=-1 (android.widget.ImageView@4060f938)
D/nofatclips(  248): Found widget: id=2131165256 (android.widget.TextView@4064c238): Posts
D/nofatclips(  248): Found widget: id=2131165257 (android.widget.LinearLayout@4061c260)
D/nofatclips(  248): Found widget: id=-1 (android.widget.ImageView@405cbeb0)
D/nofatclips(  248): Found widget: id=2131165256 (android.widget.TextView@405fa400): Pages
D/nofatclips(  248): Found widget: id=-1 (android.widget.FrameLayout@405dc348)
D/nofatclips(  248): Found widget: id=2131165258 (android.widget.LinearLayout@405dc4a0)
D/nofatclips(  248): Found widget: id=-1 (android.widget.ImageView@4061d598)
D/nofatclips(  248): Found widget: id=2131165256 (android.widget.TextView@405ce2e8): Comments
D/nofatclips(  248): Found widget: id=2131165259 (android.widget.FrameLayout@405b3028)
D/nofatclips(  248): Found widget: id=2131165260 (android.widget.ImageView@40666970)
D/nofatclips(  248): Found widget: id=2131165261 (org.wordpress.android.util.CommentBadgeTextView@405faa58): 0
D/nofatclips(  248): Found widget: id=-1 (android.widget.LinearLayout@40667a68)
D/nofatclips(  248): Found widget: id=2131165262 (android.widget.LinearLayout@40669e78)
D/nofatclips(  248): Found widget: id=-1 (android.widget.ImageView@4066b190)
D/nofatclips(  248): Found widget: id=2131165256 (android.widget.TextView@4066c8d8): Settings
D/nofatclips(  248): Found widget: id=2131165263 (android.widget.LinearLayout@4066c248)
D/nofatclips(  248): Found widget: id=-1 (android.widget.ImageView@4066d560)
D/nofatclips(  248): Found widget: id=2131165256 (android.widget.TextView@4066beb8): Read
D/nofatclips(  248): Found widget: id=2131165264 (android.widget.LinearLayout@4066e1b0)
D/nofatclips(  248): Found widget: id=-1 (android.widget.ImageView@405b1898)
D/nofatclips(  248): Found widget: id=2131165256 (android.widget.TextView@40667158): Stats
D/nofatclips(  248): Found widget: id=-1 (com.android.internal.policy.impl.PhoneWindow$DecorView@405a0100)
V/nicola  (  248): TextualID : blog_title
V/nicola  (  248): ContentType detected : default
V/nicola  (  248): TextualID : action_refresh
V/nicola  (  248): ContentType detected : default
V/nicola  (  248): TextualID : null
V/nicola  (  248): ContentType detected : default
V/nicola  (  248): TextualID : null
V/nicola  (  248): ContentType detected : default
V/nicola  (  248): TextualID : null
V/nicola  (  248): ContentType detected : default
V/nicola  (  248): TextualID : null
V/nicola  (  248): ContentType detected : default
V/nicola  (  248): TextualID : button_text
V/nicola  (  248): ContentType detected : default
V/nicola  (  248): TextualID : button_text
V/nicola  (  248): ContentType detected : default
V/nicola  (  248): TextualID : button_text
V/nicola  (  248): ContentType detected : default
V/nicola  (  248): TextualID : button_text
V/nicola  (  248): ContentType detected : default
V/nicola  (  248): TextualID : button_text
V/nicola  (  248): ContentType detected : default
V/nicola  (  248): TextualID : button_text
V/nicola  (  248): ContentType detected : default
I/nofatclips(  248): Performing comparation for activity Dashboard
D/nofatclips(  248): Comparing against activity EditPost
D/nofatclips(  248): Comparing against activity Dashboard
D/nofatclips(  248): Comparing against activity EditPost
D/nofatclips(  248): Comparing against activity Settings
D/nofatclips(  248): Comparing against activity EditPost
D/nofatclips(  248): Comparing against activity Read
D/nofatclips(  248): Comparing against activity Dashboard
D/nofatclips(  248): Comparing against activity EditPost
D/nofatclips(  248): Comparing against activity Settings
D/nofatclips(  248): Comparing against activity Dashboard
D/nofatclips(  248): Comparing against activity NewAccount
D/nofatclips(  248): Comparing against activity NewAccount
D/nofatclips(  248): Comparing against activity Dashboard
D/nofatclips(  248): Comparing against activity Dashboard
D/nofatclips(  248): Comparing against activity Dashboard
D/nofatclips(  248): Comparing against activity Dashboard
D/nofatclips(  248): Comparing against activity Settings
I/nofatclips(  248): Registering activity Dashboard (id: a18) as a new found state
D/nofatclips(  248): Performing backup of the old activity list on disk
D/nofatclips(  248): Saving new found state 'a18' on disk
V/nofatclips(  248): Opening state file in append mode.
D/dalvikvm(  248): GC_CONCURRENT freed 2076K, 50% free 4795K/9479K, external 3788K/4283K, paused 9ms+10ms
I/nofatclips(  248): Saved image on disk: a18.jpg
I/nofatclips(  248): Waiting for 100 msec.
I/nofatclips(  248): Session count is 1. Will dump to disk at 1
I/nofatclips(  248): Saving the session on disk.
I/nofatclips(  248): Planning for new Activity Dashboard
D/nofatclips(  248): Handling event 'click' on widget id=2131165200 type=button name=
D/nofatclips(  248): Handling event 'click' on widget id=2131165201 type=button name=
D/nofatclips(  248): Handling event 'click' on widget id=2131165249 type=linearLayout name=
D/nofatclips(  248): Handling event 'click' on widget id=2131165251 type=linearLayout name=
D/nofatclips(  248): Handling event 'click' on widget id=2131165252 type=linearLayout name=
D/nofatclips(  248): Handling event 'click' on widget id=2131165253 type=linearLayout name=
D/nofatclips(  248): Handling event 'click' on widget id=2131165254 type=linearLayout name=
D/nofatclips(  248): Handling event 'click' on widget id=2131165255 type=linearLayout name=
D/nofatclips(  248): Handling event 'click' on widget id=2131165257 type=linearLayout name=
D/nofatclips(  248): Handling event 'click' on widget id=2131165258 type=linearLayout name=
D/nofatclips(  248): Handling event 'click' on widget id=2131165262 type=linearLayout name=
D/nofatclips(  248): Handling event 'click' on widget id=2131165263 type=linearLayout name=
D/nofatclips(  248): Handling event 'click' on widget id=2131165264 type=linearLayout name=
I/nofatclips(  248): Created trace to press the back button
D/dalvikvm(  248): GC_CONCURRENT freed 1853K, 48% free 4948K/9479K, external 2899K/2899K, paused 3ms+6ms
I/nofatclips(  248): Created trace to press the menu button
I/nofatclips(  248): Created trace to change orientation
D/dalvikvm(  248): GC_CONCURRENT freed 2025K, 51% free 4698K/9479K, external 2212K/2762K, paused 4ms+5ms
I/nofatclips(  248): Check for termination: 83 steps left of 100
I/nofatclips(  248): Dispatching new task. 2 more tasks remaining.
D/nofatclips(  248): Performing backup of the old task list on disk
D/nofatclips(  248): Saving task list on disk
V/nofatclips(  248): Backing up trace #204 to disk.
V/nofatclips(  248): Backing up trace #205 to disk.
D/dalvikvm(  248): GC_FOR_MALLOC freed 897K, 50% free 4761K/9479K, external 2212K/2762K, paused 48ms
D/nofatclips(  248): Deleting backup of the old task list from disk
D/nofatclips(  248): Deleting backup of the old activity list from disk
I/nofatclips(  248): Incrementally Playing Trace 205
I/nofatclips(  248): Retrieved from return list id=16908290
D/nofatclips(  248): Testing for type (android.widget.FrameLayout) against the original (null)
I/nofatclips(  248): Firing event: type= openMenu name= widget=null
W/KeyCharacterMap(  248): No keyboard for id 0
W/KeyCharacterMap(  248): Using default keymap: /system/usr/keychars/qwerty.kcm.bin
I/nofatclips(  248): Waiting for 100 msec.
I/nofatclips(  248): Current activity is Dashboard
I/nofatclips(  248): Retrieving widgets
D/nofatclips(  248): Found widget: id=16908726 (com.android.internal.view.menu.IconMenuView@405d0ce0)
D/nofatclips(  248): Found widget: id=16908310 (com.android.internal.view.menu.IconMenuItemView@405b4568): Add Account
D/nofatclips(  248): Found widget: id=16908310 (com.android.internal.view.menu.IconMenuItemView@405df420): Preferences
D/nofatclips(  248): Found widget: id=16908310 (com.android.internal.view.menu.IconMenuItemView@40651cf8): Remove Blog
D/nofatclips(  248): Found widget: id=16908310 (com.android.internal.view.menu.IconMenuItemView@40656650): About
D/nofatclips(  248): Found widget: id=-1 (com.android.internal.policy.impl.PhoneWindow$DecorView@405d0f08)
V/ReflectionHelper(  248): com.android.internal.view.menu.IconMenuView > mOnFocusChangeListener FOUND | NOT ACTIVE
V/nicola  (  248): TextualID : null
V/nicola  (  248): ContentType detected : default
V/nicola  (  248): TextualID : null
V/nicola  (  248): ContentType detected : default
V/nicola  (  248): TextualID : null
V/nicola  (  248): ContentType detected : default
V/nicola  (  248): TextualID : null
V/nicola  (  248): ContentType detected : default
I/nofatclips(  248): Performing comparation for activity Dashboard
D/nofatclips(  248): Comparing against activity EditPost
D/nofatclips(  248): Comparing against activity Dashboard
D/nofatclips(  248): Comparing against activity Dashboard
D/nofatclips(  248): Comparing against activity EditPost
D/nofatclips(  248): Comparing against activity Settings
D/nofatclips(  248): Comparing against activity EditPost
D/nofatclips(  248): Comparing against activity Read
D/nofatclips(  248): Comparing against activity Dashboard
D/nofatclips(  248): Comparing against activity EditPost
D/nofatclips(  248): Comparing against activity Settings
D/nofatclips(  248): Comparing against activity Dashboard
D/nofatclips(  248): Comparing against activity NewAccount
D/nofatclips(  248): Comparing against activity NewAccount
D/nofatclips(  248): Comparing against activity Dashboard
D/nofatclips(  248): Comparing against activity Dashboard
D/nofatclips(  248): Comparing against activity Dashboard
D/nofatclips(  248): Comparing against activity Dashboard
D/nofatclips(  248): Comparing against activity Settings
I/nofatclips(  248): Registering activity Dashboard (id: a19) as a new found state
D/nofatclips(  248): Performing backup of the old activity list on disk
D/nofatclips(  248): Saving new found state 'a19' on disk
V/nofatclips(  248): Opening state file in append mode.
I/nofatclips(  248): Saved image on disk: a19.jpg
I/nofatclips(  248): Waiting for 100 msec.
I/nofatclips(  248): Session count is 1. Will dump to disk at 1
I/nofatclips(  248): Saving the session on disk.
D/dalvikvm(  248): GC_FOR_MALLOC freed 682K, 51% free 4714K/9479K, external 2457K/2762K, paused 108ms
I/nofatclips(  248): Planning for new Activity Dashboard
D/nofatclips(  248): Handling event 'click' on widget id=16908310 type=menuItem name=Add Account
D/nofatclips(  248): Handling event 'click' on widget id=16908310 type=menuItem name=Preferences
D/nofatclips(  248): Handling event 'click' on widget id=16908310 type=menuItem name=Remove Blog
D/nofatclips(  248): Handling event 'click' on widget id=16908310 type=menuItem name=About
I/nofatclips(  248): Created trace to press the back button
I/nofatclips(  248): Created trace to press the menu button
I/nofatclips(  248): Created trace to change orientation
I/nofatclips(  248): Check for termination: 82 steps left of 100
I/nofatclips(  248): Dispatching new task. 2 more tasks remaining.
D/nofatclips(  248): Performing backup of the old task list on disk
D/nofatclips(  248): Saving task list on disk
V/nofatclips(  248): Backing up trace #210 to disk.
V/nofatclips(  248): Backing up trace #211 to disk.
D/dalvikvm(  248): GC_CONCURRENT freed 1422K, 50% free 4831K/9479K, external 2334K/2762K, paused 6ms+6ms
D/nofatclips(  248): Deleting backup of the old task list from disk
D/nofatclips(  248): Deleting backup of the old activity list from disk
I/nofatclips(  248): Incrementally Playing Trace 211
I/nofatclips(  248): Retrieved from return list id=16908310
D/nofatclips(  248): Testing for type (com.android.internal.view.menu.IconMenuItemView) against the original (com.android.internal.view.menu.IconMenuItemView)
D/nofatclips(  248): Testing for name (Preferences) against the original (Preferences)
I/nofatclips(  248): Firing event: type= click index=2 widget=com.android.internal.view.menu.IconMenuItemView
W/KeyCharacterMap(  248): No keyboard for id 0
W/KeyCharacterMap(  248): Using default keymap: /system/usr/keychars/qwerty.kcm.bin
D/nofatclips(  248): Event description: Preferences
I/ActivityManager(   61): Starting: Intent { cmp=org.wordpress.android/.NewAccount } from pid 248
I/nofatclips(  248): Waiting for 100 msec.
D/szipinf (  248): Initializing inflate state
D/szipinf (  248): Initializing zlib to inflate
D/szipinf (  248): Initializing inflate state
D/szipinf (  248): Initializing zlib to inflate
D/szipinf (  248): Initializing inflate state
D/szipinf (  248): Initializing zlib to inflate
D/szipinf (  248): Initializing inflate state
D/szipinf (  248): Initializing zlib to inflate
D/dalvikvm(  248): GC_EXTERNAL_ALLOC freed 312K, 51% free 4726K/9479K, external 2502K/2762K, paused 299ms
I/nofatclips(  248): Current activity is NewAccount
I/nofatclips(  248): Retrieving widgets
D/nofatclips(  248): Found widget: id=16908290 (android.widget.FrameLayout@4052e750)
D/nofatclips(  248): Found widget: id=2131165298 (android.widget.ScrollView@405c9d28)
D/nofatclips(  248): Found widget: id=2131165313 (android.widget.LinearLayout@4057dcc0)
D/nofatclips(  248): Found widget: id=2131165314 (android.widget.ImageView@405bcb18)
D/nofatclips(  248): Found widget: id=2131165315 (android.widget.TextView@405d51d0): Start blogging from your mobile in seconds.
D/nofatclips(  248): Found widget: id=2131165316 (android.widget.Button@40654b80): Start a new blog at WordPress.com
D/nofatclips(  248): Found widget: id=2131165317 (android.widget.Button@406e31e0): Add blog hosted at WordPress.com
D/nofatclips(  248): Found widget: id=2131165318 (android.widget.Button@405781b0): Add self-hosted WordPress blog
D/nofatclips(  248): Found widget: id=-1 (com.android.internal.policy.impl.PhoneWindow$DecorView@4056b800)
V/nicola  (  248): TextualID : welcome
V/nicola  (  248): ContentType detected : default
I/ActivityManager(   61): Displayed org.wordpress.android/.NewAccount: +1s744ms
V/nicola  (  248): TextualID : createWPAccount
V/nicola  (  248): ContentType detected : default
V/nicola  (  248): TextualID : dotcomExisting
V/nicola  (  248): ContentType detected : default
V/nicola  (  248): TextualID : dotorgExisting
V/nicola  (  248): ContentType detected : default
I/nofatclips(  248): Performing comparation for activity NewAccount
D/nofatclips(  248): Comparing against activity EditPost
D/nofatclips(  248): Comparing against activity Dashboard
D/nofatclips(  248): Comparing against activity Dashboard
D/nofatclips(  248): Comparing against activity EditPost
D/nofatclips(  248): Comparing against activity Settings
D/nofatclips(  248): Comparing against activity EditPost
D/nofatclips(  248): Comparing against activity Dashboard
D/nofatclips(  248): Comparing against activity Read
D/nofatclips(  248): Comparing against activity Dashboard
D/nofatclips(  248): Comparing against activity EditPost
D/nofatclips(  248): Comparing against activity Settings
D/nofatclips(  248): Comparing against activity Dashboard
D/nofatclips(  248): Comparing against activity NewAccount
D/nofatclips(  248): Comparing against activity NewAccount
D/nofatclips(  248): Comparing against activity Dashboard
D/nofatclips(  248): Comparing against activity Dashboard
D/nofatclips(  248): Comparing against activity Dashboard
D/nofatclips(  248): Comparing against activity Dashboard
D/nofatclips(  248): Comparing against activity Settings
I/nofatclips(  248): Registering activity NewAccount (id: a20) as a new found state
D/nofatclips(  248): Performing backup of the old activity list on disk
D/nofatclips(  248): Saving new found state 'a20' on disk
V/nofatclips(  248): Opening state file in append mode.
D/dalvikvm(  248): GC_EXTERNAL_ALLOC freed 247K, 51% free 4658K/9479K, external 4020K/4248K, paused 135ms
I/nofatclips(  248): Saved image on disk: a20.jpg
I/nofatclips(  248): Waiting for 100 msec.
I/nofatclips(  248): Session count is 1. Will dump to disk at 1
I/nofatclips(  248): Saving the session on disk.
I/nofatclips(  248): Planning for new Activity NewAccount
D/nofatclips(  248): Handling event 'click' on widget id=2131165316 type=button name=Start a new blog at WordPress.com
D/nofatclips(  248): Handling event 'click' on widget id=2131165317 type=button name=Add blog hosted at WordPress.com
