D/nofatclips(  254): Found widget: id=-1 (android.widget.HorizontalScrollView@40862018)
D/nofatclips(  254): Found widget: id=-1 (android.widget.RelativeLayout@408627c8)
D/nofatclips(  254): Found widget: id=2131165290 (android.widget.ToggleButton@40862ea0): B
D/nofatclips(  254): Found widget: id=2131165291 (android.widget.ToggleButton@4073a000): I 
D/nofatclips(  254): Found widget: id=2131165292 (android.widget.ToggleButton@4073ac68):  U 
D/nofatclips(  254): Found widget: id=2131165293 (android.widget.ToggleButton@4073bf40):  ABC 
D/nofatclips(  254): Found widget: id=2131165294 (android.widget.Button@4073cc80):  link 
D/nofatclips(  254): Found widget: id=2131165295 (android.widget.ToggleButton@4073d890): "
D/nofatclips(  254): Found widget: id=2131165296 (android.widget.Button@40888300): More
D/nofatclips(  254): Found widget: id=2131165297 (android.widget.ImageButton@40888dd8)
D/nofatclips(  254): Found widget: id=-1 (com.android.internal.policy.impl.PhoneWindow$DecorView@4085e770)
V/ReflectionHelper(  254): org.wordpress.android.util.WPEditText > mOnFocusChangeListener FOUND | ACTIVE
V/nicola  (  254): TextualID : postContent
V/nicola  (  254): ContentType detected : default
V/nicola  (  254): TextualID : bold
V/nicola  (  254): ContentType detected : default
V/nicola  (  254): TextualID : em
V/nicola  (  254): ContentType detected : default
V/nicola  (  254): TextualID : underline
V/nicola  (  254): ContentType detected : default
V/nicola  (  254): TextualID : strike
V/nicola  (  254): ContentType detected : default
V/nicola  (  254): TextualID : link
V/nicola  (  254): ContentType detected : default
V/nicola  (  254): TextualID : bquote
V/nicola  (  254): ContentType detected : default
V/nicola  (  254): TextualID : more
V/nicola  (  254): ContentType detected : default
I/nofatclips(  254): Performing comparation for activity EditContent
D/nofatclips(  254): Comparing against activity EditContent
D/nofatclips(  254): Comparing against activity Posts
D/nofatclips(  254): Comparing against activity EditContent
D/nofatclips(  254): Comparing against activity Posts
D/nofatclips(  254): Comparing against activity EditContent
D/nofatclips(  254): Comparing against activity EditContent
D/nofatclips(  254): Comparing against activity Posts
D/nofatclips(  254): Comparing against activity EditContent
D/nofatclips(  254): Comparing against activity Posts
D/nofatclips(  254): Comparing against activity EditContent
D/nofatclips(  254): Comparing against activity EditContent
D/nofatclips(  254): Comparing against activity EditContent
D/nofatclips(  254): Comparing against activity EditPost
D/nofatclips(  254): Comparing against activity EditContent
D/nofatclips(  254): Comparing against activity Link
D/nofatclips(  254): Comparing against activity EditContent
D/nofatclips(  254): Comparing against activity EditContent
D/nofatclips(  254): Comparing against activity EditContent
D/nofatclips(  254): Comparing against activity EditContent
D/nofatclips(  254): Comparing against activity Posts
D/nofatclips(  254): Comparing against activity EditContent
D/nofatclips(  254): Comparing against activity EditContent
D/nofatclips(  254): Comparing against activity Dashboard
D/nofatclips(  254): Comparing against activity EditContent
D/nofatclips(  254): Comparing against activity EditContent
D/nofatclips(  254): Comparing against activity Posts
D/nofatclips(  254): Comparing against activity Link
D/nofatclips(  254): Comparing against activity EditContent
D/nofatclips(  254): Comparing against activity EditContent
D/nofatclips(  254): Comparing against activity EditPost
D/nofatclips(  254): Comparing against activity Posts
I/nofatclips(  254): Registering activity EditContent (id: a40) as a new found state
D/nofatclips(  254): Performing backup of the old activity list on disk
D/nofatclips(  254): Saving new found state 'a40' on disk
V/nofatclips(  254): Opening state file in append mode.
I/nofatclips(  254): Saved image on disk: a40.jpg
I/nofatclips(  254): Waiting for 100 msec.
I/nofatclips(  254): Session count is 1. Will dump to disk at 1
I/nofatclips(  254): Saving the session on disk.
D/dalvikvm(  254): GC_FOR_MALLOC freed 1031K, 48% free 5163K/9927K, external 5272K/5834K, paused 122ms
I/nofatclips(  254): Planning for new Activity EditContent
D/nofatclips(  254): Handling event 'focus' on widget id=2131165265 type=focusableEditText name=Content
D/nofatclips(  254): Handling event 'click' on widget id=2131165290 type=toggle name=B
D/nofatclips(  254): Handling event 'click' on widget id=2131165291 type=toggle name=I 
D/nofatclips(  254): Handling event 'click' on widget id=2131165292 type=toggle name= U 
D/nofatclips(  254): Handling event 'click' on widget id=2131165293 type=toggle name= ABC 
D/nofatclips(  254): Handling event 'click' on widget id=2131165294 type=button name= link 
D/nofatclips(  254): Handling event 'click' on widget id=2131165295 type=toggle name="
D/nofatclips(  254): Handling event 'click' on widget id=2131165296 type=button name=More
D/nofatclips(  254): Handling event 'click' on widget id=2131165297 type=button name=
I/nofatclips(  254): Created trace to press the back button
I/nofatclips(  254): Created trace to press the menu button
I/nofatclips(  254): Created trace to change orientation
D/dalvikvm(  254): GC_CONCURRENT freed 1994K, 48% free 5217K/9927K, external 4672K/5834K, paused 6ms+7ms
I/nofatclips(  254): Check for termination: 61 steps left of 100
I/nofatclips(  254): Dispatching new task. 2 more tasks remaining.
D/nofatclips(  254): Performing backup of the old task list on disk
D/nofatclips(  254): Saving task list on disk
V/nofatclips(  254): Backing up trace #395 to disk.
D/dalvikvm(  254): GC_CONCURRENT freed 2115K, 49% free 5149K/9927K, external 4672K/5834K, paused 4ms+4ms
D/dalvikvm(  254): GC_FOR_MALLOC freed 96K, 48% free 5199K/9927K, external 4672K/5834K, paused 41ms
V/nofatclips(  254): Backing up trace #396 to disk.
D/dalvikvm(  254): GC_FOR_MALLOC freed 194K, 48% free 5210K/9927K, external 4672K/5834K, paused 41ms
D/dalvikvm(  254): GC_FOR_MALLOC freed 157K, 48% free 5242K/9927K, external 4672K/5834K, paused 41ms
D/nofatclips(  254): Deleting backup of the old task list from disk
D/nofatclips(  254): Deleting backup of the old activity list from disk
I/nofatclips(  254): Incrementally Playing Trace 396
I/nofatclips(  254): Retrieved from return list id=2131165265
D/nofatclips(  254): Testing for type (org.wordpress.android.util.WPEditText) against the original (org.wordpress.android.util.WPEditText)
D/nofatclips(  254): Testing for name (Content) against the original (Content)
I/nofatclips(  254): Firing event: type= focus index=3 widget=org.wordpress.android.util.WPEditText
W/KeyCharacterMap(  254): No keyboard for id 0
W/KeyCharacterMap(  254): Using default keymap: /system/usr/keychars/qwerty.kcm.bin
D/nofatclips(  254): Event description: 
D/nofatclips(  254): 
D/nofatclips(  254): ........More
D/nofatclips(  254): 
D/nofatclips(  254): 56
I/nofatclips(  254): Waiting for 100 msec.
I/nofatclips(  254): Current activity is EditContent
I/nofatclips(  254): Retrieving widgets
D/nofatclips(  254): Found widget: id=-1 (android.widget.TextView$HandleView@4065e060)
D/nofatclips(  254): Found widget: id=16908290 (android.widget.FrameLayout@4085ea78)
D/nofatclips(  254): Found widget: id=-1 (android.widget.LinearLayout@4085f4d0)
D/nofatclips(  254): Found widget: id=-1 (android.widget.LinearLayout@4085f6f0)
D/nofatclips(  254): Found widget: id=2131165265 (org.wordpress.android.util.WPEditText@4085f990): 
D/nofatclips(  254): 
D/nofatclips(  254): ........More
D/nofatclips(  254): 
D/nofatclips(  254): 56
D/nofatclips(  254): Found widget: id=2131165289 (android.widget.RelativeLayout@40860b00)
D/nofatclips(  254): Found widget: id=-1 (android.widget.HorizontalScrollView@40862018)
D/nofatclips(  254): Found widget: id=-1 (android.widget.RelativeLayout@408627c8)
D/nofatclips(  254): Found widget: id=2131165290 (android.widget.ToggleButton@40862ea0): B
D/nofatclips(  254): Found widget: id=2131165291 (android.widget.ToggleButton@4073a000): I 
D/nofatclips(  254): Found widget: id=2131165292 (android.widget.ToggleButton@4073ac68):  U 
D/nofatclips(  254): Found widget: id=2131165293 (android.widget.ToggleButton@4073bf40):  ABC 
D/nofatclips(  254): Found widget: id=2131165294 (android.widget.Button@4073cc80):  link 
D/nofatclips(  254): Found widget: id=2131165295 (android.widget.ToggleButton@4073d890): "
D/nofatclips(  254): Found widget: id=2131165296 (android.widget.Button@40888300): More
D/nofatclips(  254): Found widget: id=2131165297 (android.widget.ImageButton@40888dd8)
D/nofatclips(  254): Found widget: id=-1 (com.android.internal.policy.impl.PhoneWindow$DecorView@4085e770)
V/ReflectionHelper(  254): org.wordpress.android.util.WPEditText > mOnFocusChangeListener FOUND | ACTIVE
V/nicola  (  254): TextualID : postContent
V/nicola  (  254): ContentType detected : default
V/nicola  (  254): TextualID : bold
V/nicola  (  254): ContentType detected : default
V/nicola  (  254): TextualID : em
V/nicola  (  254): ContentType detected : default
V/nicola  (  254): TextualID : underline
V/nicola  (  254): ContentType detected : default
V/nicola  (  254): TextualID : strike
V/nicola  (  254): ContentType detected : default
V/nicola  (  254): TextualID : link
V/nicola  (  254): ContentType detected : default
V/nicola  (  254): TextualID : bquote
V/nicola  (  254): ContentType detected : default
V/nicola  (  254): TextualID : more
V/nicola  (  254): ContentType detected : default
I/nofatclips(  254): Performing comparation for activity EditContent
D/nofatclips(  254): Comparing against activity EditContent
D/nofatclips(  254): Comparing against activity Posts
D/nofatclips(  254): Comparing against activity EditContent
D/nofatclips(  254): Comparing against activity Posts
D/nofatclips(  254): Comparing against activity EditContent
D/nofatclips(  254): Comparing against activity EditContent
D/nofatclips(  254): Comparing against activity Posts
D/nofatclips(  254): Comparing against activity EditContent
D/nofatclips(  254): Comparing against activity Posts
D/nofatclips(  254): Comparing against activity EditContent
D/nofatclips(  254): Comparing against activity EditContent
D/nofatclips(  254): Comparing against activity EditContent
D/nofatclips(  254): Comparing against activity EditPost
D/nofatclips(  254): Comparing against activity EditContent
D/nofatclips(  254): Comparing against activity Link
D/nofatclips(  254): Comparing against activity EditContent
D/nofatclips(  254): Comparing against activity EditContent
D/nofatclips(  254): Comparing against activity EditContent
D/nofatclips(  254): Comparing against activity EditContent
D/nofatclips(  254): Comparing against activity Posts
D/nofatclips(  254): Comparing against activity EditContent
D/nofatclips(  254): Comparing against activity EditContent
D/nofatclips(  254): Comparing against activity Dashboard
D/nofatclips(  254): Comparing against activity EditContent
D/nofatclips(  254): Comparing against activity EditContent
D/nofatclips(  254): Comparing against activity Posts
D/nofatclips(  254): Comparing against activity Link
D/nofatclips(  254): Comparing against activity EditContent
D/nofatclips(  254): Comparing against activity EditContent
D/nofatclips(  254): Comparing against activity EditContent
D/nofatclips(  254): Comparing against activity EditPost
D/nofatclips(  254): Comparing against activity Posts
I/nofatclips(  254): Registering activity EditContent (id: a41) as a new found state
D/nofatclips(  254): Performing backup of the old activity list on disk
D/nofatclips(  254): Saving new found state 'a41' on disk
V/nofatclips(  254): Opening state file in append mode.
I/nofatclips(  254): Saved image on disk: a41.jpg
I/nofatclips(  254): Waiting for 100 msec.
I/nofatclips(  254): Session count is 1. Will dump to disk at 1
I/nofatclips(  254): Saving the session on disk.
D/dalvikvm(  254): GC_FOR_MALLOC freed 937K, 49% free 5146K/9927K, external 4693K/5834K, paused 206ms
D/dalvikvm(  254): GC_FOR_MALLOC freed 122K, 49% free 5088K/9927K, external 4682K/5834K, paused 179ms
D/dalvikvm(  254): GC_FOR_MALLOC freed 157K, 49% free 5074K/9927K, external 4682K/5834K, paused 212ms
I/nofatclips(  254): Planning for new Activity EditContent
D/nofatclips(  254): Handling event 'focus' on widget id=2131165265 type=focusableEditText name=Content
D/nofatclips(  254): Handling event 'click' on widget id=2131165290 type=toggle name=B
D/nofatclips(  254): Handling event 'click' on widget id=2131165291 type=toggle name=I 
D/nofatclips(  254): Handling event 'click' on widget id=2131165292 type=toggle name= U 
D/nofatclips(  254): Handling event 'click' on widget id=2131165293 type=toggle name= ABC 
D/nofatclips(  254): Handling event 'click' on widget id=2131165294 type=button name= link 
D/nofatclips(  254): Handling event 'click' on widget id=2131165295 type=toggle name="
D/nofatclips(  254): Handling event 'click' on widget id=2131165296 type=button name=More
D/nofatclips(  254): Handling event 'click' on widget id=2131165297 type=button name=
I/nofatclips(  254): Created trace to press the back button
I/nofatclips(  254): Created trace to press the menu button
I/nofatclips(  254): Created trace to change orientation
D/dalvikvm(  254): GC_CONCURRENT freed 1910K, 48% free 5211K/9927K, external 4682K/5834K, paused 6ms+6ms
I/nofatclips(  254): Check for termination: 60 steps left of 100
I/nofatclips(  254): Dispatching new task. 2 more tasks remaining.
D/nofatclips(  254): Performing backup of the old task list on disk
D/nofatclips(  254): Saving task list on disk
V/nofatclips(  254): Backing up trace #407 to disk.
D/dalvikvm(  254): GC_CONCURRENT freed 2109K, 49% free 5151K/9927K, external 4672K/5834K, paused 4ms+4ms
D/dalvikvm(  254): GC_FOR_MALLOC freed 107K, 49% free 5162K/9927K, external 4672K/5834K, paused 43ms
I/dalvikvm-heap(  254): Grow heap (frag case) to 12.203MB for 58150-byte allocation
D/dalvikvm(  254): GC_FOR_MALLOC freed 0K, 48% free 5219K/9991K, external 4672K/5834K, paused 40ms
D/dalvikvm(  254): GC_FOR_MALLOC freed 41K, 48% free 5224K/9991K, external 4672K/5834K, paused 40ms
D/dalvikvm(  254): GC_FOR_MALLOC freed 44K, 48% free 5224K/9991K, external 4672K/5834K, paused 41ms
V/nofatclips(  254): Backing up trace #408 to disk.
D/dalvikvm(  254): GC_FOR_MALLOC freed 129K, 48% free 5229K/9991K, external 4672K/5834K, paused 41ms
D/dalvikvm(  254): GC_FOR_MALLOC freed 52K, 48% free 5250K/9991K, external 4672K/5834K, paused 45ms
I/dalvikvm-heap(  254): Grow heap (frag case) to 12.289MB for 58150-byte allocation
D/dalvikvm(  254): GC_FOR_MALLOC freed 0K, 48% free 5306K/10055K, external 4672K/5834K, paused 39ms
D/dalvikvm(  254): GC_FOR_MALLOC freed 41K, 48% free 5268K/10055K, external 4672K/5834K, paused 41ms
D/dalvikvm(  254): GC_FOR_MALLOC freed <1K, 48% free 5312K/10055K, external 4672K/5834K, paused 41ms
I/dalvikvm-heap(  254): Grow heap (frag case) to 12.337MB for 44868-byte allocation
D/dalvikvm(  254): GC_FOR_MALLOC freed 0K, 48% free 5356K/10119K, external 4672K/5834K, paused 40ms
D/nofatclips(  254): Deleting backup of the old task list from disk
D/nofatclips(  254): Deleting backup of the old activity list from disk
I/nofatclips(  254): Incrementally Playing Trace 408
I/nofatclips(  254): Retrieved from return list id=2131165294
D/nofatclips(  254): Testing for type (android.widget.Button) against the original (android.widget.Button)
D/nofatclips(  254): Testing for name ( link ) against the original ( link )
I/nofatclips(  254): Firing event: type= click index=12 widget=android.widget.Button
W/KeyCharacterMap(  254): No keyboard for id 0
W/KeyCharacterMap(  254): Using default keymap: /system/usr/keychars/qwerty.kcm.bin
D/nofatclips(  254): Event description:  link 
I/ActivityManager(   61): Starting: Intent { cmp=org.wordpress.android/.Link } from pid 254
I/nofatclips(  254): Waiting for 100 msec.
I/nofatclips(  254): Current activity is Link
I/nofatclips(  254): Retrieving widgets
D/nofatclips(  254): Found widget: id=-1 (android.widget.LinearLayout@406d5ec0)
D/nofatclips(  254): Found widget: id=16908310 (android.widget.TextView@406cc008): Create a Link
D/nofatclips(  254): Found widget: id=-1 (android.widget.FrameLayout@406c3358)
D/nofatclips(  254): Found widget: id=16908290 (android.widget.FrameLayout@406c7d78)
D/nofatclips(  254): Found widget: id=-1 (android.widget.RelativeLayout@407069a0)
D/nofatclips(  254): Found widget: id=2131165303 (android.widget.EditText@407ddae8): 
D/nofatclips(  254): Found widget: id=2131165304 (android.widget.EditText@406a51e8): 
D/nofatclips(  254): Found widget: id=2131165235 (android.widget.Button@407d3f18): OK
D/nofatclips(  254): Found widget: id=2131165220 (android.widget.Button@40881548): Cancel
D/nofatclips(  254): Found widget: id=-1 (com.android.internal.policy.impl.PhoneWindow$DecorView@405a4758)
V/nicola  (  254): TextualID : null
V/nicola  (  254): ContentType detected : default
I/ActivityManager(   61): Displayed org.wordpress.android/.Link: +1s314ms
V/ReflectionHelper(  254): android.widget.EditText > mOnFocusChangeListener FOUND | NOT ACTIVE
V/nicola  (  254): TextualID : linkURL
V/nicola  (  254): ContentType detected : url
V/ReflectionHelper(  254): android.widget.EditText > mOnFocusChangeListener FOUND | NOT ACTIVE
V/nicola  (  254): TextualID : linkText
V/nicola  (  254): ContentType detected : default
V/nicola  (  254): TextualID : ok
V/nicola  (  254): ContentType detected : default
V/nicola  (  254): TextualID : cancel
V/nicola  (  254): ContentType detected : default
I/nofatclips(  254): Performing comparation for activity Link
D/nofatclips(  254): Comparing against activity EditContent
D/nofatclips(  254): Comparing against activity Posts
D/nofatclips(  254): Comparing against activity EditContent
D/nofatclips(  254): Comparing against activity Posts
D/nofatclips(  254): Comparing against activity EditContent
D/nofatclips(  254): Comparing against activity EditContent
D/nofatclips(  254): Comparing against activity Posts
D/nofatclips(  254): Comparing against activity EditContent
D/nofatclips(  254): Comparing against activity Posts
D/nofatclips(  254): Comparing against activity EditContent
D/nofatclips(  254): Comparing against activity EditContent
D/nofatclips(  254): Comparing against activity EditContent
D/nofatclips(  254): Comparing against activity EditPost
D/nofatclips(  254): Comparing against activity EditContent
D/nofatclips(  254): Comparing against activity Link
D/nofatclips(  254): Comparing against activity EditContent
D/nofatclips(  254): Comparing against activity EditContent
D/nofatclips(  254): Comparing against activity EditContent
D/nofatclips(  254): Comparing against activity EditContent
D/nofatclips(  254): Comparing against activity Posts
D/nofatclips(  254): Comparing against activity EditContent
D/nofatclips(  254): Comparing against activity EditContent
D/nofatclips(  254): Comparing against activity Dashboard
D/nofatclips(  254): Comparing against activity EditContent
D/nofatclips(  254): Comparing against activity EditContent
D/nofatclips(  254): Comparing against activity Posts
D/nofatclips(  254): Comparing against activity EditContent
D/nofatclips(  254): Comparing against activity Link
D/nofatclips(  254): Comparing against activity EditContent
D/nofatclips(  254): Comparing against activity EditContent
D/nofatclips(  254): Comparing against activity EditContent
D/nofatclips(  254): Comparing against activity EditPost
D/nofatclips(  254): Comparing against activity Posts
I/nofatclips(  254): Registering activity Link (id: a42) as a new found state
D/nofatclips(  254): Performing backup of the old activity list on disk
D/nofatclips(  254): Saving new found state 'a42' on disk
V/nofatclips(  254): Opening state file in append mode.
I/nofatclips(  254): Saved image on disk: a42.jpg
I/nofatclips(  254): Waiting for 100 msec.
I/nofatclips(  254): Session count is 1. Will dump to disk at 1
I/nofatclips(  254): Saving the session on disk.
D/dalvikvm(  254): GC_FOR_MALLOC freed 907K, 49% free 5170K/10119K, external 5137K/5834K, paused 111ms
D/dalvikvm(  254): GC_FOR_MALLOC freed 210K, 50% free 5153K/10119K, external 4904K/5834K, paused 93ms
D/dalvikvm(  254): GC_FOR_MALLOC freed 159K, 50% free 5120K/10119K, external 4904K/5834K, paused 92ms
I/nofatclips(  254): Planning for new Activity Link
D/nofatclips(  254): Handling event 'click' on widget id=2131165235 type=button name=OK
D/nofatclips(  254): Handling input 'writeText' on widget id=2131165303 type=editText name=URL
V/nofatclips(  254): Using value: 55
D/nofatclips(  254): Handling input 'writeText' on widget id=2131165304 type=editText name=Link Text (optional)
V/nofatclips(  254): Using value: 56
D/nofatclips(  254): Handling event 'click' on widget id=2131165220 type=button name=Cancel
D/nofatclips(  254): Handling input 'writeText' on widget id=2131165303 type=editText name=URL
V/nofatclips(  254): Using value: 55
D/nofatclips(  254): Handling input 'writeText' on widget id=2131165304 type=editText name=Link Text (optional)
V/nofatclips(  254): Using value: 56
I/nofatclips(  254): Created trace to press the back button
I/nofatclips(  254): Created trace to press the menu button
I/nofatclips(  254): Created trace to change orientation
I/nofatclips(  254): Check for termination: 59 steps left of 100
I/nofatclips(  254): Dispatching new task. 2 more tasks remaining.
D/nofatclips(  254): Performing backup of the old task list on disk
D/nofatclips(  254): Saving task list on disk
V/nofatclips(  254): Backing up trace #412 to disk.
D/dalvikvm(  254): GC_CONCURRENT freed 1800K, 48% free 5333K/10119K, external 4904K/5834K, paused 6ms+5ms
V/nofatclips(  254): Backing up trace #413 to disk.
D/dalvikvm(  254): GC_FOR_MALLOC freed 285K, 48% free 5320K/10119K, external 4904K/5834K, paused 65ms
D/nofatclips(  254): Deleting backup of the old task list from disk
D/nofatclips(  254): Deleting backup of the old activity list from disk
I/nofatclips(  254): Incrementally Playing Trace 413
I/nofatclips(  254): Retrieved from return list id=-1
D/nofatclips(  254): Testing for type (android.widget.LinearLayout) against the original (null)
I/nofatclips(  254): Firing event: type= changeOrientation name= widget=null
I/WindowManager(   61): Setting rotation to 1, animFlags=1
I/ActivityManager(   61): Config changed: { scale=1.0 imsi=310/260 loc=en_US touch=3 keys=2/1/2 nav=1/1 orien=2 layout=18 uiMode=17 seq=7}
I/nofatclips(  254): Waiting for 100 msec.
I/nofatclips(  254): Current activity is Link
I/nofatclips(  254): Retrieving widgets
D/nofatclips(  254): Found widget: id=-1 (android.widget.LinearLayout@40566628)
D/nofatclips(  254): Found widget: id=16908310 (android.widget.TextView@40615590): Create a Link
D/nofatclips(  254): Found widget: id=-1 (android.widget.FrameLayout@40537a28)
D/nofatclips(  254): Found widget: id=16908290 (android.widget.FrameLayout@405c15f0)
D/nofatclips(  254): Found widget: id=-1 (android.widget.RelativeLayout@405ef350)
D/nofatclips(  254): Found widget: id=2131165303 (android.widget.EditText@40897808): 
D/nofatclips(  254): Found widget: id=2131165304 (android.widget.EditText@409418a0): 
D/nofatclips(  254): Found widget: id=2131165235 (android.widget.Button@40898fb0): OK
D/nofatclips(  254): Found widget: id=2131165220 (android.widget.Button@408e9738): Cancel
D/nofatclips(  254): Found widget: id=-1 (com.android.internal.policy.impl.PhoneWindow$DecorView@405e9078)
V/nicola  (  254): TextualID : null
V/nicola  (  254): ContentType detected : default
V/ReflectionHelper(  254): android.widget.EditText > mOnFocusChangeListener FOUND | NOT ACTIVE
V/nicola  (  254): TextualID : linkURL
V/nicola  (  254): ContentType detected : url
V/ReflectionHelper(  254): android.widget.EditText > mOnFocusChangeListener FOUND | NOT ACTIVE
V/nicola  (  254): TextualID : linkText
V/nicola  (  254): ContentType detected : default
V/nicola  (  254): TextualID : ok
V/nicola  (  254): ContentType detected : default
V/nicola  (  254): TextualID : cancel
V/nicola  (  254): ContentType detected : default
I/nofatclips(  254): Performing comparation for activity Link
D/nofatclips(  254): Comparing against activity EditContent
D/nofatclips(  254): Comparing against activity Posts
D/nofatclips(  254): Comparing against activity EditContent
D/nofatclips(  254): Comparing against activity Posts
D/nofatclips(  254): Comparing against activity EditContent
D/nofatclips(  254): Comparing against activity EditContent
D/nofatclips(  254): Comparing against activity Posts
D/nofatclips(  254): Comparing against activity EditContent
D/nofatclips(  254): Comparing against activity Posts
D/nofatclips(  254): Comparing against activity EditContent
D/nofatclips(  254): Comparing against activity EditContent
D/nofatclips(  254): Comparing against activity EditContent
D/nofatclips(  254): Comparing against activity EditPost
D/nofatclips(  254): Comparing against activity EditContent
D/nofatclips(  254): Comparing against activity Link
D/nofatclips(  254): Comparing against activity EditContent
D/nofatclips(  254): Comparing against activity EditContent
D/nofatclips(  254): Comparing against activity EditContent
D/nofatclips(  254): Comparing against activity EditContent
D/nofatclips(  254): Comparing against activity Posts
D/nofatclips(  254): Comparing against activity EditContent
D/nofatclips(  254): Comparing against activity EditContent
D/nofatclips(  254): Comparing against activity Dashboard
D/nofatclips(  254): Comparing against activity EditContent
D/nofatclips(  254): Comparing against activity EditContent
D/nofatclips(  254): Comparing against activity Posts
D/nofatclips(  254): Comparing against activity EditContent
D/nofatclips(  254): Comparing against activity Link
D/nofatclips(  254): Comparing against activity EditContent
D/nofatclips(  254): Comparing against activity EditContent
D/nofatclips(  254): Comparing against activity EditContent
D/nofatclips(  254): Comparing against activity Link
D/nofatclips(  254): Comparing against activity EditPost
D/nofatclips(  254): Comparing against activity Posts
I/nofatclips(  254): Registering activity Link (id: a43) as a new found state
D/nofatclips(  254): Performing backup of the old activity list on disk
D/nofatclips(  254): Saving new found state 'a43' on disk
V/nofatclips(  254): Opening state file in append mode.
I/nofatclips(  254): Saved image on disk: a43.jpg
I/nofatclips(  254): Waiting for 100 msec.
I/nofatclips(  254): Session count is 1. Will dump to disk at 1
I/nofatclips(  254): Saving the session on disk.
D/dalvikvm(  254): GC_FOR_MALLOC freed 879K, 49% free 5205K/10119K, external 5631K/5834K, paused 104ms
D/dalvikvm(  254): GC_FOR_MALLOC freed 283K, 50% free 5132K/10119K, external 5040K/5834K, paused 81ms
I/nofatclips(  254): Planning for new Activity Link
D/nofatclips(  254): Handling event 'click' on widget id=2131165235 type=button name=OK
D/nofatclips(  254): Handling input 'writeText' on widget id=2131165303 type=editText name=URL
V/nofatclips(  254): Using value: 55
D/nofatclips(  254): Handling input 'writeText' on widget id=2131165304 type=editText name=Link Text (optional)
V/nofatclips(  254): Using value: 56
D/nofatclips(  254): Handling event 'click' on widget id=2131165220 type=button name=Cancel
D/nofatclips(  254): Handling input 'writeText' on widget id=2131165303 type=editText name=URL
V/nofatclips(  254): Using value: 55
D/nofatclips(  254): Handling input 'writeText' on widget id=2131165304 type=editText name=Link Text (optional)
V/nofatclips(  254): Using value: 56
I/nofatclips(  254): Created trace to press the back button
I/nofatclips(  254): Created trace to press the menu button
I/nofatclips(  254): Created trace to change orientation
D/dalvikvm(   61): GC_EXPLICIT freed 317K, 45% free 4151K/7495K, external 1316K/1828K, paused 303ms
I/nofatclips(  254): Check for termination: 58 steps left of 100
I/nofatclips(  254): Dispatching new task. 2 more tasks remaining.
D/nofatclips(  254): Performing backup of the old task list on disk
D/nofatclips(  254): Saving task list on disk
V/nofatclips(  254): Backing up trace #417 to disk.
D/dalvikvm(  254): GC_CONCURRENT freed 1779K, 47% free 5385K/10119K, external 5040K/5834K, paused 5ms+5ms
V/nofatclips(  254): Backing up trace #418 to disk.
D/dalvikvm(  254): GC_FOR_MALLOC freed 340K, 48% free 5306K/10119K, external 5040K/5834K, paused 59ms
D/nofatclips(  254): Deleting backup of the old task list from disk
D/nofatclips(  254): Deleting backup of the old activity list from disk
I/nofatclips(  254): Incrementally Playing Trace 418
I/nofatclips(  254): Retrieved from return list id=-1
D/nofatclips(  254): Testing for type (android.widget.LinearLayout) against the original (null)
I/nofatclips(  254): Firing event: type= changeOrientation name= widget=null
I/WindowManager(   61): Setting rotation to 0, animFlags=1
I/ActivityManager(   61): Config changed: { scale=1.0 imsi=310/260 loc=en_US touch=3 keys=2/1/2 nav=1/1 orien=1 layout=18 uiMode=17 seq=8}
I/nofatclips(  254): Waiting for 100 msec.
I/nofatclips(  254): Current activity is Link
I/nofatclips(  254): Retrieving widgets
D/nofatclips(  254): Found widget: id=-1 (android.widget.LinearLayout@405b6cf0)
D/nofatclips(  254): Found widget: id=16908310 (android.widget.TextView@406cc008): Create a Link
D/nofatclips(  254): Found widget: id=-1 (android.widget.FrameLayout@4054d260)
D/nofatclips(  254): Found widget: id=16908290 (android.widget.FrameLayout@405ead98)
D/nofatclips(  254): Found widget: id=-1 (android.widget.RelativeLayout@405ec000)
D/nofatclips(  254): Found widget: id=2131165303 (android.widget.EditText@407ddae8): 
D/nofatclips(  254): Found widget: id=2131165304 (android.widget.EditText@406a51e8): 
D/nofatclips(  254): Found widget: id=2131165235 (android.widget.Button@407d3f18): OK
D/nofatclips(  254): Found widget: id=2131165220 (android.widget.Button@40925aa8): Cancel
D/nofatclips(  254): Found widget: id=-1 (com.android.internal.policy.impl.PhoneWindow$DecorView@405a4758)
V/nicola  (  254): TextualID : null
V/nicola  (  254): ContentType detected : default
V/ReflectionHelper(  254): android.widget.EditText > mOnFocusChangeListener FOUND | NOT ACTIVE
V/nicola  (  254): TextualID : linkURL
V/nicola  (  254): ContentType detected : url
V/ReflectionHelper(  254): android.widget.EditText > mOnFocusChangeListener FOUND | NOT ACTIVE
V/nicola  (  254): TextualID : linkText
V/nicola  (  254): ContentType detected : default
V/nicola  (  254): TextualID : ok
V/nicola  (  254): ContentType detected : default
V/nicola  (  254): TextualID : cancel
V/nicola  (  254): ContentType detected : default
I/nofatclips(  254): Performing comparation for activity Link
D/nofatclips(  254): Comparing against activity EditContent
D/nofatclips(  254): Comparing against activity Posts
D/nofatclips(  254): Comparing against activity EditContent
D/nofatclips(  254): Comparing against activity Posts
D/nofatclips(  254): Comparing against activity EditContent
D/nofatclips(  254): Comparing against activity EditContent
D/nofatclips(  254): Comparing against activity Posts
D/nofatclips(  254): Comparing against activity EditContent
D/nofatclips(  254): Comparing against activity Posts
D/nofatclips(  254): Comparing against activity EditContent
D/nofatclips(  254): Comparing against activity EditContent
D/nofatclips(  254): Comparing against activity EditContent
D/nofatclips(  254): Comparing against activity EditPost
D/nofatclips(  254): Comparing against activity EditContent
D/nofatclips(  254): Comparing against activity Link
D/nofatclips(  254): Comparing against activity EditContent
D/nofatclips(  254): Comparing against activity EditContent
D/nofatclips(  254): Comparing against activity EditContent
D/nofatclips(  254): Comparing against activity EditContent
D/nofatclips(  254): Comparing against activity Posts
D/nofatclips(  254): Comparing against activity EditContent
D/nofatclips(  254): Comparing against activity EditContent
D/nofatclips(  254): Comparing against activity Dashboard
D/nofatclips(  254): Comparing against activity EditContent
D/nofatclips(  254): Comparing against activity EditContent
D/nofatclips(  254): Comparing against activity Posts
D/nofatclips(  254): Comparing against activity EditContent
D/nofatclips(  254): Comparing against activity Link
D/nofatclips(  254): Comparing against activity EditContent
D/nofatclips(  254): Comparing against activity EditContent
D/nofatclips(  254): Comparing against activity Link
D/nofatclips(  254): Comparing against activity EditContent
D/nofatclips(  254): Comparing against activity Link
D/nofatclips(  254): Comparing against activity EditPost
D/nofatclips(  254): Comparing against activity Posts
I/nofatclips(  254): Registering activity Link (id: a44) as a new found state
D/nofatclips(  254): Performing backup of the old activity list on disk
D/nofatclips(  254): Saving new found state 'a44' on disk
V/nofatclips(  254): Opening state file in append mode.
I/nofatclips(  254): Saved image on disk: a44.jpg
I/nofatclips(  254): Waiting for 100 msec.
I/nofatclips(  254): Session count is 1. Will dump to disk at 1
I/nofatclips(  254): Saving the session on disk.
D/dalvikvm(  254): GC_FOR_MALLOC freed 927K, 49% free 5209K/10119K, external 5515K/5834K, paused 127ms
D/dalvikvm(  254): GC_FOR_MALLOC freed 196K, 49% free 5208K/10119K, external 4915K/5834K, paused 97ms
D/dalvikvm(  254): GC_FOR_MALLOC freed 186K, 50% free 5154K/10119K, external 4915K/5834K, paused 88ms
I/nofatclips(  254): Planning for new Activity Link
D/nofatclips(  254): Handling event 'click' on widget id=2131165235 type=button name=OK
D/nofatclips(  254): Handling input 'writeText' on widget id=2131165303 type=editText name=URL
V/nofatclips(  254): Using value: 55
D/nofatclips(  254): Handling input 'writeText' on widget id=2131165304 type=editText name=Link Text (optional)
V/nofatclips(  254): Using value: 56
D/nofatclips(  254): Handling event 'click' on widget id=2131165220 type=button name=Cancel
D/nofatclips(  254): Handling input 'writeText' on widget id=2131165303 type=editText name=URL
V/nofatclips(  254): Using value: 55
D/nofatclips(  254): Handling input 'writeText' on widget id=2131165304 type=editText name=Link Text (optional)
V/nofatclips(  254): Using value: 56
I/nofatclips(  254): Created trace to press the back button
I/nofatclips(  254): Created trace to press the menu button
I/nofatclips(  254): Created trace to change orientation
D/dalvikvm(   61): GC_EXPLICIT freed 31K, 45% free 4135K/7495K, external 1316K/1828K, paused 343ms
I/nofatclips(  254): Check for termination: 57 steps left of 100
I/nofatclips(  254): Dispatching new task. 2 more tasks remaining.
D/nofatclips(  254): Performing backup of the old task list on disk
D/nofatclips(  254): Saving task list on disk
V/nofatclips(  254): Backing up trace #422 to disk.
D/dalvikvm(  254): GC_CONCURRENT freed 1772K, 47% free 5390K/10119K, external 4915K/5834K, paused 5ms+5ms
V/nofatclips(  254): Backing up trace #423 to disk.
D/dalvikvm(  254): GC_FOR_MALLOC freed 325K, 48% free 5330K/10119K, external 4915K/5834K, paused 60ms
D/dalvikvm(  254): GC_FOR_MALLOC freed 171K, 48% free 5361K/10119K, external 4915K/5834K, paused 59ms
D/nofatclips(  254): Deleting backup of the old task list from disk
D/nofatclips(  254): Deleting backup of the old activity list from disk
I/nofatclips(  254): Incrementally Playing Trace 423
D/nofatclips(  254): Setting input: type= writeText id=2131165303 value=55
D/nofatclips(  254): Added to return list id=2131165303
I/nofatclips(  254): Retrieved from return list id=2131165303
D/nofatclips(  254): Testing for type (android.widget.EditText) against the original (android.widget.EditText)
D/nofatclips(  254): Testing for name (URL) against the original (URL)
W/KeyCharacterMap(  254): No keyboard for id 0
W/KeyCharacterMap(  254): Using default keymap: /system/usr/keychars/qwerty.kcm.bin
D/SntpClient(   61): request time failed: java.net.SocketException: Address family not supported by protocol
D/nofatclips(  254): Setting input: type= writeText id=2131165304 value=56
D/nofatclips(  254): Added to return list id=2131165304
I/nofatclips(  254): Retrieved from return list id=2131165304
D/nofatclips(  254): Testing for type (android.widget.EditText) against the original (android.widget.EditText)
D/nofatclips(  254): Testing for name (Link Text (optional)) against the original (Link Text (optional))
I/nofatclips(  254): Retrieved from return list id=2131165220
D/nofatclips(  254): Testing for type (android.widget.Button) against the original (android.widget.Button)
D/nofatclips(  254): Testing for name (Cancel) against the original (Cancel)
I/nofatclips(  254): Firing event: type= click index=8 widget=android.widget.Button
D/nofatclips(  254): Event description: Cancel
I/nofatclips(  254): Waiting for 100 msec.
D/AndroidRuntime(  254): Shutting down VM
W/dalvikvm(  254): threadid=1: thread exiting with uncaught exception (group=0x40015560)
E/AndroidRuntime(  254): FATAL EXCEPTION: main
E/AndroidRuntime(  254): java.lang.RuntimeException: Failure delivering result ResultInfo{who=null, request=4, result=0, data=Intent {  }} to activity {org.wordpress.android/org.wordpress.android.EditContent}: java.lang.NullPointerException
E/AndroidRuntime(  254): 	at android.app.ActivityThread.deliverResults(ActivityThread.java:2532)
E/AndroidRuntime(  254): 	at android.app.ActivityThread.handleSendResult(ActivityThread.java:2574)
E/AndroidRuntime(  254): 	at android.app.ActivityThread.access$2000(ActivityThread.java:117)
E/AndroidRuntime(  254): 	at android.app.ActivityThread$H.handleMessage(ActivityThread.java:961)
E/AndroidRuntime(  254): 	at android.os.Handler.dispatchMessage(Handler.java:99)
E/AndroidRuntime(  254): 	at android.os.Looper.loop(Looper.java:123)
E/AndroidRuntime(  254): 	at android.app.ActivityThread.main(ActivityThread.java:3683)
E/AndroidRuntime(  254): 	at java.lang.reflect.Method.invokeNative(Native Method)
E/AndroidRuntime(  254): 	at java.lang.reflect.Method.invoke(Method.java:507)
E/AndroidRuntime(  254): 	at com.android.internal.os.ZygoteInit$MethodAndArgsCaller.run(ZygoteInit.java:839)
E/AndroidRuntime(  254): 	at com.android.internal.os.ZygoteInit.main(ZygoteInit.java:597)
E/AndroidRuntime(  254): 	at dalvik.system.NativeStart.main(Native Method)
E/AndroidRuntime(  254): Caused by: java.lang.NullPointerException
E/AndroidRuntime(  254): 	at org.wordpress.android.EditContent.onActivityResult(EditContent.java:826)
E/AndroidRuntime(  254): 	at android.app.Activity.dispatchActivityResult(Activity.java:3908)
E/AndroidRuntime(  254): 	at android.app.ActivityThread.deliverResults(ActivityThread.java:2528)
E/AndroidRuntime(  254): 	... 11 more
W/ActivityManager(   61): Error in app org.wordpress.android running instrumentation ComponentInfo{com.nofatclips.crawler/android.test.InstrumentationTestRunner}:
W/ActivityManager(   61):   java.lang.NullPointerException
W/ActivityManager(   61):   java.lang.NullPointerException: Failure delivering result ResultInfo{who=null, request=4, result=0, data=Intent {  }} to activity {org.wordpress.android/org.wordpress.android.EditContent}: java.lang.NullPointerException
D/AndroidRuntime(  217): Shutting down VM
I/ActivityManager(   61): Force stopping package org.wordpress.android uid=10034
I/AndroidRuntime(  217): NOTE: attach of thread 'Binder Thread #3' failed
D/dalvikvm(  217): GC_CONCURRENT freed 105K, 71% free 297K/1024K, external 0K/0K, paused 3ms+2ms
D/jdwp    (  217): adbd disconnected
I/Process (   61): Sending signal. PID: 254 SIG: 9
I/ActivityManager(   61):   Force finishing activity HistoryRecord{40660838 org.wordpress.android/.EditPost}
E/InputDispatcher(   61): channel '40666f40 org.wordpress.android/org.wordpress.android.Dashboard (server)' ~ Consumer closed input channel or an error occurred.  events=0x8
E/InputDispatcher(   61): channel '40666f40 org.wordpress.android/org.wordpress.android.Dashboard (server)' ~ Channel is unrecoverably broken and will be disposed!
I/WindowManager(   61): WIN DEATH: Window{40666f40 org.wordpress.android/org.wordpress.android.Dashboard paused=false}
I/WindowManager(   61): WIN DEATH: Window{4070b060 org.wordpress.android/org.wordpress.android.Posts paused=false}
I/WindowManager(   61): WIN DEATH: Window{406aa8a8 org.wordpress.android/org.wordpress.android.EditPost paused=true}
I/WindowManager(   61): WIN DEATH: Window{407013a0 org.wordpress.android/org.wordpress.android.EditContent paused=false}
I/WindowManager(   61): WIN DEATH: Window{406a9b08 org.wordpress.android/org.wordpress.android.Link paused=false}
I/ActivityManager(   61):   Force finishing activity HistoryRecord{4064d198 org.wordpress.android/.Posts}
I/ActivityManager(   61):   Force finishing activity HistoryRecord{40749518 org.wordpress.android/.Dashboard}
E/InputDispatcher(   61): Received spurious receive callback for unknown input channel.  fd=133, events=0x8
E/InputDispatcher(   61): Received spurious receive callback for unknown input channel.  fd=170, events=0x8
E/InputDispatcher(   61): Received spurious receive callback for unknown input channel.  fd=155, events=0x8
E/InputDispatcher(   61): Received spurious receive callback for unknown input channel.  fd=175, events=0x8
W/InputManagerService(   61): Got RemoteException sending setActive(false) notification to pid 254 uid 10034
I/DEBUG   (   31): debuggerd: Feb  3 2011 14:45:34
D/qemud   (   38): entering main loop
I/Vold    (   29): Vold 2.1 (the revenge) firing up
D/Vold    (   29): USB mass storage support is not enabled in the kernel
D/Vold    (   29): usb_configuration switch is not enabled in the kernel
D/Vold    (   29): Volume sdcard state changing -1 (Initializing) -> 0 (No-Media)
I/Netd    (   30): Netd 1.0 starting
D/Vold    (   29): Volume sdcard state changing 0 (No-Media) -> 1 (Idle-Unmounted)
D/qemud   (   38): fdhandler_accept_event: accepting on fd 9
D/qemud   (   38): created client 0xe078 listening on fd 10
D/qemud   (   38): client_fd_receive: attempting registration for service 'boot-properties'
D/qemud   (   38): client_fd_receive:    -> received channel id 1
D/qemud   (   38): client_registration: registration succeeded for client 1
I/qemu-props(   52): connected to 'boot-properties' qemud service.
I/qemu-props(   52): receiving..
I/qemu-props(   52): received: dalvik.vm.heapsize=64m
I/qemu-props(   52): receiving..
I/qemu-props(   52): received: ro.config.low_ram=true
I/qemu-props(   52): receiving..
I/qemu-props(   52): received: qemu.sf.lcd_density=160
I/qemu-props(   52): receiving..
I/qemu-props(   52): received: qemu.hw.mainkeys=0
I/qemu-props(   52): receiving..
I/qemu-props(   52): received: qemu.sf.fake_camera=none
I/qemu-props(   52): receiving..
D/qemud   (   38): fdhandler_event: disconnect on fd 10
I/qemu-props(   52): exiting (5 properties set).
D/AndroidRuntime(   33): 
D/AndroidRuntime(   33): >>>>>> AndroidRuntime START com.android.internal.os.ZygoteInit <<<<<<
D/AndroidRuntime(   33): CheckJNI is ON
I/        (   34): ServiceManager: 0xad50
D/AudioHardwareInterface(   34): setMode(NORMAL)
I/CameraService(   34): CameraService started (pid=34)
D/qemud   (   38): fdhandler_accept_event: accepting on fd 9
D/qemud   (   38): created client 0xe078 listening on fd 10
D/qemud   (   38): fdhandler_event: disconnect on fd 10
I/AudioFlinger(   34): AudioFlinger's thread 0xc658 ready to run
D/qemud   (   38): fdhandler_accept_event: accepting on fd 9
D/qemud   (   38): created client 0xe078 listening on fd 10
D/qemud   (   38): client_fd_receive: attempting registration for service 'gsm'
D/qemud   (   38): client_fd_receive:    -> received channel id 2
D/qemud   (   38): client_registration: registration succeeded for client 2
I/SamplingProfilerIntegration(   33): Profiler is disabled.
I/Zygote  (   33): Preloading classes...
E/Zygote  (   33): setreuid() failed. errno: 2
D/dalvikvm(   33): GC_EXPLICIT freed 47K, 78% free 234K/1024K, external 0K/0K, paused 6ms
D/dalvikvm(   33): GC_EXPLICIT freed 1K, 73% free 284K/1024K, external 0K/0K, paused 3ms
D/dalvikvm(   33): GC_EXPLICIT freed 22K, 69% free 318K/1024K, external 0K/0K, paused 3ms
D/dalvikvm(   33): GC_EXPLICIT freed 17K, 66% free 356K/1024K, external 0K/0K, paused 3ms
D/dalvikvm(   33): GC_EXPLICIT freed 26K, 63% free 385K/1024K, external 0K/0K, paused 4ms
D/dalvikvm(   33): GC_EXPLICIT freed 20K, 57% free 441K/1024K, external 0K/0K, paused 4ms
W/MediaProfiles(   33): could not find media config xml file
D/dalvikvm(   33): GC_EXPLICIT freed 99K, 47% free 547K/1024K, external 0K/0K, paused 6ms
D/dalvikvm(   33): GC_EXPLICIT freed 272K, 28% free 885K/1219K, external 0K/0K, paused 12ms
D/dalvikvm(   33): GC_EXPLICIT freed 21K, 24% free 932K/1219K, external 0K/0K, paused 10ms
D/RenderScript_jni(   33): RenderScript JNI library not found!
D/dalvikvm(   33): GC_EXPLICIT freed 25K, 19% free 999K/1219K, external 0K/0K, paused 10ms
D/dalvikvm(   33): GC_EXPLICIT freed 47K, 5% free 1281K/1347K, external 0K/0K, paused 16ms
D/dalvikvm(   33): GC_EXPLICIT freed 24K, 3% free 1311K/1347K, external 0K/0K, paused 16ms
D/dalvikvm(   33): GC_EXPLICIT freed 28K, 6% free 1336K/1411K, external 0K/0K, paused 17ms
D/dalvikvm(   33): GC_EXPLICIT freed 14K, 3% free 1377K/1411K, external 0K/0K, paused 16ms
D/dalvikvm(   33): GC_EXPLICIT freed 28K, 5% free 1402K/1475K, external 0K/0K, paused 17ms
D/dalvikvm(   33): GC_EXPLICIT freed 28K, 3% free 1439K/1475K, external 0K/0K, paused 19ms
D/dalvikvm(   33): GC_EXPLICIT freed 38K, 6% free 1457K/1539K, external 0K/0K, paused 19ms
D/dalvikvm(   33): GC_EXPLICIT freed 40K, 5% free 1471K/1539K, external 0K/0K, paused 20ms
D/dalvikvm(   33): GC_EXPLICIT freed 55K, 8% free 1485K/1603K, external 0K/0K, paused 18ms
D/dalvikvm(   33): GC_FOR_MALLOC freed 2954K, 58% free 2168K/5123K, external 0K/0K, paused 55ms
D/dalvikvm(   33): GC_EXPLICIT freed 1403K, 55% free 2310K/5123K, external 0K/0K, paused 41ms
D/dalvikvm(   33): GC_EXPLICIT freed 148K, 54% free 2373K/5123K, external 0K/0K, paused 32ms
D/dalvikvm(   33): GC_EXPLICIT freed 73K, 54% free 2398K/5123K, external 0K/0K, paused 31ms
D/dalvikvm(   33): GC_EXPLICIT freed 36K, 53% free 2416K/5123K, external 0K/0K, paused 30ms
D/dalvikvm(   33): GC_EXPLICIT freed 31K, 53% free 2439K/5123K, external 0K/0K, paused 30ms
D/dalvikvm(   33): GC_EXPLICIT freed 38K, 52% free 2462K/5123K, external 0K/0K, paused 30ms
I/Zygote  (   33): ...preloaded 1830 classes in 5755ms.
E/Zygote  (   33): setreuid() failed. errno: 17
D/dalvikvm(   33): GC_EXPLICIT freed 18K, 52% free 2460K/5123K, external 0K/0K, paused 30ms
I/Zygote  (   33): Preloading resources...
D/dalvikvm(   33): GC_EXTERNAL_ALLOC freed <1K, 52% free 2462K/5123K, external 0K/0K, paused 30ms
W/Zygote  (   33): Preloaded drawable resource #0x1080093 (res/drawable-mdpi/sym_def_app_icon.png) that varies with configuration!!
W/Zygote  (   33): Preloaded drawable resource #0x1080002 (res/drawable-mdpi/arrow_down_float.png) that varies with configuration!!
W/Zygote  (   33): Preloaded drawable resource #0x10800b4 (res/drawable/btn_check.xml) that varies with configuration!!
W/Zygote  (   33): Preloaded drawable resource #0x10800b7 (res/drawable-mdpi/btn_check_label_background.9.png) that varies with configuration!!
W/Zygote  (   33): Preloaded drawable resource #0x10800b8 (res/drawable-mdpi/btn_check_off.png) that varies with configuration!!
W/Zygote  (   33): Preloaded drawable resource #0x10800bd (res/drawable-mdpi/btn_check_on.png) that varies with configuration!!
W/Zygote  (   33): Preloaded drawable resource #0x1080004 (res/drawable/btn_default.xml) that varies with configuration!!
W/Zygote  (   33): Preloaded drawable resource #0x1080005 (res/drawable/btn_default_small.xml) that varies with configuration!!
W/Zygote  (   33): Preloaded drawable resource #0x1080006 (res/drawable/btn_dropdown.xml) that varies with configuration!!
W/Zygote  (   33): Preloaded drawable resource #0x1080008 (res/drawable/btn_plus.xml) that varies with configuration!!
W/Zygote  (   33): Preloaded drawable resource #0x1080007 (res/drawable/btn_minus.xml) that varies with configuration!!
W/Zygote  (   33): Preloaded drawable resource #0x1080009 (res/drawable/btn_radio.xml) that varies with configuration!!
W/Zygote  (   33): Preloaded drawable resource #0x108000a (res/drawable/btn_star.xml) that varies with configuration!!
D/dalvikvm(   33): GC_EXPLICIT freed 25K, 52% free 2499K/5123K, external 408K/521K, paused 31ms
W/Zygote  (   33): Preloaded drawable resource #0x1080132 (res/drawable/btn_toggle.xml) that varies with configuration!!
W/Zygote  (   33): Preloaded drawable resource #0x1080196 (res/drawable-mdpi/ic_emergency.png) that varies with configuration!!
W/Zygote  (   33): Preloaded drawable resource #0x1080012 (res/drawable-mdpi/divider_horizontal_bright.9.png) that varies with configuration!!
W/Zygote  (   33): Preloaded drawable resource #0x1080014 (res/drawable-mdpi/divider_horizontal_dark.9.png) that varies with configuration!!
W/Zygote  (   33): Preloaded drawable resource #0x1080016 (res/drawable/edit_text.xml) that varies with configuration!!
