W/Zygote  (   33): Preloaded drawable resource #0x1080170 (res/drawable/expander_group.xml) that varies with configuration!!
W/Zygote  (   33): Preloaded drawable resource #0x1080062 (res/drawable/list_selector_background.xml) that varies with configuration!!
W/Zygote  (   33): Preloaded drawable resource #0x108022a (res/drawable-mdpi/menu_background.9.png) that varies with configuration!!
W/Zygote  (   33): Preloaded drawable resource #0x108022b (res/drawable-mdpi/menu_background_fill_parent_width.9.png) that varies with configuration!!
W/Zygote  (   33): Preloaded drawable resource #0x108022c (res/drawable/menu_selector.xml) that varies with configuration!!
D/dalvikvm(   33): GC_EXTERNAL_ALLOC freed 16K, 51% free 2512K/5123K, external 516K/521K, paused 31ms
W/Zygote  (   33): Preloaded drawable resource #0x108023a (res/drawable-mdpi/panel_background.9.png) that varies with configuration!!
W/Zygote  (   33): Preloaded drawable resource #0x1080242 (res/drawable-mdpi/popup_bottom_bright.9.png) that varies with configuration!!
W/Zygote  (   33): Preloaded drawable resource #0x1080243 (res/drawable-mdpi/popup_bottom_dark.9.png) that varies with configuration!!
W/Zygote  (   33): Preloaded drawable resource #0x1080244 (res/drawable-mdpi/popup_bottom_medium.9.png) that varies with configuration!!
W/Zygote  (   33): Preloaded drawable resource #0x1080245 (res/drawable-mdpi/popup_center_bright.9.png) that varies with configuration!!
W/Zygote  (   33): Preloaded drawable resource #0x1080246 (res/drawable-mdpi/popup_center_dark.9.png) that varies with configuration!!
W/Zygote  (   33): Preloaded drawable resource #0x1080249 (res/drawable-mdpi/popup_full_dark.9.png) that varies with configuration!!
W/Zygote  (   33): Preloaded drawable resource #0x108024c (res/drawable-mdpi/popup_top_bright.9.png) that varies with configuration!!
W/Zygote  (   33): Preloaded drawable resource #0x108024d (res/drawable-mdpi/popup_top_dark.9.png) that varies with configuration!!
W/Zygote  (   33): Preloaded drawable resource #0x108006d (res/drawable/progress_indeterminate_horizontal.xml) that varies with configuration!!
W/Zygote  (   33): Preloaded drawable resource #0x1080253 (res/drawable/progress_small.xml) that varies with configuration!!
W/Zygote  (   33): Preloaded drawable resource #0x1080254 (res/drawable/progress_small_titlebar.xml) that varies with configuration!!
W/Zygote  (   33): Preloaded drawable resource #0x1080274 (res/drawable-mdpi/scrollbar_handle_horizontal.9.png) that varies with configuration!!
W/Zygote  (   33): Preloaded drawable resource #0x1080275 (res/drawable-mdpi/scrollbar_handle_vertical.9.png) that varies with configuration!!
D/dalvikvm(   33): GC_EXPLICIT freed 15K, 51% free 2524K/5123K, external 585K/1038K, paused 31ms
W/Zygote  (   33): Preloaded drawable resource #0x1080071 (res/drawable/spinner_dropdown_background.xml) that varies with configuration!!
W/Zygote  (   33): Preloaded drawable resource #0x1080312 (res/drawable-mdpi/text_select_handle_left.png) that varies with configuration!!
W/Zygote  (   33): Preloaded drawable resource #0x1080313 (res/drawable-mdpi/text_select_handle_middle.png) that varies with configuration!!
W/Zygote  (   33): Preloaded drawable resource #0x1080314 (res/drawable-mdpi/text_select_handle_right.png) that varies with configuration!!
W/Zygote  (   33): Preloaded drawable resource #0x1080335 (res/drawable-mdpi/title_bar_shadow.9.png) that varies with configuration!!
W/Zygote  (   33): Preloaded drawable resource #0x10801d8 (res/drawable-mdpi/indicator_code_lock_drag_direction_green_up.png) that varies with configuration!!
W/Zygote  (   33): Preloaded drawable resource #0x10801d9 (res/drawable-mdpi/indicator_code_lock_drag_direction_red_up.png) that varies with configuration!!
W/Zygote  (   33): Preloaded drawable resource #0x10801da (res/drawable-mdpi/indicator_code_lock_point_area_default.png) that varies with configuration!!
W/Zygote  (   33): Preloaded drawable resource #0x10801db (res/drawable-mdpi/indicator_code_lock_point_area_green.png) that varies with configuration!!
W/Zygote  (   33): Preloaded drawable resource #0x10801dc (res/drawable-mdpi/indicator_code_lock_point_area_red.png) that varies with configuration!!
I/Zygote  (   33): ...preloaded 51 resources in 446ms.
I/Zygote  (   33): ...preloaded 15 resources in 13ms.
D/dalvikvm(   33): GC_EXPLICIT freed 23K, 51% free 2533K/5123K, external 716K/1038K, paused 31ms
D/dalvikvm(   33): GC_EXPLICIT freed 6K, 51% free 2526K/5123K, external 716K/1038K, paused 31ms
D/dalvikvm(   33): GC_EXPLICIT freed <1K, 51% free 2526K/5123K, external 716K/1038K, paused 31ms
I/dalvikvm(   33): System server process 61 has been created
I/Zygote  (   33): Accepting command socket connections
E/BatteryService(   61): usbOnlinePath not found
E/BatteryService(   61): batteryVoltagePath not found
E/BatteryService(   61): batteryTemperaturePath not found
I/sysproc (   61): Entered system_init()
I/sysproc (   61): ServiceManager: 0x93138
I/SurfaceFlinger(   61): SurfaceFlinger is starting
I/SurfaceFlinger(   61): SurfaceFlinger's main thread ready to run. Initializing graphics H/W...
E/SurfaceFlinger(   61): Couldn't open /sys/power/wait_for_fb_sleep or /sys/power/wait_for_fb_wake
I/gralloc (   61): using (fd=26)
I/gralloc (   61): id           = 
I/gralloc (   61): xres         = 320 px
I/gralloc (   61): yres         = 480 px
I/gralloc (   61): xres_virtual = 320 px
I/gralloc (   61): yres_virtual = 960 px
I/gralloc (   61): bpp          = 16
I/gralloc (   61): r            = 11:5
I/gralloc (   61): g            =  5:6
I/gralloc (   61): b            =  0:5
I/gralloc (   61): width        = 49 mm (165.877548 dpi)
I/gralloc (   61): height       = 74 mm (164.756760 dpi)
I/gralloc (   61): refresh rate = 60.00 Hz
D/libEGL  (   61): egl.cfg not found, using default config
D/libEGL  (   61): loaded /system/lib/egl/libGLES_android.so
I/SurfaceFlinger(   61): EGL informations:
I/SurfaceFlinger(   61): # of configs : 8
I/SurfaceFlinger(   61): vendor    : Android
I/SurfaceFlinger(   61): version   : 1.4 Android META-EGL
I/SurfaceFlinger(   61): extensions: EGL_KHR_image EGL_KHR_image_base EGL_KHR_image_pixmap EGL_ANDROID_image_native_buffer EGL_ANDROID_swap_rectangle 
I/SurfaceFlinger(   61): Client API: OpenGL ES
I/SurfaceFlinger(   61): EGLSurface: 5-6-5-0, config=0x0
I/SurfaceFlinger(   61): OpenGL informations:
I/SurfaceFlinger(   61): vendor    : Android
I/SurfaceFlinger(   61): renderer  : Android PixelFlinger 1.4
I/SurfaceFlinger(   61): version   : OpenGL ES-CM 1.0
I/SurfaceFlinger(   61): extensions: GL_OES_byte_coordinates GL_OES_fixed_point GL_OES_single_precision GL_OES_read_format GL_OES_compressed_paletted_texture GL_OES_draw_texture GL_OES_matrix_get GL_OES_query_matrix GL_OES_EGL_image GL_OES_compressed_ETC1_RGB8_texture GL_ARB_texture_compression GL_ARB_texture_non_power_of_two GL_ANDROID_user_clip_plane GL_ANDROID_vertex_buffer_object GL_ANDROID_generate_mipmap 
I/SurfaceFlinger(   61): GL_MAX_TEXTURE_SIZE = 4096
I/SurfaceFlinger(   61): GL_MAX_VIEWPORT_DIMS = 4096
I/SurfaceFlinger(   61): flags = 000c0000
D/SensorService(   61): nuSensorService starting...
E/SensorService(   61): couldn't open device for module sensors (Invalid argument)
I/sysproc (   61): System server: starting Android runtime.
I/sysproc (   61): System server: starting Android services.
I/SystemServer(   61): Entered the Android system server!
I/sysproc (   61): System server: entering thread pool.
I/SystemServer(   61): Entropy Service
I/SystemServer(   61): Power Manager
I/SystemServer(   61): Activity Manager
I/ActivityManager(   61): Memory class: 64
W/UsageStats(   61): Usage stats version changed; dropping
D/libEGL  (   73): egl.cfg not found, using default config
D/libEGL  (   73): loaded /system/lib/egl/libGLES_android.so
W/zipro   (   73): Unable to open zip '/data/local/bootanimation.zip': No such file or directory
W/zipro   (   73): Unable to open zip '/system/media/bootanimation.zip': No such file or directory
I/SystemServer(   61): Telephony Registry
I/SystemServer(   61): Package Manager
I/Installer(   61): connecting...
I/installd(   35): new connection
I/ARMAssembler(   61): generated scanline__00000077:03010104_00000004_00000000 [ 22 ipp] (41 ins) at [0x46efd1e8:0x46efd28c] in 2867840 ns
I/ARMAssembler(   73): generated scanline__00000077:03545404_00000A01_00000000 [ 30 ipp] (51 ins) at [0x403461e8:0x403462b4] in 1537412 ns
D/dalvikvm(   61): GC_CONCURRENT freed 173K, 50% free 2807K/5575K, external 716K/1038K, paused 3ms+4ms
W/PackageManager(   61): Running ENG build: no pre-dexopt!
D/dalvikvm(   61): GC_CONCURRENT freed 243K, 49% free 3055K/5895K, external 716K/1038K, paused 4ms+3ms
D/dalvikvm(   61): GC_CONCURRENT freed 240K, 47% free 3301K/6151K, external 716K/1038K, paused 3ms+6ms
D/PackageManager(   61): No files in app dir /vendor/app
I/PackageManager(   61): Unpacking native libraries for /data/app/com.nofatclips.crawler-1.apk
D/szipinf (   61): Initializing inflate state
I/PackageManager(   61): Unpacking native libraries for /data/app/org.wordpress.android-1.apk
I/PackageManager(   61): Unpacking native libraries for /data/app/GestureBuilder.apk
I/PackageManager(   61): Unpacking native libraries for /data/app/SoftKeyboard.apk
I/PackageManager(   61): Unpacking native libraries for /data/app/CubeLiveWallpapers.apk
D/szipinf (   61): Initializing inflate state
W/PackageParser(   61): No actions in intent filter at /data/app/ApiDemos.apk Binary XML file line #1882
W/PackageParser(   61): No actions in intent filter at /data/app/ApiDemos.apk Binary XML file line #1888
W/PackageManager(   61): Package com.example.android.apis desires unavailable shared library com.example.will.never.exist; ignoring!
I/PackageManager(   61): Unpacking native libraries for /data/app/ApiDemos.apk
D/dalvikvm(   61): GC_CONCURRENT freed 253K, 45% free 3607K/6471K, external 716K/1038K, paused 2ms+5ms
I/PackageManager(   61): Time to scan packages: 1.261 seconds
W/PackageManager(   61): Unknown permission com.google.android.googleapps.permission.GOOGLE_AUTH.mail in package com.android.contacts
W/PackageManager(   61): Unknown permission android.permission.ADD_SYSTEM_SERVICE in package com.android.phone
W/PackageManager(   61): Not granting permission android.permission.SEND_DOWNLOAD_COMPLETED_INTENTS to package com.android.browser (protectionLevel=2 flags=0x9be45)
W/PackageManager(   61): Unknown permission com.google.android.gm.permission.WRITE_GMAIL in package com.android.settings
W/PackageManager(   61): Unknown permission com.google.android.gm.permission.READ_GMAIL in package com.android.settings
W/PackageManager(   61): Unknown permission com.google.android.googleapps.permission.GOOGLE_AUTH in package com.android.settings
W/PackageManager(   61): Unknown permission com.google.android.googleapps.permission.GOOGLE_AUTH in package com.android.providers.contacts
W/PackageManager(   61): Unknown permission com.google.android.googleapps.permission.GOOGLE_AUTH.cp in package com.android.providers.contacts
W/PackageManager(   61): Unknown permission com.google.android.googleapps.permission.ACCESS_GOOGLE_PASSWORD in package com.android.development
W/PackageManager(   61): Unknown permission com.google.android.googleapps.permission.GOOGLE_AUTH in package com.android.development
W/PackageManager(   61): Unknown permission com.google.android.googleapps.permission.GOOGLE_AUTH.ALL_SERVICES in package com.android.development
W/PackageManager(   61): Unknown permission com.google.android.googleapps.permission.GOOGLE_AUTH.YouTubeUser in package com.android.development
W/PackageManager(   61): Unknown permission android.permission.READ_OWNER_DATA in package com.android.email
W/PackageManager(   61): Not granting permission android.permission.DEVICE_POWER to package com.android.deskclock (protectionLevel=2 flags=0x8be45)
D/dalvikvm(   61): GC_EXPLICIT freed 308K, 46% free 3570K/6599K, external 716K/1038K, paused 50ms
I/SystemServer(   61): Account Manager
I/SystemServer(   61): Content Manager
I/SystemServer(   61): System Content Providers
I/ActivityThread(   61): Pub settings: com.android.providers.settings.SettingsProvider
I/SystemServer(   61): Battery Service
D/SettingsProvider(   61): cache for settings table 'secure' rows=27; fullycached=true
I/SystemServer(   61): Lights Service
I/SystemServer(   61): Vibrator Service
D/qemud   (   38): fdhandler_accept_event: accepting on fd 9
D/qemud   (   38): created client 0x13ee8 listening on fd 11
D/qemud   (   38): client_fd_receive: attempting registration for service 'hw-control'
D/qemud   (   38): client_fd_receive:    -> received channel id 3
D/qemud   (   38): client_registration: registration succeeded for client 3
D/SettingsProvider(   61): cache for settings table 'system' rows=46; fullycached=true
I/SystemServer(   61): Alarm Manager
I/SystemServer(   61): Init Watchdog
I/SystemServer(   61): Window Manager
I/InputManager(   61): Initializing input manager
I/InputManager(   61): Starting input manager
I/SystemServer(   61): Registering null Bluetooth Service (emulator)
E/System  (   61): Failure starting core service
E/System  (   61): java.lang.SecurityException
E/System  (   61): 	at android.os.BinderProxy.transact(Native Method)
E/System  (   61): 	at android.os.ServiceManagerProxy.addService(ServiceManagerNative.java:146)
E/System  (   61): 	at android.os.ServiceManager.addService(ServiceManager.java:72)
E/System  (   61): 	at com.android.server.ServerThread.run(SystemServer.java:206)
I/SystemServer(   61): Device Policy
I/SystemServer(   61): Status Bar
I/SystemServer(   61): Clipboard Service
I/SystemServer(   61): Input Method Service
I/EventHub(   61): New keyboard: device->id=0x10000 devname='qwerty2' propName='hw.keyboards.65536.devname' keylayout='/system/usr/keylayout/qwerty.kl'
I/EventHub(   61): New device: path=/dev/input/event0 name=qwerty2 id=0x10000 (of 0x1) index=1 fd=87 classes=0x87
E/EventHub(   61): could not get driver version for /dev/input/mouse0, Not a typewriter
E/EventHub(   61): could not get driver version for /dev/input/mice, Not a typewriter
I/InputManager-Callbacks(   61): No input device calibration properties found for device qwerty2.
I/InputReader(   61): Device added: id=0x0, name=qwerty2, sources=00001103
I/InputManagerService(   61): Enabled input methods: jp.co.omronsoft.openwnn/.OpenWnnJAJP:com.android.inputmethod.latin/.LatinIME:com.android.inputmethod.pinyin/.PinyinIME:com.example.android.softkeyboard/.SoftKeyboard
I/SystemServer(   61): NetStat Service
I/SystemServer(   61): NetworkManagement Service
I/SystemServer(   61): Connectivity Service
I/WifiService(   61): WifiService starting up with Wi-Fi disabled
D/NetworkManagmentService(   61): Registering observer
I/SystemServer(   61): Throttle Service
I/SystemServer(   61): Accessibility Manager
I/SystemServer(   61): Mount Service
I/SystemServer(   61): Notification Manager
I/SystemServer(   61): Device Storage Monitor
I/SystemServer(   61): Location Manager
I/SystemServer(   61): Search Service
I/SystemServer(   61): DropBox Service
I/SystemServer(   61): Wallpaper Service
I/SystemServer(   61): Audio Service
D/VoldCmdListener(   29): volume list
I/PackageManager(   61): Updating external media status from unmounted to unmounted
D/VoldCmdListener(   29): share status ums
D/AudioHardwareInterface(   34): setMode(NORMAL)
W/AudioPolicyManagerBase(   34): setPhoneState() setting same state 0
E/SoundPool(   61): error loading /system/media/audio/ui/Effect_Tick.ogg
W/AudioService(   61): Soundpool could not load file: /system/media/audio/ui/Effect_Tick.ogg
E/SoundPool(   61): error loading /system/media/audio/ui/KeypressStandard.ogg
W/AudioService(   61): Soundpool could not load file: /system/media/audio/ui/KeypressStandard.ogg
E/SoundPool(   61): error loading /system/media/audio/ui/KeypressSpacebar.ogg
W/AudioService(   61): Soundpool could not load file: /system/media/audio/ui/KeypressSpacebar.ogg
E/SoundPool(   61): error loading /system/media/audio/ui/KeypressDelete.ogg
W/AudioService(   61): Soundpool could not load file: /system/media/audio/ui/KeypressDelete.ogg
E/SoundPool(   61): error loading /system/media/audio/ui/KeypressReturn.ogg
W/AudioService(   61): Soundpool could not load file: /system/media/audio/ui/KeypressReturn.ogg
I/SystemServer(   61): Headset Observer
W/HeadsetObserver(   61): This kernel does not have wired headset support
I/SystemServer(   61): Dock Observer
W/DockObserver(   61): This kernel does not have dock station support
I/SystemServer(   61): USB Observer
W/UsbObserver(   61): This kernel does not have USB configuration switch support
E/UsbObserver(   61): 
E/UsbObserver(   61): java.lang.NullPointerException
E/UsbObserver(   61): 	at com.android.server.UsbObserver.init(UsbObserver.java:131)
E/UsbObserver(   61): 	at com.android.server.UsbObserver.<init>(UsbObserver.java:65)
E/UsbObserver(   61): 	at com.android.server.ServerThread.run(SystemServer.java:402)
I/SystemServer(   61): UI Mode Manager Service
I/SystemServer(   61): Backup Service
V/BackupManagerService(   61): No ancestral data
D/dalvikvm(   61): GC_CONCURRENT freed 294K, 43% free 3835K/6727K, external 716K/1038K, paused 4ms+5ms
I/BackupManagerService(   61): Found stale backup journal, scheduling
I/BackupManagerService(   61):   com.android.inputmethod.latin
I/BackupManagerService(   61):   com.android.browser
I/BackupManagerService(   61):   com.android.providers.userdictionary
I/BackupManagerService(   61):   android
I/BackupManagerService(   61):   com.android.providers.settings
I/BackupManagerService(   61): Backup enabled => true
I/SystemServer(   61): AppWidget Service
I/SystemServer(   61): Recognition Service
I/SystemServer(   61): DiskStats Service
I/WindowManager(   61): SAFE MODE not enabled
D/dalvikvm(   61): JIT started for system_server
D/PowerManagerService(   61): system ready!
I/ActivityManager(   61): System now ready
I/SystemServer(   61): Making services ready
I/StatusBarManagerService(   61): Starting service: ComponentInfo{com.android.systemui/com.android.systemui.statusbar.StatusBarService}
I/Zygote  (   61): Process: zygote socket opened
I/ActivityManager(   61): Start proc com.android.systemui for service com.android.systemui/.statusbar.StatusBarService: pid=107 uid=1000 gids={3002, 3001, 3003}
I/ActivityManager(   61): Config changed: { scale=1.0 imsi=0/0 loc=en_US touch=0 keys=0/0/0 nav=0/0 orien=0 layout=0 uiMode=17 seq=2}
I/ActivityManager(   61): Config changed: { scale=1.0 imsi=0/0 loc=en_US touch=3 keys=2/1/2 nav=1/1 orien=1 layout=18 uiMode=17 seq=3}
W/RecognitionManagerService(   61): no available voice recognition services found
I/ActivityManager(   61): Start proc jp.co.omronsoft.openwnn for service jp.co.omronsoft.openwnn/.OpenWnnJAJP: pid=116 uid=10004 gids={}
W/GpsLocationProvider(   61): Could not open GPS configuration file /etc/gps.conf
D/NetworkManagmentService(   61): Registering observer
E/ThrottleService(   61): Could not open GPS configuration file /etc/gps.conf
I/ActivityManager(   61): Start proc com.android.phone for added application com.android.phone: pid=121 uid=1001 gids={3002, 3001, 3003, 1015}
I/ActivityManager(   61): Start proc com.android.systemui for added application com.android.systemui: pid=122 uid=1000 gids={3002, 3001, 3003}
I/ActivityManager(   61): Starting: Intent { act=android.intent.action.MAIN cat=[android.intent.category.HOME] flg=0x10000000 cmp=com.android.launcher/com.android.launcher2.Launcher } from pid 0
I/ActivityManager(   61): Start proc com.android.launcher for activity com.android.launcher/com.android.launcher2.Launcher: pid=136 uid=10013 gids={}
W/ActivityManager(   61): Unable to start service Intent { act=@0 }: not found
W/ActivityManager(   61): Unable to start service Intent { act=@0 }: not found
D/qemud   (   38): fdhandler_accept_event: accepting on fd 9
D/qemud   (   38): created client 0x13f38 listening on fd 12
D/qemud   (   38): client_fd_receive: attempting registration for service 'gps'
D/qemud   (   38): client_fd_receive:    -> received channel id 4
D/qemud   (   38): client_registration: registration succeeded for client 4
I/SystemServer(   61): Enabled StrictMode for system server main thread.
D/dalvikvm(   61): GC_EXTERNAL_ALLOC freed 141K, 42% free 3914K/6727K, external 1035K/1038K, paused 118ms
W/ActivityManager(   61): No pending application record for pid 107 (IApplicationThread android.app.ApplicationThreadProxy@40622618); dropping process
I/Process (   61): Sending signal. PID: 107 SIG: 9
I/ActivityManager(   61): Start proc com.android.settings for broadcast com.android.settings/.widget.SettingsAppWidgetProvider: pid=154 uid=1000 gids={3002, 3001, 3003}
E/logwrapper(  156): executing /system/bin/tc failed: No such file or directory
I/logwrapper(   30): /system/bin/tc terminated by exit(1)
E/logwrapper(  157): executing /system/bin/tc failed: No such file or directory
I/logwrapper(   30): /system/bin/tc terminated by exit(1)
E/logwrapper(  160): executing /system/bin/tc failed: No such file or directory
I/logwrapper(   30): /system/bin/tc terminated by exit(1)
D/dalvikvm(  122): GC_CONCURRENT freed 408K, 54% free 2636K/5639K, external 716K/1038K, paused 3ms+37ms
D/dalvikvm(  121): GC_CONCURRENT freed 403K, 54% free 2641K/5639K, external 716K/1038K, paused 9ms+65ms
D/dalvikvm(  136): GC_CONCURRENT freed 405K, 54% free 2639K/5639K, external 716K/1038K, paused 3ms+102ms
D/dalvikvm(  116): GC_CONCURRENT freed 396K, 54% free 2649K/5639K, external 716K/1038K, paused 3ms+52ms
D/dalvikvm(   61): GC_EXTERNAL_ALLOC freed 210K, 42% free 3949K/6791K, external 1558K/1567K, paused 225ms
I/ActivityThread(  136): Pub com.android.launcher2.settings: com.android.launcher2.LauncherProvider
I/ActivityThread(  121): Pub mms: com.android.providers.telephony.MmsProvider
I/ActivityThread(  121): Pub sms: com.android.providers.telephony.SmsProvider
D/dalvikvm(  154): GC_CONCURRENT freed 406K, 54% free 2638K/5639K, external 716K/1038K, paused 2ms+10ms
I/ActivityThread(  121): Pub telephony: com.android.providers.telephony.TelephonyProvider
I/ActivityThread(  121): Pub icc: com.android.phone.IccProvider
I/ActivityThread(  121): Pub mms-sms: com.android.providers.telephony.MmsSmsProvider
D/dalvikvm(  116): No JNI_OnLoad found in /system/lib/libwnndict.so 0x40512cf0, skipping init
D/dalvikvm(   61): GREF has increased to 201
I/StatusBarManagerService(   61): registerStatusBar bar=com.android.internal.statusbar.IStatusBar$Stub$Proxy@405d8468
D/dalvikvm(  116): GC_CONCURRENT freed 210K, 50% free 2912K/5767K, external 716K/1038K, paused 3ms+58ms
D/VoldCmdListener(   29): share status ums
D/StorageNotification(  122): Startup with UMS connection false (media state unmounted)
I/StorageNotification(  122): UMS connection changed to false (media state unmounted)
D/dalvikvm(  116): GC_CONCURRENT freed 434K, 50% free 3047K/6087K, external 716K/1038K, paused 2ms+30ms
D/dalvikvm(   61): GC_EXTERNAL_ALLOC freed 200K, 42% free 4044K/6855K, external 1478K/1745K, paused 181ms
D/CallManager(  121): registerPhone(GSM Handler{4055f0b8})
I/ActivityManager(   61): Start proc android.process.acore for content provider com.android.providers.contacts/.CallLogProvider: pid=178 uid=10006 gids={3003, 1015}
W/ActivityManager(   61): Unable to start service Intent { act=com.android.ussd.IExtendedNetworkService }: not found
I/TelephonyRegistry(   61): notifyServiceState: 3 home null null null  Unknown CSS not supported -1 -1RoamInd: -1DefRoamInd: -1EmergOnly: false
D/AlarmManagerService(   61): Kernel timezone updated to 0 minutes west of GMT
I/ActivityManager(   61): Start proc com.android.deskclock for broadcast com.android.deskclock/.AlarmInitReceiver: pid=187 uid=10019 gids={}
W/SystemClock(  121): Unable to set rtc to 1406575893: Invalid argument
I/TelephonyRegistry(   61): notifyDataConnection: state=0 isDataConnectivityPossible=false reason=radioTurnedOff interfaceName=null networkType=0
I/TelephonyRegistry(   61): notifyDataConnection: state=0 isDataConnectivityPossible=false reason=gprsDetached interfaceName=null networkType=0
D/dalvikvm(  136): GC_EXTERNAL_ALLOC freed 51K, 53% free 2701K/5639K, external 1032K/1038K, paused 534ms
D/SystemClock(  121): Setting time of day to sec=1406575893
I/TelephonyRegistry(   61): notifyServiceState: 0 home Android Android 310260  UMTS CSS not supported -1 -1RoamInd: -1DefRoamInd: -1EmergOnly: false
I/TelephonyRegistry(   61): notifyDataConnection: state=0 isDataConnectivityPossible=false reason=null interfaceName=null networkType=3
D/dalvikvm(  121): GC_CONCURRENT freed 179K, 49% free 2915K/5703K, external 716K/1038K, paused 2ms+407ms
I/ActivityThread(  178): Pub com.android.social: com.android.providers.contacts.SocialProvider
W/dalvikvm(   61): threadid=3: spin on suspend #1 threadid=21 (pcf=0)
I/ActivityThread(  178): Pub applications: com.android.providers.applications.ApplicationsProvider
W/dalvikvm(   61): threadid=3: spin on suspend #2 threadid=21 (pcf=0)
I/dalvikvm(   61): "GC" daemon prio=5 tid=3 RUNNABLE
I/dalvikvm(   61):   | group="system" sCount=0 dsCount=0 obj=0x4050a2a0 self=0x18f670
I/dalvikvm(   61):   | sysTid=63 nice=0 sched=0/0 cgrp=default handle=590560
I/dalvikvm(   61):   | schedstat=( 255447682 453117336 83 )
I/dalvikvm(   61):   at dalvik.system.NativeStart.run(Native Method)
I/dalvikvm(   61): 
I/dalvikvm(   61): "WindowManagerPolicy" prio=5 tid=21 RUNNABLE
I/dalvikvm(   61):   | group="main" sCount=1 dsCount=0 obj=0x405b9a38 self=0x23b140
I/dalvikvm(   61):   | sysTid=90 nice=-2 sched=0/0 cgrp=default handle=2339448
I/dalvikvm(   61):   | schedstat=( 1630305020 4808143022 292 )
I/dalvikvm(   61):   at android.widget.LinearLayout.measureHorizontal(LinearLayout.java:~934)
I/dalvikvm(   61):   at android.widget.LinearLayout.onMeasure(LinearLayout.java:311)
I/dalvikvm(   61):   at android.view.View.measure(View.java:8313)
I/dalvikvm(   61):   at android.widget.RelativeLayout.measureChildHorizontal(RelativeLayout.java:581)
I/dalvikvm(   61):   at android.widget.RelativeLayout.onMeasure(RelativeLayout.java:365)
I/dalvikvm(   61):   at android.view.View.measure(View.java:8313)
I/dalvikvm(   61):   at android.view.ViewGroup.measureChildWithMargins(ViewGroup.java:3138)
I/dalvikvm(   61):   at android.widget.LinearLayout.measureChildBeforeLayout(LinearLayout.java:1017)
I/dalvikvm(   61):   at android.widget.LinearLayout.measureHorizontal(LinearLayout.java:701)
I/dalvikvm(   61):   at android.widget.LinearLayout.onMeasure(LinearLayout.java:311)
I/dalvikvm(   61):   at android.view.View.measure(View.java:8313)
I/dalvikvm(   61):   at android.view.ViewGroup.measureChildWithMargins(ViewGroup.java:3138)
I/dalvikvm(   61):   at android.widget.FrameLayout.onMeasure(FrameLayout.java:250)
I/dalvikvm(   61):   at android.view.View.measure(View.java:8313)
I/dalvikvm(   61):   at android.view.ViewGroup.measureChildWithMargins(ViewGroup.java:3138)
I/dalvikvm(   61):   at android.widget.FrameLayout.onMeasure(FrameLayout.java:250)
I/dalvikvm(   61):   at android.view.View.measure(View.java:8313)
I/dalvikvm(   61):   at android.view.ViewRoot.performTraversals(ViewRoot.java:839)
I/dalvikvm(   61):   at android.view.ViewRoot.handleMessage(ViewRoot.java:1859)
I/dalvikvm(   61):   at android.os.Handler.dispatchMessage(Handler.java:99)
I/dalvikvm(   61):   at android.os.Looper.loop(Looper.java:123)
I/dalvikvm(   61):   at com.android.server.WindowManagerService$PolicyThread.run(WindowManagerService.java:595)
I/dalvikvm(   61): 
W/dalvikvm(   61): threadid=3: spin on suspend resolved in 6376 msec
W/ActivityManager(   61): Activity idle timeout for HistoryRecord{40603270 com.android.launcher/com.android.launcher2.Launcher}
W/ActivityManager(   61): Timeout of broadcast BroadcastRecord{4067b490 android.intent.action.TIME_SET} - receiver=android.os.BinderProxy@4068ebb0, started 10048ms ago
W/ActivityManager(   61): Receiver during timeout: ResolveInfo{406228e8 com.android.deskclock.AlarmInitReceiver p=0 o=0 m=0x108000}
D/OtaStartupReceiver(  121): Not a CDMA phone, no need to process OTA
D/dalvikvm(  178): GC_CONCURRENT freed 406K, 54% free 2612K/5639K, external 716K/1038K, paused 10ms+40ms
D/dalvikvm(   61): GC_CONCURRENT freed 239K, 41% free 4135K/6983K, external 1865K/3065K, paused 24ms+11ms
I/WindowManager(   61): Timeout waiting for wallpaper to offset: Window{40690ae0 com.android.internal.service.wallpaper.ImageWallpaper paused=false}
D/PowerManagerService(   61): bootCompleted
W/ProcessStats(   61): Skipping unknown process pid 201
W/ProcessStats(   61): Skipping unknown process pid 202
I/Process (   61): Sending signal. PID: 187 SIG: 3
D/VoldCmdListener(   29): volume mount /mnt/sdcard
I/Vold    (   29): /dev/block/vold/179:0 being considered for volume sdcard
D/Vold    (   29): Volume sdcard state changing 1 (Idle-Unmounted) -> 3 (Checking)
I/StorageNotification(  122): Media {/mnt/sdcard} state changed from {unmounted} -> {checking}
I/RecoverySystem(   61): No recovery log file
I/ActivityManager(   61): Start proc android.process.media for broadcast com.android.providers.downloads/.DownloadReceiver: pid=213 uid=10000 gids={1015, 1006, 2001, 3003}
D/MccTable(  121): updateMccMncConfiguration: mcc=310, mnc=260
D/MccTable(  121): locale set to en_us
D/MccTable(  121): WIFI_NUM_ALLOWED_CHANNELS set to 11
I/WifiService(   61): WifiService trying to setNumAllowed to 11 with persist set to true
I/Process (   61): Sending signal. PID: 61 SIG: 3
I/dalvikvm(   61): threadid=4: reacting to signal 3
I/ActivityManager(   61): Config changed: { scale=1.0 imsi=310/260 loc=en_US touch=3 keys=2/1/2 nav=1/1 orien=1 layout=18 uiMode=17 seq=4}
I/dalvikvm(   61): Wrote stack traces to '/data/anr/traces.txt'
I/Process (   61): Sending signal. PID: 121 SIG: 3
I/dalvikvm(  121): threadid=4: reacting to signal 3
I/dalvikvm(  121): Wrote stack traces to '/data/anr/traces.txt'
I/Process (   61): Sending signal. PID: 122 SIG: 3
I/dalvikvm(  122): threadid=4: reacting to signal 3
I/TelephonyRegistry(   61): notifyMessageWaitingChanged: false
I/TelephonyRegistry(   61): notifyCallForwardingChanged: false
D/dalvikvm(   33): GC_EXPLICIT freed 10K, 53% free 2538K/5379K, external 716K/1038K, paused 675ms
I/ActivityThread(  178): Pub contacts;com.android.contacts: com.android.providers.contacts.ContactsProvider2
I/dalvikvm(  122): Wrote stack traces to '/data/anr/traces.txt'
I/SurfaceFlinger(   61): Boot is finished (18270 ms)
W/SurfaceFlinger(   61): timeout expired mFreezeDisplay=1, mFreezeCount=0
I/ARMAssembler(   61): generated scanline__00000177:03010104_00000002_00000000 [ 44 ipp] (66 ins) at [0x46efd290:0x46efd398] in 1144399 ns
I/ARMAssembler(   61): generated scanline__00000177:03515104_00000001_00000000 [ 73 ipp] (95 ins) at [0x46efd3a0:0x46efd51c] in 904058 ns
I/dalvikvm(  187): threadid=4: reacting to signal 3
D/dalvikvm(   33): GC_EXPLICIT freed <1K, 53% free 2538K/5379K, external 716K/1038K, paused 500ms
W/ProcessStats(   61): Skipping unknown process pid 73
D/TelephonyProvider(  121): Setting numeric '310260' to be the current operator
D/dalvikvm(   33): GC_EXPLICIT freed <1K, 53% free 2538K/5379K, external 716K/1038K, paused 437ms
I/TelephonyRegistry(   61): notifyDataConnection: state=1 isDataConnectivityPossible=true reason=simLoaded interfaceName=null networkType=3
I/TelephonyRegistry(   61): notifyDataConnection: state=2 isDataConnectivityPossible=true reason=simLoaded interfaceName=/dev/omap_csmi_tty1 networkType=3
I/ActivityThread(  213): Pub media: com.android.providers.media.MediaProvider
I/InputReader(   61): Device reconfigured: id=0x0, name=qwerty2, display size is now 320x480
I/InputManager-Callbacks(   61): No virtual keys found for device qwerty2.
D/dalvikvm(   61): GC_EXPLICIT freed 414K, 43% free 4182K/7239K, external 1865K/3065K, paused 344ms
D/dalvikvm(  213): GC_CONCURRENT freed 397K, 54% free 2598K/5639K, external 716K/1038K, paused 4ms+35ms
V/MediaProvider(  213): Attached volume: internal
I/SearchManagerService(   61): Building list of searchable activities
I/ActivityThread(  213): Pub downloads: com.android.providers.downloads.DownloadProvider
I/ActivityThread(  213): Pub drm: com.android.providers.drm.DrmProvider
D/dalvikvm(  136): GC_EXTERNAL_ALLOC freed 109K, 52% free 2726K/5639K, external 1567K/1572K, paused 243ms
I/ActivityManager(   61): Start proc com.android.mms for broadcast com.android.mms/.transaction.MmsSystemEventReceiver: pid=229 uid=10015 gids={3003, 1015}
D/AndroidRuntime(  215): 
D/AndroidRuntime(  215): >>>>>> AndroidRuntime START com.android.internal.os.RuntimeInit <<<<<<
D/AndroidRuntime(  215): CheckJNI is ON
I//system/bin/fsck_msdos(   29): ** /dev/block/vold/179:0
I/ActivityThread(  178): Pub call_log: com.android.providers.contacts.CallLogProvider
I/ActivityThread(  178): Pub user_dictionary: com.android.providers.userdictionary.UserDictionaryProvider
I/Process (   61): Sending signal. PID: 136 SIG: 3
I/dalvikvm(  136): threadid=4: reacting to signal 3
I/dalvikvm(  136): Wrote stack traces to '/data/anr/traces.txt'
I/Process (   61): Sending signal. PID: 178 SIG: 3
I/dalvikvm(  178): threadid=4: reacting to signal 3
I/dalvikvm(  178): Wrote stack traces to '/data/anr/traces.txt'
E/ActivityManager(   61): Start proc com.android.mms for broadcast com.android.mms/.transaction.MmsSystemEventReceiver: pid=229 uid=10015 gids={3003, 1015}Load: 2.72 / 0.61 / 0.2
E/ActivityManager(   61): CPU usage from 14184ms to 0ms ago:
E/ActivityManager(   61):   20% 61/system_server: 16% user + 4.4% kernel / faults: 3698 minor 14 major
E/ActivityManager(   61):   1.5% 41/adbd: 0.3% user + 1.2% kernel / faults: 56 minor
E/ActivityManager(   61):   1.4% 73/bootanimation: 0.9% user + 0.4% kernel
E/ActivityManager(   61):   0.3% 33/zygote: 0% user + 0.3% kernel / faults: 142 minor
E/ActivityManager(   61):   0.1% 32/rild: 0% user + 0.1% kernel / faults: 1 minor
E/ActivityManager(   61):   0.1% 34/mediaserver: 0% user + 0.1% kernel / faults: 11 minor
E/ActivityManager(   61):   0% 30/netd: 0% user + 0% kernel / faults: 20 minor
E/ActivityManager(   61):  +0% 116/jp.co.omronsoft.openwnn: 0% user + 0% kernel
E/ActivityManager(   61):  +0% 121/com.android.phone: 0% user + 0% kernel
E/ActivityManager(   61):  +0% 122/com.android.systemui: 0% user + 0% kernel
E/ActivityManager(   61):  +0% 136/com.android.launcher: 0% user + 0% kernel
E/ActivityManager(   61):  +0% 154/com.android.settings: 0% user + 0% kernel
E/ActivityManager(   61):  +0% 178/android.process.acore: 0% user + 0% kernel
E/ActivityManager(   61):  +0% 183/logcat: 0% user + 0% kernel
E/ActivityManager(   61):  +0% 184/logcat: 0% user + 0% kernel
E/ActivityManager(   61):  +0% 187/com.android.deskclock: 0% user + 0% kernel
E/ActivityManager(   61): 99% TOTAL: 68% user + 30% kernel + 0.4% softirq
E/ActivityManager(   61): CPU usage from 3552ms to 4203ms later:
E/ActivityManager(   61):   24% 61/system_server: 17% user + 6.4% kernel / faults: 375 minor
E/ActivityManager(   61):     8% 72/er.ServerThread: 4.8% user + 3.2% kernel
E/ActivityManager(   61):     8% 74/ActivityManager: 6.4% user + 1.6% kernel
E/ActivityManager(   61):     1.6% 66/Compiler: 1.6% user + 0% kernel
E/ActivityManager(   61):     1.6% 90/WindowManagerPo: 0% user + 1.6% kernel
E/ActivityManager(   61):     1.6% 94/ConnectivityThr: 1.6% user + 0% kernel
E/ActivityManager(   61):     1.6% 150/Binder Thread #: 1.6% user + 0% kernel
E/ActivityManager(   61):     1.6% 153/Binder Thread #: 1.6% user + 0% kernel
E/ActivityManager(   61):     1.6% 170/Binder Thread #: 1.6% user + 0% kernel
E/ActivityManager(   61):   17% 136/com.android.launcher: 14% user + 3.1% kernel / faults: 271 minor
E/ActivityManager(   61):     10% 136/ndroid.launcher: 10% user + 0% kernel
E/ActivityManager(   61):   16% 178/android.process.acore: 14% user + 1.6% kernel / faults: 218 minor
E/ActivityManager(   61):     11% 178/d.process.acore: 11% user + 0% kernel
E/ActivityManager(   61):     1.6% 191/Binder Thread #: 1.6% user + 0% kernel
E/ActivityManager(   61):    +0% 238/Binder Thread #: 0% user + 0% kernel
E/ActivityManager(   61):   13% 213/android.process.media: 10% user + 3.3% kernel / faults: 360 minor
E/ActivityManager(   61):     8.3% 223/Binder Thread #: 5% user + 3.3% kernel
E/ActivityManager(   61):     5% 213/d.process.media: 3.3% user + 1.6% kernel
E/ActivityManager(   61):    +0% 228/Binder Thread #: 0% user + 0% kernel
E/ActivityManager(   61):    +0% 231/Download Servic: 0% user + 0% kernel
E/ActivityManager(   61):   10% 215/app_process: 6.6% user + 3.3% kernel / faults: 791 minor
E/ActivityManager(   61):   4.6% 121/com.android.phone: 4.6% user + 0% kernel / faults: 2 minor
E/ActivityManager(   61):     1.5% 145/Binder Thread #: 1.5% user + 0% kernel
E/ActivityManager(   61):   0.4% 1//init: 0.4% user + 0% kernel / faults: 1 minor
E/ActivityManager(   61):  +0% 229/<pre-initialized>: 0% user + 0% kernel
E/ActivityManager(   61): 100% TOTAL: 73% user + 26% kernel
I/ActivityThread(  229): Pub com.android.mms.SuggestionsProvider: com.android.mms.SuggestionsProvider
I/Process (   61): Sending signal. PID: 187 SIG: 9
D/Tethering(   61): MasterInitialState.processMessage what=3
D/dalvikvm(  136): GC_EXTERNAL_ALLOC freed 47K, 52% free 2751K/5639K, external 2079K/2085K, paused 183ms
D/AndroidRuntime(  215): Calling main entry com.android.commands.am.Am
I//system/bin/fsck_msdos(   29): ** Phase 1 - Read and Compare FATs
I//system/bin/fsck_msdos(   29): Attempting to allocate 998 KB for FAT
D/dalvikvm(   61): GC_FOR_MALLOC freed 682K, 45% free 4253K/7623K, external 1865K/3065K, paused 44ms
D/SntpClient(   61): request time failed: java.net.SocketException: Address family not supported by protocol
I/ActivityManager(   61): Process com.android.deskclock (pid 187) has died.
D/dalvikvm(   61): GREF has increased to 301
I/ActivityManager(   61): Force stopping package org.wordpress.android uid=10034
I/ActivityManager(   61): Start proc org.wordpress.android for added application org.wordpress.android: pid=250 uid=10034 gids={3003, 1006, 1015}
I/ARMAssembler(   61): generated scanline__00000177:03515104_00001001_00000000 [ 91 ipp] (114 ins) at [0x46efd520:0x46efd6e8] in 536277 ns
D/dalvikvm(  136): GC_EXPLICIT freed 17K, 51% free 2770K/5639K, external 2387K/2620K, paused 493ms
I/ActivityManager(   61): Displayed com.android.launcher/com.android.launcher2.Launcher: +19s458ms
I/ActivityManager(   61): Start proc com.android.deskclock for broadcast com.android.deskclock/.AlarmInitReceiver: pid=265 uid=10019 gids={}
D/szipinf (  250): Initializing inflate state
I/ActivityThread(  265): Pub com.android.deskclock: com.android.deskclock.AlarmProvider
D/nofatclips(  250): Updating node 
D/nofatclips(  250): Loading node 
I/nofatclips(  250): Preferences file found.
I/ActivityManager(   61): Start proc com.android.email for broadcast com.android.email/.service.EmailBroadcastReceiver: pid=277 uid=10028 gids={3003, 1015}
V/nofatclips(  250): Updating value ACTIVITY_DESCRIPTION_IN_SESSION
V/nofatclips(  250): Updating value ADDITIONAL_CRITERIAS
V/nofatclips(  250): Updating value ADDITIONAL_EVENTS
V/nofatclips(  250): Updating value ADDITIONAL_INPUTS
V/nofatclips(  250): Updating value CLASS_NAME
D/nofatclips(  250): Updated value of parameter CLASS_NAME to org.wordpress.android.Dashboard (default = app.package.class)
V/nofatclips(  250): Updating value ENABLE_RESUME
V/nofatclips(  250): Updating value PACKAGE_NAME
D/nofatclips(  250): Updated value of parameter PACKAGE_NAME to org.wordpress.android (default = app.package)
V/nofatclips(  250): Updating value RANDOM_SEED
D/nofatclips(  250): Updated value of parameter RANDOM_SEED to 2570971643277751212 (default = 5466516511651561651)
V/nofatclips(  250): Updating value RETRY_FAILED_TRACES
V/nofatclips(  250): Updating value theClass
D/nofatclips(  250): Updating node scheduler
D/nofatclips(  250): Loading node scheduler
V/nofatclips(  250): Updating value ALL_EVENTS_ON_PREFERENCES
V/nofatclips(  250): Updating value BACK_BUTTON_EVENT
V/nofatclips(  250): Updating value DICTIONARY_FIXED_VALUE
V/nofatclips(  250): Updating value DICTIONARY_IGNORE_CONTENT_TYPES
V/nofatclips(  250): Updating value EMULATOR_PORT
V/nofatclips(  250): Updating value EVENTS
D/nofatclips(  250): Updated values of array parameter EVENTS
V/nofatclips(  250): Updating value EVENT_WHEN_NO_ID
V/nofatclips(  250): Updating value EXCLUDE_WIDGETS_INPUTS_IN_GPS_EVENTS
V/nofatclips(  250): Updating value EXCLUDE_WIDGETS_INPUTS_IN_SENSORS_EVENTS
V/nofatclips(  250): Updating value INPUTS
D/nofatclips(  250): Updated values of array parameter INPUTS
V/nofatclips(  250): Updating value KEY_EVENTS
V/nofatclips(  250): Updating value MAX_EVENTS_PER_WIDGET
V/nofatclips(  250): Updating value MAX_TASKS_IN_SCHEDULER
D/nofatclips(  250): Updated value of parameter MAX_TASKS_IN_SCHEDULER to 2 (default = 0)
V/nofatclips(  250): Updating value MAX_TASKS_PER_EVENT
V/nofatclips(  250): Updating value MENU_EVENTS
V/nofatclips(  250): Updating value ORIENTATION_EVENTS
V/nofatclips(  250): Updating value PLANNER
V/nofatclips(  250): Updating value REFLECT_ACTIVITY_LISTENERS
V/nofatclips(  250): Updating value REFLECT_WIDGETS
V/nofatclips(  250): Updating value SCHEDULER_ALGORITHM
D/nofatclips(  250): Updated value of parameter SCHEDULER_ALGORITHM to DEPTH_FIRST (default = BREADTH_FIRST)
V/nofatclips(  250): Updating value SCROLL_DOWN_EVENT
V/nofatclips(  250): Updating value SENSOR_TYPES
V/nofatclips(  250): Updating value SIMULATE_INCOMING_CALL
V/nofatclips(  250): Updating value SIMULATE_INCOMING_SMS
V/nofatclips(  250): Updating value TAB_EVENTS_START_ONLY
V/nofatclips(  250): Updating value TEST_LOCATION_PROVIDER
V/nofatclips(  250): Updating value TEXT_VALUES_FROM_DICTIONARY
V/nofatclips(  250): Updating value TEXT_VALUES_ID_HASH
V/nofatclips(  250): Updating value USE_GPS
V/nofatclips(  250): Updating value USE_SENSORS
D/nofatclips(  250): Updating node planner
D/nofatclips(  250): Loading node planner
V/nofatclips(  250): Updating value ALL_EVENTS_ON_PREFERENCES
V/nofatclips(  250): Updating value BACK_BUTTON_EVENT
V/nofatclips(  250): Updating value DICTIONARY_FIXED_VALUE
V/nofatclips(  250): Updating value DICTIONARY_IGNORE_CONTENT_TYPES
V/nofatclips(  250): Updating value EMULATOR_PORT
V/nofatclips(  250): Updating value EVENTS
D/nofatclips(  250): Updated values of array parameter EVENTS
V/nofatclips(  250): Updating value EVENT_WHEN_NO_ID
V/nofatclips(  250): Updating value EXCLUDE_WIDGETS_INPUTS_IN_GPS_EVENTS
V/nofatclips(  250): Updating value EXCLUDE_WIDGETS_INPUTS_IN_SENSORS_EVENTS
V/nofatclips(  250): Updating value INPUTS
D/nofatclips(  250): Updated values of array parameter INPUTS
V/nofatclips(  250): Updating value KEY_EVENTS
V/nofatclips(  250): Updating value MAX_EVENTS_PER_WIDGET
V/nofatclips(  250): Updating value MAX_TASKS_IN_SCHEDULER
V/nofatclips(  250): Updating value MAX_TASKS_PER_EVENT
V/nofatclips(  250): Updating value MENU_EVENTS
V/nofatclips(  250): Updating value ORIENTATION_EVENTS
V/nofatclips(  250): Updating value PLANNER
V/nofatclips(  250): Updating value REFLECT_ACTIVITY_LISTENERS
V/nofatclips(  250): Updating value REFLEC