D/nofatclips(  245): Updated value of parameter SLEEP_AFTER_RESTART to 100 (default = 1000)
V/nofatclips(  245): Updating value SLEEP_AFTER_TASK
D/nofatclips(  245): Updated value of parameter SLEEP_AFTER_TASK to 100 (default = 1000)
V/nofatclips(  245): Updating value SLEEP_ON_THROBBER
D/nofatclips(  245): Updated value of parameter SLEEP_ON_THROBBER to 100 (default = 1000)
D/nofatclips(  245): Updating node screenshot
D/nofatclips(  245): Loading node screenshot
V/nofatclips(  245): Updating value FORCE_RESTART
V/nofatclips(  245): Updating value IN_AND_OUT_FOCUS
V/nofatclips(  245): Updating value PRECRAWLING
V/nofatclips(  245): Updating value SCREENSHOT_FOR_EVENTS
V/nofatclips(  245): Updating value SCREENSHOT_FOR_STATES
V/nofatclips(  245): Updating value SCREENSHOT_ONLY_NEW_STATES
V/nofatclips(  245): Updating value SLEEP_AFTER_EVENT
V/nofatclips(  245): Updating value SLEEP_AFTER_RESTART
V/nofatclips(  245): Updating value SLEEP_AFTER_TASK
V/nofatclips(  245): Updating value SLEEP_ON_THROBBER
I/nofatclips(  245): Waiting for 100 msec.
D/nofatclips(  245): Ready to operate after restarting...
I/nofatclips(  245): Current activity is Dashboard
W/nofatclips(  245): --->Dashboard
I/nofatclips(  245): Retrieving widgets
D/nofatclips(  245): No session to resume: task list not found. Will start from scratch.
I/nofatclips(  245): Starting a new session
D/nofatclips(  245): Performing backup of the old activity list on disk
D/nofatclips(  245): Saving new found state 'exit' on disk
V/nofatclips(  245): Opening state file in overwrite mode.
D/dalvikvm(  245): GC_CONCURRENT freed 175K, 48% free 3045K/5831K, external 1812K/2324K, paused 2ms+16ms
I/ActivityManager(   61): Start proc com.android.email for broadcast com.android.email/.service.EmailBroadcastReceiver: pid=296 uid=10028 gids={3003, 1015}
I/nofatclips(  245): Planning for new Activity Dashboard
I/nofatclips(  245): Created trace to press the menu button
I/nofatclips(  245): Created trace to change orientation
I/nofatclips(  245): Dispatching new task. 2 more tasks remaining.
D/nofatclips(  245): Saving task list on disk
V/nofatclips(  245): Backing up trace #0 to disk.
V/nofatclips(  245): Backing up trace #1 to disk.
D/nofatclips(  245): Deleting backup of the old activity list from disk
I/nofatclips(  245): Restarting
I/InputReader(   61): Device reconfigured: id=0x0, name=qwerty2, display size is now 320x480
I/InputManager-Callbacks(   61): No virtual keys found for device qwerty2.
I/ARMAssembler(   61): generated scanline__00000077:03515104_00001004_00000000 [ 65 ipp] (85 ins) at [0x46efd520:0x46efd674] in 512755 ns
I/ARMAssembler(   61): generated scanline__00000177:03515104_00001001_00000000 [ 91 ipp] (114 ins) at [0x46efd678:0x46efd840] in 370775 ns
I/ARMAssembler(   61): generated scanline__00000177:03515104_00001002_00000000 [ 87 ipp] (110 ins) at [0x46efd848:0x46efda00] in 286527 ns
I/nofatclips(  245): Waiting for 100 msec.
D/nofatclips(  245): Ready to operate after restarting...
I/nofatclips(  245): Retrieving widgets
D/nofatclips(  245): Found widget: id=16908290 (android.widget.FrameLayout@405a0ad0)
D/nofatclips(  245): Found widget: id=2131165248 (android.widget.RelativeLayout@405a17d0)
D/nofatclips(  245): Found widget: id=2131165249 (android.widget.LinearLayout@405a1e38)
D/nofatclips(  245): Found widget: id=-1 (android.widget.ImageView@405a2380)
D/nofatclips(  245): Found widget: id=2131165250 (org.wordpress.android.util.WPTitleBar@4059bcb8)
D/nofatclips(  245): Found widget: id=2131165195 (android.widget.RelativeLayout@4050e260)
D/nofatclips(  245): Found widget: id=2131165196 (android.widget.RelativeLayout@405685b0)
D/nofatclips(  245): Found widget: id=2131165197 (android.widget.ImageView@4059cf50)
D/nofatclips(  245): Found widget: id=2131165198 (android.widget.TextView@40541920): Katie's Sweet Testing Blog
D/nofatclips(  245): Found widget: id=2131165199 (android.widget.ImageView@4055d1b0)
D/nofatclips(  245): Found widget: id=-1 (android.widget.RelativeLayout@40579518)
D/nofatclips(  245): Found widget: id=2131165200 (android.widget.ImageButton@4059d478)
D/nofatclips(  245): Found widget: id=-1 (android.widget.FrameLayout@4057aa00)
D/nofatclips(  245): Found widget: id=2131165201 (android.widget.Button@405422e8): 
D/nofatclips(  245): Found widget: id=2131165202 (android.widget.ImageView@405938b0)
D/nofatclips(  245): Found widget: id=2131165203 (android.widget.ImageView@4053cae0)
D/nofatclips(  245): Found widget: id=2131165204 (android.widget.LinearLayout@405691b8)
D/nofatclips(  245): Found widget: id=-1 (android.widget.FrameLayout@4059cce8)
D/nofatclips(  245): Found widget: id=-1 (android.widget.LinearLayout@4052fc88)
D/nofatclips(  245): Found widget: id=-1 (android.widget.LinearLayout@4050e070)
D/nofatclips(  245): Found widget: id=-1 (android.widget.LinearLayout@4052f2a8)
D/nofatclips(  245): Found widget: id=2131165251 (android.widget.LinearLayout@4052f960)
D/nofatclips(  245): Found widget: id=-1 (android.widget.ImageView@40590358)
D/nofatclips(  245): Found widget: id=2131165256 (android.widget.TextView@4056aeb0): New Post
D/nofatclips(  245): Found widget: id=2131165253 (android.widget.LinearLayout@4059bef0)
D/nofatclips(  245): Found widget: id=-1 (android.widget.ImageView@40530cc8)
D/nofatclips(  245): Found widget: id=2131165256 (android.widget.TextView@4056b7e8): New Page
D/nofatclips(  245): Found widget: id=-1 (android.widget.LinearLayout@40532f80)
D/nofatclips(  245): Found widget: id=2131165252 (android.widget.LinearLayout@40530970)
D/nofatclips(  245): Found widget: id=-1 (android.widget.ImageView@40538e78)
D/nofatclips(  245): Found widget: id=2131165256 (android.widget.TextView@405779e0): Quick Photo
D/nofatclips(  245): Found widget: id=2131165254 (android.widget.LinearLayout@405474f0)
D/nofatclips(  245): Found widget: id=-1 (android.widget.ImageView@40531868)
D/nofatclips(  245): Found widget: id=2131165256 (android.widget.TextView@40578250): Quick Video
D/nofatclips(  245): Found widget: id=-1 (android.widget.LinearLayout@4052e718)
D/nofatclips(  245): Found widget: id=-1 (android.widget.LinearLayout@40533f38)
D/nofatclips(  245): Found widget: id=2131165255 (android.widget.LinearLayout@40535200)
D/nofatclips(  245): Found widget: id=-1 (android.widget.ImageView@405428a8)
D/nofatclips(  245): Found widget: id=2131165256 (android.widget.TextView@405788d8): Posts
D/nofatclips(  245): Found widget: id=2131165257 (android.widget.LinearLayout@40545c68)
D/nofatclips(  245): Found widget: id=-1 (android.widget.ImageView@405688e0)
D/nofatclips(  245): Found widget: id=2131165256 (android.widget.TextView@40537530): Pages
D/nofatclips(  245): Found widget: id=-1 (android.widget.FrameLayout@40534540)
D/nofatclips(  245): Found widget: id=2131165258 (android.widget.LinearLayout@40540228)
D/nofatclips(  245): Found widget: id=-1 (android.widget.ImageView@40536c40)
D/nofatclips(  245): Found widget: id=2131165256 (android.widget.TextView@405394e0): Comments
D/nofatclips(  245): Found widget: id=2131165259 (android.widget.FrameLayout@40544718)
D/nofatclips(  245): Found widget: id=2131165260 (android.widget.ImageView@40546238)
D/nofatclips(  245): Found widget: id=2131165261 (org.wordpress.android.util.CommentBadgeTextView@4053a4f8): 0
D/nofatclips(  245): Found widget: id=-1 (android.widget.LinearLayout@405392b8)
D/nofatclips(  245): Found widget: id=2131165262 (android.widget.LinearLayout@405408d0)
D/nofatclips(  245): Found widget: id=-1 (android.widget.ImageView@405411d8)
D/nofatclips(  245): Found widget: id=2131165256 (android.widget.TextView@40540b18): Settings
D/nofatclips(  245): Found widget: id=2131165263 (android.widget.LinearLayout@40544170)
D/nofatclips(  245): Found widget: id=-1 (android.widget.ImageView@405600c8)
D/nofatclips(  245): Found widget: id=2131165256 (android.widget.TextView@40542e58): Read
D/nofatclips(  245): Found widget: id=2131165264 (android.widget.LinearLayout@405617b0)
D/nofatclips(  245): Found widget: id=-1 (android.widget.ImageView@40564068)
D/nofatclips(  245): Found widget: id=2131165256 (android.widget.TextView@4054fbb0): Stats
D/nofatclips(  245): Found widget: id=-1 (com.android.internal.policy.impl.PhoneWindow$DecorView@405a01d0)
I/nofatclips(  245): Playing Trace 1
I/nofatclips(  245): Retrieved from return list id=16908290
D/nofatclips(  245): Testing for type (android.widget.FrameLayout) against the original (null)
I/nofatclips(  245): Firing event: type= openMenu name= widget=null
I/ActivityThread(  296): Pub com.android.email.provider: com.android.email.provider.EmailProvider
I/ActivityThread(  296): Pub com.android.email.attachmentprovider: com.android.email.provider.AttachmentProvider
I/ActivityThread(  296): Pub com.android.exchange.provider: com.android.exchange.provider.ExchangeProvider
D/dalvikvm(  245): GC_CONCURRENT freed 626K, 52% free 3138K/6407K, external 1812K/2324K, paused 2ms+11ms
D/EAS SyncManager(  296): !!! EAS SyncManager, onCreate
I/SearchManagerService(   61): Building list of searchable activities
I//system/bin/fsck_msdos(   29): ** Phase 1 - Read and Compare FATs
I//system/bin/fsck_msdos(   29): Attempting to allocate 998 KB for FAT
D/Eas Debug(  296): Logging: 
W/KeyCharacterMap(  245): No keyboard for id 0
W/KeyCharacterMap(  245): Using default keymap: /system/usr/keychars/qwerty.kcm.bin
D/dalvikvm(  296): GC_CONCURRENT freed 534K, 54% free 2701K/5831K, external 716K/1038K, paused 2ms+3ms
D/EAS SyncManager(  296): !!! EAS SyncManager, onDestroy
D/MediaScannerService(  251): start scanning volume internal
I/Launcher(  136): setLoadOnResume
D/Email   (  296): BOOT_COMPLETED
D/dalvikvm(  276): GC_CONCURRENT freed 487K, 54% free 2722K/5831K, external 716K/1038K, paused 3ms+3ms
I//system/bin/fsck_msdos(   29): Attempting to allocate 998 KB for FAT
D/EAS SyncManager(  296): !!! EAS SyncManager, onCreate
D/EAS SyncManager(  296): !!! EAS SyncManager, onStartCommand
D/EAS SyncManager(  296): !!! EAS SyncManager, stopping self
D/EAS SyncManager(  296): !!! EAS SyncManager, onDestroy
I/Launcher(  136): setLoadOnResume
I//system/bin/fsck_msdos(   29): ** Phase 2 - Check Cluster Chains
I/Launcher(  136): setLoadOnResume
I//system/bin/fsck_msdos(   29): ** Phase 3 - Checking Directories
I//system/bin/fsck_msdos(   29): ** Phase 4 - Checking for Lost Files
I//system/bin/fsck_msdos(   29): Next free cluster in FSInfo block (5) not free
I//system/bin/fsck_msdos(   29): FIXED
I//system/bin/fsck_msdos(   29): 3 files, 509980 free (254990 clusters)
I/Vold    (   29): Filesystem check completed OK
I/Vold    (   29): Device /dev/block/vold/179:0, target /mnt/sdcard mounted @ /mnt/secure/staging
D/Vold    (   29): Volume sdcard state changing 3 (Checking) -> 4 (Mounted)
I/PackageManager(   61): Updating external media status from unmounted to mounted
I/StorageNotification(  133): Media {/mnt/sdcard} state changed from {checking} -> {mounted}
D/VoldCmdListener(   29): asec list
I/PackageManager(   61): No secure containers on sdcard
W/PackageManager(   61): Unknown permission com.google.android.googleapps.permission.GOOGLE_AUTH.mail in package com.android.contacts
W/PackageManager(   61): Unknown permission android.permission.ADD_SYSTEM_SERVICE in package com.android.phone
W/PackageManager(   61): Not granting permission android.permission.SEND_DOWNLOAD_COMPLETED_INTENTS to package com.android.browser (protectionLevel=2 flags=0x9be45)
W/PackageManager(   61): Unknown permission com.google.android.gm.permission.WRITE_GMAIL in package com.android.settings
W/PackageManager(   61): Unknown permission com.google.android.gm.permission.READ_GMAIL in package com.android.settings
W/PackageManager(   61): Unknown permission com.google.android.googleapps.permission.GOOGLE_AUTH in package com.android.settings
W/PackageManager(   61): Unknown permission com.google.android.googleapps.permission.GOOGLE_AUTH in package com.android.providers.contacts
W/PackageManager(   61): Unknown permission com.google.android.googleapps.permission.GOOGLE_AUTH.cp in package com.android.providers.contacts
W/PackageManager(   61): Unknown permission com.google.android.googleapps.permission.ACCESS_GOOGLE_PASSWORD in package com.android.development
W/PackageManager(   61): Unknown permission com.google.android.googleapps.permission.GOOGLE_AUTH in package com.android.development
W/PackageManager(   61): Unknown permission com.google.android.googleapps.permission.GOOGLE_AUTH.ALL_SERVICES in package com.android.development
W/PackageManager(   61): Unknown permission com.google.android.googleapps.permission.GOOGLE_AUTH.YouTubeUser in package com.android.development
W/PackageManager(   61): Unknown permission android.permission.READ_OWNER_DATA in package com.android.email
W/PackageManager(   61): Not granting permission android.permission.DEVICE_POWER to package com.android.deskclock (protectionLevel=2 flags=0x8be45)
W/ImageDownloader(  245): Error 404 while retrieving bitmap from http://gravatar.com/blavatar/44d338f29053dbb888da79dcf98df489?s=60&d=404
D/dalvikvm(  181): GC_CONCURRENT freed 225K, 51% free 2829K/5703K, external 716K/1038K, paused 4ms+2ms
D/dalvikvm(  136): GC_EXTERNAL_ALLOC freed 213K, 49% free 2990K/5831K, external 2617K/2620K, paused 48ms
D/MediaScanner(  251):  prescan time: 933ms
D/dalvikvm(  251): GC_CONCURRENT freed 526K, 55% free 2647K/5831K, external 716K/1038K, paused 3ms+9ms
D/MediaScanner(  251):     scan time: 123ms
D/MediaScanner(  251): postscan time: 0ms
D/MediaScanner(  251):    total time: 1056ms
D/szipinf (  181): Initializing inflate state
D/szipinf (  136): Initializing inflate state
D/dalvikvm(  136): GC_EXPLICIT freed 128K, 50% free 2921K/5831K, external 2216K/2305K, paused 39ms
I/nofatclips(  245): Waiting for 100 msec.
D/MediaScannerService(  251): done scanning volume internal
D/MediaScannerService(  251): start scanning volume external
I/nofatclips(  245): Current activity is Dashboard
I/nofatclips(  245): Retrieving widgets
D/nofatclips(  245): Found widget: id=16908726 (com.android.internal.view.menu.IconMenuView@40615c18)
D/nofatclips(  245): Found widget: id=16908310 (com.android.internal.view.menu.IconMenuItemView@40617d50): Add Account
D/nofatclips(  245): Found widget: id=16908310 (com.android.internal.view.menu.IconMenuItemView@4061ba38): Preferences
D/nofatclips(  245): Found widget: id=16908310 (com.android.internal.view.menu.IconMenuItemView@40618960): Remove Blog
D/nofatclips(  245): Found widget: id=16908310 (com.android.internal.view.menu.IconMenuItemView@405cf238): About
D/nofatclips(  245): Found widget: id=-1 (com.android.internal.policy.impl.PhoneWindow$DecorView@40619c50)
V/ReflectionHelper(  245): com.android.internal.view.menu.IconMenuView > mOnFocusChangeListener FOUND | NOT ACTIVE
V/nicola  (  245): TextualID : null
V/nicola  (  245): ContentType detected : default
V/nicola  (  245): TextualID : null
V/nicola  (  245): ContentType detected : default
V/nicola  (  245): TextualID : null
V/nicola  (  245): ContentType detected : default
V/nicola  (  245): TextualID : null
V/nicola  (  245): ContentType detected : default
I/nofatclips(  245): Performing comparation for activity Dashboard
D/nofatclips(  245): Comparing against activity Dashboard
I/nofatclips(  245): Registering activity Dashboard (id: a2) as a new found state
D/nofatclips(  245): Performing backup of the old activity list on disk
D/nofatclips(  245): Saving new found state 'a2' on disk
V/nofatclips(  245): Opening state file in append mode.
I/nofatclips(  245): Saved image on disk: a2.jpg
I/nofatclips(  245): Waiting for 100 msec.
D/dalvikvm(   61): GC_CONCURRENT freed 704K, 45% free 4213K/7559K, external 1865K/3065K, paused 3ms+82ms
V/MediaProvider(  251): /mnt/sdcard volume ID: 451610908
I/nofatclips(  245): Session count is 1. Will dump to disk at 1
I/nofatclips(  245): Saving the session on disk. This is the first batch: the file will be created.
I/nofatclips(  245): Planning for new Activity Dashboard
D/nofatclips(  245): Handling event 'click' on widget id=16908310 type=menuItem name=Add Account
D/nofatclips(  245): Handling event 'click' on widget id=16908310 type=menuItem name=Preferences
D/nofatclips(  245): Handling event 'click' on widget id=16908310 type=menuItem name=Remove Blog
D/nofatclips(  245): Handling event 'click' on widget id=16908310 type=menuItem name=About
I/nofatclips(  245): Created trace to press the back button
I/nofatclips(  245): Created trace to press the menu button
I/nofatclips(  245): Created trace to change orientation
I/nofatclips(  245): Check for termination: 99 steps left of 100
I/nofatclips(  245): Dispatching new task. 2 more tasks remaining.
D/nofatclips(  245): Performing backup of the old task list on disk
D/nofatclips(  245): Saving task list on disk
V/nofatclips(  245): Backing up trace #6 to disk.
D/dalvikvm(  245): GC_CONCURRENT freed 692K, 51% free 3293K/6599K, external 2188K/2324K, paused 3ms+4ms
V/nofatclips(  245): Backing up trace #7 to disk.
D/nofatclips(  245): Deleting backup of the old task list from disk
D/nofatclips(  245): Deleting backup of the old activity list from disk
I/nofatclips(  245): Incrementally Playing Trace 7
I/nofatclips(  245): Retrieved from return list id=16908310
D/nofatclips(  245): Testing for type (com.android.internal.view.menu.IconMenuItemView) against the original (com.android.internal.view.menu.IconMenuItemView)
D/nofatclips(  245): Testing for name (Remove Blog) against the original (Remove Blog)
I/nofatclips(  245): Firing event: type= click index=3 widget=com.android.internal.view.menu.IconMenuItemView
D/dalvikvm(  128): GREF has increased to 201
I/ContactsDatabaseHelper(  181): Locale change completed in 8109ms
V/MediaProvider(  251): Attached volume: external
V/MediaScanner(  251): pruneDeadThumbnailFiles... android.database.sqlite.SQLiteCursor@4059d218
V/MediaScanner(  251): /pruneDeadThumbnailFiles... android.database.sqlite.SQLiteCursor@4059d218
D/MediaScanner(  251):  prescan time: 34ms
D/MediaScanner(  251):     scan time: 1ms
D/MediaScanner(  251): postscan time: 7ms
D/MediaScanner(  251):    total time: 42ms
D/MediaScannerService(  251): done scanning volume external
W/KeyCharacterMap(  245): No keyboard for id 0
W/KeyCharacterMap(  245): Using default keymap: /system/usr/keychars/qwerty.kcm.bin
D/nofatclips(  245): Event description: Remove Blog
I/nofatclips(  245): Waiting for 100 msec.
I/nofatclips(  245): Current activity is Dashboard
I/dalvikvm(  245): Jit: resizing JitTable from 512 to 1024
I/nofatclips(  245): Retrieving widgets
D/nofatclips(  245): Found widget: id=16908290 (android.widget.FrameLayout@405b98b0)
D/nofatclips(  245): Found widget: id=16908666 (com.android.internal.widget.WeightedLinearLayout@405bbd78)
D/nofatclips(  245): Found widget: id=16908667 (android.widget.LinearLayout@4060a458)
D/nofatclips(  245): Found widget: id=16908668 (android.widget.LinearLayout@40639430)
D/nofatclips(  245): Found widget: id=16908294 (android.widget.ImageView@40639730)
D/nofatclips(  245): Found widget: id=16908669 (com.android.internal.widget.DialogTitle@4064b688): Remove Blog
D/nofatclips(  245): Found widget: id=16908670 (android.widget.ImageView@405f7cb0)
D/nofatclips(  245): Found widget: id=16908671 (android.widget.LinearLayout@40604e40)
D/nofatclips(  245): Found widget: id=16908672 (android.widget.ScrollView@40590550)
D/nofatclips(  245): Found widget: id=16908299 (android.widget.TextView@405d0fa0): Are you sure you want to remove this blog?
D/nofatclips(  245): Found widget: id=16908673 (android.widget.FrameLayout@405eb2c8)
D/nofatclips(  245): Found widget: id=16908331 (android.widget.FrameLayout@405aa158)
D/nofatclips(  245): Found widget: id=16908674 (android.widget.LinearLayout@405ad3a8)
D/nofatclips(  245): Found widget: id=-1 (android.widget.LinearLayout@405d3840)
D/nofatclips(  245): Found widget: id=16908675 (android.widget.LinearLayout@405db370)
D/nofatclips(  245): Found widget: id=16908313 (android.widget.Button@405aabb0): Yes
D/nofatclips(  245): Found widget: id=16908315 (android.widget.Button@405d81c8): 
D/nofatclips(  245): Found widget: id=16908314 (android.widget.Button@40648098): No
D/nofatclips(  245): Found widget: id=16908676 (android.widget.LinearLayout@4061dcb8)
D/nofatclips(  245): Found widget: id=-1 (com.android.internal.policy.impl.PhoneWindow$DecorView@40600258)
V/nicola  (  245): TextualID : null
V/nicola  (  245): ContentType detected : default
V/nicola  (  245): TextualID : null
V/nicola  (  245): ContentType detected : default
V/nicola  (  245): TextualID : null
V/nicola  (  245): ContentType detected : default
V/nicola  (  245): TextualID : null
V/nicola  (  245): ContentType detected : default
I/nofatclips(  245): Performing comparation for activity Dashboard
D/nofatclips(  245): Comparing against activity Dashboard
D/nofatclips(  245): Comparing against activity Dashboard
I/nofatclips(  245): Registering activity Dashboard (id: a3) as a new found state
D/nofatclips(  245): Performing backup of the old activity list on disk
D/nofatclips(  245): Saving new found state 'a3' on disk
V/nofatclips(  245): Opening state file in append mode.
D/dalvikvm(  245): GC_EXTERNAL_ALLOC freed 569K, 51% free 3293K/6599K, external 2194K/2324K, paused 182ms
I/nofatclips(  245): Saved image on disk: a3.jpg
I/nofatclips(  245): Waiting for 100 msec.
I/nofatclips(  245): Session count is 1. Will dump to disk at 1
I/nofatclips(  245): Saving the session on disk.
I/nofatclips(  245): Planning for new Activity Dashboard
D/nofatclips(  245): Handling event 'click' on widget id=16908313 type=button name=Yes
D/nofatclips(  245): Handling event 'click' on widget id=16908314 type=button name=No
I/nofatclips(  245): Created trace to press the back button
I/nofatclips(  245): Created trace to press the menu button
I/nofatclips(  245): Created trace to change orientation
I/nofatclips(  245): Check for termination: 98 steps left of 100
I/nofatclips(  245): Dispatching new task. 2 more tasks remaining.
D/nofatclips(  245): Performing backup of the old task list on disk
D/nofatclips(  245): Saving task list on disk
V/nofatclips(  245): Backing up trace #10 to disk.
V/nofatclips(  245): Backing up trace #11 to disk.
D/nofatclips(  245): Deleting backup of the old task list from disk
D/nofatclips(  245): Deleting backup of the old activity list from disk
I/nofatclips(  245): Incrementally Playing Trace 11
I/nofatclips(  245): Retrieved from return list id=16908290
D/nofatclips(  245): Testing for type (android.widget.FrameLayout) against the original (null)
I/nofatclips(  245): Firing event: type= changeOrientation name= widget=null
W/KeyCharacterMap(  245): No keyboard for id 0
W/KeyCharacterMap(  245): Using default keymap: /system/usr/keychars/qwerty.kcm.bin
I/WindowManager(   61): Setting rotation to 1, animFlags=1
I/ActivityManager(   61): Config changed: { scale=1.0 imsi=310/260 loc=en_US touch=3 keys=2/1/2 nav=1/1 orien=2 layout=18 uiMode=17 seq=5}
I/nofatclips(  245): Waiting for 100 msec.
I/dalvikvm(   61): Jit: resizing JitTable from 512 to 1024
D/dalvikvm(  245): GC_EXTERNAL_ALLOC freed 560K, 50% free 3352K/6599K, external 2845K/2872K, paused 180ms
W/WindowManager(   61): Window freeze timeout expired.
W/WindowManager(   61): Force clearing orientation change: Window{40654388 org.wordpress.android/org.wordpress.android.Dashboard paused=false}
W/WindowManager(   61): Force clearing orientation change: Window{4071cc90 org.wordpress.android/org.wordpress.android.Dashboard paused=false}
I/nofatclips(  245): Current activity is Dashboard
I/nofatclips(  245): Retrieving widgets
D/nofatclips(  245): Found widget: id=16908290 (android.widget.FrameLayout@405b98b0)
D/nofatclips(  245): Found widget: id=16908666 (com.android.internal.widget.WeightedLinearLayout@405bbd78)
D/nofatclips(  245): Found widget: id=16908667 (android.widget.LinearLayout@4060a458)
D/nofatclips(  245): Found widget: id=16908668 (android.widget.LinearLayout@40639430)
D/nofatclips(  245): Found widget: id=16908294 (android.widget.ImageView@40639730)
D/nofatclips(  245): Found widget: id=16908669 (com.android.internal.widget.DialogTitle@4064b688): Remove Blog
D/nofatclips(  245): Found widget: id=16908670 (android.widget.ImageView@405f7cb0)
D/nofatclips(  245): Found widget: id=16908671 (android.widget.LinearLayout@40604e40)
D/nofatclips(  245): Found widget: id=16908672 (android.widget.ScrollView@40590550)
D/nofatclips(  245): Found widget: id=16908299 (android.widget.TextView@405d0fa0): Are you sure you want to remove this blog?
D/nofatclips(  245): Found widget: id=16908673 (android.widget.FrameLayout@405eb2c8)
D/nofatclips(  245): Found widget: id=16908331 (android.widget.FrameLayout@405aa158)
D/nofatclips(  245): Found widget: id=16908674 (android.widget.LinearLayout@405ad3a8)
D/nofatclips(  245): Found widget: id=-1 (android.widget.LinearLayout@405d3840)
D/nofatclips(  245): Found widget: id=16908675 (android.widget.LinearLayout@405db370)
D/nofatclips(  245): Found widget: id=16908313 (android.widget.Button@405aabb0): Yes
D/nofatclips(  245): Found widget: id=16908315 (android.widget.Button@405d81c8): 
D/nofatclips(  245): Found widget: id=16908314 (android.widget.Button@40648098): No
D/nofatclips(  245): Found widget: id=16908676 (android.widget.LinearLayout@4061dcb8)
D/nofatclips(  245): Found widget: id=-1 (com.android.internal.policy.impl.PhoneWindow$DecorView@40600258)
V/nicola  (  245): TextualID : null
V/nicola  (  245): ContentType detected : default
V/nicola  (  245): TextualID : null
V/nicola  (  245): ContentType detected : default
V/nicola  (  245): TextualID : null
V/nicola  (  245): ContentType detected : default
V/nicola  (  245): TextualID : null
V/nicola  (  245): ContentType detected : default
I/nofatclips(  245): Performing comparation for activity Dashboard
D/nofatclips(  245): Comparing against activity Dashboard
D/nofatclips(  245): Comparing against activity Dashboard
D/nofatclips(  245): Comparing against activity Dashboard
I/nofatclips(  245): Registering activity Dashboard (id: a4) as a new found state
D/nofatclips(  245): Performing backup of the old activity list on disk
D/nofatclips(  245): Saving new found state 'a4' on disk
V/nofatclips(  245): Opening state file in append mode.
I/nofatclips(  245): Saved image on disk: a4.jpg
I/nofatclips(  245): Waiting for 100 msec.
I/nofatclips(  245): Session count is 1. Will dump to disk at 1
I/nofatclips(  245): Saving the session on disk.
I/nofatclips(  245): Planning for new Activity Dashboard
D/nofatclips(  245): Handling event 'click' on widget id=16908313 type=button name=Yes
D/nofatclips(  245): Handling event 'click' on widget id=16908314 type=button name=No
I/nofatclips(  245): Created trace to press the back button
I/nofatclips(  245): Created trace to press the menu button
D/dalvikvm(   61): GC_EXPLICIT freed 138K, 46% free 4117K/7559K, external 1316K/1828K, paused 330ms
I/nofatclips(  245): Created trace to change orientation
I/nofatclips(  245): Check for termination: 97 steps left of 100
I/nofatclips(  245): Dispatching new task. 2 more tasks remaining.
D/nofatclips(  245): Performing backup of the old task list on disk
D/nofatclips(  245): Saving task list on disk
V/nofatclips(  245): Backing up trace #14 to disk.
V/nofatclips(  245): Backing up trace #15 to disk.
D/nofatclips(  245): Deleting backup of the old task list from disk
D/nofatclips(  245): Deleting backup of the old activity list from disk
I/nofatclips(  245): Incrementally Playing Trace 15
I/nofatclips(  245): Retrieved from return list id=16908290
D/nofatclips(  245): Testing for type (android.widget.FrameLayout) against the original (null)
I/nofatclips(  245): Firing event: type= openMenu name= widget=null
I/nofatclips(  245): Waiting for 100 msec.
I/nofatclips(  245): Current activity is Dashboard
I/nofatclips(  245): Retrieving widgets
D/nofatclips(  245): Found widget: id=16908290 (android.widget.FrameLayout@405b98b0)
D/nofatclips(  245): Found widget: id=16908666 (com.android.internal.widget.WeightedLinearLayout@405bbd78)
D/nofatclips(  245): Found widget: id=16908667 (android.widget.LinearLayout@4060a458)
D/nofatclips(  245): Found widget: id=16908668 (android.widget.LinearLayout@40639430)
D/nofatclips(  245): Found widget: id=16908294 (android.widget.ImageView@40639730)
D/nofatclips(  245): Found widget: id=16908669 (com.android.internal.widget.DialogTitle@4064b688): Remove Blog
D/nofatclips(  245): Found widget: id=16908670 (android.widget.ImageView@405f7cb0)
D/nofatclips(  245): Found widget: id=16908671 (android.widget.LinearLayout@40604e40)
D/nofatclips(  245): Found widget: id=16908672 (android.widget.ScrollView@40590550)
D/nofatclips(  245): Found widget: id=16908299 (android.widget.TextView@405d0fa0): Are you sure you want to remove this blog?
D/nofatclips(  245): Found widget: id=16908673 (android.widget.FrameLayout@405eb2c8)
D/nofatclips(  245): Found widget: id=16908331 (android.widget.FrameLayout@405aa158)
D/nofatclips(  245): Found widget: id=16908674 (android.widget.LinearLayout@405ad3a8)
D/nofatclips(  245): Found widget: id=-1 (android.widget.LinearLayout@405d3840)
D/nofatclips(  245): Found widget: id=16908675 (android.widget.LinearLayout@405db370)
D/nofatclips(  245): Found widget: id=16908313 (android.widget.Button@405aabb0): Yes
D/nofatclips(  245): Found widget: id=16908315 (android.widget.Button@405d81c8): 
D/nofatclips(  245): Found widget: id=16908314 (android.widget.Button@40648098): No
D/nofatclips(  245): Found widget: id=16908676 (android.widget.LinearLayout@4061dcb8)
D/nofatclips(  245): Found widget: id=-1 (com.android.internal.policy.impl.PhoneWindow$DecorView@40600258)
V/nicola  (  245): TextualID : null
V/nicola  (  245): ContentType detected : default
V/nicola  (  245): TextualID : null
V/nicola  (  245): ContentType detected : default
V/nicola  (  245): TextualID : null
V/nicola  (  245): ContentType detected : default
V/nicola  (  245): TextualID : null
V/nicola  (  245): ContentType detected : default
I/nofatclips(  245): Performing comparation for activity Dashboard
D/nofatclips(  245): Comparing against activity Dashboard
D/nofatclips(  245): Comparing against activity Dashboard
D/nofatclips(  245): Comparing against activity Dashboard
D/nofatclips(  245): Comparing against activity Dashboard
I/nofatclips(  245): Registering activity Dashboard (id: a5) as a new found state
D/nofatclips(  245): Performing backup of the old activity list on disk
D/dalvikvm(  245): GC_CONCURRENT freed 955K, 52% free 3356K/6919K, external 3049K/3259K, paused 14ms+21ms
D/nofatclips(  245): Saving new found state 'a5' on disk
V/nofatclips(  245): Opening state file in append mode.
I/nofatclips(  245): Saved image on disk: a5.jpg
I/nofatclips(  245): Waiting for 100 msec.
I/nofatclips(  245): Session count is 1. Will dump to disk at 1
I/nofatclips(  245): Saving the session on disk.
I/nofatclips(  245): Planning for new Activity Dashboard
D/nofatclips(  245): Handling event 'click' on widget id=16908313 type=button name=Yes
D/nofatclips(  245): Handling event 'click' on widget id=16908314 type=button name=No
I/nofatclips(  245): Created trace to press the back button
I/nofatclips(  245): Created trace to press the menu button
I/nofatclips(  245): Created trace to change orientation
I/nofatclips(  245): Check for termination: 96 steps left of 100
I/nofatclips(  245): Dispatching new task. 2 more tasks remaining.
D/nofatclips(  245): Performing backup of the old task list on disk
D/nofatclips(  245): Saving task list on disk
V/nofatclips(  245): Backing up trace #18 to disk.
V/nofatclips(  245): Backing up trace #19 to disk.
D/nofatclips(  245): Deleting backup of the old task list from disk
D/nofatclips(  245): Deleting backup of the old activity list from disk
I/nofatclips(  245): Incrementally Playing Trace 19
I/nofatclips(  245): Retrieved from return list id=16908314
D/nofatclips(  245): Testing for type (android.widget.Button) against the original (android.widget.Button)
D/nofatclips(  245): Testing for name (No) against the original (No)
I/nofatclips(  245): Firing event: type= click index=17 widget=android.widget.Button
D/nofatclips(  245): Event description: No
I/nofatclips(  245): Waiting for 100 msec.
W/InputManagerService(   61): Window already focused, ignoring focus gain of: com.android.internal.view.IInputMethodClient$Stub$Proxy@4067bc98
I/nofatclips(  245): Current activity is Dashboard
I/nofatclips(  245): Retrieving widgets
D/nofatclips(  245): Found widget: id=16908290 (android.widget.FrameLayout@405a0ad0)
D/nofatclips(  245): Found widget: id=2131165248 (android.widget.RelativeLayout@405a17d0)
D/nofatclips(  245): Found widget: id=2131165249 (android.widget.LinearLayout@405a1e38)
D/nofatclips(  245): Found widget: id=-1 (android.widget.ImageView@405a2380)
D/nofatclips(  245): Found widget: id=2131165250 (org.wordpress.android.util.WPTitleBar@4059bcb8)
D/nofatclips(  245): Found widget: id=2131165195 (android.widget.RelativeLayout@4050e260)
D/nofatclips(  245): Found widget: id=2131165196 (android.widget.RelativeLayout@405685b0)
D/nofatclips(  245): Found widget: id=2131165197 (android.widget.ImageView@4059cf50)
D/nofatclips(  245): Found widget: id=2131165198 (android.widget.TextView@40541920): Katie's Sweet Testing Blog
D/nofatclips(  245): Found widget: id=2131165199 (android.widget.ImageView@4055d1b0)
D/nofatclips(  245): Found widget: id=-1 (android.widget.RelativeLayout@40579518)
D/nofatclips(  245): Found widget: id=2131165200 (android.widget.ImageButton@4059d478)
D/nofatclips(  245): Found widget: id=-1 (android.widget.FrameLayout@4057aa00)
D/nofatclips(  245): Found widget: id=2131165201 (android.widget.Button@405422e8): 
D/nofatclips(  245): Found widget: id=2131165202 (android.widget.ImageView@405938b0)
D/nofatclips(  245): Found widget: id=2131165203 (android.widget.ImageView@4053cae0)
D/nofatclips(  245): Found widget: id=2131165249 (android.widget.LinearLayout@40648e18)
D/nofatclips(  245): Found widget: id=-1 (android.widget.FrameLayout@40649150)
D/nofatclips(  245): Found widget: id=-1 (android.widget.LinearLayout@406493b8)
D/nofatclips(  245): Found widget: id=-1 (android.widget.LinearLayout@4064a048)
D/nofatclips(  245): Found widget: id=-1 (android.widget.LinearLayout@4064a268)
D/nofatclips(  245): Found widget: id=2131165251 (android.widget.LinearLayout@4064a488)
D/nofatclips(  245): Found widget: id=-1 (android.widget.ImageView@405fb0d8)
D/nofatclips(  245): Found widget: id=-1 (android.widget.TextView@405ffb40): New Post
D/nofatclips(  245): Found widget: id=2131165252 (android.widget.LinearLayout@405fffd0)
D/nofatclips(  245): Found widget: id=-1 (android.widget.ImageView@40620060)
D/nofatclips(  245): Found widget: id=-1 (android.widget.TextView@40620420): Quick Photo
D/nofatclips(  245): Found widget: id=-1 (android.widget.LinearLayout@406208b0)
D/nofatclips(  245): Found widget: id=2131165253 (android.widget.LinearLayout@40620ad0)
D/nofatclips(  245): Found widget: id=-1 (android.widget.ImageView@40622000)
D/nofatclips(  245): Found widget: id=-1 (android.widget.TextView@406223c0): New Page
D/nofatclips(  245): Found widget: id=2131165254 (android.widget.LinearLayout@40622850)
D/nofatclips(  245): Found widget: id=-1 (android.widget.ImageView@40623a50)
D/nofatclips(  245): Found widget: id=-1 (android.widget.TextView@40623e10): Quick Video
D/nofatclips(  245): Found widget: id=-1 (android.widget.LinearLayout@406242a0)
D/nofatclips(  245): Found widget: id=-1 (android.widget.LinearLayout@406244c0)
D/nofatclips(  245): Found widget: id=2131165255 (android.widget.LinearLayout@406246e0)
D/nofatclips(  245): Found widget: id=-1 (android.widget.ImageView@40625150)
D/nofatclips(  245): Found widget: id=2131165256 (android.widget.TextView@40625510): Posts
D/nofatclips(  245): Found widget: id=2131165257 (android.widget.LinearLayout@406259a0)
D/nofatclips(  245): Found widget: id=-1 (android.widget.ImageView@40626410)
D/nofatclips(  245): Found widget: id=2131165256 (android.widget.TextView@406267d0): Pages
D/nofatclips(  245): Found widget: id=-1 (android.widget.FrameLayout@40626c60)
D/nofatclips(  245): Found widget: id=2131165258 (android.widget.LinearLayout@40626ec8)
D/nofatclips(  245): Found widget: id=-1 (android.widget.ImageView@406284c8)
D/nofatclips(  245): Found widget: id=2131165256 (android.widget.TextView@40628888): Comments
D/nofatclips(  245): Found widget: id=2131165259 (android.widget.FrameLayout@40628d18)
D/nofatclips(  245): Found widget: id=2131165260 (android.widget.ImageView@40628f80)
D/nofatclips(  245): Found widget: id=2131165261 (org.wordpress.android.util.CommentBadgeTextView@406293d8): 0
D/nofatclips(  245): Found widget: id=-1 (android.widget.LinearLayout@406298a0)
D/nofatclips(  245): Found widget: id=2131165262 (android.widget.LinearLayout@40629ac0)
D/nofatclips(  245): Found widget: id=-1 (android.widget.ImageView@4062a2e0)
D/nofatclips(  245): Found widget: id=2131165256 (android.widget.TextView@405ca648): Settings
D/nofatclips(  245): Found widget: id=2131165263 (android.widget.LinearLayout@40585d28)
D/nofatclips(  245): Found widget: id=-1 (android.widget.ImageView@405d04e8)
D/nofatclips(  245): Found widget: id=2131165256 (android.widget.TextView@4064c908): Read
D/nofatclips(  245): Found widget: id=2131165264 (android.widget.LinearLayout@4063ea48)
D/nofatclips(  245): Found widget: id=-1 (android.widget.ImageView@4053b2d8)
D/nofatclips(  245): Found widget: id=2131165256 (android.widget.TextView@405148b0): Stats
D/nofatclips(  245): Found widget: id=-1 (com.android.internal.policy.impl.PhoneWindow$DecorView@405a01d0)
V/nicola  (  245): TextualID : blog_title
V/nicola  (  245): ContentType detected : default
V/nicola  (  245): TextualID : action_refresh
V/nicola  (  245): ContentType detected : default
V/nicola  (  245): TextualID : null
V/nicola  (  245): ContentType detected : default
V/nicola  (  245): TextualID : null
V/nicola  (  245): ContentType detected : default
V/nicola  (  245): TextualID : null
I/dalvikvm(  245): Jit: resizing JitTable from 1024 to 2048
V/nicola  (  245): ContentType detected : default
V/nicola  (  245): TextualID : null
V/nicola  (  245): ContentType detected : default
V/nicola  (  245): TextualID : button_text
V/nicola  (  245): ContentType detected : default
V/nicola  (  245): TextualID : button_text
V/nicola  (  245): ContentType detected : default
V/nicola  (  245): TextualID : button_text
V/nicola  (  245): ContentType detected : default
V/nicola  (  245): TextualID : button_text
V/nicola  (  245): ContentType detected : default
V/nicola  (  245): TextualID : button_text
V/nicola  (  245): ContentType detected : default
V/nicola  (  245): TextualID : button_text
V/nicola  (  245): ContentType detected : default
I/nofatclips(  245): Performing comparation for activity Dashboard
D/nofatclips(  245): Comparing against activity Dashboard
D/nofatclips(  245): Comparing against activity Dashboard
D/nofatclips(  245): Comparing against activity Dashboard
D/nofatclips(  245): Comparing against activity Dashboard
D/nofatclips(  245): Comparing against activity Dashboard
I/nofatclips(  245): Registering activity Dashboard (id: a6) as a new found state
D/nofatclips(  245): Performing backup of the old activity list on disk
D/nofatclips(  245): Saving new found state 'a6' on disk
V/nofatclips(  245): Opening state file in append mode.
D/dalvikvm(  245): GC_CONCURRENT freed 1273K, 54% free 3416K/7303K, external 2667K/2932K, paused 8ms+12ms
D/dalvikvm(  245): GC_EXTERNAL_ALLOC freed 115K, 54% free 3366K/7303K, external 1857K/2369K, paused 102ms
D/dalvikvm(  245): GC_EXTERNAL_ALLOC freed 29K, 55% free 3337K/7303K, external 2044K/2556K, paused 94ms
I/nofatclips(  245): Saved image on disk: a6.jpg
I/nofatclips(  245): Waiting for 100 msec.
I/nofatclips(  245): Session count is 1. Will dump to disk at 1
I/nofatclips(  245): Saving the session on disk.
I/nofatclips(  245): Planning for new Activity Dashboard
D/nofatclips(  245): Handling event 'click' on widget id=2131165200 type=button name=
D/nofatclips(  245): Handling event 'click' on widget id=2131165201 type=button name=
D/nofatclips(  245): Handling event 'click' on widget id=2131165249 type=linearLayout name=
D/nofatclips(  245): Handling event 'click' on widget id=2131165251 type=linearLayout name=
D/nofatclips(  245): Handling event 'click' on widget id=2131165252 type=linearLayout name=
D/nofatclips(  245): Handling event 'click' on widget id=2131165253 type=linearLayout name=
D/nofatclips(  245): Handling event 'click' on widget id=2131165254 type=linearLayout name=
D/nofatclips(  245): Handling event 'click' on widget id=2131165255 type=linearLayout name=
D/nofatclips(  245): Handling event 'click' on widget id=2131165257 type=linearLayout name=
D/nofatclips(  245): Handling event 'click' on widget id=2131165258 type=linearLayout name=
D/nofatclips(  245): Handling event 'click' on widget id=2131165262 type=linearLayout name=
D/dalvikvm(  245): GC_CONCURRENT freed 1107K, 53% free 3497K/7303K, external 2644K/3302K, paused 3ms+4ms
D/nofatclips(  245): Handling event 'click' on widget id=2131165263 type=linearLayout name=
D/nofatclips(  245): Handling event 'click' on widget id=2131165264 type=linearLayout name=
I/nofatclips(  245): Created trace to press the back button
I/nofatclips(  245): Created trace to press the menu button
I/nofatclips(  245): Created trace to change orientation
I/nofatclips(  245): Check for termination: 95 steps left of 100
I/nofatclips(  245): Dispatching new task. 2 more tasks remaining.
D/nofatclips(  245): Performing backup of the old task list on disk
D/nofatclips(  245): Saving task list on disk
V/nofatclips(  245): Backing up trace #33 to disk.
V/nofatclips(  245): Backing up trace #34 to disk.
D/dalvikvm(  245): GC_CONCURRENT freed 1421K, 55% free 3336K/7367K, external 2044K/2644K, paused 4ms+3ms
D/nofatclips(  245): Deleting backup of the old task list from disk
D/nofatclips(  245): Deleting backup of the old activity list from disk
I/nofatclips(  245): Incrementally Playing Trace 34
I/nofatclips(  245): Retrieved from return list id=16908290
D/nofatclips(  245): Testing for type (android.widget.FrameLayout) against the original (null)
I/nofatclips(  245): Firing event: type= changeOrientation name= widget=null
W/KeyCharacterMap(  245): No keyboard for id 0
W/KeyCharacterMap(  245): Using default keymap: /system/usr/keychars/qwerty.kcm.bin
I/WindowManager(   61): Setting rotation to 0, animFlags=1
I/ActivityManager(   61): Config changed: { scale=1.0 imsi=310/260 loc=en_US touch=3 keys=2/1/2 nav=1/1 orien=1 layout=18 uiMode=17 seq=6}
I/nofatclips(  245): Waiting for 100 msec.
I/nofatclips(  245): Current activity is Dashboard
I/nofatclips(  245): Retrieving widgets
D/nofatclips(  245): Found widget: id=16908290 (android.widget.FrameLayout@405a0ad0)
D/nofatclips(  245): Found widget: id=2131165248 (android.widget.RelativeLayout@405a17d0)
D/nofatclips(  245): Found widget: id=2131165249 (android.widget.LinearLayout@405a1e38)
D/nofatclips(  245): Found widget: id=-1 (android.widget.ImageView@405a2380)
D/nofatclips(  245): Found widget: id=2131165250 (org.wordpress.android.util.WPTitleBar@4059bcb8)
D/nofatclips(  245): Found widget: id=2131165195 (android.widget.RelativeLayout@4050e260)
D/nofatclips(  245): Found widget: id=2131165196 (android.widget.RelativeLayout@405685b0)
D/nofatclips(  245): Found widget: id=2131165197 (android.widget.ImageView@4059cf50)
D/nofatclips(  245): Found widget: id=2131165198 (android.widget.TextView@40541920): Katie's Sweet Testing Blog
D/nofatclips(  245): Found widget: id=2131165199 (android.widget.ImageView@4055d1b0)
D/nofatclips(  245): Found widget: id=-1 (android.widget.RelativeLayout@40579518)
D/nofatclips(  245): Found widget: id=2131165200 (android.widget.ImageButton@4059d478)
D/nofatclips(  245): Found widget: id=-1 (android.widget.FrameLayout@4057aa00)
D/nofatclips(  245): Found widget: id=2131165201 (android.widget.Button@405422e8): 
D/nofatclips(  245): Found widget: id=2131165202 (android.widget.ImageView@405938b0)
D/nofatclips(  245): Found widget: id=2131165203 (android.widget.ImageView@4053cae0)
D/nofatclips(  245): Found widget: id=2131165249 (android.widget.LinearLayout@405617b0)
D/nofatclips(  245): Found widget: id=-1 (android.widget.FrameLayout@4062d068)
D/nofatclips(  245): Found widget: id=-1 (android.widget.LinearLayout@40564068)
D/nofatclips(  245): Found widget: id=-1 (android.widget.LinearLayout@405691b8)
D/nofatclips(  245): Found widget: id=-1 (android.widget.LinearLayout@4059bef0)
D/nofatclips(  245): Found widget: id=2131165251 (android.widget.LinearLayout@4059e078)
D/nofatclips(  245): Found widget: id=-1 (android.widget.ImageView@4064afd8)
D/nofatclips(  245): Found widget: id=2131165256 (android.widget.TextView@405aea50): New Post
D/nofatclips(  245): Found widget: id=2131165253 (android.widget.LinearLayout@4060e9e0)
D/nofatclips(  245): Found widget: id=-1 (android.widget.ImageView@406cbc58)
D/nofatclips(  245): Found widget: id=2131165256 (android.widget.TextView@406cd070): New Page
D/nofatclips(  245): Found widget: id=-1 (android.widget.LinearLayout@406cd498)
D/nofatclips(  245): Found widget: id=2131165252 (android.widget.LinearLayout@406cd660)
D/nofatclips(  245): Found widget: id=-1 (android.widget.ImageView@406d3230)
D/nofatclips(  245): Found widget: id=2131165256 (android.widget.TextView@406cb810): Quick Photo
D/nofatclips(  245): Found widget: id=2131165254 (android.widget.LinearLayout@406a5ba0)
D/nofatclips(  245): Found widget: id=-1 (android.widget.ImageView@406cb060)
D/nofatclips(  245): Found widget: id=2131165256 (android.widget.TextView@405db250): Quick Video
D/nofatclips(  245): Found widget: id=-1 (android.widget.LinearLayout@405b18f0)
D/nofatclips(  245): Found widget: id=-1 (android.widget.LinearLayout@406434c0)
D/nofatclips(  245): Found widget: id=2131165255 (android.widget.LinearLayout@40643610)
D/nofatclips(  245): Found widget: id=-1 (android.widget.ImageView@4061a3e8)
D/nofatclips(  245): Found widget: id=2131165256 (android.widget.TextView@40733d10): Posts
D/nofatclips(  245): Found widget: id=2131165257 (android.widget.LinearLayout@4060e090)
D/nofatclips(  245): Found widget: id=-1 (android.widget.ImageView@40612798)
D/nofatclips(  245): Found widget: id=2131165256 (android.widget.TextView@4068ef00): Pages
D/nofatclips(  245): Found widget: id=-1 (android.widget.FrameLayout@406d5820)
D/nofatclips(  245): Found widget: id=2131165258 (android.widget.LinearLayout@405d3ba0)
D/nofatclips(  245): Found widget: id=-1 (android.widget.ImageView@405e1760)
D/nofatclips(  245): Found widget: id=2131165256 (android.widget.TextView@405c2340): Comments
D/nofatclips(  245): Found widget: id=2131165259 (android.widget.FrameLayout@405c4408)
D/nofatclips(  245): Found widget: id=2131165260 (android.widget.ImageView@405c45b0)
D/nofatclips(  245): Found widget: id=2131165261 (org.wordpress.android.util.CommentBadgeTextView@40650d28): 0
D/nofatclips(  245): Found widget: id=-1 (android.widget.LinearLayout@40654360)
D/nofatclips(  245): Found widget: id=2131165262 (android.widget.LinearLayout@406931b8)
D/nofatclips(  245): Found widget: id=-1 (android.widget.ImageView@406ec8f0)
D/nofatclips(  245): Found widget: id=2131165256 (android.widget.TextView@406ee8c8): Settings
D/nofatclips(  245): Found widget: id=2131165263 (android.widget.LinearLayout@406f0530)
D/nofatclips(  245): Found widget: id=-1 (android.widget.ImageView@405d5ac8)
D/nofatclips(  245): Found widget: id=2131165256 (android.widget.TextView@405bf7b0): Read
D/nofatclips(  245): Found widget: id=2131165264 (android.widget.LinearLayout@405d4ba0)
D/nofatclips(  245): Found widget: id=-1 (android.widget.ImageView@4061d080)
D/nofatclips(  245): Found widget: id=2131165256 (android.widget.TextView@40604530): Stats
D/nofatclips(  245): Found widget: id=-1 (com.android.internal.policy.impl.PhoneWindow$DecorView@405a01d0)
V/nicola  (  245): TextualID : blog_title
V/nicola  (  245): ContentType detected : default
V/nicola  (  245): TextualID : action_refresh
V/nicola  (  245): ContentType detected : default
V/nicola  (  245): TextualID : button_text
V/nicola  (  245): ContentType detected : default
V/nicola  (  245): TextualID : button_text
V/nicola  (  245): ContentType detected : default
V/nicola  (  245): TextualID : button_text
V/nicola  (  245): ContentType detected : default
V/nicola  (  245): TextualID : button_text
V/nicola  (  245): ContentType detected : default
V/nicola  (  245): TextualID : button_text
V/nicola  (  245): ContentType detected : default
V/nicola  (  245): TextualID : button_text
V/nicola  (  245): ContentType detected : default
V/nicola  (  245): TextualID : button_text
V/nicola  (  245): ContentType detected : default
V/nicola  (  245): TextualID : button_text
V/nicola  (  245): ContentType detected : default
V/nicola  (  245): TextualID : button_text
V/nicola  (  245): ContentType detected : default
V/nicola  (  245): TextualID : button_text
V/nicola  (  245): ContentType detected : default
I/nofatclips(  245): Performing comparation for activity Dashboard
D/nofatclips(  245): Comparing against activity Dashboard
D/nofatclips(  245): Comparing against activity Dashboard
D/nofatclips(  245): Comparing against activity Dashboard
