D/nofatclips(  254): Handling input 'writeText' on widget id=2131165286 type=editText name=Password (optional)
V/nofatclips(  254): Using value: 45
D/nofatclips(  254): Handling event selectSpinnerItem for items [1,10] on spinner #2131165285 count=10
D/nofatclips(  254): Handling input 'writeText' on widget id=2131165236 type=editText name=Title
V/nofatclips(  254): Using value: 90
D/nofatclips(  254): Handling input 'writeText' on widget id=2131165268 type=editText name=Tags (separate tags with commas)
V/nofatclips(  254): Using value: 85
D/nofatclips(  254): Handling input 'writeText' on widget id=2131165286 type=editText name=Password (optional)
V/nofatclips(  254): Using value: 45
D/nofatclips(  254): Handling input 'writeText' on widget id=2131165236 type=editText name=Title
V/nofatclips(  254): Using value: 90
D/nofatclips(  254): Handling input 'writeText' on widget id=2131165268 type=editText name=Tags (separate tags with commas)
V/nofatclips(  254): Using value: 85
D/nofatclips(  254): Handling input 'writeText' on widget id=2131165286 type=editText name=Password (optional)
V/nofatclips(  254): Using value: 45
D/nofatclips(  254): Handling input 'writeText' on widget id=2131165236 type=editText name=Title
V/nofatclips(  254): Using value: 90
D/nofatclips(  254): Handling input 'writeText' on widget id=2131165268 type=editText name=Tags (separate tags with commas)
V/nofatclips(  254): Using value: 85
D/nofatclips(  254): Handling input 'writeText' on widget id=2131165286 type=editText name=Password (optional)
V/nofatclips(  254): Using value: 45
D/nofatclips(  254): Handling input 'writeText' on widget id=2131165236 type=editText name=Title
V/nofatclips(  254): Using value: 90
D/nofatclips(  254): Handling input 'writeText' on widget id=2131165268 type=editText name=Tags (separate tags with commas)
V/nofatclips(  254): Using value: 85
D/nofatclips(  254): Handling input 'writeText' on widget id=2131165286 type=editText name=Password (optional)
V/nofatclips(  254): Using value: 45
D/nofatclips(  254): Handling input 'writeText' on widget id=2131165236 type=editText name=Title
V/nofatclips(  254): Using value: 90
D/nofatclips(  254): Handling input 'writeText' on widget id=2131165268 type=editText name=Tags (separate tags with commas)
V/nofatclips(  254): Using value: 85
D/nofatclips(  254): Handling input 'writeText' on widget id=2131165286 type=editText name=Password (optional)
V/nofatclips(  254): Using value: 45
D/nofatclips(  254): Handling input 'writeText' on widget id=2131165236 type=editText name=Title
V/nofatclips(  254): Using value: 90
D/nofatclips(  254): Handling input 'writeText' on widget id=2131165268 type=editText name=Tags (separate tags with commas)
V/nofatclips(  254): Using value: 85
D/nofatclips(  254): Handling input 'writeText' on widget id=2131165286 type=editText name=Password (optional)
V/nofatclips(  254): Using value: 45
D/nofatclips(  254): Handling input 'writeText' on widget id=2131165236 type=editText name=Title
V/nofatclips(  254): Using value: 90
D/nofatclips(  254): Handling input 'writeText' on widget id=2131165268 type=editText name=Tags (separate tags with commas)
V/nofatclips(  254): Using value: 85
D/nofatclips(  254): Handling input 'writeText' on widget id=2131165286 type=editText name=Password (optional)
V/nofatclips(  254): Using value: 45
D/nofatclips(  254): Handling input 'writeText' on widget id=2131165236 type=editText name=Title
V/nofatclips(  254): Using value: 90
D/nofatclips(  254): Handling input 'writeText' on widget id=2131165268 type=editText name=Tags (separate tags with commas)
V/nofatclips(  254): Using value: 85
D/nofatclips(  254): Handling input 'writeText' on widget id=2131165286 type=editText name=Password (optional)
V/nofatclips(  254): Using value: 45
D/nofatclips(  254): Handling input 'writeText' on widget id=2131165236 type=editText name=Title
V/nofatclips(  254): Using value: 90
D/nofatclips(  254): Handling input 'writeText' on widget id=2131165268 type=editText name=Tags (separate tags with commas)
V/nofatclips(  254): Using value: 85
D/nofatclips(  254): Handling input 'writeText' on widget id=2131165286 type=editText name=Password (optional)
V/nofatclips(  254): Using value: 45
D/nofatclips(  254): Handling input 'writeText' on widget id=2131165236 type=editText name=Title
V/nofatclips(  254): Using value: 90
D/nofatclips(  254): Handling input 'writeText' on widget id=2131165268 type=editText name=Tags (separate tags with commas)
V/nofatclips(  254): Using value: 85
D/nofatclips(  254): Handling input 'writeText' on widget id=2131165286 type=editText name=Password (optional)
V/nofatclips(  254): Using value: 45
D/nofatclips(  254): Handling event 'click' on widget id=2131165287 type=button name=Publish
D/nofatclips(  254): Handling input 'writeText' on widget id=2131165236 type=editText name=Title
V/nofatclips(  254): Using value: 90
D/nofatclips(  254): Handling input 'writeText' on widget id=2131165268 type=editText name=Tags (separate tags with commas)
V/nofatclips(  254): Using value: 85
D/nofatclips(  254): Handling input 'writeText' on widget id=2131165286 type=editText name=Password (optional)
V/nofatclips(  254): Using value: 45
I/nofatclips(  254): Created trace to press the back button
I/nofatclips(  254): Created trace to press the menu button
I/nofatclips(  254): Created trace to change orientation
D/dalvikvm(  254): GC_CONCURRENT freed 1822K, 50% free 4475K/8903K, external 4670K/5832K, paused 4ms+4ms
I/nofatclips(  254): Check for termination: 83 steps left of 100
I/nofatclips(  254): Dispatching new task. 2 more tasks remaining.
D/nofatclips(  254): Performing backup of the old task list on disk
D/nofatclips(  254): Saving task list on disk
V/nofatclips(  254): Backing up trace #145 to disk.
V/nofatclips(  254): Backing up trace #146 to disk.
D/nofatclips(  254): Deleting backup of the old task list from disk
D/nofatclips(  254): Deleting backup of the old activity list from disk
I/nofatclips(  254): Incrementally Playing Trace 146
D/nofatclips(  254): Setting input: type= writeText id=2131165236 value=90
D/nofatclips(  254): Added to return list id=2131165236
I/nofatclips(  254): Retrieved from return list id=2131165236
D/nofatclips(  254): Testing for type (android.widget.EditText) against the original (android.widget.EditText)
D/nofatclips(  254): Testing for name (Title) against the original (Title)
W/KeyCharacterMap(  254): No keyboard for id 0
W/KeyCharacterMap(  254): Using default keymap: /system/usr/keychars/qwerty.kcm.bin
D/nofatclips(  254): Setting input: type= writeText id=2131165268 value=85
D/nofatclips(  254): Added to return list id=2131165268
I/nofatclips(  254): Retrieved from return list id=2131165268
D/nofatclips(  254): Testing for type (android.widget.EditText) against the original (android.widget.EditText)
D/nofatclips(  254): Testing for name (Tags (separate tags with commas)) against the original (Tags (separate tags with commas))
D/nofatclips(  254): Setting input: type= writeText id=2131165286 value=45
D/nofatclips(  254): Added to return list id=2131165286
I/nofatclips(  254): Retrieved from return list id=2131165286
D/nofatclips(  254): Testing for type (android.widget.EditText) against the original (android.widget.EditText)
D/nofatclips(  254): Testing for name (Password (optional)) against the original (Password (optional))
I/nofatclips(  254): Retrieved from return list id=2131165265
D/nofatclips(  254): Testing for type (org.wordpress.android.util.WPEditText) against the original (org.wordpress.android.util.WPEditText)
D/nofatclips(  254): Testing for name (Content) against the original (Content)
I/nofatclips(  254): Firing event: type= focus index=10 widget=org.wordpress.android.util.WPEditText
I/ActivityManager(   61): Starting: Intent { flg=0x10000 cmp=org.wordpress.android/.EditContent } from pid 254
I/ActivityManager(   61): Displayed org.wordpress.android/.EditContent: +855ms
D/nofatclips(  254): Event description: 
D/dalvikvm(  254): GC_CONCURRENT freed 2041K, 52% free 4407K/9095K, external 4076K/5082K, paused 16ms+14ms
I/nofatclips(  254): Waiting for 100 msec.
I/nofatclips(  254): Current activity is EditContent
I/nofatclips(  254): Retrieving widgets
D/nofatclips(  254): Found widget: id=16908290 (android.widget.FrameLayout@4085ea78)
D/nofatclips(  254): Found widget: id=-1 (android.widget.LinearLayout@4085f4d0)
D/nofatclips(  254): Found widget: id=-1 (android.widget.LinearLayout@4085f6f0)
D/nofatclips(  254): Found widget: id=2131165265 (org.wordpress.android.util.WPEditText@4085f990): 
D/nofatclips(  254): Found widget: id=2131165289 (android.widget.RelativeLayout@40860b00)
D/nofatclips(  254): Found widget: id=-1 (android.widget.HorizontalScrollView@40862018)
D/nofatclips(  254): Found widget: id=-1 (android.widget.RelativeLayout@408627c8)
D/nofatclips(  254): Found widget: id=2131165290 (android.widget.ToggleButton@40862ea0): B
D/nofatclips(  254): Found widget: id=2131165291 (android.widget.ToggleButton@4073a000): I 
D/nofatclips(  254): Found widget: id=2131165292 (android.widget.ToggleButton@4073ac68):  U 
D/nofatclips(  254): Found widget: id=2131165293 (android.widget.ToggleButton@4073bf40):  ABC 
D/nofatclips(  254): Found widget: id=2131165294 (android.widget.Button@4073cc80):  link 
D/nofatclips(  254): Found widget: id=2131165295 (android.widget.ToggleButton@4073d890): "
D/nofatclips(  254): Found widget: id=2131165296 (android.widget.Button@40888300): More
D/nofatclips(  254): Found widget: id=2131165297 (android.widget.ImageButton@40888dd8)
D/nofatclips(  254): Found widget: id=-1 (com.android.internal.policy.impl.PhoneWindow$DecorView@4085e770)
V/ReflectionHelper(  254): org.wordpress.android.util.WPEditText > mOnFocusChangeListener FOUND | ACTIVE
V/nicola  (  254): TextualID : postContent
V/nicola  (  254): ContentType detected : default
V/nicola  (  254): TextualID : bold
V/nicola  (  254): ContentType detected : default
V/nicola  (  254): TextualID : em
V/nicola  (  254): ContentType detected : default
V/nicola  (  254): TextualID : underline
V/nicola  (  254): ContentType detected : default
V/nicola  (  254): TextualID : strike
V/nicola  (  254): ContentType detected : default
V/nicola  (  254): TextualID : link
V/nicola  (  254): ContentType detected : default
V/nicola  (  254): TextualID : bquote
V/nicola  (  254): ContentType detected : default
V/nicola  (  254): TextualID : more
V/nicola  (  254): ContentType detected : default
I/nofatclips(  254): Performing comparation for activity EditContent
D/nofatclips(  254): Comparing against activity Posts
D/nofatclips(  254): Comparing against activity Posts
D/nofatclips(  254): Comparing against activity Posts
D/nofatclips(  254): Comparing against activity Posts
D/nofatclips(  254): Comparing against activity Posts
D/nofatclips(  254): Comparing against activity Posts
D/nofatclips(  254): Comparing against activity EditPost
D/nofatclips(  254): Comparing against activity EditPost
D/nofatclips(  254): Comparing against activity Posts
D/nofatclips(  254): Comparing against activity Dashboard
I/nofatclips(  254): Registering activity EditContent (id: a19) as a new found state
D/nofatclips(  254): Performing backup of the old activity list on disk
D/nofatclips(  254): Saving new found state 'a19' on disk
V/nofatclips(  254): Opening state file in append mode.
D/dalvikvm(  254): GC_EXTERNAL_ALLOC freed 745K, 52% free 4451K/9095K, external 4672K/5082K, paused 186ms
I/nofatclips(  254): Saved image on disk: a19.jpg
I/nofatclips(  254): Waiting for 100 msec.
D/dalvikvm(  116): GC_EXTERNAL_ALLOC freed 176K, 47% free 3237K/6087K, external 1025K/1038K, paused 211ms
I/nofatclips(  254): Session count is 1. Will dump to disk at 1
I/nofatclips(  254): Saving the session on disk.
I/nofatclips(  254): Planning for new Activity EditContent
D/nofatclips(  254): Handling event 'focus' on widget id=2131165265 type=focusableEditText name=Content
D/nofatclips(  254): Handling event 'click' on widget id=2131165290 type=toggle name=B
D/nofatclips(  254): Handling event 'click' on widget id=2131165291 type=toggle name=I 
D/nofatclips(  254): Handling event 'click' on widget id=2131165292 type=toggle name= U 
D/nofatclips(  254): Handling event 'click' on widget id=2131165293 type=toggle name= ABC 
D/nofatclips(  254): Handling event 'click' on widget id=2131165294 type=button name= link 
D/nofatclips(  254): Handling event 'click' on widget id=2131165295 type=toggle name="
D/nofatclips(  254): Handling event 'click' on widget id=2131165296 type=button name=More
D/nofatclips(  254): Handling event 'click' on widget id=2131165297 type=button name=
I/nofatclips(  254): Created trace to press the back button
I/nofatclips(  254): Created trace to press the menu button
I/nofatclips(  254): Created trace to change orientation
I/nofatclips(  254): Check for termination: 82 steps left of 100
I/nofatclips(  254): Dispatching new task. 2 more tasks remaining.
D/nofatclips(  254): Performing backup of the old task list on disk
D/nofatclips(  254): Saving task list on disk
V/nofatclips(  254): Backing up trace #157 to disk.
D/dalvikvm(  116): GC_EXTERNAL_ALLOC freed 51K, 46% free 3310K/6087K, external 1541K/1551K, paused 337ms
D/dalvikvm(  254): GC_CONCURRENT freed 1883K, 51% free 4507K/9095K, external 5272K/6583K, paused 5ms+6ms
V/nofatclips(  254): Backing up trace #158 to disk.
D/nofatclips(  254): Deleting backup of the old task list from disk
D/nofatclips(  254): Deleting backup of the old activity list from disk
I/nofatclips(  254): Incrementally Playing Trace 158
I/nofatclips(  254): Retrieved from return list id=2131165291
D/nofatclips(  254): Testing for type (android.widget.ToggleButton) against the original (android.widget.ToggleButton)
D/nofatclips(  254): Testing for name (I ) against the original (I )
I/nofatclips(  254): Firing event: type= click index=8 widget=android.widget.ToggleButton
D/dalvikvm(  116): GC_EXTERNAL_ALLOC freed 49K, 45% free 3390K/6087K, external 2057K/2067K, paused 39ms
D/dalvikvm(  116): GC_CONCURRENT freed 46K, 44% free 3460K/6151K, external 2554K/2586K, paused 3ms+4ms
W/KeyCharacterMap(  254): No keyboard for id 0
W/KeyCharacterMap(  254): Using default keymap: /system/usr/keychars/qwerty.kcm.bin
D/dalvikvm(  122): GC_CONCURRENT freed 226K, 51% free 2809K/5703K, external 963K/1038K, paused 3ms+16ms
W/KeyCharacterMap(  116): No keyboard for id 0
W/KeyCharacterMap(  116): Using default keymap: /system/usr/keychars/qwerty.kcm.bin
D/dalvikvm(  116): GC_EXTERNAL_ALLOC freed 12K, 44% free 3456K/6151K, external 2546K/2586K, paused 664ms
D/nofatclips(  254): Event description: I 
I/nofatclips(  254): Waiting for 100 msec.
I/nofatclips(  254): Current activity is EditContent
I/nofatclips(  254): Retrieving widgets
D/nofatclips(  254): Found widget: id=16908290 (android.widget.FrameLayout@4085ea78)
D/nofatclips(  254): Found widget: id=-1 (android.widget.LinearLayout@4085f4d0)
D/nofatclips(  254): Found widget: id=-1 (android.widget.LinearLayout@4085f6f0)
D/nofatclips(  254): Found widget: id=2131165265 (org.wordpress.android.util.WPEditText@4085f990): 
D/nofatclips(  254): Found widget: id=2131165289 (android.widget.RelativeLayout@40860b00)
D/nofatclips(  254): Found widget: id=-1 (android.widget.HorizontalScrollView@40862018)
D/nofatclips(  254): Found widget: id=-1 (android.widget.RelativeLayout@408627c8)
D/nofatclips(  254): Found widget: id=2131165290 (android.widget.ToggleButton@40862ea0): B
D/nofatclips(  254): Found widget: id=2131165291 (android.widget.ToggleButton@4073a000): I 
D/nofatclips(  254): Found widget: id=2131165292 (android.widget.ToggleButton@4073ac68):  U 
D/nofatclips(  254): Found widget: id=2131165293 (android.widget.ToggleButton@4073bf40):  ABC 
D/nofatclips(  254): Found widget: id=2131165294 (android.widget.Button@4073cc80):  link 
D/nofatclips(  254): Found widget: id=2131165295 (android.widget.ToggleButton@4073d890): "
D/nofatclips(  254): Found widget: id=2131165296 (android.widget.Button@40888300): More
D/nofatclips(  254): Found widget: id=2131165297 (android.widget.ImageButton@40888dd8)
D/nofatclips(  254): Found widget: id=-1 (com.android.internal.policy.impl.PhoneWindow$DecorView@4085e770)
V/ReflectionHelper(  254): org.wordpress.android.util.WPEditText > mOnFocusChangeListener FOUND | ACTIVE
V/nicola  (  254): TextualID : postContent
V/nicola  (  254): ContentType detected : default
V/nicola  (  254): TextualID : bold
V/nicola  (  254): ContentType detected : default
V/nicola  (  254): TextualID : em
V/nicola  (  254): ContentType detected : default
V/nicola  (  254): TextualID : underline
V/nicola  (  254): ContentType detected : default
V/nicola  (  254): TextualID : strike
V/nicola  (  254): ContentType detected : default
V/nicola  (  254): TextualID : link
V/nicola  (  254): ContentType detected : default
V/nicola  (  254): TextualID : bquote
V/nicola  (  254): ContentType detected : default
V/nicola  (  254): TextualID : more
V/nicola  (  254): ContentType detected : default
I/nofatclips(  254): Performing comparation for activity EditContent
D/nofatclips(  254): Comparing against activity Posts
D/nofatclips(  254): Comparing against activity EditContent
D/nofatclips(  254): Comparing against activity Posts
D/nofatclips(  254): Comparing against activity Posts
D/nofatclips(  254): Comparing against activity Posts
D/nofatclips(  254): Comparing against activity Posts
D/nofatclips(  254): Comparing against activity Posts
D/nofatclips(  254): Comparing against activity EditPost
D/nofatclips(  254): Comparing against activity EditPost
D/nofatclips(  254): Comparing against activity Posts
D/nofatclips(  254): Comparing against activity Dashboard
I/nofatclips(  254): Registering activity EditContent (id: a20) as a new found state
D/nofatclips(  254): Performing backup of the old activity list on disk
D/nofatclips(  254): Saving new found state 'a20' on disk
V/nofatclips(  254): Opening state file in append mode.
D/dalvikvm(  254): GC_EXTERNAL_ALLOC freed 899K, 52% free 4446K/9095K, external 4672K/5090K, paused 270ms
I/nofatclips(  254): Saved image on disk: a20.jpg
I/nofatclips(  254): Waiting for 100 msec.
I/nofatclips(  254): Session count is 1. Will dump to disk at 1
I/nofatclips(  254): Saving the session on disk.
I/nofatclips(  254): Planning for new Activity EditContent
D/nofatclips(  254): Handling event 'focus' on widget id=2131165265 type=focusableEditText name=Content
D/nofatclips(  254): Handling event 'click' on widget id=2131165290 type=toggle name=B
D/nofatclips(  254): Handling event 'click' on widget id=2131165291 type=toggle name=I 
D/nofatclips(  254): Handling event 'click' on widget id=2131165292 type=toggle name= U 
D/nofatclips(  254): Handling event 'click' on widget id=2131165293 type=toggle name= ABC 
D/nofatclips(  254): Handling event 'click' on widget id=2131165294 type=button name= link 
D/nofatclips(  254): Handling event 'click' on widget id=2131165295 type=toggle name="
D/nofatclips(  254): Handling event 'click' on widget id=2131165296 type=button name=More
D/nofatclips(  254): Handling event 'click' on widget id=2131165297 type=button name=
I/nofatclips(  254): Created trace to press the back button
I/nofatclips(  254): Created trace to press the menu button
I/nofatclips(  254): Created trace to change orientation
I/nofatclips(  254): Check for termination: 81 steps left of 100
I/nofatclips(  254): Dispatching new task. 2 more tasks remaining.
D/nofatclips(  254): Performing backup of the old task list on disk
D/nofatclips(  254): Saving task list on disk
V/nofatclips(  254): Backing up trace #169 to disk.
V/nofatclips(  254): Backing up trace #170 to disk.
D/dalvikvm(  254): GC_CONCURRENT freed 2046K, 51% free 4569K/9223K, external 5272K/6583K, paused 6ms+6ms
D/nofatclips(  254): Deleting backup of the old task list from disk
D/nofatclips(  254): Deleting backup of the old activity list from disk
I/nofatclips(  254): Incrementally Playing Trace 170
I/nofatclips(  254): Retrieved from return list id=2131165295
D/nofatclips(  254): Testing for type (android.widget.ToggleButton) against the original (android.widget.ToggleButton)
D/nofatclips(  254): Testing for name (") against the original (")
I/nofatclips(  254): Firing event: type= click index=12 widget=android.widget.ToggleButton
W/KeyCharacterMap(  254): No keyboard for id 0
W/KeyCharacterMap(  254): Using default keymap: /system/usr/keychars/qwerty.kcm.bin
D/nofatclips(  254): Event description: "
I/nofatclips(  254): Waiting for 100 msec.
I/nofatclips(  254): Current activity is EditContent
I/nofatclips(  254): Retrieving widgets
D/nofatclips(  254): Found widget: id=16908290 (android.widget.FrameLayout@4085ea78)
D/nofatclips(  254): Found widget: id=-1 (android.widget.LinearLayout@4085f4d0)
D/nofatclips(  254): Found widget: id=-1 (android.widget.LinearLayout@4085f6f0)
D/nofatclips(  254): Found widget: id=2131165265 (org.wordpress.android.util.WPEditText@4085f990): 
D/nofatclips(  254): Found widget: id=2131165289 (android.widget.RelativeLayout@40860b00)
D/nofatclips(  254): Found widget: id=-1 (android.widget.HorizontalScrollView@40862018)
D/nofatclips(  254): Found widget: id=-1 (android.widget.RelativeLayout@408627c8)
D/nofatclips(  254): Found widget: id=2131165290 (android.widget.ToggleButton@40862ea0): B
D/nofatclips(  254): Found widget: id=2131165291 (android.widget.ToggleButton@4073a000): I 
D/nofatclips(  254): Found widget: id=2131165292 (android.widget.ToggleButton@4073ac68):  U 
D/nofatclips(  254): Found widget: id=2131165293 (android.widget.ToggleButton@4073bf40):  ABC 
D/nofatclips(  254): Found widget: id=2131165294 (android.widget.Button@4073cc80):  link 
D/nofatclips(  254): Found widget: id=2131165295 (android.widget.ToggleButton@4073d890): "
D/nofatclips(  254): Found widget: id=2131165296 (android.widget.Button@40888300): More
D/nofatclips(  254): Found widget: id=2131165297 (android.widget.ImageButton@40888dd8)
D/nofatclips(  254): Found widget: id=-1 (com.android.internal.policy.impl.PhoneWindow$DecorView@4085e770)
V/ReflectionHelper(  254): org.wordpress.android.util.WPEditText > mOnFocusChangeListener FOUND | ACTIVE
V/nicola  (  254): TextualID : postContent
V/nicola  (  254): ContentType detected : default
V/nicola  (  254): TextualID : bold
V/nicola  (  254): ContentType detected : default
V/nicola  (  254): TextualID : em
V/nicola  (  254): ContentType detected : default
V/nicola  (  254): TextualID : underline
V/nicola  (  254): ContentType detected : default
V/nicola  (  254): TextualID : strike
V/nicola  (  254): ContentType detected : default
V/nicola  (  254): TextualID : link
V/nicola  (  254): ContentType detected : default
V/nicola  (  254): TextualID : bquote
V/nicola  (  254): ContentType detected : default
V/nicola  (  254): TextualID : more
V/nicola  (  254): ContentType detected : default
I/nofatclips(  254): Performing comparation for activity EditContent
D/nofatclips(  254): Comparing against activity Posts
D/nofatclips(  254): Comparing against activity EditContent
D/nofatclips(  254): Comparing against activity Posts
D/nofatclips(  254): Comparing against activity Posts
D/nofatclips(  254): Comparing against activity Posts
D/nofatclips(  254): Comparing against activity EditContent
D/nofatclips(  254): Comparing against activity Posts
D/nofatclips(  254): Comparing against activity Posts
D/nofatclips(  254): Comparing against activity EditPost
D/nofatclips(  254): Comparing against activity EditPost
D/nofatclips(  254): Comparing against activity Posts
D/nofatclips(  254): Comparing against activity Dashboard
I/nofatclips(  254): Registering activity EditContent (id: a21) as a new found state
D/nofatclips(  254): Performing backup of the old activity list on disk
D/nofatclips(  254): Saving new found state 'a21' on disk
V/nofatclips(  254): Opening state file in append mode.
D/dalvikvm(  254): GC_EXTERNAL_ALLOC freed 832K, 52% free 4493K/9223K, external 5272K/5834K, paused 248ms
I/nofatclips(  254): Saved image on disk: a21.jpg
I/nofatclips(  254): Waiting for 100 msec.
I/nofatclips(  254): Session count is 1. Will dump to disk at 1
I/nofatclips(  254): Saving the session on disk.
I/nofatclips(  254): Planning for new Activity EditContent
D/nofatclips(  254): Handling event 'focus' on widget id=2131165265 type=focusableEditText name=Content
D/nofatclips(  254): Handling event 'click' on widget id=2131165290 type=toggle name=B
D/nofatclips(  254): Handling event 'click' on widget id=2131165291 type=toggle name=I 
D/nofatclips(  254): Handling event 'click' on widget id=2131165292 type=toggle name= U 
D/nofatclips(  254): Handling event 'click' on widget id=2131165293 type=toggle name= ABC 
D/nofatclips(  254): Handling event 'click' on widget id=2131165294 type=button name= link 
D/nofatclips(  254): Handling event 'click' on widget id=2131165295 type=toggle name="
D/nofatclips(  254): Handling event 'click' on widget id=2131165296 type=button name=More
D/nofatclips(  254): Handling event 'click' on widget id=2131165297 type=button name=
I/nofatclips(  254): Created trace to press the back button
I/nofatclips(  254): Created trace to press the menu button
I/nofatclips(  254): Created trace to change orientation
I/nofatclips(  254): Check for termination: 80 steps left of 100
I/nofatclips(  254): Dispatching new task. 2 more tasks remaining.
D/nofatclips(  254): Performing backup of the old task list on disk
D/nofatclips(  254): Saving task list on disk
V/nofatclips(  254): Backing up trace #181 to disk.
D/dalvikvm(  254): GC_CONCURRENT freed 2082K, 51% free 4528K/9223K, external 5272K/6583K, paused 5ms+6ms
V/nofatclips(  254): Backing up trace #182 to disk.
D/nofatclips(  254): Deleting backup of the old task list from disk
D/nofatclips(  254): Deleting backup of the old activity list from disk
I/nofatclips(  254): Incrementally Playing Trace 182
I/nofatclips(  254): Retrieved from return list id=2131165292
D/nofatclips(  254): Testing for type (android.widget.ToggleButton) against the original (android.widget.ToggleButton)
D/nofatclips(  254): Testing for name ( U ) against the original ( U )
I/nofatclips(  254): Firing event: type= click index=9 widget=android.widget.ToggleButton
W/KeyCharacterMap(  254): No keyboard for id 0
W/KeyCharacterMap(  254): Using default keymap: /system/usr/keychars/qwerty.kcm.bin
D/nofatclips(  254): Event description:  U 
I/nofatclips(  254): Waiting for 100 msec.
I/nofatclips(  254): Current activity is EditContent
I/nofatclips(  254): Retrieving widgets
D/nofatclips(  254): Found widget: id=16908290 (android.widget.FrameLayout@4085ea78)
D/nofatclips(  254): Found widget: id=-1 (android.widget.LinearLayout@4085f4d0)
D/nofatclips(  254): Found widget: id=-1 (android.widget.LinearLayout@4085f6f0)
D/nofatclips(  254): Found widget: id=2131165265 (org.wordpress.android.util.WPEditText@4085f990): 
D/nofatclips(  254): Found widget: id=2131165289 (android.widget.RelativeLayout@40860b00)
D/nofatclips(  254): Found widget: id=-1 (android.widget.HorizontalScrollView@40862018)
D/nofatclips(  254): Found widget: id=-1 (android.widget.RelativeLayout@408627c8)
D/nofatclips(  254): Found widget: id=2131165290 (android.widget.ToggleButton@40862ea0): B
D/nofatclips(  254): Found widget: id=2131165291 (android.widget.ToggleButton@4073a000): I 
D/nofatclips(  254): Found widget: id=2131165292 (android.widget.ToggleButton@4073ac68):  U 
D/nofatclips(  254): Found widget: id=2131165293 (android.widget.ToggleButton@4073bf40):  ABC 
D/nofatclips(  254): Found widget: id=2131165294 (android.widget.Button@4073cc80):  link 
D/nofatclips(  254): Found widget: id=2131165295 (android.widget.ToggleButton@4073d890): "
D/nofatclips(  254): Found widget: id=2131165296 (android.widget.Button@40888300): More
D/nofatclips(  254): Found widget: id=2131165297 (android.widget.ImageButton@40888dd8)
D/nofatclips(  254): Found widget: id=-1 (com.android.internal.policy.impl.PhoneWindow$DecorView@4085e770)
V/ReflectionHelper(  254): org.wordpress.android.util.WPEditText > mOnFocusChangeListener FOUND | ACTIVE
V/nicola  (  254): TextualID : postContent
V/nicola  (  254): ContentType detected : default
V/nicola  (  254): TextualID : bold
V/nicola  (  254): ContentType detected : default
V/nicola  (  254): TextualID : em
V/nicola  (  254): ContentType detected : default
V/nicola  (  254): TextualID : underline
V/nicola  (  254): ContentType detected : default
V/nicola  (  254): TextualID : strike
V/nicola  (  254): ContentType detected : default
V/nicola  (  254): TextualID : link
V/nicola  (  254): ContentType detected : default
V/nicola  (  254): TextualID : bquote
V/nicola  (  254): ContentType detected : default
V/nicola  (  254): TextualID : more
V/nicola  (  254): ContentType detected : default
I/nofatclips(  254): Performing comparation for activity EditContent
D/nofatclips(  254): Comparing against activity Posts
D/nofatclips(  254): Comparing against activity EditContent
D/nofatclips(  254): Comparing against activity Posts
D/nofatclips(  254): Comparing against activity Posts
D/nofatclips(  254): Comparing against activity Posts
D/nofatclips(  254): Comparing against activity EditContent
D/nofatclips(  254): Comparing against activity EditContent
D/nofatclips(  254): Comparing against activity Posts
D/nofatclips(  254): Comparing against activity Posts
D/nofatclips(  254): Comparing against activity EditPost
D/nofatclips(  254): Comparing against activity EditPost
D/nofatclips(  254): Comparing against activity Posts
D/nofatclips(  254): Comparing against activity Dashboard
I/nofatclips(  254): Registering activity EditContent (id: a22) as a new found state
D/nofatclips(  254): Performing backup of the old activity list on disk
D/nofatclips(  254): Saving new found state 'a22' on disk
V/nofatclips(  254): Opening state file in append mode.
D/dalvikvm(  254): GC_EXTERNAL_ALLOC freed 884K, 52% free 4515K/9223K, external 5272K/5834K, paused 289ms
I/nofatclips(  254): Saved image on disk: a22.jpg
I/nofatclips(  254): Waiting for 100 msec.
I/nofatclips(  254): Session count is 1. Will dump to disk at 1
I/nofatclips(  254): Saving the session on disk.
I/nofatclips(  254): Planning for new Activity EditContent
D/nofatclips(  254): Handling event 'focus' on widget id=2131165265 type=focusableEditText name=Content
D/nofatclips(  254): Handling event 'click' on widget id=2131165290 type=toggle name=B
D/nofatclips(  254): Handling event 'click' on widget id=2131165291 type=toggle name=I 
D/nofatclips(  254): Handling event 'click' on widget id=2131165292 type=toggle name= U 
D/nofatclips(  254): Handling event 'click' on widget id=2131165293 type=toggle name= ABC 
D/nofatclips(  254): Handling event 'click' on widget id=2131165294 type=button name= link 
D/nofatclips(  254): Handling event 'click' on widget id=2131165295 type=toggle name="
D/nofatclips(  254): Handling event 'click' on widget id=2131165296 type=button name=More
D/nofatclips(  254): Handling event 'click' on widget id=2131165297 type=button name=
I/nofatclips(  254): Created trace to press the back button
I/nofatclips(  254): Created trace to press the menu button
I/nofatclips(  254): Created trace to change orientation
D/dalvikvm(  254): GC_CONCURRENT freed 1993K, 51% free 4582K/9223K, external 5272K/6583K, paused 5ms+6ms
I/nofatclips(  254): Check for termination: 79 steps left of 100
I/nofatclips(  254): Dispatching new task. 2 more tasks remaining.
D/nofatclips(  254): Performing backup of the old task list on disk
D/nofatclips(  254): Saving task list on disk
V/nofatclips(  254): Backing up trace #193 to disk.
V/nofatclips(  254): Backing up trace #194 to disk.
D/nofatclips(  254): Deleting backup of the old task list from disk
D/nofatclips(  254): Deleting backup of the old activity list from disk
I/nofatclips(  254): Incrementally Playing Trace 194
I/nofatclips(  254): Retrieved from return list id=2131165265
D/nofatclips(  254): Testing for type (org.wordpress.android.util.WPEditText) against the original (org.wordpress.android.util.WPEditText)
D/nofatclips(  254): Testing for name (Content) against the original (Content)
I/nofatclips(  254): Firing event: type= focus index=3 widget=org.wordpress.android.util.WPEditText
W/KeyCharacterMap(  254): No keyboard for id 0
W/KeyCharacterMap(  254): Using default keymap: /system/usr/keychars/qwerty.kcm.bin
D/nofatclips(  254): Event description: 
I/nofatclips(  254): Waiting for 100 msec.
I/nofatclips(  254): Current activity is EditContent
I/nofatclips(  254): Retrieving widgets
D/nofatclips(  254): Found widget: id=16908290 (android.widget.FrameLayout@4085ea78)
D/nofatclips(  254): Found widget: id=-1 (android.widget.LinearLayout@4085f4d0)
D/nofatclips(  254): Found widget: id=-1 (android.widget.LinearLayout@4085f6f0)
D/nofatclips(  254): Found widget: id=2131165265 (org.wordpress.android.util.WPEditText@4085f990): 
D/nofatclips(  254): Found widget: id=2131165289 (android.widget.RelativeLayout@40860b00)
D/nofatclips(  254): Found widget: id=-1 (android.widget.HorizontalScrollView@40862018)
D/nofatclips(  254): Found widget: id=-1 (android.widget.RelativeLayout@408627c8)
D/nofatclips(  254): Found widget: id=2131165290 (android.widget.ToggleButton@40862ea0): B
D/nofatclips(  254): Found widget: id=2131165291 (android.widget.ToggleButton@4073a000): I 
D/nofatclips(  254): Found widget: id=2131165292 (android.widget.ToggleButton@4073ac68):  U 
D/nofatclips(  254): Found widget: id=2131165293 (android.widget.ToggleButton@4073bf40):  ABC 
D/nofatclips(  254): Found widget: id=2131165294 (android.widget.Button@4073cc80):  link 
D/nofatclips(  254): Found widget: id=2131165295 (android.widget.ToggleButton@4073d890): "
D/nofatclips(  254): Found widget: id=2131165296 (android.widget.Button@40888300): More
D/nofatclips(  254): Found widget: id=2131165297 (android.widget.ImageButton@40888dd8)
D/nofatclips(  254): Found widget: id=-1 (com.android.internal.policy.impl.PhoneWindow$DecorView@4085e770)
V/ReflectionHelper(  254): org.wordpress.android.util.WPEditText > mOnFocusChangeListener FOUND | ACTIVE
V/nicola  (  254): TextualID : postContent
V/nicola  (  254): ContentType detected : default
V/nicola  (  254): TextualID : bold
V/nicola  (  254): ContentType detected : default
V/nicola  (  254): TextualID : em
V/nicola  (  254): ContentType detected : default
V/nicola  (  254): TextualID : underline
V/nicola  (  254): ContentType detected : default
V/nicola  (  254): TextualID : strike
V/nicola  (  254): ContentType detected : default
V/nicola  (  254): TextualID : link
V/nicola  (  254): ContentType detected : default
V/nicola  (  254): TextualID : bquote
V/nicola  (  254): ContentType detected : default
V/nicola  (  254): TextualID : more
V/nicola  (  254): ContentType detected : default
I/nofatclips(  254): Performing comparation for activity EditContent
D/nofatclips(  254): Comparing against activity Posts
D/nofatclips(  254): Comparing against activity Posts
D/nofatclips(  254): Comparing against activity EditContent
D/nofatclips(  254): Comparing against activity Posts
D/nofatclips(  254): Comparing against activity Posts
D/nofatclips(  254): Comparing against activity EditContent
D/nofatclips(  254): Comparing against activity Dashboard
D/nofatclips(  254): Comparing against activity EditContent
D/nofatclips(  254): Comparing against activity Posts
D/nofatclips(  254): Comparing against activity Posts
D/nofatclips(  254): Comparing against activity EditContent
D/nofatclips(  254): Comparing against activity EditPost
D/nofatclips(  254): Comparing against activity EditPost
D/nofatclips(  254): Comparing against activity Posts
I/nofatclips(  254): Registering activity EditContent (id: a23) as a new found state
D/nofatclips(  254): Performing backup of the old activity list on disk
D/nofatclips(  254): Saving new found state 'a23' on disk
V/nofatclips(  254): Opening state file in append mode.
D/dalvikvm(  254): GC_EXTERNAL_ALLOC freed 1194K, 52% free 4513K/9287K, external 5272K/5834K, paused 228ms
I/nofatclips(  254): Saved image on disk: a23.jpg
I/nofatclips(  254): Waiting for 100 msec.
I/nofatclips(  254): Session count is 1. Will dump to disk at 1
I/nofatclips(  254): Saving the session on disk.
I/nofatclips(  254): Planning for new Activity EditContent
D/nofatclips(  254): Handling event 'focus' on widget id=2131165265 type=focusableEditText name=Content
D/nofatclips(  254): Handling event 'click' on widget id=2131165290 type=toggle name=B
D/nofatclips(  254): Handling event 'click' on widget id=2131165291 type=toggle name=I 
D/nofatclips(  254): Handling event 'click' on widget id=2131165292 type=toggle name= U 
D/nofatclips(  254): Handling event 'click' on widget id=2131165293 type=toggle name= ABC 
D/nofatclips(  254): Handling event 'click' on widget id=2131165294 type=button name= link 
D/nofatclips(  254): Handling event 'click' on widget id=2131165295 type=toggle name="
D/nofatclips(  254): Handling event 'click' on widget id=2131165296 type=button name=More
D/nofatclips(  254): Handling event 'click' on widget id=2131165297 type=button name=
I/nofatclips(  254): Created trace to press the back button
I/nofatclips(  254): Created trace to press the menu button
I/nofatclips(  254): Created trace to change orientation
D/dalvikvm(  254): GC_CONCURRENT freed 2065K, 51% free 4617K/9287K, external 5272K/6583K, paused 6ms+7ms
I/nofatclips(  254): Check for termination: 78 steps left of 100
I/nofatclips(  254): Dispatching new task. 2 more tasks remaining.
D/nofatclips(  254): Performing backup of the old task list on disk
D/nofatclips(  254): Saving task list on disk
V/nofatclips(  254): Backing up trace #205 to disk.
V/nofatclips(  254): Backing up trace #206 to disk.
D/dalvikvm(  254): GC_FOR_MALLOC freed 466K, 51% free 4601K/9287K, external 4672K/5834K, paused 53ms
D/nofatclips(  254): Deleting backup of the old task list from disk
D/nofatclips(  254): Deleting backup of the old activity list from disk
I/nofatclips(  254): Incrementally Playing Trace 206
I/nofatclips(  254): Retrieved from return list id=2131165296
D/nofatclips(  254): Testing for type (android.widget.Button) against the original (android.widget.Button)
D/nofatclips(  254): Testing for name (More) against the original (More)
I/nofatclips(  254): Firing event: type= click index=13 widget=android.widget.Button
W/KeyCharacterMap(  254): No keyboard for id 0
W/KeyCharacterMap(  254): Using default keymap: /system/usr/keychars/qwerty.kcm.bin
D/nofatclips(  254): Event description: More
D/dalvikvm(  116): GC_EXTERNAL_ALLOC freed 18K, 44% free 3456K/6151K, external 3051K/3180K, paused 183ms
I/nofatclips(  254): Waiting for 100 msec.
I/nofatclips(  254): Current activity is EditContent
I/nofatclips(  254): Retrieving widgets
D/nofatclips(  254): Found widget: id=16908290 (android.widget.FrameLayout@4085ea78)
D/nofatclips(  254): Found widget: id=-1 (android.widget.LinearLayout@4085f4d0)
D/nofatclips(  254): Found widget: id=-1 (android.widget.LinearLayout@4085f6f0)
D/nofatclips(  254): Found widget: id=2131165265 (org.wordpress.android.util.WPEditText@4085f990): 
D/nofatclips(  254): 
D/nofatclips(  254): ........More
D/nofatclips(  254): 
D/nofatclips(  254): Found widget: id=2131165289 (android.widget.RelativeLayout@40860b00)
D/nofatclips(  254): Found widget: id=-1 (android.widget.HorizontalScrollView@40862018)
D/nofatclips(  254): Found widget: id=-1 (android.widget.RelativeLayout@408627c8)
D/nofatclips(  254): Found widget: id=2131165290 (android.widget.ToggleButton@40862ea0): B
D/nofatclips(  254): Found widget: id=2131165291 (android.widget.ToggleButton@4073a000): I 
D/nofatclips(  254): Found widget: id=2131165292 (android.widget.ToggleButton@4073ac68):  U 
D/nofatclips(  254): Found widget: id=2131165293 (android.widget.ToggleButton@4073bf40):  ABC 
D/nofatclips(  254): Found widget: id=2131165294 (android.widget.Button@4073cc80):  link 
D/nofatclips(  254): Found widget: id=2131165295 (android.widget.ToggleButton@4073d890): "
D/nofatclips(  254): Found widget: id=2131165296 (android.widget.Button@40888300): More
D/nofatclips(  254): Found widget: id=2131165297 (android.widget.ImageButton@40888dd8)
D/nofatclips(  254): Found widget: id=-1 (com.android.internal.policy.impl.PhoneWindow$DecorView@4085e770)
V/ReflectionHelper(  254): org.wordpress.android.util.WPEditText > mOnFocusChangeListener FOUND | ACTIVE
V/nicola  (  254): TextualID : postContent
V/nicola  (  254): ContentType detected : default
V/nicola  (  254): TextualID : bold
V/nicola  (  254): ContentType detected : default
V/nicola  (  254): TextualID : em
V/nicola  (  254): ContentType detected : default
V/nicola  (  254): TextualID : underline
V/nicola  (  254): ContentType detected : default
V/nicola  (  254): TextualID : strike
V/nicola  (  254): ContentType detected : default
V/nicola  (  254): TextualID : link
V/nicola  (  254): ContentType detected : default
V/nicola  (  254): TextualID : bquote
V/nicola  (  254): ContentType detected : default
V/nicola  (  254): TextualID : more
V/nicola  (  254): ContentType detected : default
I/nofatclips(  254): Performing comparation for activity EditContent
D/nofatclips(  254): Comparing against activity Posts
D/nofatclips(  254): Comparing against activity Posts
D/nofatclips(  254): Comparing against activity EditContent
D/nofatclips(  254): Comparing against activity Posts
D/nofatclips(  254): Comparing against activity Posts
D/nofatclips(  254): Comparing against activity EditContent
D/nofatclips(  254): Comparing against activity EditContent
D/nofatclips(  254): Comparing against activity Dashboard
D/nofatclips(  254): Comparing against activity EditContent
D/nofatclips(  254): Comparing against activity Posts
D/nofatclips(  254): Comparing against activity Posts
D/nofatclips(  254): Comparing against activity EditContent
D/nofatclips(  254): Comparing against activity EditPost
D/nofatclips(  254): Comparing against activity EditPost
D/nofatclips(  254): Comparing against activity Posts
I/nofatclips(  254): Registering activity EditContent (id: a24) as a new found state
D/nofatclips(  254): Performing backup of the old activity list on disk
D/nofatclips(  254): Saving new found state 'a24' on disk
V/nofatclips(  254): Opening state file in append mode.
I/nofatclips(  254): Saved image on disk: a24.jpg
I/nofatclips(  254): Waiting for 100 msec.
I/nofatclips(  254): Session count is 1. Will dump to disk at 1
I/nofatclips(  254): Saving the session on disk.
D/dalvikvm(  254): GC_FOR_MALLOC freed 817K, 49% free 4775K/9287K, external 5272K/5834K, paused 108ms
I/nofatclips(  254): Planning for new Activity EditContent
D/nofatclips(  254): Handling event 'focus' on widget id=2131165265 type=focusableEditText name=Content
D/nofatclips(  254): Handling event 'click' on widget id=2131165290 type=toggle name=B
D/nofatclips(  254): Handling event 'click' on widget id=2131165291 type=toggle name=I 
D/nofatclips(  254): Handling event 'click' on widget id=2131165292 type=toggle name= U 
D/nofatclips(  254): Handling event 'click' on widget id=2131165293 type=toggle name= ABC 
D/nofatclips(  254): Handling event 'click' on widget id=2131165294 type=button name= link 
D/nofatclips(  254): Handling event 'click' on widget id=2131165295 type=toggle name="
D/nofatclips(  254): Handling event 'click' on widget id=2131165296 type=button name=More
D/nofatclips(  254): Handling event 'click' on widget id=2131165297 type=button name=
I/nofatclips(  254): Created trace to press the back button
I/nofatclips(  254): Created trace to press the menu button
I/nofatclips(  254): Created trace to change orientation
D/dalvikvm(  254): GC_CONCURRENT freed 2064K, 50% free 4809K/9479K, external 4672K/5834K, paused 5ms+6ms
I/nofatclips(  254): Check for termination: 77 steps left of 100
I/nofatclips(  254): Dispatching new task. 2 more tasks remaining.
D/nofatclips(  254): Performing backup of the old task list on disk
D/nofatclips(  254): Saving task list on disk
V/nofatclips(  254): Backing up trace #217 to disk.
V/nofatclips(  254): Backing up trace #218 to disk.
D/dalvikvm(  254): GC_FOR_MALLOC freed 530K, 50% free 4787K/9479K, external 4672K/5834K, paused 58ms
D/nofatclips(  254): Deleting backup of the old task list from disk
D/nofatclips(  254): Deleting backup of the old activity list from disk
I/nofatclips(  254): Incrementally Playing Trace 218
D/nofatclips(  254): Firing event: type= back
I/nofatclips(  254): Waiting for 100 msec.
I/nofatclips(  254): Current activity is EditContent
I/nofatclips(  254): Retrieving widgets
D/nofatclips(  254): Found widget: id=16908290 (android.widget.FrameLayout@4085ea78)
D/nofatclips(  254): Found widget: id=-1 (android.widget.LinearLayout@4085f4d0)
D/nofatclips(  254): Found widget: id=-1 (android.widget.LinearLayout@4085f6f0)
D/nofatclips(  254): Found widget: id=2131165265 (org.wordpress.android.util.WPEditText@4085f990): 
D/nofatclips(  254): 
D/nofatclips(  254): ........More
D/nofatclips(  254): 
D/nofatclips(  254): Found widget: id=2131165289 (android.widget.RelativeLayout@40860b00)
D/nofatclips(  254): Found widget: id=-1 (android.widget.HorizontalScrollView@40862018)
D/nofatclips(  254): Found widget: id=-1 (android.widget.RelativeLayout@408627c8)
D/nofatclips(  254): Found widget: id=2131165290 (android.widget.ToggleButton@40862ea0): B
D/nofatclips(  254): Found widget: id=2131165291 (android.widget.ToggleButton@4073a000): I 
D/nofatclips(  254): Found widget: id=2131165292 (android.widget.ToggleButton@4073ac68):  U 
D/nofatclips(  254): Found widget: id=2131165293 (android.widget.ToggleButton@4073bf40):  ABC 
D/nofatclips(  254): Found widget: id=2131165294 (android.widget.Button@4073cc80):  link 
D/nofatclips(  254): Found widget: id=2131165295 (android.widget.ToggleButton@4073d890): "
D/nofatclips(  254): Found widget: id=2131165296 (android.widget.Button@40888300): More
D/nofatclips(  254): Found widget: id=2131165297 (android.widget.ImageButton@40888dd8)
D/nofatclips(  254): Found widget: id=-1 (com.android.internal.policy.impl.PhoneWindow$DecorView@4085e770)
V/ReflectionHelper(  254): org.wordpress.android.util.WPEditText > mOnFocusChangeListener FOUND | ACTIVE
V/nicola  (  254): TextualID : postContent
V/nicola  (  254): ContentType detected : default
V/nicola  (  254): TextualID : bold
V/nicola  (  254): ContentType detected : default
V/nicola  (  254): TextualID : em
V/nicola  (  254): ContentType detected : default
V/nicola  (  254): TextualID : underline
V/nicola  (  254): ContentType detected : default
V/nicola  (  254): TextualID : strike
V/nicola  (  254): ContentType detected : default
V/nicola  (  254): TextualID : link
V/nicola  (  254): ContentType detected : default
V/nicola  (  254): TextualID : bquote
V/nicola  (  254): ContentType detected : default
V/nicola  (  254): TextualID : more
V/nicola  (  254): ContentType detected : default
I/nofatclips(  254): Performing comparation for activity EditContent
D/nofatclips(  254): Comparing against activity Posts
D/nofatclips(  254): Comparing against activity Posts
D/nofatclips(  254): Comparing against activity EditContent
D/nofatclips(  254): Comparing against activity Posts
D/nofatclips(  254): Comparing against activity Posts
D/nofatclips(  254): Comparing against activity EditContent
D/nofatclips(  254): Comparing against activity EditContent
D/nofatclips(  254): Comparing against activity Dashboard
D/nofatclips(  254): Comparing against activity EditContent
D/nofatclips(  254): Comparing against activity Posts
D/nofatclips(  254): Comparing against activity Posts
D/nofatclips(  254): Comparing against activity EditContent
D/nofatclips(  254): Comparing against activity EditPost
D/nofatclips(  254): Comparing against activity EditContent
D/nofatclips(  254): Comparing against activity EditPost
D/nofatclips(  254): Comparing against activity Posts
I/nofatclips(  254): Registering activity EditContent (id: a25) as a new found state
D/nofatclips(  254): Performing backup of the old activity list on disk
D/nofatclips(  254): Saving new found state 'a25' on disk
V/nofatclips(  254): Opening state file in append mode.
I/nofatclips(  254): Saved image on disk: a25.jpg
I/nofatclips(  254): Waiting for 100 msec.
I/nofatclips(  254): Session count is 1. Will dump to disk at 1
I/nofatclips(  254): Saving the session on disk.
D/dalvikvm(  254): GC_FOR_MALLOC freed 718K, 50% free 4804K/9479K, external 5272K/5834K, paused 115ms
D/dalvikvm(  254): GC_FOR_MALLOC freed 85K, 50% free 4760K/9479K, external 4672K/5834K, paused 93ms
D/dalvikvm(  254): GC_FOR_MALLOC freed 108K, 51% free 4722K/9479K, external 4672K/5834K, paused 92ms
I/nofatclips(  254): Planning for new Activity EditContent
D/nofatclips(  254): Handling event 'focus' on widget id=2131165265 type=focusableEditText name=Content
D/nofatclips(  254): Handling event 'click' on widget id=2131165290 type=toggle name=B
D/nofatclips(  254): Handling event 'click' on widget id=2131165291 type=toggle name=I 
D/nofatclips(  254): Handling event 'click' on widget id=2131165292 type=toggle name= U 
D/nofatclips(  254): Handling event 'click' on widget id=2131165293 type=toggle name= ABC 
