D/dalvikvm(  149): GC_EXPLICIT freed 102K, 51% free 8364K/16903K, paused 11ms+25ms, total 274ms
D/dalvikvm(  763): GC_FOR_ALLOC freed 342K, 27% free 8017K/10951K, paused 177ms, total 194ms
I/nofatclips(  763): Saved image on disk: a24.jpg
I/Choreographer(  763): Skipped 53 frames!  The application may be doing too much work on its main thread.
I/nofatclips(  763): Waiting for 100 msec.
I/nofatclips(  763): Session count is 1. Will dump to disk at 1
I/nofatclips(  763): Saving the session on disk.
D/dalvikvm(  763): GC_CONCURRENT freed 854K, 29% free 7819K/10951K, paused 17ms+8ms, total 175ms
D/dalvikvm(  763): WAIT_FOR_CONCURRENT_GC blocked 67ms
I/nofatclips(  763): Planning for new Activity ConfigureStandupTimer
D/nofatclips(  763): Handling event 'click' on widget id=16908315 type=button name=OK
I/nofatclips(  763): Created trace to press the back button
I/nofatclips(  763): Created trace to press the menu button
I/nofatclips(  763): Created trace to change orientation
D/dalvikvm(  763): GC_CONCURRENT freed 644K, 29% free 7790K/10951K, paused 16ms+9ms, total 165ms
D/dalvikvm(  763): WAIT_FOR_CONCURRENT_GC blocked 39ms
D/dalvikvm(  763): WAIT_FOR_CONCURRENT_GC blocked 53ms
I/nofatclips(  763): Check for termination: 2 steps left of 25
I/nofatclips(  763): Dispatching new task. 10 more tasks remaining.
D/nofatclips(  763): Performing backup of the old task list on disk
D/nofatclips(  763): Saving task list on disk
V/nofatclips(  763): Backing up trace #94 to disk.
V/nofatclips(  763): Backing up trace #96 to disk.
V/nofatclips(  763): Backing up trace #97 to disk.
D/dalvikvm(  763): GC_CONCURRENT freed 459K, 28% free 7936K/10951K, paused 37ms+20ms, total 494ms
D/dalvikvm(  763): WAIT_FOR_CONCURRENT_GC blocked 242ms
D/dalvikvm(  763): WAIT_FOR_CONCURRENT_GC blocked 306ms
V/nofatclips(  763): Backing up trace #98 to disk.
V/nofatclips(  763): Backing up trace #99 to disk.
V/nofatclips(  763): Backing up trace #101 to disk.
D/dalvikvm(  763): GC_CONCURRENT freed 641K, 28% free 7947K/10951K, paused 25ms+15ms, total 248ms
D/dalvikvm(  763): WAIT_FOR_CONCURRENT_GC blocked 141ms
V/nofatclips(  763): Backing up trace #102 to disk.
V/nofatclips(  763): Backing up trace #104 to disk.
D/dalvikvm(  763): GC_CONCURRENT freed 690K, 28% free 7889K/10951K, paused 37ms+26ms, total 587ms
D/dalvikvm(  763): WAIT_FOR_CONCURRENT_GC blocked 270ms
V/nofatclips(  763): Backing up trace #105 to disk.
V/nofatclips(  763): Backing up trace #106 to disk.
D/nofatclips(  763): Deleting backup of the old task list from disk
D/nofatclips(  763): Deleting backup of the old activity list from disk
I/nofatclips(  763): Incrementally Playing Trace 106
I/nofatclips(  763): Retrieved from return list id=-1
D/nofatclips(  763): Testing for type (android.widget.FrameLayout) against the original (null)
I/nofatclips(  763): Firing event: type= changeOrientation name= widget=null
D/dalvikvm(  763): GC_CONCURRENT freed 659K, 29% free 7821K/10951K, paused 27ms+21ms, total 598ms
I/InputReader(  149): Reconfiguring input devices.  changes=0x00000004
W/SurfaceFlinger(   36): createScreenshotSurface failed (Function not implemented)
I/InputReader(  149): Device reconfigured: id=0, name='qwerty2', surface size is now 320x480, mode is 1
I/ActivityManager(  149): Config changed: {1.0 310mcc260mnc en_US sw320dp w480dp h295dp nrml land finger qwerty/v/v tball/v s.12}
I/nofatclips(  763): Waiting for 100 msec.
I/Choreographer(  763): Skipped 97 frames!  The application may be doing too much work on its main thread.
I/Choreographer(  249): Skipped 79 frames!  The application may be doing too much work on its main thread.
I/Choreographer(  249): Skipped 132 frames!  The application may be doing too much work on its main thread.
W/WindowManager(  149): Window freeze timeout expired.
W/WindowManager(  149): Force clearing orientation change: Window{415a5350 net.johnpwood.android.standuptimer/net.johnpwood.android.standuptimer.ConfigureStandupTimer paused=false}
W/WindowManager(  149): Force clearing orientation change: Window{413e7a78 com.android.systemui.ImageWallpaper paused=false}
I/StandupTimer(  763): Retrieved state.  mettingLengthPos = 5, numParticipants = 2, teamNamePos = 0
D/StandupTimer(  763): Found 1 teams
I/Choreographer(  763): Skipped 1081 frames!  The application may be doing too much work on its main thread.
I/Choreographer(  149): Skipped 32 frames!  The application may be doing too much work on its main thread.
I/Choreographer(  763): Skipped 403 frames!  The application may be doing too much work on its main thread.
D/dalvikvm(  149): WAIT_FOR_CONCURRENT_GC blocked 0ms
D/dalvikvm(  149): GC_EXPLICIT freed 64K, 51% free 8346K/16903K, paused 14ms+17ms, total 295ms
I/nofatclips(  763): Current activity is ConfigureStandupTimer
I/nofatclips(  763): Retrieving widgets
D/nofatclips(  763): Found widget: id=-1 (android.widget.FrameLayout@4121e780)
D/nofatclips(  763): Found widget: id=16908290 (android.widget.FrameLayout@412b6f38)
D/nofatclips(  763): Found widget: id=16908874 (android.widget.LinearLayout@410a7c78)
D/nofatclips(  763): Found widget: id=16908875 (android.widget.LinearLayout@4113fd50)
D/nofatclips(  763): Found widget: id=16908876 (android.widget.LinearLayout@412c8930)
D/nofatclips(  763): Found widget: id=16908294 (android.widget.ImageView@410d43a0)
D/nofatclips(  763): Found widget: id=16908877 (com.android.internal.widget.DialogTitle@411665c8): 
D/nofatclips(  763): Found widget: id=16908878 (android.widget.ImageView@41129a58)
D/nofatclips(  763): Found widget: id=16908882 (android.widget.LinearLayout@412b27f0)
D/nofatclips(  763): Found widget: id=16908883 (android.widget.ScrollView@41121558)
D/nofatclips(  763): Found widget: id=16908299 (android.widget.TextView@412536b8): Number of participants must be between 1 and 20.
D/nofatclips(  763): Found widget: id=16908884 (android.widget.FrameLayout@4100b830)
D/nofatclips(  763): Found widget: id=16908331 (android.widget.FrameLayout@4124a470)
D/nofatclips(  763): Found widget: id=16908879 (android.widget.LinearLayout@412ce9e8)
D/nofatclips(  763): Found widget: id=-1 (android.widget.LinearLayout@411096a8)
D/nofatclips(  763): Found widget: id=16908880 (android.widget.LinearLayout@4107fb88)
D/nofatclips(  763): Found widget: id=16908313 (android.widget.Button@412622a0): 
D/nofatclips(  763): Found widget: id=16908315 (android.widget.Button@412ab8b0): OK
D/nofatclips(  763): Found widget: id=16908314 (android.widget.Button@412b4148): 
D/nofatclips(  763): Found widget: id=16908881 (android.widget.LinearLayout@411136c8)
D/nofatclips(  763): Found widget: id=16909076 (android.view.ViewStub@412bebc0)
D/nofatclips(  763): Found widget: id=-1 (com.android.internal.policy.impl.PhoneWindow$DecorView@4128d858)
V/nicola  (  763): TextualID : null
V/nicola  (  763): ContentType detected : default
V/nicola  (  763): TextualID : null
V/nicola  (  763): ContentType detected : default
I/nofatclips(  763): Performing comparation for activity ConfigureStandupTimer
D/nofatclips(  763): Comparing against activity ConfigureStandupTimer
D/nofatclips(  763): Comparing against activity TeamList
D/nofatclips(  763): Comparing against activity ConfigureStandupTimer
D/nofatclips(  763): Comparing against activity ConfigureStandupTimer
D/nofatclips(  763): Comparing against activity TeamList
D/nofatclips(  763): Comparing against activity TeamList
D/nofatclips(  763): Comparing against activity ConfigureStandupTimer
D/nofatclips(  763): Comparing against activity TeamList
D/nofatclips(  763): Comparing against activity ConfigureStandupTimer
D/nofatclips(  763): Comparing against activity ConfigureStandupTimer
D/nofatclips(  763): Comparing against activity ConfigureStandupTimer
D/nofatclips(  763): Comparing against activity ConfigureStandupTimer
D/nofatclips(  763): Comparing against activity TeamList
D/nofatclips(  763): Comparing against activity TeamList
D/nofatclips(  763): Comparing against activity ConfigureStandupTimer
D/nofatclips(  763): Comparing against activity ConfigureStandupTimer
D/nofatclips(  763): Comparing against activity TeamList
D/nofatclips(  763): Comparing against activity ConfigureStandupTimer
D/nofatclips(  763): Comparing against activity TeamList
D/nofatclips(  763): Comparing against activity ConfigureStandupTimer
D/nofatclips(  763): Comparing against activity TeamList
D/nofatclips(  763): Comparing against activity TeamList
D/nofatclips(  763): Comparing against activity TeamList
D/nofatclips(  763): Comparing against activity Help
I/nofatclips(  763): Registering activity ConfigureStandupTimer (id: a25) as a new found state
D/nofatclips(  763): Performing backup of the old activity list on disk
D/nofatclips(  763): Saving new found state 'a25' on disk
V/nofatclips(  763): Opening state file in append mode.
D/dalvikvm(  763): GC_FOR_ALLOC freed 443K, 29% free 7814K/10951K, paused 71ms, total 85ms
I/nofatclips(  763): Saved image on disk: a25.jpg
I/nofatclips(  763): Waiting for 100 msec.
D/dalvikvm(  763): GC_CONCURRENT freed 372K, 28% free 7983K/10951K, paused 19ms+6ms, total 215ms
I/nofatclips(  763): Session count is 1. Will dump to disk at 1
I/nofatclips(  763): Saving the session on disk.
I/nofatclips(  763): Planning for new Activity ConfigureStandupTimer
D/nofatclips(  763): Handling event 'click' on widget id=16908315 type=button name=OK
I/nofatclips(  763): Created trace to press the back button
I/nofatclips(  763): Created trace to press the menu button
I/nofatclips(  763): Created trace to change orientation
D/dalvikvm(  763): GC_CONCURRENT freed 851K, 29% free 7801K/10951K, paused 18ms+9ms, total 198ms
D/dalvikvm(  763): WAIT_FOR_CONCURRENT_GC blocked 48ms
D/dalvikvm(  763): WAIT_FOR_CONCURRENT_GC blocked 60ms
I/nofatclips(  763): Check for termination: 1 steps left of 25
I/nofatclips(  763): Dispatching new task. 10 more tasks remaining.
D/nofatclips(  763): Performing backup of the old task list on disk
D/nofatclips(  763): Saving task list on disk
V/nofatclips(  763): Backing up trace #97 to disk.
D/dalvikvm(  763): GC_CONCURRENT freed 525K, 29% free 7855K/10951K, paused 39ms+51ms, total 914ms
D/dalvikvm(  763): WAIT_FOR_CONCURRENT_GC blocked 368ms
V/nofatclips(  763): Backing up trace #98 to disk.
V/nofatclips(  763): Backing up trace #99 to disk.
V/nofatclips(  763): Backing up trace #101 to disk.
D/dalvikvm(  763): GC_CONCURRENT freed 497K, 28% free 7985K/10951K, paused 42ms+19ms, total 390ms
D/dalvikvm(  763): WAIT_FOR_CONCURRENT_GC blocked 217ms
V/nofatclips(  763): Backing up trace #102 to disk.
V/nofatclips(  763): Backing up trace #104 to disk.
V/nofatclips(  763): Backing up trace #105 to disk.
D/dalvikvm(  763): GC_CONCURRENT freed 667K, 28% free 7988K/10951K, paused 23ms+12ms, total 239ms
D/dalvikvm(  763): WAIT_FOR_CONCURRENT_GC blocked 112ms
D/dalvikvm(  763): WAIT_FOR_CONCURRENT_GC blocked 126ms
V/nofatclips(  763): Backing up trace #107 to disk.
V/nofatclips(  763): Backing up trace #108 to disk.
D/dalvikvm(  763): GC_CONCURRENT freed 683K, 28% free 7953K/10951K, paused 21ms+11ms, total 163ms
D/dalvikvm(  763): WAIT_FOR_CONCURRENT_GC blocked 101ms
V/nofatclips(  763): Backing up trace #109 to disk.
D/nofatclips(  763): Deleting backup of the old task list from disk
D/nofatclips(  763): Deleting backup of the old activity list from disk
I/nofatclips(  763): Incrementally Playing Trace 109
I/nofatclips(  763): Retrieved from return list id=16908315
D/nofatclips(  763): Testing for type (android.widget.Button) against the original (android.widget.Button)
D/nofatclips(  763): Testing for name (OK) against the original (OK)
I/nofatclips(  763): Firing event: type= click index=17 widget=android.widget.Button
D/nofatclips(  763): Event description: OK
I/nofatclips(  763): Waiting for 100 msec.
I/Choreographer(  763): Skipped 109 frames!  The application may be doing too much work on its main thread.
I/Choreographer(  149): Skipped 91 frames!  The application may be doing too much work on its main thread.
I/nofatclips(  763): Current activity is ConfigureStandupTimer
I/nofatclips(  763): Retrieving widgets
D/nofatclips(  763): Found widget: id=-1 (android.widget.LinearLayout@4107d668)
D/nofatclips(  763): Found widget: id=16909076 (android.view.ViewStub@412938e8)
D/nofatclips(  763): Found widget: id=-1 (android.widget.FrameLayout@411499e8)
D/nofatclips(  763): Found widget: id=16908310 (android.widget.TextView@412d35d8): Standup Timer
D/nofatclips(  763): Found widget: id=16908290 (android.widget.FrameLayout@411fe120)
D/nofatclips(  763): Found widget: id=-1 (android.widget.TableLayout@412cb920)
D/nofatclips(  763): Found widget: id=-1 (android.widget.TableRow@4113da30)
D/nofatclips(  763): Found widget: id=-1 (android.widget.TextView@4126eb58): Number of participants
D/nofatclips(  763): Found widget: id=-1 (android.view.View@410c6550)
D/nofatclips(  763): Found widget: id=-1 (android.widget.LinearLayout@411d7118)
D/nofatclips(  763): Found widget: id=2131361798 (android.widget.EditText@412c9c80): 2
D/nofatclips(  763): Found widget: id=-1 (android.widget.TableRow@411ebae8)
D/nofatclips(  763): Found widget: id=-1 (android.widget.TextView@4125d658): Length of meeting
D/nofatclips(  763): Found widget: id=-1 (android.view.View@410c8790)
D/nofatclips(  763): Found widget: id=2131361799 (android.widget.LinearLayout@412b5ac0)
D/nofatclips(  763): Found widget: id=-1 (android.widget.Spinner@41115768)
D/nofatclips(  763): Found widget: id=16908308 (android.widget.TextView@4118f170): 5 min
D/nofatclips(  763): Found widget: id=-1 (android.widget.TableRow@412308e8)
D/nofatclips(  763): Found widget: id=-1 (android.widget.TextView@41123ef0): Team
D/nofatclips(  763): Found widget: id=-1 (android.view.View@410e0710)
D/nofatclips(  763): Found widget: id=2131361800 (android.widget.Spinner@411f6140)
D/nofatclips(  763): Found widget: id=16908308 (android.widget.TextView@41250f50): 18
D/nofatclips(  763): Found widget: id=-1 (android.widget.TableRow@410c5c48)
D/nofatclips(  763): Found widget: id=2131361801 (android.widget.Button@412268d0): Start
D/nofatclips(  763): Found widget: id=-1 (com.android.internal.policy.impl.PhoneWindow$DecorView@412784b0)
V/nicola  (  763): TextualID : null
V/nicola  (  763): ContentType detected : default
V/nicola  (  763): TextualID : null
V/nicola  (  763): ContentType detected : default
E/ReflectionHelper(  763): java.lang.NoSuchFieldException: mOnFocusChangeListener
V/ReflectionHelper(  763): android.widget.EditText > mOnFocusChangeListener NOT FOUND
V/nicola  (  763): TextualID : num_participants
V/nicola  (  763): ContentType detected : default
V/nicola  (  763): TextualID : null
V/nicola  (  763): ContentType detected : default
V/nicola  (  763): TextualID : null
V/nicola  (  763): ContentType detected : default
V/nicola  (  763): TextualID : null
V/nicola  (  763): ContentType detected : default
V/nicola  (  763): TextualID : null
V/nicola  (  763): ContentType detected : default
V/nicola  (  763): TextualID : start_button
V/nicola  (  763): ContentType detected : default
I/nofatclips(  763): Performing comparation for activity ConfigureStandupTimer
D/nofatclips(  763): Comparing against activity ConfigureStandupTimer
D/nofatclips(  763): Comparing against activity TeamList
D/nofatclips(  763): Comparing against activity ConfigureStandupTimer
D/nofatclips(  763): Comparing against activity ConfigureStandupTimer
D/nofatclips(  763): Comparing against activity TeamList
D/nofatclips(  763): Comparing against activity TeamList
D/nofatclips(  763): Comparing against activity ConfigureStandupTimer
D/nofatclips(  763): Comparing against activity TeamList
D/nofatclips(  763): Comparing against activity ConfigureStandupTimer
D/nofatclips(  763): Comparing against activity ConfigureStandupTimer
D/nofatclips(  763): Comparing against activity ConfigureStandupTimer
D/nofatclips(  763): Comparing against activity ConfigureStandupTimer
D/nofatclips(  763): Comparing against activity TeamList
D/nofatclips(  763): Comparing against activity TeamList
D/nofatclips(  763): Comparing against activity ConfigureStandupTimer
D/nofatclips(  763): Comparing against activity ConfigureStandupTimer
D/nofatclips(  763): Comparing against activity TeamList
D/nofatclips(  763): Comparing against activity ConfigureStandupTimer
D/nofatclips(  763): Comparing against activity TeamList
D/nofatclips(  763): Comparing against activity ConfigureStandupTimer
D/nofatclips(  763): Comparing against activity ConfigureStandupTimer
D/nofatclips(  763): Comparing against activity TeamList
D/nofatclips(  763): Comparing against activity TeamList
D/nofatclips(  763): Comparing against activity TeamList
D/nofatclips(  763): Comparing against activity Help
I/nofatclips(  763): Registering activity ConfigureStandupTimer (id: a26) as a new found state
D/nofatclips(  763): Performing backup of the old activity list on disk
D/dalvikvm(  763): GC_CONCURRENT freed 798K, 29% free 7813K/10951K, paused 24ms+16ms, total 608ms
D/dalvikvm(  763): WAIT_FOR_CONCURRENT_GC blocked 118ms
D/nofatclips(  763): Saving new found state 'a26' on disk
V/nofatclips(  763): Opening state file in append mode.
D/dalvikvm(  763): GC_FOR_ALLOC freed 147K, 30% free 7773K/10951K, paused 121ms, total 123ms
I/dalvikvm-heap(  763): Grow heap (frag case) to 8.222MB for 614416-byte allocation
D/dalvikvm(  763): GC_FOR_ALLOC freed <1K, 24% free 8372K/10951K, paused 125ms, total 125ms
I/nofatclips(  763): Saved image on disk: a26.jpg
I/nofatclips(  763): Waiting for 100 msec.
D/dalvikvm(  763): GC_CONCURRENT freed 618K, 24% free 8373K/10951K, paused 30ms+11ms, total 406ms
I/nofatclips(  763): Session count is 1. Will dump to disk at 1
I/nofatclips(  763): Saving the session on disk.
I/nofatclips(  763): Planning for new Activity ConfigureStandupTimer
D/nofatclips(  763): Handling event selectSpinnerItem for items [1,2] on spinner #2131361800 count=2
D/nofatclips(  763): Handling input 'writeText' on widget id=2131361798 type=editText name=
V/nofatclips(  763): Using value: 21
D/nofatclips(  763): Handling input 'writeText' on widget id=2131361798 type=editText name=
V/nofatclips(  763): Using value: 21
D/nofatclips(  763): Handling event 'click' on widget id=2131361801 type=button name=Start
D/nofatclips(  763): Handling input 'writeText' on widget id=2131361798 type=editText name=
V/nofatclips(  763): Using value: 21
I/nofatclips(  763): Created trace to press the back button
I/nofatclips(  763): Created trace to press the menu button
I/nofatclips(  763): Created trace to change orientation
D/dalvikvm(  763): GC_CONCURRENT freed 1319K, 29% free 7854K/10951K, paused 18ms+11ms, total 194ms
D/dalvikvm(  763): WAIT_FOR_CONCURRENT_GC blocked 17ms
D/dalvikvm(  763): WAIT_FOR_CONCURRENT_GC blocked 70ms
D/dalvikvm(  763): GC_CONCURRENT freed 562K, 28% free 7918K/10951K, paused 16ms+8ms, total 157ms
D/dalvikvm(  763): WAIT_FOR_CONCURRENT_GC blocked 29ms
D/dalvikvm(  763): WAIT_FOR_CONCURRENT_GC blocked 60ms
I/nofatclips(  763): Check for termination: 0 steps left of 25
I/nofatclips(  763): Saving the session on disk. This is the last batch. The session will be terminated.
D/nofatclips(  763): Task list is empty. Deleting file from disk.
D/nofatclips(  763): Task list is empty: no resume needed. Deleting parameters and activity list from disk.
W/WindowManager(  149): Failure taking screenshot for (157x235) to layer 21010
I/InputReader(  149): Reconfiguring input devices.  changes=0x00000004
I/InputReader(  149): Device reconfigured: id=0, name='qwerty2', surface size is now 320x480, mode is 1
W/SurfaceFlinger(   36): createScreenshotSurface failed (Function not implemented)
I/ActivityManager(  149): Config changed: {1.0 310mcc260mnc en_US sw320dp w320dp h455dp nrml port finger qwerty/v/v tball/v s.13}
I/Choreographer(  423): Skipped 43 frames!  The application may be doing too much work on its main thread.
W/ActivityManager(  149): Duplicate finish request for ActivityRecord{41200a40 net.johnpwood.android.standuptimer/.ConfigureStandupTimer}
D/dalvikvm(  763): WAIT_FOR_CONCURRENT_GC blocked 0ms
D/dalvikvm(  763): GC_EXPLICIT freed 1208K, 35% free 7120K/10951K, paused 17ms+21ms, total 192ms
D/dalvikvm(  763): WAIT_FOR_CONCURRENT_GC blocked 0ms
I/Choreographer(  423): Skipped 148 frames!  The application may be doing too much work on its main thread.
D/dalvikvm(  763): GC_EXPLICIT freed 18K, 36% free 7102K/10951K, paused 8ms+35ms, total 136ms
I/TestRunner(  763): finished: testAndCrawl(com.nofatclips.crawler.guitree.NomadEngine)
I/TestRunner(  763): passed: testAndCrawl(com.nofatclips.crawler.guitree.NomadEngine)
E/InstrumentationTestRunner(  763): Failed to generate emma coverage. Is emma jar on classpath?
E/InstrumentationTestRunner(  763): java.lang.ClassNotFoundException: com.vladium.emma.rt.RT
E/InstrumentationTestRunner(  763): 	at java.lang.Class.classForName(Native Method)
E/InstrumentationTestRunner(  763): 	at java.lang.Class.forName(Class.java:217)
E/InstrumentationTestRunner(  763): 	at java.lang.Class.forName(Class.java:172)
E/InstrumentationTestRunner(  763): 	at android.test.InstrumentationTestRunner.generateCoverageReport(InstrumentationTestRunner.java:604)
E/InstrumentationTestRunner(  763): 	at android.test.InstrumentationTestRunner.onStart(InstrumentationTestRunner.java:571)
E/InstrumentationTestRunner(  763): 	at android.app.Instrumentation$InstrumentationThread.run(Instrumentation.java:1584)
E/InstrumentationTestRunner(  763): Caused by: java.lang.NoClassDefFoundError: com/vladium/emma/rt/RT
E/InstrumentationTestRunner(  763): 	... 6 more
E/InstrumentationTestRunner(  763): Caused by: java.lang.ClassNotFoundException: com.vladium.emma.rt.RT
E/InstrumentationTestRunner(  763): 	at dalvik.system.BaseDexClassLoader.findClass(BaseDexClassLoader.java:61)
E/InstrumentationTestRunner(  763): 	at java.lang.ClassLoader.loadClass(ClassLoader.java:501)
E/InstrumentationTestRunner(  763): 	at java.lang.ClassLoader.loadClass(ClassLoader.java:461)
E/InstrumentationTestRunner(  763): 	... 6 more
I/ActivityManager(  149): Force stopping package net.johnpwood.android.standuptimer uid=10044
D/AndroidRuntime(  753): Shutting down VM
I/ActivityManager(  149): Killing proc 763:net.johnpwood.android.standuptimer/u0a44: force stop
D/dalvikvm(  753): GC_CONCURRENT freed 101K, 78% free 457K/2048K, paused 1ms+2ms, total 16ms
I/WindowState(  149): WIN DEATH: Window{415aa888 net.johnpwood.android.standuptimer/net.johnpwood.android.standuptimer.ConfigureStandupTimer paused=false}
I/AndroidRuntime(  753): NOTE: attach of thread 'Binder_3' failed
I/Choreographer(  249): Skipped 71 frames!  The application may be doing too much work on its main thread.
