W/InputMethodManagerService(  149): Window already focused, ignoring focus gain of: com.android.internal.view.IInputMethodClient$Stub$Proxy@41408a58 attribute=null
I/nofatclips(  763): Current activity is TeamList
I/nofatclips(  763): Retrieving widgets
D/nofatclips(  763): Found widget: id=-1 (android.widget.LinearLayout@41298050)
D/nofatclips(  763): Found widget: id=16909076 (android.view.ViewStub@4104a120)
D/nofatclips(  763): Found widget: id=-1 (android.widget.FrameLayout@4120db38)
D/nofatclips(  763): Found widget: id=16908310 (android.widget.TextView@41204730): Teams
D/nofatclips(  763): Found widget: id=16908290 (android.widget.FrameLayout@412c1080)
D/nofatclips(  763): Found widget: id=-1 (android.widget.LinearLayout@41209050)
I/Choreographer(  149): Skipped 30 frames!  The application may be doing too much work on its main thread.
D/nofatclips(  763): Found widget: id=16908298 (android.widget.ListView@41231638)
D/nofatclips(  763): Found widget: id=16908292 (android.widget.TextView@4128b368): No teams configured
D/nofatclips(  763): Found widget: id=-1 (com.android.internal.policy.impl.PhoneWindow$DecorView@411f5ec8)
I/Choreographer(  763): Skipped 75 frames!  The application may be doing too much work on its main thread.
V/nicola  (  763): TextualID : null
V/nicola  (  763): ContentType detected : default
V/nicola  (  763): TextualID : null
V/nicola  (  763): ContentType detected : default
I/nofatclips(  763): Performing comparation for activity TeamList
D/nofatclips(  763): Comparing against activity ConfigureStandupTimer
D/nofatclips(  763): Comparing against activity ConfigureStandupTimer
D/nofatclips(  763): Comparing against activity ConfigureStandupTimer
D/nofatclips(  763): Comparing against activity TeamList
D/nofatclips(  763): Comparing against activity ConfigureStandupTimer
D/nofatclips(  763): Comparing against activity TeamList
D/nofatclips(  763): Comparing against activity ConfigureStandupTimer
D/nofatclips(  763): Comparing against activity ConfigureStandupTimer
D/nofatclips(  763): Comparing against activity TeamList
D/nofatclips(  763): Comparing against activity TeamList
D/nofatclips(  763): Comparing against activity ConfigureStandupTimer
D/nofatclips(  763): Comparing against activity Help
I/nofatclips(  763): Registering activity TeamList (id: a13) as a new found state
D/nofatclips(  763): Performing backup of the old activity list on disk
I/Choreographer(  149): Skipped 158 frames!  The application may be doing too much work on its main thread.
D/nofatclips(  763): Saving new found state 'a13' on disk
V/nofatclips(  763): Opening state file in append mode.
D/dalvikvm(  763): GC_CONCURRENT freed 559K, 31% free 7150K/10311K, paused 167ms+18ms, total 511ms
D/dalvikvm(  763): WAIT_FOR_CONCURRENT_GC blocked 120ms
D/dalvikvm(  763): GC_FOR_ALLOC freed 13K, 31% free 7137K/10311K, paused 139ms, total 139ms
I/dalvikvm-heap(  763): Grow heap (frag case) to 7.601MB for 614416-byte allocation
D/dalvikvm(  763): GC_FOR_ALLOC freed 0K, 25% free 7737K/10311K, paused 119ms, total 119ms
D/dalvikvm(  763): GC_CONCURRENT freed 1K, 25% free 7738K/10311K, paused 40ms+16ms, total 147ms
D/dalvikvm(  763): WAIT_FOR_CONCURRENT_GC blocked 109ms
D/dalvikvm(  763): GC_FOR_ALLOC freed <1K, 25% free 7737K/10311K, paused 111ms, total 111ms
I/dalvikvm-heap(  763): Grow heap (frag case) to 8.187MB for 614416-byte allocation
D/dalvikvm(  763): GC_FOR_ALLOC freed 0K, 20% free 8337K/10311K, paused 111ms, total 111ms
I/nofatclips(  763): Saved image on disk: a13.jpg
I/nofatclips(  763): Waiting for 100 msec.
D/dalvikvm(  763): GC_CONCURRENT freed 616K, 25% free 7738K/10311K, paused 22ms+13ms, total 355ms
I/nofatclips(  763): Session count is 1. Will dump to disk at 1
I/nofatclips(  763): Saving the session on disk.
I/nofatclips(  763): Planning for new Activity TeamList
I/nofatclips(  763): Created trace to press the back button
I/nofatclips(  763): Created trace to press the menu button
I/nofatclips(  763): Created trace to change orientation
I/nofatclips(  763): Check for termination: 13 steps left of 25
I/nofatclips(  763): Dispatching new task. 10 more tasks remaining.
D/nofatclips(  763): Performing backup of the old task list on disk
D/nofatclips(  763): Saving task list on disk
V/nofatclips(  763): Backing up trace #44 to disk.
D/dalvikvm(  763): GC_CONCURRENT freed 1126K, 31% free 7199K/10311K, paused 20ms+13ms, total 390ms
D/dalvikvm(  763): WAIT_FOR_CONCURRENT_GC blocked 46ms
D/dalvikvm(  763): WAIT_FOR_CONCURRENT_GC blocked 61ms
V/nofatclips(  763): Backing up trace #45 to disk.
V/nofatclips(  763): Backing up trace #47 to disk.
V/nofatclips(  763): Backing up trace #48 to disk.
V/nofatclips(  763): Backing up trace #50 to disk.
V/nofatclips(  763): Backing up trace #51 to disk.
D/dalvikvm(  763): GC_CONCURRENT freed 438K, 30% free 7273K/10311K, paused 19ms+10ms, total 165ms
D/dalvikvm(  763): WAIT_FOR_CONCURRENT_GC blocked 47ms
D/dalvikvm(  763): WAIT_FOR_CONCURRENT_GC blocked 75ms
V/nofatclips(  763): Backing up trace #52 to disk.
V/nofatclips(  763): Backing up trace #54 to disk.
V/nofatclips(  763): Backing up trace #55 to disk.
V/nofatclips(  763): Backing up trace #56 to disk.
D/dalvikvm(  763): GC_CONCURRENT freed 512K, 30% free 7265K/10311K, paused 18ms+10ms, total 168ms
D/dalvikvm(  763): WAIT_FOR_CONCURRENT_GC blocked 65ms
D/nofatclips(  763): Deleting backup of the old task list from disk
D/nofatclips(  763): Deleting backup of the old activity list from disk
I/nofatclips(  763): Incrementally Playing Trace 56
I/nofatclips(  763): Retrieved from return list id=-1
D/nofatclips(  763): Testing for type (android.widget.LinearLayout) against the original (null)
I/nofatclips(  763): Firing event: type= openMenu name= widget=null
I/Choreographer(  763): Skipped 31 frames!  The application may be doing too much work on its main thread.
I/nofatclips(  763): Waiting for 100 msec.
I/nofatclips(  763): Current activity is TeamList
I/nofatclips(  763): Retrieving widgets
D/nofatclips(  763): Found widget: id=16908939 (com.android.internal.view.menu.IconMenuView@410cbe78)
D/nofatclips(  763): Found widget: id=16908310 (com.android.internal.view.menu.IconMenuItemView@412d1040): Add
D/nofatclips(  763): Found widget: id=-1 (com.android.internal.policy.impl.PhoneWindow$DecorView@41034f50)
I/Choreographer(  149): Skipped 62 frames!  The application may be doing too much work on its main thread.
E/ReflectionHelper(  763): java.lang.NoSuchFieldException: mOnFocusChangeListener
V/ReflectionHelper(  763): com.android.internal.view.menu.IconMenuView > mOnFocusChangeListener NOT FOUND
I/Choreographer(  763): Skipped 34 frames!  The application may be doing too much work on its main thread.
V/nicola  (  763): TextualID : null
V/nicola  (  763): ContentType detected : default
I/nofatclips(  763): Performing comparation for activity TeamList
D/nofatclips(  763): Comparing against activity ConfigureStandupTimer
I/Choreographer(  149): Skipped 69 frames!  The application may be doing too much work on its main thread.
D/nofatclips(  763): Comparing against activity ConfigureStandupTimer
D/nofatclips(  763): Comparing against activity ConfigureStandupTimer
D/nofatclips(  763): Comparing against activity TeamList
D/nofatclips(  763): Comparing against activity ConfigureStandupTimer
D/nofatclips(  763): Comparing against activity TeamList
D/nofatclips(  763): Comparing against activity ConfigureStandupTimer
D/nofatclips(  763): Comparing against activity ConfigureStandupTimer
D/nofatclips(  763): Comparing against activity TeamList
D/nofatclips(  763): Comparing against activity TeamList
D/nofatclips(  763): Comparing against activity TeamList
D/nofatclips(  763): Comparing against activity ConfigureStandupTimer
D/nofatclips(  763): Comparing against activity Help
I/nofatclips(  763): Registering activity TeamList (id: a14) as a new found state
D/nofatclips(  763): Performing backup of the old activity list on disk
D/nofatclips(  763): Saving new found state 'a14' on disk
V/nofatclips(  763): Opening state file in append mode.
I/nofatclips(  763): Saved image on disk: a14.jpg
I/nofatclips(  763): Waiting for 100 msec.
I/nofatclips(  763): Session count is 1. Will dump to disk at 1
I/nofatclips(  763): Saving the session on disk.
D/dalvikvm(  763): GC_CONCURRENT freed 542K, 31% free 7216K/10311K, paused 52ms+25ms, total 311ms
D/dalvikvm(  763): WAIT_FOR_CONCURRENT_GC blocked 124ms
I/nofatclips(  763): Planning for new Activity TeamList
D/nofatclips(  763): Handling event 'click' on widget id=16908310 type=menuItem name=Add
I/nofatclips(  763): Created trace to press the back button
I/nofatclips(  763): Created trace to press the menu button
I/nofatclips(  763): Created trace to change orientation
D/dalvikvm(  763): GC_CONCURRENT freed 472K, 30% free 7255K/10311K, paused 21ms+15ms, total 274ms
D/dalvikvm(  763): WAIT_FOR_CONCURRENT_GC blocked 75ms
D/dalvikvm(  763): WAIT_FOR_CONCURRENT_GC blocked 92ms
I/nofatclips(  763): Check for termination: 12 steps left of 25
I/nofatclips(  763): Dispatching new task. 10 more tasks remaining.
D/nofatclips(  763): Performing backup of the old task list on disk
D/nofatclips(  763): Saving task list on disk
V/nofatclips(  763): Backing up trace #48 to disk.
V/nofatclips(  763): Backing up trace #50 to disk.
V/nofatclips(  763): Backing up trace #51 to disk.
V/nofatclips(  763): Backing up trace #52 to disk.
D/dalvikvm(  763): GC_CONCURRENT freed 431K, 29% free 7331K/10311K, paused 23ms+13ms, total 234ms
D/dalvikvm(  763): WAIT_FOR_CONCURRENT_GC blocked 96ms
V/nofatclips(  763): Backing up trace #54 to disk.
V/nofatclips(  763): Backing up trace #55 to disk.
V/nofatclips(  763): Backing up trace #57 to disk.
V/nofatclips(  763): Backing up trace #58 to disk.
D/dalvikvm(  763): GC_CONCURRENT freed 527K, 30% free 7306K/10311K, paused 30ms+12ms, total 198ms
D/dalvikvm(  763): WAIT_FOR_CONCURRENT_GC blocked 75ms
V/nofatclips(  763): Backing up trace #59 to disk.
V/nofatclips(  763): Backing up trace #60 to disk.
D/nofatclips(  763): Deleting backup of the old task list from disk
D/nofatclips(  763): Deleting backup of the old activity list from disk
I/nofatclips(  763): Incrementally Playing Trace 60
I/nofatclips(  763): Retrieved from return list id=16908310
D/nofatclips(  763): Testing for type (com.android.internal.view.menu.IconMenuItemView) against the original (com.android.internal.view.menu.IconMenuItemView)
D/nofatclips(  763): Testing for name (Add) against the original (Add)
I/nofatclips(  763): Firing event: type= click index=1 widget=com.android.internal.view.menu.IconMenuItemView
D/InputEventConsistencyVerifier(  763): KeyEvent: ACTION_UP but key was not down.
D/InputEventConsistencyVerifier(  763):   in com.android.internal.policy.impl.PhoneWindow$DecorView@41034f50
D/InputEventConsistencyVerifier(  763):   0: sent at 292232000000, KeyEvent { action=ACTION_UP, keyCode=KEYCODE_DPAD_UP, scanCode=0, metaState=0, flags=0x8, repeatCount=0, eventTime=292232, downTime=292232, deviceId=-1, source=0x101 }
D/InputEventConsistencyVerifier(  763):   -- recent events --
D/InputEventConsistencyVerifier(  763):   1: sent at 283283000000, (unhandled) KeyEvent { action=ACTION_UP, keyCode=KEYCODE_MENU, scanCode=0, metaState=0, flags=0x8, repeatCount=0, eventTime=283283, downTime=283283, deviceId=-1, source=0x101 }
D/InputEventConsistencyVerifier(  763):   2: sent at 283254000000, (unhandled) KeyEvent { action=ACTION_DOWN, keyCode=KEYCODE_MENU, scanCode=0, metaState=0, flags=0x8, repeatCount=0, eventTime=283254, downTime=283254, deviceId=-1, source=0x101 }
D/InputEventConsistencyVerifier(  763):   3: sent at 274302000000, (unhandled) KeyEvent { action=ACTION_UP, keyCode=KEYCODE_BACK, scanCode=0, metaState=0, flags=0x8, repeatCount=0, eventTime=274302, downTime=274302, deviceId=-1, source=0x101 }
D/InputEventConsistencyVerifier(  763):   4: sent at 274275000000, (unhandled) KeyEvent { action=ACTION_DOWN, keyCode=KEYCODE_BACK, scanCode=0, metaState=0, flags=0x8, repeatCount=0, eventTime=274275, downTime=274275, deviceId=-1, source=0x101 }
I/Choreographer(  763): Skipped 38 frames!  The application may be doing too much work on its main thread.
D/nofatclips(  763): Event description: Add
D/StandupTimer(  763): Displaying the add team dialog box
I/nofatclips(  763): Waiting for 100 msec.
I/Choreographer(  763): Skipped 44 frames!  The application may be doing too much work on its main thread.
D/dalvikvm(  763): GC_CONCURRENT freed 428K, 29% free 7363K/10311K, paused 52ms+81ms, total 644ms
I/Choreographer(  763): Skipped 536 frames!  The application may be doing too much work on its main thread.
I/Choreographer(  149): Skipped 37 frames!  The application may be doing too much work on its main thread.
I/nofatclips(  763): Current activity is TeamList
I/nofatclips(  763): Retrieving widgets
D/nofatclips(  763): Found widget: id=-1 (android.widget.FrameLayout@410a6e38)
D/nofatclips(  763): Found widget: id=16908290 (android.widget.FrameLayout@410e18e8)
D/nofatclips(  763): Found widget: id=16908874 (android.widget.LinearLayout@41088398)
D/nofatclips(  763): Found widget: id=16908875 (android.widget.LinearLayout@410c8670)
D/nofatclips(  763): Found widget: id=16908876 (android.widget.LinearLayout@4124c620)
D/nofatclips(  763): Found widget: id=16908294 (android.widget.ImageView@410c7ac8)
D/nofatclips(  763): Found widget: id=16908877 (com.android.internal.widget.DialogTitle@4123e9d8): Add Team
D/nofatclips(  763): Found widget: id=16908878 (android.widget.ImageView@411f5a88)
D/nofatclips(  763): Found widget: id=16908882 (android.widget.LinearLayout@412bfff8)
D/nofatclips(  763): Found widget: id=16908883 (android.widget.ScrollView@41297288)
D/nofatclips(  763): Found widget: id=16908884 (android.widget.FrameLayout@412bdaf0)
D/nofatclips(  763): Found widget: id=16908331 (android.widget.FrameLayout@4126c9a0)
D/nofatclips(  763): Found widget: id=2131361795 (android.widget.EditText@41230cf8): 
D/nofatclips(  763): Found widget: id=16908879 (android.widget.LinearLayout@410a6228)
D/nofatclips(  763): Found widget: id=-1 (android.widget.LinearLayout@411eb868)
D/nofatclips(  763): Found widget: id=16908880 (android.widget.LinearLayout@411feda0)
D/nofatclips(  763): Found widget: id=16908313 (android.widget.Button@41234320): OK
D/nofatclips(  763): Found widget: id=16908315 (android.widget.Button@410d8808): 
D/nofatclips(  763): Found widget: id=16908314 (android.widget.Button@412027c0): Revert
D/nofatclips(  763): Found widget: id=16908881 (android.widget.LinearLayout@41272e28)
D/nofatclips(  763): Found widget: id=16909076 (android.view.ViewStub@410c7888)
D/nofatclips(  763): Found widget: id=-1 (com.android.internal.policy.impl.PhoneWindow$DecorView@410e34e0)
V/nicola  (  763): TextualID : null
V/nicola  (  763): ContentType detected : default
E/ReflectionHelper(  763): java.lang.NoSuchFieldException: mOnFocusChangeListener
V/ReflectionHelper(  763): android.widget.EditText > mOnFocusChangeListener NOT FOUND
V/nicola  (  763): TextualID : collected_text
V/nicola  (  763): ContentType detected : default
V/nicola  (  763): TextualID : null
V/nicola  (  763): ContentType detected : default
V/nicola  (  763): TextualID : null
V/nicola  (  763): ContentType detected : default
I/nofatclips(  763): Performing comparation for activity TeamList
D/nofatclips(  763): Comparing against activity ConfigureStandupTimer
D/nofatclips(  763): Comparing against activity ConfigureStandupTimer
D/nofatclips(  763): Comparing against activity TeamList
D/nofatclips(  763): Comparing against activity ConfigureStandupTimer
D/nofatclips(  763): Comparing against activity TeamList
D/nofatclips(  763): Comparing against activity ConfigureStandupTimer
D/nofatclips(  763): Comparing against activity ConfigureStandupTimer
D/nofatclips(  763): Comparing against activity TeamList
D/nofatclips(  763): Comparing against activity TeamList
D/nofatclips(  763): Comparing against activity ConfigureStandupTimer
D/nofatclips(  763): Comparing against activity ConfigureStandupTimer
D/nofatclips(  763): Comparing against activity TeamList
D/nofatclips(  763): Comparing against activity TeamList
D/nofatclips(  763): Comparing against activity Help
I/nofatclips(  763): Registering activity TeamList (id: a15) as a new found state
D/nofatclips(  763): Performing backup of the old activity list on disk
D/nofatclips(  763): Saving new found state 'a15' on disk
V/nofatclips(  763): Opening state file in append mode.
D/dalvikvm(  763): GC_FOR_ALLOC freed 253K, 29% free 7370K/10311K, paused 96ms, total 102ms
D/dalvikvm(  763): GC_FOR_ALLOC freed 6K, 27% free 7624K/10311K, paused 86ms, total 86ms
I/nofatclips(  763): Saved image on disk: a15.jpg
I/nofatclips(  763): Waiting for 100 msec.
D/dalvikvm(  763): GC_CONCURRENT freed 536K, 27% free 7630K/10311K, paused 20ms+26ms, total 344ms
I/nofatclips(  763): Session count is 1. Will dump to disk at 1
I/nofatclips(  763): Saving the session on disk.
I/nofatclips(  763): Planning for new Activity TeamList
D/nofatclips(  763): Handling event 'click' on widget id=16908313 type=button name=OK
D/nofatclips(  763): Handling input 'writeText' on widget id=2131361795 type=editText name=
V/nofatclips(  763): Using value: 18
D/nofatclips(  763): Handling event 'click' on widget id=16908314 type=button name=Revert
D/nofatclips(  763): Handling input 'writeText' on widget id=2131361795 type=editText name=
V/nofatclips(  763): Using value: 18
I/nofatclips(  763): Created trace to press the back button
I/nofatclips(  763): Created trace to press the menu button
I/nofatclips(  763): Created trace to change orientation
D/dalvikvm(  763): GC_CONCURRENT freed 740K, 28% free 7442K/10311K, paused 18ms+9ms, total 172ms
D/dalvikvm(  763): WAIT_FOR_CONCURRENT_GC blocked 54ms
D/dalvikvm(  763): WAIT_FOR_CONCURRENT_GC blocked 59ms
I/nofatclips(  763): Check for termination: 11 steps left of 25
I/nofatclips(  763): Dispatching new task. 10 more tasks remaining.
D/nofatclips(  763): Performing backup of the old task list on disk
D/nofatclips(  763): Saving task list on disk
V/nofatclips(  763): Backing up trace #54 to disk.
D/dalvikvm(  763): GC_CONCURRENT freed 485K, 28% free 7465K/10311K, paused 15ms+7ms, total 240ms
D/dalvikvm(  763): WAIT_FOR_CONCURRENT_GC blocked 29ms
V/nofatclips(  763): Backing up trace #55 to disk.
V/nofatclips(  763): Backing up trace #57 to disk.
V/nofatclips(  763): Backing up trace #58 to disk.
V/nofatclips(  763): Backing up trace #59 to disk.
D/dalvikvm(  763): GC_CONCURRENT freed 432K, 27% free 7538K/10311K, paused 18ms+6ms, total 163ms
D/dalvikvm(  763): WAIT_FOR_CONCURRENT_GC blocked 38ms
V/nofatclips(  763): Backing up trace #61 to disk.
V/nofatclips(  763): Backing up trace #62 to disk.
V/nofatclips(  763): Backing up trace #63 to disk.
V/nofatclips(  763): Backing up trace #64 to disk.
D/dalvikvm(  763): GC_CONCURRENT freed 497K, 27% free 7547K/10311K, paused 17ms+7ms, total 122ms
D/dalvikvm(  763): WAIT_FOR_CONCURRENT_GC blocked 37ms
V/nofatclips(  763): Backing up trace #65 to disk.
D/nofatclips(  763): Deleting backup of the old task list from disk
D/nofatclips(  763): Deleting backup of the old activity list from disk
I/nofatclips(  763): Incrementally Playing Trace 65
I/nofatclips(  763): Retrieved from return list id=-1
D/nofatclips(  763): Testing for type (android.widget.FrameLayout) against the original (null)
I/nofatclips(  763): Firing event: type= changeOrientation name= widget=null
D/dalvikvm(  280): GC_CONCURRENT freed 345K, 8% free 6621K/7175K, paused 32ms+25ms, total 503ms
I/InputReader(  149): Reconfiguring input devices.  changes=0x00000004
I/InputReader(  149): Device reconfigured: id=0, name='qwerty2', surface size is now 320x480, mode is 1
W/SurfaceFlinger(   36): createScreenshotSurface failed (Function not implemented)
I/ActivityManager(  149): Config changed: {1.0 310mcc260mnc en_US sw320dp w480dp h295dp nrml land finger qwerty/v/v tball/v s.8}
I/nofatclips(  763): Waiting for 100 msec.
I/Choreographer(  249): Skipped 114 frames!  The application may be doing too much work on its main thread.
I/Choreographer(  249): Skipped 130 frames!  The application may be doing too much work on its main thread.
W/WindowManager(  149): Window freeze timeout expired.
W/WindowManager(  149): Force clearing orientation change: Window{4134c350 net.johnpwood.android.standuptimer/net.johnpwood.android.standuptimer.TeamList paused=false}
W/WindowManager(  149): Force clearing orientation change: Window{413e7a78 com.android.systemui.ImageWallpaper paused=false}
D/StandupTimer(  763): Found 0 teams
I/Choreographer(  763): Skipped 822 frames!  The application may be doing too much work on its main thread.
D/dalvikvm(  763): GC_CONCURRENT freed 459K, 28% free 7498K/10311K, paused 47ms+52ms, total 776ms
I/Choreographer(  763): Skipped 756 frames!  The application may be doing too much work on its main thread.
I/nofatclips(  763): Current activity is TeamList
I/nofatclips(  763): Retrieving widgets
D/nofatclips(  763): Found widget: id=-1 (android.widget.FrameLayout@412c2d00)
D/nofatclips(  763): Found widget: id=16908290 (android.widget.FrameLayout@411e6540)
D/nofatclips(  763): Found widget: id=16908874 (android.widget.LinearLayout@4101b050)
D/nofatclips(  763): Found widget: id=16908875 (android.widget.LinearLayout@412b7150)
D/nofatclips(  763): Found widget: id=16908876 (android.widget.LinearLayout@410a2d20)
D/nofatclips(  763): Found widget: id=16908294 (android.widget.ImageView@41061330)
D/nofatclips(  763): Found widget: id=16908877 (com.android.internal.widget.DialogTitle@41290d80): Add Team
D/nofatclips(  763): Found widget: id=16908878 (android.widget.ImageView@41086f00)
D/nofatclips(  763): Found widget: id=16908882 (android.widget.LinearLayout@410a33b0)
D/nofatclips(  763): Found widget: id=16908883 (android.widget.ScrollView@410bcf28)
D/nofatclips(  763): Found widget: id=16908884 (android.widget.FrameLayout@41292b20)
D/nofatclips(  763): Found widget: id=16908331 (android.widget.FrameLayout@410a4d30)
D/nofatclips(  763): Found widget: id=2131361795 (android.widget.EditText@4125d3e0): 
D/nofatclips(  763): Found widget: id=16908879 (android.widget.LinearLayout@412d0d70)
D/nofatclips(  763): Found widget: id=-1 (android.widget.LinearLayout@411f3128)
D/nofatclips(  763): Found widget: id=16908880 (android.widget.LinearLayout@41264028)
D/nofatclips(  763): Found widget: id=16908313 (android.widget.Button@411e5ac0): OK
D/nofatclips(  763): Found widget: id=16908315 (android.widget.Button@412afce0): 
D/nofatclips(  763): Found widget: id=16908314 (android.widget.Button@410bbcc0): Revert
D/nofatclips(  763): Found widget: id=16908881 (android.widget.LinearLayout@412974e8)
D/nofatclips(  763): Found widget: id=16909076 (android.view.ViewStub@41206858)
D/nofatclips(  763): Found widget: id=-1 (com.android.internal.policy.impl.PhoneWindow$DecorView@410255e0)
V/nicola  (  763): TextualID : null
V/nicola  (  763): ContentType detected : default
E/ReflectionHelper(  763): java.lang.NoSuchFieldException: mOnFocusChangeListener
V/ReflectionHelper(  763): android.widget.EditText > mOnFocusChangeListener NOT FOUND
V/nicola  (  763): TextualID : collected_text
V/nicola  (  763): ContentType detected : default
V/nicola  (  763): TextualID : null
V/nicola  (  763): ContentType detected : default
V/nicola  (  763): TextualID : null
V/nicola  (  763): ContentType detected : default
I/nofatclips(  763): Performing comparation for activity TeamList
D/nofatclips(  763): Comparing against activity ConfigureStandupTimer
D/nofatclips(  763): Comparing against activity ConfigureStandupTimer
D/nofatclips(  763): Comparing against activity TeamList
D/nofatclips(  763): Comparing against activity ConfigureStandupTimer
D/nofatclips(  763): Comparing against activity TeamList
D/nofatclips(  763): Comparing against activity ConfigureStandupTimer
D/nofatclips(  763): Comparing against activity ConfigureStandupTimer
D/nofatclips(  763): Comparing against activity TeamList
D/nofatclips(  763): Comparing against activity TeamList
D/nofatclips(  763): Comparing against activity ConfigureStandupTimer
D/nofatclips(  763): Comparing against activity TeamList
D/nofatclips(  763): Comparing against activity ConfigureStandupTimer
D/nofatclips(  763): Comparing against activity TeamList
D/nofatclips(  763): Comparing against activity TeamList
D/nofatclips(  763): Comparing against activity Help
I/nofatclips(  763): Registering activity TeamList (id: a16) as a new found state
D/nofatclips(  763): Performing backup of the old activity list on disk
D/nofatclips(  763): Saving new found state 'a16' on disk
V/nofatclips(  763): Opening state file in append mode.
D/dalvikvm(  763): GC_FOR_ALLOC freed 256K, 28% free 7490K/10311K, paused 67ms, total 78ms
D/dalvikvm(  763): GC_FOR_ALLOC freed 100K, 26% free 7672K/10311K, paused 65ms, total 65ms
D/dalvikvm(  763): GC_CONCURRENT freed 566K, 26% free 7673K/10311K, paused 17ms+7ms, total 104ms
D/dalvikvm(  763): WAIT_FOR_CONCURRENT_GC blocked 72ms
D/dalvikvm(  763): WAIT_FOR_CONCURRENT_GC blocked 81ms
I/nofatclips(  763): Saved image on disk: a16.jpg
I/nofatclips(  763): Waiting for 100 msec.
I/nofatclips(  763): Session count is 1. Will dump to disk at 1
I/nofatclips(  763): Saving the session on disk.
I/nofatclips(  763): Planning for new Activity TeamList
D/nofatclips(  763): Handling event 'click' on widget id=16908313 type=button name=OK
D/nofatclips(  763): Handling input 'writeText' on widget id=2131361795 type=editText name=
V/nofatclips(  763): Using value: 18
D/nofatclips(  763): Handling event 'click' on widget id=16908314 type=button name=Revert
D/nofatclips(  763): Handling input 'writeText' on widget id=2131361795 type=editText name=
V/nofatclips(  763): Using value: 18
I/nofatclips(  763): Created trace to press the back button
I/nofatclips(  763): Created trace to press the menu button
I/nofatclips(  763): Created trace to change orientation
D/dalvikvm(  763): GC_CONCURRENT freed 774K, 28% free 7464K/10311K, paused 16ms+9ms, total 162ms
D/dalvikvm(  763): WAIT_FOR_CONCURRENT_GC blocked 40ms
I/nofatclips(  763): Check for termination: 10 steps left of 25
I/nofatclips(  763): Dispatching new task. 10 more tasks remaining.
D/nofatclips(  763): Performing backup of the old task list on disk
D/dalvikvm(  149): WAIT_FOR_CONCURRENT_GC blocked 0ms
D/nofatclips(  763): Saving task list on disk
V/nofatclips(  763): Backing up trace #59 to disk.
D/dalvikvm(  149): GC_EXPLICIT freed 90K, 51% free 8366K/16903K, paused 10ms+19ms, total 371ms
D/dalvikvm(  763): GC_CONCURRENT freed 463K, 28% free 7512K/10311K, paused 16ms+72ms, total 503ms
D/dalvikvm(  763): WAIT_FOR_CONCURRENT_GC blocked 53ms
V/nofatclips(  763): Backing up trace #61 to disk.
V/nofatclips(  763): Backing up trace #62 to disk.
V/nofatclips(  763): Backing up trace #63 to disk.
V/nofatclips(  763): Backing up trace #64 to disk.
D/dalvikvm(  763): GC_CONCURRENT freed 467K, 27% free 7557K/10311K, paused 17ms+8ms, total 185ms
D/dalvikvm(  763): WAIT_FOR_CONCURRENT_GC blocked 9ms
D/dalvikvm(  763): WAIT_FOR_CONCURRENT_GC blocked 53ms
V/nofatclips(  763): Backing up trace #66 to disk.
V/nofatclips(  763): Backing up trace #67 to disk.
V/nofatclips(  763): Backing up trace #68 to disk.
D/dalvikvm(  763): GC_CONCURRENT freed 504K, 27% free 7580K/10311K, paused 16ms+6ms, total 124ms
D/dalvikvm(  763): WAIT_FOR_CONCURRENT_GC blocked 39ms
V/nofatclips(  763): Backing up trace #69 to disk.
V/nofatclips(  763): Backing up trace #70 to disk.
D/nofatclips(  763): Deleting backup of the old task list from disk
D/nofatclips(  763): Deleting backup of the old activity list from disk
I/nofatclips(  763): Incrementally Playing Trace 70
I/nofatclips(  763): Retrieved from return list id=-1
D/nofatclips(  763): Testing for type (android.widget.FrameLayout) against the original (null)
I/nofatclips(  763): Firing event: type= changeOrientation name= widget=null
D/dalvikvm(  763): GC_CONCURRENT freed 554K, 28% free 7446K/10311K, paused 29ms+29ms, total 375ms
I/InputReader(  149): Reconfiguring input devices.  changes=0x00000004
I/InputReader(  149): Device reconfigured: id=0, name='qwerty2', surface size is now 320x480, mode is 1
W/SurfaceFlinger(   36): createScreenshotSurface failed (Function not implemented)
I/ActivityManager(  149): Config changed: {1.0 310mcc260mnc en_US sw320dp w320dp h455dp nrml port finger qwerty/v/v tball/v s.9}
I/nofatclips(  763): Waiting for 100 msec.
I/Choreographer(  249): Skipped 96 frames!  The application may be doing too much work on its main thread.
I/Choreographer(  249): Skipped 110 frames!  The application may be doing too much work on its main thread.
D/StandupTimer(  763): Found 0 teams
I/Choreographer(  763): Skipped 704 frames!  The application may be doing too much work on its main thread.
I/Choreographer(  149): Skipped 66 frames!  The application may be doing too much work on its main thread.
I/Choreographer(  763): Skipped 612 frames!  The application may be doing too much work on its main thread.
I/nofatclips(  763): Current activity is TeamList
I/nofatclips(  763): Retrieving widgets
D/nofatclips(  763): Found widget: id=-1 (android.widget.FrameLayout@412b5ad0)
D/nofatclips(  763): Found widget: id=16908290 (android.widget.FrameLayout@412c88b0)
D/nofatclips(  763): Found widget: id=16908874 (android.widget.LinearLayout@412d14d8)
D/nofatclips(  763): Found widget: id=16908875 (android.widget.LinearLayout@410bb420)
D/nofatclips(  763): Found widget: id=16908876 (android.widget.LinearLayout@412523f8)
D/nofatclips(  763): Found widget: id=16908294 (android.widget.ImageView@41200208)
D/nofatclips(  763): Found widget: id=16908877 (com.android.internal.widget.DialogTitle@41292e98): Add Team
D/nofatclips(  763): Found widget: id=16908878 (android.widget.ImageView@412274d0)
D/nofatclips(  763): Found widget: id=16908882 (android.widget.LinearLayout@41285630)
D/nofatclips(  763): Found widget: id=16908883 (android.widget.ScrollView@4123de48)
D/nofatclips(  763): Found widget: id=16908884 (android.widget.FrameLayout@412cb980)
D/nofatclips(  763): Found widget: id=16908331 (android.widget.FrameLayout@412ae640)
D/nofatclips(  763): Found widget: id=2131361795 (android.widget.EditText@412bf260): 
D/nofatclips(  763): Found widget: id=16908879 (android.widget.LinearLayout@411fa090)
D/nofatclips(  763): Found widget: id=-1 (android.widget.LinearLayout@4125e600)
D/nofatclips(  763): Found widget: id=16908880 (android.widget.LinearLayout@4128d988)
D/nofatclips(  763): Found widget: id=16908313 (android.widget.Button@41255ab8): OK
D/nofatclips(  763): Found widget: id=16908315 (android.widget.Button@412c90e8): 
D/nofatclips(  763): Found widget: id=16908314 (android.widget.Button@412382b8): Revert
D/nofatclips(  763): Found widget: id=16908881 (android.widget.LinearLayout@412b25e0)
D/nofatclips(  763): Found widget: id=16909076 (android.view.ViewStub@4107db50)
D/nofatclips(  763): Found widget: id=-1 (com.android.internal.policy.impl.PhoneWindow$DecorView@410a7ae0)
V/nicola  (  763): TextualID : null
V/nicola  (  763): ContentType detected : default
E/ReflectionHelper(  763): java.lang.NoSuchFieldException: mOnFocusChangeListener
V/ReflectionHelper(  763): android.widget.EditText > mOnFocusChangeListener NOT FOUND
V/nicola  (  763): TextualID : collected_text
V/nicola  (  763): ContentType detected : default
V/nicola  (  763): TextualID : null
V/nicola  (  763): ContentType detected : default
V/nicola  (  763): TextualID : null
V/nicola  (  763): ContentType detected : default
I/nofatclips(  763): Performing comparation for activity TeamList
D/nofatclips(  763): Comparing against activity ConfigureStandupTimer
D/nofatclips(  763): Comparing against activity ConfigureStandupTimer
D/nofatclips(  763): Comparing against activity TeamList
D/nofatclips(  763): Comparing against activity TeamList
D/nofatclips(  763): Comparing against activity ConfigureStandupTimer
D/nofatclips(  763): Comparing against activity TeamList
D/nofatclips(  763): Comparing against activity ConfigureStandupTimer
D/nofatclips(  763): Comparing against activity ConfigureStandupTimer
D/nofatclips(  763): Comparing against activity TeamList
D/nofatclips(  763): Comparing against activity TeamList
D/nofatclips(  763): Comparing against activity ConfigureStandupTimer
D/nofatclips(  763): Comparing against activity TeamList
D/nofatclips(  763): Comparing against activity ConfigureStandupTimer
D/nofatclips(  763): Comparing against activity TeamList
D/nofatclips(  763): Comparing against activity TeamList
D/nofatclips(  763): Comparing against activity Help
I/nofatclips(  763): Registering activity TeamList (id: a17) as a new found state
D/nofatclips(  763): Performing backup of the old activity list on disk
D/nofatclips(  763): Saving new found state 'a17' on disk
V/nofatclips(  763): Opening state file in append mode.
D/dalvikvm(  149): WAIT_FOR_CONCURRENT_GC blocked 0ms
D/dalvikvm(  763): GC_CONCURRENT freed 313K, 27% free 7535K/10311K, paused 17ms+37ms, total 235ms
D/dalvikvm(  763): WAIT_FOR_CONCURRENT_GC blocked 181ms
D/dalvikvm(  149): GC_EXPLICIT freed 73K, 51% free 8349K/16903K, paused 12ms+30ms, total 220ms
D/dalvikvm(  763): GC_FOR_ALLOC freed 96K, 26% free 7699K/10311K, paused 95ms, total 95ms
I/nofatclips(  763): Saved image on disk: a17.jpg
I/nofatclips(  763): Waiting for 100 msec.
D/dalvikvm(  763): GC_CONCURRENT freed 534K, 26% free 7700K/10311K, paused 17ms+10ms, total 131ms
I/nofatclips(  763): Session count is 1. Will dump to disk at 1
I/nofatclips(  763): Saving the session on disk.
I/nofatclips(  763): Planning for new Activity TeamList
D/nofatclips(  763): Handling event 'click' on widget id=16908313 type=button name=OK
D/nofatclips(  763): Handling input 'writeText' on widget id=2131361795 type=editText name=
V/nofatclips(  763): Using value: 18
D/nofatclips(  763): Handling event 'click' on widget id=16908314 type=button name=Revert
D/nofatclips(  763): Handling input 'writeText' on widget id=2131361795 type=editText name=
V/nofatclips(  763): Using value: 18
I/nofatclips(  763): Created trace to press the back button
I/nofatclips(  763): Created trace to press the menu button
I/nofatclips(  763): Created trace to change orientation
D/dalvikvm(  763): GC_CONCURRENT freed 755K, 28% free 7521K/10311K, paused 17ms+10ms, total 144ms
D/dalvikvm(  763): WAIT_FOR_CONCURRENT_GC blocked 45ms
I/nofatclips(  763): Check for termination: 9 steps left of 25
I/nofatclips(  763): Dispatching new task. 10 more tasks remaining.
D/nofatclips(  763): Performing backup of the old task list on disk
D/nofatclips(  763): Saving task list on disk
V/nofatclips(  763): Backing up trace #64 to disk.
D/dalvikvm(  763): GC_CONCURRENT freed 497K, 27% free 7535K/10311K, paused 19ms+8ms, total 235ms
D/dalvikvm(  763): WAIT_FOR_CONCURRENT_GC blocked 34ms
V/nofatclips(  763): Backing up trace #66 to disk.
V/nofatclips(  763): Backing up trace #67 to disk.
V/nofatclips(  763): Backing up trace #68 to disk.
D/dalvikvm(  763): GC_CONCURRENT freed 407K, 26% free 7639K/10311K, paused 16ms+6ms, total 127ms
D/dalvikvm(  763): WAIT_FOR_CONCURRENT_GC blocked 48ms
V/nofatclips(  763): Backing up trace #69 to disk.
V/nofatclips(  763): Backing up trace #71 to disk.
V/nofatclips(  763): Backing up trace #72 to disk.
V/nofatclips(  763): Backing up trace #73 to disk.
D/dalvikvm(  763): GC_CONCURRENT freed 562K, 27% free 7630K/10311K, paused 16ms+6ms, total 118ms
D/dalvikvm(  763): WAIT_FOR_CONCURRENT_GC blocked 46ms
V/nofatclips(  763): Backing up trace #74 to disk.
V/nofatclips(  763): Backing up trace #75 to disk.
D/nofatclips(  763): Deleting backup of the old task list from disk
D/nofatclips(  763): Deleting backup of the old activity list from disk
I/nofatclips(  763): Incrementally Playing Trace 75
I/nofatclips(  763): Retrieved from return list id=-1
D/nofatclips(  763): Testing for type (android.widget.FrameLayout) against the original (null)
I/nofatclips(  763): Firing event: type= openMenu name= widget=null
D/dalvikvm(  763): GC_CONCURRENT freed 621K, 28% free 7487K/10311K, paused 17ms+7ms, total 95ms
I/nofatclips(  763): Waiting for 100 msec.
I/nofatclips(  763): Current activity is TeamList
I/nofatclips(  763): Retrieving widgets
D/nofatclips(  763): Found widget: id=-1 (android.widget.FrameLayout@412b5ad0)
D/nofatclips(  763): Found widget: id=16908290 (android.widget.FrameLayout@412c88b0)
D/nofatclips(  763): Found widget: id=16908874 (android.widget.LinearLayout@412d14d8)
D/nofatclips(  763): Found widget: id=16908875 (android.widget.LinearLayout@410bb420)
D/nofatclips(  763): Found widget: id=16908876 (android.widget.LinearLayout@412523f8)
D/nofatclips(  763): Found widget: id=16908294 (android.widget.ImageView@41200208)
D/nofatclips(  763): Found widget: id=16908877 (com.android.internal.widget.DialogTitle@41292e98): Add Team
D/nofatclips(  763): Found widget: id=16908878 (android.widget.ImageView@412274d0)
D/nofatclips(  763): Found widget: id=16908882 (android.widget.LinearLayout@41285630)
D/nofatclips(  763): Found widget: id=16908883 (android.widget.ScrollView@4123de48)
D/nofatclips(  763): Found widget: id=16908884 (android.widget.FrameLayout@412cb980)
D/nofatclips(  763): Found widget: id=16908331 (android.widget.FrameLayout@412ae640)
D/nofatclips(  763): Found widget: id=2131361795 (android.widget.EditText@412bf260): 
D/nofatclips(  763): Found widget: id=16908879 (android.widget.LinearLayout@411fa090)
D/nofatclips(  763): Found widget: id=-1 (android.widget.LinearLayout@4125e600)
D/nofatclips(  763): Found widget: id=16908880 (android.widget.LinearLayout@4128d988)
D/nofatclips(  763): Found widget: id=16908313 (android.widget.Button@41255ab8): OK
D/nofatclips(  763): Found widget: id=16908315 (android.widget.Button@412c90e8): 
D/nofatclips(  763): Found widget: id=16908314 (android.widget.Button@412382b8): Revert
D/nofatclips(  763): Found widget: id=16908881 (android.widget.LinearLayout@412b25e0)
D/nofatclips(  763): Found widget: id=16909076 (android.view.ViewStub@4107db50)
D/nofatclips(  763): Found widget: id=-1 (com.android.internal.policy.impl.PhoneWindow$DecorView@410a7ae0)
V/nicola  (  763): TextualID : null
V/nicola  (  763): ContentType detected : default
E/ReflectionHelper(  763): java.lang.NoSuchFieldException: mOnFocusChangeListener
V/ReflectionHelper(  763): android.widget.EditText > mOnFocusChangeListener NOT FOUND
V/nicola  (  763): TextualID : collected_text
V/nicola  (  763): ContentType detected : default
V/nicola  (  763): TextualID : null
V/nicola  (  763): ContentType detected : default
V/nicola  (  763): TextualID : null
V/nicola  (  763): ContentType detected : default
I/nofatclips(  763): Performing comparation for activity TeamList
D/nofatclips(  763): Comparing against activity ConfigureStandupTimer
D/nofatclips(  763): Comparing against activity ConfigureStandupTimer
D/nofatclips(  763): Comparing against activity TeamList
D/nofatclips(  763): Comparing against activity TeamList
D/nofatclips(  763): Comparing against activity ConfigureStandupTimer
D/nofatclips(  763): Comparing against activity TeamList
D/nofatclips(  763): Comparing against activity ConfigureStandupTimer
D/nofatclips(  763): Comparing against activity ConfigureStandupTimer
D/nofatclips(  763): Comparing against activity TeamList
D/nofatclips(  763): Comparing against activity TeamList
D/nofatclips(  763): Comparing against activity ConfigureStandupTimer
D/nofatclips(  763): Comparing against activity TeamList
D/nofatclips(  763): Comparing against activity ConfigureStandupTimer
D/nofatclips(  763): Comparing against activity TeamList
D/nofatclips(  763): Comparing against activity TeamList
D/nofatclips(  763): Comparing against activity TeamList
D/nofatclips(  763): Comparing against activity Help
I/nofatclips(  763): Registering activity TeamList (id: a18) as a new found state
D/nofatclips(  763): Performing backup of the old activity list on disk
D/nofatclips(  763): Saving new found state 'a18' on disk
V/nofatclips(  763): Opening state file in append mode.
D/dalvikvm(  763): GC_FOR_ALLOC freed 316K, 28% free 7486K/10311K, paused 162ms, total 165ms
D/dalvikvm(  763): GC_FOR_ALLOC freed 1K, 25% free 7746K/10311K, paused 153ms, total 153ms
I/nofatclips(  763): Saved image on disk: a18.jpg
I/nofatclips(  763): Waiting for 100 msec.
I/nofatclips(  763): Session count is 1. Will dump to disk at 1
I/nofatclips(  763): Saving the session on disk.
D/dalvikvm(  763): GC_CONCURRENT freed 311K, 23% free 8022K/10311K, paused 63ms+19ms, total 447ms
D/dalvikvm(  763): WAIT_FOR_CONCURRENT_GC blocked 58ms
I/nofatclips(  763): Planning for new Activity TeamList
D/nofatclips(  763): Handling event 'click' on widget id=16908313 type=button name=OK
D/nofatclips(  763): Handling input 'writeText' on widget id=2131361795 type=editText name=
V/nofatclips(  763): Using value: 18
D/nofatclips(  763): Handling event 'click' on widget id=16908314 type=button name=Revert
D/nofatclips(  763): Handling input 'writeText' on widget id=2131361795 type=editText name=
V/nofatclips(  763): Using value: 18
I/nofatclips(  763): Created trace to press the back button
I/nofatclips(  763): Created trace to press the menu button
I/nofatclips(  763): Created trace to change orientation
I/Choreographer(  249): Skipped 35 frames!  The application may be doing too much work on its main thread.
I/Choreographer(  249): Skipped 35 frames!  The application may be doing too much work on its main thread.
D/dalvikvm(  763): GC_CONCURRENT freed 1143K, 27% free 7561K/10311K, paused 60ms+15ms, total 317ms
D/dalvikvm(  763): WAIT_FOR_CONCURRENT_GC blocked 71ms
D/dalvikvm(  763): WAIT_FOR_CONCURRENT_GC blocked 91ms
I/nofatclips(  763): Check for termination: 8 steps left of 25
I/nofatclips(  763): Dispatching new task. 10 more tasks remaining.
D/nofatclips(  763): Performing backup of the old task list on disk
D/nofatclips(  763): Saving task list on disk
V/nofatclips(  763): Backing up trace #69 to disk.
D/dalvikvm(  763): GC_CONCURRENT freed 498K, 27% free 7583K/10311K, paused 19ms+11ms, total 342ms
D/dalvikvm(  763): WAIT_FOR_CONCURRENT_GC blocked 59ms
V/nofatclips(  763): Backing up trace #71 to disk.
V/nofatclips(  763): Backing up trace #72 to disk.
V/nofatclips(  763): Backing up trace #73 to disk.
D/dalvikvm(  763): GC_CONCURRENT freed 449K, 26% free 7656K/10311K, paused 17ms+9ms, total 143ms
D/dalvikvm(  763): WAIT_FOR_CONCURRENT_GC blocked 54ms
V/nofatclips(  763): Backing up trace #74 to disk.
V/nofatclips(  763): Backing up trace #76 to disk.
V/nofatclips(  763): Backing up trace #77 to disk.
V/nofatclips(  763): Backing up trace #78 to disk.
D/dalvikvm(  763): GC_CONCURRENT freed 515K, 26% free 7688K/10311K, paused 19ms+8ms, total 167ms
D/dalvikvm(  763): WAIT_FOR_CONCURRENT_GC blocked 56ms
V/nofatclips(  763): Backing up trace #79 to disk.
V/nofatclips(  763): Backing up trace #80 to disk.
D/nofatclips(  763): Deleting backup of the old task list from disk
D/nofatclips(  763): Deleting backup of the old activity list from disk
I/nofatclips(  763): Incrementally Playing Trace 80
D/nofatclips(  763): Setting input: type= writeText id=2131361795 value=18
D/nofatclips(  763): Added to return list id=2131361795
I/nofatclips(  763): Retrieved from return list id=2131361795
D/nofatclips(  763): Testing for type (android.widget.EditText) against the original (android.widget.EditText)
D/nofatclips(  763): Testing for name () against the original ()
D/dalvikvm(  763): GC_CONCURRENT freed 630K, 27% free 7536K/10311K, paused 18ms+28ms, total 112ms
I/Choreographer(  763): Skipped 33 frames!  The application may be doing too much work on its main thread.
I/nofatclips(  763): Retrieved from return list id=16908313
D/nofatclips(  763): Testing for type (android.widget.Button) against the original (android.widget.Button)
D/nofatclips(  763): Testing for name (OK) against the original (OK)
I/nofatclips(  763): Firing event: type= click index=16 widget=android.widget.Button
I/Choreographer(  763): Skipped 35 frames!  The application may be doing too much work on its main thread.
I/Choreographer(  763): Skipped 45 frames!  The application may be doing too much work on its main thread.
D/nofatclips(  763): Event description: OK
I/nofatclips(  763): Waiting for 100 msec.
D/StandupTimer(  763): Unsuccessfully found team with a name of '18'
D/StandupTimer(  763): Creating new team with a name of '18'
I/Choreographer(  763): Skipped 204 frames!  The application may be doing too much work on its main thread.
I/Choreographer(  763): Skipped 144 frames!  The application may be doing too much work on its main thread.
I/nofatclips(  763): Current activity is TeamList
I/Choreographer(  149): Skipped 33 frames!  The application may be doing too much work on its main thread.
I/nofatclips(  763): Retrieving widgets
D/nofatclips(  763): Found widget: id=-1 (android.widget.LinearLayout@410c21a8)
D/nofatclips(  763): Found widget: id=16909076 (android.view.ViewStub@4107bfc0)
D/nofatclips(  763): Found widget: id=-1 (android.widget.FrameLayout@4122bff8)
D/nofatclips(  763): Found widget: id=16908310 (android.widget.TextView@41215100): Teams
D/nofatclips(  763): Found widget: id=16908290 (android.widget.FrameLayout@4122cb70)
D/nofatclips(  763): Found widget: id=-1 (android.widget.LinearLayout@4124ddf0)
D/nofatclips(  763): Found widget: id=16908298 (android.widget.ListView@410dcde0)
D/nofatclips(  763): Found widget: id=16908308 (android.widget.TextView@410a4198): 18
D/nofatclips(  763): Found widget: id=16908292 (android.widget.TextView@41227bc0): No teams configured
D/nofatclips(  763): Found widget: id=-1 (com.android.internal.policy.impl.PhoneWindow$DecorView@411eba68)
I/Choreographer(  763): Skipped 83 frames!  The application may be doing too much work on its main thread.
V/nicola  (  763): TextualID : null
V/nicola  (  763): ContentType detected : default
E/ReflectionHelper(  763): java.lang.NoSuchFieldException: mOnFocusChangeListener
V/ReflectionHelper(  763): android.widget.ListView > mOnFocusChangeListener NOT FOUND
V/nicola  (  763): TextualID : null
V/nicola  (  763): ContentType detected : default
I/nofatclips(  763): Performing comparation for activity TeamList
D/nofatclips(  763): Comparing against activity ConfigureStandupTimer
D/nofatclips(  763): Comparing against activity ConfigureStandupTimer
D/nofatclips(  763): Comparing against activity TeamList
D/nofatclips(  763): Comparing against activity TeamList
D/nofatclips(  763): Comparing against activity ConfigureStandupTimer
D/nofatclips(  763): Comparing against activity TeamList
D/nofatclips(  763): Comparing against activity ConfigureStandupTimer
D/nofatclips(  763): Comparing against activity ConfigureStandupTimer
D/nofatclips(  763): Comparing against activity TeamList
D/nofatclips(  763): Comparing against activity TeamList
D/nofatclips(  763): Comparing against activity ConfigureStandupTimer
D/nofatclips(  763): Comparing against activity TeamList
D/nofatclips(  763): Comparing against activity ConfigureStandupTimer
D/nofatclips(  763): Comparing against activity TeamList
D/nofatclips(  763): Comparing against activity TeamList
D/nofatclips(  763): Comparing against activity TeamList
D/nofatclips(  763): Comparing against activity TeamList
D/nofatclips(  763): Comparing against activity Help
I/nofatclips(  763): Registering activity TeamList (id: a19) as a new found state
D/nofatclips(  763): Performing backup of the old activity list on disk
I/Choreographer(  149): Skipped 81 frames!  The application may be doing too much work on its main thread.
D/nofatclips(  763): Saving new found state 'a19' on disk
V/nofatclips(  763): Opening state file in append mode.
D/dalvikvm(  763): GC_CONCURRENT freed 412K, 27% free 7545K/10311K, paused 55ms+13ms, total 254ms
D/dalvikvm(  763): WAIT_FOR_CONCURRENT_GC blocked 130ms
D/dalvikvm(  763): GC_FOR_ALLOC freed 30K, 28% free 7515K/10311K, paused 126ms, total 126ms
I/dalvikvm-heap(  763): Grow heap (frag case) to 7.970MB for 614416-byte allocation
D/dalvikvm(  763): GC_FOR_ALLOC freed 0K, 22% free 8115K/10311K, paused 113ms, total 113ms
I/Choreographer(  763): Skipped 279 frames!  The application may be doing too much work on its main thread.
D/dalvikvm(  763): GC_CONCURRENT freed 1K, 16% free 8716K/10311K, paused 40ms+13ms, total 186ms
D/dalvikvm(  763): WAIT_FOR_CONCURRENT_GC blocked 96ms
I/nofatclips(  763): Saved image on disk: a19.jpg
I/nofatclips(  763): Waiting for 100 msec.
I/nofatclips(  763): Session count is 1. Will dump to disk at 1
I/nofatclips(  763): Saving the session on disk.
I/nofatclips(  763): Planning for new Activity TeamList
D/nofatclips(  763): Handling event selectListItem for items [1,1] on listView #16908298 count=1
D/nofatclips(  763): Handling event longClickListItem for items [1,1] on listView #16908298 count=1
D/dalvikvm(  763): GC_CONCURRENT freed 1992K, 26% free 7636K/10311K, paused 22ms+14ms, total 257ms
D/dalvikvm(  763): WAIT_FOR_CONCURRENT_GC blocked 75ms
D/dalvikvm(  763): WAIT_FOR_CONCURRENT_GC blocked 95ms
I/nofatclips(  763): Created trace to press the back button
I/nofatclips(  763): Created trace to press the menu button
I/nofatclips(  763): Created trace to change orientation
