D/dalvikvm(  763): GC_CONCURRENT freed 590K, 27% free 7600K/10311K, paused 20ms+12ms, total 221ms
D/dalvikvm(  763): WAIT_FOR_CONCURRENT_GC blocked 47ms
D/dalvikvm(  763): WAIT_FOR_CONCURRENT_GC blocked 90ms
I/nofatclips(  763): Check for termination: 7 steps left of 25
I/nofatclips(  763): Dispatching new task. 10 more tasks remaining.
D/nofatclips(  763): Performing backup of the old task list on disk
D/nofatclips(  763): Saving task list on disk
V/nofatclips(  763): Backing up trace #74 to disk.
V/nofatclips(  763): Backing up trace #76 to disk.
D/dalvikvm(  763): GC_CONCURRENT freed 440K, 26% free 7695K/10311K, paused 85ms+25ms, total 606ms
D/dalvikvm(  763): WAIT_FOR_CONCURRENT_GC blocked 232ms
V/nofatclips(  763): Backing up trace #77 to disk.
V/nofatclips(  763): Backing up trace #78 to disk.
V/nofatclips(  763): Backing up trace #79 to disk.
D/dalvikvm(  763): GC_CONCURRENT freed 557K, 26% free 7698K/10311K, paused 55ms+52ms, total 449ms
D/dalvikvm(  763): WAIT_FOR_CONCURRENT_GC blocked 201ms
V/nofatclips(  763): Backing up trace #81 to disk.
V/nofatclips(  763): Backing up trace #82 to disk.
V/nofatclips(  763): Backing up trace #83 to disk.
V/nofatclips(  763): Backing up trace #84 to disk.
D/dalvikvm(  763): GC_CONCURRENT freed 533K, 26% free 7732K/10311K, paused 23ms+20ms, total 277ms
D/dalvikvm(  763): WAIT_FOR_CONCURRENT_GC blocked 120ms
V/nofatclips(  763): Backing up trace #85 to disk.
D/nofatclips(  763): Deleting backup of the old task list from disk
D/nofatclips(  763): Deleting backup of the old activity list from disk
I/nofatclips(  763): Incrementally Playing Trace 85
D/nofatclips(  763): Firing event: type= back
W/WindowManager(  149): Failure taking screenshot for (164x246) to layer 21015
W/SurfaceFlinger(   36): createScreenshotSurface failed (Function not implemented)
I/InputReader(  149): Reconfiguring input devices.  changes=0x00000004
I/InputReader(  149): Device reconfigured: id=0, name='qwerty2', surface size is now 320x480, mode is 1
I/ActivityManager(  149): Config changed: {1.0 310mcc260mnc en_US sw320dp w480dp h295dp nrml land finger qwerty/v/v tball/v s.10}
I/nofatclips(  763): Waiting for 100 msec.
I/StandupTimer(  763): Retrieved state.  mettingLengthPos = 5, numParticipants = 2, teamNamePos = 0
D/StandupTimer(  763): Found 1 teams
I/Choreographer(  763): Skipped 274 frames!  The application may be doing too much work on its main thread.
I/Choreographer(  249): Skipped 121 frames!  The application may be doing too much work on its main thread.
V/PhoneStatusBar(  249): setLightsOn(true)
I/Choreographer(  763): Skipped 75 frames!  The application may be doing too much work on its main thread.
I/Choreographer(  149): Skipped 77 frames!  The application may be doing too much work on its main thread.
I/nofatclips(  763): Current activity is ConfigureStandupTimer
I/nofatclips(  763): Retrieving widgets
D/nofatclips(  763): Found widget: id=-1 (android.widget.LinearLayout@41025260)
D/nofatclips(  763): Found widget: id=16909076 (android.view.ViewStub@411f6b78)
D/nofatclips(  763): Found widget: id=-1 (android.widget.FrameLayout@411f99f0)
D/nofatclips(  763): Found widget: id=16908310 (android.widget.TextView@40ff3130): Standup Timer
D/nofatclips(  763): Found widget: id=16908290 (android.widget.FrameLayout@412932e0)
D/nofatclips(  763): Found widget: id=-1 (android.widget.TableLayout@412ab878)
D/nofatclips(  763): Found widget: id=-1 (android.widget.TableRow@4129b8a0)
D/nofatclips(  763): Found widget: id=-1 (android.widget.TextView@411eeb78): Number of participants
D/nofatclips(  763): Found widget: id=-1 (android.view.View@40fe9f38)
D/nofatclips(  763): Found widget: id=-1 (android.widget.LinearLayout@4120b800)
D/nofatclips(  763): Found widget: id=2131361798 (android.widget.EditText@411fe120): 2
D/nofatclips(  763): Found widget: id=-1 (android.widget.TableRow@410035d0)
D/nofatclips(  763): Found widget: id=-1 (android.widget.TextView@412959c8): Length of meeting
D/nofatclips(  763): Found widget: id=-1 (android.view.View@41013620)
D/nofatclips(  763): Found widget: id=2131361799 (android.widget.LinearLayout@411f8238)
D/nofatclips(  763): Found widget: id=-1 (android.widget.Spinner@41097b10)
D/nofatclips(  763): Found widget: id=16908308 (android.widget.TextView@411f0328): 5 min
D/nofatclips(  763): Found widget: id=-1 (android.widget.TableRow@411ffc20)
D/nofatclips(  763): Found widget: id=-1 (android.widget.TextView@411f8528): Team
D/nofatclips(  763): Found widget: id=-1 (android.view.View@410849a8)
D/nofatclips(  763): Found widget: id=2131361800 (android.widget.Spinner@4124ecb0)
D/nofatclips(  763): Found widget: id=16908308 (android.widget.TextView@4123d290): 18
D/nofatclips(  763): Found widget: id=-1 (android.widget.TableRow@41203510)
D/nofatclips(  763): Found widget: id=2131361801 (android.widget.Button@41214138): Start
D/nofatclips(  763): Found widget: id=-1 (com.android.internal.policy.impl.PhoneWindow$DecorView@411e2078)
V/nicola  (  763): TextualID : null
V/nicola  (  763): ContentType detected : default
V/nicola  (  763): TextualID : null
V/nicola  (  763): ContentType detected : default
E/ReflectionHelper(  763): java.lang.NoSuchFieldException: mOnFocusChangeListener
V/ReflectionHelper(  763): android.widget.EditText > mOnFocusChangeListener NOT FOUND
V/nicola  (  763): TextualID : num_participants
V/nicola  (  763): ContentType detected : default
V/nicola  (  763): TextualID : null
V/nicola  (  763): ContentType detected : default
V/nicola  (  763): TextualID : null
V/nicola  (  763): ContentType detected : default
V/nicola  (  763): TextualID : null
V/nicola  (  763): ContentType detected : default
V/nicola  (  763): TextualID : null
V/nicola  (  763): ContentType detected : default
V/nicola  (  763): TextualID : start_button
V/nicola  (  763): ContentType detected : default
I/nofatclips(  763): Performing comparation for activity ConfigureStandupTimer
D/nofatclips(  763): Comparing against activity TeamList
D/nofatclips(  763): Comparing against activity ConfigureStandupTimer
D/nofatclips(  763): Comparing against activity ConfigureStandupTimer
D/nofatclips(  763): Comparing against activity TeamList
D/nofatclips(  763): Comparing against activity TeamList
D/nofatclips(  763): Comparing against activity ConfigureStandupTimer
D/nofatclips(  763): Comparing against activity TeamList
D/nofatclips(  763): Comparing against activity ConfigureStandupTimer
D/nofatclips(  763): Comparing against activity ConfigureStandupTimer
D/nofatclips(  763): Comparing against activity TeamList
D/nofatclips(  763): Comparing against activity TeamList
D/nofatclips(  763): Comparing against activity ConfigureStandupTimer
D/nofatclips(  763): Comparing against activity TeamList
D/nofatclips(  763): Comparing against activity ConfigureStandupTimer
D/nofatclips(  763): Comparing against activity TeamList
D/nofatclips(  763): Comparing against activity TeamList
D/nofatclips(  763): Comparing against activity TeamList
D/nofatclips(  763): Comparing against activity TeamList
D/nofatclips(  763): Comparing against activity Help
I/nofatclips(  763): Registering activity ConfigureStandupTimer (id: a20) as a new found state
D/nofatclips(  763): Performing backup of the old activity list on disk
D/nofatclips(  763): Saving new found state 'a20' on disk
V/nofatclips(  763): Opening state file in append mode.
D/dalvikvm(  763): GC_CONCURRENT freed 695K, 27% free 7623K/10311K, paused 20ms+13ms, total 463ms
D/dalvikvm(  763): WAIT_FOR_CONCURRENT_GC blocked 69ms
D/dalvikvm(  763): WAIT_FOR_CONCURRENT_GC blocked 90ms
D/dalvikvm(  763): GC_FOR_ALLOC freed 129K, 27% free 7564K/10311K, paused 86ms, total 89ms
I/dalvikvm-heap(  763): Grow heap (frag case) to 8.019MB for 614416-byte allocation
D/dalvikvm(  763): GC_FOR_ALLOC freed <1K, 21% free 8164K/10311K, paused 89ms, total 89ms
D/dalvikvm(  763): GC_CONCURRENT freed 1K, 16% free 8764K/10311K, paused 29ms+7ms, total 149ms
D/dalvikvm(  763): WAIT_FOR_CONCURRENT_GC blocked 55ms
D/dalvikvm(  763): GC_FOR_ALLOC freed 0K, 16% free 8764K/10311K, paused 72ms, total 72ms
I/dalvikvm-heap(  763): Grow heap (frag case) to 9.191MB for 614416-byte allocation
D/dalvikvm(  149): WAIT_FOR_CONCURRENT_GC blocked 0ms
D/dalvikvm(  149): GC_EXPLICIT freed 82K, 51% free 8339K/16903K, paused 11ms+22ms, total 206ms
D/dalvikvm(  763): GC_FOR_ALLOC freed 0K, 15% free 9365K/10951K, paused 214ms, total 214ms
I/nofatclips(  763): Saved image on disk: a20.jpg
I/nofatclips(  763): Waiting for 100 msec.
I/nofatclips(  763): Session count is 1. Will dump to disk at 1
I/nofatclips(  763): Saving the session on disk.
I/nofatclips(  763): Planning for new Activity ConfigureStandupTimer
D/nofatclips(  763): Handling event selectSpinnerItem for items [1,2] on spinner #2131361800 count=2
D/nofatclips(  763): Handling input 'writeText' on widget id=2131361798 type=editText name=
V/nofatclips(  763): Using value: 21
D/nofatclips(  763): Handling input 'writeText' on widget id=2131361798 type=editText name=
V/nofatclips(  763): Using value: 21
D/nofatclips(  763): Handling event 'click' on widget id=2131361801 type=button name=Start
D/nofatclips(  763): Handling input 'writeText' on widget id=2131361798 type=editText name=
V/nofatclips(  763): Using value: 21
I/nofatclips(  763): Created trace to press the back button
I/nofatclips(  763): Created trace to press the menu button
I/nofatclips(  763): Created trace to change orientation
D/dalvikvm(  763): GC_CONCURRENT freed 2822K, 30% free 7673K/10951K, paused 17ms+9ms, total 188ms
D/dalvikvm(  763): WAIT_FOR_CONCURRENT_GC blocked 53ms
D/dalvikvm(  763): WAIT_FOR_CONCURRENT_GC blocked 66ms
I/nofatclips(  763): Check for termination: 6 steps left of 25
I/nofatclips(  763): Dispatching new task. 10 more tasks remaining.
D/nofatclips(  763): Performing backup of the old task list on disk
D/nofatclips(  763): Saving task list on disk
V/nofatclips(  763): Backing up trace #79 to disk.
V/nofatclips(  763): Backing up trace #81 to disk.
D/dalvikvm(  763): GC_CONCURRENT freed 517K, 30% free 7716K/10951K, paused 17ms+6ms, total 178ms
D/dalvikvm(  763): WAIT_FOR_CONCURRENT_GC blocked 50ms
V/nofatclips(  763): Backing up trace #82 to disk.
V/nofatclips(  763): Backing up trace #83 to disk.
V/nofatclips(  763): Backing up trace #84 to disk.
V/nofatclips(  763): Backing up trace #86 to disk.
D/dalvikvm(  763): GC_CONCURRENT freed 541K, 30% free 7748K/10951K, paused 15ms+7ms, total 134ms
D/dalvikvm(  763): WAIT_FOR_CONCURRENT_GC blocked 40ms
V/nofatclips(  763): Backing up trace #87 to disk.
V/nofatclips(  763): Backing up trace #88 to disk.
V/nofatclips(  763): Backing up trace #89 to disk.
D/dalvikvm(  763): GC_CONCURRENT freed 573K, 30% free 7754K/10951K, paused 16ms+6ms, total 133ms
D/dalvikvm(  763): WAIT_FOR_CONCURRENT_GC blocked 45ms
V/nofatclips(  763): Backing up trace #90 to disk.
D/nofatclips(  763): Deleting backup of the old task list from disk
D/nofatclips(  763): Deleting backup of the old activity list from disk
I/nofatclips(  763): Incrementally Playing Trace 90
D/nofatclips(  763): Setting input: type= writeText id=2131361798 value=21
D/nofatclips(  763): Added to return list id=2131361798
I/nofatclips(  763): Retrieved from return list id=2131361798
D/nofatclips(  763): Testing for type (android.widget.EditText) against the original (android.widget.EditText)
D/nofatclips(  763): Testing for name () against the original ()
I/nofatclips(  763): Retrieved from return list id=2131361800
D/nofatclips(  763): Testing for type (android.widget.Spinner) against the original (android.widget.Spinner)
D/nofatclips(  763): Testing for name () against the original ()
I/nofatclips(  763): Firing event: type= selectSpinnerItem index=20 widget=android.widget.Spinner
I/nofatclips(  763): Clicking the spinner view
D/nofatclips(  763): Event description: 18
D/dalvikvm(  763): GC_CONCURRENT freed 633K, 31% free 7621K/10951K, paused 68ms+22ms, total 575ms
I/Choreographer(  763): Skipped 32 frames!  The application may be doing too much work on its main thread.
I/Choreographer(  763): Skipped 280 frames!  The application may be doing too much work on its main thread.
I/Choreographer(  763): Skipped 61 frames!  The application may be doing too much work on its main thread.
I/nofatclips(  763): Swapping to listview item 1
D/nofatclips(  763): Event description: 18
I/Choreographer(  763): Skipped 40 frames!  The application may be doing too much work on its main thread.
I/Choreographer(  763): Skipped 85 frames!  The application may be doing too much work on its main thread.
I/nofatclips(  763): Waiting for 100 msec.
W/InputMethodManagerService(  149): Window already focused, ignoring focus gain of: com.android.internal.view.IInputMethodClient$Stub$Proxy@413b12d8 attribute=android.view.inputmethod.EditorInfo@416dd378
I/Choreographer(  763): Skipped 49 frames!  The application may be doing too much work on its main thread.
I/Choreographer(  149): Skipped 47 frames!  The application may be doing too much work on its main thread.
I/nofatclips(  763): Current activity is ConfigureStandupTimer
I/nofatclips(  763): Retrieving widgets
D/nofatclips(  763): Found widget: id=-1 (android.widget.LinearLayout@41025260)
D/nofatclips(  763): Found widget: id=16909076 (android.view.ViewStub@411f6b78)
D/nofatclips(  763): Found widget: id=-1 (android.widget.FrameLayout@411f99f0)
D/nofatclips(  763): Found widget: id=16908310 (android.widget.TextView@40ff3130): Standup Timer
D/nofatclips(  763): Found widget: id=16908290 (android.widget.FrameLayout@412932e0)
D/nofatclips(  763): Found widget: id=-1 (android.widget.TableLayout@412ab878)
D/nofatclips(  763): Found widget: id=-1 (android.widget.TableRow@4129b8a0)
D/nofatclips(  763): Found widget: id=-1 (android.widget.TextView@411eeb78): Number of participants
D/nofatclips(  763): Found widget: id=-1 (android.view.View@40fe9f38)
D/nofatclips(  763): Found widget: id=-1 (android.widget.LinearLayout@4120b800)
D/nofatclips(  763): Found widget: id=2131361798 (android.widget.EditText@411fe120): 21
D/nofatclips(  763): Found widget: id=-1 (android.widget.TableRow@410035d0)
D/nofatclips(  763): Found widget: id=-1 (android.widget.TextView@412959c8): Length of meeting
D/nofatclips(  763): Found widget: id=-1 (android.view.View@41013620)
D/nofatclips(  763): Found widget: id=2131361799 (android.widget.LinearLayout@411f8238)
D/nofatclips(  763): Found widget: id=-1 (android.widget.Spinner@41097b10)
D/nofatclips(  763): Found widget: id=16908308 (android.widget.TextView@411f0328): 5 min
D/nofatclips(  763): Found widget: id=-1 (android.widget.TableRow@411ffc20)
D/nofatclips(  763): Found widget: id=-1 (android.widget.TextView@411f8528): Team
D/nofatclips(  763): Found widget: id=-1 (android.view.View@410849a8)
D/nofatclips(  763): Found widget: id=2131361800 (android.widget.Spinner@4124ecb0)
D/nofatclips(  763): Found widget: id=16908308 (android.widget.TextView@4123d290): 18
D/nofatclips(  763): Found widget: id=-1 (android.widget.TableRow@41203510)
D/nofatclips(  763): Found widget: id=2131361801 (android.widget.Button@41214138): Start
D/nofatclips(  763): Found widget: id=-1 (com.android.internal.policy.impl.PhoneWindow$DecorView@411e2078)
V/nicola  (  763): TextualID : null
V/nicola  (  763): ContentType detected : default
V/nicola  (  763): TextualID : null
V/nicola  (  763): ContentType detected : default
E/ReflectionHelper(  763): java.lang.NoSuchFieldException: mOnFocusChangeListener
V/ReflectionHelper(  763): android.widget.EditText > mOnFocusChangeListener NOT FOUND
V/nicola  (  763): TextualID : num_participants
V/nicola  (  763): ContentType detected : default
V/nicola  (  763): TextualID : null
V/nicola  (  763): ContentType detected : default
V/nicola  (  763): TextualID : null
V/nicola  (  763): ContentType detected : default
V/nicola  (  763): TextualID : null
V/nicola  (  763): ContentType detected : default
V/nicola  (  763): TextualID : null
V/nicola  (  763): ContentType detected : default
V/nicola  (  763): TextualID : start_button
V/nicola  (  763): ContentType detected : default
I/nofatclips(  763): Performing comparation for activity ConfigureStandupTimer
D/nofatclips(  763): Comparing against activity TeamList
D/nofatclips(  763): Comparing against activity ConfigureStandupTimer
D/nofatclips(  763): Comparing against activity ConfigureStandupTimer
D/nofatclips(  763): Comparing against activity TeamList
D/nofatclips(  763): Comparing against activity TeamList
D/nofatclips(  763): Comparing against activity ConfigureStandupTimer
D/nofatclips(  763): Comparing against activity TeamList
D/nofatclips(  763): Comparing against activity ConfigureStandupTimer
D/nofatclips(  763): Comparing against activity ConfigureStandupTimer
D/nofatclips(  763): Comparing against activity ConfigureStandupTimer
D/nofatclips(  763): Comparing against activity TeamList
D/nofatclips(  763): Comparing against activity TeamList
D/nofatclips(  763): Comparing against activity ConfigureStandupTimer
D/nofatclips(  763): Comparing against activity TeamList
D/nofatclips(  763): Comparing against activity ConfigureStandupTimer
D/nofatclips(  763): Comparing against activity TeamList
D/nofatclips(  763): Comparing against activity TeamList
D/nofatclips(  763): Comparing against activity TeamList
D/nofatclips(  763): Comparing against activity TeamList
D/nofatclips(  763): Comparing against activity Help
I/nofatclips(  763): Registering activity ConfigureStandupTimer (id: a21) as a new found state
D/nofatclips(  763): Performing backup of the old activity list on disk
D/nofatclips(  763): Saving new found state 'a21' on disk
V/nofatclips(  763): Opening state file in append mode.
D/dalvikvm(  763): GC_CONCURRENT freed 417K, 30% free 7751K/10951K, paused 24ms+19ms, total 564ms
D/dalvikvm(  763): WAIT_FOR_CONCURRENT_GC blocked 101ms
D/dalvikvm(  763): GC_FOR_ALLOC freed 172K, 31% free 7628K/10951K, paused 106ms, total 107ms
I/dalvikvm-heap(  763): Grow heap (frag case) to 8.081MB for 614416-byte allocation
D/dalvikvm(  763): GC_FOR_ALLOC freed <1K, 25% free 8228K/10951K, paused 107ms, total 107ms
I/nofatclips(  763): Saved image on disk: a21.jpg
I/nofatclips(  763): Waiting for 100 msec.
D/dalvikvm(  763): GC_CONCURRENT freed 616K, 25% free 8229K/10951K, paused 31ms+12ms, total 323ms
I/nofatclips(  763): Session count is 1. Will dump to disk at 1
I/nofatclips(  763): Saving the session on disk.
I/nofatclips(  763): Planning for new Activity ConfigureStandupTimer
D/nofatclips(  763): Handling event selectSpinnerItem for items [1,2] on spinner #2131361800 count=2
D/nofatclips(  763): Handling input 'writeText' on widget id=2131361798 type=editText name=
V/nofatclips(  763): Using value: 21
D/nofatclips(  763): Handling input 'writeText' on widget id=2131361798 type=editText name=
V/nofatclips(  763): Using value: 21
D/nofatclips(  763): Handling event 'click' on widget id=2131361801 type=button name=Start
D/nofatclips(  763): Handling input 'writeText' on widget id=2131361798 type=editText name=
V/nofatclips(  763): Using value: 21
I/nofatclips(  763): Created trace to press the back button
I/nofatclips(  763): Created trace to press the menu button
I/nofatclips(  763): Created trace to change orientation
D/dalvikvm(  763): GC_CONCURRENT freed 1275K, 30% free 7705K/10951K, paused 18ms+10ms, total 173ms
D/dalvikvm(  763): WAIT_FOR_CONCURRENT_GC blocked 53ms
D/dalvikvm(  763): WAIT_FOR_CONCURRENT_GC blocked 65ms
D/dalvikvm(  763): GC_CONCURRENT freed 538K, 30% free 7744K/10951K, paused 18ms+9ms, total 175ms
D/dalvikvm(  763): WAIT_FOR_CONCURRENT_GC blocked 56ms
D/dalvikvm(  763): WAIT_FOR_CONCURRENT_GC blocked 66ms
I/nofatclips(  763): Check for termination: 5 steps left of 25
I/nofatclips(  763): Dispatching new task. 10 more tasks remaining.
D/nofatclips(  763): Performing backup of the old task list on disk
D/nofatclips(  763): Saving task list on disk
V/nofatclips(  763): Backing up trace #84 to disk.
V/nofatclips(  763): Backing up trace #86 to disk.
V/nofatclips(  763): Backing up trace #87 to disk.
D/dalvikvm(  763): GC_CONCURRENT freed 490K, 29% free 7832K/10951K, paused 17ms+5ms, total 132ms
D/dalvikvm(  763): WAIT_FOR_CONCURRENT_GC blocked 50ms
V/nofatclips(  763): Backing up trace #88 to disk.
V/nofatclips(  763): Backing up trace #89 to disk.
V/nofatclips(  763): Backing up trace #91 to disk.
V/nofatclips(  763): Backing up trace #92 to disk.
D/dalvikvm(  763): GC_CONCURRENT freed 592K, 29% free 7856K/10951K, paused 16ms+6ms, total 124ms
D/dalvikvm(  763): WAIT_FOR_CONCURRENT_GC blocked 49ms
V/nofatclips(  763): Backing up trace #93 to disk.
V/nofatclips(  763): Backing up trace #94 to disk.
V/nofatclips(  763): Backing up trace #95 to disk.
I/dalvikvm(  763): Jit: resizing JitTable from 4096 to 8192
D/dalvikvm(  763): GC_CONCURRENT freed 639K, 29% free 7806K/10951K, paused 16ms+40ms, total 159ms
D/nofatclips(  763): Deleting backup of the old task list from disk
D/nofatclips(  763): Deleting backup of the old activity list from disk
I/nofatclips(  763): Incrementally Playing Trace 95
D/nofatclips(  763): Setting input: type= writeText id=2131361798 value=21
D/nofatclips(  763): Added to return list id=2131361798
I/nofatclips(  763): Retrieved from return list id=2131361798
D/nofatclips(  763): Testing for type (android.widget.EditText) against the original (android.widget.EditText)
D/nofatclips(  763): Testing for name () against the original ()
D/InputEventConsistencyVerifier(  763): KeyEvent: ACTION_UP but key was not down.
D/InputEventConsistencyVerifier(  763):   in com.android.internal.policy.impl.PhoneWindow$DecorView@411e2078
D/InputEventConsistencyVerifier(  763):   0: sent at 358483000000, KeyEvent { action=ACTION_UP, keyCode=KEYCODE_DPAD_UP, scanCode=0, metaState=0, flags=0x8, repeatCount=0, eventTime=358483, downTime=358483, deviceId=-1, source=0x101 }
D/InputEventConsistencyVerifier(  763):   -- recent events --
D/InputEventConsistencyVerifier(  763):   1: sent at 347394000000, MotionEvent { action=ACTION_UP, id[0]=0, x[0]=345.0, y[0]=214.0, toolType[0]=TOOL_TYPE_UNKNOWN, buttonState=0, metaState=0, flags=0x0, edgeFlags=0x0, pointerCount=1, historySize=0, eventTime=347394, downTime=347394, deviceId=0, source=0x1002 }
D/InputEventConsistencyVerifier(  763):   2: sent at 347394000000, MotionEvent { action=ACTION_DOWN, id[0]=0, x[0]=345.0, y[0]=214.0, toolType[0]=TOOL_TYPE_UNKNOWN, buttonState=0, metaState=0, flags=0x0, edgeFlags=0x0, pointerCount=1, historySize=0, eventTime=347394, downTime=347394, deviceId=0, source=0x1002 }
D/InputEventConsistencyVerifier(  763):   3: sent at 345998000000, (unhandled) KeyEvent { action=ACTION_UP, keyCode=KEYCODE_DPAD_UP, scanCode=0, metaState=0, flags=0x8, repeatCount=0, eventTime=345998, downTime=345998, deviceId=-1, source=0x101 }
D/InputEventConsistencyVerifier(  763):   4: sent at 345953000000, (unhandled) KeyEvent { action=ACTION_DOWN, keyCode=KEYCODE_DPAD_UP, scanCode=0, metaState=0, flags=0x8, repeatCount=0, eventTime=345953, downTime=345953, deviceId=-1, source=0x101 }
D/InputEventConsistencyVerifier(  763):   5: sent at 343443000000, (unhandled) KeyEvent { action=ACTION_UP, keyCode=KEYCODE_DPAD_UP, scanCode=0, metaState=0, flags=0x8, repeatCount=0, eventTime=343443, downTime=343443, deviceId=-1, source=0x101 }
I/nofatclips(  763): Retrieved from return list id=2131361800
D/nofatclips(  763): Testing for type (android.widget.Spinner) against the original (android.widget.Spinner)
D/nofatclips(  763): Testing for name () against the original ()
I/nofatclips(  763): Firing event: type= selectSpinnerItem index=20 widget=android.widget.Spinner
I/nofatclips(  763): Clicking the spinner view
D/nofatclips(  763): Event description: 18
I/Choreographer(  763): Skipped 30 frames!  The application may be doing too much work on its main thread.
I/Choreographer(  763): Skipped 431 frames!  The application may be doing too much work on its main thread.
D/dalvikvm(  763): GC_CONCURRENT freed 549K, 29% free 7799K/10951K, paused 50ms+51ms, total 735ms
I/Choreographer(  149): Skipped 30 frames!  The application may be doing too much work on its main thread.
I/Choreographer(  763): Skipped 77 frames!  The application may be doing too much work on its main thread.
I/nofatclips(  763): Swapping to listview item 1
D/nofatclips(  763): Event description: 18
I/Choreographer(  763): Skipped 44 frames!  The application may be doing too much work on its main thread.
I/nofatclips(  763): Waiting for 100 msec.
W/InputMethodManagerService(  149): Window already focused, ignoring focus gain of: com.android.internal.view.IInputMethodClient$Stub$Proxy@413c9fa0 attribute=android.view.inputmethod.EditorInfo@41556758
I/Choreographer(  763): Skipped 127 frames!  The application may be doing too much work on its main thread.
I/Choreographer(  149): Skipped 41 frames!  The application may be doing too much work on its main thread.
I/nofatclips(  763): Current activity is ConfigureStandupTimer
I/nofatclips(  763): Retrieving widgets
D/nofatclips(  763): Found widget: id=-1 (android.widget.LinearLayout@41025260)
D/nofatclips(  763): Found widget: id=16909076 (android.view.ViewStub@411f6b78)
D/nofatclips(  763): Found widget: id=-1 (android.widget.FrameLayout@411f99f0)
D/nofatclips(  763): Found widget: id=16908310 (android.widget.TextView@40ff3130): Standup Timer
D/nofatclips(  763): Found widget: id=16908290 (android.widget.FrameLayout@412932e0)
D/nofatclips(  763): Found widget: id=-1 (android.widget.TableLayout@412ab878)
D/nofatclips(  763): Found widget: id=-1 (android.widget.TableRow@4129b8a0)
D/nofatclips(  763): Found widget: id=-1 (android.widget.TextView@411eeb78): Number of participants
D/nofatclips(  763): Found widget: id=-1 (android.view.View@40fe9f38)
D/nofatclips(  763): Found widget: id=-1 (android.widget.LinearLayout@4120b800)
D/nofatclips(  763): Found widget: id=2131361798 (android.widget.EditText@411fe120): 21
D/nofatclips(  763): Found widget: id=-1 (android.widget.TableRow@410035d0)
D/nofatclips(  763): Found widget: id=-1 (android.widget.TextView@412959c8): Length of meeting
D/nofatclips(  763): Found widget: id=-1 (android.view.View@41013620)
D/nofatclips(  763): Found widget: id=2131361799 (android.widget.LinearLayout@411f8238)
D/nofatclips(  763): Found widget: id=-1 (android.widget.Spinner@41097b10)
D/nofatclips(  763): Found widget: id=16908308 (android.widget.TextView@411f0328): 5 min
D/nofatclips(  763): Found widget: id=-1 (android.widget.TableRow@411ffc20)
D/nofatclips(  763): Found widget: id=-1 (android.widget.TextView@411f8528): Team
D/nofatclips(  763): Found widget: id=-1 (android.view.View@410849a8)
D/nofatclips(  763): Found widget: id=2131361800 (android.widget.Spinner@4124ecb0)
D/nofatclips(  763): Found widget: id=16908308 (android.widget.TextView@4123d290): 18
D/nofatclips(  763): Found widget: id=-1 (android.widget.TableRow@41203510)
D/nofatclips(  763): Found widget: id=2131361801 (android.widget.Button@41214138): Start
D/nofatclips(  763): Found widget: id=-1 (com.android.internal.policy.impl.PhoneWindow$DecorView@411e2078)
V/nicola  (  763): TextualID : null
V/nicola  (  763): ContentType detected : default
V/nicola  (  763): TextualID : null
V/nicola  (  763): ContentType detected : default
E/ReflectionHelper(  763): java.lang.NoSuchFieldException: mOnFocusChangeListener
V/ReflectionHelper(  763): android.widget.EditText > mOnFocusChangeListener NOT FOUND
V/nicola  (  763): TextualID : num_participants
V/nicola  (  763): ContentType detected : default
V/nicola  (  763): TextualID : null
V/nicola  (  763): ContentType detected : default
V/nicola  (  763): TextualID : null
V/nicola  (  763): ContentType detected : default
V/nicola  (  763): TextualID : null
V/nicola  (  763): ContentType detected : default
V/nicola  (  763): TextualID : null
V/nicola  (  763): ContentType detected : default
V/nicola  (  763): TextualID : start_button
V/nicola  (  763): ContentType detected : default
I/nofatclips(  763): Performing comparation for activity ConfigureStandupTimer
D/nofatclips(  763): Comparing against activity TeamList
D/nofatclips(  763): Comparing against activity ConfigureStandupTimer
D/nofatclips(  763): Comparing against activity ConfigureStandupTimer
D/nofatclips(  763): Comparing against activity TeamList
D/nofatclips(  763): Comparing against activity TeamList
D/nofatclips(  763): Comparing against activity ConfigureStandupTimer
D/nofatclips(  763): Comparing against activity TeamList
D/nofatclips(  763): Comparing against activity ConfigureStandupTimer
D/nofatclips(  763): Comparing against activity ConfigureStandupTimer
D/nofatclips(  763): Comparing against activity ConfigureStandupTimer
D/nofatclips(  763): Comparing against activity TeamList
D/nofatclips(  763): Comparing against activity TeamList
D/nofatclips(  763): Comparing against activity ConfigureStandupTimer
D/nofatclips(  763): Comparing against activity TeamList
D/nofatclips(  763): Comparing against activity ConfigureStandupTimer
D/nofatclips(  763): Comparing against activity TeamList
D/nofatclips(  763): Comparing against activity ConfigureStandupTimer
D/nofatclips(  763): Comparing against activity TeamList
D/nofatclips(  763): Comparing against activity TeamList
D/nofatclips(  763): Comparing against activity TeamList
D/nofatclips(  763): Comparing against activity Help
I/nofatclips(  763): Registering activity ConfigureStandupTimer (id: a22) as a new found state
D/nofatclips(  763): Performing backup of the old activity list on disk
D/nofatclips(  763): Saving new found state 'a22' on disk
V/nofatclips(  763): Opening state file in append mode.
D/dalvikvm(  763): GC_FOR_ALLOC freed 429K, 29% free 7804K/10951K, paused 124ms, total 144ms
D/dalvikvm(  763): GC_CONCURRENT freed 112K, 25% free 8294K/10951K, paused 21ms+10ms, total 157ms
D/dalvikvm(  763): WAIT_FOR_CONCURRENT_GC blocked 84ms
I/nofatclips(  763): Saved image on disk: a22.jpg
I/nofatclips(  763): Waiting for 100 msec.
I/nofatclips(  763): Session count is 1. Will dump to disk at 1
I/nofatclips(  763): Saving the session on disk.
D/dalvikvm(  763): GC_CONCURRENT freed 1307K, 30% free 7743K/10951K, paused 56ms+31ms, total 693ms
D/dalvikvm(  763): WAIT_FOR_CONCURRENT_GC blocked 231ms
I/nofatclips(  763): Planning for new Activity ConfigureStandupTimer
D/nofatclips(  763): Handling event selectSpinnerItem for items [1,2] on spinner #2131361800 count=2
D/nofatclips(  763): Handling input 'writeText' on widget id=2131361798 type=editText name=
V/nofatclips(  763): Using value: 21
D/nofatclips(  763): Handling input 'writeText' on widget id=2131361798 type=editText name=
V/nofatclips(  763): Using value: 21
D/nofatclips(  763): Handling event 'click' on widget id=2131361801 type=button name=Start
D/nofatclips(  763): Handling input 'writeText' on widget id=2131361798 type=editText name=
V/nofatclips(  763): Using value: 21
I/nofatclips(  763): Created trace to press the back button
I/nofatclips(  763): Created trace to press the menu button
I/nofatclips(  763): Created trace to change orientation
D/dalvikvm(  763): GC_CONCURRENT freed 557K, 30% free 7775K/10951K, paused 24ms+19ms, total 336ms
D/dalvikvm(  763): WAIT_FOR_CONCURRENT_GC blocked 95ms
D/dalvikvm(  763): WAIT_FOR_CONCURRENT_GC blocked 138ms
D/dalvikvm(  763): GC_CONCURRENT freed 524K, 29% free 7850K/10951K, paused 22ms+15ms, total 277ms
D/dalvikvm(  763): WAIT_FOR_CONCURRENT_GC blocked 102ms
D/dalvikvm(  763): WAIT_FOR_CONCURRENT_GC blocked 115ms
I/nofatclips(  763): Check for termination: 4 steps left of 25
I/nofatclips(  763): Dispatching new task. 10 more tasks remaining.
D/nofatclips(  763): Performing backup of the old task list on disk
D/nofatclips(  763): Saving task list on disk
V/nofatclips(  763): Backing up trace #89 to disk.
V/nofatclips(  763): Backing up trace #91 to disk.
V/nofatclips(  763): Backing up trace #92 to disk.
D/dalvikvm(  763): GC_CONCURRENT freed 575K, 28% free 7901K/10951K, paused 21ms+10ms, total 222ms
D/dalvikvm(  763): WAIT_FOR_CONCURRENT_GC blocked 102ms
D/dalvikvm(  763): WAIT_FOR_CONCURRENT_GC blocked 112ms
V/nofatclips(  763): Backing up trace #93 to disk.
V/nofatclips(  763): Backing up trace #94 to disk.
V/nofatclips(  763): Backing up trace #96 to disk.
D/dalvikvm(  763): GC_CONCURRENT freed 629K, 28% free 7895K/10951K, paused 19ms+11ms, total 193ms
D/dalvikvm(  763): WAIT_FOR_CONCURRENT_GC blocked 79ms
V/nofatclips(  763): Backing up trace #97 to disk.
V/nofatclips(  763): Backing up trace #98 to disk.
V/nofatclips(  763): Backing up trace #99 to disk.
D/dalvikvm(  763): GC_CONCURRENT freed 607K, 28% free 7928K/10951K, paused 20ms+9ms, total 207ms
D/dalvikvm(  763): WAIT_FOR_CONCURRENT_GC blocked 35ms
D/dalvikvm(  763): WAIT_FOR_CONCURRENT_GC blocked 64ms
V/nofatclips(  763): Backing up trace #100 to disk.
D/nofatclips(  763): Deleting backup of the old task list from disk
D/nofatclips(  763): Deleting backup of the old activity list from disk
I/nofatclips(  763): Incrementally Playing Trace 100
D/nofatclips(  763): Setting input: type= writeText id=2131361798 value=21
D/nofatclips(  763): Added to return list id=2131361798
I/nofatclips(  763): Retrieved from return list id=2131361798
D/nofatclips(  763): Testing for type (android.widget.EditText) against the original (android.widget.EditText)
D/nofatclips(  763): Testing for name () against the original ()
D/InputEventConsistencyVerifier(  763): KeyEvent: ACTION_UP but key was not down.
D/InputEventConsistencyVerifier(  763):   in com.android.internal.policy.impl.PhoneWindow$DecorView@411e2078
D/InputEventConsistencyVerifier(  763):   0: sent at 376134000000, KeyEvent { action=ACTION_UP, keyCode=KEYCODE_DPAD_UP, scanCode=0, metaState=0, flags=0x8, repeatCount=0, eventTime=376134, downTime=376134, deviceId=-1, source=0x101 }
D/InputEventConsistencyVerifier(  763):   -- recent events --
D/InputEventConsistencyVerifier(  763):   1: sent at 362629000000, MotionEvent { action=ACTION_UP, id[0]=0, x[0]=345.0, y[0]=214.0, toolType[0]=TOOL_TYPE_UNKNOWN, buttonState=0, metaState=0, flags=0x0, edgeFlags=0x0, pointerCount=1, historySize=0, eventTime=362629, downTime=362629, deviceId=0, source=0x1002 }
D/InputEventConsistencyVerifier(  763):   2: sent at 362629000000, MotionEvent { action=ACTION_DOWN, id[0]=0, x[0]=345.0, y[0]=214.0, toolType[0]=TOOL_TYPE_UNKNOWN, buttonState=0, metaState=0, flags=0x0, edgeFlags=0x0, pointerCount=1, historySize=0, eventTime=362629, downTime=362629, deviceId=0, source=0x1002 }
D/InputEventConsistencyVerifier(  763):   3: sent at 361309000000, (unhandled) KeyEvent { action=ACTION_UP, keyCode=KEYCODE_DPAD_UP, scanCode=0, metaState=0, flags=0x8, repeatCount=0, eventTime=361309, downTime=361309, deviceId=-1, source=0x101 }
D/InputEventConsistencyVerifier(  763):   4: sent at 361268000000, (unhandled) KeyEvent { action=ACTION_DOWN, keyCode=KEYCODE_DPAD_UP, scanCode=0, metaState=0, flags=0x8, repeatCount=0, eventTime=361268, downTime=361268, deviceId=-1, source=0x101 }
D/InputEventConsistencyVerifier(  763):   5: sent at 358483000000, (unhandled) KeyEvent { action=ACTION_UP, keyCode=KEYCODE_DPAD_UP, scanCode=0, metaState=0, flags=0x80000008, repeatCount=0, eventTime=358483, downTime=358483, deviceId=-1, source=0x101 }
I/nofatclips(  763): Retrieved from return list id=2131361801
D/nofatclips(  763): Testing for type (android.widget.Button) against the original (android.widget.Button)
D/nofatclips(  763): Testing for name (Start) against the original (Start)
I/nofatclips(  763): Firing event: type= click index=23 widget=android.widget.Button
D/dalvikvm(  763): GC_CONCURRENT freed 745K, 30% free 7763K/10951K, paused 75ms+28ms, total 505ms
D/nofatclips(  763): Event description: Start
I/nofatclips(  763): Waiting for 100 msec.
I/Choreographer(  763): Skipped 33 frames!  The application may be doing too much work on its main thread.
I/Choreographer(  763): Skipped 358 frames!  The application may be doing too much work on its main thread.
I/Choreographer(  249): Skipped 45 frames!  The application may be doing too much work on its main thread.
I/Choreographer(  763): Skipped 59 frames!  The application may be doing too much work on its main thread.
I/Choreographer(  149): Skipped 33 frames!  The application may be doing too much work on its main thread.
I/nofatclips(  763): Current activity is ConfigureStandupTimer
I/nofatclips(  763): Retrieving widgets
D/nofatclips(  763): Found widget: id=-1 (android.widget.FrameLayout@41099908)
D/nofatclips(  763): Found widget: id=16908290 (android.widget.FrameLayout@4121e780)
D/nofatclips(  763): Found widget: id=16908874 (android.widget.LinearLayout@410a3300)
D/nofatclips(  763): Found widget: id=16908875 (android.widget.LinearLayout@4113da40)
D/nofatclips(  763): Found widget: id=16908876 (android.widget.LinearLayout@411e8f28)
D/nofatclips(  763): Found widget: id=16908294 (android.widget.ImageView@410d9490)
D/nofatclips(  763): Found widget: id=16908877 (com.android.internal.widget.DialogTitle@41209ed8): 
D/nofatclips(  763): Found widget: id=16908878 (android.widget.ImageView@41148b78)
D/nofatclips(  763): Found widget: id=16908882 (android.widget.LinearLayout@4122c200)
D/nofatclips(  763): Found widget: id=16908883 (android.widget.ScrollView@4108a4b8)
D/nofatclips(  763): Found widget: id=16908299 (android.widget.TextView@4120f3b8): Number of participants must be between 1 and 20.
D/nofatclips(  763): Found widget: id=16908884 (android.widget.FrameLayout@4123cd38)
D/nofatclips(  763): Found widget: id=16908331 (android.widget.FrameLayout@412b6f38)
D/nofatclips(  763): Found widget: id=16908879 (android.widget.LinearLayout@4110cd80)
D/nofatclips(  763): Found widget: id=-1 (android.widget.LinearLayout@41216bc8)
D/nofatclips(  763): Found widget: id=16908880 (android.widget.LinearLayout@4108b7d0)
D/nofatclips(  763): Found widget: id=16908313 (android.widget.Button@411d16a0): 
D/nofatclips(  763): Found widget: id=16908315 (android.widget.Button@41297fe8): OK
D/nofatclips(  763): Found widget: id=16908314 (android.widget.Button@410dbff0): 
D/nofatclips(  763): Found widget: id=16908881 (android.widget.LinearLayout@4125a6b8)
D/nofatclips(  763): Found widget: id=16909076 (android.view.ViewStub@4111c0d0)
D/nofatclips(  763): Found widget: id=-1 (com.android.internal.policy.impl.PhoneWindow$DecorView@41099c08)
V/nicola  (  763): TextualID : null
V/nicola  (  763): ContentType detected : default
V/nicola  (  763): TextualID : null
V/nicola  (  763): ContentType detected : default
I/nofatclips(  763): Performing comparation for activity ConfigureStandupTimer
D/nofatclips(  763): Comparing against activity TeamList
D/nofatclips(  763): Comparing against activity ConfigureStandupTimer
D/nofatclips(  763): Comparing against activity ConfigureStandupTimer
D/nofatclips(  763): Comparing against activity TeamList
D/nofatclips(  763): Comparing against activity TeamList
D/nofatclips(  763): Comparing against activity ConfigureStandupTimer
D/nofatclips(  763): Comparing against activity TeamList
D/nofatclips(  763): Comparing against activity ConfigureStandupTimer
D/nofatclips(  763): Comparing against activity ConfigureStandupTimer
D/nofatclips(  763): Comparing against activity ConfigureStandupTimer
D/nofatclips(  763): Comparing against activity TeamList
D/nofatclips(  763): Comparing against activity TeamList
D/nofatclips(  763): Comparing against activity ConfigureStandupTimer
D/nofatclips(  763): Comparing against activity ConfigureStandupTimer
D/nofatclips(  763): Comparing against activity TeamList
D/nofatclips(  763): Comparing against activity ConfigureStandupTimer
D/nofatclips(  763): Comparing against activity TeamList
D/nofatclips(  763): Comparing against activity ConfigureStandupTimer
D/nofatclips(  763): Comparing against activity TeamList
D/nofatclips(  763): Comparing against activity TeamList
D/nofatclips(  763): Comparing against activity TeamList
D/nofatclips(  763): Comparing against activity Help
I/nofatclips(  763): Registering activity ConfigureStandupTimer (id: a23) as a new found state
D/nofatclips(  763): Performing backup of the old activity list on disk
D/nofatclips(  763): Saving new found state 'a23' on disk
V/nofatclips(  763): Opening state file in append mode.
D/dalvikvm(  763): GC_FOR_ALLOC freed 347K, 29% free 7780K/10951K, paused 335ms, total 344ms
I/nofatclips(  763): Saved image on disk: a23.jpg
I/nofatclips(  763): Waiting for 100 msec.
I/nofatclips(  763): Session count is 1. Will dump to disk at 1
I/nofatclips(  763): Saving the session on disk.
D/dalvikvm(  763): GC_CONCURRENT freed 321K, 27% free 8060K/10951K, paused 37ms+34ms, total 585ms
D/dalvikvm(  763): WAIT_FOR_CONCURRENT_GC blocked 25ms
D/dalvikvm(  763): WAIT_FOR_CONCURRENT_GC blocked 109ms
I/nofatclips(  763): Planning for new Activity ConfigureStandupTimer
D/nofatclips(  763): Handling event 'click' on widget id=16908315 type=button name=OK
I/nofatclips(  763): Created trace to press the back button
I/nofatclips(  763): Created trace to press the menu button
I/nofatclips(  763): Created trace to change orientation
D/dalvikvm(  763): GC_CONCURRENT freed 849K, 28% free 7906K/10951K, paused 25ms+20ms, total 365ms
D/dalvikvm(  763): WAIT_FOR_CONCURRENT_GC blocked 136ms
D/dalvikvm(  763): WAIT_FOR_CONCURRENT_GC blocked 157ms
I/nofatclips(  763): Check for termination: 3 steps left of 25
I/nofatclips(  763): Dispatching new task. 10 more tasks remaining.
D/nofatclips(  763): Performing backup of the old task list on disk
D/nofatclips(  763): Saving task list on disk
V/nofatclips(  763): Backing up trace #92 to disk.
V/nofatclips(  763): Backing up trace #93 to disk.
V/nofatclips(  763): Backing up trace #94 to disk.
D/dalvikvm(  763): GC_CONCURRENT freed 542K, 27% free 8008K/10951K, paused 22ms+11ms, total 236ms
D/dalvikvm(  763): WAIT_FOR_CONCURRENT_GC blocked 102ms
D/dalvikvm(  763): WAIT_FOR_CONCURRENT_GC blocked 132ms
V/nofatclips(  763): Backing up trace #96 to disk.
V/nofatclips(  763): Backing up trace #97 to disk.
V/nofatclips(  763): Backing up trace #98 to disk.
D/dalvikvm(  763): GC_CONCURRENT freed 660K, 27% free 8022K/10951K, paused 20ms+13ms, total 191ms
D/dalvikvm(  763): WAIT_FOR_CONCURRENT_GC blocked 110ms
V/nofatclips(  763): Backing up trace #99 to disk.
V/nofatclips(  763): Backing up trace #101 to disk.
V/nofatclips(  763): Backing up trace #102 to disk.
D/dalvikvm(  763): GC_CONCURRENT freed 701K, 28% free 7990K/10951K, paused 20ms+11ms, total 187ms
D/dalvikvm(  763): WAIT_FOR_CONCURRENT_GC blocked 84ms
V/nofatclips(  763): Backing up trace #103 to disk.
D/nofatclips(  763): Deleting backup of the old task list from disk
D/nofatclips(  763): Deleting backup of the old activity list from disk
I/nofatclips(  763): Incrementally Playing Trace 103
I/nofatclips(  763): Retrieved from return list id=-1
D/nofatclips(  763): Testing for type (android.widget.FrameLayout) against the original (null)
I/nofatclips(  763): Firing event: type= changeOrientation name= widget=null
D/InputEventConsistencyVerifier(  763): KeyEvent: ACTION_UP but key was not down.
D/InputEventConsistencyVerifier(  763):   in com.android.internal.policy.impl.PhoneWindow$DecorView@41099c08
D/InputEventConsistencyVerifier(  763):   0: sent at 388796000000, KeyEvent { action=ACTION_UP, keyCode=KEYCODE_DPAD_UP, scanCode=0, metaState=0, flags=0x8, repeatCount=0, eventTime=388796, downTime=388796, deviceId=-1, source=0x101 }
I/InputReader(  149): Reconfiguring input devices.  changes=0x00000004
W/SurfaceFlinger(   36): createScreenshotSurface failed (Function not implemented)
I/InputReader(  149): Device reconfigured: id=0, name='qwerty2', surface size is now 320x480, mode is 1
I/ActivityManager(  149): Config changed: {1.0 310mcc260mnc en_US sw320dp w320dp h455dp nrml port finger qwerty/v/v tball/v s.11}
I/nofatclips(  763): Waiting for 100 msec.
I/Choreographer(  249): Skipped 90 frames!  The application may be doing too much work on its main thread.
I/Choreographer(  249): Skipped 162 frames!  The application may be doing too much work on its main thread.
I/StandupTimer(  763): Retrieved state.  mettingLengthPos = 5, numParticipants = 2, teamNamePos = 0
W/WindowManager(  149): Window freeze timeout expired.
W/WindowManager(  149): Force clearing orientation change: Window{4155e300 net.johnpwood.android.standuptimer/net.johnpwood.android.standuptimer.ConfigureStandupTimer paused=false}
W/WindowManager(  149): Force clearing orientation change: Window{413e7a78 com.android.systemui.ImageWallpaper paused=false}
D/dalvikvm(  763): GC_CONCURRENT freed 689K, 28% free 7914K/10951K, paused 64ms+97ms, total 848ms
D/StandupTimer(  763): Found 1 teams
I/Choreographer(  763): Skipped 1402 frames!  The application may be doing too much work on its main thread.
I/Choreographer(  763): Skipped 157 frames!  The application may be doing too much work on its main thread.
I/nofatclips(  763): Current activity is ConfigureStandupTimer
I/nofatclips(  763): Retrieving widgets
D/nofatclips(  763): Found widget: id=-1 (android.widget.FrameLayout@4121e010)
D/nofatclips(  763): Found widget: id=16908290 (android.widget.FrameLayout@410c5718)
D/nofatclips(  763): Found widget: id=16908874 (android.widget.LinearLayout@4111b578)
D/nofatclips(  763): Found widget: id=16908875 (android.widget.LinearLayout@41141020)
D/nofatclips(  763): Found widget: id=16908876 (android.widget.LinearLayout@411115c8)
D/nofatclips(  763): Found widget: id=16908294 (android.widget.ImageView@4100c2e0)
D/nofatclips(  763): Found widget: id=16908877 (com.android.internal.widget.DialogTitle@411c6c30): 
D/nofatclips(  763): Found widget: id=16908878 (android.widget.ImageView@41089f60)
D/nofatclips(  763): Found widget: id=16908882 (android.widget.LinearLayout@41133ed8)
D/nofatclips(  763): Found widget: id=16908883 (android.widget.ScrollView@4113c000)
D/nofatclips(  763): Found widget: id=16908299 (android.widget.TextView@411d3330): Number of participants must be between 1 and 20.
D/nofatclips(  763): Found widget: id=16908884 (android.widget.FrameLayout@4111e9e8)
D/nofatclips(  763): Found widget: id=16908331 (android.widget.FrameLayout@411c4b38)
D/nofatclips(  763): Found widget: id=16908879 (android.widget.LinearLayout@4114a000)
D/nofatclips(  763): Found widget: id=-1 (android.widget.LinearLayout@4110d828)
D/nofatclips(  763): Found widget: id=16908880 (android.widget.LinearLayout@41244730)
D/nofatclips(  763): Found widget: id=16908313 (android.widget.Button@4127e2b0): 
D/nofatclips(  763): Found widget: id=16908315 (android.widget.Button@41147af8): OK
D/nofatclips(  763): Found widget: id=16908314 (android.widget.Button@411480b0): 
D/nofatclips(  763): Found widget: id=16908881 (android.widget.LinearLayout@412220d8)
D/nofatclips(  763): Found widget: id=16909076 (android.view.ViewStub@411d8d50)
D/nofatclips(  763): Found widget: id=-1 (com.android.internal.policy.impl.PhoneWindow$DecorView@4113af58)
V/nicola  (  763): TextualID : null
V/nicola  (  763): ContentType detected : default
V/nicola  (  763): TextualID : null
V/nicola  (  763): ContentType detected : default
I/nofatclips(  763): Performing comparation for activity ConfigureStandupTimer
D/nofatclips(  763): Comparing against activity ConfigureStandupTimer
D/nofatclips(  763): Comparing against activity TeamList
D/nofatclips(  763): Comparing against activity ConfigureStandupTimer
D/nofatclips(  763): Comparing against activity ConfigureStandupTimer
D/nofatclips(  763): Comparing against activity TeamList
D/nofatclips(  763): Comparing against activity TeamList
D/nofatclips(  763): Comparing against activity ConfigureStandupTimer
D/nofatclips(  763): Comparing against activity TeamList
D/nofatclips(  763): Comparing against activity ConfigureStandupTimer
D/nofatclips(  763): Comparing against activity ConfigureStandupTimer
D/nofatclips(  763): Comparing against activity ConfigureStandupTimer
D/nofatclips(  763): Comparing against activity TeamList
D/nofatclips(  763): Comparing against activity TeamList
D/nofatclips(  763): Comparing against activity ConfigureStandupTimer
D/nofatclips(  763): Comparing against activity ConfigureStandupTimer
D/nofatclips(  763): Comparing against activity TeamList
D/nofatclips(  763): Comparing against activity ConfigureStandupTimer
D/nofatclips(  763): Comparing against activity TeamList
D/nofatclips(  763): Comparing against activity ConfigureStandupTimer
D/nofatclips(  763): Comparing against activity TeamList
D/nofatclips(  763): Comparing against activity TeamList
D/nofatclips(  763): Comparing against activity TeamList
D/nofatclips(  763): Comparing against activity Help
I/nofatclips(  763): Registering activity ConfigureStandupTimer (id: a24) as a new found state
D/nofatclips(  763): Performing backup of the old activity list on disk
I/Choreographer(  763): Skipped 32 frames!  The application may be doing too much work on its main thread.
D/nofatclips(  763): Saving new found state 'a24' on disk
V/nofatclips(  763): Opening state file in append mode.
D/dalvikvm(  149): WAIT_FOR_CONCURRENT_GC blocked 0ms
I/Choreographer(  763): Skipped 75 frames!  The application may be doing too much work on its main thread.
I/Choreographer(  763): Skipped 47 frames!  The application may be doing too much work on its main thread.
