I/AccountTypeManager(  465): Loaded meta-data for 1 account types, 0 accounts in 26ms(wall) 9ms(cpu)
D/PackageManager(  149): generateServicesMap(android.accounts.AccountAuthenticator): 2 services unchanged
D/PackageManager(  149): generateServicesMap(android.content.SyncAdapter): 4 services unchanged
D/BackupManagerService(  149): Received broadcast Intent { act=android.intent.action.PACKAGE_ADDED dat=package:net.johnpwood.android.standuptimer flg=0x8000010 (has extras) }
I/InputReader(  149): Reconfiguring input devices.  changes=0x00000010
I/ActivityManager(  149): Start proc com.svox.pico for broadcast com.svox.pico/.VoiceDataInstallerReceiver: pid=663 uid=10015 gids={1015, 1028}
V/BackupManagerService(  149): addPackageParticipantsLocked: #1
E/Trace   (  663): error opening trace file: No such file or directory (2)
I/ActivityThread(  663): Pub com.svox.pico.providers.SettingsProvider: com.svox.pico.providers.SettingsProvider
D/dalvikvm(  149): GC_CONCURRENT freed 628K, 51% free 8384K/16903K, paused 224ms+14ms, total 517ms
D/dalvikvm(  149): WAIT_FOR_CONCURRENT_GC blocked 75ms
D/dalvikvm(  149): WAIT_FOR_CONCURRENT_GC blocked 120ms
D/dalvikvm(  149): WAIT_FOR_CONCURRENT_GC blocked 353ms
I/AccountTypeManager(  465): Loaded meta-data for 1 account types, 0 accounts in 597ms(wall) 9ms(cpu)
D/dalvikvm(  465): GC_CONCURRENT freed 199K, 4% free 6224K/6471K, paused 30ms+6ms, total 95ms
W/InputMethodManagerService(  149): Found no subtypes in a system IME: com.android.inputmethod.pinyin
D/dalvikvm(  149): GC_EXPLICIT freed 119K, 51% free 8349K/16903K, paused 101ms+148ms, total 702ms
D/AndroidRuntime(  636): Shutting down VM
D/dalvikvm(  636): GC_CONCURRENT freed 97K, 78% free 452K/2048K, paused 1ms+2ms, total 19ms
I/AndroidRuntime(  636): NOTE: attach of thread 'Binder_3' failed
W/RecognitionManagerService(  149): no available voice recognition services found
D/dalvikvm(  423): GC_CONCURRENT freed 378K, 25% free 7493K/9927K, paused 64ms+18ms, total 190ms
D/AndroidRuntime(  683): 
D/AndroidRuntime(  683): >>>>>> AndroidRuntime START com.android.internal.os.RuntimeInit <<<<<<
D/AndroidRuntime(  683): CheckJNI is ON
D/dalvikvm(  683): Trying to load lib libjavacore.so 0x0
D/dalvikvm(  683): Added shared lib libjavacore.so 0x0
D/dalvikvm(  683): Trying to load lib libnativehelper.so 0x0
D/dalvikvm(  683): Added shared lib libnativehelper.so 0x0
D/AndroidRuntime(  683): Calling main entry com.android.commands.pm.Pm
W/ActivityManager(  149): No content provider found for permission revoke: file:///data/local/tmp/crawler.apk
W/ActivityManager(  149): No content provider found for permission revoke: file:///data/local/tmp/crawler.apk
I/PackageManager(  149): Running dexopt on: com.nofatclips.crawler
D/dalvikvm(  693): DexOpt: 'Landroid/annotation/SuppressLint;' has an earlier definition; blocking out
D/dalvikvm(  693): DexOpt: 'Landroid/annotation/TargetApi;' has an earlier definition; blocking out
D/dalvikvm(  693): DexOpt: not verifying/optimizing 'Landroid/annotation/SuppressLint;': multiple definitions
D/dalvikvm(  693): DexOpt: not verifying/optimizing 'Landroid/annotation/TargetApi;': multiple definitions
D/dalvikvm(  693): DexOpt: load 283ms, verify+opt 2111ms, 800612 bytes
I/ActivityManager(  149): Force stopping package com.nofatclips.crawler uid=10045
D/PackageManager(  149): New package installed in /data/app/com.nofatclips.crawler-1.apk
D/dalvikvm(  149): GC_CONCURRENT freed 453K, 51% free 8388K/16903K, paused 51ms+25ms, total 331ms
I/InputReader(  149): Reconfiguring input devices.  changes=0x00000010
D/PackageManager(  149): generateServicesMap(android.accounts.AccountAuthenticator): 2 services unchanged
D/PackageManager(  149): generateServicesMap(android.content.SyncAdapter): 4 services unchanged
D/BackupManagerService(  149): Received broadcast Intent { act=android.intent.action.PACKAGE_ADDED dat=package:com.nofatclips.crawler flg=0x8000010 (has extras) }
V/BackupManagerService(  149): addPackageParticipantsLocked: #1
D/dalvikvm(  149): WAIT_FOR_CONCURRENT_GC blocked 0ms
W/InputMethodManagerService(  149): Found no subtypes in a system IME: com.android.inputmethod.pinyin
I/AccountTypeManager(  465): Loaded meta-data for 1 account types, 0 accounts in 157ms(wall) 15ms(cpu)
W/RecognitionManagerService(  149): no available voice recognition services found
D/dalvikvm(  149): GC_EXPLICIT freed 549K, 51% free 8351K/16903K, paused 53ms+39ms, total 515ms
D/AndroidRuntime(  683): Shutting down VM
I/AndroidRuntime(  683): NOTE: attach of thread 'Binder_3' failed
D/dalvikvm(  683): GC_CONCURRENT freed 97K, 78% free 452K/2048K, paused 3ms+2ms, total 31ms
I/Choreographer(  423): Skipped 30 frames!  The application may be doing too much work on its main thread.
I/Choreographer(  423): Skipped 118 frames!  The application may be doing too much work on its main thread.
I/Choreographer(  423): Skipped 77 frames!  The application may be doing too much work on its main thread.
D/dalvikvm(  423): GC_FOR_ALLOC freed 286K, 25% free 7458K/9927K, paused 126ms, total 141ms
D/dalvikvm(  423): GC_CONCURRENT freed 5K, 20% free 7953K/9927K, paused 39ms+33ms, total 240ms
I/Choreographer(  423): Skipped 209 frames!  The application may be doing too much work on its main thread.
I/Choreographer(  423): Skipped 51 frames!  The application may be doing too much work on its main thread.
I/Choreographer(  423): Skipped 92 frames!  The application may be doing too much work on its main thread.
I/Choreographer(  423): Skipped 75 frames!  The application may be doing too much work on its main thread.
I/Choreographer(  423): Skipped 74 frames!  The application may be doing too much work on its main thread.
I/Choreographer(  423): Skipped 59 frames!  The application may be doing too much work on its main thread.
I/Choreographer(  423): Skipped 90 frames!  The application may be doing too much work on its main thread.
D/dalvikvm(  423): GC_FOR_ALLOC freed 7K, 15% free 8460K/9927K, paused 74ms, total 74ms
D/dalvikvm(  423): GC_CONCURRENT freed 23K, 8% free 9158K/9927K, paused 20ms+20ms, total 173ms
D/dalvikvm(  423): GC_FOR_ALLOC freed 51K, 7% free 9489K/10183K, paused 78ms, total 84ms
D/dalvikvm(  423): GC_FOR_ALLOC freed 254K, 9% free 9823K/10695K, paused 154ms, total 155ms
D/dalvikvm(  423): GC_FOR_ALLOC freed 143K, 7% free 9995K/10695K, paused 69ms, total 74ms
D/dalvikvm(  423): GC_FOR_ALLOC freed 5K, 6% free 10645K/11271K, paused 67ms, total 69ms
D/dalvikvm(  423): GC_FOR_ALLOC freed 824K, 11% free 10890K/12103K, paused 83ms, total 91ms
D/dalvikvm(  423): GC_FOR_ALLOC freed 4K, 7% free 11288K/12103K, paused 86ms, total 86ms
I/dalvikvm-heap(  423): Grow heap (frag case) to 12.295MB for 1286224-byte allocation
D/dalvikvm(  423): GC_FOR_ALLOC freed 0K, 7% free 12544K/13383K, paused 72ms, total 72ms
I/Choreographer(  423): Skipped 1408 frames!  The application may be doing too much work on its main thread.
I/Choreographer(  423): Skipped 133 frames!  The application may be doing too much work on its main thread.
I/Choreographer(  423): Skipped 56 frames!  The application may be doing too much work on its main thread.
I/Choreographer(  423): Skipped 46 frames!  The application may be doing too much work on its main thread.
I/Choreographer(  423): Skipped 30 frames!  The application may be doing too much work on its main thread.
D/dalvikvm(  423): GC_FOR_ALLOC freed 3168K, 23% free 11282K/14535K, paused 51ms, total 68ms
I/Choreographer(  423): Skipped 35 frames!  The application may be doing too much work on its main thread.
D/dalvikvm(  423): GC_FOR_ALLOC freed 1557K, 24% free 11093K/14535K, paused 157ms, total 176ms
I/Choreographer(  423): Skipped 205 frames!  The application may be doing too much work on its main thread.
I/Choreographer(  423): Skipped 117 frames!  The application may be doing too much work on its main thread.
I/Choreographer(  423): Skipped 82 frames!  The application may be doing too much work on its main thread.
I/Choreographer(  423): Skipped 268 frames!  The application may be doing too much work on its main thread.
I/Choreographer(  423): Skipped 32 frames!  The application may be doing too much work on its main thread.
I/Choreographer(  423): Skipped 33 frames!  The application may be doing too much work on its main thread.
D/dalvikvm(  423): GC_CONCURRENT freed 2051K, 27% free 10647K/14535K, paused 36ms+27ms, total 238ms
D/dalvikvm(  423): WAIT_FOR_CONCURRENT_GC blocked 23ms
I/Choreographer(  423): Skipped 379 frames!  The application may be doing too much work on its main thread.
I/Choreographer(  423): Skipped 31 frames!  The application may be doing too much work on its main thread.
I/Choreographer(  423): Skipped 32 frames!  The application may be doing too much work on its main thread.
I/Choreographer(  423): Skipped 32 frames!  The application may be doing too much work on its main thread.
I/ActivityManager(  149): START {act=android.intent.action.MAIN cat=[android.intent.category.LAUNCHER] flg=0x10200000 cmp=net.johnpwood.android.standuptimer/.ConfigureStandupTimer u=0} from pid 423
D/PermissionCache(   36): checking android.permission.READ_FRAME_BUFFER for uid=1000 => granted (2543 us)
W/WindowManager(  149): Failure taking screenshot for (164x246) to layer 21005
I/Choreographer(  423): Skipped 201 frames!  The application may be doing too much work on its main thread.
I/ActivityManager(  149): START {act=android.intent.action.MAIN cat=[android.intent.category.LAUNCHER] flg=0x10200000 cmp=net.johnpwood.android.standuptimer/.ConfigureStandupTimer u=0} from pid 423
D/dalvikvm(  725): Not late-enabling CheckJNI (already on)
I/ActivityManager(  149): Start proc net.johnpwood.android.standuptimer for activity net.johnpwood.android.standuptimer/.ConfigureStandupTimer: pid=725 uid=10044 gids={1028}
I/Choreographer(  149): Skipped 32 frames!  The application may be doing too much work on its main thread.
I/dalvikvm(  725): Turning on JNI app bug workarounds for target SDK version 8...
E/Trace   (  725): error opening trace file: No such file or directory (2)
I/ARMAssembler(   36): generated scanline__00000077:03010104_00008002_00000000 [ 89 ipp] (110 ins) at [0x41155710:0x411558c8] in 2037392 ns
I/StandupTimer(  725): Retrieved state.  mettingLengthPos = 5, numParticipants = 2, teamNamePos = 0
E/ThrottleService(  149): problem during onPollAlarm: java.lang.IllegalStateException: problem parsing stats: java.io.FileNotFoundException: /proc/net/xt_qtaguid/iface_stat_all: open failed: ENOENT (No such file or directory)
E/ThrottleService(  149): Error reading data file
D/StandupTimer(  725): Found 0 teams
V/PhoneStatusBar(  249): setLightsOn(true)
I/Choreographer(  725): Skipped 37 frames!  The application may be doing too much work on its main thread.
D/gralloc_goldfish(  725): Emulator without GPU emulation detected.
I/ActivityManager(  149): Displayed net.johnpwood.android.standuptimer/.ConfigureStandupTimer: +2s384ms
I/Choreographer(  149): Skipped 39 frames!  The application may be doing too much work on its main thread.
D/AndroidRuntime(  753): 
D/AndroidRuntime(  753): >>>>>> AndroidRuntime START com.android.internal.os.RuntimeInit <<<<<<
D/AndroidRuntime(  753): CheckJNI is ON
D/dalvikvm(  753): Trying to load lib libjavacore.so 0x0
D/dalvikvm(  753): Added shared lib libjavacore.so 0x0
D/dalvikvm(  753): Trying to load lib libnativehelper.so 0x0
D/dalvikvm(  753): Added shared lib libnativehelper.so 0x0
D/AndroidRuntime(  753): Calling main entry com.android.commands.am.Am
I/ActivityManager(  149): Force stopping package net.johnpwood.android.standuptimer uid=10044
I/ActivityManager(  149): Killing proc 725:net.johnpwood.android.standuptimer/u0a44: force stop
W/ActivityManager(  149): Force removing ActivityRecord{40ffeb88 net.johnpwood.android.standuptimer/.ConfigureStandupTimer}: app died, no saved state
I/WindowState(  149): WIN DEATH: Window{4133c8e8 net.johnpwood.android.standuptimer/net.johnpwood.android.standuptimer.ConfigureStandupTimer paused=false}
D/dalvikvm(  763): Not late-enabling CheckJNI (already on)
I/ActivityManager(  149): Start proc net.johnpwood.android.standuptimer for added application net.johnpwood.android.standuptimer: pid=763 uid=10044 gids={1028}
I/Choreographer(  423): Skipped 71 frames!  The application may be doing too much work on its main thread.
I/dalvikvm(  763): Turning on JNI app bug workarounds for target SDK version 8...
W/InputMethodManagerService(  149): Got RemoteException sending setActive(false) notification to pid 725 uid 10044
I/Choreographer(  423): Skipped 44 frames!  The application may be doing too much work on its main thread.
E/Trace   (  763): error opening trace file: No such file or directory (2)
D/nofatclips(  763): Updating node 
D/nofatclips(  763): Loading node 
I/nofatclips(  763): Preferences file found.
V/nofatclips(  763): Updating value ACTIVITY_DESCRIPTION_IN_SESSION
V/nofatclips(  763): Updating value ADDITIONAL_CRITERIAS
V/nofatclips(  763): Updating value ADDITIONAL_EVENTS
V/nofatclips(  763): Updating value ADDITIONAL_INPUTS
V/nofatclips(  763): Updating value CLASS_NAME
D/nofatclips(  763): Updated value of parameter CLASS_NAME to net.johnpwood.android.standuptimer.ConfigureStandupTimer (default = app.package.class)
V/nofatclips(  763): Updating value ENABLE_RESUME
V/nofatclips(  763): Updating value PACKAGE_NAME
D/nofatclips(  763): Updated value of parameter PACKAGE_NAME to net.johnpwood.android.standuptimer (default = app.package)
V/nofatclips(  763): Updating value RANDOM_SEED
D/nofatclips(  763): Updated value of parameter RANDOM_SEED to -6445046563877073740 (default = 5466516511651561651)
V/nofatclips(  763): Updating value RETRY_FAILED_TRACES
V/nofatclips(  763): Updating value theClass
D/nofatclips(  763): Updating node scheduler
D/nofatclips(  763): Loading node scheduler
V/nofatclips(  763): Updating value ALL_EVENTS_ON_PREFERENCES
V/nofatclips(  763): Updating value BACK_BUTTON_EVENT
V/nofatclips(  763): Updating value DICTIONARY_FIXED_VALUE
V/nofatclips(  763): Updating value DICTIONARY_IGNORE_CONTENT_TYPES
V/nofatclips(  763): Updating value EMULATOR_PORT
V/nofatclips(  763): Updating value EVENTS
D/nofatclips(  763): Updated values of array parameter EVENTS
V/nofatclips(  763): Updating value EVENT_WHEN_NO_ID
V/nofatclips(  763): Updating value EXCLUDE_WIDGETS_INPUTS_IN_GPS_EVENTS
V/nofatclips(  763): Updating value EXCLUDE_WIDGETS_INPUTS_IN_SENSORS_EVENTS
V/nofatclips(  763): Updating value INPUTS
D/nofatclips(  763): Updated values of array parameter INPUTS
V/nofatclips(  763): Updating value KEY_EVENTS
V/nofatclips(  763): Updating value MAX_EVENTS_PER_WIDGET
V/nofatclips(  763): Updating value MAX_TASKS_IN_SCHEDULER
D/nofatclips(  763): Updated value of parameter MAX_TASKS_IN_SCHEDULER to 10 (default = 0)
V/nofatclips(  763): Updating value MAX_TASKS_PER_EVENT
V/nofatclips(  763): Updating value MENU_EVENTS
V/nofatclips(  763): Updating value ORIENTATION_EVENTS
V/nofatclips(  763): Updating value PLANNER
V/nofatclips(  763): Updating value REFLECT_ACTIVITY_LISTENERS
V/nofatclips(  763): Updating value REFLECT_WIDGETS
V/nofatclips(  763): Updating value SCHEDULER_ALGORITHM
D/nofatclips(  763): Updated value of parameter SCHEDULER_ALGORITHM to DEPTH_FIRST (default = BREADTH_FIRST)
V/nofatclips(  763): Updating value SCROLL_DOWN_EVENT
V/nofatclips(  763): Updating value SENSOR_TYPES
V/nofatclips(  763): Updating value SIMULATE_INCOMING_CALL
V/nofatclips(  763): Updating value SIMULATE_INCOMING_SMS
V/nofatclips(  763): Updating value TAB_EVENTS_START_ONLY
V/nofatclips(  763): Updating value TEST_LOCATION_PROVIDER
V/nofatclips(  763): Updating value TEXT_VALUES_FROM_DICTIONARY
V/nofatclips(  763): Updating value TEXT_VALUES_ID_HASH
V/nofatclips(  763): Updating value USE_GPS
V/nofatclips(  763): Updating value USE_SENSORS
D/nofatclips(  763): Updating node planner
D/nofatclips(  763): Loading node planner
V/nofatclips(  763): Updating value ALL_EVENTS_ON_PREFERENCES
V/nofatclips(  763): Updating value BACK_BUTTON_EVENT
V/nofatclips(  763): Updating value DICTIONARY_FIXED_VALUE
V/nofatclips(  763): Updating value DICTIONARY_IGNORE_CONTENT_TYPES
V/nofatclips(  763): Updating value EMULATOR_PORT
V/nofatclips(  763): Updating value EVENTS
D/nofatclips(  763): Updated values of array parameter EVENTS
V/nofatclips(  763): Updating value EVENT_WHEN_NO_ID
V/nofatclips(  763): Updating value EXCLUDE_WIDGETS_INPUTS_IN_GPS_EVENTS
V/nofatclips(  763): Updating value EXCLUDE_WIDGETS_INPUTS_IN_SENSORS_EVENTS
V/nofatclips(  763): Updating value INPUTS
D/nofatclips(  763): Updated values of array parameter INPUTS
V/nofatclips(  763): Updating value KEY_EVENTS
V/nofatclips(  763): Updating value MAX_EVENTS_PER_WIDGET
V/nofatclips(  763): Updating value MAX_TASKS_IN_SCHEDULER
V/nofatclips(  763): Updating value MAX_TASKS_PER_EVENT
V/nofatclips(  763): Updating value MENU_EVENTS
V/nofatclips(  763): Updating value ORIENTATION_EVENTS
V/nofatclips(  763): Updating value PLANNER
V/nofatclips(  763): Updating value REFLECT_ACTIVITY_LISTENERS
V/nofatclips(  763): Updating value REFLECT_WIDGETS
V/nofatclips(  763): Updating value SCHEDULER_ALGORITHM
V/nofatclips(  763): Updating value SCROLL_DOWN_EVENT
V/nofatclips(  763): Updating value SENSOR_TYPES
V/nofatclips(  763): Updating value SIMULATE_INCOMING_CALL
V/nofatclips(  763): Updating value SIMULATE_INCOMING_SMS
V/nofatclips(  763): Updating value TAB_EVENTS_START_ONLY
V/nofatclips(  763): Updating value TEST_LOCATION_PROVIDER
V/nofatclips(  763): Updating value TEXT_VALUES_FROM_DICTIONARY
V/nofatclips(  763): Updating value TEXT_VALUES_ID_HASH
D/nofatclips(  763): Updated value of parameter TEXT_VALUES_ID_HASH to true (default = false)
V/nofatclips(  763): Updating value USE_GPS
V/nofatclips(  763): Updating value USE_SENSORS
D/nofatclips(  763): Updating node interactions
D/nofatclips(  763): Loading node interactions
V/nofatclips(  763): Updating value ALL_EVENTS_ON_PREFERENCES
V/nofatclips(  763): Updating value BACK_BUTTON_EVENT
V/nofatclips(  763): Updating value DICTIONARY_FIXED_VALUE
V/nofatclips(  763): Updating value DICTIONARY_IGNORE_CONTENT_TYPES
V/nofatclips(  763): Updating value EMULATOR_PORT
V/nofatclips(  763): Updating value EVENTS
D/nofatclips(  763): Updated values of array parameter EVENTS
V/nofatclips(  763): Updating value EVENT_WHEN_NO_ID
V/nofatclips(  763): Updating value EXCLUDE_WIDGETS_INPUTS_IN_GPS_EVENTS
V/nofatclips(  763): Updating value EXCLUDE_WIDGETS_INPUTS_IN_SENSORS_EVENTS
V/nofatclips(  763): Updating value INPUTS
D/nofatclips(  763): Updated values of array parameter INPUTS
V/nofatclips(  763): Updating value KEY_EVENTS
V/nofatclips(  763): Updating value MAX_EVENTS_PER_WIDGET
V/nofatclips(  763): Updating value MAX_TASKS_IN_SCHEDULER
V/nofatclips(  763): Updating value MAX_TASKS_PER_EVENT
V/nofatclips(  763): Updating value MENU_EVENTS
V/nofatclips(  763): Updating value ORIENTATION_EVENTS
V/nofatclips(  763): Updating value PLANNER
V/nofatclips(  763): Updating value REFLECT_ACTIVITY_LISTENERS
V/nofatclips(  763): Updating value REFLECT_WIDGETS
V/nofatclips(  763): Updating value SCHEDULER_ALGORITHM
V/nofatclips(  763): Updating value SCROLL_DOWN_EVENT
V/nofatclips(  763): Updating value SENSOR_TYPES
V/nofatclips(  763): Updating value SIMULATE_INCOMING_CALL
V/nofatclips(  763): Updating value SIMULATE_INCOMING_SMS
V/nofatclips(  763): Updating value TAB_EVENTS_START_ONLY
V/nofatclips(  763): Updating value TEST_LOCATION_PROVIDER
V/nofatclips(  763): Updating value TEXT_VALUES_FROM_DICTIONARY
V/nofatclips(  763): Updating value TEXT_VALUES_ID_HASH
V/nofatclips(  763): Updating value USE_GPS
V/nofatclips(  763): Updating value USE_SENSORS
D/nofatclips(  763): Updating node comparator
D/nofatclips(  763): Loading node comparator
V/nofatclips(  763): Updating value COMPARATOR
V/nofatclips(  763): Updating value COMPARATOR_TYPE
V/nofatclips(  763): Updating value COMPARE_ACTIVITY_NAME
V/nofatclips(  763): Updating value COMPARE_LIST_COUNT
V/nofatclips(  763): Updating value COMPARE_MENU_COUNT
D/nofatclips(  763): Updated value of parameter COMPARE_MENU_COUNT to false (default = true)
V/nofatclips(  763): Updating value COMPARE_STATE_TITLE
V/nofatclips(  763): Updating value COMPARE_VALUES
V/nofatclips(  763): Updating value WIDGET_TYPES
D/nofatclips(  763): Updating node strategy
D/nofatclips(  763): Loading node strategy
V/nofatclips(  763): Updating value AFTER_EVENT_DONT_EXPLORE
V/nofatclips(  763): Updating value AFTER_WIDGET_DONT_EXPLORE
V/nofatclips(  763): Updating value CHECK_FOR_TRANSITION
V/nofatclips(  763): Updating value EXPLORE_ONLY_NEW_STATES
D/nofatclips(  763): Updated value of parameter EXPLORE_ONLY_NEW_STATES to false (default = true)
V/nofatclips(  763): Updating value MAX_NUM_TRACES
D/nofatclips(  763): Updated value of parameter MAX_NUM_TRACES to 25 (default = 0)
V/nofatclips(  763): Updating value MAX_TIME_CRAWLING
V/nofatclips(  763): Updating value PAUSE_AFTER_TIME
V/nofatclips(  763): Updating value PAUSE_AFTER_TRACES
V/nofatclips(  763): Updating value TRACE_MAX_DEPTH
V/nofatclips(  763): Updating value TRACE_MIN_DEPTH
D/nofatclips(  763): Starting random testing
D/dalvikvm(  763): GC_CONCURRENT freed 351K, 7% free 6124K/6535K, paused 18ms+34ms, total 147ms
I/TestRunner(  763): started: testAndCrawl(com.nofatclips.crawler.guitree.NomadEngine)
I/ActivityManager(  149): START {act=android.intent.action.MAIN flg=0x10000000 cmp=net.johnpwood.android.standuptimer/.ConfigureStandupTimer u=0} from pid 763
W/WindowManager(  149): Failure taking screenshot for (164x246) to layer 21005
I/Choreographer(  423): Skipped 49 frames!  The application may be doing too much work on its main thread.
I/Choreographer(  149): Skipped 30 frames!  The application may be doing too much work on its main thread.
I/ARMAssembler(   36): generated scanline__00000077:03515104_00009001_00000000 [131 ipp] (153 ins) at [0x411558d0:0x41155b34] in 1455691 ns
I/StandupTimer(  763): Retrieved state.  mettingLengthPos = 5, numParticipants = 2, teamNamePos = 0
D/StandupTimer(  763): Found 0 teams
V/PhoneStatusBar(  249): setLightsOn(true)
D/gralloc_goldfish(  763): Emulator without GPU emulation detected.
I/ActivityManager(  149): Displayed net.johnpwood.android.standuptimer/.ConfigureStandupTimer: +1s30ms
I/Choreographer(  763): Skipped 55 frames!  The application may be doing too much work on its main thread.
D/nofatclips(  763): Generated Resuming Persistence
E/dalvikvm(  763): Could not find class 'android.support.v4.app.FragmentActivity', referenced from method com.jayway.android.robotium.solo.Waiter.getSupportFragment
W/dalvikvm(  763): VFY: unable to resolve check-cast 49 (Landroid/support/v4/app/FragmentActivity;) in Lcom/jayway/android/robotium/solo/Waiter;
D/dalvikvm(  763): VFY: replacing opcode 0x1f at 0x0009
I/dalvikvm(  763): Could not find method android.support.v4.app.FragmentActivity.getSupportFragmentManager, referenced from method com.jayway.android.robotium.solo.Waiter.getSupportFragment
W/dalvikvm(  763): VFY: unable to resolve virtual method 110: Landroid/support/v4/app/FragmentActivity;.getSupportFragmentManager ()Landroid/support/v4/app/FragmentManager;
D/dalvikvm(  763): VFY: replacing opcode 0x6e at 0x0010
I/dalvikvm(  763): Could not find method android.support.v4.app.FragmentActivity.getSupportFragmentManager, referenced from method com.jayway.android.robotium.solo.Waiter.getSupportFragment
W/dalvikvm(  763): VFY: unable to resolve virtual method 110: Landroid/support/v4/app/FragmentActivity;.getSupportFragmentManager ()Landroid/support/v4/app/FragmentManager;
D/dalvikvm(  763): VFY: replacing opcode 0x6e at 0x0019
W/dalvikvm(  763): VFY: unable to find class referenced in signature (Landroid/support/v4/app/Fragment;)
W/dalvikvm(  763): VFY: unable to find class referenced in signature (Landroid/support/v4/app/Fragment;)
I/Choreographer(  423): Skipped 850 frames!  The application may be doing too much work on its main thread.
W/InputMethodManagerService(  149): Starting input on non-focused client com.android.internal.view.IInputMethodClient$Stub$Proxy@4177b6c0 (uid=10014 pid=423)
D/nofatclips(  763): Updating node automation
D/nofatclips(  763): Loading node automation
V/nofatclips(  763): Updating value FORCE_RESTART
V/nofatclips(  763): Updating value IN_AND_OUT_FOCUS
V/nofatclips(  763): Updating value PRECRAWLING
V/nofatclips(  763): Updating value SCREENSHOT_FOR_EVENTS
D/nofatclips(  763): Updated value of parameter SCREENSHOT_FOR_EVENTS to false (default = true)
V/nofatclips(  763): Updating value SCREENSHOT_FOR_STATES
V/nofatclips(  763): Updating value SCREENSHOT_ONLY_NEW_STATES
V/nofatclips(  763): Updating value SLEEP_AFTER_EVENT
D/nofatclips(  763): Updated value of parameter SLEEP_AFTER_EVENT to 100 (default = 1000)
V/nofatclips(  763): Updating value SLEEP_AFTER_RESTART
D/nofatclips(  763): Updated value of parameter SLEEP_AFTER_RESTART to 100 (default = 1000)
V/nofatclips(  763): Updating value SLEEP_AFTER_TASK
D/nofatclips(  763): Updated value of parameter SLEEP_AFTER_TASK to 100 (default = 1000)
V/nofatclips(  763): Updating value SLEEP_ON_THROBBER
D/nofatclips(  763): Updated value of parameter SLEEP_ON_THROBBER to 100 (default = 1000)
I/Choreographer(  763): Skipped 134 frames!  The application may be doing too much work on its main thread.
D/nofatclips(  763): Updating node screenshot
D/nofatclips(  763): Loading node screenshot
V/nofatclips(  763): Updating value FORCE_RESTART
V/nofatclips(  763): Updating value IN_AND_OUT_FOCUS
V/nofatclips(  763): Updating value PRECRAWLING
V/nofatclips(  763): Updating value SCREENSHOT_FOR_EVENTS
V/nofatclips(  763): Updating value SCREENSHOT_FOR_STATES
V/nofatclips(  763): Updating value SCREENSHOT_ONLY_NEW_STATES
V/nofatclips(  763): Updating value SLEEP_AFTER_EVENT
V/nofatclips(  763): Updating value SLEEP_AFTER_RESTART
V/nofatclips(  763): Updating value SLEEP_AFTER_TASK
V/nofatclips(  763): Updating value SLEEP_ON_THROBBER
I/nofatclips(  763): Waiting for 100 msec.
D/nofatclips(  763): Ready to operate after restarting...
I/nofatclips(  763): Current activity is ConfigureStandupTimer
W/nofatclips(  763): --->ConfigureStandupTimer
I/nofatclips(  763): Retrieving widgets
D/nofatclips(  763): Found widget: id=-1 (android.widget.LinearLayout@40ffff98)
D/nofatclips(  763): Found widget: id=16909076 (android.view.ViewStub@410029f0)
D/nofatclips(  763): Found widget: id=-1 (android.widget.FrameLayout@41001670)
D/nofatclips(  763): Found widget: id=16908310 (android.widget.TextView@4100a990): Standup Timer
D/nofatclips(  763): Found widget: id=16908290 (android.widget.FrameLayout@40fff480)
D/nofatclips(  763): Found widget: id=-1 (android.widget.LinearLayout@41006210)
D/nofatclips(  763): Found widget: id=-1 (android.widget.LinearLayout@41009370)
D/nofatclips(  763): Found widget: id=-1 (android.widget.TextView@4100da98): Number of participants
D/nofatclips(  763): Found widget: id=2131361798 (android.widget.EditText@4100e488): 2
D/nofatclips(  763): Found widget: id=-1 (android.widget.TextView@4100f400): Length of meeting
D/nofatclips(  763): Found widget: id=2131361799 (android.widget.LinearLayout@410098d0)
D/nofatclips(  763): Found widget: id=-1 (android.widget.Spinner@41046da8)
D/nofatclips(  763): Found widget: id=16908308 (android.widget.TextView@41016460): 5 min
D/nofatclips(  763): Found widget: id=-1 (android.widget.TextView@410111f0): Team
D/nofatclips(  763): Found widget: id=2131361800 (android.widget.Spinner@41046540)
D/nofatclips(  763): Found widget: id=16908308 (android.widget.TextView@41003cb8):  [No Team] 
D/nofatclips(  763): Found widget: id=2131361801 (android.widget.Button@41011f48): Start
D/nofatclips(  763): Found widget: id=-1 (com.android.internal.policy.impl.PhoneWindow$DecorView@410003c0)
V/nicola  (  763): TextualID : null
V/nicola  (  763): ContentType detected : default
V/nicola  (  763): TextualID : null
V/nicola  (  763): ContentType detected : default
E/ReflectionHelper(  763): java.lang.NoSuchFieldException: mOnFocusChangeListener
V/ReflectionHelper(  763): android.widget.EditText > mOnFocusChangeListener NOT FOUND
V/nicola  (  763): TextualID : num_participants
V/nicola  (  763): ContentType detected : default
V/nicola  (  763): TextualID : null
V/nicola  (  763): ContentType detected : default
V/nicola  (  763): TextualID : null
V/nicola  (  763): ContentType detected : default
V/nicola  (  763): TextualID : null
V/nicola  (  763): ContentType detected : default
D/dalvikvm(  763): GC_CONCURRENT freed 276K, 6% free 6376K/6727K, paused 36ms+28ms, total 457ms
V/nicola  (  763): TextualID : null
V/nicola  (  763): ContentType detected : default
V/nicola  (  763): TextualID : start_button
V/nicola  (  763): ContentType detected : default
D/nofatclips(  763): No session to resume: GUI Tree not found. Will start from scratch.
I/nofatclips(  763): Starting a new session
D/nofatclips(  763): Saving new found state 'a1' on disk
V/nofatclips(  763): Opening state file in overwrite mode.
D/dalvikvm(  763): GC_FOR_ALLOC freed 243K, 5% free 6478K/6791K, paused 69ms, total 71ms
I/dalvikvm-heap(  763): Grow heap (frag case) to 6.958MB for 614416-byte allocation
D/dalvikvm(  763): GC_FOR_ALLOC freed <1K, 5% free 7077K/7431K, paused 66ms, total 66ms
D/dalvikvm(  763): GC_CONCURRENT freed <1K, 5% free 7077K/7431K, paused 18ms+9ms, total 122ms
D/dalvikvm(  763): WAIT_FOR_CONCURRENT_GC blocked 56ms
D/dalvikvm(  763): GC_FOR_ALLOC freed <1K, 5% free 7077K/7431K, paused 54ms, total 54ms
I/dalvikvm-heap(  763): Grow heap (frag case) to 7.543MB for 614416-byte allocation
D/dalvikvm(  763): GC_FOR_ALLOC freed 0K, 5% free 7677K/8071K, paused 58ms, total 58ms
I/dalvikvm-heap(  763): Grow heap (frag case) to 8.129MB for 614416-byte allocation
D/dalvikvm(  763): GC_CONCURRENT freed 0K, 5% free 8278K/8711K, paused 18ms+7ms, total 68ms
D/dalvikvm(  763): WAIT_FOR_CONCURRENT_GC blocked 43ms
D/dalvikvm(  763): WAIT_FOR_CONCURRENT_GC blocked 63ms
I/nofatclips(  763): Saved image on disk: a1.jpg
I/nofatclips(  763): Planning for new Activity ConfigureStandupTimer
D/nofatclips(  763): Handling event selectSpinnerItem for items [1,1] on spinner #2131361800 count=1
D/nofatclips(  763): Handling input 'writeText' on widget id=2131361798 type=editText name=
V/nofatclips(  763): Using value: 21
D/nofatclips(  763): Handling event 'click' on widget id=2131361801 type=button name=Start
D/nofatclips(  763): Handling input 'writeText' on widget id=2131361798 type=editText name=
V/nofatclips(  763): Using value: 21
I/nofatclips(  763): Created trace to press the menu button
I/nofatclips(  763): Created trace to change orientation
I/nofatclips(  763): Dispatching new task. 4 more tasks remaining.
D/nofatclips(  763): Saving task list on disk
V/nofatclips(  763): Backing up trace #0 to disk.
V/nofatclips(  763): Backing up trace #1 to disk.
V/nofatclips(  763): Backing up trace #2 to disk.
V/nofatclips(  763): Backing up trace #3 to disk.
I/nofatclips(  763): Restarting
I/nofatclips(  763): Waiting for 100 msec.
D/nofatclips(  763): Ready to operate after restarting...
I/nofatclips(  763): Retrieving widgets
D/nofatclips(  763): Found widget: id=-1 (android.widget.LinearLayout@40ffff98)
D/nofatclips(  763): Found widget: id=16909076 (android.view.ViewStub@410029f0)
D/nofatclips(  763): Found widget: id=-1 (android.widget.FrameLayout@41001670)
D/nofatclips(  763): Found widget: id=16908310 (android.widget.TextView@4100a990): Standup Timer
D/nofatclips(  763): Found widget: id=16908290 (android.widget.FrameLayout@40fff480)
D/nofatclips(  763): Found widget: id=-1 (android.widget.LinearLayout@41006210)
D/nofatclips(  763): Found widget: id=-1 (android.widget.LinearLayout@41009370)
D/nofatclips(  763): Found widget: id=-1 (android.widget.TextView@4100da98): Number of participants
D/nofatclips(  763): Found widget: id=2131361798 (android.widget.EditText@4100e488): 2
D/nofatclips(  763): Found widget: id=-1 (android.widget.TextView@4100f400): Length of meeting
D/nofatclips(  763): Found widget: id=2131361799 (android.widget.LinearLayout@410098d0)
D/nofatclips(  763): Found widget: id=-1 (android.widget.Spinner@41046da8)
D/nofatclips(  763): Found widget: id=16908308 (android.widget.TextView@41016460): 5 min
D/nofatclips(  763): Found widget: id=-1 (android.widget.TextView@410111f0): Team
D/nofatclips(  763): Found widget: id=2131361800 (android.widget.Spinner@41046540)
D/nofatclips(  763): Found widget: id=16908308 (android.widget.TextView@41003cb8):  [No Team] 
D/nofatclips(  763): Found widget: id=2131361801 (android.widget.Button@41011f48): Start
D/nofatclips(  763): Found widget: id=-1 (com.android.internal.policy.impl.PhoneWindow$DecorView@410003c0)
I/nofatclips(  763): Playing Trace 3
I/nofatclips(  763): Retrieved from return list id=-1
D/nofatclips(  763): Testing for type (android.widget.LinearLayout) against the original (null)
I/nofatclips(  763): Firing event: type= openMenu name= widget=null
I/Choreographer(  763): Skipped 307 frames!  The application may be doing too much work on its main thread.
I/nofatclips(  763): Waiting for 100 msec.
I/Choreographer(  149): Skipped 32 frames!  The application may be doing too much work on its main thread.
I/Choreographer(  763): Skipped 110 frames!  The application may be doing too much work on its main thread.
I/nofatclips(  763): Current activity is ConfigureStandupTimer
I/nofatclips(  763): Retrieving widgets
D/nofatclips(  763): Found widget: id=16908939 (com.android.internal.view.menu.IconMenuView@4129eb88)
D/nofatclips(  763): Found widget: id=16908310 (com.android.internal.view.menu.IconMenuItemView@412a0418): Settings
D/nofatclips(  763): Found widget: id=16908310 (com.android.internal.view.menu.IconMenuItemView@412a29e8): Teams
D/nofatclips(  763): Found widget: id=16908310 (com.android.internal.view.menu.IconMenuItemView@412a6230): About
D/nofatclips(  763): Found widget: id=16908310 (com.android.internal.view.menu.IconMenuItemView@412a8698): Help
D/nofatclips(  763): Found widget: id=-1 (com.android.internal.policy.impl.PhoneWindow$DecorView@4129c2b8)
E/ReflectionHelper(  763): java.lang.NoSuchFieldException: mOnFocusChangeListener
V/ReflectionHelper(  763): com.android.internal.view.menu.IconMenuView > mOnFocusChangeListener NOT FOUND
V/nicola  (  763): TextualID : null
V/nicola  (  763): ContentType detected : default
V/nicola  (  763): TextualID : null
V/nicola  (  763): ContentType detected : default
V/nicola  (  763): TextualID : null
V/nicola  (  763): ContentType detected : default
V/nicola  (  763): TextualID : null
V/nicola  (  763): ContentType detected : default
I/nofatclips(  763): Performing comparation for activity ConfigureStandupTimer
D/nofatclips(  763): Comparing against activity ConfigureStandupTimer
I/nofatclips(  763): Registering activity ConfigureStandupTimer (id: a2) as a new found state
D/nofatclips(  763): Performing backup of the old activity list on disk
D/nofatclips(  763): Saving new found state 'a2' on disk
V/nofatclips(  763): Opening state file in append mode.
D/dalvikvm(  763): GC_CONCURRENT freed 2385K, 27% free 6595K/9031K, paused 23ms+14ms, total 278ms
D/dalvikvm(  763): WAIT_FOR_CONCURRENT_GC blocked 99ms
I/nofatclips(  763): Saved image on disk: a2.jpg
I/nofatclips(  763): Waiting for 100 msec.
I/nofatclips(  763): Session count is 1. Will dump to disk at 1
I/nofatclips(  763): Saving the session on disk. This is the first batch: the file will be created.
I/nofatclips(  763): Planning for new Activity ConfigureStandupTimer
D/nofatclips(  763): Handling event 'click' on widget id=16908310 type=menuItem name=Settings
D/nofatclips(  763): Handling event 'click' on widget id=16908310 type=menuItem name=Teams
D/nofatclips(  763): Handling event 'click' on widget id=16908310 type=menuItem name=About
D/nofatclips(  763): Handling event 'click' on widget id=16908310 type=menuItem name=Help
I/nofatclips(  763): Created trace to press the back button
I/nofatclips(  763): Created trace to press the menu button
I/nofatclips(  763): Created trace to change orientation
D/dalvikvm(  763): GC_CONCURRENT freed 472K, 27% free 6653K/9031K, paused 54ms+26ms, total 635ms
I/nofatclips(  763): Check for termination: 24 steps left of 25
I/nofatclips(  763): Dispatching new task. 9 more tasks remaining.
D/nofatclips(  763): Performing backup of the old task list on disk
D/nofatclips(  763): Saving task list on disk
V/nofatclips(  763): Backing up trace #0 to disk.
V/nofatclips(  763): Backing up trace #1 to disk.
V/nofatclips(  763): Backing up trace #2 to disk.
V/nofatclips(  763): Backing up trace #4 to disk.
V/nofatclips(  763): Backing up trace #5 to disk.
V/nofatclips(  763): Backing up trace #6 to disk.
V/nofatclips(  763): Backing up trace #7 to disk.
V/nofatclips(  763): Backing up trace #8 to disk.
V/nofatclips(  763): Backing up trace #9 to disk.
D/nofatclips(  763): Deleting backup of the old task list from disk
D/nofatclips(  763): Deleting backup of the old activity list from disk
I/nofatclips(  763): Incrementally Playing Trace 9
I/nofatclips(  763): Retrieved from return list id=16908939
D/nofatclips(  763): Testing for type (com.android.internal.view.menu.IconMenuView) against the original (null)
I/nofatclips(  763): Firing event: type= openMenu name= widget=null
D/dalvikvm(  763): GC_CONCURRENT freed 426K, 27% free 6643K/9031K, paused 21ms+10ms, total 251ms
I/nofatclips(  763): Waiting for 100 msec.
W/InputMethodManagerService(  149): Window already focused, ignoring focus gain of: com.android.internal.view.IInputMethodClient$Stub$Proxy@413f0300 attribute=null
I/Choreographer(  763): Skipped 186 frames!  The application may be doing too much work on its main thread.
I/Choreographer(  149): Skipped 41 frames!  The application may be doing too much work on its main thread.
I/nofatclips(  763): Current activity is ConfigureStandupTimer
I/nofatclips(  763): Retrieving widgets
D/nofatclips(  763): Found widget: id=-1 (android.widget.LinearLayout@40ffff98)
D/nofatclips(  763): Found widget: id=16909076 (android.view.ViewStub@410029f0)
D/nofatclips(  763): Found widget: id=-1 (android.widget.FrameLayout@41001670)
D/nofatclips(  763): Found widget: id=16908310 (android.widget.TextView@4100a990): Standup Timer
D/nofatclips(  763): Found widget: id=16908290 (android.widget.FrameLayout@40fff480)
D/nofatclips(  763): Found widget: id=-1 (android.widget.LinearLayout@41006210)
D/nofatclips(  763): Found widget: id=-1 (android.widget.LinearLayout@41009370)
D/nofatclips(  763): Found widget: id=-1 (android.widget.TextView@4100da98): Number of participants
D/nofatclips(  763): Found widget: id=2131361798 (android.widget.EditText@4100e488): 2
D/nofatclips(  763): Found widget: id=-1 (android.widget.TextView@4100f400): Length of meeting
D/nofatclips(  763): Found widget: id=2131361799 (android.widget.LinearLayout@410098d0)
D/nofatclips(  763): Found widget: id=-1 (android.widget.Spinner@41046da8)
D/nofatclips(  763): Found widget: id=16908308 (android.widget.TextView@41016460): 5 min
D/nofatclips(  763): Found widget: id=-1 (android.widget.TextView@410111f0): Team
D/nofatclips(  763): Found widget: id=2131361800 (android.widget.Spinner@41046540)
D/nofatclips(  763): Found widget: id=16908308 (android.widget.TextView@41003cb8):  [No Team] 
D/nofatclips(  763): Found widget: id=2131361801 (android.widget.Button@41011f48): Start
D/nofatclips(  763): Found widget: id=-1 (com.android.internal.policy.impl.PhoneWindow$DecorView@410003c0)
V/nicola  (  763): TextualID : null
V/nicola  (  763): ContentType detected : default
V/nicola  (  763): TextualID : null
V/nicola  (  763): ContentType detected : default
E/ReflectionHelper(  763): java.lang.NoSuchFieldException: mOnFocusChangeListener
V/ReflectionHelper(  763): android.widget.EditText > mOnFocusChangeListener NOT FOUND
V/nicola  (  763): TextualID : num_participants
V/nicola  (  763): ContentType detected : default
V/nicola  (  763): TextualID : null
V/nicola  (  763): ContentType detected : default
V/nicola  (  763): TextualID : null
V/nicola  (  763): ContentType detected : default
V/nicola  (  763): TextualID : null
V/nicola  (  763): ContentType detected : default
V/nicola  (  763): TextualID : null
V/nicola  (  763): ContentType detected : default
V/nicola  (  763): TextualID : start_button
V/nicola  (  763): ContentType detected : default
I/nofatclips(  763): Performing comparation for activity ConfigureStandupTimer
D/nofatclips(  763): Comparing against activity ConfigureStandupTimer
D/nofatclips(  763): Comparing against activity ConfigureStandupTimer
I/nofatclips(  763): Registering activity ConfigureStandupTimer (id: a3) as a new found state
D/nofatclips(  763): Performing backup of the old activity list on disk
D/nofatclips(  763): Saving new found state 'a3' on disk
V/nofatclips(  763): Opening state file in append mode.
D/dalvikvm(  763): GC_FOR_ALLOC freed 271K, 27% free 6643K/9031K, paused 112ms, total 118ms
I/dalvikvm-heap(  763): Grow heap (frag case) to 7.119MB for 614416-byte allocation
D/dalvikvm(  763): GC_FOR_ALLOC freed 5K, 20% free 7237K/9031K, paused 96ms, total 96ms
D/dalvikvm(  763): GC_CONCURRENT freed <1K, 20% free 7238K/9031K, paused 40ms+14ms, total 168ms
D/dalvikvm(  763): WAIT_FOR_CONCURRENT_GC blocked 63ms
D/dalvikvm(  763): GC_FOR_ALLOC freed 0K, 20% free 7238K/9031K, paused 81ms, total 81ms
I/dalvikvm-heap(  763): Grow heap (frag case) to 7.700MB for 614416-byte allocation
D/dalvikvm(  763): GC_CONCURRENT freed 0K, 14% free 7838K/9031K, paused 23ms+11ms, total 92ms
D/dalvikvm(  763): WAIT_FOR_CONCURRENT_GC blocked 69ms
I/nofatclips(  763): Saved image on disk: a3.jpg
I/nofatclips(  763): Waiting for 100 msec.
D/dalvikvm(  763): GC_CONCURRENT freed 1213K, 20% free 7238K/9031K, paused 43ms+11ms, total 322ms
I/nofatclips(  763): Session count is 1. Will dump to disk at 1
I/nofatclips(  763): Saving the session on disk.
I/nofatclips(  763): Planning for new Activity ConfigureStandupTimer
D/nofatclips(  763): Handling event selectSpinnerItem for items [1,1] on spinner #2131361800 count=1
D/nofatclips(  763): Handling input 'writeText' on widget id=2131361798 type=editText name=
V/nofatclips(  763): Using value: 21
D/nofatclips(  763): Handling event 'click' on widget id=2131361801 type=button name=Start
D/nofatclips(  763): Handling input 'writeText' on widget id=2131361798 type=editText name=
V/nofatclips(  763): Using value: 21
I/nofatclips(  763): Created trace to press the back button
I/nofatclips(  763): Created trace to press the menu button
I/nofatclips(  763): Created trace to change orientation
I/nofatclips(  763): Check for termination: 23 steps left of 25
I/nofatclips(  763): Dispatching new task. 10 more tasks remaining.
D/nofatclips(  763): Performing backup of the old task list on disk
D/nofatclips(  763): Saving task list on disk
V/nofatclips(  763): Backing up trace #2 to disk.
V/nofatclips(  763): Backing up trace #4 to disk.
V/nofatclips(  763): Backing up trace #5 to disk.
V/nofatclips(  763): Backing up trace #6 to disk.
V/nofatclips(  763): Backing up trace #7 to disk.
D/dalvikvm(  763): GC_CONCURRENT freed 1062K, 27% free 6681K/9031K, paused 18ms+9ms, total 158ms
D/dalvikvm(  763): WAIT_FOR_CONCURRENT_GC blocked 55ms
V/nofatclips(  763): Backing up trace #8 to disk.
V/nofatclips(  763): Backing up trace #10 to disk.
V/nofatclips(  763): Backing up trace #11 to disk.
V/nofatclips(  763): Backing up trace #12 to disk.
V/nofatclips(  763): Backing up trace #13 to disk.
D/nofatclips(  763): Deleting backup of the old task list from disk
D/nofatclips(  763): Deleting backup of the old activity list from disk
I/nofatclips(  763): Incrementally Playing Trace 13
I/nofatclips(  763): Retrieved from return list id=-1
D/nofatclips(  763): Testing for type (android.widget.LinearLayout) against the original (null)
I/nofatclips(  763): Firing event: type= openMenu name= widget=null
I/Choreographer(  763): Skipped 42 frames!  The application may be doing too much work on its main thread.
I/nofatclips(  763): Waiting for 100 msec.
I/Choreographer(  763): Skipped 32 frames!  The application may be doing too much work on its main thread.
I/Choreographer(  149): Skipped 36 frames!  The application may be doing too much work on its main thread.
I/Choreographer(  763): Skipped 71 frames!  The application may be doing too much work on its main thread.
I/nofatclips(  763): Current activity is ConfigureStandupTimer
I/nofatclips(  763): Retrieving widgets
D/nofatclips(  763): Found widget: id=16908939 (com.android.internal.view.menu.IconMenuView@4129eb88)
D/nofatclips(  763): Found widget: id=16908310 (com.android.internal.view.menu.IconMenuItemView@412a0418): Settings
D/nofatclips(  763): Found widget: id=16908310 (com.android.internal.view.menu.IconMenuItemView@412a29e8): Teams
D/nofatclips(  763): Found widget: id=16908310 (com.android.internal.view.menu.IconMenuItemView@412a6230): About
D/nofatclips(  763): Found widget: id=16908310 (com.android.internal.view.menu.IconMenuItemView@412a8698): Help
D/nofatclips(  763): Found widget: id=-1 (com.android.internal.policy.impl.PhoneWindow$DecorView@4129c2b8)
E/ReflectionHelper(  763): java.lang.NoSuchFieldException: mOnFocusChangeListener
V/ReflectionHelper(  763): com.android.internal.view.menu.IconMenuView > mOnFocusChangeListener NOT FOUND
V/nicola  (  763): TextualID : null
V/nicola  (  763): ContentType detected : default
V/nicola  (  763): TextualID : null
V/nicola  (  763): ContentType detected : default
V/nicola  (  763): TextualID : null
V/nicola  (  763): ContentType detected : default
V/nicola  (  763): TextualID : null
V/nicola  (  763): ContentType detected : default
I/nofatclips(  763): Performing comparation for activity ConfigureStandupTimer
D/nofatclips(  763): Comparing against activity ConfigureStandupTimer
D/nofatclips(  763): Comparing against activity ConfigureStandupTimer
D/nofatclips(  763): Comparing against activity ConfigureStandupTimer
I/nofatclips(  763): Registering activity ConfigureStandupTimer (id: a4) as a new found state
D/nofatclips(  763): Performing backup of the old activity list on disk
D/nofatclips(  763): Saving new found state 'a4' on disk
V/nofatclips(  763): Opening state file in append mode.
D/dalvikvm(  763): GC_CONCURRENT freed 450K, 27% free 6677K/9031K, paused 60ms+14ms, total 262ms
D/dalvikvm(  763): WAIT_FOR_CONCURRENT_GC blocked 80ms
I/nofatclips(  763): Saved image on disk: a4.jpg
I/nofatclips(  763): Waiting for 100 msec.
I/nofatclips(  763): Session count is 1. Will dump to disk at 1
I/nofatclips(  763): Saving the session on disk.
I/nofatclips(  763): Planning for new Activity ConfigureStandupTimer
D/nofatclips(  763): Handling event 'click' on widget id=16908310 type=menuItem name=Settings
D/nofatclips(  763): Handling event 'click' on widget id=16908310 type=menuItem name=Teams
D/nofatclips(  763): Handling event 'click' on widget id=16908310 type=menuItem name=About
D/nofatclips(  763): Handling event 'click' on widget id=16908310 type=menuItem name=Help
I/nofatclips(  763): Created trace to press the back button
D/dalvikvm(  763): GC_CONCURRENT freed 471K, 26% free 6739K/9031K, paused 69ms+53ms, total 1173ms
I/nofatclips(  763): Created trace to press the menu button
I/nofatclips(  763): Created trace to change orientation
I/nofatclips(  763): Check for termination: 22 steps left of 25
I/nofatclips(  763): Dispatching new task. 10 more tasks remaining.
D/nofatclips(  763): Performing backup of the old task list on disk
D/nofatclips(  763): Saving task list on disk
V/nofatclips(  763): Backing up trace #8 to disk.
V/nofatclips(  763): Backing up trace #10 to disk.
V/nofatclips(  763): Backing up trace #11 to disk.
V/nofatclips(  763): Backing up trace #12 to disk.
V/nofatclips(  763): Backing up trace #14 to disk.
V/nofatclips(  763): Backing up trace #15 to disk.
V/nofatclips(  763): Backing up trace #16 to disk.
D/dalvikvm(  763): GC_CONCURRENT freed 487K, 26% free 6762K/9031K, paused 23ms+14ms, total 268ms
D/dalvikvm(  763): WAIT_FOR_CONCURRENT_GC blocked 87ms
V/nofatclips(  763): Backing up trace #17 to disk.
V/nofatclips(  763): Backing up trace #18 to disk.
V/nofatclips(  763): Backing up trace #19 to disk.
D/nofatclips(  763): Deleting backup of the old task list from disk
D/nofatclips(  763): Deleting backup of the old activity list from disk
I/nofatclips(  763): Incrementally Playing Trace 19
I/nofatclips(  763): Retrieved from return list id=16908310
D/nofatclips(  763): Testing for type (com.android.internal.view.menu.IconMenuItemView) against the original (com.android.internal.view.menu.IconMenuItemView)
D/nofatclips(  763): Testing for name (Help) against the original (Help)
I/nofatclips(  763): Firing event: type= click index=4 widget=com.android.internal.view.menu.IconMenuItemView
D/nofatclips(  763): Event description: Help
D/StandupTimer(  763): Displaying the help dialog
I/nofatclips(  763): Waiting for 100 msec.
I/ActivityManager(  149): START {cmp=net.johnpwood.android.standuptimer/.Help u=0} from pid 763
W/WindowManager(  149): Failure taking screenshot for (164x246) to layer 21015
I/Choreographer(  763): Skipped 134 frames!  The application may be doing too much work on its main thread.
I/Choreographer(  149): Skipped 70 frames!  The application may be doing too much work on its main thread.
