D/nofatclips(  249): Found widget: id=-1 (android.widget.LinearLayout@40713e70)
D/nofatclips(  249): Found widget: id=-1 (android.widget.LinearLayout@405a26a8)
D/nofatclips(  249): Found widget: id=2131165255 (android.widget.LinearLayout@405e8ad0)
D/nofatclips(  249): Found widget: id=-1 (android.widget.ImageView@405f4c00)
D/nofatclips(  249): Found widget: id=2131165256 (android.widget.TextView@4070b5c0): Posts
D/nofatclips(  249): Found widget: id=2131165257 (android.widget.LinearLayout@40738c88)
D/nofatclips(  249): Found widget: id=-1 (android.widget.ImageView@4066cf68)
D/nofatclips(  249): Found widget: id=2131165256 (android.widget.TextView@406c2ae0): Pages
D/nofatclips(  249): Found widget: id=-1 (android.widget.FrameLayout@40719c68)
D/nofatclips(  249): Found widget: id=2131165258 (android.widget.LinearLayout@40719dc0)
D/nofatclips(  249): Found widget: id=-1 (android.widget.ImageView@405e9910)
D/nofatclips(  249): Found widget: id=2131165256 (android.widget.TextView@405d38c8): Comments
D/nofatclips(  249): Found widget: id=2131165259 (android.widget.FrameLayout@40660120)
D/nofatclips(  249): Found widget: id=2131165260 (android.widget.ImageView@405fcf68)
D/nofatclips(  249): Found widget: id=2131165261 (org.wordpress.android.util.CommentBadgeTextView@405b0af0): 0
D/nofatclips(  249): Found widget: id=-1 (android.widget.LinearLayout@4062fe38)
D/nofatclips(  249): Found widget: id=2131165262 (android.widget.LinearLayout@40647600)
D/nofatclips(  249): Found widget: id=-1 (android.widget.ImageView@40657688)
D/nofatclips(  249): Found widget: id=2131165256 (android.widget.TextView@406f7f80): Settings
D/nofatclips(  249): Found widget: id=2131165263 (android.widget.LinearLayout@4075dec0)
D/nofatclips(  249): Found widget: id=-1 (android.widget.ImageView@406a2ad8)
D/nofatclips(  249): Found widget: id=2131165256 (android.widget.TextView@406e4da8): Read
D/nofatclips(  249): Found widget: id=2131165264 (android.widget.LinearLayout@40706248)
D/nofatclips(  249): Found widget: id=-1 (android.widget.ImageView@406f5138)
D/nofatclips(  249): Found widget: id=2131165256 (android.widget.TextView@405d6708): Stats
D/nofatclips(  249): Found widget: id=-1 (com.android.internal.policy.impl.PhoneWindow$DecorView@405d6b88)
V/nicola  (  249): TextualID : blog_title
V/nicola  (  249): ContentType detected : default
V/nicola  (  249): TextualID : action_refresh
V/nicola  (  249): ContentType detected : default
I/nofatclips(  249): Performing comparation for activity Comments
D/nofatclips(  249): Comparing against activity Preferences
D/nofatclips(  249): Comparing against activity Dashboard
D/nofatclips(  249): Comparing against activity Preferences
D/nofatclips(  249): Comparing against activity Read
D/nofatclips(  249): Comparing against activity Comments
D/nofatclips(  249): Comparing against activity Dashboard
D/nofatclips(  249): Comparing against activity Comments
D/nofatclips(  249): Comparing against activity Dashboard
D/nofatclips(  249): Comparing against activity Preferences
D/nofatclips(  249): Comparing against activity Dashboard
D/nofatclips(  249): Comparing against activity Dashboard
I/nofatclips(  249): Registering activity Comments (id: a12) as a new found state
D/nofatclips(  249): Performing backup of the old activity list on disk
D/nofatclips(  249): Saving new found state 'a12' on disk
V/nofatclips(  249): Opening state file in append mode.
I/nofatclips(  249): Saved image on disk: a12.jpg
I/nofatclips(  249): Waiting for 100 msec.
I/nofatclips(  249): Session count is 1. Will dump to disk at 1
I/nofatclips(  249): Saving the session on disk.
I/nofatclips(  249): Planning for new Activity Comments
D/nofatclips(  249): Handling event 'click' on widget id=2131165200 type=button name=
D/nofatclips(  249): Handling event 'click' on widget id=2131165201 type=button name=
I/nofatclips(  249): Created trace to press the back button
I/nofatclips(  249): Created trace to press the menu button
I/nofatclips(  249): Created trace to change orientation
D/dalvikvm(  249): GC_CONCURRENT freed 1280K, 48% free 4734K/9095K, external 4447K/4560K, paused 4ms+5ms
I/nofatclips(  249): Check for termination: 89 steps left of 100
I/nofatclips(  249): Dispatching new task. 2 more tasks remaining.
D/nofatclips(  249): Performing backup of the old task list on disk
D/nofatclips(  249): Saving task list on disk
V/nofatclips(  249): Backing up trace #103 to disk.
V/nofatclips(  249): Backing up trace #104 to disk.
D/nofatclips(  249): Deleting backup of the old task list from disk
D/nofatclips(  249): Deleting backup of the old activity list from disk
I/nofatclips(  249): Incrementally Playing Trace 104
I/nofatclips(  249): Retrieved from return list id=16908290
D/nofatclips(  249): Testing for type (android.widget.FrameLayout) against the original (null)
I/nofatclips(  249): Firing event: type= openMenu name= widget=null
W/KeyCharacterMap(  249): No keyboard for id 0
W/KeyCharacterMap(  249): Using default keymap: /system/usr/keychars/qwerty.kcm.bin
I/nofatclips(  249): Waiting for 100 msec.
I/nofatclips(  249): Current activity is Comments
I/nofatclips(  249): Retrieving widgets
D/nofatclips(  249): Found widget: id=16908290 (android.widget.FrameLayout@405d9588)
D/nofatclips(  249): Found widget: id=2131165241 (android.widget.RelativeLayout@4064e158)
D/nofatclips(  249): Found widget: id=2131165242 (android.widget.LinearLayout@405a8188)
D/nofatclips(  249): Found widget: id=2131165243 (android.support.v4.app.NoSaveStateFrameLayout@406d5c78)
D/nofatclips(  249): Found widget: id=2131165307 (android.widget.RelativeLayout@405ad200)
D/nofatclips(  249): Found widget: id=16908298 (android.widget.ListView@405fcb88)
D/nofatclips(  249): Found widget: id=2131165308 (android.widget.RelativeLayout@405adf78)
D/nofatclips(  249): Found widget: id=2131165309 (android.widget.Button@405d9870): Delete
D/nofatclips(  249): Found widget: id=2131165310 (android.widget.Button@40609e68): Approve
D/nofatclips(  249): Found widget: id=2131165311 (android.widget.Button@40687918): Unapprove
D/nofatclips(  249): Found widget: id=2131165312 (android.widget.Button@406cb870): Spam
D/nofatclips(  249): Found widget: id=2131165244 (org.wordpress.android.util.WPTitleBar@405b0478)
D/nofatclips(  249): Found widget: id=2131165195 (android.widget.RelativeLayout@406f4740)
D/nofatclips(  249): Found widget: id=2131165196 (android.widget.RelativeLayout@4057b188)
D/nofatclips(  249): Found widget: id=2131165197 (android.widget.ImageView@405a4cc8)
D/nofatclips(  249): Found widget: id=2131165198 (android.widget.TextView@406c47b8): Katie's Sweet Testing Blog
D/nofatclips(  249): Found widget: id=2131165199 (android.widget.ImageView@405ad8d0)
D/nofatclips(  249): Found widget: id=-1 (android.widget.RelativeLayout@405fb6c8)
D/nofatclips(  249): Found widget: id=2131165200 (android.widget.ImageButton@4066f690)
D/nofatclips(  249): Found widget: id=-1 (android.widget.FrameLayout@405382a0)
D/nofatclips(  249): Found widget: id=2131165201 (android.widget.Button@4057dc98): 
D/nofatclips(  249): Found widget: id=2131165202 (android.widget.ImageView@405d5568)
D/nofatclips(  249): Found widget: id=2131165203 (android.widget.ImageView@406074d8)
D/nofatclips(  249): Found widget: id=2131165204 (android.widget.LinearLayout@40608328)
D/nofatclips(  249): Found widget: id=-1 (android.widget.FrameLayout@406666d0)
D/nofatclips(  249): Found widget: id=-1 (android.widget.LinearLayout@406ce4c0)
D/nofatclips(  249): Found widget: id=-1 (android.widget.LinearLayout@40670f10)
D/nofatclips(  249): Found widget: id=-1 (android.widget.LinearLayout@40538b50)
D/nofatclips(  249): Found widget: id=2131165251 (android.widget.LinearLayout@405cec60)
D/nofatclips(  249): Found widget: id=-1 (android.widget.ImageView@4069f150)
D/nofatclips(  249): Found widget: id=2131165256 (android.widget.TextView@4060fb68): New Post
D/nofatclips(  249): Found widget: id=2131165253 (android.widget.LinearLayout@406f5430)
D/nofatclips(  249): Found widget: id=-1 (android.widget.ImageView@405b72e0)
D/nofatclips(  249): Found widget: id=2131165256 (android.widget.TextView@405d8ff8): New Page
D/nofatclips(  249): Found widget: id=-1 (android.widget.LinearLayout@4061c5b8)
D/nofatclips(  249): Found widget: id=2131165252 (android.widget.LinearLayout@4061c708)
D/nofatclips(  249): Found widget: id=-1 (android.widget.ImageView@4060a388)
D/nofatclips(  249): Found widget: id=2131165256 (android.widget.TextView@405b8350): Quick Photo
D/nofatclips(  249): Found widget: id=2131165254 (android.widget.LinearLayout@4070bf30)
D/nofatclips(  249): Found widget: id=-1 (android.widget.ImageView@4070c218)
D/nofatclips(  249): Found widget: id=2131165256 (android.widget.TextView@406c2ea8): Quick Video
D/nofatclips(  249): Found widget: id=-1 (android.widget.LinearLayout@40713e70)
D/nofatclips(  249): Found widget: id=-1 (android.widget.LinearLayout@405a26a8)
D/nofatclips(  249): Found widget: id=2131165255 (android.widget.LinearLayout@405e8ad0)
D/nofatclips(  249): Found widget: id=-1 (android.widget.ImageView@405f4c00)
D/nofatclips(  249): Found widget: id=2131165256 (android.widget.TextView@4070b5c0): Posts
D/nofatclips(  249): Found widget: id=2131165257 (android.widget.LinearLayout@40738c88)
D/nofatclips(  249): Found widget: id=-1 (android.widget.ImageView@4066cf68)
D/nofatclips(  249): Found widget: id=2131165256 (android.widget.TextView@406c2ae0): Pages
D/nofatclips(  249): Found widget: id=-1 (android.widget.FrameLayout@40719c68)
D/nofatclips(  249): Found widget: id=2131165258 (android.widget.LinearLayout@40719dc0)
D/nofatclips(  249): Found widget: id=-1 (android.widget.ImageView@405e9910)
D/nofatclips(  249): Found widget: id=2131165256 (android.widget.TextView@405d38c8): Comments
D/nofatclips(  249): Found widget: id=2131165259 (android.widget.FrameLayout@40660120)
D/nofatclips(  249): Found widget: id=2131165260 (android.widget.ImageView@405fcf68)
D/nofatclips(  249): Found widget: id=2131165261 (org.wordpress.android.util.CommentBadgeTextView@405b0af0): 0
D/nofatclips(  249): Found widget: id=-1 (android.widget.LinearLayout@4062fe38)
D/nofatclips(  249): Found widget: id=2131165262 (android.widget.LinearLayout@40647600)
D/nofatclips(  249): Found widget: id=-1 (android.widget.ImageView@40657688)
D/nofatclips(  249): Found widget: id=2131165256 (android.widget.TextView@406f7f80): Settings
D/nofatclips(  249): Found widget: id=2131165263 (android.widget.LinearLayout@4075dec0)
D/nofatclips(  249): Found widget: id=-1 (android.widget.ImageView@406a2ad8)
D/nofatclips(  249): Found widget: id=2131165256 (android.widget.TextView@406e4da8): Read
D/nofatclips(  249): Found widget: id=2131165264 (android.widget.LinearLayout@40706248)
D/nofatclips(  249): Found widget: id=-1 (android.widget.ImageView@406f5138)
D/nofatclips(  249): Found widget: id=2131165256 (android.widget.TextView@405d6708): Stats
D/nofatclips(  249): Found widget: id=-1 (com.android.internal.policy.impl.PhoneWindow$DecorView@405d6b88)
V/nicola  (  249): TextualID : blog_title
V/nicola  (  249): ContentType detected : default
V/nicola  (  249): TextualID : action_refresh
V/nicola  (  249): ContentType detected : default
I/nofatclips(  249): Performing comparation for activity Comments
D/nofatclips(  249): Comparing against activity Preferences
D/nofatclips(  249): Comparing against activity Dashboard
D/nofatclips(  249): Comparing against activity Comments
D/nofatclips(  249): Comparing against activity Preferences
D/nofatclips(  249): Comparing against activity Read
D/nofatclips(  249): Comparing against activity Comments
D/nofatclips(  249): Comparing against activity Dashboard
D/nofatclips(  249): Comparing against activity Comments
D/nofatclips(  249): Comparing against activity Dashboard
D/nofatclips(  249): Comparing against activity Preferences
D/nofatclips(  249): Comparing against activity Dashboard
D/nofatclips(  249): Comparing against activity Dashboard
I/nofatclips(  249): Registering activity Comments (id: a13) as a new found state
D/nofatclips(  249): Performing backup of the old activity list on disk
D/nofatclips(  249): Saving new found state 'a13' on disk
V/nofatclips(  249): Opening state file in append mode.
I/nofatclips(  249): Saved image on disk: a13.jpg
I/nofatclips(  249): Waiting for 100 msec.
I/nofatclips(  249): Session count is 1. Will dump to disk at 1
I/nofatclips(  249): Saving the session on disk.
I/nofatclips(  249): Planning for new Activity Comments
D/nofatclips(  249): Handling event 'click' on widget id=2131165200 type=button name=
D/nofatclips(  249): Handling event 'click' on widget id=2131165201 type=button name=
I/nofatclips(  249): Created trace to press the back button
I/nofatclips(  249): Created trace to press the menu button
I/nofatclips(  249): Created trace to change orientation
D/dalvikvm(  249): GC_CONCURRENT freed 2170K, 50% free 4754K/9415K, external 3839K/4045K, paused 3ms+5ms
I/nofatclips(  249): Check for termination: 88 steps left of 100
I/nofatclips(  249): Dispatching new task. 2 more tasks remaining.
D/nofatclips(  249): Performing backup of the old task list on disk
D/nofatclips(  249): Saving task list on disk
V/nofatclips(  249): Backing up trace #108 to disk.
V/nofatclips(  249): Backing up trace #109 to disk.
D/nofatclips(  249): Deleting backup of the old task list from disk
D/nofatclips(  249): Deleting backup of the old activity list from disk
I/nofatclips(  249): Incrementally Playing Trace 109
I/nofatclips(  249): Retrieved from return list id=16908290
D/nofatclips(  249): Testing for type (android.widget.FrameLayout) against the original (null)
I/nofatclips(  249): Firing event: type= changeOrientation name= widget=null
D/dalvikvm(  249): GREF has increased to 201
D/dalvikvm(  249): GC_CONCURRENT freed 1302K, 42% free 5476K/9415K, external 3239K/4045K, paused 5ms+5ms
I/WindowManager(   61): Setting rotation to 1, animFlags=1
I/ActivityManager(   61): Config changed: { scale=1.0 imsi=310/260 loc=en_US touch=3 keys=2/1/2 nav=1/1 orien=2 layout=18 uiMode=17 seq=7}
I/nofatclips(  249): Waiting for 100 msec.
D/dalvikvm(  121): GC_CONCURRENT freed 228K, 51% free 2809K/5703K, external 972K/1038K, paused 5ms+32ms
I/nofatclips(  249): Current activity is Comments
I/nofatclips(  249): Retrieving widgets
D/nofatclips(  249): Found widget: id=16908290 (android.widget.FrameLayout@405d9588)
D/nofatclips(  249): Found widget: id=2131165241 (android.widget.RelativeLayout@4064e158)
D/nofatclips(  249): Found widget: id=2131165242 (android.widget.LinearLayout@405a8188)
D/nofatclips(  249): Found widget: id=2131165243 (android.support.v4.app.NoSaveStateFrameLayout@406d5c78)
D/nofatclips(  249): Found widget: id=2131165307 (android.widget.RelativeLayout@405ad200)
D/nofatclips(  249): Found widget: id=16908298 (android.widget.ListView@405fcb88)
D/nofatclips(  249): Found widget: id=2131165308 (android.widget.RelativeLayout@405adf78)
D/nofatclips(  249): Found widget: id=2131165309 (android.widget.Button@405d9870): Delete
D/nofatclips(  249): Found widget: id=2131165310 (android.widget.Button@40609e68): Approve
D/nofatclips(  249): Found widget: id=2131165311 (android.widget.Button@40687918): Unapprove
D/nofatclips(  249): Found widget: id=2131165312 (android.widget.Button@406cb870): Spam
D/nofatclips(  249): Found widget: id=2131165244 (org.wordpress.android.util.WPTitleBar@405b0478)
D/nofatclips(  249): Found widget: id=2131165195 (android.widget.RelativeLayout@406f4740)
D/nofatclips(  249): Found widget: id=2131165196 (android.widget.RelativeLayout@4057b188)
D/nofatclips(  249): Found widget: id=2131165197 (android.widget.ImageView@405a4cc8)
D/nofatclips(  249): Found widget: id=2131165198 (android.widget.TextView@406c47b8): Katie's Sweet Testing Blog
D/nofatclips(  249): Found widget: id=2131165199 (android.widget.ImageView@405ad8d0)
D/nofatclips(  249): Found widget: id=-1 (android.widget.RelativeLayout@405fb6c8)
D/nofatclips(  249): Found widget: id=2131165200 (android.widget.ImageButton@4066f690)
D/nofatclips(  249): Found widget: id=-1 (android.widget.FrameLayout@405382a0)
D/nofatclips(  249): Found widget: id=2131165201 (android.widget.Button@4057dc98): 
D/nofatclips(  249): Found widget: id=2131165202 (android.widget.ImageView@405d5568)
D/nofatclips(  249): Found widget: id=2131165203 (android.widget.ImageView@406074d8)
D/nofatclips(  249): Found widget: id=2131165249 (android.widget.LinearLayout@40642658)
D/nofatclips(  249): Found widget: id=-1 (android.widget.FrameLayout@406733d0)
D/nofatclips(  249): Found widget: id=-1 (android.widget.LinearLayout@4065a4d0)
D/nofatclips(  249): Found widget: id=-1 (android.widget.LinearLayout@4066f138)
D/nofatclips(  249): Found widget: id=-1 (android.widget.LinearLayout@4067f170)
D/nofatclips(  249): Found widget: id=2131165251 (android.widget.LinearLayout@40681390)
D/nofatclips(  249): Found widget: id=-1 (android.widget.ImageView@406abf20)
D/nofatclips(  249): Found widget: id=-1 (android.widget.TextView@40634e28): New Post
D/nofatclips(  249): Found widget: id=2131165252 (android.widget.LinearLayout@406b0c98)
D/nofatclips(  249): Found widget: id=-1 (android.widget.ImageView@406b1ca8)
D/nofatclips(  249): Found widget: id=-1 (android.widget.TextView@40657eb8): Quick Photo
D/nofatclips(  249): Found widget: id=-1 (android.widget.LinearLayout@4073b970)
D/nofatclips(  249): Found widget: id=2131165253 (android.widget.LinearLayout@4078bea8)
D/nofatclips(  249): Found widget: id=-1 (android.widget.ImageView@407a8220)
D/nofatclips(  249): Found widget: id=-1 (android.widget.TextView@406893e0): New Page
D/nofatclips(  249): Found widget: id=2131165254 (android.widget.LinearLayout@407ac320)
D/nofatclips(  249): Found widget: id=-1 (android.widget.ImageView@407ad4b0)
D/nofatclips(  249): Found widget: id=-1 (android.widget.TextView@406fe088): Quick Video
D/nofatclips(  249): Found widget: id=-1 (android.widget.LinearLayout@407ae568)
D/nofatclips(  249): Found widget: id=-1 (android.widget.LinearLayout@407af578)
D/nofatclips(  249): Found widget: id=2131165255 (android.widget.LinearLayout@407b0660)
D/nofatclips(  249): Found widget: id=-1 (android.widget.ImageView@407d9a40)
D/nofatclips(  249): Found widget: id=2131165256 (android.widget.TextView@4075eb00): Posts
D/nofatclips(  249): Found widget: id=2131165257 (android.widget.LinearLayout@409065f8)
D/nofatclips(  249): Found widget: id=-1 (android.widget.ImageView@40931468)
D/nofatclips(  249): Found widget: id=2131165256 (android.widget.TextView@40910308): Pages
D/nofatclips(  249): Found widget: id=-1 (android.widget.FrameLayout@406b3d90)
D/nofatclips(  249): Found widget: id=2131165258 (android.widget.LinearLayout@406b49e8)
D/nofatclips(  249): Found widget: id=-1 (android.widget.ImageView@406d1108)
D/nofatclips(  249): Found widget: id=2131165256 (android.widget.TextView@405c4f80): Comments
D/nofatclips(  249): Found widget: id=2131165259 (android.widget.FrameLayout@4071bf80)
D/nofatclips(  249): Found widget: id=2131165260 (android.widget.ImageView@40739af0)
D/nofatclips(  249): Found widget: id=2131165261 (org.wordpress.android.util.CommentBadgeTextView@405e6260): 0
D/nofatclips(  249): Found widget: id=-1 (android.widget.LinearLayout@4073feb0)
D/nofatclips(  249): Found widget: id=2131165262 (android.widget.LinearLayout@4078db70)
D/nofatclips(  249): Found widget: id=-1 (android.widget.ImageView@407d5280)
D/nofatclips(  249): Found widget: id=2131165256 (android.widget.TextView@405ec2e0): Settings
D/nofatclips(  249): Found widget: id=2131165263 (android.widget.LinearLayout@408bd130)
D/nofatclips(  249): Found widget: id=-1 (android.widget.ImageView@4070f3a8)
D/nofatclips(  249): Found widget: id=2131165256 (android.widget.TextView@406fc010): Read
D/nofatclips(  249): Found widget: id=2131165264 (android.widget.LinearLayout@407af2d8)
D/nofatclips(  249): Found widget: id=-1 (android.widget.ImageView@40854850)
D/nofatclips(  249): Found widget: id=2131165256 (android.widget.TextView@4070dce8): Stats
D/nofatclips(  249): Found widget: id=-1 (com.android.internal.policy.impl.PhoneWindow$DecorView@405d6b88)
V/nicola  (  249): TextualID : blog_title
V/nicola  (  249): ContentType detected : default
V/nicola  (  249): TextualID : action_refresh
V/nicola  (  249): ContentType detected : default
I/nofatclips(  249): Performing comparation for activity Comments
D/nofatclips(  249): Comparing against activity Preferences
D/nofatclips(  249): Comparing against activity Dashboard
D/nofatclips(  249): Comparing against activity Comments
D/nofatclips(  249): Comparing against activity Preferences
D/nofatclips(  249): Comparing against activity Read
D/nofatclips(  249): Comparing against activity Comments
D/nofatclips(  249): Comparing against activity Dashboard
D/nofatclips(  249): Comparing against activity Comments
D/nofatclips(  249): Comparing against activity Dashboard
D/nofatclips(  249): Comparing against activity Preferences
D/nofatclips(  249): Comparing against activity Comments
D/nofatclips(  249): Comparing against activity Dashboard
D/nofatclips(  249): Comparing against activity Dashboard
I/nofatclips(  249): Registering activity Comments (id: a14) as a new found state
D/nofatclips(  249): Performing backup of the old activity list on disk
D/nofatclips(  249): Saving new found state 'a14' on disk
V/nofatclips(  249): Opening state file in append mode.
D/dalvikvm(  249): GC_EXTERNAL_ALLOC freed 1424K, 46% free 5125K/9415K, external 3621K/4045K, paused 88ms
I/nofatclips(  249): Saved image on disk: a14.jpg
I/nofatclips(  249): Waiting for 100 msec.
I/nofatclips(  249): Session count is 1. Will dump to disk at 1
I/nofatclips(  249): Saving the session on disk.
I/nofatclips(  249): Planning for new Activity Comments
D/nofatclips(  249): Handling event 'click' on widget id=2131165200 type=button name=
D/nofatclips(  249): Handling event 'click' on widget id=2131165201 type=button name=
I/nofatclips(  249): Created trace to press the back button
I/nofatclips(  249): Created trace to press the menu button
I/nofatclips(  249): Created trace to change orientation
I/nofatclips(  249): Check for termination: 87 steps left of 100
I/nofatclips(  249): Dispatching new task. 2 more tasks remaining.
D/nofatclips(  249): Performing backup of the old task list on disk
D/nofatclips(  249): Saving task list on disk
V/nofatclips(  249): Backing up trace #113 to disk.
V/nofatclips(  249): Backing up trace #114 to disk.
D/nofatclips(  249): Deleting backup of the old task list from disk
D/nofatclips(  249): Deleting backup of the old activity list from disk
I/nofatclips(  249): Incrementally Playing Trace 114
D/nofatclips(  249): Firing event: type= back
D/dalvikvm(   61): GC_EXPLICIT freed 115K, 46% free 4118K/7623K, external 1316K/1828K, paused 143ms
I/WindowManager(   61): Setting rotation to 0, animFlags=1
I/ActivityManager(   61): Config changed: { scale=1.0 imsi=310/260 loc=en_US touch=3 keys=2/1/2 nav=1/1 orien=1 layout=18 uiMode=17 seq=8}
I/nofatclips(  249): Waiting for 100 msec.
I/nofatclips(  249): Current activity is Dashboard
I/nofatclips(  249): Retrieving widgets
D/nofatclips(  249): Found widget: id=16908290 (android.widget.FrameLayout@405a0a00)
D/nofatclips(  249): Found widget: id=2131165248 (android.widget.RelativeLayout@405a1700)
D/nofatclips(  249): Found widget: id=2131165249 (android.widget.LinearLayout@405a1d68)
D/nofatclips(  249): Found widget: id=-1 (android.widget.ImageView@405a22b0)
D/nofatclips(  249): Found widget: id=2131165250 (org.wordpress.android.util.WPTitleBar@4059bc88)
D/nofatclips(  249): Found widget: id=2131165195 (android.widget.RelativeLayout@4050e260)
D/nofatclips(  249): Found widget: id=2131165196 (android.widget.RelativeLayout@40568510)
D/nofatclips(  249): Found widget: id=2131165197 (android.widget.ImageView@4059cf20)
D/nofatclips(  249): Found widget: id=2131165198 (android.widget.TextView@40541880): Katie's Sweet Testing Blog
D/nofatclips(  249): Found widget: id=2131165199 (android.widget.ImageView@4055d110)
D/nofatclips(  249): Found widget: id=-1 (android.widget.RelativeLayout@40579478)
D/nofatclips(  249): Found widget: id=2131165200 (android.widget.ImageButton@4059d448)
D/nofatclips(  249): Found widget: id=-1 (android.widget.FrameLayout@4057a9d0)
D/nofatclips(  249): Found widget: id=2131165201 (android.widget.Button@40542248): 
D/nofatclips(  249): Found widget: id=2131165202 (android.widget.ImageView@40593880)
D/nofatclips(  249): Found widget: id=2131165203 (android.widget.ImageView@4053ca40)
D/nofatclips(  249): Found widget: id=2131165204 (android.widget.LinearLayout@40569118)
D/nofatclips(  249): Found widget: id=-1 (android.widget.FrameLayout@4059ccb8)
D/nofatclips(  249): Found widget: id=-1 (android.widget.LinearLayout@4052fbe8)
D/nofatclips(  249): Found widget: id=-1 (android.widget.LinearLayout@4050e070)
D/nofatclips(  249): Found widget: id=-1 (android.widget.LinearLayout@4052f208)
D/nofatclips(  249): Found widget: id=2131165251 (android.widget.LinearLayout@4052f8c0)
D/nofatclips(  249): Found widget: id=-1 (android.widget.ImageView@40590328)
D/nofatclips(  249): Found widget: id=2131165256 (android.widget.TextView@4056ae10): New Post
D/nofatclips(  249): Found widget: id=2131165253 (android.widget.LinearLayout@4059bec0)
D/nofatclips(  249): Found widget: id=-1 (android.widget.ImageView@40530c28)
D/nofatclips(  249): Found widget: id=2131165256 (android.widget.TextView@4056b748): New Page
D/nofatclips(  249): Found widget: id=-1 (android.widget.LinearLayout@40532ee0)
D/nofatclips(  249): Found widget: id=2131165252 (android.widget.LinearLayout@40510cd0)
D/nofatclips(  249): Found widget: id=-1 (android.widget.ImageView@40538888)
D/nofatclips(  249): Found widget: id=2131165256 (android.widget.TextView@40577940): Quick Photo
D/nofatclips(  249): Found widget: id=2131165254 (android.widget.LinearLayout@405467f0)
D/nofatclips(  249): Found widget: id=-1 (android.widget.ImageView@4059aa10)
D/nofatclips(  249): Found widget: id=2131165256 (android.widget.TextView@405781b0): Quick Video
D/nofatclips(  249): Found widget: id=-1 (android.widget.LinearLayout@4059e2b0)
D/nofatclips(  249): Found widget: id=-1 (android.widget.LinearLayout@4052e678)
D/nofatclips(  249): Found widget: id=2131165255 (android.widget.LinearLayout@40533e98)
D/nofatclips(  249): Found widget: id=-1 (android.widget.ImageView@40540400)
D/nofatclips(  249): Found widget: id=2131165256 (android.widget.TextView@40578838): Posts
D/nofatclips(  249): Found widget: id=2131165257 (android.widget.LinearLayout@40544fc0)
D/nofatclips(  249): Found widget: id=-1 (android.widget.ImageView@405434d8)
D/nofatclips(  249): Found widget: id=2131165256 (android.widget.TextView@40537490): Pages
D/nofatclips(  249): Found widget: id=-1 (android.widget.FrameLayout@405302d0)
D/nofatclips(  249): Found widget: id=2131165258 (android.widget.LinearLayout@40534560)
D/nofatclips(  249): Found widget: id=-1 (android.widget.ImageView@4059d7d0)
D/nofatclips(  249): Found widget: id=2131165256 (android.widget.TextView@40539440): Comments
D/nofatclips(  249): Found widget: id=2131165259 (android.widget.FrameLayout@405439f8)
D/nofatclips(  249): Found widget: id=2131165260 (android.widget.ImageView@405446a8)
D/nofatclips(  249): Found widget: id=2131165261 (org.wordpress.android.util.CommentBadgeTextView@4053a458): 0
D/nofatclips(  249): Found widget: id=-1 (android.widget.LinearLayout@40539148)
D/nofatclips(  249): Found widget: id=2131165262 (android.widget.LinearLayout@40540780)
D/nofatclips(  249): Found widget: id=-1 (android.widget.ImageView@40537190)
D/nofatclips(  249): Found widget: id=2131165256 (android.widget.TextView@40540a78): Settings
D/nofatclips(  249): Found widget: id=2131165263 (android.widget.LinearLayout@40544018)
D/nofatclips(  249): Found widget: id=-1 (android.widget.ImageView@4055fd30)
D/nofatclips(  249): Found widget: id=2131165256 (android.widget.TextView@40542db8): Read
D/nofatclips(  249): Found widget: id=2131165264 (android.widget.LinearLayout@405613d8)
D/nofatclips(  249): Found widget: id=-1 (android.widget.ImageView@40563c78)
D/nofatclips(  249): Found widget: id=2131165256 (android.widget.TextView@4054fb10): Stats
D/nofatclips(  249): Found widget: id=-1 (com.android.internal.policy.impl.PhoneWindow$DecorView@405a0100)
V/nicola  (  249): TextualID : blog_title
V/nicola  (  249): ContentType detected : default
V/nicola  (  249): TextualID : action_refresh
V/nicola  (  249): ContentType detected : default
V/nicola  (  249): TextualID : button_text
V/nicola  (  249): ContentType detected : default
V/nicola  (  249): TextualID : button_text
V/nicola  (  249): ContentType detected : default
V/nicola  (  249): TextualID : button_text
V/nicola  (  249): ContentType detected : default
V/nicola  (  249): TextualID : button_text
V/nicola  (  249): ContentType detected : default
V/nicola  (  249): TextualID : button_text
V/nicola  (  249): ContentType detected : default
V/nicola  (  249): TextualID : button_text
V/nicola  (  249): ContentType detected : default
V/nicola  (  249): TextualID : button_text
V/nicola  (  249): ContentType detected : default
D/dalvikvm(  249): GC_CONCURRENT freed 2657K, 52% free 4920K/10183K, external 3839K/4045K, paused 4ms+16ms
V/nicola  (  249): TextualID : button_text
V/nicola  (  249): ContentType detected : default
V/nicola  (  249): TextualID : button_text
V/nicola  (  249): ContentType detected : default
V/nicola  (  249): TextualID : button_text
V/nicola  (  249): ContentType detected : default
I/nofatclips(  249): Performing comparation for activity Dashboard
D/nofatclips(  249): Comparing against activity Preferences
D/nofatclips(  249): Comparing against activity Dashboard
D/nofatclips(  249): Comparing against activity Read
D/nofatclips(  249): Comparing against activity Comments
D/nofatclips(  249): Comparing against activity Comments
D/nofatclips(  249): Comparing against activity Dashboard
D/nofatclips(  249): Comparing against activity Dashboard
D/nofatclips(  249): Comparing against activity Comments
D/nofatclips(  249): Comparing against activity Preferences
D/nofatclips(  249): Comparing against activity Dashboard
D/nofatclips(  249): Comparing against activity Comments
D/nofatclips(  249): Comparing against activity Dashboard
D/nofatclips(  249): Comparing against activity Preferences
D/nofatclips(  249): Comparing against activity Comments
I/nofatclips(  249): Registering activity Dashboard (id: a15) as a new found state
D/nofatclips(  249): Performing backup of the old activity list on disk
D/nofatclips(  249): Saving new found state 'a15' on disk
V/nofatclips(  249): Opening state file in append mode.
D/dalvikvm(  249): GC_EXTERNAL_ALLOC freed 510K, 55% free 4634K/10183K, external 2212K/2762K, paused 110ms
I/nofatclips(  249): Saved image on disk: a15.jpg
I/nofatclips(  249): Waiting for 100 msec.
I/nofatclips(  249): Session count is 1. Will dump to disk at 1
I/nofatclips(  249): Saving the session on disk.
I/nofatclips(  249): Planning for new Activity Dashboard
D/nofatclips(  249): Handling event 'click' on widget id=2131165200 type=button name=
D/nofatclips(  249): Handling event 'click' on widget id=2131165201 type=button name=
D/dalvikvm(   61): GC_EXPLICIT freed 17K, 47% free 4111K/7623K, external 1316K/1828K, paused 162ms
D/nofatclips(  249): Handling event 'click' on widget id=2131165204 type=linearLayout name=
D/nofatclips(  249): Handling event 'click' on widget id=2131165251 type=linearLayout name=
D/nofatclips(  249): Handling event 'click' on widget id=2131165253 type=linearLayout name=
D/nofatclips(  249): Handling event 'click' on widget id=2131165252 type=linearLayout name=
D/nofatclips(  249): Handling event 'click' on widget id=2131165254 type=linearLayout name=
D/nofatclips(  249): Handling event 'click' on widget id=2131165255 type=linearLayout name=
D/nofatclips(  249): Handling event 'click' on widget id=2131165257 type=linearLayout name=
D/nofatclips(  249): Handling event 'click' on widget id=2131165258 type=linearLayout name=
D/nofatclips(  249): Handling event 'click' on widget id=2131165262 type=linearLayout name=
D/nofatclips(  249): Handling event 'click' on widget id=2131165263 type=linearLayout name=
D/nofatclips(  249): Handling event 'click' on widget id=2131165264 type=linearLayout name=
I/nofatclips(  249): Created trace to press the back button
I/nofatclips(  249): Created trace to press the menu button
I/nofatclips(  249): Created trace to change orientation
D/dalvikvm(  249): GC_CONCURRENT freed 2383K, 55% free 4584K/10183K, external 2812K/2812K, paused 3ms+17ms
I/nofatclips(  249): Check for termination: 86 steps left of 100
I/nofatclips(  249): Dispatching new task. 2 more tasks remaining.
D/nofatclips(  249): Performing backup of the old task list on disk
D/nofatclips(  249): Saving task list on disk
V/nofatclips(  249): Backing up trace #128 to disk.
V/nofatclips(  249): Backing up trace #129 to disk.
D/dalvikvm(  249): GC_CONCURRENT freed 1850K, 58% free 4341K/10183K, external 2212K/2812K, paused 4ms+13ms
D/nofatclips(  249): Deleting backup of the old task list from disk
D/nofatclips(  249): Deleting backup of the old activity list from disk
I/nofatclips(  249): Incrementally Playing Trace 129
I/nofatclips(  249): Retrieved from return list id=2131165255
D/nofatclips(  249): Testing for type (android.widget.LinearLayout) against the original (android.widget.LinearLayout)
D/nofatclips(  249): Testing for name () against the original ()
I/nofatclips(  249): Firing event: type= click index=36 widget=android.widget.LinearLayout
D/nofatclips(  249): Event description: Posts
I/ActivityManager(   61): Starting: Intent { cmp=org.wordpress.android/.Posts } from pid 249
I/nofatclips(  249): Waiting for 100 msec.
I/ActivityManager(   61): Displayed org.wordpress.android/.Posts: +1s928ms
W/ImageDownloader(  249): Error 404 while retrieving bitmap from http://gravatar.com/blavatar/44d338f29053dbb888da79dcf98df489?s=60&d=404
I/WordPress(  249): response = HTTP/1.1 200 OK
D/dalvikvm(  249): GC_CONCURRENT freed 918K, 55% free 4683K/10183K, external 2801K/2812K, paused 5ms+6ms
I/nofatclips(  249): Current activity is Posts
I/nofatclips(  249): Retrieving widgets
D/nofatclips(  249): Found widget: id=16908290 (android.widget.FrameLayout@4077c840)
D/nofatclips(  249): Found widget: id=2131165323 (android.widget.RelativeLayout@407a30e0)
D/nofatclips(  249): Found widget: id=2131165324 (android.widget.LinearLayout@405b7450)
D/nofatclips(  249): Found widget: id=2131165325 (android.support.v4.app.NoSaveStateFrameLayout@407d2fe0)
D/nofatclips(  249): Found widget: id=-1 (android.widget.FrameLayout@407cbde0)
D/nofatclips(  249): Found widget: id=16711681 (android.widget.TextView@40944620): 
D/nofatclips(  249): Found widget: id=16908298 (android.widget.ListView@4060fac8)
D/nofatclips(  249): Found widget: id=4 (android.widget.LinearLayout@4064ec68)
D/nofatclips(  249): Found widget: id=2131165236 (android.widget.TextView@4064edb8): Posts
D/nofatclips(  249): Found widget: id=-1 (android.widget.LinearLayout@40567538)
D/nofatclips(  249): Found widget: id=2131165341 (android.widget.TextView@40538b50): 
D/nofatclips(  249): Found widget: id=2131165280 (android.widget.TextView@406126b8): 
D/nofatclips(  249): Found widget: id=1 (android.widget.LinearLayout@405a5fe8)
D/nofatclips(  249): Found widget: id=2131165236 (android.widget.TextView@4069f0e0): 90
D/nofatclips(  249): Found widget: id=-1 (android.widget.LinearLayout@405a8188)
D/nofatclips(  249): Found widget: id=2131165341 (android.widget.TextView@406cb870): 9:01pm, Jul 22, 2014
D/nofatclips(  249): Found widget: id=2131165280 (android.widget.TextView@406e1498): Private
D/nofatclips(  249): Found widget: id=2 (android.widget.LinearLayout@405af7f0)
D/nofatclips(  249): Found widget: id=2131165236 (android.widget.TextView@405c4f80): 90
D/nofatclips(  249): Found widget: id=-1 (android.widget.LinearLayout@405cec60)
D/nofatclips(  249): Found widget: id=2131165341 (android.widget.TextView@405cbfd8): 8:47pm, Jul 22, 2014
D/nofatclips(  249): Found widget: id=2131165280 (android.widget.TextView@405e8518): Published
D/nofatclips(  249): Found widget: id=3 (android.widget.LinearLayout@4060b280)
D/nofatclips(  249): Found widget: id=2131165236 (android.widget.TextView@406e3358): Post Two
D/nofatclips(  249): Found widget: id=-1 (android.widget.LinearLayout@40623170)
D/nofatclips(  249): Found widget: id=2131165341 (android.widget.TextView@407022e8): 6:56pm, Jul 21, 2014
D/nofatclips(  249): Found widget: id=2131165280 (android.widget.TextView@407027e8): Published
D/nofatclips(  249): Found widget: id=4 (android.widget.LinearLayout@40642658)
D/nofatclips(  249): Found widget: id=2131165236 (android.widget.TextView@40557dd0): Post One
D/nofatclips(  249): Found widget: id=-1 (android.widget.LinearLayout@4065a4d0)
D/nofatclips(  249): Found widget: id=2131165341 (android.widget.TextView@4057dc98): 6:54pm, Jul 21, 2014
D/nofatclips(  249): Found widget: id=2131165280 (android.widget.TextView@40585b30): Published
D/nofatclips(  249): Found widget: id=2131165326 (org.wordpress.android.util.WPTitleBar@406503c0)
D/nofatclips(  249): Found widget: id=2131165195 (android.widget.RelativeLayout@407db040)
D/nofatclips(  249): Found widget: id=2131165196 (android.widget.RelativeLayout@407e4450)
D/nofatclips(  249): Found widget: id=2131165197 (android.widget.ImageView@405ffc50)
D/nofatclips(  249): Found widget: id=2131165198 (android.widget.TextView@407223f0): Katie's Sweet Testing Blog
D/nofatclips(  249): Found widget: id=2131165199 (android.widget.ImageView@4069cdb8)
D/nofatclips(  249): Found widget: id=-1 (android.widget.RelativeLayout@4083d3b8)
D/nofatclips(  249): Found widget: id=2131165200 (android.widget.ImageButton@406607c8)
D/nofatclips(  249): Found widget: id=-1 (android.widget.FrameLayout@40871d30)
D/nofatclips(  249): Found widget: id=2131165201 (android.widget.Button@40583fd8): 
D/nofatclips(  249): Found widget: id=2131165202 (android.widget.ImageView@4089b9c8)
D/nofatclips(  249): Found widget: id=2131165203 (android.widget.ImageView@408aaca8)
D/nofatclips(  249): Found widget: id=2131165204 (android.widget.LinearLayout@408b7b70)
D/nofatclips(  249): Found widget: id=-1 (android.widget.FrameLayout@408c1e88)
D/nofatclips(  249): Found widget: id=-1 (android.widget.LinearLayout@408ca170)
D/nofatclips(  249): Found widget: id=-1 (android.widget.LinearLayout@408cf3c0)
D/nofatclips(  249): Found widget: id=-1 (android.widget.LinearLayout@408e28d8)
D/nofatclips(  249): Found widget: id=2131165251 (android.widget.LinearLayout@4090ad00)
D/nofatclips(  249): Found widget: id=-1 (android.widget.ImageView@40930900)
D/nofatclips(  249): Found widget: id=2131165256 (android.widget.TextView@405e39b8): New Post
D/nofatclips(  249): Found widget: id=2131165253 (android.widget.LinearLayout@40933b90)
D/nofatclips(  249): Found widget: id=-1 (android.widget.ImageView@40939e98)
D/nofatclips(  249): Found widget: id=2131165256 (android.widget.TextView@40765498): New Page
D/nofatclips(  249): Found widget: id=-1 (android.widget.LinearLayout@4093ac38)
D/nofatclips(  249): Found widget: id=2131165252 (android.widget.LinearLayout@4093b4d0)
D/nofatclips(  249): Found widget: id=-1 (android.widget.ImageView@40941368)
D/nofatclips(  249): Found widget: id=2131165256 (android.widget.TextView@40841ab8): Quick Photo
D/nofatclips(  249): Found widget: id=2131165254 (android.widget.LinearLayout@40941e70)
D/nofatclips(  249): Found widget: id=-1 (android.widget.ImageView@40942ee8)
D/nofatclips(  249): Found widget: id=2131165256 (android.widget.TextView@40842278): Quick Video
D/nofatclips(  249): Found widget: id=-1 (android.widget.LinearLayout@40943a70)
D/nofatclips(  249): Found widget: id=-1 (android.widget.LinearLayout@40944f70)
D/nofatclips(  249): Found widget: id=2131165255 (android.widget.LinearLayout@409452b0)
D/nofatclips(  249): Found widget: id=-1 (android.widget.ImageView@40996240)
D/nofatclips(  249): Found widget: id=2131165256 (android.widget.TextView@40538200): Posts
D/nofatclips(  249): Found widget: id=2131165257 (android.widget.LinearLayout@4099eea0)
D/nofatclips(  249): Found widget: id=-1 (android.widget.ImageView@4099fc00)
D/nofatclips(  249): Found widget: id=2131165256 (android.widget.TextView@40672608): Pages
D/nofatclips(  249): Found widget: id=-1 (android.widget.FrameLayout@4070a598)
D/nofatclips(  249): Found widget: id=2131165258 (android.widget.LinearLayout@4070a6f0)
D/nofatclips(  249): Found widget: id=-1 (android.widget.ImageView@407dd510)
D/nofatclips(  249): Found widget: id=2131165256 (android.widget.TextView@40763bb0): Comments
D/nofatclips(  249): Found widget: id=2131165259 (android.widget.FrameLayout@4066d840)
D/nofatclips(  249): Found widget: id=2131165260 (android.widget.ImageView@4066d998)
D/nofatclips(  249): Found widget: id=2131165261 (org.wordpress.android.util.CommentBadgeTextView@405cbcc0): 0
D/nofatclips(  249): Found widget: id=-1 (android.widget.LinearLayout@4060f168)
D/nofatclips(  249): Found widget: id=2131165262 (android.widget.LinearLayout@4060f2e8)
D/nofatclips(  249): Found widget: id=-1 (android.widget.ImageView@40666248)
D/nofatclips(  249): Found widget: id=2131165256 (android.widget.TextView@4067f408): Settings
D/nofatclips(  249): Found widget: id=2131165263 (android.widget.LinearLayout@40682f00)
D/nofatclips(  249): Found widget: id=-1 (android.widget.ImageView@4065a100)
D/nofatclips(  249): Found widget: id=2131165256 (android.widget.TextView@40670a08): Read
D/nofatclips(  249): Found widget: id=2131165264 (android.widget.LinearLayout@4078bcd0)
D/nofatclips(  249): Found widget: id=-1 (android.widget.ImageView@406a24b0)
D/nofatclips(  249): Found widget: id=2131165256 (android.widget.TextView@4077fa90): Stats
D/nofatclips(  249): Found widget: id=-1 (com.android.internal.policy.impl.PhoneWindow$DecorView@409400b8)
V/nicola  (  249): TextualID : null
V/nicola  (  249): ContentType detected : default
V/ReflectionHelper(  249): android.widget.ListView > mOnFocusChangeListener FOUND | NOT ACTIVE
V/nicola  (  249): TextualID : title
V/nicola  (  249): ContentType detected : default
V/nicola  (  249): TextualID : date
V/nicola  (  249): ContentType detected : default
V/nicola  (  249): TextualID : status
V/nicola  (  249): ContentType detected : default
V/nicola  (  249): TextualID : title
V/nicola  (  249): ContentType detected : default
V/nicola  (  249): TextualID : date
V/nicola  (  249): ContentType detected : default
V/nicola  (  249): TextualID : status
V/nicola  (  249): ContentType detected : default
V/nicola  (  249): TextualID : title
V/nicola  (  249): ContentType detected : default
V/nicola  (  249): TextualID : date
V/nicola  (  249): ContentType detected : default
V/nicola  (  249): TextualID : status
V/nicola  (  249): ContentType detected : default
V/nicola  (  249): TextualID : title
V/nicola  (  249): ContentType detected : default
V/nicola  (  249): TextualID : date
V/nicola  (  249): ContentType detected : default
V/nicola  (  249): TextualID : status
V/nicola  (  249): ContentType detected : default
V/nicola  (  249): TextualID : title
V/nicola  (  249): ContentType detected : default
V/nicola  (  249): TextualID : date
V/nicola  (  249): ContentType detected : default
V/nicola  (  249): TextualID : status
V/nicola  (  249): ContentType detected : default
V/nicola  (  249): TextualID : blog_title
V/nicola  (  249): ContentType detected : default
V/nicola  (  249): TextualID : action_refresh
V/nicola  (  249): ContentType detected : default
I/nofatclips(  249): Performing comparation for activity Posts
D/nofatclips(  249): Comparing against activity Preferences
D/nofatclips(  249): Comparing against activity Dashboard
D/nofatclips(  249): Comparing against activity Read
D/nofatclips(  249): Comparing against activity Comments
D/nofatclips(  249): Comparing against activity Comments
D/nofatclips(  249): Comparing against activity Dashboard
D/nofatclips(  249): Comparing against activity Dashboard
D/nofatclips(  249): Comparing against activity Comments
D/nofatclips(  249): Comparing against activity Preferences
D/nofatclips(  249): Comparing against activity Dashboard
D/nofatclips(  249): Comparing against activity Comments
D/nofatclips(  249): Comparing against activity Dashboard
D/nofatclips(  249): Comparing against activity Preferences
D/nofatclips(  249): Comparing against activity Comments
D/nofatclips(  249): Comparing against activity Dashboard
I/nofatclips(  249): Registering activity Posts (id: a16) as a new found state
D/nofatclips(  249): Performing backup of the old activity list on disk
D/nofatclips(  249): Saving new found state 'a16' on disk
V/nofatclips(  249): Opening state file in append mode.
D/dalvikvm(  249): GC_EXTERNAL_ALLOC freed 892K, 54% free 4746K/10183K, external 2801K/2812K, paused 62ms
I/nofatclips(  249): Saved image on disk: a16.jpg
I/nofatclips(  249): Waiting for 100 msec.
I/nofatclips(  249): Session count is 1. Will dump to disk at 1
I/nofatclips(  249): Saving the session on disk.
I/nofatclips(  249): Planning for new Activity Posts
D/nofatclips(  249): Handling event selectListItem for items [1,5] on listView #16908298 count=5
D/nofatclips(  249): Handling event longClickListItem for items [1,5] on listView #16908298 count=5
D/nofatclips(  249): Handling event 'click' on widget id=2131165200 type=button name=
D/nofatclips(  249): Handling event 'click' on widget id=2131165201 type=button name=
I/nofatclips(  249): Created trace to press the back button
I/nofatclips(  249): Created trace to press the menu button
I/nofatclips(  249): Created trace to change orientation
D/dalvikvm(  249): GC_CONCURRENT freed 1508K, 53% free 4829K/10183K, external 3993K/4237K, paused 4ms+4ms
I/nofatclips(  249): Check for termination: 85 steps left of 100
I/nofatclips(  249): Dispatching new task. 2 more tasks remaining.
D/nofatclips(  249): Performing backup of the old task list on disk
D/nofatclips(  249): Saving task list on disk
V/nofatclips(  249): Backing up trace #143 to disk.
V/nofatclips(  249): Backing up trace #144 to disk.
D/dalvikvm(  249): GC_CONCURRENT freed 2052K, 53% free 4822K/10183K, external 3393K/4237K, paused 3ms+4ms
D/nofatclips(  249): Deleting backup of the old task list from disk
D/nofatclips(  249): Deleting backup of the old activity list from disk
I/nofatclips(  249): Incrementally Playing Trace 144
I/nofatclips(  249): Retrieved from return list id=16908298
D/nofatclips(  249): Testing for type (android.widget.ListView) against the original (android.widget.ListView)
D/nofatclips(  249): Testing for name () against the original ()
I/nofatclips(  249): Firing event: type= selectListItem index=6 widget=android.widget.ListView
W/KeyCharacterMap(  249): No keyboard for id 0
W/KeyCharacterMap(  249): Using default keymap: /system/usr/keychars/qwerty.kcm.bin
I/nofatclips(  249): Swapping to listview item 1
D/nofatclips(  249): Event description: Posts
I/nofatclips(  249): Waiting for 100 msec.
I/nofatclips(  249): Current activity is Posts
I/nofatclips(  249): Retrieving widgets
D/nofatclips(  249): Found widget: id=16908290 (android.widget.FrameLayout@4077c840)
D/nofatclips(  249): Found widget: id=2131165323 (android.widget.RelativeLayout@407a30e0)
D/nofatclips(  249): Found widget: id=2131165324 (android.widget.LinearLayout@405b7450)
D/nofatclips(  249): Found widget: id=2131165325 (android.support.v4.app.NoSaveStateFrameLayout@407d2fe0)
D/nofatclips(  249): Found widget: id=-1 (android.widget.FrameLayout@407cbde0)
D/nofatclips(  249): Found widget: id=16711681 (android.widget.TextView@40944620): 
D/nofatclips(  249): Found widget: id=16908298 (android.widget.ListView@4060fac8)
D/nofatclips(  249): Found widget: id=4 (android.widget.LinearLayout@4064ec68)
D/nofatclips(  249): Found widget: id=2131165236 (android.widget.TextView@4064edb8): Posts
D/nofatclips(  249): Found widget: id=-1 (android.widget.LinearLayout@40567538)
D/nofatclips(  249): Found widget: id=2131165341 (android.widget.TextView@40538b50): 
D/nofatclips(  249): Found widget: id=2131165280 (android.widget.TextView@406126b8): 
D/nofatclips(  249): Found widget: id=1 (android.widget.LinearLayout@405a5fe8)
D/nofatclips(  249): Found widget: id=2131165236 (android.widget.TextView@4069f0e0): 90
D/nofatclips(  249): Found widget: id=-1 (android.widget.LinearLayout@405a8188)
D/nofatclips(  249): Found widget: id=2131165341 (android.widget.TextView@406cb870): 9:01pm, Jul 22, 2014
D/nofatclips(  249): Found widget: id=2131165280 (android.widget.TextView@406e1498): Private
D/nofatclips(  249): Found widget: id=2 (android.widget.LinearLayout@405af7f0)
D/nofatclips(  249): Found widget: id=2131165236 (android.widget.TextView@405c4f80): 90
D/nofatclips(  249): Found widget: id=-1 (android.widget.LinearLayout@405cec60)
D/nofatclips(  249): Found widget: id=2131165341 (android.widget.TextView@405cbfd8): 8:47pm, Jul 22, 2014
D/nofatclips(  249): Found widget: id=2131165280 (android.widget.TextView@405e8518): Published
D/nofatclips(  249): Found widget: id=3 (android.widget.LinearLayout@4060b280)
D/nofatclips(  249): Found widget: id=2131165236 (android.widget.TextView@406e3358): Post Two
D/nofatclips(  249): Found widget: id=-1 (android.widget.LinearLayout@40623170)
