V/nofatclips(  249): Updating value SLEEP_ON_THROBBER
D/nofatclips(  249): Updated value of parameter SLEEP_ON_THROBBER to 100 (default = 1000)
D/nofatclips(  249): Updating node screenshot
D/nofatclips(  249): Loading node screenshot
V/nofatclips(  249): Updating value FORCE_RESTART
V/nofatclips(  249): Updating value IN_AND_OUT_FOCUS
V/nofatclips(  249): Updating value PRECRAWLING
V/nofatclips(  249): Updating value SCREENSHOT_FOR_EVENTS
V/nofatclips(  249): Updating value SCREENSHOT_FOR_STATES
V/nofatclips(  249): Updating value SCREENSHOT_ONLY_NEW_STATES
V/nofatclips(  249): Updating value SLEEP_AFTER_EVENT
V/nofatclips(  249): Updating value SLEEP_AFTER_RESTART
V/nofatclips(  249): Updating value SLEEP_AFTER_TASK
V/nofatclips(  249): Updating value SLEEP_ON_THROBBER
I/nofatclips(  249): Waiting for 100 msec.
D/nofatclips(  249): Ready to operate after restarting...
I/nofatclips(  249): Current activity is Dashboard
W/nofatclips(  249): --->Dashboard
I/nofatclips(  249): Retrieving widgets
D/nofatclips(  249): No session to resume: task list not found. Will start from scratch.
I/nofatclips(  249): Starting a new session
D/nofatclips(  249): Performing backup of the old activity list on disk
D/nofatclips(  249): Saving new found state 'exit' on disk
V/nofatclips(  249): Opening state file in overwrite mode.
D/dalvikvm(  249): GC_CONCURRENT freed 188K, 48% free 3033K/5831K, external 1812K/2324K, paused 5ms+34ms
I/ActivityManager(   61): Start proc com.android.email for broadcast com.android.email/.service.EmailBroadcastReceiver: pid=300 uid=10028 gids={3003, 1015}
I/InputReader(   61): Device reconfigured: id=0x0, name=qwerty2, display size is now 320x480
I/InputManager-Callbacks(   61): No virtual keys found for device qwerty2.
I/nofatclips(  249): Planning for new Activity Dashboard
I/nofatclips(  249): Created trace to press the menu button
I/nofatclips(  249): Created trace to change orientation
I/nofatclips(  249): Dispatching new task. 2 more tasks remaining.
D/nofatclips(  249): Saving task list on disk
V/nofatclips(  249): Backing up trace #0 to disk.
V/nofatclips(  249): Backing up trace #1 to disk.
D/nofatclips(  249): Deleting backup of the old activity list from disk
I/nofatclips(  249): Restarting
I/ARMAssembler(   61): generated scanline__00000077:03515104_00001004_00000000 [ 65 ipp] (85 ins) at [0x46efd520:0x46efd674] in 692372 ns
I/ARMAssembler(   61): generated scanline__00000177:03515104_00001001_00000000 [ 91 ipp] (114 ins) at [0x46efd678:0x46efd840] in 404133 ns
I/ARMAssembler(   61): generated scanline__00000177:03515104_00001002_00000000 [ 87 ipp] (110 ins) at [0x46efd848:0x46efda00] in 289094 ns
I/nofatclips(  249): Waiting for 100 msec.
I/ActivityThread(  300): Pub com.android.email.provider: com.android.email.provider.EmailProvider
I/ActivityThread(  300): Pub com.android.email.attachmentprovider: com.android.email.provider.AttachmentProvider
I/ActivityThread(  300): Pub com.android.exchange.provider: com.android.exchange.provider.ExchangeProvider
D/nofatclips(  249): Ready to operate after restarting...
I/nofatclips(  249): Retrieving widgets
D/nofatclips(  249): Found widget: id=16908290 (android.widget.FrameLayout@405a0a00)
D/nofatclips(  249): Found widget: id=2131165248 (android.widget.RelativeLayout@405a1700)
D/nofatclips(  249): Found widget: id=2131165249 (android.widget.LinearLayout@405a1d68)
D/nofatclips(  249): Found widget: id=-1 (android.widget.ImageView@405a22b0)
D/nofatclips(  249): Found widget: id=2131165250 (org.wordpress.android.util.WPTitleBar@4059bc88)
D/nofatclips(  249): Found widget: id=2131165195 (android.widget.RelativeLayout@4050e260)
D/nofatclips(  249): Found widget: id=2131165196 (android.widget.RelativeLayout@40568510)
D/nofatclips(  249): Found widget: id=2131165197 (android.widget.ImageView@4059cf20)
D/nofatclips(  249): Found widget: id=2131165198 (android.widget.TextView@40541880): Katie's Sweet Testing Blog
D/nofatclips(  249): Found widget: id=2131165199 (android.widget.ImageView@4055d110)
D/nofatclips(  249): Found widget: id=-1 (android.widget.RelativeLayout@40579478)
D/nofatclips(  249): Found widget: id=2131165200 (android.widget.ImageButton@4059d448)
D/nofatclips(  249): Found widget: id=-1 (android.widget.FrameLayout@4057a9d0)
D/nofatclips(  249): Found widget: id=2131165201 (android.widget.Button@40542248): 
D/nofatclips(  249): Found widget: id=2131165202 (android.widget.ImageView@40593880)
D/nofatclips(  249): Found widget: id=2131165203 (android.widget.ImageView@4053ca40)
D/nofatclips(  249): Found widget: id=2131165204 (android.widget.LinearLayout@40569118)
D/nofatclips(  249): Found widget: id=-1 (android.widget.FrameLayout@4059ccb8)
D/nofatclips(  249): Found widget: id=-1 (android.widget.LinearLayout@4052fbe8)
D/nofatclips(  249): Found widget: id=-1 (android.widget.LinearLayout@4050e070)
D/nofatclips(  249): Found widget: id=-1 (android.widget.LinearLayout@4052f208)
D/nofatclips(  249): Found widget: id=2131165251 (android.widget.LinearLayout@4052f8c0)
D/nofatclips(  249): Found widget: id=-1 (android.widget.ImageView@40590328)
D/nofatclips(  249): Found widget: id=2131165256 (android.widget.TextView@4056ae10): New Post
D/nofatclips(  249): Found widget: id=2131165253 (android.widget.LinearLayout@4059bec0)
D/nofatclips(  249): Found widget: id=-1 (android.widget.ImageView@40530c28)
D/nofatclips(  249): Found widget: id=2131165256 (android.widget.TextView@4056b748): New Page
D/nofatclips(  249): Found widget: id=-1 (android.widget.LinearLayout@40532ee0)
D/nofatclips(  249): Found widget: id=2131165252 (android.widget.LinearLayout@40510cd0)
D/nofatclips(  249): Found widget: id=-1 (android.widget.ImageView@40538888)
D/nofatclips(  249): Found widget: id=2131165256 (android.widget.TextView@40577940): Quick Photo
D/nofatclips(  249): Found widget: id=2131165254 (android.widget.LinearLayout@405467f0)
D/nofatclips(  249): Found widget: id=-1 (android.widget.ImageView@4059aa10)
D/nofatclips(  249): Found widget: id=2131165256 (android.widget.TextView@405781b0): Quick Video
D/nofatclips(  249): Found widget: id=-1 (android.widget.LinearLayout@4059e2b0)
D/nofatclips(  249): Found widget: id=-1 (android.widget.LinearLayout@4052e678)
D/nofatclips(  249): Found widget: id=2131165255 (android.widget.LinearLayout@40533e98)
D/nofatclips(  249): Found widget: id=-1 (android.widget.ImageView@40540400)
D/nofatclips(  249): Found widget: id=2131165256 (android.widget.TextView@40578838): Posts
D/nofatclips(  249): Found widget: id=2131165257 (android.widget.LinearLayout@40544fc0)
D/nofatclips(  249): Found widget: id=-1 (android.widget.ImageView@405434d8)
D/nofatclips(  249): Found widget: id=2131165256 (android.widget.TextView@40537490): Pages
D/nofatclips(  249): Found widget: id=-1 (android.widget.FrameLayout@405302d0)
D/nofatclips(  249): Found widget: id=2131165258 (android.widget.LinearLayout@40534560)
D/nofatclips(  249): Found widget: id=-1 (android.widget.ImageView@4059d7d0)
D/nofatclips(  249): Found widget: id=2131165256 (android.widget.TextView@40539440): Comments
D/nofatclips(  249): Found widget: id=2131165259 (android.widget.FrameLayout@405439f8)
D/nofatclips(  249): Found widget: id=2131165260 (android.widget.ImageView@405446a8)
D/nofatclips(  249): Found widget: id=2131165261 (org.wordpress.android.util.CommentBadgeTextView@4053a458): 0
D/nofatclips(  249): Found widget: id=-1 (android.widget.LinearLayout@40539148)
D/nofatclips(  249): Found widget: id=2131165262 (android.widget.LinearLayout@40540780)
D/nofatclips(  249): Found widget: id=-1 (android.widget.ImageView@40537190)
D/nofatclips(  249): Found widget: id=2131165256 (android.widget.TextView@40540a78): Settings
D/nofatclips(  249): Found widget: id=2131165263 (android.widget.LinearLayout@40544018)
D/nofatclips(  249): Found widget: id=-1 (android.widget.ImageView@4055fd30)
D/nofatclips(  249): Found widget: id=2131165256 (android.widget.TextView@40542db8): Read
D/nofatclips(  249): Found widget: id=2131165264 (android.widget.LinearLayout@405613d8)
D/nofatclips(  249): Found widget: id=-1 (android.widget.ImageView@40563c78)
D/nofatclips(  249): Found widget: id=2131165256 (android.widget.TextView@4054fb10): Stats
D/nofatclips(  249): Found widget: id=-1 (com.android.internal.policy.impl.PhoneWindow$DecorView@405a0100)
I/nofatclips(  249): Playing Trace 1
I/nofatclips(  249): Retrieved from return list id=16908290
D/nofatclips(  249): Testing for type (android.widget.FrameLayout) against the original (null)
I/nofatclips(  249): Firing event: type= openMenu name= widget=null
D/EAS SyncManager(  300): !!! EAS SyncManager, onCreate
D/dalvikvm(  249): GC_CONCURRENT freed 628K, 52% free 3135K/6407K, external 1812K/2324K, paused 4ms+47ms
I/SearchManagerService(   61): Building list of searchable activities
I//system/bin/fsck_msdos(   29): ** Phase 1 - Read and Compare FATs
I//system/bin/fsck_msdos(   29): Attempting to allocate 397 KB for FAT
D/Eas Debug(  300): Logging: 
D/dalvikvm(  300): GC_CONCURRENT freed 496K, 54% free 2739K/5831K, external 716K/1038K, paused 3ms+7ms
D/EAS SyncManager(  300): !!! EAS SyncManager, onDestroy
D/MediaScannerService(  257): start scanning volume internal
W/KeyCharacterMap(  249): No keyboard for id 0
W/KeyCharacterMap(  249): Using default keymap: /system/usr/keychars/qwerty.kcm.bin
D/dalvikvm(  279): GC_CONCURRENT freed 488K, 54% free 2729K/5831K, external 716K/1038K, paused 3ms+2ms
D/Email   (  300): BOOT_COMPLETED
D/EAS SyncManager(  300): !!! EAS SyncManager, onCreate
D/EAS SyncManager(  300): !!! EAS SyncManager, onStartCommand
D/EAS SyncManager(  300): !!! EAS SyncManager, stopping self
D/EAS SyncManager(  300): !!! EAS SyncManager, onDestroy
I//system/bin/fsck_msdos(   29): Attempting to allocate 397 KB for FAT
I/Launcher(  128): setLoadOnResume
I//system/bin/fsck_msdos(   29): ** Phase 2 - Check Cluster Chains
I//system/bin/fsck_msdos(   29): ** Phase 3 - Checking Directories
I//system/bin/fsck_msdos(   29): ** Phase 4 - Checking for Lost Files
I//system/bin/fsck_msdos(   29): Next free cluster in FSInfo block (5) not free
I//system/bin/fsck_msdos(   29): FIXED
I//system/bin/fsck_msdos(   29): 3 files, 50388 free (100777 clusters)
I/Vold    (   29): Filesystem check completed OK
I/Vold    (   29): Device /dev/block/vold/179:0, target /mnt/sdcard mounted @ /mnt/secure/staging
D/Vold    (   29): Volume sdcard state changing 3 (Checking) -> 4 (Mounted)
I/PackageManager(   61): Updating external media status from unmounted to mounted
I/StorageNotification(  121): Media {/mnt/sdcard} state changed from {checking} -> {mounted}
D/VoldCmdListener(   29): asec list
I/PackageManager(   61): No secure containers on sdcard
W/PackageManager(   61): Unknown permission com.google.android.googleapps.permission.GOOGLE_AUTH.mail in package com.android.contacts
W/PackageManager(   61): Unknown permission android.permission.ADD_SYSTEM_SERVICE in package com.android.phone
W/PackageManager(   61): Not granting permission android.permission.SEND_DOWNLOAD_COMPLETED_INTENTS to package com.android.browser (protectionLevel=2 flags=0x9be45)
D/dalvikvm(  128): GC_EXTERNAL_ALLOC freed 147K, 49% free 2991K/5767K, external 2618K/2620K, paused 127ms
I/Launcher(  128): setLoadOnResume
W/PackageManager(   61): Unknown permission com.google.android.gm.permission.WRITE_GMAIL in package com.android.settings
W/PackageManager(   61): Unknown permission com.google.android.gm.permission.READ_GMAIL in package com.android.settings
W/PackageManager(   61): Unknown permission com.google.android.googleapps.permission.GOOGLE_AUTH in package com.android.settings
W/PackageManager(   61): Unknown permission com.google.android.googleapps.permission.GOOGLE_AUTH in package com.android.providers.contacts
W/PackageManager(   61): Unknown permission com.google.android.googleapps.permission.GOOGLE_AUTH.cp in package com.android.providers.contacts
W/PackageManager(   61): Unknown permission com.google.android.googleapps.permission.ACCESS_GOOGLE_PASSWORD in package com.android.development
W/PackageManager(   61): Unknown permission com.google.android.googleapps.permission.GOOGLE_AUTH in package com.android.development
W/PackageManager(   61): Unknown permission com.google.android.googleapps.permission.GOOGLE_AUTH.ALL_SERVICES in package com.android.development
W/PackageManager(   61): Unknown permission com.google.android.googleapps.permission.GOOGLE_AUTH.YouTubeUser in package com.android.development
W/PackageManager(   61): Unknown permission android.permission.READ_OWNER_DATA in package com.android.email
W/PackageManager(   61): Not granting permission android.permission.DEVICE_POWER to package com.android.deskclock (protectionLevel=2 flags=0x8be45)
W/ImageDownloader(  249): Error 404 while retrieving bitmap from http://gravatar.com/blavatar/44d338f29053dbb888da79dcf98df489?s=60&d=404
D/MediaScanner(  257):  prescan time: 521ms
D/dalvikvm(  257): GC_CONCURRENT freed 523K, 55% free 2646K/5767K, external 716K/1038K, paused 3ms+3ms
D/MediaScanner(  257):     scan time: 50ms
D/MediaScanner(  257): postscan time: 0ms
D/MediaScanner(  257):    total time: 571ms
D/szipinf (  187): Initializing inflate state
D/dalvikvm(  187): GC_CONCURRENT freed 223K, 51% free 2828K/5703K, external 716K/1038K, paused 3ms+3ms
D/MediaScannerService(  257): done scanning volume internal
I/nofatclips(  249): Waiting for 100 msec.
I/nofatclips(  249): Current activity is Dashboard
I/nofatclips(  249): Retrieving widgets
D/nofatclips(  249): Found widget: id=16908726 (com.android.internal.view.menu.IconMenuView@40615ec8)
D/nofatclips(  249): Found widget: id=16908310 (com.android.internal.view.menu.IconMenuItemView@4061ae68): Add Account
D/nofatclips(  249): Found widget: id=16908310 (com.android.internal.view.menu.IconMenuItemView@4061bc18): Preferences
D/nofatclips(  249): Found widget: id=16908310 (com.android.internal.view.menu.IconMenuItemView@40618818): Remove Blog
D/nofatclips(  249): Found widget: id=16908310 (com.android.internal.view.menu.IconMenuItemView@4063b768): About
D/nofatclips(  249): Found widget: id=-1 (com.android.internal.policy.impl.PhoneWindow$DecorView@406158f8)
V/ReflectionHelper(  249): com.android.internal.view.menu.IconMenuView > mOnFocusChangeListener FOUND | NOT ACTIVE
V/nicola  (  249): TextualID : null
V/nicola  (  249): ContentType detected : default
V/nicola  (  249): TextualID : null
V/nicola  (  249): ContentType detected : default
V/nicola  (  249): TextualID : null
V/nicola  (  249): ContentType detected : default
V/nicola  (  249): TextualID : null
V/nicola  (  249): ContentType detected : default
I/nofatclips(  249): Performing comparation for activity Dashboard
D/nofatclips(  249): Comparing against activity Dashboard
I/nofatclips(  249): Registering activity Dashboard (id: a2) as a new found state
D/nofatclips(  249): Performing backup of the old activity list on disk
D/nofatclips(  249): Saving new found state 'a2' on disk
V/nofatclips(  249): Opening state file in append mode.
I/nofatclips(  249): Saved image on disk: a2.jpg
I/nofatclips(  249): Waiting for 100 msec.
I/nofatclips(  249): Session count is 1. Will dump to disk at 1
I/nofatclips(  249): Saving the session on disk. This is the first batch: the file will be created.
I/nofatclips(  249): Planning for new Activity Dashboard
D/nofatclips(  249): Handling event 'click' on widget id=16908310 type=menuItem name=Add Account
D/nofatclips(  249): Handling event 'click' on widget id=16908310 type=menuItem name=Preferences
I/dalvikvm(   61): Jit: resizing JitTable from 512 to 1024
D/nofatclips(  249): Handling event 'click' on widget id=16908310 type=menuItem name=Remove Blog
D/nofatclips(  249): Handling event 'click' on widget id=16908310 type=menuItem name=About
I/nofatclips(  249): Created trace to press the back button
I/nofatclips(  249): Created trace to press the menu button
I/nofatclips(  249): Created trace to change orientation
I/nofatclips(  249): Check for termination: 99 steps left of 100
I/nofatclips(  249): Dispatching new task. 2 more tasks remaining.
D/nofatclips(  249): Performing backup of the old task list on disk
D/nofatclips(  249): Saving task list on disk
V/nofatclips(  249): Backing up trace #6 to disk.
D/dalvikvm(  249): GC_CONCURRENT freed 696K, 51% free 3297K/6599K, external 2188K/2324K, paused 3ms+5ms
V/nofatclips(  249): Backing up trace #7 to disk.
D/nofatclips(  249): Deleting backup of the old task list from disk
D/nofatclips(  249): Deleting backup of the old activity list from disk
I/nofatclips(  249): Incrementally Playing Trace 7
I/nofatclips(  249): Retrieved from return list id=16908310
D/nofatclips(  249): Testing for type (com.android.internal.view.menu.IconMenuItemView) against the original (com.android.internal.view.menu.IconMenuItemView)
D/nofatclips(  249): Testing for name (Add Account) against the original (Add Account)
I/nofatclips(  249): Firing event: type= click index=1 widget=com.android.internal.view.menu.IconMenuItemView
D/MediaScannerService(  257): start scanning volume external
V/MediaProvider(  257): /mnt/sdcard volume ID: 133708062
D/dalvikvm(  119): GREF has increased to 201
V/MediaProvider(  257): Attached volume: external
V/MediaScanner(  257): pruneDeadThumbnailFiles... android.database.sqlite.SQLiteCursor@405960c8
V/MediaScanner(  257): /pruneDeadThumbnailFiles... android.database.sqlite.SQLiteCursor@405960c8
D/MediaScanner(  257):  prescan time: 63ms
D/MediaScanner(  257):     scan time: 1ms
D/MediaScanner(  257): postscan time: 28ms
D/MediaScanner(  257):    total time: 92ms
D/MediaScannerService(  257): done scanning volume external
W/KeyCharacterMap(  249): No keyboard for id 0
W/KeyCharacterMap(  249): Using default keymap: /system/usr/keychars/qwerty.kcm.bin
D/szipinf (  128): Initializing inflate state
I/ContactsDatabaseHelper(  187): Locale change completed in 7705ms
D/dalvikvm(  128): GC_EXPLICIT freed 181K, 50% free 2934K/5767K, external 2249K/2294K, paused 51ms
D/nofatclips(  249): Event description: Add Account
I/ActivityManager(   61): Starting: Intent { cmp=org.wordpress.android/.Preferences } from pid 249
I/nofatclips(  249): Waiting for 100 msec.
I/dalvikvm(  249): Jit: resizing JitTable from 512 to 1024
I/ActivityManager(   61): Displayed org.wordpress.android/.Preferences: +2s62ms
I/nofatclips(  249): Current activity is Preferences
I/nofatclips(  249): Retrieving widgets
D/nofatclips(  249): Found widget: id=-1 (android.widget.LinearLayout@40584090)
D/nofatclips(  249): Found widget: id=-1 (android.widget.FrameLayout@40617f78)
D/nofatclips(  249): Found widget: id=16908310 (android.widget.TextView@40657398): Preferences
D/nofatclips(  249): Found widget: id=16908290 (android.widget.FrameLayout@4065b4a0)
D/nofatclips(  249): Found widget: id=-1 (android.widget.ScrollView@4054b048)
D/nofatclips(  249): Found widget: id=-1 (android.widget.LinearLayout@405db7b8)
D/nofatclips(  249): Found widget: id=-1 (android.widget.LinearLayout@405a8188)
D/nofatclips(  249): Found widget: id=-1 (android.widget.TextView@405cc828):   Comment Notifications
D/nofatclips(  249): Found widget: id=-1 (android.widget.LinearLayout@4061a678)
D/nofatclips(  249): Found widget: id=1 (android.widget.CheckBox@405eaa00): Katie's Sweet Testing Blog
D/nofatclips(  249): Found widget: id=2 (android.widget.CheckBox@4057ce60): My Blog
D/nofatclips(  249): Found widget: id=-1 (android.widget.TextView@4061dd20): Update interval:
D/nofatclips(  249): Found widget: id=-1 (android.widget.Spinner@40650880)
D/nofatclips(  249): Found widget: id=16908308 (android.widget.TextView@40670328): 5 Minutes
D/nofatclips(  249): Found widget: id=-1 (android.widget.LinearLayout@405fed70)
D/nofatclips(  249): Found widget: id=-1 (android.widget.CheckBox@4061c5b8): Play notification sound
D/nofatclips(  249): Found widget: id=-1 (android.widget.CheckBox@4061e028): Vibrate
D/nofatclips(  249): Found widget: id=-1 (android.widget.CheckBox@4050c198): Blink notification light
D/nofatclips(  249): Found widget: id=-1 (android.widget.LinearLayout@40647580)
D/nofatclips(  249): Found widget: id=-1 (android.widget.TextView@40609558):   Post Signature
D/nofatclips(  249): Found widget: id=-1 (android.widget.CheckBox@405cc438): Add a tagline to new posts
D/nofatclips(  249): Found widget: id=-1 (android.widget.EditText@405bb428): Posted from WordPress for Android
D/nofatclips(  249): Found widget: id=-1 (android.widget.LinearLayout@4066a020)
D/nofatclips(  249): Found widget: id=-1 (android.widget.Button@4066e7c0): Cancel
D/nofatclips(  249): Found widget: id=-1 (android.widget.Button@4060e908): Save
D/nofatclips(  249): Found widget: id=-1 (com.android.internal.policy.impl.PhoneWindow$DecorView@4060e390)
V/nicola  (  249): TextualID : null
V/nicola  (  249): ContentType detected : default
V/nicola  (  249): TextualID : null
V/nicola  (  249): ContentType detected : default
V/nicola  (  249): TextualID : null
V/nicola  (  249): ContentType detected : default
V/nicola  (  249): TextualID : null
V/nicola  (  249): ContentType detected : default
V/nicola  (  249): TextualID : null
V/nicola  (  249): ContentType detected : default
V/nicola  (  249): TextualID : null
V/nicola  (  249): ContentType detected : default
V/nicola  (  249): TextualID : null
V/nicola  (  249): ContentType detected : default
V/nicola  (  249): TextualID : null
V/nicola  (  249): ContentType detected : default
V/nicola  (  249): TextualID : null
V/nicola  (  249): ContentType detected : default
V/nicola  (  249): TextualID : null
V/nicola  (  249): ContentType detected : default
V/nicola  (  249): TextualID : null
V/nicola  (  249): ContentType detected : default
V/ReflectionHelper(  249): android.widget.EditText > mOnFocusChangeListener FOUND | NOT ACTIVE
V/nicola  (  249): TextualID : null
V/nicola  (  249): ContentType detected : default
V/nicola  (  249): TextualID : null
V/nicola  (  249): ContentType detected : default
V/nicola  (  249): TextualID : null
V/nicola  (  249): ContentType detected : default
I/nofatclips(  249): Performing comparation for activity Preferences
D/nofatclips(  249): Comparing against activity Dashboard
D/nofatclips(  249): Comparing against activity Dashboard
I/nofatclips(  249): Registering activity Preferences (id: a3) as a new found state
D/nofatclips(  249): Performing backup of the old activity list on disk
D/nofatclips(  249): Saving new found state 'a3' on disk
V/nofatclips(  249): Opening state file in append mode.
D/dalvikvm(  249): GC_EXTERNAL_ALLOC freed 720K, 50% free 3369K/6727K, external 2203K/2324K, paused 91ms
I/nofatclips(  249): Saved image on disk: a3.jpg
I/nofatclips(  249): Waiting for 100 msec.
I/nofatclips(  249): Session count is 1. Will dump to disk at 1
I/nofatclips(  249): Saving the session on disk.
I/nofatclips(  249): Planning for new Activity Preferences
D/nofatclips(  249): Handling event 'click' on widget id=1 type=check name=Katie's Sweet Testing Blog
D/nofatclips(  249): Handling event 'click' on widget id=2 type=check name=My Blog
D/nofatclips(  249): Handling event 'click' on widget id=-1 type=check name=Play notification sound
D/nofatclips(  249): Handling event 'click' on widget id=-1 type=check name=Vibrate
D/nofatclips(  249): Handling event 'click' on widget id=-1 type=check name=Blink notification light
D/nofatclips(  249): Handling event 'click' on widget id=-1 type=check name=Add a tagline to new posts
D/nofatclips(  249): Handling event 'click' on widget id=-1 type=button name=Cancel
D/nofatclips(  249): Handling event 'click' on widget id=-1 type=button name=Save
I/nofatclips(  249): Created trace to press the back button
I/nofatclips(  249): Created trace to press the menu button
I/nofatclips(  249): Created trace to change orientation
I/nofatclips(  249): Check for termination: 98 steps left of 100
I/nofatclips(  249): Dispatching new task. 2 more tasks remaining.
D/nofatclips(  249): Performing backup of the old task list on disk
D/nofatclips(  249): Saving task list on disk
V/nofatclips(  249): Backing up trace #17 to disk.
V/nofatclips(  249): Backing up trace #18 to disk.
D/dalvikvm(  249): GC_CONCURRENT freed 924K, 52% free 3383K/6919K, external 3238K/3294K, paused 3ms+6ms
D/nofatclips(  249): Deleting backup of the old task list from disk
D/nofatclips(  249): Deleting backup of the old activity list from disk
I/nofatclips(  249): Incrementally Playing Trace 18
I/nofatclips(  249): Retrieved from return list id=1
D/nofatclips(  249): Testing for type (android.widget.CheckBox) against the original (android.widget.CheckBox)
D/nofatclips(  249): Testing for name (Katie's Sweet Testing Blog) against the original (Katie's Sweet Testing Blog)
I/nofatclips(  249): Firing event: type= click index=9 widget=android.widget.CheckBox
W/KeyCharacterMap(  249): No keyboard for id 0
W/KeyCharacterMap(  249): Using default keymap: /system/usr/keychars/qwerty.kcm.bin
D/nofatclips(  249): Event description: Katie's Sweet Testing Blog
I/nofatclips(  249): Waiting for 100 msec.
I/nofatclips(  249): Current activity is Preferences
I/nofatclips(  249): Retrieving widgets
D/nofatclips(  249): Found widget: id=-1 (android.widget.LinearLayout@40584090)
D/nofatclips(  249): Found widget: id=-1 (android.widget.FrameLayout@40617f78)
D/nofatclips(  249): Found widget: id=16908310 (android.widget.TextView@40657398): Preferences
D/nofatclips(  249): Found widget: id=16908290 (android.widget.FrameLayout@4065b4a0)
D/nofatclips(  249): Found widget: id=-1 (android.widget.ScrollView@4054b048)
D/nofatclips(  249): Found widget: id=-1 (android.widget.LinearLayout@405db7b8)
D/nofatclips(  249): Found widget: id=-1 (android.widget.LinearLayout@405a8188)
D/nofatclips(  249): Found widget: id=-1 (android.widget.TextView@405cc828):   Comment Notifications
D/nofatclips(  249): Found widget: id=-1 (android.widget.LinearLayout@4061a678)
D/nofatclips(  249): Found widget: id=1 (android.widget.CheckBox@405eaa00): Katie's Sweet Testing Blog
D/nofatclips(  249): Found widget: id=2 (android.widget.CheckBox@4057ce60): My Blog
D/nofatclips(  249): Found widget: id=-1 (android.widget.TextView@4061dd20): Update interval:
D/nofatclips(  249): Found widget: id=-1 (android.widget.Spinner@40650880)
D/nofatclips(  249): Found widget: id=16908308 (android.widget.TextView@40670328): 5 Minutes
D/nofatclips(  249): Found widget: id=-1 (android.widget.LinearLayout@405fed70)
D/nofatclips(  249): Found widget: id=-1 (android.widget.CheckBox@4061c5b8): Play notification sound
D/nofatclips(  249): Found widget: id=-1 (android.widget.CheckBox@4061e028): Vibrate
D/nofatclips(  249): Found widget: id=-1 (android.widget.CheckBox@4050c198): Blink notification light
D/nofatclips(  249): Found widget: id=-1 (android.widget.LinearLayout@40647580)
D/nofatclips(  249): Found widget: id=-1 (android.widget.TextView@40609558):   Post Signature
D/nofatclips(  249): Found widget: id=-1 (android.widget.CheckBox@405cc438): Add a tagline to new posts
D/nofatclips(  249): Found widget: id=-1 (android.widget.EditText@405bb428): Posted from WordPress for Android
D/nofatclips(  249): Found widget: id=-1 (android.widget.LinearLayout@4066a020)
D/nofatclips(  249): Found widget: id=-1 (android.widget.Button@4066e7c0): Cancel
D/nofatclips(  249): Found widget: id=-1 (android.widget.Button@4060e908): Save
D/nofatclips(  249): Found widget: id=-1 (com.android.internal.policy.impl.PhoneWindow$DecorView@4060e390)
V/nicola  (  249): TextualID : null
V/nicola  (  249): ContentType detected : default
V/nicola  (  249): TextualID : null
V/nicola  (  249): ContentType detected : default
V/nicola  (  249): TextualID : null
V/nicola  (  249): ContentType detected : default
V/nicola  (  249): TextualID : null
V/nicola  (  249): ContentType detected : default
V/nicola  (  249): TextualID : null
V/nicola  (  249): ContentType detected : default
V/nicola  (  249): TextualID : null
V/nicola  (  249): ContentType detected : default
V/nicola  (  249): TextualID : null
V/nicola  (  249): ContentType detected : default
V/nicola  (  249): TextualID : null
V/nicola  (  249): ContentType detected : default
V/nicola  (  249): TextualID : null
V/nicola  (  249): ContentType detected : default
V/nicola  (  249): TextualID : null
V/nicola  (  249): ContentType detected : default
V/nicola  (  249): TextualID : null
V/nicola  (  249): ContentType detected : default
V/ReflectionHelper(  249): android.widget.EditText > mOnFocusChangeListener FOUND | NOT ACTIVE
V/nicola  (  249): TextualID : null
V/nicola  (  249): ContentType detected : default
V/nicola  (  249): TextualID : null
V/nicola  (  249): ContentType detected : default
V/nicola  (  249): TextualID : null
V/nicola  (  249): ContentType detected : default
I/nofatclips(  249): Performing comparation for activity Preferences
D/nofatclips(  249): Comparing against activity Preferences
D/nofatclips(  249): Comparing against activity Dashboard
D/nofatclips(  249): Comparing against activity Dashboard
I/nofatclips(  249): Registering activity Preferences (id: a4) as a new found state
D/nofatclips(  249): Performing backup of the old activity list on disk
D/nofatclips(  249): Saving new found state 'a4' on disk
V/nofatclips(  249): Opening state file in append mode.
D/dalvikvm(  249): GC_EXTERNAL_ALLOC freed 760K, 52% free 3385K/6919K, external 3238K/3294K, paused 103ms
I/nofatclips(  249): Saved image on disk: a4.jpg
I/nofatclips(  249): Waiting for 100 msec.
I/nofatclips(  249): Session count is 1. Will dump to disk at 1
I/nofatclips(  249): Saving the session on disk.
I/nofatclips(  249): Planning for new Activity Preferences
D/nofatclips(  249): Handling event 'click' on widget id=1 type=check name=Katie's Sweet Testing Blog
D/nofatclips(  249): Handling event 'click' on widget id=2 type=check name=My Blog
D/nofatclips(  249): Handling event 'click' on widget id=-1 type=check name=Play notification sound
D/nofatclips(  249): Handling event 'click' on widget id=-1 type=check name=Vibrate
D/nofatclips(  249): Handling event 'click' on widget id=-1 type=check name=Blink notification light
D/nofatclips(  249): Handling event 'click' on widget id=-1 type=check name=Add a tagline to new posts
D/nofatclips(  249): Handling event 'click' on widget id=-1 type=button name=Cancel
D/nofatclips(  249): Handling event 'click' on widget id=-1 type=button name=Save
I/nofatclips(  249): Created trace to press the back button
I/nofatclips(  249): Created trace to press the menu button
I/nofatclips(  249): Created trace to change orientation
I/nofatclips(  249): Check for termination: 97 steps left of 100
I/nofatclips(  249): Dispatching new task. 2 more tasks remaining.
D/nofatclips(  249): Performing backup of the old task list on disk
D/nofatclips(  249): Saving task list on disk
V/nofatclips(  249): Backing up trace #28 to disk.
V/nofatclips(  249): Backing up trace #29 to disk.
D/nofatclips(  249): Deleting backup of the old task list from disk
D/nofatclips(  249): Deleting backup of the old activity list from disk
I/nofatclips(  249): Incrementally Playing Trace 29
I/nofatclips(  249): Retrieved from return list id=-1
D/nofatclips(  249): Testing for type (android.widget.LinearLayout) against the original (null)
I/nofatclips(  249): Firing event: type= changeOrientation name= widget=null
I/WindowManager(   61): Setting rotation to 1, animFlags=1
I/ActivityManager(   61): Config changed: { scale=1.0 imsi=310/260 loc=en_US touch=3 keys=2/1/2 nav=1/1 orien=2 layout=18 uiMode=17 seq=5}
D/PhoneWindow(  249): couldn't save which view has focus because the focused view android.widget.EditText@405bb428 has no id.
I/nofatclips(  249): Waiting for 100 msec.
I/nofatclips(  249): Current activity is Preferences
I/nofatclips(  249): Retrieving widgets
D/nofatclips(  249): Found widget: id=-1 (android.widget.LinearLayout@40714470)
D/nofatclips(  249): Found widget: id=-1 (android.widget.FrameLayout@407146b0)
D/nofatclips(  249): Found widget: id=16908310 (android.widget.TextView@407151d0): Preferences
D/nofatclips(  249): Found widget: id=16908290 (android.widget.FrameLayout@40715768)
D/nofatclips(  249): Found widget: id=-1 (android.widget.ScrollView@40704c18)
D/nofatclips(  249): Found widget: id=-1 (android.widget.LinearLayout@40706c30)
D/nofatclips(  249): Found widget: id=-1 (android.widget.LinearLayout@40707070)
D/nofatclips(  249): Found widget: id=-1 (android.widget.TextView@407079b0):   Comment Notifications
D/nofatclips(  249): Found widget: id=-1 (android.widget.LinearLayout@40706e38)
D/nofatclips(  249): Found widget: id=1 (android.widget.CheckBox@40709078): Katie's Sweet Testing Blog
D/nofatclips(  249): Found widget: id=2 (android.widget.CheckBox@40709ff8): My Blog
D/nofatclips(  249): Found widget: id=-1 (android.widget.TextView@4070ace8): Update interval:
D/nofatclips(  249): Found widget: id=-1 (android.widget.Spinner@4070b328)
D/nofatclips(  249): Found widget: id=16908308 (android.widget.TextView@40717088): 5 Minutes
D/nofatclips(  249): Found widget: id=-1 (android.widget.LinearLayout@4070c378)
D/nofatclips(  249): Found widget: id=-1 (android.widget.CheckBox@4070c580): Play notification sound
D/nofatclips(  249): Found widget: id=-1 (android.widget.CheckBox@4070d358): Vibrate
D/nofatclips(  249): Found widget: id=-1 (android.widget.CheckBox@4070dfa0): Blink notification light
D/nofatclips(  249): Found widget: id=-1 (android.widget.LinearLayout@4070eda8)
D/nofatclips(  249): Found widget: id=-1 (android.widget.TextView@4070f200):   Post Signature
D/nofatclips(  249): Found widget: id=-1 (android.widget.CheckBox@4070fc88): Add a tagline to new posts
D/nofatclips(  249): Found widget: id=-1 (android.widget.EditText@40710a60): Posted from WordPress for Android
D/nofatclips(  249): Found widget: id=-1 (android.widget.LinearLayout@40711900)
D/nofatclips(  249): Found widget: id=-1 (android.widget.Button@40711b20): Cancel
D/nofatclips(  249): Found widget: id=-1 (android.widget.Button@407131b8): Save
D/nofatclips(  249): Found widget: id=-1 (com.android.internal.policy.impl.PhoneWindow$DecorView@40714068)
V/nicola  (  249): TextualID : null
V/nicola  (  249): ContentType detected : default
V/nicola  (  249): TextualID : null
V/nicola  (  249): ContentType detected : default
V/nicola  (  249): TextualID : null
V/nicola  (  249): ContentType detected : default
V/nicola  (  249): TextualID : null
V/nicola  (  249): ContentType detected : default
V/nicola  (  249): TextualID : null
V/nicola  (  249): ContentType detected : default
D/dalvikvm(  249): GC_CONCURRENT freed 1315K, 54% free 3446K/7367K, external 3419K/4043K, paused 7ms+11ms
V/nicola  (  249): TextualID : null
V/nicola  (  249): ContentType detected : default
V/nicola  (  249): TextualID : null
V/nicola  (  249): ContentType detected : default
V/nicola  (  249): TextualID : null
V/nicola  (  249): ContentType detected : default
V/nicola  (  249): TextualID : null
V/nicola  (  249): ContentType detected : default
V/nicola  (  249): TextualID : null
V/nicola  (  249): ContentType detected : default
V/nicola  (  249): TextualID : null
V/nicola  (  249): ContentType detected : default
V/ReflectionHelper(  249): android.widget.EditText > mOnFocusChangeListener FOUND | NOT ACTIVE
V/nicola  (  249): TextualID : null
I/dalvikvm(  249): Jit: resizing JitTable from 1024 to 2048
V/nicola  (  249): ContentType detected : default
V/nicola  (  249): TextualID : null
V/nicola  (  249): ContentType detected : default
V/nicola  (  249): TextualID : null
V/nicola  (  249): ContentType detected : default
I/nofatclips(  249): Performing comparation for activity Preferences
D/nofatclips(  249): Comparing against activity Preferences
D/nofatclips(  249): Comparing against activity Preferences
D/nofatclips(  249): Comparing against activity Dashboard
D/nofatclips(  249): Comparing against activity Dashboard
I/nofatclips(  249): Registering activity Preferences (id: a5) as a new found state
D/nofatclips(  249): Performing backup of the old activity list on disk
D/nofatclips(  249): Saving new found state 'a5' on disk
V/nofatclips(  249): Opening state file in append mode.
D/dalvikvm(  249): GC_EXTERNAL_ALLOC freed 313K, 54% free 3394K/7367K, external 2819K/2819K, paused 97ms
I/nofatclips(  249): Saved image on disk: a5.jpg
I/nofatclips(  249): Waiting for 100 msec.
I/nofatclips(  249): Session count is 1. Will dump to disk at 1
I/nofatclips(  249): Saving the session on disk.
I/nofatclips(  249): Planning for new Activity Preferences
D/nofatclips(  249): Handling event 'click' on widget id=1 type=check name=Katie's Sweet Testing Blog
D/nofatclips(  249): Handling event 'click' on widget id=2 type=check name=My Blog
D/dalvikvm(   61): GC_EXPLICIT freed 702K, 46% free 4156K/7623K, external 1865K/3065K, paused 320ms
D/nofatclips(  249): Handling event 'click' on widget id=-1 type=check name=Play notification sound
D/nofatclips(  249): Handling event 'click' on widget id=-1 type=check name=Vibrate
D/nofatclips(  249): Handling event 'click' on widget id=-1 type=check name=Blink notification light
D/nofatclips(  249): Handling event 'click' on widget id=-1 type=check name=Add a tagline to new posts
D/nofatclips(  249): Handling event 'click' on widget id=-1 type=button name=Cancel
D/nofatclips(  249): Handling event 'click' on widget id=-1 type=button name=Save
I/nofatclips(  249): Created trace to press the back button
I/nofatclips(  249): Created trace to press the menu button
I/nofatclips(  249): Created trace to change orientation
I/nofatclips(  249): Check for termination: 96 steps left of 100
I/nofatclips(  249): Dispatching new task. 2 more tasks remaining.
D/nofatclips(  249): Performing backup of the old task list on disk
D/nofatclips(  249): Saving task list on disk
V/nofatclips(  249): Backing up trace #39 to disk.
V/nofatclips(  249): Backing up trace #40 to disk.
D/nofatclips(  249): Deleting backup of the old task list from disk
D/nofatclips(  249): Deleting backup of the old activity list from disk
I/nofatclips(  249): Incrementally Playing Trace 40
I/nofatclips(  249): Retrieved from return list id=-1
D/nofatclips(  249): Testing for type (android.widget.Button) against the original (android.widget.Button)
D/nofatclips(  249): Testing for name (Cancel) against the original (Cancel)
I/nofatclips(  249): Firing event: type= click index=23 widget=android.widget.Button
W/KeyCharacterMap(  249): No keyboard for id 0
W/KeyCharacterMap(  249): Using default keymap: /system/usr/keychars/qwerty.kcm.bin
D/nofatclips(  249): Event description: Cancel
I/WindowManager(   61): Setting rotation to 0, animFlags=1
I/ActivityManager(   61): Config changed: { scale=1.0 imsi=310/260 loc=en_US touch=3 keys=2/1/2 nav=1/1 orien=1 layout=18 uiMode=17 seq=6}
I/nofatclips(  249): Waiting for 100 msec.
I/nofatclips(  249): Current activity is Dashboard
I/nofatclips(  249): Retrieving widgets
D/nofatclips(  249): Found widget: id=16908290 (android.widget.FrameLayout@405a0a00)
D/nofatclips(  249): Found widget: id=2131165248 (android.widget.RelativeLayout@405a1700)
D/nofatclips(  249): Found widget: id=2131165249 (android.widget.LinearLayout@405a1d68)
D/nofatclips(  249): Found widget: id=-1 (android.widget.ImageView@405a22b0)
D/nofatclips(  249): Found widget: id=2131165250 (org.wordpress.android.util.WPTitleBar@4059bc88)
D/nofatclips(  249): Found widget: id=2131165195 (android.widget.RelativeLayout@4050e260)
D/nofatclips(  249): Found widget: id=2131165196 (android.widget.RelativeLayout@40568510)
D/nofatclips(  249): Found widget: id=2131165197 (android.widget.ImageView@4059cf20)
D/nofatclips(  249): Found widget: id=2131165198 (android.widget.TextView@40541880): Katie's Sweet Testing Blog
D/nofatclips(  249): Found widget: id=2131165199 (android.widget.ImageView@4055d110)
D/nofatclips(  249): Found widget: id=-1 (android.widget.RelativeLayout@40579478)
D/nofatclips(  249): Found widget: id=2131165200 (android.widget.ImageButton@4059d448)
D/nofatclips(  249): Found widget: id=-1 (android.widget.FrameLayout@4057a9d0)
D/nofatclips(  249): Found widget: id=2131165201 (android.widget.Button@40542248): 
D/nofatclips(  249): Found widget: id=2131165202 (android.widget.ImageView@40593880)
D/nofatclips(  249): Found widget: id=2131165203 (android.widget.ImageView@4053ca40)
D/nofatclips(  249): Found widget: id=2131165204 (android.widget.LinearLayout@40569118)
D/nofatclips(  249): Found widget: id=-1 (android.widget.FrameLayout@4059ccb8)
D/nofatclips(  249): Found widget: id=-1 (android.widget.LinearLayout@4052fbe8)
D/nofatclips(  249): Found widget: id=-1 (android.widget.LinearLayout@4050e070)
D/nofatclips(  249): Found widget: id=-1 (android.widget.LinearLayout@4052f208)
D/nofatclips(  249): Found widget: id=2131165251 (android.widget.LinearLayout@4052f8c0)
D/nofatclips(  249): Found widget: id=-1 (android.widget.ImageView@40590328)
D/nofatclips(  249): Found widget: id=2131165256 (android.widget.TextView@4056ae10): New Post
D/nofatclips(  249): Found widget: id=2131165253 (android.widget.LinearLayout@4059bec0)
D/nofatclips(  249): Found widget: id=-1 (android.widget.ImageView@40530c28)
D/nofatclips(  249): Found widget: id=2131165256 (android.widget.TextView@4056b748): New Page
D/nofatclips(  249): Found widget: id=-1 (android.widget.LinearLayout@40532ee0)
D/nofatclips(  249): Found widget: id=2131165252 (android.widget.LinearLayout@40510cd0)
D/nofatclips(  249): Found widget: id=-1 (android.widget.ImageView@40538888)
D/nofatclips(  249): Found widget: id=2131165256 (android.widget.TextView@40577940): Quick Photo
D/nofatclips(  249): Found widget: id=2131165254 (android.widget.LinearLayout@405467f0)
D/nofatclips(  249): Found widget: id=-1 (android.widget.ImageView@4059aa10)
D/nofatclips(  249): Found widget: id=2131165256 (android.widget.TextView@405781b0): Quick Video
D/nofatclips(  249): Found widget: id=-1 (android.widget.LinearLayout@4059e2b0)
D/nofatclips(  249): Found widget: id=-1 (android.widget.LinearLayout@4052e678)
D/nofatclips(  249): Found widget: id=2131165255 (android.widget.LinearLayout@40533e98)
D/nofatclips(  249): Found widget: id=-1 (android.widget.ImageView@40540400)
D/nofatclips(  249): Found widget: id=2131165256 (android.widget.TextView@40578838): Posts
D/nofatclips(  249): Found widget: id=2131165257 (android.widget.LinearLayout@40544fc0)
D/nofatclips(  249): Found widget: id=-1 (android.widget.ImageView@405434d8)
D/nofatclips(  249): Found widget: id=2131165256 (android.widget.TextView@40537490): Pages
D/nofatclips(  249): Found widget: id=-1 (android.widget.FrameLayout@405302d0)
D/nofatclips(  249): Found widget: id=2131165258 (android.widget.LinearLayout@40534560)
D/nofatclips(  249): Found widget: id=-1 (android.widget.ImageView@4059d7d0)
D/nofatclips(  249): Found widget: id=2131165256 (android.widget.TextView@40539440): Comments
D/nofatclips(  249): Found widget: id=2131165259 (android.widget.FrameLayout@405439f8)
D/nofatclips(  249): Found widget: id=2131165260 (android.widget.ImageView@405446a8)
D/nofatclips(  249): Found widget: id=2131165261 (org.wordpress.android.util.CommentBadgeTextView@4053a458): 0
D/nofatclips(  249): Found widget: id=-1 (android.widget.LinearLayout@40539148)
D/nofatclips(  249): Found widget: id=2131165262 (android.widget.LinearLayout@40540780)
D/nofatclips(  249): Found widget: id=-1 (android.widget.ImageView@40537190)
D/nofatclips(  249): Found widget: id=2131165256 (android.widget.TextView@40540a78): Settings
D/nofatclips(  249): Found widget: id=2131165263 (android.widget.LinearLayout@40544018)
D/nofatclips(  249): Found widget: id=-1 (android.widget.ImageView@4055fd30)
D/nofatclips(  249): Found widget: id=2131165256 (android.widget.TextView@40542db8): Read
D/nofatclips(  249): Found widget: id=2131165264 (android.widget.LinearLayout@405613d8)
D/nofatclips(  249): Found widget: id=-1 (android.widget.ImageView@40563c78)
D/nofatclips(  249): Found widget: id=2131165256 (android.widget.TextView@4054fb10): Stats
D/dalvikvm(  249): GC_CONCURRENT freed 1557K, 56% free 3396K/7559K, external 3238K/4043K, paused 7ms+10ms
D/nofatclips(  249): Found widget: id=-1 (com.android.internal.policy.impl.PhoneWindow$DecorView@405a0100)
V/nicola  (  249): TextualID : blog_title
V/nicola  (  249): ContentType detected : default
V/nicola  (  249): TextualID : action_refresh
V/nicola  (  249): ContentType detected : default
V/nicola  (  249): TextualID : button_text
V/nicola  (  249): ContentType detected : default
V/nicola  (  249): TextualID : button_text
V/nicola  (  249): ContentType detected : default
V/nicola  (  249): TextualID : button_text
V/nicola  (  249): ContentType detected : default
V/nicola  (  249): TextualID : button_text
V/nicola  (  249): ContentType detected : default
V/nicola  (  249): TextualID : button_text
V/nicola  (  249): ContentType detected : default
V/nicola  (  249): TextualID : button_text
V/nicola  (  249): ContentType detected : default
V/nicola  (  249): TextualID : button_text
V/nicola  (  249): ContentType detected : default
V/nicola  (  249): TextualID : button_text
V/nicola  (  249): ContentType detected : default
V/nicola  (  249): TextualID : button_text
V/nicola  (  249): ContentType detected : default
V/nicola  (  249): TextualID : button_text
V/nicola  (  249): ContentType detected : default
I/nofatclips(  249): Performing comparation for activity Dashboard
D/nofatclips(  249): Comparing against activity Preferences
D/nofatclips(  249): Comparing against activity Preferences
D/nofatclips(  249): Comparing against activity Preferences
D/nofatclips(  249): Comparing against activity Dashboard
D/nofatclips(  249): Comparing against activity Dashboard
I/nofatclips(  249): Registering activity Dashboard (id: a6) as a new found state
D/nofatclips(  249): Performing backup of the old activity list on disk
D/nofatclips(  249): Saving new found state 'a6' on disk
V/nofatclips(  249): Opening state file in append mode.
D/dalvikvm(  249): GC_EXTERNAL_ALLOC freed 531K, 55% free 3435K/7559K, external 2225K/2638K, paused 86ms
I/nofatclips(  249): Saved image on disk: a6.jpg
I/nofatclips(  249): Waiting for 100 msec.
I/nofatclips(  249): Session count is 1. Will dump to disk at 1
I/nofatclips(  249): Saving the session on disk.
I/nofatclips(  249): Planning for new Activity Dashboard
D/nofatclips(  249): Handling event 'click' on widget id=2131165200 type=button name=
D/dalvikvm(   61): GC_EXPLICIT freed 62K, 47% free 4111K/7623K, external 1316K/1828K, paused 386ms
D/nofatclips(  249): Handling event 'click' on widget id=2131165201 type=button name=
D/nofatclips(  249): Handling event 'click' on widget id=2131165204 type=linearLayout name=
D/nofatclips(  249): Handling event 'click' on widget id=2131165251 type=linearLayout name=
D/nofatclips(  249): Handling event 'click' on widget id=2131165253 type=linearLayout name=
D/nofatclips(  249): Handling event 'click' on widget id=2131165252 type=linearLayout name=
D/nofatclips(  249): Handling event 'click' on widget id=2131165254 type=linearLayout name=
D/nofatclips(  249): Handling event 'click' on widget id=2131165255 type=linearLayout name=
D/nofatclips(  249): Handling event 'click' on widget id=2131165257 type=linearLayout name=
D/nofatclips(  249): Handling event 'click' on widget id=2131165258 type=linearLayout name=
D/nofatclips(  249): Handling event 'click' on widget id=2131165262 type=linearLayout name=
D/dalvikvm(  249): GC_CONCURRENT freed 1229K, 54% free 3499K/7559K, external 2644K/3302K, paused 4ms+5ms
D/nofatclips(  249): Handling event 'click' on widget id=2131165263 type=linearLayout name=
D/nofatclips(  249): Handling event 'click' on widget id=2131165264 type=linearLayout name=
I/nofatclips(  249): Created trace to press the back button
I/nofatclips(  249): Created trace to press the menu button
I/nofatclips(  249): Created trace to change orientation
I/nofatclips(  249): Check for termination: 95 steps left of 100
I/nofatclips(  249): Dispatching new task. 2 more tasks remaining.
D/nofatclips(  249): Performing backup of the old task list on disk
D/nofatclips(  249): Saving task list on disk
V/nofatclips(  249): Backing up trace #54 to disk.
D/dalvikvm(  249): GC_CONCURRENT freed 1290K, 55% free 3416K/7559K, external 2044K/2644K, paused 4ms+5ms
V/nofatclips(  249): Backing up trace #55 to disk.
D/nofatclips(  249): Deleting backup of the old task list from disk
D/nofatclips(  249): Deleting backup of the old activity list from disk
I/nofatclips(  249): Incrementally Playing Trace 55
I/nofatclips(  249): Retrieved from return list id=2131165200
D/nofatclips(  249): Testing for type (android.widget.ImageButton) against the original (android.widget.ImageButton)
D/nofatclips(  249): Testing for name () against the original ()
I/nofatclips(  249): Firing event: type= click index=11 widget=android.widget.ImageButton
W/KeyCharacterMap(  249): No keyboard for id 0
W/KeyCharacterMap(  249): Using default keymap: /system/usr/keychars/qwerty.kcm.bin
I/nofatclips(  249): Waiting for 100 msec.
I/nofatclips(  249): Current activity is Dashboard
I/nofatclips(  249): Retrieving widgets
D/nofatclips(  249): Found widget: id=16908290 (android.widget.FrameLayout@405a0a00)
D/nofatclips(  249): Found widget: id=2131165248 (android.widget.RelativeLayout@405a1700)
D/nofatclips(  249): Found widget: id=2131165249 (android.widget.LinearLayout@405a1d68)
