I/dalvikvm(  142):   at android.app.ActivityThread.performLaunchActivity(ActivityThread.java:1611)
I/dalvikvm(  142):   at android.app.ActivityThread.handleLaunchActivity(ActivityThread.java:1663)
I/dalvikvm(  142):   at android.app.ActivityThread.access$1500(ActivityThread.java:117)
I/dalvikvm(  142):   at android.app.ActivityThread$H.handleMessage(ActivityThread.java:931)
I/dalvikvm(  142):   at android.os.Handler.dispatchMessage(Handler.java:99)
I/dalvikvm(  142):   at android.os.Looper.loop(Looper.java:123)
I/dalvikvm(  142):   at android.app.ActivityThread.main(ActivityThread.java:3683)
I/dalvikvm(  142):   at java.lang.reflect.Method.invokeNative(Native Method)
I/dalvikvm(  142):   at java.lang.reflect.Method.invoke(Method.java:507)
I/dalvikvm(  142):   at com.android.internal.os.ZygoteInit$MethodAndArgsCaller.run(ZygoteInit.java:839)
I/dalvikvm(  142):   at com.android.internal.os.ZygoteInit.main(ZygoteInit.java:597)
I/dalvikvm(  142):   at dalvik.system.NativeStart.main(Native Method)
I/dalvikvm(  142): 
W/dalvikvm(  142): threadid=6: spin on suspend resolved in 9293 msec
D/dalvikvm(  142): GC_EXTERNAL_ALLOC freed 50K, 53% free 2700K/5639K, external 1032K/1038K, paused 3211ms
I/StorageNotification(  134): Media {/mnt/sdcard} state changed from {unmounted} -> {checking}
W/ActivityManager(   61): Activity pause timeout for HistoryRecord{4059a8b8 com.android.launcher/com.android.launcher2.Launcher}
I/ActivityManager(   61): Start proc com.android.email for broadcast com.android.email/.service.EmailBroadcastReceiver: pid=291 uid=10028 gids={3003, 1015}
D/dalvikvm(  253): GC_EXTERNAL_ALLOC freed 401K, 53% free 2737K/5767K, external 716K/1038K, paused 182ms
I/ActivityThread(  291): Pub com.android.email.provider: com.android.email.provider.EmailProvider
I/ActivityThread(  291): Pub com.android.email.attachmentprovider: com.android.email.provider.AttachmentProvider
I/ActivityThread(  291): Pub com.android.exchange.provider: com.android.exchange.provider.ExchangeProvider
D/EAS SyncManager(  291): !!! EAS SyncManager, onCreate
D/dalvikvm(   61): GC_CONCURRENT freed 756K, 45% free 4166K/7559K, external 1865K/3065K, paused 5ms+21ms
I//system/bin/fsck_msdos(   29): ** /dev/block/vold/179:0
I//system/bin/fsck_msdos(   29): ** Phase 1 - Read and Compare FATs
I//system/bin/fsck_msdos(   29): Attempting to allocate 397 KB for FAT
D/dalvikvm(  253): GC_EXTERNAL_ALLOC freed 115K, 49% free 2944K/5767K, external 1407K/1623K, paused 44ms
D/Eas Debug(  291): Logging: 
W/dalvikvm(  267): threadid=6: spin on suspend #1 threadid=3 (pcf=0)
D/dalvikvm(  267): Temporarily moving tid 270 to fg (was 0)
W/dalvikvm(  267): threadid=6: spin on suspend resolved in 1032 msec
D/dalvikvm(  267): Restored policy of 270 to 0
D/MediaScannerService(  246): start scanning volume internal
D/dalvikvm(  267): GC_CONCURRENT freed 493K, 54% free 2724K/5831K, external 716K/1038K, paused 2ms+2ms
I//system/bin/fsck_msdos(   29): Attempting to allocate 397 KB for FAT
D/dalvikvm(  291): GC_CONCURRENT freed 497K, 54% free 2738K/5831K, external 716K/1038K, paused 3ms+3ms
D/Email   (  291): BOOT_COMPLETED
I//system/bin/fsck_msdos(   29): ** Phase 2 - Check Cluster Chains
I//system/bin/fsck_msdos(   29): ** Phase 3 - Checking Directories
I//system/bin/fsck_msdos(   29): ** Phase 4 - Checking for Lost Files
I//system/bin/fsck_msdos(   29): Next free cluster in FSInfo block (5) not free
I//system/bin/fsck_msdos(   29): FIXED
I//system/bin/fsck_msdos(   29): 3 files, 50388 free (100777 clusters)
I/Vold    (   29): Filesystem check completed OK
I/Vold    (   29): Device /dev/block/vold/179:0, target /mnt/sdcard mounted @ /mnt/secure/staging
D/Vold    (   29): Volume sdcard state changing 3 (Checking) -> 4 (Mounted)
D/dalvikvm(   61): GC_EXPLICIT freed 59K, 46% free 4147K/7559K, external 1865K/3065K, paused 58ms
I/SurfaceFlinger(   61): Boot is finished (19522 ms)
I/PackageManager(   61): Updating external media status from unmounted to mounted
I/StorageNotification(  134): Media {/mnt/sdcard} state changed from {checking} -> {mounted}
I/ARMAssembler(   61): generated scanline__00000177:03010104_00000002_00000000 [ 44 ipp] (66 ins) at [0x46efd290:0x46efd398] in 633781 ns
D/nofatclips(  253): Generated Resuming Persistence
I/ARMAssembler(   61): generated scanline__00000177:03515104_00000001_00000000 [ 73 ipp] (95 ins) at [0x46efd3a0:0x46efd51c] in 501636 ns
I/dalvikvm(  253): Could not find method android.app.Activity.getFragmentManager, referenced from method com.jayway.android.robotium.solo.Waiter.getFragment
W/dalvikvm(  253): VFY: unable to resolve virtual method 7: Landroid/app/Activity;.getFragmentManager ()Landroid/app/FragmentManager;
D/dalvikvm(  253): VFY: replacing opcode 0x6e at 0x0008
I/dalvikvm(  253): Could not find method android.app.Activity.getFragmentManager, referenced from method com.jayway.android.robotium.solo.Waiter.getFragment
W/dalvikvm(  253): VFY: unable to resolve virtual method 7: Landroid/app/Activity;.getFragmentManager ()Landroid/app/FragmentManager;
D/dalvikvm(  253): VFY: replacing opcode 0x6e at 0x0017
W/dalvikvm(  253): VFY: unable to find class referenced in signature (Landroid/app/Fragment;)
D/dalvikvm(  253): VFY: dead code 0x000b-000f in Lcom/jayway/android/robotium/solo/Waiter;.getFragment (Ljava/lang/String;I)Landroid/app/Fragment;
D/dalvikvm(  253): VFY: dead code 0x001a-001f in Lcom/jayway/android/robotium/solo/Waiter;.getFragment (Ljava/lang/String;I)Landroid/app/Fragment;
W/dalvikvm(  253): VFY: unable to find class referenced in signature (Landroid/app/Fragment;)
D/EAS SyncManager(  291): !!! EAS SyncManager, onDestroy
D/EAS SyncManager(  291): !!! EAS SyncManager, onCreate
D/EAS SyncManager(  291): !!! EAS SyncManager, onStartCommand
D/EAS SyncManager(  291): !!! EAS SyncManager, stopping self
D/EAS SyncManager(  291): !!! EAS SyncManager, onDestroy
D/VoldCmdListener(   29): asec list
I/PackageManager(   61): No secure containers on sdcard
W/PackageManager(   61): Unknown permission com.google.android.googleapps.permission.GOOGLE_AUTH.mail in package com.android.contacts
W/PackageManager(   61): Unknown permission android.permission.ADD_SYSTEM_SERVICE in package com.android.phone
W/PackageManager(   61): Not granting permission android.permission.SEND_DOWNLOAD_COMPLETED_INTENTS to package com.android.browser (protectionLevel=2 flags=0x9be45)
W/ImageDownloader(  253): Error 404 while retrieving bitmap from http://gravatar.com/blavatar/44d338f29053dbb888da79dcf98df489?s=60&d=404
W/PackageManager(   61): Unknown permission com.google.android.gm.permission.WRITE_GMAIL in package com.android.settings
W/PackageManager(   61): Unknown permission com.google.android.gm.permission.READ_GMAIL in package com.android.settings
W/PackageManager(   61): Unknown permission com.google.android.googleapps.permission.GOOGLE_AUTH in package com.android.settings
W/PackageManager(   61): Unknown permission com.google.android.googleapps.permission.GOOGLE_AUTH in package com.android.providers.contacts
W/PackageManager(   61): Unknown permission com.google.android.googleapps.permission.GOOGLE_AUTH.cp in package com.android.providers.contacts
W/PackageManager(   61): Unknown permission com.google.android.googleapps.permission.ACCESS_GOOGLE_PASSWORD in package com.android.development
W/PackageManager(   61): Unknown permission com.google.android.googleapps.permission.GOOGLE_AUTH in package com.android.development
W/PackageManager(   61): Unknown permission com.google.android.googleapps.permission.GOOGLE_AUTH.ALL_SERVICES in package com.android.development
W/PackageManager(   61): Unknown permission com.google.android.googleapps.permission.GOOGLE_AUTH.YouTubeUser in package com.android.development
W/PackageManager(   61): Unknown permission android.permission.READ_OWNER_DATA in package com.android.email
W/PackageManager(   61): Not granting permission android.permission.DEVICE_POWER to package com.android.deskclock (protectionLevel=2 flags=0x8be45)
D/MediaScanner(  246):  prescan time: 292ms
D/szipinf (  180): Initializing inflate state
D/MediaScanner(  246):     scan time: 92ms
D/MediaScanner(  246): postscan time: 0ms
D/MediaScanner(  246):    total time: 384ms
D/dalvikvm(  246): GC_CONCURRENT freed 528K, 55% free 2648K/5831K, external 716K/1038K, paused 3ms+38ms
D/dalvikvm(  180): GC_CONCURRENT freed 182K, 50% free 2862K/5703K, external 716K/1038K, paused 3ms+3ms
I/InputReader(   61): Device reconfigured: id=0x0, name=qwerty2, display size is now 320x480
I/InputManager-Callbacks(   61): No virtual keys found for device qwerty2.
D/nofatclips(  253): Updating node automation
D/nofatclips(  253): Loading node automation
V/nofatclips(  253): Updating value FORCE_RESTART
V/nofatclips(  253): Updating value IN_AND_OUT_FOCUS
V/nofatclips(  253): Updating value PRECRAWLING
V/nofatclips(  253): Updating value SCREENSHOT_FOR_EVENTS
V/nofatclips(  253): Updating value SCREENSHOT_FOR_STATES
V/nofatclips(  253): Updating value SCREENSHOT_ONLY_NEW_STATES
V/nofatclips(  253): Updating value SLEEP_AFTER_EVENT
D/nofatclips(  253): Updated value of parameter SLEEP_AFTER_EVENT to 100 (default = 1000)
V/nofatclips(  253): Updating value SLEEP_AFTER_RESTART
D/nofatclips(  253): Updated value of parameter SLEEP_AFTER_RESTART to 100 (default = 1000)
V/nofatclips(  253): Updating value SLEEP_AFTER_TASK
D/nofatclips(  253): Updated value of parameter SLEEP_AFTER_TASK to 100 (default = 1000)
V/nofatclips(  253): Updating value SLEEP_ON_THROBBER
D/nofatclips(  253): Updated value of parameter SLEEP_ON_THROBBER to 100 (default = 1000)
D/nofatclips(  253): Updating node screenshot
D/nofatclips(  253): Loading node screenshot
V/nofatclips(  253): Updating value FORCE_RESTART
V/nofatclips(  253): Updating value IN_AND_OUT_FOCUS
V/nofatclips(  253): Updating value PRECRAWLING
V/nofatclips(  253): Updating value SCREENSHOT_FOR_EVENTS
V/nofatclips(  253): Updating value SCREENSHOT_FOR_STATES
V/nofatclips(  253): Updating value SCREENSHOT_ONLY_NEW_STATES
V/nofatclips(  253): Updating value SLEEP_AFTER_EVENT
V/nofatclips(  253): Updating value SLEEP_AFTER_RESTART
V/nofatclips(  253): Updating value SLEEP_AFTER_TASK
V/nofatclips(  253): Updating value SLEEP_ON_THROBBER
I/nofatclips(  253): Waiting for 100 msec.
I/ActivityManager(   61): Displayed org.wordpress.android/.Dashboard: +4s406ms (total +17s355ms)
I/ARMAssembler(   61): generated scanline__00000077:03515104_00001004_00000000 [ 65 ipp] (85 ins) at [0x46efd520:0x46efd674] in 489234 ns
I/ARMAssembler(   61): generated scanline__00000177:03515104_00001001_00000000 [ 91 ipp] (114 ins) at [0x46efd678:0x46efd840] in 336135 ns
D/MediaScannerService(  246): done scanning volume internal
D/nofatclips(  253): Ready to operate after restarting...
I/nofatclips(  253): Current activity is Dashboard
W/nofatclips(  253): --->Dashboard
D/MediaScannerService(  246): start scanning volume external
D/dalvikvm(  253): GC_CONCURRENT freed 229K, 49% free 2995K/5831K, external 1812K/2324K, paused 3ms+54ms
I/nofatclips(  253): Retrieving widgets
D/nofatclips(  253): Found widget: id=16908290 (android.widget.FrameLayout@405a0e58)
D/nofatclips(  253): Found widget: id=2131165248 (android.widget.RelativeLayout@405a1b58)
D/nofatclips(  253): Found widget: id=2131165249 (android.widget.LinearLayout@405a21c0)
D/nofatclips(  253): Found widget: id=-1 (android.widget.ImageView@405a2708)
D/nofatclips(  253): Found widget: id=2131165250 (org.wordpress.android.util.WPTitleBar@4059c0e0)
D/nofatclips(  253): Found widget: id=2131165195 (android.widget.RelativeLayout@4050e728)
D/nofatclips(  253): Found widget: id=2131165196 (android.widget.RelativeLayout@405689d8)
D/nofatclips(  253): Found widget: id=2131165197 (android.widget.ImageView@4059d378)
D/nofatclips(  253): Found widget: id=2131165198 (android.widget.TextView@40541d48): Katie's Sweet Testing Blog
D/nofatclips(  253): Found widget: id=2131165199 (android.widget.ImageView@4055d5d8)
D/nofatclips(  253): Found widget: id=-1 (android.widget.RelativeLayout@40579940)
D/nofatclips(  253): Found widget: id=2131165200 (android.widget.ImageButton@4059d8a0)
D/nofatclips(  253): Found widget: id=-1 (android.widget.FrameLayout@4057ae28)
D/nofatclips(  253): Found widget: id=2131165201 (android.widget.Button@40542710): 
D/nofatclips(  253): Found widget: id=2131165202 (android.widget.ImageView@40593cd8)
D/nofatclips(  253): Found widget: id=2131165203 (android.widget.ImageView@4053cf08)
D/nofatclips(  253): Found widget: id=2131165204 (android.widget.LinearLayout@405695e0)
D/nofatclips(  253): Found widget: id=-1 (android.widget.FrameLayout@4059d110)
D/nofatclips(  253): Found widget: id=-1 (android.widget.LinearLayout@405300b0)
D/nofatclips(  253): Found widget: id=-1 (android.widget.LinearLayout@4050e538)
D/nofatclips(  253): Found widget: id=-1 (android.widget.LinearLayout@4052f6d0)
D/nofatclips(  253): Found widget: id=2131165251 (android.widget.LinearLayout@4052fd88)
D/nofatclips(  253): Found widget: id=-1 (android.widget.ImageView@40590780)
D/nofatclips(  253): Found widget: id=2131165256 (android.widget.TextView@4056b2d8): New Post
D/nofatclips(  253): Found widget: id=2131165253 (android.widget.LinearLayout@4059c318)
D/nofatclips(  253): Found widget: id=-1 (android.widget.ImageView@405310f0)
D/nofatclips(  253): Found widget: id=2131165256 (android.widget.TextView@4056bc10): New Page
D/nofatclips(  253): Found widget: id=-1 (android.widget.LinearLayout@405333a8)
D/nofatclips(  253): Found widget: id=2131165252 (android.widget.LinearLayout@40530d98)
D/nofatclips(  253): Found widget: id=-1 (android.widget.ImageView@405392a0)
D/nofatclips(  253): Found widget: id=2131165256 (android.widget.TextView@40577e08): Quick Photo
D/nofatclips(  253): Found widget: id=2131165254 (android.widget.LinearLayout@40547918)
D/nofatclips(  253): Found widget: id=-1 (android.widget.ImageView@40531c90)
D/nofatclips(  253): Found widget: id=2131165256 (android.widget.TextView@40578678): Quick Video
D/nofatclips(  253): Found widget: id=-1 (android.widget.LinearLayout@4052eb40)
D/nofatclips(  253): Found widget: id=-1 (android.widget.LinearLayout@40534360)
D/nofatclips(  253): Found widget: id=2131165255 (android.widget.LinearLayout@40535628)
D/nofatclips(  253): Found widget: id=-1 (android.widget.ImageView@40542cd0)
D/nofatclips(  253): Found widget: id=2131165256 (android.widget.TextView@40578d00): Posts
D/nofatclips(  253): Found widget: id=2131165257 (android.widget.LinearLayout@40546090)
D/nofatclips(  253): Found widget: id=-1 (android.widget.ImageView@40568d08)
D/nofatclips(  253): Found widget: id=2131165256 (android.widget.TextView@40537958): Pages
D/nofatclips(  253): Found widget: id=-1 (android.widget.FrameLayout@40534968)
D/nofatclips(  253): Found widget: id=2131165258 (android.widget.LinearLayout@40540650)
D/nofatclips(  253): Found widget: id=-1 (android.widget.ImageView@40537068)
D/nofatclips(  253): Found widget: id=2131165256 (android.widget.TextView@40539908): Comments
D/nofatclips(  253): Found widget: id=2131165259 (android.widget.FrameLayout@40544b40)
D/nofatclips(  253): Found widget: id=2131165260 (android.widget.ImageView@40546660)
D/nofatclips(  253): Found widget: id=2131165261 (org.wordpress.android.util.CommentBadgeTextView@4053a920): 0
D/nofatclips(  253): Found widget: id=-1 (android.widget.LinearLayout@405396e0)
D/nofatclips(  253): Found widget: id=2131165262 (android.widget.LinearLayout@40540cf8)
D/nofatclips(  253): Found widget: id=-1 (android.widget.ImageView@40541600)
D/nofatclips(  253): Found widget: id=2131165256 (android.widget.TextView@40540f40): Settings
D/nofatclips(  253): Found widget: id=2131165263 (android.widget.LinearLayout@40544598)
D/nofatclips(  253): Found widget: id=-1 (android.widget.ImageView@405604f0)
D/nofatclips(  253): Found widget: id=2131165256 (android.widget.TextView@40543280): Read
D/nofatclips(  253): Found widget: id=2131165264 (android.widget.LinearLayout@40561bd8)
D/nofatclips(  253): Found widget: id=-1 (android.widget.ImageView@40564490)
D/nofatclips(  253): Found widget: id=2131165256 (android.widget.TextView@4054ffd8): Stats
D/nofatclips(  253): Found widget: id=-1 (com.android.internal.policy.impl.PhoneWindow$DecorView@405a0558)
V/nicola  (  253): TextualID : blog_title
V/nicola  (  253): ContentType detected : default
V/nicola  (  253): TextualID : action_refresh
V/nicola  (  253): ContentType detected : default
V/nicola  (  253): TextualID : button_text
V/nicola  (  253): ContentType detected : default
V/nicola  (  253): TextualID : button_text
V/nicola  (  253): ContentType detected : default
V/nicola  (  253): TextualID : button_text
V/nicola  (  253): ContentType detected : default
V/nicola  (  253): TextualID : button_text
V/nicola  (  253): ContentType detected : default
V/nicola  (  253): TextualID : button_text
V/nicola  (  253): ContentType detected : default
V/nicola  (  253): TextualID : button_text
V/nicola  (  253): ContentType detected : default
V/nicola  (  253): TextualID : button_text
V/nicola  (  253): ContentType detected : default
V/nicola  (  253): TextualID : button_text
V/nicola  (  253): ContentType detected : default
V/nicola  (  253): TextualID : button_text
V/nicola  (  253): ContentType detected : default
V/nicola  (  253): TextualID : button_text
V/nicola  (  253): ContentType detected : default
D/nofatclips(  253): No session to resume: task list not found. Will start from scratch.
I/nofatclips(  253): Starting a new session
D/nofatclips(  253): Performing backup of the old activity list on disk
D/nofatclips(  253): Saving new found state 'a1' on disk
V/nofatclips(  253): Opening state file in overwrite mode.
V/MediaProvider(  246): /mnt/sdcard volume ID: 403846687
D/dalvikvm(  253): GC_CONCURRENT freed 633K, 51% free 3166K/6407K, external 1812K/2324K, paused 2ms+3ms
D/dalvikvm(  253): GC_EXTERNAL_ALLOC freed 186K, 51% free 3203K/6407K, external 1812K/2324K, paused 40ms
D/dalvikvm(  253): GC_EXTERNAL_ALLOC freed 23K, 51% free 3180K/6407K, external 1999K/2511K, paused 41ms
I/nofatclips(  253): Saved image on disk: a1.jpg
I/nofatclips(  253): Planning for new Activity Dashboard
D/nofatclips(  253): Handling event 'click' on widget id=2131165200 type=button name=
D/nofatclips(  253): Handling event 'click' on widget id=2131165201 type=button name=
I/dalvikvm(  253): Jit: resizing JitTable from 512 to 1024
D/nofatclips(  253): Handling event 'click' on widget id=2131165204 type=linearLayout name=
D/nofatclips(  253): Handling event 'click' on widget id=2131165251 type=linearLayout name=
D/nofatclips(  253): Handling event 'click' on widget id=2131165253 type=linearLayout name=
D/nofatclips(  253): Handling event 'click' on widget id=2131165252 type=linearLayout name=
D/nofatclips(  253): Handling event 'click' on widget id=2131165254 type=linearLayout name=
D/dalvikvm(  253): GC_CONCURRENT freed 629K, 50% free 3281K/6535K, external 2599K/3246K, paused 3ms+3ms
D/nofatclips(  253): Handling event 'click' on widget id=2131165255 type=linearLayout name=
D/nofatclips(  253): Handling event 'click' on widget id=2131165257 type=linearLayout name=
D/nofatclips(  253): Handling event 'click' on widget id=2131165258 type=linearLayout name=
D/nofatclips(  253): Handling event 'click' on widget id=2131165262 type=linearLayout name=
D/nofatclips(  253): Handling event 'click' on widget id=2131165263 type=linearLayout name=
D/nofatclips(  253): Handling event 'click' on widget id=2131165264 type=linearLayout name=
I/nofatclips(  253): Created trace to press the menu button
I/nofatclips(  253): Created trace to change orientation
I/nofatclips(  253): Dispatching new task. 2 more tasks remaining.
D/nofatclips(  253): Saving task list on disk
V/nofatclips(  253): Backing up trace #13 to disk.
V/nofatclips(  253): Backing up trace #14 to disk.
D/nofatclips(  253): Deleting backup of the old activity list from disk
I/nofatclips(  253): Restarting
D/dalvikvm(  142): GC_EXTERNAL_ALLOC freed 61K, 51% free 2776K/5639K, external 1567K/1572K, paused 60ms
D/dalvikvm(  132): GREF has increased to 201
D/dalvikvm(  142): GC_EXTERNAL_ALLOC freed 43K, 51% free 2798K/5639K, external 2079K/2085K, paused 53ms
I/nofatclips(  253): Waiting for 100 msec.
V/MediaProvider(  246): Attached volume: external
D/dalvikvm(  142): GC_EXPLICIT freed 68K, 51% free 2771K/5639K, external 2387K/2620K, paused 54ms
I/Launcher(  142): setLoadOnResume
I/Launcher(  142): setLoadOnResume
D/nofatclips(  253): Ready to operate after restarting...
D/dalvikvm(  253): GC_CONCURRENT freed 1228K, 55% free 3213K/7047K, external 1999K/2599K, paused 3ms+3ms
I/nofatclips(  253): Retrieving widgets
D/nofatclips(  253): Found widget: id=16908290 (android.widget.FrameLayout@405a0e58)
D/nofatclips(  253): Found widget: id=2131165248 (android.widget.RelativeLayout@405a1b58)
D/nofatclips(  253): Found widget: id=2131165249 (android.widget.LinearLayout@405a21c0)
D/nofatclips(  253): Found widget: id=-1 (android.widget.ImageView@405a2708)
D/nofatclips(  253): Found widget: id=2131165250 (org.wordpress.android.util.WPTitleBar@4059c0e0)
D/nofatclips(  253): Found widget: id=2131165195 (android.widget.RelativeLayout@4050e728)
D/nofatclips(  253): Found widget: id=2131165196 (android.widget.RelativeLayout@405689d8)
D/nofatclips(  253): Found widget: id=2131165197 (android.widget.ImageView@4059d378)
D/nofatclips(  253): Found widget: id=2131165198 (android.widget.TextView@40541d48): Katie's Sweet Testing Blog
D/nofatclips(  253): Found widget: id=2131165199 (android.widget.ImageView@4055d5d8)
D/nofatclips(  253): Found widget: id=-1 (android.widget.RelativeLayout@40579940)
D/nofatclips(  253): Found widget: id=2131165200 (android.widget.ImageButton@4059d8a0)
D/nofatclips(  253): Found widget: id=-1 (android.widget.FrameLayout@4057ae28)
D/nofatclips(  253): Found widget: id=2131165201 (android.widget.Button@40542710): 
D/nofatclips(  253): Found widget: id=2131165202 (android.widget.ImageView@40593cd8)
D/nofatclips(  253): Found widget: id=2131165203 (android.widget.ImageView@4053cf08)
D/nofatclips(  253): Found widget: id=2131165204 (android.widget.LinearLayout@405695e0)
D/nofatclips(  253): Found widget: id=-1 (android.widget.FrameLayout@4059d110)
D/nofatclips(  253): Found widget: id=-1 (android.widget.LinearLayout@405300b0)
D/nofatclips(  253): Found widget: id=-1 (android.widget.LinearLayout@4050e538)
D/nofatclips(  253): Found widget: id=-1 (android.widget.LinearLayout@4052f6d0)
D/nofatclips(  253): Found widget: id=2131165251 (android.widget.LinearLayout@4052fd88)
D/nofatclips(  253): Found widget: id=-1 (android.widget.ImageView@40590780)
D/nofatclips(  253): Found widget: id=2131165256 (android.widget.TextView@4056b2d8): New Post
D/nofatclips(  253): Found widget: id=2131165253 (android.widget.LinearLayout@4059c318)
D/nofatclips(  253): Found widget: id=-1 (android.widget.ImageView@405310f0)
D/nofatclips(  253): Found widget: id=2131165256 (android.widget.TextView@4056bc10): New Page
D/nofatclips(  253): Found widget: id=-1 (android.widget.LinearLayout@405333a8)
D/nofatclips(  253): Found widget: id=2131165252 (android.widget.LinearLayout@40530d98)
D/nofatclips(  253): Found widget: id=-1 (android.widget.ImageView@405392a0)
D/nofatclips(  253): Found widget: id=2131165256 (android.widget.TextView@40577e08): Quick Photo
D/nofatclips(  253): Found widget: id=2131165254 (android.widget.LinearLayout@40547918)
D/nofatclips(  253): Found widget: id=-1 (android.widget.ImageView@40531c90)
D/nofatclips(  253): Found widget: id=2131165256 (android.widget.TextView@40578678): Quick Video
D/nofatclips(  253): Found widget: id=-1 (android.widget.LinearLayout@4052eb40)
D/nofatclips(  253): Found widget: id=-1 (android.widget.LinearLayout@40534360)
D/nofatclips(  253): Found widget: id=2131165255 (android.widget.LinearLayout@40535628)
D/nofatclips(  253): Found widget: id=-1 (android.widget.ImageView@40542cd0)
D/nofatclips(  253): Found widget: id=2131165256 (android.widget.TextView@40578d00): Posts
D/nofatclips(  253): Found widget: id=2131165257 (android.widget.LinearLayout@40546090)
D/nofatclips(  253): Found widget: id=-1 (android.widget.ImageView@40568d08)
D/nofatclips(  253): Found widget: id=2131165256 (android.widget.TextView@40537958): Pages
D/nofatclips(  253): Found widget: id=-1 (android.widget.FrameLayout@40534968)
D/nofatclips(  253): Found widget: id=2131165258 (android.widget.LinearLayout@40540650)
D/nofatclips(  253): Found widget: id=-1 (android.widget.ImageView@40537068)
D/nofatclips(  253): Found widget: id=2131165256 (android.widget.TextView@40539908): Comments
D/nofatclips(  253): Found widget: id=2131165259 (android.widget.FrameLayout@40544b40)
D/nofatclips(  253): Found widget: id=2131165260 (android.widget.ImageView@40546660)
D/nofatclips(  253): Found widget: id=2131165261 (org.wordpress.android.util.CommentBadgeTextView@4053a920): 0
D/nofatclips(  253): Found widget: id=-1 (android.widget.LinearLayout@405396e0)
D/nofatclips(  253): Found widget: id=2131165262 (android.widget.LinearLayout@40540cf8)
D/nofatclips(  253): Found widget: id=-1 (android.widget.ImageView@40541600)
D/nofatclips(  253): Found widget: id=2131165256 (android.widget.TextView@40540f40): Settings
D/nofatclips(  253): Found widget: id=2131165263 (android.widget.LinearLayout@40544598)
D/nofatclips(  253): Found widget: id=-1 (android.widget.ImageView@405604f0)
D/nofatclips(  253): Found widget: id=2131165256 (android.widget.TextView@40543280): Read
D/nofatclips(  253): Found widget: id=2131165264 (android.widget.LinearLayout@40561bd8)
D/nofatclips(  253): Found widget: id=-1 (android.widget.ImageView@40564490)
D/nofatclips(  253): Found widget: id=2131165256 (android.widget.TextView@4054ffd8): Stats
D/nofatclips(  253): Found widget: id=-1 (com.android.internal.policy.impl.PhoneWindow$DecorView@405a0558)
I/nofatclips(  253): Playing Trace 14
I/nofatclips(  253): Retrieved from return list id=2131165201
D/nofatclips(  253): Testing for type (android.widget.Button) against the original (android.widget.Button)
D/nofatclips(  253): Testing for name () against the original ()
I/nofatclips(  253): Firing event: type= click index=13 widget=android.widget.Button
I/Launcher(  142): setLoadOnResume
I/Launcher(  142): setLoadOnResume
V/MediaScanner(  246): pruneDeadThumbnailFiles... android.database.sqlite.SQLiteCursor@405a2148
V/MediaScanner(  246): /pruneDeadThumbnailFiles... android.database.sqlite.SQLiteCursor@405a2148
D/MediaScanner(  246):  prescan time: 493ms
D/MediaScanner(  246):     scan time: 1ms
D/MediaScanner(  246): postscan time: 87ms
D/MediaScanner(  246):    total time: 581ms
D/MediaScannerService(  246): done scanning volume external
D/dalvikvm(  142): GC_EXTERNAL_ALLOC freed 165K, 49% free 2919K/5703K, external 2618K/2620K, paused 58ms
I/Launcher(  142): setLoadOnResume
W/KeyCharacterMap(  253): No keyboard for id 0
W/KeyCharacterMap(  253): Using default keymap: /system/usr/keychars/qwerty.kcm.bin
I/ContactsDatabaseHelper(  180): Locale change completed in 13466ms
D/szipinf (  142): Initializing inflate state
D/dalvikvm(  142): GC_EXPLICIT freed 118K, 49% free 2947K/5703K, external 3047K/3257K, paused 37ms
D/nofatclips(  253): Event description: 
I/nofatclips(  253): Waiting for 100 msec.
I/dalvikvm(  253): Jit: resizing JitTable from 1024 to 2048
D/dalvikvm(  253): GC_CONCURRENT freed 683K, 54% free 3306K/7047K, external 2007K/2599K, paused 5ms+4ms
D/dalvikvm(  253): GC_FOR_MALLOC freed 34K, 49% free 3607K/7047K, external 1999K/2511K, paused 36ms
I/WordPress(  253): response = HTTP/1.1 200 OK
I/WordPress(  253): response = HTTP/1.1 200 OK
I/nofatclips(  253): Current activity is Dashboard
I/nofatclips(  253): Retrieving widgets
D/nofatclips(  253): Found widget: id=16908290 (android.widget.FrameLayout@405a0e58)
D/nofatclips(  253): Found widget: id=2131165248 (android.widget.RelativeLayout@405a1b58)
D/nofatclips(  253): Found widget: id=2131165249 (android.widget.LinearLayout@405a21c0)
D/nofatclips(  253): Found widget: id=-1 (android.widget.ImageView@405a2708)
D/nofatclips(  253): Found widget: id=2131165250 (org.wordpress.android.util.WPTitleBar@4059c0e0)
D/nofatclips(  253): Found widget: id=2131165195 (android.widget.RelativeLayout@4050e728)
D/nofatclips(  253): Found widget: id=2131165196 (android.widget.RelativeLayout@405689d8)
D/nofatclips(  253): Found widget: id=2131165197 (android.widget.ImageView@4059d378)
D/nofatclips(  253): Found widget: id=2131165198 (android.widget.TextView@40541d48): Katie's Sweet Testing Blog
D/nofatclips(  253): Found widget: id=2131165199 (android.widget.ImageView@4055d5d8)
D/nofatclips(  253): Found widget: id=-1 (android.widget.RelativeLayout@40579940)
D/nofatclips(  253): Found widget: id=2131165200 (android.widget.ImageButton@4059d8a0)
D/nofatclips(  253): Found widget: id=-1 (android.widget.FrameLayout@4057ae28)
D/nofatclips(  253): Found widget: id=2131165201 (android.widget.Button@40542710): 
D/nofatclips(  253): Found widget: id=2131165202 (android.widget.ImageView@40593cd8)
D/nofatclips(  253): Found widget: id=2131165203 (android.widget.ImageView@4053cf08)
D/nofatclips(  253): Found widget: id=2131165204 (android.widget.LinearLayout@405695e0)
D/nofatclips(  253): Found widget: id=-1 (android.widget.FrameLayout@4059d110)
D/nofatclips(  253): Found widget: id=-1 (android.widget.LinearLayout@405300b0)
D/nofatclips(  253): Found widget: id=-1 (android.widget.LinearLayout@4050e538)
D/nofatclips(  253): Found widget: id=-1 (android.widget.LinearLayout@4052f6d0)
D/nofatclips(  253): Found widget: id=2131165251 (android.widget.LinearLayout@4052fd88)
D/nofatclips(  253): Found widget: id=-1 (android.widget.ImageView@40590780)
D/nofatclips(  253): Found widget: id=2131165256 (android.widget.TextView@4056b2d8): New Post
D/nofatclips(  253): Found widget: id=2131165253 (android.widget.LinearLayout@4059c318)
D/nofatclips(  253): Found widget: id=-1 (android.widget.ImageView@405310f0)
D/nofatclips(  253): Found widget: id=2131165256 (android.widget.TextView@4056bc10): New Page
D/nofatclips(  253): Found widget: id=-1 (android.widget.LinearLayout@405333a8)
D/nofatclips(  253): Found widget: id=2131165252 (android.widget.LinearLayout@40530d98)
D/nofatclips(  253): Found widget: id=-1 (android.widget.ImageView@405392a0)
D/nofatclips(  253): Found widget: id=2131165256 (android.widget.TextView@40577e08): Quick Photo
D/nofatclips(  253): Found widget: id=2131165254 (android.widget.LinearLayout@40547918)
D/nofatclips(  253): Found widget: id=-1 (android.widget.ImageView@40531c90)
D/nofatclips(  253): Found widget: id=2131165256 (android.widget.TextView@40578678): Quick Video
D/nofatclips(  253): Found widget: id=-1 (android.widget.LinearLayout@4052eb40)
D/nofatclips(  253): Found widget: id=-1 (android.widget.LinearLayout@40534360)
D/nofatclips(  253): Found widget: id=2131165255 (android.widget.LinearLayout@40535628)
D/nofatclips(  253): Found widget: id=-1 (android.widget.ImageView@40542cd0)
D/nofatclips(  253): Found widget: id=2131165256 (android.widget.TextView@40578d00): Posts
D/nofatclips(  253): Found widget: id=2131165257 (android.widget.LinearLayout@40546090)
D/nofatclips(  253): Found widget: id=-1 (android.widget.ImageView@40568d08)
D/nofatclips(  253): Found widget: id=2131165256 (android.widget.TextView@40537958): Pages
D/nofatclips(  253): Found widget: id=-1 (android.widget.FrameLayout@40534968)
D/nofatclips(  253): Found widget: id=2131165258 (android.widget.LinearLayout@40540650)
D/nofatclips(  253): Found widget: id=-1 (android.widget.ImageView@40537068)
D/nofatclips(  253): Found widget: id=2131165256 (android.widget.TextView@40539908): Comments
D/nofatclips(  253): Found widget: id=2131165259 (android.widget.FrameLayout@40544b40)
D/nofatclips(  253): Found widget: id=2131165260 (android.widget.ImageView@40546660)
D/nofatclips(  253): Found widget: id=2131165261 (org.wordpress.android.util.CommentBadgeTextView@4053a920): 0
D/nofatclips(  253): Found widget: id=-1 (android.widget.LinearLayout@405396e0)
D/nofatclips(  253): Found widget: id=2131165262 (android.widget.LinearLayout@40540cf8)
D/nofatclips(  253): Found widget: id=-1 (android.widget.ImageView@40541600)
D/nofatclips(  253): Found widget: id=2131165256 (android.widget.TextView@40540f40): Settings
D/nofatclips(  253): Found widget: id=2131165263 (android.widget.LinearLayout@40544598)
D/nofatclips(  253): Found widget: id=-1 (android.widget.ImageView@405604f0)
D/nofatclips(  253): Found widget: id=2131165256 (android.widget.TextView@40543280): Read
D/nofatclips(  253): Found widget: id=2131165264 (android.widget.LinearLayout@40561bd8)
D/nofatclips(  253): Found widget: id=-1 (android.widget.ImageView@40564490)
D/nofatclips(  253): Found widget: id=2131165256 (android.widget.TextView@4054ffd8): Stats
D/nofatclips(  253): Found widget: id=-1 (com.android.internal.policy.impl.PhoneWindow$DecorView@405a0558)
V/nicola  (  253): TextualID : blog_title
V/nicola  (  253): ContentType detected : default
V/nicola  (  253): TextualID : action_refresh
V/nicola  (  253): ContentType detected : default
V/nicola  (  253): TextualID : button_text
V/nicola  (  253): ContentType detected : default
V/nicola  (  253): TextualID : button_text
V/nicola  (  253): ContentType detected : default
V/nicola  (  253): TextualID : button_text
V/nicola  (  253): ContentType detected : default
V/nicola  (  253): TextualID : button_text
V/nicola  (  253): ContentType detected : default
V/nicola  (  253): TextualID : button_text
V/nicola  (  253): ContentType detected : default
V/nicola  (  253): TextualID : button_text
V/nicola  (  253): ContentType detected : default
V/nicola  (  253): TextualID : button_text
V/nicola  (  253): ContentType detected : default
V/nicola  (  253): TextualID : button_text
V/nicola  (  253): ContentType detected : default
V/nicola  (  253): TextualID : button_text
V/nicola  (  253): ContentType detected : default
V/nicola  (  253): TextualID : button_text
V/nicola  (  253): ContentType detected : default
I/nofatclips(  253): Performing comparation for activity Dashboard
D/nofatclips(  253): Comparing against activity Dashboard
I/nofatclips(  253): Registering activity Dashboard (id: a2) as a new found state
D/nofatclips(  253): Performing backup of the old activity list on disk
D/nofatclips(  253): Saving new found state 'a2' on disk
V/nofatclips(  253): Opening state file in append mode.
D/dalvikvm(  253): GC_CONCURRENT freed 739K, 47% free 3848K/7239K, external 2007K/2511K, paused 3ms+3ms
D/dalvikvm(  253): GC_EXTERNAL_ALLOC freed 276K, 51% free 3572K/7239K, external 1999K/2511K, paused 42ms
I/nofatclips(  253): Saved image on disk: a2.jpg
I/nofatclips(  253): Waiting for 100 msec.
I/nofatclips(  253): Session count is 1. Will dump to disk at 1
I/nofatclips(  253): Saving the session on disk. This is the first batch: the file will be created.
I/nofatclips(  253): Planning for new Activity Dashboard
D/nofatclips(  253): Handling event 'click' on widget id=2131165200 type=button name=
D/nofatclips(  253): Handling event 'click' on widget id=2131165201 type=button name=
D/nofatclips(  253): Handling event 'click' on widget id=2131165204 type=linearLayout name=
D/nofatclips(  253): Handling event 'click' on widget id=2131165251 type=linearLayout name=
D/nofatclips(  253): Handling event 'click' on widget id=2131165253 type=linearLayout name=
D/nofatclips(  253): Handling event 'click' on widget id=2131165252 type=linearLayout name=
D/nofatclips(  253): Handling event 'click' on widget id=2131165254 type=linearLayout name=
D/nofatclips(  253): Handling event 'click' on widget id=2131165255 type=linearLayout name=
D/nofatclips(  253): Handling event 'click' on widget id=2131165257 type=linearLayout name=
D/nofatclips(  253): Handling event 'click' on widget id=2131165258 type=linearLayout name=
D/nofatclips(  253): Handling event 'click' on widget id=2131165262 type=linearLayout name=
D/nofatclips(  253): Handling event 'click' on widget id=2131165263 type=linearLayout name=
D/nofatclips(  253): Handling event 'click' on widget id=2131165264 type=linearLayout name=
D/dalvikvm(  253): GC_CONCURRENT freed 1262K, 52% free 3716K/7623K, external 2599K/2599K, paused 4ms+4ms
I/nofatclips(  253): Created trace to press the back button
I/nofatclips(  253): Created trace to press the menu button
I/nofatclips(  253): Created trace to change orientation
I/nofatclips(  253): Check for termination: 99 steps left of 100
I/nofatclips(  253): Dispatching new task. 2 more tasks remaining.
D/nofatclips(  253): Performing backup of the old task list on disk
D/nofatclips(  253): Saving task list on disk
V/nofatclips(  253): Backing up trace #28 to disk.
V/nofatclips(  253): Backing up trace #29 to disk.
D/nofatclips(  253): Deleting backup of the old task list from disk
D/nofatclips(  253): Deleting backup of the old activity list from disk
I/nofatclips(  253): Incrementally Playing Trace 29
I/nofatclips(  253): Retrieved from return list id=2131165264
D/nofatclips(  253): Testing for type (android.widget.LinearLayout) against the original (android.widget.LinearLayout)
D/nofatclips(  253): Testing for name () against the original ()
I/nofatclips(  253): Firing event: type= click index=56 widget=android.widget.LinearLayout
W/KeyCharacterMap(  253): No keyboard for id 0
W/KeyCharacterMap(  253): Using default keymap: /system/usr/keychars/qwerty.kcm.bin
D/nofatclips(  253): Event description: Stats
I/ActivityManager(   61): Starting: Intent { cmp=org.wordpress.android/.ViewStats (has extras) } from pid 253
I/nofatclips(  253): Waiting for 100 msec.
D/dalvikvm(  253): GC_CONCURRENT freed 1162K, 51% free 3745K/7623K, external 2576K/2599K, paused 11ms+13ms
W/ImageDownloader(  253): Error 404 while retrieving bitmap from http://gravatar.com/blavatar/44d338f29053dbb888da79dcf98df489?s=60&d=404
I/ActivityManager(   61): Displayed org.wordpress.android/.ViewStats: +2s342ms
I/nofatclips(  253): Current activity is ViewStats
I/nofatclips(  253): Retrieving widgets
D/nofatclips(  253): Found widget: id=16908290 (android.widget.FrameLayout@406e53f8)
D/nofatclips(  253): Found widget: id=2131165343 (android.widget.RelativeLayout@406e5e90)
D/nofatclips(  253): Found widget: id=-1 (android.widget.ScrollView@406e6498)
D/nofatclips(  253): Found widget: id=2131165367 (android.widget.RelativeLayout@407000e0)
D/nofatclips(  253): Found widget: id=2131165368 (android.widget.RelativeLayout@40700450)
D/nofatclips(  253): Found widget: id=2131165369 (android.widget.Spinner@40701820)
D/nofatclips(  253): Found widget: id=16908308 (android.widget.TextView@40718f20): Views
D/nofatclips(  253): Found widget: id=2131165370 (android.widget.Spinner@40702438)
D/nofatclips(  253): Found widget: id=16908308 (android.widget.TextView@40719638): 7 Days
D/nofatclips(  253): Found widget: id=2131165371 (android.widget.Button@40703358): GO
D/nofatclips(  253): Found widget: id=2131165372 (android.widget.RelativeLayout@407043f0)
D/nofatclips(  253): Found widget: id=2131165373 (android.widget.TextView@40704848): 
D/nofatclips(  253): Found widget: id=2131165374 (android.widget.ImageView@40704d98)
D/nofatclips(  253): Found widget: id=2131165375 (android.widget.TableLayout@407051e8)
D/nofatclips(  253): Found widget: id=2131165376 (android.widget.RelativeLayout@407057c8)
D/nofatclips(  253): Found widget: id=2131165377 (android.widget.TextView@40705c38): WordPress.com login:
D/nofatclips(  253): Found widget: id=2131165378 (android.widget.EditText@407063f0): 
D/nofatclips(  253): Found widget: id=2131165379 (android.widget.EditText@4070a2a8): 
D/nofatclips(  253): Found widget: id=2131165380 (android.widget.Button@4070bf20): Save
D/nofatclips(  253): Found widget: id=2131165381 (android.widget.TextView@4070d1e0): Need help?
D/nofatclips(  253): Found widget: id=2131165382 (org.wordpress.android.util.WPTitleBar@4070d900)
D/nofatclips(  253): Found widget: id=2131165195 (android.widget.RelativeLayout@4070e520)
D/nofatclips(  253): Found widget: id=2131165196 (android.widget.RelativeLayout@4070eee8)
D/nofatclips(  253): Found widget: id=2131165197 (android.widget.ImageView@40710690)
D/nofatclips(  253): Found widget: id=2131165198 (android.widget.TextView@40710b00): Katie's Sweet Testing Blog
D/nofatclips(  253): Found widget: id=2131165199 (android.widget.ImageView@40723020)
D/nofatclips(  253): Found widget: id=-1 (android.widget.RelativeLayout@40723448)
D/nofatclips(  253): Found widget: id=2131165200 (android.widget.ImageButton@407238a8)
D/nofatclips(  253): Found widget: id=-1 (android.widget.FrameLayout@40724368)
D/nofatclips(  253): Found widget: id=2131165201 (android.widget.Button@40724678): 
D/nofatclips(  253): Found widget: id=2131165202 (android.widget.ImageView@40725150)
D/nofatclips(  253): Found widget: id=2131165203 (android.widget.ImageView@40725388)
D/nofatclips(  253): Found widget: id=2131165204 (android.widget.LinearLayout@40725918)
D/nofatclips(  253): Found widget: id=-1 (android.widget.FrameLayout@40726388)
D/nofatclips(  253): Found widget: id=-1 (android.widget.LinearLayout@40726b48)
D/nofatclips(  253): Found widget: id=-1 (android.widget.LinearLayout@40727750)
D/nofatclips(  253): Found widget: id=-1 (android.widget.LinearLayout@40727970)
D/nofatclips(  253): Found widget: id=2131165251 (android.widget.LinearLayout@40727b90)
D/nofatclips(  253): Found widget: id=-1 (android.widget.ImageView@407293a8)
D/nofatclips(  253): Found widget: id=2131165256 (android.widget.TextView@407297b0): New Post
D/nofatclips(  253): Found widget: id=2131165253 (android.widget.LinearLayout@4072a390)
D/nofatclips(  253): Found widget: id=-1 (android.widget.ImageView@4073d170)
D/nofatclips(  253): Found widget: id=2131165256 (android.widget.TextView@4073d530): New Page
D/nofatclips(  253): Found widget: id=-1 (android.widget.LinearLayout@4073d9c0)
D/nofatclips(  253): Found widget: id=2131165252 (android.widget.LinearLayout@4073dbe0)
D/nofatclips(  253): Found widget: id=-1 (android.widget.ImageView@4073f110)
D/nofatclips(  253): Found widget: id=2131165256 (android.widget.TextView@4073f4d0): Quick Photo
D/nofatclips(  253): Found widget: id=2131165254 (android.widget.LinearLayout@4073f960)
D/nofatclips(  253): Found widget: id=-1 (android.widget.ImageView@407403d0)
D/nofatclips(  253): Found widget: id=2131165256 (android.widget.TextView@40740790): Quick Video
D/nofatclips(  253): Found widget: id=-1 (android.widget.LinearLayout@40740c20)
D/nofatclips(  253): Found widget: id=-1 (android.widget.LinearLayout@40740e40)
D/nofatclips(  253): Found widget: id=2131165255 (android.widget.LinearLayout@40741060)
D/nofatclips(  253): Found widget: id=-1 (android.widget.ImageView@40741ad0)
D/nofatclips(  253): Found widget: id=2131165256 (android.widget.TextView@40741e90): Posts
D/nofatclips(  253): Found widget: id=2131165257 (android.widget.LinearLayout@40742320)
D/nofatclips(  253): Found widget: id=-1 (android.widget.ImageView@40742d90)
D/nofatclips(  253): Found widget: id=2131165256 (android.widget.TextView@40743150): Pages
D/nofatclips(  253): Found widget: id=-1 (android.widget.FrameLayout@407435e0)
D/nofatclips(  253): Found widget: id=2131165258 (android.widget.LinearLayout@40743848)
D/nofatclips(  253): Found widget: id=-1 (android.widget.ImageView@405c39a8)
D/nofatclips(  253): Found widget: id=2131165256 (android.widget.TextView@405c3d58): Comments
D/nofatclips(  253): Found widget: id=2131165259 (android.widget.FrameLayout@405c41e8)
D/nofatclips(  253): Found widget: id=2131165260 (android.widget.ImageView@405c4450)
D/nofatclips(  253): Found widget: id=2131165261 (org.wordpress.android.util.CommentBadgeTextView@405c48a8): 0
D/nofatclips(  253): Found widget: id=-1 (android.widget.LinearLayout@405c4d70)
D/nofatclips(  253): Found widget: id=2131165262 (android.widget.LinearLayout@405c4f90)
D/nofatclips(  253): Found widget: id=-1 (android.widget.ImageView@405c6228)
D/nofatclips(  253): Found widget: id=2131165256 (android.widget.TextView@405c65e8): Settings
D/nofatclips(  253): Found widget: id=2131165263 (android.widget.LinearLayout@405c6a78)
D/nofatclips(  253): Found widget: id=-1 (android.widget.ImageView@405c7c78)
D/nofatclips(  253): Found widget: id=2131165256 (android.widget.TextView@405c8038): Read
D/nofatclips(  253): Found widget: id=2131165264 (android.widget.LinearLayout@405c84c8)
D/nofatclips(  253): Found widget: id=-1 (android.widget.ImageView@405c9760)
D/nofatclips(  253): Found widget: id=2131165256 (android.widget.TextView@405c9b20): Stats
D/nofatclips(  253): Found widget: id=-1 (com.android.internal.policy.impl.PhoneWindow$DecorView@406e5020)
V/nicola  (  253): TextualID : blog_title
V/nicola  (  253): ContentType detected : default
V/nicola  (  253): TextualID : action_refresh
V/nicola  (  253): ContentType detected : default
I/nofatclips(  253): Performing comparation for activity ViewStats
D/nofatclips(  253): Comparing against activity Dashboard
D/nofatclips(  253): Comparing against activity Dashboard
I/nofatclips(  253): Registering activity ViewStats (id: a3) as a new found state
D/nofatclips(  253): Performing backup of the old activity list on disk
D/nofatclips(  253): Saving new found state 'a3' on disk
V/nofatclips(  253): Opening state file in append mode.
D/dalvikvm(  253): GC_EXTERNAL_ALLOC freed 590K, 52% free 3721K/7623K, external 2576K/2599K, paused 94ms
I/nofatclips(  253): Saved image on disk: a3.jpg
I/nofatclips(  253): Waiting for 100 msec.
I/nofatclips(  253): Session count is 1. Will dump to disk at 1
I/nofatclips(  253): Saving the session on disk.
I/nofatclips(  253): Planning for new Activity ViewStats
D/nofatclips(  253): Handling event 'click' on widget id=2131165200 type=button name=
D/nofatclips(  253): Handling event 'click' on widget id=2131165201 type=button name=
I/nofatclips(  253): Created trace to press the back button
I/nofatclips(  253): Created trace to press the menu button
I/nofatclips(  253): Created trace to change orientation
I/nofatclips(  253): Check for termination: 98 steps left of 100
I/nofatclips(  253): Dispatching new task. 2 more tasks remaining.
D/nofatclips(  253): Performing backup of the old task list on disk
D/nofatclips(  253): Saving task list on disk
V/nofatclips(  253): Backing up trace #33 to disk.
V/nofatclips(  253): Backing up trace #34 to disk.
D/nofatclips(  253): Deleting backup of the old task list from disk
D/nofatclips(  253): Deleting backup of the old activity list from disk
I/nofatclips(  253): Incrementally Playing Trace 34
I/nofatclips(  253): Retrieved from return list id=2131165200
D/nofatclips(  253): Testing for type (android.widget.ImageButton) against the original (android.widget.ImageButton)
D/nofatclips(  253): Testing for name () against the original ()
I/nofatclips(  253): Firing event: type= click index=27 widget=android.widget.ImageButton
W/KeyCharacterMap(  253): No keyboard for id 0
W/KeyCharacterMap(  253): Using default keymap: /system/usr/keychars/qwerty.kcm.bin
I/nofatclips(  253): Waiting for 100 msec.
D/dalvikvm(  253): GC_EXTERNAL_ALLOC freed 905K, 52% free 3725K/7623K, external 3785K/3967K, paused 176ms
I/nofatclips(  253): Current activity is ViewStats
I/nofatclips(  253): Retrieving widgets
D/nofatclips(  253): Found widget: id=16908290 (android.widget.FrameLayout@406e53f8)
D/nofatclips(  253): Found widget: id=2131165343 (android.widget.RelativeLayout@406e5e90)
D/nofatclips(  253): Found widget: id=-1 (android.widget.ScrollView@406e6498)
D/nofatclips(  253): Found widget: id=2131165367 (android.widget.RelativeLayout@407000e0)
D/nofatclips(  253): Found widget: id=2131165368 (android.widget.RelativeLayout@40700450)
D/nofatclips(  253): Found widget: id=2131165369 (android.widget.Spinner@40701820)
D/nofatclips(  253): Found widget: id=16908308 (android.widget.TextView@40718f20): Views
D/nofatclips(  253): Found widget: id=2131165370 (android.widget.Spinner@40702438)
D/nofatclips(  253): Found widget: id=16908308 (android.widget.TextView@40719638): 7 Days
D/nofatclips(  253): Found widget: id=2131165371 (android.widget.Button@40703358): GO
D/nofatclips(  253): Found widget: id=2131165372 (android.widget.RelativeLayout@407043f0)
D/nofatclips(  253): Found widget: id=2131165373 (android.widget.TextView@40704848): 
D/nofatclips(  253): Found widget: id=2131165374 (android.widget.ImageView@40704d98)
D/nofatclips(  253): Found widget: id=2131165375 (android.widget.TableLayout@407051e8)
D/nofatclips(  253): Found widget: id=2131165376 (android.widget.RelativeLayout@407057c8)
D/nofatclips(  253): Found widget: id=2131165377 (android.widget.TextView@40705c38): WordPress.com login:
D/nofatclips(  253): Found widget: id=2131165378 (android.widget.EditText@407063f0): 
D/nofatclips(  253): Found widget: id=2131165379 (android.widget.EditText@4070a2a8): 
D/nofatclips(  253): Found widget: id=2131165380 (android.widget.Button@4070bf20): Save
D/nofatclips(  253): Found widget: id=2131165381 (android.widget.TextView@4070d1e0): Need help?
D/nofatclips(  253): Found widget: id=2131165382 (org.wordpress.android.util.WPTitleBar@4070d900)
D/nofatclips(  253): Found widget: id=2131165195 (android.widget.RelativeLayout@4070e520)
D/nofatclips(  253): Found widget: id=2131165196 (android.widget.RelativeLayout@4070eee8)
D/nofatclips(  253): Found widget: id=2131165197 (android.widget.ImageView@40710690)
