I/EventHub(   61): New device: path=/dev/input/event0 name=qwerty2 id=0x10000 (of 0x1) index=1 fd=86 classes=0x87
E/EventHub(   61): could not get driver version for /dev/input/mouse0, Not a typewriter
E/EventHub(   61): could not get driver version for /dev/input/mice, Not a typewriter
I/InputManager-Callbacks(   61): No input device calibration properties found for device qwerty2.
I/InputReader(   61): Device added: id=0x0, name=qwerty2, sources=00001103
I/InputManagerService(   61): Enabled input methods: jp.co.omronsoft.openwnn/.OpenWnnJAJP:com.android.inputmethod.latin/.LatinIME:com.android.inputmethod.pinyin/.PinyinIME:com.example.android.softkeyboard/.SoftKeyboard
I/SystemServer(   61): NetStat Service
I/SystemServer(   61): NetworkManagement Service
I/SystemServer(   61): Connectivity Service
I/WifiService(   61): WifiService starting up with Wi-Fi disabled
D/NetworkManagmentService(   61): Registering observer
I/SystemServer(   61): Throttle Service
I/SystemServer(   61): Accessibility Manager
I/SystemServer(   61): Mount Service
I/SystemServer(   61): Notification Manager
I/SystemServer(   61): Device Storage Monitor
I/SystemServer(   61): Location Manager
I/SystemServer(   61): Search Service
I/SystemServer(   61): DropBox Service
I/SystemServer(   61): Wallpaper Service
D/VoldCmdListener(   29): volume list
I/SystemServer(   61): Audio Service
I/PackageManager(   61): Updating external media status from unmounted to unmounted
D/VoldCmdListener(   29): share status ums
D/AudioHardwareInterface(   34): setMode(NORMAL)
W/AudioPolicyManagerBase(   34): setPhoneState() setting same state 0
E/SoundPool(   61): error loading /system/media/audio/ui/Effect_Tick.ogg
W/AudioService(   61): Soundpool could not load file: /system/media/audio/ui/Effect_Tick.ogg
E/SoundPool(   61): error loading /system/media/audio/ui/KeypressStandard.ogg
W/AudioService(   61): Soundpool could not load file: /system/media/audio/ui/KeypressStandard.ogg
E/SoundPool(   61): error loading /system/media/audio/ui/KeypressSpacebar.ogg
W/AudioService(   61): Soundpool could not load file: /system/media/audio/ui/KeypressSpacebar.ogg
E/SoundPool(   61): error loading /system/media/audio/ui/KeypressDelete.ogg
W/AudioService(   61): Soundpool could not load file: /system/media/audio/ui/KeypressDelete.ogg
E/SoundPool(   61): error loading /system/media/audio/ui/KeypressReturn.ogg
W/AudioService(   61): Soundpool could not load file: /system/media/audio/ui/KeypressReturn.ogg
I/SystemServer(   61): Headset Observer
W/HeadsetObserver(   61): This kernel does not have wired headset support
I/SystemServer(   61): Dock Observer
W/DockObserver(   61): This kernel does not have dock station support
I/SystemServer(   61): USB Observer
W/UsbObserver(   61): This kernel does not have USB configuration switch support
E/UsbObserver(   61): 
E/UsbObserver(   61): java.lang.NullPointerException
E/UsbObserver(   61): 	at com.android.server.UsbObserver.init(UsbObserver.java:131)
E/UsbObserver(   61): 	at com.android.server.UsbObserver.<init>(UsbObserver.java:65)
E/UsbObserver(   61): 	at com.android.server.ServerThread.run(SystemServer.java:402)
I/SystemServer(   61): UI Mode Manager Service
I/SystemServer(   61): Backup Service
V/BackupManagerService(   61): No ancestral data
I/BackupManagerService(   61): Found stale backup journal, scheduling
I/BackupManagerService(   61):   com.android.inputmethod.latin
I/BackupManagerService(   61):   com.android.browser
I/BackupManagerService(   61):   com.android.providers.userdictionary
I/BackupManagerService(   61):   android
I/BackupManagerService(   61):   com.android.providers.settings
I/BackupManagerService(   61): Backup enabled => true
D/dalvikvm(   61): GC_CONCURRENT freed 293K, 43% free 3847K/6727K, external 716K/1038K, paused 4ms+4ms
I/SystemServer(   61): AppWidget Service
I/SystemServer(   61): Recognition Service
I/SystemServer(   61): DiskStats Service
I/WindowManager(   61): SAFE MODE not enabled
D/dalvikvm(   61): JIT started for system_server
D/PowerManagerService(   61): system ready!
I/ActivityManager(   61): System now ready
I/SystemServer(   61): Making services ready
I/StatusBarManagerService(   61): Starting service: ComponentInfo{com.android.systemui/com.android.systemui.statusbar.StatusBarService}
I/Zygote  (   61): Process: zygote socket opened
I/ActivityManager(   61): Start proc com.android.systemui for service com.android.systemui/.statusbar.StatusBarService: pid=106 uid=1000 gids={3002, 3001, 3003}
I/ActivityManager(   61): Config changed: { scale=1.0 imsi=0/0 loc=en_US touch=0 keys=0/0/0 nav=0/0 orien=0 layout=0 uiMode=17 seq=2}
I/ActivityManager(   61): Config changed: { scale=1.0 imsi=0/0 loc=en_US touch=3 keys=2/1/2 nav=1/1 orien=1 layout=18 uiMode=17 seq=3}
W/RecognitionManagerService(   61): no available voice recognition services found
I/ActivityManager(   61): Start proc jp.co.omronsoft.openwnn for service jp.co.omronsoft.openwnn/.OpenWnnJAJP: pid=113 uid=10004 gids={}
W/GpsLocationProvider(   61): Could not open GPS configuration file /etc/gps.conf
D/NetworkManagmentService(   61): Registering observer
E/ThrottleService(   61): Could not open GPS configuration file /etc/gps.conf
I/ActivityManager(   61): Start proc com.android.phone for added application com.android.phone: pid=123 uid=1001 gids={3002, 3001, 3003, 1015}
I/ActivityManager(   61): Start proc com.android.systemui for added application com.android.systemui: pid=124 uid=1000 gids={3002, 3001, 3003}
I/ActivityManager(   61): Starting: Intent { act=android.intent.action.MAIN cat=[android.intent.category.HOME] flg=0x10000000 cmp=com.android.launcher/com.android.launcher2.Launcher } from pid 0
I/ActivityManager(   61): Start proc com.android.launcher for activity com.android.launcher/com.android.launcher2.Launcher: pid=131 uid=10013 gids={}
W/ActivityManager(   61): Unable to start service Intent { act=@0 }: not found
W/ActivityManager(   61): Unable to start service Intent { act=@0 }: not found
W/ActivityManager(   61): No pending application record for pid 106 (IApplicationThread android.app.ApplicationThreadProxy@40675650); dropping process
I/Process (   61): Sending signal. PID: 106 SIG: 9
I/ActivityManager(   61): Start proc com.android.settings for broadcast com.android.settings/.widget.SettingsAppWidgetProvider: pid=135 uid=1000 gids={3002, 3001, 3003}
I/SystemServer(   61): Enabled StrictMode for system server main thread.
D/qemud   (   38): fdhandler_accept_event: accepting on fd 9
D/qemud   (   38): created client 0x13f38 listening on fd 12
D/qemud   (   38): client_fd_receive: attempting registration for service 'gps'
D/qemud   (   38): client_fd_receive:    -> received channel id 4
D/dalvikvm(   61): GC_EXTERNAL_ALLOC freed 155K, 42% free 3912K/6727K, external 1035K/1038K, paused 53ms
D/qemud   (   38): client_registration: registration succeeded for client 4
E/logwrapper(  161): executing /system/bin/tc failed: No such file or directory
I/logwrapper(   30): /system/bin/tc terminated by exit(1)
E/logwrapper(  162): executing /system/bin/tc failed: No such file or directory
I/logwrapper(   30): /system/bin/tc terminated by exit(1)
E/logwrapper(  163): executing /system/bin/tc failed: No such file or directory
I/logwrapper(   30): /system/bin/tc terminated by exit(1)
D/dalvikvm(  131): GC_CONCURRENT freed 406K, 54% free 2638K/5639K, external 716K/1038K, paused 3ms+68ms
D/dalvikvm(  123): GC_CONCURRENT freed 404K, 54% free 2640K/5639K, external 716K/1038K, paused 3ms+90ms
D/dalvikvm(  124): GC_CONCURRENT freed 408K, 54% free 2636K/5639K, external 716K/1038K, paused 3ms+39ms
D/dalvikvm(  135): GC_CONCURRENT freed 407K, 54% free 2637K/5639K, external 716K/1038K, paused 3ms+59ms
I/ActivityThread(  131): Pub com.android.launcher2.settings: com.android.launcher2.LauncherProvider
D/dalvikvm(  113): GC_CONCURRENT freed 396K, 54% free 2649K/5639K, external 716K/1038K, paused 3ms+20ms
I/ActivityThread(  123): Pub mms: com.android.providers.telephony.MmsProvider
I/ActivityThread(  123): Pub sms: com.android.providers.telephony.SmsProvider
D/dalvikvm(   61): GREF has increased to 201
D/dalvikvm(  113): No JNI_OnLoad found in /system/lib/libwnndict.so 0x40512cf0, skipping init
I/ActivityThread(  123): Pub telephony: com.android.providers.telephony.TelephonyProvider
I/ActivityThread(  123): Pub icc: com.android.phone.IccProvider
I/ActivityThread(  123): Pub mms-sms: com.android.providers.telephony.MmsSmsProvider
D/dalvikvm(   61): GC_EXTERNAL_ALLOC freed 214K, 42% free 3986K/6855K, external 1552K/1567K, paused 168ms
D/dalvikvm(  113): GC_CONCURRENT freed 211K, 50% free 2912K/5767K, external 716K/1038K, paused 3ms+98ms
I/StatusBarManagerService(   61): registerStatusBar bar=com.android.internal.statusbar.IStatusBar$Stub$Proxy@405f6550
D/VoldCmdListener(   29): share status ums
D/StorageNotification(  124): Startup with UMS connection false (media state unmounted)
I/StorageNotification(  124): UMS connection changed to false (media state unmounted)
D/dalvikvm(  113): GC_CONCURRENT freed 434K, 50% free 3047K/6087K, external 716K/1038K, paused 3ms+11ms
D/CallManager(  123): registerPhone(GSM Handler{4055e708})
I/ActivityManager(   61): Start proc android.process.acore for content provider com.android.providers.contacts/.CallLogProvider: pid=176 uid=10006 gids={3003, 1015}
D/dalvikvm(   61): GC_EXTERNAL_ALLOC freed 196K, 42% free 4049K/6919K, external 1872K/2044K, paused 129ms
W/ActivityManager(   61): Unable to start service Intent { act=com.android.ussd.IExtendedNetworkService }: not found
I/TelephonyRegistry(   61): notifyServiceState: 3 home null null null  Unknown CSS not supported -1 -1RoamInd: -1DefRoamInd: -1EmergOnly: false
D/AlarmManagerService(   61): Kernel timezone updated to 0 minutes west of GMT
I/ActivityManager(   61): Start proc com.android.deskclock for broadcast com.android.deskclock/.AlarmInitReceiver: pid=187 uid=10019 gids={}
D/dalvikvm(  131): GC_EXTERNAL_ALLOC freed 48K, 53% free 2701K/5639K, external 1032K/1038K, paused 324ms
W/SystemClock(  123): Unable to set rtc to 1406826093: Invalid argument
I/TelephonyRegistry(   61): notifyDataConnection: state=0 isDataConnectivityPossible=false reason=radioTurnedOff interfaceName=null networkType=0
I/TelephonyRegistry(   61): notifyDataConnection: state=0 isDataConnectivityPossible=false reason=gprsDetached interfaceName=null networkType=0
I/ActivityThread(  176): Pub com.android.social: com.android.providers.contacts.SocialProvider
I/ActivityThread(  176): Pub applications: com.android.providers.applications.ApplicationsProvider
I/TelephonyRegistry(   61): notifyServiceState: 0 home Android Android 310260  UMTS CSS not supported -1 -1RoamInd: -1DefRoamInd: -1EmergOnly: false
D/SystemClock(  123): Setting time of day to sec=1406826093
I/TelephonyRegistry(   61): notifyDataConnection: state=0 isDataConnectivityPossible=false reason=null interfaceName=null networkType=3
D/dalvikvm(  123): GC_CONCURRENT freed 175K, 50% free 2928K/5767K, external 716K/1038K, paused 3ms+66ms
D/MccTable(  123): updateMccMncConfiguration: mcc=310, mnc=260
D/MccTable(  123): locale set to en_us
D/MccTable(  123): WIFI_NUM_ALLOWED_CHANNELS set to 11
I/WifiService(   61): WifiService trying to setNumAllowed to 11 with persist set to true
D/dalvikvm(  176): GC_CONCURRENT freed 406K, 54% free 2612K/5639K, external 716K/1038K, paused 3ms+21ms
I/ActivityManager(   61): Config changed: { scale=1.0 imsi=310/260 loc=en_US touch=3 keys=2/1/2 nav=1/1 orien=1 layout=18 uiMode=17 seq=4}
I/TelephonyRegistry(   61): notifyMessageWaitingChanged: false
I/TelephonyRegistry(   61): notifyCallForwardingChanged: false
D/dalvikvm(  187): GC_CONCURRENT freed 366K, 54% free 2607K/5575K, external 716K/1038K, paused 3ms+10ms
D/dalvikvm(   61): GC_CONCURRENT freed 256K, 42% free 4117K/6983K, external 1865K/3065K, paused 4ms+11ms
I/ActivityThread(  187): Pub com.android.deskclock: com.android.deskclock.AlarmProvider
I/ActivityThread(  176): Pub contacts;com.android.contacts: com.android.providers.contacts.ContactsProvider2
D/dalvikvm(  131): GC_EXTERNAL_ALLOC freed 60K, 51% free 2764K/5639K, external 1567K/1572K, paused 162ms
I/ActivityManager(   61): Start proc com.android.protips for broadcast com.android.protips/.ProtipWidget: pid=204 uid=10024 gids={}
D/TelephonyProvider(  123): Setting numeric '310260' to be the current operator
I/TelephonyRegistry(   61): notifyDataConnection: state=1 isDataConnectivityPossible=true reason=simLoaded interfaceName=null networkType=3
D/dalvikvm(   33): GC_EXPLICIT freed 10K, 53% free 2538K/5379K, external 716K/1038K, paused 229ms
I/TelephonyRegistry(   61): notifyDataConnection: state=2 isDataConnectivityPossible=true reason=simLoaded interfaceName=/dev/omap_csmi_tty1 networkType=3
D/Tethering(   61): MasterInitialState.processMessage what=3
D/dalvikvm(   33): GC_EXPLICIT freed <1K, 53% free 2538K/5379K, external 716K/1038K, paused 255ms
D/dalvikvm(  123): GC_CONCURRENT freed 428K, 52% free 2931K/6023K, external 716K/1038K, paused 3ms+64ms
D/SntpClient(   61): request time failed: java.net.SocketException: Address family not supported by protocol
D/dalvikvm(   33): GC_EXPLICIT freed <1K, 53% free 2538K/5379K, external 716K/1038K, paused 151ms
I/ActivityManager(   61): Start proc com.android.music for broadcast com.android.music/.MediaAppWidgetProvider: pid=213 uid=10005 gids={3003, 1015}
I/ActivityThread(  176): Pub call_log: com.android.providers.contacts.CallLogProvider
I/ActivityThread(  176): Pub user_dictionary: com.android.providers.userdictionary.UserDictionaryProvider
D/dalvikvm(  131): GC_EXTERNAL_ALLOC freed 47K, 51% free 2788K/5639K, external 2079K/2085K, paused 153ms
D/dalvikvm(  131): GC_EXPLICIT freed 17K, 51% free 2806K/5639K, external 2387K/2620K, paused 71ms
D/dalvikvm(   61): GREF has increased to 301
I/ActivityManager(   61): Start proc com.android.quicksearchbox for broadcast com.android.quicksearchbox/.SearchWidgetProvider: pid=223 uid=10002 gids={3003}
I/ActivityThread(  223): Pub com.android.quicksearchbox.google: com.android.quicksearchbox.google.GoogleSuggestionProvider
I/ActivityThread(  223): Pub com.android.quicksearchbox.shortcuts: com.android.quicksearchbox.ShortcutsProvider
I/ActivityManager(   61): Start proc android.process.media for broadcast com.android.providers.downloads/.DownloadReceiver: pid=231 uid=10000 gids={1015, 1006, 2001, 3003}
I/ActivityThread(  231): Pub media: com.android.providers.media.MediaProvider
V/MediaProvider(  231): Attached volume: internal
I/ActivityThread(  231): Pub downloads: com.android.providers.downloads.DownloadProvider
I/ActivityThread(  231): Pub drm: com.android.providers.drm.DrmProvider
D/dalvikvm(  131): GC_EXTERNAL_ALLOC freed 142K, 49% free 2989K/5767K, external 2618K/2620K, paused 46ms
I/SurfaceFlinger(   61): Boot is finished (10482 ms)
D/OtaStartupReceiver(  123): Not a CDMA phone, no need to process OTA
D/PowerManagerService(   61): bootCompleted
I/ARMAssembler(   61): generated scanline__00000177:03010104_00000002_00000000 [ 44 ipp] (66 ins) at [0x46efd290:0x46efd398] in 628650 ns
I/ARMAssembler(   61): generated scanline__00000177:03515104_00000001_00000000 [ 73 ipp] (95 ins) at [0x46efd3a0:0x46efd51c] in 518742 ns
D/VoldCmdListener(   29): volume mount /mnt/sdcard
I/Vold    (   29): /dev/block/vold/179:0 being considered for volume sdcard
D/Vold    (   29): Volume sdcard state changing 1 (Idle-Unmounted) -> 3 (Checking)
I/StorageNotification(  124): Media {/mnt/sdcard} state changed from {unmounted} -> {checking}
I//system/bin/fsck_msdos(   29): ** /dev/block/vold/179:0
I/RecoverySystem(   61): No recovery log file
I/ActivityManager(   61): Start proc com.android.mms for broadcast com.android.mms/.transaction.MmsSystemEventReceiver: pid=248 uid=10015 gids={3003, 1015}
D/dalvikvm(   61): GC_CONCURRENT freed 831K, 46% free 4151K/7623K, external 1865K/3065K, paused 4ms+28ms
I/ActivityThread(  248): Pub com.android.mms.SuggestionsProvider: com.android.mms.SuggestionsProvider
I/InputReader(   61): Device reconfigured: id=0x0, name=qwerty2, display size is now 320x480
I/InputManager-Callbacks(   61): No virtual keys found for device qwerty2.
I/SearchManagerService(   61): Building list of searchable activities
I/ARMAssembler(   61): generated scanline__00000177:03515104_00001001_00000000 [ 91 ipp] (114 ins) at [0x46efd520:0x46efd6e8] in 556376 ns
I/ActivityManager(   61): Displayed com.android.launcher/com.android.launcher2.Launcher: +9s44ms
I/ActivityManager(   61): Start proc com.android.email for broadcast com.android.email/.service.EmailBroadcastReceiver: pid=276 uid=10028 gids={3003, 1015}
I/ActivityThread(  276): Pub com.android.email.provider: com.android.email.provider.EmailProvider
I/ActivityThread(  276): Pub com.android.email.attachmentprovider: com.android.email.provider.AttachmentProvider
I/ActivityThread(  276): Pub com.android.exchange.provider: com.android.exchange.provider.ExchangeProvider
D/AndroidRuntime(  270): 
D/AndroidRuntime(  270): >>>>>> AndroidRuntime START com.android.internal.os.RuntimeInit <<<<<<
D/AndroidRuntime(  270): CheckJNI is ON
D/EAS SyncManager(  276): !!! EAS SyncManager, onCreate
D/AndroidRuntime(  270): Calling main entry com.android.commands.am.Am
I/ActivityManager(   61): Force stopping package org.wordpress.android uid=10034
I/ActivityManager(   61): Start proc org.wordpress.android for added application org.wordpress.android: pid=297 uid=10034 gids={3003, 1006, 1015}
D/szipinf (  297): Initializing inflate state
D/nofatclips(  297): Updating node 
D/nofatclips(  297): Loading node 
I/nofatclips(  297): Preferences file found.
V/nofatclips(  297): Updating value ACTIVITY_DESCRIPTION_IN_SESSION
V/nofatclips(  297): Updating value ADDITIONAL_CRITERIAS
V/nofatclips(  297): Updating value ADDITIONAL_EVENTS
V/nofatclips(  297): Updating value ADDITIONAL_INPUTS
V/nofatclips(  297): Updating value CLASS_NAME
D/nofatclips(  297): Updated value of parameter CLASS_NAME to org.wordpress.android.Dashboard (default = app.package.class)
V/nofatclips(  297): Updating value ENABLE_RESUME
V/nofatclips(  297): Updating value PACKAGE_NAME
D/nofatclips(  297): Updated value of parameter PACKAGE_NAME to org.wordpress.android (default = app.package)
V/nofatclips(  297): Updating value RANDOM_SEED
D/nofatclips(  297): Updated value of parameter RANDOM_SEED to -3673830989727078952 (default = 5466516511651561651)
V/nofatclips(  297): Updating value RETRY_FAILED_TRACES
V/nofatclips(  297): Updating value theClass
D/nofatclips(  297): Updating node scheduler
D/nofatclips(  297): Loading node scheduler
V/nofatclips(  297): Updating value ALL_EVENTS_ON_PREFERENCES
V/nofatclips(  297): Updating value BACK_BUTTON_EVENT
V/nofatclips(  297): Updating value DICTIONARY_FIXED_VALUE
V/nofatclips(  297): Updating value DICTIONARY_IGNORE_CONTENT_TYPES
V/nofatclips(  297): Updating value EMULATOR_PORT
V/nofatclips(  297): Updating value EVENTS
D/nofatclips(  297): Updated values of array parameter EVENTS
V/nofatclips(  297): Updating value EVENT_WHEN_NO_ID
V/nofatclips(  297): Updating value EXCLUDE_WIDGETS_INPUTS_IN_GPS_EVENTS
V/nofatclips(  297): Updating value EXCLUDE_WIDGETS_INPUTS_IN_SENSORS_EVENTS
V/nofatclips(  297): Updating value INPUTS
D/nofatclips(  297): Updated values of array parameter INPUTS
V/nofatclips(  297): Updating value KEY_EVENTS
V/nofatclips(  297): Updating value MAX_EVENTS_PER_WIDGET
V/nofatclips(  297): Updating value MAX_TASKS_IN_SCHEDULER
D/nofatclips(  297): Updated value of parameter MAX_TASKS_IN_SCHEDULER to 2 (default = 0)
V/nofatclips(  297): Updating value MAX_TASKS_PER_EVENT
V/nofatclips(  297): Updating value MENU_EVENTS
V/nofatclips(  297): Updating value ORIENTATION_EVENTS
V/nofatclips(  297): Updating value PLANNER
V/nofatclips(  297): Updating value REFLECT_ACTIVITY_LISTENERS
V/nofatclips(  297): Updating value REFLECT_WIDGETS
V/nofatclips(  297): Updating value SCHEDULER_ALGORITHM
D/nofatclips(  297): Updated value of parameter SCHEDULER_ALGORITHM to DEPTH_FIRST (default = BREADTH_FIRST)
V/nofatclips(  297): Updating value SCROLL_DOWN_EVENT
V/nofatclips(  297): Updating value SENSOR_TYPES
V/nofatclips(  297): Updating value SIMULATE_INCOMING_CALL
V/nofatclips(  297): Updating value SIMULATE_INCOMING_SMS
V/nofatclips(  297): Updating value TAB_EVENTS_START_ONLY
V/nofatclips(  297): Updating value TEST_LOCATION_PROVIDER
V/nofatclips(  297): Updating value TEXT_VALUES_FROM_DICTIONARY
V/nofatclips(  297): Updating value TEXT_VALUES_ID_HASH
V/nofatclips(  297): Updating value USE_GPS
V/nofatclips(  297): Updating value USE_SENSORS
D/nofatclips(  297): Updating node planner
D/nofatclips(  297): Loading node planner
V/nofatclips(  297): Updating value ALL_EVENTS_ON_PREFERENCES
V/nofatclips(  297): Updating value BACK_BUTTON_EVENT
V/nofatclips(  297): Updating value DICTIONARY_FIXED_VALUE
V/nofatclips(  297): Updating value DICTIONARY_IGNORE_CONTENT_TYPES
V/nofatclips(  297): Updating value EMULATOR_PORT
V/nofatclips(  297): Updating value EVENTS
D/nofatclips(  297): Updated values of array parameter EVENTS
V/nofatclips(  297): Updating value EVENT_WHEN_NO_ID
V/nofatclips(  297): Updating value EXCLUDE_WIDGETS_INPUTS_IN_GPS_EVENTS
V/nofatclips(  297): Updating value EXCLUDE_WIDGETS_INPUTS_IN_SENSORS_EVENTS
V/nofatclips(  297): Updating value INPUTS
D/nofatclips(  297): Updated values of array parameter INPUTS
V/nofatclips(  297): Updating value KEY_EVENTS
V/nofatclips(  297): Updating value MAX_EVENTS_PER_WIDGET
V/nofatclips(  297): Updating value MAX_TASKS_IN_SCHEDULER
V/nofatclips(  297): Updating value MAX_TASKS_PER_EVENT
V/nofatclips(  297): Updating value MENU_EVENTS
V/nofatclips(  297): Updating value ORIENTATION_EVENTS
V/nofatclips(  297): Updating value PLANNER
V/nofatclips(  297): Updating value REFLECT_ACTIVITY_LISTENERS
V/nofatclips(  297): Updating value REFLECT_WIDGETS
V/nofatclips(  297): Updating value SCHEDULER_ALGORITHM
V/nofatclips(  297): Updating value SCROLL_DOWN_EVENT
V/nofatclips(  297): Updating value SENSOR_TYPES
V/nofatclips(  297): Updating value SIMULATE_INCOMING_CALL
V/nofatclips(  297): Updating value SIMULATE_INCOMING_SMS
V/nofatclips(  297): Updating value TAB_EVENTS_START_ONLY
V/nofatclips(  297): Updating value TEST_LOCATION_PROVIDER
V/nofatclips(  297): Updating value TEXT_VALUES_FROM_DICTIONARY
V/nofatclips(  297): Updating value TEXT_VALUES_ID_HASH
D/nofatclips(  297): Updated value of parameter TEXT_VALUES_ID_HASH to true (default = false)
V/nofatclips(  297): Updating value USE_GPS
V/nofatclips(  297): Updating value USE_SENSORS
D/nofatclips(  297): Updating node interactions
D/nofatclips(  297): Loading node interactions
V/nofatclips(  297): Updating value ALL_EVENTS_ON_PREFERENCES
V/nofatclips(  297): Updating value BACK_BUTTON_EVENT
V/nofatclips(  297): Updating value DICTIONARY_FIXED_VALUE
V/nofatclips(  297): Updating value DICTIONARY_IGNORE_CONTENT_TYPES
V/nofatclips(  297): Updating value EMULATOR_PORT
V/nofatclips(  297): Updating value EVENTS
D/nofatclips(  297): Updated values of array parameter EVENTS
V/nofatclips(  297): Updating value EVENT_WHEN_NO_ID
V/nofatclips(  297): Updating value EXCLUDE_WIDGETS_INPUTS_IN_GPS_EVENTS
V/nofatclips(  297): Updating value EXCLUDE_WIDGETS_INPUTS_IN_SENSORS_EVENTS
V/nofatclips(  297): Updating value INPUTS
D/nofatclips(  297): Updated values of array parameter INPUTS
V/nofatclips(  297): Updating value KEY_EVENTS
V/nofatclips(  297): Updating value MAX_EVENTS_PER_WIDGET
V/nofatclips(  297): Updating value MAX_TASKS_IN_SCHEDULER
V/nofatclips(  297): Updating value MAX_TASKS_PER_EVENT
V/nofatclips(  297): Updating value MENU_EVENTS
V/nofatclips(  297): Updating value ORIENTATION_EVENTS
V/nofatclips(  297): Updating value PLANNER
V/nofatclips(  297): Updating value REFLECT_ACTIVITY_LISTENERS
V/nofatclips(  297): Updating value REFLECT_WIDGETS
V/nofatclips(  297): Updating value SCHEDULER_ALGORITHM
V/nofatclips(  297): Updating value SCROLL_DOWN_EVENT
V/nofatclips(  297): Updating value SENSOR_TYPES
V/nofatclips(  297): Updating value SIMULATE_INCOMING_CALL
V/nofatclips(  297): Updating value SIMULATE_INCOMING_SMS
V/nofatclips(  297): Updating value TAB_EVENTS_START_ONLY
V/nofatclips(  297): Updating value TEST_LOCATION_PROVIDER
V/nofatclips(  297): Updating value TEXT_VALUES_FROM_DICTIONARY
V/nofatclips(  297): Updating value TEXT_VALUES_ID_HASH
V/nofatclips(  297): Updating value USE_GPS
V/nofatclips(  297): Updating value USE_SENSORS
D/nofatclips(  297): Updating node comparator
D/nofatclips(  297): Loading node comparator
V/nofatclips(  297): Updating value COMPARATOR
V/nofatclips(  297): Updating value COMPARATOR_TYPE
V/nofatclips(  297): Updating value COMPARE_ACTIVITY_NAME
V/nofatclips(  297): Updating value COMPARE_LIST_COUNT
V/nofatclips(  297): Updating value COMPARE_MENU_COUNT
D/nofatclips(  297): Updated value of parameter COMPARE_MENU_COUNT to false (default = true)
V/nofatclips(  297): Updating value COMPARE_STATE_TITLE
V/nofatclips(  297): Updating value COMPARE_VALUES
V/nofatclips(  297): Updating value WIDGET_TYPES
D/nofatclips(  297): Updating node strategy
D/nofatclips(  297): Loading node strategy
V/nofatclips(  297): Updating value AFTER_EVENT_DONT_EXPLORE
V/nofatclips(  297): Updating value AFTER_WIDGET_DONT_EXPLORE
V/nofatclips(  297): Updating value CHECK_FOR_TRANSITION
V/nofatclips(  297): Updating value EXPLORE_ONLY_NEW_STATES
D/nofatclips(  297): Updated value of parameter EXPLORE_ONLY_NEW_STATES to false (default = true)
V/nofatclips(  297): Updating value MAX_NUM_TRACES
D/nofatclips(  297): Updated value of parameter MAX_NUM_TRACES to 100 (default = 0)
V/nofatclips(  297): Updating value MAX_TIME_CRAWLING
V/nofatclips(  297): Updating value PAUSE_AFTER_TIME
V/nofatclips(  297): Updating value PAUSE_AFTER_TRACES
V/nofatclips(  297): Updating value TRACE_MAX_DEPTH
V/nofatclips(  297): Updating value TRACE_MIN_DEPTH
D/nofatclips(  297): Starting random testing
I/TestRunner(  297): started: testAndCrawl(com.nofatclips.crawler.guitree.NomadEngine)
I//system/bin/fsck_msdos(   29): ** Phase 1 - Read and Compare FATs
I//system/bin/fsck_msdos(   29): Attempting to allocate 397 KB for FAT
D/dalvikvm(   61): GC_EXPLICIT freed 214K, 46% free 4133K/7623K, external 1865K/3065K, paused 92ms
I/ActivityManager(   61): Starting: Intent { act=android.intent.action.MAIN flg=0x10000000 cmp=org.wordpress.android/.Dashboard } from pid 297
D/szipinf (   61): Initializing inflate state
I/ARMAssembler(   61): generated scanline__00000177:03515104_00001002_00000000 [ 87 ipp] (110 ins) at [0x46efd6f0:0x46efd8a8] in 345115 ns
D/dalvikvm(  297): GC_EXTERNAL_ALLOC freed 403K, 53% free 2737K/5767K, external 716K/1038K, paused 208ms
D/dalvikvm(  297): GC_EXTERNAL_ALLOC freed 115K, 49% free 2946K/5767K, external 1407K/1623K, paused 44ms
I/ActivityManager(   61): Displayed org.wordpress.android/.Dashboard: +1s26ms
D/MediaScannerService(  231): start scanning volume internal
D/Eas Debug(  276): Logging: 
D/dalvikvm(  276): GC_CONCURRENT freed 533K, 54% free 2702K/5831K, external 716K/1038K, paused 3ms+3ms
D/EAS SyncManager(  276): !!! EAS SyncManager, onDestroy
D/dalvikvm(  248): GC_CONCURRENT freed 491K, 54% free 2727K/5831K, external 716K/1038K, paused 2ms+4ms
D/nofatclips(  297): Generated Resuming Persistence
I/dalvikvm(  297): Could not find method android.app.Activity.getFragmentManager, referenced from method com.jayway.android.robotium.solo.Waiter.getFragment
W/dalvikvm(  297): VFY: unable to resolve virtual method 7: Landroid/app/Activity;.getFragmentManager ()Landroid/app/FragmentManager;
D/dalvikvm(  297): VFY: replacing opcode 0x6e at 0x0008
I/dalvikvm(  297): Could not find method android.app.Activity.getFragmentManager, referenced from method com.jayway.android.robotium.solo.Waiter.getFragment
W/dalvikvm(  297): VFY: unable to resolve virtual method 7: Landroid/app/Activity;.getFragmentManager ()Landroid/app/FragmentManager;
D/dalvikvm(  297): VFY: replacing opcode 0x6e at 0x0017
W/dalvikvm(  297): VFY: unable to find class referenced in signature (Landroid/app/Fragment;)
D/dalvikvm(  297): VFY: dead code 0x000b-000f in Lcom/jayway/android/robotium/solo/Waiter;.getFragment (Ljava/lang/String;I)Landroid/app/Fragment;
D/dalvikvm(  297): VFY: dead code 0x001a-001f in Lcom/jayway/android/robotium/solo/Waiter;.getFragment (Ljava/lang/String;I)Landroid/app/Fragment;
W/dalvikvm(  297): VFY: unable to find class referenced in signature (Landroid/app/Fragment;)
D/Email   (  276): BOOT_COMPLETED
I//system/bin/fsck_msdos(   29): Attempting to allocate 397 KB for FAT
D/EAS SyncManager(  276): !!! EAS SyncManager, onCreate
D/EAS SyncManager(  276): !!! EAS SyncManager, onStartCommand
D/EAS SyncManager(  276): !!! EAS SyncManager, stopping self
D/EAS SyncManager(  276): !!! EAS SyncManager, onDestroy
I//system/bin/fsck_msdos(   29): ** Phase 2 - Check Cluster Chains
I//system/bin/fsck_msdos(   29): ** Phase 3 - Checking Directories
I//system/bin/fsck_msdos(   29): ** Phase 4 - Checking for Lost Files
I//system/bin/fsck_msdos(   29): 3 files, 50388 free (100777 clusters)
I/Vold    (   29): Filesystem check completed OK
I/Vold    (   29): Device /dev/block/vold/179:0, target /mnt/sdcard mounted @ /mnt/secure/staging
D/Vold    (   29): Volume sdcard state changing 3 (Checking) -> 4 (Mounted)
I/PackageManager(   61): Updating external media status from unmounted to mounted
I/StorageNotification(  124): Media {/mnt/sdcard} state changed from {checking} -> {mounted}
D/VoldCmdListener(   29): asec list
I/PackageManager(   61): No secure containers on sdcard
W/PackageManager(   61): Unknown permission com.google.android.googleapps.permission.GOOGLE_AUTH.mail in package com.android.contacts
W/PackageManager(   61): Unknown permission android.permission.ADD_SYSTEM_SERVICE in package com.android.phone
W/PackageManager(   61): Not granting permission android.permission.SEND_DOWNLOAD_COMPLETED_INTENTS to package com.android.browser (protectionLevel=2 flags=0x9be45)
W/PackageManager(   61): Unknown permission com.google.android.gm.permission.WRITE_GMAIL in package com.android.settings
W/PackageManager(   61): Unknown permission com.google.android.gm.permission.READ_GMAIL in package com.android.settings
W/PackageManager(   61): Unknown permission com.google.android.googleapps.permission.GOOGLE_AUTH in package com.android.settings
W/PackageManager(   61): Unknown permission com.google.android.googleapps.permission.GOOGLE_AUTH in package com.android.providers.contacts
W/PackageManager(   61): Unknown permission com.google.android.googleapps.permission.GOOGLE_AUTH.cp in package com.android.providers.contacts
W/PackageManager(   61): Unknown permission com.google.android.googleapps.permission.ACCESS_GOOGLE_PASSWORD in package com.android.development
W/PackageManager(   61): Unknown permission com.google.android.googleapps.permission.GOOGLE_AUTH in package com.android.development
W/PackageManager(   61): Unknown permission com.google.android.googleapps.permission.GOOGLE_AUTH.ALL_SERVICES in package com.android.development
W/PackageManager(   61): Unknown permission com.google.android.googleapps.permission.GOOGLE_AUTH.YouTubeUser in package com.android.development
W/PackageManager(   61): Unknown permission android.permission.READ_OWNER_DATA in package com.android.email
W/PackageManager(   61): Not granting permission android.permission.DEVICE_POWER to package com.android.deskclock (protectionLevel=2 flags=0x8be45)
W/ImageDownloader(  297): Error 404 while retrieving bitmap from http://gravatar.com/blavatar/44d338f29053dbb888da79dcf98df489?s=60&d=404
D/dalvikvm(  231): GC_CONCURRENT freed 523K, 55% free 2646K/5767K, external 716K/1038K, paused 3ms+2ms
D/MediaScanner(  231):  prescan time: 380ms
D/MediaScanner(  231):     scan time: 78ms
D/MediaScanner(  231): postscan time: 0ms
D/MediaScanner(  231):    total time: 458ms
D/szipinf (  176): Initializing inflate state
D/dalvikvm(  176): GC_CONCURRENT freed 243K, 51% free 2799K/5703K, external 716K/1038K, paused 3ms+3ms
I/dalvikvm(   61): Jit: resizing JitTable from 512 to 1024
D/nofatclips(  297): Updating node automation
D/nofatclips(  297): Loading node automation
V/nofatclips(  297): Updating value FORCE_RESTART
V/nofatclips(  297): Updating value IN_AND_OUT_FOCUS
V/nofatclips(  297): Updating value PRECRAWLING
V/nofatclips(  297): Updating value SCREENSHOT_FOR_EVENTS
V/nofatclips(  297): Updating value SCREENSHOT_FOR_STATES
V/nofatclips(  297): Updating value SCREENSHOT_ONLY_NEW_STATES
V/nofatclips(  297): Updating value SLEEP_AFTER_EVENT
D/nofatclips(  297): Updated value of parameter SLEEP_AFTER_EVENT to 100 (default = 1000)
V/nofatclips(  297): Updating value SLEEP_AFTER_RESTART
D/nofatclips(  297): Updated value of parameter SLEEP_AFTER_RESTART to 100 (default = 1000)
V/nofatclips(  297): Updating value SLEEP_AFTER_TASK
D/nofatclips(  297): Updated value of parameter SLEEP_AFTER_TASK to 100 (default = 1000)
V/nofatclips(  297): Updating value SLEEP_ON_THROBBER
D/nofatclips(  297): Updated value of parameter SLEEP_ON_THROBBER to 100 (default = 1000)
D/nofatclips(  297): Updating node screenshot
D/nofatclips(  297): Loading node screenshot
V/nofatclips(  297): Updating value FORCE_RESTART
V/nofatclips(  297): Updating value IN_AND_OUT_FOCUS
V/nofatclips(  297): Updating value PRECRAWLING
V/nofatclips(  297): Updating value SCREENSHOT_FOR_EVENTS
V/nofatclips(  297): Updating value SCREENSHOT_FOR_STATES
V/nofatclips(  297): Updating value SCREENSHOT_ONLY_NEW_STATES
V/nofatclips(  297): Updating value SLEEP_AFTER_EVENT
V/nofatclips(  297): Updating value SLEEP_AFTER_RESTART
V/nofatclips(  297): Updating value SLEEP_AFTER_TASK
V/nofatclips(  297): Updating value SLEEP_ON_THROBBER
I/nofatclips(  297): Waiting for 100 msec.
D/MediaScannerService(  231): done scanning volume internal
D/MediaScannerService(  231): start scanning volume external
V/MediaProvider(  231): /mnt/sdcard volume ID: 403846687
D/nofatclips(  297): Ready to operate after restarting...
I/nofatclips(  297): Current activity is Dashboard
W/nofatclips(  297): --->Dashboard
D/dalvikvm(  297): GC_CONCURRENT freed 237K, 49% free 2985K/5831K, external 1812K/2324K, paused 2ms+3ms
I/nofatclips(  297): Retrieving widgets
D/nofatclips(  297): Found widget: id=16908290 (android.widget.FrameLayout@405a1788)
D/nofatclips(  297): Found widget: id=2131165248 (android.widget.RelativeLayout@405a2488)
D/nofatclips(  297): Found widget: id=2131165249 (android.widget.LinearLayout@405a2af0)
D/nofatclips(  297): Found widget: id=-1 (android.widget.ImageView@405a3038)
D/nofatclips(  297): Found widget: id=2131165250 (org.wordpress.android.util.WPTitleBar@4059ca10)
D/nofatclips(  297): Found widget: id=2131165195 (android.widget.RelativeLayout@4050efe8)
D/nofatclips(  297): Found widget: id=2131165196 (android.widget.RelativeLayout@40569298)
D/nofatclips(  297): Found widget: id=2131165197 (android.widget.ImageView@4059dca8)
D/nofatclips(  297): Found widget: id=2131165198 (android.widget.TextView@40542608): Katie's Sweet Testing Blog
D/nofatclips(  297): Found widget: id=2131165199 (android.widget.ImageView@4055de98)
D/nofatclips(  297): Found widget: id=-1 (android.widget.RelativeLayout@4057a200)
D/nofatclips(  297): Found widget: id=2131165200 (android.widget.ImageButton@4059e1d0)
D/nofatclips(  297): Found widget: id=-1 (android.widget.FrameLayout@4057b758)
D/nofatclips(  297): Found widget: id=2131165201 (android.widget.Button@40542fd0): 
D/nofatclips(  297): Found widget: id=2131165202 (android.widget.ImageView@40594608)
D/nofatclips(  297): Found widget: id=2131165203 (android.widget.ImageView@4053d7c8)
D/nofatclips(  297): Found widget: id=2131165204 (android.widget.LinearLayout@40569ea0)
D/nofatclips(  297): Found widget: id=-1 (android.widget.FrameLayout@4059da40)
D/nofatclips(  297): Found widget: id=-1 (android.widget.LinearLayout@40530970)
D/nofatclips(  297): Found widget: id=-1 (android.widget.LinearLayout@4050edf8)
D/nofatclips(  297): Found widget: id=-1 (android.widget.LinearLayout@4052ff90)
D/nofatclips(  297): Found widget: id=2131165251 (android.widget.LinearLayout@40530648)
D/nofatclips(  297): Found widget: id=-1 (android.widget.ImageView@405910b0)
D/nofatclips(  297): Found widget: id=2131165256 (android.widget.TextView@4056bb98): New Post
D/nofatclips(  297): Found widget: id=2131165253 (android.widget.LinearLayout@4059cc48)
D/nofatclips(  297): Found widget: id=-1 (android.widget.ImageView@405319b0)
D/nofatclips(  297): Found widget: id=2131165256 (android.widget.TextView@4056c4d0): New Page
D/nofatclips(  297): Found widget: id=-1 (android.widget.LinearLayout@40533c68)
D/nofatclips(  297): Found widget: id=2131165252 (android.widget.LinearLayout@40531658)
D/nofatclips(  297): Found widget: id=-1 (android.widget.ImageView@40539b60)
D/nofatclips(  297): Found widget: id=2131165256 (android.widget.TextView@405786c8): Quick Photo
D/nofatclips(  297): Found widget: id=2131165254 (android.widget.LinearLayout@405481d8)
D/nofatclips(  297): Found widget: id=-1 (android.widget.ImageView@40532550)
D/nofatclips(  297): Found widget: id=2131165256 (android.widget.TextView@40578f38): Quick Video
D/nofatclips(  297): Found widget: id=-1 (android.widget.LinearLayout@4052f400)
D/nofatclips(  297): Found widget: id=-1 (android.widget.LinearLayout@40534c20)
D/nofatclips(  297): Found widget: id=2131165255 (android.widget.LinearLayout@40535ee8)
D/nofatclips(  297): Found widget: id=-1 (android.widget.ImageView@40541238)
D/nofatclips(  297): Found widget: id=2131165256 (android.widget.TextView@405795c0): Posts
D/nofatclips(  297): Found widget: id=2131165257 (android.widget.LinearLayout@40546950)
D/nofatclips(  297): Found widget: id=-1 (android.widget.ImageView@405695b0)
D/nofatclips(  297): Found widget: id=2131165256 (android.widget.TextView@40538218): Pages
D/nofatclips(  297): Found widget: id=-1 (android.widget.FrameLayout@40540ed0)
D/nofatclips(  297): Found widget: id=2131165258 (android.widget.LinearLayout@40545110)
D/nofatclips(  297): Found widget: id=-1 (android.widget.ImageView@40540bb0)
D/nofatclips(  297): Found widget: id=2131165256 (android.widget.TextView@4053a1c8): Comments
D/nofatclips(  297): Found widget: id=2131165259 (android.widget.FrameLayout@40546f20)
D/nofatclips(  297): Found widget: id=2131165260 (android.widget.ImageView@40547840)
D/nofatclips(  297): Found widget: id=2131165261 (org.wordpress.android.util.CommentBadgeTextView@4053b1e0): 0
D/nofatclips(  297): Found widget: id=-1 (android.widget.LinearLayout@405415d8)
D/nofatclips(  297): Found widget: id=2131165262 (android.widget.LinearLayout@405423c0)
D/nofatclips(  297): Found widget: id=-1 (android.widget.ImageView@40544aa0)
D/nofatclips(  297): Found widget: id=2131165256 (android.widget.TextView@40541800): Settings
D/nofatclips(  297): Found widget: id=2131165263 (android.widget.LinearLayout@40546400)
D/nofatclips(  297): Found widget: id=-1 (android.widget.ImageView@40561e50)
D/nofatclips(  297): Found widget: id=2131165256 (android.widget.TextView@40543b40): Read
D/nofatclips(  297): Found widget: id=2131165264 (android.widget.LinearLayout@405627d0)
D/nofatclips(  297): Found widget: id=-1 (android.widget.ImageView@40565e10)
D/nofatclips(  297): Found widget: id=2131165256 (android.widget.TextView@40550898): Stats
D/nofatclips(  297): Found widget: id=-1 (com.android.internal.policy.impl.PhoneWindow$DecorView@405a0e88)
V/nicola  (  297): TextualID : blog_title
V/nicola  (  297): ContentType detected : default
V/nicola  (  297): TextualID : action_refresh
V/nicola  (  297): ContentType detected : default
V/nicola  (  297): TextualID : button_text
V/nicola  (  297): ContentType detected : default
V/nicola  (  297): TextualID : button_text
V/nicola  (  297): ContentType detected : default
V/nicola  (  297): TextualID : button_text
V/nicola  (  297): ContentType detected : default
V/nicola  (  297): TextualID : button_text
V/nicola  (  297): ContentType detected : default
V/nicola  (  297): TextualID : button_text
V/nicola  (  297): ContentType detected : default
V/nicola  (  297): TextualID : button_text
V/nicola  (  297): ContentType detected : default
V/nicola  (  297): TextualID : button_text
V/nicola  (  297): ContentType detected : default
V/nicola  (  297): TextualID : button_text
V/nicola  (  297): ContentType detected : default
V/nicola  (  297): TextualID : button_text
V/nicola  (  297): ContentType detected : default
V/nicola  (  297): TextualID : button_text
V/nicola  (  297): ContentType detected : default
I/nofatclips(  297): Attempting to resume previous session
I/nofatclips(  297): Memoryless engine: the task file will not be loaded. Looking for crashed traces.
I/nofatclips(  297): Reading task file
V/nofatclips(  297): Discarding trace #114
I/nofatclips(  297): Stateless comparator: the state file will not be loaded.
D/dalvikvm(  297): GetFieldID: unable to find field Ljava/util/Hashtable;.loadFactor:F
D/dalvikvm(  297): GetFieldID: unable to find field Ljava/util/Hashtable;.loadFactor:F
D/dalvikvm(  297): GetFieldID: unable to find field Ljava/util/Hashtable;.loadFactor:F
D/dalvikvm(  123): GREF has increased to 201
D/dalvikvm(  297): GetFieldID: unable to find field Ljava/util/Hashtable;.loadFactor:F
D/szipinf (  131): Initializing inflate state
D/dalvikvm(  297): GetFieldID: unable to find field Ljava/util/Hashtable;.loadFactor:F
D/dalvikvm(  297): GetFieldID: unable to find field Ljava/util/Hashtable;.loadFactor:F
D/nofatclips(  297): Backup session footer restored to 
D/nofatclips(  297): </SESSION>
D/nofatclips(  297): Restored random counter to: 117
D/nofatclips(  297): Restored trace count to 116
D/nofatclips(  297): Current step countdown restored to 93
D/nofatclips(  297): Restored abstractor counters to: event = 117 - input = 0 - activity = 8
I/nofatclips(  297): Saving the session on disk.
D/dalvikvm(  297): GC_CONCURRENT freed 658K, 51% free 3139K/6407K, external 1812K/2324K, paused 3ms+4ms
I/nofatclips(  297): Planning for new Activity Dashboard
D/nofatclips(  297): Handling event 'click' on widget id=2131165200 type=button name=
D/nofatclips(  297): Handling event 'click' on widget id=2131165201 type=button name=
D/nofatclips(  297): Handling event 'click' on widget id=2131165204 type=linearLayout name=
D/nofatclips(  297): Handling event 'click' on widget id=2131165251 type=linearLayout name=
D/nofatclips(  297): Handling event 'click' on widget id=2131165253 type=linearLayout name=
D/nofatclips(  297): Handling event 'click' on widget id=2131165252 type=linearLayout name=
V/MediaProvider(  231): Attached volume: external
D/dalvikvm(  297): GC_CONCURRENT freed 641K, 51% free 3261K/6535K, external 1812K/2324K, paused 3ms+5ms
D/nofatclips(  297): Handling event 'click' on widget id=2131165254 type=linearLayout name=
D/nofatclips(  297): Handling event 'click' on widget id=2131165255 type=linearLayout name=
D/nofatclips(  297): Handling event 'click' on widget id=2131165257 type=linearLayout name=
I/dalvikvm(  297): Jit: resizing JitTable from 512 to 1024
D/nofatclips(  297): Handling event 'click' on widget id=2131165258 type=linearLayout name=
D/nofatclips(  297): Handling event 'click' on widget id=2131165262 type=linearLayout name=
D/nofatclips(  297): Handling event 'click' on widget id=2131165263 type=linearLayout name=
D/nofatclips(  297): Handling event 'click' on widget id=2131165264 type=linearLayout name=
D/dalvikvm(  297): GC_CONCURRENT freed 766K, 51% free 3269K/6663K, external 1812K/2324K, paused 3ms+4ms
I/nofatclips(  297): Created trace to press the menu button
I/nofatclips(  297): Created trace to change orientation
I/nofatclips(  297): Dispatching new task. 2 more tasks remaining.
D/nofatclips(  297): Performing backup of the old task list on disk
D/nofatclips(  297): Saving task list on disk
V/nofatclips(  297): Backing up trace #129 to disk.
V/nofatclips(  297): Backing up trace #130 to disk.
D/nofatclips(  297): Deleting backup of the old task list from disk
I/nofatclips(  297): Restarting
D/dalvikvm(  131): GC_EXPLICIT freed 210K, 50% free 2967K/5831K, external 3075K/3257K, paused 46ms
V/MediaScanner(  231): pruneDeadThumbnailFiles... android.database.sqlite.SQLiteCursor@40585140
V/MediaScanner(  231): /pruneDeadThumbnailFiles... android.database.sqlite.SQLiteCursor@40585140
D/MediaScanner(  231):  prescan time: 3403ms
D/MediaScanner(  231):     scan time: 1ms
D/MediaScanner(  231): postscan time: 28ms
D/MediaScanner(  231):    total time: 3432ms
D/MediaScannerService(  231): done scanning volume external
I/nofatclips(  297): Waiting for 100 msec.
D/nofatclips(  297): Ready to operate after restarting...
I/nofatclips(  297): Retrieving widgets
D/nofatclips(  297): Found widget: id=16908290 (android.widget.FrameLayout@405a1788)
D/nofatclips(  297): Found widget: id=2131165248 (android.widget.RelativeLayout@405a2488)
D/nofatclips(  297): Found widget: id=2131165249 (android.widget.LinearLayout@405a2af0)
D/nofatclips(  297): Found widget: id=-1 (android.widget.ImageView@405a3038)
D/nofatclips(  297): Found widget: id=2131165250 (org.wordpress.android.util.WPTitleBar@4059ca10)
D/nofatclips(  297): Found widget: id=2131165195 (android.widget.RelativeLayout@4050efe8)
D/nofatclips(  297): Found widget: id=2131165196 (android.widget.RelativeLayout@40569298)
D/nofatclips(  297): Found widget: id=2131165197 (android.widget.ImageView@4059dca8)
D/nofatclips(  297): Found widget: id=2131165198 (android.widget.TextView@40542608): Katie's Sweet Testing Blog
D/nofatclips(  297): Found widget: id=2131165199 (android.widget.ImageView@4055de98)
D/nofatclips(  297): Found widget: id=-1 (android.widget.RelativeLayout@4057a200)
D/nofatclips(  297): Found widget: id=2131165200 (android.widget.ImageButton@4059e1d0)
D/nofatclips(  297): Found widget: id=-1 (android.widget.FrameLayout@4057b758)
D/nofatclips(  297): Found widget: id=2131165201 (android.widget.Button@40542fd0): 
D/nofatclips(  297): Found widget: id=2131165202 (android.widget.ImageView@40594608)
D/nofatclips(  297): Found widget: id=2131165203 (android.widget.ImageView@4053d7c8)
D/nofatclips(  297): Found widget: id=2131165204 (android.widget.LinearLayout@40569ea0)
D/nofatclips(  297): Found widget: id=-1 (android.widget.FrameLayout@4059da40)
D/nofatclips(  297): Found widget: id=-1 (android.widget.LinearLayout@40530970)
D/nofatclips(  297): Found widget: id=-1 (android.widget.LinearLayout@4050edf8)
D/nofatclips(  297): Found widget: id=-1 (android.widget.LinearLayout@4052ff90)
D/nofatclips(  297): Found widget: id=2131165251 (android.widget.LinearLayout@40530648)
D/nofatclips(  297): Found widget: id=-1 (android.widget.ImageView@405910b0)
D/nofatclips(  297): Found widget: id=2131165256 (android.widget.TextView@4056bb98): New Post
D/nofatclips(  297): Found widget: id=2131165253 (android.widget.LinearLayout@4059cc48)
D/nofatclips(  297): Found widget: id=-1 (android.widget.ImageView@405319b0)
D/nofatclips(  297): Found widget: id=2131165256 (android.widget.TextView@4056c4d0): New Page
D/nofatclips(  297): Found widget: id=-1 (android.widget.LinearLayout@40533c68)
D/nofatclips(  297): Found widget: id=2131165252 (android.widget.LinearLayout@40531658)
D/nofatclips(  297): Found widget: id=-1 (android.widget.ImageView@40539b60)
D/nofatclips(  297): Found widget: id=2131165256 (android.widget.TextView@405786c8): Quick Photo
D/nofatclips(  297): Found widget: id=2131165254 (android.widget.LinearLayout@405481d8)
D/nofatclips(  297): Found widget: id=-1 (android.widget.ImageView@40532550)
D/nofatclips(  297): Found widget: id=2131165256 (android.widget.TextView@40578f38): Quick Video
D/nofatclips(  297): Found widget: id=-1 (android.widget.LinearLayout@4052f400)
D/nofatclips(  297): Found widget: id=-1 (android.widget.LinearLayout@40534c20)
D/nofatclips(  297): Found widget: id=2131165255 (android.widget.LinearLayout@40535ee8)
D/nofatclips(  297): Found widget: id=-1 (android.widget.ImageView@40541238)
D/nofatclips(  297): Found widget: id=2131165256 (android.widget.TextView@405795c0): Posts
D/nofatclips(  297): Found widget: id=2131165257 (android.widget.LinearLayout@40546950)
D/nofatclips(  297): Found widget: id=-1 (android.widget.ImageView@405695b0)
D/nofatclips(  297): Found widget: id=2131165256 (android.widget.TextView@40538218): Pages
D/nofatclips(  297): Found widget: id=-1 (android.widget.FrameLayout@40540ed0)
D/nofatclips(  297): Found widget: id=2131165258 (android.widget.LinearLayout@40545110)
D/nofatclips(  297): Found widget: id=-1 (android.widget.ImageView@40540bb0)
D/nofatclips(  297): Found widget: id=2131165256 (android.widget.TextView@4053a1c8): Comments
D/nofatclips(  297): Found widget: id=2131165259 (android.widget.FrameLayout@40546f20)
D/nofatclips(  297): Found widget: id=2131165260 (android.widget.ImageView@40547840)
D/nofatclips(  297): Found widget: id=2131165261 (org.wordpress.android.util.CommentBadgeTextView@4053b1e0): 0
D/nofatclips(  297): Found widget: id=-1 (android.widget.LinearLayout@405415d8)
D/nofatclips(  297): Found widget: id=2131165262 (android.widget.LinearLayout@405423c0)
D/nofatclips(  297): Found widget: id=-1 (android.widget.ImageView@40544aa0)
D/nofatclips(  297): Found widget: id=2131165256 (android.widget.TextView@40541800): Settings
D/nofatclips(  297): Found widget: id=2131165263 (android.widget.LinearLayout@40546400)
