D/OtaStartupReceiver(  123): Not a CDMA phone, no need to process OTA
D/PowerManagerService(   61): bootCompleted
I/ARMAssembler(   61): generated scanline__00000177:03010104_00000002_00000000 [ 44 ipp] (66 ins) at [0x46efd290:0x46efd398] in 635492 ns
I/ARMAssembler(   61): generated scanline__00000177:03515104_00000001_00000000 [ 73 ipp] (95 ins) at [0x46efd3a0:0x46efd51c] in 521309 ns
D/VoldCmdListener(   29): volume mount /mnt/sdcard
I/Vold    (   29): /dev/block/vold/179:0 being considered for volume sdcard
D/Vold    (   29): Volume sdcard state changing 1 (Idle-Unmounted) -> 3 (Checking)
I/StorageNotification(  107): Media {/mnt/sdcard} state changed from {unmounted} -> {checking}
I/RecoverySystem(   61): No recovery log file
I/ActivityManager(   61): Start proc com.android.mms for broadcast com.android.mms/.transaction.MmsSystemEventReceiver: pid=237 uid=10015 gids={3003, 1015}
I/ActivityThread(  237): Pub com.android.mms.SuggestionsProvider: com.android.mms.SuggestionsProvider
I/SearchManagerService(   61): Building list of searchable activities
D/dalvikvm(   61): GC_CONCURRENT freed 800K, 46% free 4156K/7623K, external 1865K/2377K, paused 3ms+10ms
I//system/bin/fsck_msdos(   29): ** /dev/block/vold/179:0
I//system/bin/fsck_msdos(   29): ** Phase 1 - Read and Compare FATs
I//system/bin/fsck_msdos(   29): Attempting to allocate 397 KB for FAT
I/ActivityManager(   61): Start proc com.android.email for broadcast com.android.email/.service.EmailBroadcastReceiver: pid=260 uid=10028 gids={3003, 1015}
D/dalvikvm(   61): GC_EXPLICIT freed 166K, 46% free 4155K/7623K, external 1865K/2377K, paused 109ms
I/ActivityThread(  260): Pub com.android.email.provider: com.android.email.provider.EmailProvider
I/ActivityThread(  260): Pub com.android.email.attachmentprovider: com.android.email.provider.AttachmentProvider
I/ActivityThread(  260): Pub com.android.exchange.provider: com.android.exchange.provider.ExchangeProvider
D/EAS SyncManager(  260): !!! EAS SyncManager, onCreate
D/AndroidRuntime(  275): 
D/AndroidRuntime(  275): >>>>>> AndroidRuntime START com.android.internal.os.RuntimeInit <<<<<<
D/AndroidRuntime(  275): CheckJNI is ON
D/dalvikvm(  237): GC_CONCURRENT freed 492K, 54% free 2725K/5831K, external 716K/1038K, paused 3ms+130ms
D/AndroidRuntime(  275): Calling main entry com.android.commands.am.Am
I/ActivityManager(   61): Force stopping package org.wordpress.android uid=10034
I/ActivityManager(   61): Start proc org.wordpress.android for added application org.wordpress.android: pid=288 uid=10034 gids={3003, 1006, 1015}
D/szipinf (  288): Initializing inflate state
D/nofatclips(  288): Updating node 
D/nofatclips(  288): Loading node 
I/nofatclips(  288): Preferences file found.
V/nofatclips(  288): Updating value ACTIVITY_DESCRIPTION_IN_SESSION
V/nofatclips(  288): Updating value ADDITIONAL_CRITERIAS
V/nofatclips(  288): Updating value ADDITIONAL_EVENTS
V/nofatclips(  288): Updating value ADDITIONAL_INPUTS
V/nofatclips(  288): Updating value CLASS_NAME
D/nofatclips(  288): Updated value of parameter CLASS_NAME to org.wordpress.android.Dashboard (default = app.package.class)
V/nofatclips(  288): Updating value ENABLE_RESUME
V/nofatclips(  288): Updating value PACKAGE_NAME
D/nofatclips(  288): Updated value of parameter PACKAGE_NAME to org.wordpress.android (default = app.package)
V/nofatclips(  288): Updating value RANDOM_SEED
D/nofatclips(  288): Updated value of parameter RANDOM_SEED to -4328214635591769784 (default = 5466516511651561651)
V/nofatclips(  288): Updating value RETRY_FAILED_TRACES
V/nofatclips(  288): Updating value theClass
D/nofatclips(  288): Updating node scheduler
D/nofatclips(  288): Loading node scheduler
V/nofatclips(  288): Updating value ALL_EVENTS_ON_PREFERENCES
V/nofatclips(  288): Updating value BACK_BUTTON_EVENT
V/nofatclips(  288): Updating value DICTIONARY_FIXED_VALUE
V/nofatclips(  288): Updating value DICTIONARY_IGNORE_CONTENT_TYPES
V/nofatclips(  288): Updating value EMULATOR_PORT
V/nofatclips(  288): Updating value EVENTS
D/nofatclips(  288): Updated values of array parameter EVENTS
V/nofatclips(  288): Updating value EVENT_WHEN_NO_ID
V/nofatclips(  288): Updating value EXCLUDE_WIDGETS_INPUTS_IN_GPS_EVENTS
V/nofatclips(  288): Updating value EXCLUDE_WIDGETS_INPUTS_IN_SENSORS_EVENTS
V/nofatclips(  288): Updating value INPUTS
D/nofatclips(  288): Updated values of array parameter INPUTS
V/nofatclips(  288): Updating value KEY_EVENTS
V/nofatclips(  288): Updating value MAX_EVENTS_PER_WIDGET
V/nofatclips(  288): Updating value MAX_TASKS_IN_SCHEDULER
D/nofatclips(  288): Updated value of parameter MAX_TASKS_IN_SCHEDULER to 2 (default = 0)
V/nofatclips(  288): Updating value MAX_TASKS_PER_EVENT
V/nofatclips(  288): Updating value MENU_EVENTS
V/nofatclips(  288): Updating value ORIENTATION_EVENTS
V/nofatclips(  288): Updating value PLANNER
V/nofatclips(  288): Updating value REFLECT_ACTIVITY_LISTENERS
V/nofatclips(  288): Updating value REFLECT_WIDGETS
V/nofatclips(  288): Updating value SCHEDULER_ALGORITHM
D/nofatclips(  288): Updated value of parameter SCHEDULER_ALGORITHM to DEPTH_FIRST (default = BREADTH_FIRST)
V/nofatclips(  288): Updating value SCROLL_DOWN_EVENT
V/nofatclips(  288): Updating value SENSOR_TYPES
V/nofatclips(  288): Updating value SIMULATE_INCOMING_CALL
V/nofatclips(  288): Updating value SIMULATE_INCOMING_SMS
V/nofatclips(  288): Updating value TAB_EVENTS_START_ONLY
V/nofatclips(  288): Updating value TEST_LOCATION_PROVIDER
V/nofatclips(  288): Updating value TEXT_VALUES_FROM_DICTIONARY
V/nofatclips(  288): Updating value TEXT_VALUES_ID_HASH
V/nofatclips(  288): Updating value USE_GPS
V/nofatclips(  288): Updating value USE_SENSORS
D/nofatclips(  288): Updating node planner
D/nofatclips(  288): Loading node planner
V/nofatclips(  288): Updating value ALL_EVENTS_ON_PREFERENCES
V/nofatclips(  288): Updating value BACK_BUTTON_EVENT
V/nofatclips(  288): Updating value DICTIONARY_FIXED_VALUE
V/nofatclips(  288): Updating value DICTIONARY_IGNORE_CONTENT_TYPES
V/nofatclips(  288): Updating value EMULATOR_PORT
V/nofatclips(  288): Updating value EVENTS
D/nofatclips(  288): Updated values of array parameter EVENTS
V/nofatclips(  288): Updating value EVENT_WHEN_NO_ID
V/nofatclips(  288): Updating value EXCLUDE_WIDGETS_INPUTS_IN_GPS_EVENTS
V/nofatclips(  288): Updating value EXCLUDE_WIDGETS_INPUTS_IN_SENSORS_EVENTS
V/nofatclips(  288): Updating value INPUTS
D/nofatclips(  288): Updated values of array parameter INPUTS
V/nofatclips(  288): Updating value KEY_EVENTS
V/nofatclips(  288): Updating value MAX_EVENTS_PER_WIDGET
V/nofatclips(  288): Updating value MAX_TASKS_IN_SCHEDULER
V/nofatclips(  288): Updating value MAX_TASKS_PER_EVENT
V/nofatclips(  288): Updating value MENU_EVENTS
V/nofatclips(  288): Updating value ORIENTATION_EVENTS
V/nofatclips(  288): Updating value PLANNER
V/nofatclips(  288): Updating value REFLECT_ACTIVITY_LISTENERS
V/nofatclips(  288): Updating value REFLECT_WIDGETS
V/nofatclips(  288): Updating value SCHEDULER_ALGORITHM
V/nofatclips(  288): Updating value SCROLL_DOWN_EVENT
V/nofatclips(  288): Updating value SENSOR_TYPES
V/nofatclips(  288): Updating value SIMULATE_INCOMING_CALL
V/nofatclips(  288): Updating value SIMULATE_INCOMING_SMS
V/nofatclips(  288): Updating value TAB_EVENTS_START_ONLY
V/nofatclips(  288): Updating value TEST_LOCATION_PROVIDER
V/nofatclips(  288): Updating value TEXT_VALUES_FROM_DICTIONARY
V/nofatclips(  288): Updating value TEXT_VALUES_ID_HASH
D/nofatclips(  288): Updated value of parameter TEXT_VALUES_ID_HASH to true (default = false)
V/nofatclips(  288): Updating value USE_GPS
V/nofatclips(  288): Updating value USE_SENSORS
D/nofatclips(  288): Updating node interactions
D/nofatclips(  288): Loading node interactions
V/nofatclips(  288): Updating value ALL_EVENTS_ON_PREFERENCES
V/nofatclips(  288): Updating value BACK_BUTTON_EVENT
V/nofatclips(  288): Updating value DICTIONARY_FIXED_VALUE
V/nofatclips(  288): Updating value DICTIONARY_IGNORE_CONTENT_TYPES
V/nofatclips(  288): Updating value EMULATOR_PORT
V/nofatclips(  288): Updating value EVENTS
D/nofatclips(  288): Updated values of array parameter EVENTS
V/nofatclips(  288): Updating value EVENT_WHEN_NO_ID
V/nofatclips(  288): Updating value EXCLUDE_WIDGETS_INPUTS_IN_GPS_EVENTS
V/nofatclips(  288): Updating value EXCLUDE_WIDGETS_INPUTS_IN_SENSORS_EVENTS
V/nofatclips(  288): Updating value INPUTS
D/nofatclips(  288): Updated values of array parameter INPUTS
V/nofatclips(  288): Updating value KEY_EVENTS
V/nofatclips(  288): Updating value MAX_EVENTS_PER_WIDGET
V/nofatclips(  288): Updating value MAX_TASKS_IN_SCHEDULER
V/nofatclips(  288): Updating value MAX_TASKS_PER_EVENT
V/nofatclips(  288): Updating value MENU_EVENTS
V/nofatclips(  288): Updating value ORIENTATION_EVENTS
V/nofatclips(  288): Updating value PLANNER
V/nofatclips(  288): Updating value REFLECT_ACTIVITY_LISTENERS
V/nofatclips(  288): Updating value REFLECT_WIDGETS
V/nofatclips(  288): Updating value SCHEDULER_ALGORITHM
V/nofatclips(  288): Updating value SCROLL_DOWN_EVENT
V/nofatclips(  288): Updating value SENSOR_TYPES
V/nofatclips(  288): Updating value SIMULATE_INCOMING_CALL
V/nofatclips(  288): Updating value SIMULATE_INCOMING_SMS
V/nofatclips(  288): Updating value TAB_EVENTS_START_ONLY
V/nofatclips(  288): Updating value TEST_LOCATION_PROVIDER
V/nofatclips(  288): Updating value TEXT_VALUES_FROM_DICTIONARY
V/nofatclips(  288): Updating value TEXT_VALUES_ID_HASH
V/nofatclips(  288): Updating value USE_GPS
V/nofatclips(  288): Updating value USE_SENSORS
D/nofatclips(  288): Updating node comparator
D/nofatclips(  288): Loading node comparator
V/nofatclips(  288): Updating value COMPARATOR
V/nofatclips(  288): Updating value COMPARATOR_TYPE
V/nofatclips(  288): Updating value COMPARE_ACTIVITY_NAME
V/nofatclips(  288): Updating value COMPARE_LIST_COUNT
V/nofatclips(  288): Updating value COMPARE_MENU_COUNT
D/nofatclips(  288): Updated value of parameter COMPARE_MENU_COUNT to false (default = true)
V/nofatclips(  288): Updating value COMPARE_STATE_TITLE
V/nofatclips(  288): Updating value COMPARE_VALUES
V/nofatclips(  288): Updating value WIDGET_TYPES
D/nofatclips(  288): Updating node strategy
D/nofatclips(  288): Loading node strategy
V/nofatclips(  288): Updating value AFTER_EVENT_DONT_EXPLORE
V/nofatclips(  288): Updating value AFTER_WIDGET_DONT_EXPLORE
V/nofatclips(  288): Updating value CHECK_FOR_TRANSITION
V/nofatclips(  288): Updating value EXPLORE_ONLY_NEW_STATES
D/nofatclips(  288): Updated value of parameter EXPLORE_ONLY_NEW_STATES to false (default = true)
V/nofatclips(  288): Updating value MAX_NUM_TRACES
D/nofatclips(  288): Updated value of parameter MAX_NUM_TRACES to 100 (default = 0)
V/nofatclips(  288): Updating value MAX_TIME_CRAWLING
V/nofatclips(  288): Updating value PAUSE_AFTER_TIME
V/nofatclips(  288): Updating value PAUSE_AFTER_TRACES
V/nofatclips(  288): Updating value TRACE_MAX_DEPTH
V/nofatclips(  288): Updating value TRACE_MIN_DEPTH
D/nofatclips(  288): Starting random testing
I/TestRunner(  288): started: testAndCrawl(com.nofatclips.crawler.guitree.NomadEngine)
I/ActivityManager(   61): Starting: Intent { act=android.intent.action.MAIN flg=0x10000000 cmp=org.wordpress.android/.Dashboard } from pid 288
D/szipinf (   61): Initializing inflate state
D/dalvikvm(  288): GC_EXTERNAL_ALLOC freed 402K, 53% free 2736K/5767K, external 716K/1038K, paused 49ms
D/dalvikvm(  288): GC_EXTERNAL_ALLOC freed 115K, 49% free 2945K/5767K, external 1407K/1623K, paused 42ms
I/ActivityManager(   61): Displayed org.wordpress.android/.Dashboard: +935ms (total +11s56ms)
I/ActivityManager(   61): Displayed com.android.launcher/com.android.launcher2.Launcher: +11s57ms
D/Eas Debug(  260): Logging: 
D/dalvikvm(  260): GC_CONCURRENT freed 497K, 54% free 2737K/5831K, external 716K/1038K, paused 63ms+3ms
D/EAS SyncManager(  260): !!! EAS SyncManager, onDestroy
D/nofatclips(  288): Generated Resuming Persistence
I/dalvikvm(  288): Could not find method android.app.Activity.getFragmentManager, referenced from method com.jayway.android.robotium.solo.Waiter.getFragment
W/dalvikvm(  288): VFY: unable to resolve virtual method 7: Landroid/app/Activity;.getFragmentManager ()Landroid/app/FragmentManager;
D/dalvikvm(  288): VFY: replacing opcode 0x6e at 0x0008
I/dalvikvm(  288): Could not find method android.app.Activity.getFragmentManager, referenced from method com.jayway.android.robotium.solo.Waiter.getFragment
W/dalvikvm(  288): VFY: unable to resolve virtual method 7: Landroid/app/Activity;.getFragmentManager ()Landroid/app/FragmentManager;
D/dalvikvm(  288): VFY: replacing opcode 0x6e at 0x0017
W/dalvikvm(  288): VFY: unable to find class referenced in signature (Landroid/app/Fragment;)
D/dalvikvm(  288): VFY: dead code 0x000b-000f in Lcom/jayway/android/robotium/solo/Waiter;.getFragment (Ljava/lang/String;I)Landroid/app/Fragment;
D/dalvikvm(  288): VFY: dead code 0x001a-001f in Lcom/jayway/android/robotium/solo/Waiter;.getFragment (Ljava/lang/String;I)Landroid/app/Fragment;
W/dalvikvm(  288): VFY: unable to find class referenced in signature (Landroid/app/Fragment;)
I//system/bin/fsck_msdos(   29): Attempting to allocate 397 KB for FAT
D/Email   (  260): BOOT_COMPLETED
D/MediaScannerService(  222): start scanning volume internal
I//system/bin/fsck_msdos(   29): ** Phase 2 - Check Cluster Chains
I//system/bin/fsck_msdos(   29): ** Phase 3 - Checking Directories
I//system/bin/fsck_msdos(   29): ** Phase 4 - Checking for Lost Files
I//system/bin/fsck_msdos(   29): 3 files, 50388 free (100777 clusters)
I/Vold    (   29): Filesystem check completed OK
I/Vold    (   29): Device /dev/block/vold/179:0, target /mnt/sdcard mounted @ /mnt/secure/staging
D/Vold    (   29): Volume sdcard state changing 3 (Checking) -> 4 (Mounted)
I/PackageManager(   61): Updating external media status from unmounted to mounted
I/StorageNotification(  107): Media {/mnt/sdcard} state changed from {checking} -> {mounted}
D/VoldCmdListener(   29): asec list
I/PackageManager(   61): No secure containers on sdcard
W/PackageManager(   61): Unknown permission com.google.android.googleapps.permission.GOOGLE_AUTH.mail in package com.android.contacts
W/PackageManager(   61): Unknown permission android.permission.ADD_SYSTEM_SERVICE in package com.android.phone
W/PackageManager(   61): Not granting permission android.permission.SEND_DOWNLOAD_COMPLETED_INTENTS to package com.android.browser (protectionLevel=2 flags=0x9be45)
W/PackageManager(   61): Unknown permission com.google.android.gm.permission.WRITE_GMAIL in package com.android.settings
W/PackageManager(   61): Unknown permission com.google.android.gm.permission.READ_GMAIL in package com.android.settings
W/PackageManager(   61): Unknown permission com.google.android.googleapps.permission.GOOGLE_AUTH in package com.android.settings
W/PackageManager(   61): Unknown permission com.google.android.googleapps.permission.GOOGLE_AUTH in package com.android.providers.contacts
W/PackageManager(   61): Unknown permission com.google.android.googleapps.permission.GOOGLE_AUTH.cp in package com.android.providers.contacts
W/PackageManager(   61): Unknown permission com.google.android.googleapps.permission.ACCESS_GOOGLE_PASSWORD in package com.android.development
W/PackageManager(   61): Unknown permission com.google.android.googleapps.permission.GOOGLE_AUTH in package com.android.development
W/PackageManager(   61): Unknown permission com.google.android.googleapps.permission.GOOGLE_AUTH.ALL_SERVICES in package com.android.development
W/PackageManager(   61): Unknown permission com.google.android.googleapps.permission.GOOGLE_AUTH.YouTubeUser in package com.android.development
W/PackageManager(   61): Unknown permission android.permission.READ_OWNER_DATA in package com.android.email
W/PackageManager(   61): Not granting permission android.permission.DEVICE_POWER to package com.android.deskclock (protectionLevel=2 flags=0x8be45)
W/ImageDownloader(  288): Error 404 while retrieving bitmap from http://gravatar.com/blavatar/44d338f29053dbb888da79dcf98df489?s=60&d=404
D/dalvikvm(  171): GC_CONCURRENT freed 244K, 51% free 2796K/5703K, external 716K/1038K, paused 3ms+6ms
D/szipinf (  171): Initializing inflate state
D/szipinf (  128): Initializing inflate state
D/nofatclips(  288): Updating node automation
D/nofatclips(  288): Loading node automation
V/nofatclips(  288): Updating value FORCE_RESTART
V/nofatclips(  288): Updating value IN_AND_OUT_FOCUS
V/nofatclips(  288): Updating value PRECRAWLING
V/nofatclips(  288): Updating value SCREENSHOT_FOR_EVENTS
V/nofatclips(  288): Updating value SCREENSHOT_FOR_STATES
V/nofatclips(  288): Updating value SCREENSHOT_ONLY_NEW_STATES
V/nofatclips(  288): Updating value SLEEP_AFTER_EVENT
D/nofatclips(  288): Updated value of parameter SLEEP_AFTER_EVENT to 100 (default = 1000)
V/nofatclips(  288): Updating value SLEEP_AFTER_RESTART
D/nofatclips(  288): Updated value of parameter SLEEP_AFTER_RESTART to 100 (default = 1000)
V/nofatclips(  288): Updating value SLEEP_AFTER_TASK
D/nofatclips(  288): Updated value of parameter SLEEP_AFTER_TASK to 100 (default = 1000)
V/nofatclips(  288): Updating value SLEEP_ON_THROBBER
D/nofatclips(  288): Updated value of parameter SLEEP_ON_THROBBER to 100 (default = 1000)
D/nofatclips(  288): Updating node screenshot
D/nofatclips(  288): Loading node screenshot
V/nofatclips(  288): Updating value FORCE_RESTART
V/nofatclips(  288): Updating value IN_AND_OUT_FOCUS
V/nofatclips(  288): Updating value PRECRAWLING
V/nofatclips(  288): Updating value SCREENSHOT_FOR_EVENTS
V/nofatclips(  288): Updating value SCREENSHOT_FOR_STATES
V/nofatclips(  288): Updating value SCREENSHOT_ONLY_NEW_STATES
V/nofatclips(  288): Updating value SLEEP_AFTER_EVENT
V/nofatclips(  288): Updating value SLEEP_AFTER_RESTART
V/nofatclips(  288): Updating value SLEEP_AFTER_TASK
V/nofatclips(  288): Updating value SLEEP_ON_THROBBER
I/nofatclips(  288): Waiting for 100 msec.
D/EAS SyncManager(  260): !!! EAS SyncManager, onCreate
D/EAS SyncManager(  260): !!! EAS SyncManager, onStartCommand
D/EAS SyncManager(  260): !!! EAS SyncManager, stopping self
D/EAS SyncManager(  260): !!! EAS SyncManager, onDestroy
D/nofatclips(  288): Ready to operate after restarting...
I/nofatclips(  288): Current activity is Dashboard
W/nofatclips(  288): --->Dashboard
I/nofatclips(  288): Retrieving widgets
I/nofatclips(  288): Attempting to resume previous session
I/nofatclips(  288): Memoryless engine: the task file will not be loaded. Looking for crashed traces.
I/nofatclips(  288): Reading task file
D/dalvikvm(  288): GC_CONCURRENT freed 219K, 49% free 3004K/5831K, external 1812K/2324K, paused 3ms+3ms
V/nofatclips(  288): Discarding trace #112
I/nofatclips(  288): Stateless comparator: the state file will not be loaded.
D/dalvikvm(  288): GetFieldID: unable to find field Ljava/util/Hashtable;.loadFactor:F
D/dalvikvm(  288): GetFieldID: unable to find field Ljava/util/Hashtable;.loadFactor:F
D/dalvikvm(  288): GetFieldID: unable to find field Ljava/util/Hashtable;.loadFactor:F
D/dalvikvm(  288): GetFieldID: unable to find field Ljava/util/Hashtable;.loadFactor:F
D/dalvikvm(  288): GetFieldID: unable to find field Ljava/util/Hashtable;.loadFactor:F
D/dalvikvm(  288): GetFieldID: unable to find field Ljava/util/Hashtable;.loadFactor:F
D/nofatclips(  288): Backup session footer restored to 
D/nofatclips(  288): </SESSION>
D/nofatclips(  288): Restored random counter to: 115
D/nofatclips(  288): Restored trace count to 114
D/nofatclips(  288): Current step countdown restored to 93
D/nofatclips(  288): Restored abstractor counters to: event = 115 - input = 0 - activity = 8
I/nofatclips(  288): Saving the session on disk.
I/nofatclips(  288): Planning for new Activity Dashboard
I/nofatclips(  288): Created trace to press the menu button
I/nofatclips(  288): Created trace to change orientation
I/nofatclips(  288): Dispatching new task. 2 more tasks remaining.
D/nofatclips(  288): Performing backup of the old task list on disk
D/nofatclips(  288): Saving task list on disk
V/nofatclips(  288): Backing up trace #114 to disk.
V/nofatclips(  288): Backing up trace #115 to disk.
D/nofatclips(  288): Deleting backup of the old task list from disk
I/nofatclips(  288): Restarting
D/dalvikvm(  123): GREF has increased to 201
D/dalvikvm(  128): GC_EXPLICIT freed 207K, 50% free 2966K/5831K, external 3075K/3257K, paused 52ms
D/MediaScanner(  222):  prescan time: 773ms
D/dalvikvm(  222): GC_CONCURRENT freed 528K, 55% free 2646K/5831K, external 716K/1038K, paused 4ms+3ms
D/MediaScanner(  222):     scan time: 32ms
D/MediaScanner(  222): postscan time: 0ms
D/MediaScanner(  222):    total time: 805ms
D/MediaScannerService(  222): done scanning volume internal
D/MediaScannerService(  222): start scanning volume external
V/MediaProvider(  222): /mnt/sdcard volume ID: 403846687
V/MediaProvider(  222): Attached volume: external
V/MediaScanner(  222): pruneDeadThumbnailFiles... android.database.sqlite.SQLiteCursor@40581fc0
V/MediaScanner(  222): /pruneDeadThumbnailFiles... android.database.sqlite.SQLiteCursor@40581fc0
D/MediaScanner(  222):  prescan time: 28ms
D/MediaScanner(  222):     scan time: 0ms
D/MediaScanner(  222): postscan time: 8ms
D/MediaScanner(  222):    total time: 36ms
D/MediaScannerService(  222): done scanning volume external
I/nofatclips(  288): Waiting for 100 msec.
D/nofatclips(  288): Ready to operate after restarting...
I/nofatclips(  288): Retrieving widgets
I/nofatclips(  288): Playing Trace 115
I/nofatclips(  288): Firing event: type= openMenu name= widget=null
W/InputDispatcher(   61): Permission denied: injecting event from pid 288 uid 10034 to window with input channel 406044b8 Keyguard (server) owned by uid 1000
W/WindowManager(   61): Input event injection permission denied.
I/nofatclips(  288): Saving the session on disk. This is the last batch. The session will be terminated.
I/InputReader(   61): Device reconfigured: id=0x0, name=qwerty2, display size is now 320x480
I/InputManager-Callbacks(   61): No virtual keys found for device qwerty2.
D/nofatclips(  288): Performing backup of the old task list on disk
D/nofatclips(  288): Saving task list on disk
V/nofatclips(  288): Backing up trace #114 to disk.
D/nofatclips(  288): Deleting backup of the old task list from disk
W/ActivityManager(   61): Duplicate finish request for HistoryRecord{405cfac8 org.wordpress.android/.Dashboard}
D/dalvikvm(  288): GC_EXPLICIT freed 473K, 50% free 3136K/6215K, external 1812K/2324K, paused 328ms
D/dalvikvm(  288): GC_EXPLICIT freed 11K, 50% free 3124K/6215K, external 1812K/2324K, paused 413ms
I/TestRunner(  288): failed: testAndCrawl(com.nofatclips.crawler.guitree.NomadEngine)
I/TestRunner(  288): ----- begin exception -----
I/TestRunner(  288): 
I/TestRunner(  288): junit.framework.AssertionFailedError: Can not complete action!
I/TestRunner(  288): 	at junit.framework.Assert.fail(Assert.java:47)
I/TestRunner(  288): 	at junit.framework.Assert.assertTrue(Assert.java:20)
I/TestRunner(  288): 	at com.jayway.android.robotium.solo.RobotiumUtils.sendKeyCode(RobotiumUtils.java:55)
I/TestRunner(  288): 	at com.jayway.android.robotium.solo.Solo.sendKey(Solo.java:1978)
I/TestRunner(  288): 	at com.nofatclips.crawler.automation.RobotUtilities.openMenu(RobotUtilities.java:178)
I/TestRunner(  288): 	at com.nofatclips.crawler.automation.Automation.injectInteraction(Automation.java:222)
I/TestRunner(  288): 	at com.nofatclips.crawler.automation.Automation.fireEventOnView(Automation.java:197)
I/TestRunner(  288): 	at com.nofatclips.crawler.automation.Automation.fireEvent(Automation.java:193)
I/TestRunner(  288): 	at com.nofatclips.crawler.automation.Automation.fireEvent(Automation.java:142)
I/TestRunner(  288): 	at com.nofatclips.crawler.automation.Automation.process(Automation.java:110)
I/TestRunner(  288): 	at com.nofatclips.crawler.automation.Automation.process(Automation.java:102)
I/TestRunner(  288): 	at com.nofatclips.crawler.Engine.process(Engine.java:94)
I/TestRunner(  288): 	at com.nofatclips.crawler.guitree.RandomEngine.process(RandomEngine.java:85)
I/TestRunner(  288): 	at com.nofatclips.crawler.Engine.testAndCrawl(Engine.java:73)
I/TestRunner(  288): 	at java.lang.reflect.Method.invokeNative(Native Method)
I/TestRunner(  288): 	at java.lang.reflect.Method.invoke(Method.java:507)
I/TestRunner(  288): 	at android.test.InstrumentationTestCase.runMethod(InstrumentationTestCase.java:204)
I/TestRunner(  288): 	at android.test.InstrumentationTestCase.runTest(InstrumentationTestCase.java:194)
I/TestRunner(  288): 	at android.test.ActivityInstrumentationTestCase2.runTest(ActivityInstrumentationTestCase2.java:186)
I/TestRunner(  288): 	at junit.framework.TestCase.runBare(TestCase.java:127)
I/TestRunner(  288): 	at junit.framework.TestResult$1.protect(TestResult.java:106)
I/TestRunner(  288): 	at junit.framework.TestResult.runProtected(TestResult.java:124)
I/TestRunner(  288): 	at junit.framework.TestResult.run(TestResult.java:109)
I/TestRunner(  288): 	at junit.framework.TestCase.run(TestCase.java:118)
I/TestRunner(  288): 	at android.test.AndroidTestRunner.runTest(AndroidTestRunner.java:169)
I/TestRunner(  288): 	at android.test.AndroidTestRunner.runTest(AndroidTestRunner.java:154)
I/TestRunner(  288): 	at android.test.InstrumentationTestRunner.onStart(InstrumentationTestRunner.java:529)
I/TestRunner(  288): 	at android.app.Instrumentation$InstrumentationThread.run(Instrumentation.java:1448)
I/TestRunner(  288): ----- end exception -----
I/TestRunner(  288): finished: testAndCrawl(com.nofatclips.crawler.guitree.NomadEngine)
E/InstrumentationTestRunner(  288): Failed to generate emma coverage. Is emma jar on classpath?
E/InstrumentationTestRunner(  288): java.lang.ClassNotFoundException: com.vladium.emma.rt.RT
E/InstrumentationTestRunner(  288): 	at java.lang.Class.classForName(Native Method)
E/InstrumentationTestRunner(  288): 	at java.lang.Class.forName(Class.java:234)
E/InstrumentationTestRunner(  288): 	at java.lang.Class.forName(Class.java:181)
E/InstrumentationTestRunner(  288): 	at android.test.InstrumentationTestRunner.generateCoverageReport(InstrumentationTestRunner.java:578)
E/InstrumentationTestRunner(  288): 	at android.test.InstrumentationTestRunner.onStart(InstrumentationTestRunner.java:545)
E/InstrumentationTestRunner(  288): 	at android.app.Instrumentation$InstrumentationThread.run(Instrumentation.java:1448)
E/InstrumentationTestRunner(  288): Caused by: java.lang.NoClassDefFoundError: com.vladium.emma.rt.RT
E/InstrumentationTestRunner(  288): 	... 6 more
E/InstrumentationTestRunner(  288): Caused by: java.lang.ClassNotFoundException: com.vladium.emma.rt.RT in loader dalvik.system.PathClassLoader[/system/framework/android.test.runner.jar:/data/app/com.nofatclips.crawler-1.apk:/data/app/org.wordpress.android-1.apk]
E/InstrumentationTestRunner(  288): 	at dalvik.system.PathClassLoader.findClass(PathClassLoader.java:240)
E/InstrumentationTestRunner(  288): 	at java.lang.ClassLoader.loadClass(ClassLoader.java:551)
E/InstrumentationTestRunner(  288): 	at java.lang.ClassLoader.loadClass(ClassLoader.java:511)
E/InstrumentationTestRunner(  288): 	... 6 more
I/ActivityManager(   61): Force stopping package org.wordpress.android uid=10034
D/AndroidRuntime(  275): Shutting down VM
I/AndroidRuntime(  275): NOTE: attach of thread 'Binder Thread #3' failed
D/dalvikvm(  275): GC_CONCURRENT freed 112K, 71% free 297K/1024K, external 0K/0K, paused 2ms+2ms
D/jdwp    (  275): adbd disconnected
I/Process (   61): Sending signal. PID: 288 SIG: 9
I/WindowManager(   61): WIN DEATH: Window{4065c858 org.wordpress.android/org.wordpress.android.Dashboard paused=false}
I/DEBUG   (   31): debuggerd: Feb  3 2011 14:45:34
D/qemud   (   38): entering main loop
I/Vold    (   29): Vold 2.1 (the revenge) firing up
D/Vold    (   29): USB mass storage support is not enabled in the kernel
D/Vold    (   29): usb_configuration switch is not enabled in the kernel
I/Netd    (   30): Netd 1.0 starting
D/Vold    (   29): Volume sdcard state changing -1 (Initializing) -> 0 (No-Media)
D/Vold    (   29): Volume sdcard state changing 0 (No-Media) -> 1 (Idle-Unmounted)
D/qemud   (   38): fdhandler_accept_event: accepting on fd 9
D/qemud   (   38): created client 0xe078 listening on fd 10
D/qemud   (   38): client_fd_receive: attempting registration for service 'boot-properties'
D/qemud   (   38): client_fd_receive:    -> received channel id 1
D/qemud   (   38): client_registration: registration succeeded for client 1
I/qemu-props(   52): connected to 'boot-properties' qemud service.
I/qemu-props(   52): receiving..
I/qemu-props(   52): received: dalvik.vm.heapsize=64m
I/qemu-props(   52): receiving..
I/qemu-props(   52): received: ro.config.low_ram=true
I/qemu-props(   52): receiving..
I/qemu-props(   52): received: qemu.sf.lcd_density=160
I/qemu-props(   52): receiving..
I/qemu-props(   52): received: qemu.hw.mainkeys=0
I/qemu-props(   52): receiving..
I/qemu-props(   52): received: qemu.sf.fake_camera=none
I/qemu-props(   52): receiving..
D/qemud   (   38): fdhandler_event: disconnect on fd 10
I/qemu-props(   52): exiting (5 properties set).
D/AndroidRuntime(   33): 
D/AndroidRuntime(   33): >>>>>> AndroidRuntime START com.android.internal.os.ZygoteInit <<<<<<
D/AndroidRuntime(   33): CheckJNI is ON
I/        (   34): ServiceManager: 0xad50
D/AudioHardwareInterface(   34): setMode(NORMAL)
I/CameraService(   34): CameraService started (pid=34)
D/qemud   (   38): fdhandler_accept_event: accepting on fd 9
D/qemud   (   38): created client 0xe078 listening on fd 10
D/qemud   (   38): fdhandler_event: disconnect on fd 10
D/qemud   (   38): fdhandler_accept_event: accepting on fd 9
D/qemud   (   38): created client 0xe078 listening on fd 10
D/qemud   (   38): client_fd_receive: attempting registration for service 'gsm'
D/qemud   (   38): client_fd_receive:    -> received channel id 2
D/qemud   (   38): client_registration: registration succeeded for client 2
I/AudioFlinger(   34): AudioFlinger's thread 0xc658 ready to run
I/SamplingProfilerIntegration(   33): Profiler is disabled.
I/Zygote  (   33): Preloading classes...
E/Zygote  (   33): setreuid() failed. errno: 2
D/dalvikvm(   33): GC_EXPLICIT freed 47K, 78% free 234K/1024K, external 0K/0K, paused 6ms
D/dalvikvm(   33): GC_EXPLICIT freed 1K, 73% free 284K/1024K, external 0K/0K, paused 3ms
D/dalvikvm(   33): GC_EXPLICIT freed 22K, 69% free 318K/1024K, external 0K/0K, paused 3ms
D/dalvikvm(   33): GC_EXPLICIT freed 17K, 66% free 356K/1024K, external 0K/0K, paused 4ms
D/dalvikvm(   33): GC_EXPLICIT freed 26K, 63% free 385K/1024K, external 0K/0K, paused 4ms
D/dalvikvm(   33): GC_EXPLICIT freed 20K, 57% free 441K/1024K, external 0K/0K, paused 4ms
W/MediaProfiles(   33): could not find media config xml file
D/dalvikvm(   33): GC_EXPLICIT freed 99K, 47% free 547K/1024K, external 0K/0K, paused 6ms
D/dalvikvm(   33): GC_EXPLICIT freed 272K, 28% free 885K/1219K, external 0K/0K, paused 12ms
D/dalvikvm(   33): GC_EXPLICIT freed 21K, 24% free 932K/1219K, external 0K/0K, paused 10ms
D/RenderScript_jni(   33): RenderScript JNI library not found!
D/dalvikvm(   33): GC_EXPLICIT freed 25K, 19% free 999K/1219K, external 0K/0K, paused 11ms
D/dalvikvm(   33): GC_EXPLICIT freed 47K, 5% free 1281K/1347K, external 0K/0K, paused 22ms
D/dalvikvm(   33): GC_EXPLICIT freed 24K, 3% free 1311K/1347K, external 0K/0K, paused 20ms
D/dalvikvm(   33): GC_EXPLICIT freed 28K, 6% free 1336K/1411K, external 0K/0K, paused 17ms
D/dalvikvm(   33): GC_EXPLICIT freed 14K, 3% free 1377K/1411K, external 0K/0K, paused 18ms
D/dalvikvm(   33): GC_EXPLICIT freed 28K, 5% free 1402K/1475K, external 0K/0K, paused 17ms
D/dalvikvm(   33): GC_EXPLICIT freed 28K, 3% free 1439K/1475K, external 0K/0K, paused 18ms
D/dalvikvm(   33): GC_EXPLICIT freed 38K, 6% free 1457K/1539K, external 0K/0K, paused 18ms
D/dalvikvm(   33): GC_EXPLICIT freed 40K, 5% free 1471K/1539K, external 0K/0K, paused 18ms
D/dalvikvm(   33): GC_EXPLICIT freed 55K, 8% free 1485K/1603K, external 0K/0K, paused 18ms
D/dalvikvm(   33): GC_FOR_MALLOC freed 2954K, 58% free 2168K/5123K, external 0K/0K, paused 55ms
D/dalvikvm(   33): GC_EXPLICIT freed 1403K, 55% free 2310K/5123K, external 0K/0K, paused 40ms
D/dalvikvm(   33): GC_EXPLICIT freed 148K, 54% free 2373K/5123K, external 0K/0K, paused 34ms
D/dalvikvm(   33): GC_EXPLICIT freed 73K, 54% free 2398K/5123K, external 0K/0K, paused 31ms
D/dalvikvm(   33): GC_EXPLICIT freed 36K, 53% free 2416K/5123K, external 0K/0K, paused 31ms
D/dalvikvm(   33): GC_EXPLICIT freed 31K, 53% free 2439K/5123K, external 0K/0K, paused 31ms
D/dalvikvm(   33): GC_EXPLICIT freed 38K, 52% free 2462K/5123K, external 0K/0K, paused 31ms
I/Zygote  (   33): ...preloaded 1830 classes in 5884ms.
E/Zygote  (   33): setreuid() failed. errno: 17
D/dalvikvm(   33): GC_EXPLICIT freed 18K, 52% free 2460K/5123K, external 0K/0K, paused 30ms
I/Zygote  (   33): Preloading resources...
D/dalvikvm(   33): GC_EXTERNAL_ALLOC freed <1K, 52% free 2462K/5123K, external 0K/0K, paused 31ms
W/Zygote  (   33): Preloaded drawable resource #0x1080093 (res/drawable-mdpi/sym_def_app_icon.png) that varies with configuration!!
W/Zygote  (   33): Preloaded drawable resource #0x1080002 (res/drawable-mdpi/arrow_down_float.png) that varies with configuration!!
W/Zygote  (   33): Preloaded drawable resource #0x10800b4 (res/drawable/btn_check.xml) that varies with configuration!!
W/Zygote  (   33): Preloaded drawable resource #0x10800b7 (res/drawable-mdpi/btn_check_label_background.9.png) that varies with configuration!!
W/Zygote  (   33): Preloaded drawable resource #0x10800b8 (res/drawable-mdpi/btn_check_off.png) that varies with configuration!!
W/Zygote  (   33): Preloaded drawable resource #0x10800bd (res/drawable-mdpi/btn_check_on.png) that varies with configuration!!
W/Zygote  (   33): Preloaded drawable resource #0x1080004 (res/drawable/btn_default.xml) that varies with configuration!!
W/Zygote  (   33): Preloaded drawable resource #0x1080005 (res/drawable/btn_default_small.xml) that varies with configuration!!
W/Zygote  (   33): Preloaded drawable resource #0x1080006 (res/drawable/btn_dropdown.xml) that varies with configuration!!
W/Zygote  (   33): Preloaded drawable resource #0x1080008 (res/drawable/btn_plus.xml) that varies with configuration!!
W/Zygote  (   33): Preloaded drawable resource #0x1080007 (res/drawable/btn_minus.xml) that varies with configuration!!
W/Zygote  (   33): Preloaded drawable resource #0x1080009 (res/drawable/btn_radio.xml) that varies with configuration!!
W/Zygote  (   33): Preloaded drawable resource #0x108000a (res/drawable/btn_star.xml) that varies with configuration!!
D/dalvikvm(   33): GC_EXPLICIT freed 25K, 52% free 2499K/5123K, external 408K/521K, paused 31ms
W/Zygote  (   33): Preloaded drawable resource #0x1080132 (res/drawable/btn_toggle.xml) that varies with configuration!!
W/Zygote  (   33): Preloaded drawable resource #0x1080196 (res/drawable-mdpi/ic_emergency.png) that varies with configuration!!
W/Zygote  (   33): Preloaded drawable resource #0x1080012 (res/drawable-mdpi/divider_horizontal_bright.9.png) that varies with configuration!!
W/Zygote  (   33): Preloaded drawable resource #0x1080014 (res/drawable-mdpi/divider_horizontal_dark.9.png) that varies with configuration!!
W/Zygote  (   33): Preloaded drawable resource #0x1080016 (res/drawable/edit_text.xml) that varies with configuration!!
W/Zygote  (   33): Preloaded drawable resource #0x1080170 (res/drawable/expander_group.xml) that varies with configuration!!
W/Zygote  (   33): Preloaded drawable resource #0x1080062 (res/drawable/list_selector_background.xml) that varies with configuration!!
W/Zygote  (   33): Preloaded drawable resource #0x108022a (res/drawable-mdpi/menu_background.9.png) that varies with configuration!!
W/Zygote  (   33): Preloaded drawable resource #0x108022b (res/drawable-mdpi/menu_background_fill_parent_width.9.png) that varies with configuration!!
W/Zygote  (   33): Preloaded drawable resource #0x108022c (res/drawable/menu_selector.xml) that varies with configuration!!
D/dalvikvm(   33): GC_EXTERNAL_ALLOC freed 16K, 51% free 2512K/5123K, external 516K/521K, paused 33ms
W/Zygote  (   33): Preloaded drawable resource #0x108023a (res/drawable-mdpi/panel_background.9.png) that varies with configuration!!
W/Zygote  (   33): Preloaded drawable resource #0x1080242 (res/drawable-mdpi/popup_bottom_bright.9.png) that varies with configuration!!
W/Zygote  (   33): Preloaded drawable resource #0x1080243 (res/drawable-mdpi/popup_bottom_dark.9.png) that varies with configuration!!
W/Zygote  (   33): Preloaded drawable resource #0x1080244 (res/drawable-mdpi/popup_bottom_medium.9.png) that varies with configuration!!
W/Zygote  (   33): Preloaded drawable resource #0x1080245 (res/drawable-mdpi/popup_center_bright.9.png) that varies with configuration!!
W/Zygote  (   33): Preloaded drawable resource #0x1080246 (res/drawable-mdpi/popup_center_dark.9.png) that varies with configuration!!
W/Zygote  (   33): Preloaded drawable resource #0x1080249 (res/drawable-mdpi/popup_full_dark.9.png) that varies with configuration!!
W/Zygote  (   33): Preloaded drawable resource #0x108024c (res/drawable-mdpi/popup_top_bright.9.png) that varies with configuration!!
W/Zygote  (   33): Preloaded drawable resource #0x108024d (res/drawable-mdpi/popup_top_dark.9.png) that varies with configuration!!
W/Zygote  (   33): Preloaded drawable resource #0x108006d (res/drawable/progress_indeterminate_horizontal.xml) that varies with configuration!!
W/Zygote  (   33): Preloaded drawable resource #0x1080253 (res/drawable/progress_small.xml) that varies with configuration!!
W/Zygote  (   33): Preloaded drawable resource #0x1080254 (res/drawable/progress_small_titlebar.xml) that varies with configuration!!
W/Zygote  (   33): Preloaded drawable resource #0x1080274 (res/drawable-mdpi/scrollbar_handle_horizontal.9.png) that varies with configuration!!
W/Zygote  (   33): Preloaded drawable resource #0x1080275 (res/drawable-mdpi/scrollbar_handle_vertical.9.png) that varies with configuration!!
D/dalvikvm(   33): GC_EXPLICIT freed 15K, 51% free 2524K/5123K, external 585K/1038K, paused 33ms
W/Zygote  (   33): Preloaded drawable resource #0x1080071 (res/drawable/spinner_dropdown_background.xml) that varies with configuration!!
W/Zygote  (   33): Preloaded drawable resource #0x1080312 (res/drawable-mdpi/text_select_handle_left.png) that varies with configuration!!
W/Zygote  (   33): Preloaded drawable resource #0x1080313 (res/drawable-mdpi/text_select_handle_middle.png) that varies with configuration!!
W/Zygote  (   33): Preloaded drawable resource #0x1080314 (res/drawable-mdpi/text_select_handle_right.png) that varies with configuration!!
W/Zygote  (   33): Preloaded drawable resource #0x1080335 (res/drawable-mdpi/title_bar_shadow.9.png) that varies with configuration!!
W/Zygote  (   33): Preloaded drawable resource #0x10801d8 (res/drawable-mdpi/indicator_code_lock_drag_direction_green_up.png) that varies with configuration!!
W/Zygote  (   33): Preloaded drawable resource #0x10801d9 (res/drawable-mdpi/indicator_code_lock_drag_direction_red_up.png) that varies with configuration!!
W/Zygote  (   33): Preloaded drawable resource #0x10801da (res/drawable-mdpi/indicator_code_lock_point_area_default.png) that varies with configuration!!
W/Zygote  (   33): Preloaded drawable resource #0x10801db (res/drawable-mdpi/indicator_code_lock_point_area_green.png) that varies with configuration!!
W/Zygote  (   33): Preloaded drawable resource #0x10801dc (res/drawable-mdpi/indicator_code_lock_point_area_red.png) that varies with configuration!!
I/Zygote  (   33): ...preloaded 51 resources in 483ms.
I/Zygote  (   33): ...preloaded 15 resources in 13ms.
D/dalvikvm(   33): GC_EXPLICIT freed 23K, 51% free 2533K/5123K, external 716K/1038K, paused 31ms
D/dalvikvm(   33): GC_EXPLICIT freed 6K, 51% free 2526K/5123K, external 716K/1038K, paused 31ms
D/dalvikvm(   33): GC_EXPLICIT freed <1K, 51% free 2526K/5123K, external 716K/1038K, paused 32ms
I/dalvikvm(   33): System server process 61 has been created
I/Zygote  (   33): Accepting command socket connections
E/BatteryService(   61): usbOnlinePath not found
E/BatteryService(   61): batteryVoltagePath not found
E/BatteryService(   61): batteryTemperaturePath not found
I/sysproc (   61): Entered system_init()
I/sysproc (   61): ServiceManager: 0x93138
I/SurfaceFlinger(   61): SurfaceFlinger is starting
I/SurfaceFlinger(   61): SurfaceFlinger's main thread ready to run. Initializing graphics H/W...
E/SurfaceFlinger(   61): Couldn't open /sys/power/wait_for_fb_sleep or /sys/power/wait_for_fb_wake
I/gralloc (   61): using (fd=26)
I/gralloc (   61): id           = 
I/gralloc (   61): xres         = 320 px
I/gralloc (   61): yres         = 480 px
I/gralloc (   61): xres_virtual = 320 px
I/gralloc (   61): yres_virtual = 960 px
I/gralloc (   61): bpp          = 16
I/gralloc (   61): r            = 11:5
I/gralloc (   61): g            =  5:6
I/gralloc (   61): b            =  0:5
I/gralloc (   61): width        = 49 mm (165.877548 dpi)
I/gralloc (   61): height       = 74 mm (164.756760 dpi)
I/gralloc (   61): refresh rate = 60.00 Hz
D/libEGL  (   61): egl.cfg not found, using default config
D/libEGL  (   61): loaded /system/lib/egl/libGLES_android.so
I/SurfaceFlinger(   61): EGL informations:
I/SurfaceFlinger(   61): # of configs : 8
I/SurfaceFlinger(   61): vendor    : Android
I/SurfaceFlinger(   61): version   : 1.4 Android META-EGL
I/SurfaceFlinger(   61): extensions: EGL_KHR_image EGL_KHR_image_base EGL_KHR_image_pixmap EGL_ANDROID_image_native_buffer EGL_ANDROID_swap_rectangle 
I/SurfaceFlinger(   61): Client API: OpenGL ES
I/SurfaceFlinger(   61): EGLSurface: 5-6-5-0, config=0x0
I/SurfaceFlinger(   61): OpenGL informations:
I/SurfaceFlinger(   61): vendor    : Android
I/SurfaceFlinger(   61): renderer  : Android PixelFlinger 1.4
I/SurfaceFlinger(   61): version   : OpenGL ES-CM 1.0
I/SurfaceFlinger(   61): extensions: GL_OES_byte_coordinates GL_OES_fixed_point GL_OES_single_precision GL_OES_read_format GL_OES_compressed_paletted_texture GL_OES_draw_texture GL_OES_matrix_get GL_OES_query_matrix GL_OES_EGL_image GL_OES_compressed_ETC1_RGB8_texture GL_ARB_texture_compression GL_ARB_texture_non_power_of_two GL_ANDROID_user_clip_plane GL_ANDROID_vertex_buffer_object GL_ANDROID_generate_mipmap 
I/SurfaceFlinger(   61): GL_MAX_TEXTURE_SIZE = 4096
I/SurfaceFlinger(   61): GL_MAX_VIEWPORT_DIMS = 4096
I/SurfaceFlinger(   61): flags = 000c0000
D/SensorService(   61): nuSensorService starting...
E/SensorService(   61): couldn't open device for module sensors (Invalid argument)
I/sysproc (   61): System server: starting Android runtime.
I/sysproc (   61): System server: starting Android services.
I/SystemServer(   61): Entered the Android system server!
I/sysproc (   61): System server: entering thread pool.
I/SystemServer(   61): Entropy Service
I/SystemServer(   61): Power Manager
I/SystemServer(   61): Activity Manager
I/ActivityManager(   61): Memory class: 64
W/UsageStats(   61): Usage stats version changed; dropping
D/libEGL  (   73): egl.cfg not found, using default config
I/SystemServer(   61): Telephony Registry
D/libEGL  (   73): loaded /system/lib/egl/libGLES_android.so
I/SystemServer(   61): Package Manager
I/Installer(   61): connecting...
I/installd(   35): new connection
W/zipro   (   73): Unable to open zip '/data/local/bootanimation.zip': No such file or directory
W/zipro   (   73): Unable to open zip '/system/media/bootanimation.zip': No such file or directory
I/ARMAssembler(   61): generated scanline__00000077:03010104_00000004_00000000 [ 22 ipp] (41 ins) at [0x46efd1e8:0x46efd28c] in 2894353 ns
I/ARMAssembler(   73): generated scanline__00000077:03545404_00000A01_00000000 [ 30 ipp] (51 ins) at [0x403461e8:0x403462b4] in 1501488 ns
D/dalvikvm(   61): GC_CONCURRENT freed 168K, 50% free 2825K/5639K, external 716K/1038K, paused 3ms+4ms
W/PackageManager(   61): Running ENG build: no pre-dexopt!
D/dalvikvm(   61): GC_CONCURRENT freed 245K, 49% free 3062K/5895K, external 716K/1038K, paused 3ms+4ms
D/dalvikvm(   61): GC_CONCURRENT freed 242K, 47% free 3303K/6215K, external 716K/1038K, paused 3ms+6ms
D/PackageManager(   61): No files in app dir /vendor/app
I/PackageManager(   61): Unpacking native libraries for /data/app/com.nofatclips.crawler-1.apk
D/szipinf (   61): Initializing inflate state
I/PackageManager(   61): Unpacking native libraries for /data/app/org.wordpress.android-1.apk
I/PackageManager(   61): Unpacking native libraries for /data/app/GestureBuilder.apk
I/PackageManager(   61): Unpacking native libraries for /data/app/SoftKeyboard.apk
I/PackageManager(   61): Unpacking native libraries for /data/app/CubeLiveWallpapers.apk
D/szipinf (   61): Initializing inflate state
W/PackageParser(   61): No actions in intent filter at /data/app/ApiDemos.apk Binary XML file line #1882
W/PackageParser(   61): No actions in intent filter at /data/app/ApiDemos.apk Binary XML file line #1888
W/PackageManager(   61): Package com.example.android.apis desires unavailable shared library com.example.will.never.exist; ignoring!
I/PackageManager(   61): Unpacking native libraries for /data/app/ApiDemos.apk
D/dalvikvm(   61): GC_CONCURRENT freed 258K, 45% free 3603K/6471K, external 716K/1038K, paused 4ms+6ms
I/PackageManager(   61): Time to scan packages: 1.27 seconds
W/PackageManager(   61): Unknown permission com.google.android.googleapps.permission.GOOGLE_AUTH.mail in package com.android.contacts
W/PackageManager(   61): Unknown permission android.permission.ADD_SYSTEM_SERVICE in package com.android.phone
W/PackageManager(   61): Not granting permission android.permission.SEND_DOWNLOAD_COMPLETED_INTENTS to package com.android.browser (protectionLevel=2 flags=0x9be45)
W/PackageManager(   61): Unknown permission com.google.android.gm.permission.WRITE_GMAIL in package com.android.settings
W/PackageManager(   61): Unknown permission com.google.android.gm.permission.READ_GMAIL in package com.android.settings
W/PackageManager(   61): Unknown permission com.google.android.googleapps.permission.GOOGLE_AUTH in package com.android.settings
W/PackageManager(   61): Unknown permission com.google.android.googleapps.permission.GOOGLE_AUTH in package com.android.providers.contacts
W/PackageManager(   61): Unknown permission com.google.android.googleapps.permission.GOOGLE_AUTH.cp in package com.android.providers.contacts
W/PackageManager(   61): Unknown permission com.google.android.googleapps.permission.ACCESS_GOOGLE_PASSWORD in package com.android.development
W/PackageManager(   61): Unknown permission com.google.android.googleapps.permission.GOOGLE_AUTH in package com.android.development
W/PackageManager(   61): Unknown permission com.google.android.googleapps.permission.GOOGLE_AUTH.ALL_SERVICES in package com.android.development
W/PackageManager(   61): Unknown permission com.google.android.googleapps.permission.GOOGLE_AUTH.YouTubeUser in package com.android.development
W/PackageManager(   61): Unknown permission android.permission.READ_OWNER_DATA in package com.android.email
W/PackageManager(   61): Not granting permission android.permission.DEVICE_POWER to package com.android.deskclock (protectionLevel=2 flags=0x8be45)
D/dalvikvm(   61): GC_EXPLICIT freed 304K, 46% free 3570K/6599K, external 716K/1038K, paused 44ms
I/SystemServer(   61): Account Manager
I/SystemServer(   61): Content Manager
I/SystemServer(   61): System Content Providers
I/ActivityThread(   61): Pub settings: com.android.providers.settings.SettingsProvider
I/SystemServer(   61): Battery Service
I/SystemServer(   61): Lights Service
I/SystemServer(   61): Vibrator Service
D/qemud   (   38): fdhandler_accept_event: accepting on fd 9
D/qemud   (   38): created client 0x13ee8 listening on fd 11
D/qemud   (   38): client_fd_receive: attempting registration for service 'hw-control'
D/qemud   (   38): client_fd_receive:    -> received channel id 3
D/qemud   (   38): client_registration: registration succeeded for client 3
D/SettingsProvider(   61): cache for settings table 'secure' rows=27; fullycached=true
D/SettingsProvider(   61): cache for settings table 'system' rows=46; fullycached=true
I/SystemServer(   61): Alarm Manager
I/SystemServer(   61): Init Watchdog
I/SystemServer(   61): Window Manager
I/InputManager(   61): Initializing input manager
I/InputManager(   61): Starting input manager
I/SystemServer(   61): Registering null Bluetooth Service (emulator)
E/System  (   61): Failure starting core service
E/System  (   61): java.lang.SecurityException
E/System  (   61): 	at android.os.BinderProxy.transact(Native Method)
E/System  (   61): 	at android.os.ServiceManagerProxy.addService(ServiceManagerNative.java:146)
E/System  (   61): 	at android.os.ServiceManager.addService(ServiceManager.java:72)
E/System  (   61): 	at com.android.server.ServerThread.run(SystemServer.java:206)
I/SystemServer(   61): Device Policy
I/SystemServer(   61): Status Bar
I/SystemServer(   61): Clipboard Service
I/SystemServer(   61): Input Method Service
I/EventHub(   61): New keyboard: device->id=0x10000 devname='qwerty2' propName='hw.keyboards.65536.devname' keylayout='/system/usr/keylayout/qwerty.kl'
