D/nofatclips(  297): Found widget: id=2131165290 (android.widget.ToggleButton@406fefa8): B
D/nofatclips(  297): Found widget: id=2131165291 (android.widget.ToggleButton@40700a80): I 
D/nofatclips(  297): Found widget: id=2131165292 (android.widget.ToggleButton@40701568):  U 
D/nofatclips(  297): Found widget: id=2131165293 (android.widget.ToggleButton@4070ce28):  ABC 
D/nofatclips(  297): Found widget: id=2131165294 (android.widget.Button@4070da58):  link 
D/nofatclips(  297): Found widget: id=2131165295 (android.widget.ToggleButton@4070e668): "
D/nofatclips(  297): Found widget: id=2131165296 (android.widget.Button@4070f2e0): More
D/nofatclips(  297): Found widget: id=2131165297 (android.widget.ImageButton@4070fdd8)
D/nofatclips(  297): Found widget: id=-1 (com.android.internal.policy.impl.PhoneWindow$DecorView@406fa860)
V/ReflectionHelper(  297): org.wordpress.android.util.WPEditText > mOnFocusChangeListener FOUND | ACTIVE
V/nicola  (  297): TextualID : postContent
V/nicola  (  297): ContentType detected : default
V/nicola  (  297): TextualID : bold
V/nicola  (  297): ContentType detected : default
V/nicola  (  297): TextualID : em
V/nicola  (  297): ContentType detected : default
V/nicola  (  297): TextualID : underline
V/nicola  (  297): ContentType detected : default
V/nicola  (  297): TextualID : strike
V/nicola  (  297): ContentType detected : default
V/nicola  (  297): TextualID : link
V/nicola  (  297): ContentType detected : default
V/nicola  (  297): TextualID : bquote
V/nicola  (  297): ContentType detected : default
V/nicola  (  297): TextualID : more
V/nicola  (  297): ContentType detected : default
I/nofatclips(  297): Performing comparation for activity EditContent
D/nofatclips(  297): Comparing against activity EditPost
D/nofatclips(  297): Comparing against activity EditPost
D/nofatclips(  297): Comparing against activity EditPost
I/nofatclips(  297): Registering activity EditContent (id: a12) as a new found state
D/nofatclips(  297): Performing backup of the old activity list on disk
D/nofatclips(  297): Saving new found state 'a12' on disk
V/nofatclips(  297): Opening state file in append mode.
D/dalvikvm(  297): GC_EXTERNAL_ALLOC freed 1014K, 53% free 3651K/7751K, external 3272K/3335K, paused 198ms
I/nofatclips(  297): Saved image on disk: a12.jpg
I/nofatclips(  297): Waiting for 100 msec.
I/nofatclips(  297): Session count is 1. Will dump to disk at 1
I/nofatclips(  297): Saving the session on disk.
I/nofatclips(  297): Planning for new Activity EditContent
D/nofatclips(  297): Handling event 'focus' on widget id=2131165265 type=focusableEditText name=Content
D/nofatclips(  297): Handling event 'click' on widget id=2131165290 type=toggle name=B
D/nofatclips(  297): Handling event 'click' on widget id=2131165291 type=toggle name=I 
D/dalvikvm(  113): GC_EXTERNAL_ALLOC freed 166K, 47% free 3238K/6087K, external 1025K/1038K, paused 664ms
D/nofatclips(  297): Handling event 'click' on widget id=2131165292 type=toggle name= U 
D/nofatclips(  297): Handling event 'click' on widget id=2131165293 type=toggle name= ABC 
D/nofatclips(  297): Handling event 'click' on widget id=2131165294 type=button name= link 
D/nofatclips(  297): Handling event 'click' on widget id=2131165295 type=toggle name="
D/nofatclips(  297): Handling event 'click' on widget id=2131165296 type=button name=More
D/nofatclips(  297): Handling event 'click' on widget id=2131165297 type=button name=
I/nofatclips(  297): Created trace to press the back button
I/nofatclips(  297): Created trace to press the menu button
I/nofatclips(  297): Created trace to change orientation
D/dalvikvm(  113): GC_EXTERNAL_ALLOC freed 52K, 46% free 3310K/6087K, external 1541K/1551K, paused 299ms
I/nofatclips(  297): Check for termination: 89 steps left of 100
I/nofatclips(  297): Dispatching new task. 2 more tasks remaining.
D/nofatclips(  297): Performing backup of the old task list on disk
D/nofatclips(  297): Saving task list on disk
V/nofatclips(  297): Backing up trace #192 to disk.
D/dalvikvm(  297): GC_CONCURRENT freed 1112K, 52% free 3735K/7751K, external 3872K/4836K, paused 3ms+40ms
V/nofatclips(  297): Backing up trace #193 to disk.
D/nofatclips(  297): Deleting backup of the old task list from disk
D/nofatclips(  297): Deleting backup of the old activity list from disk
I/nofatclips(  297): Incrementally Playing Trace 193
I/nofatclips(  297): Retrieved from return list id=2131165293
D/nofatclips(  297): Testing for type (android.widget.ToggleButton) against the original (android.widget.ToggleButton)
D/nofatclips(  297): Testing for name ( ABC ) against the original ( ABC )
I/nofatclips(  297): Firing event: type= click index=10 widget=android.widget.ToggleButton
D/dalvikvm(  113): GC_EXTERNAL_ALLOC freed 49K, 45% free 3390K/6087K, external 2057K/2067K, paused 40ms
D/dalvikvm(  113): GC_CONCURRENT freed 46K, 44% free 3459K/6151K, external 2554K/2586K, paused 4ms+4ms
W/KeyCharacterMap(  297): No keyboard for id 0
W/KeyCharacterMap(  297): Using default keymap: /system/usr/keychars/qwerty.kcm.bin
W/KeyCharacterMap(  113): No keyboard for id 0
W/KeyCharacterMap(  113): Using default keymap: /system/usr/keychars/qwerty.kcm.bin
D/dalvikvm(  113): GC_EXTERNAL_ALLOC freed 12K, 44% free 3456K/6151K, external 2546K/2586K, paused 715ms
D/nofatclips(  297): Event description:  ABC 
I/nofatclips(  297): Waiting for 100 msec.
I/nofatclips(  297): Current activity is EditContent
I/nofatclips(  297): Retrieving widgets
D/nofatclips(  297): Found widget: id=16908290 (android.widget.FrameLayout@406fab68)
D/nofatclips(  297): Found widget: id=-1 (android.widget.LinearLayout@406fb5c0)
D/nofatclips(  297): Found widget: id=-1 (android.widget.LinearLayout@406fb7e0)
D/nofatclips(  297): Found widget: id=2131165265 (org.wordpress.android.util.WPEditText@406fba80): 
D/nofatclips(  297): Found widget: id=2131165289 (android.widget.RelativeLayout@406fcbf0)
D/nofatclips(  297): Found widget: id=-1 (android.widget.HorizontalScrollView@406fe120)
D/nofatclips(  297): Found widget: id=-1 (android.widget.RelativeLayout@406fe8d0)
D/nofatclips(  297): Found widget: id=2131165290 (android.widget.ToggleButton@406fefa8): B
D/nofatclips(  297): Found widget: id=2131165291 (android.widget.ToggleButton@40700a80): I 
D/nofatclips(  297): Found widget: id=2131165292 (android.widget.ToggleButton@40701568):  U 
D/nofatclips(  297): Found widget: id=2131165293 (android.widget.ToggleButton@4070ce28):  ABC 
D/nofatclips(  297): Found widget: id=2131165294 (android.widget.Button@4070da58):  link 
D/nofatclips(  297): Found widget: id=2131165295 (android.widget.ToggleButton@4070e668): "
D/nofatclips(  297): Found widget: id=2131165296 (android.widget.Button@4070f2e0): More
D/nofatclips(  297): Found widget: id=2131165297 (android.widget.ImageButton@4070fdd8)
D/nofatclips(  297): Found widget: id=-1 (com.android.internal.policy.impl.PhoneWindow$DecorView@406fa860)
V/ReflectionHelper(  297): org.wordpress.android.util.WPEditText > mOnFocusChangeListener FOUND | ACTIVE
V/nicola  (  297): TextualID : postContent
V/nicola  (  297): ContentType detected : default
V/nicola  (  297): TextualID : bold
V/nicola  (  297): ContentType detected : default
V/nicola  (  297): TextualID : em
V/nicola  (  297): ContentType detected : default
V/nicola  (  297): TextualID : underline
V/nicola  (  297): ContentType detected : default
V/nicola  (  297): TextualID : strike
V/nicola  (  297): ContentType detected : default
V/nicola  (  297): TextualID : link
V/nicola  (  297): ContentType detected : default
V/nicola  (  297): TextualID : bquote
V/nicola  (  297): ContentType detected : default
V/nicola  (  297): TextualID : more
V/nicola  (  297): ContentType detected : default
I/nofatclips(  297): Performing comparation for activity EditContent
D/nofatclips(  297): Comparing against activity EditContent
D/nofatclips(  297): Comparing against activity EditPost
D/nofatclips(  297): Comparing against activity EditPost
D/nofatclips(  297): Comparing against activity EditPost
I/nofatclips(  297): Registering activity EditContent (id: a13) as a new found state
D/nofatclips(  297): Performing backup of the old activity list on disk
D/nofatclips(  297): Saving new found state 'a13' on disk
V/nofatclips(  297): Opening state file in append mode.
D/dalvikvm(  297): GC_EXTERNAL_ALLOC freed 676K, 53% free 3681K/7751K, external 3272K/3342K, paused 129ms
I/nofatclips(  297): Saved image on disk: a13.jpg
I/nofatclips(  297): Waiting for 100 msec.
I/nofatclips(  297): Session count is 1. Will dump to disk at 1
I/nofatclips(  297): Saving the session on disk.
I/nofatclips(  297): Planning for new Activity EditContent
D/nofatclips(  297): Handling event 'focus' on widget id=2131165265 type=focusableEditText name=Content
D/nofatclips(  297): Handling event 'click' on widget id=2131165290 type=toggle name=B
D/nofatclips(  297): Handling event 'click' on widget id=2131165291 type=toggle name=I 
D/nofatclips(  297): Handling event 'click' on widget id=2131165292 type=toggle name= U 
D/nofatclips(  297): Handling event 'click' on widget id=2131165293 type=toggle name= ABC 
D/nofatclips(  297): Handling event 'click' on widget id=2131165294 type=button name= link 
D/nofatclips(  297): Handling event 'click' on widget id=2131165295 type=toggle name="
D/nofatclips(  297): Handling event 'click' on widget id=2131165296 type=button name=More
D/nofatclips(  297): Handling event 'click' on widget id=2131165297 type=button name=
I/nofatclips(  297): Created trace to press the back button
I/nofatclips(  297): Created trace to press the menu button
I/nofatclips(  297): Created trace to change orientation
I/nofatclips(  297): Check for termination: 88 steps left of 100
I/nofatclips(  297): Dispatching new task. 2 more tasks remaining.
D/nofatclips(  297): Performing backup of the old task list on disk
D/nofatclips(  297): Saving task list on disk
V/nofatclips(  297): Backing up trace #204 to disk.
V/nofatclips(  297): Backing up trace #205 to disk.
D/nofatclips(  297): Deleting backup of the old task list from disk
D/nofatclips(  297): Deleting backup of the old activity list from disk
I/nofatclips(  297): Incrementally Playing Trace 205
I/nofatclips(  297): Retrieved from return list id=2131165293
D/nofatclips(  297): Testing for type (android.widget.ToggleButton) against the original (android.widget.ToggleButton)
D/nofatclips(  297): Testing for name ( ABC ) against the original ( ABC )
I/nofatclips(  297): Firing event: type= click index=10 widget=android.widget.ToggleButton
W/KeyCharacterMap(  297): No keyboard for id 0
W/KeyCharacterMap(  297): Using default keymap: /system/usr/keychars/qwerty.kcm.bin
D/nofatclips(  297): Event description:  ABC 
D/dalvikvm(  297): GC_CONCURRENT freed 1642K, 54% free 3712K/8007K, external 3872K/4836K, paused 13ms+16ms
I/nofatclips(  297): Waiting for 100 msec.
I/nofatclips(  297): Current activity is EditContent
I/nofatclips(  297): Retrieving widgets
D/nofatclips(  297): Found widget: id=16908290 (android.widget.FrameLayout@406fab68)
D/nofatclips(  297): Found widget: id=-1 (android.widget.LinearLayout@406fb5c0)
D/nofatclips(  297): Found widget: id=-1 (android.widget.LinearLayout@406fb7e0)
D/nofatclips(  297): Found widget: id=2131165265 (org.wordpress.android.util.WPEditText@406fba80): 
D/nofatclips(  297): Found widget: id=2131165289 (android.widget.RelativeLayout@406fcbf0)
D/nofatclips(  297): Found widget: id=-1 (android.widget.HorizontalScrollView@406fe120)
D/nofatclips(  297): Found widget: id=-1 (android.widget.RelativeLayout@406fe8d0)
D/nofatclips(  297): Found widget: id=2131165290 (android.widget.ToggleButton@406fefa8): B
D/nofatclips(  297): Found widget: id=2131165291 (android.widget.ToggleButton@40700a80): I 
D/nofatclips(  297): Found widget: id=2131165292 (android.widget.ToggleButton@40701568):  U 
D/nofatclips(  297): Found widget: id=2131165293 (android.widget.ToggleButton@4070ce28):  ABC 
D/nofatclips(  297): Found widget: id=2131165294 (android.widget.Button@4070da58):  link 
D/nofatclips(  297): Found widget: id=2131165295 (android.widget.ToggleButton@4070e668): "
D/nofatclips(  297): Found widget: id=2131165296 (android.widget.Button@4070f2e0): More
D/nofatclips(  297): Found widget: id=2131165297 (android.widget.ImageButton@4070fdd8)
D/nofatclips(  297): Found widget: id=-1 (com.android.internal.policy.impl.PhoneWindow$DecorView@406fa860)
V/ReflectionHelper(  297): org.wordpress.android.util.WPEditText > mOnFocusChangeListener FOUND | ACTIVE
V/nicola  (  297): TextualID : postContent
V/nicola  (  297): ContentType detected : default
V/nicola  (  297): TextualID : bold
V/nicola  (  297): ContentType detected : default
V/nicola  (  297): TextualID : em
V/nicola  (  297): ContentType detected : default
V/nicola  (  297): TextualID : underline
V/nicola  (  297): ContentType detected : default
V/nicola  (  297): TextualID : strike
V/nicola  (  297): ContentType detected : default
V/nicola  (  297): TextualID : link
V/nicola  (  297): ContentType detected : default
V/nicola  (  297): TextualID : bquote
V/nicola  (  297): ContentType detected : default
V/nicola  (  297): TextualID : more
V/nicola  (  297): ContentType detected : default
I/nofatclips(  297): Performing comparation for activity EditContent
D/nofatclips(  297): Comparing against activity EditContent
D/nofatclips(  297): Comparing against activity EditContent
D/nofatclips(  297): Comparing against activity EditPost
D/nofatclips(  297): Comparing against activity EditPost
D/nofatclips(  297): Comparing against activity EditPost
I/nofatclips(  297): Registering activity EditContent (id: a14) as a new found state
D/nofatclips(  297): Performing backup of the old activity list on disk
D/nofatclips(  297): Saving new found state 'a14' on disk
V/nofatclips(  297): Opening state file in append mode.
I/nofatclips(  297): Saved image on disk: a14.jpg
I/nofatclips(  297): Waiting for 100 msec.
I/nofatclips(  297): Session count is 1. Will dump to disk at 1
I/nofatclips(  297): Saving the session on disk.
I/nofatclips(  297): Planning for new Activity EditContent
D/nofatclips(  297): Handling event 'focus' on widget id=2131165265 type=focusableEditText name=Content
D/nofatclips(  297): Handling event 'click' on widget id=2131165290 type=toggle name=B
D/nofatclips(  297): Handling event 'click' on widget id=2131165291 type=toggle name=I 
D/nofatclips(  297): Handling event 'click' on widget id=2131165292 type=toggle name= U 
D/nofatclips(  297): Handling event 'click' on widget id=2131165293 type=toggle name= ABC 
D/nofatclips(  297): Handling event 'click' on widget id=2131165294 type=button name= link 
D/nofatclips(  297): Handling event 'click' on widget id=2131165295 type=toggle name="
D/nofatclips(  297): Handling event 'click' on widget id=2131165296 type=button name=More
D/nofatclips(  297): Handling event 'click' on widget id=2131165297 type=button name=
I/nofatclips(  297): Created trace to press the back button
I/nofatclips(  297): Created trace to press the menu button
I/nofatclips(  297): Created trace to change orientation
D/dalvikvm(  297): GC_CONCURRENT freed 1612K, 53% free 3787K/8007K, external 3872K/4087K, paused 4ms+7ms
I/nofatclips(  297): Check for termination: 87 steps left of 100
I/nofatclips(  297): Dispatching new task. 2 more tasks remaining.
D/nofatclips(  297): Performing backup of the old task list on disk
D/nofatclips(  297): Saving task list on disk
V/nofatclips(  297): Backing up trace #216 to disk.
V/nofatclips(  297): Backing up trace #217 to disk.
D/nofatclips(  297): Deleting backup of the old task list from disk
D/nofatclips(  297): Deleting backup of the old activity list from disk
I/nofatclips(  297): Incrementally Playing Trace 217
I/nofatclips(  297): Retrieved from return list id=2131165292
D/nofatclips(  297): Testing for type (android.widget.ToggleButton) against the original (android.widget.ToggleButton)
D/nofatclips(  297): Testing for name ( U ) against the original ( U )
I/nofatclips(  297): Firing event: type= click index=9 widget=android.widget.ToggleButton
W/KeyCharacterMap(  297): No keyboard for id 0
W/KeyCharacterMap(  297): Using default keymap: /system/usr/keychars/qwerty.kcm.bin
D/nofatclips(  297): Event description:  U 
I/nofatclips(  297): Waiting for 100 msec.
I/nofatclips(  297): Current activity is EditContent
I/nofatclips(  297): Retrieving widgets
D/nofatclips(  297): Found widget: id=16908290 (android.widget.FrameLayout@406fab68)
D/nofatclips(  297): Found widget: id=-1 (android.widget.LinearLayout@406fb5c0)
D/nofatclips(  297): Found widget: id=-1 (android.widget.LinearLayout@406fb7e0)
D/nofatclips(  297): Found widget: id=2131165265 (org.wordpress.android.util.WPEditText@406fba80): 
D/nofatclips(  297): Found widget: id=2131165289 (android.widget.RelativeLayout@406fcbf0)
D/nofatclips(  297): Found widget: id=-1 (android.widget.HorizontalScrollView@406fe120)
D/nofatclips(  297): Found widget: id=-1 (android.widget.RelativeLayout@406fe8d0)
D/nofatclips(  297): Found widget: id=2131165290 (android.widget.ToggleButton@406fefa8): B
D/nofatclips(  297): Found widget: id=2131165291 (android.widget.ToggleButton@40700a80): I 
D/nofatclips(  297): Found widget: id=2131165292 (android.widget.ToggleButton@40701568):  U 
D/nofatclips(  297): Found widget: id=2131165293 (android.widget.ToggleButton@4070ce28):  ABC 
D/nofatclips(  297): Found widget: id=2131165294 (android.widget.Button@4070da58):  link 
D/nofatclips(  297): Found widget: id=2131165295 (android.widget.ToggleButton@4070e668): "
D/nofatclips(  297): Found widget: id=2131165296 (android.widget.Button@4070f2e0): More
D/nofatclips(  297): Found widget: id=2131165297 (android.widget.ImageButton@4070fdd8)
D/nofatclips(  297): Found widget: id=-1 (com.android.internal.policy.impl.PhoneWindow$DecorView@406fa860)
V/ReflectionHelper(  297): org.wordpress.android.util.WPEditText > mOnFocusChangeListener FOUND | ACTIVE
V/nicola  (  297): TextualID : postContent
V/nicola  (  297): ContentType detected : default
V/nicola  (  297): TextualID : bold
V/nicola  (  297): ContentType detected : default
V/nicola  (  297): TextualID : em
V/nicola  (  297): ContentType detected : default
V/nicola  (  297): TextualID : underline
V/nicola  (  297): ContentType detected : default
V/nicola  (  297): TextualID : strike
V/nicola  (  297): ContentType detected : default
V/nicola  (  297): TextualID : link
V/nicola  (  297): ContentType detected : default
V/nicola  (  297): TextualID : bquote
V/nicola  (  297): ContentType detected : default
V/nicola  (  297): TextualID : more
V/nicola  (  297): ContentType detected : default
I/nofatclips(  297): Performing comparation for activity EditContent
D/nofatclips(  297): Comparing against activity EditContent
D/nofatclips(  297): Comparing against activity EditContent
D/nofatclips(  297): Comparing against activity EditContent
D/nofatclips(  297): Comparing against activity EditPost
D/nofatclips(  297): Comparing against activity EditPost
D/nofatclips(  297): Comparing against activity EditPost
I/nofatclips(  297): Registering activity EditContent (id: a15) as a new found state
D/nofatclips(  297): Performing backup of the old activity list on disk
D/nofatclips(  297): Saving new found state 'a15' on disk
V/nofatclips(  297): Opening state file in append mode.
D/dalvikvm(  297): GC_EXTERNAL_ALLOC freed 770K, 54% free 3749K/8007K, external 3872K/4087K, paused 227ms
I/nofatclips(  297): Saved image on disk: a15.jpg
I/nofatclips(  297): Waiting for 100 msec.
I/nofatclips(  297): Session count is 1. Will dump to disk at 1
I/nofatclips(  297): Saving the session on disk.
I/nofatclips(  297): Planning for new Activity EditContent
D/nofatclips(  297): Handling event 'focus' on widget id=2131165265 type=focusableEditText name=Content
D/nofatclips(  297): Handling event 'click' on widget id=2131165290 type=toggle name=B
D/nofatclips(  297): Handling event 'click' on widget id=2131165291 type=toggle name=I 
D/nofatclips(  297): Handling event 'click' on widget id=2131165292 type=toggle name= U 
D/nofatclips(  297): Handling event 'click' on widget id=2131165293 type=toggle name= ABC 
D/nofatclips(  297): Handling event 'click' on widget id=2131165294 type=button name= link 
D/nofatclips(  297): Handling event 'click' on widget id=2131165295 type=toggle name="
D/nofatclips(  297): Handling event 'click' on widget id=2131165296 type=button name=More
D/nofatclips(  297): Handling event 'click' on widget id=2131165297 type=button name=
I/nofatclips(  297): Created trace to press the back button
I/nofatclips(  297): Created trace to press the menu button
I/nofatclips(  297): Created trace to change orientation
I/nofatclips(  297): Check for termination: 86 steps left of 100
I/nofatclips(  297): Dispatching new task. 2 more tasks remaining.
D/nofatclips(  297): Performing backup of the old task list on disk
D/nofatclips(  297): Saving task list on disk
V/nofatclips(  297): Backing up trace #228 to disk.
V/nofatclips(  297): Backing up trace #229 to disk.
D/dalvikvm(  297): GC_CONCURRENT freed 1683K, 53% free 3834K/8135K, external 3872K/4836K, paused 3ms+4ms
D/nofatclips(  297): Deleting backup of the old task list from disk
D/nofatclips(  297): Deleting backup of the old activity list from disk
I/nofatclips(  297): Incrementally Playing Trace 229
I/nofatclips(  297): Retrieved from return list id=2131165265
D/nofatclips(  297): Testing for type (org.wordpress.android.util.WPEditText) against the original (org.wordpress.android.util.WPEditText)
D/nofatclips(  297): Testing for name (Content) against the original (Content)
I/nofatclips(  297): Firing event: type= focus index=3 widget=org.wordpress.android.util.WPEditText
W/KeyCharacterMap(  297): No keyboard for id 0
W/KeyCharacterMap(  297): Using default keymap: /system/usr/keychars/qwerty.kcm.bin
D/nofatclips(  297): Event description: 
I/nofatclips(  297): Waiting for 100 msec.
I/nofatclips(  297): Current activity is EditContent
I/nofatclips(  297): Retrieving widgets
D/nofatclips(  297): Found widget: id=16908290 (android.widget.FrameLayout@406fab68)
D/nofatclips(  297): Found widget: id=-1 (android.widget.LinearLayout@406fb5c0)
D/nofatclips(  297): Found widget: id=-1 (android.widget.LinearLayout@406fb7e0)
D/nofatclips(  297): Found widget: id=2131165265 (org.wordpress.android.util.WPEditText@406fba80): 
D/nofatclips(  297): Found widget: id=2131165289 (android.widget.RelativeLayout@406fcbf0)
D/nofatclips(  297): Found widget: id=-1 (android.widget.HorizontalScrollView@406fe120)
D/nofatclips(  297): Found widget: id=-1 (android.widget.RelativeLayout@406fe8d0)
D/nofatclips(  297): Found widget: id=2131165290 (android.widget.ToggleButton@406fefa8): B
D/nofatclips(  297): Found widget: id=2131165291 (android.widget.ToggleButton@40700a80): I 
D/nofatclips(  297): Found widget: id=2131165292 (android.widget.ToggleButton@40701568):  U 
D/nofatclips(  297): Found widget: id=2131165293 (android.widget.ToggleButton@4070ce28):  ABC 
D/nofatclips(  297): Found widget: id=2131165294 (android.widget.Button@4070da58):  link 
D/nofatclips(  297): Found widget: id=2131165295 (android.widget.ToggleButton@4070e668): "
D/nofatclips(  297): Found widget: id=2131165296 (android.widget.Button@4070f2e0): More
D/nofatclips(  297): Found widget: id=2131165297 (android.widget.ImageButton@4070fdd8)
D/nofatclips(  297): Found widget: id=-1 (com.android.internal.policy.impl.PhoneWindow$DecorView@406fa860)
V/ReflectionHelper(  297): org.wordpress.android.util.WPEditText > mOnFocusChangeListener FOUND | ACTIVE
V/nicola  (  297): TextualID : postContent
V/nicola  (  297): ContentType detected : default
V/nicola  (  297): TextualID : bold
V/nicola  (  297): ContentType detected : default
V/nicola  (  297): TextualID : em
V/nicola  (  297): ContentType detected : default
V/nicola  (  297): TextualID : underline
V/nicola  (  297): ContentType detected : default
V/nicola  (  297): TextualID : strike
V/nicola  (  297): ContentType detected : default
V/nicola  (  297): TextualID : link
V/nicola  (  297): ContentType detected : default
V/nicola  (  297): TextualID : bquote
V/nicola  (  297): ContentType detected : default
V/nicola  (  297): TextualID : more
V/nicola  (  297): ContentType detected : default
I/nofatclips(  297): Performing comparation for activity EditContent
D/nofatclips(  297): Comparing against activity EditContent
D/nofatclips(  297): Comparing against activity EditContent
D/nofatclips(  297): Comparing against activity EditContent
D/nofatclips(  297): Comparing against activity EditContent
D/nofatclips(  297): Comparing against activity EditPost
D/nofatclips(  297): Comparing against activity EditPost
D/nofatclips(  297): Comparing against activity EditPost
I/nofatclips(  297): Registering activity EditContent (id: a16) as a new found state
D/nofatclips(  297): Performing backup of the old activity list on disk
D/nofatclips(  297): Saving new found state 'a16' on disk
V/nofatclips(  297): Opening state file in append mode.
I/nofatclips(  297): Saved image on disk: a16.jpg
I/nofatclips(  297): Waiting for 100 msec.
I/nofatclips(  297): Session count is 1. Will dump to disk at 1
I/nofatclips(  297): Saving the session on disk.
I/nofatclips(  297): Planning for new Activity EditContent
D/nofatclips(  297): Handling event 'focus' on widget id=2131165265 type=focusableEditText name=Content
D/nofatclips(  297): Handling event 'click' on widget id=2131165290 type=toggle name=B
D/nofatclips(  297): Handling event 'click' on widget id=2131165291 type=toggle name=I 
D/nofatclips(  297): Handling event 'click' on widget id=2131165292 type=toggle name= U 
D/nofatclips(  297): Handling event 'click' on widget id=2131165293 type=toggle name= ABC 
D/nofatclips(  297): Handling event 'click' on widget id=2131165294 type=button name= link 
D/nofatclips(  297): Handling event 'click' on widget id=2131165295 type=toggle name="
D/nofatclips(  297): Handling event 'click' on widget id=2131165296 type=button name=More
D/nofatclips(  297): Handling event 'click' on widget id=2131165297 type=button name=
I/nofatclips(  297): Created trace to press the back button
I/nofatclips(  297): Created trace to press the menu button
I/nofatclips(  297): Created trace to change orientation
D/dalvikvm(  297): GC_CONCURRENT freed 1735K, 53% free 3859K/8199K, external 3872K/4087K, paused 5ms+7ms
I/nofatclips(  297): Check for termination: 85 steps left of 100
I/nofatclips(  297): Dispatching new task. 2 more tasks remaining.
D/nofatclips(  297): Performing backup of the old task list on disk
D/nofatclips(  297): Saving task list on disk
V/nofatclips(  297): Backing up trace #240 to disk.
V/nofatclips(  297): Backing up trace #241 to disk.
D/nofatclips(  297): Deleting backup of the old task list from disk
D/nofatclips(  297): Deleting backup of the old activity list from disk
I/nofatclips(  297): Incrementally Playing Trace 241
I/nofatclips(  297): Retrieved from return list id=2131165297
D/nofatclips(  297): Testing for type (android.widget.ImageButton) against the original (android.widget.ImageButton)
D/nofatclips(  297): Testing for name () against the original ()
I/nofatclips(  297): Firing event: type= click index=14 widget=android.widget.ImageButton
W/KeyCharacterMap(  297): No keyboard for id 0
W/KeyCharacterMap(  297): Using default keymap: /system/usr/keychars/qwerty.kcm.bin
I/nofatclips(  297): Waiting for 100 msec.
I/nofatclips(  297): Current activity is EditContent
I/nofatclips(  297): Retrieving widgets
D/nofatclips(  297): Found widget: id=16908290 (android.widget.FrameLayout@40612db8)
D/nofatclips(  297): Found widget: id=16908666 (com.android.internal.widget.WeightedLinearLayout@40584300)
D/nofatclips(  297): Found widget: id=16908667 (android.widget.LinearLayout@40631f00)
D/nofatclips(  297): Found widget: id=16908668 (android.widget.LinearLayout@40632120)
D/nofatclips(  297): Found widget: id=16908294 (android.widget.ImageView@405d2ee8)
D/nofatclips(  297): Found widget: id=16908669 (com.android.internal.widget.DialogTitle@405d30a0): 
D/nofatclips(  297): Found widget: id=16908670 (android.widget.ImageView@407750e0)
D/nofatclips(  297): Found widget: id=16908671 (android.widget.LinearLayout@407752e8)
D/nofatclips(  297): Found widget: id=16908823 (com.android.internal.app.AlertController$RecycleListView@405dc438)
D/nofatclips(  297): Found widget: id=-1 (com.android.internal.view.menu.ListMenuItemView@406bfa70)
D/nofatclips(  297): Found widget: id=-1 (android.widget.RelativeLayout@406bfd18)
D/nofatclips(  297): Found widget: id=16908310 (android.widget.TextView@406c9d50): Select a photo from gallery
D/nofatclips(  297): Found widget: id=16908783 (android.widget.TextView@40744fb8): 
D/nofatclips(  297): Found widget: id=-1 (com.android.internal.view.menu.ListMenuItemView@406645d0)
D/nofatclips(  297): Found widget: id=-1 (android.widget.RelativeLayout@4060f040)
D/nofatclips(  297): Found widget: id=16908310 (android.widget.TextView@4060f3c8): Take a new photo
D/nofatclips(  297): Found widget: id=16908783 (android.widget.TextView@40668840): 
D/nofatclips(  297): Found widget: id=-1 (com.android.internal.view.menu.ListMenuItemView@405fa728)
D/nofatclips(  297): Found widget: id=-1 (android.widget.RelativeLayout@405fa968)
D/nofatclips(  297): Found widget: id=16908310 (android.widget.TextView@40627888): Select a video from gallery
D/nofatclips(  297): Found widget: id=16908783 (android.widget.TextView@40627db0): 
D/nofatclips(  297): Found widget: id=-1 (com.android.internal.view.menu.ListMenuItemView@4073c2b0)
D/nofatclips(  297): Found widget: id=-1 (android.widget.RelativeLayout@4073c4f0)
D/nofatclips(  297): Found widget: id=16908310 (android.widget.TextView@40747b70): Take a new video
D/nofatclips(  297): Found widget: id=16908783 (android.widget.TextView@406338c0): 
D/nofatclips(  297): Found widget: id=16908673 (android.widget.FrameLayout@40617b18)
D/nofatclips(  297): Found widget: id=16908331 (android.widget.FrameLayout@40617d80)
D/nofatclips(  297): Found widget: id=16908674 (android.widget.LinearLayout@407cad68)
D/nofatclips(  297): Found widget: id=-1 (android.widget.LinearLayout@407caeb8)
D/nofatclips(  297): Found widget: id=16908675 (android.widget.LinearLayout@407cb080)
D/nofatclips(  297): Found widget: id=16908313 (android.widget.Button@40609608): 
D/nofatclips(  297): Found widget: id=16908315 (android.widget.Button@406720f0): 
D/nofatclips(  297): Found widget: id=16908314 (android.widget.Button@40672650): 
D/nofatclips(  297): Found widget: id=16908676 (android.widget.LinearLayout@406b3ac8)
D/nofatclips(  297): Found widget: id=-1 (com.android.internal.policy.impl.PhoneWindow$DecorView@406b43e8)
V/ReflectionHelper(  297): com.android.internal.app.AlertController.RecycleListView > mOnFocusChangeListener FOUND | NOT ACTIVE
V/nicola  (  297): TextualID : null
V/nicola  (  297): ContentType detected : default
V/nicola  (  297): TextualID : null
V/nicola  (  297): ContentType detected : default
V/nicola  (  297): TextualID : null
V/nicola  (  297): ContentType detected : default
V/nicola  (  297): TextualID : null
V/nicola  (  297): ContentType detected : default
I/nofatclips(  297): Performing comparation for activity EditContent
D/nofatclips(  297): Comparing against activity EditContent
D/nofatclips(  297): Comparing against activity EditContent
D/nofatclips(  297): Comparing against activity EditContent
D/nofatclips(  297): Comparing against activity EditPost
D/nofatclips(  297): Comparing against activity EditContent
D/nofatclips(  297): Comparing against activity EditContent
D/nofatclips(  297): Comparing against activity EditPost
D/nofatclips(  297): Comparing against activity EditPost
I/nofatclips(  297): Registering activity EditContent (id: a17) as a new found state
D/nofatclips(  297): Performing backup of the old activity list on disk
D/nofatclips(  297): Saving new found state 'a17' on disk
V/nofatclips(  297): Opening state file in append mode.
D/dalvikvm(  297): GC_EXTERNAL_ALLOC freed 1071K, 54% free 3835K/8199K, external 3718K/4087K, paused 138ms
I/nofatclips(  297): Saved image on disk: a17.jpg
I/nofatclips(  297): Waiting for 100 msec.
I/nofatclips(  297): Session count is 1. Will dump to disk at 1
I/nofatclips(  297): Saving the session on disk.
I/dalvikvm(  297): Jit: resizing JitTable from 2048 to 4096
I/nofatclips(  297): Planning for new Activity EditContent
D/nofatclips(  297): Handling event selectListItem for items [1,4] on listView #16908823 count=4
D/nofatclips(  297): Handling event longClickListItem for items [1,4] on listView #16908823 count=4
I/nofatclips(  297): Created trace to press the back button
I/nofatclips(  297): Created trace to press the menu button
I/nofatclips(  297): Created trace to change orientation
I/nofatclips(  297): Check for termination: 84 steps left of 100
I/nofatclips(  297): Dispatching new task. 2 more tasks remaining.
D/nofatclips(  297): Performing backup of the old task list on disk
D/nofatclips(  297): Saving task list on disk
V/nofatclips(  297): Backing up trace #251 to disk.
V/nofatclips(  297): Backing up trace #252 to disk.
D/dalvikvm(  297): GC_CONCURRENT freed 1713K, 53% free 3933K/8263K, external 4155K/5188K, paused 4ms+3ms
D/nofatclips(  297): Deleting backup of the old task list from disk
D/nofatclips(  297): Deleting backup of the old activity list from disk
I/nofatclips(  297): Incrementally Playing Trace 252
I/nofatclips(  297): Retrieved from return list id=16908823
D/nofatclips(  297): Testing for type (com.android.internal.app.AlertController$RecycleListView) against the original (com.android.internal.app.AlertController$RecycleListView)
D/nofatclips(  297): Testing for name () against the original ()
I/nofatclips(  297): Firing event: type= selectListItem index=8 widget=com.android.internal.app.AlertController$RecycleListView
W/KeyCharacterMap(  297): No keyboard for id 0
W/KeyCharacterMap(  297): Using default keymap: /system/usr/keychars/qwerty.kcm.bin
I/nofatclips(  297): Swapping to listview item 1
D/nofatclips(  297): Event description: Select a photo from gallery
I/nofatclips(  297): Waiting for 100 msec.
I/ActivityManager(   61): Starting: Intent { act=android.intent.action.PICK typ=image/* cmp=com.android.gallery/com.android.camera.ImageGallery } from pid 297
I/ActivityManager(   61): Start proc com.android.gallery for activity com.android.gallery/com.android.camera.ImageGallery: pid=316 uid=10000 gids={1015, 1006, 2001, 3003}
D/dalvikvm(   61): GC_CONCURRENT freed 704K, 46% free 4191K/7623K, external 1316K/1828K, paused 17ms+24ms
W/InputManagerService(   61): Window already focused, ignoring focus gain of: com.android.internal.view.IInputMethodClient$Stub$Proxy@4075ce10
I/nofatclips(  297): Current activity is EditContent
I/nofatclips(  297): Retrieving widgets
D/nofatclips(  297): Found widget: id=16908290 (android.widget.FrameLayout@406fab68)
D/nofatclips(  297): Found widget: id=-1 (android.widget.LinearLayout@406fb5c0)
D/nofatclips(  297): Found widget: id=-1 (android.widget.LinearLayout@406fb7e0)
D/nofatclips(  297): Found widget: id=2131165265 (org.wordpress.android.util.WPEditText@406fba80): 
D/nofatclips(  297): Found widget: id=2131165289 (android.widget.RelativeLayout@406fcbf0)
D/nofatclips(  297): Found widget: id=-1 (android.widget.HorizontalScrollView@406fe120)
D/nofatclips(  297): Found widget: id=-1 (android.widget.RelativeLayout@406fe8d0)
D/nofatclips(  297): Found widget: id=2131165290 (android.widget.ToggleButton@406fefa8): B
D/nofatclips(  297): Found widget: id=2131165291 (android.widget.ToggleButton@40700a80): I 
D/nofatclips(  297): Found widget: id=2131165292 (android.widget.ToggleButton@40701568):  U 
D/nofatclips(  297): Found widget: id=2131165293 (android.widget.ToggleButton@4070ce28):  ABC 
D/nofatclips(  297): Found widget: id=2131165294 (android.widget.Button@4070da58):  link 
D/nofatclips(  297): Found widget: id=2131165295 (android.widget.ToggleButton@4070e668): "
D/nofatclips(  297): Found widget: id=2131165296 (android.widget.Button@4070f2e0): More
D/nofatclips(  297): Found widget: id=2131165297 (android.widget.ImageButton@4070fdd8)
D/nofatclips(  297): Found widget: id=-1 (com.android.internal.policy.impl.PhoneWindow$DecorView@406fa860)
V/ReflectionHelper(  297): org.wordpress.android.util.WPEditText > mOnFocusChangeListener FOUND | ACTIVE
V/nicola  (  297): TextualID : postContent
V/nicola  (  297): ContentType detected : default
V/nicola  (  297): TextualID : bold
V/nicola  (  297): ContentType detected : default
V/nicola  (  297): TextualID : em
V/nicola  (  297): ContentType detected : default
D/installd(   35): DexInv: --- BEGIN '/system/app/Gallery.apk' ---
V/nicola  (  297): TextualID : underline
V/nicola  (  297): ContentType detected : default
V/nicola  (  297): TextualID : strike
V/nicola  (  297): ContentType detected : default
V/nicola  (  297): TextualID : link
V/nicola  (  297): ContentType detected : default
V/nicola  (  297): TextualID : bquote
V/nicola  (  297): ContentType detected : default
V/nicola  (  297): TextualID : more
V/nicola  (  297): ContentType detected : default
I/nofatclips(  297): Performing comparation for activity EditContent
D/nofatclips(  297): Comparing against activity EditContent
D/nofatclips(  297): Comparing against activity EditContent
D/nofatclips(  297): Comparing against activity EditContent
D/nofatclips(  297): Comparing against activity EditPost
D/nofatclips(  297): Comparing against activity EditContent
D/nofatclips(  297): Comparing against activity EditContent
D/nofatclips(  297): Comparing against activity EditContent
D/nofatclips(  297): Comparing against activity EditPost
D/nofatclips(  297): Comparing against activity EditPost
I/nofatclips(  297): Registering activity EditContent (id: a18) as a new found state
D/nofatclips(  297): Performing backup of the old activity list on disk
D/nofatclips(  297): Saving new found state 'a18' on disk
V/nofatclips(  297): Opening state file in append mode.
I/nofatclips(  297): Saved image on disk: a18.jpg
I/nofatclips(  297): Waiting for 100 msec.
D/dalvikvm(  113): GC_EXTERNAL_ALLOC freed 18K, 44% free 3456K/6151K, external 3051K/3180K, paused 730ms
I/nofatclips(  297): Session count is 1. Will dump to disk at 1
I/nofatclips(  297): Saving the session on disk.
I/nofatclips(  297): Planning for new Activity EditContent
D/nofatclips(  297): Handling event 'focus' on widget id=2131165265 type=focusableEditText name=Content
D/nofatclips(  297): Handling event 'click' on widget id=2131165290 type=toggle name=B
D/nofatclips(  297): Handling event 'click' on widget id=2131165291 type=toggle name=I 
D/nofatclips(  297): Handling event 'click' on widget id=2131165292 type=toggle name= U 
D/nofatclips(  297): Handling event 'click' on widget id=2131165293 type=toggle name= ABC 
D/nofatclips(  297): Handling event 'click' on widget id=2131165294 type=button name= link 
D/nofatclips(  297): Handling event 'click' on widget id=2131165295 type=toggle name="
D/nofatclips(  297): Handling event 'click' on widget id=2131165296 type=button name=More
D/nofatclips(  297): Handling event 'click' on widget id=2131165297 type=button name=
I/nofatclips(  297): Created trace to press the back button
I/nofatclips(  297): Created trace to press the menu button
I/nofatclips(  297): Created trace to change orientation
D/dalvikvm(  297): GC_CONCURRENT freed 1893K, 54% free 3956K/8455K, external 4318K/4644K, paused 3ms+15ms
D/dalvikvm(  324): DexOpt: load 828ms, verify+opt 1591ms
D/installd(   35): DexInv: --- END '/system/app/Gallery.apk' (success) ---
I/nofatclips(  297): Check for termination: 83 steps left of 100
I/nofatclips(  297): Dispatching new task. 2 more tasks remaining.
D/nofatclips(  297): Performing backup of the old task list on disk
D/nofatclips(  297): Saving task list on disk
V/nofatclips(  297): Backing up trace #263 to disk.
V/nofatclips(  297): Backing up trace #264 to disk.
D/nofatclips(  297): Deleting backup of the old task list from disk
D/nofatclips(  297): Deleting backup of the old activity list from disk
I/nofatclips(  297): Incrementally Playing Trace 264
I/nofatclips(  297): Retrieved from return list id=2131165265
D/nofatclips(  297): Testing for type (org.wordpress.android.util.WPEditText) against the original (org.wordpress.android.util.WPEditText)
D/nofatclips(  297): Testing for name (Content) against the original (Content)
I/nofatclips(  297): Firing event: type= focus index=3 widget=org.wordpress.android.util.WPEditText
D/dalvikvm(  316): GC_CONCURRENT freed 500K, 55% free 2671K/5831K, external 1030K/1038K, paused 3ms+2ms
D/dalvikvm(  316): GC_EXTERNAL_ALLOC freed 4K, 55% free 2667K/5831K, external 1030K/1038K, paused 34ms
I/ActivityManager(   61): Displayed com.android.gallery/com.android.camera.ImageGallery: +6s289ms
W/InputDispatcher(   61): Permission denied: injecting event from pid 297 uid 10034 to window with input channel 406a5e08 com.android.gallery/com.android.camera.ImageGallery (server) owned by uid 10000
W/WindowManager(   61): Input event injection permission denied.
I/nofatclips(  297): Saving the session on disk. This is the last batch. The session will be terminated.
D/dalvikvm(  297): GC_FOR_MALLOC freed 1235K, 55% free 3837K/8519K, external 3272K/4087K, paused 54ms
D/nofatclips(  297): Performing backup of the old task list on disk
D/nofatclips(  297): Saving task list on disk
V/nofatclips(  297): Backing up trace #263 to disk.
D/nofatclips(  297): Deleting backup of the old task list from disk
D/dalvikvm(  297): GC_EXPLICIT freed 313K, 56% free 3821K/8519K, external 3272K/4087K, paused 55ms
D/dalvikvm(  297): GC_EXPLICIT freed 60K, 56% free 3760K/8519K, external 2260K/2860K, paused 55ms
I/TestRunner(  297): failed: testAndCrawl(com.nofatclips.crawler.guitree.NomadEngine)
I/TestRunner(  297): ----- begin exception -----
I/TestRunner(  297): 
I/TestRunner(  297): junit.framework.AssertionFailedError: Can not complete action!
I/TestRunner(  297): 	at junit.framework.Assert.fail(Assert.java:47)
I/TestRunner(  297): 	at junit.framework.Assert.assertTrue(Assert.java:20)
I/TestRunner(  297): 	at com.jayway.android.robotium.solo.RobotiumUtils.sendKeyCode(RobotiumUtils.java:55)
I/TestRunner(  297): 	at com.jayway.android.robotium.solo.Solo.sendKey(Solo.java:1978)
I/TestRunner(  297): 	at com.nofatclips.crawler.automation.RobotUtilities.requestView(RobotUtilities.java:258)
I/TestRunner(  297): 	at com.nofatclips.crawler.automation.Automation.requestView(Automation.java:398)
I/TestRunner(  297): 	at com.nofatclips.crawler.automation.Automation.injectInteraction(Automation.java:206)
I/TestRunner(  297): 	at com.nofatclips.crawler.automation.Automation.fireEventOnView(Automation.java:197)
I/TestRunner(  297): 	at com.nofatclips.crawler.automation.Automation.fireEvent(Automation.java:139)
I/TestRunner(  297): 	at com.nofatclips.crawler.automation.Automation.process(Automation.java:110)
I/TestRunner(  297): 	at com.nofatclips.crawler.guitree.RandomEngine.process(RandomEngine.java:88)
I/TestRunner(  297): 	at com.nofatclips.crawler.Engine.testAndCrawl(Engine.java:73)
I/TestRunner(  297): 	at java.lang.reflect.Method.invokeNative(Native Method)
I/TestRunner(  297): 	at java.lang.reflect.Method.invoke(Method.java:507)
I/TestRunner(  297): 	at android.test.InstrumentationTestCase.runMethod(InstrumentationTestCase.java:204)
I/TestRunner(  297): 	at android.test.InstrumentationTestCase.runTest(InstrumentationTestCase.java:194)
I/TestRunner(  297): 	at android.test.ActivityInstrumentationTestCase2.runTest(ActivityInstrumentationTestCase2.java:186)
I/TestRunner(  297): 	at junit.framework.TestCase.runBare(TestCase.java:127)
I/TestRunner(  297): 	at junit.framework.TestResult$1.protect(TestResult.java:106)
I/TestRunner(  297): 	at junit.framework.TestResult.runProtected(TestResult.java:124)
I/TestRunner(  297): 	at junit.framework.TestResult.run(TestResult.java:109)
I/TestRunner(  297): 	at junit.framework.TestCase.run(TestCase.java:118)
I/TestRunner(  297): 	at android.test.AndroidTestRunner.runTest(AndroidTestRunner.java:169)
I/TestRunner(  297): 	at android.test.AndroidTestRunner.runTest(AndroidTestRunner.java:154)
I/TestRunner(  297): 	at android.test.InstrumentationTestRunner.onStart(InstrumentationTestRunner.java:529)
I/TestRunner(  297): 	at android.app.Instrumentation$InstrumentationThread.run(Instrumentation.java:1448)
I/TestRunner(  297): ----- end exception -----
I/TestRunner(  297): finished: testAndCrawl(com.nofatclips.crawler.guitree.NomadEngine)
E/InstrumentationTestRunner(  297): Failed to generate emma coverage. Is emma jar on classpath?
E/InstrumentationTestRunner(  297): java.lang.ClassNotFoundException: com.vladium.emma.rt.RT
E/InstrumentationTestRunner(  297): 	at java.lang.Class.classForName(Native Method)
E/InstrumentationTestRunner(  297): 	at java.lang.Class.forName(Class.java:234)
E/InstrumentationTestRunner(  297): 	at java.lang.Class.forName(Class.java:181)
E/InstrumentationTestRunner(  297): 	at android.test.InstrumentationTestRunner.generateCoverageReport(InstrumentationTestRunner.java:578)
E/InstrumentationTestRunner(  297): 	at android.test.InstrumentationTestRunner.onStart(InstrumentationTestRunner.java:545)
E/InstrumentationTestRunner(  297): 	at android.app.Instrumentation$InstrumentationThread.run(Instrumentation.java:1448)
E/InstrumentationTestRunner(  297): Caused by: java.lang.NoClassDefFoundError: com.vladium.emma.rt.RT
E/InstrumentationTestRunner(  297): 	... 6 more
E/InstrumentationTestRunner(  297): Caused by: java.lang.ClassNotFoundException: com.vladium.emma.rt.RT in loader dalvik.system.PathClassLoader[/system/framework/android.test.runner.jar:/data/app/com.nofatclips.crawler-1.apk:/data/app/org.wordpress.android-1.apk]
E/InstrumentationTestRunner(  297): 	at dalvik.system.PathClassLoader.findClass(PathClassLoader.java:240)
E/InstrumentationTestRunner(  297): 	at java.lang.ClassLoader.loadClass(ClassLoader.java:551)
E/InstrumentationTestRunner(  297): 	at java.lang.ClassLoader.loadClass(ClassLoader.java:511)
E/InstrumentationTestRunner(  297): 	... 6 more
I/ActivityManager(   61): Force stopping package org.wordpress.android uid=10034
I/Process (   61): Sending signal. PID: 297 SIG: 9
I/ActivityManager(   61):   Force finishing activity HistoryRecord{40707c38 org.wordpress.android/.EditPost}
D/AndroidRuntime(  270): Shutting down VM
D/dalvikvm(  270): GC_CONCURRENT freed 111K, 71% free 297K/1024K, external 0K/0K, paused 0ms+1ms
D/jdwp    (  270): adbd disconnected
I/WindowManager(   61): WIN DEATH: Window{40709668 org.wordpress.android/org.wordpress.android.EditPost paused=true}
I/dalvikvm(  270): JNI: AttachCurrentThread (from ???.???)
I/AndroidRuntime(  270): NOTE: attach of thread 'Binder Thread #3' failed
I/DEBUG   (   31): debuggerd: Feb  3 2011 14:45:34
D/qemud   (   38): entering main loop
I/Vold    (   29): Vold 2.1 (the revenge) firing up
D/Vold    (   29): USB mass storage support is not enabled in the kernel
D/Vold    (   29): usb_configuration switch is not enabled in the kernel
D/Vold    (   29): Volume sdcard state changing -1 (Initializing) -> 0 (No-Media)
I/Netd    (   30): Netd 1.0 starting
D/Vold    (   29): Volume sdcard state changing 0 (No-Media) -> 1 (Idle-Unmounted)
D/qemud   (   38): fdhandler_accept_event: accepting on fd 9
D/qemud   (   38): created client 0xe078 listening on fd 10
D/qemud   (   38): client_fd_receive: attempting registration for service 'boot-properties'
D/qemud   (   38): client_fd_receive:    -> received channel id 1
D/qemud   (   38): client_registration: registration succeeded for client 1
I/qemu-props(   52): connected to 'boot-properties' qemud service.
I/qemu-props(   52): receiving..
I/qemu-props(   52): received: dalvik.vm.heapsize=64m
I/qemu-props(   52): receiving..
I/qemu-props(   52): received: ro.config.low_ram=true
I/qemu-props(   52): receiving..
I/qemu-props(   52): received: qemu.sf.lcd_density=160
I/qemu-props(   52): receiving..
I/qemu-props(   52): received: qemu.hw.mainkeys=0
I/qemu-props(   52): receiving..
I/qemu-props(   52): received: qemu.sf.fake_camera=none
I/qemu-props(   52): receiving..
D/qemud   (   38): fdhandler_event: disconnect on fd 10
I/qemu-props(   52): exiting (5 properties set).
D/AndroidRuntime(   33): 
D/AndroidRuntime(   33): >>>>>> AndroidRuntime START com.android.internal.os.ZygoteInit <<<<<<
D/AndroidRuntime(   33): CheckJNI is ON
I/        (   34): ServiceManager: 0xad50
D/AudioHardwareInterface(   34): setMode(NORMAL)
D/qemud   (   38): fdhandler_accept_event: accepting on fd 9
D/qemud   (   38): created client 0xe078 listening on fd 10
D/qemud   (   38): fdhandler_event: disconnect on fd 10
I/CameraService(   34): CameraService started (pid=34)
D/qemud   (   38): fdhandler_accept_event: accepting on fd 9
D/qemud   (   38): created client 0xe078 listening on fd 10
D/qemud   (   38): client_fd_receive: attempting registration for service 'gsm'
D/qemud   (   38): client_fd_receive:    -> received channel id 2
I/AudioFlinger(   34): AudioFlinger's thread 0xc658 ready to run
D/qemud   (   38): client_registration: registration succeeded for client 2
I/SamplingProfilerIntegration(   33): Profiler is disabled.
I/Zygote  (   33): Preloading classes...
