D/dalvikvm(  766): GC_FOR_ALLOC freed 270K, 28% free 7469K/10311K, paused 150ms, total 155ms
I/dalvikvm-heap(  766): Grow heap (frag case) to 7.925MB for 614416-byte allocation
D/dalvikvm(  766): GC_FOR_ALLOC freed 12K, 22% free 8057K/10311K, paused 92ms, total 92ms
I/nofatclips(  766): Saved image on disk: a16.jpg
I/nofatclips(  766): Waiting for 100 msec.
D/dalvikvm(  766): GC_CONCURRENT freed 615K, 22% free 8058K/10311K, paused 27ms+8ms, total 250ms
I/nofatclips(  766): Session count is 1. Will dump to disk at 1
I/nofatclips(  766): Saving the session on disk.
I/nofatclips(  766): Planning for new Activity TeamList
I/nofatclips(  766): Created trace to press the back button
I/nofatclips(  766): Created trace to press the menu button
I/nofatclips(  766): Created trace to change orientation
D/dalvikvm(  766): GC_CONCURRENT freed 1192K, 27% free 7560K/10311K, paused 22ms+10ms, total 219ms
D/dalvikvm(  766): WAIT_FOR_CONCURRENT_GC blocked 41ms
D/dalvikvm(  766): WAIT_FOR_CONCURRENT_GC blocked 70ms
I/nofatclips(  766): Check for termination: 10 steps left of 25
I/nofatclips(  766): Dispatching new task. 10 more tasks remaining.
D/nofatclips(  766): Performing backup of the old task list on disk
D/nofatclips(  766): Saving task list on disk
V/nofatclips(  766): Backing up trace #55 to disk.
V/nofatclips(  766): Backing up trace #56 to disk.
V/nofatclips(  766): Backing up trace #58 to disk.
V/nofatclips(  766): Backing up trace #59 to disk.
D/dalvikvm(  766): GC_CONCURRENT freed 440K, 26% free 7646K/10311K, paused 21ms+10ms, total 184ms
D/dalvikvm(  766): WAIT_FOR_CONCURRENT_GC blocked 109ms
V/nofatclips(  766): Backing up trace #60 to disk.
V/nofatclips(  766): Backing up trace #61 to disk.
V/nofatclips(  766): Backing up trace #62 to disk.
V/nofatclips(  766): Backing up trace #64 to disk.
D/dalvikvm(  766): GC_CONCURRENT freed 586K, 27% free 7615K/10311K, paused 18ms+9ms, total 174ms
D/dalvikvm(  766): WAIT_FOR_CONCURRENT_GC blocked 66ms
V/nofatclips(  766): Backing up trace #65 to disk.
V/nofatclips(  766): Backing up trace #66 to disk.
D/nofatclips(  766): Deleting backup of the old task list from disk
D/nofatclips(  766): Deleting backup of the old activity list from disk
I/nofatclips(  766): Incrementally Playing Trace 66
D/nofatclips(  766): Firing event: type= back
D/dalvikvm(  766): GC_CONCURRENT freed 566K, 27% free 7550K/10311K, paused 17ms+10ms, total 162ms
W/WindowManager(  149): Failure taking screenshot for (164x246) to layer 21015
I/StandupTimer(  766): Retrieved state.  mettingLengthPos = 5, numParticipants = 2, teamNamePos = 0
D/StandupTimer(  766): Found 0 teams
I/Choreographer(  766): Skipped 90 frames!  The application may be doing too much work on its main thread.
V/PhoneStatusBar(  249): setLightsOn(true)
I/nofatclips(  766): Waiting for 100 msec.
I/nofatclips(  766): Current activity is ConfigureStandupTimer
I/Choreographer(  149): Skipped 57 frames!  The application may be doing too much work on its main thread.
I/nofatclips(  766): Retrieving widgets
D/nofatclips(  766): Found widget: id=-1 (android.widget.LinearLayout@410ceb50)
D/nofatclips(  766): Found widget: id=16909076 (android.view.ViewStub@4105a7e0)
D/nofatclips(  766): Found widget: id=-1 (android.widget.FrameLayout@4101aa28)
D/nofatclips(  766): Found widget: id=16908310 (android.widget.TextView@4107f710): Standup Timer
D/nofatclips(  766): Found widget: id=16908290 (android.widget.FrameLayout@41075ab8)
D/nofatclips(  766): Found widget: id=-1 (android.widget.LinearLayout@41197e10)
D/nofatclips(  766): Found widget: id=-1 (android.widget.LinearLayout@410ffaf8)
D/nofatclips(  766): Found widget: id=-1 (android.widget.TextView@4123fc40): Number of participants
D/nofatclips(  766): Found widget: id=2131361798 (android.widget.EditText@41100450): 2
D/nofatclips(  766): Found widget: id=-1 (android.widget.TextView@41102258): Length of meeting
D/nofatclips(  766): Found widget: id=2131361799 (android.widget.LinearLayout@41101900)
D/nofatclips(  766): Found widget: id=-1 (android.widget.Spinner@4116abc8)
D/nofatclips(  766): Found widget: id=16908308 (android.widget.TextView@41082a78): 5 min
I/Choreographer(  149): Skipped 94 frames!  The application may be doing too much work on its main thread.
D/nofatclips(  766): Found widget: id=-1 (android.widget.TextView@411046c0): Team
D/nofatclips(  766): Found widget: id=2131361800 (android.widget.Spinner@4119b330)
D/nofatclips(  766): Found widget: id=16908308 (android.widget.TextView@412951c8):  [No Team] 
D/nofatclips(  766): Found widget: id=2131361801 (android.widget.Button@41106548): Start
D/nofatclips(  766): Found widget: id=-1 (com.android.internal.policy.impl.PhoneWindow$DecorView@4107d368)
V/nicola  (  766): TextualID : null
V/nicola  (  766): ContentType detected : default
V/nicola  (  766): TextualID : null
V/nicola  (  766): ContentType detected : default
E/ReflectionHelper(  766): java.lang.NoSuchFieldException: mOnFocusChangeListener
V/ReflectionHelper(  766): android.widget.EditText > mOnFocusChangeListener NOT FOUND
V/nicola  (  766): TextualID : num_participants
V/nicola  (  766): ContentType detected : default
V/nicola  (  766): TextualID : null
V/nicola  (  766): ContentType detected : default
V/nicola  (  766): TextualID : null
V/nicola  (  766): ContentType detected : default
V/nicola  (  766): TextualID : null
V/nicola  (  766): ContentType detected : default
V/nicola  (  766): TextualID : null
V/nicola  (  766): ContentType detected : default
V/nicola  (  766): TextualID : start_button
V/nicola  (  766): ContentType detected : default
I/nofatclips(  766): Performing comparation for activity ConfigureStandupTimer
D/nofatclips(  766): Comparing against activity ConfigureStandupTimer
D/nofatclips(  766): Comparing against activity ConfigureStandupTimer
D/nofatclips(  766): Comparing against activity ConfigureStandupTimer
D/nofatclips(  766): Comparing against activity ConfigureStandupTimer
D/nofatclips(  766): Comparing against activity ConfigureStandupTimer
D/nofatclips(  766): Comparing against activity ConfigureStandupTimer
D/nofatclips(  766): Comparing against activity TeamList
D/nofatclips(  766): Comparing against activity ConfigureStandupTimer
D/nofatclips(  766): Comparing against activity ConfigureStandupTimer
D/nofatclips(  766): Comparing against activity ConfigureStandupTimer
D/nofatclips(  766): Comparing against activity ConfigureStandupTimer
D/nofatclips(  766): Comparing against activity ConfigureStandupTimer
D/nofatclips(  766): Comparing against activity ConfigureStandupTimer
D/nofatclips(  766): Comparing against activity ConfigureStandupTimer
D/nofatclips(  766): Comparing against activity ConfigureStandupTimer
D/nofatclips(  766): Comparing against activity ConfigureStandupTimer
I/nofatclips(  766): Registering activity ConfigureStandupTimer (id: a17) as a new found state
D/nofatclips(  766): Performing backup of the old activity list on disk
I/Choreographer(  766): Skipped 64 frames!  The application may be doing too much work on its main thread.
D/nofatclips(  766): Saving new found state 'a17' on disk
V/nofatclips(  766): Opening state file in append mode.
D/dalvikvm(  766): GC_FOR_ALLOC freed 398K, 28% free 7494K/10311K, paused 129ms, total 148ms
I/dalvikvm-heap(  766): Grow heap (frag case) to 7.950MB for 614416-byte allocation
D/dalvikvm(  766): GC_FOR_ALLOC freed 10K, 22% free 8083K/10311K, paused 191ms, total 191ms
D/dalvikvm(  766): GC_CONCURRENT freed 1K, 16% free 8684K/10311K, paused 37ms+9ms, total 180ms
D/dalvikvm(  766): WAIT_FOR_CONCURRENT_GC blocked 77ms
I/nofatclips(  766): Saved image on disk: a17.jpg
I/nofatclips(  766): Waiting for 100 msec.
I/nofatclips(  766): Session count is 1. Will dump to disk at 1
I/nofatclips(  766): Saving the session on disk.
I/nofatclips(  766): Planning for new Activity ConfigureStandupTimer
D/nofatclips(  766): Handling event selectSpinnerItem for items [1,1] on spinner #2131361800 count=1
D/nofatclips(  766): Handling input 'writeText' on widget id=2131361798 type=editText name=
V/nofatclips(  766): Using value: 21
D/dalvikvm(  766): GC_CONCURRENT freed 1991K, 27% free 7596K/10311K, paused 20ms+10ms, total 181ms
D/dalvikvm(  766): WAIT_FOR_CONCURRENT_GC blocked 44ms
D/dalvikvm(  766): WAIT_FOR_CONCURRENT_GC blocked 72ms
D/nofatclips(  766): Handling event 'click' on widget id=2131361801 type=button name=Start
D/nofatclips(  766): Handling input 'writeText' on widget id=2131361798 type=editText name=
V/nofatclips(  766): Using value: 21
I/nofatclips(  766): Created trace to press the back button
I/nofatclips(  766): Created trace to press the menu button
I/nofatclips(  766): Created trace to change orientation
D/dalvikvm(  766): GC_CONCURRENT freed 548K, 27% free 7588K/10311K, paused 46ms+14ms, total 199ms
D/dalvikvm(  766): WAIT_FOR_CONCURRENT_GC blocked 15ms
D/dalvikvm(  766): WAIT_FOR_CONCURRENT_GC blocked 68ms
I/nofatclips(  766): Check for termination: 9 steps left of 25
I/nofatclips(  766): Dispatching new task. 10 more tasks remaining.
D/nofatclips(  766): Performing backup of the old task list on disk
D/nofatclips(  766): Saving task list on disk
V/nofatclips(  766): Backing up trace #59 to disk.
V/nofatclips(  766): Backing up trace #60 to disk.
V/nofatclips(  766): Backing up trace #61 to disk.
D/dalvikvm(  766): GC_CONCURRENT freed 453K, 26% free 7672K/10311K, paused 17ms+7ms, total 136ms
D/dalvikvm(  766): WAIT_FOR_CONCURRENT_GC blocked 11ms
D/dalvikvm(  766): WAIT_FOR_CONCURRENT_GC blocked 64ms
V/nofatclips(  766): Backing up trace #62 to disk.
V/nofatclips(  766): Backing up trace #64 to disk.
V/nofatclips(  766): Backing up trace #65 to disk.
D/dalvikvm(  766): GC_CONCURRENT freed 595K, 27% free 7628K/10311K, paused 17ms+11ms, total 167ms
D/dalvikvm(  766): WAIT_FOR_CONCURRENT_GC blocked 73ms
V/nofatclips(  766): Backing up trace #67 to disk.
V/nofatclips(  766): Backing up trace #68 to disk.
V/nofatclips(  766): Backing up trace #69 to disk.
V/nofatclips(  766): Backing up trace #70 to disk.
D/dalvikvm(  766): GC_CONCURRENT freed 507K, 26% free 7671K/10311K, paused 16ms+9ms, total 155ms
D/dalvikvm(  766): WAIT_FOR_CONCURRENT_GC blocked 7ms
D/dalvikvm(  766): WAIT_FOR_CONCURRENT_GC blocked 57ms
D/nofatclips(  766): Deleting backup of the old task list from disk
D/nofatclips(  766): Deleting backup of the old activity list from disk
I/nofatclips(  766): Incrementally Playing Trace 70
I/nofatclips(  766): Retrieved from return list id=-1
D/nofatclips(  766): Testing for type (android.widget.LinearLayout) against the original (null)
I/nofatclips(  766): Firing event: type= openMenu name= widget=null
I/nofatclips(  766): Waiting for 100 msec.
I/Choreographer(  766): Skipped 107 frames!  The application may be doing too much work on its main thread.
I/nofatclips(  766): Current activity is ConfigureStandupTimer
I/nofatclips(  766): Retrieving widgets
D/nofatclips(  766): Found widget: id=16908939 (com.android.internal.view.menu.IconMenuView@4117fbe0)
D/nofatclips(  766): Found widget: id=16908310 (com.android.internal.view.menu.IconMenuItemView@4119d5b8): Settings
D/nofatclips(  766): Found widget: id=16908310 (com.android.internal.view.menu.IconMenuItemView@41256d20): Teams
D/nofatclips(  766): Found widget: id=16908310 (com.android.internal.view.menu.IconMenuItemView@412831c0): About
D/nofatclips(  766): Found widget: id=16908310 (com.android.internal.view.menu.IconMenuItemView@4107c060): Help
D/nofatclips(  766): Found widget: id=-1 (com.android.internal.policy.impl.PhoneWindow$DecorView@412958c0)
E/ReflectionHelper(  766): java.lang.NoSuchFieldException: mOnFocusChangeListener
V/ReflectionHelper(  766): com.android.internal.view.menu.IconMenuView > mOnFocusChangeListener NOT FOUND
V/nicola  (  766): TextualID : null
V/nicola  (  766): ContentType detected : default
V/nicola  (  766): TextualID : null
V/nicola  (  766): ContentType detected : default
V/nicola  (  766): TextualID : null
V/nicola  (  766): ContentType detected : default
V/nicola  (  766): TextualID : null
V/nicola  (  766): ContentType detected : default
I/nofatclips(  766): Performing comparation for activity ConfigureStandupTimer
D/nofatclips(  766): Comparing against activity ConfigureStandupTimer
D/nofatclips(  766): Comparing against activity ConfigureStandupTimer
D/nofatclips(  766): Comparing against activity ConfigureStandupTimer
D/nofatclips(  766): Comparing against activity ConfigureStandupTimer
D/nofatclips(  766): Comparing against activity ConfigureStandupTimer
D/nofatclips(  766): Comparing against activity ConfigureStandupTimer
D/nofatclips(  766): Comparing against activity ConfigureStandupTimer
D/nofatclips(  766): Comparing against activity TeamList
D/nofatclips(  766): Comparing against activity ConfigureStandupTimer
D/nofatclips(  766): Comparing against activity ConfigureStandupTimer
D/nofatclips(  766): Comparing against activity ConfigureStandupTimer
D/nofatclips(  766): Comparing against activity ConfigureStandupTimer
D/nofatclips(  766): Comparing against activity ConfigureStandupTimer
D/nofatclips(  766): Comparing against activity ConfigureStandupTimer
D/nofatclips(  766): Comparing against activity ConfigureStandupTimer
D/nofatclips(  766): Comparing against activity ConfigureStandupTimer
D/nofatclips(  766): Comparing against activity ConfigureStandupTimer
I/nofatclips(  766): Registering activity ConfigureStandupTimer (id: a18) as a new found state
D/nofatclips(  766): Performing backup of the old activity list on disk
D/nofatclips(  766): Saving new found state 'a18' on disk
V/nofatclips(  766): Opening state file in append mode.
D/dalvikvm(  766): GC_CONCURRENT freed 503K, 26% free 7685K/10311K, paused 22ms+16ms, total 162ms
D/dalvikvm(  766): WAIT_FOR_CONCURRENT_GC blocked 142ms
I/nofatclips(  766): Saved image on disk: a18.jpg
I/nofatclips(  766): Waiting for 100 msec.
I/nofatclips(  766): Session count is 1. Will dump to disk at 1
I/nofatclips(  766): Saving the session on disk.
I/nofatclips(  766): Planning for new Activity ConfigureStandupTimer
D/nofatclips(  766): Handling event 'click' on widget id=16908310 type=menuItem name=Settings
D/nofatclips(  766): Handling event 'click' on widget id=16908310 type=menuItem name=Teams
D/nofatclips(  766): Handling event 'click' on widget id=16908310 type=menuItem name=About
D/nofatclips(  766): Handling event 'click' on widget id=16908310 type=menuItem name=Help
I/nofatclips(  766): Created trace to press the back button
I/nofatclips(  766): Created trace to press the menu button
I/nofatclips(  766): Created trace to change orientation
D/dalvikvm(  766): GC_CONCURRENT freed 708K, 27% free 7548K/10311K, paused 21ms+46ms, total 613ms
D/dalvikvm(  766): WAIT_FOR_CONCURRENT_GC blocked 91ms
D/dalvikvm(  766): WAIT_FOR_CONCURRENT_GC blocked 113ms
D/dalvikvm(  766): GC_CONCURRENT freed 440K, 26% free 7632K/10311K, paused 23ms+52ms, total 335ms
D/dalvikvm(  766): WAIT_FOR_CONCURRENT_GC blocked 188ms
D/dalvikvm(  766): WAIT_FOR_CONCURRENT_GC blocked 214ms
I/nofatclips(  766): Check for termination: 8 steps left of 25
I/nofatclips(  766): Dispatching new task. 10 more tasks remaining.
D/nofatclips(  766): Performing backup of the old task list on disk
D/nofatclips(  766): Saving task list on disk
V/nofatclips(  766): Backing up trace #65 to disk.
V/nofatclips(  766): Backing up trace #67 to disk.
D/dalvikvm(  766): GC_CONCURRENT freed 481K, 26% free 7700K/10311K, paused 20ms+9ms, total 145ms
D/dalvikvm(  766): WAIT_FOR_CONCURRENT_GC blocked 70ms
V/nofatclips(  766): Backing up trace #68 to disk.
V/nofatclips(  766): Backing up trace #69 to disk.
V/nofatclips(  766): Backing up trace #71 to disk.
D/dalvikvm(  766): GC_CONCURRENT freed 513K, 25% free 7749K/10311K, paused 16ms+7ms, total 188ms
D/dalvikvm(  766): WAIT_FOR_CONCURRENT_GC blocked 66ms
V/nofatclips(  766): Backing up trace #72 to disk.
V/nofatclips(  766): Backing up trace #73 to disk.
V/nofatclips(  766): Backing up trace #74 to disk.
V/nofatclips(  766): Backing up trace #75 to disk.
D/dalvikvm(  766): GC_CONCURRENT freed 610K, 26% free 7730K/10311K, paused 27ms+7ms, total 225ms
D/dalvikvm(  766): WAIT_FOR_CONCURRENT_GC blocked 46ms
D/dalvikvm(  766): WAIT_FOR_CONCURRENT_GC blocked 76ms
V/nofatclips(  766): Backing up trace #76 to disk.
D/nofatclips(  766): Deleting backup of the old task list from disk
D/nofatclips(  766): Deleting backup of the old activity list from disk
I/nofatclips(  766): Incrementally Playing Trace 76
I/nofatclips(  766): Retrieved from return list id=16908310
D/nofatclips(  766): Testing for type (com.android.internal.view.menu.IconMenuItemView) against the original (com.android.internal.view.menu.IconMenuItemView)
D/nofatclips(  766): Testing for name (Teams) against the original (Teams)
I/nofatclips(  766): Firing event: type= click index=2 widget=com.android.internal.view.menu.IconMenuItemView
D/InputEventConsistencyVerifier(  766): KeyEvent: ACTION_UP but key was not down.
D/InputEventConsistencyVerifier(  766):   in com.android.internal.policy.impl.PhoneWindow$DecorView@412958c0
D/InputEventConsistencyVerifier(  766):   0: sent at 393110000000, KeyEvent { action=ACTION_UP, keyCode=KEYCODE_DPAD_UP, scanCode=0, metaState=0, flags=0x8, repeatCount=0, eventTime=393110, downTime=393110, deviceId=-1, source=0x101 }
D/InputEventConsistencyVerifier(  766):   -- recent events --
D/InputEventConsistencyVerifier(  766):   1: sent at 375591000000, MotionEvent { action=ACTION_UP, id[0]=0, x[0]=239.0, y[0]=45.0, toolType[0]=TOOL_TYPE_UNKNOWN, buttonState=0, metaState=0, flags=0x0, edgeFlags=0x0, pointerCount=1, historySize=0, eventTime=375591, downTime=375591, deviceId=0, source=0x1002 }
D/InputEventConsistencyVerifier(  766):   2: sent at 375591000000, MotionEvent { action=ACTION_DOWN, id[0]=0, x[0]=239.0, y[0]=45.0, toolType[0]=TOOL_TYPE_UNKNOWN, buttonState=0, metaState=0, flags=0x0, edgeFlags=0x0, pointerCount=1, historySize=0, eventTime=375591, downTime=375591, deviceId=0, source=0x1002 }
D/InputEventConsistencyVerifier(  766):   3: sent at 373843000000, (unhandled) KeyEvent { action=ACTION_UP, keyCode=KEYCODE_DPAD_UP, scanCode=0, metaState=0, flags=0x80000008, repeatCount=0, eventTime=373843, downTime=373843, deviceId=-1, source=0x101 }
I/Choreographer(  766): Skipped 143 frames!  The application may be doing too much work on its main thread.
D/nofatclips(  766): Event description: Teams
I/Choreographer(  766): Skipped 154 frames!  The application may be doing too much work on its main thread.
I/nofatclips(  766): Waiting for 100 msec.
D/StandupTimer(  766): Displaying the team configuration
I/ActivityManager(  149): START {cmp=net.johnpwood.android.standuptimer/.TeamList u=0} from pid 766
W/WindowManager(  149): Failure taking screenshot for (164x246) to layer 21015
I/Choreographer(  766): Skipped 104 frames!  The application may be doing too much work on its main thread.
D/StandupTimer(  766): Found 0 teams
V/PhoneStatusBar(  249): setLightsOn(true)
I/Choreographer(  766): Skipped 241 frames!  The application may be doing too much work on its main thread.
I/ActivityManager(  149): Displayed net.johnpwood.android.standuptimer/.TeamList: +1s134ms
I/Choreographer(  766): Skipped 50 frames!  The application may be doing too much work on its main thread.
I/Choreographer(  149): Skipped 57 frames!  The application may be doing too much work on its main thread.
I/Choreographer(  149): Skipped 75 frames!  The application may be doing too much work on its main thread.
I/Choreographer(  149): Skipped 146 frames!  The application may be doing too much work on its main thread.
I/nofatclips(  766): Current activity is TeamList
I/nofatclips(  766): Retrieving widgets
D/nofatclips(  766): Found widget: id=-1 (android.widget.LinearLayout@41145790)
D/nofatclips(  766): Found widget: id=16909076 (android.view.ViewStub@410a9158)
D/nofatclips(  766): Found widget: id=-1 (android.widget.FrameLayout@410ae848)
D/nofatclips(  766): Found widget: id=16908310 (android.widget.TextView@41108a70): Teams
D/nofatclips(  766): Found widget: id=16908290 (android.widget.FrameLayout@41149148)
D/nofatclips(  766): Found widget: id=-1 (android.widget.LinearLayout@4116d3c8)
D/nofatclips(  766): Found widget: id=16908298 (android.widget.ListView@412ca1f0)
D/nofatclips(  766): Found widget: id=16908292 (android.widget.TextView@41161ee8): No teams configured
D/nofatclips(  766): Found widget: id=-1 (com.android.internal.policy.impl.PhoneWindow$DecorView@411015c8)
V/nicola  (  766): TextualID : null
V/nicola  (  766): ContentType detected : default
V/nicola  (  766): TextualID : null
V/nicola  (  766): ContentType detected : default
I/nofatclips(  766): Performing comparation for activity TeamList
D/nofatclips(  766): Comparing against activity ConfigureStandupTimer
D/nofatclips(  766): Comparing against activity ConfigureStandupTimer
D/nofatclips(  766): Comparing against activity ConfigureStandupTimer
D/nofatclips(  766): Comparing against activity ConfigureStandupTimer
D/nofatclips(  766): Comparing against activity ConfigureStandupTimer
D/nofatclips(  766): Comparing against activity ConfigureStandupTimer
D/nofatclips(  766): Comparing against activity ConfigureStandupTimer
D/nofatclips(  766): Comparing against activity TeamList
D/nofatclips(  766): Comparing against activity ConfigureStandupTimer
D/nofatclips(  766): Comparing against activity ConfigureStandupTimer
D/nofatclips(  766): Comparing against activity ConfigureStandupTimer
D/nofatclips(  766): Comparing against activity ConfigureStandupTimer
D/nofatclips(  766): Comparing against activity ConfigureStandupTimer
D/nofatclips(  766): Comparing against activity ConfigureStandupTimer
D/nofatclips(  766): Comparing against activity ConfigureStandupTimer
D/nofatclips(  766): Comparing against activity ConfigureStandupTimer
D/nofatclips(  766): Comparing against activity ConfigureStandupTimer
D/nofatclips(  766): Comparing against activity ConfigureStandupTimer
I/nofatclips(  766): Registering activity TeamList (id: a19) as a new found state
D/nofatclips(  766): Performing backup of the old activity list on disk
D/nofatclips(  766): Saving new found state 'a19' on disk
V/nofatclips(  766): Opening state file in append mode.
D/dalvikvm(  766): GC_CONCURRENT freed 690K, 27% free 7625K/10311K, paused 232ms+21ms, total 1140ms
D/dalvikvm(  766): WAIT_FOR_CONCURRENT_GC blocked 128ms
D/dalvikvm(  766): WAIT_FOR_CONCURRENT_GC blocked 228ms
D/dalvikvm(  766): GC_FOR_ALLOC freed 58K, 27% free 7572K/10311K, paused 156ms, total 157ms
I/dalvikvm-heap(  766): Grow heap (frag case) to 8.026MB for 614416-byte allocation
D/dalvikvm(  766): GC_FOR_ALLOC freed <1K, 21% free 8172K/10311K, paused 196ms, total 196ms
I/nofatclips(  766): Saved image on disk: a19.jpg
I/nofatclips(  766): Waiting for 100 msec.
D/dalvikvm(  766): GC_CONCURRENT freed 616K, 21% free 8172K/10311K, paused 59ms+8ms, total 305ms
I/nofatclips(  766): Session count is 1. Will dump to disk at 1
I/nofatclips(  766): Saving the session on disk.
I/nofatclips(  766): Planning for new Activity TeamList
I/nofatclips(  766): Created trace to press the back button
I/nofatclips(  766): Created trace to press the menu button
I/nofatclips(  766): Created trace to change orientation
D/dalvikvm(  766): GC_CONCURRENT freed 1228K, 26% free 7676K/10311K, paused 21ms+14ms, total 347ms
D/dalvikvm(  766): WAIT_FOR_CONCURRENT_GC blocked 100ms
D/dalvikvm(  766): WAIT_FOR_CONCURRENT_GC blocked 118ms
I/nofatclips(  766): Check for termination: 7 steps left of 25
I/nofatclips(  766): Dispatching new task. 10 more tasks remaining.
D/nofatclips(  766): Performing backup of the old task list on disk
D/nofatclips(  766): Saving task list on disk
V/nofatclips(  766): Backing up trace #68 to disk.
V/nofatclips(  766): Backing up trace #69 to disk.
V/nofatclips(  766): Backing up trace #71 to disk.
D/dalvikvm(  766): GC_CONCURRENT freed 488K, 25% free 7749K/10311K, paused 20ms+8ms, total 167ms
D/dalvikvm(  766): WAIT_FOR_CONCURRENT_GC blocked 55ms
V/nofatclips(  766): Backing up trace #72 to disk.
V/nofatclips(  766): Backing up trace #73 to disk.
V/nofatclips(  766): Backing up trace #74 to disk.
V/nofatclips(  766): Backing up trace #75 to disk.
D/dalvikvm(  766): GC_CONCURRENT freed 555K, 25% free 7776K/10311K, paused 17ms+7ms, total 210ms
D/dalvikvm(  766): WAIT_FOR_CONCURRENT_GC blocked 94ms
V/nofatclips(  766): Backing up trace #77 to disk.
V/nofatclips(  766): Backing up trace #78 to disk.
V/nofatclips(  766): Backing up trace #79 to disk.
D/dalvikvm(  766): GC_CONCURRENT freed 626K, 26% free 7730K/10311K, paused 22ms+20ms, total 292ms
D/dalvikvm(  766): WAIT_FOR_CONCURRENT_GC blocked 154ms
D/nofatclips(  766): Deleting backup of the old task list from disk
D/nofatclips(  766): Deleting backup of the old activity list from disk
I/nofatclips(  766): Incrementally Playing Trace 79
I/nofatclips(  766): Retrieved from return list id=-1
D/nofatclips(  766): Testing for type (android.widget.LinearLayout) against the original (null)
I/nofatclips(  766): Firing event: type= changeOrientation name= widget=null
W/SurfaceFlinger(   36): createScreenshotSurface failed (Function not implemented)
I/InputReader(  149): Reconfiguring input devices.  changes=0x00000004
I/InputReader(  149): Device reconfigured: id=0, name='qwerty2', surface size is now 320x480, mode is 1
I/ActivityManager(  149): Config changed: {1.0 310mcc260mnc en_US sw320dp w480dp h295dp nrml land finger qwerty/v/v tball/v s.12}
I/nofatclips(  766): Waiting for 100 msec.
D/StandupTimer(  766): Found 0 teams
I/Choreographer(  766): Skipped 54 frames!  The application may be doing too much work on its main thread.
I/Choreographer(  766): Skipped 87 frames!  The application may be doing too much work on its main thread.
I/Choreographer(  249): Skipped 202 frames!  The application may be doing too much work on its main thread.
W/WindowManager(  149): Window freeze timeout expired.
W/WindowManager(  149): Force clearing orientation change: Window{413ec268 StatusBar paused=false}
W/WindowManager(  149): Force clearing orientation change: Window{41772fb0 net.johnpwood.android.standuptimer/net.johnpwood.android.standuptimer.TeamList paused=false}
W/WindowManager(  149): Force clearing orientation change: Window{4149fc88 com.android.systemui.ImageWallpaper paused=false}
I/Choreographer(  766): Skipped 59 frames!  The application may be doing too much work on its main thread.
I/Choreographer(  149): Skipped 43 frames!  The application may be doing too much work on its main thread.
I/nofatclips(  766): Current activity is TeamList
I/nofatclips(  766): Retrieving widgets
D/nofatclips(  766): Found widget: id=-1 (android.widget.LinearLayout@4111ab40)
D/nofatclips(  766): Found widget: id=16909076 (android.view.ViewStub@4100e898)
D/nofatclips(  766): Found widget: id=-1 (android.widget.FrameLayout@410cca60)
D/nofatclips(  766): Found widget: id=16908310 (android.widget.TextView@410c1698): Teams
D/nofatclips(  766): Found widget: id=16908290 (android.widget.FrameLayout@4111cd18)
D/nofatclips(  766): Found widget: id=-1 (android.widget.LinearLayout@411751e8)
D/nofatclips(  766): Found widget: id=16908298 (android.widget.ListView@411b1fa0)
D/nofatclips(  766): Found widget: id=16908292 (android.widget.TextView@412b6c90): No teams configured
D/nofatclips(  766): Found widget: id=-1 (com.android.internal.policy.impl.PhoneWindow$DecorView@41155330)
V/nicola  (  766): TextualID : null
V/nicola  (  766): ContentType detected : default
V/nicola  (  766): TextualID : null
V/nicola  (  766): ContentType detected : default
I/nofatclips(  766): Performing comparation for activity TeamList
D/nofatclips(  766): Comparing against activity ConfigureStandupTimer
D/nofatclips(  766): Comparing against activity ConfigureStandupTimer
D/nofatclips(  766): Comparing against activity ConfigureStandupTimer
D/nofatclips(  766): Comparing against activity ConfigureStandupTimer
D/nofatclips(  766): Comparing against activity ConfigureStandupTimer
D/nofatclips(  766): Comparing against activity ConfigureStandupTimer
D/nofatclips(  766): Comparing against activity ConfigureStandupTimer
I/Choreographer(  149): Skipped 67 frames!  The application may be doing too much work on its main thread.
D/nofatclips(  766): Comparing against activity TeamList
D/nofatclips(  766): Comparing against activity ConfigureStandupTimer
D/nofatclips(  766): Comparing against activity ConfigureStandupTimer
D/nofatclips(  766): Comparing against activity ConfigureStandupTimer
D/nofatclips(  766): Comparing against activity ConfigureStandupTimer
D/nofatclips(  766): Comparing against activity TeamList
I/Choreographer(  149): Skipped 31 frames!  The application may be doing too much work on its main thread.
D/nofatclips(  766): Comparing against activity ConfigureStandupTimer
D/nofatclips(  766): Comparing against activity ConfigureStandupTimer
D/nofatclips(  766): Comparing against activity ConfigureStandupTimer
D/nofatclips(  766): Comparing against activity ConfigureStandupTimer
D/nofatclips(  766): Comparing against activity ConfigureStandupTimer
D/nofatclips(  766): Comparing against activity ConfigureStandupTimer
I/nofatclips(  766): Registering activity TeamList (id: a20) as a new found state
D/nofatclips(  766): Performing backup of the old activity list on disk
D/nofatclips(  766): Saving new found state 'a20' on disk
V/nofatclips(  766): Opening state file in append mode.
I/Choreographer(  149): Skipped 41 frames!  The application may be doing too much work on its main thread.
D/dalvikvm(  766): GC_FOR_ALLOC freed 390K, 27% free 7630K/10311K, paused 267ms, total 277ms
I/dalvikvm-heap(  766): Grow heap (frag case) to 8.083MB for 614416-byte allocation
D/dalvikvm(  766): GC_FOR_ALLOC freed 35K, 21% free 8195K/10311K, paused 143ms, total 143ms
I/nofatclips(  766): Saved image on disk: a20.jpg
I/nofatclips(  766): Waiting for 100 msec.
D/dalvikvm(  766): GC_CONCURRENT freed 616K, 21% free 8195K/10311K, paused 24ms+10ms, total 255ms
I/nofatclips(  766): Session count is 1. Will dump to disk at 1
I/nofatclips(  766): Saving the session on disk.
I/nofatclips(  766): Planning for new Activity TeamList
I/nofatclips(  766): Created trace to press the back button
I/nofatclips(  766): Created trace to press the menu button
I/nofatclips(  766): Created trace to change orientation
D/dalvikvm(  149): WAIT_FOR_CONCURRENT_GC blocked 0ms
D/dalvikvm(  149): GC_EXPLICIT freed 112K, 52% free 8357K/17287K, paused 14ms+29ms, total 298ms
D/dalvikvm(  766): GC_CONCURRENT freed 1237K, 26% free 7698K/10311K, paused 18ms+54ms, total 393ms
D/dalvikvm(  766): WAIT_FOR_CONCURRENT_GC blocked 158ms
D/dalvikvm(  766): WAIT_FOR_CONCURRENT_GC blocked 208ms
I/nofatclips(  766): Check for termination: 6 steps left of 25
I/nofatclips(  766): Dispatching new task. 10 more tasks remaining.
D/nofatclips(  766): Performing backup of the old task list on disk
D/nofatclips(  766): Saving task list on disk
V/nofatclips(  766): Backing up trace #71 to disk.
V/nofatclips(  766): Backing up trace #72 to disk.
V/nofatclips(  766): Backing up trace #73 to disk.
D/dalvikvm(  766): GC_CONCURRENT freed 516K, 25% free 7746K/10311K, paused 17ms+7ms, total 148ms
D/dalvikvm(  766): WAIT_FOR_CONCURRENT_GC blocked 52ms
V/nofatclips(  766): Backing up trace #74 to disk.
V/nofatclips(  766): Backing up trace #75 to disk.
V/nofatclips(  766): Backing up trace #77 to disk.
V/nofatclips(  766): Backing up trace #78 to disk.
D/dalvikvm(  766): GC_CONCURRENT freed 553K, 25% free 7777K/10311K, paused 17ms+6ms, total 122ms
D/dalvikvm(  766): WAIT_FOR_CONCURRENT_GC blocked 59ms
V/nofatclips(  766): Backing up trace #80 to disk.
V/nofatclips(  766): Backing up trace #81 to disk.
V/nofatclips(  766): Backing up trace #82 to disk.
D/dalvikvm(  766): GC_CONCURRENT freed 570K, 25% free 7797K/10311K, paused 25ms+10ms, total 307ms
D/dalvikvm(  766): WAIT_FOR_CONCURRENT_GC blocked 92ms
D/nofatclips(  766): Deleting backup of the old task list from disk
D/nofatclips(  766): Deleting backup of the old activity list from disk
I/nofatclips(  766): Incrementally Playing Trace 82
D/nofatclips(  766): Firing event: type= back
W/WindowManager(  149): Failure taking screenshot for (157x235) to layer 21015
I/InputReader(  149): Reconfiguring input devices.  changes=0x00000004
I/InputReader(  149): Device reconfigured: id=0, name='qwerty2', surface size is now 320x480, mode is 1
W/SurfaceFlinger(   36): createScreenshotSurface failed (Function not implemented)
I/ActivityManager(  149): Config changed: {1.0 310mcc260mnc en_US sw320dp w320dp h455dp nrml port finger qwerty/v/v tball/v s.13}
I/StandupTimer(  766): Retrieved state.  mettingLengthPos = 5, numParticipants = 2, teamNamePos = 0
D/StandupTimer(  766): Found 0 teams
I/Choreographer(  766): Skipped 53 frames!  The application may be doing too much work on its main thread.
I/nofatclips(  766): Waiting for 100 msec.
I/Choreographer(  766): Skipped 62 frames!  The application may be doing too much work on its main thread.
V/PhoneStatusBar(  249): setLightsOn(true)
I/Choreographer(  249): Skipped 81 frames!  The application may be doing too much work on its main thread.
I/nofatclips(  766): Current activity is ConfigureStandupTimer
I/nofatclips(  766): Retrieving widgets
D/nofatclips(  766): Found widget: id=-1 (android.widget.LinearLayout@410ceb50)
D/nofatclips(  766): Found widget: id=16909076 (android.view.ViewStub@4105a7e0)
D/nofatclips(  766): Found widget: id=-1 (android.widget.FrameLayout@4101aa28)
D/nofatclips(  766): Found widget: id=16908310 (android.widget.TextView@4107f710): Standup Timer
D/nofatclips(  766): Found widget: id=16908290 (android.widget.FrameLayout@41075ab8)
D/nofatclips(  766): Found widget: id=-1 (android.widget.LinearLayout@41197e10)
D/nofatclips(  766): Found widget: id=-1 (android.widget.LinearLayout@410ffaf8)
D/nofatclips(  766): Found widget: id=-1 (android.widget.TextView@4123fc40): Number of participants
D/nofatclips(  766): Found widget: id=2131361798 (android.widget.EditText@41100450): 2
D/nofatclips(  766): Found widget: id=-1 (android.widget.TextView@41102258): Length of meeting
D/nofatclips(  766): Found widget: id=2131361799 (android.widget.LinearLayout@41101900)
D/nofatclips(  766): Found widget: id=-1 (android.widget.Spinner@410ab580)
D/nofatclips(  766): Found widget: id=16908308 (android.widget.TextView@410bb1a0): 5 min
D/nofatclips(  766): Found widget: id=-1 (android.widget.TextView@411046c0): Team
D/nofatclips(  766): Found widget: id=2131361800 (android.widget.Spinner@4119b330)
D/nofatclips(  766): Found widget: id=16908308 (android.widget.TextView@4117bb70):  [No Team] 
D/nofatclips(  766): Found widget: id=2131361801 (android.widget.Button@41106548): Start
D/nofatclips(  766): Found widget: id=-1 (com.android.internal.policy.impl.PhoneWindow$DecorView@4107d368)
V/nicola  (  766): TextualID : null
V/nicola  (  766): ContentType detected : default
V/nicola  (  766): TextualID : null
V/nicola  (  766): ContentType detected : default
E/ReflectionHelper(  766): java.lang.NoSuchFieldException: mOnFocusChangeListener
V/ReflectionHelper(  766): android.widget.EditText > mOnFocusChangeListener NOT FOUND
V/nicola  (  766): TextualID : num_participants
V/nicola  (  766): ContentType detected : default
V/nicola  (  766): TextualID : null
V/nicola  (  766): ContentType detected : default
V/nicola  (  766): TextualID : null
V/nicola  (  766): ContentType detected : default
V/nicola  (  766): TextualID : null
V/nicola  (  766): ContentType detected : default
V/nicola  (  766): TextualID : null
V/nicola  (  766): ContentType detected : default
V/nicola  (  766): TextualID : start_button
V/nicola  (  766): ContentType detected : default
I/nofatclips(  766): Performing comparation for activity ConfigureStandupTimer
D/nofatclips(  766): Comparing against activity ConfigureStandupTimer
D/nofatclips(  766): Comparing against activity ConfigureStandupTimer
D/nofatclips(  766): Comparing against activity ConfigureStandupTimer
D/nofatclips(  766): Comparing against activity ConfigureStandupTimer
D/nofatclips(  766): Comparing against activity TeamList
D/nofatclips(  766): Comparing against activity ConfigureStandupTimer
D/nofatclips(  766): Comparing against activity ConfigureStandupTimer
D/nofatclips(  766): Comparing against activity ConfigureStandupTimer
D/nofatclips(  766): Comparing against activity TeamList
D/nofatclips(  766): Comparing against activity ConfigureStandupTimer
D/nofatclips(  766): Comparing against activity ConfigureStandupTimer
D/nofatclips(  766): Comparing against activity ConfigureStandupTimer
D/nofatclips(  766): Comparing against activity ConfigureStandupTimer
D/nofatclips(  766): Comparing against activity TeamList
D/nofatclips(  766): Comparing against activity ConfigureStandupTimer
D/nofatclips(  766): Comparing against activity ConfigureStandupTimer
D/nofatclips(  766): Comparing against activity ConfigureStandupTimer
D/nofatclips(  766): Comparing against activity ConfigureStandupTimer
D/nofatclips(  766): Comparing against activity ConfigureStandupTimer
I/Choreographer(  149): Skipped 51 frames!  The application may be doing too much work on its main thread.
D/nofatclips(  766): Comparing against activity ConfigureStandupTimer
I/nofatclips(  766): Registering activity ConfigureStandupTimer (id: a21) as a new found state
D/nofatclips(  766): Performing backup of the old activity list on disk
D/nofatclips(  766): Saving new found state 'a21' on disk
V/nofatclips(  766): Opening state file in append mode.
D/dalvikvm(  766): GC_FOR_ALLOC freed 545K, 26% free 7635K/10311K, paused 268ms, total 277ms
I/dalvikvm-heap(  766): Grow heap (frag case) to 8.087MB for 614416-byte allocation
D/dalvikvm(  766): GC_FOR_ALLOC freed 12K, 21% free 8223K/10311K, paused 106ms, total 106ms
D/dalvikvm(  766): GC_CONCURRENT freed 2K, 15% free 8823K/10311K, paused 38ms+10ms, total 215ms
D/dalvikvm(  766): WAIT_FOR_CONCURRENT_GC blocked 61ms
D/dalvikvm(  766): GC_FOR_ALLOC freed <1K, 15% free 8823K/10311K, paused 104ms, total 104ms
I/dalvikvm-heap(  766): Grow heap (frag case) to 9.248MB for 614416-byte allocation
D/dalvikvm(  766): GC_FOR_ALLOC freed 0K, 14% free 9423K/10951K, paused 97ms, total 97ms
I/nofatclips(  766): Saved image on disk: a21.jpg
I/nofatclips(  766): Waiting for 100 msec.
I/nofatclips(  766): Session count is 1. Will dump to disk at 1
I/nofatclips(  766): Saving the session on disk.
I/nofatclips(  766): Planning for new Activity ConfigureStandupTimer
D/nofatclips(  766): Handling event selectSpinnerItem for items [1,1] on spinner #2131361800 count=1
D/nofatclips(  766): Handling input 'writeText' on widget id=2131361798 type=editText name=
V/nofatclips(  766): Using value: 21
D/nofatclips(  766): Handling event 'click' on widget id=2131361801 type=button name=Start
D/nofatclips(  766): Handling input 'writeText' on widget id=2131361798 type=editText name=
V/nofatclips(  766): Using value: 21
I/dalvikvm(  766): Jit: resizing JitTable from 4096 to 8192
I/nofatclips(  766): Created trace to press the back button
I/nofatclips(  766): Created trace to press the menu button
I/nofatclips(  766): Created trace to change orientation
D/dalvikvm(  149): WAIT_FOR_CONCURRENT_GC blocked 0ms
D/dalvikvm(  149): GC_EXPLICIT freed 73K, 52% free 8324K/17287K, paused 12ms+24ms, total 542ms
D/dalvikvm(  766): GC_CONCURRENT freed 2812K, 30% free 7760K/10951K, paused 20ms+10ms, total 197ms
D/dalvikvm(  766): WAIT_FOR_CONCURRENT_GC blocked 75ms
D/dalvikvm(  766): WAIT_FOR_CONCURRENT_GC blocked 80ms
I/nofatclips(  766): Check for termination: 5 steps left of 25
I/nofatclips(  766): Dispatching new task. 10 more tasks remaining.
D/nofatclips(  766): Performing backup of the old task list on disk
D/nofatclips(  766): Saving task list on disk
V/nofatclips(  766): Backing up trace #74 to disk.
V/nofatclips(  766): Backing up trace #75 to disk.
V/nofatclips(  766): Backing up trace #77 to disk.
V/nofatclips(  766): Backing up trace #78 to disk.
D/dalvikvm(  766): GC_CONCURRENT freed 504K, 29% free 7848K/10951K, paused 18ms+9ms, total 136ms
D/dalvikvm(  766): WAIT_FOR_CONCURRENT_GC blocked 71ms
V/nofatclips(  766): Backing up trace #80 to disk.
V/nofatclips(  766): Backing up trace #81 to disk.
V/nofatclips(  766): Backing up trace #83 to disk.
D/dalvikvm(  766): GC_CONCURRENT freed 636K, 29% free 7835K/10951K, paused 17ms+9ms, total 167ms
D/dalvikvm(  766): WAIT_FOR_CONCURRENT_GC blocked 23ms
D/dalvikvm(  766): WAIT_FOR_CONCURRENT_GC blocked 62ms
V/nofatclips(  766): Backing up trace #84 to disk.
V/nofatclips(  766): Backing up trace #85 to disk.
V/nofatclips(  766): Backing up trace #86 to disk.
D/dalvikvm(  766): GC_CONCURRENT freed 574K, 29% free 7857K/10951K, paused 17ms+8ms, total 158ms
D/dalvikvm(  766): WAIT_FOR_CONCURRENT_GC blocked 67ms
D/nofatclips(  766): Deleting backup of the old task list from disk
D/nofatclips(  766): Deleting backup of the old activity list from disk
I/nofatclips(  766): Incrementally Playing Trace 86
D/nofatclips(  766): Setting input: type= writeText id=2131361798 value=21
D/nofatclips(  766): Added to return list id=2131361798
I/nofatclips(  766): Retrieved from return list id=2131361798
D/nofatclips(  766): Testing for type (android.widget.EditText) against the original (android.widget.EditText)
D/nofatclips(  766): Testing for name () against the original ()
I/Choreographer(  766): Skipped 71 frames!  The application may be doing too much work on its main thread.
I/nofatclips(  766): Retrieved from return list id=2131361801
D/nofatclips(  766): Testing for type (android.widget.Button) against the original (android.widget.Button)
D/nofatclips(  766): Testing for name (Start) against the original (Start)
I/nofatclips(  766): Firing event: type= click index=16 widget=android.widget.Button
I/Choreographer(  766): Skipped 66 frames!  The application may be doing too much work on its main thread.
D/nofatclips(  766): Event description: Start
I/nofatclips(  766): Waiting for 100 msec.
I/Choreographer(  766): Skipped 426 frames!  The application may be doing too much work on its main thread.
I/Choreographer(  766): Skipped 76 frames!  The application may be doing too much work on its main thread.
I/Choreographer(  149): Skipped 40 frames!  The application may be doing too much work on its main thread.
I/Choreographer(  149): Skipped 41 frames!  The application may be doing too much work on its main thread.
I/nofatclips(  766): Current activity is ConfigureStandupTimer
I/nofatclips(  766): Retrieving widgets
D/nofatclips(  766): Found widget: id=-1 (android.widget.FrameLayout@4118f9a8)
D/nofatclips(  766): Found widget: id=16908290 (android.widget.FrameLayout@4100c998)
D/nofatclips(  766): Found widget: id=16908874 (android.widget.LinearLayout@41103d68)
D/nofatclips(  766): Found widget: id=16908875 (android.widget.LinearLayout@41105bf0)
D/nofatclips(  766): Found widget: id=16908876 (android.widget.LinearLayout@411079f8)
D/nofatclips(  766): Found widget: id=16908294 (android.widget.ImageView@410a7c30)
D/nofatclips(  766): Found widget: id=16908877 (com.android.internal.widget.DialogTitle@41108350): 
D/nofatclips(  766): Found widget: id=16908878 (android.widget.ImageView@4115f960)
D/nofatclips(  766): Found widget: id=16908882 (android.widget.LinearLayout@4118e9b8)
D/nofatclips(  766): Found widget: id=16908883 (android.widget.ScrollView@412511b0)
D/nofatclips(  766): Found widget: id=16908299 (android.widget.TextView@40fea5e0): Number of participants must be between 1 and 20.
D/nofatclips(  766): Found widget: id=16908884 (android.widget.FrameLayout@41277778)
D/nofatclips(  766): Found widget: id=16908331 (android.widget.FrameLayout@4117a6d8)
D/nofatclips(  766): Found widget: id=16908879 (android.widget.LinearLayout@411622f0)
D/nofatclips(  766): Found widget: id=-1 (android.widget.LinearLayout@412a75f0)
D/nofatclips(  766): Found widget: id=16908880 (android.widget.LinearLayout@410775b0)
D/nofatclips(  766): Found widget: id=16908313 (android.widget.Button@410d0248): 
D/nofatclips(  766): Found widget: id=16908315 (android.widget.Button@41249890): OK
D/nofatclips(  766): Found widget: id=16908314 (android.widget.Button@4101e068): 
D/nofatclips(  766): Found widget: id=16908881 (android.widget.LinearLayout@4119b620)
D/nofatclips(  766): Found widget: id=16909076 (android.view.ViewStub@4108bd48)
D/nofatclips(  766): Found widget: id=-1 (com.android.internal.policy.impl.PhoneWindow$DecorView@41166308)
V/nicola  (  766): TextualID : null
V/nicola  (  766): ContentType detected : default
V/nicola  (  766): TextualID : null
V/nicola  (  766): ContentType detected : default
I/nofatclips(  766): Performing comparation for activity ConfigureStandupTimer
D/nofatclips(  766): Comparing against activity ConfigureStandupTimer
D/nofatclips(  766): Comparing against activity ConfigureStandupTimer
D/nofatclips(  766): Comparing against activity ConfigureStandupTimer
D/nofatclips(  766): Comparing against activity ConfigureStandupTimer
D/nofatclips(  766): Comparing against activity TeamList
D/nofatclips(  766): Comparing against activity ConfigureStandupTimer
D/nofatclips(  766): Comparing against activity ConfigureStandupTimer
D/nofatclips(  766): Comparing against activity ConfigureStandupTimer
D/nofatclips(  766): Comparing against activity TeamList
D/nofatclips(  766): Comparing against activity ConfigureStandupTimer
D/nofatclips(  766): Comparing against activity ConfigureStandupTimer
D/nofatclips(  766): Comparing against activity ConfigureStandupTimer
D/nofatclips(  766): Comparing against activity ConfigureStandupTimer
D/nofatclips(  766): Comparing against activity TeamList
D/nofatclips(  766): Comparing against activity ConfigureStandupTimer
D/nofatclips(  766): Comparing against activity ConfigureStandupTimer
D/nofatclips(  766): Comparing against activity ConfigureStandupTimer
D/nofatclips(  766): Comparing against activity ConfigureStandupTimer
D/nofatclips(  766): Comparing against activity ConfigureStandupTimer
D/nofatclips(  766): Comparing against activity ConfigureStandupTimer
D/nofatclips(  766): Comparing against activity ConfigureStandupTimer
I/nofatclips(  766): Registering activity ConfigureStandupTimer (id: a22) as a new found state
D/nofatclips(  766): Performing backup of the old activity list on disk
D/nofatclips(  766): Saving new found state 'a22' on disk
V/nofatclips(  766): Opening state file in append mode.
D/dalvikvm(  766): GC_CONCURRENT freed 705K, 30% free 7686K/10951K, paused 30ms+12ms, total 217ms
D/dalvikvm(  766): WAIT_FOR_CONCURRENT_GC blocked 119ms
I/nofatclips(  766): Saved image on disk: a22.jpg
I/nofatclips(  766): Waiting for 100 msec.
I/nofatclips(  766): Session count is 1. Will dump to disk at 1
I/nofatclips(  766): Saving the session on disk.
D/dalvikvm(  766): GC_CONCURRENT freed 538K, 30% free 7710K/10951K, paused 22ms+17ms, total 249ms
D/dalvikvm(  766): WAIT_FOR_CONCURRENT_GC blocked 91ms
I/nofatclips(  766): Planning for new Activity ConfigureStandupTimer
D/nofatclips(  766): Handling event 'click' on widget id=16908315 type=button name=OK
I/nofatclips(  766): Created trace to press the back button
I/nofatclips(  766): Created trace to press the menu button
I/nofatclips(  766): Created trace to change orientation
D/dalvikvm(  766): GC_CONCURRENT freed 499K, 29% free 7789K/10951K, paused 19ms+12ms, total 227ms
D/dalvikvm(  766): WAIT_FOR_CONCURRENT_GC blocked 31ms
D/dalvikvm(  766): WAIT_FOR_CONCURRENT_GC blocked 74ms
I/nofatclips(  766): Check for termination: 4 steps left of 25
I/nofatclips(  766): Dispatching new task. 10 more tasks remaining.
D/nofatclips(  766): Performing backup of the old task list on disk
D/nofatclips(  766): Saving task list on disk
V/nofatclips(  766): Backing up trace #77 to disk.
V/nofatclips(  766): Backing up trace #78 to disk.
D/dalvikvm(  766): GC_CONCURRENT freed 505K, 29% free 7866K/10951K, paused 17ms+8ms, total 166ms
D/dalvikvm(  766): WAIT_FOR_CONCURRENT_GC blocked 70ms
V/nofatclips(  766): Backing up trace #80 to disk.
V/nofatclips(  766): Backing up trace #81 to disk.
V/nofatclips(  766): Backing up trace #83 to disk.
V/nofatclips(  766): Backing up trace #84 to disk.
D/dalvikvm(  766): GC_CONCURRENT freed 604K, 29% free 7878K/10951K, paused 16ms+8ms, total 123ms
D/dalvikvm(  766): WAIT_FOR_CONCURRENT_GC blocked 59ms
V/nofatclips(  766): Backing up trace #85 to disk.
V/nofatclips(  766): Backing up trace #87 to disk.
V/nofatclips(  766): Backing up trace #88 to disk.
D/dalvikvm(  766): GC_CONCURRENT freed 607K, 28% free 7891K/10951K, paused 17ms+8ms, total 134ms
D/dalvikvm(  766): WAIT_FOR_CONCURRENT_GC blocked 50ms
V/nofatclips(  766): Backing up trace #89 to disk.
D/nofatclips(  766): Deleting backup of the old task list from disk
D/nofatclips(  766): Deleting backup of the old activity list from disk
I/nofatclips(  766): Incrementally Playing Trace 89
I/nofatclips(  766): Retrieved from return list id=-1
D/nofatclips(  766): Testing for type (android.widget.FrameLayout) against the original (null)
I/nofatclips(  766): Firing event: type= openMenu name= widget=null
D/InputEventConsistencyVerifier(  766): KeyEvent: ACTION_UP but key was not down.
D/InputEventConsistencyVerifier(  766):   in com.android.internal.policy.impl.PhoneWindow$DecorView@41166308
