D/dalvikvm(  766): WAIT_FOR_CONCURRENT_GC blocked 64ms
D/dalvikvm(  766): GC_FOR_ALLOC freed 0K, 19% free 7340K/9031K, paused 80ms, total 80ms
I/dalvikvm-heap(  766): Grow heap (frag case) to 7.799MB for 614416-byte allocation
D/dalvikvm(  766): GC_CONCURRENT freed 0K, 18% free 7940K/9671K, paused 22ms+11ms, total 97ms
D/dalvikvm(  766): WAIT_FOR_CONCURRENT_GC blocked 73ms
I/nofatclips(  766): Saved image on disk: a4.jpg
I/nofatclips(  766): Waiting for 100 msec.
I/nofatclips(  766): Session count is 1. Will dump to disk at 1
I/nofatclips(  766): Saving the session on disk.
I/nofatclips(  766): Planning for new Activity ConfigureStandupTimer
D/nofatclips(  766): Handling event selectSpinnerItem for items [1,1] on spinner #2131361800 count=1
D/nofatclips(  766): Handling input 'writeText' on widget id=2131361798 type=editText name=
V/nofatclips(  766): Using value: 21
D/nofatclips(  766): Handling event 'click' on widget id=2131361801 type=button name=Start
D/nofatclips(  766): Handling input 'writeText' on widget id=2131361798 type=editText name=
V/nofatclips(  766): Using value: 21
I/nofatclips(  766): Created trace to press the back button
I/nofatclips(  766): Created trace to press the menu button
I/nofatclips(  766): Created trace to change orientation
I/nofatclips(  766): Check for termination: 22 steps left of 25
I/nofatclips(  766): Dispatching new task. 10 more tasks remaining.
D/nofatclips(  766): Performing backup of the old task list on disk
D/nofatclips(  766): Saving task list on disk
V/nofatclips(  766): Backing up trace #1 to disk.
V/nofatclips(  766): Backing up trace #2 to disk.
V/nofatclips(  766): Backing up trace #4 to disk.
V/nofatclips(  766): Backing up trace #5 to disk.
V/nofatclips(  766): Backing up trace #7 to disk.
V/nofatclips(  766): Backing up trace #8 to disk.
D/dalvikvm(  766): GC_CONCURRENT freed 1769K, 30% free 6822K/9671K, paused 18ms+9ms, total 164ms
D/dalvikvm(  766): WAIT_FOR_CONCURRENT_GC blocked 47ms
V/nofatclips(  766): Backing up trace #10 to disk.
V/nofatclips(  766): Backing up trace #11 to disk.
V/nofatclips(  766): Backing up trace #12 to disk.
V/nofatclips(  766): Backing up trace #13 to disk.
D/nofatclips(  766): Deleting backup of the old task list from disk
D/nofatclips(  766): Deleting backup of the old activity list from disk
I/nofatclips(  766): Incrementally Playing Trace 13
I/nofatclips(  766): Retrieved from return list id=-1
D/nofatclips(  766): Testing for type (android.widget.LinearLayout) against the original (null)
I/nofatclips(  766): Firing event: type= changeOrientation name= widget=null
I/InputReader(  149): Reconfiguring input devices.  changes=0x00000004
W/SurfaceFlinger(   36): createScreenshotSurface failed (Function not implemented)
I/InputReader(  149): Device reconfigured: id=0, name='qwerty2', surface size is now 320x480, mode is 1
I/ActivityManager(  149): Config changed: {1.0 310mcc260mnc en_US sw320dp w480dp h295dp nrml land finger qwerty/v/v tball/v s.6}
I/nofatclips(  766): Waiting for 100 msec.
I/Choreographer(  766): Skipped 74 frames!  The application may be doing too much work on its main thread.
W/WindowManager(  149): Window freeze timeout expired.
W/WindowManager(  149): Force clearing orientation change: Window{413ec268 StatusBar paused=false}
W/WindowManager(  149): Force clearing orientation change: Window{4149fc88 com.android.systemui.ImageWallpaper paused=false}
I/Choreographer(  249): Skipped 195 frames!  The application may be doing too much work on its main thread.
I/StandupTimer(  766): Retrieved state.  mettingLengthPos = 5, numParticipants = 2, teamNamePos = 0
D/StandupTimer(  766): Found 0 teams
I/Choreographer(  766): Skipped 1243 frames!  The application may be doing too much work on its main thread.
D/dalvikvm(  766): GC_CONCURRENT freed 390K, 30% free 6828K/9671K, paused 35ms+45ms, total 222ms
I/nofatclips(  766): Current activity is ConfigureStandupTimer
I/nofatclips(  766): Retrieving widgets
D/nofatclips(  766): Found widget: id=-1 (android.widget.LinearLayout@4126bbd8)
D/nofatclips(  766): Found widget: id=16909076 (android.view.ViewStub@41270708)
D/nofatclips(  766): Found widget: id=-1 (android.widget.FrameLayout@412762f0)
D/nofatclips(  766): Found widget: id=16908310 (android.widget.TextView@410773b8): Standup Timer
D/nofatclips(  766): Found widget: id=16908290 (android.widget.FrameLayout@4107b5e8)
D/nofatclips(  766): Found widget: id=-1 (android.widget.TableLayout@41159420)
D/nofatclips(  766): Found widget: id=-1 (android.widget.TableRow@41162ab0)
D/nofatclips(  766): Found widget: id=-1 (android.widget.TextView@41247ee0): Number of participants
D/nofatclips(  766): Found widget: id=-1 (android.view.View@4126c630)
D/nofatclips(  766): Found widget: id=-1 (android.widget.LinearLayout@4126e9e8)
D/nofatclips(  766): Found widget: id=2131361798 (android.widget.EditText@41273270): 2
D/nofatclips(  766): Found widget: id=-1 (android.widget.TableRow@41086c10)
D/nofatclips(  766): Found widget: id=-1 (android.widget.TextView@4101df80): Length of meeting
D/nofatclips(  766): Found widget: id=-1 (android.view.View@41181520)
D/nofatclips(  766): Found widget: id=2131361799 (android.widget.LinearLayout@4115a1e8)
D/nofatclips(  766): Found widget: id=-1 (android.widget.Spinner@412c6268)
D/nofatclips(  766): Found widget: id=16908308 (android.widget.TextView@4100c920): 5 min
D/nofatclips(  766): Found widget: id=-1 (android.widget.TableRow@4115ed98)
D/nofatclips(  766): Found widget: id=-1 (android.widget.TextView@41268b70): Team
D/nofatclips(  766): Found widget: id=-1 (android.view.View@41183338)
D/nofatclips(  766): Found widget: id=2131361800 (android.widget.Spinner@4115ca58)
D/nofatclips(  766): Found widget: id=16908308 (android.widget.TextView@4108f5d8):  [No Team] 
D/nofatclips(  766): Found widget: id=-1 (android.widget.TableRow@4126b330)
D/nofatclips(  766): Found widget: id=2131361801 (android.widget.Button@41271fd0): Start
D/nofatclips(  766): Found widget: id=-1 (com.android.internal.policy.impl.PhoneWindow$DecorView@411647d0)
V/nicola  (  766): TextualID : null
V/nicola  (  766): ContentType detected : default
V/nicola  (  766): TextualID : null
V/nicola  (  766): ContentType detected : default
E/ReflectionHelper(  766): java.lang.NoSuchFieldException: mOnFocusChangeListener
V/ReflectionHelper(  766): android.widget.EditText > mOnFocusChangeListener NOT FOUND
V/nicola  (  766): TextualID : num_participants
V/nicola  (  766): ContentType detected : default
V/nicola  (  766): TextualID : null
V/nicola  (  766): ContentType detected : default
V/nicola  (  766): TextualID : null
V/nicola  (  766): ContentType detected : default
V/nicola  (  766): TextualID : null
V/nicola  (  766): ContentType detected : default
V/nicola  (  766): TextualID : null
V/nicola  (  766): ContentType detected : default
D/dalvikvm(  149): WAIT_FOR_CONCURRENT_GC blocked 0ms
V/nicola  (  766): TextualID : start_button
V/nicola  (  766): ContentType detected : default
I/nofatclips(  766): Performing comparation for activity ConfigureStandupTimer
D/nofatclips(  766): Comparing against activity ConfigureStandupTimer
D/nofatclips(  766): Comparing against activity ConfigureStandupTimer
D/nofatclips(  766): Comparing against activity ConfigureStandupTimer
D/nofatclips(  766): Comparing against activity ConfigureStandupTimer
I/nofatclips(  766): Registering activity ConfigureStandupTimer (id: a5) as a new found state
D/nofatclips(  766): Performing backup of the old activity list on disk
D/nofatclips(  766): Saving new found state 'a5' on disk
V/nofatclips(  766): Opening state file in append mode.
D/dalvikvm(  766): GC_FOR_ALLOC freed 328K, 30% free 6856K/9671K, paused 163ms, total 176ms
I/dalvikvm-heap(  766): Grow heap (frag case) to 7.327MB for 614416-byte allocation
D/dalvikvm(  149): GC_EXPLICIT freed 295K, 52% free 8405K/17287K, paused 12ms+17ms, total 371ms
D/dalvikvm(  766): GC_FOR_ALLOC freed 12K, 24% free 7443K/9671K, paused 100ms, total 100ms
D/dalvikvm(  766): GC_CONCURRENT freed 1K, 24% free 7444K/9671K, paused 28ms+9ms, total 116ms
D/dalvikvm(  766): WAIT_FOR_CONCURRENT_GC blocked 33ms
D/dalvikvm(  766): GC_FOR_ALLOC freed <1K, 24% free 7443K/9671K, paused 57ms, total 57ms
I/dalvikvm-heap(  766): Grow heap (frag case) to 7.901MB for 614416-byte allocation
D/dalvikvm(  766): GC_FOR_ALLOC freed 0K, 17% free 8043K/9671K, paused 78ms, total 78ms
D/dalvikvm(  766): GC_CONCURRENT freed 1K, 17% free 8044K/9671K, paused 25ms+6ms, total 145ms
D/dalvikvm(  766): WAIT_FOR_CONCURRENT_GC blocked 93ms
D/dalvikvm(  766): GC_FOR_ALLOC freed <1K, 17% free 8044K/9671K, paused 49ms, total 49ms
I/dalvikvm-heap(  766): Grow heap (frag case) to 8.487MB for 614416-byte allocation
D/dalvikvm(  766): GC_FOR_ALLOC freed 0K, 17% free 8644K/10311K, paused 60ms, total 60ms
I/nofatclips(  766): Saved image on disk: a5.jpg
I/nofatclips(  766): Waiting for 100 msec.
D/dalvikvm(  766): GC_CONCURRENT freed 1215K, 28% free 7444K/10311K, paused 18ms+6ms, total 190ms
I/nofatclips(  766): Session count is 1. Will dump to disk at 1
I/nofatclips(  766): Saving the session on disk.
I/nofatclips(  766): Planning for new Activity ConfigureStandupTimer
D/nofatclips(  766): Handling event selectSpinnerItem for items [1,1] on spinner #2131361800 count=1
D/nofatclips(  766): Handling input 'writeText' on widget id=2131361798 type=editText name=
V/nofatclips(  766): Using value: 21
D/nofatclips(  766): Handling event 'click' on widget id=2131361801 type=button name=Start
D/nofatclips(  766): Handling input 'writeText' on widget id=2131361798 type=editText name=
V/nofatclips(  766): Using value: 21
I/nofatclips(  766): Created trace to press the back button
I/nofatclips(  766): Created trace to press the menu button
I/nofatclips(  766): Created trace to change orientation
D/dalvikvm(  766): GC_CONCURRENT freed 1050K, 34% free 6906K/10311K, paused 17ms+8ms, total 197ms
D/dalvikvm(  766): WAIT_FOR_CONCURRENT_GC blocked 39ms
I/nofatclips(  766): Check for termination: 21 steps left of 25
I/nofatclips(  766): Dispatching new task. 10 more tasks remaining.
D/nofatclips(  766): Performing backup of the old task list on disk
D/nofatclips(  766): Saving task list on disk
V/nofatclips(  766): Backing up trace #5 to disk.
V/nofatclips(  766): Backing up trace #7 to disk.
V/nofatclips(  766): Backing up trace #8 to disk.
V/nofatclips(  766): Backing up trace #10 to disk.
V/nofatclips(  766): Backing up trace #11 to disk.
V/nofatclips(  766): Backing up trace #12 to disk.
V/nofatclips(  766): Backing up trace #14 to disk.
V/nofatclips(  766): Backing up trace #15 to disk.
V/nofatclips(  766): Backing up trace #16 to disk.
D/dalvikvm(  766): GC_CONCURRENT freed 467K, 33% free 6946K/10311K, paused 17ms+7ms, total 122ms
D/dalvikvm(  766): WAIT_FOR_CONCURRENT_GC blocked 35ms
V/nofatclips(  766): Backing up trace #17 to disk.
D/nofatclips(  766): Deleting backup of the old task list from disk
D/nofatclips(  766): Deleting backup of the old activity list from disk
I/nofatclips(  766): Incrementally Playing Trace 17
I/nofatclips(  766): Retrieved from return list id=-1
D/nofatclips(  766): Testing for type (android.widget.LinearLayout) against the original (null)
I/nofatclips(  766): Firing event: type= changeOrientation name= widget=null
W/SurfaceFlinger(   36): createScreenshotSurface failed (Function not implemented)
I/InputReader(  149): Reconfiguring input devices.  changes=0x00000004
I/InputReader(  149): Device reconfigured: id=0, name='qwerty2', surface size is now 320x480, mode is 1
I/ActivityManager(  149): Config changed: {1.0 310mcc260mnc en_US sw320dp w320dp h455dp nrml port finger qwerty/v/v tball/v s.7}
I/Choreographer(  766): Skipped 63 frames!  The application may be doing too much work on its main thread.
I/Choreographer(  149): Skipped 30 frames!  The application may be doing too much work on its main thread.
I/nofatclips(  766): Waiting for 100 msec.
I/Choreographer(  249): Skipped 157 frames!  The application may be doing too much work on its main thread.
W/WindowManager(  149): Window freeze timeout expired.
W/WindowManager(  149): Force clearing orientation change: Window{413ec268 StatusBar paused=false}
W/WindowManager(  149): Force clearing orientation change: Window{4149fc88 com.android.systemui.ImageWallpaper paused=false}
I/StandupTimer(  766): Retrieved state.  mettingLengthPos = 5, numParticipants = 2, teamNamePos = 0
D/StandupTimer(  766): Found 0 teams
I/Choreographer(  766): Skipped 1372 frames!  The application may be doing too much work on its main thread.
I/nofatclips(  766): Current activity is ConfigureStandupTimer
I/Choreographer(  149): Skipped 68 frames!  The application may be doing too much work on its main thread.
I/nofatclips(  766): Retrieving widgets
D/nofatclips(  766): Found widget: id=-1 (android.widget.LinearLayout@41059940)
D/nofatclips(  766): Found widget: id=16909076 (android.view.ViewStub@41278798)
D/nofatclips(  766): Found widget: id=-1 (android.widget.FrameLayout@410cc4b0)
D/nofatclips(  766): Found widget: id=16908310 (android.widget.TextView@4101f050): Standup Timer
D/nofatclips(  766): Found widget: id=16908290 (android.widget.FrameLayout@41165d20)
D/nofatclips(  766): Found widget: id=-1 (android.widget.LinearLayout@41282ad0)
D/nofatclips(  766): Found widget: id=-1 (android.widget.LinearLayout@41075aa0)
D/nofatclips(  766): Found widget: id=-1 (android.widget.TextView@4108f878): Number of participants
D/nofatclips(  766): Found widget: id=2131361798 (android.widget.EditText@41088060): 2
D/nofatclips(  766): Found widget: id=-1 (android.widget.TextView@412b7c30): Length of meeting
D/nofatclips(  766): Found widget: id=2131361799 (android.widget.LinearLayout@410d02b8)
D/nofatclips(  766): Found widget: id=-1 (android.widget.Spinner@41155410)
D/nofatclips(  766): Found widget: id=16908308 (android.widget.TextView@412671c0): 5 min
D/nofatclips(  766): Found widget: id=-1 (android.widget.TextView@41267da8): Team
D/nofatclips(  766): Found widget: id=2131361800 (android.widget.Spinner@41077f10)
D/nofatclips(  766): Found widget: id=16908308 (android.widget.TextView@4118a2e8):  [No Team] 
D/nofatclips(  766): Found widget: id=2131361801 (android.widget.Button@41049f10): Start
D/nofatclips(  766): Found widget: id=-1 (com.android.internal.policy.impl.PhoneWindow$DecorView@4107a940)
V/nicola  (  766): TextualID : null
V/nicola  (  766): ContentType detected : default
V/nicola  (  766): TextualID : null
V/nicola  (  766): ContentType detected : default
E/ReflectionHelper(  766): java.lang.NoSuchFieldException: mOnFocusChangeListener
V/ReflectionHelper(  766): android.widget.EditText > mOnFocusChangeListener NOT FOUND
V/nicola  (  766): TextualID : num_participants
V/nicola  (  766): ContentType detected : default
V/nicola  (  766): TextualID : null
V/nicola  (  766): ContentType detected : default
V/nicola  (  766): TextualID : null
V/nicola  (  766): ContentType detected : default
V/nicola  (  766): TextualID : null
V/nicola  (  766): ContentType detected : default
V/nicola  (  766): TextualID : null
V/nicola  (  766): ContentType detected : default
V/nicola  (  766): TextualID : start_button
V/nicola  (  766): ContentType detected : default
I/nofatclips(  766): Performing comparation for activity ConfigureStandupTimer
D/nofatclips(  766): Comparing against activity ConfigureStandupTimer
D/nofatclips(  766): Comparing against activity ConfigureStandupTimer
D/nofatclips(  766): Comparing against activity ConfigureStandupTimer
D/nofatclips(  766): Comparing against activity ConfigureStandupTimer
D/nofatclips(  766): Comparing against activity ConfigureStandupTimer
I/nofatclips(  766): Registering activity ConfigureStandupTimer (id: a6) as a new found state
D/nofatclips(  766): Performing backup of the old activity list on disk
D/nofatclips(  766): Saving new found state 'a6' on disk
V/nofatclips(  766): Opening state file in append mode.
D/dalvikvm(  766): GC_CONCURRENT freed 509K, 33% free 6949K/10311K, paused 19ms+10ms, total 322ms
D/dalvikvm(  766): WAIT_FOR_CONCURRENT_GC blocked 85ms
D/dalvikvm(  766): GC_FOR_ALLOC freed 108K, 34% free 6888K/10311K, paused 65ms, total 66ms
I/dalvikvm-heap(  766): Grow heap (frag case) to 7.358MB for 614416-byte allocation
D/dalvikvm(  149): WAIT_FOR_CONCURRENT_GC blocked 0ms
D/dalvikvm(  766): GC_FOR_ALLOC freed <1K, 28% free 7488K/10311K, paused 132ms, total 132ms
D/dalvikvm(  149): GC_EXPLICIT freed 126K, 52% free 8322K/17287K, paused 14ms+15ms, total 276ms
D/dalvikvm(  766): GC_CONCURRENT freed 2K, 28% free 7488K/10311K, paused 28ms+8ms, total 215ms
D/dalvikvm(  766): WAIT_FOR_CONCURRENT_GC blocked 77ms
D/dalvikvm(  766): GC_FOR_ALLOC freed <1K, 28% free 7488K/10311K, paused 67ms, total 68ms
I/dalvikvm-heap(  766): Grow heap (frag case) to 7.944MB for 614416-byte allocation
D/dalvikvm(  766): GC_FOR_ALLOC freed <1K, 22% free 8088K/10311K, paused 57ms, total 58ms
I/nofatclips(  766): Saved image on disk: a6.jpg
I/nofatclips(  766): Waiting for 100 msec.
D/dalvikvm(  766): GC_CONCURRENT freed 1215K, 28% free 7489K/10311K, paused 29ms+6ms, total 179ms
I/nofatclips(  766): Session count is 1. Will dump to disk at 1
I/nofatclips(  766): Saving the session on disk.
I/nofatclips(  766): Planning for new Activity ConfigureStandupTimer
D/nofatclips(  766): Handling event selectSpinnerItem for items [1,1] on spinner #2131361800 count=1
D/nofatclips(  766): Handling input 'writeText' on widget id=2131361798 type=editText name=
V/nofatclips(  766): Using value: 21
D/nofatclips(  766): Handling event 'click' on widget id=2131361801 type=button name=Start
D/nofatclips(  766): Handling input 'writeText' on widget id=2131361798 type=editText name=
V/nofatclips(  766): Using value: 21
I/nofatclips(  766): Created trace to press the back button
I/nofatclips(  766): Created trace to press the menu button
I/nofatclips(  766): Created trace to change orientation
I/nofatclips(  766): Check for termination: 20 steps left of 25
I/nofatclips(  766): Dispatching new task. 10 more tasks remaining.
D/nofatclips(  766): Performing backup of the old task list on disk
D/nofatclips(  766): Saving task list on disk
V/nofatclips(  766): Backing up trace #10 to disk.
D/dalvikvm(  766): GC_CONCURRENT freed 1043K, 33% free 6958K/10311K, paused 21ms+8ms, total 199ms
D/dalvikvm(  766): WAIT_FOR_CONCURRENT_GC blocked 27ms
D/dalvikvm(  766): WAIT_FOR_CONCURRENT_GC blocked 46ms
V/nofatclips(  766): Backing up trace #11 to disk.
V/nofatclips(  766): Backing up trace #12 to disk.
V/nofatclips(  766): Backing up trace #14 to disk.
V/nofatclips(  766): Backing up trace #15 to disk.
V/nofatclips(  766): Backing up trace #16 to disk.
V/nofatclips(  766): Backing up trace #18 to disk.
V/nofatclips(  766): Backing up trace #19 to disk.
V/nofatclips(  766): Backing up trace #20 to disk.
D/dalvikvm(  766): GC_CONCURRENT freed 455K, 33% free 7010K/10311K, paused 16ms+7ms, total 263ms
D/dalvikvm(  766): WAIT_FOR_CONCURRENT_GC blocked 157ms
V/nofatclips(  766): Backing up trace #21 to disk.
D/nofatclips(  766): Deleting backup of the old task list from disk
D/nofatclips(  766): Deleting backup of the old activity list from disk
I/nofatclips(  766): Incrementally Playing Trace 21
D/nofatclips(  766): Setting input: type= writeText id=2131361798 value=21
D/nofatclips(  766): Added to return list id=2131361798
I/nofatclips(  766): Retrieved from return list id=2131361798
D/nofatclips(  766): Testing for type (android.widget.EditText) against the original (android.widget.EditText)
D/nofatclips(  766): Testing for name () against the original ()
I/Choreographer(  766): Skipped 30 frames!  The application may be doing too much work on its main thread.
I/Choreographer(  766): Skipped 80 frames!  The application may be doing too much work on its main thread.
I/nofatclips(  766): Retrieved from return list id=2131361800
D/nofatclips(  766): Testing for type (android.widget.Spinner) against the original (android.widget.Spinner)
D/nofatclips(  766): Testing for name () against the original ()
I/nofatclips(  766): Firing event: type= selectSpinnerItem index=14 widget=android.widget.Spinner
I/Choreographer(  766): Skipped 73 frames!  The application may be doing too much work on its main thread.
I/nofatclips(  766): Clicking the spinner view
D/nofatclips(  766): Event description:  [No Team] 
D/dalvikvm(  766): GC_CONCURRENT freed 470K, 33% free 6929K/10311K, paused 60ms+17ms, total 545ms
I/Choreographer(  766): Skipped 243 frames!  The application may be doing too much work on its main thread.
I/Choreographer(  766): Skipped 53 frames!  The application may be doing too much work on its main thread.
I/nofatclips(  766): Swapping to listview item 1
D/nofatclips(  766): Event description:  [No Team] 
I/Choreographer(  766): Skipped 34 frames!  The application may be doing too much work on its main thread.
I/Choreographer(  249): Skipped 41 frames!  The application may be doing too much work on its main thread.
I/nofatclips(  766): Waiting for 100 msec.
I/Choreographer(  766): Skipped 73 frames!  The application may be doing too much work on its main thread.
I/Choreographer(  249): Skipped 30 frames!  The application may be doing too much work on its main thread.
W/InputMethodManagerService(  149): Window already focused, ignoring focus gain of: com.android.internal.view.IInputMethodClient$Stub$Proxy@415b4b08 attribute=android.view.inputmethod.EditorInfo@4186a040
I/Choreographer(  766): Skipped 166 frames!  The application may be doing too much work on its main thread.
I/nofatclips(  766): Current activity is ConfigureStandupTimer
I/nofatclips(  766): Retrieving widgets
D/nofatclips(  766): Found widget: id=-1 (android.widget.LinearLayout@41059940)
D/nofatclips(  766): Found widget: id=16909076 (android.view.ViewStub@41278798)
D/nofatclips(  766): Found widget: id=-1 (android.widget.FrameLayout@410cc4b0)
D/nofatclips(  766): Found widget: id=16908310 (android.widget.TextView@4101f050): Standup Timer
D/nofatclips(  766): Found widget: id=16908290 (android.widget.FrameLayout@41165d20)
D/nofatclips(  766): Found widget: id=-1 (android.widget.LinearLayout@41282ad0)
D/nofatclips(  766): Found widget: id=-1 (android.widget.LinearLayout@41075aa0)
D/nofatclips(  766): Found widget: id=-1 (android.widget.TextView@4108f878): Number of participants
D/nofatclips(  766): Found widget: id=2131361798 (android.widget.EditText@41088060): 21
D/nofatclips(  766): Found widget: id=-1 (android.widget.TextView@412b7c30): Length of meeting
D/nofatclips(  766): Found widget: id=2131361799 (android.widget.LinearLayout@410d02b8)
D/nofatclips(  766): Found widget: id=-1 (android.widget.Spinner@41155410)
D/nofatclips(  766): Found widget: id=16908308 (android.widget.TextView@412671c0): 5 min
D/nofatclips(  766): Found widget: id=-1 (android.widget.TextView@41267da8): Team
D/nofatclips(  766): Found widget: id=2131361800 (android.widget.Spinner@41077f10)
D/nofatclips(  766): Found widget: id=16908308 (android.widget.TextView@4118a2e8):  [No Team] 
D/nofatclips(  766): Found widget: id=2131361801 (android.widget.Button@41049f10): Start
D/nofatclips(  766): Found widget: id=-1 (com.android.internal.policy.impl.PhoneWindow$DecorView@4107a940)
V/nicola  (  766): TextualID : null
V/nicola  (  766): ContentType detected : default
V/nicola  (  766): TextualID : null
V/nicola  (  766): ContentType detected : default
E/ReflectionHelper(  766): java.lang.NoSuchFieldException: mOnFocusChangeListener
V/ReflectionHelper(  766): android.widget.EditText > mOnFocusChangeListener NOT FOUND
V/nicola  (  766): TextualID : num_participants
V/nicola  (  766): ContentType detected : default
V/nicola  (  766): TextualID : null
V/nicola  (  766): ContentType detected : default
V/nicola  (  766): TextualID : null
V/nicola  (  766): ContentType detected : default
V/nicola  (  766): TextualID : null
V/nicola  (  766): ContentType detected : default
V/nicola  (  766): TextualID : null
V/nicola  (  766): ContentType detected : default
V/nicola  (  766): TextualID : start_button
V/nicola  (  766): ContentType detected : default
I/nofatclips(  766): Performing comparation for activity ConfigureStandupTimer
D/nofatclips(  766): Comparing against activity ConfigureStandupTimer
D/nofatclips(  766): Comparing against activity ConfigureStandupTimer
D/nofatclips(  766): Comparing against activity ConfigureStandupTimer
D/nofatclips(  766): Comparing against activity ConfigureStandupTimer
D/nofatclips(  766): Comparing against activity ConfigureStandupTimer
D/nofatclips(  766): Comparing against activity ConfigureStandupTimer
I/nofatclips(  766): Registering activity ConfigureStandupTimer (id: a7) as a new found state
D/nofatclips(  766): Performing backup of the old activity list on disk
D/nofatclips(  766): Saving new found state 'a7' on disk
V/nofatclips(  766): Opening state file in append mode.
D/dalvikvm(  766): GC_CONCURRENT freed 345K, 32% free 7094K/10311K, paused 59ms+18ms, total 487ms
D/dalvikvm(  766): WAIT_FOR_CONCURRENT_GC blocked 94ms
D/dalvikvm(  766): GC_FOR_ALLOC freed 215K, 33% free 6947K/10311K, paused 117ms, total 118ms
I/dalvikvm-heap(  766): Grow heap (frag case) to 7.416MB for 614416-byte allocation
D/dalvikvm(  766): GC_FOR_ALLOC freed 2K, 27% free 7545K/10311K, paused 97ms, total 97ms
D/dalvikvm(  766): GC_CONCURRENT freed 2K, 27% free 7545K/10311K, paused 31ms+13ms, total 122ms
D/dalvikvm(  766): WAIT_FOR_CONCURRENT_GC blocked 69ms
D/dalvikvm(  766): GC_FOR_ALLOC freed 0K, 27% free 7545K/10311K, paused 81ms, total 81ms
I/dalvikvm-heap(  766): Grow heap (frag case) to 8.000MB for 614416-byte allocation
D/dalvikvm(  766): GC_FOR_ALLOC freed 0K, 22% free 8145K/10311K, paused 85ms, total 85ms
I/nofatclips(  766): Saved image on disk: a7.jpg
I/nofatclips(  766): Waiting for 100 msec.
D/dalvikvm(  766): GC_CONCURRENT freed 615K, 27% free 7545K/10311K, paused 22ms+11ms, total 261ms
I/nofatclips(  766): Session count is 1. Will dump to disk at 1
I/nofatclips(  766): Saving the session on disk.
I/nofatclips(  766): Planning for new Activity ConfigureStandupTimer
D/nofatclips(  766): Handling event selectSpinnerItem for items [1,1] on spinner #2131361800 count=1
D/nofatclips(  766): Handling input 'writeText' on widget id=2131361798 type=editText name=
V/nofatclips(  766): Using value: 21
D/nofatclips(  766): Handling event 'click' on widget id=2131361801 type=button name=Start
D/nofatclips(  766): Handling input 'writeText' on widget id=2131361798 type=editText name=
V/nofatclips(  766): Using value: 21
I/nofatclips(  766): Created trace to press the back button
I/nofatclips(  766): Created trace to press the menu button
I/nofatclips(  766): Created trace to change orientation
D/dalvikvm(  766): GC_CONCURRENT freed 1067K, 33% free 7002K/10311K, paused 18ms+11ms, total 195ms
D/dalvikvm(  766): WAIT_FOR_CONCURRENT_GC blocked 49ms
I/nofatclips(  766): Check for termination: 19 steps left of 25
I/nofatclips(  766): Dispatching new task. 10 more tasks remaining.
D/nofatclips(  766): Performing backup of the old task list on disk
D/nofatclips(  766): Saving task list on disk
V/nofatclips(  766): Backing up trace #14 to disk.
V/nofatclips(  766): Backing up trace #15 to disk.
V/nofatclips(  766): Backing up trace #16 to disk.
V/nofatclips(  766): Backing up trace #18 to disk.
V/nofatclips(  766): Backing up trace #19 to disk.
V/nofatclips(  766): Backing up trace #20 to disk.
V/nofatclips(  766): Backing up trace #22 to disk.
D/dalvikvm(  766): GC_CONCURRENT freed 462K, 32% free 7046K/10311K, paused 19ms+7ms, total 156ms
D/dalvikvm(  766): WAIT_FOR_CONCURRENT_GC blocked 41ms
V/nofatclips(  766): Backing up trace #23 to disk.
V/nofatclips(  766): Backing up trace #24 to disk.
V/nofatclips(  766): Backing up trace #25 to disk.
D/nofatclips(  766): Deleting backup of the old task list from disk
D/nofatclips(  766): Deleting backup of the old activity list from disk
I/nofatclips(  766): Incrementally Playing Trace 25
I/nofatclips(  766): Retrieved from return list id=-1
D/nofatclips(  766): Testing for type (android.widget.LinearLayout) against the original (null)
I/nofatclips(  766): Firing event: type= openMenu name= widget=null
I/Choreographer(  766): Skipped 40 frames!  The application may be doing too much work on its main thread.
I/nofatclips(  766): Waiting for 100 msec.
I/Choreographer(  149): Skipped 39 frames!  The application may be doing too much work on its main thread.
I/Choreographer(  766): Skipped 229 frames!  The application may be doing too much work on its main thread.
D/dalvikvm(  766): GC_CONCURRENT freed 407K, 32% free 7048K/10311K, paused 39ms+225ms, total 907ms
I/nofatclips(  766): Current activity is ConfigureStandupTimer
I/nofatclips(  766): Retrieving widgets
D/nofatclips(  766): Found widget: id=16908939 (com.android.internal.view.menu.IconMenuView@41150338)
D/nofatclips(  766): Found widget: id=16908310 (com.android.internal.view.menu.IconMenuItemView@41197e48): Settings
D/nofatclips(  766): Found widget: id=16908310 (com.android.internal.view.menu.IconMenuItemView@41275c28): Teams
D/nofatclips(  766): Found widget: id=16908310 (com.android.internal.view.menu.IconMenuItemView@4107b018): About
D/nofatclips(  766): Found widget: id=16908310 (com.android.internal.view.menu.IconMenuItemView@4108b400): Help
D/nofatclips(  766): Found widget: id=-1 (com.android.internal.policy.impl.PhoneWindow$DecorView@412be1d0)
E/ReflectionHelper(  766): java.lang.NoSuchFieldException: mOnFocusChangeListener
V/ReflectionHelper(  766): com.android.internal.view.menu.IconMenuView > mOnFocusChangeListener NOT FOUND
V/nicola  (  766): TextualID : null
V/nicola  (  766): ContentType detected : default
V/nicola  (  766): TextualID : null
V/nicola  (  766): ContentType detected : default
V/nicola  (  766): TextualID : null
V/nicola  (  766): ContentType detected : default
V/nicola  (  766): TextualID : null
V/nicola  (  766): ContentType detected : default
I/nofatclips(  766): Performing comparation for activity ConfigureStandupTimer
D/nofatclips(  766): Comparing against activity ConfigureStandupTimer
D/nofatclips(  766): Comparing against activity ConfigureStandupTimer
D/nofatclips(  766): Comparing against activity ConfigureStandupTimer
D/nofatclips(  766): Comparing against activity ConfigureStandupTimer
D/nofatclips(  766): Comparing against activity ConfigureStandupTimer
D/nofatclips(  766): Comparing against activity ConfigureStandupTimer
D/nofatclips(  766): Comparing against activity ConfigureStandupTimer
I/nofatclips(  766): Registering activity ConfigureStandupTimer (id: a8) as a new found state
D/nofatclips(  766): Performing backup of the old activity list on disk
D/nofatclips(  766): Saving new found state 'a8' on disk
V/nofatclips(  766): Opening state file in append mode.
I/nofatclips(  766): Saved image on disk: a8.jpg
I/nofatclips(  766): Waiting for 100 msec.
D/dalvikvm(  766): GC_CONCURRENT freed 330K, 31% free 7207K/10311K, paused 23ms+14ms, total 208ms
I/nofatclips(  766): Session count is 1. Will dump to disk at 1
I/nofatclips(  766): Saving the session on disk.
I/nofatclips(  766): Planning for new Activity ConfigureStandupTimer
D/nofatclips(  766): Handling event 'click' on widget id=16908310 type=menuItem name=Settings
D/nofatclips(  766): Handling event 'click' on widget id=16908310 type=menuItem name=Teams
D/nofatclips(  766): Handling event 'click' on widget id=16908310 type=menuItem name=About
D/nofatclips(  766): Handling event 'click' on widget id=16908310 type=menuItem name=Help
I/nofatclips(  766): Created trace to press the back button
I/nofatclips(  766): Created trace to press the menu button
I/nofatclips(  766): Created trace to change orientation
D/dalvikvm(  766): GC_CONCURRENT freed 600K, 31% free 7118K/10311K, paused 20ms+16ms, total 271ms
D/dalvikvm(  766): WAIT_FOR_CONCURRENT_GC blocked 47ms
D/dalvikvm(  766): WAIT_FOR_CONCURRENT_GC blocked 78ms
I/nofatclips(  766): Check for termination: 18 steps left of 25
I/nofatclips(  766): Dispatching new task. 10 more tasks remaining.
D/nofatclips(  766): Performing backup of the old task list on disk
D/nofatclips(  766): Saving task list on disk
V/nofatclips(  766): Backing up trace #20 to disk.
V/nofatclips(  766): Backing up trace #22 to disk.
V/nofatclips(  766): Backing up trace #23 to disk.
V/nofatclips(  766): Backing up trace #24 to disk.
V/nofatclips(  766): Backing up trace #26 to disk.
D/dalvikvm(  766): GC_CONCURRENT freed 465K, 31% free 7163K/10311K, paused 19ms+10ms, total 172ms
D/dalvikvm(  766): WAIT_FOR_CONCURRENT_GC blocked 72ms
V/nofatclips(  766): Backing up trace #27 to disk.
V/nofatclips(  766): Backing up trace #28 to disk.
V/nofatclips(  766): Backing up trace #29 to disk.
V/nofatclips(  766): Backing up trace #30 to disk.
V/nofatclips(  766): Backing up trace #31 to disk.
D/nofatclips(  766): Deleting backup of the old task list from disk
D/nofatclips(  766): Deleting backup of the old activity list from disk
I/nofatclips(  766): Incrementally Playing Trace 31
I/nofatclips(  766): Retrieved from return list id=16908939
D/nofatclips(  766): Testing for type (com.android.internal.view.menu.IconMenuView) against the original (null)
I/nofatclips(  766): Firing event: type= openMenu name= widget=null
D/dalvikvm(  766): GC_CONCURRENT freed 508K, 31% free 7167K/10311K, paused 17ms+7ms, total 194ms
I/nofatclips(  766): Waiting for 100 msec.
W/InputMethodManagerService(  149): Window already focused, ignoring focus gain of: com.android.internal.view.IInputMethodClient$Stub$Proxy@412252b8 attribute=null
I/Choreographer(  149): Skipped 36 frames!  The application may be doing too much work on its main thread.
I/Choreographer(  766): Skipped 156 frames!  The application may be doing too much work on its main thread.
I/Choreographer(  149): Skipped 58 frames!  The application may be doing too much work on its main thread.
I/nofatclips(  766): Current activity is ConfigureStandupTimer
I/nofatclips(  766): Retrieving widgets
D/nofatclips(  766): Found widget: id=-1 (android.widget.LinearLayout@41059940)
D/nofatclips(  766): Found widget: id=16909076 (android.view.ViewStub@41278798)
D/nofatclips(  766): Found widget: id=-1 (android.widget.FrameLayout@410cc4b0)
D/nofatclips(  766): Found widget: id=16908310 (android.widget.TextView@4101f050): Standup Timer
D/nofatclips(  766): Found widget: id=16908290 (android.widget.FrameLayout@41165d20)
D/nofatclips(  766): Found widget: id=-1 (android.widget.LinearLayout@41282ad0)
D/nofatclips(  766): Found widget: id=-1 (android.widget.LinearLayout@41075aa0)
D/nofatclips(  766): Found widget: id=-1 (android.widget.TextView@4108f878): Number of participants
D/nofatclips(  766): Found widget: id=2131361798 (android.widget.EditText@41088060): 21
D/nofatclips(  766): Found widget: id=-1 (android.widget.TextView@412b7c30): Length of meeting
D/nofatclips(  766): Found widget: id=2131361799 (android.widget.LinearLayout@410d02b8)
D/nofatclips(  766): Found widget: id=-1 (android.widget.Spinner@41155410)
D/nofatclips(  766): Found widget: id=16908308 (android.widget.TextView@412671c0): 5 min
D/nofatclips(  766): Found widget: id=-1 (android.widget.TextView@41267da8): Team
D/nofatclips(  766): Found widget: id=2131361800 (android.widget.Spinner@41077f10)
D/nofatclips(  766): Found widget: id=16908308 (android.widget.TextView@4118a2e8):  [No Team] 
D/nofatclips(  766): Found widget: id=2131361801 (android.widget.Button@41049f10): Start
D/nofatclips(  766): Found widget: id=-1 (com.android.internal.policy.impl.PhoneWindow$DecorView@4107a940)
V/nicola  (  766): TextualID : null
V/nicola  (  766): ContentType detected : default
V/nicola  (  766): TextualID : null
V/nicola  (  766): ContentType detected : default
E/ReflectionHelper(  766): java.lang.NoSuchFieldException: mOnFocusChangeListener
V/ReflectionHelper(  766): android.widget.EditText > mOnFocusChangeListener NOT FOUND
V/nicola  (  766): TextualID : num_participants
V/nicola  (  766): ContentType detected : default
V/nicola  (  766): TextualID : null
V/nicola  (  766): ContentType detected : default
V/nicola  (  766): TextualID : null
V/nicola  (  766): ContentType detected : default
V/nicola  (  766): TextualID : null
V/nicola  (  766): ContentType detected : default
V/nicola  (  766): TextualID : null
V/nicola  (  766): ContentType detected : default
V/nicola  (  766): TextualID : start_button
V/nicola  (  766): ContentType detected : default
I/nofatclips(  766): Performing comparation for activity ConfigureStandupTimer
D/nofatclips(  766): Comparing against activity ConfigureStandupTimer
D/nofatclips(  766): Comparing against activity ConfigureStandupTimer
D/nofatclips(  766): Comparing against activity ConfigureStandupTimer
D/nofatclips(  766): Comparing against activity ConfigureStandupTimer
D/nofatclips(  766): Comparing against activity ConfigureStandupTimer
D/nofatclips(  766): Comparing against activity ConfigureStandupTimer
D/nofatclips(  766): Comparing against activity ConfigureStandupTimer
D/nofatclips(  766): Comparing against activity ConfigureStandupTimer
I/nofatclips(  766): Registering activity ConfigureStandupTimer (id: a9) as a new found state
D/nofatclips(  766): Performing backup of the old activity list on disk
D/nofatclips(  766): Saving new found state 'a9' on disk
V/nofatclips(  766): Opening state file in append mode.
D/dalvikvm(  766): GC_FOR_ALLOC freed 356K, 32% free 7103K/10311K, paused 145ms, total 149ms
I/dalvikvm-heap(  766): Grow heap (frag case) to 7.569MB for 614416-byte allocation
D/dalvikvm(  766): GC_FOR_ALLOC freed 5K, 26% free 7698K/10311K, paused 103ms, total 103ms
D/dalvikvm(  766): GC_CONCURRENT freed 2K, 26% free 7699K/10311K, paused 43ms+11ms, total 161ms
D/dalvikvm(  766): WAIT_FOR_CONCURRENT_GC blocked 85ms
D/dalvikvm(  766): GC_FOR_ALLOC freed <1K, 26% free 7698K/10311K, paused 150ms, total 153ms
I/dalvikvm-heap(  766): Grow heap (frag case) to 8.149MB for 614416-byte allocation
D/dalvikvm(  766): GC_FOR_ALLOC freed <1K, 20% free 8298K/10311K, paused 137ms, total 137ms
I/nofatclips(  766): Saved image on disk: a9.jpg
I/nofatclips(  766): Waiting for 100 msec.
D/dalvikvm(  766): GC_CONCURRENT freed 616K, 26% free 7698K/10311K, paused 24ms+14ms, total 288ms
I/nofatclips(  766): Session count is 1. Will dump to disk at 1
I/nofatclips(  766): Saving the session on disk.
I/nofatclips(  766): Planning for new Activity ConfigureStandupTimer
D/nofatclips(  766): Handling event selectSpinnerItem for items [1,1] on spinner #2131361800 count=1
D/nofatclips(  766): Handling input 'writeText' on widget id=2131361798 type=editText name=
V/nofatclips(  766): Using value: 21
D/nofatclips(  766): Handling event 'click' on widget id=2131361801 type=button name=Start
D/nofatclips(  766): Handling input 'writeText' on widget id=2131361798 type=editText name=
V/nofatclips(  766): Using value: 21
I/nofatclips(  766): Created trace to press the back button
I/nofatclips(  766): Created trace to press the menu button
I/nofatclips(  766): Created trace to change orientation
D/dalvikvm(  766): GC_CONCURRENT freed 1120K, 31% free 7153K/10311K, paused 21ms+9ms, total 216ms
D/dalvikvm(  766): WAIT_FOR_CONCURRENT_GC blocked 42ms
D/dalvikvm(  766): WAIT_FOR_CONCURRENT_GC blocked 61ms
I/nofatclips(  766): Check for termination: 17 steps left of 25
I/nofatclips(  766): Dispatching new task. 10 more tasks remaining.
D/nofatclips(  766): Performing backup of the old task list on disk
D/nofatclips(  766): Saving task list on disk
V/nofatclips(  766): Backing up trace #24 to disk.
V/nofatclips(  766): Backing up trace #26 to disk.
V/nofatclips(  766): Backing up trace #27 to disk.
V/nofatclips(  766): Backing up trace #28 to disk.
V/nofatclips(  766): Backing up trace #29 to disk.
D/dalvikvm(  766): GC_CONCURRENT freed 425K, 30% free 7233K/10311K, paused 18ms+8ms, total 148ms
D/dalvikvm(  766): WAIT_FOR_CONCURRENT_GC blocked 48ms
V/nofatclips(  766): Backing up trace #30 to disk.
V/nofatclips(  766): Backing up trace #32 to disk.
V/nofatclips(  766): Backing up trace #33 to disk.
V/nofatclips(  766): Backing up trace #34 to disk.
V/nofatclips(  766): Backing up trace #35 to disk.
D/nofatclips(  766): Deleting backup of the old task list from disk
D/nofatclips(  766): Deleting backup of the old activity list from disk
D/dalvikvm(  766): GC_CONCURRENT freed 555K, 31% free 7189K/10311K, paused 17ms+9ms, total 134ms
D/dalvikvm(  766): WAIT_FOR_CONCURRENT_GC blocked 7ms
D/dalvikvm(  766): WAIT_FOR_CONCURRENT_GC blocked 42ms
I/nofatclips(  766): Incrementally Playing Trace 35
D/nofatclips(  766): Setting input: type= writeText id=2131361798 value=21
D/nofatclips(  766): Added to return list id=2131361798
I/nofatclips(  766): Retrieved from return list id=2131361798
D/nofatclips(  766): Testing for type (android.widget.EditText) against the original (android.widget.EditText)
D/nofatclips(  766): Testing for name () against the original ()
D/InputEventConsistencyVerifier(  766): KeyEvent: ACTION_UP but key was not down.
D/InputEventConsistencyVerifier(  766):   in com.android.internal.policy.impl.PhoneWindow$DecorView@4107a940
D/InputEventConsistencyVerifier(  766):   0: sent at 325283000000, KeyEvent { action=ACTION_UP, keyCode=KEYCODE_DPAD_UP, scanCode=0, metaState=0, flags=0x8, repeatCount=0, eventTime=325283, downTime=325283, deviceId=-1, source=0x101 }
D/InputEventConsistencyVerifier(  766):   -- recent events --
D/InputEventConsistencyVerifier(  766):   1: sent at 315211000000, (unhandled) KeyEvent { action=ACTION_UP, keyCode=KEYCODE_MENU, scanCode=0, metaState=0, flags=0x8, repeatCount=0, eventTime=315211, downTime=315211, deviceId=-1, source=0x101 }
D/InputEventConsistencyVerifier(  766):   2: sent at 315042000000, (unhandled) KeyEvent { action=ACTION_DOWN, keyCode=KEYCODE_MENU, scanCode=0, metaState=0, flags=0x8, repeatCount=0, eventTime=315042, downTime=315042, deviceId=-1, source=0x101 }
D/InputEventConsistencyVerifier(  766):   3: sent at 305247000000, MotionEvent { action=ACTION_UP, id[0]=0, x[0]=160.0, y[0]=341.0, toolType[0]=TOOL_TYPE_UNKNOWN, buttonState=0, metaState=0, flags=0x0, edgeFlags=0x0, pointerCount=1, historySize=0, eventTime=305247, downTime=305246, deviceId=0, source=0x1002 }
D/InputEventConsistencyVerifier(  766):   4: sent at 305247000000, MotionEvent { action=ACTION_DOWN, id[0]=0, x[0]=160.0, y[0]=341.0, toolType[0]=TOOL_TYPE_UNKNOWN, buttonState=0, metaState=0, flags=0x0, edgeFlags=0x0, pointerCount=1, historySize=0, eventTime=305247, downTime=305246, deviceId=0, source=0x1002 }
D/InputEventConsistencyVerifier(  766):   5: sent at 303697000000, (unhandled) KeyEvent { action=ACTION_UP, keyCode=KEYCODE_DPAD_UP, scanCode=0, metaState=0, flags=0x8, repeatCount=0, eventTime=303697, downTime=303697, deviceId=-1, source=0x101 }
I/nofatclips(  766): Retrieved from return list id=2131361800
D/nofatclips(  766): Testing for type (android.widget.Spinner) against the original (android.widget.Spinner)
D/nofatclips(  766): Testing for name () against the original ()
I/nofatclips(  766): Firing event: type= selectSpinnerItem index=14 widget=android.widget.Spinner
I/nofatclips(  766): Clicking the spinner view
D/nofatclips(  766): Event description:  [No Team] 
I/Choreographer(  766): Skipped 356 frames!  The application may be doing too much work on its main thread.
D/dalvikvm(  766): GC_CONCURRENT freed 357K, 30% free 7264K/10311K, paused 42ms+44ms, total 679ms
I/Choreographer(  766): Skipped 68 frames!  The application may be doing too much work on its main thread.
I/Choreographer(  149): Skipped 37 frames!  The application may be doing too much work on its main thread.
I/nofatclips(  766): Swapping to listview item 1
I/Choreographer(  766): Skipped 42 frames!  The application may be doing too much work on its main thread.
D/nofatclips(  766): Event description:  [No Team] 
I/Choreographer(  766): Skipped 31 frames!  The application may be doing too much work on its main thread.
I/nofatclips(  766): Waiting for 100 msec.
I/Choreographer(  766): Skipped 50 frames!  The application may be doing too much work on its main thread.
W/InputMethodManagerService(  149): Window already focused, ignoring focus gain of: com.android.internal.view.IInputMethodClient$Stub$Proxy@411c5b10 attribute=android.view.inputmethod.EditorInfo@419c3a38
I/Choreographer(  766): Skipped 148 frames!  The application may be doing too much work on its main thread.
I/Choreographer(  149): Skipped 64 frames!  The application may be doing too much work on its main thread.
I/nofatclips(  766): Current activity is ConfigureStandupTimer
I/nofatclips(  766): Retrieving widgets
D/nofatclips(  766): Found widget: id=-1 (android.widget.LinearLayout@41059940)
D/nofatclips(  766): Found widget: id=16909076 (android.view.ViewStub@41278798)
D/nofatclips(  766): Found widget: id=-1 (android.widget.FrameLayout@410cc4b0)
D/nofatclips(  766): Found widget: id=16908310 (android.widget.TextView@4101f050): Standup Timer
D/nofatclips(  766): Found widget: id=16908290 (android.widget.FrameLayout@41165d20)
D/nofatclips(  766): Found widget: id=-1 (android.widget.LinearLayout@41282ad0)
D/nofatclips(  766): Found widget: id=-1 (android.widget.LinearLayout@41075aa0)
D/nofatclips(  766): Found widget: id=-1 (android.widget.TextView@4108f878): Number of participants
D/nofatclips(  766): Found widget: id=2131361798 (android.widget.EditText@41088060): 21
D/nofatclips(  766): Found widget: id=-1 (android.widget.TextView@412b7c30): Length of meeting
D/nofatclips(  766): Found widget: id=2131361799 (android.widget.LinearLayout@410d02b8)
D/nofatclips(  766): Found widget: id=-1 (android.widget.Spinner@41155410)
D/nofatclips(  766): Found widget: id=16908308 (android.widget.TextView@412671c0): 5 min
D/nofatclips(  766): Found widget: id=-1 (android.widget.TextView@41267da8): Team
D/nofatclips(  766): Found widget: id=2131361800 (android.widget.Spinner@41077f10)
D/nofatclips(  766): Found widget: id=16908308 (android.widget.TextView@4118a2e8):  [No Team] 
D/nofatclips(  766): Found widget: id=2131361801 (android.widget.Button@41049f10): Start
D/nofatclips(  766): Found widget: id=-1 (com.android.internal.policy.impl.PhoneWindow$DecorView@4107a940)
V/nicola  (  766): TextualID : null
V/nicola  (  766): ContentType detected : default
V/nicola  (  766): TextualID : null
V/nicola  (  766): ContentType detected : default
E/ReflectionHelper(  766): java.lang.NoSuchFieldException: mOnFocusChangeListener
V/ReflectionHelper(  766): android.widget.EditText > mOnFocusChangeListener NOT FOUND
V/nicola  (  766): TextualID : num_participants
V/nicola  (  766): ContentType detected : default
V/nicola  (  766): TextualID : null
V/nicola  (  766): ContentType detected : default
V/nicola  (  766): TextualID : null
V/nicola  (  766): ContentType detected : default
V/nicola  (  766): TextualID : null
V/nicola  (  766): ContentType detected : default
V/nicola  (  766): TextualID : null
V/nicola  (  766): ContentType detected : default
V/nicola  (  766): TextualID : start_button
V/nicola  (  766): ContentType detected : default
I/nofatclips(  766): Performing comparation for activity ConfigureStandupTimer
D/nofatclips(  766): Comparing against activity ConfigureStandupTimer
D/nofatclips(  766): Comparing against activity ConfigureStandupTimer
D/nofatclips(  766): Comparing against activity ConfigureStandupTimer
D/nofatclips(  766): Comparing against activity ConfigureStandupTimer
D/nofatclips(  766): Comparing against activity ConfigureStandupTimer
D/nofatclips(  766): Comparing against activity ConfigureStandupTimer
D/nofatclips(  766): Comparing against activity ConfigureStandupTimer
D/nofatclips(  766): Comparing against activity ConfigureStandupTimer
D/nofatclips(  766): Comparing against activity ConfigureStandupTimer
I/nofatclips(  766): Registering activity ConfigureStandupTimer (id: a10) as a new found state
D/nofatclips(  766): Performing backup of the old activity list on disk
D/nofatclips(  766): Saving new found state 'a10' on disk
V/nofatclips(  766): Opening state file in append mode.
D/dalvikvm(  766): GC_CONCURRENT freed 362K, 30% free 7289K/10311K, paused 25ms+25ms, total 193ms
D/dalvikvm(  766): WAIT_FOR_CONCURRENT_GC blocked 155ms
D/dalvikvm(  766): GC_FOR_ALLOC freed 147K, 31% free 7141K/10311K, paused 122ms, total 124ms
I/dalvikvm-heap(  766): Grow heap (frag case) to 7.606MB for 614416-byte allocation
D/dalvikvm(  766): GC_FOR_ALLOC freed 3K, 25% free 7738K/10311K, paused 117ms, total 117ms
D/dalvikvm(  766): GC_CONCURRENT freed 1K, 25% free 7739K/10311K, paused 40ms+13ms, total 166ms
D/dalvikvm(  766): WAIT_FOR_CONCURRENT_GC blocked 93ms
D/dalvikvm(  766): GC_FOR_ALLOC freed <1K, 25% free 7738K/10311K, paused 94ms, total 94ms
I/dalvikvm-heap(  766): Grow heap (frag case) to 8.188MB for 614416-byte allocation
D/dalvikvm(  766): GC_FOR_ALLOC freed 0K, 20% free 8338K/10311K, paused 114ms, total 114ms
I/nofatclips(  766): Saved image on disk: a10.jpg
I/nofatclips(  766): Waiting for 100 msec.
D/dalvikvm(  766): GC_CONCURRENT freed 616K, 25% free 7739K/10311K, paused 24ms+10ms, total 274ms
I/nofatclips(  766): Session count is 1. Will dump to disk at 1
I/nofatclips(  766): Saving the session on disk.
I/nofatclips(  766): Planning for new Activity ConfigureStandupTimer
