D/nofatclips(  766): Handling event selectSpinnerItem for items [1,1] on spinner #2131361800 count=1
D/nofatclips(  766): Handling input 'writeText' on widget id=2131361798 type=editText name=
V/nofatclips(  766): Using value: 21
D/nofatclips(  766): Handling event 'click' on widget id=2131361801 type=button name=Start
D/nofatclips(  766): Handling input 'writeText' on widget id=2131361798 type=editText name=
V/nofatclips(  766): Using value: 21
I/nofatclips(  766): Created trace to press the back button
I/nofatclips(  766): Created trace to press the menu button
I/nofatclips(  766): Created trace to change orientation
D/dalvikvm(  766): GC_CONCURRENT freed 1118K, 31% free 7209K/10311K, paused 23ms+10ms, total 220ms
D/dalvikvm(  766): WAIT_FOR_CONCURRENT_GC blocked 34ms
D/dalvikvm(  766): WAIT_FOR_CONCURRENT_GC blocked 75ms
I/nofatclips(  766): Check for termination: 16 steps left of 25
I/nofatclips(  766): Dispatching new task. 10 more tasks remaining.
D/nofatclips(  766): Performing backup of the old task list on disk
D/nofatclips(  766): Saving task list on disk
V/nofatclips(  766): Backing up trace #28 to disk.
V/nofatclips(  766): Backing up trace #29 to disk.
V/nofatclips(  766): Backing up trace #30 to disk.
V/nofatclips(  766): Backing up trace #32 to disk.
V/nofatclips(  766): Backing up trace #33 to disk.
D/dalvikvm(  766): GC_CONCURRENT freed 457K, 30% free 7263K/10311K, paused 16ms+7ms, total 125ms
D/dalvikvm(  766): WAIT_FOR_CONCURRENT_GC blocked 28ms
D/dalvikvm(  766): WAIT_FOR_CONCURRENT_GC blocked 58ms
V/nofatclips(  766): Backing up trace #34 to disk.
V/nofatclips(  766): Backing up trace #36 to disk.
V/nofatclips(  766): Backing up trace #37 to disk.
V/nofatclips(  766): Backing up trace #38 to disk.
D/dalvikvm(  766): GC_CONCURRENT freed 464K, 30% free 7299K/10311K, paused 21ms+7ms, total 128ms
D/dalvikvm(  766): WAIT_FOR_CONCURRENT_GC blocked 51ms
V/nofatclips(  766): Backing up trace #39 to disk.
D/nofatclips(  766): Deleting backup of the old task list from disk
D/nofatclips(  766): Deleting backup of the old activity list from disk
I/nofatclips(  766): Incrementally Playing Trace 39
I/nofatclips(  766): Retrieved from return list id=-1
D/nofatclips(  766): Testing for type (android.widget.LinearLayout) against the original (null)
I/nofatclips(  766): Firing event: type= changeOrientation name= widget=null
W/SurfaceFlinger(   36): createScreenshotSurface failed (Function not implemented)
I/InputReader(  149): Reconfiguring input devices.  changes=0x00000004
I/InputReader(  149): Device reconfigured: id=0, name='qwerty2', surface size is now 320x480, mode is 1
I/ActivityManager(  149): Config changed: {1.0 310mcc260mnc en_US sw320dp w480dp h295dp nrml land finger qwerty/v/v tball/v s.8}
I/nofatclips(  766): Waiting for 100 msec.
W/WindowManager(  149): Window freeze timeout expired.
W/WindowManager(  149): Force clearing orientation change: Window{413ec268 StatusBar paused=false}
W/WindowManager(  149): Force clearing orientation change: Window{4149fc88 com.android.systemui.ImageWallpaper paused=false}
I/Choreographer(  249): Skipped 149 frames!  The application may be doing too much work on its main thread.
I/dalvikvm(  149): Jit: resizing JitTable from 4096 to 8192
I/Choreographer(  149): Skipped 36 frames!  The application may be doing too much work on its main thread.
I/StandupTimer(  766): Retrieved state.  mettingLengthPos = 5, numParticipants = 2, teamNamePos = 0
D/StandupTimer(  766): Found 0 teams
I/Choreographer(  766): Skipped 1464 frames!  The application may be doing too much work on its main thread.
I/nofatclips(  766): Current activity is ConfigureStandupTimer
I/nofatclips(  766): Retrieving widgets
D/nofatclips(  766): Found widget: id=-1 (android.widget.LinearLayout@41155c20)
D/nofatclips(  766): Found widget: id=16909076 (android.view.ViewStub@410910a0)
D/nofatclips(  766): Found widget: id=-1 (android.widget.FrameLayout@4115df18)
D/nofatclips(  766): Found widget: id=16908310 (android.widget.TextView@4100c920): Standup Timer
D/nofatclips(  766): Found widget: id=16908290 (android.widget.FrameLayout@412bdc48)
D/nofatclips(  766): Found widget: id=-1 (android.widget.TableLayout@4117f668)
D/nofatclips(  766): Found widget: id=-1 (android.widget.TableRow@412a81e8)
D/nofatclips(  766): Found widget: id=-1 (android.widget.TextView@41024918): Number of participants
D/nofatclips(  766): Found widget: id=-1 (android.view.View@41155728)
D/nofatclips(  766): Found widget: id=-1 (android.widget.LinearLayout@41158820)
D/nofatclips(  766): Found widget: id=2131361798 (android.widget.EditText@4114de30): 2
D/nofatclips(  766): Found widget: id=-1 (android.widget.TableRow@412c2b10)
D/nofatclips(  766): Found widget: id=-1 (android.widget.TextView@41076330): Length of meeting
D/nofatclips(  766): Found widget: id=-1 (android.view.View@41157808)
D/nofatclips(  766): Found widget: id=2131361799 (android.widget.LinearLayout@41077800)
D/nofatclips(  766): Found widget: id=-1 (android.widget.Spinner@4127c820)
D/nofatclips(  766): Found widget: id=16908308 (android.widget.TextView@412961f0): 5 min
D/nofatclips(  766): Found widget: id=-1 (android.widget.TableRow@4107b3e8)
D/nofatclips(  766): Found widget: id=-1 (android.widget.TextView@41176ea0): Team
D/nofatclips(  766): Found widget: id=-1 (android.view.View@41163078)
D/nofatclips(  766): Found widget: id=2131361800 (android.widget.Spinner@410ce4e0)
D/nofatclips(  766): Found widget: id=16908308 (android.widget.TextView@41263b98):  [No Team] 
D/nofatclips(  766): Found widget: id=-1 (android.widget.TableRow@41164810)
D/nofatclips(  766): Found widget: id=2131361801 (android.widget.Button@4125b2a0): Start
D/nofatclips(  766): Found widget: id=-1 (com.android.internal.policy.impl.PhoneWindow$DecorView@41155930)
V/nicola  (  766): TextualID : null
V/nicola  (  766): ContentType detected : default
V/nicola  (  766): TextualID : null
V/nicola  (  766): ContentType detected : default
E/ReflectionHelper(  766): java.lang.NoSuchFieldException: mOnFocusChangeListener
V/ReflectionHelper(  766): android.widget.EditText > mOnFocusChangeListener NOT FOUND
V/nicola  (  766): TextualID : num_participants
V/nicola  (  766): ContentType detected : default
V/nicola  (  766): TextualID : null
V/nicola  (  766): ContentType detected : default
V/nicola  (  766): TextualID : null
V/nicola  (  766): ContentType detected : default
V/nicola  (  766): TextualID : null
V/nicola  (  766): ContentType detected : default
D/dalvikvm(  766): GC_CONCURRENT freed 549K, 30% free 7262K/10311K, paused 19ms+10ms, total 445ms
D/dalvikvm(  766): WAIT_FOR_CONCURRENT_GC blocked 84ms
D/dalvikvm(  766): WAIT_FOR_CONCURRENT_GC blocked 115ms
V/nicola  (  766): TextualID : null
V/nicola  (  766): ContentType detected : default
V/nicola  (  766): TextualID : start_button
V/nicola  (  766): ContentType detected : default
I/nofatclips(  766): Performing comparation for activity ConfigureStandupTimer
D/nofatclips(  766): Comparing against activity ConfigureStandupTimer
D/nofatclips(  766): Comparing against activity ConfigureStandupTimer
D/nofatclips(  766): Comparing against activity ConfigureStandupTimer
D/nofatclips(  766): Comparing against activity ConfigureStandupTimer
D/nofatclips(  766): Comparing against activity ConfigureStandupTimer
D/nofatclips(  766): Comparing against activity ConfigureStandupTimer
D/nofatclips(  766): Comparing against activity ConfigureStandupTimer
D/nofatclips(  766): Comparing against activity ConfigureStandupTimer
D/nofatclips(  766): Comparing against activity ConfigureStandupTimer
D/nofatclips(  766): Comparing against activity ConfigureStandupTimer
I/nofatclips(  766): Registering activity ConfigureStandupTimer (id: a11) as a new found state
D/nofatclips(  766): Performing backup of the old activity list on disk
D/nofatclips(  766): Saving new found state 'a11' on disk
V/nofatclips(  766): Opening state file in append mode.
D/dalvikvm(  149): WAIT_FOR_CONCURRENT_GC blocked 0ms
D/dalvikvm(  766): GC_FOR_ALLOC freed 162K, 30% free 7236K/10311K, paused 150ms, total 162ms
I/dalvikvm-heap(  766): Grow heap (frag case) to 7.698MB for 614416-byte allocation
D/dalvikvm(  149): GC_EXPLICIT freed 89K, 52% free 8347K/17287K, paused 12ms+24ms, total 256ms
D/dalvikvm(  766): GC_FOR_ALLOC freed 92K, 25% free 7743K/10311K, paused 185ms, total 185ms
D/dalvikvm(  766): GC_CONCURRENT freed 1K, 25% free 7744K/10311K, paused 28ms+6ms, total 95ms
D/dalvikvm(  766): WAIT_FOR_CONCURRENT_GC blocked 43ms
D/dalvikvm(  766): GC_FOR_ALLOC freed <1K, 25% free 7743K/10311K, paused 54ms, total 54ms
I/dalvikvm-heap(  766): Grow heap (frag case) to 8.193MB for 614416-byte allocation
D/dalvikvm(  766): GC_FOR_ALLOC freed 0K, 20% free 8343K/10311K, paused 68ms, total 68ms
I/nofatclips(  766): Saved image on disk: a11.jpg
I/nofatclips(  766): Waiting for 100 msec.
D/dalvikvm(  766): GC_CONCURRENT freed 1215K, 25% free 7744K/10311K, paused 25ms+8ms, total 208ms
I/nofatclips(  766): Session count is 1. Will dump to disk at 1
I/nofatclips(  766): Saving the session on disk.
I/nofatclips(  766): Planning for new Activity ConfigureStandupTimer
D/nofatclips(  766): Handling event selectSpinnerItem for items [1,1] on spinner #2131361800 count=1
D/nofatclips(  766): Handling input 'writeText' on widget id=2131361798 type=editText name=
V/nofatclips(  766): Using value: 21
D/nofatclips(  766): Handling event 'click' on widget id=2131361801 type=button name=Start
D/nofatclips(  766): Handling input 'writeText' on widget id=2131361798 type=editText name=
V/nofatclips(  766): Using value: 21
I/nofatclips(  766): Created trace to press the back button
I/nofatclips(  766): Created trace to press the menu button
I/nofatclips(  766): Created trace to change orientation
D/dalvikvm(  766): GC_CONCURRENT freed 1123K, 31% free 7211K/10311K, paused 18ms+9ms, total 228ms
D/dalvikvm(  766): WAIT_FOR_CONCURRENT_GC blocked 21ms
D/dalvikvm(  766): WAIT_FOR_CONCURRENT_GC blocked 57ms
I/nofatclips(  766): Check for termination: 15 steps left of 25
I/nofatclips(  766): Dispatching new task. 10 more tasks remaining.
D/nofatclips(  766): Performing backup of the old task list on disk
D/nofatclips(  766): Saving task list on disk
V/nofatclips(  766): Backing up trace #32 to disk.
V/nofatclips(  766): Backing up trace #33 to disk.
V/nofatclips(  766): Backing up trace #34 to disk.
D/dalvikvm(  766): GC_CONCURRENT freed 440K, 30% free 7280K/10311K, paused 17ms+7ms, total 121ms
D/dalvikvm(  766): WAIT_FOR_CONCURRENT_GC blocked 58ms
V/nofatclips(  766): Backing up trace #36 to disk.
V/nofatclips(  766): Backing up trace #37 to disk.
V/nofatclips(  766): Backing up trace #38 to disk.
V/nofatclips(  766): Backing up trace #40 to disk.
V/nofatclips(  766): Backing up trace #41 to disk.
D/dalvikvm(  766): GC_CONCURRENT freed 499K, 30% free 7288K/10311K, paused 17ms+14ms, total 309ms
D/dalvikvm(  766): WAIT_FOR_CONCURRENT_GC blocked 161ms
V/nofatclips(  766): Backing up trace #42 to disk.
V/nofatclips(  766): Backing up trace #43 to disk.
D/nofatclips(  766): Deleting backup of the old task list from disk
D/nofatclips(  766): Deleting backup of the old activity list from disk
I/nofatclips(  766): Incrementally Playing Trace 43
I/nofatclips(  766): Retrieved from return list id=-1
D/nofatclips(  766): Testing for type (android.widget.LinearLayout) against the original (null)
I/nofatclips(  766): Firing event: type= changeOrientation name= widget=null
I/InputReader(  149): Reconfiguring input devices.  changes=0x00000004
I/InputReader(  149): Device reconfigured: id=0, name='qwerty2', surface size is now 320x480, mode is 1
W/SurfaceFlinger(   36): createScreenshotSurface failed (Function not implemented)
I/ActivityManager(  149): Config changed: {1.0 310mcc260mnc en_US sw320dp w320dp h455dp nrml port finger qwerty/v/v tball/v s.9}
I/nofatclips(  766): Waiting for 100 msec.
I/Choreographer(  249): Skipped 41 frames!  The application may be doing too much work on its main thread.
D/dalvikvm(  766): GC_CONCURRENT freed 516K, 31% free 7203K/10311K, paused 28ms+42ms, total 292ms
I/StandupTimer(  766): Retrieved state.  mettingLengthPos = 5, numParticipants = 2, teamNamePos = 0
I/ARMAssembler(   36): generated scanline__00000077:03545404_00008500_00000000 [ 29 ipp] (43 ins) at [0x41155b38:0x41155be4] in 930642 ns
D/StandupTimer(  766): Found 0 teams
I/Choreographer(  766): Skipped 614 frames!  The application may be doing too much work on its main thread.
I/nofatclips(  766): Current activity is ConfigureStandupTimer
I/nofatclips(  766): Retrieving widgets
D/nofatclips(  766): Found widget: id=-1 (android.widget.LinearLayout@41059940)
D/nofatclips(  766): Found widget: id=16909076 (android.view.ViewStub@4101dff8)
D/nofatclips(  766): Found widget: id=-1 (android.widget.FrameLayout@4107d368)
D/nofatclips(  766): Found widget: id=16908310 (android.widget.TextView@4101f050): Standup Timer
D/nofatclips(  766): Found widget: id=16908290 (android.widget.FrameLayout@41093ff8)
D/nofatclips(  766): Found widget: id=-1 (android.widget.LinearLayout@41197e30)
D/nofatclips(  766): Found widget: id=-1 (android.widget.LinearLayout@4124f2c0)
D/nofatclips(  766): Found widget: id=-1 (android.widget.TextView@4108f878): Number of participants
D/nofatclips(  766): Found widget: id=2131361798 (android.widget.EditText@410cae48): 2
D/nofatclips(  766): Found widget: id=-1 (android.widget.TextView@41025480): Length of meeting
D/nofatclips(  766): Found widget: id=2131361799 (android.widget.LinearLayout@4126f5f8)
D/nofatclips(  766): Found widget: id=-1 (android.widget.Spinner@4126f810)
D/nofatclips(  766): Found widget: id=16908308 (android.widget.TextView@41142680): 5 min
D/nofatclips(  766): Found widget: id=-1 (android.widget.TextView@412906d0): Team
D/nofatclips(  766): Found widget: id=2131361800 (android.widget.Spinner@41266108)
D/nofatclips(  766): Found widget: id=16908308 (android.widget.TextView@410947b0):  [No Team] 
D/nofatclips(  766): Found widget: id=2131361801 (android.widget.Button@41193bc8): Start
D/nofatclips(  766): Found widget: id=-1 (com.android.internal.policy.impl.PhoneWindow$DecorView@4107a940)
V/nicola  (  766): TextualID : null
V/nicola  (  766): ContentType detected : default
V/nicola  (  766): TextualID : null
V/nicola  (  766): ContentType detected : default
E/ReflectionHelper(  766): java.lang.NoSuchFieldException: mOnFocusChangeListener
V/ReflectionHelper(  766): android.widget.EditText > mOnFocusChangeListener NOT FOUND
V/nicola  (  766): TextualID : num_participants
V/nicola  (  766): ContentType detected : default
V/nicola  (  766): TextualID : null
V/nicola  (  766): ContentType detected : default
V/nicola  (  766): TextualID : null
V/nicola  (  766): ContentType detected : default
V/nicola  (  766): TextualID : null
V/nicola  (  766): ContentType detected : default
V/nicola  (  766): TextualID : null
V/nicola  (  766): ContentType detected : default
V/nicola  (  766): TextualID : start_button
V/nicola  (  766): ContentType detected : default
I/nofatclips(  766): Performing comparation for activity ConfigureStandupTimer
D/nofatclips(  766): Comparing against activity ConfigureStandupTimer
D/nofatclips(  766): Comparing against activity ConfigureStandupTimer
D/nofatclips(  766): Comparing against activity ConfigureStandupTimer
D/nofatclips(  766): Comparing against activity ConfigureStandupTimer
D/nofatclips(  766): Comparing against activity ConfigureStandupTimer
D/nofatclips(  766): Comparing against activity ConfigureStandupTimer
D/nofatclips(  766): Comparing against activity ConfigureStandupTimer
D/nofatclips(  766): Comparing against activity ConfigureStandupTimer
D/nofatclips(  766): Comparing against activity ConfigureStandupTimer
D/nofatclips(  766): Comparing against activity ConfigureStandupTimer
D/nofatclips(  766): Comparing against activity ConfigureStandupTimer
I/nofatclips(  766): Registering activity ConfigureStandupTimer (id: a12) as a new found state
D/nofatclips(  766): Performing backup of the old activity list on disk
D/nofatclips(  766): Saving new found state 'a12' on disk
V/nofatclips(  766): Opening state file in append mode.
D/dalvikvm(  766): GC_FOR_ALLOC freed 339K, 31% free 7194K/10311K, paused 59ms, total 67ms
I/dalvikvm-heap(  766): Grow heap (frag case) to 7.658MB for 614416-byte allocation
D/dalvikvm(  766): GC_FOR_ALLOC freed 14K, 25% free 7780K/10311K, paused 64ms, total 64ms
D/dalvikvm(  766): GC_CONCURRENT freed 1K, 19% free 8381K/10311K, paused 28ms+6ms, total 144ms
D/dalvikvm(  766): WAIT_FOR_CONCURRENT_GC blocked 22ms
D/dalvikvm(  766): WAIT_FOR_CONCURRENT_GC blocked 44ms
I/nofatclips(  766): Saved image on disk: a12.jpg
I/nofatclips(  766): Waiting for 100 msec.
I/nofatclips(  766): Session count is 1. Will dump to disk at 1
I/nofatclips(  766): Saving the session on disk.
D/dalvikvm(  766): GC_CONCURRENT freed 1917K, 30% free 7255K/10311K, paused 18ms+7ms, total 115ms
D/dalvikvm(  766): WAIT_FOR_CONCURRENT_GC blocked 39ms
I/nofatclips(  766): Planning for new Activity ConfigureStandupTimer
D/nofatclips(  766): Handling event selectSpinnerItem for items [1,1] on spinner #2131361800 count=1
D/nofatclips(  766): Handling input 'writeText' on widget id=2131361798 type=editText name=
V/nofatclips(  766): Using value: 21
D/nofatclips(  766): Handling event 'click' on widget id=2131361801 type=button name=Start
D/nofatclips(  766): Handling input 'writeText' on widget id=2131361798 type=editText name=
V/nofatclips(  766): Using value: 21
I/nofatclips(  766): Created trace to press the back button
I/nofatclips(  766): Created trace to press the menu button
I/nofatclips(  766): Created trace to change orientation
D/dalvikvm(  149): WAIT_FOR_CONCURRENT_GC blocked 0ms
D/dalvikvm(  149): GC_EXPLICIT freed 65K, 52% free 8320K/17287K, paused 11ms+12ms, total 500ms
D/dalvikvm(  766): GC_CONCURRENT freed 492K, 30% free 7274K/10311K, paused 16ms+31ms, total 389ms
D/dalvikvm(  766): WAIT_FOR_CONCURRENT_GC blocked 114ms
D/dalvikvm(  766): WAIT_FOR_CONCURRENT_GC blocked 167ms
I/nofatclips(  766): Check for termination: 14 steps left of 25
I/nofatclips(  766): Dispatching new task. 10 more tasks remaining.
D/nofatclips(  766): Performing backup of the old task list on disk
D/nofatclips(  766): Saving task list on disk
V/nofatclips(  766): Backing up trace #36 to disk.
V/nofatclips(  766): Backing up trace #37 to disk.
V/nofatclips(  766): Backing up trace #38 to disk.
V/nofatclips(  766): Backing up trace #40 to disk.
D/dalvikvm(  766): GC_CONCURRENT freed 440K, 29% free 7343K/10311K, paused 18ms+6ms, total 131ms
D/dalvikvm(  766): WAIT_FOR_CONCURRENT_GC blocked 48ms
V/nofatclips(  766): Backing up trace #41 to disk.
V/nofatclips(  766): Backing up trace #42 to disk.
V/nofatclips(  766): Backing up trace #44 to disk.
V/nofatclips(  766): Backing up trace #45 to disk.
D/dalvikvm(  766): GC_CONCURRENT freed 499K, 29% free 7348K/10311K, paused 17ms+11ms, total 141ms
D/dalvikvm(  766): WAIT_FOR_CONCURRENT_GC blocked 44ms
V/nofatclips(  766): Backing up trace #46 to disk.
V/nofatclips(  766): Backing up trace #47 to disk.
D/nofatclips(  766): Deleting backup of the old task list from disk
D/nofatclips(  766): Deleting backup of the old activity list from disk
I/nofatclips(  766): Incrementally Playing Trace 47
I/nofatclips(  766): Retrieved from return list id=-1
D/nofatclips(  766): Testing for type (android.widget.LinearLayout) against the original (null)
I/nofatclips(  766): Firing event: type= changeOrientation name= widget=null
W/SurfaceFlinger(   36): createScreenshotSurface failed (Function not implemented)
I/InputReader(  149): Reconfiguring input devices.  changes=0x00000004
I/InputReader(  149): Device reconfigured: id=0, name='qwerty2', surface size is now 320x480, mode is 1
I/ActivityManager(  149): Config changed: {1.0 310mcc260mnc en_US sw320dp w480dp h295dp nrml land finger qwerty/v/v tball/v s.10}
I/nofatclips(  766): Waiting for 100 msec.
I/Choreographer(  249): Skipped 141 frames!  The application may be doing too much work on its main thread.
I/StandupTimer(  766): Retrieved state.  mettingLengthPos = 5, numParticipants = 2, teamNamePos = 0
D/dalvikvm(  766): GC_CONCURRENT freed 507K, 30% free 7272K/10311K, paused 47ms+183ms, total 1003ms
D/StandupTimer(  766): Found 0 teams
D/dalvikvm(  149): WAIT_FOR_CONCURRENT_GC blocked 0ms
D/dalvikvm(  149): GC_EXPLICIT freed 29K, 52% free 8315K/17287K, paused 16ms+19ms, total 218ms
I/Choreographer(  766): Skipped 1352 frames!  The application may be doing too much work on its main thread.
I/nofatclips(  766): Current activity is ConfigureStandupTimer
I/nofatclips(  766): Retrieving widgets
D/nofatclips(  766): Found widget: id=-1 (android.widget.LinearLayout@41144748)
D/nofatclips(  766): Found widget: id=16909076 (android.view.ViewStub@41143588)
D/nofatclips(  766): Found widget: id=-1 (android.widget.FrameLayout@411537a0)
D/nofatclips(  766): Found widget: id=16908310 (android.widget.TextView@412679f8): Standup Timer
D/nofatclips(  766): Found widget: id=16908290 (android.widget.FrameLayout@4126fca8)
D/nofatclips(  766): Found widget: id=-1 (android.widget.TableLayout@41171f60)
D/nofatclips(  766): Found widget: id=-1 (android.widget.TableRow@4128e5b8)
D/nofatclips(  766): Found widget: id=-1 (android.widget.TextView@41179488): Number of participants
D/nofatclips(  766): Found widget: id=-1 (android.view.View@4125be88)
D/nofatclips(  766): Found widget: id=-1 (android.widget.LinearLayout@41270648)
D/nofatclips(  766): Found widget: id=2131361798 (android.widget.EditText@412a8450): 2
D/nofatclips(  766): Found widget: id=-1 (android.widget.TableRow@41292940)
D/nofatclips(  766): Found widget: id=-1 (android.widget.TextView@412c7be8): Length of meeting
D/nofatclips(  766): Found widget: id=-1 (android.view.View@4125da88)
D/nofatclips(  766): Found widget: id=2131361799 (android.widget.LinearLayout@41293410)
D/nofatclips(  766): Found widget: id=-1 (android.widget.Spinner@41259e60)
D/nofatclips(  766): Found widget: id=16908308 (android.widget.TextView@41143fe8): 5 min
D/nofatclips(  766): Found widget: id=-1 (android.widget.TableRow@411864b8)
D/nofatclips(  766): Found widget: id=-1 (android.widget.TextView@4118c4e0): Team
D/nofatclips(  766): Found widget: id=-1 (android.view.View@412691b8)
D/nofatclips(  766): Found widget: id=2131361800 (android.widget.Spinner@4126cb88)
D/nofatclips(  766): Found widget: id=16908308 (android.widget.TextView@412401f0):  [No Team] 
D/nofatclips(  766): Found widget: id=-1 (android.widget.TableRow@412740b8)
D/nofatclips(  766): Found widget: id=2131361801 (android.widget.Button@410ccd18): Start
D/nofatclips(  766): Found widget: id=-1 (com.android.internal.policy.impl.PhoneWindow$DecorView@41076cf0)
V/nicola  (  766): TextualID : null
V/nicola  (  766): ContentType detected : default
V/nicola  (  766): TextualID : null
V/nicola  (  766): ContentType detected : default
E/ReflectionHelper(  766): java.lang.NoSuchFieldException: mOnFocusChangeListener
V/ReflectionHelper(  766): android.widget.EditText > mOnFocusChangeListener NOT FOUND
V/nicola  (  766): TextualID : num_participants
V/nicola  (  766): ContentType detected : default
V/nicola  (  766): TextualID : null
V/nicola  (  766): ContentType detected : default
V/nicola  (  766): TextualID : null
V/nicola  (  766): ContentType detected : default
V/nicola  (  766): TextualID : null
V/nicola  (  766): ContentType detected : default
V/nicola  (  766): TextualID : null
V/nicola  (  766): ContentType detected : default
V/nicola  (  766): TextualID : start_button
V/nicola  (  766): ContentType detected : default
I/nofatclips(  766): Performing comparation for activity ConfigureStandupTimer
D/nofatclips(  766): Comparing against activity ConfigureStandupTimer
D/nofatclips(  766): Comparing against activity ConfigureStandupTimer
D/nofatclips(  766): Comparing against activity ConfigureStandupTimer
D/nofatclips(  766): Comparing against activity ConfigureStandupTimer
D/nofatclips(  766): Comparing against activity ConfigureStandupTimer
D/nofatclips(  766): Comparing against activity ConfigureStandupTimer
D/nofatclips(  766): Comparing against activity ConfigureStandupTimer
D/nofatclips(  766): Comparing against activity ConfigureStandupTimer
D/nofatclips(  766): Comparing against activity ConfigureStandupTimer
D/nofatclips(  766): Comparing against activity ConfigureStandupTimer
D/nofatclips(  766): Comparing against activity ConfigureStandupTimer
D/nofatclips(  766): Comparing against activity ConfigureStandupTimer
I/nofatclips(  766): Registering activity ConfigureStandupTimer (id: a13) as a new found state
D/nofatclips(  766): Performing backup of the old activity list on disk
D/nofatclips(  766): Saving new found state 'a13' on disk
V/nofatclips(  766): Opening state file in append mode.
D/dalvikvm(  766): GC_FOR_ALLOC freed 372K, 30% free 7266K/10311K, paused 59ms, total 71ms
I/dalvikvm-heap(  766): Grow heap (frag case) to 7.727MB for 614416-byte allocation
D/dalvikvm(  766): GC_FOR_ALLOC freed 20K, 24% free 7846K/10311K, paused 67ms, total 67ms
I/nofatclips(  766): Saved image on disk: a13.jpg
I/nofatclips(  766): Waiting for 100 msec.
D/dalvikvm(  766): GC_CONCURRENT freed 615K, 24% free 7847K/10311K, paused 27ms+6ms, total 178ms
D/dalvikvm(  149): WAIT_FOR_CONCURRENT_GC blocked 0ms
I/nofatclips(  766): Session count is 1. Will dump to disk at 1
I/nofatclips(  766): Saving the session on disk.
I/nofatclips(  766): Planning for new Activity ConfigureStandupTimer
D/nofatclips(  766): Handling event selectSpinnerItem for items [1,1] on spinner #2131361800 count=1
D/nofatclips(  766): Handling input 'writeText' on widget id=2131361798 type=editText name=
V/nofatclips(  766): Using value: 21
D/nofatclips(  766): Handling event 'click' on widget id=2131361801 type=button name=Start
D/nofatclips(  766): Handling input 'writeText' on widget id=2131361798 type=editText name=
V/nofatclips(  766): Using value: 21
I/nofatclips(  766): Created trace to press the back button
D/dalvikvm(  149): GC_EXPLICIT freed 17K, 52% free 8306K/17287K, paused 11ms+46ms, total 530ms
I/nofatclips(  766): Created trace to press the menu button
I/nofatclips(  766): Created trace to change orientation
D/dalvikvm(  766): GC_CONCURRENT freed 1149K, 29% free 7322K/10311K, paused 16ms+8ms, total 161ms
D/dalvikvm(  766): WAIT_FOR_CONCURRENT_GC blocked 30ms
D/dalvikvm(  766): WAIT_FOR_CONCURRENT_GC blocked 46ms
I/nofatclips(  766): Check for termination: 13 steps left of 25
I/nofatclips(  766): Dispatching new task. 10 more tasks remaining.
D/nofatclips(  766): Performing backup of the old task list on disk
D/nofatclips(  766): Saving task list on disk
V/nofatclips(  766): Backing up trace #40 to disk.
V/nofatclips(  766): Backing up trace #41 to disk.
D/dalvikvm(  766): GC_CONCURRENT freed 437K, 29% free 7383K/10311K, paused 25ms+6ms, total 146ms
D/dalvikvm(  766): WAIT_FOR_CONCURRENT_GC blocked 58ms
V/nofatclips(  766): Backing up trace #42 to disk.
V/nofatclips(  766): Backing up trace #44 to disk.
V/nofatclips(  766): Backing up trace #45 to disk.
V/nofatclips(  766): Backing up trace #46 to disk.
D/dalvikvm(  766): GC_CONCURRENT freed 476K, 29% free 7404K/10311K, paused 20ms+19ms, total 228ms
D/dalvikvm(  766): WAIT_FOR_CONCURRENT_GC blocked 88ms
V/nofatclips(  766): Backing up trace #48 to disk.
V/nofatclips(  766): Backing up trace #49 to disk.
V/nofatclips(  766): Backing up trace #50 to disk.
V/nofatclips(  766): Backing up trace #51 to disk.
D/dalvikvm(  766): GC_CONCURRENT freed 485K, 28% free 7431K/10311K, paused 21ms+8ms, total 125ms
D/dalvikvm(  766): WAIT_FOR_CONCURRENT_GC blocked 44ms
D/dalvikvm(  766): WAIT_FOR_CONCURRENT_GC blocked 51ms
D/nofatclips(  766): Deleting backup of the old task list from disk
D/nofatclips(  766): Deleting backup of the old activity list from disk
I/nofatclips(  766): Incrementally Playing Trace 51
I/nofatclips(  766): Retrieved from return list id=-1
D/nofatclips(  766): Testing for type (android.widget.LinearLayout) against the original (null)
I/nofatclips(  766): Firing event: type= openMenu name= widget=null
I/Choreographer(  766): Skipped 218 frames!  The application may be doing too much work on its main thread.
I/Choreographer(  766): Skipped 57 frames!  The application may be doing too much work on its main thread.
I/nofatclips(  766): Waiting for 100 msec.
I/Choreographer(  766): Skipped 35 frames!  The application may be doing too much work on its main thread.
I/Choreographer(  766): Skipped 109 frames!  The application may be doing too much work on its main thread.
I/nofatclips(  766): Current activity is ConfigureStandupTimer
I/nofatclips(  766): Retrieving widgets
D/nofatclips(  766): Found widget: id=16908939 (com.android.internal.view.menu.IconMenuView@4114ba58)
D/nofatclips(  766): Found widget: id=16908310 (com.android.internal.view.menu.IconMenuItemView@4114a530): Settings
D/nofatclips(  766): Found widget: id=16908310 (com.android.internal.view.menu.IconMenuItemView@412708e8): Teams
D/nofatclips(  766): Found widget: id=16908310 (com.android.internal.view.menu.IconMenuItemView@4118b738): About
D/nofatclips(  766): Found widget: id=16908310 (com.android.internal.view.menu.IconMenuItemView@4123fec0): Help
D/nofatclips(  766): Found widget: id=-1 (com.android.internal.policy.impl.PhoneWindow$DecorView@4104aaf0)
E/ReflectionHelper(  766): java.lang.NoSuchFieldException: mOnFocusChangeListener
V/ReflectionHelper(  766): com.android.internal.view.menu.IconMenuView > mOnFocusChangeListener NOT FOUND
V/nicola  (  766): TextualID : null
V/nicola  (  766): ContentType detected : default
V/nicola  (  766): TextualID : null
V/nicola  (  766): ContentType detected : default
V/nicola  (  766): TextualID : null
V/nicola  (  766): ContentType detected : default
V/nicola  (  766): TextualID : null
V/nicola  (  766): ContentType detected : default
I/nofatclips(  766): Performing comparation for activity ConfigureStandupTimer
D/nofatclips(  766): Comparing against activity ConfigureStandupTimer
D/nofatclips(  766): Comparing against activity ConfigureStandupTimer
D/nofatclips(  766): Comparing against activity ConfigureStandupTimer
D/nofatclips(  766): Comparing against activity ConfigureStandupTimer
D/nofatclips(  766): Comparing against activity ConfigureStandupTimer
D/nofatclips(  766): Comparing against activity ConfigureStandupTimer
D/nofatclips(  766): Comparing against activity ConfigureStandupTimer
D/nofatclips(  766): Comparing against activity ConfigureStandupTimer
D/nofatclips(  766): Comparing against activity ConfigureStandupTimer
D/nofatclips(  766): Comparing against activity ConfigureStandupTimer
D/nofatclips(  766): Comparing against activity ConfigureStandupTimer
D/nofatclips(  766): Comparing against activity ConfigureStandupTimer
D/nofatclips(  766): Comparing against activity ConfigureStandupTimer
I/nofatclips(  766): Registering activity ConfigureStandupTimer (id: a14) as a new found state
D/nofatclips(  766): Performing backup of the old activity list on disk
D/nofatclips(  766): Saving new found state 'a14' on disk
V/nofatclips(  766): Opening state file in append mode.
D/dalvikvm(  766): GC_CONCURRENT freed 414K, 28% free 7459K/10311K, paused 34ms+9ms, total 131ms
D/dalvikvm(  766): WAIT_FOR_CONCURRENT_GC blocked 93ms
I/nofatclips(  766): Saved image on disk: a14.jpg
I/nofatclips(  766): Waiting for 100 msec.
I/nofatclips(  766): Session count is 1. Will dump to disk at 1
I/nofatclips(  766): Saving the session on disk.
I/nofatclips(  766): Planning for new Activity ConfigureStandupTimer
D/nofatclips(  766): Handling event 'click' on widget id=16908310 type=menuItem name=Settings
D/nofatclips(  766): Handling event 'click' on widget id=16908310 type=menuItem name=Teams
D/nofatclips(  766): Handling event 'click' on widget id=16908310 type=menuItem name=About
D/nofatclips(  766): Handling event 'click' on widget id=16908310 type=menuItem name=Help
I/nofatclips(  766): Created trace to press the back button
I/nofatclips(  766): Created trace to press the menu button
I/nofatclips(  766): Created trace to change orientation
D/dalvikvm(  766): GC_CONCURRENT freed 596K, 29% free 7375K/10311K, paused 19ms+11ms, total 303ms
D/dalvikvm(  766): WAIT_FOR_CONCURRENT_GC blocked 54ms
D/dalvikvm(  766): GC_CONCURRENT freed 446K, 28% free 7440K/10311K, paused 20ms+10ms, total 258ms
D/dalvikvm(  766): WAIT_FOR_CONCURRENT_GC blocked 15ms
D/dalvikvm(  766): WAIT_FOR_CONCURRENT_GC blocked 65ms
I/nofatclips(  766): Check for termination: 12 steps left of 25
I/nofatclips(  766): Dispatching new task. 10 more tasks remaining.
D/nofatclips(  766): Performing backup of the old task list on disk
D/nofatclips(  766): Saving task list on disk
V/nofatclips(  766): Backing up trace #46 to disk.
V/nofatclips(  766): Backing up trace #48 to disk.
V/nofatclips(  766): Backing up trace #49 to disk.
D/dalvikvm(  766): GC_CONCURRENT freed 431K, 28% free 7521K/10311K, paused 17ms+9ms, total 121ms
D/dalvikvm(  766): WAIT_FOR_CONCURRENT_GC blocked 21ms
D/dalvikvm(  766): WAIT_FOR_CONCURRENT_GC blocked 58ms
V/nofatclips(  766): Backing up trace #50 to disk.
V/nofatclips(  766): Backing up trace #52 to disk.
V/nofatclips(  766): Backing up trace #53 to disk.
V/nofatclips(  766): Backing up trace #54 to disk.
D/dalvikvm(  766): GC_CONCURRENT freed 541K, 28% free 7493K/10311K, paused 20ms+9ms, total 149ms
D/dalvikvm(  766): WAIT_FOR_CONCURRENT_GC blocked 52ms
V/nofatclips(  766): Backing up trace #55 to disk.
V/nofatclips(  766): Backing up trace #56 to disk.
V/nofatclips(  766): Backing up trace #57 to disk.
D/dalvikvm(  766): GC_CONCURRENT freed 469K, 28% free 7525K/10311K, paused 16ms+7ms, total 155ms
D/dalvikvm(  766): WAIT_FOR_CONCURRENT_GC blocked 65ms
D/nofatclips(  766): Deleting backup of the old task list from disk
D/nofatclips(  766): Deleting backup of the old activity list from disk
I/nofatclips(  766): Incrementally Playing Trace 57
I/nofatclips(  766): Retrieved from return list id=16908939
D/nofatclips(  766): Testing for type (com.android.internal.view.menu.IconMenuView) against the original (null)
I/nofatclips(  766): Firing event: type= changeOrientation name= widget=null
W/SurfaceFlinger(   36): createScreenshotSurface failed (Function not implemented)
I/InputReader(  149): Reconfiguring input devices.  changes=0x00000004
I/InputReader(  149): Device reconfigured: id=0, name='qwerty2', surface size is now 320x480, mode is 1
I/ActivityManager(  149): Config changed: {1.0 310mcc260mnc en_US sw320dp w320dp h455dp nrml port finger qwerty/v/v tball/v s.11}
I/nofatclips(  766): Waiting for 100 msec.
W/WindowManager(  149): Force-removing child win Window{415f9d28 AtchDlg:net.johnpwood.android.standuptimer/net.johnpwood.android.standuptimer.ConfigureStandupTimer paused=false} from container Window{415f9b50 net.johnpwood.android.standuptimer/net.johnpwood.android.standuptimer.ConfigureStandupTimer paused=false}
D/dalvikvm(  280): GC_CONCURRENT freed 387K, 9% free 6618K/7239K, paused 1274ms+57ms, total 1764ms
W/WindowManager(  149): Window freeze timeout expired.
W/WindowManager(  149): Force clearing orientation change: Window{413ec268 StatusBar paused=false}
W/WindowManager(  149): Force clearing orientation change: Window{4149fc88 com.android.systemui.ImageWallpaper paused=false}
I/Choreographer(  249): Skipped 83 frames!  The application may be doing too much work on its main thread.
I/StandupTimer(  766): Retrieved state.  mettingLengthPos = 5, numParticipants = 2, teamNamePos = 0
D/StandupTimer(  766): Found 0 teams
E/InputEventReceiver(  766): channel '415f9d28 AtchDlg:net.johnpwood.android.standuptimer/net.johnpwood.android.standuptimer.ConfigureStandupTimer (client)' ~ Publisher closed input channel or an error occurred.  events=0x9
I/Choreographer(  766): Skipped 1489 frames!  The application may be doing too much work on its main thread.
V/PhoneStatusBar(  249): setLightsOn(true)
W/WindowManager(  149): Failed looking up window
W/WindowManager(  149): java.lang.IllegalArgumentException: Requested window android.os.BinderProxy@418f5c90 does not exist
W/WindowManager(  149): 	at com.android.server.wm.WindowManagerService.windowForClientLocked(WindowManagerService.java:7640)
W/WindowManager(  149): 	at com.android.server.wm.WindowManagerService.windowForClientLocked(WindowManagerService.java:7631)
W/WindowManager(  149): 	at com.android.server.wm.WindowManagerService.relayoutWindow(WindowManagerService.java:2712)
W/WindowManager(  149): 	at com.android.server.wm.Session.relayout(Session.java:158)
W/WindowManager(  149): 	at android.view.IWindowSession$Stub.onTransact(IWindowSession.java:160)
W/WindowManager(  149): 	at com.android.server.wm.Session.onTransact(Session.java:111)
W/WindowManager(  149): 	at android.os.Binder.execTransact(Binder.java:367)
W/WindowManager(  149): 	at com.android.server.SystemServer.init1(Native Method)
W/WindowManager(  149): 	at com.android.server.SystemServer.main(SystemServer.java:955)
W/WindowManager(  149): 	at java.lang.reflect.Method.invokeNative(Native Method)
W/WindowManager(  149): 	at java.lang.reflect.Method.invoke(Method.java:511)
W/WindowManager(  149): 	at com.android.internal.os.ZygoteInit$MethodAndArgsCaller.run(ZygoteInit.java:786)
W/WindowManager(  149): 	at com.android.internal.os.ZygoteInit.main(ZygoteInit.java:553)
W/WindowManager(  149): 	at dalvik.system.NativeStart.main(Native Method)
W/WindowManager(  149): Failed looking up window
W/WindowManager(  149): java.lang.IllegalArgumentException: Requested window android.os.BinderProxy@418f5c90 does not exist
W/WindowManager(  149): 	at com.android.server.wm.WindowManagerService.windowForClientLocked(WindowManagerService.java:7640)
W/WindowManager(  149): 	at com.android.server.wm.WindowManagerService.windowForClientLocked(WindowManagerService.java:7631)
W/WindowManager(  149): 	at com.android.server.wm.WindowManagerService.removeWindow(WindowManagerService.java:2377)
W/WindowManager(  149): 	at com.android.server.wm.Session.remove(Session.java:149)
W/WindowManager(  149): 	at android.view.IWindowSession$Stub.onTransact(IWindowSession.java:124)
W/WindowManager(  149): 	at com.android.server.wm.Session.onTransact(Session.java:111)
W/WindowManager(  149): 	at android.os.Binder.execTransact(Binder.java:367)
W/WindowManager(  149): 	at dalvik.system.NativeStart.run(Native Method)
I/Choreographer(  766): Skipped 178 frames!  The application may be doing too much work on its main thread.
I/Choreographer(  766): Skipped 50 frames!  The application may be doing too much work on its main thread.
I/Choreographer(  249): Skipped 31 frames!  The application may be doing too much work on its main thread.
I/nofatclips(  766): Current activity is ConfigureStandupTimer
I/nofatclips(  766): Retrieving widgets
D/nofatclips(  766): Found widget: id=16908939 (com.android.internal.view.menu.IconMenuView@4117fbe0)
D/nofatclips(  766): Found widget: id=16908310 (com.android.internal.view.menu.IconMenuItemView@4119d5b8): Settings
D/nofatclips(  766): Found widget: id=16908310 (com.android.internal.view.menu.IconMenuItemView@41256d20): Teams
D/nofatclips(  766): Found widget: id=16908310 (com.android.internal.view.menu.IconMenuItemView@412831c0): About
D/nofatclips(  766): Found widget: id=16908310 (com.android.internal.view.menu.IconMenuItemView@4107c060): Help
D/nofatclips(  766): Found widget: id=-1 (com.android.internal.policy.impl.PhoneWindow$DecorView@412958c0)
E/ReflectionHelper(  766): java.lang.NoSuchFieldException: mOnFocusChangeListener
V/ReflectionHelper(  766): com.android.internal.view.menu.IconMenuView > mOnFocusChangeListener NOT FOUND
V/nicola  (  766): TextualID : null
V/nicola  (  766): ContentType detected : default
V/nicola  (  766): TextualID : null
V/nicola  (  766): ContentType detected : default
V/nicola  (  766): TextualID : null
V/nicola  (  766): ContentType detected : default
V/nicola  (  766): TextualID : null
V/nicola  (  766): ContentType detected : default
I/nofatclips(  766): Performing comparation for activity ConfigureStandupTimer
D/nofatclips(  766): Comparing against activity ConfigureStandupTimer
D/nofatclips(  766): Comparing against activity ConfigureStandupTimer
D/nofatclips(  766): Comparing against activity ConfigureStandupTimer
D/nofatclips(  766): Comparing against activity ConfigureStandupTimer
D/nofatclips(  766): Comparing against activity ConfigureStandupTimer
D/nofatclips(  766): Comparing against activity ConfigureStandupTimer
D/nofatclips(  766): Comparing against activity ConfigureStandupTimer
D/nofatclips(  766): Comparing against activity ConfigureStandupTimer
D/nofatclips(  766): Comparing against activity ConfigureStandupTimer
D/nofatclips(  766): Comparing against activity ConfigureStandupTimer
D/nofatclips(  766): Comparing against activity ConfigureStandupTimer
D/nofatclips(  766): Comparing against activity ConfigureStandupTimer
D/nofatclips(  766): Comparing against activity ConfigureStandupTimer
D/nofatclips(  766): Comparing against activity ConfigureStandupTimer
I/nofatclips(  766): Registering activity ConfigureStandupTimer (id: a15) as a new found state
D/nofatclips(  766): Performing backup of the old activity list on disk
D/nofatclips(  766): Saving new found state 'a15' on disk
V/nofatclips(  766): Opening state file in append mode.
D/dalvikvm(  766): GC_CONCURRENT freed 473K, 28% free 7476K/10311K, paused 17ms+11ms, total 120ms
D/dalvikvm(  766): WAIT_FOR_CONCURRENT_GC blocked 79ms
I/nofatclips(  766): Saved image on disk: a15.jpg
I/nofatclips(  766): Waiting for 100 msec.
I/nofatclips(  766): Session count is 1. Will dump to disk at 1
I/nofatclips(  766): Saving the session on disk.
D/dalvikvm(  766): GC_CONCURRENT freed 531K, 28% free 7435K/10311K, paused 18ms+9ms, total 158ms
D/dalvikvm(  766): WAIT_FOR_CONCURRENT_GC blocked 58ms
I/nofatclips(  766): Planning for new Activity ConfigureStandupTimer
D/nofatclips(  766): Handling event 'click' on widget id=16908310 type=menuItem name=Settings
D/nofatclips(  766): Handling event 'click' on widget id=16908310 type=menuItem name=Teams
D/nofatclips(  766): Handling event 'click' on widget id=16908310 type=menuItem name=About
D/nofatclips(  766): Handling event 'click' on widget id=16908310 type=menuItem name=Help
I/nofatclips(  766): Created trace to press the back button
I/nofatclips(  766): Created trace to press the menu button
I/nofatclips(  766): Created trace to change orientation
D/dalvikvm(  766): GC_CONCURRENT freed 478K, 28% free 7468K/10311K, paused 17ms+11ms, total 194ms
D/dalvikvm(  766): WAIT_FOR_CONCURRENT_GC blocked 13ms
D/dalvikvm(  766): WAIT_FOR_CONCURRENT_GC blocked 56ms
D/dalvikvm(  149): WAIT_FOR_CONCURRENT_GC blocked 0ms
I/nofatclips(  766): Check for termination: 11 steps left of 25
I/nofatclips(  766): Dispatching new task. 10 more tasks remaining.
D/nofatclips(  766): Performing backup of the old task list on disk
D/nofatclips(  766): Saving task list on disk
V/nofatclips(  766): Backing up trace #53 to disk.
D/dalvikvm(  149): GC_EXPLICIT freed 83K, 52% free 8335K/17287K, paused 11ms+12ms, total 429ms
D/dalvikvm(  766): GC_CONCURRENT freed 515K, 28% free 7465K/10311K, paused 18ms+9ms, total 389ms
D/dalvikvm(  766): WAIT_FOR_CONCURRENT_GC blocked 206ms
D/dalvikvm(  766): WAIT_FOR_CONCURRENT_GC blocked 210ms
V/nofatclips(  766): Backing up trace #54 to disk.
V/nofatclips(  766): Backing up trace #55 to disk.
V/nofatclips(  766): Backing up trace #56 to disk.
D/dalvikvm(  766): GC_CONCURRENT freed 433K, 27% free 7542K/10311K, paused 17ms+7ms, total 134ms
D/dalvikvm(  766): WAIT_FOR_CONCURRENT_GC blocked 50ms
V/nofatclips(  766): Backing up trace #58 to disk.
V/nofatclips(  766): Backing up trace #59 to disk.
V/nofatclips(  766): Backing up trace #60 to disk.
V/nofatclips(  766): Backing up trace #61 to disk.
D/dalvikvm(  766): GC_CONCURRENT freed 510K, 27% free 7554K/10311K, paused 18ms+12ms, total 131ms
D/dalvikvm(  766): WAIT_FOR_CONCURRENT_GC blocked 55ms
V/nofatclips(  766): Backing up trace #62 to disk.
V/nofatclips(  766): Backing up trace #63 to disk.
D/nofatclips(  766): Deleting backup of the old task list from disk
D/nofatclips(  766): Deleting backup of the old activity list from disk
I/nofatclips(  766): Incrementally Playing Trace 63
I/nofatclips(  766): Retrieved from return list id=16908310
D/nofatclips(  766): Testing for type (com.android.internal.view.menu.IconMenuItemView) against the original (com.android.internal.view.menu.IconMenuItemView)
D/nofatclips(  766): Testing for name (Teams) against the original (Teams)
I/nofatclips(  766): Firing event: type= click index=2 widget=com.android.internal.view.menu.IconMenuItemView
D/dalvikvm(  766): GC_CONCURRENT freed 523K, 28% free 7476K/10311K, paused 76ms+8ms, total 219ms
D/InputEventConsistencyVerifier(  766): KeyEvent: ACTION_UP but key was not down.
D/InputEventConsistencyVerifier(  766):   in com.android.internal.policy.impl.PhoneWindow$DecorView@412958c0
D/InputEventConsistencyVerifier(  766):   0: sent at 373843000000, KeyEvent { action=ACTION_UP, keyCode=KEYCODE_DPAD_UP, scanCode=0, metaState=0, flags=0x8, repeatCount=0, eventTime=373843, downTime=373843, deviceId=-1, source=0x101 }
I/Choreographer(  766): Skipped 232 frames!  The application may be doing too much work on its main thread.
I/Choreographer(  766): Skipped 43 frames!  The application may be doing too much work on its main thread.
I/Choreographer(  766): Skipped 88 frames!  The application may be doing too much work on its main thread.
D/nofatclips(  766): Event description: Teams
I/Choreographer(  766): Skipped 47 frames!  The application may be doing too much work on its main thread.
D/StandupTimer(  766): Displaying the team configuration
I/nofatclips(  766): Waiting for 100 msec.
I/ActivityManager(  149): START {cmp=net.johnpwood.android.standuptimer/.TeamList u=0} from pid 766
W/WindowManager(  149): Failure taking screenshot for (164x246) to layer 21015
I/Choreographer(  766): Skipped 110 frames!  The application may be doing too much work on its main thread.
D/StandupTimer(  766): Found 0 teams
V/PhoneStatusBar(  249): setLightsOn(true)
I/Choreographer(  766): Skipped 85 frames!  The application may be doing too much work on its main thread.
I/ActivityManager(  149): Displayed net.johnpwood.android.standuptimer/.TeamList: +754ms
I/Choreographer(  149): Skipped 30 frames!  The application may be doing too much work on its main thread.
I/Choreographer(  766): Skipped 100 frames!  The application may be doing too much work on its main thread.
I/Choreographer(  149): Skipped 84 frames!  The application may be doing too much work on its main thread.
W/IInputConnectionWrapper(  766): finishComposingText on inactive InputConnection
I/nofatclips(  766): Current activity is TeamList
I/nofatclips(  766): Retrieving widgets
D/nofatclips(  766): Found widget: id=-1 (android.widget.LinearLayout@410b30f0)
D/nofatclips(  766): Found widget: id=16909076 (android.view.ViewStub@4107ef80)
D/nofatclips(  766): Found widget: id=-1 (android.widget.FrameLayout@410c9a00)
D/nofatclips(  766): Found widget: id=16908310 (android.widget.TextView@410bab88): Teams
D/nofatclips(  766): Found widget: id=16908290 (android.widget.FrameLayout@41177420)
D/nofatclips(  766): Found widget: id=-1 (android.widget.LinearLayout@4128e5b8)
D/nofatclips(  766): Found widget: id=16908298 (android.widget.ListView@4115b120)
D/nofatclips(  766): Found widget: id=16908292 (android.widget.TextView@41148848): No teams configured
D/nofatclips(  766): Found widget: id=-1 (com.android.internal.policy.impl.PhoneWindow$DecorView@41191a18)
I/Choreographer(  766): Skipped 31 frames!  The application may be doing too much work on its main thread.
V/nicola  (  766): TextualID : null
V/nicola  (  766): ContentType detected : default
V/nicola  (  766): TextualID : null
V/nicola  (  766): ContentType detected : default
I/nofatclips(  766): Performing comparation for activity TeamList
D/nofatclips(  766): Comparing against activity ConfigureStandupTimer
D/nofatclips(  766): Comparing against activity ConfigureStandupTimer
D/nofatclips(  766): Comparing against activity ConfigureStandupTimer
D/nofatclips(  766): Comparing against activity ConfigureStandupTimer
D/nofatclips(  766): Comparing against activity ConfigureStandupTimer
D/nofatclips(  766): Comparing against activity ConfigureStandupTimer
D/nofatclips(  766): Comparing against activity ConfigureStandupTimer
D/nofatclips(  766): Comparing against activity ConfigureStandupTimer
D/nofatclips(  766): Comparing against activity ConfigureStandupTimer
D/nofatclips(  766): Comparing against activity ConfigureStandupTimer
D/nofatclips(  766): Comparing against activity ConfigureStandupTimer
D/nofatclips(  766): Comparing against activity ConfigureStandupTimer
D/nofatclips(  766): Comparing against activity ConfigureStandupTimer
D/nofatclips(  766): Comparing against activity ConfigureStandupTimer
D/nofatclips(  766): Comparing against activity ConfigureStandupTimer
I/nofatclips(  766): Registering activity TeamList (id: a16) as a new found state
D/nofatclips(  766): Performing backup of the old activity list on disk
D/nofatclips(  766): Saving new found state 'a16' on disk
V/nofatclips(  766): Opening state file in append mode.
