D/InputEventConsistencyVerifier(  766):   0: sent at 424228000000, KeyEvent { action=ACTION_UP, keyCode=KEYCODE_DPAD_UP, scanCode=0, metaState=0, flags=0x8, repeatCount=0, eventTime=424228, downTime=424228, deviceId=-1, source=0x101 }
I/nofatclips(  766): Waiting for 100 msec.
I/nofatclips(  766): Current activity is ConfigureStandupTimer
I/nofatclips(  766): Retrieving widgets
D/nofatclips(  766): Found widget: id=-1 (android.widget.FrameLayout@4118f9a8)
D/nofatclips(  766): Found widget: id=16908290 (android.widget.FrameLayout@4100c998)
D/nofatclips(  766): Found widget: id=16908874 (android.widget.LinearLayout@41103d68)
D/nofatclips(  766): Found widget: id=16908875 (android.widget.LinearLayout@41105bf0)
D/nofatclips(  766): Found widget: id=16908876 (android.widget.LinearLayout@411079f8)
D/nofatclips(  766): Found widget: id=16908294 (android.widget.ImageView@410a7c30)
D/nofatclips(  766): Found widget: id=16908877 (com.android.internal.widget.DialogTitle@41108350): 
D/nofatclips(  766): Found widget: id=16908878 (android.widget.ImageView@4115f960)
D/nofatclips(  766): Found widget: id=16908882 (android.widget.LinearLayout@4118e9b8)
D/nofatclips(  766): Found widget: id=16908883 (android.widget.ScrollView@412511b0)
D/nofatclips(  766): Found widget: id=16908299 (android.widget.TextView@40fea5e0): Number of participants must be between 1 and 20.
D/nofatclips(  766): Found widget: id=16908884 (android.widget.FrameLayout@41277778)
D/nofatclips(  766): Found widget: id=16908331 (android.widget.FrameLayout@4117a6d8)
D/nofatclips(  766): Found widget: id=16908879 (android.widget.LinearLayout@411622f0)
D/nofatclips(  766): Found widget: id=-1 (android.widget.LinearLayout@412a75f0)
D/nofatclips(  766): Found widget: id=16908880 (android.widget.LinearLayout@410775b0)
D/nofatclips(  766): Found widget: id=16908313 (android.widget.Button@410d0248): 
D/nofatclips(  766): Found widget: id=16908315 (android.widget.Button@41249890): OK
D/nofatclips(  766): Found widget: id=16908314 (android.widget.Button@4101e068): 
D/nofatclips(  766): Found widget: id=16908881 (android.widget.LinearLayout@4119b620)
D/nofatclips(  766): Found widget: id=16909076 (android.view.ViewStub@4108bd48)
D/nofatclips(  766): Found widget: id=-1 (com.android.internal.policy.impl.PhoneWindow$DecorView@41166308)
V/nicola  (  766): TextualID : null
V/nicola  (  766): ContentType detected : default
V/nicola  (  766): TextualID : null
V/nicola  (  766): ContentType detected : default
I/nofatclips(  766): Performing comparation for activity ConfigureStandupTimer
D/nofatclips(  766): Comparing against activity ConfigureStandupTimer
D/nofatclips(  766): Comparing against activity ConfigureStandupTimer
D/nofatclips(  766): Comparing against activity ConfigureStandupTimer
D/nofatclips(  766): Comparing against activity ConfigureStandupTimer
D/nofatclips(  766): Comparing against activity TeamList
D/nofatclips(  766): Comparing against activity ConfigureStandupTimer
D/nofatclips(  766): Comparing against activity ConfigureStandupTimer
D/nofatclips(  766): Comparing against activity ConfigureStandupTimer
D/nofatclips(  766): Comparing against activity TeamList
D/nofatclips(  766): Comparing against activity ConfigureStandupTimer
D/nofatclips(  766): Comparing against activity ConfigureStandupTimer
D/nofatclips(  766): Comparing against activity ConfigureStandupTimer
D/nofatclips(  766): Comparing against activity ConfigureStandupTimer
D/nofatclips(  766): Comparing against activity TeamList
D/nofatclips(  766): Comparing against activity ConfigureStandupTimer
D/nofatclips(  766): Comparing against activity ConfigureStandupTimer
D/nofatclips(  766): Comparing against activity ConfigureStandupTimer
D/nofatclips(  766): Comparing against activity ConfigureStandupTimer
D/nofatclips(  766): Comparing against activity ConfigureStandupTimer
D/nofatclips(  766): Comparing against activity ConfigureStandupTimer
D/nofatclips(  766): Comparing against activity ConfigureStandupTimer
D/nofatclips(  766): Comparing against activity ConfigureStandupTimer
I/nofatclips(  766): Registering activity ConfigureStandupTimer (id: a23) as a new found state
D/nofatclips(  766): Performing backup of the old activity list on disk
D/nofatclips(  766): Saving new found state 'a23' on disk
V/nofatclips(  766): Opening state file in append mode.
D/dalvikvm(  766): GC_CONCURRENT freed 809K, 30% free 7719K/10951K, paused 68ms+48ms, total 1045ms
D/dalvikvm(  766): WAIT_FOR_CONCURRENT_GC blocked 172ms
D/dalvikvm(  766): WAIT_FOR_CONCURRENT_GC blocked 239ms
I/nofatclips(  766): Saved image on disk: a23.jpg
I/nofatclips(  766): Waiting for 100 msec.
D/dalvikvm(  766): GC_CONCURRENT freed 253K, 28% free 7937K/10951K, paused 42ms+36ms, total 306ms
I/nofatclips(  766): Session count is 1. Will dump to disk at 1
I/nofatclips(  766): Saving the session on disk.
I/nofatclips(  766): Planning for new Activity ConfigureStandupTimer
D/nofatclips(  766): Handling event 'click' on widget id=16908315 type=button name=OK
I/nofatclips(  766): Created trace to press the back button
I/nofatclips(  766): Created trace to press the menu button
I/nofatclips(  766): Created trace to change orientation
D/dalvikvm(  766): GC_CONCURRENT freed 776K, 29% free 7816K/10951K, paused 21ms+15ms, total 291ms
D/dalvikvm(  766): WAIT_FOR_CONCURRENT_GC blocked 97ms
D/dalvikvm(  766): WAIT_FOR_CONCURRENT_GC blocked 118ms
I/nofatclips(  766): Check for termination: 3 steps left of 25
I/nofatclips(  766): Dispatching new task. 10 more tasks remaining.
D/nofatclips(  766): Performing backup of the old task list on disk
D/nofatclips(  766): Saving task list on disk
V/nofatclips(  766): Backing up trace #80 to disk.
V/nofatclips(  766): Backing up trace #81 to disk.
D/dalvikvm(  766): GC_CONCURRENT freed 521K, 28% free 7903K/10951K, paused 20ms+9ms, total 215ms
D/dalvikvm(  766): WAIT_FOR_CONCURRENT_GC blocked 103ms
V/nofatclips(  766): Backing up trace #83 to disk.
V/nofatclips(  766): Backing up trace #84 to disk.
V/nofatclips(  766): Backing up trace #85 to disk.
V/nofatclips(  766): Backing up trace #87 to disk.
D/dalvikvm(  766): GC_CONCURRENT freed 600K, 28% free 7943K/10951K, paused 20ms+10ms, total 231ms
D/dalvikvm(  766): WAIT_FOR_CONCURRENT_GC blocked 93ms
V/nofatclips(  766): Backing up trace #88 to disk.
V/nofatclips(  766): Backing up trace #90 to disk.
I/Choreographer(  249): Skipped 38 frames!  The application may be doing too much work on its main thread.
V/nofatclips(  766): Backing up trace #91 to disk.
I/Choreographer(  249): Skipped 34 frames!  The application may be doing too much work on its main thread.
D/dalvikvm(  766): GC_CONCURRENT freed 627K, 28% free 7971K/10951K, paused 30ms+8ms, total 147ms
D/dalvikvm(  766): WAIT_FOR_CONCURRENT_GC blocked 66ms
D/dalvikvm(  766): WAIT_FOR_CONCURRENT_GC blocked 98ms
V/nofatclips(  766): Backing up trace #92 to disk.
D/nofatclips(  766): Deleting backup of the old task list from disk
D/nofatclips(  766): Deleting backup of the old activity list from disk
I/nofatclips(  766): Incrementally Playing Trace 92
I/nofatclips(  766): Retrieved from return list id=16908315
D/nofatclips(  766): Testing for type (android.widget.Button) against the original (android.widget.Button)
D/nofatclips(  766): Testing for name (OK) against the original (OK)
I/nofatclips(  766): Firing event: type= click index=17 widget=android.widget.Button
D/nofatclips(  766): Event description: OK
D/dalvikvm(  766): GC_CONCURRENT freed 736K, 29% free 7777K/10951K, paused 37ms+22ms, total 440ms
I/nofatclips(  766): Waiting for 100 msec.
I/Choreographer(  766): Skipped 34 frames!  The application may be doing too much work on its main thread.
W/InputMethodManagerService(  149): Window already focused, ignoring focus gain of: com.android.internal.view.IInputMethodClient$Stub$Proxy@4122d928 attribute=android.view.inputmethod.EditorInfo@41498e40
I/Choreographer(  766): Skipped 197 frames!  The application may be doing too much work on its main thread.
I/Choreographer(  149): Skipped 34 frames!  The application may be doing too much work on its main thread.
I/nofatclips(  766): Current activity is ConfigureStandupTimer
I/nofatclips(  766): Retrieving widgets
D/nofatclips(  766): Found widget: id=-1 (android.widget.LinearLayout@410ceb50)
D/nofatclips(  766): Found widget: id=16909076 (android.view.ViewStub@4105a7e0)
D/nofatclips(  766): Found widget: id=-1 (android.widget.FrameLayout@4101aa28)
D/nofatclips(  766): Found widget: id=16908310 (android.widget.TextView@4107f710): Standup Timer
D/nofatclips(  766): Found widget: id=16908290 (android.widget.FrameLayout@41075ab8)
D/nofatclips(  766): Found widget: id=-1 (android.widget.LinearLayout@41197e10)
D/nofatclips(  766): Found widget: id=-1 (android.widget.LinearLayout@410ffaf8)
D/nofatclips(  766): Found widget: id=-1 (android.widget.TextView@4123fc40): Number of participants
D/nofatclips(  766): Found widget: id=2131361798 (android.widget.EditText@41100450): 21
D/nofatclips(  766): Found widget: id=-1 (android.widget.TextView@41102258): Length of meeting
D/nofatclips(  766): Found widget: id=2131361799 (android.widget.LinearLayout@41101900)
D/nofatclips(  766): Found widget: id=-1 (android.widget.Spinner@410ab580)
D/nofatclips(  766): Found widget: id=16908308 (android.widget.TextView@410bb1a0): 5 min
D/nofatclips(  766): Found widget: id=-1 (android.widget.TextView@411046c0): Team
D/nofatclips(  766): Found widget: id=2131361800 (android.widget.Spinner@4119b330)
D/nofatclips(  766): Found widget: id=16908308 (android.widget.TextView@4117bb70):  [No Team] 
D/nofatclips(  766): Found widget: id=2131361801 (android.widget.Button@41106548): Start
D/nofatclips(  766): Found widget: id=-1 (com.android.internal.policy.impl.PhoneWindow$DecorView@4107d368)
V/nicola  (  766): TextualID : null
V/nicola  (  766): ContentType detected : default
V/nicola  (  766): TextualID : null
V/nicola  (  766): ContentType detected : default
E/ReflectionHelper(  766): java.lang.NoSuchFieldException: mOnFocusChangeListener
V/ReflectionHelper(  766): android.widget.EditText > mOnFocusChangeListener NOT FOUND
V/nicola  (  766): TextualID : num_participants
V/nicola  (  766): ContentType detected : default
V/nicola  (  766): TextualID : null
V/nicola  (  766): ContentType detected : default
V/nicola  (  766): TextualID : null
V/nicola  (  766): ContentType detected : default
V/nicola  (  766): TextualID : null
V/nicola  (  766): ContentType detected : default
V/nicola  (  766): TextualID : null
V/nicola  (  766): ContentType detected : default
V/nicola  (  766): TextualID : start_button
V/nicola  (  766): ContentType detected : default
I/nofatclips(  766): Performing comparation for activity ConfigureStandupTimer
D/nofatclips(  766): Comparing against activity ConfigureStandupTimer
D/nofatclips(  766): Comparing against activity ConfigureStandupTimer
D/nofatclips(  766): Comparing against activity ConfigureStandupTimer
D/nofatclips(  766): Comparing against activity ConfigureStandupTimer
D/nofatclips(  766): Comparing against activity ConfigureStandupTimer
D/nofatclips(  766): Comparing against activity TeamList
D/nofatclips(  766): Comparing against activity ConfigureStandupTimer
D/nofatclips(  766): Comparing against activity ConfigureStandupTimer
D/nofatclips(  766): Comparing against activity ConfigureStandupTimer
D/nofatclips(  766): Comparing against activity TeamList
D/nofatclips(  766): Comparing against activity ConfigureStandupTimer
D/nofatclips(  766): Comparing against activity ConfigureStandupTimer
D/nofatclips(  766): Comparing against activity ConfigureStandupTimer
D/nofatclips(  766): Comparing against activity ConfigureStandupTimer
D/nofatclips(  766): Comparing against activity TeamList
D/nofatclips(  766): Comparing against activity ConfigureStandupTimer
D/nofatclips(  766): Comparing against activity ConfigureStandupTimer
D/nofatclips(  766): Comparing against activity ConfigureStandupTimer
D/nofatclips(  766): Comparing against activity ConfigureStandupTimer
D/nofatclips(  766): Comparing against activity ConfigureStandupTimer
D/nofatclips(  766): Comparing against activity ConfigureStandupTimer
D/nofatclips(  766): Comparing against activity ConfigureStandupTimer
D/nofatclips(  766): Comparing against activity ConfigureStandupTimer
I/nofatclips(  766): Registering activity ConfigureStandupTimer (id: a24) as a new found state
D/nofatclips(  766): Performing backup of the old activity list on disk
D/nofatclips(  766): Saving new found state 'a24' on disk
V/nofatclips(  766): Opening state file in append mode.
D/dalvikvm(  766): GC_FOR_ALLOC freed 333K, 30% free 7761K/10951K, paused 148ms, total 155ms
I/dalvikvm-heap(  766): Grow heap (frag case) to 8.210MB for 614416-byte allocation
D/dalvikvm(  766): GC_FOR_ALLOC freed 5K, 24% free 8355K/10951K, paused 151ms, total 151ms
I/nofatclips(  766): Saved image on disk: a24.jpg
I/nofatclips(  766): Waiting for 100 msec.
D/dalvikvm(  766): GC_CONCURRENT freed 617K, 24% free 8356K/10951K, paused 40ms+16ms, total 370ms
I/nofatclips(  766): Session count is 1. Will dump to disk at 1
I/nofatclips(  766): Saving the session on disk.
I/nofatclips(  766): Planning for new Activity ConfigureStandupTimer
D/nofatclips(  766): Handling event selectSpinnerItem for items [1,1] on spinner #2131361800 count=1
D/nofatclips(  766): Handling input 'writeText' on widget id=2131361798 type=editText name=
V/nofatclips(  766): Using value: 21
D/nofatclips(  766): Handling event 'click' on widget id=2131361801 type=button name=Start
D/nofatclips(  766): Handling input 'writeText' on widget id=2131361798 type=editText name=
V/nofatclips(  766): Using value: 21
I/nofatclips(  766): Created trace to press the back button
I/nofatclips(  766): Created trace to press the menu button
I/nofatclips(  766): Created trace to change orientation
D/dalvikvm(  766): GC_CONCURRENT freed 1292K, 29% free 7858K/10951K, paused 19ms+13ms, total 269ms
D/dalvikvm(  766): WAIT_FOR_CONCURRENT_GC blocked 77ms
D/dalvikvm(  766): WAIT_FOR_CONCURRENT_GC blocked 112ms
I/nofatclips(  766): Check for termination: 2 steps left of 25
I/nofatclips(  766): Dispatching new task. 10 more tasks remaining.
D/nofatclips(  766): Performing backup of the old task list on disk
D/nofatclips(  766): Saving task list on disk
V/nofatclips(  766): Backing up trace #84 to disk.
D/dalvikvm(  766): GC_CONCURRENT freed 606K, 29% free 7878K/10951K, paused 17ms+16ms, total 297ms
D/dalvikvm(  766): WAIT_FOR_CONCURRENT_GC blocked 165ms
V/nofatclips(  766): Backing up trace #85 to disk.
V/nofatclips(  766): Backing up trace #87 to disk.
V/nofatclips(  766): Backing up trace #88 to disk.
D/dalvikvm(  766): GC_CONCURRENT freed 521K, 28% free 7992K/10951K, paused 18ms+12ms, total 260ms
D/dalvikvm(  766): WAIT_FOR_CONCURRENT_GC blocked 37ms
D/dalvikvm(  766): WAIT_FOR_CONCURRENT_GC blocked 119ms
V/nofatclips(  766): Backing up trace #90 to disk.
V/nofatclips(  766): Backing up trace #91 to disk.
V/nofatclips(  766): Backing up trace #93 to disk.
D/dalvikvm(  766): GC_CONCURRENT freed 645K, 27% free 7997K/10951K, paused 18ms+9ms, total 174ms
D/dalvikvm(  766): WAIT_FOR_CONCURRENT_GC blocked 78ms
V/nofatclips(  766): Backing up trace #94 to disk.
V/nofatclips(  766): Backing up trace #95 to disk.
V/nofatclips(  766): Backing up trace #96 to disk.
D/dalvikvm(  766): GC_CONCURRENT freed 624K, 27% free 8042K/10951K, paused 18ms+9ms, total 200ms
D/dalvikvm(  766): WAIT_FOR_CONCURRENT_GC blocked 92ms
D/nofatclips(  766): Deleting backup of the old task list from disk
D/nofatclips(  766): Deleting backup of the old activity list from disk
I/nofatclips(  766): Incrementally Playing Trace 96
I/nofatclips(  766): Retrieved from return list id=-1
D/nofatclips(  766): Testing for type (android.widget.LinearLayout) against the original (null)
I/nofatclips(  766): Firing event: type= changeOrientation name= widget=null
W/SurfaceFlinger(   36): createScreenshotSurface failed (Function not implemented)
I/InputReader(  149): Reconfiguring input devices.  changes=0x00000004
I/InputReader(  149): Device reconfigured: id=0, name='qwerty2', surface size is now 320x480, mode is 1
I/ActivityManager(  149): Config changed: {1.0 310mcc260mnc en_US sw320dp w480dp h295dp nrml land finger qwerty/v/v tball/v s.14}
I/nofatclips(  766): Waiting for 100 msec.
D/dalvikvm(  264): GC_CONCURRENT freed 250K, 6% free 6377K/6727K, paused 461ms+73ms, total 1245ms
W/WindowManager(  149): Window freeze timeout expired.
W/WindowManager(  149): Force clearing orientation change: Window{413ec268 StatusBar paused=false}
W/WindowManager(  149): Force clearing orientation change: Window{4149fc88 com.android.systemui.ImageWallpaper paused=false}
I/Choreographer(  249): Skipped 298 frames!  The application may be doing too much work on its main thread.
I/Choreographer(  149): Skipped 60 frames!  The application may be doing too much work on its main thread.
I/Choreographer(  149): Skipped 43 frames!  The application may be doing too much work on its main thread.
I/StandupTimer(  766): Retrieved state.  mettingLengthPos = 5, numParticipants = 2, teamNamePos = 0
D/StandupTimer(  766): Found 0 teams
I/Choreographer(  766): Skipped 1853 frames!  The application may be doing too much work on its main thread.
I/nofatclips(  766): Current activity is ConfigureStandupTimer
I/nofatclips(  766): Retrieving widgets
D/nofatclips(  766): Found widget: id=-1 (android.widget.LinearLayout@410b2a80)
D/nofatclips(  766): Found widget: id=16909076 (android.view.ViewStub@410cd868)
D/nofatclips(  766): Found widget: id=-1 (android.widget.FrameLayout@4108d4a0)
D/nofatclips(  766): Found widget: id=16908310 (android.widget.TextView@412b5fc0): Standup Timer
D/nofatclips(  766): Found widget: id=16908290 (android.widget.FrameLayout@410ac0b0)
D/nofatclips(  766): Found widget: id=-1 (android.widget.TableLayout@410b3078)
D/nofatclips(  766): Found widget: id=-1 (android.widget.TableRow@412a38b8)
D/nofatclips(  766): Found widget: id=-1 (android.widget.TextView@410b0988): Number of participants
D/nofatclips(  766): Found widget: id=-1 (android.view.View@41155ed8)
D/nofatclips(  766): Found widget: id=-1 (android.widget.LinearLayout@410b4b80)
D/nofatclips(  766): Found widget: id=2131361798 (android.widget.EditText@41154d20): 2
D/nofatclips(  766): Found widget: id=-1 (android.widget.TableRow@411689d8)
D/nofatclips(  766): Found widget: id=-1 (android.widget.TextView@4120c288): Length of meeting
D/nofatclips(  766): Found widget: id=-1 (android.view.View@4115b3e8)
D/nofatclips(  766): Found widget: id=2131361799 (android.widget.LinearLayout@410f6570)
D/nofatclips(  766): Found widget: id=-1 (android.widget.Spinner@411da820)
D/nofatclips(  766): Found widget: id=16908308 (android.widget.TextView@411e23a0): 5 min
D/nofatclips(  766): Found widget: id=-1 (android.widget.TableRow@410edb30)
D/nofatclips(  766): Found widget: id=-1 (android.widget.TextView@4113bc88): Team
D/nofatclips(  766): Found widget: id=-1 (android.view.View@41194b78)
D/nofatclips(  766): Found widget: id=2131361800 (android.widget.Spinner@4113a360)
D/nofatclips(  766): Found widget: id=16908308 (android.widget.TextView@412bb7e0):  [No Team] 
D/nofatclips(  766): Found widget: id=-1 (android.widget.TableRow@410f40f8)
D/nofatclips(  766): Found widget: id=2131361801 (android.widget.Button@411f07f0): Start
D/nofatclips(  766): Found widget: id=-1 (com.android.internal.policy.impl.PhoneWindow$DecorView@411031c0)
V/nicola  (  766): TextualID : null
V/nicola  (  766): ContentType detected : default
V/nicola  (  766): TextualID : null
V/nicola  (  766): ContentType detected : default
E/ReflectionHelper(  766): java.lang.NoSuchFieldException: mOnFocusChangeListener
V/ReflectionHelper(  766): android.widget.EditText > mOnFocusChangeListener NOT FOUND
D/dalvikvm(  149): WAIT_FOR_CONCURRENT_GC blocked 0ms
V/nicola  (  766): TextualID : num_participants
V/nicola  (  766): ContentType detected : default
V/nicola  (  766): TextualID : null
V/nicola  (  766): ContentType detected : default
V/nicola  (  766): TextualID : null
V/nicola  (  766): ContentType detected : default
V/nicola  (  766): TextualID : null
V/nicola  (  766): ContentType detected : default
V/nicola  (  766): TextualID : null
V/nicola  (  766): ContentType detected : default
V/nicola  (  766): TextualID : start_button
V/nicola  (  766): ContentType detected : default
I/nofatclips(  766): Performing comparation for activity ConfigureStandupTimer
D/nofatclips(  766): Comparing against activity ConfigureStandupTimer
D/nofatclips(  766): Comparing against activity ConfigureStandupTimer
D/nofatclips(  766): Comparing against activity ConfigureStandupTimer
D/nofatclips(  766): Comparing against activity ConfigureStandupTimer
D/nofatclips(  766): Comparing against activity ConfigureStandupTimer
D/nofatclips(  766): Comparing against activity TeamList
D/nofatclips(  766): Comparing against activity ConfigureStandupTimer
D/nofatclips(  766): Comparing against activity ConfigureStandupTimer
D/nofatclips(  766): Comparing against activity ConfigureStandupTimer
D/nofatclips(  766): Comparing against activity TeamList
D/nofatclips(  766): Comparing against activity ConfigureStandupTimer
D/nofatclips(  766): Comparing against activity ConfigureStandupTimer
D/nofatclips(  766): Comparing against activity ConfigureStandupTimer
D/nofatclips(  766): Comparing against activity ConfigureStandupTimer
D/nofatclips(  766): Comparing against activity TeamList
D/nofatclips(  766): Comparing against activity ConfigureStandupTimer
D/nofatclips(  766): Comparing against activity ConfigureStandupTimer
D/nofatclips(  766): Comparing against activity ConfigureStandupTimer
D/nofatclips(  766): Comparing against activity ConfigureStandupTimer
D/nofatclips(  766): Comparing against activity ConfigureStandupTimer
D/nofatclips(  766): Comparing against activity ConfigureStandupTimer
D/nofatclips(  766): Comparing against activity ConfigureStandupTimer
D/nofatclips(  766): Comparing against activity ConfigureStandupTimer
D/nofatclips(  766): Comparing against activity ConfigureStandupTimer
I/nofatclips(  766): Registering activity ConfigureStandupTimer (id: a25) as a new found state
D/nofatclips(  766): Performing backup of the old activity list on disk
D/nofatclips(  766): Saving new found state 'a25' on disk
V/nofatclips(  766): Opening state file in append mode.
D/dalvikvm(  149): GC_EXPLICIT freed 64K, 52% free 8338K/17287K, paused 15ms+26ms, total 577ms
D/dalvikvm(  766): GC_CONCURRENT freed 829K, 29% free 7884K/10951K, paused 19ms+13ms, total 347ms
D/dalvikvm(  766): WAIT_FOR_CONCURRENT_GC blocked 209ms
D/dalvikvm(  766): GC_CONCURRENT freed 170K, 25% free 8316K/10951K, paused 29ms+23ms, total 210ms
D/dalvikvm(  766): WAIT_FOR_CONCURRENT_GC blocked 164ms
I/nofatclips(  766): Saved image on disk: a25.jpg
I/nofatclips(  766): Waiting for 100 msec.
I/nofatclips(  766): Session count is 1. Will dump to disk at 1
I/nofatclips(  766): Saving the session on disk.
D/dalvikvm(  766): GC_CONCURRENT freed 1307K, 30% free 7764K/10951K, paused 26ms+11ms, total 390ms
D/dalvikvm(  766): WAIT_FOR_CONCURRENT_GC blocked 129ms
I/nofatclips(  766): Planning for new Activity ConfigureStandupTimer
D/nofatclips(  766): Handling event selectSpinnerItem for items [1,1] on spinner #2131361800 count=1
D/nofatclips(  766): Handling input 'writeText' on widget id=2131361798 type=editText name=
V/nofatclips(  766): Using value: 21
D/nofatclips(  766): Handling event 'click' on widget id=2131361801 type=button name=Start
D/nofatclips(  766): Handling input 'writeText' on widget id=2131361798 type=editText name=
V/nofatclips(  766): Using value: 21
I/nofatclips(  766): Created trace to press the back button
I/nofatclips(  766): Created trace to press the menu button
I/nofatclips(  766): Created trace to change orientation
D/dalvikvm(  766): GC_CONCURRENT freed 571K, 29% free 7790K/10951K, paused 19ms+36ms, total 373ms
D/dalvikvm(  766): WAIT_FOR_CONCURRENT_GC blocked 36ms
D/dalvikvm(  766): WAIT_FOR_CONCURRENT_GC blocked 120ms
D/dalvikvm(  766): GC_CONCURRENT freed 540K, 29% free 7855K/10951K, paused 19ms+10ms, total 228ms
D/dalvikvm(  766): WAIT_FOR_CONCURRENT_GC blocked 50ms
D/dalvikvm(  766): WAIT_FOR_CONCURRENT_GC blocked 79ms
I/nofatclips(  766): Check for termination: 1 steps left of 25
I/nofatclips(  766): Dispatching new task. 10 more tasks remaining.
D/nofatclips(  766): Performing backup of the old task list on disk
D/nofatclips(  766): Saving task list on disk
V/nofatclips(  766): Backing up trace #88 to disk.
V/nofatclips(  766): Backing up trace #90 to disk.
V/nofatclips(  766): Backing up trace #91 to disk.
D/dalvikvm(  766): GC_CONCURRENT freed 496K, 28% free 7984K/10951K, paused 18ms+8ms, total 131ms
D/dalvikvm(  766): WAIT_FOR_CONCURRENT_GC blocked 89ms
V/nofatclips(  766): Backing up trace #93 to disk.
V/nofatclips(  766): Backing up trace #94 to disk.
V/nofatclips(  766): Backing up trace #95 to disk.
D/dalvikvm(  766): GC_CONCURRENT freed 642K, 27% free 8008K/10951K, paused 18ms+8ms, total 172ms
D/dalvikvm(  766): WAIT_FOR_CONCURRENT_GC blocked 91ms
V/nofatclips(  766): Backing up trace #97 to disk.
V/nofatclips(  766): Backing up trace #98 to disk.
D/dalvikvm(  766): GC_CONCURRENT freed 670K, 27% free 7998K/10951K, paused 19ms+8ms, total 143ms
D/dalvikvm(  766): WAIT_FOR_CONCURRENT_GC blocked 70ms
V/nofatclips(  766): Backing up trace #99 to disk.
V/nofatclips(  766): Backing up trace #100 to disk.
D/nofatclips(  766): Deleting backup of the old task list from disk
D/nofatclips(  766): Deleting backup of the old activity list from disk
I/nofatclips(  766): Incrementally Playing Trace 100
D/nofatclips(  766): Setting input: type= writeText id=2131361798 value=21
D/nofatclips(  766): Added to return list id=2131361798
I/nofatclips(  766): Retrieved from return list id=2131361798
D/nofatclips(  766): Testing for type (android.widget.EditText) against the original (android.widget.EditText)
D/nofatclips(  766): Testing for name () against the original ()
D/dalvikvm(  766): GC_CONCURRENT freed 787K, 29% free 7784K/10951K, paused 17ms+9ms, total 139ms
I/nofatclips(  766): Retrieved from return list id=2131361800
D/nofatclips(  766): Testing for type (android.widget.Spinner) against the original (android.widget.Spinner)
D/nofatclips(  766): Testing for name () against the original ()
I/nofatclips(  766): Firing event: type= selectSpinnerItem index=20 widget=android.widget.Spinner
I/nofatclips(  766): Clicking the spinner view
D/nofatclips(  766): Event description:  [No Team] 
I/Choreographer(  766): Skipped 60 frames!  The application may be doing too much work on its main thread.
I/Choreographer(  766): Skipped 260 frames!  The application may be doing too much work on its main thread.
I/Choreographer(  149): Skipped 44 frames!  The application may be doing too much work on its main thread.
I/Choreographer(  149): Skipped 39 frames!  The application may be doing too much work on its main thread.
I/Choreographer(  766): Skipped 143 frames!  The application may be doing too much work on its main thread.
I/Choreographer(  149): Skipped 35 frames!  The application may be doing too much work on its main thread.
I/nofatclips(  766): Swapping to listview item 1
D/dalvikvm(  766): GC_CONCURRENT freed 348K, 28% free 7917K/10951K, paused 162ms+22ms, total 652ms
D/nofatclips(  766): Event description:  [No Team] 
I/Choreographer(  766): Skipped 37 frames!  The application may be doing too much work on its main thread.
I/nofatclips(  766): Waiting for 100 msec.
I/Choreographer(  766): Skipped 70 frames!  The application may be doing too much work on its main thread.
W/InputMethodManagerService(  149): Window already focused, ignoring focus gain of: com.android.internal.view.IInputMethodClient$Stub$Proxy@415a03c0 attribute=android.view.inputmethod.EditorInfo@418652e0
I/Choreographer(  766): Skipped 112 frames!  The application may be doing too much work on its main thread.
I/Choreographer(  149): Skipped 42 frames!  The application may be doing too much work on its main thread.
I/nofatclips(  766): Current activity is ConfigureStandupTimer
I/nofatclips(  766): Retrieving widgets
D/nofatclips(  766): Found widget: id=-1 (android.widget.LinearLayout@410b2a80)
D/nofatclips(  766): Found widget: id=16909076 (android.view.ViewStub@410cd868)
D/nofatclips(  766): Found widget: id=-1 (android.widget.FrameLayout@4108d4a0)
D/nofatclips(  766): Found widget: id=16908310 (android.widget.TextView@412b5fc0): Standup Timer
D/nofatclips(  766): Found widget: id=16908290 (android.widget.FrameLayout@410ac0b0)
D/nofatclips(  766): Found widget: id=-1 (android.widget.TableLayout@410b3078)
D/nofatclips(  766): Found widget: id=-1 (android.widget.TableRow@412a38b8)
D/nofatclips(  766): Found widget: id=-1 (android.widget.TextView@410b0988): Number of participants
D/nofatclips(  766): Found widget: id=-1 (android.view.View@41155ed8)
D/nofatclips(  766): Found widget: id=-1 (android.widget.LinearLayout@410b4b80)
D/nofatclips(  766): Found widget: id=2131361798 (android.widget.EditText@41154d20): 21
D/nofatclips(  766): Found widget: id=-1 (android.widget.TableRow@411689d8)
D/nofatclips(  766): Found widget: id=-1 (android.widget.TextView@4120c288): Length of meeting
D/nofatclips(  766): Found widget: id=-1 (android.view.View@4115b3e8)
D/nofatclips(  766): Found widget: id=2131361799 (android.widget.LinearLayout@410f6570)
D/nofatclips(  766): Found widget: id=-1 (android.widget.Spinner@411da820)
D/nofatclips(  766): Found widget: id=16908308 (android.widget.TextView@411e23a0): 5 min
D/nofatclips(  766): Found widget: id=-1 (android.widget.TableRow@410edb30)
D/nofatclips(  766): Found widget: id=-1 (android.widget.TextView@4113bc88): Team
D/nofatclips(  766): Found widget: id=-1 (android.view.View@41194b78)
D/nofatclips(  766): Found widget: id=2131361800 (android.widget.Spinner@4113a360)
D/nofatclips(  766): Found widget: id=16908308 (android.widget.TextView@412bb7e0):  [No Team] 
D/nofatclips(  766): Found widget: id=-1 (android.widget.TableRow@410f40f8)
D/nofatclips(  766): Found widget: id=2131361801 (android.widget.Button@411f07f0): Start
D/nofatclips(  766): Found widget: id=-1 (com.android.internal.policy.impl.PhoneWindow$DecorView@411031c0)
V/nicola  (  766): TextualID : null
V/nicola  (  766): ContentType detected : default
V/nicola  (  766): TextualID : null
V/nicola  (  766): ContentType detected : default
E/ReflectionHelper(  766): java.lang.NoSuchFieldException: mOnFocusChangeListener
V/ReflectionHelper(  766): android.widget.EditText > mOnFocusChangeListener NOT FOUND
V/nicola  (  766): TextualID : num_participants
V/nicola  (  766): ContentType detected : default
V/nicola  (  766): TextualID : null
V/nicola  (  766): ContentType detected : default
V/nicola  (  766): TextualID : null
V/nicola  (  766): ContentType detected : default
V/nicola  (  766): TextualID : null
V/nicola  (  766): ContentType detected : default
V/nicola  (  766): TextualID : null
V/nicola  (  766): ContentType detected : default
V/nicola  (  766): TextualID : start_button
V/nicola  (  766): ContentType detected : default
I/nofatclips(  766): Performing comparation for activity ConfigureStandupTimer
D/nofatclips(  766): Comparing against activity ConfigureStandupTimer
D/nofatclips(  766): Comparing against activity ConfigureStandupTimer
D/nofatclips(  766): Comparing against activity ConfigureStandupTimer
D/nofatclips(  766): Comparing against activity ConfigureStandupTimer
D/nofatclips(  766): Comparing against activity ConfigureStandupTimer
D/nofatclips(  766): Comparing against activity TeamList
D/nofatclips(  766): Comparing against activity ConfigureStandupTimer
D/nofatclips(  766): Comparing against activity ConfigureStandupTimer
D/nofatclips(  766): Comparing against activity ConfigureStandupTimer
D/nofatclips(  766): Comparing against activity TeamList
D/nofatclips(  766): Comparing against activity ConfigureStandupTimer
D/nofatclips(  766): Comparing against activity ConfigureStandupTimer
D/nofatclips(  766): Comparing against activity ConfigureStandupTimer
D/nofatclips(  766): Comparing against activity ConfigureStandupTimer
D/nofatclips(  766): Comparing against activity ConfigureStandupTimer
D/nofatclips(  766): Comparing against activity TeamList
D/nofatclips(  766): Comparing against activity ConfigureStandupTimer
D/nofatclips(  766): Comparing against activity ConfigureStandupTimer
D/nofatclips(  766): Comparing against activity ConfigureStandupTimer
D/nofatclips(  766): Comparing against activity ConfigureStandupTimer
D/nofatclips(  766): Comparing against activity ConfigureStandupTimer
D/nofatclips(  766): Comparing against activity ConfigureStandupTimer
D/nofatclips(  766): Comparing against activity ConfigureStandupTimer
D/nofatclips(  766): Comparing against activity ConfigureStandupTimer
D/nofatclips(  766): Comparing against activity ConfigureStandupTimer
I/nofatclips(  766): Registering activity ConfigureStandupTimer (id: a26) as a new found state
D/nofatclips(  766): Performing backup of the old activity list on disk
D/nofatclips(  766): Saving new found state 'a26' on disk
V/nofatclips(  766): Opening state file in append mode.
D/dalvikvm(  766): GC_FOR_ALLOC freed 430K, 28% free 7904K/10951K, paused 130ms, total 149ms
D/dalvikvm(  766): GC_CONCURRENT freed 126K, 24% free 8380K/10951K, paused 22ms+11ms, total 156ms
D/dalvikvm(  766): WAIT_FOR_CONCURRENT_GC blocked 85ms
I/nofatclips(  766): Saved image on disk: a26.jpg
I/nofatclips(  766): Waiting for 100 msec.
I/nofatclips(  766): Session count is 1. Will dump to disk at 1
I/nofatclips(  766): Saving the session on disk.
D/dalvikvm(  766): GC_CONCURRENT freed 1341K, 29% free 7835K/10951K, paused 25ms+14ms, total 333ms
D/dalvikvm(  766): WAIT_FOR_CONCURRENT_GC blocked 120ms
I/nofatclips(  766): Planning for new Activity ConfigureStandupTimer
D/nofatclips(  766): Handling event selectSpinnerItem for items [1,1] on spinner #2131361800 count=1
D/nofatclips(  766): Handling input 'writeText' on widget id=2131361798 type=editText name=
V/nofatclips(  766): Using value: 21
D/nofatclips(  766): Handling event 'click' on widget id=2131361801 type=button name=Start
D/nofatclips(  766): Handling input 'writeText' on widget id=2131361798 type=editText name=
V/nofatclips(  766): Using value: 21
I/nofatclips(  766): Created trace to press the back button
I/nofatclips(  766): Created trace to press the menu button
I/nofatclips(  766): Created trace to change orientation
D/dalvikvm(  766): GC_CONCURRENT freed 600K, 29% free 7855K/10951K, paused 17ms+11ms, total 215ms
D/dalvikvm(  766): WAIT_FOR_CONCURRENT_GC blocked 41ms
D/dalvikvm(  766): WAIT_FOR_CONCURRENT_GC blocked 79ms
D/dalvikvm(  766): GC_CONCURRENT freed 544K, 28% free 7938K/10951K, paused 16ms+9ms, total 162ms
D/dalvikvm(  766): WAIT_FOR_CONCURRENT_GC blocked 41ms
D/dalvikvm(  766): WAIT_FOR_CONCURRENT_GC blocked 70ms
I/nofatclips(  766): Check for termination: 0 steps left of 25
I/nofatclips(  766): Saving the session on disk. This is the last batch. The session will be terminated.
D/nofatclips(  766): Task list is empty. Deleting file from disk.
D/nofatclips(  766): Task list is empty: no resume needed. Deleting parameters and activity list from disk.
W/WindowManager(  149): Failure taking screenshot for (157x235) to layer 21010
W/SurfaceFlinger(   36): createScreenshotSurface failed (Function not implemented)
I/InputReader(  149): Reconfiguring input devices.  changes=0x00000004
I/InputReader(  149): Device reconfigured: id=0, name='qwerty2', surface size is now 320x480, mode is 1
I/ActivityManager(  149): Config changed: {1.0 310mcc260mnc en_US sw320dp w320dp h455dp nrml port finger qwerty/v/v tball/v s.15}
W/ActivityManager(  149): Duplicate finish request for ActivityRecord{41539470 net.johnpwood.android.standuptimer/.ConfigureStandupTimer}
D/dalvikvm(  766): WAIT_FOR_CONCURRENT_GC blocked 0ms
D/dalvikvm(  766): GC_EXPLICIT freed 981K, 36% free 7108K/10951K, paused 18ms+8ms, total 188ms
D/dalvikvm(  766): WAIT_FOR_CONCURRENT_GC blocked 0ms
D/dalvikvm(  766): GC_EXPLICIT freed 14K, 36% free 7093K/10951K, paused 8ms+6ms, total 100ms
I/TestRunner(  766): finished: testAndCrawl(com.nofatclips.crawler.guitree.NomadEngine)
I/TestRunner(  766): passed: testAndCrawl(com.nofatclips.crawler.guitree.NomadEngine)
W/IInputConnectionWrapper(  766): showStatusIcon on inactive InputConnection
E/InstrumentationTestRunner(  766): Failed to generate emma coverage. Is emma jar on classpath?
E/InstrumentationTestRunner(  766): java.lang.ClassNotFoundException: com.vladium.emma.rt.RT
E/InstrumentationTestRunner(  766): 	at java.lang.Class.classForName(Native Method)
E/InstrumentationTestRunner(  766): 	at java.lang.Class.forName(Class.java:217)
E/InstrumentationTestRunner(  766): 	at java.lang.Class.forName(Class.java:172)
E/InstrumentationTestRunner(  766): 	at android.test.InstrumentationTestRunner.generateCoverageReport(InstrumentationTestRunner.java:604)
E/InstrumentationTestRunner(  766): 	at android.test.InstrumentationTestRunner.onStart(InstrumentationTestRunner.java:571)
E/InstrumentationTestRunner(  766): 	at android.app.Instrumentation$InstrumentationThread.run(Instrumentation.java:1584)
E/InstrumentationTestRunner(  766): Caused by: java.lang.NoClassDefFoundError: com/vladium/emma/rt/RT
E/InstrumentationTestRunner(  766): 	... 6 more
E/InstrumentationTestRunner(  766): Caused by: java.lang.ClassNotFoundException: com.vladium.emma.rt.RT
E/InstrumentationTestRunner(  766): 	at dalvik.system.BaseDexClassLoader.findClass(BaseDexClassLoader.java:61)
E/InstrumentationTestRunner(  766): 	at java.lang.ClassLoader.loadClass(ClassLoader.java:501)
E/InstrumentationTestRunner(  766): 	at java.lang.ClassLoader.loadClass(ClassLoader.java:461)
E/InstrumentationTestRunner(  766): 	... 6 more
I/ActivityManager(  149): Force stopping package net.johnpwood.android.standuptimer uid=10044
D/AndroidRuntime(  756): Shutting down VM
I/ActivityManager(  149): Killing proc 766:net.johnpwood.android.standuptimer/u0a44: force stop
D/dalvikvm(  756): GC_CONCURRENT freed 101K, 78% free 457K/2048K, paused 1ms+2ms, total 12ms
I/WindowState(  149): WIN DEATH: Window{419e25c0 net.johnpwood.android.standuptimer/net.johnpwood.android.standuptimer.ConfigureStandupTimer paused=false}
I/AndroidRuntime(  756): NOTE: attach of thread 'Binder_3' failed
I/Choreographer(  379): Skipped 211 frames!  The application may be doing too much work on its main thread.
I/Choreographer(  249): Skipped 41 frames!  The application may be doing too much work on its main thread.
