V/ReflectionHelper(  245): android.widget.EditText > mOnFocusChangeListener FOUND | ACTIVE
V/nicola  (  245): TextualID : null
V/nicola  (  245): ContentType detected : number
V/ReflectionHelper(  245): android.widget.NumberPicker > mOnFocusChangeListener FOUND | NOT ACTIVE
V/ReflectionHelper(  245): android.widget.EditText > mOnFocusChangeListener FOUND | ACTIVE
V/nicola  (  245): TextualID : null
V/nicola  (  245): ContentType detected : number
V/nicola  (  245): TextualID : null
V/nicola  (  245): ContentType detected : default
V/nicola  (  245): TextualID : null
V/nicola  (  245): ContentType detected : default
I/nofatclips(  245): Performing comparation for activity EditPost
D/nofatclips(  245): Comparing against activity EditPost
D/nofatclips(  245): Comparing against activity EditPost
D/nofatclips(  245): Comparing against activity Dashboard
D/nofatclips(  245): Comparing against activity EditPost
D/nofatclips(  245): Comparing against activity EditPost
D/nofatclips(  245): Comparing against activity EditPost
D/nofatclips(  245): Comparing against activity Dashboard
D/nofatclips(  245): Comparing against activity EditPost
I/nofatclips(  245): Registering activity EditPost (id: a16) as a new found state
D/nofatclips(  245): Performing backup of the old activity list on disk
D/nofatclips(  245): Saving new found state 'a16' on disk
V/nofatclips(  245): Opening state file in append mode.
I/nofatclips(  245): Saved image on disk: a16.jpg
I/nofatclips(  245): Waiting for 100 msec.
I/nofatclips(  245): Session count is 1. Will dump to disk at 1
I/nofatclips(  245): Saving the session on disk.
D/dalvikvm(  245): GC_FOR_MALLOC freed 1063K, 53% free 4086K/8519K, external 3782K/4283K, paused 92ms
I/nofatclips(  245): Planning for new Activity EditPost
D/nofatclips(  245): Handling event 'click' on widget id=16908794 type=button name=
D/nofatclips(  245): Handling event 'focus' on widget id=16908795 type=focusableEditText name=
D/nofatclips(  245): Handling event 'click' on widget id=16908796 type=button name=
D/nofatclips(  245): Handling event 'click' on widget id=16908794 type=button name=
D/nofatclips(  245): Handling event 'focus' on widget id=16908795 type=focusableEditText name=
D/nofatclips(  245): Handling event 'click' on widget id=16908796 type=button name=
D/nofatclips(  245): Handling event 'click' on widget id=16908794 type=button name=
D/nofatclips(  245): Handling event 'focus' on widget id=16908795 type=focusableEditText name=
D/nofatclips(  245): Handling event 'click' on widget id=16908796 type=button name=
D/nofatclips(  245): Handling event 'click' on widget id=16908313 type=button name=Set
D/nofatclips(  245): Handling event 'click' on widget id=16908314 type=button name=Cancel
I/nofatclips(  245): Created trace to press the back button
I/nofatclips(  245): Created trace to press the menu button
I/nofatclips(  245): Created trace to change orientation
D/dalvikvm(  245): GC_CONCURRENT freed 1717K, 52% free 4151K/8519K, external 3429K/4283K, paused 4ms+4ms
I/nofatclips(  245): Check for termination: 85 steps left of 100
I/nofatclips(  245): Dispatching new task. 2 more tasks remaining.
D/nofatclips(  245): Performing backup of the old task list on disk
D/nofatclips(  245): Saving task list on disk
V/nofatclips(  245): Backing up trace #235 to disk.
D/dalvikvm(  245): GC_FOR_MALLOC freed 424K, 52% free 4091K/8519K, external 3429K/4283K, paused 33ms
V/nofatclips(  245): Backing up trace #236 to disk.
D/dalvikvm(  245): GC_FOR_MALLOC freed 147K, 52% free 4108K/8519K, external 3429K/4283K, paused 30ms
D/nofatclips(  245): Deleting backup of the old task list from disk
D/nofatclips(  245): Deleting backup of the old activity list from disk
I/nofatclips(  245): Incrementally Playing Trace 236
I/nofatclips(  245): Retrieved from return list id=16908795
D/nofatclips(  245): Testing for type (android.widget.EditText) against the original (android.widget.EditText)
D/nofatclips(  245): Testing for name () against the original ()
I/nofatclips(  245): Firing event: type= focus index=23 widget=android.widget.EditText
W/KeyCharacterMap(  245): No keyboard for id 0
W/KeyCharacterMap(  245): Using default keymap: /system/usr/keychars/qwerty.kcm.bin
D/nofatclips(  245): Event description: 2014
I/nofatclips(  245): Waiting for 100 msec.
I/nofatclips(  245): Current activity is EditPost
I/nofatclips(  245): Retrieving widgets
D/nofatclips(  245): Found widget: id=-1 (android.widget.TextView$HandleView@4075c1d8)
D/nofatclips(  245): Found widget: id=16908290 (android.widget.FrameLayout@40696300)
D/nofatclips(  245): Found widget: id=16908666 (com.android.internal.widget.WeightedLinearLayout@407da510)
D/nofatclips(  245): Found widget: id=16908667 (android.widget.LinearLayout@407da788)
D/nofatclips(  245): Found widget: id=16908668 (android.widget.LinearLayout@4081e860)
D/nofatclips(  245): Found widget: id=16908294 (android.widget.ImageView@4081eac8)
D/nofatclips(  245): Found widget: id=16908669 (com.android.internal.widget.DialogTitle@40629638): 
D/nofatclips(  245): Found widget: id=16908670 (android.widget.ImageView@4073ee80)
D/nofatclips(  245): Found widget: id=16908671 (android.widget.LinearLayout@4073f088)
D/nofatclips(  245): Found widget: id=16908672 (android.widget.ScrollView@406d5678)
D/nofatclips(  245): Found widget: id=16908673 (android.widget.FrameLayout@4077bd60)
D/nofatclips(  245): Found widget: id=16908331 (android.widget.FrameLayout@4077bf80)
D/nofatclips(  245): Found widget: id=16908705 (android.widget.DatePicker@4067ad30)
D/nofatclips(  245): Found widget: id=16908701 (android.widget.LinearLayout@406bc838)
D/nofatclips(  245): Found widget: id=16908702 (android.widget.NumberPicker@406f0360)
D/nofatclips(  245): Found widget: id=16908794 (android.widget.NumberPickerButton@407b1878)
D/nofatclips(  245): Found widget: id=16908795 (android.widget.EditText@4063f9e0): Aug
D/nofatclips(  245): Found widget: id=16908796 (android.widget.NumberPickerButton@40510488)
D/nofatclips(  245): Found widget: id=16908703 (android.widget.NumberPicker@406af018)
D/nofatclips(  245): Found widget: id=16908794 (android.widget.NumberPickerButton@406af278)
D/nofatclips(  245): Found widget: id=16908795 (android.widget.EditText@407fdd40): 27
D/nofatclips(  245): Found widget: id=16908796 (android.widget.NumberPickerButton@40804108)
D/nofatclips(  245): Found widget: id=16908704 (android.widget.NumberPicker@40807500)
D/nofatclips(  245): Found widget: id=16908794 (android.widget.NumberPickerButton@4080abf8)
D/nofatclips(  245): Found widget: id=16908795 (android.widget.EditText@4080cd08): 2014
D/nofatclips(  245): Found widget: id=16908796 (android.widget.NumberPickerButton@40812fc0)
D/nofatclips(  245): Found widget: id=16908674 (android.widget.LinearLayout@40617a88)
D/nofatclips(  245): Found widget: id=-1 (android.widget.LinearLayout@40617ca8)
D/nofatclips(  245): Found widget: id=16908675 (android.widget.LinearLayout@40723da8)
D/nofatclips(  245): Found widget: id=16908313 (android.widget.Button@407240d0): Set
D/nofatclips(  245): Found widget: id=16908315 (android.widget.Button@406df2a8): 
D/nofatclips(  245): Found widget: id=16908314 (android.widget.Button@40656118): Cancel
D/nofatclips(  245): Found widget: id=16908676 (android.widget.LinearLayout@406e51c0)
D/nofatclips(  245): Found widget: id=-1 (com.android.internal.policy.impl.PhoneWindow$DecorView@40725cf0)
V/ReflectionHelper(  245): android.widget.NumberPicker > mOnFocusChangeListener FOUND | NOT ACTIVE
V/ReflectionHelper(  245): android.widget.EditText > mOnFocusChangeListener FOUND | ACTIVE
V/nicola  (  245): TextualID : null
V/nicola  (  245): ContentType detected : default
V/ReflectionHelper(  245): android.widget.NumberPicker > mOnFocusChangeListener FOUND | NOT ACTIVE
V/ReflectionHelper(  245): android.widget.EditText > mOnFocusChangeListener FOUND | ACTIVE
V/nicola  (  245): TextualID : null
V/nicola  (  245): ContentType detected : number
V/ReflectionHelper(  245): android.widget.NumberPicker > mOnFocusChangeListener FOUND | NOT ACTIVE
V/ReflectionHelper(  245): android.widget.EditText > mOnFocusChangeListener FOUND | ACTIVE
V/nicola  (  245): TextualID : null
V/nicola  (  245): ContentType detected : number
V/nicola  (  245): TextualID : null
V/nicola  (  245): ContentType detected : default
V/nicola  (  245): TextualID : null
V/nicola  (  245): ContentType detected : default
I/nofatclips(  245): Performing comparation for activity EditPost
D/nofatclips(  245): Comparing against activity EditPost
D/nofatclips(  245): Comparing against activity EditPost
D/nofatclips(  245): Comparing against activity EditPost
D/nofatclips(  245): Comparing against activity Dashboard
D/nofatclips(  245): Comparing against activity EditPost
D/nofatclips(  245): Comparing against activity EditPost
D/nofatclips(  245): Comparing against activity EditPost
D/nofatclips(  245): Comparing against activity Dashboard
D/nofatclips(  245): Comparing against activity EditPost
I/nofatclips(  245): Registering activity EditPost (id: a17) as a new found state
D/nofatclips(  245): Performing backup of the old activity list on disk
D/nofatclips(  245): Saving new found state 'a17' on disk
V/nofatclips(  245): Opening state file in append mode.
I/nofatclips(  245): Saved image on disk: a17.jpg
I/nofatclips(  245): Waiting for 100 msec.
I/nofatclips(  245): Session count is 1. Will dump to disk at 1
I/nofatclips(  245): Saving the session on disk.
D/dalvikvm(  245): GC_FOR_MALLOC freed 911K, 52% free 4114K/8519K, external 3451K/4283K, paused 104ms
I/nofatclips(  245): Planning for new Activity EditPost
D/nofatclips(  245): Handling event 'click' on widget id=16908794 type=button name=
D/nofatclips(  245): Handling event 'focus' on widget id=16908795 type=focusableEditText name=
D/nofatclips(  245): Handling event 'click' on widget id=16908796 type=button name=
D/dalvikvm(  116): GC_EXTERNAL_ALLOC freed 170K, 47% free 3239K/6087K, external 1025K/1038K, paused 541ms
D/nofatclips(  245): Handling event 'click' on widget id=16908794 type=button name=
D/nofatclips(  245): Handling event 'focus' on widget id=16908795 type=focusableEditText name=
D/nofatclips(  245): Handling event 'click' on widget id=16908796 type=button name=
D/nofatclips(  245): Handling event 'click' on widget id=16908794 type=button name=
D/nofatclips(  245): Handling event 'focus' on widget id=16908795 type=focusableEditText name=
D/nofatclips(  245): Handling event 'click' on widget id=16908796 type=button name=
D/nofatclips(  245): Handling event 'click' on widget id=16908313 type=button name=Set
D/nofatclips(  245): Handling event 'click' on widget id=16908314 type=button name=Cancel
I/nofatclips(  245): Created trace to press the back button
I/nofatclips(  245): Created trace to press the menu button
D/dalvikvm(  116): GC_EXTERNAL_ALLOC freed 52K, 46% free 3311K/6087K, external 1541K/1551K, paused 259ms
I/nofatclips(  245): Created trace to change orientation
D/dalvikvm(  245): GC_CONCURRENT freed 1620K, 51% free 4176K/8519K, external 3440K/4283K, paused 3ms+14ms
D/dalvikvm(  116): GC_EXTERNAL_ALLOC freed 49K, 45% free 3391K/6087K, external 2057K/2067K, paused 90ms
I/nofatclips(  245): Check for termination: 84 steps left of 100
I/nofatclips(  245): Dispatching new task. 2 more tasks remaining.
D/nofatclips(  245): Performing backup of the old task list on disk
D/nofatclips(  245): Saving task list on disk
V/nofatclips(  245): Backing up trace #249 to disk.
V/nofatclips(  245): Backing up trace #250 to disk.
D/dalvikvm(  245): GC_FOR_MALLOC freed 832K, 52% free 4146K/8519K, external 3429K/4283K, paused 51ms
D/nofatclips(  245): Deleting backup of the old task list from disk
D/nofatclips(  245): Deleting backup of the old activity list from disk
I/nofatclips(  245): Incrementally Playing Trace 250
I/nofatclips(  245): Retrieved from return list id=16908795
D/nofatclips(  245): Testing for type (android.widget.EditText) against the original (android.widget.EditText)
D/nofatclips(  245): Testing for name () against the original ()
I/nofatclips(  245): Firing event: type= focus index=20 widget=android.widget.EditText
D/dalvikvm(   61): GREF has increased to 401
D/dalvikvm(  116): GC_CONCURRENT freed 46K, 44% free 3460K/6151K, external 2302K/2586K, paused 3ms+5ms
W/KeyCharacterMap(  116): No keyboard for id 0
W/KeyCharacterMap(  116): Using default keymap: /system/usr/keychars/qwerty.kcm.bin
W/KeyCharacterMap(  245): No keyboard for id 0
W/KeyCharacterMap(  245): Using default keymap: /system/usr/keychars/qwerty.kcm.bin
D/dalvikvm(  116): GC_EXTERNAL_ALLOC freed 18K, 44% free 3456K/6151K, external 2546K/2586K, paused 48ms
D/nofatclips(  245): Event description: 27
I/nofatclips(  245): Waiting for 100 msec.
I/nofatclips(  245): Current activity is EditPost
I/nofatclips(  245): Retrieving widgets
D/nofatclips(  245): Found widget: id=16908290 (android.widget.FrameLayout@40696300)
D/nofatclips(  245): Found widget: id=16908666 (com.android.internal.widget.WeightedLinearLayout@407da510)
D/nofatclips(  245): Found widget: id=16908667 (android.widget.LinearLayout@407da788)
D/nofatclips(  245): Found widget: id=16908668 (android.widget.LinearLayout@4081e860)
D/nofatclips(  245): Found widget: id=16908294 (android.widget.ImageView@4081eac8)
D/nofatclips(  245): Found widget: id=16908669 (com.android.internal.widget.DialogTitle@40629638): 
D/nofatclips(  245): Found widget: id=16908670 (android.widget.ImageView@4073ee80)
D/nofatclips(  245): Found widget: id=16908671 (android.widget.LinearLayout@4073f088)
D/nofatclips(  245): Found widget: id=16908672 (android.widget.ScrollView@406d5678)
D/nofatclips(  245): Found widget: id=16908673 (android.widget.FrameLayout@4077bd60)
D/nofatclips(  245): Found widget: id=16908331 (android.widget.FrameLayout@4077bf80)
D/nofatclips(  245): Found widget: id=16908705 (android.widget.DatePicker@4067ad30)
D/nofatclips(  245): Found widget: id=16908701 (android.widget.LinearLayout@406bc838)
D/nofatclips(  245): Found widget: id=16908702 (android.widget.NumberPicker@406f0360)
D/nofatclips(  245): Found widget: id=16908794 (android.widget.NumberPickerButton@407b1878)
D/nofatclips(  245): Found widget: id=16908795 (android.widget.EditText@4063f9e0): Aug
D/nofatclips(  245): Found widget: id=16908796 (android.widget.NumberPickerButton@40510488)
D/nofatclips(  245): Found widget: id=16908703 (android.widget.NumberPicker@406af018)
D/nofatclips(  245): Found widget: id=16908794 (android.widget.NumberPickerButton@406af278)
D/nofatclips(  245): Found widget: id=16908795 (android.widget.EditText@407fdd40): 27
D/nofatclips(  245): Found widget: id=16908796 (android.widget.NumberPickerButton@40804108)
D/nofatclips(  245): Found widget: id=16908704 (android.widget.NumberPicker@40807500)
D/nofatclips(  245): Found widget: id=16908794 (android.widget.NumberPickerButton@4080abf8)
D/nofatclips(  245): Found widget: id=16908795 (android.widget.EditText@4080cd08): 2014
D/nofatclips(  245): Found widget: id=16908796 (android.widget.NumberPickerButton@40812fc0)
D/nofatclips(  245): Found widget: id=16908674 (android.widget.LinearLayout@40617a88)
D/nofatclips(  245): Found widget: id=-1 (android.widget.LinearLayout@40617ca8)
D/nofatclips(  245): Found widget: id=16908675 (android.widget.LinearLayout@40723da8)
D/nofatclips(  245): Found widget: id=16908313 (android.widget.Button@407240d0): Set
D/nofatclips(  245): Found widget: id=16908315 (android.widget.Button@406df2a8): 
D/nofatclips(  245): Found widget: id=16908314 (android.widget.Button@40656118): Cancel
D/nofatclips(  245): Found widget: id=16908676 (android.widget.LinearLayout@406e51c0)
D/nofatclips(  245): Found widget: id=-1 (com.android.internal.policy.impl.PhoneWindow$DecorView@40725cf0)
V/ReflectionHelper(  245): android.widget.NumberPicker > mOnFocusChangeListener FOUND | NOT ACTIVE
V/ReflectionHelper(  245): android.widget.EditText > mOnFocusChangeListener FOUND | ACTIVE
V/nicola  (  245): TextualID : null
V/nicola  (  245): ContentType detected : default
V/ReflectionHelper(  245): android.widget.NumberPicker > mOnFocusChangeListener FOUND | NOT ACTIVE
V/ReflectionHelper(  245): android.widget.EditText > mOnFocusChangeListener FOUND | ACTIVE
V/nicola  (  245): TextualID : null
V/nicola  (  245): ContentType detected : number
V/ReflectionHelper(  245): android.widget.NumberPicker > mOnFocusChangeListener FOUND | NOT ACTIVE
V/ReflectionHelper(  245): android.widget.EditText > mOnFocusChangeListener FOUND | ACTIVE
V/nicola  (  245): TextualID : null
V/nicola  (  245): ContentType detected : number
V/nicola  (  245): TextualID : null
V/nicola  (  245): ContentType detected : default
V/nicola  (  245): TextualID : null
V/nicola  (  245): ContentType detected : default
I/nofatclips(  245): Performing comparation for activity EditPost
D/nofatclips(  245): Comparing against activity EditPost
D/nofatclips(  245): Comparing against activity EditPost
D/nofatclips(  245): Comparing against activity EditPost
D/nofatclips(  245): Comparing against activity EditPost
D/nofatclips(  245): Comparing against activity Dashboard
D/nofatclips(  245): Comparing against activity EditPost
D/nofatclips(  245): Comparing against activity EditPost
D/nofatclips(  245): Comparing against activity EditPost
D/nofatclips(  245): Comparing against activity Dashboard
D/nofatclips(  245): Comparing against activity EditPost
I/nofatclips(  245): Registering activity EditPost (id: a18) as a new found state
D/nofatclips(  245): Performing backup of the old activity list on disk
D/nofatclips(  245): Saving new found state 'a18' on disk
V/nofatclips(  245): Opening state file in append mode.
I/nofatclips(  245): Saved image on disk: a18.jpg
I/nofatclips(  245): Waiting for 100 msec.
I/nofatclips(  245): Session count is 1. Will dump to disk at 1
I/nofatclips(  245): Saving the session on disk.
D/dalvikvm(  245): GC_FOR_MALLOC freed 961K, 52% free 4135K/8519K, external 3782K/4283K, paused 95ms
I/nofatclips(  245): Planning for new Activity EditPost
D/nofatclips(  245): Handling event 'click' on widget id=16908794 type=button name=
D/nofatclips(  245): Handling event 'focus' on widget id=16908795 type=focusableEditText name=
D/nofatclips(  245): Handling event 'click' on widget id=16908796 type=button name=
D/nofatclips(  245): Handling event 'click' on widget id=16908794 type=button name=
D/nofatclips(  245): Handling event 'focus' on widget id=16908795 type=focusableEditText name=
D/nofatclips(  245): Handling event 'click' on widget id=16908796 type=button name=
D/nofatclips(  245): Handling event 'click' on widget id=16908794 type=button name=
D/nofatclips(  245): Handling event 'focus' on widget id=16908795 type=focusableEditText name=
D/nofatclips(  245): Handling event 'click' on widget id=16908796 type=button name=
D/nofatclips(  245): Handling event 'click' on widget id=16908313 type=button name=Set
D/nofatclips(  245): Handling event 'click' on widget id=16908314 type=button name=Cancel
I/nofatclips(  245): Created trace to press the back button
I/nofatclips(  245): Created trace to press the menu button
I/nofatclips(  245): Created trace to change orientation
D/dalvikvm(  245): GC_CONCURRENT freed 1791K, 52% free 4186K/8583K, external 3429K/4283K, paused 4ms+4ms
I/nofatclips(  245): Check for termination: 83 steps left of 100
I/nofatclips(  245): Dispatching new task. 2 more tasks remaining.
D/nofatclips(  245): Performing backup of the old task list on disk
D/nofatclips(  245): Saving task list on disk
V/nofatclips(  245): Backing up trace #263 to disk.
D/dalvikvm(  245): GC_FOR_MALLOC freed 526K, 52% free 4159K/8583K, external 3429K/4283K, paused 35ms
V/nofatclips(  245): Backing up trace #264 to disk.
D/dalvikvm(  245): GC_FOR_MALLOC freed 115K, 52% free 4170K/8583K, external 3429K/4283K, paused 34ms
D/dalvikvm(  245): GC_FOR_MALLOC freed 18K, 52% free 4198K/8583K, external 3429K/4283K, paused 29ms
D/nofatclips(  245): Deleting backup of the old task list from disk
D/nofatclips(  245): Deleting backup of the old activity list from disk
I/nofatclips(  245): Incrementally Playing Trace 264
I/nofatclips(  245): Retrieved from return list id=16908290
D/nofatclips(  245): Testing for type (android.widget.FrameLayout) against the original (null)
I/nofatclips(  245): Firing event: type= changeOrientation name= widget=null
W/KeyCharacterMap(  116): No keyboard for id 0
W/KeyCharacterMap(  116): Using default keymap: /system/usr/keychars/qwerty.kcm.bin
W/KeyCharacterMap(  245): No keyboard for id 0
W/KeyCharacterMap(  245): Using default keymap: /system/usr/keychars/qwerty.kcm.bin
I/WindowManager(   61): Setting rotation to 1, animFlags=1
I/ActivityManager(   61): Config changed: { scale=1.0 imsi=310/260 loc=en_US touch=3 keys=2/1/2 nav=1/1 orien=2 layout=18 uiMode=17 seq=5}
I/nofatclips(  245): Waiting for 100 msec.
D/dalvikvm(  134): GC_CONCURRENT freed 226K, 51% free 2809K/5703K, external 963K/1038K, paused 11ms+69ms
I/nofatclips(  245): Current activity is EditPost
I/nofatclips(  245): Retrieving widgets
D/nofatclips(  245): Found widget: id=16908290 (android.widget.FrameLayout@40696300)
D/nofatclips(  245): Found widget: id=16908666 (com.android.internal.widget.WeightedLinearLayout@407da510)
D/nofatclips(  245): Found widget: id=16908667 (android.widget.LinearLayout@407da788)
D/nofatclips(  245): Found widget: id=16908668 (android.widget.LinearLayout@4081e860)
D/nofatclips(  245): Found widget: id=16908294 (android.widget.ImageView@4081eac8)
D/nofatclips(  245): Found widget: id=16908669 (com.android.internal.widget.DialogTitle@40629638): 
D/nofatclips(  245): Found widget: id=16908670 (android.widget.ImageView@4073ee80)
D/nofatclips(  245): Found widget: id=16908671 (android.widget.LinearLayout@4073f088)
D/nofatclips(  245): Found widget: id=16908672 (android.widget.ScrollView@406d5678)
D/nofatclips(  245): Found widget: id=16908673 (android.widget.FrameLayout@4077bd60)
D/nofatclips(  245): Found widget: id=16908331 (android.widget.FrameLayout@4077bf80)
D/nofatclips(  245): Found widget: id=16908705 (android.widget.DatePicker@4067ad30)
D/nofatclips(  245): Found widget: id=16908701 (android.widget.LinearLayout@406bc838)
D/nofatclips(  245): Found widget: id=16908702 (android.widget.NumberPicker@406f0360)
D/nofatclips(  245): Found widget: id=16908794 (android.widget.NumberPickerButton@407b1878)
D/nofatclips(  245): Found widget: id=16908795 (android.widget.EditText@4063f9e0): Aug
D/nofatclips(  245): Found widget: id=16908796 (android.widget.NumberPickerButton@40510488)
D/nofatclips(  245): Found widget: id=16908703 (android.widget.NumberPicker@406af018)
D/nofatclips(  245): Found widget: id=16908794 (android.widget.NumberPickerButton@406af278)
D/nofatclips(  245): Found widget: id=16908795 (android.widget.EditText@407fdd40): 27
D/nofatclips(  245): Found widget: id=16908796 (android.widget.NumberPickerButton@40804108)
D/nofatclips(  245): Found widget: id=16908704 (android.widget.NumberPicker@40807500)
D/nofatclips(  245): Found widget: id=16908794 (android.widget.NumberPickerButton@4080abf8)
D/nofatclips(  245): Found widget: id=16908795 (android.widget.EditText@4080cd08): 2014
D/nofatclips(  245): Found widget: id=16908796 (android.widget.NumberPickerButton@40812fc0)
D/nofatclips(  245): Found widget: id=16908674 (android.widget.LinearLayout@40617a88)
D/nofatclips(  245): Found widget: id=-1 (android.widget.LinearLayout@40617ca8)
D/nofatclips(  245): Found widget: id=16908675 (android.widget.LinearLayout@40723da8)
D/nofatclips(  245): Found widget: id=16908313 (android.widget.Button@407240d0): Set
D/nofatclips(  245): Found widget: id=16908315 (android.widget.Button@406df2a8): 
D/nofatclips(  245): Found widget: id=16908314 (android.widget.Button@40656118): Cancel
D/nofatclips(  245): Found widget: id=16908676 (android.widget.LinearLayout@406e51c0)
D/nofatclips(  245): Found widget: id=-1 (com.android.internal.policy.impl.PhoneWindow$DecorView@40725cf0)
V/ReflectionHelper(  245): android.widget.NumberPicker > mOnFocusChangeListener FOUND | NOT ACTIVE
V/ReflectionHelper(  245): android.widget.EditText > mOnFocusChangeListener FOUND | ACTIVE
V/nicola  (  245): TextualID : null
V/nicola  (  245): ContentType detected : default
V/ReflectionHelper(  245): android.widget.NumberPicker > mOnFocusChangeListener FOUND | NOT ACTIVE
V/ReflectionHelper(  245): android.widget.EditText > mOnFocusChangeListener FOUND | ACTIVE
V/nicola  (  245): TextualID : null
V/nicola  (  245): ContentType detected : number
V/ReflectionHelper(  245): android.widget.NumberPicker > mOnFocusChangeListener FOUND | NOT ACTIVE
V/ReflectionHelper(  245): android.widget.EditText > mOnFocusChangeListener FOUND | ACTIVE
V/nicola  (  245): TextualID : null
V/nicola  (  245): ContentType detected : number
V/nicola  (  245): TextualID : null
V/nicola  (  245): ContentType detected : default
V/nicola  (  245): TextualID : null
V/nicola  (  245): ContentType detected : default
I/nofatclips(  245): Performing comparation for activity EditPost
D/nofatclips(  245): Comparing against activity EditPost
D/nofatclips(  245): Comparing against activity EditPost
D/nofatclips(  245): Comparing against activity EditPost
D/nofatclips(  245): Comparing against activity EditPost
D/nofatclips(  245): Comparing against activity EditPost
D/nofatclips(  245): Comparing against activity Dashboard
D/nofatclips(  245): Comparing against activity EditPost
D/nofatclips(  245): Comparing against activity EditPost
D/nofatclips(  245): Comparing against activity EditPost
D/nofatclips(  245): Comparing against activity Dashboard
D/nofatclips(  245): Comparing against activity EditPost
I/nofatclips(  245): Registering activity EditPost (id: a19) as a new found state
D/nofatclips(  245): Performing backup of the old activity list on disk
D/nofatclips(  245): Saving new found state 'a19' on disk
V/nofatclips(  245): Opening state file in append mode.
I/nofatclips(  245): Saved image on disk: a19.jpg
I/nofatclips(  245): Waiting for 100 msec.
I/nofatclips(  245): Session count is 1. Will dump to disk at 1
I/nofatclips(  245): Saving the session on disk.
D/dalvikvm(  245): GC_FOR_MALLOC freed 904K, 52% free 4184K/8583K, external 3796K/4283K, paused 70ms
I/nofatclips(  245): Planning for new Activity EditPost
D/nofatclips(  245): Handling event 'click' on widget id=16908794 type=button name=
D/nofatclips(  245): Handling event 'focus' on widget id=16908795 type=focusableEditText name=
D/nofatclips(  245): Handling event 'click' on widget id=16908796 type=button name=
D/nofatclips(  245): Handling event 'click' on widget id=16908794 type=button name=
D/dalvikvm(   61): GC_EXPLICIT freed 767K, 46% free 4176K/7623K, external 1865K/3065K, paused 310ms
D/nofatclips(  245): Handling event 'focus' on widget id=16908795 type=focusableEditText name=
D/nofatclips(  245): Handling event 'click' on widget id=16908796 type=button name=
D/nofatclips(  245): Handling event 'click' on widget id=16908794 type=button name=
D/nofatclips(  245): Handling event 'focus' on widget id=16908795 type=focusableEditText name=
D/nofatclips(  245): Handling event 'click' on widget id=16908796 type=button name=
D/nofatclips(  245): Handling event 'click' on widget id=16908313 type=button name=Set
D/nofatclips(  245): Handling event 'click' on widget id=16908314 type=button name=Cancel
I/nofatclips(  245): Created trace to press the back button
I/nofatclips(  245): Created trace to press the menu button
I/nofatclips(  245): Created trace to change orientation
D/dalvikvm(  245): GC_CONCURRENT freed 1815K, 52% free 4226K/8647K, external 3436K/4283K, paused 4ms+4ms
I/nofatclips(  245): Check for termination: 82 steps left of 100
I/nofatclips(  245): Dispatching new task. 2 more tasks remaining.
D/nofatclips(  245): Performing backup of the old task list on disk
D/nofatclips(  245): Saving task list on disk
V/nofatclips(  245): Backing up trace #277 to disk.
V/nofatclips(  245): Backing up trace #278 to disk.
D/dalvikvm(  245): GC_FOR_MALLOC freed 923K, 52% free 4206K/8647K, external 3436K/4283K, paused 38ms
D/nofatclips(  245): Deleting backup of the old task list from disk
D/nofatclips(  245): Deleting backup of the old activity list from disk
I/nofatclips(  245): Incrementally Playing Trace 278
I/nofatclips(  245): Retrieved from return list id=16908795
D/nofatclips(  245): Testing for type (android.widget.EditText) against the original (android.widget.EditText)
D/nofatclips(  245): Testing for name () against the original ()
I/nofatclips(  245): Firing event: type= focus index=19 widget=android.widget.EditText
D/nofatclips(  245): Event description: 27
D/dalvikvm(  116): GC_EXTERNAL_ALLOC freed 247K, 47% free 3282K/6151K, external 3119K/3180K, paused 176ms
I/nofatclips(  245): Waiting for 100 msec.
I/nofatclips(  245): Current activity is EditPost
I/nofatclips(  245): Retrieving widgets
D/nofatclips(  245): Found widget: id=-1 (android.widget.TextView$HandleView@407da3e0)
D/nofatclips(  245): Found widget: id=16908290 (android.widget.FrameLayout@40696300)
D/nofatclips(  245): Found widget: id=16908666 (com.android.internal.widget.WeightedLinearLayout@407da510)
D/nofatclips(  245): Found widget: id=16908667 (android.widget.LinearLayout@407da788)
D/nofatclips(  245): Found widget: id=16908668 (android.widget.LinearLayout@4081e860)
D/nofatclips(  245): Found widget: id=16908294 (android.widget.ImageView@4081eac8)
D/nofatclips(  245): Found widget: id=16908669 (com.android.internal.widget.DialogTitle@40629638): 
D/nofatclips(  245): Found widget: id=16908670 (android.widget.ImageView@4073ee80)
D/nofatclips(  245): Found widget: id=16908671 (android.widget.LinearLayout@4073f088)
D/nofatclips(  245): Found widget: id=16908672 (android.widget.ScrollView@406d5678)
D/nofatclips(  245): Found widget: id=16908673 (android.widget.FrameLayout@4077bd60)
D/nofatclips(  245): Found widget: id=16908331 (android.widget.FrameLayout@4077bf80)
D/nofatclips(  245): Found widget: id=16908705 (android.widget.DatePicker@4067ad30)
D/nofatclips(  245): Found widget: id=16908701 (android.widget.LinearLayout@406bc838)
D/nofatclips(  245): Found widget: id=16908702 (android.widget.NumberPicker@406f0360)
D/nofatclips(  245): Found widget: id=16908794 (android.widget.NumberPickerButton@407b1878)
D/nofatclips(  245): Found widget: id=16908795 (android.widget.EditText@4063f9e0): Aug
D/nofatclips(  245): Found widget: id=16908796 (android.widget.NumberPickerButton@40510488)
D/nofatclips(  245): Found widget: id=16908703 (android.widget.NumberPicker@406af018)
D/nofatclips(  245): Found widget: id=16908794 (android.widget.NumberPickerButton@406af278)
D/nofatclips(  245): Found widget: id=16908795 (android.widget.EditText@407fdd40): 27
D/nofatclips(  245): Found widget: id=16908796 (android.widget.NumberPickerButton@40804108)
D/nofatclips(  245): Found widget: id=16908704 (android.widget.NumberPicker@40807500)
D/nofatclips(  245): Found widget: id=16908794 (android.widget.NumberPickerButton@4080abf8)
D/nofatclips(  245): Found widget: id=16908795 (android.widget.EditText@4080cd08): 2014
D/nofatclips(  245): Found widget: id=16908796 (android.widget.NumberPickerButton@40812fc0)
D/nofatclips(  245): Found widget: id=16908674 (android.widget.LinearLayout@40617a88)
D/nofatclips(  245): Found widget: id=-1 (android.widget.LinearLayout@40617ca8)
D/nofatclips(  245): Found widget: id=16908675 (android.widget.LinearLayout@40723da8)
D/nofatclips(  245): Found widget: id=16908313 (android.widget.Button@407240d0): Set
D/nofatclips(  245): Found widget: id=16908315 (android.widget.Button@406df2a8): 
D/nofatclips(  245): Found widget: id=16908314 (android.widget.Button@40656118): Cancel
D/nofatclips(  245): Found widget: id=16908676 (android.widget.LinearLayout@406e51c0)
D/nofatclips(  245): Found widget: id=-1 (com.android.internal.policy.impl.PhoneWindow$DecorView@40725cf0)
V/ReflectionHelper(  245): android.widget.NumberPicker > mOnFocusChangeListener FOUND | NOT ACTIVE
V/ReflectionHelper(  245): android.widget.EditText > mOnFocusChangeListener FOUND | ACTIVE
V/nicola  (  245): TextualID : null
V/nicola  (  245): ContentType detected : default
V/ReflectionHelper(  245): android.widget.NumberPicker > mOnFocusChangeListener FOUND | NOT ACTIVE
V/ReflectionHelper(  245): android.widget.EditText > mOnFocusChangeListener FOUND | ACTIVE
V/nicola  (  245): TextualID : null
V/nicola  (  245): ContentType detected : number
V/ReflectionHelper(  245): android.widget.NumberPicker > mOnFocusChangeListener FOUND | NOT ACTIVE
V/ReflectionHelper(  245): android.widget.EditText > mOnFocusChangeListener FOUND | ACTIVE
V/nicola  (  245): TextualID : null
V/nicola  (  245): ContentType detected : number
V/nicola  (  245): TextualID : null
V/nicola  (  245): ContentType detected : default
V/nicola  (  245): TextualID : null
V/nicola  (  245): ContentType detected : default
I/nofatclips(  245): Performing comparation for activity EditPost
D/nofatclips(  245): Comparing against activity EditPost
D/nofatclips(  245): Comparing against activity EditPost
D/nofatclips(  245): Comparing against activity EditPost
D/nofatclips(  245): Comparing against activity EditPost
D/nofatclips(  245): Comparing against activity EditPost
D/nofatclips(  245): Comparing against activity Dashboard
D/nofatclips(  245): Comparing against activity EditPost
D/nofatclips(  245): Comparing against activity EditPost
D/nofatclips(  245): Comparing against activity EditPost
D/nofatclips(  245): Comparing against activity EditPost
D/nofatclips(  245): Comparing against activity Dashboard
D/nofatclips(  245): Comparing against activity EditPost
I/nofatclips(  245): Registering activity EditPost (id: a20) as a new found state
D/nofatclips(  245): Performing backup of the old activity list on disk
D/nofatclips(  245): Saving new found state 'a20' on disk
V/nofatclips(  245): Opening state file in append mode.
I/nofatclips(  245): Saved image on disk: a20.jpg
I/nofatclips(  245): Waiting for 100 msec.
I/nofatclips(  245): Session count is 1. Will dump to disk at 1
I/nofatclips(  245): Saving the session on disk.
D/dalvikvm(  245): GC_FOR_MALLOC freed 996K, 52% free 4200K/8647K, external 3458K/4283K, paused 64ms
D/dalvikvm(  245): GC_FOR_MALLOC freed 112K, 52% free 4155K/8647K, external 3447K/4283K, paused 53ms
I/nofatclips(  245): Planning for new Activity EditPost
D/nofatclips(  245): Handling event 'click' on widget id=16908794 type=button name=
D/nofatclips(  245): Handling event 'focus' on widget id=16908795 type=focusableEditText name=
D/nofatclips(  245): Handling event 'click' on widget id=16908796 type=button name=
D/nofatclips(  245): Handling event 'click' on widget id=16908794 type=button name=
D/nofatclips(  245): Handling event 'focus' on widget id=16908795 type=focusableEditText name=
D/nofatclips(  245): Handling event 'click' on widget id=16908796 type=button name=
D/nofatclips(  245): Handling event 'click' on widget id=16908794 type=button name=
D/nofatclips(  245): Handling event 'focus' on widget id=16908795 type=focusableEditText name=
D/nofatclips(  245): Handling event 'click' on widget id=16908796 type=button name=
D/nofatclips(  245): Handling event 'click' on widget id=16908313 type=button name=Set
D/nofatclips(  245): Handling event 'click' on widget id=16908314 type=button name=Cancel
I/nofatclips(  245): Created trace to press the back button
I/nofatclips(  245): Created trace to press the menu button
I/nofatclips(  245): Created trace to change orientation
D/dalvikvm(  245): GC_CONCURRENT freed 1595K, 51% free 4253K/8647K, external 3447K/4283K, paused 3ms+4ms
I/nofatclips(  245): Check for termination: 81 steps left of 100
I/nofatclips(  245): Dispatching new task. 2 more tasks remaining.
D/nofatclips(  245): Performing backup of the old task list on disk
D/nofatclips(  245): Saving task list on disk
V/nofatclips(  245): Backing up trace #291 to disk.
V/nofatclips(  245): Backing up trace #292 to disk.
D/dalvikvm(  245): GC_FOR_MALLOC freed 1114K, 51% free 4264K/8647K, external 3436K/4283K, paused 41ms
D/nofatclips(  245): Deleting backup of the old task list from disk
D/nofatclips(  245): Deleting backup of the old activity list from disk
I/nofatclips(  245): Incrementally Playing Trace 292
I/nofatclips(  245): Retrieved from return list id=16908794
D/nofatclips(  245): Testing for type (android.widget.NumberPickerButton) against the original (android.widget.NumberPickerButton)
D/nofatclips(  245): Testing for name () against the original ()
I/nofatclips(  245): Firing event: type= click index=23 widget=android.widget.NumberPickerButton
W/KeyCharacterMap(  116): No keyboard for id 0
W/KeyCharacterMap(  116): Using default keymap: /system/usr/keychars/qwerty.kcm.bin
W/KeyCharacterMap(  245): No keyboard for id 0
W/KeyCharacterMap(  245): Using default keymap: /system/usr/keychars/qwerty.kcm.bin
I/nofatclips(  245): Waiting for 100 msec.
I/nofatclips(  245): Current activity is EditPost
I/nofatclips(  245): Retrieving widgets
D/nofatclips(  245): Found widget: id=16908290 (android.widget.FrameLayout@40696300)
D/nofatclips(  245): Found widget: id=16908666 (com.android.internal.widget.WeightedLinearLayout@407da510)
D/nofatclips(  245): Found widget: id=16908667 (android.widget.LinearLayout@407da788)
D/nofatclips(  245): Found widget: id=16908668 (android.widget.LinearLayout@4081e860)
D/nofatclips(  245): Found widget: id=16908294 (android.widget.ImageView@4081eac8)
D/nofatclips(  245): Found widget: id=16908669 (com.android.internal.widget.DialogTitle@40629638): 
D/nofatclips(  245): Found widget: id=16908670 (android.widget.ImageView@4073ee80)
D/nofatclips(  245): Found widget: id=16908671 (android.widget.LinearLayout@4073f088)
D/nofatclips(  245): Found widget: id=16908672 (android.widget.ScrollView@406d5678)
D/nofatclips(  245): Found widget: id=16908673 (android.widget.FrameLayout@4077bd60)
D/nofatclips(  245): Found widget: id=16908331 (android.widget.FrameLayout@4077bf80)
D/nofatclips(  245): Found widget: id=16908705 (android.widget.DatePicker@4067ad30)
D/nofatclips(  245): Found widget: id=16908701 (android.widget.LinearLayout@406bc838)
D/nofatclips(  245): Found widget: id=16908702 (android.widget.NumberPicker@406f0360)
D/nofatclips(  245): Found widget: id=16908794 (android.widget.NumberPickerButton@407b1878)
D/nofatclips(  245): Found widget: id=16908795 (android.widget.EditText@4063f9e0): Aug
D/nofatclips(  245): Found widget: id=16908796 (android.widget.NumberPickerButton@40510488)
D/nofatclips(  245): Found widget: id=16908703 (android.widget.NumberPicker@406af018)
D/nofatclips(  245): Found widget: id=16908794 (android.widget.NumberPickerButton@406af278)
D/nofatclips(  245): Found widget: id=16908795 (android.widget.EditText@407fdd40): 27
D/nofatclips(  245): Found widget: id=16908796 (android.widget.NumberPickerButton@40804108)
D/nofatclips(  245): Found widget: id=16908704 (android.widget.NumberPicker@40807500)
D/nofatclips(  245): Found widget: id=16908794 (android.widget.NumberPickerButton@4080abf8)
D/nofatclips(  245): Found widget: id=16908795 (android.widget.EditText@4080cd08): 2015
D/nofatclips(  245): Found widget: id=16908796 (android.widget.NumberPickerButton@40812fc0)
D/nofatclips(  245): Found widget: id=16908674 (android.widget.LinearLayout@40617a88)
D/nofatclips(  245): Found widget: id=-1 (android.widget.LinearLayout@40617ca8)
D/nofatclips(  245): Found widget: id=16908675 (android.widget.LinearLayout@40723da8)
D/nofatclips(  245): Found widget: id=16908313 (android.widget.Button@407240d0): Set
D/nofatclips(  245): Found widget: id=16908315 (android.widget.Button@406df2a8): 
D/nofatclips(  245): Found widget: id=16908314 (android.widget.Button@40656118): Cancel
D/nofatclips(  245): Found widget: id=16908676 (android.widget.LinearLayout@406e51c0)
D/nofatclips(  245): Found widget: id=-1 (com.android.internal.policy.impl.PhoneWindow$DecorView@40725cf0)
V/ReflectionHelper(  245): android.widget.NumberPicker > mOnFocusChangeListener FOUND | NOT ACTIVE
V/ReflectionHelper(  245): android.widget.EditText > mOnFocusChangeListener FOUND | ACTIVE
V/nicola  (  245): TextualID : null
V/nicola  (  245): ContentType detected : default
V/ReflectionHelper(  245): android.widget.NumberPicker > mOnFocusChangeListener FOUND | NOT ACTIVE
V/ReflectionHelper(  245): android.widget.EditText > mOnFocusChangeListener FOUND | ACTIVE
V/nicola  (  245): TextualID : null
V/nicola  (  245): ContentType detected : number
V/ReflectionHelper(  245): android.widget.NumberPicker > mOnFocusChangeListener FOUND | NOT ACTIVE
V/ReflectionHelper(  245): android.widget.EditText > mOnFocusChangeListener FOUND | ACTIVE
V/nicola  (  245): TextualID : null
V/nicola  (  245): ContentType detected : number
V/nicola  (  245): TextualID : null
V/nicola  (  245): ContentType detected : default
V/nicola  (  245): TextualID : null
V/nicola  (  245): ContentType detected : default
I/nofatclips(  245): Performing comparation for activity EditPost
D/nofatclips(  245): Comparing against activity EditPost
D/nofatclips(  245): Comparing against activity EditPost
D/nofatclips(  245): Comparing against activity EditPost
D/nofatclips(  245): Comparing against activity EditPost
D/nofatclips(  245): Comparing against activity EditPost
D/nofatclips(  245): Comparing against activity EditPost
D/nofatclips(  245): Comparing against activity Dashboard
D/nofatclips(  245): Comparing against activity EditPost
D/nofatclips(  245): Comparing against activity EditPost
D/nofatclips(  245): Comparing against activity EditPost
D/nofatclips(  245): Comparing against activity EditPost
D/nofatclips(  245): Comparing against activity Dashboard
D/nofatclips(  245): Comparing against activity EditPost
I/nofatclips(  245): Registering activity EditPost (id: a21) as a new found state
D/nofatclips(  245): Performing backup of the old activity list on disk
D/nofatclips(  245): Saving new found state 'a21' on disk
V/nofatclips(  245): Opening state file in append mode.
I/nofatclips(  245): Saved image on disk: a21.jpg
I/nofatclips(  245): Waiting for 100 msec.
I/nofatclips(  245): Session count is 1. Will dump to disk at 1
I/nofatclips(  245): Saving the session on disk.
D/dalvikvm(  245): GC_FOR_MALLOC freed 962K, 52% free 4222K/8647K, external 3796K/4283K, paused 100ms
I/nofatclips(  245): Planning for new Activity EditPost
D/nofatclips(  245): Handling event 'click' on widget id=16908794 type=button name=
D/nofatclips(  245): Handling event 'focus' on widget id=16908795 type=focusableEditText name=
D/nofatclips(  245): Handling event 'click' on widget id=16908796 type=button name=
D/nofatclips(  245): Handling event 'click' on widget id=16908794 type=button name=
D/nofatclips(  245): Handling event 'focus' on widget id=16908795 type=focusableEditText name=
D/nofatclips(  245): Handling event 'click' on widget id=16908796 type=button name=
D/nofatclips(  245): Handling event 'click' on widget id=16908794 type=button name=
D/nofatclips(  245): Handling event 'focus' on widget id=16908795 type=focusableEditText name=
D/nofatclips(  245): Handling event 'click' on widget id=16908796 type=button name=
D/nofatclips(  245): Handling event 'click' on widget id=16908313 type=button name=Set
D/nofatclips(  245): Handling event 'click' on widget id=16908314 type=button name=Cancel
I/nofatclips(  245): Created trace to press the back button
I/nofatclips(  245): Created trace to press the menu button
I/nofatclips(  245): Created trace to change orientation
D/dalvikvm(  245): GC_CONCURRENT freed 1792K, 51% free 4313K/8711K, external 3436K/4283K, paused 3ms+4ms
I/nofatclips(  245): Check for termination: 80 steps left of 100
I/nofatclips(  245): Dispatching new task. 2 more tasks remaining.
D/nofatclips(  245): Performing backup of the old task list on disk
D/nofatclips(  245): Saving task list on disk
V/nofatclips(  245): Backing up trace #305 to disk.
V/nofatclips(  245): Backing up trace #306 to disk.
D/dalvikvm(  245): GC_FOR_MALLOC freed 1107K, 52% free 4266K/8711K, external 3436K/4283K, paused 41ms
D/nofatclips(  245): Deleting backup of the old task list from disk
D/nofatclips(  245): Deleting backup of the old activity list from disk
I/nofatclips(  245): Incrementally Playing Trace 306
I/nofatclips(  245): Retrieved from return list id=16908796
D/nofatclips(  245): Testing for type (android.widget.NumberPickerButton) against the original (android.widget.NumberPickerButton)
D/nofatclips(  245): Testing for name () against the original ()
I/nofatclips(  245): Firing event: type= click index=16 widget=android.widget.NumberPickerButton
W/KeyCharacterMap(  245): No keyboard for id 0
W/KeyCharacterMap(  245): Using default keymap: /system/usr/keychars/qwerty.kcm.bin
I/nofatclips(  245): Waiting for 100 msec.
I/nofatclips(  245): Current activity is EditPost
I/nofatclips(  245): Retrieving widgets
D/nofatclips(  245): Found widget: id=16908290 (android.widget.FrameLayout@40696300)
D/nofatclips(  245): Found widget: id=16908666 (com.android.internal.widget.WeightedLinearLayout@407da510)
D/nofatclips(  245): Found widget: id=16908667 (android.widget.LinearLayout@407da788)
D/nofatclips(  245): Found widget: id=16908668 (android.widget.LinearLayout@4081e860)
D/nofatclips(  245): Found widget: id=16908294 (android.widget.ImageView@4081eac8)
D/nofatclips(  245): Found widget: id=16908669 (com.android.internal.widget.DialogTitle@40629638): 
D/nofatclips(  245): Found widget: id=16908670 (android.widget.ImageView@4073ee80)
D/nofatclips(  245): Found widget: id=16908671 (android.widget.LinearLayout@4073f088)
D/nofatclips(  245): Found widget: id=16908672 (android.widget.ScrollView@406d5678)
D/nofatclips(  245): Found widget: id=16908673 (android.widget.FrameLayout@4077bd60)
D/nofatclips(  245): Found widget: id=16908331 (android.widget.FrameLayout@4077bf80)
D/nofatclips(  245): Found widget: id=16908705 (android.widget.DatePicker@4067ad30)
D/nofatclips(  245): Found widget: id=16908701 (android.widget.LinearLayout@406bc838)
D/nofatclips(  245): Found widget: id=16908702 (android.widget.NumberPicker@406f0360)
D/nofatclips(  245): Found widget: id=16908794 (android.widget.NumberPickerButton@407b1878)
D/nofatclips(  245): Found widget: id=16908795 (android.widget.EditText@4063f9e0): Jul
D/nofatclips(  245): Found widget: id=16908796 (android.widget.NumberPickerButton@40510488)
D/nofatclips(  245): Found widget: id=16908703 (android.widget.NumberPicker@406af018)
D/nofatclips(  245): Found widget: id=16908794 (android.widget.NumberPickerButton@406af278)
D/nofatclips(  245): Found widget: id=16908795 (android.widget.EditText@407fdd40): 27
D/nofatclips(  245): Found widget: id=16908796 (android.widget.NumberPickerButton@40804108)
D/nofatclips(  245): Found widget: id=16908704 (android.widget.NumberPicker@40807500)
D/nofatclips(  245): Found widget: id=16908794 (android.widget.NumberPickerButton@4080abf8)
D/nofatclips(  245): Found widget: id=16908795 (android.widget.EditText@4080cd08): 2015
D/nofatclips(  245): Found widget: id=16908796 (android.widget.NumberPickerButton@40812fc0)
D/nofatclips(  245): Found widget: id=16908674 (android.widget.LinearLayout@40617a88)
D/nofatclips(  245): Found widget: id=-1 (android.widget.LinearLayout@40617ca8)
D/nofatclips(  245): Found widget: id=16908675 (android.widget.LinearLayout@40723da8)
D/nofatclips(  245): Found widget: id=16908313 (android.widget.Button@407240d0): Set
D/nofatclips(  245): Found widget: id=16908315 (android.widget.Button@406df2a8): 
D/nofatclips(  245): Found widget: id=16908314 (android.widget.Button@40656118): Cancel
D/nofatclips(  245): Found widget: id=16908676 (android.widget.LinearLayout@406e51c0)
D/nofatclips(  245): Found widget: id=-1 (com.android.internal.policy.impl.PhoneWindow$DecorView@40725cf0)
V/ReflectionHelper(  245): android.widget.NumberPicker > mOnFocusChangeListener FOUND | NOT ACTIVE
V/ReflectionHelper(  245): android.widget.EditText > mOnFocusChangeListener FOUND | ACTIVE
V/nicola  (  245): TextualID : null
V/nicola  (  245): ContentType detected : default
V/ReflectionHelper(  245): android.widget.NumberPicker > mOnFocusChangeListener FOUND | NOT ACTIVE
V/ReflectionHelper(  245): android.widget.EditText > mOnFocusChangeListener FOUND | ACTIVE
V/nicola  (  245): TextualID : null
V/nicola  (  245): ContentType detected : number
V/ReflectionHelper(  245): android.widget.NumberPicker > mOnFocusChangeListener FOUND | NOT ACTIVE
V/ReflectionHelper(  245): android.widget.EditText > mOnFocusChangeListener FOUND | ACTIVE
V/nicola  (  245): TextualID : null
V/nicola  (  245): ContentType detected : number
V/nicola  (  245): TextualID : null
V/nicola  (  245): ContentType detected : default
V/nicola  (  245): TextualID : null
V/nicola  (  245): ContentType detected : default
I/nofatclips(  245): Performing comparation for activity EditPost
D/nofatclips(  245): Comparing against activity EditPost
D/nofatclips(  245): Comparing against activity EditPost
D/nofatclips(  245): Comparing against activity EditPost
D/nofatclips(  245): Comparing against activity EditPost
D/nofatclips(  245): Comparing against activity Dashboard
D/nofatclips(  245): Comparing against activity EditPost
D/nofatclips(  245): Comparing against activity EditPost
D/nofatclips(  245): Comparing against activity EditPost
