E/UsbObserver(   61): 	at com.android.server.UsbObserver.init(UsbObserver.java:131)
E/UsbObserver(   61): 	at com.android.server.UsbObserver.<init>(UsbObserver.java:65)
E/UsbObserver(   61): 	at com.android.server.ServerThread.run(SystemServer.java:402)
I/SystemServer(   61): UI Mode Manager Service
I/SystemServer(   61): Backup Service
D/dalvikvm(   61): GC_CONCURRENT freed 276K, 44% free 3833K/6727K, external 716K/1038K, paused 3ms+5ms
V/BackupManagerService(   61): No ancestral data
I/BackupManagerService(   61): Found stale backup journal, scheduling
I/BackupManagerService(   61):   com.android.inputmethod.latin
I/BackupManagerService(   61):   com.android.browser
I/BackupManagerService(   61):   com.android.providers.userdictionary
I/BackupManagerService(   61):   android
I/BackupManagerService(   61):   com.android.providers.settings
I/BackupManagerService(   61): Backup enabled => true
I/SystemServer(   61): AppWidget Service
I/SystemServer(   61): Recognition Service
I/SystemServer(   61): DiskStats Service
I/WindowManager(   61): SAFE MODE not enabled
D/dalvikvm(   61): JIT started for system_server
D/PowerManagerService(   61): system ready!
I/ActivityManager(   61): System now ready
I/SystemServer(   61): Making services ready
I/StatusBarManagerService(   61): Starting service: ComponentInfo{com.android.systemui/com.android.systemui.statusbar.StatusBarService}
I/Zygote  (   61): Process: zygote socket opened
I/ActivityManager(   61): Start proc com.android.systemui for service com.android.systemui/.statusbar.StatusBarService: pid=107 uid=1000 gids={3002, 3001, 3003}
I/ActivityManager(   61): Config changed: { scale=1.0 imsi=0/0 loc=en_US touch=0 keys=0/0/0 nav=0/0 orien=0 layout=0 uiMode=17 seq=2}
I/ActivityManager(   61): Config changed: { scale=1.0 imsi=0/0 loc=en_US touch=3 keys=2/1/2 nav=1/1 orien=1 layout=18 uiMode=17 seq=3}
W/RecognitionManagerService(   61): no available voice recognition services found
I/ActivityManager(   61): Start proc jp.co.omronsoft.openwnn for service jp.co.omronsoft.openwnn/.OpenWnnJAJP: pid=116 uid=10004 gids={}
W/GpsLocationProvider(   61): Could not open GPS configuration file /etc/gps.conf
W/ActivityManager(   61): Unable to start service Intent { act=@0 }: not found
W/ActivityManager(   61): Unable to start service Intent { act=@0 }: not found
D/qemud   (   38): fdhandler_accept_event: accepting on fd 9
D/qemud   (   38): created client 0x13f38 listening on fd 12
D/NetworkManagmentService(   61): Registering observer
E/ThrottleService(   61): Could not open GPS configuration file /etc/gps.conf
D/qemud   (   38): client_fd_receive: attempting registration for service 'gps'
D/qemud   (   38): client_fd_receive:    -> received channel id 4
D/qemud   (   38): client_registration: registration succeeded for client 4
E/logwrapper(  127): executing /system/bin/tc failed: No such file or directory
I/logwrapper(   30): /system/bin/tc terminated by exit(1)
E/logwrapper(  129): executing /system/bin/tc failed: No such file or directory
I/logwrapper(   30): /system/bin/tc terminated by exit(1)
E/logwrapper(  130): executing /system/bin/tc failed: No such file or directory
I/logwrapper(   30): /system/bin/tc terminated by exit(1)
D/dalvikvm(   61): GC_EXTERNAL_ALLOC freed 160K, 42% free 3910K/6727K, external 1035K/1038K, paused 80ms
I/ActivityManager(   61): Start proc com.android.settings for broadcast com.android.settings/.widget.SettingsAppWidgetProvider: pid=131 uid=1000 gids={3002, 3001, 3003}
I/ActivityManager(   61): Start proc com.android.phone for added application com.android.phone: pid=132 uid=1001 gids={3002, 3001, 3003, 1015}
I/ActivityManager(   61): Start proc com.android.systemui for added application com.android.systemui: pid=134 uid=1000 gids={3002, 3001, 3003}
I/ActivityManager(   61): Starting: Intent { act=android.intent.action.MAIN cat=[android.intent.category.HOME] flg=0x10000000 cmp=com.android.launcher/com.android.launcher2.Launcher } from pid 0
I/ActivityManager(   61): Start proc com.android.launcher for activity com.android.launcher/com.android.launcher2.Launcher: pid=140 uid=10013 gids={}
W/ActivityManager(   61): No pending application record for pid 107 (IApplicationThread android.app.ApplicationThreadProxy@4059dc48); dropping process
I/Process (   61): Sending signal. PID: 107 SIG: 9
I/SystemServer(   61): Enabled StrictMode for system server main thread.
D/dalvikvm(  116): GC_CONCURRENT freed 396K, 54% free 2649K/5639K, external 716K/1038K, paused 3ms+56ms
D/dalvikvm(   61): GC_EXTERNAL_ALLOC freed 207K, 42% free 3950K/6791K, external 1558K/1567K, paused 300ms
D/dalvikvm(  131): GC_CONCURRENT freed 398K, 54% free 2647K/5639K, external 716K/1038K, paused 3ms+64ms
D/dalvikvm(  132): GC_CONCURRENT freed 405K, 54% free 2639K/5639K, external 716K/1038K, paused 3ms+18ms
D/dalvikvm(  134): GC_CONCURRENT freed 406K, 54% free 2638K/5639K, external 716K/1038K, paused 3ms+70ms
D/dalvikvm(  116): No JNI_OnLoad found in /system/lib/libwnndict.so 0x40512cf0, skipping init
D/dalvikvm(  140): GC_CONCURRENT freed 406K, 54% free 2638K/5639K, external 716K/1038K, paused 3ms+84ms
I/ActivityThread(  140): Pub com.android.launcher2.settings: com.android.launcher2.LauncherProvider
D/dalvikvm(   61): GREF has increased to 201
I/ActivityThread(  132): Pub mms: com.android.providers.telephony.MmsProvider
D/dalvikvm(  116): GC_CONCURRENT freed 211K, 50% free 2912K/5767K, external 716K/1038K, paused 3ms+64ms
I/ActivityThread(  132): Pub sms: com.android.providers.telephony.SmsProvider
I/ActivityThread(  132): Pub telephony: com.android.providers.telephony.TelephonyProvider
I/ActivityThread(  132): Pub icc: com.android.phone.IccProvider
I/ActivityThread(  132): Pub mms-sms: com.android.providers.telephony.MmsSmsProvider
D/dalvikvm(  116): GC_CONCURRENT freed 434K, 50% free 3047K/6087K, external 716K/1038K, paused 3ms+43ms
D/dalvikvm(   61): GC_EXTERNAL_ALLOC freed 181K, 42% free 4026K/6855K, external 1494K/1745K, paused 211ms
I/StatusBarManagerService(   61): registerStatusBar bar=com.android.internal.statusbar.IStatusBar$Stub$Proxy@4067f018
D/VoldCmdListener(   29): share status ums
D/StorageNotification(  134): Startup with UMS connection false (media state unmounted)
I/StorageNotification(  134): UMS connection changed to false (media state unmounted)
D/CallManager(  132): registerPhone(GSM Handler{40560698})
I/ActivityManager(   61): Start proc android.process.acore for content provider com.android.providers.contacts/.CallLogProvider: pid=183 uid=10006 gids={3003, 1015}
W/ActivityManager(   61): Unable to start service Intent { act=com.android.ussd.IExtendedNetworkService }: not found
I/TelephonyRegistry(   61): notifyServiceState: 3 home null null null  Unknown CSS not supported -1 -1RoamInd: -1DefRoamInd: -1EmergOnly: false
D/AlarmManagerService(   61): Kernel timezone updated to 0 minutes west of GMT
D/SystemClock(  132): Setting time of day to sec=1406567297
I/ActivityManager(   61): Start proc com.android.deskclock for broadcast com.android.deskclock/.AlarmInitReceiver: pid=190 uid=10019 gids={}
W/SystemClock(  132): Unable to set rtc to 1406567297: Invalid argument
D/dalvikvm(  140): GC_EXTERNAL_ALLOC freed 50K, 53% free 2701K/5639K, external 1032K/1038K, paused 319ms
I/TelephonyRegistry(   61): notifyDataConnection: state=0 isDataConnectivityPossible=false reason=radioTurnedOff interfaceName=null networkType=0
I/TelephonyRegistry(   61): notifyDataConnection: state=0 isDataConnectivityPossible=false reason=gprsDetached interfaceName=null networkType=0
I/TelephonyRegistry(   61): notifyServiceState: 0 home Android Android 310260  UMTS CSS not supported -1 -1RoamInd: -1DefRoamInd: -1EmergOnly: false
I/TelephonyRegistry(   61): notifyDataConnection: state=0 isDataConnectivityPossible=false reason=null interfaceName=null networkType=3
I/ActivityThread(  183): Pub com.android.social: com.android.providers.contacts.SocialProvider
D/dalvikvm(  132): GC_CONCURRENT freed 176K, 49% free 2919K/5703K, external 716K/1038K, paused 2ms+47ms
I/ActivityThread(  183): Pub applications: com.android.providers.applications.ApplicationsProvider
D/MccTable(  132): updateMccMncConfiguration: mcc=310, mnc=260
D/MccTable(  132): locale set to en_us
D/MccTable(  132): WIFI_NUM_ALLOWED_CHANNELS set to 11
I/WifiService(   61): WifiService trying to setNumAllowed to 11 with persist set to true
I/ActivityManager(   61): Config changed: { scale=1.0 imsi=310/260 loc=en_US touch=3 keys=2/1/2 nav=1/1 orien=1 layout=18 uiMode=17 seq=4}
I/TelephonyRegistry(   61): notifyMessageWaitingChanged: false
I/TelephonyRegistry(   61): notifyCallForwardingChanged: false
D/dalvikvm(  183): GC_CONCURRENT freed 406K, 54% free 2613K/5639K, external 716K/1038K, paused 2ms+144ms
D/dalvikvm(   61): GC_CONCURRENT freed 216K, 41% free 4185K/6983K, external 1865K/3065K, paused 3ms+41ms
I/ActivityThread(  190): Pub com.android.deskclock: com.android.deskclock.AlarmProvider
D/dalvikvm(  190): GC_CONCURRENT freed 372K, 54% free 2615K/5639K, external 716K/1038K, paused 3ms+29ms
I/ActivityThread(  183): Pub contacts;com.android.contacts: com.android.providers.contacts.ContactsProvider2
D/TelephonyProvider(  132): Setting numeric '310260' to be the current operator
I/TelephonyRegistry(   61): notifyDataConnection: state=1 isDataConnectivityPossible=true reason=simLoaded interfaceName=null networkType=3
I/TelephonyRegistry(   61): notifyDataConnection: state=2 isDataConnectivityPossible=true reason=simLoaded interfaceName=/dev/omap_csmi_tty1 networkType=3
D/Tethering(   61): MasterInitialState.processMessage what=3
D/SntpClient(   61): request time failed: java.net.SocketException: Address family not supported by protocol
I/ActivityManager(   61): Start proc com.android.protips for broadcast com.android.protips/.ProtipWidget: pid=213 uid=10024 gids={}
D/dalvikvm(  140): GC_EXTERNAL_ALLOC freed 57K, 52% free 2762K/5639K, external 1567K/1572K, paused 345ms
D/dalvikvm(   33): GC_EXPLICIT freed 10K, 53% free 2538K/5379K, external 716K/1038K, paused 158ms
D/dalvikvm(   33): GC_EXPLICIT freed <1K, 53% free 2538K/5379K, external 716K/1038K, paused 181ms
D/dalvikvm(   33): GC_EXPLICIT freed <1K, 53% free 2538K/5379K, external 716K/1038K, paused 145ms
D/AndroidRuntime(  206): 
D/AndroidRuntime(  206): >>>>>> AndroidRuntime START com.android.internal.os.RuntimeInit <<<<<<
D/AndroidRuntime(  206): CheckJNI is ON
I/ActivityManager(   61): Start proc com.android.music for broadcast com.android.music/.MediaAppWidgetProvider: pid=222 uid=10005 gids={3003, 1015}
D/dalvikvm(  140): GC_EXTERNAL_ALLOC freed 47K, 51% free 2792K/5639K, external 2079K/2085K, paused 105ms
D/dalvikvm(  140): GC_EXPLICIT freed 26K, 51% free 2806K/5639K, external 2387K/2620K, paused 116ms
I/ActivityManager(   61): Start proc com.android.quicksearchbox for broadcast com.android.quicksearchbox/.SearchWidgetProvider: pid=235 uid=10002 gids={3003}
I/ActivityThread(  235): Pub com.android.quicksearchbox.google: com.android.quicksearchbox.google.GoogleSuggestionProvider
I/ActivityThread(  235): Pub com.android.quicksearchbox.shortcuts: com.android.quicksearchbox.ShortcutsProvider
D/AndroidRuntime(  206): Calling main entry com.android.commands.am.Am
I/ActivityManager(   61): Force stopping package org.wordpress.android uid=10034
I/ActivityManager(   61): Start proc org.wordpress.android for added application org.wordpress.android: pid=245 uid=10034 gids={3003, 1006, 1015}
D/dalvikvm(   61): GREF has increased to 301
I/ActivityManager(   61): Start proc android.process.media for broadcast com.android.providers.downloads/.DownloadReceiver: pid=248 uid=10000 gids={1015, 1006, 2001, 3003}
D/szipinf (  245): Initializing inflate state
W/dalvikvm(  183): threadid=6: spin on suspend #1 threadid=9 (pcf=0)
D/dalvikvm(  183): Temporarily moving tid 211 to fg (was 0)
D/dalvikvm(  183): Temporarily raised priority on tid 211 (10 -> 0)
W/dalvikvm(  183): threadid=6: spin on suspend resolved in 1074 msec
D/dalvikvm(  183): Restored policy of 211 to 0
D/dalvikvm(  183): Restored priority on 211 to 10
I/ActivityThread(  183): Pub call_log: com.android.providers.contacts.CallLogProvider
I/ActivityThread(  183): Pub user_dictionary: com.android.providers.userdictionary.UserDictionaryProvider
I/ActivityThread(  248): Pub media: com.android.providers.media.MediaProvider
V/MediaProvider(  248): Attached volume: internal
I/ActivityThread(  248): Pub downloads: com.android.providers.downloads.DownloadProvider
I/ActivityThread(  248): Pub drm: com.android.providers.drm.DrmProvider
D/nofatclips(  245): Updating node 
D/nofatclips(  245): Loading node 
I/nofatclips(  245): Preferences file found.
V/nofatclips(  245): Updating value ACTIVITY_DESCRIPTION_IN_SESSION
V/nofatclips(  245): Updating value ADDITIONAL_CRITERIAS
V/nofatclips(  245): Updating value ADDITIONAL_EVENTS
V/nofatclips(  245): Updating value ADDITIONAL_INPUTS
V/nofatclips(  245): Updating value CLASS_NAME
D/nofatclips(  245): Updated value of parameter CLASS_NAME to org.wordpress.android.Dashboard (default = app.package.class)
V/nofatclips(  245): Updating value ENABLE_RESUME
V/nofatclips(  245): Updating value PACKAGE_NAME
D/nofatclips(  245): Updated value of parameter PACKAGE_NAME to org.wordpress.android (default = app.package)
V/nofatclips(  245): Updating value RANDOM_SEED
D/nofatclips(  245): Updated value of parameter RANDOM_SEED to 6722011308949381650 (default = 5466516511651561651)
V/nofatclips(  245): Updating value RETRY_FAILED_TRACES
V/nofatclips(  245): Updating value theClass
D/nofatclips(  245): Updating node scheduler
D/nofatclips(  245): Loading node scheduler
V/nofatclips(  245): Updating value ALL_EVENTS_ON_PREFERENCES
V/nofatclips(  245): Updating value BACK_BUTTON_EVENT
V/nofatclips(  245): Updating value DICTIONARY_FIXED_VALUE
V/nofatclips(  245): Updating value DICTIONARY_IGNORE_CONTENT_TYPES
V/nofatclips(  245): Updating value EMULATOR_PORT
V/nofatclips(  245): Updating value EVENTS
D/nofatclips(  245): Updated values of array parameter EVENTS
V/nofatclips(  245): Updating value EVENT_WHEN_NO_ID
V/nofatclips(  245): Updating value EXCLUDE_WIDGETS_INPUTS_IN_GPS_EVENTS
V/nofatclips(  245): Updating value EXCLUDE_WIDGETS_INPUTS_IN_SENSORS_EVENTS
V/nofatclips(  245): Updating value INPUTS
D/nofatclips(  245): Updated values of array parameter INPUTS
V/nofatclips(  245): Updating value KEY_EVENTS
V/nofatclips(  245): Updating value MAX_EVENTS_PER_WIDGET
V/nofatclips(  245): Updating value MAX_TASKS_IN_SCHEDULER
D/nofatclips(  245): Updated value of parameter MAX_TASKS_IN_SCHEDULER to 2 (default = 0)
V/nofatclips(  245): Updating value MAX_TASKS_PER_EVENT
V/nofatclips(  245): Updating value MENU_EVENTS
V/nofatclips(  245): Updating value ORIENTATION_EVENTS
V/nofatclips(  245): Updating value PLANNER
V/nofatclips(  245): Updating value REFLECT_ACTIVITY_LISTENERS
V/nofatclips(  245): Updating value REFLECT_WIDGETS
V/nofatclips(  245): Updating value SCHEDULER_ALGORITHM
D/nofatclips(  245): Updated value of parameter SCHEDULER_ALGORITHM to DEPTH_FIRST (default = BREADTH_FIRST)
V/nofatclips(  245): Updating value SCROLL_DOWN_EVENT
V/nofatclips(  245): Updating value SENSOR_TYPES
V/nofatclips(  245): Updating value SIMULATE_INCOMING_CALL
V/nofatclips(  245): Updating value SIMULATE_INCOMING_SMS
V/nofatclips(  245): Updating value TAB_EVENTS_START_ONLY
V/nofatclips(  245): Updating value TEST_LOCATION_PROVIDER
V/nofatclips(  245): Updating value TEXT_VALUES_FROM_DICTIONARY
V/nofatclips(  245): Updating value TEXT_VALUES_ID_HASH
V/nofatclips(  245): Updating value USE_GPS
V/nofatclips(  245): Updating value USE_SENSORS
D/nofatclips(  245): Updating node planner
D/nofatclips(  245): Loading node planner
V/nofatclips(  245): Updating value ALL_EVENTS_ON_PREFERENCES
V/nofatclips(  245): Updating value BACK_BUTTON_EVENT
V/nofatclips(  245): Updating value DICTIONARY_FIXED_VALUE
V/nofatclips(  245): Updating value DICTIONARY_IGNORE_CONTENT_TYPES
V/nofatclips(  245): Updating value EMULATOR_PORT
V/nofatclips(  245): Updating value EVENTS
D/nofatclips(  245): Updated values of array parameter EVENTS
V/nofatclips(  245): Updating value EVENT_WHEN_NO_ID
V/nofatclips(  245): Updating value EXCLUDE_WIDGETS_INPUTS_IN_GPS_EVENTS
V/nofatclips(  245): Updating value EXCLUDE_WIDGETS_INPUTS_IN_SENSORS_EVENTS
V/nofatclips(  245): Updating value INPUTS
D/nofatclips(  245): Updated values of array parameter INPUTS
V/nofatclips(  245): Updating value KEY_EVENTS
V/nofatclips(  245): Updating value MAX_EVENTS_PER_WIDGET
V/nofatclips(  245): Updating value MAX_TASKS_IN_SCHEDULER
V/nofatclips(  245): Updating value MAX_TASKS_PER_EVENT
V/nofatclips(  245): Updating value MENU_EVENTS
V/nofatclips(  245): Updating value ORIENTATION_EVENTS
V/nofatclips(  245): Updating value PLANNER
V/nofatclips(  245): Updating value REFLECT_ACTIVITY_LISTENERS
V/nofatclips(  245): Updating value REFLECT_WIDGETS
V/nofatclips(  245): Updating value SCHEDULER_ALGORITHM
V/nofatclips(  245): Updating value SCROLL_DOWN_EVENT
V/nofatclips(  245): Updating value SENSOR_TYPES
V/nofatclips(  245): Updating value SIMULATE_INCOMING_CALL
V/nofatclips(  245): Updating value SIMULATE_INCOMING_SMS
V/nofatclips(  245): Updating value TAB_EVENTS_START_ONLY
V/nofatclips(  245): Updating value TEST_LOCATION_PROVIDER
V/nofatclips(  245): Updating value TEXT_VALUES_FROM_DICTIONARY
V/nofatclips(  245): Updating value TEXT_VALUES_ID_HASH
D/nofatclips(  245): Updated value of parameter TEXT_VALUES_ID_HASH to true (default = false)
V/nofatclips(  245): Updating value USE_GPS
V/nofatclips(  245): Updating value USE_SENSORS
D/nofatclips(  245): Updating node interactions
D/nofatclips(  245): Loading node interactions
V/nofatclips(  245): Updating value ALL_EVENTS_ON_PREFERENCES
V/nofatclips(  245): Updating value BACK_BUTTON_EVENT
V/nofatclips(  245): Updating value DICTIONARY_FIXED_VALUE
V/nofatclips(  245): Updating value DICTIONARY_IGNORE_CONTENT_TYPES
V/nofatclips(  245): Updating value EMULATOR_PORT
V/nofatclips(  245): Updating value EVENTS
D/nofatclips(  245): Updated values of array parameter EVENTS
V/nofatclips(  245): Updating value EVENT_WHEN_NO_ID
V/nofatclips(  245): Updating value EXCLUDE_WIDGETS_INPUTS_IN_GPS_EVENTS
V/nofatclips(  245): Updating value EXCLUDE_WIDGETS_INPUTS_IN_SENSORS_EVENTS
V/nofatclips(  245): Updating value INPUTS
D/nofatclips(  245): Updated values of array parameter INPUTS
V/nofatclips(  245): Updating value KEY_EVENTS
V/nofatclips(  245): Updating value MAX_EVENTS_PER_WIDGET
V/nofatclips(  245): Updating value MAX_TASKS_IN_SCHEDULER
V/nofatclips(  245): Updating value MAX_TASKS_PER_EVENT
V/nofatclips(  245): Updating value MENU_EVENTS
V/nofatclips(  245): Updating value ORIENTATION_EVENTS
V/nofatclips(  245): Updating value PLANNER
V/nofatclips(  245): Updating value REFLECT_ACTIVITY_LISTENERS
V/nofatclips(  245): Updating value REFLECT_WIDGETS
V/nofatclips(  245): Updating value SCHEDULER_ALGORITHM
V/nofatclips(  245): Updating value SCROLL_DOWN_EVENT
V/nofatclips(  245): Updating value SENSOR_TYPES
V/nofatclips(  245): Updating value SIMULATE_INCOMING_CALL
V/nofatclips(  245): Updating value SIMULATE_INCOMING_SMS
V/nofatclips(  245): Updating value TAB_EVENTS_START_ONLY
V/nofatclips(  245): Updating value TEST_LOCATION_PROVIDER
V/nofatclips(  245): Updating value TEXT_VALUES_FROM_DICTIONARY
V/nofatclips(  245): Updating value TEXT_VALUES_ID_HASH
V/nofatclips(  245): Updating value USE_GPS
V/nofatclips(  245): Updating value USE_SENSORS
D/nofatclips(  245): Updating node comparator
D/nofatclips(  245): Loading node comparator
V/nofatclips(  245): Updating value COMPARATOR
V/nofatclips(  245): Updating value COMPARATOR_TYPE
V/nofatclips(  245): Updating value COMPARE_ACTIVITY_NAME
V/nofatclips(  245): Updating value COMPARE_LIST_COUNT
V/nofatclips(  245): Updating value COMPARE_MENU_COUNT
D/nofatclips(  245): Updated value of parameter COMPARE_MENU_COUNT to false (default = true)
V/nofatclips(  245): Updating value COMPARE_STATE_TITLE
V/nofatclips(  245): Updating value COMPARE_VALUES
V/nofatclips(  245): Updating value WIDGET_TYPES
D/nofatclips(  245): Updating node strategy
D/nofatclips(  245): Loading node strategy
V/nofatclips(  245): Updating value AFTER_EVENT_DONT_EXPLORE
V/nofatclips(  245): Updating value AFTER_WIDGET_DONT_EXPLORE
V/nofatclips(  245): Updating value CHECK_FOR_TRANSITION
V/nofatclips(  245): Updating value EXPLORE_ONLY_NEW_STATES
D/nofatclips(  245): Updated value of parameter EXPLORE_ONLY_NEW_STATES to false (default = true)
V/nofatclips(  245): Updating value MAX_NUM_TRACES
D/nofatclips(  245): Updated value of parameter MAX_NUM_TRACES to 100 (default = 0)
V/nofatclips(  245): Updating value MAX_TIME_CRAWLING
V/nofatclips(  245): Updating value PAUSE_AFTER_TIME
V/nofatclips(  245): Updating value PAUSE_AFTER_TRACES
V/nofatclips(  245): Updating value TRACE_MAX_DEPTH
V/nofatclips(  245): Updating value TRACE_MIN_DEPTH
D/nofatclips(  245): Starting random testing
I/TestRunner(  245): started: testAndCrawl(com.nofatclips.crawler.guitree.NomadEngine)
I/ActivityManager(   61): Starting: Intent { act=android.intent.action.MAIN flg=0x10000000 cmp=org.wordpress.android/.Dashboard } from pid 245
D/szipinf (   61): Initializing inflate state
D/dalvikvm(  245): GC_EXTERNAL_ALLOC freed 400K, 53% free 2737K/5767K, external 716K/1038K, paused 47ms
I/Launcher(  140): setLoadOnResume
I/Launcher(  140): setLoadOnResume
D/dalvikvm(  245): GC_EXTERNAL_ALLOC freed 130K, 49% free 2949K/5767K, external 1407K/1623K, paused 39ms
I/ActivityManager(   61): Displayed org.wordpress.android/.Dashboard: +636ms (total +8s460ms)
I/ActivityManager(   61): Displayed com.android.launcher/com.android.launcher2.Launcher: +8s462ms
I/SurfaceFlinger(   61): Boot is finished (12357 ms)
D/OtaStartupReceiver(  132): Not a CDMA phone, no need to process OTA
D/PowerManagerService(   61): bootCompleted
I/ARMAssembler(   61): generated scanline__00000177:03010104_00000002_00000000 [ 44 ipp] (66 ins) at [0x46efd290:0x46efd398] in 566640 ns
I/ARMAssembler(   61): generated scanline__00000177:03515104_00000001_00000000 [ 73 ipp] (95 ins) at [0x46efd3a0:0x46efd51c] in 584173 ns
D/nofatclips(  245): Generated Resuming Persistence
D/VoldCmdListener(   29): volume mount /mnt/sdcard
I/Vold    (   29): /dev/block/vold/179:0 being considered for volume sdcard
D/Vold    (   29): Volume sdcard state changing 1 (Idle-Unmounted) -> 3 (Checking)
I/StorageNotification(  134): Media {/mnt/sdcard} state changed from {unmounted} -> {checking}
I/dalvikvm(  245): Could not find method android.app.Activity.getFragmentManager, referenced from method com.jayway.android.robotium.solo.Waiter.getFragment
W/dalvikvm(  245): VFY: unable to resolve virtual method 7: Landroid/app/Activity;.getFragmentManager ()Landroid/app/FragmentManager;
D/dalvikvm(  245): VFY: replacing opcode 0x6e at 0x0008
I/dalvikvm(  245): Could not find method android.app.Activity.getFragmentManager, referenced from method com.jayway.android.robotium.solo.Waiter.getFragment
W/dalvikvm(  245): VFY: unable to resolve virtual method 7: Landroid/app/Activity;.getFragmentManager ()Landroid/app/FragmentManager;
D/dalvikvm(  245): VFY: replacing opcode 0x6e at 0x0017
W/dalvikvm(  245): VFY: unable to find class referenced in signature (Landroid/app/Fragment;)
D/dalvikvm(  245): VFY: dead code 0x000b-000f in Lcom/jayway/android/robotium/solo/Waiter;.getFragment (Ljava/lang/String;I)Landroid/app/Fragment;
D/dalvikvm(  245): VFY: dead code 0x001a-001f in Lcom/jayway/android/robotium/solo/Waiter;.getFragment (Ljava/lang/String;I)Landroid/app/Fragment;
W/dalvikvm(  245): VFY: unable to find class referenced in signature (Landroid/app/Fragment;)
I/RecoverySystem(   61): No recovery log file
I/ActivityManager(   61): Start proc com.android.mms for broadcast com.android.mms/.transaction.MmsSystemEventReceiver: pid=276 uid=10015 gids={3003, 1015}
D/dalvikvm(   61): GC_CONCURRENT freed 831K, 46% free 4160K/7623K, external 1865K/3065K, paused 4ms+3ms
D/dalvikvm(   61): GC_EXPLICIT freed 15K, 46% free 4145K/7623K, external 1865K/3065K, paused 58ms
I/ActivityThread(  276): Pub com.android.mms.SuggestionsProvider: com.android.mms.SuggestionsProvider
D/nofatclips(  245): Updating node automation
D/nofatclips(  245): Loading node automation
V/nofatclips(  245): Updating value FORCE_RESTART
V/nofatclips(  245): Updating value IN_AND_OUT_FOCUS
V/nofatclips(  245): Updating value PRECRAWLING
V/nofatclips(  245): Updating value SCREENSHOT_FOR_EVENTS
V/nofatclips(  245): Updating value SCREENSHOT_FOR_STATES
V/nofatclips(  245): Updating value SCREENSHOT_ONLY_NEW_STATES
V/nofatclips(  245): Updating value SLEEP_AFTER_EVENT
D/nofatclips(  245): Updated value of parameter SLEEP_AFTER_EVENT to 100 (default = 1000)
V/nofatclips(  245): Updating value SLEEP_AFTER_RESTART
D/nofatclips(  245): Updated value of parameter SLEEP_AFTER_RESTART to 100 (default = 1000)
V/nofatclips(  245): Updating value SLEEP_AFTER_TASK
D/nofatclips(  245): Updated value of parameter SLEEP_AFTER_TASK to 100 (default = 1000)
V/nofatclips(  245): Updating value SLEEP_ON_THROBBER
D/nofatclips(  245): Updated value of parameter SLEEP_ON_THROBBER to 100 (default = 1000)
D/nofatclips(  245): Updating node screenshot
D/nofatclips(  245): Loading node screenshot
V/nofatclips(  245): Updating value FORCE_RESTART
V/nofatclips(  245): Updating value IN_AND_OUT_FOCUS
V/nofatclips(  245): Updating value PRECRAWLING
V/nofatclips(  245): Updating value SCREENSHOT_FOR_EVENTS
V/nofatclips(  245): Updating value SCREENSHOT_FOR_STATES
V/nofatclips(  245): Updating value SCREENSHOT_ONLY_NEW_STATES
V/nofatclips(  245): Updating value SLEEP_AFTER_EVENT
V/nofatclips(  245): Updating value SLEEP_AFTER_RESTART
V/nofatclips(  245): Updating value SLEEP_AFTER_TASK
V/nofatclips(  245): Updating value SLEEP_ON_THROBBER
I/nofatclips(  245): Waiting for 100 msec.
D/nofatclips(  245): Ready to operate after restarting...
I/nofatclips(  245): Current activity is Dashboard
W/nofatclips(  245): --->Dashboard
I/nofatclips(  245): Retrieving widgets
I/nofatclips(  245): Attempting to resume previous session
I/nofatclips(  245): Memoryless engine: the task file will not be loaded. Looking for crashed traces.
I/nofatclips(  245): Reading task file
V/nofatclips(  245): Discarding trace #82
I/nofatclips(  245): Stateless comparator: the state file will not be loaded.
D/dalvikvm(  245): GetFieldID: unable to find field Ljava/util/Hashtable;.loadFactor:F
D/dalvikvm(  245): GetFieldID: unable to find field Ljava/util/Hashtable;.loadFactor:F
W/ActivityManager(   61): Activity idle timeout for HistoryRecord{4058edc8 com.android.launcher/com.android.launcher2.Launcher}
D/dalvikvm(  245): GC_CONCURRENT freed 150K, 48% free 3074K/5831K, external 1812K/2324K, paused 2ms+97ms
D/dalvikvm(  245): GetFieldID: unable to find field Ljava/util/Hashtable;.loadFactor:F
D/dalvikvm(  245): GetFieldID: unable to find field Ljava/util/Hashtable;.loadFactor:F
D/dalvikvm(  245): GetFieldID: unable to find field Ljava/util/Hashtable;.loadFactor:F
D/dalvikvm(  245): GetFieldID: unable to find field Ljava/util/Hashtable;.loadFactor:F
D/nofatclips(  245): Backup session footer restored to 
D/nofatclips(  245): </SESSION>
D/nofatclips(  245): Restored random counter to: 84
D/nofatclips(  245): Restored trace count to 84
D/nofatclips(  245): Current step countdown restored to 94
D/nofatclips(  245): Restored abstractor counters to: event = 84 - input = 32 - activity = 7
I/nofatclips(  245): Saving the session on disk.
I/ActivityManager(   61): Start proc com.android.email for broadcast com.android.email/.service.EmailBroadcastReceiver: pid=298 uid=10028 gids={3003, 1015}
I/nofatclips(  245): Planning for new Activity Dashboard
I/nofatclips(  245): Created trace to press the menu button
I/nofatclips(  245): Created trace to change orientation
I/nofatclips(  245): Dispatching new task. 2 more tasks remaining.
D/nofatclips(  245): Performing backup of the old task list on disk
D/nofatclips(  245): Saving task list on disk
V/nofatclips(  245): Backing up trace #84 to disk.
V/nofatclips(  245): Backing up trace #85 to disk.
D/nofatclips(  245): Deleting backup of the old task list from disk
I/nofatclips(  245): Restarting
I/InputReader(   61): Device reconfigured: id=0x0, name=qwerty2, display size is now 320x480
I/InputManager-Callbacks(   61): No virtual keys found for device qwerty2.
I/ARMAssembler(   61): generated scanline__00000077:03515104_00001004_00000000 [ 65 ipp] (85 ins) at [0x46efd520:0x46efd674] in 489234 ns
I/ARMAssembler(   61): generated scanline__00000177:03515104_00001001_00000000 [ 91 ipp] (114 ins) at [0x46efd678:0x46efd840] in 325443 ns
I/nofatclips(  245): Waiting for 100 msec.
I/ActivityThread(  298): Pub com.android.email.provider: com.android.email.provider.EmailProvider
D/nofatclips(  245): Ready to operate after restarting...
I/nofatclips(  245): Retrieving widgets
D/nofatclips(  245): Found widget: id=16908290 (android.widget.FrameLayout@405a0a38)
D/nofatclips(  245): Found widget: id=2131165248 (android.widget.RelativeLayout@405a1738)
D/nofatclips(  245): Found widget: id=2131165249 (android.widget.LinearLayout@405a1da0)
D/nofatclips(  245): Found widget: id=-1 (android.widget.ImageView@405a22e8)
D/nofatclips(  245): Found widget: id=2131165250 (org.wordpress.android.util.WPTitleBar@4059bcc0)
D/nofatclips(  245): Found widget: id=2131165195 (android.widget.RelativeLayout@4050e260)
D/nofatclips(  245): Found widget: id=2131165196 (android.widget.RelativeLayout@40568510)
D/nofatclips(  245): Found widget: id=2131165197 (android.widget.ImageView@4059cf58)
I/ActivityThread(  298): Pub com.android.email.attachmentprovider: com.android.email.provider.AttachmentProvider
I/ActivityThread(  298): Pub com.android.exchange.provider: com.android.exchange.provider.ExchangeProvider
D/nofatclips(  245): Found widget: id=2131165198 (android.widget.TextView@40541880): Katie's Sweet Testing Blog
D/nofatclips(  245): Found widget: id=2131165199 (android.widget.ImageView@4055d110)
D/nofatclips(  245): Found widget: id=-1 (android.widget.RelativeLayout@40579478)
D/nofatclips(  245): Found widget: id=2131165200 (android.widget.ImageButton@4059d480)
D/nofatclips(  245): Found widget: id=-1 (android.widget.FrameLayout@4057aa08)
D/nofatclips(  245): Found widget: id=2131165201 (android.widget.Button@40542248): 
D/nofatclips(  245): Found widget: id=2131165202 (android.widget.ImageView@405938b8)
D/nofatclips(  245): Found widget: id=2131165203 (android.widget.ImageView@4053ca40)
D/nofatclips(  245): Found widget: id=2131165204 (android.widget.LinearLayout@40569118)
D/nofatclips(  245): Found widget: id=-1 (android.widget.FrameLayout@4059ccf0)
D/nofatclips(  245): Found widget: id=-1 (android.widget.LinearLayout@4052fbe8)
D/nofatclips(  245): Found widget: id=-1 (android.widget.LinearLayout@4050e070)
D/nofatclips(  245): Found widget: id=-1 (android.widget.LinearLayout@4052f208)
D/nofatclips(  245): Found widget: id=2131165251 (android.widget.LinearLayout@4052f8c0)
D/nofatclips(  245): Found widget: id=-1 (android.widget.ImageView@40590360)
D/nofatclips(  245): Found widget: id=2131165256 (android.widget.TextView@4056ae10): New Post
D/nofatclips(  245): Found widget: id=2131165253 (android.widget.LinearLayout@4059bef8)
D/nofatclips(  245): Found widget: id=-1 (android.widget.ImageView@40530c28)
D/nofatclips(  245): Found widget: id=2131165256 (android.widget.TextView@4056b748): New Page
D/nofatclips(  245): Found widget: id=-1 (android.widget.LinearLayout@40532ee0)
D/nofatclips(  245): Found widget: id=2131165252 (android.widget.LinearLayout@405308d0)
D/nofatclips(  245): Found widget: id=-1 (android.widget.ImageView@40538958)
D/nofatclips(  245): Found widget: id=2131165256 (android.widget.TextView@40577940): Quick Photo
D/nofatclips(  245): Found widget: id=2131165254 (android.widget.LinearLayout@40547450)
D/nofatclips(  245): Found widget: id=-1 (android.widget.ImageView@405317c8)
D/nofatclips(  245): Found widget: id=2131165256 (android.widget.TextView@405781b0): Quick Video
D/nofatclips(  245): Found widget: id=-1 (android.widget.LinearLayout@4052e678)
D/nofatclips(  245): Found widget: id=-1 (android.widget.LinearLayout@40533e98)
D/nofatclips(  245): Found widget: id=2131165255 (android.widget.LinearLayout@40535160)
D/nofatclips(  245): Found widget: id=-1 (android.widget.ImageView@405404b0)
D/nofatclips(  245): Found widget: id=2131165256 (android.widget.TextView@40578838): Posts
D/nofatclips(  245): Found widget: id=2131165257 (android.widget.LinearLayout@40545bc8)
D/nofatclips(  245): Found widget: id=-1 (android.widget.ImageView@40568828)
D/nofatclips(  245): Found widget: id=2131165256 (android.widget.TextView@40537490): Pages
D/nofatclips(  245): Found widget: id=-1 (android.widget.FrameLayout@405344a0)
D/nofatclips(  245): Found widget: id=2131165258 (android.widget.LinearLayout@40540188)
D/nofatclips(  245): Found widget: id=-1 (android.widget.ImageView@40536ba0)
D/nofatclips(  245): Found widget: id=2131165256 (android.widget.TextView@40539440): Comments
D/nofatclips(  245): Found widget: id=2131165259 (android.widget.FrameLayout@40544678)
D/nofatclips(  245): Found widget: id=2131165260 (android.widget.ImageView@40546198)
D/nofatclips(  245): Found widget: id=2131165261 (org.wordpress.android.util.CommentBadgeTextView@4053a458): 0
D/nofatclips(  245): Found widget: id=-1 (android.widget.LinearLayout@40539218)
D/nofatclips(  245): Found widget: id=2131165262 (android.widget.LinearLayout@40540830)
D/nofatclips(  245): Found widget: id=-1 (android.widget.ImageView@40541138)
D/nofatclips(  245): Found widget: id=2131165256 (android.widget.TextView@40540a78): Settings
D/nofatclips(  245): Found widget: id=2131165263 (android.widget.LinearLayout@405440d0)
D/nofatclips(  245): Found widget: id=-1 (android.widget.ImageView@40560028)
D/nofatclips(  245): Found widget: id=2131165256 (android.widget.TextView@40542db8): Read
D/nofatclips(  245): Found widget: id=2131165264 (android.widget.LinearLayout@40561710)
D/nofatclips(  245): Found widget: id=-1 (android.widget.ImageView@40563fc8)
D/nofatclips(  245): Found widget: id=2131165256 (android.widget.TextView@4054fb10): Stats
D/nofatclips(  245): Found widget: id=-1 (com.android.internal.policy.impl.PhoneWindow$DecorView@405a0138)
I/nofatclips(  245): Playing Trace 85
I/nofatclips(  245): Retrieved from return list id=16908290
D/nofatclips(  245): Testing for type (android.widget.FrameLayout) against the original (null)
I/nofatclips(  245): Firing event: type= openMenu name= widget=null
D/EAS SyncManager(  298): !!! EAS SyncManager, onCreate
D/dalvikvm(  245): GC_CONCURRENT freed 724K, 52% free 3141K/6471K, external 1812K/2324K, paused 3ms+26ms
I/SearchManagerService(   61): Building list of searchable activities
I//system/bin/fsck_msdos(   29): ** /dev/block/vold/179:0
I//system/bin/fsck_msdos(   29): ** Phase 1 - Read and Compare FATs
I//system/bin/fsck_msdos(   29): Attempting to allocate 998 KB for FAT
D/MediaScannerService(  248): start scanning volume internal
D/dalvikvm(  276): GC_CONCURRENT freed 493K, 54% free 2727K/5831K, external 716K/1038K, paused 2ms+3ms
D/dalvikvm(  298): GC_CONCURRENT freed 535K, 54% free 2700K/5831K, external 716K/1038K, paused 4ms+22ms
D/Eas Debug(  298): Logging: 
D/EAS SyncManager(  298): !!! EAS SyncManager, onDestroy
W/KeyCharacterMap(  245): No keyboard for id 0
W/KeyCharacterMap(  245): Using default keymap: /system/usr/keychars/qwerty.kcm.bin
D/Email   (  298): BOOT_COMPLETED
I//system/bin/fsck_msdos(   29): Attempting to allocate 998 KB for FAT
D/EAS SyncManager(  298): !!! EAS SyncManager, onCreate
D/EAS SyncManager(  298): !!! EAS SyncManager, onStartCommand
D/EAS SyncManager(  298): !!! EAS SyncManager, stopping self
D/EAS SyncManager(  298): !!! EAS SyncManager, onDestroy
I//system/bin/fsck_msdos(   29): ** Phase 2 - Check Cluster Chains
I/Launcher(  140): setLoadOnResume
I//system/bin/fsck_msdos(   29): ** Phase 3 - Checking Directories
D/dalvikvm(  132): GREF has increased to 201
I//system/bin/fsck_msdos(   29): ** Phase 4 - Checking for Lost Files
I//system/bin/fsck_msdos(   29): 3 files, 509980 free (254990 clusters)
I/Vold    (   29): Filesystem check completed OK
I/Vold    (   29): Device /dev/block/vold/179:0, target /mnt/sdcard mounted @ /mnt/secure/staging
D/Vold    (   29): Volume sdcard state changing 3 (Checking) -> 4 (Mounted)
I/PackageManager(   61): Updating external media status from unmounted to mounted
I/StorageNotification(  134): Media {/mnt/sdcard} state changed from {checking} -> {mounted}
D/VoldCmdListener(   29): asec list
I/PackageManager(   61): No secure containers on sdcard
W/PackageManager(   61): Unknown permission com.google.android.googleapps.permission.GOOGLE_AUTH.mail in package com.android.contacts
W/PackageManager(   61): Unknown permission android.permission.ADD_SYSTEM_SERVICE in package com.android.phone
I/Launcher(  140): setLoadOnResume
W/PackageManager(   61): Not granting permission android.permission.SEND_DOWNLOAD_COMPLETED_INTENTS to package com.android.browser (protectionLevel=2 flags=0x9be45)
W/PackageManager(   61): Unknown permission com.google.android.gm.permission.WRITE_GMAIL in package com.android.settings
W/PackageManager(   61): Unknown permission com.google.android.gm.permission.READ_GMAIL in package com.android.settings
W/PackageManager(   61): Unknown permission com.google.android.googleapps.permission.GOOGLE_AUTH in package com.android.settings
W/PackageManager(   61): Unknown permission com.google.android.googleapps.permission.GOOGLE_AUTH in package com.android.providers.contacts
W/PackageManager(   61): Unknown permission com.google.android.googleapps.permission.GOOGLE_AUTH.cp in package com.android.providers.contacts
W/PackageManager(   61): Unknown permission com.google.android.googleapps.permission.ACCESS_GOOGLE_PASSWORD in package com.android.development
W/PackageManager(   61): Unknown permission com.google.android.googleapps.permission.GOOGLE_AUTH in package com.android.development
W/PackageManager(   61): Unknown permission com.google.android.googleapps.permission.GOOGLE_AUTH.ALL_SERVICES in package com.android.development
W/PackageManager(   61): Unknown permission com.google.android.googleapps.permission.GOOGLE_AUTH.YouTubeUser in package com.android.development
W/PackageManager(   61): Unknown permission android.permission.READ_OWNER_DATA in package com.android.email
W/PackageManager(   61): Not granting permission android.permission.DEVICE_POWER to package com.android.deskclock (protectionLevel=2 flags=0x8be45)
W/ImageDownloader(  245): Error 404 while retrieving bitmap from http://gravatar.com/blavatar/44d338f29053dbb888da79dcf98df489?s=60&d=404
D/MediaScanner(  248):  prescan time: 757ms
D/MediaScanner(  248):     scan time: 79ms
D/dalvikvm(  248): GC_CONCURRENT freed 523K, 55% free 2646K/5767K, external 716K/1038K, paused 3ms+3ms
D/MediaScanner(  248): postscan time: 0ms
D/MediaScanner(  248):    total time: 836ms
D/szipinf (  183): Initializing inflate state
D/dalvikvm(  183): GC_CONCURRENT freed 243K, 51% free 2799K/5703K, external 716K/1038K, paused 2ms+3ms
D/MediaScannerService(  248): done scanning volume internal
D/MediaScannerService(  248): start scanning volume external
I/nofatclips(  245): Waiting for 100 msec.
I/nofatclips(  245): Current activity is Dashboard
I/nofatclips(  245): Retrieving widgets
D/nofatclips(  245): Found widget: id=16908726 (com.android.internal.view.menu.IconMenuView@405adcb8)
D/nofatclips(  245): Found widget: id=16908310 (com.android.internal.view.menu.IconMenuItemView@405aa360): Add Account
D/nofatclips(  245): Found widget: id=16908310 (com.android.internal.view.menu.IconMenuItemView@405ff450): Preferences
D/nofatclips(  245): Found widget: id=16908310 (com.android.internal.view.menu.IconMenuItemView@405a99b8): Remove Blog
D/nofatclips(  245): Found widget: id=16908310 (com.android.internal.view.menu.IconMenuItemView@405eae18): About
D/nofatclips(  245): Found widget: id=-1 (com.android.internal.policy.impl.PhoneWindow$DecorView@40647220)
V/ReflectionHelper(  245): com.android.internal.view.menu.IconMenuView > mOnFocusChangeListener FOUND | NOT ACTIVE
V/nicola  (  245): TextualID : null
V/nicola  (  245): ContentType detected : default
V/nicola  (  245): TextualID : null
V/nicola  (  245): ContentType detected : default
V/nicola  (  245): TextualID : null
V/nicola  (  245): ContentType detected : default
V/nicola  (  245): TextualID : null
V/nicola  (  245): ContentType detected : default
I/nofatclips(  245): Performing comparation for activity Dashboard
I/nofatclips(  245): Registering activity Dashboard (id: a8) as a new found state
D/nofatclips(  245): Performing backup of the old activity list on disk
D/nofatclips(  245): Saving new found state 'a8' on disk
V/nofatclips(  245): Opening state file in append mode.
I/nofatclips(  245): Saved image on disk: a8.jpg
I/nofatclips(  245): Waiting for 100 msec.
V/MediaProvider(  248): /mnt/sdcard volume ID: 417277468
I/nofatclips(  245): Session count is 1. Will dump to disk at 1
I/nofatclips(  245): Saving the session on disk.
I/nofatclips(  245): Planning for new Activity Dashboard
D/nofatclips(  245): Handling event 'click' on widget id=16908310 type=menuItem name=Add Account
D/nofatclips(  245): Handling event 'click' on widget id=16908310 type=menuItem name=Preferences
D/nofatclips(  245): Handling event 'click' on widget id=16908310 type=menuItem name=Remove Blog
D/nofatclips(  245): Handling event 'click' on widget id=16908310 type=menuItem name=About
D/dalvikvm(  140): GC_EXTERNAL_ALLOC freed 149K, 49% free 2990K/5767K, external 2617K/2620K, paused 343ms
D/dalvikvm(  245): GC_CONCURRENT freed 680K, 51% free 3257K/6599K, external 2188K/2324K, paused 3ms+5ms
I/dalvikvm(  245): Jit: resizing JitTable from 512 to 1024
I/nofatclips(  245): Created trace to press the back button
I/nofatclips(  245): Created trace to press the menu button
I/nofatclips(  245): Created trace to change orientation
I/nofatclips(  245): Check for termination: 93 steps left of 100
I/nofatclips(  245): Dispatching new task. 2 more tasks remaining.
D/nofatclips(  245): Performing backup of the old task list on disk
D/nofatclips(  245): Saving task list on disk
V/nofatclips(  245): Backing up trace #90 to disk.
V/nofatclips(  245): Backing up trace #91 to disk.
D/nofatclips(  245): Deleting backup of the old task list from disk
D/nofatclips(  245): Deleting backup of the old activity list from disk
I/nofatclips(  245): Incrementally Playing Trace 91
I/nofatclips(  245): Retrieved from return list id=16908726
D/nofatclips(  245): Testing for type (com.android.internal.view.menu.IconMenuView) against the original (null)
I/nofatclips(  245): Firing event: type= openMenu name= widget=null
I/Launcher(  140): setLoadOnResume
I/dalvikvm(   61): Jit: resizing JitTable from 512 to 1024
V/MediaProvider(  248): Attached volume: external
V/MediaScanner(  248): pruneDeadThumbnailFiles... android.database.sqlite.SQLiteCursor@405a1d30
V/MediaScanner(  248): /pruneDeadThumbnailFiles... android.database.sqlite.SQLiteCursor@405a1d30
D/MediaScanner(  248):  prescan time: 45ms
D/MediaScanner(  248):     scan time: 0ms
D/MediaScanner(  248): postscan time: 13ms
D/MediaScanner(  248):    total time: 58ms
D/MediaScannerService(  248): done scanning volume external
D/szipinf (  140): Initializing inflate state
D/dalvikvm(  140): GC_EXPLICIT freed 223K, 50% free 2925K/5767K, external 2235K/2294K, paused 35ms
W/InputManagerService(   61): Window already focused, ignoring focus gain of: com.android.internal.view.IInputMethodClient$Stub$Proxy@4075f498
I/nofatclips(  245): Waiting for 100 msec.
I/nofatclips(  245): Current activity is Dashboard
I/nofatclips(  245): Retrieving widgets
D/nofatclips(  245): Found widget: id=16908290 (android.widget.FrameLayout@405a0a38)
D/nofatclips(  245): Found widget: id=2131165248 (android.widget.RelativeLayout@405a1738)
D/nofatclips(  245): Found widget: id=2131165249 (android.widget.LinearLayout@405a1da0)
D/nofatclips(  245): Found widget: id=-1 (android.widget.ImageView@405a22e8)
D/nofatclips(  245): Found widget: id=2131165250 (org.wordpress.android.util.WPTitleBar@4059bcc0)
D/nofatclips(  245): Found widget: id=2131165195 (android.widget.RelativeLayout@4050e260)
D/nofatclips(  245): Found widget: id=2131165196 (android.widget.RelativeLayout@40568510)
D/nofatclips(  245): Found widget: id=2131165197 (android.widget.ImageView@4059cf58)
D/nofatclips(  245): Found widget: id=2131165198 (android.widget.TextView@40541880): Katie's Sweet Testing Blog
D/nofatclips(  245): Found widget: id=2131165199 (android.widget.ImageView@4055d110)
D/nofatclips(  245): Found widget: id=-1 (android.widget.RelativeLayout@40579478)
D/nofatclips(  245): Found widget: id=2131165200 (android.widget.ImageButton@4059d480)
D/nofatclips(  245): Found widget: id=-1 (android.widget.FrameLayout@4057aa08)
D/nofatclips(  245): Found widget: id=2131165201 (android.widget.Button@40542248): 
D/nofatclips(  245): Found widget: id=2131165202 (android.widget.ImageView@405938b8)
D/nofatclips(  245): Found widget: id=2131165203 (android.widget.ImageView@4053ca40)
D/nofatclips(  245): Found widget: id=2131165204 (android.widget.LinearLayout@40569118)
D/nofatclips(  245): Found widget: id=-1 (android.widget.FrameLayout@4059ccf0)
D/nofatclips(  245): Found widget: id=-1 (android.widget.LinearLayout@4052fbe8)
D/nofatclips(  245): Found widget: id=-1 (android.widget.LinearLayout@4050e070)
D/nofatclips(  245): Found widget: id=-1 (android.widget.LinearLayout@4052f208)
D/nofatclips(  245): Found widget: id=2131165251 (android.widget.LinearLayout@4052f8c0)
D/nofatclips(  245): Found widget: id=-1 (android.widget.ImageView@40590360)
D/nofatclips(  245): Found widget: id=2131165256 (android.widget.TextView@4056ae10): New Post
D/nofatclips(  245): Found widget: id=2131165253 (android.widget.LinearLayout@4059bef8)
D/nofatclips(  245): Found widget: id=-1 (android.widget.ImageView@40530c28)
D/nofatclips(  245): Found widget: id=2131165256 (android.widget.TextView@4056b748): New Page
D/nofatclips(  245): Found widget: id=-1 (android.widget.LinearLayout@40532ee0)
D/nofatclips(  245): Found widget: id=2131165252 (android.widget.LinearLayout@405308d0)
D/nofatclips(  245): Found widget: id=-1 (android.widget.ImageView@40538958)
D/nofatclips(  245): Found widget: id=2131165256 (android.widget.TextView@40577940): Quick Photo
D/nofatclips(  245): Found widget: id=2131165254 (android.widget.LinearLayout@40547450)
D/nofatclips(  245): Found widget: id=-1 (android.widget.ImageView@405317c8)
D/nofatclips(  245): Found widget: id=2131165256 (android.widget.TextView@405781b0): Quick Video
D/nofatclips(  245): Found widget: id=-1 (android.widget.LinearLayout@4052e678)
D/nofatclips(  245): Found widget: id=-1 (android.widget.LinearLayout@40533e98)
D/nofatclips(  245): Found widget: id=2131165255 (android.widget.LinearLayout@40535160)
D/nofatclips(  245): Found widget: id=-1 (android.widget.ImageView@405404b0)
D/nofatclips(  245): Found widget: id=2131165256 (android.widget.TextView@40578838): Posts
D/nofatclips(  245): Found widget: id=2131165257 (android.widget.LinearLayout@40545bc8)
D/nofatclips(  245): Found widget: id=-1 (android.widget.ImageView@40568828)
D/nofatclips(  245): Found widget: id=2131165256 (android.widget.TextView@40537490): Pages
D/nofatclips(  245): Found widget: id=-1 (android.widget.FrameLayout@405344a0)
D/nofatclips(  245): Found widget: id=2131165258 (android.widget.LinearLayout@40540188)
D/nofatclips(  245): Found widget: id=-1 (android.widget.ImageView@40536ba0)
D/nofatclips(  245): Found widget: id=2131165256 (android.widget.TextView@40539440): Comments
D/nofatclips(  245): Found widget: id=2131165259 (android.widget.FrameLayout@40544678)
D/nofatclips(  245): Found widget: id=2131165260 (android.widget.ImageView@40546198)
D/nofatclips(  245): Found widget: id=2131165261 (org.wordpress.android.util.CommentBadgeTextView@4053a458): 0
D/nofatclips(  245): Found widget: id=-1 (android.widget.LinearLayout@40539218)
D/nofatclips(  245): Found widget: id=2131165262 (android.widget.LinearLayout@40540830)
D/nofatclips(  245): Found widget: id=-1 (android.widget.ImageView@40541138)
D/nofatclips(  245): Found widget: id=2131165256 (android.widget.TextView@40540a78): Settings
D/nofatclips(  245): Found widget: id=2131165263 (android.widget.LinearLayout@405440d0)
D/nofatclips(  245): Found widget: id=-1 (android.widget.ImageView@40560028)
D/nofatclips(  245): Found widget: id=2131165256 (android.widget.TextView@40542db8): Read
D/nofatclips(  245): Found widget: id=2131165264 (android.widget.LinearLayout@40561710)
D/nofatclips(  245): Found widget: id=-1 (android.widget.ImageView@40563fc8)
D/nofatclips(  245): Found widget: id=2131165256 (android.widget.TextView@4054fb10): Stats
D/nofatclips(  245): Found widget: id=-1 (com.android.internal.policy.impl.PhoneWindow$DecorView@405a0138)
V/nicola  (  245): TextualID : blog_title
V/nicola  (  245): ContentType detected : default
V/nicola  (  245): TextualID : action_refresh
V/nicola  (  245): ContentType detected : default
V/nicola  (  245): TextualID : button_text
V/nicola  (  245): ContentType detected : default
V/nicola  (  245): TextualID : button_text
V/nicola  (  245): ContentType detected : default
