W/dalvikvm(  302): VFY: unable to resolve virtual method 7: Landroid/app/Activity;.getFragmentManager ()Landroid/app/FragmentManager;
D/dalvikvm(  302): VFY: replacing opcode 0x6e at 0x0008
I/dalvikvm(  302): Could not find method android.app.Activity.getFragmentManager, referenced from method com.jayway.android.robotium.solo.Waiter.getFragment
W/dalvikvm(  302): VFY: unable to resolve virtual method 7: Landroid/app/Activity;.getFragmentManager ()Landroid/app/FragmentManager;
D/dalvikvm(  302): VFY: replacing opcode 0x6e at 0x0017
W/dalvikvm(  302): VFY: unable to find class referenced in signature (Landroid/app/Fragment;)
D/dalvikvm(  302): VFY: dead code 0x000b-000f in Lcom/jayway/android/robotium/solo/Waiter;.getFragment (Ljava/lang/String;I)Landroid/app/Fragment;
D/dalvikvm(  302): VFY: dead code 0x001a-001f in Lcom/jayway/android/robotium/solo/Waiter;.getFragment (Ljava/lang/String;I)Landroid/app/Fragment;
W/dalvikvm(  302): VFY: unable to find class referenced in signature (Landroid/app/Fragment;)
I//system/bin/fsck_msdos(   29): ** Phase 3 - Checking Directories
I//system/bin/fsck_msdos(   29): ** Phase 4 - Checking for Lost Files
I//system/bin/fsck_msdos(   29): Next free cluster in FSInfo block (5) not free
I//system/bin/fsck_msdos(   29): FIXED
I//system/bin/fsck_msdos(   29): 3 files, 509980 free (254990 clusters)
I/Vold    (   29): Filesystem check completed OK
I/Vold    (   29): Device /dev/block/vold/179:0, target /mnt/sdcard mounted @ /mnt/secure/staging
D/Vold    (   29): Volume sdcard state changing 3 (Checking) -> 4 (Mounted)
I/PackageManager(   61): Updating external media status from unmounted to mounted
I/StorageNotification(  132): Media {/mnt/sdcard} state changed from {checking} -> {mounted}
D/VoldCmdListener(   29): asec list
I/PackageManager(   61): No secure containers on sdcard
W/PackageManager(   61): Unknown permission com.google.android.googleapps.permission.GOOGLE_AUTH.mail in package com.android.contacts
W/PackageManager(   61): Unknown permission android.permission.ADD_SYSTEM_SERVICE in package com.android.phone
W/PackageManager(   61): Not granting permission android.permission.SEND_DOWNLOAD_COMPLETED_INTENTS to package com.android.browser (protectionLevel=2 flags=0x9be45)
W/PackageManager(   61): Unknown permission com.google.android.gm.permission.WRITE_GMAIL in package com.android.settings
W/PackageManager(   61): Unknown permission com.google.android.gm.permission.READ_GMAIL in package com.android.settings
W/PackageManager(   61): Unknown permission com.google.android.googleapps.permission.GOOGLE_AUTH in package com.android.settings
W/PackageManager(   61): Unknown permission com.google.android.googleapps.permission.GOOGLE_AUTH in package com.android.providers.contacts
W/PackageManager(   61): Unknown permission com.google.android.googleapps.permission.GOOGLE_AUTH.cp in package com.android.providers.contacts
W/PackageManager(   61): Unknown permission com.google.android.googleapps.permission.ACCESS_GOOGLE_PASSWORD in package com.android.development
W/PackageManager(   61): Unknown permission com.google.android.googleapps.permission.GOOGLE_AUTH in package com.android.development
W/PackageManager(   61): Unknown permission com.google.android.googleapps.permission.GOOGLE_AUTH.ALL_SERVICES in package com.android.development
W/PackageManager(   61): Unknown permission com.google.android.googleapps.permission.GOOGLE_AUTH.YouTubeUser in package com.android.development
W/PackageManager(   61): Unknown permission android.permission.READ_OWNER_DATA in package com.android.email
W/PackageManager(   61): Not granting permission android.permission.DEVICE_POWER to package com.android.deskclock (protectionLevel=2 flags=0x8be45)
W/ImageDownloader(  302): Error 404 while retrieving bitmap from http://gravatar.com/blavatar/44d338f29053dbb888da79dcf98df489?s=60&d=404
D/nofatclips(  302): Updating node automation
D/nofatclips(  302): Loading node automation
V/nofatclips(  302): Updating value FORCE_RESTART
V/nofatclips(  302): Updating value IN_AND_OUT_FOCUS
V/nofatclips(  302): Updating value PRECRAWLING
V/nofatclips(  302): Updating value SCREENSHOT_FOR_EVENTS
V/nofatclips(  302): Updating value SCREENSHOT_FOR_STATES
V/nofatclips(  302): Updating value SCREENSHOT_ONLY_NEW_STATES
V/nofatclips(  302): Updating value SLEEP_AFTER_EVENT
D/nofatclips(  302): Updated value of parameter SLEEP_AFTER_EVENT to 100 (default = 1000)
V/nofatclips(  302): Updating value SLEEP_AFTER_RESTART
D/nofatclips(  302): Updated value of parameter SLEEP_AFTER_RESTART to 100 (default = 1000)
V/nofatclips(  302): Updating value SLEEP_AFTER_TASK
D/nofatclips(  302): Updated value of parameter SLEEP_AFTER_TASK to 100 (default = 1000)
V/nofatclips(  302): Updating value SLEEP_ON_THROBBER
D/nofatclips(  302): Updated value of parameter SLEEP_ON_THROBBER to 100 (default = 1000)
D/nofatclips(  302): Updating node screenshot
D/nofatclips(  302): Loading node screenshot
V/nofatclips(  302): Updating value FORCE_RESTART
V/nofatclips(  302): Updating value IN_AND_OUT_FOCUS
V/nofatclips(  302): Updating value PRECRAWLING
V/nofatclips(  302): Updating value SCREENSHOT_FOR_EVENTS
V/nofatclips(  302): Updating value SCREENSHOT_FOR_STATES
V/nofatclips(  302): Updating value SCREENSHOT_ONLY_NEW_STATES
V/nofatclips(  302): Updating value SLEEP_AFTER_EVENT
V/nofatclips(  302): Updating value SLEEP_AFTER_RESTART
V/nofatclips(  302): Updating value SLEEP_AFTER_TASK
V/nofatclips(  302): Updating value SLEEP_ON_THROBBER
I/nofatclips(  302): Waiting for 100 msec.
D/MediaScanner(  233):  prescan time: 984ms
D/MediaScanner(  233):     scan time: 62ms
D/MediaScanner(  233): postscan time: 0ms
D/MediaScanner(  233):    total time: 1046ms
D/nofatclips(  302): Ready to operate after restarting...
I/nofatclips(  302): Current activity is Dashboard
W/nofatclips(  302): --->Dashboard
D/dalvikvm(  302): GC_CONCURRENT freed 238K, 49% free 2985K/5831K, external 1812K/2324K, paused 3ms+2ms
I/nofatclips(  302): Retrieving widgets
D/nofatclips(  302): Found widget: id=16908290 (android.widget.FrameLayout@405a1788)
D/nofatclips(  302): Found widget: id=2131165248 (android.widget.RelativeLayout@405a2488)
D/nofatclips(  302): Found widget: id=2131165249 (android.widget.LinearLayout@405a2af0)
D/nofatclips(  302): Found widget: id=-1 (android.widget.ImageView@405a3038)
D/nofatclips(  302): Found widget: id=2131165250 (org.wordpress.android.util.WPTitleBar@4059ca10)
D/nofatclips(  302): Found widget: id=2131165195 (android.widget.RelativeLayout@4050efe8)
D/nofatclips(  302): Found widget: id=2131165196 (android.widget.RelativeLayout@40569298)
D/nofatclips(  302): Found widget: id=2131165197 (android.widget.ImageView@4059dca8)
D/nofatclips(  302): Found widget: id=2131165198 (android.widget.TextView@40542608): Katie's Sweet Testing Blog
D/nofatclips(  302): Found widget: id=2131165199 (android.widget.ImageView@4055de98)
D/nofatclips(  302): Found widget: id=-1 (android.widget.RelativeLayout@4057a200)
D/nofatclips(  302): Found widget: id=2131165200 (android.widget.ImageButton@4059e1d0)
D/nofatclips(  302): Found widget: id=-1 (android.widget.FrameLayout@4057b758)
D/nofatclips(  302): Found widget: id=2131165201 (android.widget.Button@40542fd0): 
D/nofatclips(  302): Found widget: id=2131165202 (android.widget.ImageView@40594608)
D/nofatclips(  302): Found widget: id=2131165203 (android.widget.ImageView@4053d7c8)
D/nofatclips(  302): Found widget: id=2131165204 (android.widget.LinearLayout@40569ea0)
D/nofatclips(  302): Found widget: id=-1 (android.widget.FrameLayout@4059da40)
D/nofatclips(  302): Found widget: id=-1 (android.widget.LinearLayout@40530970)
D/nofatclips(  302): Found widget: id=-1 (android.widget.LinearLayout@4050edf8)
D/nofatclips(  302): Found widget: id=-1 (android.widget.LinearLayout@4052ff90)
D/nofatclips(  302): Found widget: id=2131165251 (android.widget.LinearLayout@40530648)
D/nofatclips(  302): Found widget: id=-1 (android.widget.ImageView@405910b0)
D/nofatclips(  302): Found widget: id=2131165256 (android.widget.TextView@4056bb98): New Post
D/nofatclips(  302): Found widget: id=2131165253 (android.widget.LinearLayout@4059cc48)
D/nofatclips(  302): Found widget: id=-1 (android.widget.ImageView@405319b0)
D/nofatclips(  302): Found widget: id=2131165256 (android.widget.TextView@4056c4d0): New Page
D/nofatclips(  302): Found widget: id=-1 (android.widget.LinearLayout@40533c68)
D/nofatclips(  302): Found widget: id=2131165252 (android.widget.LinearLayout@40531658)
D/nofatclips(  302): Found widget: id=-1 (android.widget.ImageView@405396e0)
D/nofatclips(  302): Found widget: id=2131165256 (android.widget.TextView@405786c8): Quick Photo
D/nofatclips(  302): Found widget: id=2131165254 (android.widget.LinearLayout@405481d8)
D/nofatclips(  302): Found widget: id=-1 (android.widget.ImageView@40532550)
D/nofatclips(  302): Found widget: id=2131165256 (android.widget.TextView@40578f38): Quick Video
D/nofatclips(  302): Found widget: id=-1 (android.widget.LinearLayout@4052f400)
D/nofatclips(  302): Found widget: id=-1 (android.widget.LinearLayout@40534c20)
D/nofatclips(  302): Found widget: id=2131165255 (android.widget.LinearLayout@40535ee8)
D/nofatclips(  302): Found widget: id=-1 (android.widget.ImageView@40541238)
D/nofatclips(  302): Found widget: id=2131165256 (android.widget.TextView@405795c0): Posts
D/nofatclips(  302): Found widget: id=2131165257 (android.widget.LinearLayout@40546950)
D/nofatclips(  302): Found widget: id=-1 (android.widget.ImageView@405695b0)
D/nofatclips(  302): Found widget: id=2131165256 (android.widget.TextView@40538218): Pages
D/nofatclips(  302): Found widget: id=-1 (android.widget.FrameLayout@40535228)
D/nofatclips(  302): Found widget: id=2131165258 (android.widget.LinearLayout@40540f10)
D/nofatclips(  302): Found widget: id=-1 (android.widget.ImageView@40537928)
D/nofatclips(  302): Found widget: id=2131165256 (android.widget.TextView@4053a1c8): Comments
D/nofatclips(  302): Found widget: id=2131165259 (android.widget.FrameLayout@40545400)
D/nofatclips(  302): Found widget: id=2131165260 (android.widget.ImageView@40546f20)
D/nofatclips(  302): Found widget: id=2131165261 (org.wordpress.android.util.CommentBadgeTextView@4053b1e0): 0
D/nofatclips(  302): Found widget: id=-1 (android.widget.LinearLayout@40539fa0)
D/nofatclips(  302): Found widget: id=2131165262 (android.widget.LinearLayout@405415b8)
D/nofatclips(  302): Found widget: id=-1 (android.widget.ImageView@40541ec0)
D/nofatclips(  302): Found widget: id=2131165256 (android.widget.TextView@40541800): Settings
D/nofatclips(  302): Found widget: id=2131165263 (android.widget.LinearLayout@40544e58)
D/nofatclips(  302): Found widget: id=-1 (android.widget.ImageView@40560db0)
D/nofatclips(  302): Found widget: id=2131165256 (android.widget.TextView@40543b40): Read
D/nofatclips(  302): Found widget: id=2131165264 (android.widget.LinearLayout@40562498)
D/nofatclips(  302): Found widget: id=-1 (android.widget.ImageView@40564d50)
D/nofatclips(  302): Found widget: id=2131165256 (android.widget.TextView@40550898): Stats
D/nofatclips(  302): Found widget: id=-1 (com.android.internal.policy.impl.PhoneWindow$DecorView@405a0e88)
V/nicola  (  302): TextualID : blog_title
V/nicola  (  302): ContentType detected : default
V/nicola  (  302): TextualID : action_refresh
V/nicola  (  302): ContentType detected : default
V/nicola  (  302): TextualID : button_text
V/nicola  (  302): ContentType detected : default
V/nicola  (  302): TextualID : button_text
V/nicola  (  302): ContentType detected : default
V/nicola  (  302): TextualID : button_text
V/nicola  (  302): ContentType detected : default
V/nicola  (  302): TextualID : button_text
V/nicola  (  302): ContentType detected : default
V/nicola  (  302): TextualID : button_text
V/nicola  (  302): ContentType detected : default
V/nicola  (  302): TextualID : button_text
V/nicola  (  302): ContentType detected : default
V/nicola  (  302): TextualID : button_text
V/nicola  (  302): ContentType detected : default
V/nicola  (  302): TextualID : button_text
V/nicola  (  302): ContentType detected : default
V/nicola  (  302): TextualID : button_text
V/nicola  (  302): ContentType detected : default
V/nicola  (  302): TextualID : button_text
V/nicola  (  302): ContentType detected : default
D/nofatclips(  302): No session to resume: task list not found. Will start from scratch.
I/nofatclips(  302): Starting a new session
D/nofatclips(  302): Performing backup of the old activity list on disk
D/nofatclips(  302): Saving new found state 'a1' on disk
V/nofatclips(  302): Opening state file in overwrite mode.
D/dalvikvm(  302): GC_CONCURRENT freed 623K, 51% free 3175K/6407K, external 1812K/2324K, paused 3ms+3ms
D/dalvikvm(  302): GC_EXTERNAL_ALLOC freed 160K, 50% free 3229K/6407K, external 1812K/2324K, paused 41ms
D/dalvikvm(  302): GC_EXTERNAL_ALLOC freed 23K, 50% free 3206K/6407K, external 1999K/2511K, paused 51ms
I/nofatclips(  302): Saved image on disk: a1.jpg
I/nofatclips(  302): Planning for new Activity Dashboard
D/nofatclips(  302): Handling event 'click' on widget id=2131165200 type=button name=
D/nofatclips(  302): Handling event 'click' on widget id=2131165201 type=button name=
D/nofatclips(  302): Handling event 'click' on widget id=2131165204 type=linearLayout name=
I/dalvikvm(  302): Jit: resizing JitTable from 512 to 1024
D/nofatclips(  302): Handling event 'click' on widget id=2131165251 type=linearLayout name=
D/nofatclips(  302): Handling event 'click' on widget id=2131165253 type=linearLayout name=
D/nofatclips(  302): Handling event 'click' on widget id=2131165252 type=linearLayout name=
D/nofatclips(  302): Handling event 'click' on widget id=2131165254 type=linearLayout name=
I/dalvikvm(   61): Jit: resizing JitTable from 512 to 1024
D/nofatclips(  302): Handling event 'click' on widget id=2131165255 type=linearLayout name=
D/dalvikvm(  302): GC_CONCURRENT freed 653K, 50% free 3333K/6599K, external 2599K/3246K, paused 3ms+3ms
D/nofatclips(  302): Handling event 'click' on widget id=2131165257 type=linearLayout name=
D/nofatclips(  302): Handling event 'click' on widget id=2131165258 type=linearLayout name=
D/nofatclips(  302): Handling event 'click' on widget id=2131165262 type=linearLayout name=
D/nofatclips(  302): Handling event 'click' on widget id=2131165263 type=linearLayout name=
D/nofatclips(  302): Handling event 'click' on widget id=2131165264 type=linearLayout name=
I/nofatclips(  302): Created trace to press the menu button
I/nofatclips(  302): Created trace to change orientation
I/nofatclips(  302): Dispatching new task. 2 more tasks remaining.
D/nofatclips(  302): Saving task list on disk
V/nofatclips(  302): Backing up trace #13 to disk.
V/nofatclips(  302): Backing up trace #14 to disk.
D/nofatclips(  302): Deleting backup of the old activity list from disk
I/nofatclips(  302): Restarting
D/szipinf (  178): Initializing inflate state
D/dalvikvm(  233): GC_CONCURRENT freed 529K, 55% free 2648K/5831K, external 716K/1038K, paused 3ms+1078ms
D/dalvikvm(  178): GC_CONCURRENT freed 219K, 51% free 2827K/5703K, external 716K/1038K, paused 2ms+3ms
D/szipinf (  144): Initializing inflate state
D/dalvikvm(  144): GC_EXPLICIT freed 207K, 50% free 2969K/5831K, external 3075K/3257K, paused 38ms
I/ContactsDatabaseHelper(  178): Locale change completed in 13585ms
I/nofatclips(  302): Waiting for 100 msec.
D/MediaScannerService(  233): done scanning volume internal
D/MediaScannerService(  233): start scanning volume external
V/MediaProvider(  233): /mnt/sdcard volume ID: 417277468
D/nofatclips(  302): Ready to operate after restarting...
I/nofatclips(  302): Retrieving widgets
D/nofatclips(  302): Found widget: id=16908290 (android.widget.FrameLayout@405a1788)
D/nofatclips(  302): Found widget: id=2131165248 (android.widget.RelativeLayout@405a2488)
D/nofatclips(  302): Found widget: id=2131165249 (android.widget.LinearLayout@405a2af0)
D/nofatclips(  302): Found widget: id=-1 (android.widget.ImageView@405a3038)
D/nofatclips(  302): Found widget: id=2131165250 (org.wordpress.android.util.WPTitleBar@4059ca10)
D/nofatclips(  302): Found widget: id=2131165195 (android.widget.RelativeLayout@4050efe8)
D/nofatclips(  302): Found widget: id=2131165196 (android.widget.RelativeLayout@40569298)
D/nofatclips(  302): Found widget: id=2131165197 (android.widget.ImageView@4059dca8)
D/nofatclips(  302): Found widget: id=2131165198 (android.widget.TextView@40542608): Katie's Sweet Testing Blog
D/nofatclips(  302): Found widget: id=2131165199 (android.widget.ImageView@4055de98)
D/nofatclips(  302): Found widget: id=-1 (android.widget.RelativeLayout@4057a200)
D/nofatclips(  302): Found widget: id=2131165200 (android.widget.ImageButton@4059e1d0)
D/nofatclips(  302): Found widget: id=-1 (android.widget.FrameLayout@4057b758)
D/nofatclips(  302): Found widget: id=2131165201 (android.widget.Button@40542fd0): 
D/nofatclips(  302): Found widget: id=2131165202 (android.widget.ImageView@40594608)
D/nofatclips(  302): Found widget: id=2131165203 (android.widget.ImageView@4053d7c8)
D/nofatclips(  302): Found widget: id=2131165204 (android.widget.LinearLayout@40569ea0)
D/nofatclips(  302): Found widget: id=-1 (android.widget.FrameLayout@4059da40)
D/nofatclips(  302): Found widget: id=-1 (android.widget.LinearLayout@40530970)
D/nofatclips(  302): Found widget: id=-1 (android.widget.LinearLayout@4050edf8)
D/nofatclips(  302): Found widget: id=-1 (android.widget.LinearLayout@4052ff90)
D/nofatclips(  302): Found widget: id=2131165251 (android.widget.LinearLayout@40530648)
D/nofatclips(  302): Found widget: id=-1 (android.widget.ImageView@405910b0)
D/nofatclips(  302): Found widget: id=2131165256 (android.widget.TextView@4056bb98): New Post
D/nofatclips(  302): Found widget: id=2131165253 (android.widget.LinearLayout@4059cc48)
D/nofatclips(  302): Found widget: id=-1 (android.widget.ImageView@405319b0)
D/nofatclips(  302): Found widget: id=2131165256 (android.widget.TextView@4056c4d0): New Page
D/nofatclips(  302): Found widget: id=-1 (android.widget.LinearLayout@40533c68)
D/nofatclips(  302): Found widget: id=2131165252 (android.widget.LinearLayout@40531658)
D/nofatclips(  302): Found widget: id=-1 (android.widget.ImageView@405396e0)
D/nofatclips(  302): Found widget: id=2131165256 (android.widget.TextView@405786c8): Quick Photo
D/nofatclips(  302): Found widget: id=2131165254 (android.widget.LinearLayout@405481d8)
D/nofatclips(  302): Found widget: id=-1 (android.widget.ImageView@40532550)
D/nofatclips(  302): Found widget: id=2131165256 (android.widget.TextView@40578f38): Quick Video
D/nofatclips(  302): Found widget: id=-1 (android.widget.LinearLayout@4052f400)
D/nofatclips(  302): Found widget: id=-1 (android.widget.LinearLayout@40534c20)
D/nofatclips(  302): Found widget: id=2131165255 (android.widget.LinearLayout@40535ee8)
D/nofatclips(  302): Found widget: id=-1 (android.widget.ImageView@40541238)
D/nofatclips(  302): Found widget: id=2131165256 (android.widget.TextView@405795c0): Posts
D/nofatclips(  302): Found widget: id=2131165257 (android.widget.LinearLayout@40546950)
D/nofatclips(  302): Found widget: id=-1 (android.widget.ImageView@405695b0)
D/nofatclips(  302): Found widget: id=2131165256 (android.widget.TextView@40538218): Pages
D/nofatclips(  302): Found widget: id=-1 (android.widget.FrameLayout@40535228)
D/dalvikvm(  302): GC_CONCURRENT freed 1287K, 55% free 3220K/7111K, external 1999K/2599K, paused 15ms+15ms
D/nofatclips(  302): Found widget: id=2131165258 (android.widget.LinearLayout@40540f10)
D/nofatclips(  302): Found widget: id=-1 (android.widget.ImageView@40537928)
D/nofatclips(  302): Found widget: id=2131165256 (android.widget.TextView@4053a1c8): Comments
D/nofatclips(  302): Found widget: id=2131165259 (android.widget.FrameLayout@40545400)
D/nofatclips(  302): Found widget: id=2131165260 (android.widget.ImageView@40546f20)
D/nofatclips(  302): Found widget: id=2131165261 (org.wordpress.android.util.CommentBadgeTextView@4053b1e0): 0
D/nofatclips(  302): Found widget: id=-1 (android.widget.LinearLayout@40539fa0)
D/nofatclips(  302): Found widget: id=2131165262 (android.widget.LinearLayout@405415b8)
D/nofatclips(  302): Found widget: id=-1 (android.widget.ImageView@40541ec0)
D/nofatclips(  302): Found widget: id=2131165256 (android.widget.TextView@40541800): Settings
D/nofatclips(  302): Found widget: id=2131165263 (android.widget.LinearLayout@40544e58)
D/nofatclips(  302): Found widget: id=-1 (android.widget.ImageView@40560db0)
D/nofatclips(  302): Found widget: id=2131165256 (android.widget.TextView@40543b40): Read
D/nofatclips(  302): Found widget: id=2131165264 (android.widget.LinearLayout@40562498)
D/nofatclips(  302): Found widget: id=-1 (android.widget.ImageView@40564d50)
D/nofatclips(  302): Found widget: id=2131165256 (android.widget.TextView@40550898): Stats
D/nofatclips(  302): Found widget: id=-1 (com.android.internal.policy.impl.PhoneWindow$DecorView@405a0e88)
I/nofatclips(  302): Playing Trace 14
I/nofatclips(  302): Retrieved from return list id=2131165253
D/nofatclips(  302): Testing for type (android.widget.LinearLayout) against the original (android.widget.LinearLayout)
D/nofatclips(  302): Testing for name () against the original ()
I/nofatclips(  302): Firing event: type= click index=24 widget=android.widget.LinearLayout
D/dalvikvm(  129): GREF has increased to 201
V/MediaProvider(  233): Attached volume: external
V/MediaScanner(  233): pruneDeadThumbnailFiles... android.database.sqlite.SQLiteCursor@40599550
V/MediaScanner(  233): /pruneDeadThumbnailFiles... android.database.sqlite.SQLiteCursor@40599550
D/MediaScanner(  233):  prescan time: 81ms
D/MediaScanner(  233):     scan time: 4ms
D/MediaScanner(  233): postscan time: 22ms
D/MediaScanner(  233):    total time: 107ms
D/MediaScannerService(  233): done scanning volume external
W/KeyCharacterMap(  302): No keyboard for id 0
W/KeyCharacterMap(  302): Using default keymap: /system/usr/keychars/qwerty.kcm.bin
D/nofatclips(  302): Event description: New Page
I/ActivityManager(   61): Starting: Intent { cmp=org.wordpress.android/.EditPost (has extras) } from pid 302
I/nofatclips(  302): Waiting for 100 msec.
I/nofatclips(  302): Current activity is EditPost
I/nofatclips(  302): Retrieving widgets
D/nofatclips(  302): Found widget: id=-1 (android.widget.LinearLayout@40639580)
D/nofatclips(  302): Found widget: id=-1 (android.widget.FrameLayout@406a6550)
D/nofatclips(  302): Found widget: id=16908310 (android.widget.TextView@406a6fe0): Katie&#039;s Sweet Testing Blog - New Page
D/nofatclips(  302): Found widget: id=16908290 (android.widget.FrameLayout@406a7c70)
D/nofatclips(  302): Found widget: id=2131165298 (android.widget.ScrollView@406a8300)
D/nofatclips(  302): Found widget: id=-1 (android.widget.LinearLayout@4063e370)
D/nofatclips(  302): Found widget: id=2131165209 (android.widget.RelativeLayout@4063e608)
D/nofatclips(  302): Found widget: id=2131165210 (android.widget.TextView@4063f168): Page Content
D/nofatclips(  302): Found widget: id=2131165236 (android.widget.EditText@406406b8): 
D/nofatclips(  302): Found widget: id=2131165265 (org.wordpress.android.util.WPEditText@405d2c08): 
D/nofatclips(  302): Found widget: id=2131165288 (android.widget.RelativeLayout@405d3548)
D/nofatclips(  302): Found widget: id=2131165278 (android.widget.TextView@405d3a10): Status
D/nofatclips(  302): Found widget: id=2131165279 (android.widget.TextView@405d4320): Status:
D/nofatclips(  302): Found widget: id=2131165280 (android.widget.Spinner@405d4a78)
D/nofatclips(  302): Found widget: id=16908308 (android.widget.TextView@40602ab8): Publish
D/nofatclips(  302): Found widget: id=2131165281 (android.widget.TextView@406792d8): Publish:
D/nofatclips(  302): Found widget: id=2131165282 (android.widget.TextView@40679818): Immediately
D/nofatclips(  302): Found widget: id=2131165283 (android.widget.Button@40679da0): Edit
D/nofatclips(  302): Found widget: id=2131165266 (android.widget.RelativeLayout@405e8700)
D/nofatclips(  302): Found widget: id=2131165216 (android.widget.TextView@405e8bc8): Password (optional)
D/nofatclips(  302): Found widget: id=2131165286 (android.widget.EditText@405e94f8): 
D/nofatclips(  302): Found widget: id=2131165287 (android.widget.Button@405ea7d8): Publish
D/nofatclips(  302): Found widget: id=-1 (com.android.internal.policy.impl.PhoneWindow$DecorView@40639108)
I/ActivityManager(   61): Displayed org.wordpress.android/.EditPost: +1s771ms
V/nicola  (  302): TextualID : null
V/nicola  (  302): ContentType detected : default
V/nicola  (  302): TextualID : l_section1
V/nicola  (  302): ContentType detected : default
V/ReflectionHelper(  302): android.widget.EditText > mOnFocusChangeListener FOUND | NOT ACTIVE
V/nicola  (  302): TextualID : title
V/nicola  (  302): ContentType detected : default
V/ReflectionHelper(  302): org.wordpress.android.util.WPEditText > mOnFocusChangeListener FOUND | ACTIVE
V/nicola  (  302): TextualID : postContent
V/nicola  (  302): ContentType detected : default
V/nicola  (  302): TextualID : l_status
V/nicola  (  302): ContentType detected : default
V/nicola  (  302): TextualID : statusLabel
V/nicola  (  302): ContentType detected : default
V/nicola  (  302): TextualID : null
V/nicola  (  302): ContentType detected : default
V/nicola  (  302): TextualID : pubDateLabel
V/nicola  (  302): ContentType detected : default
V/nicola  (  302): TextualID : pubDate
V/nicola  (  302): ContentType detected : default
V/nicola  (  302): TextualID : pubDateButton
V/nicola  (  302): ContentType detected : default
V/nicola  (  302): TextualID : l_password
V/nicola  (  302): ContentType detected : default
V/ReflectionHelper(  302): android.widget.EditText > mOnFocusChangeListener FOUND | NOT ACTIVE
D/dalvikvm(  302): GC_CONCURRENT freed 768K, 53% free 3351K/7111K, external 2254K/2599K, paused 7ms+8ms
V/nicola  (  302): TextualID : post_password
V/nicola  (  302): ContentType detected : default
V/nicola  (  302): TextualID : post
V/nicola  (  302): ContentType detected : default
I/nofatclips(  302): Performing comparation for activity EditPost
D/nofatclips(  302): Comparing against activity Dashboard
I/nofatclips(  302): Registering activity EditPost (id: a2) as a new found state
D/nofatclips(  302): Performing backup of the old activity list on disk
D/nofatclips(  302): Saving new found state 'a2' on disk
V/nofatclips(  302): Opening state file in append mode.
D/dalvikvm(  302): GC_EXTERNAL_ALLOC freed 156K, 54% free 3332K/7111K, external 2254K/2599K, paused 84ms
D/dalvikvm(  302): GC_EXTERNAL_ALLOC freed 35K, 54% free 3298K/7111K, external 3454K/3564K, paused 82ms
I/nofatclips(  302): Saved image on disk: a2.jpg
I/nofatclips(  302): Waiting for 100 msec.
I/nofatclips(  302): Session count is 1. Will dump to disk at 1
I/nofatclips(  302): Saving the session on disk. This is the first batch: the file will be created.
I/nofatclips(  302): Planning for new Activity EditPost
D/nofatclips(  302): Handling event 'focus' on widget id=2131165265 type=focusableEditText name=Content
D/nofatclips(  302): Handling input 'writeText' on widget id=2131165236 type=editText name=Title
V/nofatclips(  302): Using value: 90
D/nofatclips(  302): Handling input 'writeText' on widget id=2131165286 type=editText name=Password (optional)
V/nofatclips(  302): Using value: 45
D/nofatclips(  302): Handling event selectSpinnerItem for items [1,5] on spinner #2131165280 count=5
D/nofatclips(  302): Handling input 'writeText' on widget id=2131165236 type=editText name=Title
V/nofatclips(  302): Using value: 90
D/nofatclips(  302): Handling input 'writeText' on widget id=2131165286 type=editText name=Password (optional)
V/nofatclips(  302): Using value: 45
D/nofatclips(  302): Handling input 'writeText' on widget id=2131165236 type=editText name=Title
V/nofatclips(  302): Using value: 90
D/nofatclips(  302): Handling input 'writeText' on widget id=2131165286 type=editText name=Password (optional)
V/nofatclips(  302): Using value: 45
D/nofatclips(  302): Handling input 'writeText' on widget id=2131165236 type=editText name=Title
V/nofatclips(  302): Using value: 90
D/nofatclips(  302): Handling input 'writeText' on widget id=2131165286 type=editText name=Password (optional)
V/nofatclips(  302): Using value: 45
D/nofatclips(  302): Handling input 'writeText' on widget id=2131165236 type=editText name=Title
V/nofatclips(  302): Using value: 90
D/nofatclips(  302): Handling input 'writeText' on widget id=2131165286 type=editText name=Password (optional)
V/nofatclips(  302): Using value: 45
D/nofatclips(  302): Handling input 'writeText' on widget id=2131165236 type=editText name=Title
V/nofatclips(  302): Using value: 90
D/nofatclips(  302): Handling input 'writeText' on widget id=2131165286 type=editText name=Password (optional)
V/nofatclips(  302): Using value: 45
D/nofatclips(  302): Handling event 'click' on widget id=2131165283 type=button name=Edit
D/nofatclips(  302): Handling input 'writeText' on widget id=2131165236 type=editText name=Title
V/nofatclips(  302): Using value: 90
D/nofatclips(  302): Handling input 'writeText' on widget id=2131165286 type=editText name=Password (optional)
V/nofatclips(  302): Using value: 45
D/nofatclips(  302): Handling event 'click' on widget id=2131165287 type=button name=Publish
D/nofatclips(  302): Handling input 'writeText' on widget id=2131165236 type=editText name=Title
V/nofatclips(  302): Using value: 90
D/nofatclips(  302): Handling input 'writeText' on widget id=2131165286 type=editText name=Password (optional)
V/nofatclips(  302): Using value: 45
I/nofatclips(  302): Created trace to press the back button
I/nofatclips(  302): Created trace to press the menu button
I/nofatclips(  302): Created trace to change orientation
I/nofatclips(  302): Check for termination: 99 steps left of 100
I/nofatclips(  302): Dispatching new task. 2 more tasks remaining.
D/nofatclips(  302): Performing backup of the old task list on disk
D/nofatclips(  302): Saving task list on disk
V/nofatclips(  302): Backing up trace #24 to disk.
V/nofatclips(  302): Backing up trace #25 to disk.
D/nofatclips(  302): Deleting backup of the old task list from disk
D/nofatclips(  302): Deleting backup of the old activity list from disk
I/nofatclips(  302): Incrementally Playing Trace 25
D/nofatclips(  302): Firing event: type= back
W/KeyCharacterMap(  302): No keyboard for id 0
W/KeyCharacterMap(  302): Using default keymap: /system/usr/keychars/qwerty.kcm.bin
D/dalvikvm(  302): GC_CONCURRENT freed 922K, 53% free 3356K/7111K, external 3458K/4313K, paused 14ms+18ms
W/KeyCharacterMap(  302): No keyboard for id 0
W/KeyCharacterMap(  302): Using default keymap: /system/usr/keychars/qwerty.kcm.bin
I/nofatclips(  302): Waiting for 100 msec.
I/nofatclips(  302): Current activity is EditPost
I/nofatclips(  302): Retrieving widgets
D/nofatclips(  302): Found widget: id=16908290 (android.widget.FrameLayout@405be570)
D/nofatclips(  302): Found widget: id=16908666 (com.android.internal.widget.WeightedLinearLayout@405bf1d0)
D/nofatclips(  302): Found widget: id=16908667 (android.widget.LinearLayout@405bf448)
D/nofatclips(  302): Found widget: id=16908668 (android.widget.LinearLayout@405bf668)
D/nofatclips(  302): Found widget: id=16908294 (android.widget.ImageView@405bf8d0)
D/nofatclips(  302): Found widget: id=16908669 (com.android.internal.widget.DialogTitle@405c0078): Cancel Edit
D/nofatclips(  302): Found widget: id=16908670 (android.widget.ImageView@405c0c58)
D/nofatclips(  302): Found widget: id=16908671 (android.widget.LinearLayout@405c1010)
D/nofatclips(  302): Found widget: id=16908672 (android.widget.ScrollView@405c1278)
D/nofatclips(  302): Found widget: id=16908299 (android.widget.TextView@405c1a48): Are you sure you want to cancel editing this page?
D/nofatclips(  302): Found widget: id=16908673 (android.widget.FrameLayout@405c1f28)
D/nofatclips(  302): Found widget: id=16908331 (android.widget.FrameLayout@405c2190)
D/nofatclips(  302): Found widget: id=16908674 (android.widget.LinearLayout@405c23f8)
D/nofatclips(  302): Found widget: id=-1 (android.widget.LinearLayout@405c2618)
D/nofatclips(  302): Found widget: id=16908675 (android.widget.LinearLayout@405c29b8)
D/nofatclips(  302): Found widget: id=16908313 (android.widget.Button@405c2c18): Yes
D/nofatclips(  302): Found widget: id=16908315 (android.widget.Button@405c34c0): 
D/nofatclips(  302): Found widget: id=16908314 (android.widget.Button@405c3d28): No
D/nofatclips(  302): Found widget: id=16908676 (android.widget.LinearLayout@405c4590)
D/nofatclips(  302): Found widget: id=-1 (com.android.internal.policy.impl.PhoneWindow$DecorView@405be180)
I/dalvikvm(  302): Jit: resizing JitTable from 1024 to 2048
V/nicola  (  302): TextualID : null
V/nicola  (  302): ContentType detected : default
V/nicola  (  302): TextualID : null
V/nicola  (  302): ContentType detected : default
V/nicola  (  302): TextualID : null
V/nicola  (  302): ContentType detected : default
V/nicola  (  302): TextualID : null
V/nicola  (  302): ContentType detected : default
I/nofatclips(  302): Performing comparation for activity EditPost
D/nofatclips(  302): Comparing against activity EditPost
D/nofatclips(  302): Comparing against activity Dashboard
I/nofatclips(  302): Registering activity EditPost (id: a3) as a new found state
D/nofatclips(  302): Performing backup of the old activity list on disk
D/nofatclips(  302): Saving new found state 'a3' on disk
V/nofatclips(  302): Opening state file in append mode.
I/nofatclips(  302): Saved image on disk: a3.jpg
I/nofatclips(  302): Waiting for 100 msec.
I/nofatclips(  302): Session count is 1. Will dump to disk at 1
I/nofatclips(  302): Saving the session on disk.
I/nofatclips(  302): Planning for new Activity EditPost
D/nofatclips(  302): Handling event 'click' on widget id=16908313 type=button name=Yes
D/nofatclips(  302): Handling event 'click' on widget id=16908314 type=button name=No
I/nofatclips(  302): Created trace to press the back button
I/nofatclips(  302): Created trace to press the menu button
I/nofatclips(  302): Created trace to change orientation
I/nofatclips(  302): Check for termination: 98 steps left of 100
I/nofatclips(  302): Dispatching new task. 2 more tasks remaining.
D/nofatclips(  302): Performing backup of the old task list on disk
D/nofatclips(  302): Saving task list on disk
V/nofatclips(  302): Backing up trace #29 to disk.
V/nofatclips(  302): Backing up trace #30 to disk.
D/nofatclips(  302): Deleting backup of the old task list from disk
D/nofatclips(  302): Deleting backup of the old activity list from disk
I/nofatclips(  302): Incrementally Playing Trace 30
I/nofatclips(  302): Retrieved from return list id=16908314
D/nofatclips(  302): Testing for type (android.widget.Button) against the original (android.widget.Button)
D/nofatclips(  302): Testing for name (No) against the original (No)
I/nofatclips(  302): Firing event: type= click index=17 widget=android.widget.Button
D/nofatclips(  302): Event description: No
W/InputManagerService(   61): Window already focused, ignoring focus gain of: com.android.internal.view.IInputMethodClient$Stub$Proxy@406ba988
I/nofatclips(  302): Waiting for 100 msec.
I/nofatclips(  302): Current activity is EditPost
I/nofatclips(  302): Retrieving widgets
D/nofatclips(  302): Found widget: id=-1 (android.widget.LinearLayout@40639580)
D/nofatclips(  302): Found widget: id=-1 (android.widget.FrameLayout@406a6550)
D/nofatclips(  302): Found widget: id=16908310 (android.widget.TextView@406a6fe0): Katie&#039;s Sweet Testing Blog - New Page
D/nofatclips(  302): Found widget: id=16908290 (android.widget.FrameLayout@406a7c70)
D/nofatclips(  302): Found widget: id=2131165298 (android.widget.ScrollView@406a8300)
D/nofatclips(  302): Found widget: id=-1 (android.widget.LinearLayout@4063e370)
D/nofatclips(  302): Found widget: id=2131165209 (android.widget.RelativeLayout@4063e608)
D/nofatclips(  302): Found widget: id=2131165210 (android.widget.TextView@4063f168): Page Content
D/nofatclips(  302): Found widget: id=2131165236 (android.widget.EditText@406406b8): 
D/nofatclips(  302): Found widget: id=2131165265 (org.wordpress.android.util.WPEditText@405d2c08): 
D/nofatclips(  302): Found widget: id=2131165288 (android.widget.RelativeLayout@405d3548)
D/nofatclips(  302): Found widget: id=2131165278 (android.widget.TextView@405d3a10): Status
D/nofatclips(  302): Found widget: id=2131165279 (android.widget.TextView@405d4320): Status:
D/nofatclips(  302): Found widget: id=2131165280 (android.widget.Spinner@405d4a78)
D/nofatclips(  302): Found widget: id=16908308 (android.widget.TextView@40602ab8): Publish
D/nofatclips(  302): Found widget: id=2131165281 (android.widget.TextView@406792d8): Publish:
D/nofatclips(  302): Found widget: id=2131165282 (android.widget.TextView@40679818): Immediately
D/nofatclips(  302): Found widget: id=2131165283 (android.widget.Button@40679da0): Edit
D/nofatclips(  302): Found widget: id=2131165266 (android.widget.RelativeLayout@405e8700)
D/nofatclips(  302): Found widget: id=2131165216 (android.widget.TextView@405e8bc8): Password (optional)
D/nofatclips(  302): Found widget: id=2131165286 (android.widget.EditText@405e94f8): 
D/nofatclips(  302): Found widget: id=2131165287 (android.widget.Button@405ea7d8): Publish
D/nofatclips(  302): Found widget: id=-1 (com.android.internal.policy.impl.PhoneWindow$DecorView@40639108)
V/nicola  (  302): TextualID : null
V/nicola  (  302): ContentType detected : default
V/nicola  (  302): TextualID : l_section1
V/nicola  (  302): ContentType detected : default
V/ReflectionHelper(  302): android.widget.EditText > mOnFocusChangeListener FOUND | NOT ACTIVE
V/nicola  (  302): TextualID : title
V/nicola  (  302): ContentType detected : default
V/ReflectionHelper(  302): org.wordpress.android.util.WPEditText > mOnFocusChangeListener FOUND | ACTIVE
V/nicola  (  302): TextualID : postContent
V/nicola  (  302): ContentType detected : default
V/nicola  (  302): TextualID : l_status
V/nicola  (  302): ContentType detected : default
V/nicola  (  302): TextualID : statusLabel
V/nicola  (  302): ContentType detected : default
V/nicola  (  302): TextualID : null
V/nicola  (  302): ContentType detected : default
V/nicola  (  302): TextualID : pubDateLabel
V/nicola  (  302): ContentType detected : default
V/nicola  (  302): TextualID : pubDate
V/nicola  (  302): ContentType detected : default
V/nicola  (  302): TextualID : pubDateButton
V/nicola  (  302): ContentType detected : default
V/nicola  (  302): TextualID : l_password
V/nicola  (  302): ContentType detected : default
V/ReflectionHelper(  302): android.widget.EditText > mOnFocusChangeListener FOUND | NOT ACTIVE
V/nicola  (  302): TextualID : post_password
V/nicola  (  302): ContentType detected : default
V/nicola  (  302): TextualID : post
V/nicola  (  302): ContentType detected : default
I/nofatclips(  302): Performing comparation for activity EditPost
D/nofatclips(  302): Comparing against activity EditPost
D/nofatclips(  302): Comparing against activity Dashboard
D/nofatclips(  302): Comparing against activity EditPost
I/nofatclips(  302): Registering activity EditPost (id: a4) as a new found state
D/nofatclips(  302): Performing backup of the old activity list on disk
D/nofatclips(  302): Saving new found state 'a4' on disk
V/nofatclips(  302): Opening state file in append mode.
D/dalvikvm(  302): GC_CONCURRENT freed 1309K, 54% free 3414K/7367K, external 3400K/3569K, paused 10ms+8ms
D/dalvikvm(  302): GC_EXTERNAL_ALLOC freed 61K, 55% free 3352K/7367K, external 2858K/3569K, paused 109ms
I/nofatclips(  302): Saved image on disk: a4.jpg
I/nofatclips(  302): Waiting for 100 msec.
I/nofatclips(  302): Session count is 1. Will dump to disk at 1
I/nofatclips(  302): Saving the session on disk.
I/nofatclips(  302): Planning for new Activity EditPost
D/nofatclips(  302): Handling event 'focus' on widget id=2131165265 type=focusableEditText name=Content
D/nofatclips(  302): Handling input 'writeText' on widget id=2131165236 type=editText name=Title
V/nofatclips(  302): Using value: 90
D/nofatclips(  302): Handling input 'writeText' on widget id=2131165286 type=editText name=Password (optional)
V/nofatclips(  302): Using value: 45
D/nofatclips(  302): Handling event selectSpinnerItem for items [1,5] on spinner #2131165280 count=5
D/nofatclips(  302): Handling input 'writeText' on widget id=2131165236 type=editText name=Title
V/nofatclips(  302): Using value: 90
D/nofatclips(  302): Handling input 'writeText' on widget id=2131165286 type=editText name=Password (optional)
V/nofatclips(  302): Using value: 45
D/nofatclips(  302): Handling input 'writeText' on widget id=2131165236 type=editText name=Title
V/nofatclips(  302): Using value: 90
D/nofatclips(  302): Handling input 'writeText' on widget id=2131165286 type=editText name=Password (optional)
V/nofatclips(  302): Using value: 45
D/nofatclips(  302): Handling input 'writeText' on widget id=2131165236 type=editText name=Title
V/nofatclips(  302): Using value: 90
D/nofatclips(  302): Handling input 'writeText' on widget id=2131165286 type=editText name=Password (optional)
V/nofatclips(  302): Using value: 45
D/nofatclips(  302): Handling input 'writeText' on widget id=2131165236 type=editText name=Title
V/nofatclips(  302): Using value: 90
D/nofatclips(  302): Handling input 'writeText' on widget id=2131165286 type=editText name=Password (optional)
V/nofatclips(  302): Using value: 45
D/nofatclips(  302): Handling input 'writeText' on widget id=2131165236 type=editText name=Title
V/nofatclips(  302): Using value: 90
D/nofatclips(  302): Handling input 'writeText' on widget id=2131165286 type=editText name=Password (optional)
V/nofatclips(  302): Using value: 45
D/nofatclips(  302): Handling event 'click' on widget id=2131165283 type=button name=Edit
D/nofatclips(  302): Handling input 'writeText' on widget id=2131165236 type=editText name=Title
V/nofatclips(  302): Using value: 90
D/nofatclips(  302): Handling input 'writeText' on widget id=2131165286 type=editText name=Password (optional)
V/nofatclips(  302): Using value: 45
D/nofatclips(  302): Handling event 'click' on widget id=2131165287 type=button name=Publish
D/nofatclips(  302): Handling input 'writeText' on widget id=2131165236 type=editText name=Title
V/nofatclips(  302): Using value: 90
D/nofatclips(  302): Handling input 'writeText' on widget id=2131165286 type=editText name=Password (optional)
V/nofatclips(  302): Using value: 45
I/nofatclips(  302): Created trace to press the back button
I/nofatclips(  302): Created trace to press the menu button
I/nofatclips(  302): Created trace to change orientation
I/nofatclips(  302): Check for termination: 97 steps left of 100
I/nofatclips(  302): Dispatching new task. 2 more tasks remaining.
D/nofatclips(  302): Performing backup of the old task list on disk
D/nofatclips(  302): Saving task list on disk
V/nofatclips(  302): Backing up trace #40 to disk.
V/nofatclips(  302): Backing up trace #41 to disk.
D/nofatclips(  302): Deleting backup of the old task list from disk
D/nofatclips(  302): Deleting backup of the old activity list from disk
I/nofatclips(  302): Incrementally Playing Trace 41
D/nofatclips(  302): Setting input: type= writeText id=2131165236 value=90
D/nofatclips(  302): Added to return list id=2131165236
I/nofatclips(  302): Retrieved from return list id=2131165236
D/nofatclips(  302): Testing for type (android.widget.EditText) against the original (android.widget.EditText)
D/nofatclips(  302): Testing for name (Title) against the original (Title)
W/KeyCharacterMap(  302): No keyboard for id 0
W/KeyCharacterMap(  302): Using default keymap: /system/usr/keychars/qwerty.kcm.bin
D/nofatclips(  302): Setting input: type= writeText id=2131165286 value=45
D/nofatclips(  302): Added to return list id=2131165286
I/nofatclips(  302): Retrieved from return list id=2131165286
D/nofatclips(  302): Testing for type (android.widget.EditText) against the original (android.widget.EditText)
D/nofatclips(  302): Testing for name (Password (optional)) against the original (Password (optional))
I/nofatclips(  302): Retrieved from return list id=2131165283
D/nofatclips(  302): Testing for type (android.widget.Button) against the original (android.widget.Button)
D/nofatclips(  302): Testing for name (Edit) against the original (Edit)
I/nofatclips(  302): Firing event: type= click index=17 widget=android.widget.Button
D/nofatclips(  302): Event description: Edit
I/nofatclips(  302): Waiting for 100 msec.
D/dalvikvm(  302): GC_EXTERNAL_ALLOC freed 1312K, 54% free 3390K/7367K, external 3562K/3564K, paused 341ms
I/nofatclips(  302): Current activity is EditPost
I/nofatclips(  302): Retrieving widgets
D/nofatclips(  302): Found widget: id=16908290 (android.widget.FrameLayout@405984b8)
D/nofatclips(  302): Found widget: id=16908666 (com.android.internal.widget.WeightedLinearLayout@405be570)
D/nofatclips(  302): Found widget: id=16908667 (android.widget.LinearLayout@406b64f0)
D/nofatclips(  302): Found widget: id=16908668 (android.widget.LinearLayout@4072e870)
D/nofatclips(  302): Found widget: id=16908294 (android.widget.ImageView@40661d18)
D/nofatclips(  302): Found widget: id=16908669 (com.android.internal.widget.DialogTitle@406a6b50): 
D/nofatclips(  302): Found widget: id=16908670 (android.widget.ImageView@40662e00)
D/nofatclips(  302): Found widget: id=16908671 (android.widget.LinearLayout@4066de30)
D/nofatclips(  302): Found widget: id=16908672 (android.widget.ScrollView@4054ea30)
D/nofatclips(  302): Found widget: id=16908673 (android.widget.FrameLayout@406b12e8)
D/nofatclips(  302): Found widget: id=16908331 (android.widget.FrameLayout@406c2fe0)
D/nofatclips(  302): Found widget: id=16908705 (android.widget.DatePicker@40622c20)
D/nofatclips(  302): Found widget: id=16908701 (android.widget.LinearLayout@40622fe8)
D/nofatclips(  302): Found widget: id=16908702 (android.widget.NumberPicker@40623428)
D/nofatclips(  302): Found widget: id=16908794 (android.widget.NumberPickerButton@40623bb8)
D/nofatclips(  302): Found widget: id=16908795 (android.widget.EditText@4067cf48): Jul
D/nofatclips(  302): Found widget: id=16908796 (android.widget.NumberPickerButton@40680928)
D/nofatclips(  302): Found widget: id=16908703 (android.widget.NumberPicker@4053f438)
D/nofatclips(  302): Found widget: id=16908794 (android.widget.NumberPickerButton@406001d8)
D/nofatclips(  302): Found widget: id=16908795 (android.widget.EditText@40588190): 28
D/nofatclips(  302): Found widget: id=16908796 (android.widget.NumberPickerButton@40640bc0)
D/nofatclips(  302): Found widget: id=16908704 (android.widget.NumberPicker@4055b1a8)
D/nofatclips(  302): Found widget: id=16908794 (android.widget.NumberPickerButton@4067a2b0)
D/nofatclips(  302): Found widget: id=16908795 (android.widget.EditText@405e6dd8): 2014
D/nofatclips(  302): Found widget: id=16908796 (android.widget.NumberPickerButton@4067c4c8)
D/nofatclips(  302): Found widget: id=16908674 (android.widget.LinearLayout@406c42b0)
D/nofatclips(  302): Found widget: id=-1 (android.widget.LinearLayout@406fd6d8)
D/nofatclips(  302): Found widget: id=16908675 (android.widget.LinearLayout@406fe790)
D/nofatclips(  302): Found widget: id=16908313 (android.widget.Button@405398d8): Set
D/nofatclips(  302): Found widget: id=16908315 (android.widget.Button@40634c58): 
D/nofatclips(  302): Found widget: id=16908314 (android.widget.Button@406ae938): Cancel
D/nofatclips(  302): Found widget: id=16908676 (android.widget.LinearLayout@40720ca0)
D/nofatclips(  302): Found widget: id=-1 (com.android.internal.policy.impl.PhoneWindow$DecorView@4058e720)
V/ReflectionHelper(  302): android.widget.NumberPicker > mOnFocusChangeListener FOUND | NOT ACTIVE
V/ReflectionHelper(  302): android.widget.EditText > mOnFocusChangeListener FOUND | ACTIVE
V/nicola  (  302): TextualID : null
V/nicola  (  302): ContentType detected : default
V/ReflectionHelper(  302): android.widget.NumberPicker > mOnFocusChangeListener FOUND | NOT ACTIVE
V/ReflectionHelper(  302): android.widget.EditText > mOnFocusChangeListener FOUND | ACTIVE
V/nicola  (  302): TextualID : null
V/nicola  (  302): ContentType detected : number
V/ReflectionHelper(  302): android.widget.NumberPicker > mOnFocusChangeListener FOUND | NOT ACTIVE
V/ReflectionHelper(  302): android.widget.EditText > mOnFocusChangeListener FOUND | ACTIVE
V/nicola  (  302): TextualID : null
V/nicola  (  302): ContentType detected : number
V/nicola  (  302): TextualID : null
V/nicola  (  302): ContentType detected : default
V/nicola  (  302): TextualID : null
V/nicola  (  302): ContentType detected : default
I/nofatclips(  302): Performing comparation for activity EditPost
D/nofatclips(  302): Comparing against activity EditPost
D/nofatclips(  302): Comparing against activity Dashboard
D/nofatclips(  302): Comparing against activity EditPost
D/nofatclips(  302): Comparing against activity EditPost
I/nofatclips(  302): Registering activity EditPost (id: a5) as a new found state
D/nofatclips(  302): Performing backup of the old activity list on disk
D/nofatclips(  302): Saving new found state 'a5' on disk
V/nofatclips(  302): Opening state file in append mode.
