D/dalvikvm(  175): GC_CONCURRENT freed 372K, 54% free 2615K/5639K, external 716K/1038K, paused 3ms+46ms
D/dalvikvm(   61): GC_CONCURRENT freed 264K, 42% free 4110K/6983K, external 1865K/3065K, paused 3ms+45ms
I/ActivityThread(  169): Pub contacts;com.android.contacts: com.android.providers.contacts.ContactsProvider2
I/ActivityManager(   61): Start proc com.android.protips for broadcast com.android.protips/.ProtipWidget: pid=192 uid=10024 gids={}
D/dalvikvm(  128): GC_EXTERNAL_ALLOC freed 60K, 51% free 2764K/5639K, external 1567K/1572K, paused 249ms
D/TelephonyProvider(  121): Setting numeric '310260' to be the current operator
I/TelephonyRegistry(   61): notifyDataConnection: state=1 isDataConnectivityPossible=true reason=simLoaded interfaceName=null networkType=3
I/TelephonyRegistry(   61): notifyDataConnection: state=2 isDataConnectivityPossible=true reason=simLoaded interfaceName=/dev/omap_csmi_tty1 networkType=3
D/Tethering(   61): MasterInitialState.processMessage what=3
D/SntpClient(   61): request time failed: java.net.SocketException: Address family not supported by protocol
D/dalvikvm(  121): GC_CONCURRENT freed 456K, 52% free 2900K/6023K, external 716K/1038K, paused 3ms+33ms
I/ActivityManager(   61): Start proc com.android.music for broadcast com.android.music/.MediaAppWidgetProvider: pid=202 uid=10005 gids={3003, 1015}
D/dalvikvm(   33): GC_EXPLICIT freed 10K, 53% free 2538K/5379K, external 716K/1038K, paused 118ms
D/dalvikvm(  128): GC_EXTERNAL_ALLOC freed 47K, 51% free 2790K/5639K, external 2079K/2085K, paused 158ms
D/dalvikvm(   33): GC_EXPLICIT freed <1K, 53% free 2538K/5379K, external 716K/1038K, paused 132ms
I/ActivityThread(  169): Pub call_log: com.android.providers.contacts.CallLogProvider
I/ActivityThread(  169): Pub user_dictionary: com.android.providers.userdictionary.UserDictionaryProvider
D/dalvikvm(   33): GC_EXPLICIT freed <1K, 53% free 2538K/5379K, external 716K/1038K, paused 163ms
D/dalvikvm(  128): GC_EXPLICIT freed 23K, 51% free 2806K/5639K, external 2387K/2620K, paused 95ms
D/dalvikvm(  202): GC_CONCURRENT freed 410K, 54% free 2634K/5639K, external 716K/1038K, paused 2ms+15ms
D/dalvikvm(   61): GREF has increased to 301
I/ActivityManager(   61): Start proc com.android.quicksearchbox for broadcast com.android.quicksearchbox/.SearchWidgetProvider: pid=212 uid=10002 gids={3003}
I/ActivityThread(  212): Pub com.android.quicksearchbox.google: com.android.quicksearchbox.google.GoogleSuggestionProvider
I/ActivityThread(  212): Pub com.android.quicksearchbox.shortcuts: com.android.quicksearchbox.ShortcutsProvider
I/ActivityManager(   61): Start proc android.process.media for broadcast com.android.providers.downloads/.DownloadReceiver: pid=222 uid=10000 gids={1015, 1006, 2001, 3003}
I/ActivityThread(  222): Pub media: com.android.providers.media.MediaProvider
V/MediaProvider(  222): Attached volume: internal
I/ActivityThread(  222): Pub downloads: com.android.providers.downloads.DownloadProvider
I/ActivityThread(  222): Pub drm: com.android.providers.drm.DrmProvider
D/dalvikvm(  128): GC_EXTERNAL_ALLOC freed 107K, 48% free 2979K/5703K, external 2618K/2620K, paused 42ms
I/SurfaceFlinger(   61): Boot is finished (10878 ms)
D/OtaStartupReceiver(  121): Not a CDMA phone, no need to process OTA
D/PowerManagerService(   61): bootCompleted
I/ARMAssembler(   61): generated scanline__00000177:03010104_00000002_00000000 [ 44 ipp] (66 ins) at [0x46efd290:0x46efd398] in 589733 ns
I/ARMAssembler(   61): generated scanline__00000177:03515104_00000001_00000000 [ 73 ipp] (95 ins) at [0x46efd3a0:0x46efd51c] in 561935 ns
D/VoldCmdListener(   29): volume mount /mnt/sdcard
I/Vold    (   29): /dev/block/vold/179:0 being considered for volume sdcard
D/Vold    (   29): Volume sdcard state changing 1 (Idle-Unmounted) -> 3 (Checking)
I/StorageNotification(  106): Media {/mnt/sdcard} state changed from {unmounted} -> {checking}
I/RecoverySystem(   61): No recovery log file
D/dalvikvm(   61): GC_CONCURRENT freed 852K, 46% free 4163K/7623K, external 1865K/3065K, paused 3ms+20ms
I/ActivityManager(   61): Start proc com.android.mms for broadcast com.android.mms/.transaction.MmsSystemEventReceiver: pid=238 uid=10015 gids={3003, 1015}
I/SearchManagerService(   61): Building list of searchable activities
D/dalvikvm(   61): GC_EXPLICIT freed 64K, 46% free 4126K/7623K, external 1865K/3065K, paused 152ms
I/ActivityThread(  238): Pub com.android.mms.SuggestionsProvider: com.android.mms.SuggestionsProvider
I/ActivityManager(   61): Start proc com.android.email for broadcast com.android.email/.service.EmailBroadcastReceiver: pid=266 uid=10028 gids={3003, 1015}
I//system/bin/fsck_msdos(   29): ** /dev/block/vold/179:0
D/AndroidRuntime(  252): 
D/AndroidRuntime(  252): >>>>>> AndroidRuntime START com.android.internal.os.RuntimeInit <<<<<<
D/AndroidRuntime(  252): CheckJNI is ON
I/ActivityThread(  266): Pub com.android.email.provider: com.android.email.provider.EmailProvider
I/ActivityThread(  266): Pub com.android.email.attachmentprovider: com.android.email.provider.AttachmentProvider
I/ActivityThread(  266): Pub com.android.exchange.provider: com.android.exchange.provider.ExchangeProvider
D/EAS SyncManager(  266): !!! EAS SyncManager, onCreate
D/AndroidRuntime(  252): Calling main entry com.android.commands.am.Am
I/ActivityManager(   61): Force stopping package org.wordpress.android uid=10034
I/ActivityManager(   61): Start proc org.wordpress.android for added application org.wordpress.android: pid=287 uid=10034 gids={3003, 1006, 1015}
D/szipinf (  287): Initializing inflate state
D/nofatclips(  287): Updating node 
D/nofatclips(  287): Loading node 
I/nofatclips(  287): Preferences file found.
V/nofatclips(  287): Updating value ACTIVITY_DESCRIPTION_IN_SESSION
V/nofatclips(  287): Updating value ADDITIONAL_CRITERIAS
V/nofatclips(  287): Updating value ADDITIONAL_EVENTS
V/nofatclips(  287): Updating value ADDITIONAL_INPUTS
V/nofatclips(  287): Updating value CLASS_NAME
D/nofatclips(  287): Updated value of parameter CLASS_NAME to org.wordpress.android.Dashboard (default = app.package.class)
V/nofatclips(  287): Updating value ENABLE_RESUME
V/nofatclips(  287): Updating value PACKAGE_NAME
D/nofatclips(  287): Updated value of parameter PACKAGE_NAME to org.wordpress.android (default = app.package)
V/nofatclips(  287): Updating value RANDOM_SEED
D/nofatclips(  287): Updated value of parameter RANDOM_SEED to -2604608063414637396 (default = 5466516511651561651)
V/nofatclips(  287): Updating value RETRY_FAILED_TRACES
V/nofatclips(  287): Updating value theClass
D/nofatclips(  287): Updating node scheduler
D/nofatclips(  287): Loading node scheduler
V/nofatclips(  287): Updating value ALL_EVENTS_ON_PREFERENCES
V/nofatclips(  287): Updating value BACK_BUTTON_EVENT
V/nofatclips(  287): Updating value DICTIONARY_FIXED_VALUE
V/nofatclips(  287): Updating value DICTIONARY_IGNORE_CONTENT_TYPES
V/nofatclips(  287): Updating value EMULATOR_PORT
V/nofatclips(  287): Updating value EVENTS
D/nofatclips(  287): Updated values of array parameter EVENTS
V/nofatclips(  287): Updating value EVENT_WHEN_NO_ID
V/nofatclips(  287): Updating value EXCLUDE_WIDGETS_INPUTS_IN_GPS_EVENTS
V/nofatclips(  287): Updating value EXCLUDE_WIDGETS_INPUTS_IN_SENSORS_EVENTS
V/nofatclips(  287): Updating value INPUTS
D/nofatclips(  287): Updated values of array parameter INPUTS
V/nofatclips(  287): Updating value KEY_EVENTS
V/nofatclips(  287): Updating value MAX_EVENTS_PER_WIDGET
V/nofatclips(  287): Updating value MAX_TASKS_IN_SCHEDULER
D/nofatclips(  287): Updated value of parameter MAX_TASKS_IN_SCHEDULER to 2 (default = 0)
V/nofatclips(  287): Updating value MAX_TASKS_PER_EVENT
V/nofatclips(  287): Updating value MENU_EVENTS
V/nofatclips(  287): Updating value ORIENTATION_EVENTS
V/nofatclips(  287): Updating value PLANNER
V/nofatclips(  287): Updating value REFLECT_ACTIVITY_LISTENERS
V/nofatclips(  287): Updating value REFLECT_WIDGETS
V/nofatclips(  287): Updating value SCHEDULER_ALGORITHM
D/nofatclips(  287): Updated value of parameter SCHEDULER_ALGORITHM to DEPTH_FIRST (default = BREADTH_FIRST)
V/nofatclips(  287): Updating value SCROLL_DOWN_EVENT
V/nofatclips(  287): Updating value SENSOR_TYPES
V/nofatclips(  287): Updating value SIMULATE_INCOMING_CALL
V/nofatclips(  287): Updating value SIMULATE_INCOMING_SMS
V/nofatclips(  287): Updating value TAB_EVENTS_START_ONLY
V/nofatclips(  287): Updating value TEST_LOCATION_PROVIDER
V/nofatclips(  287): Updating value TEXT_VALUES_FROM_DICTIONARY
V/nofatclips(  287): Updating value TEXT_VALUES_ID_HASH
V/nofatclips(  287): Updating value USE_GPS
V/nofatclips(  287): Updating value USE_SENSORS
D/nofatclips(  287): Updating node planner
D/nofatclips(  287): Loading node planner
V/nofatclips(  287): Updating value ALL_EVENTS_ON_PREFERENCES
V/nofatclips(  287): Updating value BACK_BUTTON_EVENT
V/nofatclips(  287): Updating value DICTIONARY_FIXED_VALUE
V/nofatclips(  287): Updating value DICTIONARY_IGNORE_CONTENT_TYPES
V/nofatclips(  287): Updating value EMULATOR_PORT
V/nofatclips(  287): Updating value EVENTS
D/nofatclips(  287): Updated values of array parameter EVENTS
V/nofatclips(  287): Updating value EVENT_WHEN_NO_ID
V/nofatclips(  287): Updating value EXCLUDE_WIDGETS_INPUTS_IN_GPS_EVENTS
V/nofatclips(  287): Updating value EXCLUDE_WIDGETS_INPUTS_IN_SENSORS_EVENTS
V/nofatclips(  287): Updating value INPUTS
D/nofatclips(  287): Updated values of array parameter INPUTS
V/nofatclips(  287): Updating value KEY_EVENTS
V/nofatclips(  287): Updating value MAX_EVENTS_PER_WIDGET
V/nofatclips(  287): Updating value MAX_TASKS_IN_SCHEDULER
V/nofatclips(  287): Updating value MAX_TASKS_PER_EVENT
V/nofatclips(  287): Updating value MENU_EVENTS
V/nofatclips(  287): Updating value ORIENTATION_EVENTS
V/nofatclips(  287): Updating value PLANNER
V/nofatclips(  287): Updating value REFLECT_ACTIVITY_LISTENERS
V/nofatclips(  287): Updating value REFLECT_WIDGETS
V/nofatclips(  287): Updating value SCHEDULER_ALGORITHM
V/nofatclips(  287): Updating value SCROLL_DOWN_EVENT
V/nofatclips(  287): Updating value SENSOR_TYPES
V/nofatclips(  287): Updating value SIMULATE_INCOMING_CALL
V/nofatclips(  287): Updating value SIMULATE_INCOMING_SMS
V/nofatclips(  287): Updating value TAB_EVENTS_START_ONLY
V/nofatclips(  287): Updating value TEST_LOCATION_PROVIDER
V/nofatclips(  287): Updating value TEXT_VALUES_FROM_DICTIONARY
V/nofatclips(  287): Updating value TEXT_VALUES_ID_HASH
D/nofatclips(  287): Updated value of parameter TEXT_VALUES_ID_HASH to true (default = false)
V/nofatclips(  287): Updating value USE_GPS
V/nofatclips(  287): Updating value USE_SENSORS
D/nofatclips(  287): Updating node interactions
D/nofatclips(  287): Loading node interactions
I/InputReader(   61): Device reconfigured: id=0x0, name=qwerty2, display size is now 320x480
I/InputManager-Callbacks(   61): No virtual keys found for device qwerty2.
V/nofatclips(  287): Updating value ALL_EVENTS_ON_PREFERENCES
V/nofatclips(  287): Updating value BACK_BUTTON_EVENT
V/nofatclips(  287): Updating value DICTIONARY_FIXED_VALUE
V/nofatclips(  287): Updating value DICTIONARY_IGNORE_CONTENT_TYPES
V/nofatclips(  287): Updating value EMULATOR_PORT
V/nofatclips(  287): Updating value EVENTS
D/nofatclips(  287): Updated values of array parameter EVENTS
V/nofatclips(  287): Updating value EVENT_WHEN_NO_ID
V/nofatclips(  287): Updating value EXCLUDE_WIDGETS_INPUTS_IN_GPS_EVENTS
V/nofatclips(  287): Updating value EXCLUDE_WIDGETS_INPUTS_IN_SENSORS_EVENTS
V/nofatclips(  287): Updating value INPUTS
D/nofatclips(  287): Updated values of array parameter INPUTS
V/nofatclips(  287): Updating value KEY_EVENTS
V/nofatclips(  287): Updating value MAX_EVENTS_PER_WIDGET
V/nofatclips(  287): Updating value MAX_TASKS_IN_SCHEDULER
V/nofatclips(  287): Updating value MAX_TASKS_PER_EVENT
V/nofatclips(  287): Updating value MENU_EVENTS
V/nofatclips(  287): Updating value ORIENTATION_EVENTS
V/nofatclips(  287): Updating value PLANNER
V/nofatclips(  287): Updating value REFLECT_ACTIVITY_LISTENERS
V/nofatclips(  287): Updating value REFLECT_WIDGETS
V/nofatclips(  287): Updating value SCHEDULER_ALGORITHM
V/nofatclips(  287): Updating value SCROLL_DOWN_EVENT
V/nofatclips(  287): Updating value SENSOR_TYPES
V/nofatclips(  287): Updating value SIMULATE_INCOMING_CALL
V/nofatclips(  287): Updating value SIMULATE_INCOMING_SMS
V/nofatclips(  287): Updating value TAB_EVENTS_START_ONLY
V/nofatclips(  287): Updating value TEST_LOCATION_PROVIDER
V/nofatclips(  287): Updating value TEXT_VALUES_FROM_DICTIONARY
V/nofatclips(  287): Updating value TEXT_VALUES_ID_HASH
V/nofatclips(  287): Updating value USE_GPS
V/nofatclips(  287): Updating value USE_SENSORS
D/nofatclips(  287): Updating node comparator
D/nofatclips(  287): Loading node comparator
V/nofatclips(  287): Updating value COMPARATOR
V/nofatclips(  287): Updating value COMPARATOR_TYPE
V/nofatclips(  287): Updating value COMPARE_ACTIVITY_NAME
V/nofatclips(  287): Updating value COMPARE_LIST_COUNT
V/nofatclips(  287): Updating value COMPARE_MENU_COUNT
D/nofatclips(  287): Updated value of parameter COMPARE_MENU_COUNT to false (default = true)
V/nofatclips(  287): Updating value COMPARE_STATE_TITLE
V/nofatclips(  287): Updating value COMPARE_VALUES
V/nofatclips(  287): Updating value WIDGET_TYPES
D/nofatclips(  287): Updating node strategy
D/nofatclips(  287): Loading node strategy
V/nofatclips(  287): Updating value AFTER_EVENT_DONT_EXPLORE
V/nofatclips(  287): Updating value AFTER_WIDGET_DONT_EXPLORE
V/nofatclips(  287): Updating value CHECK_FOR_TRANSITION
V/nofatclips(  287): Updating value EXPLORE_ONLY_NEW_STATES
D/nofatclips(  287): Updated value of parameter EXPLORE_ONLY_NEW_STATES to false (default = true)
V/nofatclips(  287): Updating value MAX_NUM_TRACES
D/nofatclips(  287): Updated value of parameter MAX_NUM_TRACES to 100 (default = 0)
V/nofatclips(  287): Updating value MAX_TIME_CRAWLING
V/nofatclips(  287): Updating value PAUSE_AFTER_TIME
V/nofatclips(  287): Updating value PAUSE_AFTER_TRACES
V/nofatclips(  287): Updating value TRACE_MAX_DEPTH
V/nofatclips(  287): Updating value TRACE_MIN_DEPTH
D/nofatclips(  287): Starting random testing
I/ARMAssembler(   61): generated scanline__00000177:03515104_00001001_00000000 [ 91 ipp] (114 ins) at [0x46efd520:0x46efd6e8] in 598714 ns
I/TestRunner(  287): started: testAndCrawl(com.nofatclips.crawler.guitree.NomadEngine)
I/ActivityManager(   61): Starting: Intent { act=android.intent.action.MAIN flg=0x10000000 cmp=org.wordpress.android/.Dashboard } from pid 287
D/szipinf (   61): Initializing inflate state
I/ARMAssembler(   61): generated scanline__00000177:03515104_00001002_00000000 [ 87 ipp] (110 ins) at [0x46efd6f0:0x46efd8a8] in 352386 ns
I/ActivityManager(   61): Displayed com.android.launcher/com.android.launcher2.Launcher: +11s421ms
D/dalvikvm(  287): GC_EXTERNAL_ALLOC freed 402K, 53% free 2736K/5767K, external 716K/1038K, paused 121ms
D/dalvikvm(  287): GC_EXTERNAL_ALLOC freed 115K, 49% free 2946K/5767K, external 1407K/1623K, paused 44ms
I/ActivityManager(   61): Displayed org.wordpress.android/.Dashboard: +1s264ms
I//system/bin/fsck_msdos(   29): ** Phase 1 - Read and Compare FATs
I//system/bin/fsck_msdos(   29): Attempting to allocate 397 KB for FAT
D/MediaScannerService(  222): start scanning volume internal
D/nofatclips(  287): Generated Resuming Persistence
I/dalvikvm(  287): Could not find method android.app.Activity.getFragmentManager, referenced from method com.jayway.android.robotium.solo.Waiter.getFragment
W/dalvikvm(  287): VFY: unable to resolve virtual method 7: Landroid/app/Activity;.getFragmentManager ()Landroid/app/FragmentManager;
D/dalvikvm(  287): VFY: replacing opcode 0x6e at 0x0008
I/dalvikvm(  287): Could not find method android.app.Activity.getFragmentManager, referenced from method com.jayway.android.robotium.solo.Waiter.getFragment
W/dalvikvm(  287): VFY: unable to resolve virtual method 7: Landroid/app/Activity;.getFragmentManager ()Landroid/app/FragmentManager;
D/dalvikvm(  287): VFY: replacing opcode 0x6e at 0x0017
W/dalvikvm(  287): VFY: unable to find class referenced in signature (Landroid/app/Fragment;)
D/dalvikvm(  287): VFY: dead code 0x000b-000f in Lcom/jayway/android/robotium/solo/Waiter;.getFragment (Ljava/lang/String;I)Landroid/app/Fragment;
D/dalvikvm(  287): VFY: dead code 0x001a-001f in Lcom/jayway/android/robotium/solo/Waiter;.getFragment (Ljava/lang/String;I)Landroid/app/Fragment;
W/dalvikvm(  287): VFY: unable to find class referenced in signature (Landroid/app/Fragment;)
D/dalvikvm(  238): GC_CONCURRENT freed 488K, 54% free 2726K/5831K, external 716K/1038K, paused 3ms+4ms
D/Eas Debug(  266): Logging: 
D/dalvikvm(  266): GC_CONCURRENT freed 494K, 53% free 2741K/5831K, external 716K/1038K, paused 3ms+3ms
D/EAS SyncManager(  266): !!! EAS SyncManager, onDestroy
D/Email   (  266): BOOT_COMPLETED
I//system/bin/fsck_msdos(   29): Attempting to allocate 397 KB for FAT
D/EAS SyncManager(  266): !!! EAS SyncManager, onCreate
D/EAS SyncManager(  266): !!! EAS SyncManager, onStartCommand
D/EAS SyncManager(  266): !!! EAS SyncManager, stopping self
D/EAS SyncManager(  266): !!! EAS SyncManager, onDestroy
I//system/bin/fsck_msdos(   29): ** Phase 2 - Check Cluster Chains
I//system/bin/fsck_msdos(   29): ** Phase 3 - Checking Directories
I//system/bin/fsck_msdos(   29): ** Phase 4 - Checking for Lost Files
I//system/bin/fsck_msdos(   29): Next free cluster in FSInfo block (6) not free
I//system/bin/fsck_msdos(   29): FIXED
I//system/bin/fsck_msdos(   29): 4 files, 50388 free (100776 clusters)
I/Vold    (   29): Filesystem check completed OK
I/Vold    (   29): Device /dev/block/vold/179:0, target /mnt/sdcard mounted @ /mnt/secure/staging
D/Vold    (   29): Volume sdcard state changing 3 (Checking) -> 4 (Mounted)
I/PackageManager(   61): Updating external media status from unmounted to mounted
I/StorageNotification(  106): Media {/mnt/sdcard} state changed from {checking} -> {mounted}
D/VoldCmdListener(   29): asec list
I/PackageManager(   61): No secure containers on sdcard
W/PackageManager(   61): Unknown permission com.google.android.googleapps.permission.GOOGLE_AUTH.mail in package com.android.contacts
W/PackageManager(   61): Unknown permission android.permission.ADD_SYSTEM_SERVICE in package com.android.phone
W/PackageManager(   61): Not granting permission android.permission.SEND_DOWNLOAD_COMPLETED_INTENTS to package com.android.browser (protectionLevel=2 flags=0x9be45)
W/PackageManager(   61): Unknown permission com.google.android.gm.permission.WRITE_GMAIL in package com.android.settings
D/nofatclips(  287): Updating node automation
D/nofatclips(  287): Loading node automation
V/nofatclips(  287): Updating value FORCE_RESTART
V/nofatclips(  287): Updating value IN_AND_OUT_FOCUS
V/nofatclips(  287): Updating value PRECRAWLING
V/nofatclips(  287): Updating value SCREENSHOT_FOR_EVENTS
V/nofatclips(  287): Updating value SCREENSHOT_FOR_STATES
V/nofatclips(  287): Updating value SCREENSHOT_ONLY_NEW_STATES
V/nofatclips(  287): Updating value SLEEP_AFTER_EVENT
D/nofatclips(  287): Updated value of parameter SLEEP_AFTER_EVENT to 100 (default = 1000)
V/nofatclips(  287): Updating value SLEEP_AFTER_RESTART
D/nofatclips(  287): Updated value of parameter SLEEP_AFTER_RESTART to 100 (default = 1000)
V/nofatclips(  287): Updating value SLEEP_AFTER_TASK
D/nofatclips(  287): Updated value of parameter SLEEP_AFTER_TASK to 100 (default = 1000)
V/nofatclips(  287): Updating value SLEEP_ON_THROBBER
D/nofatclips(  287): Updated value of parameter SLEEP_ON_THROBBER to 100 (default = 1000)
D/nofatclips(  287): Updating node screenshot
D/nofatclips(  287): Loading node screenshot
V/nofatclips(  287): Updating value FORCE_RESTART
V/nofatclips(  287): Updating value IN_AND_OUT_FOCUS
V/nofatclips(  287): Updating value PRECRAWLING
V/nofatclips(  287): Updating value SCREENSHOT_FOR_EVENTS
V/nofatclips(  287): Updating value SCREENSHOT_FOR_STATES
V/nofatclips(  287): Updating value SCREENSHOT_ONLY_NEW_STATES
V/nofatclips(  287): Updating value SLEEP_AFTER_EVENT
V/nofatclips(  287): Updating value SLEEP_AFTER_RESTART
V/nofatclips(  287): Updating value SLEEP_AFTER_TASK
V/nofatclips(  287): Updating value SLEEP_ON_THROBBER
I/nofatclips(  287): Waiting for 100 msec.
W/PackageManager(   61): Unknown permission com.google.android.gm.permission.READ_GMAIL in package com.android.settings
W/PackageManager(   61): Unknown permission com.google.android.googleapps.permission.GOOGLE_AUTH in package com.android.settings
W/PackageManager(   61): Unknown permission com.google.android.googleapps.permission.GOOGLE_AUTH in package com.android.providers.contacts
W/PackageManager(   61): Unknown permission com.google.android.googleapps.permission.GOOGLE_AUTH.cp in package com.android.providers.contacts
W/PackageManager(   61): Unknown permission com.google.android.googleapps.permission.ACCESS_GOOGLE_PASSWORD in package com.android.development
W/PackageManager(   61): Unknown permission com.google.android.googleapps.permission.GOOGLE_AUTH in package com.android.development
W/PackageManager(   61): Unknown permission com.google.android.googleapps.permission.GOOGLE_AUTH.ALL_SERVICES in package com.android.development
W/PackageManager(   61): Unknown permission com.google.android.googleapps.permission.GOOGLE_AUTH.YouTubeUser in package com.android.development
W/PackageManager(   61): Unknown permission android.permission.READ_OWNER_DATA in package com.android.email
W/PackageManager(   61): Not granting permission android.permission.DEVICE_POWER to package com.android.deskclock (protectionLevel=2 flags=0x8be45)
D/nofatclips(  287): Ready to operate after restarting...
I/nofatclips(  287): Current activity is Dashboard
W/nofatclips(  287): --->Dashboard
D/dalvikvm(  287): GC_CONCURRENT freed 230K, 49% free 2993K/5831K, external 1812K/2324K, paused 3ms+3ms
I/nofatclips(  287): Retrieving widgets
D/nofatclips(  287): Found widget: id=16908290 (android.widget.FrameLayout@405a1280)
D/nofatclips(  287): Found widget: id=2131165248 (android.widget.RelativeLayout@405a1f80)
D/nofatclips(  287): Found widget: id=2131165249 (android.widget.LinearLayout@405a25e8)
D/nofatclips(  287): Found widget: id=-1 (android.widget.ImageView@405a2b30)
D/nofatclips(  287): Found widget: id=2131165250 (org.wordpress.android.util.WPTitleBar@4059c508)
D/nofatclips(  287): Found widget: id=2131165195 (android.widget.RelativeLayout@4050eb88)
D/nofatclips(  287): Found widget: id=2131165196 (android.widget.RelativeLayout@40568e38)
D/nofatclips(  287): Found widget: id=2131165197 (android.widget.ImageView@4059d7a0)
D/nofatclips(  287): Found widget: id=2131165198 (android.widget.TextView@405421a8): Katie's Sweet Testing Blog
D/nofatclips(  287): Found widget: id=2131165199 (android.widget.ImageView@4055da38)
D/nofatclips(  287): Found widget: id=-1 (android.widget.RelativeLayout@40579da0)
D/nofatclips(  287): Found widget: id=2131165200 (android.widget.ImageButton@4059dcc8)
D/nofatclips(  287): Found widget: id=-1 (android.widget.FrameLayout@4057b250)
D/nofatclips(  287): Found widget: id=2131165201 (android.widget.Button@40542b70): 
D/nofatclips(  287): Found widget: id=2131165202 (android.widget.ImageView@40594100)
D/nofatclips(  287): Found widget: id=2131165203 (android.widget.ImageView@4053d368)
D/nofatclips(  287): Found widget: id=2131165204 (android.widget.LinearLayout@40569a40)
D/nofatclips(  287): Found widget: id=-1 (android.widget.FrameLayout@4059d538)
D/nofatclips(  287): Found widget: id=-1 (android.widget.LinearLayout@40530510)
D/nofatclips(  287): Found widget: id=-1 (android.widget.LinearLayout@4050e998)
D/nofatclips(  287): Found widget: id=-1 (android.widget.LinearLayout@4052fb30)
D/nofatclips(  287): Found widget: id=2131165251 (android.widget.LinearLayout@405301e8)
D/nofatclips(  287): Found widget: id=-1 (android.widget.ImageView@40590ba8)
D/nofatclips(  287): Found widget: id=2131165256 (android.widget.TextView@4056b738): New Post
D/nofatclips(  287): Found widget: id=2131165253 (android.widget.LinearLayout@4059c740)
D/nofatclips(  287): Found widget: id=-1 (android.widget.ImageView@40531550)
D/nofatclips(  287): Found widget: id=2131165256 (android.widget.TextView@4056c070): New Page
D/nofatclips(  287): Found widget: id=-1 (android.widget.LinearLayout@40533808)
D/nofatclips(  287): Found widget: id=2131165252 (android.widget.LinearLayout@405311f8)
D/nofatclips(  287): Found widget: id=-1 (android.widget.ImageView@40539700)
D/nofatclips(  287): Found widget: id=2131165256 (android.widget.TextView@40578268): Quick Photo
D/nofatclips(  287): Found widget: id=2131165254 (android.widget.LinearLayout@40547d78)
D/nofatclips(  287): Found widget: id=-1 (android.widget.ImageView@405320f0)
D/nofatclips(  287): Found widget: id=2131165256 (android.widget.TextView@40578ad8): Quick Video
D/nofatclips(  287): Found widget: id=-1 (android.widget.LinearLayout@4052efa0)
D/nofatclips(  287): Found widget: id=-1 (android.widget.LinearLayout@405347c0)
D/nofatclips(  287): Found widget: id=2131165255 (android.widget.LinearLayout@40535a88)
D/nofatclips(  287): Found widget: id=-1 (android.widget.ImageView@40543130)
D/nofatclips(  287): Found widget: id=2131165256 (android.widget.TextView@40579160): Posts
D/nofatclips(  287): Found widget: id=2131165257 (android.widget.LinearLayout@405464f0)
D/nofatclips(  287): Found widget: id=-1 (android.widget.ImageView@40569168)
D/nofatclips(  287): Found widget: id=2131165256 (android.widget.TextView@40537db8): Pages
D/nofatclips(  287): Found widget: id=-1 (android.widget.FrameLayout@40540a70)
D/nofatclips(  287): Found widget: id=2131165258 (android.widget.LinearLayout@40544cb0)
D/nofatclips(  287): Found widget: id=-1 (android.widget.ImageView@40540750)
D/nofatclips(  287): Found widget: id=2131165256 (android.widget.TextView@40539d68): Comments
D/nofatclips(  287): Found widget: id=2131165259 (android.widget.FrameLayout@40546ac0)
D/nofatclips(  287): Found widget: id=2131165260 (android.widget.ImageView@405473e0)
D/nofatclips(  287): Found widget: id=2131165261 (org.wordpress.android.util.CommentBadgeTextView@4053ad80): 0
D/nofatclips(  287): Found widget: id=-1 (android.widget.LinearLayout@40541178)
D/nofatclips(  287): Found widget: id=2131165262 (android.widget.LinearLayout@40541f60)
D/nofatclips(  287): Found widget: id=-1 (android.widget.ImageView@40544640)
D/nofatclips(  287): Found widget: id=2131165256 (android.widget.TextView@405413a0): Settings
D/nofatclips(  287): Found widget: id=2131165263 (android.widget.LinearLayout@40545fa0)
D/nofatclips(  287): Found widget: id=-1 (android.widget.ImageView@405619f0)
D/nofatclips(  287): Found widget: id=2131165256 (android.widget.TextView@405436e0): Read
D/nofatclips(  287): Found widget: id=2131165264 (android.widget.LinearLayout@40562370)
D/nofatclips(  287): Found widget: id=-1 (android.widget.ImageView@405659b0)
D/nofatclips(  287): Found widget: id=2131165256 (android.widget.TextView@40550438): Stats
D/nofatclips(  287): Found widget: id=-1 (com.android.internal.policy.impl.PhoneWindow$DecorView@405a0980)
V/nicola  (  287): TextualID : blog_title
V/nicola  (  287): ContentType detected : default
V/nicola  (  287): TextualID : action_refresh
V/nicola  (  287): ContentType detected : default
V/nicola  (  287): TextualID : button_text
V/nicola  (  287): ContentType detected : default
V/nicola  (  287): TextualID : button_text
V/nicola  (  287): ContentType detected : default
V/nicola  (  287): TextualID : button_text
V/nicola  (  287): ContentType detected : default
V/nicola  (  287): TextualID : button_text
V/nicola  (  287): ContentType detected : default
V/nicola  (  287): TextualID : button_text
V/nicola  (  287): ContentType detected : default
V/nicola  (  287): TextualID : button_text
V/nicola  (  287): ContentType detected : default
V/nicola  (  287): TextualID : button_text
V/nicola  (  287): ContentType detected : default
V/nicola  (  287): TextualID : button_text
V/nicola  (  287): ContentType detected : default
V/nicola  (  287): TextualID : button_text
V/nicola  (  287): ContentType detected : default
V/nicola  (  287): TextualID : button_text
V/nicola  (  287): ContentType detected : default
I/nofatclips(  287): Attempting to resume previous session
I/nofatclips(  287): Memoryless engine: the task file will not be loaded. Looking for crashed traces.
I/nofatclips(  287): Reading task file
V/nofatclips(  287): Discarding trace #53
I/nofatclips(  287): Stateless comparator: the state file will not be loaded.
D/dalvikvm(  287): GetFieldID: unable to find field Ljava/util/Hashtable;.loadFactor:F
D/dalvikvm(  287): GetFieldID: unable to find field Ljava/util/Hashtable;.loadFactor:F
D/dalvikvm(  287): GetFieldID: unable to find field Ljava/util/Hashtable;.loadFactor:F
D/dalvikvm(  287): GetFieldID: unable to find field Ljava/util/Hashtable;.loadFactor:F
D/dalvikvm(  287): GetFieldID: unable to find field Ljava/util/Hashtable;.loadFactor:F
D/dalvikvm(  287): GetFieldID: unable to find field Ljava/util/Hashtable;.loadFactor:F
D/nofatclips(  287): Backup session footer restored to 
D/nofatclips(  287): </SESSION>
D/nofatclips(  287): Restored random counter to: 57
D/nofatclips(  287): Restored trace count to 55
D/nofatclips(  287): Current step countdown restored to 95
D/nofatclips(  287): Restored abstractor counters to: event = 57 - input = 0 - activity = 6
I/nofatclips(  287): Saving the session on disk.
D/dalvikvm(  287): GC_CONCURRENT freed 624K, 51% free 3167K/6407K, external 1812K/2324K, paused 4ms+4ms
I/nofatclips(  287): Planning for new Activity Dashboard
D/nofatclips(  287): Handling event 'click' on widget id=2131165200 type=button name=
D/nofatclips(  287): Handling event 'click' on widget id=2131165201 type=button name=
D/nofatclips(  287): Handling event 'click' on widget id=2131165204 type=linearLayout name=
D/nofatclips(  287): Handling event 'click' on widget id=2131165251 type=linearLayout name=
D/nofatclips(  287): Handling event 'click' on widget id=2131165253 type=linearLayout name=
D/nofatclips(  287): Handling event 'click' on widget id=2131165252 type=linearLayout name=
I/dalvikvm(  287): Jit: resizing JitTable from 512 to 1024
D/dalvikvm(  287): GC_CONCURRENT freed 629K, 51% free 3262K/6535K, external 1812K/2324K, paused 2ms+3ms
D/nofatclips(  287): Handling event 'click' on widget id=2131165254 type=linearLayout name=
D/nofatclips(  287): Handling event 'click' on widget id=2131165255 type=linearLayout name=
D/nofatclips(  287): Handling event 'click' on widget id=2131165257 type=linearLayout name=
D/nofatclips(  287): Handling event 'click' on widget id=2131165258 type=linearLayout name=
D/nofatclips(  287): Handling event 'click' on widget id=2131165262 type=linearLayout name=
D/nofatclips(  287): Handling event 'click' on widget id=2131165263 type=linearLayout name=
D/nofatclips(  287): Handling event 'click' on widget id=2131165264 type=linearLayout name=
D/dalvikvm(  287): GC_CONCURRENT freed 773K, 52% free 3260K/6663K, external 1812K/2324K, paused 2ms+3ms
W/ImageDownloader(  287): Error 404 while retrieving bitmap from http://gravatar.com/blavatar/44d338f29053dbb888da79dcf98df489?s=60&d=404
I/nofatclips(  287): Created trace to press the menu button
I/nofatclips(  287): Created trace to change orientation
I/nofatclips(  287): Dispatching new task. 2 more tasks remaining.
D/nofatclips(  287): Performing backup of the old task list on disk
D/nofatclips(  287): Saving task list on disk
V/nofatclips(  287): Backing up trace #68 to disk.
V/nofatclips(  287): Backing up trace #69 to disk.
D/nofatclips(  287): Deleting backup of the old task list from disk
I/nofatclips(  287): Restarting
D/MediaScanner(  222):  prescan time: 6764ms
D/MediaScanner(  222):     scan time: 42ms
D/MediaScanner(  222): postscan time: 9ms
D/MediaScanner(  222):    total time: 6815ms
D/dalvikvm(  222): GC_CONCURRENT freed 528K, 55% free 2647K/5831K, external 716K/1038K, paused 2ms+11ms
D/szipinf (  169): Initializing inflate state
D/dalvikvm(  169): GC_CONCURRENT freed 245K, 51% free 2796K/5703K, external 716K/1038K, paused 3ms+3ms
D/MediaScannerService(  222): done scanning volume internal
D/MediaScannerService(  222): start scanning volume external
V/MediaProvider(  222): /mnt/sdcard volume ID: 419235871
I/nofatclips(  287): Waiting for 100 msec.
D/dalvikvm(  121): GREF has increased to 201
D/szipinf (  128): Initializing inflate state
V/MediaProvider(  222): Attached volume: external
D/nofatclips(  287): Ready to operate after restarting...
I/nofatclips(  287): Retrieving widgets
D/nofatclips(  287): Found widget: id=16908290 (android.widget.FrameLayout@405a1280)
D/nofatclips(  287): Found widget: id=2131165248 (android.widget.RelativeLayout@405a1f80)
D/nofatclips(  287): Found widget: id=2131165249 (android.widget.LinearLayout@405a25e8)
D/nofatclips(  287): Found widget: id=-1 (android.widget.ImageView@405a2b30)
D/nofatclips(  287): Found widget: id=2131165250 (org.wordpress.android.util.WPTitleBar@4059c508)
D/nofatclips(  287): Found widget: id=2131165195 (android.widget.RelativeLayout@4050eb88)
D/nofatclips(  287): Found widget: id=2131165196 (android.widget.RelativeLayout@40568e38)
D/nofatclips(  287): Found widget: id=2131165197 (android.widget.ImageView@4059d7a0)
D/nofatclips(  287): Found widget: id=2131165198 (android.widget.TextView@405421a8): Katie's Sweet Testing Blog
D/nofatclips(  287): Found widget: id=2131165199 (android.widget.ImageView@4055da38)
D/nofatclips(  287): Found widget: id=-1 (android.widget.RelativeLayout@40579da0)
D/nofatclips(  287): Found widget: id=2131165200 (android.widget.ImageButton@4059dcc8)
D/nofatclips(  287): Found widget: id=-1 (android.widget.FrameLayout@4057b250)
D/nofatclips(  287): Found widget: id=2131165201 (android.widget.Button@40542b70): 
D/nofatclips(  287): Found widget: id=2131165202 (android.widget.ImageView@40594100)
D/nofatclips(  287): Found widget: id=2131165203 (android.widget.ImageView@4053d368)
D/nofatclips(  287): Found widget: id=2131165204 (android.widget.LinearLayout@40569a40)
D/nofatclips(  287): Found widget: id=-1 (android.widget.FrameLayout@4059d538)
D/nofatclips(  287): Found widget: id=-1 (android.widget.LinearLayout@40530510)
D/nofatclips(  287): Found widget: id=-1 (android.widget.LinearLayout@4050e998)
D/nofatclips(  287): Found widget: id=-1 (android.widget.LinearLayout@4052fb30)
D/nofatclips(  287): Found widget: id=2131165251 (android.widget.LinearLayout@405301e8)
D/nofatclips(  287): Found widget: id=-1 (android.widget.ImageView@40590ba8)
D/nofatclips(  287): Found widget: id=2131165256 (android.widget.TextView@4056b738): New Post
D/nofatclips(  287): Found widget: id=2131165253 (android.widget.LinearLayout@4059c740)
D/nofatclips(  287): Found widget: id=-1 (android.widget.ImageView@40531550)
D/nofatclips(  287): Found widget: id=2131165256 (android.widget.TextView@4056c070): New Page
D/nofatclips(  287): Found widget: id=-1 (android.widget.LinearLayout@40533808)
D/nofatclips(  287): Found widget: id=2131165252 (android.widget.LinearLayout@405311f8)
D/nofatclips(  287): Found widget: id=-1 (android.widget.ImageView@40539700)
D/nofatclips(  287): Found widget: id=2131165256 (android.widget.TextView@40578268): Quick Photo
D/nofatclips(  287): Found widget: id=2131165254 (android.widget.LinearLayout@40547d78)
D/nofatclips(  287): Found widget: id=-1 (android.widget.ImageView@405320f0)
D/nofatclips(  287): Found widget: id=2131165256 (android.widget.TextView@40578ad8): Quick Video
D/nofatclips(  287): Found widget: id=-1 (android.widget.LinearLayout@4052efa0)
D/nofatclips(  287): Found widget: id=-1 (android.widget.LinearLayout@405347c0)
D/nofatclips(  287): Found widget: id=2131165255 (android.widget.LinearLayout@40535a88)
D/nofatclips(  287): Found widget: id=-1 (android.widget.ImageView@40543130)
D/nofatclips(  287): Found widget: id=2131165256 (android.widget.TextView@40579160): Posts
D/nofatclips(  287): Found widget: id=2131165257 (android.widget.LinearLayout@405464f0)
D/nofatclips(  287): Found widget: id=-1 (android.widget.ImageView@40569168)
D/nofatclips(  287): Found widget: id=2131165256 (android.widget.TextView@40537db8): Pages
D/nofatclips(  287): Found widget: id=-1 (android.widget.FrameLayout@40540a70)
D/nofatclips(  287): Found widget: id=2131165258 (android.widget.LinearLayout@40544cb0)
D/nofatclips(  287): Found widget: id=-1 (android.widget.ImageView@40540750)
D/nofatclips(  287): Found widget: id=2131165256 (android.widget.TextView@40539d68): Comments
D/nofatclips(  287): Found widget: id=2131165259 (android.widget.FrameLayout@40546ac0)
D/nofatclips(  287): Found widget: id=2131165260 (android.widget.ImageView@405473e0)
D/nofatclips(  287): Found widget: id=2131165261 (org.wordpress.android.util.CommentBadgeTextView@4053ad80): 0
D/nofatclips(  287): Found widget: id=-1 (android.widget.LinearLayout@40541178)
D/nofatclips(  287): Found widget: id=2131165262 (android.widget.LinearLayout@40541f60)
D/nofatclips(  287): Found widget: id=-1 (android.widget.ImageView@40544640)
D/nofatclips(  287): Found widget: id=2131165256 (android.widget.TextView@405413a0): Settings
D/nofatclips(  287): Found widget: id=2131165263 (android.widget.LinearLayout@40545fa0)
D/nofatclips(  287): Found widget: id=-1 (android.widget.ImageView@405619f0)
D/nofatclips(  287): Found widget: id=2131165256 (android.widget.TextView@405436e0): Read
D/nofatclips(  287): Found widget: id=2131165264 (android.widget.LinearLayout@40562370)
D/nofatclips(  287): Found widget: id=-1 (android.widget.ImageView@405659b0)
D/nofatclips(  287): Found widget: id=2131165256 (android.widget.TextView@40550438): Stats
D/nofatclips(  287): Found widget: id=-1 (com.android.internal.policy.impl.PhoneWindow$DecorView@405a0980)
I/nofatclips(  287): Playing Trace 69
I/nofatclips(  287): Retrieved from return list id=2131165251
D/nofatclips(  287): Testing for type (android.widget.LinearLayout) against the original (android.widget.LinearLayout)
D/nofatclips(  287): Testing for name () against the original ()
I/nofatclips(  287): Firing event: type= click index=21 widget=android.widget.LinearLayout
I/dalvikvm(   61): Jit: resizing JitTable from 512 to 1024
D/dalvikvm(  287): GC_CONCURRENT freed 874K, 53% free 3216K/6727K, external 1812K/2324K, paused 3ms+5ms
D/dalvikvm(  128): GC_EXPLICIT freed 231K, 49% free 2982K/5831K, external 3075K/3257K, paused 42ms
V/MediaScanner(  222): pruneDeadThumbnailFiles... android.database.sqlite.SQLiteCursor@40591838
V/MediaScanner(  222): /pruneDeadThumbnailFiles... android.database.sqlite.SQLiteCursor@40591838
D/MediaScanner(  222):  prescan time: 318ms
D/MediaScanner(  222):     scan time: 2ms
D/MediaScanner(  222): postscan time: 10ms
D/MediaScanner(  222):    total time: 330ms
D/MediaScannerService(  222): done scanning volume external
D/nofatclips(  287): Event description: New Post
I/ActivityManager(   61): Starting: Intent { cmp=org.wordpress.android/.EditPost (has extras) } from pid 287
I/nofatclips(  287): Waiting for 100 msec.
I/ActivityManager(   61): Displayed org.wordpress.android/.EditPost: +1s808ms
I/nofatclips(  287): Current activity is EditPost
I/nofatclips(  287): Retrieving widgets
D/nofatclips(  287): Found widget: id=-1 (android.widget.LinearLayout@406460e0)
D/nofatclips(  287): Found widget: id=-1 (android.widget.FrameLayout@4062ac40)
D/nofatclips(  287): Found widget: id=16908310 (android.widget.TextView@40586aa0): Katie&#039;s Sweet Testing Blog - New Post
D/nofatclips(  287): Found widget: id=16908290 (android.widget.FrameLayout@40586d10)
D/nofatclips(  287): Found widget: id=-1 (android.widget.LinearLayout@40586e68)
D/nofatclips(  287): Found widget: id=-1 (android.widget.ScrollView@405521d0)
D/nofatclips(  287): Found widget: id=-1 (android.widget.LinearLayout@40552378)
D/nofatclips(  287): Found widget: id=2131165209 (android.widget.RelativeLayout@405524c8)
D/nofatclips(  287): Found widget: id=2131165210 (android.widget.TextView@4062d140): Post Content
D/nofatclips(  287): Found widget: id=2131165236 (android.widget.EditText@4062d3b0): 
D/nofatclips(  287): Found widget: id=2131165265 (org.wordpress.android.util.WPEditText@4062fed0): 
D/nofatclips(  287): Found widget: id=2131165266 (android.widget.RelativeLayout@4062d620)
D/nofatclips(  287): Found widget: id=2131165267 (android.widget.TextView@40630148): Tags & Categories
D/nofatclips(  287): Found widget: id=2131165268 (android.widget.EditText@405510f0): 
D/nofatclips(  287): Found widget: id=2131165269 (android.widget.Button@40551360): Select Categories
D/nofatclips(  287): Found widget: id=2131165270 (android.widget.TextView@405d11e0): Selected categories:
D/nofatclips(  287): Found widget: id=2131165271 (android.widget.RelativeLayout@406303b8)
D/nofatclips(  287): Found widget: id=2131165272 (android.widget.RelativeLayout@405d1450)
D/nofatclips(  287): Found widget: id=2131165273 (android.widget.TextView@4055b1b8): Location
D/nofatclips(  287): Found widget: id=2131165274 (android.widget.TextView@4065fbe8): Loading...
D/nofatclips(  287): Found widget: id=2131165275 (android.widget.Button@40571308): View Map
D/nofatclips(  287): Found widget: id=2131165276 (android.widget.Button@406425d8): Update Location
D/nofatclips(  287): Found widget: id=2131165277 (android.widget.RelativeLayout@4062df98)
D/nofatclips(  287): Found widget: id=2131165278 (android.widget.TextView@405d4f18): Settings
D/nofatclips(  287): Found widget: id=2131165279 (android.widget.TextView@4062e8f8): Status:
D/nofatclips(  287): Found widget: id=2131165280 (android.widget.Spinner@40656440)
D/nofatclips(  287): Found widget: id=2131165281 (android.widget.TextView@40670cc0): Publish:
D/nofatclips(  287): Found widget: id=2131165282 (android.widget.TextView@40671048): Immediately
D/nofatclips(  287): Found widget: id=2131165283 (android.widget.Button@4055ba18): Edit
D/nofatclips(  287): Found widget: id=2131165284 (android.widget.TextView@406531d0): Post Format:
D/nofatclips(  287): Found widget: id=2131165285 (android.widget.Spinner@40628f18)
D/nofatclips(  287): Found widget: id=16908308 (android.widget.TextView@405e4768): Standard
D/nofatclips(  287): Found widget: id=2131165286 (android.widget.EditText@406293e0): 
D/nofatclips(  287): Found widget: id=2131165287 (android.widget.Button@4060a3a0): Publish
D/nofatclips(  287): Found widget: id=-1 (com.android.internal.policy.impl.PhoneWindow$DecorView@4061dfe0)
V/nicola  (  287): TextualID : null
V/nicola  (  287): ContentType detected : default
V/nicola  (  287): TextualID : l_section1
V/nicola  (  287): ContentType detected : default
V/ReflectionHelper(  287): android.widget.EditText > mOnFocusChangeListener FOUND | NOT ACTIVE
V/nicola  (  287): TextualID : title
V/nicola  (  287): ContentType detected : default
V/ReflectionHelper(  287): org.wordpress.android.util.WPEditText > mOnFocusChangeListener FOUND | ACTIVE
V/nicola  (  287): TextualID : postContent
V/nicola  (  287): ContentType detected : default
V/nicola  (  287): TextualID : l_tags_categories
V/nicola  (  287): ContentType detected : default
V/ReflectionHelper(  287): android.widget.EditText > mOnFocusChangeListener FOUND | NOT ACTIVE
V/nicola  (  287): TextualID : tags
V/nicola  (  287): ContentType detected : default
V/nicola  (  287): TextualID : selectCategories
V/nicola  (  287): ContentType detected : default
V/nicola  (  287): TextualID : selectedCategories
V/nicola  (  287): ContentType detected : default
V/nicola  (  287): TextualID : l_status
V/nicola  (  287): ContentType detected : default
V/nicola  (  287): TextualID : statusLabel
V/nicola  (  287): ContentType detected : default
V/nicola  (  287): TextualID : pubDateLabel
V/nicola  (  287): ContentType detected : default
V/nicola  (  287): TextualID : pubDate
V/nicola  (  287): ContentType detected : default
V/nicola  (  287): TextualID : pubDateButton
V/nicola  (  287): ContentType detected : default
V/nicola  (  287): TextualID : postFormatLabel
V/nicola  (  287): ContentType detected : default
D/dalvikvm(  287): GC_CONCURRENT freed 666K, 50% free 3385K/6727K, external 2066K/2324K, paused 7ms+9ms
V/nicola  (  287): TextualID : null
V/nicola  (  287): ContentType detected : default
V/ReflectionHelper(  287): android.widget.EditText > mOnFocusChangeListener FOUND | NOT ACTIVE
V/nicola  (  287): TextualID : post_password
V/nicola  (  287): ContentType detected : default
V/nicola  (  287): TextualID : post
V/nicola  (  287): ContentType detected : default
I/nofatclips(  287): Performing comparation for activity EditPost
I/nofatclips(  287): Registering activity EditPost (id: a7) as a new found state
D/nofatclips(  287): Performing backup of the old activity list on disk
D/nofatclips(  287): Saving new found state 'a7' on disk
V/nofatclips(  287): Opening state file in append mode.
D/dalvikvm(  287): GC_EXTERNAL_ALLOC freed 173K, 50% free 3392K/6727K, external 2066K/2324K, paused 83ms
I/nofatclips(  287): Saved image on disk: a7.jpg
I/nofatclips(  287): Waiting for 100 msec.
I/nofatclips(  287): Session count is 1. Will dump to disk at 1
I/nofatclips(  287): Saving the session on disk.
I/nofatclips(  287): Planning for new Activity EditPost
D/nofatclips(  287): Handling event 'focus' on widget id=2131165265 type=focusableEditText name=Content
D/nofatclips(  287): Handling input 'writeText' on widget id=2131165236 type=editText name=Title
V/nofatclips(  287): Using value: 90
D/nofatclips(  287): Handling input 'writeText' on widget id=2131165268 type=editText name=Tags (separate tags with commas)
V/nofatclips(  287): Using value: 85
D/nofatclips(  287): Handling input 'writeText' on widget id=2131165286 type=editText name=Password (optional)
V/nofatclips(  287): Using value: 45
I/dalvikvm(  287): Jit: resizing JitTable from 1024 to 2048
D/nofatclips(  287): Handling event 'click' on widget id=2131165269 type=button name=Select Categories
D/nofatclips(  287): Handling input 'writeText' on widget id=2131165236 type=editText name=Title
V/nofatclips(  287): Using value: 90
D/nofatclips(  287): Handling input 'writeText' on widget id=2131165268 type=editText name=Tags (separate tags with commas)
V/nofatclips(  287): Using value: 85
D/nofatclips(  287): Handling input 'writeText' on widget id=2131165286 type=editText name=Password (optional)
V/nofatclips(  287): Using value: 45
D/nofatclips(  287): Handling event 'click' on widget id=2131165283 type=button name=Edit
D/nofatclips(  287): Handling input 'writeText' on widget id=2131165236 type=editText name=Title
V/nofatclips(  287): Using value: 90
D/nofatclips(  287): Handling input 'writeText' on widget id=2131165268 type=editText name=Tags (separate tags with commas)
V/nofatclips(  287): Using value: 85
D/nofatclips(  287): Handling input 'writeText' on widget id=2131165286 type=editText name=Password (optional)
V/nofatclips(  287): Using value: 45
D/nofatclips(  287): Handling event selectSpinnerItem for items [1,10] on spinner #2131165285 count=10
D/nofatclips(  287): Handling input 'writeText' on widget id=2131165236 type=editText name=Title
V/nofatclips(  287): Using value: 90
D/nofatclips(  287): Handling input 'writeText' on widget id=2131165268 type=editText name=Tags (separate tags with commas)
V/nofatclips(  287): Using value: 85
D/nofatclips(  287): Handling input 'writeText' on widget id=2131165286 type=editText name=Password (optional)
V/nofatclips(  287): Using value: 45
D/nofatclips(  287): Handling input 'writeText' on widget id=2131165236 type=editText name=Title
V/nofatclips(  287): Using value: 90
D/nofatclips(  287): Handling input 'writeText' on widget id=2131165268 type=editText name=Tags (separate tags with commas)
V/nofatclips(  287): Using value: 85
D/nofatclips(  287): Handling input 'writeText' on widget id=2131165286 type=editText name=Password (optional)
V/nofatclips(  287): Using value: 45
D/nofatclips(  287): Handling input 'writeText' on widget id=2131165236 type=editText name=Title
V/nofatclips(  287): Using value: 90
D/nofatclips(  287): Handling input 'writeText' on widget id=2131165268 type=editText name=Tags (separate tags with commas)
V/nofatclips(  287): Using value: 85
D/nofatclips(  287): Handling input 'writeText' on widget id=2131165286 type=editText name=Password (optional)
V/nofatclips(  287): Using value: 45
D/nofatclips(  287): Handling input 'writeText' on widget id=2131165236 type=editText name=Title
V/nofatclips(  287): Using value: 90
D/nofatclips(  287): Handling input 'writeText' on widget id=2131165268 type=editText name=Tags (separate tags with commas)
V/nofatclips(  287): Using value: 85
D/nofatclips(  287): Handling input 'writeText' on widget id=2131165286 type=editText name=Password (optional)
V/nofatclips(  287): Using value: 45
D/nofatclips(  287): Handling input 'writeText' on widget id=2131165236 type=editText name=Title
V/nofatclips(  287): Using value: 90
D/nofatclips(  287): Handling input 'writeText' on widget id=2131165268 type=editText name=Tags (separate tags with commas)
V/nofatclips(  287): Using value: 85
D/nofatclips(  287): Handling input 'writeText' on widget id=2131165286 type=editText name=Password (optional)
V/nofatclips(  287): Using value: 45
D/nofatclips(  287): Handling input 'writeText' on widget id=2131165236 type=editText name=Title
V/nofatclips(  287): Using value: 90
