D/nofatclips(  287): Handling input 'writeText' on widget id=2131165268 type=editText name=Tags (separate tags with commas)
V/nofatclips(  287): Using value: 85
D/nofatclips(  287): Handling input 'writeText' on widget id=2131165286 type=editText name=Password (optional)
V/nofatclips(  287): Using value: 45
D/nofatclips(  287): Handling input 'writeText' on widget id=2131165236 type=editText name=Title
V/nofatclips(  287): Using value: 90
D/nofatclips(  287): Handling input 'writeText' on widget id=2131165268 type=editText name=Tags (separate tags with commas)
V/nofatclips(  287): Using value: 85
D/nofatclips(  287): Handling input 'writeText' on widget id=2131165286 type=editText name=Password (optional)
V/nofatclips(  287): Using value: 45
D/nofatclips(  287): Handling input 'writeText' on widget id=2131165236 type=editText name=Title
V/nofatclips(  287): Using value: 90
D/nofatclips(  287): Handling input 'writeText' on widget id=2131165268 type=editText name=Tags (separate tags with commas)
V/nofatclips(  287): Using value: 85
D/nofatclips(  287): Handling input 'writeText' on widget id=2131165286 type=editText name=Password (optional)
V/nofatclips(  287): Using value: 45
D/nofatclips(  287): Handling input 'writeText' on widget id=2131165236 type=editText name=Title
V/nofatclips(  287): Using value: 90
D/nofatclips(  287): Handling input 'writeText' on widget id=2131165268 type=editText name=Tags (separate tags with commas)
V/nofatclips(  287): Using value: 85
D/nofatclips(  287): Handling input 'writeText' on widget id=2131165286 type=editText name=Password (optional)
V/nofatclips(  287): Using value: 45
D/nofatclips(  287): Handling input 'writeText' on widget id=2131165236 type=editText name=Title
V/nofatclips(  287): Using value: 90
D/nofatclips(  287): Handling input 'writeText' on widget id=2131165268 type=editText name=Tags (separate tags with commas)
V/nofatclips(  287): Using value: 85
D/nofatclips(  287): Handling input 'writeText' on widget id=2131165286 type=editText name=Password (optional)
V/nofatclips(  287): Using value: 45
D/dalvikvm(  287): GC_CONCURRENT freed 862K, 50% free 3513K/6983K, external 3266K/3330K, paused 3ms+4ms
D/nofatclips(  287): Handling event 'click' on widget id=2131165287 type=button name=Publish
D/nofatclips(  287): Handling input 'writeText' on widget id=2131165236 type=editText name=Title
V/nofatclips(  287): Using value: 90
D/nofatclips(  287): Handling input 'writeText' on widget id=2131165268 type=editText name=Tags (separate tags with commas)
V/nofatclips(  287): Using value: 85
D/nofatclips(  287): Handling input 'writeText' on widget id=2131165286 type=editText name=Password (optional)
V/nofatclips(  287): Using value: 45
I/nofatclips(  287): Created trace to press the back button
I/nofatclips(  287): Created trace to press the menu button
I/nofatclips(  287): Created trace to change orientation
I/nofatclips(  287): Check for termination: 94 steps left of 100
I/nofatclips(  287): Dispatching new task. 2 more tasks remaining.
D/nofatclips(  287): Performing backup of the old task list on disk
D/nofatclips(  287): Saving task list on disk
V/nofatclips(  287): Backing up trace #85 to disk.
V/nofatclips(  287): Backing up trace #86 to disk.
D/nofatclips(  287): Deleting backup of the old task list from disk
D/nofatclips(  287): Deleting backup of the old activity list from disk
I/nofatclips(  287): Incrementally Playing Trace 86
D/nofatclips(  287): Setting input: type= writeText id=2131165236 value=90
D/nofatclips(  287): Added to return list id=2131165236
I/nofatclips(  287): Retrieved from return list id=2131165236
D/nofatclips(  287): Testing for type (android.widget.EditText) against the original (android.widget.EditText)
D/nofatclips(  287): Testing for name (Title) against the original (Title)
W/KeyCharacterMap(  287): No keyboard for id 0
W/KeyCharacterMap(  287): Using default keymap: /system/usr/keychars/qwerty.kcm.bin
D/nofatclips(  287): Setting input: type= writeText id=2131165268 value=85
D/nofatclips(  287): Added to return list id=2131165268
I/nofatclips(  287): Retrieved from return list id=2131165268
D/nofatclips(  287): Testing for type (android.widget.EditText) against the original (android.widget.EditText)
D/nofatclips(  287): Testing for name (Tags (separate tags with commas)) against the original (Tags (separate tags with commas))
D/nofatclips(  287): Setting input: type= writeText id=2131165286 value=45
D/nofatclips(  287): Added to return list id=2131165286
I/nofatclips(  287): Retrieved from return list id=2131165286
D/nofatclips(  287): Testing for type (android.widget.EditText) against the original (android.widget.EditText)
D/nofatclips(  287): Testing for name (Password (optional)) against the original (Password (optional))
I/nofatclips(  287): Retrieved from return list id=2131165283
D/nofatclips(  287): Testing for type (android.widget.Button) against the original (android.widget.Button)
D/nofatclips(  287): Testing for name (Edit) against the original (Edit)
I/nofatclips(  287): Firing event: type= click index=28 widget=android.widget.Button
D/nofatclips(  287): Event description: Edit
I/nofatclips(  287): Waiting for 100 msec.
I/nofatclips(  287): Current activity is EditPost
I/nofatclips(  287): Retrieving widgets
D/nofatclips(  287): Found widget: id=16908290 (android.widget.FrameLayout@406ef0f8)
D/nofatclips(  287): Found widget: id=16908666 (com.android.internal.widget.WeightedLinearLayout@406efe40)
D/nofatclips(  287): Found widget: id=16908667 (android.widget.LinearLayout@406f00b8)
D/nofatclips(  287): Found widget: id=16908668 (android.widget.LinearLayout@406f02d8)
D/nofatclips(  287): Found widget: id=16908294 (android.widget.ImageView@406f0540)
D/nofatclips(  287): Found widget: id=16908669 (com.android.internal.widget.DialogTitle@406f0b68): 
D/nofatclips(  287): Found widget: id=16908670 (android.widget.ImageView@406f1748)
D/nofatclips(  287): Found widget: id=16908671 (android.widget.LinearLayout@406f1980)
D/nofatclips(  287): Found widget: id=16908672 (android.widget.ScrollView@406f1be8)
D/nofatclips(  287): Found widget: id=16908673 (android.widget.FrameLayout@406f2a18)
D/nofatclips(  287): Found widget: id=16908331 (android.widget.FrameLayout@406f2c80)
D/nofatclips(  287): Found widget: id=16908705 (android.widget.DatePicker@406dd910)
D/nofatclips(  287): Found widget: id=16908701 (android.widget.LinearLayout@406ddcd8)
D/nofatclips(  287): Found widget: id=16908702 (android.widget.NumberPicker@406de118)
D/nofatclips(  287): Found widget: id=16908794 (android.widget.NumberPickerButton@406de8a8)
D/nofatclips(  287): Found widget: id=16908795 (android.widget.EditText@406e05d0): Jul
D/nofatclips(  287): Found widget: id=16908796 (android.widget.NumberPickerButton@406e45f8)
D/nofatclips(  287): Found widget: id=16908703 (android.widget.NumberPicker@406e64d8)
D/nofatclips(  287): Found widget: id=16908794 (android.widget.NumberPickerButton@406e6748)
D/nofatclips(  287): Found widget: id=16908795 (android.widget.EditText@406e6c60): 31
D/nofatclips(  287): Found widget: id=16908796 (android.widget.NumberPickerButton@406e7d50)
D/nofatclips(  287): Found widget: id=16908704 (android.widget.NumberPicker@406e8320)
D/nofatclips(  287): Found widget: id=16908794 (android.widget.NumberPickerButton@406e8590)
D/nofatclips(  287): Found widget: id=16908795 (android.widget.EditText@406e8aa8): 2014
D/nofatclips(  287): Found widget: id=16908796 (android.widget.NumberPickerButton@406e9a18)
D/nofatclips(  287): Found widget: id=16908674 (android.widget.LinearLayout@406f2ee8)
D/nofatclips(  287): Found widget: id=-1 (android.widget.LinearLayout@406f3108)
D/nofatclips(  287): Found widget: id=16908675 (android.widget.LinearLayout@406f3328)
D/nofatclips(  287): Found widget: id=16908313 (android.widget.Button@406f3588): Set
D/nofatclips(  287): Found widget: id=16908315 (android.widget.Button@406f3e30): 
D/nofatclips(  287): Found widget: id=16908314 (android.widget.Button@406f4698): Cancel
D/nofatclips(  287): Found widget: id=16908676 (android.widget.LinearLayout@406f4f00)
D/nofatclips(  287): Found widget: id=-1 (com.android.internal.policy.impl.PhoneWindow$DecorView@406eed08)
V/ReflectionHelper(  287): android.widget.NumberPicker > mOnFocusChangeListener FOUND | NOT ACTIVE
V/ReflectionHelper(  287): android.widget.EditText > mOnFocusChangeListener FOUND | ACTIVE
V/nicola  (  287): TextualID : null
V/nicola  (  287): ContentType detected : default
V/ReflectionHelper(  287): android.widget.NumberPicker > mOnFocusChangeListener FOUND | NOT ACTIVE
V/ReflectionHelper(  287): android.widget.EditText > mOnFocusChangeListener FOUND | ACTIVE
V/nicola  (  287): TextualID : null
V/nicola  (  287): ContentType detected : number
V/ReflectionHelper(  287): android.widget.NumberPicker > mOnFocusChangeListener FOUND | NOT ACTIVE
V/ReflectionHelper(  287): android.widget.EditText > mOnFocusChangeListener FOUND | ACTIVE
V/nicola  (  287): TextualID : null
V/nicola  (  287): ContentType detected : number
V/nicola  (  287): TextualID : null
V/nicola  (  287): ContentType detected : default
V/nicola  (  287): TextualID : null
V/nicola  (  287): ContentType detected : default
I/nofatclips(  287): Performing comparation for activity EditPost
D/nofatclips(  287): Comparing against activity EditPost
I/nofatclips(  287): Registering activity EditPost (id: a8) as a new found state
D/nofatclips(  287): Performing backup of the old activity list on disk
D/nofatclips(  287): Saving new found state 'a8' on disk
V/nofatclips(  287): Opening state file in append mode.
D/dalvikvm(  287): GC_CONCURRENT freed 1473K, 55% free 3475K/7559K, external 2844K/3330K, paused 7ms+9ms
D/dalvikvm(  287): GC_EXTERNAL_ALLOC freed 82K, 55% free 3434K/7559K, external 3197K/3330K, paused 95ms
I/nofatclips(  287): Saved image on disk: a8.jpg
I/nofatclips(  287): Waiting for 100 msec.
I/nofatclips(  287): Session count is 1. Will dump to disk at 1
I/nofatclips(  287): Saving the session on disk.
I/nofatclips(  287): Planning for new Activity EditPost
D/nofatclips(  287): Handling event 'click' on widget id=16908794 type=button name=
D/nofatclips(  287): Handling event 'focus' on widget id=16908795 type=focusableEditText name=
D/nofatclips(  287): Handling event 'click' on widget id=16908796 type=button name=
D/nofatclips(  287): Handling event 'click' on widget id=16908794 type=button name=
D/nofatclips(  287): Handling event 'focus' on widget id=16908795 type=focusableEditText name=
D/nofatclips(  287): Handling event 'click' on widget id=16908796 type=button name=
D/nofatclips(  287): Handling event 'click' on widget id=16908794 type=button name=
D/nofatclips(  287): Handling event 'focus' on widget id=16908795 type=focusableEditText name=
D/nofatclips(  287): Handling event 'click' on widget id=16908796 type=button name=
D/nofatclips(  287): Handling event 'click' on widget id=16908313 type=button name=Set
D/nofatclips(  287): Handling event 'click' on widget id=16908314 type=button name=Cancel
I/nofatclips(  287): Created trace to press the back button
I/nofatclips(  287): Created trace to press the menu button
I/nofatclips(  287): Created trace to change orientation
I/nofatclips(  287): Check for termination: 93 steps left of 100
I/nofatclips(  287): Dispatching new task. 2 more tasks remaining.
D/nofatclips(  287): Performing backup of the old task list on disk
D/nofatclips(  287): Saving task list on disk
V/nofatclips(  287): Backing up trace #99 to disk.
V/nofatclips(  287): Backing up trace #100 to disk.
D/nofatclips(  287): Deleting backup of the old task list from disk
D/nofatclips(  287): Deleting backup of the old activity list from disk
I/nofatclips(  287): Incrementally Playing Trace 100
I/nofatclips(  287): Retrieved from return list id=16908290
D/nofatclips(  287): Testing for type (android.widget.FrameLayout) against the original (null)
I/nofatclips(  287): Firing event: type= changeOrientation name= widget=null
D/dalvikvm(  287): GC_CONCURRENT freed 1249K, 54% free 3492K/7559K, external 3550K/4433K, paused 5ms+4ms
W/KeyCharacterMap(  287): No keyboard for id 0
W/KeyCharacterMap(  287): Using default keymap: /system/usr/keychars/qwerty.kcm.bin
I/WindowManager(   61): Setting rotation to 1, animFlags=1
I/ActivityManager(   61): Config changed: { scale=1.0 imsi=310/260 loc=en_US touch=3 keys=2/1/2 nav=1/1 orien=2 layout=18 uiMode=17 seq=5}
I/nofatclips(  287): Waiting for 100 msec.
I/nofatclips(  287): Current activity is EditPost
I/nofatclips(  287): Retrieving widgets
D/nofatclips(  287): Found widget: id=16908290 (android.widget.FrameLayout@406ef0f8)
D/nofatclips(  287): Found widget: id=16908666 (com.android.internal.widget.WeightedLinearLayout@406efe40)
D/nofatclips(  287): Found widget: id=16908667 (android.widget.LinearLayout@406f00b8)
D/nofatclips(  287): Found widget: id=16908668 (android.widget.LinearLayout@406f02d8)
D/nofatclips(  287): Found widget: id=16908294 (android.widget.ImageView@406f0540)
D/nofatclips(  287): Found widget: id=16908669 (com.android.internal.widget.DialogTitle@406f0b68): 
D/nofatclips(  287): Found widget: id=16908670 (android.widget.ImageView@406f1748)
D/nofatclips(  287): Found widget: id=16908671 (android.widget.LinearLayout@406f1980)
D/nofatclips(  287): Found widget: id=16908672 (android.widget.ScrollView@406f1be8)
D/nofatclips(  287): Found widget: id=16908673 (android.widget.FrameLayout@406f2a18)
D/nofatclips(  287): Found widget: id=16908331 (android.widget.FrameLayout@406f2c80)
D/nofatclips(  287): Found widget: id=16908705 (android.widget.DatePicker@406dd910)
D/nofatclips(  287): Found widget: id=16908701 (android.widget.LinearLayout@406ddcd8)
D/nofatclips(  287): Found widget: id=16908702 (android.widget.NumberPicker@406de118)
D/nofatclips(  287): Found widget: id=16908794 (android.widget.NumberPickerButton@406de8a8)
D/nofatclips(  287): Found widget: id=16908795 (android.widget.EditText@406e05d0): Jul
D/nofatclips(  287): Found widget: id=16908796 (android.widget.NumberPickerButton@406e45f8)
D/nofatclips(  287): Found widget: id=16908703 (android.widget.NumberPicker@406e64d8)
D/nofatclips(  287): Found widget: id=16908794 (android.widget.NumberPickerButton@406e6748)
D/nofatclips(  287): Found widget: id=16908795 (android.widget.EditText@406e6c60): 31
D/nofatclips(  287): Found widget: id=16908796 (android.widget.NumberPickerButton@406e7d50)
D/nofatclips(  287): Found widget: id=16908704 (android.widget.NumberPicker@406e8320)
D/nofatclips(  287): Found widget: id=16908794 (android.widget.NumberPickerButton@406e8590)
D/nofatclips(  287): Found widget: id=16908795 (android.widget.EditText@406e8aa8): 2014
D/nofatclips(  287): Found widget: id=16908796 (android.widget.NumberPickerButton@406e9a18)
D/nofatclips(  287): Found widget: id=16908674 (android.widget.LinearLayout@406f2ee8)
D/nofatclips(  287): Found widget: id=-1 (android.widget.LinearLayout@406f3108)
D/nofatclips(  287): Found widget: id=16908675 (android.widget.LinearLayout@406f3328)
D/nofatclips(  287): Found widget: id=16908313 (android.widget.Button@406f3588): Set
D/nofatclips(  287): Found widget: id=16908315 (android.widget.Button@406f3e30): 
D/nofatclips(  287): Found widget: id=16908314 (android.widget.Button@406f4698): Cancel
D/nofatclips(  287): Found widget: id=16908676 (android.widget.LinearLayout@406f4f00)
D/nofatclips(  287): Found widget: id=-1 (com.android.internal.policy.impl.PhoneWindow$DecorView@406eed08)
V/ReflectionHelper(  287): android.widget.NumberPicker > mOnFocusChangeListener FOUND | NOT ACTIVE
V/ReflectionHelper(  287): android.widget.EditText > mOnFocusChangeListener FOUND | ACTIVE
V/nicola  (  287): TextualID : null
V/nicola  (  287): ContentType detected : default
V/ReflectionHelper(  287): android.widget.NumberPicker > mOnFocusChangeListener FOUND | NOT ACTIVE
V/ReflectionHelper(  287): android.widget.EditText > mOnFocusChangeListener FOUND | ACTIVE
V/nicola  (  287): TextualID : null
V/nicola  (  287): ContentType detected : number
V/ReflectionHelper(  287): android.widget.NumberPicker > mOnFocusChangeListener FOUND | NOT ACTIVE
V/ReflectionHelper(  287): android.widget.EditText > mOnFocusChangeListener FOUND | ACTIVE
V/nicola  (  287): TextualID : null
V/nicola  (  287): ContentType detected : number
V/nicola  (  287): TextualID : null
V/nicola  (  287): ContentType detected : default
V/nicola  (  287): TextualID : null
V/nicola  (  287): ContentType detected : default
I/nofatclips(  287): Performing comparation for activity EditPost
D/nofatclips(  287): Comparing against activity EditPost
D/nofatclips(  287): Comparing against activity EditPost
I/nofatclips(  287): Registering activity EditPost (id: a9) as a new found state
D/nofatclips(  287): Performing backup of the old activity list on disk
D/nofatclips(  287): Saving new found state 'a9' on disk
V/nofatclips(  287): Opening state file in append mode.
I/nofatclips(  287): Saved image on disk: a9.jpg
I/nofatclips(  287): Waiting for 100 msec.
I/nofatclips(  287): Session count is 1. Will dump to disk at 1
I/nofatclips(  287): Saving the session on disk.
I/nofatclips(  287): Planning for new Activity EditPost
D/nofatclips(  287): Handling event 'click' on widget id=16908794 type=button name=
D/nofatclips(  287): Handling event 'focus' on widget id=16908795 type=focusableEditText name=
D/nofatclips(  287): Handling event 'click' on widget id=16908796 type=button name=
D/nofatclips(  287): Handling event 'click' on widget id=16908794 type=button name=
D/dalvikvm(   61): GC_EXPLICIT freed 706K, 46% free 4159K/7623K, external 1865K/3065K, paused 329ms
D/nofatclips(  287): Handling event 'focus' on widget id=16908795 type=focusableEditText name=
D/nofatclips(  287): Handling event 'click' on widget id=16908796 type=button name=
D/nofatclips(  287): Handling event 'click' on widget id=16908794 type=button name=
D/nofatclips(  287): Handling event 'focus' on widget id=16908795 type=focusableEditText name=
D/nofatclips(  287): Handling event 'click' on widget id=16908796 type=button name=
D/nofatclips(  287): Handling event 'click' on widget id=16908313 type=button name=Set
D/nofatclips(  287): Handling event 'click' on widget id=16908314 type=button name=Cancel
I/nofatclips(  287): Created trace to press the back button
I/nofatclips(  287): Created trace to press the menu button
D/dalvikvm(  287): GC_CONCURRENT freed 1384K, 53% free 3591K/7623K, external 3563K/3993K, paused 3ms+4ms
I/nofatclips(  287): Created trace to change orientation
I/nofatclips(  287): Check for termination: 92 steps left of 100
I/nofatclips(  287): Dispatching new task. 2 more tasks remaining.
D/nofatclips(  287): Performing backup of the old task list on disk
D/nofatclips(  287): Saving task list on disk
V/nofatclips(  287): Backing up trace #113 to disk.
V/nofatclips(  287): Backing up trace #114 to disk.
D/nofatclips(  287): Deleting backup of the old task list from disk
D/nofatclips(  287): Deleting backup of the old activity list from disk
I/nofatclips(  287): Incrementally Playing Trace 114
D/nofatclips(  287): Firing event: type= back
I/nofatclips(  287): Waiting for 100 msec.
I/nofatclips(  287): Current activity is EditPost
I/nofatclips(  287): Retrieving widgets
D/nofatclips(  287): Found widget: id=-1 (android.widget.LinearLayout@406460e0)
D/nofatclips(  287): Found widget: id=-1 (android.widget.FrameLayout@4062ac40)
D/nofatclips(  287): Found widget: id=16908310 (android.widget.TextView@40586aa0): Katie&#039;s Sweet Testing Blog - New Post
D/nofatclips(  287): Found widget: id=16908290 (android.widget.FrameLayout@40586d10)
D/nofatclips(  287): Found widget: id=-1 (android.widget.LinearLayout@40586e68)
D/nofatclips(  287): Found widget: id=-1 (android.widget.ScrollView@405521d0)
D/nofatclips(  287): Found widget: id=-1 (android.widget.LinearLayout@40552378)
D/nofatclips(  287): Found widget: id=2131165209 (android.widget.RelativeLayout@405524c8)
D/nofatclips(  287): Found widget: id=2131165210 (android.widget.TextView@4062d140): Post Content
D/nofatclips(  287): Found widget: id=2131165236 (android.widget.EditText@4062d3b0): 90
D/nofatclips(  287): Found widget: id=2131165265 (org.wordpress.android.util.WPEditText@4062fed0): 
D/nofatclips(  287): Found widget: id=2131165266 (android.widget.RelativeLayout@4062d620)
D/nofatclips(  287): Found widget: id=2131165267 (android.widget.TextView@40630148): Tags & Categories
D/nofatclips(  287): Found widget: id=2131165268 (android.widget.EditText@405510f0): 85
D/nofatclips(  287): Found widget: id=2131165269 (android.widget.Button@40551360): Select Categories
D/nofatclips(  287): Found widget: id=2131165270 (android.widget.TextView@405d11e0): Selected categories:
D/nofatclips(  287): Found widget: id=2131165271 (android.widget.RelativeLayout@406303b8)
D/nofatclips(  287): Found widget: id=2131165272 (android.widget.RelativeLayout@405d1450)
D/nofatclips(  287): Found widget: id=2131165273 (android.widget.TextView@4055b1b8): Location
D/nofatclips(  287): Found widget: id=2131165274 (android.widget.TextView@4065fbe8): Loading...
D/nofatclips(  287): Found widget: id=2131165275 (android.widget.Button@40571308): View Map
D/nofatclips(  287): Found widget: id=2131165276 (android.widget.Button@406425d8): Update Location
D/nofatclips(  287): Found widget: id=2131165277 (android.widget.RelativeLayout@4062df98)
D/nofatclips(  287): Found widget: id=2131165278 (android.widget.TextView@405d4f18): Settings
D/nofatclips(  287): Found widget: id=2131165279 (android.widget.TextView@4062e8f8): Status:
D/nofatclips(  287): Found widget: id=2131165280 (android.widget.Spinner@40656440)
D/nofatclips(  287): Found widget: id=2131165281 (android.widget.TextView@40670cc0): Publish:
D/nofatclips(  287): Found widget: id=2131165282 (android.widget.TextView@40671048): Immediately
D/nofatclips(  287): Found widget: id=2131165283 (android.widget.Button@4055ba18): Edit
D/nofatclips(  287): Found widget: id=2131165284 (android.widget.TextView@406531d0): Post Format:
D/nofatclips(  287): Found widget: id=2131165285 (android.widget.Spinner@40628f18)
D/nofatclips(  287): Found widget: id=16908308 (android.widget.TextView@405e4768): Standard
D/nofatclips(  287): Found widget: id=2131165286 (android.widget.EditText@406293e0): 45
D/nofatclips(  287): Found widget: id=2131165287 (android.widget.Button@4060a3a0): Publish
D/nofatclips(  287): Found widget: id=-1 (com.android.internal.policy.impl.PhoneWindow$DecorView@4061dfe0)
V/nicola  (  287): TextualID : null
V/nicola  (  287): ContentType detected : default
V/nicola  (  287): TextualID : l_section1
V/nicola  (  287): ContentType detected : default
V/ReflectionHelper(  287): android.widget.EditText > mOnFocusChangeListener FOUND | NOT ACTIVE
V/nicola  (  287): TextualID : title
V/nicola  (  287): ContentType detected : default
V/ReflectionHelper(  287): org.wordpress.android.util.WPEditText > mOnFocusChangeListener FOUND | ACTIVE
V/nicola  (  287): TextualID : postContent
V/nicola  (  287): ContentType detected : default
V/nicola  (  287): TextualID : l_tags_categories
V/nicola  (  287): ContentType detected : default
V/ReflectionHelper(  287): android.widget.EditText > mOnFocusChangeListener FOUND | NOT ACTIVE
V/nicola  (  287): TextualID : tags
V/nicola  (  287): ContentType detected : default
V/nicola  (  287): TextualID : selectCategories
V/nicola  (  287): ContentType detected : default
V/nicola  (  287): TextualID : selectedCategories
V/nicola  (  287): ContentType detected : default
V/nicola  (  287): TextualID : l_status
V/nicola  (  287): ContentType detected : default
V/nicola  (  287): TextualID : statusLabel
V/nicola  (  287): ContentType detected : default
V/nicola  (  287): TextualID : pubDateLabel
V/nicola  (  287): ContentType detected : default
V/nicola  (  287): TextualID : pubDate
V/nicola  (  287): ContentType detected : default
V/nicola  (  287): TextualID : pubDateButton
V/nicola  (  287): ContentType detected : default
V/nicola  (  287): TextualID : postFormatLabel
V/nicola  (  287): ContentType detected : default
V/nicola  (  287): TextualID : null
V/nicola  (  287): ContentType detected : default
V/ReflectionHelper(  287): android.widget.EditText > mOnFocusChangeListener FOUND | NOT ACTIVE
V/nicola  (  287): TextualID : post_password
V/nicola  (  287): ContentType detected : default
V/nicola  (  287): TextualID : post
V/nicola  (  287): ContentType detected : default
I/nofatclips(  287): Performing comparation for activity EditPost
D/nofatclips(  287): Comparing against activity EditPost
D/nofatclips(  287): Comparing against activity EditPost
D/nofatclips(  287): Comparing against activity EditPost
I/nofatclips(  287): Registering activity EditPost (id: a10) as a new found state
D/nofatclips(  287): Performing backup of the old activity list on disk
D/nofatclips(  287): Saving new found state 'a10' on disk
V/nofatclips(  287): Opening state file in append mode.
D/dalvikvm(  287): GC_EXTERNAL_ALLOC freed 1306K, 54% free 3531K/7623K, external 3804K/3993K, paused 135ms
I/nofatclips(  287): Saved image on disk: a10.jpg
I/nofatclips(  287): Waiting for 100 msec.
I/nofatclips(  287): Session count is 1. Will dump to disk at 1
I/nofatclips(  287): Saving the session on disk.
I/nofatclips(  287): Planning for new Activity EditPost
D/nofatclips(  287): Handling event 'focus' on widget id=2131165265 type=focusableEditText name=Content
D/nofatclips(  287): Handling input 'writeText' on widget id=2131165236 type=editText name=Title
V/nofatclips(  287): Using value: 90
D/nofatclips(  287): Handling input 'writeText' on widget id=2131165268 type=editText name=Tags (separate tags with commas)
V/nofatclips(  287): Using value: 85
D/nofatclips(  287): Handling input 'writeText' on widget id=2131165286 type=editText name=Password (optional)
V/nofatclips(  287): Using value: 45
D/nofatclips(  287): Handling event 'click' on widget id=2131165269 type=button name=Select Categories
D/nofatclips(  287): Handling input 'writeText' on widget id=2131165236 type=editText name=Title
V/nofatclips(  287): Using value: 90
D/nofatclips(  287): Handling input 'writeText' on widget id=2131165268 type=editText name=Tags (separate tags with commas)
V/nofatclips(  287): Using value: 85
D/nofatclips(  287): Handling input 'writeText' on widget id=2131165286 type=editText name=Password (optional)
V/nofatclips(  287): Using value: 45
D/nofatclips(  287): Handling event 'click' on widget id=2131165283 type=button name=Edit
D/nofatclips(  287): Handling input 'writeText' on widget id=2131165236 type=editText name=Title
V/nofatclips(  287): Using value: 90
D/nofatclips(  287): Handling input 'writeText' on widget id=2131165268 type=editText name=Tags (separate tags with commas)
V/nofatclips(  287): Using value: 85
D/nofatclips(  287): Handling input 'writeText' on widget id=2131165286 type=editText name=Password (optional)
V/nofatclips(  287): Using value: 45
D/nofatclips(  287): Handling event selectSpinnerItem for items [1,10] on spinner #2131165285 count=10
D/nofatclips(  287): Handling input 'writeText' on widget id=2131165236 type=editText name=Title
V/nofatclips(  287): Using value: 90
D/nofatclips(  287): Handling input 'writeText' on widget id=2131165268 type=editText name=Tags (separate tags with commas)
V/nofatclips(  287): Using value: 85
D/nofatclips(  287): Handling input 'writeText' on widget id=2131165286 type=editText name=Password (optional)
V/nofatclips(  287): Using value: 45
D/nofatclips(  287): Handling input 'writeText' on widget id=2131165236 type=editText name=Title
V/nofatclips(  287): Using value: 90
D/nofatclips(  287): Handling input 'writeText' on widget id=2131165268 type=editText name=Tags (separate tags with commas)
V/nofatclips(  287): Using value: 85
D/nofatclips(  287): Handling input 'writeText' on widget id=2131165286 type=editText name=Password (optional)
V/nofatclips(  287): Using value: 45
D/nofatclips(  287): Handling input 'writeText' on widget id=2131165236 type=editText name=Title
V/nofatclips(  287): Using value: 90
D/nofatclips(  287): Handling input 'writeText' on widget id=2131165268 type=editText name=Tags (separate tags with commas)
V/nofatclips(  287): Using value: 85
D/nofatclips(  287): Handling input 'writeText' on widget id=2131165286 type=editText name=Password (optional)
V/nofatclips(  287): Using value: 45
D/nofatclips(  287): Handling input 'writeText' on widget id=2131165236 type=editText name=Title
V/nofatclips(  287): Using value: 90
D/nofatclips(  287): Handling input 'writeText' on widget id=2131165268 type=editText name=Tags (separate tags with commas)
V/nofatclips(  287): Using value: 85
D/nofatclips(  287): Handling input 'writeText' on widget id=2131165286 type=editText name=Password (optional)
V/nofatclips(  287): Using value: 45
D/nofatclips(  287): Handling input 'writeText' on widget id=2131165236 type=editText name=Title
V/nofatclips(  287): Using value: 90
D/nofatclips(  287): Handling input 'writeText' on widget id=2131165268 type=editText name=Tags (separate tags with commas)
V/nofatclips(  287): Using value: 85
D/nofatclips(  287): Handling input 'writeText' on widget id=2131165286 type=editText name=Password (optional)
V/nofatclips(  287): Using value: 45
D/nofatclips(  287): Handling input 'writeText' on widget id=2131165236 type=editText name=Title
V/nofatclips(  287): Using value: 90
D/nofatclips(  287): Handling input 'writeText' on widget id=2131165268 type=editText name=Tags (separate tags with commas)
V/nofatclips(  287): Using value: 85
D/nofatclips(  287): Handling input 'writeText' on widget id=2131165286 type=editText name=Password (optional)
V/nofatclips(  287): Using value: 45
D/nofatclips(  287): Handling input 'writeText' on widget id=2131165236 type=editText name=Title
V/nofatclips(  287): Using value: 90
D/nofatclips(  287): Handling input 'writeText' on widget id=2131165268 type=editText name=Tags (separate tags with commas)
V/nofatclips(  287): Using value: 85
D/nofatclips(  287): Handling input 'writeText' on widget id=2131165286 type=editText name=Password (optional)
V/nofatclips(  287): Using value: 45
D/nofatclips(  287): Handling input 'writeText' on widget id=2131165236 type=editText name=Title
V/nofatclips(  287): Using value: 90
D/nofatclips(  287): Handling input 'writeText' on widget id=2131165268 type=editText name=Tags (separate tags with commas)
V/nofatclips(  287): Using value: 85
D/nofatclips(  287): Handling input 'writeText' on widget id=2131165286 type=editText name=Password (optional)
V/nofatclips(  287): Using value: 45
D/nofatclips(  287): Handling input 'writeText' on widget id=2131165236 type=editText name=Title
V/nofatclips(  287): Using value: 90
D/nofatclips(  287): Handling input 'writeText' on widget id=2131165268 type=editText name=Tags (separate tags with commas)
V/nofatclips(  287): Using value: 85
D/nofatclips(  287): Handling input 'writeText' on widget id=2131165286 type=editText name=Password (optional)
V/nofatclips(  287): Using value: 45
D/nofatclips(  287): Handling input 'writeText' on widget id=2131165236 type=editText name=Title
V/nofatclips(  287): Using value: 90
D/nofatclips(  287): Handling input 'writeText' on widget id=2131165268 type=editText name=Tags (separate tags with commas)
V/nofatclips(  287): Using value: 85
D/nofatclips(  287): Handling input 'writeText' on widget id=2131165286 type=editText name=Password (optional)
V/nofatclips(  287): Using value: 45
D/nofatclips(  287): Handling event 'click' on widget id=2131165287 type=button name=Publish
D/nofatclips(  287): Handling input 'writeText' on widget id=2131165236 type=editText name=Title
V/nofatclips(  287): Using value: 90
D/nofatclips(  287): Handling input 'writeText' on widget id=2131165268 type=editText name=Tags (separate tags with commas)
V/nofatclips(  287): Using value: 85
D/nofatclips(  287): Handling input 'writeText' on widget id=2131165286 type=editText name=Password (optional)
V/nofatclips(  287): Using value: 45
I/nofatclips(  287): Created trace to press the back button
I/nofatclips(  287): Created trace to press the menu button
I/nofatclips(  287): Created trace to change orientation
D/dalvikvm(  287): GC_CONCURRENT freed 1496K, 53% free 3649K/7751K, external 3444K/4301K, paused 4ms+5ms
I/nofatclips(  287): Check for termination: 91 steps left of 100
I/nofatclips(  287): Dispatching new task. 2 more tasks remaining.
D/nofatclips(  287): Performing backup of the old task list on disk
D/nofatclips(  287): Saving task list on disk
V/nofatclips(  287): Backing up trace #130 to disk.
V/nofatclips(  287): Backing up trace #131 to disk.
D/nofatclips(  287): Deleting backup of the old task list from disk
D/nofatclips(  287): Deleting backup of the old activity list from disk
I/nofatclips(  287): Incrementally Playing Trace 131
D/nofatclips(  287): Setting input: type= writeText id=2131165236 value=90
D/nofatclips(  287): Added to return list id=2131165236
I/nofatclips(  287): Retrieved from return list id=2131165236
D/nofatclips(  287): Testing for type (android.widget.EditText) against the original (android.widget.EditText)
D/nofatclips(  287): Testing for name (Title) against the original (Title)
W/KeyCharacterMap(  287): No keyboard for id 0
W/KeyCharacterMap(  287): Using default keymap: /system/usr/keychars/qwerty.kcm.bin
D/nofatclips(  287): Setting input: type= writeText id=2131165268 value=85
D/nofatclips(  287): Added to return list id=2131165268
I/nofatclips(  287): Retrieved from return list id=2131165268
D/nofatclips(  287): Testing for type (android.widget.EditText) against the original (android.widget.EditText)
D/nofatclips(  287): Testing for name (Tags (separate tags with commas)) against the original (Tags (separate tags with commas))
D/nofatclips(  287): Setting input: type= writeText id=2131165286 value=45
D/nofatclips(  287): Added to return list id=2131165286
I/nofatclips(  287): Retrieved from return list id=2131165286
D/nofatclips(  287): Testing for type (android.widget.EditText) against the original (android.widget.EditText)
D/nofatclips(  287): Testing for name (Password (optional)) against the original (Password (optional))
I/nofatclips(  287): Retrieved from return list id=2131165265
D/nofatclips(  287): Testing for type (org.wordpress.android.util.WPEditText) against the original (org.wordpress.android.util.WPEditText)
D/nofatclips(  287): Testing for name (Content) against the original (Content)
I/nofatclips(  287): Firing event: type= focus index=10 widget=org.wordpress.android.util.WPEditText
I/ActivityManager(   61): Starting: Intent { flg=0x10000 cmp=org.wordpress.android/.EditContent } from pid 287
I/ActivityManager(   61): Displayed org.wordpress.android/.EditContent: +1s76ms
D/nofatclips(  287): Event description: 
D/dalvikvm(  287): GC_CONCURRENT freed 1529K, 54% free 3588K/7751K, external 3028K/3552K, paused 15ms+15ms
I/nofatclips(  287): Waiting for 100 msec.
I/nofatclips(  287): Current activity is EditContent
I/nofatclips(  287): Retrieving widgets
D/nofatclips(  287): Found widget: id=16908290 (android.widget.FrameLayout@40600de0)
D/nofatclips(  287): Found widget: id=-1 (android.widget.LinearLayout@40601858)
D/nofatclips(  287): Found widget: id=-1 (android.widget.LinearLayout@4061e1b0)
D/nofatclips(  287): Found widget: id=2131165265 (org.wordpress.android.util.WPEditText@4061e360): 
D/nofatclips(  287): Found widget: id=2131165289 (android.widget.RelativeLayout@407417a8)
D/nofatclips(  287): Found widget: id=-1 (android.widget.HorizontalScrollView@405e0058)
D/nofatclips(  287): Found widget: id=-1 (android.widget.RelativeLayout@406c1db0)
D/nofatclips(  287): Found widget: id=2131165290 (android.widget.ToggleButton@406ccfb0): B
D/nofatclips(  287): Found widget: id=2131165291 (android.widget.ToggleButton@406224c0): I 
D/nofatclips(  287): Found widget: id=2131165292 (android.widget.ToggleButton@406bfd48):  U 
D/nofatclips(  287): Found widget: id=2131165293 (android.widget.ToggleButton@40613e08):  ABC 
D/nofatclips(  287): Found widget: id=2131165294 (android.widget.Button@4066dc00):  link 
D/nofatclips(  287): Found widget: id=2131165295 (android.widget.ToggleButton@4066e7d8): "
D/nofatclips(  287): Found widget: id=2131165296 (android.widget.Button@405cd2d8): More
D/nofatclips(  287): Found widget: id=2131165297 (android.widget.ImageButton@407004f0)
D/nofatclips(  287): Found widget: id=-1 (com.android.internal.policy.impl.PhoneWindow$DecorView@40600b08)
V/ReflectionHelper(  287): org.wordpress.android.util.WPEditText > mOnFocusChangeListener FOUND | ACTIVE
V/nicola  (  287): TextualID : postContent
V/nicola  (  287): ContentType detected : default
V/nicola  (  287): TextualID : bold
V/nicola  (  287): ContentType detected : default
V/nicola  (  287): TextualID : em
V/nicola  (  287): ContentType detected : default
V/nicola  (  287): TextualID : underline
V/nicola  (  287): ContentType detected : default
V/nicola  (  287): TextualID : strike
V/nicola  (  287): ContentType detected : default
V/nicola  (  287): TextualID : link
V/nicola  (  287): ContentType detected : default
V/nicola  (  287): TextualID : bquote
V/nicola  (  287): ContentType detected : default
V/nicola  (  287): TextualID : more
V/nicola  (  287): ContentType detected : default
I/nofatclips(  287): Performing comparation for activity EditContent
D/nofatclips(  287): Comparing against activity EditPost
D/nofatclips(  287): Comparing against activity EditPost
D/nofatclips(  287): Comparing against activity EditPost
D/nofatclips(  287): Comparing against activity EditPost
I/nofatclips(  287): Registering activity EditContent (id: a11) as a new found state
D/nofatclips(  287): Performing backup of the old activity list on disk
D/nofatclips(  287): Saving new found state 'a11' on disk
V/nofatclips(  287): Opening state file in append mode.
D/dalvikvm(  287): GC_EXTERNAL_ALLOC freed 602K, 54% free 3597K/7751K, external 3028K/3552K, paused 330ms
D/dalvikvm(  287): GC_EXTERNAL_ALLOC freed 12K, 54% free 3589K/7751K, external 4224K/4526K, paused 176ms
D/dalvikvm(  106): GC_CONCURRENT freed 226K, 51% free 2810K/5703K, external 958K/1038K, paused 6ms+128ms
I/nofatclips(  287): Saved image on disk: a11.jpg
I/nofatclips(  287): Waiting for 100 msec.
I/nofatclips(  287): Session count is 1. Will dump to disk at 1
I/nofatclips(  287): Saving the session on disk.
I/nofatclips(  287): Planning for new Activity EditContent
D/nofatclips(  287): Handling event 'focus' on widget id=2131165265 type=focusableEditText name=Content
D/nofatclips(  287): Handling event 'click' on widget id=2131165290 type=toggle name=B
I/dalvikvm(   61): Total arena pages for JIT: 11
D/nofatclips(  287): Handling event 'click' on widget id=2131165291 type=toggle name=I 
D/nofatclips(  287): Handling event 'click' on widget id=2131165292 type=toggle name= U 
D/nofatclips(  287): Handling event 'click' on widget id=2131165293 type=toggle name= ABC 
D/nofatclips(  287): Handling event 'click' on widget id=2131165294 type=button name= link 
D/nofatclips(  287): Handling event 'click' on widget id=2131165295 type=toggle name="
D/nofatclips(  287): Handling event 'click' on widget id=2131165296 type=button name=More
D/nofatclips(  287): Handling event 'click' on widget id=2131165297 type=button name=
I/nofatclips(  287): Created trace to press the back button
I/nofatclips(  287): Created trace to press the menu button
I/nofatclips(  287): Created trace to change orientation
I/nofatclips(  287): Check for termination: 90 steps left of 100
I/nofatclips(  287): Dispatching new task. 2 more tasks remaining.
D/nofatclips(  287): Performing backup of the old task list on disk
D/nofatclips(  287): Saving task list on disk
V/nofatclips(  287): Backing up trace #142 to disk.
V/nofatclips(  287): Backing up trace #143 to disk.
D/dalvikvm(  287): GC_CONCURRENT freed 1283K, 53% free 3671K/7751K, external 4224K/5275K, paused 4ms+3ms
D/nofatclips(  287): Deleting backup of the old task list from disk
D/nofatclips(  287): Deleting backup of the old activity list from disk
I/nofatclips(  287): Incrementally Playing Trace 143
I/nofatclips(  287): Retrieved from return list id=16908290
D/nofatclips(  287): Testing for type (android.widget.FrameLayout) against the original (null)
I/nofatclips(  287): Firing event: type= changeOrientation name= widget=null
I/WindowManager(   61): Setting rotation to 0, animFlags=1
I/ActivityManager(   61): Config changed: { scale=1.0 imsi=310/260 loc=en_US touch=3 keys=2/1/2 nav=1/1 orien=1 layout=18 uiMode=17 seq=6}
I/nofatclips(  287): Waiting for 100 msec.
I/nofatclips(  287): Current activity is EditContent
I/nofatclips(  287): Retrieving widgets
D/nofatclips(  287): Found widget: id=16908290 (android.widget.FrameLayout@40600de0)
D/nofatclips(  287): Found widget: id=-1 (android.widget.LinearLayout@40601858)
D/nofatclips(  287): Found widget: id=-1 (android.widget.LinearLayout@4061e1b0)
D/nofatclips(  287): Found widget: id=2131165265 (org.wordpress.android.util.WPEditText@4061e360): 
D/nofatclips(  287): Found widget: id=2131165289 (android.widget.RelativeLayout@407417a8)
D/nofatclips(  287): Found widget: id=-1 (android.widget.HorizontalScrollView@405e0058)
D/nofatclips(  287): Found widget: id=-1 (android.widget.RelativeLayout@406c1db0)
D/nofatclips(  287): Found widget: id=2131165290 (android.widget.ToggleButton@406ccfb0): B
D/nofatclips(  287): Found widget: id=2131165291 (android.widget.ToggleButton@406224c0): I 
D/nofatclips(  287): Found widget: id=2131165292 (android.widget.ToggleButton@406bfd48):  U 
D/nofatclips(  287): Found widget: id=2131165293 (android.widget.ToggleButton@40613e08):  ABC 
D/nofatclips(  287): Found widget: id=2131165294 (android.widget.Button@4066dc00):  link 
D/nofatclips(  287): Found widget: id=2131165295 (android.widget.ToggleButton@4066e7d8): "
D/nofatclips(  287): Found widget: id=2131165296 (android.widget.Button@405cd2d8): More
D/nofatclips(  287): Found widget: id=2131165297 (android.widget.ImageButton@407004f0)
D/nofatclips(  287): Found widget: id=-1 (com.android.internal.policy.impl.PhoneWindow$DecorView@40600b08)
V/ReflectionHelper(  287): org.wordpress.android.util.WPEditText > mOnFocusChangeListener FOUND | ACTIVE
V/nicola  (  287): TextualID : postContent
V/nicola  (  287): ContentType detected : default
V/nicola  (  287): TextualID : bold
V/nicola  (  287): ContentType detected : default
V/nicola  (  287): TextualID : em
V/nicola  (  287): ContentType detected : default
V/nicola  (  287): TextualID : underline
V/nicola  (  287): ContentType detected : default
V/nicola  (  287): TextualID : strike
V/nicola  (  287): ContentType detected : default
V/nicola  (  287): TextualID : link
V/nicola  (  287): ContentType detected : default
V/nicola  (  287): TextualID : bquote
V/nicola  (  287): ContentType detected : default
V/nicola  (  287): TextualID : more
V/nicola  (  287): ContentType detected : default
I/nofatclips(  287): Performing comparation for activity EditContent
D/nofatclips(  287): Comparing against activity EditPost
D/nofatclips(  287): Comparing against activity EditPost
D/nofatclips(  287): Comparing against activity EditContent
D/nofatclips(  287): Comparing against activity EditPost
D/nofatclips(  287): Comparing against activity EditPost
I/nofatclips(  287): Registering activity EditContent (id: a12) as a new found state
D/nofatclips(  287): Performing backup of the old activity list on disk
D/nofatclips(  287): Saving new found state 'a12' on disk
V/nofatclips(  287): Opening state file in append mode.
W/WindowManager(   61): Window freeze timeout expired.
W/WindowManager(   61): Force clearing orientation change: Window{406862b0 StatusBarExpanded paused=false}
D/dalvikvm(  287): GC_EXTERNAL_ALLOC freed 602K, 54% free 3626K/7751K, external 4224K/4526K, paused 108ms
I/nofatclips(  287): Saved image on disk: a12.jpg
I/nofatclips(  287): Waiting for 100 msec.
I/nofatclips(  287): Session count is 1. Will dump to disk at 1
I/nofatclips(  287): Saving the session on disk.
I/nofatclips(  287): Planning for new Activity EditContent
D/nofatclips(  287): Handling event 'focus' on widget id=2131165265 type=focusableEditText name=Content
D/nofatclips(  287): Handling event 'click' on widget id=2131165290 type=toggle name=B
D/nofatclips(  287): Handling event 'click' on widget id=2131165291 type=toggle name=I 
D/nofatclips(  287): Handling event 'click' on widget id=2131165292 type=toggle name= U 
D/nofatclips(  287): Handling event 'click' on widget id=2131165293 type=toggle name= ABC 
D/nofatclips(  287): Handling event 'click' on widget id=2131165294 type=button name= link 
D/nofatclips(  287): Handling event 'click' on widget id=2131165295 type=toggle name="
D/nofatclips(  287): Handling event 'click' on widget id=2131165296 type=button name=More
D/nofatclips(  287): Handling event 'click' on widget id=2131165297 type=button name=
D/dalvikvm(   61): GC_EXPLICIT freed 107K, 46% free 4125K/7623K, external 1316K/1828K, paused 284ms
I/nofatclips(  287): Created trace to press the back button
I/nofatclips(  287): Created trace to press the menu button
I/nofatclips(  287): Created trace to change orientation
I/nofatclips(  287): Check for termination: 89 steps left of 100
I/nofatclips(  287): Dispatching new task. 2 more tasks remaining.
D/nofatclips(  287): Performing backup of the old task list on disk
D/nofatclips(  287): Saving task list on disk
V/nofatclips(  287): Backing up trace #154 to disk.
V/nofatclips(  287): Backing up trace #155 to disk.
D/nofatclips(  287): Deleting backup of the old task list from disk
D/nofatclips(  287): Deleting backup of the old activity list from disk
I/nofatclips(  287): Incrementally Playing Trace 155
I/nofatclips(  287): Retrieved from return list id=2131165292
D/nofatclips(  287): Testing for type (android.widget.ToggleButton) against the original (android.widget.ToggleButton)
D/nofatclips(  287): Testing for name ( U ) against the original ( U )
I/nofatclips(  287): Firing event: type= click index=9 widget=android.widget.ToggleButton
W/KeyCharacterMap(  287): No keyboard for id 0
W/KeyCharacterMap(  287): Using default keymap: /system/usr/keychars/qwerty.kcm.bin
D/dalvikvm(  115): GC_EXTERNAL_ALLOC freed 192K, 47% free 3244K/6087K, external 1037K/1038K, paused 485ms
D/nofatclips(  287): Event description:  U 
I/nofatclips(  287): Waiting for 100 msec.
I/nofatclips(  287): Current activity is EditContent
I/nofatclips(  287): Retrieving widgets
D/nofatclips(  287): Found widget: id=16908290 (android.widget.FrameLayout@40600de0)
D/nofatclips(  287): Found widget: id=-1 (android.widget.LinearLayout@40601858)
D/nofatclips(  287): Found widget: id=-1 (android.widget.LinearLayout@4061e1b0)
D/nofatclips(  287): Found widget: id=2131165265 (org.wordpress.android.util.WPEditText@4061e360): 
D/nofatclips(  287): Found widget: id=2131165289 (android.widget.RelativeLayout@407417a8)
D/nofatclips(  287): Found widget: id=-1 (android.widget.HorizontalScrollView@405e0058)
D/nofatclips(  287): Found widget: id=-1 (android.widget.RelativeLayout@406c1db0)
D/nofatclips(  287): Found widget: id=2131165290 (android.widget.ToggleButton@406ccfb0): B
D/nofatclips(  287): Found widget: id=2131165291 (android.widget.ToggleButton@406224c0): I 
D/nofatclips(  287): Found widget: id=2131165292 (android.widget.ToggleButton@406bfd48):  U 
D/nofatclips(  287): Found widget: id=2131165293 (android.widget.ToggleButton@40613e08):  ABC 
D/nofatclips(  287): Found widget: id=2131165294 (android.widget.Button@4066dc00):  link 
D/nofatclips(  287): Found widget: id=2131165295 (android.widget.ToggleButton@4066e7d8): "
D/nofatclips(  287): Found widget: id=2131165296 (android.widget.Button@405cd2d8): More
D/nofatclips(  287): Found widget: id=2131165297 (android.widget.ImageButton@407004f0)
D/nofatclips(  287): Found widget: id=-1 (com.android.internal.policy.impl.PhoneWindow$DecorView@40600b08)
V/ReflectionHelper(  287): org.wordpress.android.util.WPEditText > mOnFocusChangeListener FOUND | ACTIVE
D/dalvikvm(  287): GC_CONCURRENT freed 1784K, 55% free 3681K/8071K, external 3628K/4531K, paused 9ms+33ms
V/nicola  (  287): TextualID : postContent
V/nicola  (  287): ContentType detected : default
V/nicola  (  287): TextualID : bold
V/nicola  (  287): ContentType detected : default
V/nicola  (  287): TextualID : em
V/nicola  (  287): ContentType detected : default
V/nicola  (  287): TextualID : underline
V/nicola  (  287): ContentType detected : default
V/nicola  (  287): TextualID : strike
V/nicola  (  287): ContentType detected : default
V/nicola  (  287): TextualID : link
V/nicola  (  287): ContentType detected : default
V/nicola  (  287): TextualID : bquote
V/nicola  (  287): ContentType detected : default
V/nicola  (  287): TextualID : more
V/nicola  (  287): ContentType detected : default
I/nofatclips(  287): Performing comparation for activity EditContent
D/nofatclips(  287): Comparing against activity EditPost
D/nofatclips(  287): Comparing against activity EditPost
D/nofatclips(  287): Comparing against activity EditContent
D/nofatclips(  287): Comparing against activity EditPost
D/nofatclips(  287): Comparing against activity EditContent
D/nofatclips(  287): Comparing against activity EditPost
