D/EAS SyncManager(  281): !!! EAS SyncManager, onStartCommand
D/EAS SyncManager(  281): !!! EAS SyncManager, stopping self
D/EAS SyncManager(  281): !!! EAS SyncManager, onDestroy
I/Launcher(  135): setLoadOnResume
I/nofatclips(  224): Waiting for 100 msec.
D/nofatclips(  224): Ready to operate after restarting...
I/nofatclips(  224): Retrieving widgets
D/nofatclips(  224): Found widget: id=16908290 (android.widget.FrameLayout@40517c80)
D/nofatclips(  224): Found widget: id=2131165248 (android.widget.RelativeLayout@40519550)
D/nofatclips(  224): Found widget: id=2131165249 (android.widget.LinearLayout@40519bb8)
D/nofatclips(  224): Found widget: id=-1 (android.widget.ImageView@4051a100)
D/nofatclips(  224): Found widget: id=2131165250 (org.wordpress.android.util.WPTitleBar@405776e0)
D/nofatclips(  224): Found widget: id=2131165195 (android.widget.RelativeLayout@405217f0)
D/nofatclips(  224): Found widget: id=2131165196 (android.widget.RelativeLayout@40535878)
D/nofatclips(  224): Found widget: id=2131165197 (android.widget.ImageView@40534248)
D/nofatclips(  224): Found widget: id=2131165198 (android.widget.TextView@40543188): Katie's Sweet Testing Blog
D/nofatclips(  224): Found widget: id=2131165199 (android.widget.ImageView@40545920)
D/nofatclips(  224): Found widget: id=-1 (android.widget.RelativeLayout@40535a78)
D/nofatclips(  224): Found widget: id=2131165200 (android.widget.ImageButton@405684e0)
D/nofatclips(  224): Found widget: id=-1 (android.widget.FrameLayout@40543c40)
D/nofatclips(  224): Found widget: id=2131165201 (android.widget.Button@4056c718): 
D/nofatclips(  224): Found widget: id=2131165202 (android.widget.ImageView@4050fb68)
D/nofatclips(  224): Found widget: id=2131165203 (android.widget.ImageView@40536ef8)
D/nofatclips(  224): Found widget: id=2131165204 (android.widget.LinearLayout@40537280)
D/nofatclips(  224): Found widget: id=-1 (android.widget.FrameLayout@40538798)
D/nofatclips(  224): Found widget: id=-1 (android.widget.LinearLayout@40545340)
D/nofatclips(  224): Found widget: id=-1 (android.widget.LinearLayout@40521530)
D/nofatclips(  224): Found widget: id=-1 (android.widget.LinearLayout@4055e348)
D/nofatclips(  224): Found widget: id=2131165251 (android.widget.LinearLayout@40568328)
D/nofatclips(  224): Found widget: id=-1 (android.widget.ImageView@40569e18)
D/nofatclips(  224): Found widget: id=2131165256 (android.widget.TextView@4056d050): New Post
D/nofatclips(  224): Found widget: id=2131165253 (android.widget.LinearLayout@4053aad0)
D/nofatclips(  224): Found widget: id=-1 (android.widget.ImageView@40542ee0)
D/nofatclips(  224): Found widget: id=2131165256 (android.widget.TextView@40579248): New Page
D/nofatclips(  224): Found widget: id=-1 (android.widget.LinearLayout@4056e2b0)
D/nofatclips(  224): Found widget: id=2131165252 (android.widget.LinearLayout@405363e0)
D/nofatclips(  224): Found widget: id=-1 (android.widget.ImageView@40537078)
D/nofatclips(  224): Found widget: id=2131165256 (android.widget.TextView@40579ab8): Quick Photo
D/nofatclips(  224): Found widget: id=2131165254 (android.widget.LinearLayout@405156a8)
D/nofatclips(  224): Found widget: id=-1 (android.widget.ImageView@40533e48)
D/nofatclips(  224): Found widget: id=2131165256 (android.widget.TextView@4057a140): Quick Video
D/nofatclips(  224): Found widget: id=-1 (android.widget.LinearLayout@40531228)
D/nofatclips(  224): Found widget: id=-1 (android.widget.LinearLayout@40577918)
D/nofatclips(  224): Found widget: id=2131165255 (android.widget.LinearLayout@40532530)
D/nofatclips(  224): Found widget: id=-1 (android.widget.ImageView@40532208)
D/nofatclips(  224): Found widget: id=2131165256 (android.widget.TextView@40535210): Posts
D/nofatclips(  224): Found widget: id=2131165257 (android.widget.LinearLayout@4056a130)
D/nofatclips(  224): Found widget: id=-1 (android.widget.ImageView@40546c00)
D/nofatclips(  224): Found widget: id=2131165256 (android.widget.TextView@4053bd60): Pages
D/nofatclips(  224): Found widget: id=-1 (android.widget.FrameLayout@4054a4e0)
D/nofatclips(  224): Found widget: id=2131165258 (android.widget.LinearLayout@40551810)
D/nofatclips(  224): Found widget: id=-1 (android.widget.ImageView@40541d08)
D/nofatclips(  224): Found widget: id=2131165256 (android.widget.TextView@40542380): Comments
D/nofatclips(  224): Found widget: id=2131165259 (android.widget.FrameLayout@40545010)
D/nofatclips(  224): Found widget: id=2131165260 (android.widget.ImageView@405468c8)
D/nofatclips(  224): Found widget: id=2131165261 (org.wordpress.android.util.CommentBadgeTextView@405446c0): 0
D/nofatclips(  224): Found widget: id=-1 (android.widget.LinearLayout@40560030)
D/nofatclips(  224): Found widget: id=2131165262 (android.widget.LinearLayout@40546ec8)
D/nofatclips(  224): Found widget: id=-1 (android.widget.ImageView@40562ce0)
D/nofatclips(  224): Found widget: id=2131165256 (android.widget.TextView@40551418): Settings
D/nofatclips(  224): Found widget: id=2131165263 (android.widget.LinearLayout@40564098)
D/nofatclips(  224): Found widget: id=-1 (android.widget.ImageView@40566a08)
D/nofatclips(  224): Found widget: id=2131165256 (android.widget.TextView@40577d88): Read
D/nofatclips(  224): Found widget: id=2131165264 (android.widget.LinearLayout@40568700)
D/nofatclips(  224): Found widget: id=-1 (android.widget.ImageView@4053ba30)
D/nofatclips(  224): Found widget: id=2131165256 (android.widget.TextView@405449e0): Stats
D/nofatclips(  224): Found widget: id=-1 (com.android.internal.policy.impl.PhoneWindow$DecorView@40517408)
I/nofatclips(  224): Playing Trace 207
I/nofatclips(  224): Retrieved from return list id=2131165262
D/nofatclips(  224): Testing for type (android.widget.LinearLayout) against the original (android.widget.LinearLayout)
D/nofatclips(  224): Testing for name () against the original ()
I/nofatclips(  224): Firing event: type= click index=50 widget=android.widget.LinearLayout
I/Launcher(  135): setLoadOnResume
I/Launcher(  135): setLoadOnResume
D/dalvikvm(  121): GREF has increased to 201
W/KeyCharacterMap(  224): No keyboard for id 0
W/KeyCharacterMap(  224): Using default keymap: /system/usr/keychars/qwerty.kcm.bin
D/MediaScanner(  205):  prescan time: 858ms
D/MediaScanner(  205):     scan time: 18ms
D/MediaScanner(  205): postscan time: 1ms
D/MediaScanner(  205):    total time: 877ms
D/MediaScannerService(  205): done scanning volume internal
D/MediaScannerService(  205): start scanning volume external
V/MediaProvider(  205): /mnt/sdcard volume ID: 419235871
V/MediaProvider(  205): Attached volume: external
V/MediaScanner(  205): pruneDeadThumbnailFiles... android.database.sqlite.SQLiteCursor@40523028
V/MediaScanner(  205): /pruneDeadThumbnailFiles... android.database.sqlite.SQLiteCursor@40523028
D/MediaScanner(  205):  prescan time: 40ms
D/MediaScanner(  205):     scan time: 2ms
D/MediaScanner(  205): postscan time: 12ms
D/MediaScanner(  205):    total time: 54ms
D/MediaScannerService(  205): done scanning volume external
D/dalvikvm(  135): GC_EXTERNAL_ALLOC freed 263K, 50% free 2965K/5895K, external 2073K/2073K, paused 38ms
D/szipinf (  135): Initializing inflate state
D/dalvikvm(  135): GC_EXPLICIT freed 87K, 51% free 2902K/5895K, external 2115K/2461K, paused 40ms
D/nofatclips(  224): Event description: Settings
I/ActivityManager(   61): Starting: Intent { cmp=org.wordpress.android/.Settings (has extras) } from pid 224
I/nofatclips(  224): Waiting for 100 msec.
D/dalvikvm(  224): GC_CONCURRENT freed 824K, 51% free 3337K/6791K, external 2221K/2324K, paused 9ms+12ms
D/dalvikvm(  224): GC_EXTERNAL_ALLOC freed 31K, 52% free 3316K/6791K, external 2293K/2324K, paused 122ms
W/ImageDownloader(  224): Error 404 while retrieving bitmap from http://gravatar.com/blavatar/44d338f29053dbb888da79dcf98df489?s=60&d=404
I/dalvikvm(   61): Jit: resizing JitTable from 512 to 1024
I/nofatclips(  224): Current activity is Settings
I/ActivityManager(   61): Displayed org.wordpress.android/.Settings: +2s502ms
I/dalvikvm(  224): Jit: resizing JitTable from 1024 to 2048
I/nofatclips(  224): Retrieving widgets
D/nofatclips(  224): Found widget: id=16908290 (android.widget.FrameLayout@40634b20)
D/nofatclips(  224): Found widget: id=2131165343 (android.widget.RelativeLayout@40635568)
D/nofatclips(  224): Found widget: id=-1 (android.widget.ScrollView@40635b70)
D/nofatclips(  224): Found widget: id=2131165207 (android.widget.RelativeLayout@405b2f50)
D/nofatclips(  224): Found widget: id=2131165209 (android.widget.RelativeLayout@405b32f8)
D/nofatclips(  224): Found widget: id=2131165210 (android.widget.TextView@405b3fb0): Account Details
D/nofatclips(  224): Found widget: id=2131165214 (android.widget.TextView@405b5a40): Username:
D/nofatclips(  224): Found widget: id=2131165215 (android.widget.EditText@405b6230): katiemalone1990
D/nofatclips(  224): Found widget: id=2131165216 (android.widget.TextView@4068de10): Password:
D/nofatclips(  224): Found widget: id=2131165217 (android.widget.EditText@4068e2a8): cle0sandy
D/nofatclips(  224): Found widget: id=2131165214 (android.widget.TextView@4068fbf8): Username:
D/nofatclips(  224): Found widget: id=2131165223 (android.widget.TextView@406900f0): HTTP Username (optional):
D/nofatclips(  224): Found widget: id=2131165224 (android.widget.EditText@40690650): 
D/nofatclips(  224): Found widget: id=2131165225 (android.widget.TextView@406914e8): HTTP Password (optional):
D/nofatclips(  224): Found widget: id=2131165226 (android.widget.EditText@40691a48): 
D/nofatclips(  224): Found widget: id=2131165288 (android.widget.RelativeLayout@40692f00)
D/nofatclips(  224): Found widget: id=2131165346 (android.widget.TextView@40693538): Media
D/nofatclips(  224): Found widget: id=2131165347 (android.widget.TextView@40693e48): Default image width
D/nofatclips(  224): Found widget: id=2131165348 (android.widget.Spinner@40694600)
D/nofatclips(  224): Found widget: id=16908308 (android.widget.TextView@4068a110): 500
D/nofatclips(  224): Found widget: id=2131165349 (android.widget.CheckBox@406699e8): Upload and link to full image
D/nofatclips(  224): Found widget: id=2131165266 (android.widget.RelativeLayout@4066a758)
D/nofatclips(  224): Found widget: id=2131165350 (android.widget.TextView@4066ad90): Location
D/nofatclips(  224): Found widget: id=2131165351 (android.widget.CheckBox@4066b6a8): Geotag Posts
D/nofatclips(  224): Found widget: id=2131165219 (android.widget.Button@4066c3f8): Save
D/nofatclips(  224): Found widget: id=2131165220 (android.widget.Button@4066d6b8): Cancel
D/nofatclips(  224): Found widget: id=2131165352 (org.wordpress.android.util.WPTitleBar@4066e078)
D/nofatclips(  224): Found widget: id=2131165195 (android.widget.RelativeLayout@4066ec98)
D/nofatclips(  224): Found widget: id=2131165196 (android.widget.RelativeLayout@4066f660)
D/nofatclips(  224): Found widget: id=2131165197 (android.widget.ImageView@40670dd8)
D/nofatclips(  224): Found widget: id=2131165198 (android.widget.TextView@40671238): Katie's Sweet Testing Blog
D/nofatclips(  224): Found widget: id=2131165199 (android.widget.ImageView@40671ec8)
D/nofatclips(  224): Found widget: id=-1 (android.widget.RelativeLayout@406722e0)
D/nofatclips(  224): Found widget: id=2131165200 (android.widget.ImageButton@40672740)
D/nofatclips(  224): Found widget: id=-1 (android.widget.FrameLayout@406731c0)
D/nofatclips(  224): Found widget: id=2131165201 (android.widget.Button@406734d0): 
D/nofatclips(  224): Found widget: id=2131165202 (android.widget.ImageView@4069b2a0)
D/nofatclips(  224): Found widget: id=2131165203 (android.widget.ImageView@4069b650)
D/nofatclips(  224): Found widget: id=2131165204 (android.widget.LinearLayout@4069bc70)
D/nofatclips(  224): Found widget: id=-1 (android.widget.FrameLayout@4069c6e0)
D/nofatclips(  224): Found widget: id=-1 (android.widget.LinearLayout@4069cea0)
D/nofatclips(  224): Found widget: id=-1 (android.widget.LinearLayout@4069da88)
D/nofatclips(  224): Found widget: id=-1 (android.widget.LinearLayout@4069dca8)
D/nofatclips(  224): Found widget: id=2131165251 (android.widget.LinearLayout@4069dec8)
D/nofatclips(  224): Found widget: id=-1 (android.widget.ImageView@4069f6a0)
D/nofatclips(  224): Found widget: id=2131165256 (android.widget.TextView@4069fa98): New Post
D/nofatclips(  224): Found widget: id=2131165253 (android.widget.LinearLayout@406a0678)
D/nofatclips(  224): Found widget: id=-1 (android.widget.ImageView@406a1c38)
D/nofatclips(  224): Found widget: id=2131165256 (android.widget.TextView@406a1fe8): New Page
D/nofatclips(  224): Found widget: id=-1 (android.widget.LinearLayout@406a2478)
D/nofatclips(  224): Found widget: id=2131165252 (android.widget.LinearLayout@406a2698)
D/nofatclips(  224): Found widget: id=-1 (android.widget.ImageView@406a3b88)
D/nofatclips(  224): Found widget: id=2131165256 (android.widget.TextView@406a3f38): Quick Photo
D/nofatclips(  224): Found widget: id=2131165254 (android.widget.LinearLayout@406a43c8)
D/nofatclips(  224): Found widget: id=-1 (android.widget.ImageView@4053efb8)
D/nofatclips(  224): Found widget: id=2131165256 (android.widget.TextView@405a6df0): Quick Video
D/nofatclips(  224): Found widget: id=-1 (android.widget.LinearLayout@4055c060)
D/nofatclips(  224): Found widget: id=-1 (android.widget.LinearLayout@405d0810)
D/nofatclips(  224): Found widget: id=2131165255 (android.widget.LinearLayout@40535488)
D/nofatclips(  224): Found widget: id=-1 (android.widget.ImageView@40539500)
D/nofatclips(  224): Found widget: id=2131165256 (android.widget.TextView@405d59e0): Posts
D/nofatclips(  224): Found widget: id=2131165257 (android.widget.LinearLayout@40569a90)
D/nofatclips(  224): Found widget: id=-1 (android.widget.ImageView@405784c0)
D/nofatclips(  224): Found widget: id=2131165256 (android.widget.TextView@405e1258): Pages
D/nofatclips(  224): Found widget: id=-1 (android.widget.FrameLayout@4058aa60)
D/nofatclips(  224): Found widget: id=2131165258 (android.widget.LinearLayout@40646eb8)
D/nofatclips(  224): Found widget: id=-1 (android.widget.ImageView@4064afd8)
D/nofatclips(  224): Found widget: id=2131165256 (android.widget.TextView@405719e8): Comments
D/nofatclips(  224): Found widget: id=2131165259 (android.widget.FrameLayout@4066ffc8)
D/nofatclips(  224): Found widget: id=2131165260 (android.widget.ImageView@4052f1e0)
D/nofatclips(  224): Found widget: id=2131165261 (org.wordpress.android.util.CommentBadgeTextView@405889e0): 0
D/nofatclips(  224): Found widget: id=-1 (android.widget.LinearLayout@4057cbc8)
D/nofatclips(  224): Found widget: id=2131165262 (android.widget.LinearLayout@405857d0)
D/nofatclips(  224): Found widget: id=-1 (android.widget.ImageView@4057cdf8)
D/nofatclips(  224): Found widget: id=2131165256 (android.widget.TextView@405a83c8): Settings
D/nofatclips(  224): Found widget: id=2131165263 (android.widget.LinearLayout@405c8e40)
D/nofatclips(  224): Found widget: id=-1 (android.widget.ImageView@4057d8e0)
D/nofatclips(  224): Found widget: id=2131165256 (android.widget.TextView@40676bf0): Read
D/nofatclips(  224): Found widget: id=2131165264 (android.widget.LinearLayout@405a4d70)
D/nofatclips(  224): Found widget: id=-1 (android.widget.ImageView@40610df0)
D/nofatclips(  224): Found widget: id=2131165256 (android.widget.TextView@40676ef8): Stats
D/nofatclips(  224): Found widget: id=-1 (com.android.internal.policy.impl.PhoneWindow$DecorView@40634828)
V/nicola  (  224): TextualID : l_section1
V/nicola  (  224): ContentType detected : default
V/nicola  (  224): TextualID : l_username
V/nicola  (  224): ContentType detected : default
V/ReflectionHelper(  224): android.widget.EditText > mOnFocusChangeListener FOUND | NOT ACTIVE
V/nicola  (  224): TextualID : username
V/nicola  (  224): ContentType detected : default
V/nicola  (  224): TextualID : l_password
V/nicola  (  224): ContentType detected : default
V/ReflectionHelper(  224): android.widget.EditText > mOnFocusChangeListener FOUND | NOT ACTIVE
V/nicola  (  224): TextualID : password
V/nicola  (  224): ContentType detected : default
V/nicola  (  224): TextualID : l_username
V/nicola  (  224): ContentType detected : default
V/nicola  (  224): TextualID : l_section2
V/nicola  (  224): ContentType detected : default
V/nicola  (  224): TextualID : l_maxImageWidth
V/nicola  (  224): ContentType detected : default
V/nicola  (  224): TextualID : null
V/nicola  (  224): ContentType detected : default
V/nicola  (  224): TextualID : fullSizeImage
V/nicola  (  224): ContentType detected : default
V/nicola  (  224): TextualID : l_section3
V/nicola  (  224): ContentType detected : default
V/nicola  (  224): TextualID : location
V/nicola  (  224): ContentType detected : default
V/nicola  (  224): TextualID : save
V/nicola  (  224): ContentType detected : default
V/nicola  (  224): TextualID : cancel
V/nicola  (  224): ContentType detected : default
V/nicola  (  224): TextualID : blog_title
V/nicola  (  224): ContentType detected : default
V/nicola  (  224): TextualID : action_refresh
V/nicola  (  224): ContentType detected : default
I/nofatclips(  224): Performing comparation for activity Settings
I/nofatclips(  224): Registering activity Settings (id: a17) as a new found state
D/nofatclips(  224): Performing backup of the old activity list on disk
D/nofatclips(  224): Saving new found state 'a17' on disk
V/nofatclips(  224): Opening state file in append mode.
D/dalvikvm(  224): GC_CONCURRENT freed 780K, 50% free 3513K/6919K, external 2453K/2908K, paused 5ms+7ms
D/dalvikvm(  224): GC_EXTERNAL_ALLOC freed 90K, 51% free 3422K/6919K, external 2453K/2908K, paused 73ms
I/nofatclips(  224): Saved image on disk: a17.jpg
I/nofatclips(  224): Waiting for 100 msec.
I/nofatclips(  224): Session count is 1. Will dump to disk at 1
I/nofatclips(  224): Saving the session on disk.
I/nofatclips(  224): Planning for new Activity Settings
D/nofatclips(  224): Handling event selectSpinnerItem for items [1,11] on spinner #2131165348 count=11
D/nofatclips(  224): Handling input 'writeText' on widget id=2131165215 type=editText name=
V/nofatclips(  224): Using value: 27
D/nofatclips(  224): Handling input 'writeText' on widget id=2131165217 type=editText name=
V/nofatclips(  224): Using value: 29
D/nofatclips(  224): Handling input 'writeText' on widget id=2131165215 type=editText name=
V/nofatclips(  224): Using value: 27
D/nofatclips(  224): Handling input 'writeText' on widget id=2131165217 type=editText name=
V/nofatclips(  224): Using value: 29
D/nofatclips(  224): Handling input 'writeText' on widget id=2131165215 type=editText name=
V/nofatclips(  224): Using value: 27
D/nofatclips(  224): Handling input 'writeText' on widget id=2131165217 type=editText name=
V/nofatclips(  224): Using value: 29
D/nofatclips(  224): Handling input 'writeText' on widget id=2131165215 type=editText name=
V/nofatclips(  224): Using value: 27
D/nofatclips(  224): Handling input 'writeText' on widget id=2131165217 type=editText name=
V/nofatclips(  224): Using value: 29
D/nofatclips(  224): Handling input 'writeText' on widget id=2131165215 type=editText name=
V/nofatclips(  224): Using value: 27
D/nofatclips(  224): Handling input 'writeText' on widget id=2131165217 type=editText name=
V/nofatclips(  224): Using value: 29
D/nofatclips(  224): Handling input 'writeText' on widget id=2131165215 type=editText name=
V/nofatclips(  224): Using value: 27
D/nofatclips(  224): Handling input 'writeText' on widget id=2131165217 type=editText name=
V/nofatclips(  224): Using value: 29
D/nofatclips(  224): Handling input 'writeText' on widget id=2131165215 type=editText name=
V/nofatclips(  224): Using value: 27
D/nofatclips(  224): Handling input 'writeText' on widget id=2131165217 type=editText name=
V/nofatclips(  224): Using value: 29
D/nofatclips(  224): Handling input 'writeText' on widget id=2131165215 type=editText name=
V/nofatclips(  224): Using value: 27
D/nofatclips(  224): Handling input 'writeText' on widget id=2131165217 type=editText name=
V/nofatclips(  224): Using value: 29
D/nofatclips(  224): Handling input 'writeText' on widget id=2131165215 type=editText name=
V/nofatclips(  224): Using value: 27
D/nofatclips(  224): Handling input 'writeText' on widget id=2131165217 type=editText name=
V/nofatclips(  224): Using value: 29
D/nofatclips(  224): Handling input 'writeText' on widget id=2131165215 type=editText name=
V/nofatclips(  224): Using value: 27
D/nofatclips(  224): Handling input 'writeText' on widget id=2131165217 type=editText name=
V/nofatclips(  224): Using value: 29
D/nofatclips(  224): Handling input 'writeText' on widget id=2131165215 type=editText name=
V/nofatclips(  224): Using value: 27
D/nofatclips(  224): Handling input 'writeText' on widget id=2131165217 type=editText name=
V/nofatclips(  224): Using value: 29
D/nofatclips(  224): Handling event 'click' on widget id=2131165349 type=check name=Upload and link to full image
D/nofatclips(  224): Handling input 'writeText' on widget id=2131165215 type=editText name=
V/nofatclips(  224): Using value: 27
D/nofatclips(  224): Handling input 'writeText' on widget id=2131165217 type=editText name=
V/nofatclips(  224): Using value: 29
D/nofatclips(  224): Handling event 'click' on widget id=2131165351 type=check name=Geotag Posts
D/nofatclips(  224): Handling input 'writeText' on widget id=2131165215 type=editText name=
V/nofatclips(  224): Using value: 27
D/nofatclips(  224): Handling input 'writeText' on widget id=2131165217 type=editText name=
V/nofatclips(  224): Using value: 29
D/nofatclips(  224): Handling event 'click' on widget id=2131165219 type=button name=Save
D/nofatclips(  224): Handling input 'writeText' on widget id=2131165215 type=editText name=
V/nofatclips(  224): Using value: 27
D/nofatclips(  224): Handling input 'writeText' on widget id=2131165217 type=editText name=
V/nofatclips(  224): Using value: 29
D/nofatclips(  224): Handling event 'click' on widget id=2131165220 type=button name=Cancel
D/nofatclips(  224): Handling input 'writeText' on widget id=2131165215 type=editText name=
V/nofatclips(  224): Using value: 27
D/nofatclips(  224): Handling input 'writeText' on widget id=2131165217 type=editText name=
V/nofatclips(  224): Using value: 29
D/nofatclips(  224): Handling event 'click' on widget id=2131165200 type=button name=
D/nofatclips(  224): Handling input 'writeText' on widget id=2131165215 type=editText name=
V/nofatclips(  224): Using value: 27
D/nofatclips(  224): Handling input 'writeText' on widget id=2131165217 type=editText name=
V/nofatclips(  224): Using value: 29
D/dalvikvm(  224): GC_CONCURRENT freed 1184K, 52% free 3513K/7303K, external 3653K/3812K, paused 4ms+3ms
I/nofatclips(  224): Created trace to press the back button
I/nofatclips(  224): Created trace to press the menu button
I/nofatclips(  224): Created trace to change orientation
I/nofatclips(  224): Check for termination: 84 steps left of 100
I/nofatclips(  224): Dispatching new task. 2 more tasks remaining.
D/nofatclips(  224): Performing backup of the old task list on disk
D/nofatclips(  224): Saving task list on disk
V/nofatclips(  224): Backing up trace #225 to disk.
V/nofatclips(  224): Backing up trace #226 to disk.
D/nofatclips(  224): Deleting backup of the old task list from disk
D/nofatclips(  224): Deleting backup of the old activity list from disk
I/nofatclips(  224): Incrementally Playing Trace 226
D/nofatclips(  224): Setting input: type= writeText id=2131165215 value=27
D/nofatclips(  224): Added to return list id=2131165215
I/nofatclips(  224): Retrieved from return list id=2131165215
D/nofatclips(  224): Testing for type (android.widget.EditText) against the original (android.widget.EditText)
D/nofatclips(  224): Testing for name () against the original ()
W/KeyCharacterMap(  224): No keyboard for id 0
W/KeyCharacterMap(  224): Using default keymap: /system/usr/keychars/qwerty.kcm.bin
D/nofatclips(  224): Setting input: type= writeText id=2131165217 value=29
D/nofatclips(  224): Added to return list id=2131165217
I/nofatclips(  224): Retrieved from return list id=2131165217
D/nofatclips(  224): Testing for type (android.widget.EditText) against the original (android.widget.EditText)
D/nofatclips(  224): Testing for name () against the original ()
I/nofatclips(  224): Retrieved from return list id=2131165348
D/nofatclips(  224): Testing for type (android.widget.Spinner) against the original (android.widget.Spinner)
D/nofatclips(  224): Testing for name () against the original ()
I/nofatclips(  224): Firing event: type= selectSpinnerItem index=18 widget=android.widget.Spinner
I/nofatclips(  224): Clicking the spinner view
D/nofatclips(  224): Event description: 500
D/dalvikvm(  224): GC_CONCURRENT freed 1566K, 56% free 3411K/7623K, external 3053K/3812K, paused 14ms+12ms
I/nofatclips(  224): Swapping to listview item 5
W/KeyCharacterMap(  224): No keyboard for id 0
W/KeyCharacterMap(  224): Using default keymap: /system/usr/keychars/qwerty.kcm.bin
D/nofatclips(  224): Event description: 400
I/nofatclips(  224): Waiting for 100 msec.
W/InputManagerService(   61): Window already focused, ignoring focus gain of: com.android.internal.view.IInputMethodClient$Stub$Proxy@40521ff8
I/nofatclips(  224): Current activity is Settings
I/nofatclips(  224): Retrieving widgets
D/nofatclips(  224): Found widget: id=16908290 (android.widget.FrameLayout@40634b20)
D/nofatclips(  224): Found widget: id=2131165343 (android.widget.RelativeLayout@40635568)
D/nofatclips(  224): Found widget: id=-1 (android.widget.ScrollView@40635b70)
D/nofatclips(  224): Found widget: id=2131165207 (android.widget.RelativeLayout@405b2f50)
D/nofatclips(  224): Found widget: id=2131165209 (android.widget.RelativeLayout@405b32f8)
D/nofatclips(  224): Found widget: id=2131165210 (android.widget.TextView@405b3fb0): Account Details
D/nofatclips(  224): Found widget: id=2131165214 (android.widget.TextView@405b5a40): Username:
D/nofatclips(  224): Found widget: id=2131165215 (android.widget.EditText@405b6230): 27
D/nofatclips(  224): Found widget: id=2131165216 (android.widget.TextView@4068de10): Password:
D/nofatclips(  224): Found widget: id=2131165217 (android.widget.EditText@4068e2a8): 29
D/nofatclips(  224): Found widget: id=2131165214 (android.widget.TextView@4068fbf8): Username:
D/nofatclips(  224): Found widget: id=2131165223 (android.widget.TextView@406900f0): HTTP Username (optional):
D/nofatclips(  224): Found widget: id=2131165224 (android.widget.EditText@40690650): 
D/nofatclips(  224): Found widget: id=2131165225 (android.widget.TextView@406914e8): HTTP Password (optional):
D/nofatclips(  224): Found widget: id=2131165226 (android.widget.EditText@40691a48): 
D/nofatclips(  224): Found widget: id=2131165288 (android.widget.RelativeLayout@40692f00)
D/nofatclips(  224): Found widget: id=2131165346 (android.widget.TextView@40693538): Media
D/nofatclips(  224): Found widget: id=2131165347 (android.widget.TextView@40693e48): Default image width
D/nofatclips(  224): Found widget: id=2131165348 (android.widget.Spinner@40694600)
D/nofatclips(  224): Found widget: id=16908308 (android.widget.TextView@406c4f88): 400
D/nofatclips(  224): Found widget: id=2131165349 (android.widget.CheckBox@406699e8): Upload and link to full image
D/nofatclips(  224): Found widget: id=2131165266 (android.widget.RelativeLayout@4066a758)
D/nofatclips(  224): Found widget: id=2131165350 (android.widget.TextView@4066ad90): Location
D/nofatclips(  224): Found widget: id=2131165351 (android.widget.CheckBox@4066b6a8): Geotag Posts
D/nofatclips(  224): Found widget: id=2131165219 (android.widget.Button@4066c3f8): Save
D/nofatclips(  224): Found widget: id=2131165220 (android.widget.Button@4066d6b8): Cancel
D/nofatclips(  224): Found widget: id=2131165352 (org.wordpress.android.util.WPTitleBar@4066e078)
D/nofatclips(  224): Found widget: id=2131165195 (android.widget.RelativeLayout@4066ec98)
D/nofatclips(  224): Found widget: id=2131165196 (android.widget.RelativeLayout@4066f660)
D/nofatclips(  224): Found widget: id=2131165197 (android.widget.ImageView@40670dd8)
D/nofatclips(  224): Found widget: id=2131165198 (android.widget.TextView@40671238): Katie's Sweet Testing Blog
D/nofatclips(  224): Found widget: id=2131165199 (android.widget.ImageView@40671ec8)
D/nofatclips(  224): Found widget: id=-1 (android.widget.RelativeLayout@406722e0)
D/nofatclips(  224): Found widget: id=2131165200 (android.widget.ImageButton@40672740)
D/nofatclips(  224): Found widget: id=-1 (android.widget.FrameLayout@406731c0)
D/nofatclips(  224): Found widget: id=2131165201 (android.widget.Button@406734d0): 
D/nofatclips(  224): Found widget: id=2131165202 (android.widget.ImageView@4069b2a0)
D/nofatclips(  224): Found widget: id=2131165203 (android.widget.ImageView@4069b650)
D/nofatclips(  224): Found widget: id=2131165204 (android.widget.LinearLayout@4069bc70)
D/nofatclips(  224): Found widget: id=-1 (android.widget.FrameLayout@4069c6e0)
D/nofatclips(  224): Found widget: id=-1 (android.widget.LinearLayout@4069cea0)
D/nofatclips(  224): Found widget: id=-1 (android.widget.LinearLayout@4069da88)
D/nofatclips(  224): Found widget: id=-1 (android.widget.LinearLayout@4069dca8)
D/nofatclips(  224): Found widget: id=2131165251 (android.widget.LinearLayout@4069dec8)
D/nofatclips(  224): Found widget: id=-1 (android.widget.ImageView@4069f6a0)
D/nofatclips(  224): Found widget: id=2131165256 (android.widget.TextView@4069fa98): New Post
D/nofatclips(  224): Found widget: id=2131165253 (android.widget.LinearLayout@406a0678)
D/nofatclips(  224): Found widget: id=-1 (android.widget.ImageView@406a1c38)
D/nofatclips(  224): Found widget: id=2131165256 (android.widget.TextView@406a1fe8): New Page
D/nofatclips(  224): Found widget: id=-1 (android.widget.LinearLayout@406a2478)
D/nofatclips(  224): Found widget: id=2131165252 (android.widget.LinearLayout@406a2698)
D/nofatclips(  224): Found widget: id=-1 (android.widget.ImageView@406a3b88)
D/nofatclips(  224): Found widget: id=2131165256 (android.widget.TextView@406a3f38): Quick Photo
D/nofatclips(  224): Found widget: id=2131165254 (android.widget.LinearLayout@406a43c8)
D/nofatclips(  224): Found widget: id=-1 (android.widget.ImageView@4053efb8)
D/nofatclips(  224): Found widget: id=2131165256 (android.widget.TextView@405a6df0): Quick Video
D/nofatclips(  224): Found widget: id=-1 (android.widget.LinearLayout@4055c060)
D/nofatclips(  224): Found widget: id=-1 (android.widget.LinearLayout@405d0810)
D/nofatclips(  224): Found widget: id=2131165255 (android.widget.LinearLayout@40535488)
D/nofatclips(  224): Found widget: id=-1 (android.widget.ImageView@40539500)
D/nofatclips(  224): Found widget: id=2131165256 (android.widget.TextView@405d59e0): Posts
D/nofatclips(  224): Found widget: id=2131165257 (android.widget.LinearLayout@40569a90)
D/nofatclips(  224): Found widget: id=-1 (android.widget.ImageView@405784c0)
D/nofatclips(  224): Found widget: id=2131165256 (android.widget.TextView@405e1258): Pages
D/nofatclips(  224): Found widget: id=-1 (android.widget.FrameLayout@4058aa60)
D/nofatclips(  224): Found widget: id=2131165258 (android.widget.LinearLayout@40646eb8)
D/nofatclips(  224): Found widget: id=-1 (android.widget.ImageView@4064afd8)
D/nofatclips(  224): Found widget: id=2131165256 (android.widget.TextView@405719e8): Comments
D/nofatclips(  224): Found widget: id=2131165259 (android.widget.FrameLayout@4066ffc8)
D/nofatclips(  224): Found widget: id=2131165260 (android.widget.ImageView@4052f1e0)
D/nofatclips(  224): Found widget: id=2131165261 (org.wordpress.android.util.CommentBadgeTextView@405889e0): 0
D/nofatclips(  224): Found widget: id=-1 (android.widget.LinearLayout@4057cbc8)
D/nofatclips(  224): Found widget: id=2131165262 (android.widget.LinearLayout@405857d0)
D/nofatclips(  224): Found widget: id=-1 (android.widget.ImageView@4057cdf8)
D/nofatclips(  224): Found widget: id=2131165256 (android.widget.TextView@405a83c8): Settings
D/nofatclips(  224): Found widget: id=2131165263 (android.widget.LinearLayout@405c8e40)
D/nofatclips(  224): Found widget: id=-1 (android.widget.ImageView@4057d8e0)
D/nofatclips(  224): Found widget: id=2131165256 (android.widget.TextView@40676bf0): Read
D/nofatclips(  224): Found widget: id=2131165264 (android.widget.LinearLayout@405a4d70)
D/nofatclips(  224): Found widget: id=-1 (android.widget.ImageView@40610df0)
D/nofatclips(  224): Found widget: id=2131165256 (android.widget.TextView@40676ef8): Stats
D/nofatclips(  224): Found widget: id=-1 (com.android.internal.policy.impl.PhoneWindow$DecorView@40634828)
V/nicola  (  224): TextualID : l_section1
V/nicola  (  224): ContentType detected : default
V/nicola  (  224): TextualID : l_username
V/nicola  (  224): ContentType detected : default
V/ReflectionHelper(  224): android.widget.EditText > mOnFocusChangeListener FOUND | NOT ACTIVE
V/nicola  (  224): TextualID : username
V/nicola  (  224): ContentType detected : default
V/nicola  (  224): TextualID : l_password
V/nicola  (  224): ContentType detected : default
V/ReflectionHelper(  224): android.widget.EditText > mOnFocusChangeListener FOUND | NOT ACTIVE
V/nicola  (  224): TextualID : password
V/nicola  (  224): ContentType detected : default
V/nicola  (  224): TextualID : l_username
V/nicola  (  224): ContentType detected : default
V/nicola  (  224): TextualID : l_section2
V/nicola  (  224): ContentType detected : default
V/nicola  (  224): TextualID : l_maxImageWidth
V/nicola  (  224): ContentType detected : default
V/nicola  (  224): TextualID : null
V/nicola  (  224): ContentType detected : default
V/nicola  (  224): TextualID : fullSizeImage
V/nicola  (  224): ContentType detected : default
V/nicola  (  224): TextualID : l_section3
V/nicola  (  224): ContentType detected : default
V/nicola  (  224): TextualID : location
V/nicola  (  224): ContentType detected : default
V/nicola  (  224): TextualID : save
V/nicola  (  224): ContentType detected : default
V/nicola  (  224): TextualID : cancel
V/nicola  (  224): ContentType detected : default
V/nicola  (  224): TextualID : blog_title
V/nicola  (  224): ContentType detected : default
V/nicola  (  224): TextualID : action_refresh
V/nicola  (  224): ContentType detected : default
I/nofatclips(  224): Performing comparation for activity Settings
D/nofatclips(  224): Comparing against activity Settings
I/nofatclips(  224): Registering activity Settings (id: a18) as a new found state
D/nofatclips(  224): Performing backup of the old activity list on disk
D/nofatclips(  224): Saving new found state 'a18' on disk
V/nofatclips(  224): Opening state file in append mode.
I/nofatclips(  224): Saved image on disk: a18.jpg
I/nofatclips(  224): Waiting for 100 msec.
I/nofatclips(  224): Session count is 1. Will dump to disk at 1
I/nofatclips(  224): Saving the session on disk.
I/nofatclips(  224): Planning for new Activity Settings
D/nofatclips(  224): Handling event selectSpinnerItem for items [1,11] on spinner #2131165348 count=11
D/nofatclips(  224): Handling input 'writeText' on widget id=2131165215 type=editText name=
V/nofatclips(  224): Using value: 27
D/nofatclips(  224): Handling input 'writeText' on widget id=2131165217 type=editText name=
V/nofatclips(  224): Using value: 29
D/nofatclips(  224): Handling input 'writeText' on widget id=2131165215 type=editText name=
V/nofatclips(  224): Using value: 27
D/nofatclips(  224): Handling input 'writeText' on widget id=2131165217 type=editText name=
V/nofatclips(  224): Using value: 29
D/dalvikvm(  224): GC_CONCURRENT freed 1144K, 54% free 3581K/7623K, external 3667K/3812K, paused 15ms+34ms
D/nofatclips(  224): Handling input 'writeText' on widget id=2131165215 type=editText name=
V/nofatclips(  224): Using value: 27
D/nofatclips(  224): Handling input 'writeText' on widget id=2131165217 type=editText name=
V/nofatclips(  224): Using value: 29
D/nofatclips(  224): Handling input 'writeText' on widget id=2131165215 type=editText name=
V/nofatclips(  224): Using value: 27
D/nofatclips(  224): Handling input 'writeText' on widget id=2131165217 type=editText name=
V/nofatclips(  224): Using value: 29
D/nofatclips(  224): Handling input 'writeText' on widget id=2131165215 type=editText name=
V/nofatclips(  224): Using value: 27
D/nofatclips(  224): Handling input 'writeText' on widget id=2131165217 type=editText name=
V/nofatclips(  224): Using value: 29
D/nofatclips(  224): Handling input 'writeText' on widget id=2131165215 type=editText name=
V/nofatclips(  224): Using value: 27
D/nofatclips(  224): Handling input 'writeText' on widget id=2131165217 type=editText name=
V/nofatclips(  224): Using value: 29
D/nofatclips(  224): Handling input 'writeText' on widget id=2131165215 type=editText name=
V/nofatclips(  224): Using value: 27
D/nofatclips(  224): Handling input 'writeText' on widget id=2131165217 type=editText name=
V/nofatclips(  224): Using value: 29
D/nofatclips(  224): Handling input 'writeText' on widget id=2131165215 type=editText name=
V/nofatclips(  224): Using value: 27
D/nofatclips(  224): Handling input 'writeText' on widget id=2131165217 type=editText name=
V/nofatclips(  224): Using value: 29
D/nofatclips(  224): Handling input 'writeText' on widget id=2131165215 type=editText name=
V/nofatclips(  224): Using value: 27
D/nofatclips(  224): Handling input 'writeText' on widget id=2131165217 type=editText name=
V/nofatclips(  224): Using value: 29
D/nofatclips(  224): Handling input 'writeText' on widget id=2131165215 type=editText name=
V/nofatclips(  224): Using value: 27
D/nofatclips(  224): Handling input 'writeText' on widget id=2131165217 type=editText name=
V/nofatclips(  224): Using value: 29
D/nofatclips(  224): Handling input 'writeText' on widget id=2131165215 type=editText name=
V/nofatclips(  224): Using value: 27
D/nofatclips(  224): Handling input 'writeText' on widget id=2131165217 type=editText name=
V/nofatclips(  224): Using value: 29
D/nofatclips(  224): Handling event 'click' on widget id=2131165349 type=check name=Upload and link to full image
D/nofatclips(  224): Handling input 'writeText' on widget id=2131165215 type=editText name=
V/nofatclips(  224): Using value: 27
D/nofatclips(  224): Handling input 'writeText' on widget id=2131165217 type=editText name=
V/nofatclips(  224): Using value: 29
D/nofatclips(  224): Handling event 'click' on widget id=2131165351 type=check name=Geotag Posts
D/nofatclips(  224): Handling input 'writeText' on widget id=2131165215 type=editText name=
V/nofatclips(  224): Using value: 27
D/nofatclips(  224): Handling input 'writeText' on widget id=2131165217 type=editText name=
V/nofatclips(  224): Using value: 29
D/nofatclips(  224): Handling event 'click' on widget id=2131165219 type=button name=Save
D/nofatclips(  224): Handling input 'writeText' on widget id=2131165215 type=editText name=
V/nofatclips(  224): Using value: 27
D/nofatclips(  224): Handling input 'writeText' on widget id=2131165217 type=editText name=
V/nofatclips(  224): Using value: 29
D/nofatclips(  224): Handling event 'click' on widget id=2131165220 type=button name=Cancel
D/nofatclips(  224): Handling input 'writeText' on widget id=2131165215 type=editText name=
V/nofatclips(  224): Using value: 27
D/nofatclips(  224): Handling input 'writeText' on widget id=2131165217 type=editText name=
V/nofatclips(  224): Using value: 29
D/nofatclips(  224): Handling event 'click' on widget id=2131165200 type=button name=
D/nofatclips(  224): Handling input 'writeText' on widget id=2131165215 type=editText name=
V/nofatclips(  224): Using value: 27
D/nofatclips(  224): Handling input 'writeText' on widget id=2131165217 type=editText name=
V/nofatclips(  224): Using value: 29
I/nofatclips(  224): Created trace to press the back button
I/nofatclips(  224): Created trace to press the menu button
I/nofatclips(  224): Created trace to change orientation
D/dalvikvm(  224): GC_CONCURRENT freed 1636K, 55% free 3574K/7815K, external 3067K/3812K, paused 8ms+5ms
I/nofatclips(  224): Check for termination: 83 steps left of 100
I/nofatclips(  224): Dispatching new task. 2 more tasks remaining.
D/nofatclips(  224): Performing backup of the old task list on disk
D/nofatclips(  224): Saving task list on disk
V/nofatclips(  224): Backing up trace #244 to disk.
V/nofatclips(  224): Backing up trace #245 to disk.
D/nofatclips(  224): Deleting backup of the old task list from disk
D/nofatclips(  224): Deleting backup of the old activity list from disk
I/nofatclips(  224): Incrementally Playing Trace 245
D/nofatclips(  224): Setting input: type= writeText id=2131165215 value=27
D/nofatclips(  224): Added to return list id=2131165215
I/nofatclips(  224): Retrieved from return list id=2131165215
D/nofatclips(  224): Testing for type (android.widget.EditText) against the original (android.widget.EditText)
D/nofatclips(  224): Testing for name () against the original ()
W/KeyCharacterMap(  224): No keyboard for id 0
W/KeyCharacterMap(  224): Using default keymap: /system/usr/keychars/qwerty.kcm.bin
D/nofatclips(  224): Setting input: type= writeText id=2131165217 value=29
D/nofatclips(  224): Added to return list id=2131165217
I/nofatclips(  224): Retrieved from return list id=2131165217
D/nofatclips(  224): Testing for type (android.widget.EditText) against the original (android.widget.EditText)
D/nofatclips(  224): Testing for name () against the original ()
I/nofatclips(  224): Retrieved from return list id=2131165348
D/nofatclips(  224): Testing for type (android.widget.Spinner) against the original (android.widget.Spinner)
D/nofatclips(  224): Testing for name () against the original ()
I/nofatclips(  224): Firing event: type= selectSpinnerItem index=18 widget=android.widget.Spinner
I/nofatclips(  224): Clicking the spinner view
D/nofatclips(  224): Event description: 400
D/dalvikvm(  224): GC_CONCURRENT freed 1278K, 55% free 3555K/7815K, external 3067K/3812K, paused 16ms+13ms
I/nofatclips(  224): Swapping to listview item 6
W/KeyCharacterMap(  224): No keyboard for id 0
W/KeyCharacterMap(  224): Using default keymap: /system/usr/keychars/qwerty.kcm.bin
D/nofatclips(  224): Event description: 600
I/nofatclips(  224): Waiting for 100 msec.
W/InputManagerService(   61): Window already focused, ignoring focus gain of: com.android.internal.view.IInputMethodClient$Stub$Proxy@406c5160
I/nofatclips(  224): Current activity is Settings
I/nofatclips(  224): Retrieving widgets
D/nofatclips(  224): Found widget: id=16908290 (android.widget.FrameLayout@40634b20)
D/nofatclips(  224): Found widget: id=2131165343 (android.widget.RelativeLayout@40635568)
D/nofatclips(  224): Found widget: id=-1 (android.widget.ScrollView@40635b70)
D/nofatclips(  224): Found widget: id=2131165207 (android.widget.RelativeLayout@405b2f50)
D/nofatclips(  224): Found widget: id=2131165209 (android.widget.RelativeLayout@405b32f8)
D/nofatclips(  224): Found widget: id=2131165210 (android.widget.TextView@405b3fb0): Account Details
D/nofatclips(  224): Found widget: id=2131165214 (android.widget.TextView@405b5a40): Username:
D/nofatclips(  224): Found widget: id=2131165215 (android.widget.EditText@405b6230): 27
D/nofatclips(  224): Found widget: id=2131165216 (android.widget.TextView@4068de10): Password:
D/nofatclips(  224): Found widget: id=2131165217 (android.widget.EditText@4068e2a8): 29
D/nofatclips(  224): Found widget: id=2131165214 (android.widget.TextView@4068fbf8): Username:
D/nofatclips(  224): Found widget: id=2131165223 (android.widget.TextView@406900f0): HTTP Username (optional):
D/nofatclips(  224): Found widget: id=2131165224 (android.widget.EditText@40690650): 
D/nofatclips(  224): Found widget: id=2131165225 (android.widget.TextView@406914e8): HTTP Password (optional):
D/nofatclips(  224): Found widget: id=2131165226 (android.widget.EditText@40691a48): 
D/nofatclips(  224): Found widget: id=2131165288 (android.widget.RelativeLayout@40692f00)
D/nofatclips(  224): Found widget: id=2131165346 (android.widget.TextView@40693538): Media
D/nofatclips(  224): Found widget: id=2131165347 (android.widget.TextView@40693e48): Default image width
D/nofatclips(  224): Found widget: id=2131165348 (android.widget.Spinner@40694600)
D/nofatclips(  224): Found widget: id=16908308 (android.widget.TextView@405847e0): 600
D/nofatclips(  224): Found widget: id=2131165349 (android.widget.CheckBox@406699e8): Upload and link to full image
D/nofatclips(  224): Found widget: id=2131165266 (android.widget.RelativeLayout@4066a758)
D/nofatclips(  224): Found widget: id=2131165350 (android.widget.TextView@4066ad90): Location
D/nofatclips(  224): Found widget: id=2131165351 (android.widget.CheckBox@4066b6a8): Geotag Posts
D/nofatclips(  224): Found widget: id=2131165219 (android.widget.Button@4066c3f8): Save
D/nofatclips(  224): Found widget: id=2131165220 (android.widget.Button@4066d6b8): Cancel
D/nofatclips(  224): Found widget: id=2131165352 (org.wordpress.android.util.WPTitleBar@4066e078)
D/nofatclips(  224): Found widget: id=2131165195 (android.widget.RelativeLayout@4066ec98)
D/nofatclips(  224): Found widget: id=2131165196 (android.widget.RelativeLayout@4066f660)
D/nofatclips(  224): Found widget: id=2131165197 (android.widget.ImageView@40670dd8)
D/nofatclips(  224): Found widget: id=2131165198 (android.widget.TextView@40671238): Katie's Sweet Testing Blog
D/nofatclips(  224): Found widget: id=2131165199 (android.widget.ImageView@40671ec8)
D/nofatclips(  224): Found widget: id=-1 (android.widget.RelativeLayout@406722e0)
D/nofatclips(  224): Found widget: id=2131165200 (android.widget.ImageButton@40672740)
D/nofatclips(  224): Found widget: id=-1 (android.widget.FrameLayout@406731c0)
D/nofatclips(  224): Found widget: id=2131165201 (android.widget.Button@406734d0): 
D/nofatclips(  224): Found widget: id=2131165202 (android.widget.ImageView@4069b2a0)
D/nofatclips(  224): Found widget: id=2131165203 (android.widget.ImageView@4069b650)
D/nofatclips(  224): Found widget: id=2131165204 (android.widget.LinearLayout@4069bc70)
D/nofatclips(  224): Found widget: id=-1 (android.widget.FrameLayout@4069c6e0)
D/nofatclips(  224): Found widget: id=-1 (android.widget.LinearLayout@4069cea0)
D/nofatclips(  224): Found widget: id=-1 (android.widget.LinearLayout@4069da88)
D/nofatclips(  224): Found widget: id=-1 (android.widget.LinearLayout@4069dca8)
D/nofatclips(  224): Found widget: id=2131165251 (android.widget.LinearLayout@4069dec8)
D/nofatclips(  224): Found widget: id=-1 (android.widget.ImageView@4069f6a0)
D/nofatclips(  224): Found widget: id=2131165256 (android.widget.TextView@4069fa98): New Post
D/nofatclips(  224): Found widget: id=2131165253 (android.widget.LinearLayout@406a0678)
D/nofatclips(  224): Found widget: id=-1 (android.widget.ImageView@406a1c38)
D/nofatclips(  224): Found widget: id=2131165256 (android.widget.TextView@406a1fe8): New Page
D/nofatclips(  224): Found widget: id=-1 (android.widget.LinearLayout@406a2478)
D/nofatclips(  224): Found widget: id=2131165252 (android.widget.LinearLayout@406a2698)
D/nofatclips(  224): Found widget: id=-1 (android.widget.ImageView@406a3b88)
D/nofatclips(  224): Found widget: id=2131165256 (android.widget.TextView@406a3f38): Quick Photo
D/nofatclips(  224): Found widget: id=2131165254 (android.widget.LinearLayout@406a43c8)
D/nofatclips(  224): Found widget: id=-1 (android.widget.ImageView@4053efb8)
D/nofatclips(  224): Found widget: id=2131165256 (android.widget.TextView@405a6df0): Quick Video
D/nofatclips(  224): Found widget: id=-1 (android.widget.LinearLayout@4055c060)
D/nofatclips(  224): Found widget: id=-1 (android.widget.LinearLayout@405d0810)
D/nofatclips(  224): Found widget: id=2131165255 (android.widget.LinearLayout@40535488)
D/nofatclips(  224): Found widget: id=-1 (android.widget.ImageView@40539500)
D/nofatclips(  224): Found widget: id=2131165256 (android.widget.TextView@405d59e0): Posts
D/nofatclips(  224): Found widget: id=2131165257 (android.widget.LinearLayout@40569a90)
D/nofatclips(  224): Found widget: id=-1 (android.widget.ImageView@405784c0)
D/nofatclips(  224): Found widget: id=2131165256 (android.widget.TextView@405e1258): Pages
D/nofatclips(  224): Found widget: id=-1 (android.widget.FrameLayout@4058aa60)
D/nofatclips(  224): Found widget: id=2131165258 (android.widget.LinearLayout@40646eb8)
D/nofatclips(  224): Found widget: id=-1 (android.widget.ImageView@4064afd8)
D/nofatclips(  224): Found widget: id=2131165256 (android.widget.TextView@405719e8): Comments
D/nofatclips(  224): Found widget: id=2131165259 (android.widget.FrameLayout@4066ffc8)
D/nofatclips(  224): Found widget: id=2131165260 (android.widget.ImageView@4052f1e0)
D/nofatclips(  224): Found widget: id=2131165261 (org.wordpress.android.util.CommentBadgeTextView@405889e0): 0
D/nofatclips(  224): Found widget: id=-1 (android.widget.LinearLayout@4057cbc8)
D/nofatclips(  224): Found widget: id=2131165262 (android.widget.LinearLayout@405857d0)
D/nofatclips(  224): Found widget: id=-1 (android.widget.ImageView@4057cdf8)
D/nofatclips(  224): Found widget: id=2131165256 (android.widget.TextView@405a83c8): Settings
D/nofatclips(  224): Found widget: id=2131165263 (android.widget.LinearLayout@405c8e40)
D/nofatclips(  224): Found widget: id=-1 (android.widget.ImageView@4057d8e0)
D/nofatclips(  224): Found widget: id=2131165256 (android.widget.TextView@40676bf0): Read
D/nofatclips(  224): Found widget: id=2131165264 (android.widget.LinearLayout@405a4d70)
