D/dalvikvm(  251): VFY: dead code 0x001a-001f in Lcom/jayway/android/robotium/solo/Waiter;.getFragment (Ljava/lang/String;I)Landroid/app/Fragment;
W/dalvikvm(  251): VFY: unable to find class referenced in signature (Landroid/app/Fragment;)
I/Launcher(  131): setLoadOnResume
I/Launcher(  131): setLoadOnResume
D/MediaScannerService(  257): start scanning volume internal
D/Eas Debug(  293): Logging: 
D/dalvikvm(  293): GC_CONCURRENT freed 497K, 54% free 2738K/5831K, external 716K/1038K, paused 93ms+3ms
D/EAS SyncManager(  293): !!! EAS SyncManager, onDestroy
D/dalvikvm(  271): GC_CONCURRENT freed 494K, 54% free 2727K/5831K, external 716K/1038K, paused 2ms+3ms
D/Email   (  293): BOOT_COMPLETED
I//system/bin/fsck_msdos(   29): Attempting to allocate 397 KB for FAT
D/EAS SyncManager(  293): !!! EAS SyncManager, onCreate
D/EAS SyncManager(  293): !!! EAS SyncManager, onStartCommand
D/EAS SyncManager(  293): !!! EAS SyncManager, stopping self
D/EAS SyncManager(  293): !!! EAS SyncManager, onDestroy
D/nofatclips(  251): Updating node automation
D/nofatclips(  251): Loading node automation
V/nofatclips(  251): Updating value FORCE_RESTART
V/nofatclips(  251): Updating value IN_AND_OUT_FOCUS
V/nofatclips(  251): Updating value PRECRAWLING
V/nofatclips(  251): Updating value SCREENSHOT_FOR_EVENTS
V/nofatclips(  251): Updating value SCREENSHOT_FOR_STATES
V/nofatclips(  251): Updating value SCREENSHOT_ONLY_NEW_STATES
V/nofatclips(  251): Updating value SLEEP_AFTER_EVENT
D/nofatclips(  251): Updated value of parameter SLEEP_AFTER_EVENT to 100 (default = 1000)
V/nofatclips(  251): Updating value SLEEP_AFTER_RESTART
D/nofatclips(  251): Updated value of parameter SLEEP_AFTER_RESTART to 100 (default = 1000)
V/nofatclips(  251): Updating value SLEEP_AFTER_TASK
D/nofatclips(  251): Updated value of parameter SLEEP_AFTER_TASK to 100 (default = 1000)
V/nofatclips(  251): Updating value SLEEP_ON_THROBBER
D/nofatclips(  251): Updated value of parameter SLEEP_ON_THROBBER to 100 (default = 1000)
D/nofatclips(  251): Updating node screenshot
D/nofatclips(  251): Loading node screenshot
V/nofatclips(  251): Updating value FORCE_RESTART
V/nofatclips(  251): Updating value IN_AND_OUT_FOCUS
V/nofatclips(  251): Updating value PRECRAWLING
V/nofatclips(  251): Updating value SCREENSHOT_FOR_EVENTS
V/nofatclips(  251): Updating value SCREENSHOT_FOR_STATES
V/nofatclips(  251): Updating value SCREENSHOT_ONLY_NEW_STATES
V/nofatclips(  251): Updating value SLEEP_AFTER_EVENT
V/nofatclips(  251): Updating value SLEEP_AFTER_RESTART
V/nofatclips(  251): Updating value SLEEP_AFTER_TASK
V/nofatclips(  251): Updating value SLEEP_ON_THROBBER
I/nofatclips(  251): Waiting for 100 msec.
I//system/bin/fsck_msdos(   29): ** Phase 2 - Check Cluster Chains
I//system/bin/fsck_msdos(   29): ** Phase 3 - Checking Directories
I//system/bin/fsck_msdos(   29): ** Phase 4 - Checking for Lost Files
I//system/bin/fsck_msdos(   29): Next free cluster in FSInfo block (5) not free
I//system/bin/fsck_msdos(   29): FIXED
I//system/bin/fsck_msdos(   29): 3 files, 50388 free (100777 clusters)
D/nofatclips(  251): Ready to operate after restarting...
I/nofatclips(  251): Current activity is Dashboard
W/nofatclips(  251): --->Dashboard
I/Vold    (   29): Filesystem check completed OK
I/Vold    (   29): Device /dev/block/vold/179:0, target /mnt/sdcard mounted @ /mnt/secure/staging
D/Vold    (   29): Volume sdcard state changing 3 (Checking) -> 4 (Mounted)
I/PackageManager(   61): Updating external media status from unmounted to mounted
I/StorageNotification(  121): Media {/mnt/sdcard} state changed from {checking} -> {mounted}
D/VoldCmdListener(   29): asec list
D/dalvikvm(  251): GC_CONCURRENT freed 238K, 49% free 2983K/5831K, external 1812K/2324K, paused 13ms+6ms
I/nofatclips(  251): Retrieving widgets
D/nofatclips(  251): Found widget: id=16908290 (android.widget.FrameLayout@405a0920)
D/nofatclips(  251): Found widget: id=2131165248 (android.widget.RelativeLayout@405a1620)
D/nofatclips(  251): Found widget: id=2131165249 (android.widget.LinearLayout@405a1c88)
D/nofatclips(  251): Found widget: id=-1 (android.widget.ImageView@405a21d0)
D/nofatclips(  251): Found widget: id=2131165250 (org.wordpress.android.util.WPTitleBar@4059bba8)
D/nofatclips(  251): Found widget: id=2131165195 (android.widget.RelativeLayout@4050e260)
D/nofatclips(  251): Found widget: id=2131165196 (android.widget.RelativeLayout@40568510)
D/nofatclips(  251): Found widget: id=2131165197 (android.widget.ImageView@4059ce40)
D/nofatclips(  251): Found widget: id=2131165198 (android.widget.TextView@40541880): Katie's Sweet Testing Blog
D/nofatclips(  251): Found widget: id=2131165199 (android.widget.ImageView@4055d110)
D/nofatclips(  251): Found widget: id=-1 (android.widget.RelativeLayout@40579478)
D/nofatclips(  251): Found widget: id=2131165200 (android.widget.ImageButton@4059d368)
D/nofatclips(  251): Found widget: id=-1 (android.widget.FrameLayout@4057a8f0)
D/nofatclips(  251): Found widget: id=2131165201 (android.widget.Button@40542248): 
D/nofatclips(  251): Found widget: id=2131165202 (android.widget.ImageView@405937a0)
D/nofatclips(  251): Found widget: id=2131165203 (android.widget.ImageView@4053ca40)
D/nofatclips(  251): Found widget: id=2131165204 (android.widget.LinearLayout@40569118)
D/nofatclips(  251): Found widget: id=-1 (android.widget.FrameLayout@4059cbd8)
D/nofatclips(  251): Found widget: id=-1 (android.widget.LinearLayout@4052fbe8)
D/nofatclips(  251): Found widget: id=-1 (android.widget.LinearLayout@4050e070)
D/nofatclips(  251): Found widget: id=-1 (android.widget.LinearLayout@4052f208)
D/nofatclips(  251): Found widget: id=2131165251 (android.widget.LinearLayout@4052f8c0)
D/nofatclips(  251): Found widget: id=-1 (android.widget.ImageView@40590248)
D/nofatclips(  251): Found widget: id=2131165256 (android.widget.TextView@4056ae10): New Post
D/nofatclips(  251): Found widget: id=2131165253 (android.widget.LinearLayout@4059bde0)
D/nofatclips(  251): Found widget: id=-1 (android.widget.ImageView@40530c28)
D/nofatclips(  251): Found widget: id=2131165256 (android.widget.TextView@4056b748): New Page
D/nofatclips(  251): Found widget: id=-1 (android.widget.LinearLayout@40532ee0)
D/nofatclips(  251): Found widget: id=2131165252 (android.widget.LinearLayout@40510cd0)
D/nofatclips(  251): Found widget: id=-1 (android.widget.ImageView@40538888)
D/nofatclips(  251): Found widget: id=2131165256 (android.widget.TextView@40577940): Quick Photo
D/nofatclips(  251): Found widget: id=2131165254 (android.widget.LinearLayout@405467f0)
D/nofatclips(  251): Found widget: id=-1 (android.widget.ImageView@4059a930)
D/nofatclips(  251): Found widget: id=2131165256 (android.widget.TextView@405781b0): Quick Video
D/nofatclips(  251): Found widget: id=-1 (android.widget.LinearLayout@4059e1d0)
D/nofatclips(  251): Found widget: id=-1 (android.widget.LinearLayout@4052e678)
D/nofatclips(  251): Found widget: id=2131165255 (android.widget.LinearLayout@40533e98)
D/nofatclips(  251): Found widget: id=-1 (android.widget.ImageView@40540400)
D/nofatclips(  251): Found widget: id=2131165256 (android.widget.TextView@40578838): Posts
D/nofatclips(  251): Found widget: id=2131165257 (android.widget.LinearLayout@40544fc0)
D/nofatclips(  251): Found widget: id=-1 (android.widget.ImageView@405434d8)
D/nofatclips(  251): Found widget: id=2131165256 (android.widget.TextView@40537490): Pages
I/PackageManager(   61): No secure containers on sdcard
D/nofatclips(  251): Found widget: id=-1 (android.widget.FrameLayout@40534518)
D/nofatclips(  251): Found widget: id=2131165258 (android.widget.LinearLayout@405401e8)
D/nofatclips(  251): Found widget: id=-1 (android.widget.ImageView@40536ba0)
D/nofatclips(  251): Found widget: id=2131165256 (android.widget.TextView@40539440): Comments
D/nofatclips(  251): Found widget: id=2131165259 (android.widget.FrameLayout@40544678)
D/nofatclips(  251): Found widget: id=2131165260 (android.widget.ImageView@40546198)
D/nofatclips(  251): Found widget: id=2131165261 (org.wordpress.android.util.CommentBadgeTextView@4053a458): 0
D/nofatclips(  251): Found widget: id=-1 (android.widget.LinearLayout@40540780)
D/nofatclips(  251): Found widget: id=2131165262 (android.widget.LinearLayout@40541588)
D/nofatclips(  251): Found widget: id=-1 (android.widget.ImageView@40541138)
D/nofatclips(  251): Found widget: id=2131165256 (android.widget.TextView@40540a78): Settings
D/nofatclips(  251): Found widget: id=2131165263 (android.widget.LinearLayout@405440d0)
D/nofatclips(  251): Found widget: id=-1 (android.widget.ImageView@40560028)
D/nofatclips(  251): Found widget: id=2131165256 (android.widget.TextView@40542db8): Read
D/nofatclips(  251): Found widget: id=2131165264 (android.widget.LinearLayout@40561710)
D/nofatclips(  251): Found widget: id=-1 (android.widget.ImageView@40563fc8)
D/nofatclips(  251): Found widget: id=2131165256 (android.widget.TextView@4054fb10): Stats
D/nofatclips(  251): Found widget: id=-1 (com.android.internal.policy.impl.PhoneWindow$DecorView@405a0020)
V/nicola  (  251): TextualID : blog_title
V/nicola  (  251): ContentType detected : default
V/nicola  (  251): TextualID : action_refresh
V/nicola  (  251): ContentType detected : default
V/nicola  (  251): TextualID : button_text
V/nicola  (  251): ContentType detected : default
V/nicola  (  251): TextualID : button_text
V/nicola  (  251): ContentType detected : default
V/nicola  (  251): TextualID : button_text
V/nicola  (  251): ContentType detected : default
V/nicola  (  251): TextualID : button_text
V/nicola  (  251): ContentType detected : default
V/nicola  (  251): TextualID : button_text
V/nicola  (  251): ContentType detected : default
V/nicola  (  251): TextualID : button_text
V/nicola  (  251): ContentType detected : default
V/nicola  (  251): TextualID : button_text
V/nicola  (  251): ContentType detected : default
V/nicola  (  251): TextualID : button_text
V/nicola  (  251): ContentType detected : default
V/nicola  (  251): TextualID : button_text
V/nicola  (  251): ContentType detected : default
V/nicola  (  251): TextualID : button_text
V/nicola  (  251): ContentType detected : default
D/nofatclips(  251): No session to resume: task list not found. Will start from scratch.
I/nofatclips(  251): Starting a new session
D/nofatclips(  251): Performing backup of the old activity list on disk
D/nofatclips(  251): Saving new found state 'a1' on disk
V/nofatclips(  251): Opening state file in overwrite mode.
W/PackageManager(   61): Unknown permission com.google.android.googleapps.permission.GOOGLE_AUTH.mail in package com.android.contacts
W/PackageManager(   61): Unknown permission android.permission.ADD_SYSTEM_SERVICE in package com.android.phone
W/PackageManager(   61): Not granting permission android.permission.SEND_DOWNLOAD_COMPLETED_INTENTS to package com.android.browser (protectionLevel=2 flags=0x9be45)
W/PackageManager(   61): Unknown permission com.google.android.gm.permission.WRITE_GMAIL in package com.android.settings
W/PackageManager(   61): Unknown permission com.google.android.gm.permission.READ_GMAIL in package com.android.settings
W/PackageManager(   61): Unknown permission com.google.android.googleapps.permission.GOOGLE_AUTH in package com.android.settings
W/PackageManager(   61): Unknown permission com.google.android.googleapps.permission.GOOGLE_AUTH in package com.android.providers.contacts
W/PackageManager(   61): Unknown permission com.google.android.googleapps.permission.GOOGLE_AUTH.cp in package com.android.providers.contacts
W/PackageManager(   61): Unknown permission com.google.android.googleapps.permission.ACCESS_GOOGLE_PASSWORD in package com.android.development
W/PackageManager(   61): Unknown permission com.google.android.googleapps.permission.GOOGLE_AUTH in package com.android.development
W/PackageManager(   61): Unknown permission com.google.android.googleapps.permission.GOOGLE_AUTH.ALL_SERVICES in package com.android.development
W/PackageManager(   61): Unknown permission com.google.android.googleapps.permission.GOOGLE_AUTH.YouTubeUser in package com.android.development
W/PackageManager(   61): Unknown permission android.permission.READ_OWNER_DATA in package com.android.email
D/dalvikvm(  251): GC_CONCURRENT freed 586K, 50% free 3220K/6407K, external 1812K/2324K, paused 3ms+6ms
I/dalvikvm(  251): Jit: resizing JitTable from 512 to 1024
W/PackageManager(   61): Not granting permission android.permission.DEVICE_POWER to package com.android.deskclock (protectionLevel=2 flags=0x8be45)
D/dalvikvm(  251): GC_EXTERNAL_ALLOC freed 144K, 51% free 3198K/6407K, external 1812K/2324K, paused 68ms
D/dalvikvm(  251): GC_EXTERNAL_ALLOC freed 23K, 51% free 3175K/6407K, external 1999K/2511K, paused 39ms
I/nofatclips(  251): Saved image on disk: a1.jpg
I/nofatclips(  251): Planning for new Activity Dashboard
D/nofatclips(  251): Handling event 'click' on widget id=2131165200 type=button name=
D/nofatclips(  251): Handling event 'click' on widget id=2131165201 type=button name=
D/nofatclips(  251): Handling event 'click' on widget id=2131165204 type=linearLayout name=
D/nofatclips(  251): Handling event 'click' on widget id=2131165251 type=linearLayout name=
D/nofatclips(  251): Handling event 'click' on widget id=2131165253 type=linearLayout name=
D/nofatclips(  251): Handling event 'click' on widget id=2131165252 type=linearLayout name=
D/nofatclips(  251): Handling event 'click' on widget id=2131165254 type=linearLayout name=
D/nofatclips(  251): Handling event 'click' on widget id=2131165255 type=linearLayout name=
D/dalvikvm(  251): GC_CONCURRENT freed 691K, 51% free 3297K/6599K, external 2599K/3246K, paused 3ms+3ms
D/nofatclips(  251): Handling event 'click' on widget id=2131165257 type=linearLayout name=
D/nofatclips(  251): Handling event 'click' on widget id=2131165258 type=linearLayout name=
D/nofatclips(  251): Handling event 'click' on widget id=2131165262 type=linearLayout name=
D/nofatclips(  251): Handling event 'click' on widget id=2131165263 type=linearLayout name=
D/nofatclips(  251): Handling event 'click' on widget id=2131165264 type=linearLayout name=
I/nofatclips(  251): Created trace to press the menu button
I/nofatclips(  251): Created trace to change orientation
I/nofatclips(  251): Dispatching new task. 2 more tasks remaining.
D/nofatclips(  251): Saving task list on disk
V/nofatclips(  251): Backing up trace #13 to disk.
V/nofatclips(  251): Backing up trace #14 to disk.
D/nofatclips(  251): Deleting backup of the old activity list from disk
I/nofatclips(  251): Restarting
D/dalvikvm(  178): GC_CONCURRENT freed 229K, 51% free 2818K/5703K, external 716K/1038K, paused 4ms+3ms
W/ImageDownloader(  251): Error 404 while retrieving bitmap from http://gravatar.com/blavatar/44d338f29053dbb888da79dcf98df489?s=60&d=404
D/MediaScanner(  257):  prescan time: 6145ms
D/dalvikvm(  257): GC_CONCURRENT freed 529K, 55% free 2648K/5831K, external 716K/1038K, paused 3ms+2ms
D/MediaScanner(  257):     scan time: 91ms
D/MediaScanner(  257): postscan time: 0ms
D/MediaScanner(  257):    total time: 6236ms
D/szipinf (  178): Initializing inflate state
D/MediaScannerService(  257): done scanning volume internal
D/MediaScannerService(  257): start scanning volume external
V/MediaProvider(  257): /mnt/sdcard volume ID: 419235871
I/nofatclips(  251): Waiting for 100 msec.
I/Launcher(  131): setLoadOnResume
D/nofatclips(  251): Ready to operate after restarting...
D/dalvikvm(  251): GC_CONCURRENT freed 1226K, 55% free 3215K/7047K, external 1999K/2599K, paused 3ms+4ms
I/nofatclips(  251): Retrieving widgets
D/nofatclips(  251): Found widget: id=16908290 (android.widget.FrameLayout@405a0920)
D/nofatclips(  251): Found widget: id=2131165248 (android.widget.RelativeLayout@405a1620)
D/nofatclips(  251): Found widget: id=2131165249 (android.widget.LinearLayout@405a1c88)
D/nofatclips(  251): Found widget: id=-1 (android.widget.ImageView@405a21d0)
D/nofatclips(  251): Found widget: id=2131165250 (org.wordpress.android.util.WPTitleBar@4059bba8)
D/nofatclips(  251): Found widget: id=2131165195 (android.widget.RelativeLayout@4050e260)
D/nofatclips(  251): Found widget: id=2131165196 (android.widget.RelativeLayout@40568510)
D/nofatclips(  251): Found widget: id=2131165197 (android.widget.ImageView@4059ce40)
D/nofatclips(  251): Found widget: id=2131165198 (android.widget.TextView@40541880): Katie's Sweet Testing Blog
D/nofatclips(  251): Found widget: id=2131165199 (android.widget.ImageView@4055d110)
D/nofatclips(  251): Found widget: id=-1 (android.widget.RelativeLayout@40579478)
D/nofatclips(  251): Found widget: id=2131165200 (android.widget.ImageButton@4059d368)
D/nofatclips(  251): Found widget: id=-1 (android.widget.FrameLayout@4057a8f0)
D/nofatclips(  251): Found widget: id=2131165201 (android.widget.Button@40542248): 
D/nofatclips(  251): Found widget: id=2131165202 (android.widget.ImageView@405937a0)
D/nofatclips(  251): Found widget: id=2131165203 (android.widget.ImageView@4053ca40)
D/nofatclips(  251): Found widget: id=2131165204 (android.widget.LinearLayout@40569118)
D/nofatclips(  251): Found widget: id=-1 (android.widget.FrameLayout@4059cbd8)
D/nofatclips(  251): Found widget: id=-1 (android.widget.LinearLayout@4052fbe8)
D/nofatclips(  251): Found widget: id=-1 (android.widget.LinearLayout@4050e070)
D/nofatclips(  251): Found widget: id=-1 (android.widget.LinearLayout@4052f208)
D/nofatclips(  251): Found widget: id=2131165251 (android.widget.LinearLayout@4052f8c0)
D/nofatclips(  251): Found widget: id=-1 (android.widget.ImageView@40590248)
D/nofatclips(  251): Found widget: id=2131165256 (android.widget.TextView@4056ae10): New Post
D/nofatclips(  251): Found widget: id=2131165253 (android.widget.LinearLayout@4059bde0)
D/nofatclips(  251): Found widget: id=-1 (android.widget.ImageView@40530c28)
D/nofatclips(  251): Found widget: id=2131165256 (android.widget.TextView@4056b748): New Page
D/nofatclips(  251): Found widget: id=-1 (android.widget.LinearLayout@40532ee0)
D/nofatclips(  251): Found widget: id=2131165252 (android.widget.LinearLayout@40510cd0)
D/nofatclips(  251): Found widget: id=-1 (android.widget.ImageView@40538888)
D/nofatclips(  251): Found widget: id=2131165256 (android.widget.TextView@40577940): Quick Photo
D/nofatclips(  251): Found widget: id=2131165254 (android.widget.LinearLayout@405467f0)
D/nofatclips(  251): Found widget: id=-1 (android.widget.ImageView@4059a930)
D/nofatclips(  251): Found widget: id=2131165256 (android.widget.TextView@405781b0): Quick Video
D/nofatclips(  251): Found widget: id=-1 (android.widget.LinearLayout@4059e1d0)
D/nofatclips(  251): Found widget: id=-1 (android.widget.LinearLayout@4052e678)
D/nofatclips(  251): Found widget: id=2131165255 (android.widget.LinearLayout@40533e98)
D/nofatclips(  251): Found widget: id=-1 (android.widget.ImageView@40540400)
D/nofatclips(  251): Found widget: id=2131165256 (android.widget.TextView@40578838): Posts
D/nofatclips(  251): Found widget: id=2131165257 (android.widget.LinearLayout@40544fc0)
D/nofatclips(  251): Found widget: id=-1 (android.widget.ImageView@405434d8)
D/nofatclips(  251): Found widget: id=2131165256 (android.widget.TextView@40537490): Pages
D/nofatclips(  251): Found widget: id=-1 (android.widget.FrameLayout@40534518)
D/nofatclips(  251): Found widget: id=2131165258 (android.widget.LinearLayout@405401e8)
D/nofatclips(  251): Found widget: id=-1 (android.widget.ImageView@40536ba0)
D/nofatclips(  251): Found widget: id=2131165256 (android.widget.TextView@40539440): Comments
D/nofatclips(  251): Found widget: id=2131165259 (android.widget.FrameLayout@40544678)
D/nofatclips(  251): Found widget: id=2131165260 (android.widget.ImageView@40546198)
D/nofatclips(  251): Found widget: id=2131165261 (org.wordpress.android.util.CommentBadgeTextView@4053a458): 0
D/nofatclips(  251): Found widget: id=-1 (android.widget.LinearLayout@40540780)
D/nofatclips(  251): Found widget: id=2131165262 (android.widget.LinearLayout@40541588)
D/nofatclips(  251): Found widget: id=-1 (android.widget.ImageView@40541138)
D/nofatclips(  251): Found widget: id=2131165256 (android.widget.TextView@40540a78): Settings
D/nofatclips(  251): Found widget: id=2131165263 (android.widget.LinearLayout@405440d0)
D/nofatclips(  251): Found widget: id=-1 (android.widget.ImageView@40560028)
D/nofatclips(  251): Found widget: id=2131165256 (android.widget.TextView@40542db8): Read
D/nofatclips(  251): Found widget: id=2131165264 (android.widget.LinearLayout@40561710)
D/nofatclips(  251): Found widget: id=-1 (android.widget.ImageView@40563fc8)
D/nofatclips(  251): Found widget: id=2131165256 (android.widget.TextView@4054fb10): Stats
D/nofatclips(  251): Found widget: id=-1 (com.android.internal.policy.impl.PhoneWindow$DecorView@405a0020)
I/nofatclips(  251): Playing Trace 14
I/nofatclips(  251): Retrieved from return list id=2131165264
D/nofatclips(  251): Testing for type (android.widget.LinearLayout) against the original (android.widget.LinearLayout)
D/nofatclips(  251): Testing for name () against the original ()
I/nofatclips(  251): Firing event: type= click index=56 widget=android.widget.LinearLayout
D/dalvikvm(  120): GREF has increased to 201
I/Launcher(  131): setLoadOnResume
D/dalvikvm(  131): GC_EXTERNAL_ALLOC freed 189K, 49% free 2953K/5767K, external 2618K/2620K, paused 69ms
I/Launcher(  131): setLoadOnResume
I/dalvikvm(   61): Jit: resizing JitTable from 512 to 1024
V/MediaProvider(  257): Attached volume: external
V/MediaScanner(  257): pruneDeadThumbnailFiles... android.database.sqlite.SQLiteCursor@405810b8
V/MediaScanner(  257): /pruneDeadThumbnailFiles... android.database.sqlite.SQLiteCursor@405810b8
D/MediaScanner(  257):  prescan time: 80ms
D/MediaScanner(  257):     scan time: 1ms
D/MediaScanner(  257): postscan time: 7ms
D/MediaScanner(  257):    total time: 88ms
D/MediaScannerService(  257): done scanning volume external
D/szipinf (  131): Initializing inflate state
I/ContactsDatabaseHelper(  178): Locale change completed in 9275ms
D/nofatclips(  251): Event description: Stats
I/ActivityManager(   61): Starting: Intent { cmp=org.wordpress.android/.ViewStats (has extras) } from pid 251
I/nofatclips(  251): Waiting for 100 msec.
W/ImageDownloader(  251): Error 404 while retrieving bitmap from http://gravatar.com/blavatar/44d338f29053dbb888da79dcf98df489?s=60&d=404
I/nofatclips(  251): Current activity is ViewStats
I/ActivityManager(   61): Displayed org.wordpress.android/.ViewStats: +2s152ms
I/nofatclips(  251): Retrieving widgets
D/nofatclips(  251): Found widget: id=16908290 (android.widget.FrameLayout@405fc340)
D/nofatclips(  251): Found widget: id=2131165343 (android.widget.RelativeLayout@405bb7b0)
D/nofatclips(  251): Found widget: id=-1 (android.widget.ScrollView@405bbce0)
D/nofatclips(  251): Found widget: id=2131165367 (android.widget.RelativeLayout@405bc870)
D/nofatclips(  251): Found widget: id=2131165368 (android.widget.RelativeLayout@405bcb88)
D/nofatclips(  251): Found widget: id=2131165369 (android.widget.Spinner@405bef90)
D/nofatclips(  251): Found widget: id=16908308 (android.widget.TextView@4060c768): Views
D/nofatclips(  251): Found widget: id=2131165370 (android.widget.Spinner@405bfb28)
D/nofatclips(  251): Found widget: id=16908308 (android.widget.TextView@4060ce70): 7 Days
D/nofatclips(  251): Found widget: id=2131165371 (android.widget.Button@405c09c8): GO
D/nofatclips(  251): Found widget: id=2131165372 (android.widget.RelativeLayout@405c1418)
D/nofatclips(  251): Found widget: id=2131165373 (android.widget.TextView@405d2c10): 
D/nofatclips(  251): Found widget: id=2131165374 (android.widget.ImageView@405d3150)
D/dalvikvm(  251): GC_CONCURRENT freed 762K, 53% free 3351K/7047K, external 2585K/2599K, paused 6ms+8ms
D/nofatclips(  251): Found widget: id=2131165375 (android.widget.TableLayout@405d3548)
D/nofatclips(  251): Found widget: id=2131165376 (android.widget.RelativeLayout@405d3ab0)
D/nofatclips(  251): Found widget: id=2131165377 (android.widget.TextView@405d3e78): WordPress.com login:
D/nofatclips(  251): Found widget: id=2131165378 (android.widget.EditText@405d45e8): 
D/nofatclips(  251): Found widget: id=2131165379 (android.widget.EditText@406cb380): 
D/nofatclips(  251): Found widget: id=2131165380 (android.widget.Button@406ccec0): Save
D/nofatclips(  251): Found widget: id=2131165381 (android.widget.TextView@405e73e8): Need help?
D/nofatclips(  251): Found widget: id=2131165382 (org.wordpress.android.util.WPTitleBar@405e78b0)
D/nofatclips(  251): Found widget: id=2131165195 (android.widget.RelativeLayout@405e84d0)
D/nofatclips(  251): Found widget: id=2131165196 (android.widget.RelativeLayout@405e8e98)
D/nofatclips(  251): Found widget: id=2131165197 (android.widget.ImageView@405eb3c0)
D/nofatclips(  251): Found widget: id=2131165198 (android.widget.TextView@405eb820): Katie's Sweet Testing Blog
D/nofatclips(  251): Found widget: id=2131165199 (android.widget.ImageView@405ec4b0)
D/nofatclips(  251): Found widget: id=-1 (android.widget.RelativeLayout@405ec8c8)
D/nofatclips(  251): Found widget: id=2131165200 (android.widget.ImageButton@405ecd28)
D/nofatclips(  251): Found widget: id=-1 (android.widget.FrameLayout@405ed7a8)
D/nofatclips(  251): Found widget: id=2131165201 (android.widget.Button@405edab8): 
D/nofatclips(  251): Found widget: id=2131165202 (android.widget.ImageView@405ef3f8)
D/nofatclips(  251): Found widget: id=2131165203 (android.widget.ImageView@405ef7a8)
D/nofatclips(  251): Found widget: id=2131165204 (android.widget.LinearLayout@405efde0)
D/nofatclips(  251): Found widget: id=-1 (android.widget.FrameLayout@405f0850)
D/nofatclips(  251): Found widget: id=-1 (android.widget.LinearLayout@405f1010)
D/nofatclips(  251): Found widget: id=-1 (android.widget.LinearLayout@405f1bf8)
D/nofatclips(  251): Found widget: id=-1 (android.widget.LinearLayout@405f1e18)
D/nofatclips(  251): Found widget: id=2131165251 (android.widget.LinearLayout@405f2038)
D/nofatclips(  251): Found widget: id=-1 (android.widget.ImageView@405f4758)
D/nofatclips(  251): Found widget: id=2131165256 (android.widget.TextView@405f4b50): New Post
D/nofatclips(  251): Found widget: id=2131165253 (android.widget.LinearLayout@405f5730)
D/nofatclips(  251): Found widget: id=-1 (android.widget.ImageView@405dffa0)
D/nofatclips(  251): Found widget: id=2131165256 (android.widget.TextView@405e0350): New Page
D/nofatclips(  251): Found widget: id=-1 (android.widget.LinearLayout@405e07e0)
D/nofatclips(  251): Found widget: id=2131165252 (android.widget.LinearLayout@405e0a00)
D/nofatclips(  251): Found widget: id=-1 (android.widget.ImageView@405e1ef0)
D/nofatclips(  251): Found widget: id=2131165256 (android.widget.TextView@405e22a0): Quick Photo
D/nofatclips(  251): Found widget: id=2131165254 (android.widget.LinearLayout@405e3220)
D/nofatclips(  251): Found widget: id=-1 (android.widget.ImageView@405e3c50)
D/nofatclips(  251): Found widget: id=2131165256 (android.widget.TextView@405e4000): Quick Video
D/nofatclips(  251): Found widget: id=-1 (android.widget.LinearLayout@405e4490)
D/nofatclips(  251): Found widget: id=-1 (android.widget.LinearLayout@405e46b0)
D/nofatclips(  251): Found widget: id=2131165255 (android.widget.LinearLayout@405e48d0)
D/nofatclips(  251): Found widget: id=-1 (android.widget.ImageView@405e5300)
D/nofatclips(  251): Found widget: id=2131165256 (android.widget.TextView@405e56b0): Posts
D/nofatclips(  251): Found widget: id=2131165257 (android.widget.LinearLayout@405e5b40)
D/nofatclips(  251): Found widget: id=-1 (android.widget.ImageView@40605bb0)
D/nofatclips(  251): Found widget: id=2131165256 (android.widget.TextView@40605f60): Pages
D/nofatclips(  251): Found widget: id=-1 (android.widget.FrameLayout@406063f0)
D/nofatclips(  251): Found widget: id=2131165258 (android.widget.LinearLayout@40606658)
D/nofatclips(  251): Found widget: id=-1 (android.widget.ImageView@40607088)
D/nofatclips(  251): Found widget: id=2131165256 (android.widget.TextView@40607438): Comments
D/nofatclips(  251): Found widget: id=2131165259 (android.widget.FrameLayout@406078c8)
D/nofatclips(  251): Found widget: id=2131165260 (android.widget.ImageView@40607b30)
D/nofatclips(  251): Found widget: id=2131165261 (org.wordpress.android.util.CommentBadgeTextView@40607f78): 0
D/nofatclips(  251): Found widget: id=-1 (android.widget.LinearLayout@40608440)
D/nofatclips(  251): Found widget: id=2131165262 (android.widget.LinearLayout@40608660)
D/nofatclips(  251): Found widget: id=-1 (android.widget.ImageView@405b6a78)
D/nofatclips(  251): Found widget: id=2131165256 (android.widget.TextView@405b6e28): Settings
D/nofatclips(  251): Found widget: id=2131165263 (android.widget.LinearLayout@405b72b8)
D/nofatclips(  251): Found widget: id=-1 (android.widget.ImageView@405b8498)
D/nofatclips(  251): Found widget: id=2131165256 (android.widget.TextView@405b8848): Read
D/nofatclips(  251): Found widget: id=2131165264 (android.widget.LinearLayout@405b8cd8)
D/nofatclips(  251): Found widget: id=-1 (android.widget.ImageView@40628a20)
D/nofatclips(  251): Found widget: id=2131165256 (android.widget.TextView@40628dd0): Stats
D/nofatclips(  251): Found widget: id=-1 (com.android.internal.policy.impl.PhoneWindow$DecorView@405fbf68)
I/dalvikvm(  251): Jit: resizing JitTable from 1024 to 2048
V/nicola  (  251): TextualID : blog_title
V/nicola  (  251): ContentType detected : default
V/nicola  (  251): TextualID : action_refresh
V/nicola  (  251): ContentType detected : default
I/nofatclips(  251): Performing comparation for activity ViewStats
D/nofatclips(  251): Comparing against activity Dashboard
I/nofatclips(  251): Registering activity ViewStats (id: a2) as a new found state
D/nofatclips(  251): Performing backup of the old activity list on disk
D/nofatclips(  251): Saving new found state 'a2' on disk
V/nofatclips(  251): Opening state file in append mode.
D/dalvikvm(  251): GC_EXTERNAL_ALLOC freed 337K, 53% free 3382K/7047K, external 2585K/2599K, paused 94ms
I/nofatclips(  251): Saved image on disk: a2.jpg
I/nofatclips(  251): Waiting for 100 msec.
I/nofatclips(  251): Session count is 1. Will dump to disk at 1
I/nofatclips(  251): Saving the session on disk. This is the first batch: the file will be created.
I/nofatclips(  251): Planning for new Activity ViewStats
D/nofatclips(  251): Handling event 'click' on widget id=2131165200 type=button name=
D/nofatclips(  251): Handling event 'click' on widget id=2131165201 type=button name=
I/nofatclips(  251): Created trace to press the back button
I/nofatclips(  251): Created trace to press the menu button
I/nofatclips(  251): Created trace to change orientation
I/nofatclips(  251): Check for termination: 99 steps left of 100
I/nofatclips(  251): Dispatching new task. 2 more tasks remaining.
D/nofatclips(  251): Performing backup of the old task list on disk
D/nofatclips(  251): Saving task list on disk
V/nofatclips(  251): Backing up trace #18 to disk.
V/nofatclips(  251): Backing up trace #19 to disk.
D/nofatclips(  251): Deleting backup of the old task list from disk
D/nofatclips(  251): Deleting backup of the old activity list from disk
I/nofatclips(  251): Incrementally Playing Trace 19
I/nofatclips(  251): Retrieved from return list id=16908290
D/nofatclips(  251): Testing for type (android.widget.FrameLayout) against the original (null)
I/nofatclips(  251): Firing event: type= changeOrientation name= widget=null
W/KeyCharacterMap(  251): No keyboard for id 0
W/KeyCharacterMap(  251): Using default keymap: /system/usr/keychars/qwerty.kcm.bin
I/WindowManager(   61): Setting rotation to 1, animFlags=1
I/ActivityManager(   61): Config changed: { scale=1.0 imsi=310/260 loc=en_US touch=3 keys=2/1/2 nav=1/1 orien=2 layout=18 uiMode=17 seq=5}
I/nofatclips(  251): Waiting for 100 msec.
D/dalvikvm(   61): GC_CONCURRENT freed 800K, 46% free 4154K/7623K, external 1865K/3065K, paused 17ms+52ms
I/nofatclips(  251): Current activity is ViewStats
I/nofatclips(  251): Retrieving widgets
D/nofatclips(  251): Found widget: id=16908290 (android.widget.FrameLayout@405fc340)
D/nofatclips(  251): Found widget: id=2131165343 (android.widget.RelativeLayout@405bb7b0)
D/nofatclips(  251): Found widget: id=-1 (android.widget.ScrollView@405bbce0)
D/nofatclips(  251): Found widget: id=2131165367 (android.widget.RelativeLayout@405bc870)
D/nofatclips(  251): Found widget: id=2131165368 (android.widget.RelativeLayout@405bcb88)
D/nofatclips(  251): Found widget: id=2131165369 (android.widget.Spinner@405bef90)
D/nofatclips(  251): Found widget: id=16908308 (android.widget.TextView@4060c768): Views
D/nofatclips(  251): Found widget: id=2131165370 (android.widget.Spinner@405bfb28)
D/nofatclips(  251): Found widget: id=16908308 (android.widget.TextView@4060ce70): 7 Days
D/nofatclips(  251): Found widget: id=2131165371 (android.widget.Button@405c09c8): GO
D/nofatclips(  251): Found widget: id=2131165372 (android.widget.RelativeLayout@405c1418)
D/nofatclips(  251): Found widget: id=2131165373 (android.widget.TextView@405d2c10): 
D/nofatclips(  251): Found widget: id=2131165374 (android.widget.ImageView@405d3150)
D/nofatclips(  251): Found widget: id=2131165375 (android.widget.TableLayout@405d3548)
D/nofatclips(  251): Found widget: id=2131165376 (android.widget.RelativeLayout@405d3ab0)
D/nofatclips(  251): Found widget: id=2131165377 (android.widget.TextView@405d3e78): WordPress.com login:
D/nofatclips(  251): Found widget: id=2131165378 (android.widget.EditText@405d45e8): 
D/nofatclips(  251): Found widget: id=2131165379 (android.widget.EditText@406cb380): 
D/nofatclips(  251): Found widget: id=2131165380 (android.widget.Button@406ccec0): Save
D/nofatclips(  251): Found widget: id=2131165381 (android.widget.TextView@405e73e8): Need help?
D/nofatclips(  251): Found widget: id=2131165382 (org.wordpress.android.util.WPTitleBar@405e78b0)
D/nofatclips(  251): Found widget: id=2131165195 (android.widget.RelativeLayout@405e84d0)
D/nofatclips(  251): Found widget: id=2131165196 (android.widget.RelativeLayout@405e8e98)
D/nofatclips(  251): Found widget: id=2131165197 (android.widget.ImageView@405eb3c0)
D/nofatclips(  251): Found widget: id=2131165198 (android.widget.TextView@405eb820): Katie's Sweet Testing Blog
D/nofatclips(  251): Found widget: id=2131165199 (android.widget.ImageView@405ec4b0)
D/nofatclips(  251): Found widget: id=-1 (android.widget.RelativeLayout@405ec8c8)
D/nofatclips(  251): Found widget: id=2131165200 (android.widget.ImageButton@405ecd28)
D/nofatclips(  251): Found widget: id=-1 (android.widget.FrameLayout@405ed7a8)
D/nofatclips(  251): Found widget: id=2131165201 (android.widget.Button@405edab8): 
D/nofatclips(  251): Found widget: id=2131165202 (android.widget.ImageView@405ef3f8)
D/nofatclips(  251): Found widget: id=2131165203 (android.widget.ImageView@405ef7a8)
D/nofatclips(  251): Found widget: id=2131165204 (android.widget.LinearLayout@405efde0)
D/nofatclips(  251): Found widget: id=-1 (android.widget.FrameLayout@405f0850)
D/nofatclips(  251): Found widget: id=-1 (android.widget.LinearLayout@405f1010)
D/nofatclips(  251): Found widget: id=-1 (android.widget.LinearLayout@405f1bf8)
D/nofatclips(  251): Found widget: id=-1 (android.widget.LinearLayout@405f1e18)
D/nofatclips(  251): Found widget: id=2131165251 (android.widget.LinearLayout@405f2038)
D/nofatclips(  251): Found widget: id=-1 (android.widget.ImageView@405f4758)
D/nofatclips(  251): Found widget: id=2131165256 (android.widget.TextView@405f4b50): New Post
D/nofatclips(  251): Found widget: id=2131165253 (android.widget.LinearLayout@405f5730)
D/nofatclips(  251): Found widget: id=-1 (android.widget.ImageView@405dffa0)
D/nofatclips(  251): Found widget: id=2131165256 (android.widget.TextView@405e0350): New Page
D/nofatclips(  251): Found widget: id=-1 (android.widget.LinearLayout@405e07e0)
D/nofatclips(  251): Found widget: id=2131165252 (android.widget.LinearLayout@405e0a00)
D/nofatclips(  251): Found widget: id=-1 (android.widget.ImageView@405e1ef0)
D/nofatclips(  251): Found widget: id=2131165256 (android.widget.TextView@405e22a0): Quick Photo
D/nofatclips(  251): Found widget: id=2131165254 (android.widget.LinearLayout@405e3220)
D/nofatclips(  251): Found widget: id=-1 (android.widget.ImageView@405e3c50)
D/nofatclips(  251): Found widget: id=2131165256 (android.widget.TextView@405e4000): Quick Video
D/nofatclips(  251): Found widget: id=-1 (android.widget.LinearLayout@405e4490)
D/nofatclips(  251): Found widget: id=-1 (android.widget.LinearLayout@405e46b0)
D/nofatclips(  251): Found widget: id=2131165255 (android.widget.LinearLayout@405e48d0)
D/nofatclips(  251): Found widget: id=-1 (android.widget.ImageView@405e5300)
D/nofatclips(  251): Found widget: id=2131165256 (android.widget.TextView@405e56b0): Posts
D/nofatclips(  251): Found widget: id=2131165257 (android.widget.LinearLayout@405e5b40)
D/nofatclips(  251): Found widget: id=-1 (android.widget.ImageView@40605bb0)
D/nofatclips(  251): Found widget: id=2131165256 (android.widget.TextView@40605f60): Pages
D/nofatclips(  251): Found widget: id=-1 (android.widget.FrameLayout@406063f0)
D/nofatclips(  251): Found widget: id=2131165258 (android.widget.LinearLayout@40606658)
D/nofatclips(  251): Found widget: id=-1 (android.widget.ImageView@40607088)
D/nofatclips(  251): Found widget: id=2131165256 (android.widget.TextView@40607438): Comments
D/nofatclips(  251): Found widget: id=2131165259 (android.widget.FrameLayout@406078c8)
D/nofatclips(  251): Found widget: id=2131165260 (android.widget.ImageView@40607b30)
D/nofatclips(  251): Found widget: id=2131165261 (org.wordpress.android.util.CommentBadgeTextView@40607f78): 0
D/nofatclips(  251): Found widget: id=-1 (android.widget.LinearLayout@40608440)
D/nofatclips(  251): Found widget: id=2131165262 (android.widget.LinearLayout@40608660)
D/nofatclips(  251): Found widget: id=-1 (android.widget.ImageView@405b6a78)
D/nofatclips(  251): Found widget: id=2131165256 (android.widget.TextView@405b6e28): Settings
D/nofatclips(  251): Found widget: id=2131165263 (android.widget.LinearLayout@405b72b8)
D/nofatclips(  251): Found widget: id=-1 (android.widget.ImageView@405b8498)
D/nofatclips(  251): Found widget: id=2131165256 (android.widget.TextView@405b8848): Read
D/nofatclips(  251): Found widget: id=2131165264 (android.widget.LinearLayout@405b8cd8)
D/nofatclips(  251): Found widget: id=-1 (android.widget.ImageView@40628a20)
D/nofatclips(  251): Found widget: id=2131165256 (android.widget.TextView@40628dd0): Stats
D/nofatclips(  251): Found widget: id=-1 (com.android.internal.policy.impl.PhoneWindow$DecorView@405fbf68)
V/nicola  (  251): TextualID : blog_title
V/nicola  (  251): ContentType detected : default
V/nicola  (  251): TextualID : action_refresh
V/nicola  (  251): ContentType detected : default
I/nofatclips(  251): Performing comparation for activity ViewStats
D/nofatclips(  251): Comparing against activity ViewStats
D/nofatclips(  251): Comparing against activity Dashboard
I/nofatclips(  251): Registering activity ViewStats (id: a3) as a new found state
D/nofatclips(  251): Performing backup of the old activity list on disk
D/nofatclips(  251): Saving new found state 'a3' on disk
V/nofatclips(  251): Opening state file in append mode.
D/dalvikvm(  251): GC_CONCURRENT freed 1054K, 52% free 3451K/7111K, external 3785K/3977K, paused 8ms+9ms
I/nofatclips(  251): Saved image on disk: a3.jpg
I/nofatclips(  251): Waiting for 100 msec.
I/nofatclips(  251): Session count is 1. Will dump to disk at 1
I/nofatclips(  251): Saving the session on disk.
I/nofatclips(  251): Planning for new Activity ViewStats
D/nofatclips(  251): Handling event 'click' on widget id=2131165200 type=button name=
D/nofatclips(  251): Handling event 'click' on widget id=2131165201 type=button name=
I/nofatclips(  251): Created trace to press the back button
D/dalvikvm(   61): GC_EXPLICIT freed 43K, 47% free 4111K/7623K, external 1316K/1828K, paused 331ms
I/nofatclips(  251): Created trace to press the menu button
I/nofatclips(  251): Created trace to change orientation
I/nofatclips(  251): Check for termination: 98 steps left of 100
I/nofatclips(  251): Dispatching new task. 2 more tasks remaining.
D/nofatclips(  251): Performing backup of the old task list on disk
D/nofatclips(  251): Saving task list on disk
V/nofatclips(  251): Backing up trace #23 to disk.
V/nofatclips(  251): Backing up trace #24 to disk.
D/nofatclips(  251): Deleting backup of the old task list from disk
D/nofatclips(  251): Deleting backup of the old activity list from disk
I/nofatclips(  251): Incrementally Playing Trace 24
D/nofatclips(  251): Firing event: type= back
D/dalvikvm(  131): GC_EXPLICIT freed 134K, 50% free 2924K/5767K, external 2221K/2294K, paused 1758ms
I/WindowManager(   61): Setting rotation to 0, animFlags=1
I/ActivityManager(   61): Config changed: { scale=1.0 imsi=310/260 loc=en_US touch=3 keys=2/1/2 nav=1/1 orien=1 layout=18 uiMode=17 seq=6}
I/nofatclips(  251): Waiting for 100 msec.
I/nofatclips(  251): Current activity is Dashboard
I/nofatclips(  251): Retrieving widgets
D/nofatclips(  251): Found widget: id=16908290 (android.widget.FrameLayout@405a0920)
D/nofatclips(  251): Found widget: id=2131165248 (android.widget.RelativeLayout@405a1620)
D/nofatclips(  251): Found widget: id=2131165249 (android.widget.LinearLayout@405a1c88)
D/nofatclips(  251): Found widget: id=-1 (android.widget.ImageView@405a21d0)
D/nofatclips(  251): Found widget: id=2131165250 (org.wordpress.android.util.WPTitleBar@4059bba8)
D/nofatclips(  251): Found widget: id=2131165195 (android.widget.RelativeLayout@4050e260)
D/nofatclips(  251): Found widget: id=2131165196 (android.widget.RelativeLayout@40568510)
D/nofatclips(  251): Found widget: id=2131165197 (android.widget.ImageView@4059ce40)
D/nofatclips(  251): Found widget: id=2131165198 (android.widget.TextView@40541880): Katie's Sweet Testing Blog
D/nofatclips(  251): Found widget: id=2131165199 (android.widget.ImageView@4055d110)
D/nofatclips(  251): Found widget: id=-1 (android.widget.RelativeLayout@40579478)
D/nofatclips(  251): Found widget: id=2131165200 (android.widget.ImageButton@4059d368)
D/nofatclips(  251): Found widget: id=-1 (android.widget.FrameLayout@4057a8f0)
D/nofatclips(  251): Found widget: id=2131165201 (android.widget.Button@40542248): 
D/nofatclips(  251): Found widget: id=2131165202 (android.widget.ImageView@405937a0)
D/nofatclips(  251): Found widget: id=2131165203 (android.widget.ImageView@4053ca40)
D/nofatclips(  251): Found widget: id=2131165204 (android.widget.LinearLayout@40569118)
D/nofatclips(  251): Found widget: id=-1 (android.widget.FrameLayout@4059cbd8)
D/nofatclips(  251): Found widget: id=-1 (android.widget.LinearLayout@4052fbe8)
D/nofatclips(  251): Found widget: id=-1 (android.widget.LinearLayout@4050e070)
D/nofatclips(  251): Found widget: id=-1 (android.widget.LinearLayout@4052f208)
D/nofatclips(  251): Found widget: id=2131165251 (android.widget.LinearLayout@4052f8c0)
D/nofatclips(  251): Found widget: id=-1 (android.widget.ImageView@40590248)
D/nofatclips(  251): Found widget: id=2131165256 (android.widget.TextView@4056ae10): New Post
D/nofatclips(  251): Found widget: id=2131165253 (android.widget.LinearLayout@4059bde0)
D/nofatclips(  251): Found widget: id=-1 (android.widget.ImageView@40530c28)
D/nofatclips(  251): Found widget: id=2131165256 (android.widget.TextView@4056b748): New Page
D/nofatclips(  251): Found widget: id=-1 (android.widget.LinearLayout@40532ee0)
D/nofatclips(  251): Found widget: id=2131165252 (android.widget.LinearLayout@40510cd0)
D/nofatclips(  251): Found widget: id=-1 (android.widget.ImageView@40538888)
D/nofatclips(  251): Found widget: id=2131165256 (android.widget.TextView@40577940): Quick Photo
D/nofatclips(  251): Found widget: id=2131165254 (android.widget.LinearLayout@405467f0)
D/nofatclips(  251): Found widget: id=-1 (android.widget.ImageView@4059a930)
D/nofatclips(  251): Found widget: id=2131165256 (android.widget.TextView@405781b0): Quick Video
D/nofatclips(  251): Found widget: id=-1 (android.widget.LinearLayout@4059e1d0)
D/nofatclips(  251): Found widget: id=-1 (android.widget.LinearLayout@4052e678)
D/nofatclips(  251): Found widget: id=2131165255 (android.widget.LinearLayout@40533e98)
D/nofatclips(  251): Found widget: id=-1 (android.widget.ImageView@40540400)
D/nofatclips(  251): Found widget: id=2131165256 (android.widget.TextView@40578838): Posts
D/nofatclips(  251): Found widget: id=2131165257 (android.widget.LinearLayout@40544fc0)
D/nofatclips(  251): Found widget: id=-1 (android.widget.ImageView@405434d8)
D/nofatclips(  251): Found widget: id=2131165256 (android.widget.TextView@40537490): Pages
D/nofatclips(  251): Found widget: id=-1 (android.widget.FrameLayout@40534518)
D/nofatclips(  251): Found widget: id=2131165258 (android.widget.LinearLayout@405401e8)
D/nofatclips(  251): Found widget: id=-1 (android.widget.ImageView@40536ba0)
D/nofatclips(  251): Found widget: id=2131165256 (android.widget.TextView@40539440): Comments
D/nofatclips(  251): Found widget: id=2131165259 (android.widget.FrameLayout@40544678)
D/nofatclips(  251): Found widget: id=2131165260 (android.widget.ImageView@40546198)
D/nofatclips(  251): Found widget: id=2131165261 (org.wordpress.android.util.CommentBadgeTextView@4053a458): 0
D/nofatclips(  251): Found widget: id=-1 (android.widget.LinearLayout@40540780)
D/nofatclips(  251): Found widget: id=2131165262 (android.widget.LinearLayout@40541588)
D/nofatclips(  251): Found widget: id=-1 (android.widget.ImageView@40541138)
D/nofatclips(  251): Found widget: id=2131165256 (android.widget.TextView@40540a78): Settings
D/nofatclips(  251): Found widget: id=2131165263 (android.widget.LinearLayout@405440d0)
D/nofatclips(  251): Found widget: id=-1 (android.widget.ImageView@40560028)
D/nofatclips(  251): Found widget: id=2131165256 (android.widget.TextView@40542db8): Read
D/nofatclips(  251): Found widget: id=2131165264 (android.widget.LinearLayout@40561710)
D/nofatclips(  251): Found widget: id=-1 (android.widget.ImageView@40563fc8)
D/nofatclips(  251): Found widget: id=2131165256 (android.widget.TextView@4054fb10): Stats
D/nofatclips(  251): Found widget: id=-1 (com.android.internal.policy.impl.PhoneWindow$DecorView@405a0020)
V/nicola  (  251): TextualID : blog_title
V/nicola  (  251): ContentType detected : default
V/nicola  (  251): TextualID : action_refresh
V/nicola  (  251): ContentType detected : default
V/nicola  (  251): TextualID : button_text
V/nicola  (  251): ContentType detected : default
V/nicola  (  251): TextualID : button_text
V/nicola  (  251): ContentType detected : default
V/nicola  (  251): TextualID : button_text
V/nicola  (  251): ContentType detected : default
V/nicola  (  251): TextualID : button_text
V/nicola  (  251): ContentType detected : default
V/nicola  (  251): TextualID : button_text
V/nicola  (  251): ContentType detected : default
V/nicola  (  251): TextualID : button_text
V/nicola  (  251): ContentType detected : default
V/nicola  (  251): TextualID : button_text
V/nicola  (  251): ContentType detected : default
V/nicola  (  251): TextualID : button_text
V/nicola  (  251): ContentType detected : default
V/nicola  (  251): TextualID : button_text
V/nicola  (  251): ContentType detected : default
V/nicola  (  251): TextualID : button_text
V/nicola  (  251): ContentType detected : default
I/nofatclips(  251): Performing comparation for activity Dashboard
D/nofatclips(  251): Comparing against activity ViewStats
D/nofatclips(  251): Comparing against activity ViewStats
D/nofatclips(  251): Comparing against activity Dashboard
I/nofatclips(  251): Registering activity Dashboard (id: a4) as a new found state
D/nofatclips(  251): Performing backup of the old activity list on disk
D/nofatclips(  251): Saving new found state 'a4' on disk
V/nofatclips(  251): Opening state file in append mode.
D/dalvikvm(  251): GC_EXTERNAL_ALLOC freed 1242K, 54% free 3399K/7303K, external 3785K/3977K, paused 129ms
D/dalvikvm(  251): GC_EXTERNAL_ALLOC freed 59K, 55% free 3341K/7303K, external 1999K/2511K, paused 82ms
I/nofatclips(  251): Saved image on disk: a4.jpg
I/nofatclips(  251): Waiting for 100 msec.
I/nofatclips(  251): Session count is 1. Will dump to disk at 1
I/nofatclips(  251): Saving the session on disk.
I/nofatclips(  251): Planning for new Activity Dashboard
D/nofatclips(  251): Handling event 'click' on widget id=2131165200 type=button name=
D/dalvikvm(   61): GC_EXPLICIT freed 17K, 47% free 4104K/7623K, external 1316K/1828K, paused 316ms
D/nofatclips(  251): Handling event 'click' on widget id=2131165201 type=button name=
D/nofatclips(  251): Handling event 'click' on widget id=2131165204 type=linearLayout name=
D/nofatclips(  251): Handling event 'click' on widget id=2131165251 type=linearLayout name=
D/nofatclips(  251): Handling event 'click' on widget id=2131165253 type=linearLayout name=
D/nofatclips(  251): Handling event 'click' on widget id=2131165252 type=linearLayout name=
D/nofatclips(  251): Handling event 'click' on widget id=2131165254 type=linearLayout name=
D/nofatclips(  251): Handling event 'click' on widget id=2131165255 type=linearLayout name=
D/nofatclips(  251): Handling event 'click' on widget id=2131165257 type=linearLayout name=
D/nofatclips(  251): Handling event 'click' on widget id=2131165258 type=linearLayout name=
