I/ActivityManager(  149): Config changed: {1.0 310mcc260mnc en_US sw320dp w320dp h455dp nrml port finger qwerty/v/v tball/v s.11}
D/dalvikvm(  763): GC_EXPLICIT freed 1407K, 37% free 7638K/12039K, paused 73ms+11ms, total 431ms
D/dalvikvm(  763): WAIT_FOR_CONCURRENT_GC blocked 0ms
I/Choreographer(  763): Skipped 91 frames!  The application may be doing too much work on its main thread.
D/dalvikvm(  763): GC_EXPLICIT freed 41K, 37% free 7598K/12039K, paused 10ms+9ms, total 236ms
I/Choreographer(  390): Skipped 165 frames!  The application may be doing too much work on its main thread.
I/TestRunner(  763): finished: testAndCrawl(com.nofatclips.crawler.guitree.NomadEngine)
I/TestRunner(  763): passed: testAndCrawl(com.nofatclips.crawler.guitree.NomadEngine)
E/InstrumentationTestRunner(  763): Failed to generate emma coverage. Is emma jar on classpath?
E/InstrumentationTestRunner(  763): java.lang.ClassNotFoundException: com.vladium.emma.rt.RT
E/InstrumentationTestRunner(  763): 	at java.lang.Class.classForName(Native Method)
E/InstrumentationTestRunner(  763): 	at java.lang.Class.forName(Class.java:217)
E/InstrumentationTestRunner(  763): 	at java.lang.Class.forName(Class.java:172)
E/InstrumentationTestRunner(  763): 	at android.test.InstrumentationTestRunner.generateCoverageReport(InstrumentationTestRunner.java:604)
E/InstrumentationTestRunner(  763): 	at android.test.InstrumentationTestRunner.onStart(InstrumentationTestRunner.java:571)
E/InstrumentationTestRunner(  763): 	at android.app.Instrumentation$InstrumentationThread.run(Instrumentation.java:1584)
E/InstrumentationTestRunner(  763): Caused by: java.lang.NoClassDefFoundError: com/vladium/emma/rt/RT
E/InstrumentationTestRunner(  763): 	... 6 more
E/InstrumentationTestRunner(  763): Caused by: java.lang.ClassNotFoundException: com.vladium.emma.rt.RT
E/InstrumentationTestRunner(  763): 	at dalvik.system.BaseDexClassLoader.findClass(BaseDexClassLoader.java:61)
E/InstrumentationTestRunner(  763): 	at java.lang.ClassLoader.loadClass(ClassLoader.java:501)
E/InstrumentationTestRunner(  763): 	at java.lang.ClassLoader.loadClass(ClassLoader.java:461)
E/InstrumentationTestRunner(  763): 	... 6 more
I/ActivityManager(  149): Force stopping package org.tomdroid uid=10044
D/AndroidRuntime(  753): Shutting down VM
I/ActivityManager(  149): Killing proc 763:org.tomdroid/u0a44: force stop
D/dalvikvm(  753): GC_CONCURRENT freed 101K, 78% free 457K/2048K, paused 2ms+2ms, total 20ms
I/WindowState(  149): WIN DEATH: Window{413c6570 org.tomdroid/org.tomdroid.ui.Tomdroid paused=false}
W/InputDispatcher(  149): channel '413c70c0 org.tomdroid/org.tomdroid.ui.PreferencesActivity (server)' ~ Consumer closed input channel or an error occurred.  events=0x9
E/InputDispatcher(  149): channel '413c70c0 org.tomdroid/org.tomdroid.ui.PreferencesActivity (server)' ~ Channel is unrecoverably broken and will be disposed!
I/WindowState(  149): WIN DEATH: Window{413c70c0 org.tomdroid/org.tomdroid.ui.PreferencesActivity paused=false}
W/InputDispatcher(  149): Attempted to unregister already unregistered input channel '413c70c0 org.tomdroid/org.tomdroid.ui.PreferencesActivity (server)'
I/WindowManager(  149): WINDOW DIED Window{413c70c0 org.tomdroid/org.tomdroid.ui.PreferencesActivity paused=false}
I/AndroidRuntime(  753): NOTE: attach of thread 'Binder_3' failed
W/InputMethodManagerService(  149): Got RemoteException sending setActive(false) notification to pid 763 uid 10044
I/Choreographer(  390): Skipped 122 frames!  The application may be doing too much work on its main thread.
I/Choreographer(  149): Skipped 174 frames!  The application may be doing too much work on its main thread.
I/Choreographer(  249): Skipped 1035 frames!  The application may be doing too much work on its main thread.
W/WindowManager(  149): Window freeze timeout expired.
W/WindowManager(  149): Force clearing orientation change: Window{411721c8 StatusBar paused=false}
I/Choreographer(  149): Skipped 66 frames!  The application may be doing too much work on its main thread.
