V/nofatclips(  763): Backing up trace #198 to disk.
V/nofatclips(  763): Backing up trace #199 to disk.
V/nofatclips(  763): Backing up trace #200 to disk.
V/nofatclips(  763): Backing up trace #201 to disk.
V/nofatclips(  763): Backing up trace #202 to disk.
D/dalvikvm(  763): GC_CONCURRENT freed 772K, 28% free 8259K/11399K, paused 17ms+11ms, total 191ms
D/dalvikvm(  763): WAIT_FOR_CONCURRENT_GC blocked 81ms
D/nofatclips(  763): Deleting backup of the old task list from disk
D/nofatclips(  763): Deleting backup of the old activity list from disk
I/nofatclips(  763): Incrementally Playing Trace 202
D/nofatclips(  763): Firing event: type= back
I/nofatclips(  763): Waiting for 100 msec.
W/InputMethodManagerService(  149): Window already focused, ignoring focus gain of: com.android.internal.view.IInputMethodClient$Stub$Proxy@413169f8 attribute=null
I/Choreographer(  763): Skipped 273 frames!  The application may be doing too much work on its main thread.
I/Choreographer(  149): Skipped 111 frames!  The application may be doing too much work on its main thread.
I/nofatclips(  763): Current activity is ui.PreferencesActivity
I/nofatclips(  763): Retrieving widgets
D/nofatclips(  763): Found widget: id=-1 (android.widget.LinearLayout@4100fb98)
D/nofatclips(  763): Found widget: id=16909081 (com.android.internal.widget.ActionBarContainer@410c6be0)
D/nofatclips(  763): Found widget: id=16909082 (com.android.internal.widget.ActionBarView@410b9b88)
D/nofatclips(  763): Found widget: id=-1 (android.widget.LinearLayout@4113c210)
D/nofatclips(  763): Found widget: id=16908859 (android.widget.ImageView@410e08d0)
D/nofatclips(  763): Found widget: id=-1 (android.widget.LinearLayout@4113e0e0)
D/nofatclips(  763): Found widget: id=16908866 (android.widget.TextView@410b60c8): Tomdroid - Settings
D/nofatclips(  763): Found widget: id=16908867 (android.widget.TextView@411ab020): 
D/nofatclips(  763): Found widget: id=-1 (com.android.internal.widget.ActionBarView$HomeView@4107aeb8)
D/nofatclips(  763): Found widget: id=16908859 (android.widget.ImageView@410b4c80)
D/nofatclips(  763): Found widget: id=16908332 (android.widget.ImageView@410d27b0)
D/nofatclips(  763): Found widget: id=-1 (com.android.internal.view.menu.ActionMenuView@411b45a0)
D/nofatclips(  763): Found widget: id=16909083 (com.android.internal.widget.ActionBarContextView@410fc638)
D/nofatclips(  763): Found widget: id=16908290 (android.widget.FrameLayout@41017228)
D/nofatclips(  763): Found widget: id=-1 (android.widget.LinearLayout@410b1d00)
D/nofatclips(  763): Found widget: id=-1 (android.widget.LinearLayout@410bc490)
D/nofatclips(  763): Found widget: id=16909056 (android.widget.LinearLayout@410bd3d8)
D/nofatclips(  763): Found widget: id=16908298 (android.widget.ListView@410d8468)
D/nofatclips(  763): Found widget: id=16908310 (android.widget.TextView@410f6658): Display Preferences
D/nofatclips(  763): Found widget: id=-1 (android.widget.LinearLayout@411399d8)
D/nofatclips(  763): Found widget: id=-1 (android.widget.LinearLayout@41185b38)
D/nofatclips(  763): Found widget: id=16908294 (android.widget.ImageView@411238e0)
D/nofatclips(  763): Found widget: id=-1 (android.widget.RelativeLayout@411cb7d0)
D/nofatclips(  763): Found widget: id=16908310 (android.widget.TextView@411b96b8): Base Font Size
D/nofatclips(  763): Found widget: id=16908304 (android.widget.TextView@41140f28): 18
D/nofatclips(  763): Found widget: id=16908312 (android.widget.LinearLayout@41188e08)
D/nofatclips(  763): Found widget: id=16909057 (android.widget.FrameLayout@411dd238)
D/nofatclips(  763): Found widget: id=16908909 (android.widget.RelativeLayout@41072f40)
D/nofatclips(  763): Found widget: id=16909060 (android.widget.Button@411f9180): Back
D/nofatclips(  763): Found widget: id=-1 (android.widget.LinearLayout@410be320)
D/nofatclips(  763): Found widget: id=16909061 (android.widget.Button@411abaf8): Skip
D/nofatclips(  763): Found widget: id=16909062 (android.widget.Button@410c4c00): Next
D/nofatclips(  763): Found widget: id=16909084 (com.android.internal.widget.ActionBarContainer@410ec9e8)
D/nofatclips(  763): Found widget: id=-1 (com.android.internal.policy.impl.PhoneWindow$DecorView@41078520)
V/nicola  (  763): TextualID : null
V/nicola  (  763): ContentType detected : default
E/ReflectionHelper(  763): java.lang.NoSuchFieldException: mOnFocusChangeListener
V/ReflectionHelper(  763): android.widget.ListView > mOnFocusChangeListener NOT FOUND
V/nicola  (  763): TextualID : null
V/nicola  (  763): ContentType detected : default
V/nicola  (  763): TextualID : null
V/nicola  (  763): ContentType detected : default
V/nicola  (  763): TextualID : null
V/nicola  (  763): ContentType detected : default
I/nofatclips(  763): Performing comparation for activity PreferencesActivity
D/nofatclips(  763): Comparing against activity PreferencesActivity
D/nofatclips(  763): Comparing against activity Tomdroid
D/nofatclips(  763): Comparing against activity PreferencesActivity
D/nofatclips(  763): Comparing against activity PreferencesActivity
D/nofatclips(  763): Comparing against activity Tomdroid
D/nofatclips(  763): Comparing against activity Tomdroid
D/nofatclips(  763): Comparing against activity Tomdroid
D/nofatclips(  763): Comparing against activity PreferencesActivity
D/nofatclips(  763): Comparing against activity PreferencesActivity
D/nofatclips(  763): Comparing against activity Tomdroid
D/nofatclips(  763): Comparing against activity Tomdroid
D/nofatclips(  763): Comparing against activity Tomdroid
D/nofatclips(  763): Comparing against activity Tomdroid
D/nofatclips(  763): Comparing against activity Tomdroid
D/nofatclips(  763): Comparing against activity Tomdroid
D/nofatclips(  763): Comparing against activity PreferencesActivity
D/nofatclips(  763): Comparing against activity PreferencesActivity
D/nofatclips(  763): Comparing against activity Tomdroid
D/nofatclips(  763): Comparing against activity Tomdroid
D/nofatclips(  763): Comparing against activity PreferencesActivity
D/nofatclips(  763): Comparing against activity Tomdroid
I/nofatclips(  763): Registering activity PreferencesActivity (id: a22) as a new found state
D/nofatclips(  763): Performing backup of the old activity list on disk
D/nofatclips(  763): Saving new found state 'a22' on disk
V/nofatclips(  763): Opening state file in append mode.
D/dalvikvm(  763): GC_FOR_ALLOC freed 689K, 29% free 8112K/11399K, paused 195ms, total 210ms
I/Choreographer(  763): Skipped 249 frames!  The application may be doing too much work on its main thread.
D/dalvikvm(  763): GC_CONCURRENT freed 61K, 25% free 8655K/11399K, paused 23ms+28ms, total 349ms
D/dalvikvm(  763): WAIT_FOR_CONCURRENT_GC blocked 111ms
D/dalvikvm(  763): GC_FOR_ALLOC freed 1K, 19% free 9254K/11399K, paused 143ms, total 143ms
I/nofatclips(  763): Saved image on disk: a22.jpg
I/nofatclips(  763): Waiting for 100 msec.
I/nofatclips(  763): Session count is 1. Will dump to disk at 1
I/nofatclips(  763): Saving the session on disk.
I/nofatclips(  763): Planning for new Activity PreferencesActivity
D/nofatclips(  763): Handling event selectListItem for items [1,22] on preferenceList #16908298 count=22
D/dalvikvm(  763): GC_CONCURRENT freed 2228K, 29% free 8120K/11399K, paused 20ms+22ms, total 442ms
D/dalvikvm(  763): WAIT_FOR_CONCURRENT_GC blocked 58ms
D/dalvikvm(  763): WAIT_FOR_CONCURRENT_GC blocked 102ms
D/dalvikvm(  763): GC_CONCURRENT freed 692K, 29% free 8143K/11399K, paused 16ms+12ms, total 272ms
D/dalvikvm(  763): WAIT_FOR_CONCURRENT_GC blocked 20ms
D/dalvikvm(  763): WAIT_FOR_CONCURRENT_GC blocked 66ms
I/nofatclips(  763): Created trace to press the back button
I/nofatclips(  763): Created trace to press the menu button
I/nofatclips(  763): Created trace to change orientation
D/dalvikvm(  763): GC_CONCURRENT freed 636K, 28% free 8229K/11399K, paused 17ms+12ms, total 200ms
D/dalvikvm(  763): WAIT_FOR_CONCURRENT_GC blocked 82ms
D/dalvikvm(  763): WAIT_FOR_CONCURRENT_GC blocked 105ms
D/dalvikvm(  763): GC_CONCURRENT freed 737K, 28% free 8244K/11399K, paused 17ms+15ms, total 219ms
D/dalvikvm(  763): WAIT_FOR_CONCURRENT_GC blocked 96ms
D/dalvikvm(  763): WAIT_FOR_CONCURRENT_GC blocked 115ms
D/dalvikvm(  763): GC_CONCURRENT freed 809K, 29% free 8191K/11399K, paused 17ms+10ms, total 185ms
D/dalvikvm(  763): WAIT_FOR_CONCURRENT_GC blocked 41ms
D/dalvikvm(  763): WAIT_FOR_CONCURRENT_GC blocked 90ms
D/dalvikvm(  763): GC_CONCURRENT freed 743K, 29% free 8186K/11399K, paused 16ms+12ms, total 203ms
D/dalvikvm(  763): WAIT_FOR_CONCURRENT_GC blocked 22ms
D/dalvikvm(  763): WAIT_FOR_CONCURRENT_GC blocked 78ms
D/dalvikvm(  763): GC_CONCURRENT freed 741K, 29% free 8182K/11399K, paused 16ms+11ms, total 185ms
D/dalvikvm(  763): WAIT_FOR_CONCURRENT_GC blocked 35ms
D/dalvikvm(  763): WAIT_FOR_CONCURRENT_GC blocked 81ms
D/dalvikvm(  763): GC_CONCURRENT freed 742K, 29% free 8176K/11399K, paused 17ms+10ms, total 186ms
D/dalvikvm(  763): WAIT_FOR_CONCURRENT_GC blocked 68ms
D/dalvikvm(  763): WAIT_FOR_CONCURRENT_GC blocked 76ms
I/nofatclips(  763): Check for termination: 4 steps left of 25
I/nofatclips(  763): Dispatching new task. 10 more tasks remaining.
D/nofatclips(  763): Performing backup of the old task list on disk
D/nofatclips(  763): Saving task list on disk
V/nofatclips(  763): Backing up trace #218 to disk.
V/nofatclips(  763): Backing up trace #219 to disk.
D/dalvikvm(  763): GC_CONCURRENT freed 651K, 28% free 8233K/11399K, paused 17ms+9ms, total 173ms
D/dalvikvm(  763): WAIT_FOR_CONCURRENT_GC blocked 70ms
V/nofatclips(  763): Backing up trace #220 to disk.
V/nofatclips(  763): Backing up trace #221 to disk.
V/nofatclips(  763): Backing up trace #222 to disk.
D/dalvikvm(  763): GC_CONCURRENT freed 702K, 28% free 8267K/11399K, paused 17ms+11ms, total 163ms
D/dalvikvm(  763): WAIT_FOR_CONCURRENT_GC blocked 96ms
V/nofatclips(  763): Backing up trace #223 to disk.
V/nofatclips(  763): Backing up trace #224 to disk.
V/nofatclips(  763): Backing up trace #225 to disk.
V/nofatclips(  763): Backing up trace #226 to disk.
D/dalvikvm(  763): GC_CONCURRENT freed 715K, 28% free 8316K/11399K, paused 17ms+11ms, total 152ms
D/dalvikvm(  763): WAIT_FOR_CONCURRENT_GC blocked 82ms
D/dalvikvm(  763): WAIT_FOR_CONCURRENT_GC blocked 80ms
V/nofatclips(  763): Backing up trace #227 to disk.
D/nofatclips(  763): Deleting backup of the old task list from disk
D/nofatclips(  763): Deleting backup of the old activity list from disk
I/nofatclips(  763): Incrementally Playing Trace 227
I/nofatclips(  763): Retrieved from return list id=16908298
D/nofatclips(  763): Testing for type (android.widget.ListView) against the original (android.widget.ListView)
D/nofatclips(  763): Testing for name () against the original ()
I/nofatclips(  763): Firing event: type= selectListItem index=17 widget=android.widget.ListView
I/Choreographer(  763): Skipped 46 frames!  The application may be doing too much work on its main thread.
I/nofatclips(  763): Swapping to listview item 4
I/Choreographer(  249): Skipped 31 frames!  The application may be doing too much work on its main thread.
I/Choreographer(  763): Skipped 40 frames!  The application may be doing too much work on its main thread.
I/Choreographer(  763): Skipped 39 frames!  The application may be doing too much work on its main thread.
D/nofatclips(  763): Event description: Show Deleted Notes
I/nofatclips(  763): Waiting for 100 msec.
I/Choreographer(  763): Skipped 37 frames!  The application may be doing too much work on its main thread.
D/dalvikvm(  763): GC_CONCURRENT freed 866K, 29% free 8128K/11399K, paused 72ms+65ms, total 798ms
I/nofatclips(  763): Current activity is ui.PreferencesActivity
I/nofatclips(  763): Retrieving widgets
D/nofatclips(  763): Found widget: id=-1 (android.widget.LinearLayout@4100fb98)
D/nofatclips(  763): Found widget: id=16909081 (com.android.internal.widget.ActionBarContainer@410c6be0)
D/nofatclips(  763): Found widget: id=16909082 (com.android.internal.widget.ActionBarView@410b9b88)
D/nofatclips(  763): Found widget: id=-1 (android.widget.LinearLayout@4113c210)
D/nofatclips(  763): Found widget: id=16908859 (android.widget.ImageView@410e08d0)
D/nofatclips(  763): Found widget: id=-1 (android.widget.LinearLayout@4113e0e0)
D/nofatclips(  763): Found widget: id=16908866 (android.widget.TextView@410b60c8): Tomdroid - Settings
D/nofatclips(  763): Found widget: id=16908867 (android.widget.TextView@411ab020): 
D/nofatclips(  763): Found widget: id=-1 (com.android.internal.widget.ActionBarView$HomeView@4107aeb8)
D/nofatclips(  763): Found widget: id=16908859 (android.widget.ImageView@410b4c80)
D/nofatclips(  763): Found widget: id=16908332 (android.widget.ImageView@410d27b0)
D/nofatclips(  763): Found widget: id=-1 (com.android.internal.view.menu.ActionMenuView@411b45a0)
D/nofatclips(  763): Found widget: id=16909083 (com.android.internal.widget.ActionBarContextView@410fc638)
D/nofatclips(  763): Found widget: id=16908290 (android.widget.FrameLayout@41017228)
D/nofatclips(  763): Found widget: id=-1 (android.widget.LinearLayout@410b1d00)
D/nofatclips(  763): Found widget: id=-1 (android.widget.LinearLayout@410bc490)
D/nofatclips(  763): Found widget: id=16909056 (android.widget.LinearLayout@410bd3d8)
D/nofatclips(  763): Found widget: id=16908298 (android.widget.ListView@410d8468)
D/nofatclips(  763): Found widget: id=16908310 (android.widget.TextView@410f6658): Display Preferences
D/nofatclips(  763): Found widget: id=-1 (android.widget.LinearLayout@411399d8)
D/nofatclips(  763): Found widget: id=-1 (android.widget.LinearLayout@41185b38)
D/nofatclips(  763): Found widget: id=16908294 (android.widget.ImageView@411238e0)
D/nofatclips(  763): Found widget: id=-1 (android.widget.RelativeLayout@411cb7d0)
D/nofatclips(  763): Found widget: id=16908310 (android.widget.TextView@411b96b8): Base Font Size
D/nofatclips(  763): Found widget: id=16908304 (android.widget.TextView@41140f28): 18
D/nofatclips(  763): Found widget: id=16908312 (android.widget.LinearLayout@41188e08)
D/nofatclips(  763): Found widget: id=16909057 (android.widget.FrameLayout@411dd238)
D/nofatclips(  763): Found widget: id=16908909 (android.widget.RelativeLayout@41072f40)
D/nofatclips(  763): Found widget: id=16909060 (android.widget.Button@411f9180): Back
D/nofatclips(  763): Found widget: id=-1 (android.widget.LinearLayout@410be320)
D/nofatclips(  763): Found widget: id=16909061 (android.widget.Button@411abaf8): Skip
D/nofatclips(  763): Found widget: id=16909062 (android.widget.Button@410c4c00): Next
D/nofatclips(  763): Found widget: id=16909084 (com.android.internal.widget.ActionBarContainer@410ec9e8)
D/nofatclips(  763): Found widget: id=-1 (com.android.internal.policy.impl.PhoneWindow$DecorView@41078520)
V/nicola  (  763): TextualID : null
V/nicola  (  763): ContentType detected : default
E/ReflectionHelper(  763): java.lang.NoSuchFieldException: mOnFocusChangeListener
V/ReflectionHelper(  763): android.widget.ListView > mOnFocusChangeListener NOT FOUND
V/nicola  (  763): TextualID : null
V/nicola  (  763): ContentType detected : default
V/nicola  (  763): TextualID : null
V/nicola  (  763): ContentType detected : default
V/nicola  (  763): TextualID : null
V/nicola  (  763): ContentType detected : default
I/nofatclips(  763): Performing comparation for activity PreferencesActivity
D/nofatclips(  763): Comparing against activity PreferencesActivity
D/nofatclips(  763): Comparing against activity Tomdroid
D/nofatclips(  763): Comparing against activity PreferencesActivity
D/nofatclips(  763): Comparing against activity PreferencesActivity
D/nofatclips(  763): Comparing against activity Tomdroid
D/nofatclips(  763): Comparing against activity Tomdroid
D/nofatclips(  763): Comparing against activity Tomdroid
D/nofatclips(  763): Comparing against activity PreferencesActivity
D/nofatclips(  763): Comparing against activity PreferencesActivity
D/nofatclips(  763): Comparing against activity Tomdroid
D/nofatclips(  763): Comparing against activity Tomdroid
D/nofatclips(  763): Comparing against activity PreferencesActivity
D/nofatclips(  763): Comparing against activity Tomdroid
D/nofatclips(  763): Comparing against activity Tomdroid
D/nofatclips(  763): Comparing against activity Tomdroid
D/nofatclips(  763): Comparing against activity Tomdroid
D/nofatclips(  763): Comparing against activity PreferencesActivity
D/nofatclips(  763): Comparing against activity PreferencesActivity
D/nofatclips(  763): Comparing against activity Tomdroid
D/nofatclips(  763): Comparing against activity Tomdroid
D/nofatclips(  763): Comparing against activity PreferencesActivity
D/nofatclips(  763): Comparing against activity Tomdroid
I/nofatclips(  763): Registering activity PreferencesActivity (id: a23) as a new found state
D/nofatclips(  763): Performing backup of the old activity list on disk
D/nofatclips(  763): Saving new found state 'a23' on disk
V/nofatclips(  763): Opening state file in append mode.
D/dalvikvm(  763): GC_FOR_ALLOC freed 314K, 29% free 8114K/11399K, paused 160ms, total 162ms
I/Choreographer(  763): Skipped 188 frames!  The application may be doing too much work on its main thread.
D/dalvikvm(  763): GC_CONCURRENT freed 3K, 24% free 8713K/11399K, paused 21ms+14ms, total 241ms
D/dalvikvm(  763): WAIT_FOR_CONCURRENT_GC blocked 95ms
D/dalvikvm(  763): GC_FOR_ALLOC freed <1K, 19% free 9313K/11399K, paused 155ms, total 155ms
I/nofatclips(  763): Saved image on disk: a23.jpg
I/nofatclips(  763): Waiting for 100 msec.
I/nofatclips(  763): Session count is 1. Will dump to disk at 1
I/nofatclips(  763): Saving the session on disk.
I/nofatclips(  763): Planning for new Activity PreferencesActivity
D/nofatclips(  763): Handling event selectListItem for items [1,22] on preferenceList #16908298 count=22
D/dalvikvm(  763): GC_CONCURRENT freed 2262K, 29% free 8163K/11399K, paused 26ms+39ms, total 791ms
D/dalvikvm(  763): WAIT_FOR_CONCURRENT_GC blocked 156ms
D/dalvikvm(  763): WAIT_FOR_CONCURRENT_GC blocked 193ms
D/dalvikvm(  763): GC_CONCURRENT freed 681K, 28% free 8212K/11399K, paused 20ms+11ms, total 415ms
D/dalvikvm(  763): WAIT_FOR_CONCURRENT_GC blocked 70ms
D/dalvikvm(  763): WAIT_FOR_CONCURRENT_GC blocked 99ms
I/nofatclips(  763): Created trace to press the back button
I/nofatclips(  763): Created trace to press the menu button
I/nofatclips(  763): Created trace to change orientation
D/dalvikvm(  763): GC_CONCURRENT freed 667K, 28% free 8291K/11399K, paused 18ms+10ms, total 212ms
D/dalvikvm(  763): WAIT_FOR_CONCURRENT_GC blocked 70ms
D/dalvikvm(  763): WAIT_FOR_CONCURRENT_GC blocked 92ms
D/dalvikvm(  763): GC_CONCURRENT freed 764K, 28% free 8298K/11399K, paused 16ms+9ms, total 184ms
D/dalvikvm(  763): WAIT_FOR_CONCURRENT_GC blocked 52ms
D/dalvikvm(  763): WAIT_FOR_CONCURRENT_GC blocked 85ms
D/dalvikvm(  763): GC_CONCURRENT freed 767K, 28% free 8305K/11399K, paused 16ms+10ms, total 185ms
D/dalvikvm(  763): WAIT_FOR_CONCURRENT_GC blocked 63ms
D/dalvikvm(  763): WAIT_FOR_CONCURRENT_GC blocked 95ms
D/dalvikvm(  763): GC_CONCURRENT freed 847K, 28% free 8235K/11399K, paused 16ms+11ms, total 188ms
D/dalvikvm(  763): WAIT_FOR_CONCURRENT_GC blocked 43ms
D/dalvikvm(  763): WAIT_FOR_CONCURRENT_GC blocked 89ms
D/dalvikvm(  763): GC_CONCURRENT freed 765K, 28% free 8223K/11399K, paused 17ms+9ms, total 201ms
D/dalvikvm(  763): WAIT_FOR_CONCURRENT_GC blocked 63ms
D/dalvikvm(  763): WAIT_FOR_CONCURRENT_GC blocked 99ms
D/dalvikvm(  763): GC_CONCURRENT freed 693K, 28% free 8279K/11399K, paused 17ms+12ms, total 192ms
D/dalvikvm(  763): WAIT_FOR_CONCURRENT_GC blocked 74ms
D/dalvikvm(  763): WAIT_FOR_CONCURRENT_GC blocked 83ms
I/nofatclips(  763): Check for termination: 3 steps left of 25
I/nofatclips(  763): Dispatching new task. 10 more tasks remaining.
D/nofatclips(  763): Performing backup of the old task list on disk
D/nofatclips(  763): Saving task list on disk
V/nofatclips(  763): Backing up trace #243 to disk.
V/nofatclips(  763): Backing up trace #244 to disk.
D/dalvikvm(  763): GC_CONCURRENT freed 754K, 28% free 8278K/11399K, paused 17ms+9ms, total 172ms
D/dalvikvm(  763): WAIT_FOR_CONCURRENT_GC blocked 85ms
V/nofatclips(  763): Backing up trace #245 to disk.
V/nofatclips(  763): Backing up trace #246 to disk.
V/nofatclips(  763): Backing up trace #247 to disk.
D/dalvikvm(  763): GC_CONCURRENT freed 743K, 28% free 8299K/11399K, paused 16ms+11ms, total 175ms
D/dalvikvm(  763): WAIT_FOR_CONCURRENT_GC blocked 72ms
V/nofatclips(  763): Backing up trace #248 to disk.
V/nofatclips(  763): Backing up trace #249 to disk.
V/nofatclips(  763): Backing up trace #250 to disk.
V/nofatclips(  763): Backing up trace #251 to disk.
D/dalvikvm(  763): GC_CONCURRENT freed 699K, 27% free 8368K/11399K, paused 16ms+9ms, total 137ms
D/dalvikvm(  763): WAIT_FOR_CONCURRENT_GC blocked 76ms
V/nofatclips(  763): Backing up trace #252 to disk.
D/nofatclips(  763): Deleting backup of the old task list from disk
D/nofatclips(  763): Deleting backup of the old activity list from disk
I/nofatclips(  763): Incrementally Playing Trace 252
I/nofatclips(  763): Retrieved from return list id=16908298
D/nofatclips(  763): Testing for type (android.widget.ListView) against the original (android.widget.ListView)
D/nofatclips(  763): Testing for name () against the original ()
I/nofatclips(  763): Firing event: type= selectListItem index=17 widget=android.widget.ListView
I/Choreographer(  763): Skipped 139 frames!  The application may be doing too much work on its main thread.
I/nofatclips(  763): Swapping to listview item 14
I/Choreographer(  763): Skipped 36 frames!  The application may be doing too much work on its main thread.
I/Choreographer(  763): Skipped 40 frames!  The application may be doing too much work on its main thread.
D/nofatclips(  763): Event description: Link Telephone Numbers
I/Choreographer(  763): Skipped 32 frames!  The application may be doing too much work on its main thread.
I/nofatclips(  763): Waiting for 100 msec.
I/Choreographer(  763): Skipped 45 frames!  The application may be doing too much work on its main thread.
D/dalvikvm(  763): GC_CONCURRENT freed 939K, 29% free 8189K/11399K, paused 32ms+60ms, total 854ms
I/nofatclips(  763): Current activity is ui.PreferencesActivity
I/nofatclips(  763): Retrieving widgets
D/nofatclips(  763): Found widget: id=-1 (android.widget.LinearLayout@4100fb98)
D/nofatclips(  763): Found widget: id=16909081 (com.android.internal.widget.ActionBarContainer@410c6be0)
D/nofatclips(  763): Found widget: id=16909082 (com.android.internal.widget.ActionBarView@410b9b88)
D/nofatclips(  763): Found widget: id=-1 (android.widget.LinearLayout@4113c210)
D/nofatclips(  763): Found widget: id=16908859 (android.widget.ImageView@410e08d0)
D/nofatclips(  763): Found widget: id=-1 (android.widget.LinearLayout@4113e0e0)
D/nofatclips(  763): Found widget: id=16908866 (android.widget.TextView@410b60c8): Tomdroid - Settings
D/nofatclips(  763): Found widget: id=16908867 (android.widget.TextView@411ab020): 
D/nofatclips(  763): Found widget: id=-1 (com.android.internal.widget.ActionBarView$HomeView@4107aeb8)
D/nofatclips(  763): Found widget: id=16908859 (android.widget.ImageView@410b4c80)
D/nofatclips(  763): Found widget: id=16908332 (android.widget.ImageView@410d27b0)
D/nofatclips(  763): Found widget: id=-1 (com.android.internal.view.menu.ActionMenuView@411b45a0)
D/nofatclips(  763): Found widget: id=16909083 (com.android.internal.widget.ActionBarContextView@410fc638)
D/nofatclips(  763): Found widget: id=16908290 (android.widget.FrameLayout@41017228)
D/nofatclips(  763): Found widget: id=-1 (android.widget.LinearLayout@410b1d00)
D/nofatclips(  763): Found widget: id=-1 (android.widget.LinearLayout@410bc490)
D/nofatclips(  763): Found widget: id=16909056 (android.widget.LinearLayout@410bd3d8)
D/nofatclips(  763): Found widget: id=16908298 (android.widget.ListView@410d8468)
D/nofatclips(  763): Found widget: id=16909057 (android.widget.FrameLayout@411dd238)
D/nofatclips(  763): Found widget: id=16908909 (android.widget.RelativeLayout@41072f40)
D/nofatclips(  763): Found widget: id=16909060 (android.widget.Button@411f9180): Back
D/nofatclips(  763): Found widget: id=-1 (android.widget.LinearLayout@410be320)
D/nofatclips(  763): Found widget: id=16909061 (android.widget.Button@411abaf8): Skip
D/nofatclips(  763): Found widget: id=16909062 (android.widget.Button@410c4c00): Next
D/nofatclips(  763): Found widget: id=16909084 (com.android.internal.widget.ActionBarContainer@410ec9e8)
D/nofatclips(  763): Found widget: id=-1 (com.android.internal.policy.impl.PhoneWindow$DecorView@41078520)
V/nicola  (  763): TextualID : null
V/nicola  (  763): ContentType detected : default
E/ReflectionHelper(  763): java.lang.NoSuchFieldException: mOnFocusChangeListener
V/ReflectionHelper(  763): android.widget.ListView > mOnFocusChangeListener NOT FOUND
I/nofatclips(  763): Performing comparation for activity PreferencesActivity
D/nofatclips(  763): Comparing against activity PreferencesActivity
D/nofatclips(  763): Comparing against activity Tomdroid
D/nofatclips(  763): Comparing against activity PreferencesActivity
D/nofatclips(  763): Comparing against activity PreferencesActivity
D/nofatclips(  763): Comparing against activity Tomdroid
D/nofatclips(  763): Comparing against activity Tomdroid
D/nofatclips(  763): Comparing against activity Tomdroid
D/nofatclips(  763): Comparing against activity PreferencesActivity
D/nofatclips(  763): Comparing against activity PreferencesActivity
D/nofatclips(  763): Comparing against activity Tomdroid
D/nofatclips(  763): Comparing against activity PreferencesActivity
D/nofatclips(  763): Comparing against activity Tomdroid
D/nofatclips(  763): Comparing against activity PreferencesActivity
D/nofatclips(  763): Comparing against activity Tomdroid
D/nofatclips(  763): Comparing against activity Tomdroid
D/nofatclips(  763): Comparing against activity Tomdroid
D/nofatclips(  763): Comparing against activity Tomdroid
D/nofatclips(  763): Comparing against activity PreferencesActivity
D/nofatclips(  763): Comparing against activity PreferencesActivity
D/nofatclips(  763): Comparing against activity Tomdroid
D/nofatclips(  763): Comparing against activity Tomdroid
D/nofatclips(  763): Comparing against activity PreferencesActivity
D/nofatclips(  763): Comparing against activity Tomdroid
I/nofatclips(  763): Registering activity PreferencesActivity (id: a24) as a new found state
D/nofatclips(  763): Performing backup of the old activity list on disk
D/nofatclips(  763): Saving new found state 'a24' on disk
V/nofatclips(  763): Opening state file in append mode.
D/dalvikvm(  763): GC_FOR_ALLOC freed 255K, 29% free 8180K/11399K, paused 167ms, total 171ms
I/Choreographer(  763): Skipped 154 frames!  The application may be doing too much work on its main thread.
D/dalvikvm(  763): GC_FOR_ALLOC freed 5K, 23% free 8779K/11399K, paused 142ms, total 143ms
D/dalvikvm(  763): GC_FOR_ALLOC freed 1K, 18% free 9378K/11399K, paused 151ms, total 151ms
I/nofatclips(  763): Saved image on disk: a24.jpg
I/nofatclips(  763): Waiting for 100 msec.
I/nofatclips(  763): Session count is 1. Will dump to disk at 1
I/nofatclips(  763): Saving the session on disk.
I/nofatclips(  763): Planning for new Activity PreferencesActivity
D/nofatclips(  763): Handling event selectListItem for items [1,22] on preferenceList #16908298 count=22
D/dalvikvm(  763): GC_CONCURRENT freed 2273K, 28% free 8239K/11399K, paused 17ms+18ms, total 341ms
D/dalvikvm(  763): WAIT_FOR_CONCURRENT_GC blocked 49ms
D/dalvikvm(  763): WAIT_FOR_CONCURRENT_GC blocked 85ms
I/nofatclips(  763): Created trace to press the back button
I/nofatclips(  763): Created trace to press the menu button
I/nofatclips(  763): Created trace to change orientation
D/dalvikvm(  763): GC_CONCURRENT freed 693K, 28% free 8301K/11399K, paused 17ms+10ms, total 193ms
D/dalvikvm(  763): WAIT_FOR_CONCURRENT_GC blocked 72ms
D/dalvikvm(  763): WAIT_FOR_CONCURRENT_GC blocked 84ms
D/dalvikvm(  763): GC_CONCURRENT freed 725K, 27% free 8352K/11399K, paused 18ms+13ms, total 198ms
D/dalvikvm(  763): WAIT_FOR_CONCURRENT_GC blocked 74ms
D/dalvikvm(  763): WAIT_FOR_CONCURRENT_GC blocked 95ms
D/dalvikvm(  763): GC_CONCURRENT freed 789K, 27% free 8355K/11399K, paused 16ms+12ms, total 196ms
D/dalvikvm(  763): WAIT_FOR_CONCURRENT_GC blocked 50ms
D/dalvikvm(  763): WAIT_FOR_CONCURRENT_GC blocked 95ms
D/dalvikvm(  763): GC_CONCURRENT freed 797K, 27% free 8352K/11399K, paused 18ms+17ms, total 238ms
D/dalvikvm(  763): WAIT_FOR_CONCURRENT_GC blocked 119ms
D/dalvikvm(  763): WAIT_FOR_CONCURRENT_GC blocked 136ms
D/dalvikvm(  763): GC_CONCURRENT freed 803K, 27% free 8342K/11399K, paused 20ms+16ms, total 284ms
D/dalvikvm(  763): WAIT_FOR_CONCURRENT_GC blocked 90ms
D/dalvikvm(  763): WAIT_FOR_CONCURRENT_GC blocked 137ms
D/dalvikvm(  763): GC_CONCURRENT freed 800K, 27% free 8330K/11399K, paused 17ms+11ms, total 182ms
D/dalvikvm(  763): WAIT_FOR_CONCURRENT_GC blocked 63ms
D/dalvikvm(  763): WAIT_FOR_CONCURRENT_GC blocked 89ms
D/dalvikvm(  763): GC_CONCURRENT freed 797K, 28% free 8318K/11399K, paused 17ms+13ms, total 237ms
D/dalvikvm(  763): WAIT_FOR_CONCURRENT_GC blocked 64ms
D/dalvikvm(  763): WAIT_FOR_CONCURRENT_GC blocked 116ms
I/nofatclips(  763): Check for termination: 2 steps left of 25
I/nofatclips(  763): Dispatching new task. 10 more tasks remaining.
D/nofatclips(  763): Performing backup of the old task list on disk
D/nofatclips(  763): Saving task list on disk
V/nofatclips(  763): Backing up trace #268 to disk.
V/nofatclips(  763): Backing up trace #269 to disk.
V/nofatclips(  763): Backing up trace #270 to disk.
D/dalvikvm(  763): GC_CONCURRENT freed 721K, 27% free 8374K/11399K, paused 18ms+12ms, total 245ms
D/dalvikvm(  763): WAIT_FOR_CONCURRENT_GC blocked 104ms
V/nofatclips(  763): Backing up trace #271 to disk.
V/nofatclips(  763): Backing up trace #272 to disk.
V/nofatclips(  763): Backing up trace #273 to disk.
V/nofatclips(  763): Backing up trace #274 to disk.
D/dalvikvm(  763): GC_CONCURRENT freed 730K, 26% free 8442K/11399K, paused 17ms+12ms, total 161ms
D/dalvikvm(  763): WAIT_FOR_CONCURRENT_GC blocked 97ms
V/nofatclips(  763): Backing up trace #275 to disk.
V/nofatclips(  763): Backing up trace #276 to disk.
V/nofatclips(  763): Backing up trace #277 to disk.
D/dalvikvm(  763): GC_CONCURRENT freed 875K, 27% free 8364K/11399K, paused 17ms+11ms, total 223ms
D/dalvikvm(  763): WAIT_FOR_CONCURRENT_GC blocked 94ms
D/nofatclips(  763): Deleting backup of the old task list from disk
D/nofatclips(  763): Deleting backup of the old activity list from disk
I/nofatclips(  763): Incrementally Playing Trace 277
I/nofatclips(  763): Retrieved from return list id=16908298
D/nofatclips(  763): Testing for type (android.widget.ListView) against the original (android.widget.ListView)
D/nofatclips(  763): Testing for name () against the original ()
I/nofatclips(  763): Firing event: type= selectListItem index=17 widget=android.widget.ListView
I/Choreographer(  763): Skipped 41 frames!  The application may be doing too much work on its main thread.
I/nofatclips(  763): Swapping to listview item 9
I/Choreographer(  763): Skipped 59 frames!  The application may be doing too much work on its main thread.
I/Choreographer(  763): Skipped 30 frames!  The application may be doing too much work on its main thread.
D/nofatclips(  763): Event description: Location on SD Card
I/Choreographer(  763): Skipped 33 frames!  The application may be doing too much work on its main thread.
I/nofatclips(  763): Waiting for 100 msec.
V/PhoneStatusBar(  249): setLightsOn(true)
I/Choreographer(  763): Skipped 284 frames!  The application may be doing too much work on its main thread.
E/ActivityThread(  264): Failed to find provider info for com.android.inputmethod.latin.dictionarypack
E/BinaryDictionaryGetter(  264): Could not find a dictionary pack
I/Choreographer(  763): Skipped 540 frames!  The application may be doing too much work on its main thread.
I/Choreographer(  149): Skipped 34 frames!  The application may be doing too much work on its main thread.
I/Choreographer(  763): Skipped 230 frames!  The application may be doing too much work on its main thread.
I/nofatclips(  763): Current activity is ui.PreferencesActivity
I/nofatclips(  763): Retrieving widgets
D/nofatclips(  763): Found widget: id=-1 (android.widget.FrameLayout@411114a0)
D/nofatclips(  763): Found widget: id=16908290 (android.widget.FrameLayout@41165d18)
D/nofatclips(  763): Found widget: id=16908874 (android.widget.LinearLayout@411bdea0)
D/nofatclips(  763): Found widget: id=16908875 (android.widget.LinearLayout@411f4aa0)
D/nofatclips(  763): Found widget: id=16908885 (android.view.View@412b8c50)
D/nofatclips(  763): Found widget: id=16908876 (android.widget.LinearLayout@41211750)
D/nofatclips(  763): Found widget: id=16908294 (android.widget.ImageView@411b6a78)
D/nofatclips(  763): Found widget: id=16908877 (com.android.internal.widget.DialogTitle@412b2058): Location on SD Card
D/nofatclips(  763): Found widget: id=16908878 (android.view.View@412b9808)
D/nofatclips(  763): Found widget: id=16908882 (android.widget.LinearLayout@4126ec58)
D/nofatclips(  763): Found widget: id=16908883 (android.widget.ScrollView@411777a0)
D/nofatclips(  763): Found widget: id=16908884 (android.widget.FrameLayout@4125a350)
D/nofatclips(  763): Found widget: id=16908331 (android.widget.FrameLayout@41289760)
D/nofatclips(  763): Found widget: id=-1 (android.widget.ScrollView@4122e5b8)
D/nofatclips(  763): Found widget: id=16909055 (android.widget.LinearLayout@41114b98)
D/nofatclips(  763): Found widget: id=16908299 (android.widget.TextView@41106670): 
D/nofatclips(  763): Found widget: id=16908291 (android.widget.EditText@411b1758): tomdroid
D/nofatclips(  763): Found widget: id=16908879 (android.widget.LinearLayout@412f4c10)
D/nofatclips(  763): Found widget: id=-1 (android.widget.LinearLayout@412198a0)
D/nofatclips(  763): Found widget: id=16908314 (android.widget.Button@4124ac98): Cancel
D/nofatclips(  763): Found widget: id=16908315 (android.widget.Button@412c8b40): 
D/nofatclips(  763): Found widget: id=16908313 (android.widget.Button@411a9aa0): OK
D/nofatclips(  763): Found widget: id=16909076 (android.view.ViewStub@412e3008)
D/nofatclips(  763): Found widget: id=-1 (com.android.internal.policy.impl.PhoneWindow$DecorView@4127bbd0)
V/nicola  (  763): TextualID : null
V/nicola  (  763): ContentType detected : default
E/ReflectionHelper(  763): java.lang.NoSuchFieldException: mOnFocusChangeListener
V/ReflectionHelper(  763): android.widget.EditText > mOnFocusChangeListener NOT FOUND
V/nicola  (  763): TextualID : null
V/nicola  (  763): ContentType detected : default
V/nicola  (  763): TextualID : null
V/nicola  (  763): ContentType detected : default
V/nicola  (  763): TextualID : null
V/nicola  (  763): ContentType detected : default
I/nofatclips(  763): Performing comparation for activity PreferencesActivity
D/nofatclips(  763): Comparing against activity PreferencesActivity
D/nofatclips(  763): Comparing against activity Tomdroid
D/nofatclips(  763): Comparing against activity PreferencesActivity
D/nofatclips(  763): Comparing against activity PreferencesActivity
D/nofatclips(  763): Comparing against activity Tomdroid
D/nofatclips(  763): Comparing against activity Tomdroid
D/nofatclips(  763): Comparing against activity Tomdroid
D/nofatclips(  763): Comparing against activity PreferencesActivity
D/nofatclips(  763): Comparing against activity PreferencesActivity
D/nofatclips(  763): Comparing against activity Tomdroid
D/nofatclips(  763): Comparing against activity PreferencesActivity
D/nofatclips(  763): Comparing against activity Tomdroid
D/nofatclips(  763): Comparing against activity PreferencesActivity
D/nofatclips(  763): Comparing against activity Tomdroid
D/nofatclips(  763): Comparing against activity Tomdroid
D/nofatclips(  763): Comparing against activity Tomdroid
D/nofatclips(  763): Comparing against activity Tomdroid
D/nofatclips(  763): Comparing against activity PreferencesActivity
D/nofatclips(  763): Comparing against activity PreferencesActivity
D/nofatclips(  763): Comparing against activity Tomdroid
D/nofatclips(  763): Comparing against activity Tomdroid
D/nofatclips(  763): Comparing against activity PreferencesActivity
D/nofatclips(  763): Comparing against activity PreferencesActivity
D/nofatclips(  763): Comparing against activity Tomdroid
I/nofatclips(  763): Registering activity PreferencesActivity (id: a25) as a new found state
D/nofatclips(  763): Performing backup of the old activity list on disk
D/nofatclips(  763): Saving new found state 'a25' on disk
V/nofatclips(  763): Opening state file in append mode.
D/dalvikvm(  763): GC_CONCURRENT freed 769K, 28% free 8291K/11399K, paused 30ms+15ms, total 337ms
D/dalvikvm(  763): WAIT_FOR_CONCURRENT_GC blocked 286ms
I/nofatclips(  763): Saved image on disk: a25.jpg
I/nofatclips(  763): Waiting for 100 msec.
D/dalvikvm(  763): GC_CONCURRENT freed 488K, 26% free 8500K/11399K, paused 20ms+11ms, total 208ms
I/nofatclips(  763): Session count is 1. Will dump to disk at 1
I/nofatclips(  763): Saving the session on disk.
I/nofatclips(  763): Planning for new Activity PreferencesActivity
D/nofatclips(  763): Handling event 'click' on widget id=16908314 type=button name=Cancel
D/nofatclips(  763): Handling input 'writeText' on widget id=16908291 type=editText name=
V/nofatclips(  763): Using value: 90
D/nofatclips(  763): Handling event 'click' on widget id=16908313 type=button name=OK
D/nofatclips(  763): Handling input 'writeText' on widget id=16908291 type=editText name=
V/nofatclips(  763): Using value: 90
I/nofatclips(  763): Created trace to press the back button
I/nofatclips(  763): Created trace to press the menu button
I/nofatclips(  763): Created trace to change orientation
D/dalvikvm(  763): GC_CONCURRENT freed 959K, 27% free 8383K/11399K, paused 17ms+13ms, total 206ms
D/dalvikvm(  763): WAIT_FOR_CONCURRENT_GC blocked 53ms
D/dalvikvm(  763): WAIT_FOR_CONCURRENT_GC blocked 91ms
D/dalvikvm(  763): WAIT_FOR_CONCURRENT_GC blocked 102ms
I/nofatclips(  763): Check for termination: 1 steps left of 25
I/nofatclips(  763): Dispatching new task. 10 more tasks remaining.
D/nofatclips(  763): Performing backup of the old task list on disk
D/nofatclips(  763): Saving task list on disk
V/nofatclips(  763): Backing up trace #272 to disk.
D/dalvikvm(  763): GC_CONCURRENT freed 822K, 27% free 8363K/11399K, paused 17ms+10ms, total 265ms
D/dalvikvm(  763): WAIT_FOR_CONCURRENT_GC blocked 92ms
V/nofatclips(  763): Backing up trace #273 to disk.
V/nofatclips(  763): Backing up trace #274 to disk.
V/nofatclips(  763): Backing up trace #275 to disk.
D/dalvikvm(  763): GC_CONCURRENT freed 645K, 26% free 8505K/11399K, paused 18ms+10ms, total 173ms
D/dalvikvm(  763): WAIT_FOR_CONCURRENT_GC blocked 82ms
V/nofatclips(  763): Backing up trace #276 to disk.
V/nofatclips(  763): Backing up trace #278 to disk.
V/nofatclips(  763): Backing up trace #279 to disk.
D/dalvikvm(  763): GC_CONCURRENT freed 890K, 26% free 8456K/11399K, paused 16ms+12ms, total 232ms
D/dalvikvm(  763): WAIT_FOR_CONCURRENT_GC blocked 81ms
V/nofatclips(  763): Backing up trace #280 to disk.
V/nofatclips(  763): Backing up trace #281 to disk.
V/nofatclips(  763): Backing up trace #282 to disk.
D/dalvikvm(  763): GC_CONCURRENT freed 816K, 26% free 8448K/11399K, paused 17ms+12ms, total 208ms
D/dalvikvm(  763): WAIT_FOR_CONCURRENT_GC blocked 101ms
D/nofatclips(  763): Deleting backup of the old task list from disk
D/nofatclips(  763): Deleting backup of the old activity list from disk
I/nofatclips(  763): Incrementally Playing Trace 282
D/nofatclips(  763): Firing event: type= back
I/nofatclips(  763): Waiting for 100 msec.
I/Choreographer(  763): Skipped 506 frames!  The application may be doing too much work on its main thread.
I/Choreographer(  149): Skipped 122 frames!  The application may be doing too much work on its main thread.
I/nofatclips(  763): Current activity is ui.PreferencesActivity
I/nofatclips(  763): Retrieving widgets
D/nofatclips(  763): Found widget: id=-1 (android.widget.LinearLayout@4100fb98)
D/nofatclips(  763): Found widget: id=16909081 (com.android.internal.widget.ActionBarContainer@410c6be0)
D/nofatclips(  763): Found widget: id=16909082 (com.android.internal.widget.ActionBarView@410b9b88)
D/nofatclips(  763): Found widget: id=-1 (android.widget.LinearLayout@4113c210)
D/nofatclips(  763): Found widget: id=16908859 (android.widget.ImageView@410e08d0)
D/nofatclips(  763): Found widget: id=-1 (android.widget.LinearLayout@4113e0e0)
D/nofatclips(  763): Found widget: id=16908866 (android.widget.TextView@410b60c8): Tomdroid - Settings
D/nofatclips(  763): Found widget: id=16908867 (android.widget.TextView@411ab020): 
D/nofatclips(  763): Found widget: id=-1 (com.android.internal.widget.ActionBarView$HomeView@4107aeb8)
D/nofatclips(  763): Found widget: id=16908859 (android.widget.ImageView@410b4c80)
D/nofatclips(  763): Found widget: id=16908332 (android.widget.ImageView@410d27b0)
D/nofatclips(  763): Found widget: id=-1 (com.android.internal.view.menu.ActionMenuView@411b45a0)
D/nofatclips(  763): Found widget: id=16909083 (com.android.internal.widget.ActionBarContextView@410fc638)
D/nofatclips(  763): Found widget: id=16908290 (android.widget.FrameLayout@41017228)
D/nofatclips(  763): Found widget: id=-1 (android.widget.LinearLayout@410b1d00)
D/nofatclips(  763): Found widget: id=-1 (android.widget.LinearLayout@410bc490)
D/nofatclips(  763): Found widget: id=16909056 (android.widget.LinearLayout@410bd3d8)
D/nofatclips(  763): Found widget: id=16908298 (android.widget.ListView@410d8468)
D/nofatclips(  763): Found widget: id=16908310 (android.widget.TextView@41128750): Display Preferences
D/nofatclips(  763): Found widget: id=-1 (android.widget.LinearLayout@411399d8)
D/nofatclips(  763): Found widget: id=-1 (android.widget.LinearLayout@41185b38)
D/nofatclips(  763): Found widget: id=16908294 (android.widget.ImageView@411238e0)
D/nofatclips(  763): Found widget: id=-1 (android.widget.RelativeLayout@411cb7d0)
D/nofatclips(  763): Found widget: id=16908310 (android.widget.TextView@411b96b8): Base Font Size
D/nofatclips(  763): Found widget: id=16908304 (android.widget.TextView@41140f28): 18
D/nofatclips(  763): Found widget: id=16908312 (android.widget.LinearLayout@41188e08)
D/nofatclips(  763): Found widget: id=16909057 (android.widget.FrameLayout@411dd238)
D/nofatclips(  763): Found widget: id=16908909 (android.widget.RelativeLayout@41072f40)
D/nofatclips(  763): Found widget: id=16909060 (android.widget.Button@411f9180): Back
D/nofatclips(  763): Found widget: id=-1 (android.widget.LinearLayout@410be320)
D/nofatclips(  763): Found widget: id=16909061 (android.widget.Button@411abaf8): Skip
D/nofatclips(  763): Found widget: id=16909062 (android.widget.Button@410c4c00): Next
D/nofatclips(  763): Found widget: id=16909084 (com.android.internal.widget.ActionBarContainer@410ec9e8)
D/nofatclips(  763): Found widget: id=-1 (com.android.internal.policy.impl.PhoneWindow$DecorView@41078520)
V/nicola  (  763): TextualID : null
V/nicola  (  763): ContentType detected : default
E/ReflectionHelper(  763): java.lang.NoSuchFieldException: mOnFocusChangeListener
V/ReflectionHelper(  763): android.widget.ListView > mOnFocusChangeListener NOT FOUND
V/nicola  (  763): TextualID : null
V/nicola  (  763): ContentType detected : default
V/nicola  (  763): TextualID : null
V/nicola  (  763): ContentType detected : default
V/nicola  (  763): TextualID : null
V/nicola  (  763): ContentType detected : default
I/nofatclips(  763): Performing comparation for activity PreferencesActivity
D/nofatclips(  763): Comparing against activity PreferencesActivity
D/nofatclips(  763): Comparing against activity Tomdroid
D/nofatclips(  763): Comparing against activity PreferencesActivity
D/nofatclips(  763): Comparing against activity PreferencesActivity
D/nofatclips(  763): Comparing against activity Tomdroid
D/nofatclips(  763): Comparing against activity Tomdroid
D/nofatclips(  763): Comparing against activity Tomdroid
D/nofatclips(  763): Comparing against activity PreferencesActivity
D/nofatclips(  763): Comparing against activity PreferencesActivity
D/nofatclips(  763): Comparing against activity Tomdroid
D/nofatclips(  763): Comparing against activity PreferencesActivity
D/nofatclips(  763): Comparing against activity Tomdroid
D/nofatclips(  763): Comparing against activity PreferencesActivity
D/nofatclips(  763): Comparing against activity Tomdroid
D/nofatclips(  763): Comparing against activity Tomdroid
D/nofatclips(  763): Comparing against activity Tomdroid
D/nofatclips(  763): Comparing against activity PreferencesActivity
D/nofatclips(  763): Comparing against activity Tomdroid
D/nofatclips(  763): Comparing against activity PreferencesActivity
D/nofatclips(  763): Comparing against activity PreferencesActivity
D/nofatclips(  763): Comparing against activity Tomdroid
D/nofatclips(  763): Comparing against activity Tomdroid
D/nofatclips(  763): Comparing against activity PreferencesActivity
D/nofatclips(  763): Comparing against activity PreferencesActivity
D/nofatclips(  763): Comparing against activity Tomdroid
I/nofatclips(  763): Registering activity PreferencesActivity (id: a26) as a new found state
D/nofatclips(  763): Performing backup of the old activity list on disk
D/nofatclips(  763): Saving new found state 'a26' on disk
V/nofatclips(  763): Opening state file in append mode.
D/dalvikvm(  763): GC_FOR_ALLOC freed 612K, 28% free 8314K/11399K, paused 182ms, total 188ms
I/Choreographer(  763): Skipped 171 frames!  The application may be doing too much work on its main thread.
D/dalvikvm(  763): GC_FOR_ALLOC freed 15K, 22% free 8904K/11399K, paused 160ms, total 162ms
D/dalvikvm(  763): GC_FOR_ALLOC freed 1K, 17% free 9503K/11399K, paused 188ms, total 188ms
I/dalvikvm-heap(  763): Grow heap (frag case) to 9.912MB for 614416-byte allocation
D/dalvikvm(  763): GC_FOR_ALLOC freed 0K, 17% free 10103K/12039K, paused 150ms, total 150ms
I/nofatclips(  763): Saved image on disk: a26.jpg
I/nofatclips(  763): Waiting for 100 msec.
I/nofatclips(  763): Session count is 1. Will dump to disk at 1
I/nofatclips(  763): Saving the session on disk.
I/nofatclips(  763): Planning for new Activity PreferencesActivity
D/nofatclips(  763): Handling event selectListItem for items [1,22] on preferenceList #16908298 count=22
D/dalvikvm(  763): GC_CONCURRENT freed 3083K, 31% free 8396K/12039K, paused 17ms+10ms, total 300ms
D/dalvikvm(  763): WAIT_FOR_CONCURRENT_GC blocked 52ms
D/dalvikvm(  763): WAIT_FOR_CONCURRENT_GC blocked 77ms
I/nofatclips(  763): Created trace to press the back button
I/nofatclips(  763): Created trace to press the menu button
I/nofatclips(  763): Created trace to change orientation
D/dalvikvm(  763): GC_CONCURRENT freed 749K, 30% free 8455K/12039K, paused 17ms+11ms, total 218ms
D/dalvikvm(  763): WAIT_FOR_CONCURRENT_GC blocked 88ms
D/dalvikvm(  763): WAIT_FOR_CONCURRENT_GC blocked 92ms
D/dalvikvm(  763): GC_CONCURRENT freed 753K, 30% free 8528K/12039K, paused 17ms+12ms, total 193ms
D/dalvikvm(  763): WAIT_FOR_CONCURRENT_GC blocked 66ms
D/dalvikvm(  763): WAIT_FOR_CONCURRENT_GC blocked 97ms
D/dalvikvm(  763): GC_CONCURRENT freed 855K, 30% free 8524K/12039K, paused 17ms+14ms, total 198ms
D/dalvikvm(  763): WAIT_FOR_CONCURRENT_GC blocked 66ms
D/dalvikvm(  763): WAIT_FOR_CONCURRENT_GC blocked 102ms
D/dalvikvm(  763): GC_CONCURRENT freed 862K, 30% free 8512K/12039K, paused 17ms+11ms, total 209ms
D/dalvikvm(  763): WAIT_FOR_CONCURRENT_GC blocked 81ms
D/dalvikvm(  763): WAIT_FOR_CONCURRENT_GC blocked 115ms
D/dalvikvm(  763): GC_CONCURRENT freed 858K, 30% free 8498K/12039K, paused 17ms+11ms, total 203ms
D/dalvikvm(  763): WAIT_FOR_CONCURRENT_GC blocked 65ms
D/dalvikvm(  763): WAIT_FOR_CONCURRENT_GC blocked 96ms
D/dalvikvm(  763): GC_CONCURRENT freed 858K, 30% free 8482K/12039K, paused 18ms+12ms, total 227ms
D/dalvikvm(  763): WAIT_FOR_CONCURRENT_GC blocked 107ms
D/dalvikvm(  763): WAIT_FOR_CONCURRENT_GC blocked 113ms
I/nofatclips(  763): Check for termination: 0 steps left of 25
I/nofatclips(  763): Saving the session on disk. This is the last batch. The session will be terminated.
D/nofatclips(  763): Task list is empty. Deleting file from disk.
D/nofatclips(  763): Task list is empty: no resume needed. Deleting parameters and activity list from disk.
W/WindowManager(  149): Failure taking screenshot for (164x246) to layer 21015
I/InputReader(  149): Reconfiguring input devices.  changes=0x00000004
I/InputReader(  149): Device reconfigured: id=0, name='qwerty2', surface size is now 320x480, mode is 1
W/SurfaceFlinger(   36): createScreenshotSurface failed (Function not implemented)
I/ActivityManager(  149): Config changed: {1.0 310mcc260mnc en_US sw320dp w480dp h295dp nrml land finger qwerty/v/v tball/v s.10}
D/dalvikvm(  763): WAIT_FOR_CONCURRENT_GC blocked 0ms
I/Choreographer(  763): Skipped 30 frames!  The application may be doing too much work on its main thread.
I/InputReader(  149): Reconfiguring input devices.  changes=0x00000004
I/InputReader(  149): Device reconfigured: id=0, name='qwerty2', surface size is now 320x480, mode is 1
