D/dalvikvm(  763): GC_FOR_ALLOC freed 6K, 24% free 7770K/10119K, paused 145ms, total 145ms
D/dalvikvm(  763): GC_CONCURRENT freed <1K, 24% free 7770K/10119K, paused 38ms+15ms, total 178ms
D/dalvikvm(  763): WAIT_FOR_CONCURRENT_GC blocked 135ms
D/dalvikvm(  763): GC_FOR_ALLOC freed 0K, 24% free 7770K/10119K, paused 248ms, total 248ms
I/dalvikvm-heap(  763): Grow heap (frag case) to 8.220MB for 614416-byte allocation
D/dalvikvm(  763): GC_CONCURRENT freed 0K, 18% free 8370K/10119K, paused 31ms+12ms, total 151ms
D/dalvikvm(  763): WAIT_FOR_CONCURRENT_GC blocked 111ms
I/nofatclips(  763): Saved image on disk: a11.jpg
I/nofatclips(  763): Waiting for 100 msec.
I/nofatclips(  763): Session count is 1. Will dump to disk at 1
I/nofatclips(  763): Saving the session on disk.
I/nofatclips(  763): Planning for new Activity Tomdroid
I/nofatclips(  763): Created trace to press the back button
I/nofatclips(  763): Created trace to press the menu button
I/nofatclips(  763): Created trace to change orientation
I/nofatclips(  763): Check for termination: 15 steps left of 25
I/nofatclips(  763): Dispatching new task. 10 more tasks remaining.
D/nofatclips(  763): Performing backup of the old task list on disk
D/nofatclips(  763): Saving task list on disk
V/nofatclips(  763): Backing up trace #52 to disk.
V/nofatclips(  763): Backing up trace #53 to disk.
V/nofatclips(  763): Backing up trace #54 to disk.
V/nofatclips(  763): Backing up trace #55 to disk.
D/dalvikvm(  763): GC_CONCURRENT freed 1889K, 29% free 7278K/10119K, paused 21ms+11ms, total 221ms
D/dalvikvm(  763): WAIT_FOR_CONCURRENT_GC blocked 88ms
V/nofatclips(  763): Backing up trace #56 to disk.
V/nofatclips(  763): Backing up trace #57 to disk.
V/nofatclips(  763): Backing up trace #58 to disk.
V/nofatclips(  763): Backing up trace #59 to disk.
V/nofatclips(  763): Backing up trace #61 to disk.
V/nofatclips(  763): Backing up trace #62 to disk.
D/dalvikvm(  763): GC_CONCURRENT freed 507K, 29% free 7279K/10119K, paused 19ms+8ms, total 194ms
D/dalvikvm(  763): WAIT_FOR_CONCURRENT_GC blocked 66ms
D/nofatclips(  763): Deleting backup of the old task list from disk
D/nofatclips(  763): Deleting backup of the old activity list from disk
I/nofatclips(  763): Incrementally Playing Trace 62
I/nofatclips(  763): Retrieved from return list id=-1
D/nofatclips(  763): Testing for type (android.widget.LinearLayout) against the original (null)
I/nofatclips(  763): Firing event: type= changeOrientation name= widget=null
W/SurfaceFlinger(   36): createScreenshotSurface failed (Function not implemented)
I/InputReader(  149): Reconfiguring input devices.  changes=0x00000004
I/InputReader(  149): Device reconfigured: id=0, name='qwerty2', surface size is now 320x480, mode is 1
I/ActivityManager(  149): Config changed: {1.0 310mcc260mnc en_US sw320dp w480dp h295dp nrml land finger qwerty/v/v tball/v s.8}
I/nofatclips(  763): Waiting for 100 msec.
I/Choreographer(  763): Skipped 191 frames!  The application may be doing too much work on its main thread.
I/nofatclips(  763): Current activity is ui.Tomdroid
I/nofatclips(  763): Retrieving widgets
D/nofatclips(  763): Found widget: id=-1 (android.widget.LinearLayout@4104fb30)
D/nofatclips(  763): Found widget: id=16909081 (com.android.internal.widget.ActionBarContainer@41016268)
D/nofatclips(  763): Found widget: id=16909082 (com.android.internal.widget.ActionBarView@41017f98)
D/nofatclips(  763): Found widget: id=-1 (com.android.internal.widget.ActionBarView$HomeView@4100b3f0)
D/nofatclips(  763): Found widget: id=16908859 (android.widget.ImageView@4100b060)
D/nofatclips(  763): Found widget: id=16908332 (android.widget.ImageView@4100b7e8)
D/nofatclips(  763): Found widget: id=-1 (com.android.internal.view.menu.ActionMenuView@41041ae0)
D/nofatclips(  763): Found widget: id=2131099700 (com.android.internal.view.menu.ActionMenuItemView@4103e7f0): 
D/nofatclips(  763): Found widget: id=2131099697 (com.android.internal.view.menu.ActionMenuItemView@41040938): 
D/nofatclips(  763): Found widget: id=2131099698 (com.android.internal.view.menu.ActionMenuItemView@410654c0): 
D/nofatclips(  763): Found widget: id=-1 (android.widget.LinearLayout@411bf130)
D/nofatclips(  763): Found widget: id=16908859 (android.widget.ImageView@410a4e88)
D/nofatclips(  763): Found widget: id=-1 (android.widget.LinearLayout@410838c8)
D/nofatclips(  763): Found widget: id=16908866 (android.widget.TextView@410e5f70): Tomdroid
D/nofatclips(  763): Found widget: id=16908867 (android.widget.TextView@4113d158): 
W/WindowManager(  149): Window freeze timeout expired.
W/WindowManager(  149): Force clearing orientation change: Window{411721c8 StatusBar paused=false}
W/WindowManager(  149): Force clearing orientation change: Window{41a28148 com.android.systemui.ImageWallpaper paused=false}
I/Choreographer(  249): Skipped 300 frames!  The application may be doing too much work on its main thread.
D/nofatclips(  763): Found widget: id=16909083 (com.android.internal.widget.ActionBarContextView@41033110)
D/nofatclips(  763): Found widget: id=16908290 (android.widget.FrameLayout@410360f0)
D/nofatclips(  763): Found widget: id=-1 (android.widget.LinearLayout@4118f800)
D/nofatclips(  763): Found widget: id=16908298 (android.widget.ListView@410ac498)
D/nofatclips(  763): Found widget: id=2131099658 (android.widget.TextView@410a0998): There are no notes in Tomdroid's database.
D/nofatclips(  763): Found widget: id=16909084 (com.android.internal.widget.ActionBarContainer@41036c68)
D/nofatclips(  763): Found widget: id=-1 (com.android.internal.policy.impl.PhoneWindow$DecorView@4103d2c0)
V/nicola  (  763): TextualID : menuSearch
V/nicola  (  763): ContentType detected : default
V/nicola  (  763): TextualID : menuNew
V/nicola  (  763): ContentType detected : default
V/nicola  (  763): TextualID : menuSync
V/nicola  (  763): ContentType detected : default
I/Choreographer(  149): Skipped 38 frames!  The application may be doing too much work on its main thread.
V/nicola  (  763): TextualID : null
V/nicola  (  763): ContentType detected : default
V/nicola  (  763): TextualID : list_empty
V/nicola  (  763): ContentType detected : default
I/nofatclips(  763): Performing comparation for activity Tomdroid
D/nofatclips(  763): Comparing against activity Tomdroid
D/nofatclips(  763): Comparing against activity Tomdroid
D/nofatclips(  763): Comparing against activity Tomdroid
D/nofatclips(  763): Comparing against activity Tomdroid
D/nofatclips(  763): Comparing against activity Tomdroid
D/nofatclips(  763): Comparing against activity Tomdroid
D/nofatclips(  763): Comparing against activity Tomdroid
D/nofatclips(  763): Comparing against activity Tomdroid
D/nofatclips(  763): Comparing against activity Tomdroid
D/nofatclips(  763): Comparing against activity Tomdroid
D/nofatclips(  763): Comparing against activity Tomdroid
I/nofatclips(  763): Registering activity Tomdroid (id: a12) as a new found state
D/nofatclips(  763): Performing backup of the old activity list on disk
D/nofatclips(  763): Saving new found state 'a12' on disk
V/nofatclips(  763): Opening state file in append mode.
I/Choreographer(  149): Skipped 43 frames!  The application may be doing too much work on its main thread.
D/dalvikvm(  763): GC_CONCURRENT freed 458K, 29% free 7216K/10119K, paused 43ms+10ms, total 642ms
D/dalvikvm(  763): WAIT_FOR_CONCURRENT_GC blocked 618ms
D/dalvikvm(  763): GC_FOR_ALLOC freed 19K, 29% free 7197K/10119K, paused 95ms, total 95ms
I/dalvikvm-heap(  763): Grow heap (frag case) to 7.660MB for 614416-byte allocation
D/dalvikvm(  763): GC_CONCURRENT freed 0K, 23% free 7797K/10119K, paused 19ms+13ms, total 107ms
D/dalvikvm(  763): WAIT_FOR_CONCURRENT_GC blocked 89ms
D/dalvikvm(  763): GC_CONCURRENT freed 600K, 23% free 7797K/10119K, paused 20ms+11ms, total 120ms
D/dalvikvm(  763): WAIT_FOR_CONCURRENT_GC blocked 84ms
I/nofatclips(  763): Saved image on disk: a12.jpg
I/nofatclips(  763): Waiting for 100 msec.
I/nofatclips(  763): Session count is 1. Will dump to disk at 1
I/nofatclips(  763): Saving the session on disk.
I/nofatclips(  763): Planning for new Activity Tomdroid
I/nofatclips(  763): Created trace to press the back button
I/nofatclips(  763): Created trace to press the menu button
D/dalvikvm(  149): WAIT_FOR_CONCURRENT_GC blocked 0ms
I/nofatclips(  763): Created trace to change orientation
I/nofatclips(  763): Check for termination: 14 steps left of 25
I/nofatclips(  763): Dispatching new task. 10 more tasks remaining.
D/nofatclips(  763): Performing backup of the old task list on disk
D/nofatclips(  763): Saving task list on disk
V/nofatclips(  763): Backing up trace #53 to disk.
V/nofatclips(  763): Backing up trace #54 to disk.
D/dalvikvm(  149): GC_EXPLICIT freed 38K, 51% free 8350K/16903K, paused 12ms+31ms, total 421ms
D/dalvikvm(  763): GC_CONCURRENT freed 1128K, 29% free 7273K/10119K, paused 17ms+7ms, total 219ms
D/dalvikvm(  763): WAIT_FOR_CONCURRENT_GC blocked 88ms
V/nofatclips(  763): Backing up trace #55 to disk.
V/nofatclips(  763): Backing up trace #56 to disk.
V/nofatclips(  763): Backing up trace #57 to disk.
V/nofatclips(  763): Backing up trace #58 to disk.
V/nofatclips(  763): Backing up trace #59 to disk.
V/nofatclips(  763): Backing up trace #61 to disk.
D/dalvikvm(  763): GC_CONCURRENT freed 474K, 28% free 7306K/10119K, paused 16ms+9ms, total 147ms
D/dalvikvm(  763): WAIT_FOR_CONCURRENT_GC blocked 54ms
V/nofatclips(  763): Backing up trace #63 to disk.
V/nofatclips(  763): Backing up trace #64 to disk.
D/nofatclips(  763): Deleting backup of the old task list from disk
D/nofatclips(  763): Deleting backup of the old activity list from disk
I/nofatclips(  763): Incrementally Playing Trace 64
I/nofatclips(  763): Retrieved from return list id=-1
D/nofatclips(  763): Testing for type (android.widget.LinearLayout) against the original (null)
I/nofatclips(  763): Firing event: type= openMenu name= widget=null
I/Choreographer(  763): Skipped 44 frames!  The application may be doing too much work on its main thread.
I/nofatclips(  763): Waiting for 100 msec.
D/dalvikvm(  763): GC_CONCURRENT freed 498K, 29% free 7221K/10119K, paused 84ms+160ms, total 927ms
I/Choreographer(  763): Skipped 623 frames!  The application may be doing too much work on its main thread.
I/Choreographer(  763): Skipped 52 frames!  The application may be doing too much work on its main thread.
I/nofatclips(  763): Current activity is ui.Tomdroid
I/nofatclips(  763): Retrieving widgets
D/nofatclips(  763): Found widget: id=16908916 (com.android.internal.view.menu.ExpandedMenuView@41207be8)
D/nofatclips(  763): Found widget: id=-1 (com.android.internal.view.menu.ListMenuItemView@411eb4c0)
D/nofatclips(  763): Found widget: id=-1 (android.widget.RelativeLayout@4101fd68)
D/nofatclips(  763): Found widget: id=16908310 (android.widget.TextView@41034c48): Sort by Title
D/nofatclips(  763): Found widget: id=16909010 (android.widget.TextView@4108a868): 
D/nofatclips(  763): Found widget: id=-1 (com.android.internal.view.menu.ListMenuItemView@40ff8ee0)
D/nofatclips(  763): Found widget: id=-1 (android.widget.RelativeLayout@41061860)
D/nofatclips(  763): Found widget: id=16908310 (android.widget.TextView@41011100): Import Note
D/nofatclips(  763): Found widget: id=16909010 (android.widget.TextView@411f02b8): 
D/nofatclips(  763): Found widget: id=-1 (com.android.internal.view.menu.ListMenuItemView@41001f28)
D/nofatclips(  763): Found widget: id=-1 (android.widget.RelativeLayout@41067f20)
D/nofatclips(  763): Found widget: id=16908310 (android.widget.TextView@4106cd40): Revert All
D/nofatclips(  763): Found widget: id=16909010 (android.widget.TextView@411eccf0): 
D/nofatclips(  763): Found widget: id=-1 (com.android.internal.view.menu.ListMenuItemView@41015b90)
D/nofatclips(  763): Found widget: id=-1 (android.widget.RelativeLayout@41068220)
D/nofatclips(  763): Found widget: id=16908310 (android.widget.TextView@411ee5c8): About
D/nofatclips(  763): Found widget: id=16909010 (android.widget.TextView@41060328): 
D/nofatclips(  763): Found widget: id=-1 (com.android.internal.view.menu.ListMenuItemView@4101a3b0)
D/nofatclips(  763): Found widget: id=-1 (android.widget.RelativeLayout@4106a578)
D/nofatclips(  763): Found widget: id=16908310 (android.widget.TextView@4108b280): Settings
D/nofatclips(  763): Found widget: id=16909010 (android.widget.TextView@410613d0): 
D/nofatclips(  763): Found widget: id=-1 (com.android.internal.policy.impl.PhoneWindow$DecorView@41027c00)
E/ReflectionHelper(  763): java.lang.NoSuchFieldException: mOnFocusChangeListener
V/ReflectionHelper(  763): com.android.internal.view.menu.ExpandedMenuView > mOnFocusChangeListener NOT FOUND
V/nicola  (  763): TextualID : null
V/nicola  (  763): ContentType detected : default
V/nicola  (  763): TextualID : null
V/nicola  (  763): ContentType detected : default
V/nicola  (  763): TextualID : null
V/nicola  (  763): ContentType detected : default
V/nicola  (  763): TextualID : null
V/nicola  (  763): ContentType detected : default
V/nicola  (  763): TextualID : null
V/nicola  (  763): ContentType detected : default
I/nofatclips(  763): Performing comparation for activity Tomdroid
D/nofatclips(  763): Comparing against activity Tomdroid
D/nofatclips(  763): Comparing against activity Tomdroid
D/nofatclips(  763): Comparing against activity Tomdroid
D/nofatclips(  763): Comparing against activity Tomdroid
D/nofatclips(  763): Comparing against activity Tomdroid
D/nofatclips(  763): Comparing against activity Tomdroid
D/nofatclips(  763): Comparing against activity Tomdroid
D/nofatclips(  763): Comparing against activity Tomdroid
D/nofatclips(  763): Comparing against activity Tomdroid
D/nofatclips(  763): Comparing against activity Tomdroid
D/nofatclips(  763): Comparing against activity Tomdroid
D/nofatclips(  763): Comparing against activity Tomdroid
I/nofatclips(  763): Registering activity Tomdroid (id: a13) as a new found state
D/nofatclips(  763): Performing backup of the old activity list on disk
D/nofatclips(  763): Saving new found state 'a13' on disk
V/nofatclips(  763): Opening state file in append mode.
D/dalvikvm(  763): GC_CONCURRENT freed 199K, 27% free 7462K/10119K, paused 21ms+15ms, total 175ms
D/dalvikvm(  763): WAIT_FOR_CONCURRENT_GC blocked 108ms
I/nofatclips(  763): Saved image on disk: a13.jpg
I/nofatclips(  763): Waiting for 100 msec.
I/nofatclips(  763): Session count is 1. Will dump to disk at 1
I/nofatclips(  763): Saving the session on disk.
I/nofatclips(  763): Planning for new Activity Tomdroid
D/nofatclips(  763): Handling event selectListItem for items [1,5] on listView #16908916 count=5
D/nofatclips(  763): Handling event longClickListItem for items [1,5] on listView #16908916 count=5
D/dalvikvm(  763): GC_CONCURRENT freed 668K, 28% free 7305K/10119K, paused 20ms+16ms, total 343ms
D/dalvikvm(  763): WAIT_FOR_CONCURRENT_GC blocked 92ms
I/nofatclips(  763): Created trace to press the back button
I/nofatclips(  763): Created trace to press the menu button
I/nofatclips(  763): Created trace to change orientation
D/dalvikvm(  763): GC_CONCURRENT freed 505K, 28% free 7311K/10119K, paused 17ms+11ms, total 235ms
D/dalvikvm(  763): WAIT_FOR_CONCURRENT_GC blocked 57ms
D/dalvikvm(  763): GC_CONCURRENT freed 493K, 28% free 7329K/10119K, paused 16ms+11ms, total 173ms
D/dalvikvm(  763): WAIT_FOR_CONCURRENT_GC blocked 49ms
D/dalvikvm(  763): GC_CONCURRENT freed 495K, 28% free 7346K/10119K, paused 16ms+13ms, total 191ms
D/dalvikvm(  763): WAIT_FOR_CONCURRENT_GC blocked 62ms
I/nofatclips(  763): Check for termination: 13 steps left of 25
I/nofatclips(  763): Dispatching new task. 10 more tasks remaining.
D/nofatclips(  763): Performing backup of the old task list on disk
D/nofatclips(  763): Saving task list on disk
V/nofatclips(  763): Backing up trace #67 to disk.
V/nofatclips(  763): Backing up trace #68 to disk.
V/nofatclips(  763): Backing up trace #69 to disk.
V/nofatclips(  763): Backing up trace #70 to disk.
D/dalvikvm(  763): GC_CONCURRENT freed 434K, 27% free 7419K/10119K, paused 17ms+7ms, total 139ms
D/dalvikvm(  763): WAIT_FOR_CONCURRENT_GC blocked 70ms
V/nofatclips(  763): Backing up trace #71 to disk.
V/nofatclips(  763): Backing up trace #72 to disk.
V/nofatclips(  763): Backing up trace #73 to disk.
V/nofatclips(  763): Backing up trace #74 to disk.
D/dalvikvm(  763): GC_CONCURRENT freed 492K, 27% free 7433K/10119K, paused 19ms+8ms, total 141ms
D/dalvikvm(  763): WAIT_FOR_CONCURRENT_GC blocked 47ms
V/nofatclips(  763): Backing up trace #75 to disk.
V/nofatclips(  763): Backing up trace #76 to disk.
D/nofatclips(  763): Deleting backup of the old task list from disk
D/nofatclips(  763): Deleting backup of the old activity list from disk
I/nofatclips(  763): Incrementally Playing Trace 76
I/nofatclips(  763): Retrieved from return list id=16908916
D/nofatclips(  763): Testing for type (com.android.internal.view.menu.ExpandedMenuView) against the original (com.android.internal.view.menu.ExpandedMenuView)
D/nofatclips(  763): Testing for name () against the original ()
I/nofatclips(  763): Firing event: type= longClickListItem index=0 widget=com.android.internal.view.menu.ExpandedMenuView
I/nofatclips(  763): Swapping to listview item 5
I/Choreographer(  763): Skipped 83 frames!  The application may be doing too much work on its main thread.
I/Choreographer(  249): Skipped 57 frames!  The application may be doing too much work on its main thread.
I/Choreographer(  249): Skipped 62 frames!  The application may be doing too much work on its main thread.
I/Choreographer(  249): Skipped 41 frames!  The application may be doing too much work on its main thread.
I/Choreographer(  763): Skipped 30 frames!  The application may be doing too much work on its main thread.
D/nofatclips(  763): Event description: Settings
I/Choreographer(  763): Skipped 60 frames!  The application may be doing too much work on its main thread.
I/ActivityManager(  149): START {cmp=org.tomdroid/.ui.PreferencesActivity u=0} from pid 763
W/WindowManager(  149): Failure taking screenshot for (157x235) to layer 21015
I/InputReader(  149): Reconfiguring input devices.  changes=0x00000004
I/InputReader(  149): Device reconfigured: id=0, name='qwerty2', surface size is now 320x480, mode is 1
W/SurfaceFlinger(   36): createScreenshotSurface failed (Function not implemented)
I/ActivityManager(  149): Config changed: {1.0 310mcc260mnc en_US sw320dp w320dp h455dp nrml port finger qwerty/v/v tball/v s.9}
I/nofatclips(  763): Waiting for 100 msec.
I/Choreographer(  249): Skipped 90 frames!  The application may be doing too much work on its main thread.
D/dalvikvm(  763): GC_CONCURRENT freed 467K, 27% free 7402K/10119K, paused 74ms+56ms, total 618ms
I/Choreographer(  763): Skipped 767 frames!  The application may be doing too much work on its main thread.
I/Choreographer(  763): Skipped 65 frames!  The application may be doing too much work on its main thread.
I/ActivityManager(  149): Displayed org.tomdroid/.ui.PreferencesActivity: +3s67ms
I/Choreographer(  149): Skipped 59 frames!  The application may be doing too much work on its main thread.
I/Choreographer(  763): Skipped 73 frames!  The application may be doing too much work on its main thread.
I/nofatclips(  763): Current activity is ui.PreferencesActivity
I/nofatclips(  763): Retrieving widgets
D/nofatclips(  763): Found widget: id=-1 (android.widget.LinearLayout@4100fb98)
D/nofatclips(  763): Found widget: id=16909081 (com.android.internal.widget.ActionBarContainer@410c6be0)
D/nofatclips(  763): Found widget: id=16909082 (com.android.internal.widget.ActionBarView@410b9b88)
D/nofatclips(  763): Found widget: id=-1 (android.widget.LinearLayout@4113c210)
D/nofatclips(  763): Found widget: id=16908859 (android.widget.ImageView@410e08d0)
D/nofatclips(  763): Found widget: id=-1 (android.widget.LinearLayout@4113e0e0)
D/nofatclips(  763): Found widget: id=16908866 (android.widget.TextView@410b60c8): Tomdroid - Settings
D/nofatclips(  763): Found widget: id=16908867 (android.widget.TextView@411ab020): 
D/nofatclips(  763): Found widget: id=-1 (com.android.internal.widget.ActionBarView$HomeView@4107aeb8)
D/nofatclips(  763): Found widget: id=16908859 (android.widget.ImageView@410b4c80)
D/nofatclips(  763): Found widget: id=16908332 (android.widget.ImageView@410d27b0)
D/nofatclips(  763): Found widget: id=-1 (com.android.internal.view.menu.ActionMenuView@411b45a0)
D/nofatclips(  763): Found widget: id=16909083 (com.android.internal.widget.ActionBarContextView@410fc638)
D/nofatclips(  763): Found widget: id=16908290 (android.widget.FrameLayout@41017228)
D/nofatclips(  763): Found widget: id=-1 (android.widget.LinearLayout@410b1d00)
D/nofatclips(  763): Found widget: id=-1 (android.widget.LinearLayout@410bc490)
D/nofatclips(  763): Found widget: id=16909056 (android.widget.LinearLayout@410bd3d8)
D/nofatclips(  763): Found widget: id=16908298 (android.widget.ListView@410d8468)
D/nofatclips(  763): Found widget: id=16908310 (android.widget.TextView@410f6658): Display Preferences
D/nofatclips(  763): Found widget: id=-1 (android.widget.LinearLayout@411399d8)
D/nofatclips(  763): Found widget: id=-1 (android.widget.LinearLayout@41185b38)
D/nofatclips(  763): Found widget: id=16908294 (android.widget.ImageView@411238e0)
D/nofatclips(  763): Found widget: id=-1 (android.widget.RelativeLayout@411cb7d0)
D/nofatclips(  763): Found widget: id=16908310 (android.widget.TextView@411b96b8): Base Font Size
D/nofatclips(  763): Found widget: id=16908304 (android.widget.TextView@41140f28): 18
D/nofatclips(  763): Found widget: id=16908312 (android.widget.LinearLayout@41188e08)
D/nofatclips(  763): Found widget: id=-1 (android.widget.LinearLayout@410ffb40)
D/nofatclips(  763): Found widget: id=-1 (android.widget.LinearLayout@41209d60)
D/nofatclips(  763): Found widget: id=16908294 (android.widget.ImageView@41138c80)
D/nofatclips(  763): Found widget: id=-1 (android.widget.RelativeLayout@41181f08)
D/nofatclips(  763): Found widget: id=16908310 (android.widget.TextView@410a2170): Show Note Templates
D/nofatclips(  763): Found widget: id=16908304 (android.widget.TextView@4111c5c8): If checked, will show note templates in notes list.
D/nofatclips(  763): Found widget: id=16908312 (android.widget.LinearLayout@4119c598)
D/nofatclips(  763): Found widget: id=16908289 (android.widget.CheckBox@411b0d48): 
D/nofatclips(  763): Found widget: id=-1 (android.widget.LinearLayout@411d1cb8)
D/nofatclips(  763): Found widget: id=-1 (android.widget.LinearLayout@411f5638)
D/nofatclips(  763): Found widget: id=16908294 (android.widget.ImageView@4113b128)
D/nofatclips(  763): Found widget: id=-1 (android.widget.RelativeLayout@41137b40)
D/nofatclips(  763): Found widget: id=16908310 (android.widget.TextView@410dce70): Show Deleted Notes
D/nofatclips(  763): Found widget: id=16908304 (android.widget.TextView@41029ee8): If checked, will show deleted notes in notes list.
D/nofatclips(  763): Found widget: id=16908312 (android.widget.LinearLayout@41074558)
D/nofatclips(  763): Found widget: id=16908289 (android.widget.CheckBox@410f1978): 
D/nofatclips(  763): Found widget: id=-1 (android.widget.LinearLayout@41140a40)
D/nofatclips(  763): Found widget: id=-1 (android.widget.LinearLayout@411b1aa0)
D/nofatclips(  763): Found widget: id=16908294 (android.widget.ImageView@411a20a0)
D/nofatclips(  763): Found widget: id=-1 (android.widget.RelativeLayout@41197180)
D/nofatclips(  763): Found widget: id=16908310 (android.widget.TextView@41129e80): Default Sort Method
D/nofatclips(  763): Found widget: id=16908304 (android.widget.TextView@4113c7d8): Sort by Date
D/nofatclips(  763): Found widget: id=16908312 (android.widget.LinearLayout@410dbd50)
D/nofatclips(  763): Found widget: id=16908310 (android.widget.TextView@41128750): Synchronization
D/nofatclips(  763): Found widget: id=-1 (android.widget.LinearLayout@411f8de0)
D/nofatclips(  763): Found widget: id=-1 (android.widget.LinearLayout@410a73c0)
D/nofatclips(  763): Found widget: id=16908294 (android.widget.ImageView@411c8318)
D/nofatclips(  763): Found widget: id=-1 (android.widget.RelativeLayout@410ab580)
D/nofatclips(  763): Found widget: id=16908310 (android.widget.TextView@411ce228): Service
D/nofatclips(  763): Found widget: id=16908304 (android.widget.TextView@412071b8): SD Card
D/nofatclips(  763): Found widget: id=16908312 (android.widget.LinearLayout@411400b8)
D/nofatclips(  763): Found widget: id=16909057 (android.widget.FrameLayout@411dd238)
D/nofatclips(  763): Found widget: id=16908909 (android.widget.RelativeLayout@41072f40)
D/nofatclips(  763): Found widget: id=16909060 (android.widget.Button@411f9180): Back
D/nofatclips(  763): Found widget: id=-1 (android.widget.LinearLayout@410be320)
D/nofatclips(  763): Found widget: id=16909061 (android.widget.Button@411abaf8): Skip
D/nofatclips(  763): Found widget: id=16909062 (android.widget.Button@410c4c00): Next
D/nofatclips(  763): Found widget: id=16909084 (com.android.internal.widget.ActionBarContainer@410ec9e8)
D/nofatclips(  763): Found widget: id=-1 (com.android.internal.policy.impl.PhoneWindow$DecorView@41078520)
V/nicola  (  763): TextualID : null
V/nicola  (  763): ContentType detected : default
E/ReflectionHelper(  763): java.lang.NoSuchFieldException: mOnFocusChangeListener
V/ReflectionHelper(  763): android.widget.ListView > mOnFocusChangeListener NOT FOUND
V/nicola  (  763): TextualID : null
V/nicola  (  763): ContentType detected : default
V/nicola  (  763): TextualID : null
V/nicola  (  763): ContentType detected : default
V/nicola  (  763): TextualID : null
V/nicola  (  763): ContentType detected : default
V/nicola  (  763): TextualID : null
V/nicola  (  763): ContentType detected : default
V/nicola  (  763): TextualID : null
V/nicola  (  763): ContentType detected : default
D/dalvikvm(  763): GC_CONCURRENT freed 419K, 26% free 7494K/10119K, paused 22ms+10ms, total 323ms
D/dalvikvm(  763): WAIT_FOR_CONCURRENT_GC blocked 54ms
D/dalvikvm(  763): WAIT_FOR_CONCURRENT_GC blocked 57ms
D/dalvikvm(  763): WAIT_FOR_CONCURRENT_GC blocked 85ms
V/nicola  (  763): TextualID : null
V/nicola  (  763): ContentType detected : default
V/nicola  (  763): TextualID : null
V/nicola  (  763): ContentType detected : default
V/nicola  (  763): TextualID : null
V/nicola  (  763): ContentType detected : default
V/nicola  (  763): TextualID : null
V/nicola  (  763): ContentType detected : default
V/nicola  (  763): TextualID : null
V/nicola  (  763): ContentType detected : default
V/nicola  (  763): TextualID : null
V/nicola  (  763): ContentType detected : default
V/nicola  (  763): TextualID : null
V/nicola  (  763): ContentType detected : default
V/nicola  (  763): TextualID : null
V/nicola  (  763): ContentType detected : default
V/nicola  (  763): TextualID : null
V/nicola  (  763): ContentType detected : default
I/nofatclips(  763): Performing comparation for activity PreferencesActivity
D/nofatclips(  763): Comparing against activity Tomdroid
D/nofatclips(  763): Comparing against activity Tomdroid
D/nofatclips(  763): Comparing against activity Tomdroid
D/nofatclips(  763): Comparing against activity Tomdroid
D/nofatclips(  763): Comparing against activity Tomdroid
D/nofatclips(  763): Comparing against activity Tomdroid
D/nofatclips(  763): Comparing against activity Tomdroid
D/nofatclips(  763): Comparing against activity Tomdroid
D/nofatclips(  763): Comparing against activity Tomdroid
D/nofatclips(  763): Comparing against activity Tomdroid
D/nofatclips(  763): Comparing against activity Tomdroid
D/nofatclips(  763): Comparing against activity Tomdroid
D/nofatclips(  763): Comparing against activity Tomdroid
I/nofatclips(  763): Registering activity PreferencesActivity (id: a14) as a new found state
D/nofatclips(  763): Performing backup of the old activity list on disk
D/nofatclips(  763): Saving new found state 'a14' on disk
V/nofatclips(  763): Opening state file in append mode.
D/dalvikvm(  763): GC_FOR_ALLOC freed 298K, 26% free 7510K/10119K, paused 92ms, total 92ms
I/dalvikvm-heap(  763): Grow heap (frag case) to 7.965MB for 614416-byte allocation
D/dalvikvm(  763): GC_FOR_ALLOC freed <1K, 20% free 8109K/10119K, paused 76ms, total 76ms
D/dalvikvm(  149): WAIT_FOR_CONCURRENT_GC blocked 0ms
I/nofatclips(  763): Saved image on disk: a14.jpg
I/nofatclips(  763): Waiting for 100 msec.
D/dalvikvm(  149): GC_EXPLICIT freed 77K, 51% free 8354K/16903K, paused 12ms+25ms, total 285ms
D/dalvikvm(  763): GC_CONCURRENT freed 619K, 20% free 8137K/10119K, paused 32ms+20ms, total 409ms
I/nofatclips(  763): Session count is 1. Will dump to disk at 1
I/nofatclips(  763): Saving the session on disk.
I/nofatclips(  763): Planning for new Activity PreferencesActivity
D/nofatclips(  763): Handling event selectListItem for items [1,22] on preferenceList #16908298 count=22
D/dalvikvm(  763): GC_CONCURRENT freed 1237K, 25% free 7620K/10119K, paused 18ms+10ms, total 269ms
D/dalvikvm(  763): WAIT_FOR_CONCURRENT_GC blocked 40ms
D/dalvikvm(  763): GC_CONCURRENT freed 577K, 25% free 7592K/10119K, paused 17ms+8ms, total 264ms
D/dalvikvm(  763): WAIT_FOR_CONCURRENT_GC blocked 41ms
D/dalvikvm(  763): GC_CONCURRENT freed 506K, 25% free 7624K/10119K, paused 17ms+8ms, total 272ms
D/dalvikvm(  763): WAIT_FOR_CONCURRENT_GC blocked 34ms
D/dalvikvm(  763): WAIT_FOR_CONCURRENT_GC blocked 46ms
I/nofatclips(  763): Created trace to press the back button
I/nofatclips(  763): Created trace to press the menu button
D/dalvikvm(  763): GC_CONCURRENT freed 490K, 25% free 7685K/10119K, paused 17ms+9ms, total 291ms
D/dalvikvm(  763): WAIT_FOR_CONCURRENT_GC blocked 39ms
I/nofatclips(  763): Created trace to change orientation
D/dalvikvm(  763): GC_CONCURRENT freed 604K, 25% free 7651K/10119K, paused 17ms+8ms, total 166ms
D/dalvikvm(  763): WAIT_FOR_CONCURRENT_GC blocked 38ms
D/dalvikvm(  763): WAIT_FOR_CONCURRENT_GC blocked 59ms
D/dalvikvm(  763): GC_CONCURRENT freed 554K, 25% free 7656K/10119K, paused 17ms+9ms, total 181ms
D/dalvikvm(  763): WAIT_FOR_CONCURRENT_GC blocked 39ms
D/dalvikvm(  763): WAIT_FOR_CONCURRENT_GC blocked 76ms
D/dalvikvm(  763): GC_CONCURRENT freed 607K, 25% free 7608K/10119K, paused 16ms+10ms, total 179ms
D/dalvikvm(  763): WAIT_FOR_CONCURRENT_GC blocked 57ms
D/dalvikvm(  763): WAIT_FOR_CONCURRENT_GC blocked 62ms
D/dalvikvm(  763): GC_CONCURRENT freed 519K, 25% free 7633K/10119K, paused 16ms+11ms, total 167ms
D/dalvikvm(  763): WAIT_FOR_CONCURRENT_GC blocked 50ms
D/dalvikvm(  763): WAIT_FOR_CONCURRENT_GC blocked 66ms
I/nofatclips(  763): Check for termination: 12 steps left of 25
I/nofatclips(  763): Dispatching new task. 10 more tasks remaining.
D/nofatclips(  763): Performing backup of the old task list on disk
D/dalvikvm(  763): GC_CONCURRENT freed 607K, 26% free 7579K/10119K, paused 16ms+9ms, total 189ms
D/dalvikvm(  763): WAIT_FOR_CONCURRENT_GC blocked 72ms
D/nofatclips(  763): Saving task list on disk
V/nofatclips(  763): Backing up trace #92 to disk.
V/nofatclips(  763): Backing up trace #93 to disk.
V/nofatclips(  763): Backing up trace #94 to disk.
V/nofatclips(  763): Backing up trace #95 to disk.
D/dalvikvm(  763): GC_CONCURRENT freed 451K, 25% free 7657K/10119K, paused 16ms+9ms, total 134ms
D/dalvikvm(  763): WAIT_FOR_CONCURRENT_GC blocked 54ms
V/nofatclips(  763): Backing up trace #96 to disk.
V/nofatclips(  763): Backing up trace #97 to disk.
V/nofatclips(  763): Backing up trace #98 to disk.
I/dalvikvm(  763): Jit: resizing JitTable from 4096 to 8192
V/nofatclips(  763): Backing up trace #99 to disk.
V/nofatclips(  763): Backing up trace #100 to disk.
D/dalvikvm(  763): GC_CONCURRENT freed 559K, 25% free 7658K/10119K, paused 20ms+8ms, total 147ms
D/dalvikvm(  763): WAIT_FOR_CONCURRENT_GC blocked 26ms
D/dalvikvm(  763): WAIT_FOR_CONCURRENT_GC blocked 58ms
V/nofatclips(  763): Backing up trace #101 to disk.
D/nofatclips(  763): Deleting backup of the old task list from disk
D/nofatclips(  763): Deleting backup of the old activity list from disk
I/nofatclips(  763): Incrementally Playing Trace 101
I/nofatclips(  763): Retrieved from return list id=16908298
D/nofatclips(  763): Testing for type (android.widget.ListView) against the original (android.widget.ListView)
D/nofatclips(  763): Testing for name () against the original ()
I/nofatclips(  763): Firing event: type= selectListItem index=17 widget=android.widget.ListView
I/Choreographer(  763): Skipped 115 frames!  The application may be doing too much work on its main thread.
I/Choreographer(  763): Skipped 53 frames!  The application may be doing too much work on its main thread.
I/nofatclips(  763): Swapping to listview item 22
D/dalvikvm(  763): GC_CONCURRENT freed 493K, 25% free 7609K/10119K, paused 44ms+30ms, total 477ms
I/Choreographer(  763): Skipped 49 frames!  The application may be doing too much work on its main thread.
I/Choreographer(  763): Skipped 57 frames!  The application may be doing too much work on its main thread.
D/nofatclips(  763): Event description: Clear search history
I/nofatclips(  763): Waiting for 100 msec.
I/Choreographer(  763): Skipped 183 frames!  The application may be doing too much work on its main thread.
I/nofatclips(  763): Current activity is ui.PreferencesActivity
I/nofatclips(  763): Retrieving widgets
D/nofatclips(  763): Found widget: id=16908299 (android.widget.TextView@410df720): Search history has been cleared.
D/nofatclips(  763): Found widget: id=-1 (android.widget.LinearLayout@4109eb00)
D/nofatclips(  763): Found widget: id=-1 (android.widget.LinearLayout@4100fb98)
D/nofatclips(  763): Found widget: id=16909081 (com.android.internal.widget.ActionBarContainer@410c6be0)
D/nofatclips(  763): Found widget: id=16909082 (com.android.internal.widget.ActionBarView@410b9b88)
D/nofatclips(  763): Found widget: id=-1 (android.widget.LinearLayout@4113c210)
D/nofatclips(  763): Found widget: id=16908859 (android.widget.ImageView@410e08d0)
D/nofatclips(  763): Found widget: id=-1 (android.widget.LinearLayout@4113e0e0)
D/nofatclips(  763): Found widget: id=16908866 (android.widget.TextView@410b60c8): Tomdroid - Settings
D/nofatclips(  763): Found widget: id=16908867 (android.widget.TextView@411ab020): 
D/nofatclips(  763): Found widget: id=-1 (com.android.internal.widget.ActionBarView$HomeView@4107aeb8)
D/nofatclips(  763): Found widget: id=16908859 (android.widget.ImageView@410b4c80)
D/nofatclips(  763): Found widget: id=16908332 (android.widget.ImageView@410d27b0)
D/nofatclips(  763): Found widget: id=-1 (com.android.internal.view.menu.ActionMenuView@411b45a0)
D/nofatclips(  763): Found widget: id=16909083 (com.android.internal.widget.ActionBarContextView@410fc638)
D/nofatclips(  763): Found widget: id=16908290 (android.widget.FrameLayout@41017228)
D/nofatclips(  763): Found widget: id=-1 (android.widget.LinearLayout@410b1d00)
D/nofatclips(  763): Found widget: id=-1 (android.widget.LinearLayout@410bc490)
D/nofatclips(  763): Found widget: id=16909056 (android.widget.LinearLayout@410bd3d8)
D/nofatclips(  763): Found widget: id=16908298 (android.widget.ListView@410d8468)
D/nofatclips(  763): Found widget: id=16908310 (android.widget.TextView@41128750): Display Preferences
D/nofatclips(  763): Found widget: id=-1 (android.widget.LinearLayout@411399d8)
D/nofatclips(  763): Found widget: id=-1 (android.widget.LinearLayout@41185b38)
D/nofatclips(  763): Found widget: id=16908294 (android.widget.ImageView@411238e0)
D/nofatclips(  763): Found widget: id=-1 (android.widget.RelativeLayout@411cb7d0)
I/Choreographer(  149): Skipped 30 frames!  The application may be doing too much work on its main thread.
D/nofatclips(  763): Found widget: id=16908310 (android.widget.TextView@411b96b8): Base Font Size
D/nofatclips(  763): Found widget: id=16908304 (android.widget.TextView@41140f28): 18
D/nofatclips(  763): Found widget: id=16908312 (android.widget.LinearLayout@41188e08)
D/nofatclips(  763): Found widget: id=16909057 (android.widget.FrameLayout@411dd238)
D/nofatclips(  763): Found widget: id=16908909 (android.widget.RelativeLayout@41072f40)
D/nofatclips(  763): Found widget: id=16909060 (android.widget.Button@411f9180): Back
D/nofatclips(  763): Found widget: id=-1 (android.widget.LinearLayout@410be320)
D/nofatclips(  763): Found widget: id=16909061 (android.widget.Button@411abaf8): Skip
D/nofatclips(  763): Found widget: id=16909062 (android.widget.Button@410c4c00): Next
D/nofatclips(  763): Found widget: id=16909084 (com.android.internal.widget.ActionBarContainer@410ec9e8)
D/nofatclips(  763): Found widget: id=-1 (com.android.internal.policy.impl.PhoneWindow$DecorView@41078520)
V/nicola  (  763): TextualID : null
V/nicola  (  763): ContentType detected : default
V/nicola  (  763): TextualID : null
V/nicola  (  763): ContentType detected : default
I/Choreographer(  149): Skipped 47 frames!  The application may be doing too much work on its main thread.
E/ReflectionHelper(  763): java.lang.NoSuchFieldException: mOnFocusChangeListener
V/ReflectionHelper(  763): android.widget.ListView > mOnFocusChangeListener NOT FOUND
V/nicola  (  763): TextualID : null
V/nicola  (  763): ContentType detected : default
V/nicola  (  763): TextualID : null
V/nicola  (  763): ContentType detected : default
V/nicola  (  763): TextualID : null
V/nicola  (  763): ContentType detected : default
I/nofatclips(  763): Performing comparation for activity PreferencesActivity
D/nofatclips(  763): Comparing against activity Tomdroid
D/nofatclips(  763): Comparing against activity Tomdroid
D/nofatclips(  763): Comparing against activity Tomdroid
D/nofatclips(  763): Comparing against activity Tomdroid
D/nofatclips(  763): Comparing against activity Tomdroid
D/nofatclips(  763): Comparing against activity Tomdroid
D/nofatclips(  763): Comparing against activity Tomdroid
D/nofatclips(  763): Comparing against activity Tomdroid
D/nofatclips(  763): Comparing against activity Tomdroid
D/nofatclips(  763): Comparing against activity Tomdroid
D/nofatclips(  763): Comparing against activity PreferencesActivity
D/nofatclips(  763): Comparing against activity Tomdroid
D/nofatclips(  763): Comparing against activity Tomdroid
D/nofatclips(  763): Comparing against activity Tomdroid
I/nofatclips(  763): Registering activity PreferencesActivity (id: a15) as a new found state
D/nofatclips(  763): Performing backup of the old activity list on disk
D/nofatclips(  763): Saving new found state 'a15' on disk
V/nofatclips(  763): Opening state file in append mode.
D/dalvikvm(  763): GC_CONCURRENT freed 393K, 25% free 7678K/10119K, paused 21ms+25ms, total 340ms
I/nofatclips(  763): Saved image on disk: a15.jpg
I/nofatclips(  763): Waiting for 100 msec.
I/nofatclips(  763): Session count is 1. Will dump to disk at 1
I/nofatclips(  763): Saving the session on disk.
I/nofatclips(  763): Planning for new Activity PreferencesActivity
D/nofatclips(  763): Handling event selectListItem for items [1,22] on preferenceList #16908298 count=22
D/dalvikvm(  763): GC_CONCURRENT freed 540K, 24% free 7707K/10119K, paused 18ms+13ms, total 344ms
D/dalvikvm(  763): WAIT_FOR_CONCURRENT_GC blocked 54ms
D/dalvikvm(  763): GC_CONCURRENT freed 565K, 24% free 7718K/10119K, paused 17ms+128ms, total 754ms
D/dalvikvm(  763): WAIT_FOR_CONCURRENT_GC blocked 253ms
D/dalvikvm(  763): WAIT_FOR_CONCURRENT_GC blocked 302ms
I/nofatclips(  763): Created trace to press the back button
I/nofatclips(  763): Created trace to press the menu button
I/nofatclips(  763): Created trace to change orientation
D/dalvikvm(  763): GC_CONCURRENT freed 544K, 24% free 7756K/10119K, paused 17ms+11ms, total 181ms
D/dalvikvm(  763): WAIT_FOR_CONCURRENT_GC blocked 60ms
D/dalvikvm(  763): GC_CONCURRENT freed 597K, 24% free 7753K/10119K, paused 17ms+10ms, total 201ms
D/dalvikvm(  763): WAIT_FOR_CONCURRENT_GC blocked 55ms
D/dalvikvm(  763): WAIT_FOR_CONCURRENT_GC blocked 69ms
D/dalvikvm(  763): GC_CONCURRENT freed 595K, 24% free 7749K/10119K, paused 17ms+12ms, total 176ms
D/dalvikvm(  763): WAIT_FOR_CONCURRENT_GC blocked 57ms
D/dalvikvm(  763): WAIT_FOR_CONCURRENT_GC blocked 76ms
D/dalvikvm(  763): GC_CONCURRENT freed 605K, 24% free 7735K/10119K, paused 18ms+10ms, total 179ms
D/dalvikvm(  763): WAIT_FOR_CONCURRENT_GC blocked 59ms
D/dalvikvm(  763): WAIT_FOR_CONCURRENT_GC blocked 74ms
D/dalvikvm(  763): GC_CONCURRENT freed 603K, 24% free 7719K/10119K, paused 16ms+11ms, total 168ms
D/dalvikvm(  763): WAIT_FOR_CONCURRENT_GC blocked 18ms
D/dalvikvm(  763): WAIT_FOR_CONCURRENT_GC blocked 68ms
I/nofatclips(  763): Check for termination: 11 steps left of 25
I/nofatclips(  763): Dispatching new task. 10 more tasks remaining.
D/nofatclips(  763): Performing backup of the old task list on disk
D/nofatclips(  763): Saving task list on disk
V/nofatclips(  763): Backing up trace #117 to disk.
V/nofatclips(  763): Backing up trace #118 to disk.
D/dalvikvm(  763): GC_CONCURRENT freed 491K, 23% free 7809K/10119K, paused 17ms+7ms, total 130ms
D/dalvikvm(  763): WAIT_FOR_CONCURRENT_GC blocked 55ms
D/dalvikvm(  763): WAIT_FOR_CONCURRENT_GC blocked 71ms
V/nofatclips(  763): Backing up trace #119 to disk.
V/nofatclips(  763): Backing up trace #120 to disk.
V/nofatclips(  763): Backing up trace #121 to disk.
V/nofatclips(  763): Backing up trace #122 to disk.
D/dalvikvm(  763): GC_CONCURRENT freed 605K, 23% free 7815K/10119K, paused 18ms+10ms, total 131ms
D/dalvikvm(  763): WAIT_FOR_CONCURRENT_GC blocked 10ms
D/dalvikvm(  763): WAIT_FOR_CONCURRENT_GC blocked 64ms
V/nofatclips(  763): Backing up trace #123 to disk.
V/nofatclips(  763): Backing up trace #124 to disk.
V/nofatclips(  763): Backing up trace #125 to disk.
V/nofatclips(  763): Backing up trace #126 to disk.
D/dalvikvm(  763): GC_CONCURRENT freed 607K, 23% free 7821K/10119K, paused 17ms+11ms, total 133ms
D/dalvikvm(  763): WAIT_FOR_CONCURRENT_GC blocked 69ms
D/nofatclips(  763): Deleting backup of the old task list from disk
D/nofatclips(  763): Deleting backup of the old activity list from disk
I/nofatclips(  763): Incrementally Playing Trace 126
I/nofatclips(  763): Retrieved from return list id=16908298
D/nofatclips(  763): Testing for type (android.widget.ListView) against the original (android.widget.ListView)
D/nofatclips(  763): Testing for name () against the original ()
I/nofatclips(  763): Firing event: type= selectListItem index=19 widget=android.widget.ListView
I/Choreographer(  763): Skipped 111 frames!  The application may be doing too much work on its main thread.
I/nofatclips(  763): Swapping to listview item 2
D/nofatclips(  763): Event description: Base Font Size
I/Choreographer(  763): Skipped 39 frames!  The application may be doing too much work on its main thread.
I/Choreographer(  763): Skipped 33 frames!  The application may be doing too much work on its main thread.
I/Choreographer(  763): Skipped 88 frames!  The application may be doing too much work on its main thread.
I/nofatclips(  763): Waiting for 100 msec.
V/PhoneStatusBar(  249): setLightsOn(true)
I/Choreographer(  763): Skipped 172 frames!  The application may be doing too much work on its main thread.
E/ActivityThread(  264): Failed to find provider info for com.android.inputmethod.latin.dictionarypack
E/BinaryDictionaryGetter(  264): Could not find a dictionary pack
I/Choreographer(  763): Skipped 451 frames!  The application may be doing too much work on its main thread.
D/dalvikvm(  264): GC_CONCURRENT freed 243K, 6% free 6451K/6791K, paused 87ms+68ms, total 694ms
I/Choreographer(  149): Skipped 30 frames!  The application may be doing too much work on its main thread.
I/Choreographer(  763): Skipped 137 frames!  The application may be doing too much work on its main thread.
I/Choreographer(  149): Skipped 33 frames!  The application may be doing too much work on its main thread.
I/nofatclips(  763): Current activity is ui.PreferencesActivity
I/nofatclips(  763): Retrieving widgets
D/nofatclips(  763): Found widget: id=-1 (android.widget.FrameLayout@411ad3d0)
D/nofatclips(  763): Found widget: id=16908290 (android.widget.FrameLayout@411b29a0)
D/nofatclips(  763): Found widget: id=16908874 (android.widget.LinearLayout@41271b20)
D/nofatclips(  763): Found widget: id=16908875 (android.widget.LinearLayout@411e0bc0)
D/nofatclips(  763): Found widget: id=16908885 (android.view.View@410ed2e0)
D/nofatclips(  763): Found widget: id=16908876 (android.widget.LinearLayout@411f0c20)
D/nofatclips(  763): Found widget: id=16908294 (android.widget.ImageView@410bb3c0)
D/nofatclips(  763): Found widget: id=16908877 (com.android.internal.widget.DialogTitle@4126fb98): Base Font Size
D/nofatclips(  763): Found widget: id=16908878 (android.view.View@410f2310)
D/nofatclips(  763): Found widget: id=16908882 (android.widget.LinearLayout@41241700)
D/nofatclips(  763): Found widget: id=16908883 (android.widget.ScrollView@410e87f0)
D/nofatclips(  763): Found widget: id=16908884 (android.widget.FrameLayout@411c5c30)
D/nofatclips(  763): Found widget: id=16908331 (android.widget.FrameLayout@412677e8)
D/nofatclips(  763): Found widget: id=-1 (android.widget.ScrollView@410aa5e0)
D/nofatclips(  763): Found widget: id=16909055 (android.widget.LinearLayout@4121cc10)
D/nofatclips(  763): Found widget: id=16908299 (android.widget.TextView@4118b150): 
D/nofatclips(  763): Found widget: id=16908291 (android.widget.EditText@410fd3e8): 18
D/nofatclips(  763): Found widget: id=16908879 (android.widget.LinearLayout@41279a20)
D/nofatclips(  763): Found widget: id=-1 (android.widget.LinearLayout@41058278)
D/nofatclips(  763): Found widget: id=16908314 (android.widget.Button@410c64f8): Cancel
D/nofatclips(  763): Found widget: id=16908315 (android.widget.Button@41242418): 
D/nofatclips(  763): Found widget: id=16908313 (android.widget.Button@4125aee8): OK
D/nofatclips(  763): Found widget: id=16909076 (android.view.ViewStub@412a1bd8)
D/nofatclips(  763): Found widget: id=-1 (com.android.internal.policy.impl.PhoneWindow$DecorView@410934e0)
V/nicola  (  763): TextualID : null
V/nicola  (  763): ContentType detected : default
E/ReflectionHelper(  763): java.lang.NoSuchFieldException: mOnFocusChangeListener
V/ReflectionHelper(  763): android.widget.EditText > mOnFocusChangeListener NOT FOUND
V/nicola  (  763): TextualID : null
V/nicola  (  763): ContentType detected : default
V/nicola  (  763): TextualID : null
V/nicola  (  763): ContentType detected : default
V/nicola  (  763): TextualID : null
V/nicola  (  763): ContentType detected : default
I/nofatclips(  763): Performing comparation for activity PreferencesActivity
D/nofatclips(  763): Comparing against activity Tomdroid
D/nofatclips(  763): Comparing against activity Tomdroid
D/nofatclips(  763): Comparing against activity Tomdroid
D/nofatclips(  763): Comparing against activity Tomdroid
D/nofatclips(  763): Comparing against activity Tomdroid
D/nofatclips(  763): Comparing against activity Tomdroid
D/nofatclips(  763): Comparing against activity Tomdroid
D/nofatclips(  763): Comparing against activity Tomdroid
D/nofatclips(  763): Comparing against activity Tomdroid
D/nofatclips(  763): Comparing against activity Tomdroid
D/nofatclips(  763): Comparing against activity PreferencesActivity
D/nofatclips(  763): Comparing against activity Tomdroid
D/nofatclips(  763): Comparing against activity Tomdroid
D/nofatclips(  763): Comparing against activity PreferencesActivity
D/nofatclips(  763): Comparing against activity Tomdroid
I/nofatclips(  763): Registering activity PreferencesActivity (id: a16) as a new found state
D/nofatclips(  763): Performing backup of the old activity list on disk
D/nofatclips(  763): Saving new found state 'a16' on disk
V/nofatclips(  763): Opening state file in append mode.
D/dalvikvm(  763): GC_CONCURRENT freed 697K, 24% free 7738K/10119K, paused 21ms+11ms, total 429ms
D/dalvikvm(  763): WAIT_FOR_CONCURRENT_GC blocked 82ms
I/nofatclips(  763): Saved image on disk: a16.jpg
I/nofatclips(  763): Waiting for 100 msec.
D/dalvikvm(  763): GC_CONCURRENT freed 287K, 22% free 7956K/10119K, paused 17ms+10ms, total 190ms
I/nofatclips(  763): Session count is 1. Will dump to disk at 1
I/nofatclips(  763): Saving the session on disk.
I/nofatclips(  763): Planning for new Activity PreferencesActivity
D/nofatclips(  763): Handling event 'click' on widget id=16908314 type=button name=Cancel
D/nofatclips(  763): Handling input 'writeText' on widget id=16908291 type=editText name=
V/nofatclips(  763): Using value: 90
D/nofatclips(  763): Handling event 'click' on widget id=16908313 type=button name=OK
D/nofatclips(  763): Handling input 'writeText' on widget id=16908291 type=editText name=
V/nofatclips(  763): Using value: 90
I/nofatclips(  763): Created trace to press the back button
I/nofatclips(  763): Created trace to press the menu button
I/nofatclips(  763): Created trace to change orientation
D/dalvikvm(  763): GC_CONCURRENT freed 785K, 23% free 7831K/10119K, paused 17ms+11ms, total 172ms
D/dalvikvm(  763): WAIT_FOR_CONCURRENT_GC blocked 33ms
D/dalvikvm(  763): WAIT_FOR_CONCURRENT_GC blocked 70ms
I/nofatclips(  763): Check for termination: 10 steps left of 25
I/nofatclips(  763): Dispatching new task. 10 more tasks remaining.
D/nofatclips(  763): Performing backup of the old task list on disk
D/nofatclips(  763): Saving task list on disk
V/nofatclips(  763): Backing up trace #121 to disk.
