I/Choreographer(  390): Skipped 30 frames!  The application may be doing too much work on its main thread.
I/Choreographer(  390): Skipped 34 frames!  The application may be doing too much work on its main thread.
I/Choreographer(  390): Skipped 36 frames!  The application may be doing too much work on its main thread.
I/Choreographer(  390): Skipped 30 frames!  The application may be doing too much work on its main thread.
I/Choreographer(  390): Skipped 38 frames!  The application may be doing too much work on its main thread.
I/Choreographer(  390): Skipped 64 frames!  The application may be doing too much work on its main thread.
I/Choreographer(  390): Skipped 36 frames!  The application may be doing too much work on its main thread.
I/Choreographer(  390): Skipped 34 frames!  The application may be doing too much work on its main thread.
I/Choreographer(  390): Skipped 30 frames!  The application may be doing too much work on its main thread.
I/Choreographer(  390): Skipped 57 frames!  The application may be doing too much work on its main thread.
I/Choreographer(  390): Skipped 77 frames!  The application may be doing too much work on its main thread.
I/Choreographer(  390): Skipped 43 frames!  The application may be doing too much work on its main thread.
I/Choreographer(  390): Skipped 42 frames!  The application may be doing too much work on its main thread.
I/Choreographer(  390): Skipped 37 frames!  The application may be doing too much work on its main thread.
I/Choreographer(  390): Skipped 31 frames!  The application may be doing too much work on its main thread.
I/Choreographer(  390): Skipped 30 frames!  The application may be doing too much work on its main thread.
I/Choreographer(  390): Skipped 33 frames!  The application may be doing too much work on its main thread.
I/Choreographer(  390): Skipped 31 frames!  The application may be doing too much work on its main thread.
I/ActivityManager(  149): Start proc com.android.quicksearchbox for broadcast com.android.quicksearchbox/.CorporaUpdateReceiver: pid=607 uid=10006 gids={3003, 1028}
I/Choreographer(  390): Skipped 65 frames!  The application may be doing too much work on its main thread.
I/Choreographer(  390): Skipped 31 frames!  The application may be doing too much work on its main thread.
E/Trace   (  607): error opening trace file: No such file or directory (2)
I/Choreographer(  390): Skipped 37 frames!  The application may be doing too much work on its main thread.
I/Choreographer(  390): Skipped 42 frames!  The application may be doing too much work on its main thread.
I/Choreographer(  390): Skipped 57 frames!  The application may be doing too much work on its main thread.
I/ActivityThread(  607): Pub com.android.quicksearchbox.google: com.android.quicksearchbox.google.GoogleSuggestionProvider
I/Choreographer(  390): Skipped 30 frames!  The application may be doing too much work on its main thread.
I/Choreographer(  390): Skipped 35 frames!  The application may be doing too much work on its main thread.
I/ActivityThread(  607): Pub com.android.quicksearchbox.shortcuts: com.android.quicksearchbox.ShortcutsProvider
I/Choreographer(  390): Skipped 60 frames!  The application may be doing too much work on its main thread.
I/Choreographer(  390): Skipped 31 frames!  The application may be doing too much work on its main thread.
D/dalvikvm(  149): GC_CONCURRENT freed 439K, 51% free 8325K/16903K, paused 50ms+70ms, total 458ms
I/Choreographer(  390): Skipped 31 frames!  The application may be doing too much work on its main thread.
I/Choreographer(  390): Skipped 36 frames!  The application may be doing too much work on its main thread.
I/Choreographer(  390): Skipped 30 frames!  The application may be doing too much work on its main thread.
I/Choreographer(  390): Skipped 33 frames!  The application may be doing too much work on its main thread.
I/Choreographer(  390): Skipped 45 frames!  The application may be doing too much work on its main thread.
I/Choreographer(  390): Skipped 30 frames!  The application may be doing too much work on its main thread.
I/Choreographer(  390): Skipped 34 frames!  The application may be doing too much work on its main thread.
I/Choreographer(  390): Skipped 36 frames!  The application may be doing too much work on its main thread.
I/Choreographer(  390): Skipped 33 frames!  The application may be doing too much work on its main thread.
I/Choreographer(  390): Skipped 90 frames!  The application may be doing too much work on its main thread.
I/Choreographer(  390): Skipped 31 frames!  The application may be doing too much work on its main thread.
I/Choreographer(  390): Skipped 64 frames!  The application may be doing too much work on its main thread.
I/Choreographer(  390): Skipped 38 frames!  The application may be doing too much work on its main thread.
I/Choreographer(  390): Skipped 34 frames!  The application may be doing too much work on its main thread.
I/Choreographer(  390): Skipped 30 frames!  The application may be doing too much work on its main thread.
I/Choreographer(  390): Skipped 32 frames!  The application may be doing too much work on its main thread.
I/Choreographer(  390): Skipped 30 frames!  The application may be doing too much work on its main thread.
I/Choreographer(  390): Skipped 33 frames!  The application may be doing too much work on its main thread.
I/Choreographer(  390): Skipped 33 frames!  The application may be doing too much work on its main thread.
I/Choreographer(  390): Skipped 41 frames!  The application may be doing too much work on its main thread.
I/Choreographer(  390): Skipped 30 frames!  The application may be doing too much work on its main thread.
I/Choreographer(  390): Skipped 32 frames!  The application may be doing too much work on its main thread.
I/Choreographer(  390): Skipped 38 frames!  The application may be doing too much work on its main thread.
I/Choreographer(  390): Skipped 38 frames!  The application may be doing too much work on its main thread.
I/Choreographer(  390): Skipped 33 frames!  The application may be doing too much work on its main thread.
I/Choreographer(  390): Skipped 32 frames!  The application may be doing too much work on its main thread.
I/Choreographer(  390): Skipped 31 frames!  The application may be doing too much work on its main thread.
I/Choreographer(  390): Skipped 34 frames!  The application may be doing too much work on its main thread.
I/Choreographer(  390): Skipped 30 frames!  The application may be doing too much work on its main thread.
I/Choreographer(  390): Skipped 32 frames!  The application may be doing too much work on its main thread.
I/Choreographer(  390): Skipped 35 frames!  The application may be doing too much work on its main thread.
I/Choreographer(  390): Skipped 31 frames!  The application may be doing too much work on its main thread.
I/Choreographer(  390): Skipped 30 frames!  The application may be doing too much work on its main thread.
I/Choreographer(  390): Skipped 37 frames!  The application may be doing too much work on its main thread.
I/Choreographer(  390): Skipped 42 frames!  The application may be doing too much work on its main thread.
I/Choreographer(  390): Skipped 30 frames!  The application may be doing too much work on its main thread.
I/Choreographer(  390): Skipped 31 frames!  The application may be doing too much work on its main thread.
I/Choreographer(  390): Skipped 35 frames!  The application may be doing too much work on its main thread.
I/Choreographer(  390): Skipped 38 frames!  The application may be doing too much work on its main thread.
I/Choreographer(  390): Skipped 45 frames!  The application may be doing too much work on its main thread.
I/Choreographer(  390): Skipped 53 frames!  The application may be doing too much work on its main thread.
I/Choreographer(  390): Skipped 31 frames!  The application may be doing too much work on its main thread.
I/Choreographer(  390): Skipped 30 frames!  The application may be doing too much work on its main thread.
I/Choreographer(  390): Skipped 32 frames!  The application may be doing too much work on its main thread.
I/Choreographer(  390): Skipped 30 frames!  The application may be doing too much work on its main thread.
I/Choreographer(  390): Skipped 36 frames!  The application may be doing too much work on its main thread.
I/Choreographer(  390): Skipped 31 frames!  The application may be doing too much work on its main thread.
I/ContactDirectoryManager(  343): deleted 0 stale rows which don't have any relevant directory
I/Choreographer(  390): Skipped 32 frames!  The application may be doing too much work on its main thread.
I/ContactDirectoryManager(  343): Discovered 0 contact directories in 15614ms
I/ContactsDatabaseHelper(  343): Switching to locale en_US
I/Choreographer(  390): Skipped 35 frames!  The application may be doing too much work on its main thread.
I/Choreographer(  390): Skipped 41 frames!  The application may be doing too much work on its main thread.
I/Choreographer(  390): Skipped 33 frames!  The application may be doing too much work on its main thread.
I/Choreographer(  390): Skipped 38 frames!  The application may be doing too much work on its main thread.
I/Choreographer(  390): Skipped 30 frames!  The application may be doing too much work on its main thread.
D/EmailProvider(  528): fromDatabase accounts: 0
D/EmailProvider(  528): ending toDatabase transaction; copyCount = 0
D/EmailProvider(  528): ending fromDatabase transaction; copyCount = 0
I/Choreographer(  390): Skipped 41 frames!  The application may be doing too much work on its main thread.
I/Choreographer(  390): Skipped 48 frames!  The application may be doing too much work on its main thread.
I/Choreographer(  390): Skipped 55 frames!  The application may be doing too much work on its main thread.
I/Choreographer(  390): Skipped 32 frames!  The application may be doing too much work on its main thread.
I/Choreographer(  390): Skipped 30 frames!  The application may be doing too much work on its main thread.
I/Choreographer(  390): Skipped 36 frames!  The application may be doing too much work on its main thread.
I/Choreographer(  390): Skipped 39 frames!  The application may be doing too much work on its main thread.
I/Choreographer(  390): Skipped 35 frames!  The application may be doing too much work on its main thread.
I/Choreographer(  390): Skipped 39 frames!  The application may be doing too much work on its main thread.
I/Choreographer(  390): Skipped 30 frames!  The application may be doing too much work on its main thread.
I/Choreographer(  390): Skipped 38 frames!  The application may be doing too much work on its main thread.
I/Choreographer(  390): Skipped 39 frames!  The application may be doing too much work on its main thread.
I/Choreographer(  390): Skipped 33 frames!  The application may be doing too much work on its main thread.
I/Choreographer(  390): Skipped 33 frames!  The application may be doing too much work on its main thread.
I/Choreographer(  390): Skipped 35 frames!  The application may be doing too much work on its main thread.
I/Choreographer(  390): Skipped 39 frames!  The application may be doing too much work on its main thread.
I/Choreographer(  390): Skipped 37 frames!  The application may be doing too much work on its main thread.
I/Choreographer(  390): Skipped 49 frames!  The application may be doing too much work on its main thread.
I/Choreographer(  390): Skipped 30 frames!  The application may be doing too much work on its main thread.
I/Choreographer(  390): Skipped 37 frames!  The application may be doing too much work on its main thread.
I/Choreographer(  390): Skipped 30 frames!  The application may be doing too much work on its main thread.
I/Choreographer(  390): Skipped 41 frames!  The application may be doing too much work on its main thread.
I/Choreographer(  390): Skipped 38 frames!  The application may be doing too much work on its main thread.
I/Choreographer(  390): Skipped 31 frames!  The application may be doing too much work on its main thread.
I/Choreographer(  390): Skipped 44 frames!  The application may be doing too much work on its main thread.
I/Choreographer(  390): Skipped 34 frames!  The application may be doing too much work on its main thread.
I/Choreographer(  390): Skipped 37 frames!  The application may be doing too much work on its main thread.
I/Choreographer(  390): Skipped 52 frames!  The application may be doing too much work on its main thread.
I/Choreographer(  390): Skipped 39 frames!  The application may be doing too much work on its main thread.
I/Choreographer(  390): Skipped 30 frames!  The application may be doing too much work on its main thread.
I/Choreographer(  390): Skipped 34 frames!  The application may be doing too much work on its main thread.
I/Choreographer(  390): Skipped 36 frames!  The application may be doing too much work on its main thread.
I/Choreographer(  390): Skipped 39 frames!  The application may be doing too much work on its main thread.
I/Choreographer(  390): Skipped 47 frames!  The application may be doing too much work on its main thread.
I/Choreographer(  390): Skipped 30 frames!  The application may be doing too much work on its main thread.
I/Choreographer(  390): Skipped 31 frames!  The application may be doing too much work on its main thread.
I/Choreographer(  390): Skipped 30 frames!  The application may be doing too much work on its main thread.
I/Choreographer(  390): Skipped 32 frames!  The application may be doing too much work on its main thread.
I/Choreographer(  390): Skipped 30 frames!  The application may be doing too much work on its main thread.
I/Choreographer(  390): Skipped 34 frames!  The application may be doing too much work on its main thread.
I/Choreographer(  390): Skipped 31 frames!  The application may be doing too much work on its main thread.
I/Choreographer(  390): Skipped 32 frames!  The application may be doing too much work on its main thread.
I/Choreographer(  390): Skipped 53 frames!  The application may be doing too much work on its main thread.
I/Choreographer(  390): Skipped 41 frames!  The application may be doing too much work on its main thread.
I/Choreographer(  390): Skipped 30 frames!  The application may be doing too much work on its main thread.
I/Choreographer(  390): Skipped 31 frames!  The application may be doing too much work on its main thread.
I/Choreographer(  390): Skipped 32 frames!  The application may be doing too much work on its main thread.
I/Choreographer(  390): Skipped 40 frames!  The application may be doing too much work on its main thread.
I/Choreographer(  390): Skipped 38 frames!  The application may be doing too much work on its main thread.
I/Choreographer(  390): Skipped 54 frames!  The application may be doing too much work on its main thread.
I/Choreographer(  390): Skipped 40 frames!  The application may be doing too much work on its main thread.
I/Choreographer(  390): Skipped 38 frames!  The application may be doing too much work on its main thread.
I/Choreographer(  390): Skipped 30 frames!  The application may be doing too much work on its main thread.
I/Choreographer(  390): Skipped 41 frames!  The application may be doing too much work on its main thread.
I/Choreographer(  390): Skipped 41 frames!  The application may be doing too much work on its main thread.
I/Choreographer(  390): Skipped 36 frames!  The application may be doing too much work on its main thread.
I/Choreographer(  390): Skipped 40 frames!  The application may be doing too much work on its main thread.
I/Choreographer(  390): Skipped 33 frames!  The application may be doing too much work on its main thread.
I/Choreographer(  390): Skipped 43 frames!  The application may be doing too much work on its main thread.
I/Choreographer(  390): Skipped 54 frames!  The application may be doing too much work on its main thread.
I/Choreographer(  390): Skipped 35 frames!  The application may be doing too much work on its main thread.
I/Choreographer(  390): Skipped 32 frames!  The application may be doing too much work on its main thread.
I/Choreographer(  390): Skipped 34 frames!  The application may be doing too much work on its main thread.
I/Choreographer(  390): Skipped 36 frames!  The application may be doing too much work on its main thread.
I/Choreographer(  390): Skipped 31 frames!  The application may be doing too much work on its main thread.
I/Choreographer(  390): Skipped 32 frames!  The application may be doing too much work on its main thread.
I/Choreographer(  390): Skipped 46 frames!  The application may be doing too much work on its main thread.
I/Choreographer(  390): Skipped 40 frames!  The application may be doing too much work on its main thread.
I/Choreographer(  390): Skipped 30 frames!  The application may be doing too much work on its main thread.
I/Choreographer(  390): Skipped 46 frames!  The application may be doing too much work on its main thread.
I/Choreographer(  390): Skipped 31 frames!  The application may be doing too much work on its main thread.
I/Choreographer(  390): Skipped 37 frames!  The application may be doing too much work on its main thread.
I/Choreographer(  390): Skipped 38 frames!  The application may be doing too much work on its main thread.
I/Choreographer(  390): Skipped 38 frames!  The application may be doing too much work on its main thread.
I/Choreographer(  390): Skipped 47 frames!  The application may be doing too much work on its main thread.
I/Choreographer(  390): Skipped 30 frames!  The application may be doing too much work on its main thread.
I/Choreographer(  390): Skipped 32 frames!  The application may be doing too much work on its main thread.
I/Choreographer(  390): Skipped 36 frames!  The application may be doing too much work on its main thread.
I/Choreographer(  390): Skipped 37 frames!  The application may be doing too much work on its main thread.
I/Choreographer(  390): Skipped 38 frames!  The application may be doing too much work on its main thread.
I/Choreographer(  390): Skipped 33 frames!  The application may be doing too much work on its main thread.
I/Choreographer(  390): Skipped 31 frames!  The application may be doing too much work on its main thread.
D/dalvikvm(  390): GC_CONCURRENT freed 323K, 20% free 7955K/9927K, paused 30ms+34ms, total 234ms
I/Choreographer(  390): Skipped 36 frames!  The application may be doing too much work on its main thread.
I/Choreographer(  390): Skipped 31 frames!  The application may be doing too much work on its main thread.
E/ThrottleService(  149): problem during onPollAlarm: java.lang.IllegalStateException: problem parsing stats: java.io.FileNotFoundException: /proc/net/xt_qtaguid/iface_stat_all: open failed: ENOENT (No such file or directory)
E/ThrottleService(  149): Error reading data file
I/Choreographer(  390): Skipped 41 frames!  The application may be doing too much work on its main thread.
I/Choreographer(  390): Skipped 94 frames!  The application may be doing too much work on its main thread.
I/Email   (  528): Onetime initialization: completed.
I/Choreographer(  390): Skipped 32 frames!  The application may be doing too much work on its main thread.
I/Choreographer(  390): Skipped 31 frames!  The application may be doing too much work on its main thread.
I/Choreographer(  390): Skipped 33 frames!  The application may be doing too much work on its main thread.
I/Choreographer(  390): Skipped 32 frames!  The application may be doing too much work on its main thread.
D/ExchangeService(  546): !!! EAS ExchangeService, onStartCommand, startingUp = true, running = false
I/Choreographer(  390): Skipped 32 frames!  The application may be doing too much work on its main thread.
I/Choreographer(  390): Skipped 31 frames!  The application may be doing too much work on its main thread.
I/Choreographer(  390): Skipped 46 frames!  The application may be doing too much work on its main thread.
I/Choreographer(  390): Skipped 37 frames!  The application may be doing too much work on its main thread.
I/Choreographer(  390): Skipped 40 frames!  The application may be doing too much work on its main thread.
I/Choreographer(  390): Skipped 56 frames!  The application may be doing too much work on its main thread.
I/Choreographer(  390): Skipped 41 frames!  The application may be doing too much work on its main thread.
D/PackageManager(  149): generateServicesMap(android.accounts.AccountAuthenticator): 2 services unchanged
I/InputReader(  149): Reconfiguring input devices.  changes=0x00000010
I/Choreographer(  390): Skipped 43 frames!  The application may be doing too much work on its main thread.
D/PackageManager(  149): generateServicesMap(android.content.SyncAdapter): 4 services unchanged
I/Choreographer(  390): Skipped 32 frames!  The application may be doing too much work on its main thread.
I/AccountTypeManager(  461): Loaded meta-data for 1 account types, 0 accounts in 9ms(wall) 6ms(cpu)
I/Choreographer(  390): Skipped 35 frames!  The application may be doing too much work on its main thread.
I/Choreographer(  390): Skipped 34 frames!  The application may be doing too much work on its main thread.
I/Choreographer(  390): Skipped 30 frames!  The application may be doing too much work on its main thread.
I/Choreographer(  390): Skipped 31 frames!  The application may be doing too much work on its main thread.
I/Choreographer(  390): Skipped 43 frames!  The application may be doing too much work on its main thread.
I/Choreographer(  390): Skipped 36 frames!  The application may be doing too much work on its main thread.
I/Choreographer(  390): Skipped 34 frames!  The application may be doing too much work on its main thread.
I/Choreographer(  390): Skipped 54 frames!  The application may be doing too much work on its main thread.
I/Choreographer(  390): Skipped 33 frames!  The application may be doing too much work on its main thread.
I/Choreographer(  390): Skipped 50 frames!  The application may be doing too much work on its main thread.
I/Choreographer(  390): Skipped 36 frames!  The application may be doing too much work on its main thread.
I/Choreographer(  390): Skipped 30 frames!  The application may be doing too much work on its main thread.
I/Choreographer(  390): Skipped 31 frames!  The application may be doing too much work on its main thread.
I/Choreographer(  390): Skipped 33 frames!  The application may be doing too much work on its main thread.
I/Choreographer(  390): Skipped 38 frames!  The application may be doing too much work on its main thread.
I/Choreographer(  390): Skipped 33 frames!  The application may be doing too much work on its main thread.
I/Choreographer(  390): Skipped 42 frames!  The application may be doing too much work on its main thread.
I/Choreographer(  390): Skipped 40 frames!  The application may be doing too much work on its main thread.
I/Choreographer(  390): Skipped 33 frames!  The application may be doing too much work on its main thread.
I/Choreographer(  390): Skipped 45 frames!  The application may be doing too much work on its main thread.
I/Choreographer(  390): Skipped 35 frames!  The application may be doing too much work on its main thread.
I/Choreographer(  390): Skipped 32 frames!  The application may be doing too much work on its main thread.
I/Choreographer(  390): Skipped 31 frames!  The application may be doing too much work on its main thread.
I/Choreographer(  390): Skipped 31 frames!  The application may be doing too much work on its main thread.
I/Choreographer(  390): Skipped 45 frames!  The application may be doing too much work on its main thread.
I/Choreographer(  390): Skipped 31 frames!  The application may be doing too much work on its main thread.
I/Choreographer(  390): Skipped 32 frames!  The application may be doing too much work on its main thread.
I/Choreographer(  390): Skipped 33 frames!  The application may be doing too much work on its main thread.
I/Choreographer(  390): Skipped 38 frames!  The application may be doing too much work on its main thread.
I/Choreographer(  390): Skipped 32 frames!  The application may be doing too much work on its main thread.
I/Choreographer(  390): Skipped 39 frames!  The application may be doing too much work on its main thread.
I/Choreographer(  390): Skipped 33 frames!  The application may be doing too much work on its main thread.
I/Choreographer(  390): Skipped 35 frames!  The application may be doing too much work on its main thread.
I/Choreographer(  390): Skipped 32 frames!  The application may be doing too much work on its main thread.
I/Choreographer(  390): Skipped 31 frames!  The application may be doing too much work on its main thread.
I/Choreographer(  390): Skipped 38 frames!  The application may be doing too much work on its main thread.
I/Choreographer(  390): Skipped 32 frames!  The application may be doing too much work on its main thread.
I/Choreographer(  390): Skipped 31 frames!  The application may be doing too much work on its main thread.
I/Choreographer(  390): Skipped 30 frames!  The application may be doing too much work on its main thread.
I/Choreographer(  390): Skipped 36 frames!  The application may be doing too much work on its main thread.
I/Choreographer(  390): Skipped 34 frames!  The application may be doing too much work on its main thread.
I/Choreographer(  390): Skipped 31 frames!  The application may be doing too much work on its main thread.
I/Choreographer(  390): Skipped 47 frames!  The application may be doing too much work on its main thread.
I/Choreographer(  390): Skipped 47 frames!  The application may be doing too much work on its main thread.
I/Choreographer(  390): Skipped 35 frames!  The application may be doing too much work on its main thread.
I/Choreographer(  390): Skipped 30 frames!  The application may be doing too much work on its main thread.
I/Choreographer(  390): Skipped 42 frames!  The application may be doing too much work on its main thread.
I/Choreographer(  390): Skipped 36 frames!  The application may be doing too much work on its main thread.
I/Choreographer(  390): Skipped 33 frames!  The application may be doing too much work on its main thread.
I/Choreographer(  390): Skipped 45 frames!  The application may be doing too much work on its main thread.
I/Choreographer(  390): Skipped 43 frames!  The application may be doing too much work on its main thread.
I/Choreographer(  390): Skipped 47 frames!  The application may be doing too much work on its main thread.
I/Choreographer(  390): Skipped 34 frames!  The application may be doing too much work on its main thread.
I/Choreographer(  390): Skipped 32 frames!  The application may be doing too much work on its main thread.
I/Choreographer(  390): Skipped 34 frames!  The application may be doing too much work on its main thread.
I/Choreographer(  390): Skipped 37 frames!  The application may be doing too much work on its main thread.
I/Choreographer(  390): Skipped 31 frames!  The application may be doing too much work on its main thread.
I/Choreographer(  390): Skipped 32 frames!  The application may be doing too much work on its main thread.
I/Choreographer(  390): Skipped 56 frames!  The application may be doing too much work on its main thread.
I/Choreographer(  390): Skipped 46 frames!  The application may be doing too much work on its main thread.
I/Choreographer(  390): Skipped 30 frames!  The application may be doing too much work on its main thread.
I/Choreographer(  390): Skipped 30 frames!  The application may be doing too much work on its main thread.
I/Choreographer(  390): Skipped 34 frames!  The application may be doing too much work on its main thread.
I/Choreographer(  390): Skipped 33 frames!  The application may be doing too much work on its main thread.
I/Choreographer(  390): Skipped 31 frames!  The application may be doing too much work on its main thread.
I/Choreographer(  390): Skipped 38 frames!  The application may be doing too much work on its main thread.
I/Choreographer(  390): Skipped 33 frames!  The application may be doing too much work on its main thread.
I/Choreographer(  390): Skipped 47 frames!  The application may be doing too much work on its main thread.
I/Choreographer(  390): Skipped 40 frames!  The application may be doing too much work on its main thread.
I/Choreographer(  390): Skipped 55 frames!  The application may be doing too much work on its main thread.
I/Choreographer(  390): Skipped 33 frames!  The application may be doing too much work on its main thread.
I/Choreographer(  390): Skipped 31 frames!  The application may be doing too much work on its main thread.
I/Choreographer(  390): Skipped 45 frames!  The application may be doing too much work on its main thread.
I/Choreographer(  390): Skipped 35 frames!  The application may be doing too much work on its main thread.
I/Choreographer(  390): Skipped 36 frames!  The application may be doing too much work on its main thread.
I/Choreographer(  390): Skipped 30 frames!  The application may be doing too much work on its main thread.
I/Choreographer(  390): Skipped 33 frames!  The application may be doing too much work on its main thread.
I/Choreographer(  390): Skipped 31 frames!  The application may be doing too much work on its main thread.
I/Choreographer(  390): Skipped 36 frames!  The application may be doing too much work on its main thread.
I/Choreographer(  390): Skipped 32 frames!  The application may be doing too much work on its main thread.
I/Choreographer(  390): Skipped 30 frames!  The application may be doing too much work on its main thread.
I/Choreographer(  390): Skipped 30 frames!  The application may be doing too much work on its main thread.
I/Choreographer(  390): Skipped 35 frames!  The application may be doing too much work on its main thread.
I/Choreographer(  390): Skipped 37 frames!  The application may be doing too much work on its main thread.
I/Choreographer(  390): Skipped 30 frames!  The application may be doing too much work on its main thread.
D/dalvikvm(  149): GC_CONCURRENT freed 488K, 51% free 8302K/16903K, paused 49ms+10ms, total 456ms
I/Choreographer(  390): Skipped 34 frames!  The application may be doing too much work on its main thread.
I/Choreographer(  390): Skipped 40 frames!  The application may be doing too much work on its main thread.
I/Choreographer(  390): Skipped 34 frames!  The application may be doing too much work on its main thread.
I/Choreographer(  390): Skipped 31 frames!  The application may be doing too much work on its main thread.
I/Choreographer(  390): Skipped 34 frames!  The application may be doing too much work on its main thread.
I/Choreographer(  390): Skipped 33 frames!  The application may be doing too much work on its main thread.
I/Choreographer(  390): Skipped 38 frames!  The application may be doing too much work on its main thread.
I/Choreographer(  390): Skipped 30 frames!  The application may be doing too much work on its main thread.
I/Choreographer(  390): Skipped 31 frames!  The application may be doing too much work on its main thread.
I/Choreographer(  390): Skipped 36 frames!  The application may be doing too much work on its main thread.
I/Choreographer(  390): Skipped 30 frames!  The application may be doing too much work on its main thread.
I/Choreographer(  390): Skipped 33 frames!  The application may be doing too much work on its main thread.
I/Choreographer(  390): Skipped 36 frames!  The application may be doing too much work on its main thread.
I/Choreographer(  390): Skipped 30 frames!  The application may be doing too much work on its main thread.
I/Choreographer(  390): Skipped 36 frames!  The application may be doing too much work on its main thread.
I/Choreographer(  390): Skipped 47 frames!  The application may be doing too much work on its main thread.
I/Choreographer(  390): Skipped 30 frames!  The application may be doing too much work on its main thread.
I/Choreographer(  390): Skipped 31 frames!  The application may be doing too much work on its main thread.
I/Choreographer(  390): Skipped 30 frames!  The application may be doing too much work on its main thread.
I/Choreographer(  390): Skipped 35 frames!  The application may be doing too much work on its main thread.
D/dalvikvm(  390): GC_CONCURRENT freed 416K, 19% free 8079K/9927K, paused 31ms+63ms, total 279ms
D/dalvikvm(  390): GC_FOR_ALLOC freed 18K, 14% free 8573K/9927K, paused 73ms, total 74ms
D/dalvikvm(  390): GC_FOR_ALLOC freed 0K, 12% free 8820K/9927K, paused 97ms, total 97ms
I/dalvikvm-heap(  390): Grow heap (frag case) to 9.147MB for 511360-byte allocation
D/dalvikvm(  390): GC_FOR_ALLOC freed 0K, 11% free 9319K/10439K, paused 75ms, total 75ms
D/dalvikvm(  390): GC_FOR_ALLOC freed 348K, 12% free 9212K/10439K, paused 79ms, total 92ms
I/dalvikvm-heap(  390): Grow heap (frag case) to 9.433MB for 411152-byte allocation
D/dalvikvm(  390): GC_FOR_ALLOC freed 18K, 12% free 9595K/10887K, paused 101ms, total 101ms
D/dalvikvm(  390): GC_FOR_ALLOC freed <1K, 12% free 9595K/10887K, paused 110ms, total 110ms
I/dalvikvm-heap(  390): Grow heap (frag case) to 10.026MB for 640016-byte allocation
D/dalvikvm(  390): GC_FOR_ALLOC freed 0K, 12% free 10220K/11527K, paused 87ms, total 87ms
I/Choreographer(  390): Skipped 719 frames!  The application may be doing too much work on its main thread.
D/dalvikvm(  390): GC_FOR_ALLOC freed 590K, 13% free 10039K/11527K, paused 73ms, total 79ms
I/dalvikvm-heap(  390): Grow heap (frag case) to 10.405MB for 582416-byte allocation
D/dalvikvm(  390): GC_FOR_ALLOC freed 3K, 13% free 10605K/12103K, paused 76ms, total 76ms
D/dalvikvm(  390): GC_FOR_ALLOC freed 0K, 13% free 10605K/12103K, paused 72ms, total 72ms
I/dalvikvm-heap(  390): Grow heap (frag case) to 10.958MB for 582416-byte allocation
D/dalvikvm(  390): GC_FOR_ALLOC freed 0K, 12% free 11174K/12679K, paused 106ms, total 107ms
D/dalvikvm(  390): GC_FOR_ALLOC freed 49K, 9% free 11538K/12679K, paused 96ms, total 104ms
I/dalvikvm-heap(  390): Grow heap (frag case) to 12.541MB for 1286224-byte allocation
D/dalvikvm(  390): GC_FOR_ALLOC freed 2K, 9% free 12792K/13959K, paused 138ms, total 138ms
I/Choreographer(  390): Skipped 1664 frames!  The application may be doing too much work on its main thread.
D/dalvikvm(  390): GC_FOR_ALLOC freed 4525K, 32% free 10199K/14919K, paused 135ms, total 163ms
I/Choreographer(  390): Skipped 1811 frames!  The application may be doing too much work on its main thread.
I/InputDispatcher(  149): Window 'Window{415984a0 com.android.launcher/com.android.launcher2.Launcher paused=false}' spent 2433.3ms processing the last input event: MotionEvent(action=2, deviceId=0, source=0x00001002)
I/InputDispatcher(  149): Window 'Window{415984a0 com.android.launcher/com.android.launcher2.Launcher paused=false}' spent 2410.8ms processing the last input event: MotionEvent(action=2, deviceId=0, source=0x00001002)
I/InputDispatcher(  149): Window 'Window{415984a0 com.android.launcher/com.android.launcher2.Launcher paused=false}' spent 2402.6ms processing the last input event: MotionEvent(action=2, deviceId=0, source=0x00001002)
I/InputDispatcher(  149): Window 'Window{415984a0 com.android.launcher/com.android.launcher2.Launcher paused=false}' spent 2379.8ms processing the last input event: MotionEvent(action=2, deviceId=0, source=0x00001002)
I/InputDispatcher(  149): Window 'Window{415984a0 com.android.launcher/com.android.launcher2.Launcher paused=false}' spent 2364.1ms processing the last input event: MotionEvent(action=2, deviceId=0, source=0x00001002)
I/InputDispatcher(  149): Window 'Window{415984a0 com.android.launcher/com.android.launcher2.Launcher paused=false}' spent 2347.8ms processing the last input event: MotionEvent(action=2, deviceId=0, source=0x00001002)
I/InputDispatcher(  149): Window 'Window{415984a0 com.android.launcher/com.android.launcher2.Launcher paused=false}' spent 2329.5ms processing the last input event: MotionEvent(action=2, deviceId=0, source=0x00001002)
I/InputDispatcher(  149): Window 'Window{415984a0 com.android.launcher/com.android.launcher2.Launcher paused=false}' spent 2312.3ms processing the last input event: MotionEvent(action=2, deviceId=0, source=0x00001002)
I/InputDispatcher(  149): Window 'Window{415984a0 com.android.launcher/com.android.launcher2.Launcher paused=false}' spent 2290.4ms processing the last input event: MotionEvent(action=2, deviceId=0, source=0x00001002)
I/InputDispatcher(  149): Window 'Window{415984a0 com.android.launcher/com.android.launcher2.Launcher paused=false}' spent 2273.8ms processing the last input event: MotionEvent(action=2, deviceId=0, source=0x00001002)
I/InputDispatcher(  149): Window 'Window{415984a0 com.android.launcher/com.android.launcher2.Launcher paused=false}' spent 2255.1ms processing the last input event: MotionEvent(action=2, deviceId=0, source=0x00001002)
I/InputDispatcher(  149): Window 'Window{415984a0 com.android.launcher/com.android.launcher2.Launcher paused=false}' spent 2212.2ms processing the last input event: MotionEvent(action=2, deviceId=0, source=0x00001002)
I/InputDispatcher(  149): Window 'Window{415984a0 com.android.launcher/com.android.launcher2.Launcher paused=false}' spent 2209.7ms processing the last input event: MotionEvent(action=2, deviceId=0, source=0x00001002)
I/InputDispatcher(  149): Window 'Window{415984a0 com.android.launcher/com.android.launcher2.Launcher paused=false}' spent 2204.3ms processing the last input event: MotionEvent(action=2, deviceId=0, source=0x00001002)
I/InputDispatcher(  149): Window 'Window{415984a0 com.android.launcher/com.android.launcher2.Launcher paused=false}' spent 2190.1ms processing the last input event: MotionEvent(action=2, deviceId=0, source=0x00001002)
I/InputDispatcher(  149): Window 'Window{415984a0 com.android.launcher/com.android.launcher2.Launcher paused=false}' spent 2174.2ms processing the last input event: MotionEvent(action=2, deviceId=0, source=0x00001002)
I/InputDispatcher(  149): Window 'Window{415984a0 com.android.launcher/com.android.launcher2.Launcher paused=false}' spent 2149.7ms processing the last input event: MotionEvent(action=2, deviceId=0, source=0x00001002)
I/InputDispatcher(  149): Window 'Window{415984a0 com.android.launcher/com.android.launcher2.Launcher paused=false}' spent 2141.9ms processing the last input event: MotionEvent(action=2, deviceId=0, source=0x00001002)
I/InputDispatcher(  149): Window 'Window{415984a0 com.android.launcher/com.android.launcher2.Launcher paused=false}' spent 2110.9ms processing the last input event: MotionEvent(action=2, deviceId=0, source=0x00001002)
I/InputDispatcher(  149): Window 'Window{415984a0 com.android.launcher/com.android.launcher2.Launcher paused=false}' spent 2093.2ms processing the last input event: MotionEvent(action=2, deviceId=0, source=0x00001002)
I/InputDispatcher(  149): Window 'Window{415984a0 com.android.launcher/com.android.launcher2.Launcher paused=false}' spent 2078.1ms processing the last input event: MotionEvent(action=2, deviceId=0, source=0x00001002)
I/InputDispatcher(  149): Window 'Window{415984a0 com.android.launcher/com.android.launcher2.Launcher paused=false}' spent 2059.8ms processing the last input event: MotionEvent(action=2, deviceId=0, source=0x00001002)
I/InputDispatcher(  149): Window 'Window{415984a0 com.android.launcher/com.android.launcher2.Launcher paused=false}' spent 2043.3ms processing the last input event: MotionEvent(action=2, deviceId=0, source=0x00001002)
I/InputDispatcher(  149): Window 'Window{415984a0 com.android.launcher/com.android.launcher2.Launcher paused=false}' spent 2010.2ms processing the last input event: MotionEvent(action=2, deviceId=0, source=0x00001002)
I/Choreographer(  390): Skipped 133 frames!  The application may be doing too much work on its main thread.
D/dalvikvm(  390): GC_CONCURRENT freed 709K, 28% free 10885K/14919K, paused 189ms+23ms, total 386ms
D/dalvikvm(  390): WAIT_FOR_CONCURRENT_GC blocked 103ms
D/dalvikvm(  390): WAIT_FOR_CONCURRENT_GC blocked 203ms
I/Choreographer(  390): Skipped 172 frames!  The application may be doing too much work on its main thread.
D/dalvikvm(  390): GC_CONCURRENT freed 3126K, 38% free 9395K/14919K, paused 70ms+37ms, total 341ms
D/dalvikvm(  390): WAIT_FOR_CONCURRENT_GC blocked 153ms
D/dalvikvm(  390): WAIT_FOR_CONCURRENT_GC blocked 89ms
D/dalvikvm(  390): GC_FOR_ALLOC freed 1300K, 43% free 8572K/14919K, paused 125ms, total 146ms
I/dalvikvm-heap(  390): Grow heap (frag case) to 9.644MB for 1286224-byte allocation
D/dalvikvm(  390): GC_FOR_ALLOC freed 19K, 35% free 9809K/14919K, paused 142ms, total 144ms
D/dalvikvm(  390): GC_CONCURRENT freed 120K, 35% free 9753K/14919K, paused 72ms+88ms, total 480ms
I/Choreographer(  390): Skipped 1595 frames!  The application may be doing too much work on its main thread.
I/Choreographer(  390): Skipped 128 frames!  The application may be doing too much work on its main thread.
D/dalvikvm(  390): GC_CONCURRENT freed 1790K, 39% free 9219K/14919K, paused 45ms+38ms, total 282ms
D/dalvikvm(  390): WAIT_FOR_CONCURRENT_GC blocked 68ms
D/dalvikvm(  390): GC_FOR_ALLOC freed 612K, 38% free 9379K/14919K, paused 96ms, total 110ms
I/dalvikvm-heap(  390): Grow heap (frag case) to 10.431MB for 1286224-byte allocation
D/dalvikvm(  390): GC_FOR_ALLOC freed 4K, 29% free 10630K/14919K, paused 103ms, total 103ms
D/dalvikvm(  390): GC_CONCURRENT freed <1K, 29% free 10691K/14919K, paused 29ms+24ms, total 198ms
D/dalvikvm(  481): GC_CONCURRENT freed 225K, 5% free 6196K/6471K, paused 660ms+129ms, total 2733ms
D/dalvikvm(  390): GC_CONCURRENT freed 2639K, 36% free 9617K/14919K, paused 30ms+20ms, total 173ms
D/dalvikvm(  390): WAIT_FOR_CONCURRENT_GC blocked 26ms
D/dalvikvm(  390): WAIT_FOR_CONCURRENT_GC blocked 5631ms
D/dalvikvm(  390): GC_FOR_ALLOC freed 948K, 36% free 9556K/14919K, paused 58ms, total 67ms
I/dalvikvm-heap(  390): Grow heap (frag case) to 10.605MB for 1286224-byte allocation
D/dalvikvm(  390): GC_CONCURRENT freed 5K, 28% free 10807K/14919K, paused 29ms+33ms, total 155ms
D/dalvikvm(  390): WAIT_FOR_CONCURRENT_GC blocked 91ms
D/dalvikvm(  343): GC_CONCURRENT freed 382K, 7% free 6436K/6919K, paused 34ms+7ms, total 97ms
E/SQLiteLog(  481): (1) no such table: files
I/ContactsDatabaseHelper(  343): Locale change completed in 73786ms
I/ContactsDatabaseHelper(  343): Switching to locale en_US
E/WVMExtractor(   39): Failed to open libwvm.so
E/WVMExtractor(   39): Failed to open libwvm.so
D/dalvikvm(  390): GC_FOR_ALLOC freed 2848K, 39% free 9136K/14919K, paused 67ms, total 82ms
I/Choreographer(  390): Skipped 103 frames!  The application may be doing too much work on its main thread.
I/Choreographer(  390): Skipped 47 frames!  The application may be doing too much work on its main thread.
D/dalvikvm(  390): GC_CONCURRENT freed 27K, 33% free 10112K/14919K, paused 30ms+14ms, total 141ms
D/dalvikvm(  390): WAIT_FOR_CONCURRENT_GC blocked 10ms
I/Choreographer(  390): Skipped 199 frames!  The application may be doing too much work on its main thread.
E/WVMExtractor(   39): Failed to open libwvm.so
I/Choreographer(  390): Skipped 51 frames!  The application may be doing too much work on its main thread.
I/Choreographer(  390): Skipped 48 frames!  The application may be doing too much work on its main thread.
E/MetadataRetrieverClient(   39): failed to extract an album art
I/Choreographer(  390): Skipped 117 frames!  The application may be doing too much work on its main thread.
I/Choreographer(  390): Skipped 32 frames!  The application may be doing too much work on its main thread.
W/MediaProvider(  481): no database for scanned volume external
I/MediaProvider(  481): Upgrading media database from version 0 to 509, which will destroy all old data
I/ContactsDatabaseHelper(  343): Locale change completed in 5001ms
I/ContactsProvider(  343): Upgrading aggregation algorithm
I/ContactAggregator(  343): Marked all visible contacts for aggregation: 0 raw contacts, 8 ms
I/ContactsProvider(  343): Aggregation algorithm upgraded for 0 raw contacts in 63ms
I/ContactsFTS(  343): Rebuild contact search index in 156ms, 0 contacts
D/dalvikvm(  343): GC_CONCURRENT freed 453K, 8% free 6429K/6983K, paused 31ms+19ms, total 116ms
E/SQLiteLog(  481): (1) no such table: album_info
D/dalvikvm(  481): GREF has increased to 201
W/MediaScanner(  481): Error opening directory '/mnt/sdcard/.android_secure/', skipping: Permission denied.
V/MediaScanner(  481): pruneDeadThumbnailFiles... android.database.sqlite.SQLiteCursor@4107e978
V/MediaScanner(  481): /pruneDeadThumbnailFiles... android.database.sqlite.SQLiteCursor@4107e978
I/Choreographer(  249): Skipped 32 frames!  The application may be doing too much work on its main thread.
D/AndroidRuntime(  641): 
D/AndroidRuntime(  641): >>>>>> AndroidRuntime START com.android.internal.os.RuntimeInit <<<<<<
D/AndroidRuntime(  641): CheckJNI is ON
D/dalvikvm(  641): Trying to load lib libjavacore.so 0x0
D/dalvikvm(  641): Added shared lib libjavacore.so 0x0
D/dalvikvm(  641): Trying to load lib libnativehelper.so 0x0
D/dalvikvm(  641): Added shared lib libnativehelper.so 0x0
D/AndroidRuntime(  641): Calling main entry com.android.commands.pm.Pm
D/dalvikvm(   37): WAIT_FOR_CONCURRENT_GC blocked 0ms
I/ActivityManager(  149): Start proc com.android.defcontainer for service com.android.defcontainer/.DefaultContainerService: pid=651 uid=10029 gids={1015, 2001, 1028}
D/dalvikvm(   37): GC_EXPLICIT freed 37K, 5% free 5982K/6275K, paused 6ms+26ms, total 131ms
D/dalvikvm(   37): WAIT_FOR_CONCURRENT_GC blocked 0ms
E/Trace   (  651): error opening trace file: No such file or directory (2)
D/dalvikvm(   37): GC_EXPLICIT freed <1K, 5% free 5982K/6275K, paused 17ms+17ms, total 147ms
D/dalvikvm(   37): WAIT_FOR_CONCURRENT_GC blocked 0ms
D/dalvikvm(   37): GC_EXPLICIT freed <1K, 5% free 5982K/6275K, paused 6ms+6ms, total 131ms
W/ActivityManager(  149): No content provider found for permission revoke: file:///data/local/tmp/AUT.apk
W/ActivityManager(  149): No content provider found for permission revoke: file:///data/local/tmp/AUT.apk
D/dalvikvm(  149): GC_CONCURRENT freed 328K, 51% free 8441K/16903K, paused 19ms+23ms, total 140ms
D/dalvikvm(  149): GC_CONCURRENT freed 538K, 51% free 8440K/16903K, paused 20ms+10ms, total 122ms
I/PackageManager(  149): Running dexopt on: org.tomdroid
D/dalvikvm(  667): DexOpt: 'Landroid/annotation/SuppressLint;' has an earlier definition; blocking out
D/dalvikvm(  667): DexOpt: 'Landroid/annotation/TargetApi;' has an earlier definition; blocking out
D/dalvikvm(  667): DexOpt: not verifying/optimizing 'Landroid/annotation/SuppressLint;': multiple definitions
D/dalvikvm(  667): DexOpt: not verifying/optimizing 'Landroid/annotation/TargetApi;': multiple definitions
D/dalvikvm(  667): DexOpt: load 105ms, verify+opt 613ms, 754852 bytes
I/ActivityManager(  149): Force stopping package org.tomdroid uid=10044
D/dalvikvm(  149): GC_CONCURRENT freed 489K, 50% free 8463K/16903K, paused 23ms+31ms, total 175ms
D/PackageManager(  149): New package installed in /data/app/org.tomdroid-1.apk
D/PackageManager(  149): generateServicesMap(android.accounts.AccountAuthenticator): 2 services unchanged
I/InputReader(  149): Reconfiguring input devices.  changes=0x00000010
D/PackageManager(  149): generateServicesMap(android.content.SyncAdapter): 4 services unchanged
D/BackupManagerService(  149): Received broadcast Intent { act=android.intent.action.PACKAGE_ADDED dat=package:org.tomdroid flg=0x8000010 (has extras) }
W/InputMethodManagerService(  149): Found no subtypes in a system IME: com.android.inputmethod.pinyin
V/BackupManagerService(  149): addPackageParticipantsLocked: #1
I/ActivityManager(  149): Start proc com.svox.pico for broadcast com.svox.pico/.VoiceDataInstallerReceiver: pid=668 uid=10015 gids={1015, 1028}
I/AccountTypeManager(  461): Loaded meta-data for 1 account types, 0 accounts in 119ms(wall) 8ms(cpu)
E/Trace   (  668): error opening trace file: No such file or directory (2)
D/dalvikvm(  149): GC_CONCURRENT freed 670K, 51% free 8355K/16903K, paused 259ms+64ms, total 687ms
I/ActivityThread(  668): Pub com.svox.pico.providers.SettingsProvider: com.svox.pico.providers.SettingsProvider
I/Choreographer(  390): Skipped 647 frames!  The application may be doing too much work on its main thread.
D/dalvikvm(  390): GC_CONCURRENT freed 3243K, 46% free 8150K/14919K, paused 29ms+28ms, total 198ms
I/Choreographer(  390): Skipped 78 frames!  The application may be doing too much work on its main thread.
D/dalvikvm(  390): GC_FOR_ALLOC freed 77K, 43% free 8598K/14919K, paused 77ms, total 78ms
D/dalvikvm(  149): WAIT_FOR_CONCURRENT_GC blocked 0ms
D/dalvikvm(  461): GC_CONCURRENT freed 200K, 4% free 6223K/6471K, paused 9ms+5ms, total 783ms
D/dalvikvm(  390): GC_FOR_ALLOC freed 323K, 41% free 8866K/14919K, paused 153ms, total 156ms
D/dalvikvm(  390): GC_CONCURRENT freed 664K, 39% free 9157K/14919K, paused 48ms+8ms, total 125ms
D/dalvikvm(  390): WAIT_FOR_CONCURRENT_GC blocked 34ms
D/dalvikvm(  390): WAIT_FOR_CONCURRENT_GC blocked 89ms
D/dalvikvm(  390): WAIT_FOR_CONCURRENT_GC blocked 66ms
D/dalvikvm(  390): WAIT_FOR_CONCURRENT_GC blocked 60ms
D/dalvikvm(  390): GC_FOR_ALLOC freed 293K, 38% free 9299K/14919K, paused 60ms, total 70ms
I/dalvikvm-heap(  390): Grow heap (frag case) to 10.354MB for 1286224-byte allocation
D/dalvikvm(  390): GC_FOR_ALLOC freed 6K, 30% free 10549K/14919K, paused 102ms, total 102ms
