V/nofatclips(  255): Updating value FORCE_RESTART
V/nofatclips(  255): Updating value IN_AND_OUT_FOCUS
V/nofatclips(  255): Updating value PRECRAWLING
V/nofatclips(  255): Updating value SCREENSHOT_FOR_EVENTS
V/nofatclips(  255): Updating value SCREENSHOT_FOR_STATES
V/nofatclips(  255): Updating value SCREENSHOT_ONLY_NEW_STATES
V/nofatclips(  255): Updating value SLEEP_AFTER_EVENT
V/nofatclips(  255): Updating value SLEEP_AFTER_RESTART
V/nofatclips(  255): Updating value SLEEP_AFTER_TASK
V/nofatclips(  255): Updating value SLEEP_ON_THROBBER
I/nofatclips(  255): Waiting for 100 msec.
D/nofatclips(  255): Ready to operate after restarting...
I/nofatclips(  255): Current activity is Dashboard
W/nofatclips(  255): --->Dashboard
I/nofatclips(  255): Retrieving widgets
D/nofatclips(  255): No session to resume: task list not found. Will start from scratch.
I/nofatclips(  255): Starting a new session
D/nofatclips(  255): Performing backup of the old activity list on disk
D/nofatclips(  255): Saving new found state 'exit' on disk
V/nofatclips(  255): Opening state file in overwrite mode.
I/ActivityManager(   61): Start proc com.android.email for broadcast com.android.email/.service.EmailBroadcastReceiver: pid=296 uid=10028 gids={3003, 1015}
I/ActivityThread(  296): Pub com.android.email.provider: com.android.email.provider.EmailProvider
I/ActivityThread(  296): Pub com.android.email.attachmentprovider: com.android.email.provider.AttachmentProvider
I/ActivityThread(  296): Pub com.android.exchange.provider: com.android.exchange.provider.ExchangeProvider
D/EAS SyncManager(  296): !!! EAS SyncManager, onCreate
I/SearchManagerService(   61): Building list of searchable activities
I//system/bin/fsck_msdos(   29): ** Phase 1 - Read and Compare FATs
I//system/bin/fsck_msdos(   29): Attempting to allocate 998 KB for FAT
D/dalvikvm(  255): GC_CONCURRENT freed 182K, 48% free 3040K/5831K, external 1812K/2324K, paused 3ms+3ms
I/nofatclips(  255): Planning for new Activity Dashboard
I/nofatclips(  255): Created trace to press the menu button
I/nofatclips(  255): Created trace to change orientation
I/nofatclips(  255): Dispatching new task. 2 more tasks remaining.
D/nofatclips(  255): Saving task list on disk
V/nofatclips(  255): Backing up trace #0 to disk.
V/nofatclips(  255): Backing up trace #1 to disk.
D/nofatclips(  255): Deleting backup of the old activity list from disk
I/nofatclips(  255): Restarting
D/MediaScannerService(  244): start scanning volume internal
D/Eas Debug(  296): Logging: 
D/dalvikvm(  296): GC_CONCURRENT freed 496K, 54% free 2739K/5831K, external 716K/1038K, paused 3ms+4ms
D/EAS SyncManager(  296): !!! EAS SyncManager, onDestroy
I/InputReader(   61): Device reconfigured: id=0x0, name=qwerty2, display size is now 320x480
I/InputManager-Callbacks(   61): No virtual keys found for device qwerty2.
D/dalvikvm(  275): GC_CONCURRENT freed 492K, 54% free 2724K/5831K, external 716K/1038K, paused 2ms+48ms
I/ARMAssembler(   61): generated scanline__00000077:03515104_00001004_00000000 [ 65 ipp] (85 ins) at [0x46efd520:0x46efd674] in 531573 ns
I/ARMAssembler(   61): generated scanline__00000177:03515104_00001001_00000000 [ 91 ipp] (114 ins) at [0x46efd678:0x46efd840] in 343832 ns
I/nofatclips(  255): Waiting for 100 msec.
I/ARMAssembler(   61): generated scanline__00000177:03515104_00001002_00000000 [ 87 ipp] (110 ins) at [0x46efd848:0x46efda00] in 336563 ns
D/nofatclips(  255): Ready to operate after restarting...
I/nofatclips(  255): Retrieving widgets
D/nofatclips(  255): Found widget: id=16908290 (android.widget.FrameLayout@405a0e58)
D/nofatclips(  255): Found widget: id=2131165248 (android.widget.RelativeLayout@405a1b58)
D/nofatclips(  255): Found widget: id=2131165249 (android.widget.LinearLayout@405a21c0)
D/nofatclips(  255): Found widget: id=-1 (android.widget.ImageView@405a2708)
D/nofatclips(  255): Found widget: id=2131165250 (org.wordpress.android.util.WPTitleBar@4059c0e0)
D/nofatclips(  255): Found widget: id=2131165195 (android.widget.RelativeLayout@4050e728)
D/nofatclips(  255): Found widget: id=2131165196 (android.widget.RelativeLayout@405689d8)
D/nofatclips(  255): Found widget: id=2131165197 (android.widget.ImageView@4059d378)
D/nofatclips(  255): Found widget: id=2131165198 (android.widget.TextView@40541d48): Katie's Sweet Testing Blog
D/nofatclips(  255): Found widget: id=2131165199 (android.widget.ImageView@4055d5d8)
D/nofatclips(  255): Found widget: id=-1 (android.widget.RelativeLayout@40579940)
D/nofatclips(  255): Found widget: id=2131165200 (android.widget.ImageButton@4059d8a0)
D/nofatclips(  255): Found widget: id=-1 (android.widget.FrameLayout@4057ae28)
D/nofatclips(  255): Found widget: id=2131165201 (android.widget.Button@40542710): 
D/nofatclips(  255): Found widget: id=2131165202 (android.widget.ImageView@40593cd8)
D/nofatclips(  255): Found widget: id=2131165203 (android.widget.ImageView@4053cf08)
D/nofatclips(  255): Found widget: id=2131165204 (android.widget.LinearLayout@405695e0)
D/nofatclips(  255): Found widget: id=-1 (android.widget.FrameLayout@4059d110)
D/nofatclips(  255): Found widget: id=-1 (android.widget.LinearLayout@405300b0)
D/nofatclips(  255): Found widget: id=-1 (android.widget.LinearLayout@4050e538)
D/nofatclips(  255): Found widget: id=-1 (android.widget.LinearLayout@4052f6d0)
D/nofatclips(  255): Found widget: id=2131165251 (android.widget.LinearLayout@4052fd88)
D/nofatclips(  255): Found widget: id=-1 (android.widget.ImageView@40590780)
D/nofatclips(  255): Found widget: id=2131165256 (android.widget.TextView@4056b2d8): New Post
D/nofatclips(  255): Found widget: id=2131165253 (android.widget.LinearLayout@4059c318)
D/nofatclips(  255): Found widget: id=-1 (android.widget.ImageView@405310f0)
D/nofatclips(  255): Found widget: id=2131165256 (android.widget.TextView@4056bc10): New Page
D/nofatclips(  255): Found widget: id=-1 (android.widget.LinearLayout@405333a8)
D/nofatclips(  255): Found widget: id=2131165252 (android.widget.LinearLayout@40530d98)
D/nofatclips(  255): Found widget: id=-1 (android.widget.ImageView@405392a0)
D/nofatclips(  255): Found widget: id=2131165256 (android.widget.TextView@40577e08): Quick Photo
D/nofatclips(  255): Found widget: id=2131165254 (android.widget.LinearLayout@40547918)
D/nofatclips(  255): Found widget: id=-1 (android.widget.ImageView@40531c90)
D/nofatclips(  255): Found widget: id=2131165256 (android.widget.TextView@40578678): Quick Video
D/nofatclips(  255): Found widget: id=-1 (android.widget.LinearLayout@4052eb40)
D/nofatclips(  255): Found widget: id=-1 (android.widget.LinearLayout@40534360)
D/nofatclips(  255): Found widget: id=2131165255 (android.widget.LinearLayout@40535628)
D/nofatclips(  255): Found widget: id=-1 (android.widget.ImageView@40542cd0)
D/nofatclips(  255): Found widget: id=2131165256 (android.widget.TextView@40578d00): Posts
D/nofatclips(  255): Found widget: id=2131165257 (android.widget.LinearLayout@40546090)
D/nofatclips(  255): Found widget: id=-1 (android.widget.ImageView@40568d08)
D/nofatclips(  255): Found widget: id=2131165256 (android.widget.TextView@40537958): Pages
D/nofatclips(  255): Found widget: id=-1 (android.widget.FrameLayout@40534968)
D/nofatclips(  255): Found widget: id=2131165258 (android.widget.LinearLayout@40540650)
D/nofatclips(  255): Found widget: id=-1 (android.widget.ImageView@40537068)
D/nofatclips(  255): Found widget: id=2131165256 (android.widget.TextView@40539908): Comments
D/nofatclips(  255): Found widget: id=2131165259 (android.widget.FrameLayout@40544b40)
D/nofatclips(  255): Found widget: id=2131165260 (android.widget.ImageView@40546660)
D/nofatclips(  255): Found widget: id=2131165261 (org.wordpress.android.util.CommentBadgeTextView@4053a920): 0
D/nofatclips(  255): Found widget: id=-1 (android.widget.LinearLayout@405396e0)
D/nofatclips(  255): Found widget: id=2131165262 (android.widget.LinearLayout@40540cf8)
D/nofatclips(  255): Found widget: id=-1 (android.widget.ImageView@40541600)
D/nofatclips(  255): Found widget: id=2131165256 (android.widget.TextView@40540f40): Settings
D/nofatclips(  255): Found widget: id=2131165263 (android.widget.LinearLayout@40544598)
D/nofatclips(  255): Found widget: id=-1 (android.widget.ImageView@405604f0)
D/nofatclips(  255): Found widget: id=2131165256 (android.widget.TextView@40543280): Read
D/nofatclips(  255): Found widget: id=2131165264 (android.widget.LinearLayout@40561bd8)
D/nofatclips(  255): Found widget: id=-1 (android.widget.ImageView@40564490)
D/nofatclips(  255): Found widget: id=2131165256 (android.widget.TextView@4054ffd8): Stats
D/nofatclips(  255): Found widget: id=-1 (com.android.internal.policy.impl.PhoneWindow$DecorView@405a0558)
I/nofatclips(  255): Playing Trace 1
I/nofatclips(  255): Retrieved from return list id=16908290
D/nofatclips(  255): Testing for type (android.widget.FrameLayout) against the original (null)
I/nofatclips(  255): Firing event: type= openMenu name= widget=null
D/Email   (  296): BOOT_COMPLETED
D/dalvikvm(  255): GC_CONCURRENT freed 635K, 52% free 3134K/6407K, external 1812K/2324K, paused 7ms+3ms
D/EAS SyncManager(  296): !!! EAS SyncManager, onCreate
D/EAS SyncManager(  296): !!! EAS SyncManager, onStartCommand
D/EAS SyncManager(  296): !!! EAS SyncManager, stopping self
D/EAS SyncManager(  296): !!! EAS SyncManager, onDestroy
I/Launcher(  135): setLoadOnResume
I//system/bin/fsck_msdos(   29): Attempting to allocate 998 KB for FAT
D/dalvikvm(  135): GC_EXTERNAL_ALLOC freed 149K, 49% free 2992K/5767K, external 2618K/2620K, paused 162ms
W/KeyCharacterMap(  255): No keyboard for id 0
W/KeyCharacterMap(  255): Using default keymap: /system/usr/keychars/qwerty.kcm.bin
I//system/bin/fsck_msdos(   29): ** Phase 2 - Check Cluster Chains
I//system/bin/fsck_msdos(   29): ** Phase 3 - Checking Directories
I//system/bin/fsck_msdos(   29): ** Phase 4 - Checking for Lost Files
I//system/bin/fsck_msdos(   29): Next free cluster in FSInfo block (5) not free
I//system/bin/fsck_msdos(   29): FIXED
I//system/bin/fsck_msdos(   29): 3 files, 509980 free (254990 clusters)
I/Vold    (   29): Filesystem check completed OK
I/Vold    (   29): Device /dev/block/vold/179:0, target /mnt/sdcard mounted @ /mnt/secure/staging
D/Vold    (   29): Volume sdcard state changing 3 (Checking) -> 4 (Mounted)
I/PackageManager(   61): Updating external media status from unmounted to mounted
I/StorageNotification(  123): Media {/mnt/sdcard} state changed from {checking} -> {mounted}
D/VoldCmdListener(   29): asec list
I/PackageManager(   61): No secure containers on sdcard
W/PackageManager(   61): Unknown permission com.google.android.googleapps.permission.GOOGLE_AUTH.mail in package com.android.contacts
W/PackageManager(   61): Unknown permission android.permission.ADD_SYSTEM_SERVICE in package com.android.phone
I/Launcher(  135): setLoadOnResume
W/PackageManager(   61): Not granting permission android.permission.SEND_DOWNLOAD_COMPLETED_INTENTS to package com.android.browser (protectionLevel=2 flags=0x9be45)
W/PackageManager(   61): Unknown permission com.google.android.gm.permission.WRITE_GMAIL in package com.android.settings
W/PackageManager(   61): Unknown permission com.google.android.gm.permission.READ_GMAIL in package com.android.settings
W/PackageManager(   61): Unknown permission com.google.android.googleapps.permission.GOOGLE_AUTH in package com.android.settings
W/PackageManager(   61): Unknown permission com.google.android.googleapps.permission.GOOGLE_AUTH in package com.android.providers.contacts
W/PackageManager(   61): Unknown permission com.google.android.googleapps.permission.GOOGLE_AUTH.cp in package com.android.providers.contacts
W/PackageManager(   61): Unknown permission com.google.android.googleapps.permission.ACCESS_GOOGLE_PASSWORD in package com.android.development
W/PackageManager(   61): Unknown permission com.google.android.googleapps.permission.GOOGLE_AUTH in package com.android.development
W/PackageManager(   61): Unknown permission com.google.android.googleapps.permission.GOOGLE_AUTH.ALL_SERVICES in package com.android.development
W/PackageManager(   61): Unknown permission com.google.android.googleapps.permission.GOOGLE_AUTH.YouTubeUser in package com.android.development
W/PackageManager(   61): Unknown permission android.permission.READ_OWNER_DATA in package com.android.email
W/PackageManager(   61): Not granting permission android.permission.DEVICE_POWER to package com.android.deskclock (protectionLevel=2 flags=0x8be45)
W/ImageDownloader(  255): Error 404 while retrieving bitmap from http://gravatar.com/blavatar/44d338f29053dbb888da79dcf98df489?s=60&d=404
D/dalvikvm(  182): GC_CONCURRENT freed 226K, 51% free 2818K/5703K, external 716K/1038K, paused 2ms+3ms
D/szipinf (  182): Initializing inflate state
D/MediaScanner(  244):  prescan time: 934ms
D/dalvikvm(  244): GC_CONCURRENT freed 525K, 55% free 2646K/5831K, external 716K/1038K, paused 3ms+3ms
D/MediaScanner(  244):     scan time: 68ms
D/MediaScanner(  244): postscan time: 0ms
D/MediaScanner(  244):    total time: 1002ms
D/MediaScannerService(  244): done scanning volume internal
D/MediaScannerService(  244): start scanning volume external
I/nofatclips(  255): Waiting for 100 msec.
V/MediaProvider(  244): /mnt/sdcard volume ID: 419629596
I/dalvikvm(   61): Jit: resizing JitTable from 512 to 1024
I/nofatclips(  255): Current activity is Dashboard
I/nofatclips(  255): Retrieving widgets
D/nofatclips(  255): Found widget: id=16908726 (com.android.internal.view.menu.IconMenuView@4061a580)
D/nofatclips(  255): Found widget: id=16908310 (com.android.internal.view.menu.IconMenuItemView@40616c18): Add Account
D/nofatclips(  255): Found widget: id=16908310 (com.android.internal.view.menu.IconMenuItemView@40618d40): Preferences
D/nofatclips(  255): Found widget: id=16908310 (com.android.internal.view.menu.IconMenuItemView@4061c948): Remove Blog
D/nofatclips(  255): Found widget: id=16908310 (com.android.internal.view.menu.IconMenuItemView@4061d680): About
D/nofatclips(  255): Found widget: id=-1 (com.android.internal.policy.impl.PhoneWindow$DecorView@405dcaf8)
V/ReflectionHelper(  255): com.android.internal.view.menu.IconMenuView > mOnFocusChangeListener FOUND | NOT ACTIVE
V/nicola  (  255): TextualID : null
V/nicola  (  255): ContentType detected : default
V/nicola  (  255): TextualID : null
V/nicola  (  255): ContentType detected : default
V/nicola  (  255): TextualID : null
V/nicola  (  255): ContentType detected : default
V/nicola  (  255): TextualID : null
V/nicola  (  255): ContentType detected : default
I/nofatclips(  255): Performing comparation for activity Dashboard
D/nofatclips(  255): Comparing against activity Dashboard
I/nofatclips(  255): Registering activity Dashboard (id: a2) as a new found state
D/nofatclips(  255): Performing backup of the old activity list on disk
D/nofatclips(  255): Saving new found state 'a2' on disk
V/nofatclips(  255): Opening state file in append mode.
I/nofatclips(  255): Saved image on disk: a2.jpg
I/nofatclips(  255): Waiting for 100 msec.
D/dalvikvm(  119): GREF has increased to 201
I/nofatclips(  255): Session count is 1. Will dump to disk at 1
I/nofatclips(  255): Saving the session on disk. This is the first batch: the file will be created.
I/nofatclips(  255): Planning for new Activity Dashboard
D/nofatclips(  255): Handling event 'click' on widget id=16908310 type=menuItem name=Add Account
D/nofatclips(  255): Handling event 'click' on widget id=16908310 type=menuItem name=Preferences
D/nofatclips(  255): Handling event 'click' on widget id=16908310 type=menuItem name=Remove Blog
D/nofatclips(  255): Handling event 'click' on widget id=16908310 type=menuItem name=About
I/nofatclips(  255): Created trace to press the back button
I/nofatclips(  255): Created trace to press the menu button
I/nofatclips(  255): Created trace to change orientation
I/nofatclips(  255): Check for termination: 99 steps left of 100
I/nofatclips(  255): Dispatching new task. 2 more tasks remaining.
D/nofatclips(  255): Performing backup of the old task list on disk
D/nofatclips(  255): Saving task list on disk
V/nofatclips(  255): Backing up trace #6 to disk.
V/nofatclips(  255): Backing up trace #7 to disk.
D/dalvikvm(  255): GC_CONCURRENT freed 684K, 50% free 3361K/6599K, external 2188K/2324K, paused 3ms+7ms
D/nofatclips(  255): Deleting backup of the old task list from disk
D/nofatclips(  255): Deleting backup of the old activity list from disk
I/nofatclips(  255): Incrementally Playing Trace 7
I/nofatclips(  255): Retrieved from return list id=16908726
D/nofatclips(  255): Testing for type (com.android.internal.view.menu.IconMenuView) against the original (null)
I/nofatclips(  255): Firing event: type= openMenu name= widget=null
V/MediaProvider(  244): Attached volume: external
V/MediaScanner(  244): pruneDeadThumbnailFiles... android.database.sqlite.SQLiteCursor@40590408
V/MediaScanner(  244): /pruneDeadThumbnailFiles... android.database.sqlite.SQLiteCursor@40590408
D/MediaScanner(  244):  prescan time: 109ms
D/MediaScanner(  244):     scan time: 2ms
D/MediaScanner(  244): postscan time: 30ms
D/MediaScanner(  244):    total time: 141ms
D/MediaScannerService(  244): done scanning volume external
I/ContactsDatabaseHelper(  182): Locale change completed in 8463ms
D/szipinf (  135): Initializing inflate state
I/nofatclips(  255): Waiting for 100 msec.
W/InputManagerService(   61): Window already focused, ignoring focus gain of: com.android.internal.view.IInputMethodClient$Stub$Proxy@4074f138
I/nofatclips(  255): Current activity is Dashboard
I/nofatclips(  255): Retrieving widgets
D/nofatclips(  255): Found widget: id=16908290 (android.widget.FrameLayout@405a0e58)
D/nofatclips(  255): Found widget: id=2131165248 (android.widget.RelativeLayout@405a1b58)
D/nofatclips(  255): Found widget: id=2131165249 (android.widget.LinearLayout@405a21c0)
D/nofatclips(  255): Found widget: id=-1 (android.widget.ImageView@405a2708)
D/nofatclips(  255): Found widget: id=2131165250 (org.wordpress.android.util.WPTitleBar@4059c0e0)
D/nofatclips(  255): Found widget: id=2131165195 (android.widget.RelativeLayout@4050e728)
D/nofatclips(  255): Found widget: id=2131165196 (android.widget.RelativeLayout@405689d8)
D/nofatclips(  255): Found widget: id=2131165197 (android.widget.ImageView@4059d378)
D/nofatclips(  255): Found widget: id=2131165198 (android.widget.TextView@40541d48): Katie's Sweet Testing Blog
D/nofatclips(  255): Found widget: id=2131165199 (android.widget.ImageView@4055d5d8)
D/nofatclips(  255): Found widget: id=-1 (android.widget.RelativeLayout@40579940)
D/nofatclips(  255): Found widget: id=2131165200 (android.widget.ImageButton@4059d8a0)
D/nofatclips(  255): Found widget: id=-1 (android.widget.FrameLayout@4057ae28)
D/nofatclips(  255): Found widget: id=2131165201 (android.widget.Button@40542710): 
D/nofatclips(  255): Found widget: id=2131165202 (android.widget.ImageView@40593cd8)
D/nofatclips(  255): Found widget: id=2131165203 (android.widget.ImageView@4053cf08)
D/nofatclips(  255): Found widget: id=2131165204 (android.widget.LinearLayout@405695e0)
D/nofatclips(  255): Found widget: id=-1 (android.widget.FrameLayout@4059d110)
D/nofatclips(  255): Found widget: id=-1 (android.widget.LinearLayout@405300b0)
D/nofatclips(  255): Found widget: id=-1 (android.widget.LinearLayout@4050e538)
D/nofatclips(  255): Found widget: id=-1 (android.widget.LinearLayout@4052f6d0)
D/nofatclips(  255): Found widget: id=2131165251 (android.widget.LinearLayout@4052fd88)
D/nofatclips(  255): Found widget: id=-1 (android.widget.ImageView@40590780)
D/nofatclips(  255): Found widget: id=2131165256 (android.widget.TextView@4056b2d8): New Post
D/nofatclips(  255): Found widget: id=2131165253 (android.widget.LinearLayout@4059c318)
D/nofatclips(  255): Found widget: id=-1 (android.widget.ImageView@405310f0)
D/nofatclips(  255): Found widget: id=2131165256 (android.widget.TextView@4056bc10): New Page
D/nofatclips(  255): Found widget: id=-1 (android.widget.LinearLayout@405333a8)
D/nofatclips(  255): Found widget: id=2131165252 (android.widget.LinearLayout@40530d98)
D/nofatclips(  255): Found widget: id=-1 (android.widget.ImageView@405392a0)
D/nofatclips(  255): Found widget: id=2131165256 (android.widget.TextView@40577e08): Quick Photo
D/nofatclips(  255): Found widget: id=2131165254 (android.widget.LinearLayout@40547918)
D/nofatclips(  255): Found widget: id=-1 (android.widget.ImageView@40531c90)
D/nofatclips(  255): Found widget: id=2131165256 (android.widget.TextView@40578678): Quick Video
D/nofatclips(  255): Found widget: id=-1 (android.widget.LinearLayout@4052eb40)
D/nofatclips(  255): Found widget: id=-1 (android.widget.LinearLayout@40534360)
D/nofatclips(  255): Found widget: id=2131165255 (android.widget.LinearLayout@40535628)
D/nofatclips(  255): Found widget: id=-1 (android.widget.ImageView@40542cd0)
D/nofatclips(  255): Found widget: id=2131165256 (android.widget.TextView@40578d00): Posts
D/nofatclips(  255): Found widget: id=2131165257 (android.widget.LinearLayout@40546090)
D/nofatclips(  255): Found widget: id=-1 (android.widget.ImageView@40568d08)
D/nofatclips(  255): Found widget: id=2131165256 (android.widget.TextView@40537958): Pages
D/nofatclips(  255): Found widget: id=-1 (android.widget.FrameLayout@40534968)
D/nofatclips(  255): Found widget: id=2131165258 (android.widget.LinearLayout@40540650)
D/nofatclips(  255): Found widget: id=-1 (android.widget.ImageView@40537068)
D/nofatclips(  255): Found widget: id=2131165256 (android.widget.TextView@40539908): Comments
D/nofatclips(  255): Found widget: id=2131165259 (android.widget.FrameLayout@40544b40)
D/nofatclips(  255): Found widget: id=2131165260 (android.widget.ImageView@40546660)
D/nofatclips(  255): Found widget: id=2131165261 (org.wordpress.android.util.CommentBadgeTextView@4053a920): 0
D/nofatclips(  255): Found widget: id=-1 (android.widget.LinearLayout@405396e0)
D/nofatclips(  255): Found widget: id=2131165262 (android.widget.LinearLayout@40540cf8)
D/nofatclips(  255): Found widget: id=-1 (android.widget.ImageView@40541600)
D/nofatclips(  255): Found widget: id=2131165256 (android.widget.TextView@40540f40): Settings
D/nofatclips(  255): Found widget: id=2131165263 (android.widget.LinearLayout@40544598)
D/nofatclips(  255): Found widget: id=-1 (android.widget.ImageView@405604f0)
D/nofatclips(  255): Found widget: id=2131165256 (android.widget.TextView@40543280): Read
D/nofatclips(  255): Found widget: id=2131165264 (android.widget.LinearLayout@40561bd8)
D/nofatclips(  255): Found widget: id=-1 (android.widget.ImageView@40564490)
D/nofatclips(  255): Found widget: id=2131165256 (android.widget.TextView@4054ffd8): Stats
D/nofatclips(  255): Found widget: id=-1 (com.android.internal.policy.impl.PhoneWindow$DecorView@405a0558)
V/nicola  (  255): TextualID : blog_title
V/nicola  (  255): ContentType detected : default
V/nicola  (  255): TextualID : action_refresh
V/nicola  (  255): ContentType detected : default
V/nicola  (  255): TextualID : button_text
V/nicola  (  255): ContentType detected : default
V/nicola  (  255): TextualID : button_text
V/nicola  (  255): ContentType detected : default
I/dalvikvm(  255): Jit: resizing JitTable from 512 to 1024
V/nicola  (  255): TextualID : button_text
V/nicola  (  255): ContentType detected : default
V/nicola  (  255): TextualID : button_text
V/nicola  (  255): ContentType detected : default
V/nicola  (  255): TextualID : button_text
V/nicola  (  255): ContentType detected : default
V/nicola  (  255): TextualID : button_text
V/nicola  (  255): ContentType detected : default
V/nicola  (  255): TextualID : button_text
V/nicola  (  255): ContentType detected : default
V/nicola  (  255): TextualID : button_text
V/nicola  (  255): ContentType detected : default
V/nicola  (  255): TextualID : button_text
V/nicola  (  255): ContentType detected : default
V/nicola  (  255): TextualID : button_text
V/nicola  (  255): ContentType detected : default
I/nofatclips(  255): Performing comparation for activity Dashboard
D/nofatclips(  255): Comparing against activity Dashboard
D/nofatclips(  255): Comparing against activity Dashboard
I/nofatclips(  255): Registering activity Dashboard (id: a3) as a new found state
D/nofatclips(  255): Performing backup of the old activity list on disk
D/nofatclips(  255): Saving new found state 'a3' on disk
V/nofatclips(  255): Opening state file in append mode.
D/dalvikvm(  255): GC_EXTERNAL_ALLOC freed 928K, 52% free 3311K/6855K, external 2022K/2324K, paused 84ms
D/dalvikvm(  255): GC_EXTERNAL_ALLOC freed 56K, 53% free 3255K/6855K, external 2044K/2556K, paused 49ms
I/nofatclips(  255): Saved image on disk: a3.jpg
I/nofatclips(  255): Waiting for 100 msec.
D/dalvikvm(  135): GC_EXPLICIT freed 231K, 50% free 2927K/5767K, external 2249K/2294K, paused 40ms
I/nofatclips(  255): Session count is 1. Will dump to disk at 1
I/nofatclips(  255): Saving the session on disk.
I/nofatclips(  255): Planning for new Activity Dashboard
D/nofatclips(  255): Handling event 'click' on widget id=2131165200 type=button name=
D/nofatclips(  255): Handling event 'click' on widget id=2131165201 type=button name=
D/nofatclips(  255): Handling event 'click' on widget id=2131165204 type=linearLayout name=
D/nofatclips(  255): Handling event 'click' on widget id=2131165251 type=linearLayout name=
D/nofatclips(  255): Handling event 'click' on widget id=2131165253 type=linearLayout name=
D/nofatclips(  255): Handling event 'click' on widget id=2131165252 type=linearLayout name=
D/nofatclips(  255): Handling event 'click' on widget id=2131165254 type=linearLayout name=
D/nofatclips(  255): Handling event 'click' on widget id=2131165255 type=linearLayout name=
D/nofatclips(  255): Handling event 'click' on widget id=2131165257 type=linearLayout name=
D/dalvikvm(  255): GC_CONCURRENT freed 932K, 52% free 3354K/6919K, external 2644K/3302K, paused 3ms+3ms
D/nofatclips(  255): Handling event 'click' on widget id=2131165258 type=linearLayout name=
D/nofatclips(  255): Handling event 'click' on widget id=2131165262 type=linearLayout name=
D/nofatclips(  255): Handling event 'click' on widget id=2131165263 type=linearLayout name=
D/nofatclips(  255): Handling event 'click' on widget id=2131165264 type=linearLayout name=
I/nofatclips(  255): Created trace to press the back button
I/nofatclips(  255): Created trace to press the menu button
I/nofatclips(  255): Created trace to change orientation
I/nofatclips(  255): Check for termination: 98 steps left of 100
I/nofatclips(  255): Dispatching new task. 2 more tasks remaining.
D/nofatclips(  255): Performing backup of the old task list on disk
D/nofatclips(  255): Saving task list on disk
V/nofatclips(  255): Backing up trace #21 to disk.
V/nofatclips(  255): Backing up trace #22 to disk.
D/nofatclips(  255): Deleting backup of the old task list from disk
D/nofatclips(  255): Deleting backup of the old activity list from disk
I/nofatclips(  255): Incrementally Playing Trace 22
I/nofatclips(  255): Retrieved from return list id=16908290
D/nofatclips(  255): Testing for type (android.widget.FrameLayout) against the original (null)
I/nofatclips(  255): Firing event: type= changeOrientation name= widget=null
D/dalvikvm(  255): GC_CONCURRENT freed 1297K, 55% free 3272K/7175K, external 2044K/2644K, paused 4ms+8ms
I/WindowManager(   61): Setting rotation to 1, animFlags=1
I/ActivityManager(   61): Config changed: { scale=1.0 imsi=310/260 loc=en_US touch=3 keys=2/1/2 nav=1/1 orien=2 layout=18 uiMode=17 seq=5}
I/nofatclips(  255): Waiting for 100 msec.
I/dalvikvm(  255): Jit: resizing JitTable from 1024 to 2048
W/WindowManager(   61): Window freeze timeout expired.
W/WindowManager(   61): Force clearing orientation change: Window{40720e08 org.wordpress.android/org.wordpress.android.Dashboard paused=false}
I/nofatclips(  255): Current activity is Dashboard
I/nofatclips(  255): Retrieving widgets
D/nofatclips(  255): Found widget: id=16908290 (android.widget.FrameLayout@405a0e58)
D/nofatclips(  255): Found widget: id=2131165248 (android.widget.RelativeLayout@405a1b58)
D/nofatclips(  255): Found widget: id=2131165249 (android.widget.LinearLayout@405a21c0)
D/nofatclips(  255): Found widget: id=-1 (android.widget.ImageView@405a2708)
D/nofatclips(  255): Found widget: id=2131165250 (org.wordpress.android.util.WPTitleBar@4059c0e0)
D/nofatclips(  255): Found widget: id=2131165195 (android.widget.RelativeLayout@4050e728)
D/nofatclips(  255): Found widget: id=2131165196 (android.widget.RelativeLayout@405689d8)
D/nofatclips(  255): Found widget: id=2131165197 (android.widget.ImageView@4059d378)
D/nofatclips(  255): Found widget: id=2131165198 (android.widget.TextView@40541d48): Katie's Sweet Testing Blog
D/nofatclips(  255): Found widget: id=2131165199 (android.widget.ImageView@4055d5d8)
D/nofatclips(  255): Found widget: id=-1 (android.widget.RelativeLayout@40579940)
D/nofatclips(  255): Found widget: id=2131165200 (android.widget.ImageButton@4059d8a0)
D/nofatclips(  255): Found widget: id=-1 (android.widget.FrameLayout@4057ae28)
D/nofatclips(  255): Found widget: id=2131165201 (android.widget.Button@40542710): 
D/nofatclips(  255): Found widget: id=2131165202 (android.widget.ImageView@40593cd8)
D/nofatclips(  255): Found widget: id=2131165203 (android.widget.ImageView@4053cf08)
D/nofatclips(  255): Found widget: id=2131165249 (android.widget.LinearLayout@406c6fc0)
D/nofatclips(  255): Found widget: id=-1 (android.widget.FrameLayout@406c8290)
D/nofatclips(  255): Found widget: id=-1 (android.widget.LinearLayout@406c9348)
D/nofatclips(  255): Found widget: id=-1 (android.widget.LinearLayout@406ca3a0)
D/nofatclips(  255): Found widget: id=-1 (android.widget.LinearLayout@406cb458)
D/nofatclips(  255): Found widget: id=2131165251 (android.widget.LinearLayout@4066af80)
D/nofatclips(  255): Found widget: id=-1 (android.widget.ImageView@4061f508)
D/nofatclips(  255): Found widget: id=-1 (android.widget.TextView@40651330): New Post
D/nofatclips(  255): Found widget: id=2131165252 (android.widget.LinearLayout@40655708)
D/nofatclips(  255): Found widget: id=-1 (android.widget.ImageView@40655858)
D/nofatclips(  255): Found widget: id=-1 (android.widget.TextView@4065db08): Quick Photo
D/nofatclips(  255): Found widget: id=-1 (android.widget.LinearLayout@406559a8)
D/nofatclips(  255): Found widget: id=2131165253 (android.widget.LinearLayout@4065dd78)
D/nofatclips(  255): Found widget: id=-1 (android.widget.ImageView@4065df20)
D/nofatclips(  255): Found widget: id=-1 (android.widget.TextView@4065e070): New Page
D/nofatclips(  255): Found widget: id=2131165254 (android.widget.LinearLayout@4061e678)
D/nofatclips(  255): Found widget: id=-1 (android.widget.ImageView@4061e7c8)
D/nofatclips(  255): Found widget: id=-1 (android.widget.TextView@4055c730): Quick Video
D/nofatclips(  255): Found widget: id=-1 (android.widget.LinearLayout@4061e918)
D/nofatclips(  255): Found widget: id=-1 (android.widget.LinearLayout@4055c9a0)
D/nofatclips(  255): Found widget: id=2131165255 (android.widget.LinearLayout@40612b18)
D/nofatclips(  255): Found widget: id=-1 (android.widget.ImageView@40612c68)
D/nofatclips(  255): Found widget: id=2131165256 (android.widget.TextView@405591e8): Posts
D/nofatclips(  255): Found widget: id=2131165257 (android.widget.LinearLayout@40612db8)
D/nofatclips(  255): Found widget: id=-1 (android.widget.ImageView@4055a468)
D/nofatclips(  255): Found widget: id=2131165256 (android.widget.TextView@406c3f30): Pages
D/nofatclips(  255): Found widget: id=-1 (android.widget.FrameLayout@405c9ed8)
D/nofatclips(  255): Found widget: id=2131165258 (android.widget.LinearLayout@405ca120)
D/nofatclips(  255): Found widget: id=-1 (android.widget.ImageView@406f18b8)
D/nofatclips(  255): Found widget: id=2131165256 (android.widget.TextView@406dfd18): Comments
D/nofatclips(  255): Found widget: id=2131165259 (android.widget.FrameLayout@406dffe0)
D/nofatclips(  255): Found widget: id=2131165260 (android.widget.ImageView@4060ee30)
D/nofatclips(  255): Found widget: id=2131165261 (org.wordpress.android.util.CommentBadgeTextView@405d83f0): 0
D/nofatclips(  255): Found widget: id=-1 (android.widget.LinearLayout@40652350)
D/nofatclips(  255): Found widget: id=2131165262 (android.widget.LinearLayout@40609a28)
D/nofatclips(  255): Found widget: id=-1 (android.widget.ImageView@40658f40)
D/nofatclips(  255): Found widget: id=2131165256 (android.widget.TextView@405c8618): Settings
D/nofatclips(  255): Found widget: id=2131165263 (android.widget.LinearLayout@405d45c0)
D/nofatclips(  255): Found widget: id=-1 (android.widget.ImageView@40571070)
D/nofatclips(  255): Found widget: id=2131165256 (android.widget.TextView@405c50d0): Read
D/nofatclips(  255): Found widget: id=2131165264 (android.widget.LinearLayout@406700b0)
D/nofatclips(  255): Found widget: id=-1 (android.widget.ImageView@406698c8)
D/nofatclips(  255): Found widget: id=2131165256 (android.widget.TextView@40559618): Stats
D/nofatclips(  255): Found widget: id=-1 (com.android.internal.policy.impl.PhoneWindow$DecorView@405a0558)
V/nicola  (  255): TextualID : blog_title
V/nicola  (  255): ContentType detected : default
V/nicola  (  255): TextualID : action_refresh
V/nicola  (  255): ContentType detected : default
V/nicola  (  255): TextualID : null
V/nicola  (  255): ContentType detected : default
V/nicola  (  255): TextualID : null
V/nicola  (  255): ContentType detected : default
V/nicola  (  255): TextualID : null
V/nicola  (  255): ContentType detected : default
V/nicola  (  255): TextualID : null
V/nicola  (  255): ContentType detected : default
V/nicola  (  255): TextualID : button_text
V/nicola  (  255): ContentType detected : default
V/nicola  (  255): TextualID : button_text
V/nicola  (  255): ContentType detected : default
V/nicola  (  255): TextualID : button_text
V/nicola  (  255): ContentType detected : default
V/nicola  (  255): TextualID : button_text
V/nicola  (  255): ContentType detected : default
V/nicola  (  255): TextualID : button_text
V/nicola  (  255): ContentType detected : default
V/nicola  (  255): TextualID : button_text
V/nicola  (  255): ContentType detected : default
I/nofatclips(  255): Performing comparation for activity Dashboard
D/nofatclips(  255): Comparing against activity Dashboard
D/nofatclips(  255): Comparing against activity Dashboard
D/nofatclips(  255): Comparing against activity Dashboard
I/nofatclips(  255): Registering activity Dashboard (id: a4) as a new found state
D/nofatclips(  255): Performing backup of the old activity list on disk
D/nofatclips(  255): Saving new found state 'a4' on disk
V/nofatclips(  255): Opening state file in append mode.
D/dalvikvm(  255): GC_CONCURRENT freed 816K, 53% free 3376K/7175K, external 2426K/2644K, paused 5ms+6ms
D/dalvikvm(  255): GC_EXTERNAL_ALLOC freed 83K, 54% free 3335K/7175K, external 2194K/2644K, paused 81ms
I/nofatclips(  255): Saved image on disk: a4.jpg
I/nofatclips(  255): Waiting for 100 msec.
I/nofatclips(  255): Session count is 1. Will dump to disk at 1
I/nofatclips(  255): Saving the session on disk.
D/dalvikvm(   61): GC_EXPLICIT freed 721K, 45% free 4152K/7495K, external 1865K/3065K, paused 325ms
I/nofatclips(  255): Planning for new Activity Dashboard
D/nofatclips(  255): Handling event 'click' on widget id=2131165200 type=button name=
D/nofatclips(  255): Handling event 'click' on widget id=2131165201 type=button name=
D/nofatclips(  255): Handling event 'click' on widget id=2131165249 type=linearLayout name=
D/nofatclips(  255): Handling event 'click' on widget id=2131165251 type=linearLayout name=
D/nofatclips(  255): Handling event 'click' on widget id=2131165252 type=linearLayout name=
D/nofatclips(  255): Handling event 'click' on widget id=2131165253 type=linearLayout name=
D/nofatclips(  255): Handling event 'click' on widget id=2131165254 type=linearLayout name=
D/nofatclips(  255): Handling event 'click' on widget id=2131165255 type=linearLayout name=
D/nofatclips(  255): Handling event 'click' on widget id=2131165257 type=linearLayout name=
D/nofatclips(  255): Handling event 'click' on widget id=2131165258 type=linearLayout name=
D/dalvikvm(  255): GC_CONCURRENT freed 1019K, 53% free 3416K/7175K, external 2644K/2644K, paused 4ms+3ms
D/nofatclips(  255): Handling event 'click' on widget id=2131165262 type=linearLayout name=
D/nofatclips(  255): Handling event 'click' on widget id=2131165263 type=linearLayout name=
D/nofatclips(  255): Handling event 'click' on widget id=2131165264 type=linearLayout name=
I/nofatclips(  255): Created trace to press the back button
I/nofatclips(  255): Created trace to press the menu button
I/nofatclips(  255): Created trace to change orientation
I/nofatclips(  255): Check for termination: 97 steps left of 100
I/nofatclips(  255): Dispatching new task. 2 more tasks remaining.
D/nofatclips(  255): Performing backup of the old task list on disk
D/nofatclips(  255): Saving task list on disk
V/nofatclips(  255): Backing up trace #36 to disk.
V/nofatclips(  255): Backing up trace #37 to disk.
D/nofatclips(  255): Deleting backup of the old task list from disk
D/nofatclips(  255): Deleting backup of the old activity list from disk
I/nofatclips(  255): Incrementally Playing Trace 37
I/nofatclips(  255): Retrieved from return list id=2131165254
D/nofatclips(  255): Testing for type (android.widget.LinearLayout) against the original (android.widget.LinearLayout)
D/nofatclips(  255): Testing for name () against the original ()
I/nofatclips(  255): Firing event: type= click index=31 widget=android.widget.LinearLayout
D/dalvikvm(  255): GC_CONCURRENT freed 1291K, 54% free 3341K/7239K, external 2044K/2644K, paused 3ms+3ms
D/nofatclips(  255): Event description: Quick Video
I/ActivityManager(   61): Starting: Intent { cmp=org.wordpress.android/.EditPost (has extras) } from pid 255
I/nofatclips(  255): Waiting for 100 msec.
I/ActivityManager(   61): Starting: Intent { flg=0x10000 cmp=org.wordpress.android/.EditContent (has extras) } from pid 255
I/ActivityManager(   61): Starting: Intent { act=android.media.action.VIDEO_CAPTURE cmp=com.android.camera/.VideoCamera } from pid 255
I/ActivityManager(   61): Start proc com.android.camera for activity com.android.camera/.VideoCamera: pid=316 uid=10025 gids={1006, 1015}
I/nofatclips(  255): Current activity is EditContent
I/nofatclips(  255): Retrieving widgets
I/nofatclips(  255): Exit state. Not performing comparation for activity EditContent
I/nofatclips(  255): Waiting for 100 msec.
I/nofatclips(  255): Session count is 1. Will dump to disk at 1
I/nofatclips(  255): Saving the session on disk.
I/nofatclips(  255): Check for termination: 96 steps left of 100
I/nofatclips(  255): Saving the session on disk. This is the last batch. The session will be terminated.
D/nofatclips(  255): Performing backup of the old task list on disk
D/nofatclips(  255): Saving task list on disk
V/nofatclips(  255): Backing up trace #36 to disk.
D/nofatclips(  255): Deleting backup of the old task list from disk
D/installd(   35): DexInv: --- BEGIN '/system/app/Camera.apk' ---
D/dalvikvm(  255): GC_EXPLICIT freed 639K, 53% free 3451K/7239K, external 2301K/2644K, paused 124ms
D/dalvikvm(  255): GC_EXPLICIT freed 48K, 53% free 3424K/7239K, external 2301K/2644K, paused 185ms
I/TestRunner(  255): finished: testAndCrawl(com.nofatclips.crawler.guitree.NomadEngine)
I/TestRunner(  255): passed: testAndCrawl(com.nofatclips.crawler.guitree.NomadEngine)
E/InstrumentationTestRunner(  255): Failed to generate emma coverage. Is emma jar on classpath?
E/InstrumentationTestRunner(  255): java.lang.ClassNotFoundException: com.vladium.emma.rt.RT
E/InstrumentationTestRunner(  255): 	at java.lang.Class.classForName(Native Method)
E/InstrumentationTestRunner(  255): 	at java.lang.Class.forName(Class.java:234)
E/InstrumentationTestRunner(  255): 	at java.lang.Class.forName(Class.java:181)
E/InstrumentationTestRunner(  255): 	at android.test.InstrumentationTestRunner.generateCoverageReport(InstrumentationTestRunner.java:578)
E/InstrumentationTestRunner(  255): 	at android.test.InstrumentationTestRunner.onStart(InstrumentationTestRunner.java:545)
E/InstrumentationTestRunner(  255): 	at android.app.Instrumentation$InstrumentationThread.run(Instrumentation.java:1448)
E/InstrumentationTestRunner(  255): Caused by: java.lang.NoClassDefFoundError: com.vladium.emma.rt.RT
E/InstrumentationTestRunner(  255): 	... 6 more
E/InstrumentationTestRunner(  255): Caused by: java.lang.ClassNotFoundException: com.vladium.emma.rt.RT in loader dalvik.system.PathClassLoader[/system/framework/android.test.runner.jar:/data/app/com.nofatclips.crawler-1.apk:/data/app/org.wordpress.android-1.apk]
E/InstrumentationTestRunner(  255): 	at dalvik.system.PathClassLoader.findClass(PathClassLoader.java:240)
E/InstrumentationTestRunner(  255): 	at java.lang.ClassLoader.loadClass(ClassLoader.java:551)
E/InstrumentationTestRunner(  255): 	at java.lang.ClassLoader.loadClass(ClassLoader.java:511)
E/InstrumentationTestRunner(  255): 	... 6 more
D/dalvikvm(  324): DexOpt: load 117ms, verify+opt 489ms
D/installd(   35): DexInv: --- END '/system/app/Camera.apk' (success) ---
D/AndroidRuntime(  213): Shutting down VM
I/ActivityManager(   61): Force stopping package org.wordpress.android uid=10034
I/AndroidRuntime(  213): NOTE: attach of thread 'Binder Thread #3' failed
D/dalvikvm(  213): GC_CONCURRENT freed 103K, 71% free 297K/1024K, external 0K/0K, paused 1ms+6ms
D/jdwp    (  213): adbd disconnected
I/Process (   61): Sending signal. PID: 255 SIG: 9
I/ActivityManager(   61):   Force finishing activity HistoryRecord{405db600 org.wordpress.android/.EditPost}
V/videocamera(  316): startPreview
V/CameraHolder(  316): open camera 0
D/CameraHardwareStub(   34): initHeapLocked: preview size=320x240
I/StagefrightPlayer(   34): setDataSource('/system/media/audio/ui/camera_click.ogg')
I/StagefrightPlayer(   34): setDataSource('/system/media/audio/ui/VideoRecord.ogg')
D/Camera  (  316): app passed NULL surface
I/DEBUG   (   31): debuggerd: Feb  3 2011 14:45:34
D/qemud   (   38): entering main loop
I/Vold    (   29): Vold 2.1 (the revenge) firing up
D/Vold    (   29): USB mass storage support is not enabled in the kernel
D/Vold    (   29): usb_configuration switch is not enabled in the kernel
D/Vold    (   29): Volume sdcard state changing -1 (Initializing) -> 0 (No-Media)
I/Netd    (   30): Netd 1.0 starting
D/Vold    (   29): Volume sdcard state changing 0 (No-Media) -> 1 (Idle-Unmounted)
D/qemud   (   38): fdhandler_accept_event: accepting on fd 9
D/qemud   (   38): created client 0xe078 listening on fd 10
D/qemud   (   38): client_fd_receive: attempting registration for service 'boot-properties'
D/qemud   (   38): client_fd_receive:    -> received channel id 1
D/qemud   (   38): client_registration: registration succeeded for client 1
I/qemu-props(   52): connected to 'boot-properties' qemud service.
I/qemu-props(   52): receiving..
I/qemu-props(   52): received: dalvik.vm.heapsize=64m
I/qemu-props(   52): receiving..
I/qemu-props(   52): received: ro.config.low_ram=true
I/qemu-props(   52): receiving..
I/qemu-props(   52): received: qemu.sf.lcd_density=160
I/qemu-props(   52): receiving..
I/qemu-props(   52): received: qemu.hw.mainkeys=0
I/qemu-props(   52): receiving..
I/qemu-props(   52): received: qemu.sf.fake_camera=none
I/qemu-props(   52): receiving..
D/qemud   (   38): fdhandler_event: disconnect on fd 10
I/qemu-props(   52): exiting (5 properties set).
D/AndroidRuntime(   33): 
D/AndroidRuntime(   33): >>>>>> AndroidRuntime START com.android.internal.os.ZygoteInit <<<<<<
D/AndroidRuntime(   33): CheckJNI is ON
I/        (   34): ServiceManager: 0xad50
D/qemud   (   38): fdhandler_accept_event: accepting on fd 9
D/qemud   (   38): created client 0xe078 listening on fd 10
D/qemud   (   38): fdhandler_event: disconnect on fd 10
D/qemud   (   38): fdhandler_accept_event: accepting on fd 9
D/qemud   (   38): created client 0xe078 listening on fd 10
D/qemud   (   38): client_fd_receive: attempting registration for service 'gsm'
D/qemud   (   38): client_fd_receive:    -> received channel id 2
D/AudioHardwareInterface(   34): setMode(NORMAL)
I/CameraService(   34): CameraService started (pid=34)
D/qemud   (   38): client_registration: registration succeeded for client 2
I/AudioFlinger(   34): AudioFlinger's thread 0xc658 ready to run
I/SamplingProfilerIntegration(   33): Profiler is disabled.
I/Zygote  (   33): Preloading classes...
E/Zygote  (   33): setreuid() failed. errno: 2
D/dalvikvm(   33): GC_EXPLICIT freed 47K, 78% free 234K/1024K, external 0K/0K, paused 7ms
D/dalvikvm(   33): GC_EXPLICIT freed 1K, 73% free 284K/1024K, external 0K/0K, paused 3ms
D/dalvikvm(   33): GC_EXPLICIT freed 22K, 69% free 318K/1024K, external 0K/0K, paused 3ms
D/dalvikvm(   33): GC_EXPLICIT freed 17K, 66% free 356K/1024K, external 0K/0K, paused 4ms
D/dalvikvm(   33): GC_EXPLICIT freed 26K, 63% free 385K/1024K, external 0K/0K, paused 4ms
D/dalvikvm(   33): GC_EXPLICIT freed 20K, 57% free 441K/1024K, external 0K/0K, paused 4ms
W/MediaProfiles(   33): could not find media config xml file
D/dalvikvm(   33): GC_EXPLICIT freed 99K, 47% free 547K/1024K, external 0K/0K, paused 7ms
D/dalvikvm(   33): GC_EXPLICIT freed 272K, 28% free 885K/1219K, external 0K/0K, paused 12ms
D/dalvikvm(   33): GC_EXPLICIT freed 21K, 24% free 932K/1219K, external 0K/0K, paused 9ms
D/RenderScript_jni(   33): RenderScript JNI library not found!
D/dalvikvm(   33): GC_EXPLICIT freed 25K, 19% free 999K/1219K, external 0K/0K, paused 10ms
D/dalvikvm(   33): GC_EXPLICIT freed 47K, 5% free 1281K/1347K, external 0K/0K, paused 15ms
D/dalvikvm(   33): GC_EXPLICIT freed 24K, 3% free 1311K/1347K, external 0K/0K, paused 16ms
D/dalvikvm(   33): GC_EXPLICIT freed 28K, 6% free 1336K/1411K, external 0K/0K, paused 16ms
D/dalvikvm(   33): GC_EXPLICIT freed 14K, 3% free 1377K/1411K, external 0K/0K, paused 17ms
D/dalvikvm(   33): GC_EXPLICIT freed 28K, 5% free 1402K/1475K, external 0K/0K, paused 17ms
D/dalvikvm(   33): GC_EXPLICIT freed 28K, 3% free 1439K/1475K, external 0K/0K, paused 18ms
D/dalvikvm(   33): GC_EXPLICIT freed 38K, 6% free 1457K/1539K, external 0K/0K, paused 16ms
D/dalvikvm(   33): GC_EXPLICIT freed 40K, 5% free 1471K/1539K, external 0K/0K, paused 17ms
D/dalvikvm(   33): GC_EXPLICIT freed 55K, 8% free 1485K/1603K, external 0K/0K, paused 18ms
D/dalvikvm(   33): GC_FOR_MALLOC freed 2954K, 58% free 2168K/5123K, external 0K/0K, paused 56ms
D/dalvikvm(   33): GC_EXPLICIT freed 1403K, 55% free 2310K/5123K, external 0K/0K, paused 41ms
D/dalvikvm(   33): GC_EXPLICIT freed 148K, 54% free 2373K/5123K, external 0K/0K, paused 32ms
D/dalvikvm(   33): GC_EXPLICIT freed 73K, 54% free 2398K/5123K, external 0K/0K, paused 30ms
D/dalvikvm(   33): GC_EXPLICIT freed 36K, 53% free 2416K/5123K, external 0K/0K, paused 31ms
D/dalvikvm(   33): GC_EXPLICIT freed 31K, 53% free 2439K/5123K, external 0K/0K, paused 30ms
D/dalvikvm(   33): GC_EXPLICIT freed 38K, 52% free 2462K/5123K, external 0K/0K, paused 30ms
I/Zygote  (   33): ...preloaded 1830 classes in 6008ms.
E/Zygote  (   33): setreuid() failed. errno: 17
D/dalvikvm(   33): GC_EXPLICIT freed 18K, 52% free 2460K/5123K, external 0K/0K, paused 31ms
I/Zygote  (   33): Preloading resources...
D/dalvikvm(   33): GC_EXTERNAL_ALLOC freed <1K, 52% free 2462K/5123K, external 0K/0K, paused 34ms
W/Zygote  (   33): Preloaded drawable resource #0x1080093 (res/drawable-mdpi/sym_def_app_icon.png) that varies with configuration!!
W/Zygote  (   33): Preloaded drawable resource #0x1080002 (res/drawable-mdpi/arrow_down_float.png) that varies with configuration!!
W/Zygote  (   33): Preloaded drawable resource #0x10800b4 (res/drawable/btn_check.xml) that varies with configuration!!
W/Zygote  (   33): Preloaded drawable resource #0x10800b7 (res/drawable-mdpi/btn_check_label_background.9.png) that varies with configuration!!
W/Zygote  (   33): Preloaded drawable resource #0x10800b8 (res/drawable-mdpi/btn_check_off.png) that varies with configuration!!
W/Zygote  (   33): Preloaded drawable resource #0x10800bd (res/drawable-mdpi/btn_check_on.png) that varies with configuration!!
W/Zygote  (   33): Preloaded drawable resource #0x1080004 (res/drawable/btn_default.xml) that varies with configuration!!
W/Zygote  (   33): Preloaded drawable resource #0x1080005 (res/drawable/btn_default_small.xml) that varies with configuration!!
W/Zygote  (   33): Preloaded drawable resource #0x1080006 (res/drawable/btn_dropdown.xml) that varies with configuration!!
W/Zygote  (   33): Preloaded drawable resource #0x1080008 (res/drawable/btn_plus.xml) that varies with configuration!!
W/Zygote  (   33): Preloaded drawable resource #0x1080007 (res/drawable/btn_minus.xml) that varies with configuration!!
W/Zygote  (   33): Preloaded drawable resource #0x1080009 (res/drawable/btn_radio.xml) that varies with configuration!!
W/Zygote  (   33): Preloaded drawable resource #0x108000a (res/drawable/btn_star.xml) that varies with configuration!!
D/dalvikvm(   33): GC_EXPLICIT freed 25K, 52% free 2499K/5123K, external 408K/521K, paused 31ms
W/Zygote  (   33): Preloaded drawable resource #0x1080132 (res/drawable/btn_toggle.xml) that varies with configuration!!
W/Zygote  (   33): Preloaded drawable resource #0x1080196 (res/drawable-mdpi/ic_emergency.png) that varies with configuration!!
