V/nofatclips(  231): Updating value INPUTS
D/nofatclips(  231): Updated values of array parameter INPUTS
V/nofatclips(  231): Updating value KEY_EVENTS
V/nofatclips(  231): Updating value MAX_EVENTS_PER_WIDGET
V/nofatclips(  231): Updating value MAX_TASKS_IN_SCHEDULER
V/nofatclips(  231): Updating value MAX_TASKS_PER_EVENT
V/nofatclips(  231): Updating value MENU_EVENTS
V/nofatclips(  231): Updating value ORIENTATION_EVENTS
V/nofatclips(  231): Updating value PLANNER
V/nofatclips(  231): Updating value REFLECT_ACTIVITY_LISTENERS
V/nofatclips(  231): Updating value REFLECT_WIDGETS
V/nofatclips(  231): Updating value SCHEDULER_ALGORITHM
V/nofatclips(  231): Updating value SCROLL_DOWN_EVENT
V/nofatclips(  231): Updating value SENSOR_TYPES
V/nofatclips(  231): Updating value SIMULATE_INCOMING_CALL
V/nofatclips(  231): Updating value SIMULATE_INCOMING_SMS
V/nofatclips(  231): Updating value TAB_EVENTS_START_ONLY
V/nofatclips(  231): Updating value TEST_LOCATION_PROVIDER
V/nofatclips(  231): Updating value TEXT_VALUES_FROM_DICTIONARY
V/nofatclips(  231): Updating value TEXT_VALUES_ID_HASH
D/nofatclips(  231): Updated value of parameter TEXT_VALUES_ID_HASH to true (default = false)
V/nofatclips(  231): Updating value USE_GPS
V/nofatclips(  231): Updating value USE_SENSORS
D/nofatclips(  231): Updating node interactions
D/nofatclips(  231): Loading node interactions
V/nofatclips(  231): Updating value ALL_EVENTS_ON_PREFERENCES
V/nofatclips(  231): Updating value BACK_BUTTON_EVENT
V/nofatclips(  231): Updating value DICTIONARY_FIXED_VALUE
V/nofatclips(  231): Updating value DICTIONARY_IGNORE_CONTENT_TYPES
V/nofatclips(  231): Updating value EMULATOR_PORT
V/nofatclips(  231): Updating value EVENTS
D/nofatclips(  231): Updated values of array parameter EVENTS
V/nofatclips(  231): Updating value EVENT_WHEN_NO_ID
V/nofatclips(  231): Updating value EXCLUDE_WIDGETS_INPUTS_IN_GPS_EVENTS
V/nofatclips(  231): Updating value EXCLUDE_WIDGETS_INPUTS_IN_SENSORS_EVENTS
V/nofatclips(  231): Updating value INPUTS
D/nofatclips(  231): Updated values of array parameter INPUTS
V/nofatclips(  231): Updating value KEY_EVENTS
V/nofatclips(  231): Updating value MAX_EVENTS_PER_WIDGET
V/nofatclips(  231): Updating value MAX_TASKS_IN_SCHEDULER
V/nofatclips(  231): Updating value MAX_TASKS_PER_EVENT
V/nofatclips(  231): Updating value MENU_EVENTS
V/nofatclips(  231): Updating value ORIENTATION_EVENTS
V/nofatclips(  231): Updating value PLANNER
V/nofatclips(  231): Updating value REFLECT_ACTIVITY_LISTENERS
V/nofatclips(  231): Updating value REFLECT_WIDGETS
V/nofatclips(  231): Updating value SCHEDULER_ALGORITHM
V/nofatclips(  231): Updating value SCROLL_DOWN_EVENT
V/nofatclips(  231): Updating value SENSOR_TYPES
V/nofatclips(  231): Updating value SIMULATE_INCOMING_CALL
V/nofatclips(  231): Updating value SIMULATE_INCOMING_SMS
V/nofatclips(  231): Updating value TAB_EVENTS_START_ONLY
V/nofatclips(  231): Updating value TEST_LOCATION_PROVIDER
V/nofatclips(  231): Updating value TEXT_VALUES_FROM_DICTIONARY
V/nofatclips(  231): Updating value TEXT_VALUES_ID_HASH
V/nofatclips(  231): Updating value USE_GPS
V/nofatclips(  231): Updating value USE_SENSORS
I/ActivityThread(  254): Pub media: com.android.providers.media.MediaProvider
D/nofatclips(  231): Updating node comparator
D/nofatclips(  231): Loading node comparator
V/nofatclips(  231): Updating value COMPARATOR
V/nofatclips(  231): Updating value COMPARATOR_TYPE
V/nofatclips(  231): Updating value COMPARE_ACTIVITY_NAME
V/nofatclips(  231): Updating value COMPARE_LIST_COUNT
V/nofatclips(  231): Updating value COMPARE_MENU_COUNT
D/nofatclips(  231): Updated value of parameter COMPARE_MENU_COUNT to false (default = true)
V/nofatclips(  231): Updating value COMPARE_STATE_TITLE
V/nofatclips(  231): Updating value COMPARE_VALUES
V/nofatclips(  231): Updating value WIDGET_TYPES
D/nofatclips(  231): Updating node strategy
D/nofatclips(  231): Loading node strategy
V/nofatclips(  231): Updating value AFTER_EVENT_DONT_EXPLORE
V/nofatclips(  231): Updating value AFTER_WIDGET_DONT_EXPLORE
V/nofatclips(  231): Updating value CHECK_FOR_TRANSITION
V/nofatclips(  231): Updating value EXPLORE_ONLY_NEW_STATES
D/nofatclips(  231): Updated value of parameter EXPLORE_ONLY_NEW_STATES to false (default = true)
V/nofatclips(  231): Updating value MAX_NUM_TRACES
D/nofatclips(  231): Updated value of parameter MAX_NUM_TRACES to 100 (default = 0)
V/nofatclips(  231): Updating value MAX_TIME_CRAWLING
V/nofatclips(  231): Updating value PAUSE_AFTER_TIME
V/nofatclips(  231): Updating value PAUSE_AFTER_TRACES
V/nofatclips(  231): Updating value TRACE_MAX_DEPTH
V/nofatclips(  231): Updating value TRACE_MIN_DEPTH
D/nofatclips(  231): Starting random testing
I/TestRunner(  231): started: testAndCrawl(com.nofatclips.crawler.guitree.NomadEngine)
I/ActivityManager(   61): Starting: Intent { act=android.intent.action.MAIN flg=0x10000000 cmp=org.wordpress.android/.Dashboard } from pid 231
D/szipinf (   61): Initializing inflate state
V/MediaProvider(  254): Attached volume: internal
D/dalvikvm(   61): GC_EXPLICIT freed 191K, 43% free 4225K/7367K, external 1865K/3065K, paused 95ms
I/ActivityThread(  254): Pub downloads: com.android.providers.downloads.DownloadProvider
I/ActivityThread(  254): Pub drm: com.android.providers.drm.DrmProvider
D/OtaStartupReceiver(  124): Not a CDMA phone, no need to process OTA
I/RecoverySystem(   61): No recovery log file
I/ActivityManager(   61): Start proc com.android.mms for broadcast com.android.mms/.transaction.MmsSystemEventReceiver: pid=271 uid=10015 gids={3003, 1015}
W/ActivityManager(   61): Activity pause timeout for HistoryRecord{40643dc8 com.android.launcher/com.android.launcher2.Launcher}
D/dalvikvm(  231): GC_EXTERNAL_ALLOC freed 399K, 53% free 2737K/5767K, external 716K/1038K, paused 158ms
I/Process (   61): Sending signal. PID: 231 SIG: 3
I/dalvikvm(  231): threadid=4: reacting to signal 3
I/dalvikvm(  231): Wrote stack traces to '/data/anr/traces.txt'
I/Process (   61): Sending signal. PID: 134 SIG: 3
I/ActivityThread(  271): Pub com.android.mms.SuggestionsProvider: com.android.mms.SuggestionsProvider
I/dalvikvm(  134): threadid=4: reacting to signal 3
E/ActivityManager(   61): Start proc com.android.mms for broadcast com.android.mms/.transaction.MmsSystemEventReceiver: pid=271 uid=10015 gids={3003, 1015}Load: 7.28 / 1.81 / 0.61
E/ActivityManager(   61): CPU usage from 1053ms to -4058ms ago:
E/ActivityManager(   61):   35% 61/system_server: 25% user + 10% kernel / faults: 997 minor 1 major
E/ActivityManager(   61):   15% 231/org.wordpress.android: 12% user + 3% kernel / faults: 1512 minor 8 major
E/ActivityManager(   61):   10% 125/com.android.systemui: 7.9% user + 2% kernel / faults: 309 minor 2 major
E/ActivityManager(   61):   7.4% 245/com.android.quicksearchbox: 5.1% user + 2.3% kernel / faults: 1266 minor 1 major
E/ActivityManager(   61):   4.9% 41/adbd: 0% user + 4.9% kernel
E/ActivityManager(   61):   2.7% 73/bootanimation: 1.8% user + 0.9% kernel
E/ActivityManager(   61):   0.9% 128/logcat: 0.4% user + 0.4% kernel
E/ActivityManager(   61):   0.6% 33/zygote: 0% user + 0.6% kernel / faults: 32 minor
E/ActivityManager(   61):   0.6% 124/com.android.phone: 0.2% user + 0.4% kernel / faults: 38 minor
E/ActivityManager(   61):   0.4% 130/logcat: 0% user + 0.4% kernel
E/ActivityManager(   61):   0.4% 134/com.android.launcher: 0.4% user + 0% kernel / faults: 169 minor
E/ActivityManager(   61):   0.4% 190/android.process.acore: 0.2% user + 0.2% kernel / faults: 4 minor
E/ActivityManager(   61):   0% 29/vold: 0% user + 0% kernel / faults: 7 minor
E/ActivityManager(   61):   0.2% 177/app_process: 0.2% user + 0% kernel
E/ActivityManager(   61):   0.2% 197/com.android.deskclock: 0.2% user + 0% kernel / faults: 7 minor
E/ActivityManager(   61):  +0% 254/android.process.media: 0% user + 0% kernel
E/ActivityManager(   61):  +0% 257/vold: 0% user + 0% kernel
E/ActivityManager(   61):  +0% 271/com.android.mms: 0% user + 0% kernel
E/ActivityManager(   61): 100% TOTAL: 59% user + 39% kernel + 0.5% softirq
E/ActivityManager(   61): CPU usage from 3056ms to 3679ms later:
E/ActivityManager(   61):   35% 61/system_server: 28% user + 6.6% kernel / faults: 122 minor
E/ActivityManager(   61):     8.3% 74/ActivityManager: 6.6% user + 1.6% kernel
E/ActivityManager(   61):     6.6% 72/er.ServerThread: 5% user + 1.6% kernel
E/ActivityManager(   61):     3.3% 69/SurfaceFlinger: 1.6% user + 1.6% kernel
E/ActivityManager(   61):     3.3% 90/WindowManagerPo: 3.3% user + 0% kernel
E/ActivityManager(   61):     3.3% 168/Binder Thread #: 3.3% user + 0% kernel
E/ActivityManager(   61):     3.3% 179/Binder Thread #: 1.6% user + 1.6% kernel
E/ActivityManager(   61):     1.6% 61/system_server: 1.6% user + 0% kernel
E/ActivityManager(   61):     1.6% 66/Compiler: 1.6% user + 0% kernel
E/ActivityManager(   61):     1.6% 68/Binder Thread #: 1.6% user + 0% kernel
E/ActivityManager(   61):     1.6% 166/Binder Thread #: 0% user + 1.6% kernel
E/ActivityManager(   61):   20% 231/org.wordpress.android: 18% user + 1.5% kernel / faults: 657 minor 1 major
E/ActivityManager(   61):     17% 231/rdpress.android: 17% user + 0% kernel
E/ActivityManager(   61):     1.5% 233/HeapWorker: 0% user + 1.5% kernel
E/ActivityManager(   61):   17% 254/android.process.media: 7.8% user + 9.3% kernel / faults: 399 minor
E/ActivityManager(   61):     9.3% 265/Binder Thread #: 3.1% user + 6.2% kernel
E/ActivityManager(   61):     7.8% 254/d.process.media: 4.6% user + 3.1% kernel
E/ActivityManager(   61):    +0% 269/Download Servic: 0% user + 0% kernel
E/ActivityManager(   61):    +0% 272/Binder Thread #: 0% user + 0% kernel
E/ActivityManager(   61):   1.5% 134/com.android.launcher: 1.5% user + 0% kernel / faults: 169 minor
E/ActivityManager(   61):     0.7% 134/ndroid.launcher: 0.7% user + 0% kernel
E/ActivityManager(   61):   0.4% 33/zygote: 0% user + 0.4% kernel / faults: 16 minor
E/ActivityManager(   61):   1.6% 73/bootanimation: 1.6% user + 0% kernel
E/ActivityManager(   61):     3.2% 77/BootAnimation: 1.6% user + 1.6% kernel
E/ActivityManager(   61):   0.6% 124/com.android.phone: 0.6% user + 0% kernel / faults: 6 minor
E/ActivityManager(   61):     0.6% 124/m.android.phone: 0.6% user + 0% kernel
E/ActivityManager(   61):   1.5% 125/com.android.systemui: 1.5% user + 0% kernel / faults: 1 minor
E/ActivityManager(   61):     1.5% 125/ndroid.systemui: 1.5% user + 0% kernel
E/ActivityManager(   61):   0.7% 130/logcat: 0% user + 0.7% kernel
E/ActivityManager(   61):  +0% 271/com.android.mms: 0% user + 0% kernel
E/ActivityManager(   61): 100% TOTAL: 69% user + 30% kernel
I/Process (   61): Sending signal. PID: 245 SIG: 9
I/SearchManagerService(   61): Building list of searchable activities
I/ActivityManager(   61): Start proc com.android.email for broadcast com.android.email/.service.EmailBroadcastReceiver: pid=294 uid=10028 gids={3003, 1015}
I/ActivityThread(  294): Pub com.android.email.provider: com.android.email.provider.EmailProvider
I/ActivityThread(  294): Pub com.android.email.attachmentprovider: com.android.email.provider.AttachmentProvider
I/ActivityThread(  294): Pub com.android.exchange.provider: com.android.exchange.provider.ExchangeProvider
D/EAS SyncManager(  294): !!! EAS SyncManager, onCreate
D/dalvikvm(  231): GC_EXTERNAL_ALLOC freed 116K, 49% free 2944K/5767K, external 1407K/1623K, paused 234ms
I/ActivityManager(   61): Process com.android.quicksearchbox (pid 245) has died.
I/ActivityManager(   61): Start proc com.android.quicksearchbox for broadcast com.android.quicksearchbox/.SearchWidgetProvider: pid=308 uid=10002 gids={3003}
D/dalvikvm(   61): GC_CONCURRENT freed 871K, 46% free 4208K/7751K, external 1865K/3065K, paused 4ms+42ms
I/ActivityManager(   61): Displayed org.wordpress.android/.Dashboard: +2s330ms (total +36s303ms)
I/ActivityThread(  308): Pub com.android.quicksearchbox.google: com.android.quicksearchbox.google.GoogleSuggestionProvider
I/ActivityThread(  308): Pub com.android.quicksearchbox.shortcuts: com.android.quicksearchbox.ShortcutsProvider
I//system/bin/fsck_msdos(   29): ** /dev/block/vold/179:0
I//system/bin/fsck_msdos(   29): ** Phase 1 - Read and Compare FATs
I//system/bin/fsck_msdos(   29): Attempting to allocate 998 KB for FAT
I/dalvikvm(  134): Wrote stack traces to '/data/anr/traces.txt'
D/MediaScannerService(  254): start scanning volume internal
D/Eas Debug(  294): Logging: 
D/dalvikvm(  294): GC_CONCURRENT freed 537K, 54% free 2698K/5831K, external 716K/1038K, paused 4ms+5ms
D/EAS SyncManager(  294): !!! EAS SyncManager, onDestroy
I/Launcher(  134): setLoadOnResume
I/Launcher(  134): setLoadOnResume
D/dalvikvm(  271): GC_CONCURRENT freed 493K, 54% free 2726K/5831K, external 716K/1038K, paused 5ms+76ms
D/Email   (  294): BOOT_COMPLETED
D/EAS SyncManager(  294): !!! EAS SyncManager, onCreate
D/EAS SyncManager(  294): !!! EAS SyncManager, onStartCommand
D/EAS SyncManager(  294): !!! EAS SyncManager, stopping self
D/EAS SyncManager(  294): !!! EAS SyncManager, onDestroy
I/SurfaceFlinger(   61): Boot is finished (40076 ms)
D/nofatclips(  231): Generated Resuming Persistence
I/dalvikvm(  231): Could not find method android.app.Activity.getFragmentManager, referenced from method com.jayway.android.robotium.solo.Waiter.getFragment
W/dalvikvm(  231): VFY: unable to resolve virtual method 7: Landroid/app/Activity;.getFragmentManager ()Landroid/app/FragmentManager;
D/dalvikvm(  231): VFY: replacing opcode 0x6e at 0x0008
I/dalvikvm(  231): Could not find method android.app.Activity.getFragmentManager, referenced from method com.jayway.android.robotium.solo.Waiter.getFragment
W/dalvikvm(  231): VFY: unable to resolve virtual method 7: Landroid/app/Activity;.getFragmentManager ()Landroid/app/FragmentManager;
D/dalvikvm(  231): VFY: replacing opcode 0x6e at 0x0017
W/dalvikvm(  231): VFY: unable to find class referenced in signature (Landroid/app/Fragment;)
D/dalvikvm(  231): VFY: dead code 0x000b-000f in Lcom/jayway/android/robotium/solo/Waiter;.getFragment (Ljava/lang/String;I)Landroid/app/Fragment;
D/dalvikvm(  231): VFY: dead code 0x001a-001f in Lcom/jayway/android/robotium/solo/Waiter;.getFragment (Ljava/lang/String;I)Landroid/app/Fragment;
I/ARMAssembler(   61): generated scanline__00000177:03010104_00000002_00000000 [ 44 ipp] (66 ins) at [0x46dfd290:0x46dfd398] in 555093 ns
I/ARMAssembler(   61): generated scanline__00000177:03515104_00000001_00000000 [ 73 ipp] (95 ins) at [0x46dfd3a0:0x46dfd51c] in 472556 ns
W/dalvikvm(  231): VFY: unable to find class referenced in signature (Landroid/app/Fragment;)
I//system/bin/fsck_msdos(   29): Attempting to allocate 998 KB for FAT
I//system/bin/fsck_msdos(   29): ** Phase 2 - Check Cluster Chains
I//system/bin/fsck_msdos(   29): ** Phase 3 - Checking Directories
I//system/bin/fsck_msdos(   29): ** Phase 4 - Checking for Lost Files
I//system/bin/fsck_msdos(   29): 3 files, 509980 free (254990 clusters)
I/Vold    (   29): Filesystem check completed OK
I/Vold    (   29): Device /dev/block/vold/179:0, target /mnt/sdcard mounted @ /mnt/secure/staging
D/Vold    (   29): Volume sdcard state changing 3 (Checking) -> 4 (Mounted)
I/PackageManager(   61): Updating external media status from unmounted to mounted
I/StorageNotification(  125): Media {/mnt/sdcard} state changed from {checking} -> {mounted}
D/VoldCmdListener(   29): asec list
I/PackageManager(   61): No secure containers on sdcard
W/PackageManager(   61): Unknown permission com.google.android.googleapps.permission.GOOGLE_AUTH.mail in package com.android.contacts
W/PackageManager(   61): Unknown permission android.permission.ADD_SYSTEM_SERVICE in package com.android.phone
W/PackageManager(   61): Not granting permission android.permission.SEND_DOWNLOAD_COMPLETED_INTENTS to package com.android.browser (protectionLevel=2 flags=0x9be45)
I/Launcher(  134): setLoadOnResume
W/PackageManager(   61): Unknown permission com.google.android.gm.permission.WRITE_GMAIL in package com.android.settings
W/PackageManager(   61): Unknown permission com.google.android.gm.permission.READ_GMAIL in package com.android.settings
W/PackageManager(   61): Unknown permission com.google.android.googleapps.permission.GOOGLE_AUTH in package com.android.settings
D/nofatclips(  231): Updating node automation
D/nofatclips(  231): Loading node automation
V/nofatclips(  231): Updating value FORCE_RESTART
V/nofatclips(  231): Updating value IN_AND_OUT_FOCUS
V/nofatclips(  231): Updating value PRECRAWLING
V/nofatclips(  231): Updating value SCREENSHOT_FOR_EVENTS
V/nofatclips(  231): Updating value SCREENSHOT_FOR_STATES
V/nofatclips(  231): Updating value SCREENSHOT_ONLY_NEW_STATES
V/nofatclips(  231): Updating value SLEEP_AFTER_EVENT
D/nofatclips(  231): Updated value of parameter SLEEP_AFTER_EVENT to 100 (default = 1000)
V/nofatclips(  231): Updating value SLEEP_AFTER_RESTART
D/nofatclips(  231): Updated value of parameter SLEEP_AFTER_RESTART to 100 (default = 1000)
V/nofatclips(  231): Updating value SLEEP_AFTER_TASK
D/nofatclips(  231): Updated value of parameter SLEEP_AFTER_TASK to 100 (default = 1000)
V/nofatclips(  231): Updating value SLEEP_ON_THROBBER
D/nofatclips(  231): Updated value of parameter SLEEP_ON_THROBBER to 100 (default = 1000)
D/nofatclips(  231): Updating node screenshot
D/nofatclips(  231): Loading node screenshot
V/nofatclips(  231): Updating value FORCE_RESTART
V/nofatclips(  231): Updating value IN_AND_OUT_FOCUS
V/nofatclips(  231): Updating value PRECRAWLING
V/nofatclips(  231): Updating value SCREENSHOT_FOR_EVENTS
V/nofatclips(  231): Updating value SCREENSHOT_FOR_STATES
V/nofatclips(  231): Updating value SCREENSHOT_ONLY_NEW_STATES
V/nofatclips(  231): Updating value SLEEP_AFTER_EVENT
V/nofatclips(  231): Updating value SLEEP_AFTER_RESTART
V/nofatclips(  231): Updating value SLEEP_AFTER_TASK
V/nofatclips(  231): Updating value SLEEP_ON_THROBBER
I/nofatclips(  231): Waiting for 100 msec.
W/PackageManager(   61): Unknown permission com.google.android.googleapps.permission.GOOGLE_AUTH in package com.android.providers.contacts
W/PackageManager(   61): Unknown permission com.google.android.googleapps.permission.GOOGLE_AUTH.cp in package com.android.providers.contacts
W/PackageManager(   61): Unknown permission com.google.android.googleapps.permission.ACCESS_GOOGLE_PASSWORD in package com.android.development
W/PackageManager(   61): Unknown permission com.google.android.googleapps.permission.GOOGLE_AUTH in package com.android.development
W/PackageManager(   61): Unknown permission com.google.android.googleapps.permission.GOOGLE_AUTH.ALL_SERVICES in package com.android.development
W/PackageManager(   61): Unknown permission com.google.android.googleapps.permission.GOOGLE_AUTH.YouTubeUser in package com.android.development
W/PackageManager(   61): Unknown permission android.permission.READ_OWNER_DATA in package com.android.email
W/PackageManager(   61): Not granting permission android.permission.DEVICE_POWER to package com.android.deskclock (protectionLevel=2 flags=0x8be45)
W/ImageDownloader(  231): Error 404 while retrieving bitmap from http://gravatar.com/blavatar/44d338f29053dbb888da79dcf98df489?s=60&d=404
D/nofatclips(  231): Ready to operate after restarting...
I/nofatclips(  231): Current activity is Dashboard
W/nofatclips(  231): --->Dashboard
I/nofatclips(  231): Retrieving widgets
I/nofatclips(  231): Attempting to resume previous session
I/nofatclips(  231): Memoryless engine: the task file will not be loaded. Looking for crashed traces.
I/nofatclips(  231): Reading task file
V/nofatclips(  231): Discarding trace #38
I/nofatclips(  231): Stateless comparator: the state file will not be loaded.
D/dalvikvm(  231): GC_CONCURRENT freed 221K, 49% free 3002K/5831K, external 1812K/2324K, paused 3ms+3ms
D/dalvikvm(  231): GetFieldID: unable to find field Ljava/util/Hashtable;.loadFactor:F
D/dalvikvm(  231): GetFieldID: unable to find field Ljava/util/Hashtable;.loadFactor:F
D/dalvikvm(  231): GetFieldID: unable to find field Ljava/util/Hashtable;.loadFactor:F
D/dalvikvm(  231): GetFieldID: unable to find field Ljava/util/Hashtable;.loadFactor:F
D/dalvikvm(  231): GetFieldID: unable to find field Ljava/util/Hashtable;.loadFactor:F
D/dalvikvm(  231): GetFieldID: unable to find field Ljava/util/Hashtable;.loadFactor:F
D/nofatclips(  231): Backup session footer restored to 
D/nofatclips(  231): </SESSION>
I/dalvikvm(   61): Jit: resizing JitTable from 512 to 1024
D/nofatclips(  231): Restored random counter to: 43
D/nofatclips(  231): Restored trace count to 40
D/nofatclips(  231): Current step countdown restored to 96
D/nofatclips(  231): Restored abstractor counters to: event = 43 - input = 0 - activity = 5
I/nofatclips(  231): Saving the session on disk.
I/nofatclips(  231): Planning for new Activity Dashboard
I/nofatclips(  231): Created trace to press the menu button
I/nofatclips(  231): Created trace to change orientation
I/InputReader(   61): Device reconfigured: id=0x0, name=qwerty2, display size is now 320x480
I/InputManager-Callbacks(   61): No virtual keys found for device qwerty2.
I/nofatclips(  231): Dispatching new task. 2 more tasks remaining.
D/nofatclips(  231): Performing backup of the old task list on disk
D/nofatclips(  231): Saving task list on disk
V/nofatclips(  231): Backing up trace #40 to disk.
V/nofatclips(  231): Backing up trace #41 to disk.
D/nofatclips(  231): Deleting backup of the old task list from disk
I/nofatclips(  231): Restarting
D/MediaScanner(  254):  prescan time: 559ms
D/dalvikvm(  254): GC_CONCURRENT freed 527K, 55% free 2646K/5831K, external 716K/1038K, paused 18ms+17ms
D/MediaScanner(  254):     scan time: 511ms
D/MediaScanner(  254): postscan time: 0ms
D/MediaScanner(  254):    total time: 1070ms
D/szipinf (  190): Initializing inflate state
D/dalvikvm(  190): GC_CONCURRENT freed 245K, 51% free 2796K/5703K, external 716K/1038K, paused 2ms+13ms
I/nofatclips(  231): Waiting for 100 msec.
D/MediaScannerService(  254): done scanning volume internal
I/ARMAssembler(   61): generated scanline__00000177:03515104_00001002_00000000 [ 87 ipp] (110 ins) at [0x46dfd520:0x46dfd6d8] in 627367 ns
I/ARMAssembler(   61): generated scanline__00000077:03515104_00001004_00000000 [ 65 ipp] (85 ins) at [0x46dfd6e0:0x46dfd834] in 383177 ns
I/ARMAssembler(   61): generated scanline__00000177:03515104_00001001_00000000 [ 91 ipp] (114 ins) at [0x46dfd838:0x46dfda00] in 321167 ns
D/nofatclips(  231): Ready to operate after restarting...
D/MediaScannerService(  254): start scanning volume external
I/nofatclips(  231): Retrieving widgets
D/nofatclips(  231): Found widget: id=16908290 (android.widget.FrameLayout@405a0588)
D/nofatclips(  231): Found widget: id=2131165248 (android.widget.RelativeLayout@405a1288)
D/nofatclips(  231): Found widget: id=2131165249 (android.widget.LinearLayout@405a18f0)
D/nofatclips(  231): Found widget: id=-1 (android.widget.ImageView@405a1e38)
D/nofatclips(  231): Found widget: id=2131165250 (org.wordpress.android.util.WPTitleBar@4059b810)
D/nofatclips(  231): Found widget: id=2131165195 (android.widget.RelativeLayout@4050de58)
D/nofatclips(  231): Found widget: id=2131165196 (android.widget.RelativeLayout@40568108)
D/nofatclips(  231): Found widget: id=2131165197 (android.widget.ImageView@4059c638)
D/nofatclips(  231): Found widget: id=2131165198 (android.widget.TextView@40541478): Katie's Sweet Testing Blog
D/nofatclips(  231): Found widget: id=2131165199 (android.widget.ImageView@4055cd08)
D/nofatclips(  231): Found widget: id=-1 (android.widget.RelativeLayout@40579070)
D/nofatclips(  231): Found widget: id=2131165200 (android.widget.ImageButton@4059cb60)
D/nofatclips(  231): Found widget: id=-1 (android.widget.FrameLayout@4057a558)
D/nofatclips(  231): Found widget: id=2131165201 (android.widget.Button@40541e40): 
D/nofatclips(  231): Found widget: id=2131165202 (android.widget.ImageView@40593408)
D/nofatclips(  231): Found widget: id=2131165203 (android.widget.ImageView@4053c638)
D/nofatclips(  231): Found widget: id=2131165204 (android.widget.LinearLayout@40568d10)
D/nofatclips(  231): Found widget: id=-1 (android.widget.FrameLayout@4059c3d0)
D/nofatclips(  231): Found widget: id=-1 (android.widget.LinearLayout@4052f7e0)
D/nofatclips(  231): Found widget: id=-1 (android.widget.LinearLayout@4050dc68)
D/nofatclips(  231): Found widget: id=-1 (android.widget.LinearLayout@4052ee00)
D/nofatclips(  231): Found widget: id=2131165251 (android.widget.LinearLayout@4052f4b8)
D/nofatclips(  231): Found widget: id=-1 (android.widget.ImageView@4058feb0)
D/nofatclips(  231): Found widget: id=2131165256 (android.widget.TextView@4056aa08): New Post
D/nofatclips(  231): Found widget: id=2131165253 (android.widget.LinearLayout@4059ba48)
D/nofatclips(  231): Found widget: id=-1 (android.widget.ImageView@40530820)
D/nofatclips(  231): Found widget: id=2131165256 (android.widget.TextView@4056b340): New Page
D/nofatclips(  231): Found widget: id=-1 (android.widget.LinearLayout@40532ad8)
D/nofatclips(  231): Found widget: id=2131165252 (android.widget.LinearLayout@405304c8)
D/nofatclips(  231): Found widget: id=-1 (android.widget.ImageView@405389d0)
D/nofatclips(  231): Found widget: id=2131165256 (android.widget.TextView@40577538): Quick Photo
D/nofatclips(  231): Found widget: id=2131165254 (android.widget.LinearLayout@40547048)
D/nofatclips(  231): Found widget: id=-1 (android.widget.ImageView@405313c0)
D/nofatclips(  231): Found widget: id=2131165256 (android.widget.TextView@40577da8): Quick Video
D/nofatclips(  231): Found widget: id=-1 (android.widget.LinearLayout@4052e270)
D/nofatclips(  231): Found widget: id=-1 (android.widget.LinearLayout@40533a90)
D/nofatclips(  231): Found widget: id=2131165255 (android.widget.LinearLayout@40534d58)
D/nofatclips(  231): Found widget: id=-1 (android.widget.ImageView@40542400)
D/nofatclips(  231): Found widget: id=2131165256 (android.widget.TextView@40578430): Posts
D/nofatclips(  231): Found widget: id=2131165257 (android.widget.LinearLayout@405457c0)
D/nofatclips(  231): Found widget: id=-1 (android.widget.ImageView@40568438)
D/nofatclips(  231): Found widget: id=2131165256 (android.widget.TextView@40537088): Pages
D/nofatclips(  231): Found widget: id=-1 (android.widget.FrameLayout@40534098)
D/nofatclips(  231): Found widget: id=2131165258 (android.widget.LinearLayout@4053fd80)
D/nofatclips(  231): Found widget: id=-1 (android.widget.ImageView@40536798)
D/nofatclips(  231): Found widget: id=2131165256 (android.widget.TextView@40539038): Comments
D/nofatclips(  231): Found widget: id=2131165259 (android.widget.FrameLayout@40544270)
D/nofatclips(  231): Found widget: id=2131165260 (android.widget.ImageView@40545d90)
D/nofatclips(  231): Found widget: id=2131165261 (org.wordpress.android.util.CommentBadgeTextView@4053a050): 0
D/nofatclips(  231): Found widget: id=-1 (android.widget.LinearLayout@40538e10)
D/nofatclips(  231): Found widget: id=2131165262 (android.widget.LinearLayout@40540428)
D/nofatclips(  231): Found widget: id=-1 (android.widget.ImageView@40540d30)
D/nofatclips(  231): Found widget: id=2131165256 (android.widget.TextView@40540670): Settings
D/nofatclips(  231): Found widget: id=2131165263 (android.widget.LinearLayout@40543cc8)
D/nofatclips(  231): Found widget: id=-1 (android.widget.ImageView@4055fc20)
D/nofatclips(  231): Found widget: id=2131165256 (android.widget.TextView@405429b0): Read
D/nofatclips(  231): Found widget: id=2131165264 (android.widget.LinearLayout@40561308)
D/nofatclips(  231): Found widget: id=-1 (android.widget.ImageView@40563bc0)
D/nofatclips(  231): Found widget: id=2131165256 (android.widget.TextView@4054f708): Stats
D/nofatclips(  231): Found widget: id=-1 (com.android.internal.policy.impl.PhoneWindow$DecorView@4059fc88)
I/nofatclips(  231): Playing Trace 41
I/nofatclips(  231): Retrieved from return list id=16908290
D/nofatclips(  231): Testing for type (android.widget.FrameLayout) against the original (null)
I/nofatclips(  231): Firing event: type= openMenu name= widget=null
D/dalvikvm(  231): GC_CONCURRENT freed 657K, 51% free 3144K/6407K, external 1812K/2324K, paused 3ms+4ms
V/MediaProvider(  254): /mnt/sdcard volume ID: 419629596
I/Launcher(  134): setLoadOnResume
D/dalvikvm(  124): GREF has increased to 201
D/dalvikvm(  134): GC_EXTERNAL_ALLOC freed 143K, 49% free 2977K/5767K, external 2618K/2620K, paused 66ms
I/Launcher(  134): setLoadOnResume
V/MediaProvider(  254): Attached volume: external
V/MediaScanner(  254): pruneDeadThumbnailFiles... android.database.sqlite.SQLiteCursor@4059c5e0
V/MediaScanner(  254): /pruneDeadThumbnailFiles... android.database.sqlite.SQLiteCursor@4059c5e0
D/MediaScanner(  254):  prescan time: 63ms
D/MediaScanner(  254):     scan time: 1ms
D/MediaScanner(  254): postscan time: 9ms
D/MediaScanner(  254):    total time: 73ms
W/KeyCharacterMap(  231): No keyboard for id 0
W/KeyCharacterMap(  231): Using default keymap: /system/usr/keychars/qwerty.kcm.bin
D/MediaScannerService(  254): done scanning volume external
D/szipinf (  134): Initializing inflate state
D/dalvikvm(  134): GC_EXPLICIT freed 177K, 50% free 2922K/5767K, external 2221K/2278K, paused 40ms
I/dalvikvm(  231): Jit: resizing JitTable from 512 to 1024
I/nofatclips(  231): Waiting for 100 msec.
I/nofatclips(  231): Current activity is Dashboard
I/nofatclips(  231): Retrieving widgets
D/nofatclips(  231): Found widget: id=16908726 (com.android.internal.view.menu.IconMenuView@4063bd98)
D/nofatclips(  231): Found widget: id=16908310 (com.android.internal.view.menu.IconMenuItemView@4063c6a8): Add Account
D/nofatclips(  231): Found widget: id=16908310 (com.android.internal.view.menu.IconMenuItemView@40638908): Preferences
D/nofatclips(  231): Found widget: id=16908310 (com.android.internal.view.menu.IconMenuItemView@40638ba8): Remove Blog
D/nofatclips(  231): Found widget: id=16908310 (com.android.internal.view.menu.IconMenuItemView@40638e48): About
D/nofatclips(  231): Found widget: id=-1 (com.android.internal.policy.impl.PhoneWindow$DecorView@40638280)
V/ReflectionHelper(  231): com.android.internal.view.menu.IconMenuView > mOnFocusChangeListener FOUND | NOT ACTIVE
V/nicola  (  231): TextualID : null
V/nicola  (  231): ContentType detected : default
V/nicola  (  231): TextualID : null
V/nicola  (  231): ContentType detected : default
V/nicola  (  231): TextualID : null
V/nicola  (  231): ContentType detected : default
V/nicola  (  231): TextualID : null
V/nicola  (  231): ContentType detected : default
I/nofatclips(  231): Performing comparation for activity Dashboard
I/nofatclips(  231): Registering activity Dashboard (id: a6) as a new found state
D/nofatclips(  231): Performing backup of the old activity list on disk
D/nofatclips(  231): Saving new found state 'a6' on disk
V/nofatclips(  231): Opening state file in append mode.
I/nofatclips(  231): Saved image on disk: a6.jpg
I/nofatclips(  231): Waiting for 100 msec.
I/nofatclips(  231): Session count is 1. Will dump to disk at 1
I/nofatclips(  231): Saving the session on disk.
I/nofatclips(  231): Planning for new Activity Dashboard
D/nofatclips(  231): Handling event 'click' on widget id=16908310 type=menuItem name=Add Account
D/nofatclips(  231): Handling event 'click' on widget id=16908310 type=menuItem name=Preferences
D/nofatclips(  231): Handling event 'click' on widget id=16908310 type=menuItem name=Remove Blog
D/nofatclips(  231): Handling event 'click' on widget id=16908310 type=menuItem name=About
I/nofatclips(  231): Created trace to press the back button
I/nofatclips(  231): Created trace to press the menu button
I/nofatclips(  231): Created trace to change orientation
D/dalvikvm(  231): GC_CONCURRENT freed 739K, 51% free 3255K/6599K, external 2188K/2324K, paused 8ms+9ms
I/nofatclips(  231): Check for termination: 95 steps left of 100
I/nofatclips(  231): Dispatching new task. 2 more tasks remaining.
D/nofatclips(  231): Performing backup of the old task list on disk
D/nofatclips(  231): Saving task list on disk
V/nofatclips(  231): Backing up trace #46 to disk.
V/nofatclips(  231): Backing up trace #47 to disk.
D/nofatclips(  231): Deleting backup of the old task list from disk
D/nofatclips(  231): Deleting backup of the old activity list from disk
I/nofatclips(  231): Incrementally Playing Trace 47
I/nofatclips(  231): Retrieved from return list id=16908310
D/nofatclips(  231): Testing for type (com.android.internal.view.menu.IconMenuItemView) against the original (com.android.internal.view.menu.IconMenuItemView)
D/nofatclips(  231): Testing for name (Preferences) against the original (Preferences)
I/nofatclips(  231): Firing event: type= click index=2 widget=com.android.internal.view.menu.IconMenuItemView
W/KeyCharacterMap(  231): No keyboard for id 0
W/KeyCharacterMap(  231): Using default keymap: /system/usr/keychars/qwerty.kcm.bin
D/nofatclips(  231): Event description: Preferences
I/ActivityManager(   61): Starting: Intent { cmp=org.wordpress.android/.Preferences } from pid 231
I/nofatclips(  231): Waiting for 100 msec.
I/ActivityManager(   61): Displayed org.wordpress.android/.Preferences: +1s485ms
I/nofatclips(  231): Current activity is Preferences
I/nofatclips(  231): Retrieving widgets
D/nofatclips(  231): Found widget: id=-1 (android.widget.LinearLayout@406590d0)
D/nofatclips(  231): Found widget: id=-1 (android.widget.FrameLayout@4062dcf8)
D/nofatclips(  231): Found widget: id=16908310 (android.widget.TextView@40631b40): Preferences
D/nofatclips(  231): Found widget: id=16908290 (android.widget.FrameLayout@40677418)
D/nofatclips(  231): Found widget: id=-1 (android.widget.ScrollView@405d2db0)
D/nofatclips(  231): Found widget: id=-1 (android.widget.LinearLayout@40558880)
D/nofatclips(  231): Found widget: id=-1 (android.widget.LinearLayout@405b5180)
D/nofatclips(  231): Found widget: id=-1 (android.widget.TextView@405d1528):   Comment Notifications
D/nofatclips(  231): Found widget: id=-1 (android.widget.LinearLayout@405afc38)
D/nofatclips(  231): Found widget: id=1 (android.widget.CheckBox@40541790): Katie's Sweet Testing Blog
D/nofatclips(  231): Found widget: id=2 (android.widget.CheckBox@405c6fb0): My Blog
D/nofatclips(  231): Found widget: id=-1 (android.widget.TextView@4065d110): Update interval:
D/nofatclips(  231): Found widget: id=-1 (android.widget.Spinner@40679ee8)
D/nofatclips(  231): Found widget: id=16908308 (android.widget.TextView@40598b48): 5 Minutes
D/nofatclips(  231): Found widget: id=-1 (android.widget.LinearLayout@40666cb8)
D/nofatclips(  231): Found widget: id=-1 (android.widget.CheckBox@405cc4b0): Play notification sound
D/nofatclips(  231): Found widget: id=-1 (android.widget.CheckBox@405d07e0): Vibrate
D/nofatclips(  231): Found widget: id=-1 (android.widget.CheckBox@406593f8): Blink notification light
D/nofatclips(  231): Found widget: id=-1 (android.widget.LinearLayout@40676528)
D/nofatclips(  231): Found widget: id=-1 (android.widget.TextView@405f38c0):   Post Signature
D/nofatclips(  231): Found widget: id=-1 (android.widget.CheckBox@4063eec8): Add a tagline to new posts
D/nofatclips(  231): Found widget: id=-1 (android.widget.EditText@4057b598): Posted from WordPress for Android
D/nofatclips(  231): Found widget: id=-1 (android.widget.LinearLayout@4057d8b8)
D/nofatclips(  231): Found widget: id=-1 (android.widget.Button@4060c3e0): Cancel
D/nofatclips(  231): Found widget: id=-1 (android.widget.Button@405ab380): Save
D/nofatclips(  231): Found widget: id=-1 (com.android.internal.policy.impl.PhoneWindow$DecorView@40558f48)
V/nicola  (  231): TextualID : null
V/nicola  (  231): ContentType detected : default
V/nicola  (  231): TextualID : null
V/nicola  (  231): ContentType detected : default
V/nicola  (  231): TextualID : null
V/nicola  (  231): ContentType detected : default
V/nicola  (  231): TextualID : null
V/nicola  (  231): ContentType detected : default
V/nicola  (  231): TextualID : null
V/nicola  (  231): ContentType detected : default
V/nicola  (  231): TextualID : null
V/nicola  (  231): ContentType detected : default
V/nicola  (  231): TextualID : null
V/nicola  (  231): ContentType detected : default
V/nicola  (  231): TextualID : null
V/nicola  (  231): ContentType detected : default
V/nicola  (  231): TextualID : null
V/nicola  (  231): ContentType detected : default
V/nicola  (  231): TextualID : null
V/nicola  (  231): ContentType detected : default
V/nicola  (  231): TextualID : null
V/nicola  (  231): ContentType detected : default
V/ReflectionHelper(  231): android.widget.EditText > mOnFocusChangeListener FOUND | NOT ACTIVE
V/nicola  (  231): TextualID : null
V/nicola  (  231): ContentType detected : default
V/nicola  (  231): TextualID : null
V/nicola  (  231): ContentType detected : default
V/nicola  (  231): TextualID : null
V/nicola  (  231): ContentType detected : default
I/nofatclips(  231): Performing comparation for activity Preferences
D/nofatclips(  231): Comparing against activity Dashboard
I/nofatclips(  231): Registering activity Preferences (id: a7) as a new found state
D/nofatclips(  231): Performing backup of the old activity list on disk
D/nofatclips(  231): Saving new found state 'a7' on disk
V/nofatclips(  231): Opening state file in append mode.
D/dalvikvm(  231): GC_EXTERNAL_ALLOC freed 586K, 50% free 3330K/6599K, external 2203K/2324K, paused 102ms
D/dalvikvm(  231): GC_EXTERNAL_ALLOC freed 50K, 51% free 3282K/6599K, external 3238K/3294K, paused 90ms
I/nofatclips(  231): Saved image on disk: a7.jpg
I/nofatclips(  231): Waiting for 100 msec.
I/nofatclips(  231): Session count is 1. Will dump to disk at 1
I/nofatclips(  231): Saving the session on disk.
I/nofatclips(  231): Planning for new Activity Preferences
D/nofatclips(  231): Handling event 'click' on widget id=1 type=check name=Katie's Sweet Testing Blog
D/nofatclips(  231): Handling event 'click' on widget id=2 type=check name=My Blog
D/nofatclips(  231): Handling event 'click' on widget id=-1 type=check name=Play notification sound
D/nofatclips(  231): Handling event 'click' on widget id=-1 type=check name=Vibrate
D/nofatclips(  231): Handling event 'click' on widget id=-1 type=check name=Blink notification light
D/nofatclips(  231): Handling event 'click' on widget id=-1 type=check name=Add a tagline to new posts
D/nofatclips(  231): Handling event 'click' on widget id=-1 type=button name=Cancel
D/nofatclips(  231): Handling event 'click' on widget id=-1 type=button name=Save
I/nofatclips(  231): Created trace to press the back button
I/nofatclips(  231): Created trace to press the menu button
I/nofatclips(  231): Created trace to change orientation
I/nofatclips(  231): Check for termination: 94 steps left of 100
I/nofatclips(  231): Dispatching new task. 2 more tasks remaining.
D/nofatclips(  231): Performing backup of the old task list on disk
D/nofatclips(  231): Saving task list on disk
V/nofatclips(  231): Backing up trace #57 to disk.
V/nofatclips(  231): Backing up trace #58 to disk.
D/dalvikvm(  231): GC_CONCURRENT freed 912K, 52% free 3335K/6855K, external 3238K/4043K, paused 4ms+4ms
D/nofatclips(  231): Deleting backup of the old task list from disk
D/nofatclips(  231): Deleting backup of the old activity list from disk
I/nofatclips(  231): Incrementally Playing Trace 58
I/nofatclips(  231): Retrieved from return list id=-1
D/nofatclips(  231): Testing for type (android.widget.CheckBox) against the original (android.widget.CheckBox)
D/nofatclips(  231): Testing for name (Vibrate) against the original (Vibrate)
I/nofatclips(  231): Firing event: type= click index=16 widget=android.widget.CheckBox
W/KeyCharacterMap(  231): No keyboard for id 0
W/KeyCharacterMap(  231): Using default keymap: /system/usr/keychars/qwerty.kcm.bin
D/nofatclips(  231): Event description: Vibrate
I/dalvikvm(  231): Jit: resizing JitTable from 1024 to 2048
I/nofatclips(  231): Waiting for 100 msec.
I/nofatclips(  231): Current activity is Preferences
I/nofatclips(  231): Retrieving widgets
D/nofatclips(  231): Found widget: id=-1 (android.widget.LinearLayout@406590d0)
D/nofatclips(  231): Found widget: id=-1 (android.widget.FrameLayout@4062dcf8)
D/nofatclips(  231): Found widget: id=16908310 (android.widget.TextView@40631b40): Preferences
D/nofatclips(  231): Found widget: id=16908290 (android.widget.FrameLayout@40677418)
D/nofatclips(  231): Found widget: id=-1 (android.widget.ScrollView@405d2db0)
D/nofatclips(  231): Found widget: id=-1 (android.widget.LinearLayout@40558880)
D/nofatclips(  231): Found widget: id=-1 (android.widget.LinearLayout@405b5180)
D/nofatclips(  231): Found widget: id=-1 (android.widget.TextView@405d1528):   Comment Notifications
D/nofatclips(  231): Found widget: id=-1 (android.widget.LinearLayout@405afc38)
D/nofatclips(  231): Found widget: id=1 (android.widget.CheckBox@40541790): Katie's Sweet Testing Blog
D/nofatclips(  231): Found widget: id=2 (android.widget.CheckBox@405c6fb0): My Blog
D/nofatclips(  231): Found widget: id=-1 (android.widget.TextView@4065d110): Update interval:
D/nofatclips(  231): Found widget: id=-1 (android.widget.Spinner@40679ee8)
D/nofatclips(  231): Found widget: id=16908308 (android.widget.TextView@40598b48): 5 Minutes
D/nofatclips(  231): Found widget: id=-1 (android.widget.LinearLayout@40666cb8)
D/nofatclips(  231): Found widget: id=-1 (android.widget.CheckBox@405cc4b0): Play notification sound
D/nofatclips(  231): Found widget: id=-1 (android.widget.CheckBox@405d07e0): Vibrate
D/nofatclips(  231): Found widget: id=-1 (android.widget.CheckBox@406593f8): Blink notification light
D/nofatclips(  231): Found widget: id=-1 (android.widget.LinearLayout@40676528)
D/nofatclips(  231): Found widget: id=-1 (android.widget.TextView@405f38c0):   Post Signature
D/nofatclips(  231): Found widget: id=-1 (android.widget.CheckBox@4063eec8): Add a tagline to new posts
D/nofatclips(  231): Found widget: id=-1 (android.widget.EditText@4057b598): Posted from WordPress for Android
D/nofatclips(  231): Found widget: id=-1 (android.widget.LinearLayout@4057d8b8)
D/nofatclips(  231): Found widget: id=-1 (android.widget.Button@4060c3e0): Cancel
D/nofatclips(  231): Found widget: id=-1 (android.widget.Button@405ab380): Save
D/nofatclips(  231): Found widget: id=-1 (com.android.internal.policy.impl.PhoneWindow$DecorView@40558f48)
V/nicola  (  231): TextualID : null
V/nicola  (  231): ContentType detected : default
V/nicola  (  231): TextualID : null
V/nicola  (  231): ContentType detected : default
V/nicola  (  231): TextualID : null
V/nicola  (  231): ContentType detected : default
V/nicola  (  231): TextualID : null
V/nicola  (  231): ContentType detected : default
V/nicola  (  231): TextualID : null
V/nicola  (  231): ContentType detected : default
V/nicola  (  231): TextualID : null
V/nicola  (  231): ContentType detected : default
V/nicola  (  231): TextualID : null
V/nicola  (  231): ContentType detected : default
V/nicola  (  231): TextualID : null
V/nicola  (  231): ContentType detected : default
V/nicola  (  231): TextualID : null
V/nicola  (  231): ContentType detected : default
V/nicola  (  231): TextualID : null
V/nicola  (  231): ContentType detected : default
V/nicola  (  231): TextualID : null
V/nicola  (  231): ContentType detected : default
V/ReflectionHelper(  231): android.widget.EditText > mOnFocusChangeListener FOUND | NOT ACTIVE
V/nicola  (  231): TextualID : null
V/nicola  (  231): ContentType detected : default
V/nicola  (  231): TextualID : null
V/nicola  (  231): ContentType detected : default
V/nicola  (  231): TextualID : null
V/nicola  (  231): ContentType detected : default
I/nofatclips(  231): Performing comparation for activity Preferences
D/nofatclips(  231): Comparing against activity Preferences
D/nofatclips(  231): Comparing against activity Dashboard
I/nofatclips(  231): Registering activity Preferences (id: a8) as a new found state
D/nofatclips(  231): Performing backup of the old activity list on disk
D/nofatclips(  231): Saving new found state 'a8' on disk
V/nofatclips(  231): Opening state file in append mode.
D/dalvikvm(  231): GC_EXTERNAL_ALLOC freed 631K, 52% free 3356K/6855K, external 3238K/3294K, paused 118ms
I/nofatclips(  231): Saved image on disk: a8.jpg
I/nofatclips(  231): Waiting for 100 msec.
I/nofatclips(  231): Session count is 1. Will dump to disk at 1
I/nofatclips(  231): Saving the session on disk.
I/nofatclips(  231): Planning for new Activity Preferences
D/nofatclips(  231): Handling event 'click' on widget id=1 type=check name=Katie's Sweet Testing Blog
D/nofatclips(  231): Handling event 'click' on widget id=2 type=check name=My Blog
D/nofatclips(  231): Handling event 'click' on widget id=-1 type=check name=Play notification sound
D/nofatclips(  231): Handling event 'click' on widget id=-1 type=check name=Vibrate
D/nofatclips(  231): Handling event 'click' on widget id=-1 type=check name=Blink notification light
D/nofatclips(  231): Handling event 'click' on widget id=-1 type=check name=Add a tagline to new posts
D/nofatclips(  231): Handling event 'click' on widget id=-1 type=button name=Cancel
D/nofatclips(  231): Handling event 'click' on widget id=-1 type=button name=Save
I/nofatclips(  231): Created trace to press the back button
I/nofatclips(  231): Created trace to press the menu button
I/nofatclips(  231): Created trace to change orientation
I/nofatclips(  231): Check for termination: 93 steps left of 100
I/nofatclips(  231): Dispatching new task. 2 more tasks remaining.
D/nofatclips(  231): Performing backup of the old task list on disk
D/nofatclips(  231): Saving task list on disk
V/nofatclips(  231): Backing up trace #68 to disk.
V/nofatclips(  231): Backing up trace #69 to disk.
D/nofatclips(  231): Deleting backup of the old task list from disk
D/nofatclips(  231): Deleting backup of the old activity list from disk
I/nofatclips(  231): Incrementally Playing Trace 69
I/nofatclips(  231): Retrieved from return list id=1
D/nofatclips(  231): Testing for type (android.widget.CheckBox) against the original (android.widget.CheckBox)
D/nofatclips(  231): Testing for name (Katie's Sweet Testing Blog) against the original (Katie's Sweet Testing Blog)
I/nofatclips(  231): Firing event: type= click index=9 widget=android.widget.CheckBox
W/KeyCharacterMap(  231): No keyboard for id 0
W/KeyCharacterMap(  231): Using default keymap: /system/usr/keychars/qwerty.kcm.bin
D/nofatclips(  231): Event description: Katie's Sweet Testing Blog
I/nofatclips(  231): Waiting for 100 msec.
I/nofatclips(  231): Current activity is Preferences
I/nofatclips(  231): Retrieving widgets
D/nofatclips(  231): Found widget: id=-1 (android.widget.LinearLayout@406590d0)
D/nofatclips(  231): Found widget: id=-1 (android.widget.FrameLayout@4062dcf8)
D/nofatclips(  231): Found widget: id=16908310 (android.widget.TextView@40631b40): Preferences
D/nofatclips(  231): Found widget: id=16908290 (android.widget.FrameLayout@40677418)
D/nofatclips(  231): Found widget: id=-1 (android.widget.ScrollView@405d2db0)
D/nofatclips(  231): Found widget: id=-1 (android.widget.LinearLayout@40558880)
D/nofatclips(  231): Found widget: id=-1 (android.widget.LinearLayout@405b5180)
D/nofatclips(  231): Found widget: id=-1 (android.widget.TextView@405d1528):   Comment Notifications
D/nofatclips(  231): Found widget: id=-1 (android.widget.LinearLayout@405afc38)
D/nofatclips(  231): Found widget: id=1 (android.widget.CheckBox@40541790): Katie's Sweet Testing Blog
D/nofatclips(  231): Found widget: id=2 (android.widget.CheckBox@405c6fb0): My Blog
D/nofatclips(  231): Found widget: id=-1 (android.widget.TextView@4065d110): Update interval:
D/nofatclips(  231): Found widget: id=-1 (android.widget.Spinner@40679ee8)
D/nofatclips(  231): Found widget: id=16908308 (android.widget.TextView@40598b48): 5 Minutes
D/nofatclips(  231): Found widget: id=-1 (android.widget.LinearLayout@40666cb8)
D/nofatclips(  231): Found widget: id=-1 (android.widget.CheckBox@405cc4b0): Play notification sound
D/nofatclips(  231): Found widget: id=-1 (android.widget.CheckBox@405d07e0): Vibrate
D/nofatclips(  231): Found widget: id=-1 (android.widget.CheckBox@406593f8): Blink notification light
D/nofatclips(  231): Found widget: id=-1 (android.widget.LinearLayout@40676528)
D/nofatclips(  231): Found widget: id=-1 (android.widget.TextView@405f38c0):   Post Signature
D/nofatclips(  231): Found widget: id=-1 (android.widget.CheckBox@4063eec8): Add a tagline to new posts
D/nofatclips(  231): Found widget: id=-1 (android.widget.EditText@4057b598): Posted from WordPress for Android
D/nofatclips(  231): Found widget: id=-1 (android.widget.LinearLayout@4057d8b8)
D/nofatclips(  231): Found widget: id=-1 (android.widget.Button@4060c3e0): Cancel
D/nofatclips(  231): Found widget: id=-1 (android.widget.Button@405ab380): Save
D/nofatclips(  231): Found widget: id=-1 (com.android.internal.policy.impl.PhoneWindow$DecorView@40558f48)
D/dalvikvm(  231): GC_CONCURRENT freed 1301K, 54% free 3396K/7303K, external 3238K/4043K, paused 39ms+13ms
V/nicola  (  231): TextualID : null
V/nicola  (  231): ContentType detected : default
V/nicola  (  231): TextualID : null
V/nicola  (  231): ContentType detected : default
V/nicola  (  231): TextualID : null
V/nicola  (  231): ContentType detected : default
V/nicola  (  231): TextualID : null
V/nicola  (  231): ContentType detected : default
V/nicola  (  231): TextualID : null
