I//system/bin/fsck_msdos(   29): Attempting to allocate 397 KB for FAT
D/MediaScannerService(  232): start scanning volume internal
D/dalvikvm(  265): GC_CONCURRENT freed 493K, 54% free 2727K/5831K, external 716K/1038K, paused 2ms+3ms
I//system/bin/fsck_msdos(   29): Attempting to allocate 397 KB for FAT
D/nofatclips(  249): Updating node automation
D/nofatclips(  249): Loading node automation
V/nofatclips(  249): Updating value FORCE_RESTART
V/nofatclips(  249): Updating value IN_AND_OUT_FOCUS
V/nofatclips(  249): Updating value PRECRAWLING
V/nofatclips(  249): Updating value SCREENSHOT_FOR_EVENTS
V/nofatclips(  249): Updating value SCREENSHOT_FOR_STATES
V/nofatclips(  249): Updating value SCREENSHOT_ONLY_NEW_STATES
V/nofatclips(  249): Updating value SLEEP_AFTER_EVENT
D/nofatclips(  249): Updated value of parameter SLEEP_AFTER_EVENT to 100 (default = 1000)
V/nofatclips(  249): Updating value SLEEP_AFTER_RESTART
D/nofatclips(  249): Updated value of parameter SLEEP_AFTER_RESTART to 100 (default = 1000)
V/nofatclips(  249): Updating value SLEEP_AFTER_TASK
D/nofatclips(  249): Updated value of parameter SLEEP_AFTER_TASK to 100 (default = 1000)
V/nofatclips(  249): Updating value SLEEP_ON_THROBBER
D/nofatclips(  249): Updated value of parameter SLEEP_ON_THROBBER to 100 (default = 1000)
D/nofatclips(  249): Updating node screenshot
D/nofatclips(  249): Loading node screenshot
V/nofatclips(  249): Updating value FORCE_RESTART
V/nofatclips(  249): Updating value IN_AND_OUT_FOCUS
V/nofatclips(  249): Updating value PRECRAWLING
V/nofatclips(  249): Updating value SCREENSHOT_FOR_EVENTS
V/nofatclips(  249): Updating value SCREENSHOT_FOR_STATES
V/nofatclips(  249): Updating value SCREENSHOT_ONLY_NEW_STATES
V/nofatclips(  249): Updating value SLEEP_AFTER_EVENT
V/nofatclips(  249): Updating value SLEEP_AFTER_RESTART
V/nofatclips(  249): Updating value SLEEP_AFTER_TASK
V/nofatclips(  249): Updating value SLEEP_ON_THROBBER
I/nofatclips(  249): Waiting for 100 msec.
D/nofatclips(  249): Ready to operate after restarting...
I/nofatclips(  249): Current activity is Dashboard
W/nofatclips(  249): --->Dashboard
I//system/bin/fsck_msdos(   29): ** Phase 2 - Check Cluster Chains
I//system/bin/fsck_msdos(   29): ** Phase 3 - Checking Directories
I//system/bin/fsck_msdos(   29): ** Phase 4 - Checking for Lost Files
D/dalvikvm(  288): GC_CONCURRENT freed 495K, 54% free 2740K/5831K, external 716K/1038K, paused 3ms+25ms
D/dalvikvm(  249): GC_CONCURRENT freed 241K, 49% free 2981K/5831K, external 1812K/2324K, paused 3ms+5ms
I/nofatclips(  249): Retrieving widgets
D/nofatclips(  249): Found widget: id=16908290 (android.widget.FrameLayout@405a0ad0)
D/nofatclips(  249): Found widget: id=2131165248 (android.widget.RelativeLayout@405a17d0)
D/nofatclips(  249): Found widget: id=2131165249 (android.widget.LinearLayout@405a1e38)
D/nofatclips(  249): Found widget: id=-1 (android.widget.ImageView@405a2380)
D/nofatclips(  249): Found widget: id=2131165250 (org.wordpress.android.util.WPTitleBar@4059bd20)
D/nofatclips(  249): Found widget: id=2131165195 (android.widget.RelativeLayout@4050e2c8)
D/nofatclips(  249): Found widget: id=2131165196 (android.widget.RelativeLayout@40568570)
D/nofatclips(  249): Found widget: id=2131165197 (android.widget.ImageView@4059cb48)
D/nofatclips(  249): Found widget: id=2131165198 (android.widget.TextView@405418e8): Katie's Sweet Testing Blog
D/nofatclips(  249): Found widget: id=2131165199 (android.widget.ImageView@4055d178)
D/nofatclips(  249): Found widget: id=-1 (android.widget.RelativeLayout@405794d8)
D/nofatclips(  249): Found widget: id=2131165200 (android.widget.ImageButton@4059d070)
D/nofatclips(  249): Found widget: id=-1 (android.widget.FrameLayout@4057aa68)
D/nofatclips(  249): Found widget: id=2131165201 (android.widget.Button@405422b0): 
D/nofatclips(  249): Found widget: id=2131165202 (android.widget.ImageView@40593918)
D/nofatclips(  249): Found widget: id=2131165203 (android.widget.ImageView@4053caa8)
D/nofatclips(  249): Found widget: id=2131165204 (android.widget.LinearLayout@40569178)
D/nofatclips(  249): Found widget: id=-1 (android.widget.FrameLayout@4059c8e0)
D/nofatclips(  249): Found widget: id=-1 (android.widget.LinearLayout@4052fc50)
D/nofatclips(  249): Found widget: id=-1 (android.widget.LinearLayout@4050e0d8)
D/nofatclips(  249): Found widget: id=-1 (android.widget.LinearLayout@4052f270)
D/nofatclips(  249): Found widget: id=2131165251 (android.widget.LinearLayout@4052f928)
D/nofatclips(  249): Found widget: id=-1 (android.widget.ImageView@405903c0)
D/nofatclips(  249): Found widget: id=2131165256 (android.widget.TextView@4056ae70): New Post
D/nofatclips(  249): Found widget: id=2131165253 (android.widget.LinearLayout@4059bf58)
D/nofatclips(  249): Found widget: id=-1 (android.widget.ImageView@40530c90)
D/nofatclips(  249): Found widget: id=2131165256 (android.widget.TextView@4056b7a8): New Page
D/nofatclips(  249): Found widget: id=-1 (android.widget.LinearLayout@40532f48)
D/nofatclips(  249): Found widget: id=2131165252 (android.widget.LinearLayout@40530938)
D/nofatclips(  249): Found widget: id=-1 (android.widget.ImageView@40538920)
D/nofatclips(  249): Found widget: id=2131165256 (android.widget.TextView@405779a0): Quick Photo
D/nofatclips(  249): Found widget: id=2131165254 (android.widget.LinearLayout@405468d8)
D/nofatclips(  249): Found widget: id=-1 (android.widget.ImageView@4059aad8)
D/nofatclips(  249): Found widget: id=2131165256 (android.widget.TextView@40578210): Quick Video
D/nofatclips(  249): Found widget: id=-1 (android.widget.LinearLayout@4059df58)
D/nofatclips(  249): Found widget: id=-1 (android.widget.LinearLayout@4052e758)
D/nofatclips(  249): Found widget: id=2131165255 (android.widget.LinearLayout@40533f78)
D/nofatclips(  249): Found widget: id=-1 (android.widget.ImageView@40540468)
D/nofatclips(  249): Found widget: id=2131165256 (android.widget.TextView@40578898): Posts
D/nofatclips(  249): Found widget: id=2131165257 (android.widget.LinearLayout@40545058)
D/nofatclips(  249): Found widget: id=-1 (android.widget.ImageView@40568858)
D/nofatclips(  249): Found widget: id=2131165256 (android.widget.TextView@405374f8): Pages
D/nofatclips(  249): Found widget: id=-1 (android.widget.FrameLayout@40540180)
D/nofatclips(  249): Found widget: id=2131165258 (android.widget.LinearLayout@40544380)
D/nofatclips(  249): Found widget: id=-1 (android.widget.ImageView@40536cf8)
D/nofatclips(  249): Found widget: id=2131165256 (android.widget.TextView@405394a8): Comments
D/nofatclips(  249): Found widget: id=2131165259 (android.widget.FrameLayout@405447b8)
D/nofatclips(  249): Found widget: id=2131165260 (android.widget.ImageView@40546b20)
D/nofatclips(  249): Found widget: id=2131165261 (org.wordpress.android.util.CommentBadgeTextView@4053a4c0): 0
D/nofatclips(  249): Found widget: id=-1 (android.widget.LinearLayout@405407e8)
D/nofatclips(  249): Found widget: id=2131165262 (android.widget.LinearLayout@405415f0)
D/nofatclips(  249): Found widget: id=-1 (android.widget.ImageView@405411a0)
D/nofatclips(  249): Found widget: id=2131165256 (android.widget.TextView@40540ae0): Settings
D/nofatclips(  249): Found widget: id=2131165263 (android.widget.LinearLayout@40545628)
D/nofatclips(  249): Found widget: id=-1 (android.widget.ImageView@405610f8)
D/nofatclips(  249): Found widget: id=2131165256 (android.widget.TextView@40542e20): Read
D/nofatclips(  249): Found widget: id=2131165264 (android.widget.LinearLayout@40561840)
D/nofatclips(  249): Found widget: id=-1 (android.widget.ImageView@405640d8)
D/nofatclips(  249): Found widget: id=2131165256 (android.widget.TextView@4054fb78): Stats
D/nofatclips(  249): Found widget: id=-1 (com.android.internal.policy.impl.PhoneWindow$DecorView@405a01d0)
V/nicola  (  249): TextualID : blog_title
V/nicola  (  249): ContentType detected : default
V/nicola  (  249): TextualID : action_refresh
V/nicola  (  249): ContentType detected : default
V/nicola  (  249): TextualID : button_text
V/nicola  (  249): ContentType detected : default
V/nicola  (  249): TextualID : button_text
V/nicola  (  249): ContentType detected : default
V/nicola  (  249): TextualID : button_text
V/nicola  (  249): ContentType detected : default
V/nicola  (  249): TextualID : button_text
V/nicola  (  249): ContentType detected : default
V/nicola  (  249): TextualID : button_text
V/nicola  (  249): ContentType detected : default
V/nicola  (  249): TextualID : button_text
V/nicola  (  249): ContentType detected : default
V/nicola  (  249): TextualID : button_text
V/nicola  (  249): ContentType detected : default
V/nicola  (  249): TextualID : button_text
V/nicola  (  249): ContentType detected : default
V/nicola  (  249): TextualID : button_text
V/nicola  (  249): ContentType detected : default
V/nicola  (  249): TextualID : button_text
V/nicola  (  249): ContentType detected : default
D/nofatclips(  249): No session to resume: task list not found. Will start from scratch.
I/nofatclips(  249): Starting a new session
D/nofatclips(  249): Performing backup of the old activity list on disk
D/nofatclips(  249): Saving new found state 'a1' on disk
V/nofatclips(  249): Opening state file in overwrite mode.
I//system/bin/fsck_msdos(   29): Next free cluster in FSInfo block (5) not free
I//system/bin/fsck_msdos(   29): FIXED
I//system/bin/fsck_msdos(   29): 3 files, 50388 free (100777 clusters)
I/Vold    (   29): Filesystem check completed OK
I/Vold    (   29): Device /dev/block/vold/179:0, target /mnt/sdcard mounted @ /mnt/secure/staging
D/Vold    (   29): Volume sdcard state changing 3 (Checking) -> 4 (Mounted)
I/PackageManager(   61): Updating external media status from unmounted to mounted
I/StorageNotification(  107): Media {/mnt/sdcard} state changed from {checking} -> {mounted}
D/VoldCmdListener(   29): asec list
I/PackageManager(   61): No secure containers on sdcard
D/dalvikvm(  249): GC_CONCURRENT freed 584K, 50% free 3208K/6407K, external 1812K/2324K, paused 4ms+6ms
W/PackageManager(   61): Unknown permission com.google.android.googleapps.permission.GOOGLE_AUTH.mail in package com.android.contacts
D/dalvikvm(  249): GC_EXTERNAL_ALLOC freed 137K, 51% free 3192K/6407K, external 1812K/2324K, paused 39ms
D/dalvikvm(  249): GC_EXTERNAL_ALLOC freed 23K, 51% free 3169K/6407K, external 1999K/2511K, paused 39ms
I/nofatclips(  249): Saved image on disk: a1.jpg
I/nofatclips(  249): Planning for new Activity Dashboard
D/nofatclips(  249): Handling event 'click' on widget id=2131165200 type=button name=
I/dalvikvm(  249): Jit: resizing JitTable from 512 to 1024
W/PackageManager(   61): Unknown permission android.permission.ADD_SYSTEM_SERVICE in package com.android.phone
D/nofatclips(  249): Handling event 'click' on widget id=2131165201 type=button name=
D/nofatclips(  249): Handling event 'click' on widget id=2131165204 type=linearLayout name=
D/nofatclips(  249): Handling event 'click' on widget id=2131165251 type=linearLayout name=
D/nofatclips(  249): Handling event 'click' on widget id=2131165253 type=linearLayout name=
D/nofatclips(  249): Handling event 'click' on widget id=2131165252 type=linearLayout name=
D/Eas Debug(  288): Logging: 
D/Email   (  288): BOOT_COMPLETED
D/EAS SyncManager(  288): !!! EAS SyncManager, onDestroy
D/nofatclips(  249): Handling event 'click' on widget id=2131165254 type=linearLayout name=
D/nofatclips(  249): Handling event 'click' on widget id=2131165255 type=linearLayout name=
W/PackageManager(   61): Not granting permission android.permission.SEND_DOWNLOAD_COMPLETED_INTENTS to package com.android.browser (protectionLevel=2 flags=0x9be45)
D/dalvikvm(  249): GC_CONCURRENT freed 735K, 51% free 3277K/6599K, external 2599K/3246K, paused 3ms+3ms
D/nofatclips(  249): Handling event 'click' on widget id=2131165257 type=linearLayout name=
D/nofatclips(  249): Handling event 'click' on widget id=2131165258 type=linearLayout name=
D/nofatclips(  249): Handling event 'click' on widget id=2131165262 type=linearLayout name=
D/nofatclips(  249): Handling event 'click' on widget id=2131165263 type=linearLayout name=
D/nofatclips(  249): Handling event 'click' on widget id=2131165264 type=linearLayout name=
I/nofatclips(  249): Created trace to press the menu button
I/nofatclips(  249): Created trace to change orientation
I/nofatclips(  249): Dispatching new task. 2 more tasks remaining.
D/nofatclips(  249): Saving task list on disk
V/nofatclips(  249): Backing up trace #13 to disk.
V/nofatclips(  249): Backing up trace #14 to disk.
D/nofatclips(  249): Deleting backup of the old activity list from disk
I/nofatclips(  249): Restarting
W/PackageManager(   61): Unknown permission com.google.android.gm.permission.WRITE_GMAIL in package com.android.settings
W/PackageManager(   61): Unknown permission com.google.android.gm.permission.READ_GMAIL in package com.android.settings
W/PackageManager(   61): Unknown permission com.google.android.googleapps.permission.GOOGLE_AUTH in package com.android.settings
W/PackageManager(   61): Unknown permission com.google.android.googleapps.permission.GOOGLE_AUTH in package com.android.providers.contacts
W/PackageManager(   61): Unknown permission com.google.android.googleapps.permission.GOOGLE_AUTH.cp in package com.android.providers.contacts
W/PackageManager(   61): Unknown permission com.google.android.googleapps.permission.ACCESS_GOOGLE_PASSWORD in package com.android.development
W/PackageManager(   61): Unknown permission com.google.android.googleapps.permission.GOOGLE_AUTH in package com.android.development
W/PackageManager(   61): Unknown permission com.google.android.googleapps.permission.GOOGLE_AUTH.ALL_SERVICES in package com.android.development
W/PackageManager(   61): Unknown permission com.google.android.googleapps.permission.GOOGLE_AUTH.YouTubeUser in package com.android.development
W/PackageManager(   61): Unknown permission android.permission.READ_OWNER_DATA in package com.android.email
W/PackageManager(   61): Not granting permission android.permission.DEVICE_POWER to package com.android.deskclock (protectionLevel=2 flags=0x8be45)
W/ImageDownloader(  249): Error 404 while retrieving bitmap from http://gravatar.com/blavatar/44d338f29053dbb888da79dcf98df489?s=60&d=404
D/MediaScanner(  232):  prescan time: 3037ms
D/dalvikvm(  232): GC_CONCURRENT freed 524K, 55% free 2646K/5767K, external 716K/1038K, paused 3ms+2ms
D/MediaScanner(  232):     scan time: 71ms
D/MediaScanner(  232): postscan time: 1ms
D/MediaScanner(  232):    total time: 3109ms
I/dalvikvm(   61): Jit: resizing JitTable from 512 to 1024
D/szipinf (  172): Initializing inflate state
D/dalvikvm(  172): GC_CONCURRENT freed 230K, 51% free 2823K/5703K, external 716K/1038K, paused 3ms+3ms
I/nofatclips(  249): Waiting for 100 msec.
D/MediaScannerService(  232): done scanning volume internal
D/MediaScannerService(  232): start scanning volume external
V/MediaProvider(  232): /mnt/sdcard volume ID: 437459997
D/EAS SyncManager(  288): !!! EAS SyncManager, onCreate
D/EAS SyncManager(  288): !!! EAS SyncManager, onStartCommand
D/EAS SyncManager(  288): !!! EAS SyncManager, stopping self
D/EAS SyncManager(  288): !!! EAS SyncManager, onDestroy
D/nofatclips(  249): Ready to operate after restarting...
D/dalvikvm(  249): GC_CONCURRENT freed 1230K, 55% free 3211K/7047K, external 1999K/2599K, paused 3ms+4ms
I/nofatclips(  249): Retrieving widgets
D/nofatclips(  249): Found widget: id=16908290 (android.widget.FrameLayout@405a0ad0)
D/nofatclips(  249): Found widget: id=2131165248 (android.widget.RelativeLayout@405a17d0)
D/nofatclips(  249): Found widget: id=2131165249 (android.widget.LinearLayout@405a1e38)
D/nofatclips(  249): Found widget: id=-1 (android.widget.ImageView@405a2380)
D/nofatclips(  249): Found widget: id=2131165250 (org.wordpress.android.util.WPTitleBar@4059bd20)
D/nofatclips(  249): Found widget: id=2131165195 (android.widget.RelativeLayout@4050e2c8)
D/nofatclips(  249): Found widget: id=2131165196 (android.widget.RelativeLayout@40568570)
D/nofatclips(  249): Found widget: id=2131165197 (android.widget.ImageView@4059cb48)
D/nofatclips(  249): Found widget: id=2131165198 (android.widget.TextView@405418e8): Katie's Sweet Testing Blog
D/nofatclips(  249): Found widget: id=2131165199 (android.widget.ImageView@4055d178)
D/nofatclips(  249): Found widget: id=-1 (android.widget.RelativeLayout@405794d8)
D/nofatclips(  249): Found widget: id=2131165200 (android.widget.ImageButton@4059d070)
D/nofatclips(  249): Found widget: id=-1 (android.widget.FrameLayout@4057aa68)
D/nofatclips(  249): Found widget: id=2131165201 (android.widget.Button@405422b0): 
D/nofatclips(  249): Found widget: id=2131165202 (android.widget.ImageView@40593918)
D/nofatclips(  249): Found widget: id=2131165203 (android.widget.ImageView@4053caa8)
D/nofatclips(  249): Found widget: id=2131165204 (android.widget.LinearLayout@40569178)
D/nofatclips(  249): Found widget: id=-1 (android.widget.FrameLayout@4059c8e0)
D/nofatclips(  249): Found widget: id=-1 (android.widget.LinearLayout@4052fc50)
D/nofatclips(  249): Found widget: id=-1 (android.widget.LinearLayout@4050e0d8)
D/nofatclips(  249): Found widget: id=-1 (android.widget.LinearLayout@4052f270)
D/nofatclips(  249): Found widget: id=2131165251 (android.widget.LinearLayout@4052f928)
D/nofatclips(  249): Found widget: id=-1 (android.widget.ImageView@405903c0)
D/nofatclips(  249): Found widget: id=2131165256 (android.widget.TextView@4056ae70): New Post
D/nofatclips(  249): Found widget: id=2131165253 (android.widget.LinearLayout@4059bf58)
D/nofatclips(  249): Found widget: id=-1 (android.widget.ImageView@40530c90)
D/nofatclips(  249): Found widget: id=2131165256 (android.widget.TextView@4056b7a8): New Page
D/nofatclips(  249): Found widget: id=-1 (android.widget.LinearLayout@40532f48)
D/nofatclips(  249): Found widget: id=2131165252 (android.widget.LinearLayout@40530938)
D/nofatclips(  249): Found widget: id=-1 (android.widget.ImageView@40538920)
D/nofatclips(  249): Found widget: id=2131165256 (android.widget.TextView@405779a0): Quick Photo
D/nofatclips(  249): Found widget: id=2131165254 (android.widget.LinearLayout@405468d8)
D/nofatclips(  249): Found widget: id=-1 (android.widget.ImageView@4059aad8)
D/nofatclips(  249): Found widget: id=2131165256 (android.widget.TextView@40578210): Quick Video
D/nofatclips(  249): Found widget: id=-1 (android.widget.LinearLayout@4059df58)
D/nofatclips(  249): Found widget: id=-1 (android.widget.LinearLayout@4052e758)
D/nofatclips(  249): Found widget: id=2131165255 (android.widget.LinearLayout@40533f78)
D/nofatclips(  249): Found widget: id=-1 (android.widget.ImageView@40540468)
D/nofatclips(  249): Found widget: id=2131165256 (android.widget.TextView@40578898): Posts
D/nofatclips(  249): Found widget: id=2131165257 (android.widget.LinearLayout@40545058)
D/nofatclips(  249): Found widget: id=-1 (android.widget.ImageView@40568858)
D/nofatclips(  249): Found widget: id=2131165256 (android.widget.TextView@405374f8): Pages
D/nofatclips(  249): Found widget: id=-1 (android.widget.FrameLayout@40540180)
D/nofatclips(  249): Found widget: id=2131165258 (android.widget.LinearLayout@40544380)
D/nofatclips(  249): Found widget: id=-1 (android.widget.ImageView@40536cf8)
D/nofatclips(  249): Found widget: id=2131165256 (android.widget.TextView@405394a8): Comments
D/nofatclips(  249): Found widget: id=2131165259 (android.widget.FrameLayout@405447b8)
D/nofatclips(  249): Found widget: id=2131165260 (android.widget.ImageView@40546b20)
D/nofatclips(  249): Found widget: id=2131165261 (org.wordpress.android.util.CommentBadgeTextView@4053a4c0): 0
D/nofatclips(  249): Found widget: id=-1 (android.widget.LinearLayout@405407e8)
D/nofatclips(  249): Found widget: id=2131165262 (android.widget.LinearLayout@405415f0)
D/nofatclips(  249): Found widget: id=-1 (android.widget.ImageView@405411a0)
D/nofatclips(  249): Found widget: id=2131165256 (android.widget.TextView@40540ae0): Settings
D/nofatclips(  249): Found widget: id=2131165263 (android.widget.LinearLayout@40545628)
D/nofatclips(  249): Found widget: id=-1 (android.widget.ImageView@405610f8)
D/nofatclips(  249): Found widget: id=2131165256 (android.widget.TextView@40542e20): Read
D/nofatclips(  249): Found widget: id=2131165264 (android.widget.LinearLayout@40561840)
D/nofatclips(  249): Found widget: id=-1 (android.widget.ImageView@405640d8)
D/nofatclips(  249): Found widget: id=2131165256 (android.widget.TextView@4054fb78): Stats
D/nofatclips(  249): Found widget: id=-1 (com.android.internal.policy.impl.PhoneWindow$DecorView@405a01d0)
I/nofatclips(  249): Playing Trace 14
I/nofatclips(  249): Retrieved from return list id=2131165263
D/nofatclips(  249): Testing for type (android.widget.LinearLayout) against the original (android.widget.LinearLayout)
D/nofatclips(  249): Testing for name () against the original ()
I/nofatclips(  249): Firing event: type= click index=53 widget=android.widget.LinearLayout
D/szipinf (  128): Initializing inflate state
D/dalvikvm(  122): GREF has increased to 201
V/MediaProvider(  232): Attached volume: external
D/dalvikvm(  128): GC_EXPLICIT freed 194K, 49% free 2979K/5831K, external 3075K/3257K, paused 55ms
V/MediaScanner(  232): pruneDeadThumbnailFiles... android.database.sqlite.SQLiteCursor@4058ffa8
V/MediaScanner(  232): /pruneDeadThumbnailFiles... android.database.sqlite.SQLiteCursor@4058ffa8
D/MediaScanner(  232):  prescan time: 111ms
D/MediaScanner(  232):     scan time: 1ms
D/MediaScanner(  232): postscan time: 10ms
D/MediaScanner(  232):    total time: 122ms
D/MediaScannerService(  232): done scanning volume external
I/ContactsDatabaseHelper(  172): Locale change completed in 13418ms
W/KeyCharacterMap(  249): No keyboard for id 0
W/KeyCharacterMap(  249): Using default keymap: /system/usr/keychars/qwerty.kcm.bin
D/nofatclips(  249): Event description: Read
I/ActivityManager(   61): Starting: Intent { cmp=org.wordpress.android/.Read (has extras) } from pid 249
I/nofatclips(  249): Waiting for 100 msec.
I/ActivityManager(   61): Displayed org.wordpress.android/.Read: +1s615ms
I/nofatclips(  249): Current activity is Read
I/nofatclips(  249): Retrieving widgets
D/nofatclips(  249): Found widget: id=-1 (android.widget.LinearLayout@4061e5e8)
D/nofatclips(  249): Found widget: id=16908662 (android.widget.RelativeLayout@4061edd0)
D/nofatclips(  249): Found widget: id=16908812 (android.widget.ProgressBar@40666b00)
D/nofatclips(  249): Found widget: id=16908813 (android.widget.ProgressBar@40666f28)
D/nofatclips(  249): Found widget: id=16908310 (android.widget.TextView@406680c0): Read
D/nofatclips(  249): Found widget: id=16908290 (android.widget.FrameLayout@40619020)
D/nofatclips(  249): Found widget: id=-1 (android.widget.LinearLayout@405d62e8)
D/nofatclips(  249): Found widget: id=2131165329 (android.webkit.WebView@405d7238)
D/nofatclips(  249): Found widget: id=-1 (com.android.internal.policy.impl.PhoneWindow$DecorView@4061e140)
V/nicola  (  249): TextualID : null
V/nicola  (  249): ContentType detected : default
V/ReflectionHelper(  249): android.webkit.WebView > mOnFocusChangeListener FOUND | NOT ACTIVE
I/nofatclips(  249): Performing comparation for activity Read
D/nofatclips(  249): Comparing against activity Dashboard
I/nofatclips(  249): Registering activity Read (id: a2) as a new found state
D/nofatclips(  249): Performing backup of the old activity list on disk
D/nofatclips(  249): Saving new found state 'a2' on disk
V/nofatclips(  249): Opening state file in append mode.
D/dalvikvm(  249): GC_CONCURRENT freed 749K, 54% free 3309K/7047K, external 2167K/2599K, paused 8ms+8ms
D/dalvikvm(  249): GC_EXTERNAL_ALLOC freed 20K, 54% free 3289K/7047K, external 2167K/2599K, paused 91ms
D/dalvikvm(  249): GC_EXTERNAL_ALLOC freed 64K, 50% free 3545K/7047K, external 3367K/3455K, paused 104ms
I/nofatclips(  249): Saved image on disk: a2.jpg
I/nofatclips(  249): Waiting for 100 msec.
I/nofatclips(  249): Session count is 1. Will dump to disk at 1
I/nofatclips(  249): Saving the session on disk. This is the first batch: the file will be created.
I/nofatclips(  249): Planning for new Activity Read
D/nofatclips(  249): Handling event 'longClick' on widget id=2131165329 type=webPage name=
I/nofatclips(  249): Created trace to press the back button
I/nofatclips(  249): Created trace to press the menu button
I/nofatclips(  249): Created trace to change orientation
I/nofatclips(  249): Check for termination: 99 steps left of 100
I/nofatclips(  249): Dispatching new task. 2 more tasks remaining.
D/nofatclips(  249): Performing backup of the old task list on disk
D/nofatclips(  249): Saving task list on disk
V/nofatclips(  249): Backing up trace #17 to disk.
V/nofatclips(  249): Backing up trace #18 to disk.
D/nofatclips(  249): Deleting backup of the old task list from disk
D/nofatclips(  249): Deleting backup of the old activity list from disk
I/nofatclips(  249): Incrementally Playing Trace 18
I/nofatclips(  249): Retrieved from return list id=-1
D/nofatclips(  249): Testing for type (android.widget.LinearLayout) against the original (null)
I/nofatclips(  249): Firing event: type= openMenu name= widget=null
D/dalvikvm(  249): GC_CONCURRENT freed 614K, 48% free 3680K/7047K, external 3367K/4204K, paused 5ms+5ms
W/KeyCharacterMap(  249): No keyboard for id 0
W/KeyCharacterMap(  249): Using default keymap: /system/usr/keychars/qwerty.kcm.bin
I/nofatclips(  249): Waiting for 100 msec.
I/nofatclips(  249): Current activity is Read
I/nofatclips(  249): Retrieving widgets
D/nofatclips(  249): Found widget: id=16908726 (com.android.internal.view.menu.IconMenuView@40667778)
D/nofatclips(  249): Found widget: id=16908310 (com.android.internal.view.menu.IconMenuItemView@405df7d0): Home
D/nofatclips(  249): Found widget: id=16908310 (com.android.internal.view.menu.IconMenuItemView@405f2018): View in Browser
D/nofatclips(  249): Found widget: id=16908310 (com.android.internal.view.menu.IconMenuItemView@406ae050): Refresh
D/nofatclips(  249): Found widget: id=-1 (com.android.internal.policy.impl.PhoneWindow$DecorView@40556718)
V/ReflectionHelper(  249): com.android.internal.view.menu.IconMenuView > mOnFocusChangeListener FOUND | NOT ACTIVE
V/nicola  (  249): TextualID : null
V/nicola  (  249): ContentType detected : default
V/nicola  (  249): TextualID : null
V/nicola  (  249): ContentType detected : default
V/nicola  (  249): TextualID : null
V/nicola  (  249): ContentType detected : default
I/nofatclips(  249): Performing comparation for activity Read
D/nofatclips(  249): Comparing against activity Dashboard
D/nofatclips(  249): Comparing against activity Read
I/nofatclips(  249): Registering activity Read (id: a3) as a new found state
D/nofatclips(  249): Performing backup of the old activity list on disk
D/nofatclips(  249): Saving new found state 'a3' on disk
V/nofatclips(  249): Opening state file in append mode.
I/nofatclips(  249): Saved image on disk: a3.jpg
I/nofatclips(  249): Waiting for 100 msec.
I/dalvikvm(  249): Jit: resizing JitTable from 1024 to 2048
I/nofatclips(  249): Session count is 1. Will dump to disk at 1
I/nofatclips(  249): Saving the session on disk.
D/dalvikvm(  249): GC_CONCURRENT freed 1377K, 51% free 3832K/7815K, external 2966K/3455K, paused 4ms+5ms
I/nofatclips(  249): Planning for new Activity Read
D/nofatclips(  249): Handling event 'click' on widget id=16908310 type=menuItem name=Home
D/nofatclips(  249): Handling event 'click' on widget id=16908310 type=menuItem name=View in Browser
D/nofatclips(  249): Handling event 'click' on widget id=16908310 type=menuItem name=Refresh
I/nofatclips(  249): Created trace to press the back button
I/nofatclips(  249): Created trace to press the menu button
I/nofatclips(  249): Created trace to change orientation
I/nofatclips(  249): Check for termination: 98 steps left of 100
I/nofatclips(  249): Dispatching new task. 2 more tasks remaining.
D/nofatclips(  249): Performing backup of the old task list on disk
D/nofatclips(  249): Saving task list on disk
V/nofatclips(  249): Backing up trace #23 to disk.
V/nofatclips(  249): Backing up trace #24 to disk.
D/nofatclips(  249): Deleting backup of the old task list from disk
D/nofatclips(  249): Deleting backup of the old activity list from disk
I/nofatclips(  249): Incrementally Playing Trace 24
I/nofatclips(  249): Retrieved from return list id=16908726
D/nofatclips(  249): Testing for type (com.android.internal.view.menu.IconMenuView) against the original (null)
I/nofatclips(  249): Firing event: type= openMenu name= widget=null
D/dalvikvm(  249): GC_CONCURRENT freed 1321K, 50% free 3952K/7879K, external 2884K/3455K, paused 3ms+3ms
W/ResponseProcessCookies(  249): Invalid cookie header: "Set-Cookie: twostep_auth=+; expires=Mon, 29-Jul-2013 19:00:39 GMT; Max-Age=-31536000; path=/; domain=.wordpress.com". Negative max-age attribute: -31536000
W/ResponseProcessCookies(  249): Invalid cookie header: "Set-Cookie: wordpress=+; expires=Mon, 29-Jul-2013 19:00:39 GMT; Max-Age=-31536000; path=/wp-admin; domain=.wordpress.com". Negative max-age attribute: -31536000
W/ResponseProcessCookies(  249): Invalid cookie header: "Set-Cookie: wordpress_sec=+; expires=Mon, 29-Jul-2013 19:00:39 GMT; Max-Age=-31536000; path=/wp-admin; domain=.wordpress.com". Negative max-age attribute: -31536000
W/ResponseProcessCookies(  249): Invalid cookie header: "Set-Cookie: wordpress=+; expires=Mon, 29-Jul-2013 19:00:39 GMT; Max-Age=-31536000; path=/wp-content/plugins; domain=.wordpress.com". Negative max-age attribute: -31536000
W/ResponseProcessCookies(  249): Invalid cookie header: "Set-Cookie: wordpress_sec=+; expires=Mon, 29-Jul-2013 19:00:39 GMT; Max-Age=-31536000; path=/wp-content/plugins; domain=.wordpress.com". Negative max-age attribute: -31536000
W/ResponseProcessCookies(  249): Invalid cookie header: "Set-Cookie: wordpress_logged_in=+; expires=Mon, 29-Jul-2013 19:00:39 GMT; Max-Age=-31536000; path=/; domain=.wordpress.com". Negative max-age attribute: -31536000
W/ResponseProcessCookies(  249): Invalid cookie header: "Set-Cookie: wordpress_logged_in=+; expires=Mon, 29-Jul-2013 19:00:39 GMT; Max-Age=-31536000; path=/; domain=.wordpress.com". Negative max-age attribute: -31536000
W/ResponseProcessCookies(  249): Invalid cookie header: "Set-Cookie: wordpress=+; expires=Mon, 29-Jul-2013 19:00:39 GMT; Max-Age=-31536000; path=/; domain=.wordpress.com". Negative max-age attribute: -31536000
W/ResponseProcessCookies(  249): Invalid cookie header: "Set-Cookie: wordpress=+; expires=Mon, 29-Jul-2013 19:00:39 GMT; Max-Age=-31536000; path=/; domain=.wordpress.com". Negative max-age attribute: -31536000
W/ResponseProcessCookies(  249): Invalid cookie header: "Set-Cookie: wordpress_sec=+; expires=Mon, 29-Jul-2013 19:00:39 GMT; Max-Age=-31536000; path=/; domain=.wordpress.com". Negative max-age attribute: -31536000
W/ResponseProcessCookies(  249): Invalid cookie header: "Set-Cookie: wordpress_sec=+; expires=Mon, 29-Jul-2013 19:00:39 GMT; Max-Age=-31536000; path=/; domain=.wordpress.com". Negative max-age attribute: -31536000
W/ResponseProcessCookies(  249): Invalid cookie header: "Set-Cookie: wp_user=+; expires=Mon, 29-Jul-2013 19:00:39 GMT; Max-Age=-31536000; path=/; domain=.wordpress.com". Negative max-age attribute: -31536000
W/ResponseProcessCookies(  249): Invalid cookie header: "Set-Cookie: wp_pass=+; expires=Mon, 29-Jul-2013 19:00:39 GMT; Max-Age=-31536000; path=/; domain=.wordpress.com". Negative max-age attribute: -31536000
W/ResponseProcessCookies(  249): Invalid cookie header: "Set-Cookie: wp_user=+; expires=Mon, 29-Jul-2013 19:00:39 GMT; Max-Age=-31536000; path=/; domain=.wordpress.com". Negative max-age attribute: -31536000
W/ResponseProcessCookies(  249): Invalid cookie header: "Set-Cookie: wp_pass=+; expires=Mon, 29-Jul-2013 19:00:39 GMT; Max-Age=-31536000; path=/; domain=.wordpress.com". Negative max-age attribute: -31536000
W/KeyCharacterMap(  249): No keyboard for id 0
W/KeyCharacterMap(  249): Using default keymap: /system/usr/keychars/qwerty.kcm.bin
W/InputManagerService(   61): Window already focused, ignoring focus gain of: com.android.internal.view.IInputMethodClient$Stub$Proxy@40716a90
I/nofatclips(  249): Waiting for 100 msec.
I/nofatclips(  249): Current activity is Read
I/nofatclips(  249): Retrieving widgets
D/nofatclips(  249): Found widget: id=-1 (android.widget.LinearLayout@4061e5e8)
D/nofatclips(  249): Found widget: id=16908662 (android.widget.RelativeLayout@4061edd0)
D/nofatclips(  249): Found widget: id=16908812 (android.widget.ProgressBar@40666b00)
D/nofatclips(  249): Found widget: id=16908813 (android.widget.ProgressBar@40666f28)
D/nofatclips(  249): Found widget: id=16908310 (android.widget.TextView@406680c0): Loading...
D/nofatclips(  249): Found widget: id=16908290 (android.widget.FrameLayout@40619020)
D/nofatclips(  249): Found widget: id=-1 (android.widget.LinearLayout@405d62e8)
D/nofatclips(  249): Found widget: id=2131165329 (android.webkit.WebView@405d7238)
D/nofatclips(  249): Found widget: id=-1 (com.android.internal.policy.impl.PhoneWindow$DecorView@4061e140)
V/nicola  (  249): TextualID : null
V/nicola  (  249): ContentType detected : default
V/ReflectionHelper(  249): android.webkit.WebView > mOnFocusChangeListener FOUND | NOT ACTIVE
I/nofatclips(  249): Performing comparation for activity Read
D/nofatclips(  249): Comparing against activity Dashboard
D/nofatclips(  249): Comparing against activity Read
D/nofatclips(  249): Comparing against activity Read
I/nofatclips(  249): Registering activity Read (id: a4) as a new found state
D/nofatclips(  249): Performing backup of the old activity list on disk
D/nofatclips(  249): Saving new found state 'a4' on disk
V/nofatclips(  249): Opening state file in append mode.
D/dalvikvm(  249): GC_EXTERNAL_ALLOC freed 774K, 52% free 3785K/7879K, external 2884K/3455K, paused 48ms
I/nofatclips(  249): Saved image on disk: a4.jpg
I/nofatclips(  249): Waiting for 100 msec.
I/nofatclips(  249): Session count is 1. Will dump to disk at 1
I/nofatclips(  249): Saving the session on disk.
I/nofatclips(  249): Planning for new Activity Read
D/nofatclips(  249): Handling event 'longClick' on widget id=2131165329 type=webPage name=
I/nofatclips(  249): Created trace to press the back button
I/nofatclips(  249): Created trace to press the menu button
I/nofatclips(  249): Created trace to change orientation
I/nofatclips(  249): Check for termination: 97 steps left of 100
I/nofatclips(  249): Dispatching new task. 2 more tasks remaining.
D/nofatclips(  249): Performing backup of the old task list on disk
D/nofatclips(  249): Saving task list on disk
V/nofatclips(  249): Backing up trace #27 to disk.
V/nofatclips(  249): Backing up trace #28 to disk.
D/nofatclips(  249): Deleting backup of the old task list from disk
D/nofatclips(  249): Deleting backup of the old activity list from disk
I/nofatclips(  249): Incrementally Playing Trace 28
I/nofatclips(  249): Retrieved from return list id=-1
D/nofatclips(  249): Testing for type (android.widget.LinearLayout) against the original (null)
I/nofatclips(  249): Firing event: type= changeOrientation name= widget=null
I/WindowManager(   61): Setting rotation to 1, animFlags=1
I/ActivityManager(   61): Config changed: { scale=1.0 imsi=310/260 loc=en_US touch=3 keys=2/1/2 nav=1/1 orien=2 layout=18 uiMode=17 seq=5}
I/nofatclips(  249): Waiting for 100 msec.
I/nofatclips(  249): Current activity is Read
I/nofatclips(  249): Retrieving widgets
D/nofatclips(  249): Found widget: id=-1 (android.widget.LinearLayout@4061e5e8)
D/nofatclips(  249): Found widget: id=16908662 (android.widget.RelativeLayout@4061edd0)
D/nofatclips(  249): Found widget: id=16908812 (android.widget.ProgressBar@40666b00)
D/nofatclips(  249): Found widget: id=16908813 (android.widget.ProgressBar@40666f28)
D/nofatclips(  249): Found widget: id=16908310 (android.widget.TextView@406680c0): Loading...
D/nofatclips(  249): Found widget: id=16908290 (android.widget.FrameLayout@40619020)
D/nofatclips(  249): Found widget: id=-1 (android.widget.LinearLayout@405d62e8)
D/nofatclips(  249): Found widget: id=2131165329 (android.webkit.WebView@405d7238)
D/nofatclips(  249): Found widget: id=-1 (com.android.internal.policy.impl.PhoneWindow$DecorView@4061e140)
V/nicola  (  249): TextualID : null
V/nicola  (  249): ContentType detected : default
V/ReflectionHelper(  249): android.webkit.WebView > mOnFocusChangeListener FOUND | NOT ACTIVE
I/nofatclips(  249): Performing comparation for activity Read
D/nofatclips(  249): Comparing against activity Dashboard
D/nofatclips(  249): Comparing against activity Read
D/nofatclips(  249): Comparing against activity Read
D/nofatclips(  249): Comparing against activity Read
I/nofatclips(  249): Registering activity Read (id: a5) as a new found state
D/nofatclips(  249): Performing backup of the old activity list on disk
D/nofatclips(  249): Saving new found state 'a5' on disk
V/nofatclips(  249): Opening state file in append mode.
D/dalvikvm(  249): GC_EXTERNAL_ALLOC freed 1177K, 50% free 3961K/7879K, external 3403K/3500K, paused 94ms
I/nofatclips(  249): Saved image on disk: a5.jpg
I/nofatclips(  249): Waiting for 100 msec.
I/nofatclips(  249): Session count is 1. Will dump to disk at 1
I/nofatclips(  249): Saving the session on disk.
I/nofatclips(  249): Planning for new Activity Read
D/nofatclips(  249): Handling event 'longClick' on widget id=2131165329 type=webPage name=
I/nofatclips(  249): Created trace to press the back button
I/nofatclips(  249): Created trace to press the menu button
I/nofatclips(  249): Created trace to change orientation
I/nofatclips(  249): Check for termination: 96 steps left of 100
I/nofatclips(  249): Dispatching new task. 2 more tasks remaining.
D/nofatclips(  249): Performing backup of the old task list on disk
D/nofatclips(  249): Saving task list on disk
V/nofatclips(  249): Backing up trace #31 to disk.
V/nofatclips(  249): Backing up trace #32 to disk.
D/nofatclips(  249): Deleting backup of the old task list from disk
D/nofatclips(  249): Deleting backup of the old activity list from disk
I/nofatclips(  249): Incrementally Playing Trace 32
I/nofatclips(  249): Retrieved from return list id=2131165329
D/nofatclips(  249): Testing for type (android.webkit.WebView) against the original (android.webkit.WebView)
D/nofatclips(  249): Testing for name () against the original ()
I/nofatclips(  249): Firing event: type= longClick index=7 widget=android.webkit.WebView
W/KeyCharacterMap(  249): No keyboard for id 0
W/KeyCharacterMap(  249): Using default keymap: /system/usr/keychars/qwerty.kcm.bin
D/dalvikvm(   61): GC_EXPLICIT freed 739K, 46% free 4155K/7623K, external 1865K/3065K, paused 80ms
D/dalvikvm(  249): GC_CONCURRENT freed 979K, 45% free 4422K/8007K, external 3403K/3500K, paused 4ms+5ms
I/nofatclips(  249): Waiting for 100 msec.
I/nofatclips(  249): Current activity is Read
I/nofatclips(  249): Retrieving widgets
D/nofatclips(  249): Found widget: id=-1 (android.widget.LinearLayout@4061e5e8)
D/nofatclips(  249): Found widget: id=16908662 (android.widget.RelativeLayout@4061edd0)
D/nofatclips(  249): Found widget: id=16908812 (android.widget.ProgressBar@40666b00)
D/nofatclips(  249): Found widget: id=16908813 (android.widget.ProgressBar@40666f28)
D/nofatclips(  249): Found widget: id=16908310 (android.widget.TextView@406680c0): Loading...
D/nofatclips(  249): Found widget: id=16908290 (android.widget.FrameLayout@40619020)
D/nofatclips(  249): Found widget: id=-1 (android.widget.LinearLayout@405d62e8)
D/nofatclips(  249): Found widget: id=2131165329 (android.webkit.WebView@405d7238)
D/nofatclips(  249): Found widget: id=-1 (com.android.internal.policy.impl.PhoneWindow$DecorView@4061e140)
V/nicola  (  249): TextualID : null
V/nicola  (  249): ContentType detected : default
V/ReflectionHelper(  249): android.webkit.WebView > mOnFocusChangeListener FOUND | NOT ACTIVE
I/nofatclips(  249): Performing comparation for activity Read
D/nofatclips(  249): Comparing against activity Read
D/nofatclips(  249): Comparing against activity Read
D/nofatclips(  249): Comparing against activity Dashboard
D/nofatclips(  249): Comparing against activity Read
D/nofatclips(  249): Comparing against activity Read
I/nofatclips(  249): Registering activity Read (id: a6) as a new found state
D/nofatclips(  249): Performing backup of the old activity list on disk
D/nofatclips(  249): Saving new found state 'a6' on disk
V/nofatclips(  249): Opening state file in append mode.
I/nofatclips(  249): Saved image on disk: a6.jpg
I/nofatclips(  249): Waiting for 100 msec.
I/nofatclips(  249): Session count is 1. Will dump to disk at 1
I/nofatclips(  249): Saving the session on disk.
I/nofatclips(  249): Planning for new Activity Read
D/nofatclips(  249): Handling event 'longClick' on widget id=2131165329 type=webPage name=
I/nofatclips(  249): Created trace to press the back button
I/nofatclips(  249): Created trace to press the menu button
I/nofatclips(  249): Created trace to change orientation
I/nofatclips(  249): Check for termination: 95 steps left of 100
I/nofatclips(  249): Dispatching new task. 2 more tasks remaining.
D/nofatclips(  249): Performing backup of the old task list on disk
D/nofatclips(  249): Saving task list on disk
V/nofatclips(  249): Backing up trace #35 to disk.
V/nofatclips(  249): Backing up trace #36 to disk.
D/nofatclips(  249): Deleting backup of the old task list from disk
D/nofatclips(  249): Deleting backup of the old activity list from disk
I/nofatclips(  249): Incrementally Playing Trace 36
I/nofatclips(  249): Retrieved from return list id=2131165329
D/nofatclips(  249): Testing for type (android.webkit.WebView) against the original (android.webkit.WebView)
D/nofatclips(  249): Testing for name () against the original ()
I/nofatclips(  249): Firing event: type= longClick index=7 widget=android.webkit.WebView
W/KeyCharacterMap(  249): No keyboard for id 0
W/KeyCharacterMap(  249): Using default keymap: /system/usr/keychars/qwerty.kcm.bin
D/dalvikvm(  249): GC_CONCURRENT freed 1430K, 46% free 4803K/8839K, external 3403K/3500K, paused 5ms+4ms
I/nofatclips(  249): Waiting for 100 msec.
I/nofatclips(  249): Current activity is Read
I/nofatclips(  249): Retrieving widgets
D/nofatclips(  249): Found widget: id=-1 (android.widget.LinearLayout@4061e5e8)
D/nofatclips(  249): Found widget: id=16908662 (android.widget.RelativeLayout@4061edd0)
D/nofatclips(  249): Found widget: id=16908812 (android.widget.ProgressBar@40666b00)
D/nofatclips(  249): Found widget: id=16908813 (android.widget.ProgressBar@40666f28)
D/nofatclips(  249): Found widget: id=16908310 (android.widget.TextView@406680c0): Read
D/nofatclips(  249): Found widget: id=16908290 (android.widget.FrameLayout@40619020)
D/nofatclips(  249): Found widget: id=-1 (android.widget.LinearLayout@405d62e8)
D/nofatclips(  249): Found widget: id=2131165329 (android.webkit.WebView@405d7238)
D/nofatclips(  249): Found widget: id=-1 (com.android.internal.policy.impl.PhoneWindow$DecorView@4061e140)
V/nicola  (  249): TextualID : null
V/nicola  (  249): ContentType detected : default
V/ReflectionHelper(  249): android.webkit.WebView > mOnFocusChangeListener FOUND | NOT ACTIVE
I/nofatclips(  249): Performing comparation for activity Read
D/nofatclips(  249): Comparing against activity Read
D/nofatclips(  249): Comparing against activity Read
D/nofatclips(  249): Comparing against activity Dashboard
D/nofatclips(  249): Comparing against activity Read
D/nofatclips(  249): Comparing against activity Read
D/nofatclips(  249): Comparing against activity Read
I/nofatclips(  249): Registering activity Read (id: a7) as a new found state
D/nofatclips(  249): Performing backup of the old activity list on disk
D/nofatclips(  249): Saving new found state 'a7' on disk
V/nofatclips(  249): Opening state file in append mode.
I/nofatclips(  249): Saved image on disk: a7.jpg
I/nofatclips(  249): Waiting for 100 msec.
I/nofatclips(  249): Session count is 1. Will dump to disk at 1
I/nofatclips(  249): Saving the session on disk.
I/nofatclips(  249): Planning for new Activity Read
D/nofatclips(  249): Handling event 'longClick' on widget id=2131165329 type=webPage name=
I/nofatclips(  249): Created trace to press the back button
I/nofatclips(  249): Created trace to press the menu button
I/nofatclips(  249): Created trace to change orientation
I/nofatclips(  249): Check for termination: 94 steps left of 100
I/nofatclips(  249): Dispatching new task. 2 more tasks remaining.
D/nofatclips(  249): Performing backup of the old task list on disk
D/nofatclips(  249): Saving task list on disk
V/nofatclips(  249): Backing up trace #39 to disk.
V/nofatclips(  249): Backing up trace #40 to disk.
D/nofatclips(  249): Deleting backup of the old task list from disk
D/nofatclips(  249): Deleting backup of the old activity list from disk
I/nofatclips(  249): Incrementally Playing Trace 40
I/nofatclips(  249): Retrieved from return list id=-1
D/nofatclips(  249): Testing for type (android.widget.LinearLayout) against the original (null)
I/nofatclips(  249): Firing event: type= openMenu name= widget=null
W/KeyCharacterMap(  249): No keyboard for id 0
W/KeyCharacterMap(  249): Using default keymap: /system/usr/keychars/qwerty.kcm.bin
I/nofatclips(  249): Waiting for 100 msec.
I/nofatclips(  249): Current activity is Read
I/nofatclips(  249): Retrieving widgets
D/nofatclips(  249): Found widget: id=16908726 (com.android.internal.view.menu.IconMenuView@40690640)
D/nofatclips(  249): Found widget: id=16908310 (com.android.internal.view.menu.IconMenuItemView@40747060): Home
D/nofatclips(  249): Found widget: id=16908310 (com.android.internal.view.menu.IconMenuItemView@405bfb28): View in Browser
D/nofatclips(  249): Found widget: id=16908310 (com.android.internal.view.menu.IconMenuItemView@406f28e8): Refresh
D/nofatclips(  249): Found widget: id=-1 (com.android.internal.policy.impl.PhoneWindow$DecorView@40556718)
V/ReflectionHelper(  249): com.android.internal.view.menu.IconMenuView > mOnFocusChangeListener FOUND | NOT ACTIVE
V/nicola  (  249): TextualID : null
V/nicola  (  249): ContentType detected : default
V/nicola  (  249): TextualID : null
V/nicola  (  249): ContentType detected : default
V/nicola  (  249): TextualID : null
V/nicola  (  249): ContentType detected : default
I/nofatclips(  249): Performing comparation for activity Read
D/nofatclips(  249): Comparing against activity Read
D/nofatclips(  249): Comparing against activity Read
D/nofatclips(  249): Comparing against activity Read
D/nofatclips(  249): Comparing against activity Dashboard
D/nofatclips(  249): Comparing against activity Read
D/nofatclips(  249): Comparing against activity Read
D/nofatclips(  249): Comparing against activity Read
I/nofatclips(  249): Registering activity Read (id: a8) as a new found state
D/nofatclips(  249): Performing backup of the old activity list on disk
D/nofatclips(  249): Saving new found state 'a8' on disk
V/nofatclips(  249): Opening state file in append mode.
D/dalvikvm(  249): GC_EXTERNAL_ALLOC freed 1718K, 52% free 4330K/8967K, external 3439K/3500K, paused 110ms
I/nofatclips(  249): Saved image on disk: a8.jpg
I/nofatclips(  249): Waiting for 100 msec.
I/nofatclips(  249): Session count is 1. Will dump to disk at 1
I/nofatclips(  249): Saving the session on disk.
I/nofatclips(  249): Planning for new Activity Read
D/nofatclips(  249): Handling event 'click' on widget id=16908310 type=menuItem name=Home
D/nofatclips(  249): Handling event 'click' on widget id=16908310 type=menuItem name=View in Browser
D/nofatclips(  249): Handling event 'click' on widget id=16908310 type=menuItem name=Refresh
I/nofatclips(  249): Created trace to press the back button
I/nofatclips(  249): Created trace to press the menu button
I/nofatclips(  249): Created trace to change orientation
I/nofatclips(  249): Check for termination: 93 steps left of 100
I/nofatclips(  249): Dispatching new task. 2 more tasks remaining.
D/nofatclips(  249): Performing backup of the old task list on disk
D/nofatclips(  249): Saving task list on disk
V/nofatclips(  249): Backing up trace #45 to disk.
V/nofatclips(  249): Backing up trace #46 to disk.
D/nofatclips(  249): Deleting backup of the old task list from disk
D/nofatclips(  249): Deleting backup of the old activity list from disk
I/nofatclips(  249): Incrementally Playing Trace 46
D/nofatclips(  249): Firing event: type= back
W/KeyCharacterMap(  249): No keyboard for id 0
W/KeyCharacterMap(  249): Using default keymap: /system/usr/keychars/qwerty.kcm.bin
W/InputManagerService(   61): Window already focused, ignoring focus gain of: com.android.internal.view.IInputMethodClient$Stub$Proxy@405f7938
I/nofatclips(  249): Waiting for 100 msec.
I/nofatclips(  249): Current activity is Read
I/nofatclips(  249): Retrieving widgets
D/nofatclips(  249): Found widget: id=-1 (android.widget.LinearLayout@4061e5e8)
D/nofatclips(  249): Found widget: id=16908662 (android.widget.RelativeLayout@4061edd0)
D/nofatclips(  249): Found widget: id=16908812 (android.widget.ProgressBar@40666b00)
D/nofatclips(  249): Found widget: id=16908813 (android.widget.ProgressBar@40666f28)
D/nofatclips(  249): Found widget: id=16908310 (android.widget.TextView@406680c0): Read
D/nofatclips(  249): Found widget: id=16908290 (android.widget.FrameLayout@40619020)
