D/nofatclips(  249): Found widget: id=-1 (android.widget.LinearLayout@405d62e8)
D/nofatclips(  249): Found widget: id=2131165329 (android.webkit.WebView@405d7238)
D/nofatclips(  249): Found widget: id=-1 (com.android.internal.policy.impl.PhoneWindow$DecorView@4061e140)
V/nicola  (  249): TextualID : null
V/nicola  (  249): ContentType detected : default
V/ReflectionHelper(  249): android.webkit.WebView > mOnFocusChangeListener FOUND | NOT ACTIVE
I/nofatclips(  249): Performing comparation for activity Read
D/nofatclips(  249): Comparing against activity Read
D/nofatclips(  249): Comparing against activity Dashboard
D/nofatclips(  249): Comparing against activity Read
D/nofatclips(  249): Comparing against activity Read
D/nofatclips(  249): Comparing against activity Read
D/nofatclips(  249): Comparing against activity Read
D/nofatclips(  249): Comparing against activity Read
D/nofatclips(  249): Comparing against activity Read
I/nofatclips(  249): Registering activity Read (id: a9) as a new found state
D/nofatclips(  249): Performing backup of the old activity list on disk
D/nofatclips(  249): Saving new found state 'a9' on disk
V/nofatclips(  249): Opening state file in append mode.
I/nofatclips(  249): Saved image on disk: a9.jpg
I/nofatclips(  249): Waiting for 100 msec.
I/nofatclips(  249): Session count is 1. Will dump to disk at 1
I/nofatclips(  249): Saving the session on disk.
I/nofatclips(  249): Planning for new Activity Read
D/nofatclips(  249): Handling event 'longClick' on widget id=2131165329 type=webPage name=
I/nofatclips(  249): Created trace to press the back button
I/nofatclips(  249): Created trace to press the menu button
I/nofatclips(  249): Created trace to change orientation
I/nofatclips(  249): Check for termination: 92 steps left of 100
I/nofatclips(  249): Dispatching new task. 2 more tasks remaining.
D/nofatclips(  249): Performing backup of the old task list on disk
D/nofatclips(  249): Saving task list on disk
V/nofatclips(  249): Backing up trace #49 to disk.
V/nofatclips(  249): Backing up trace #50 to disk.
D/nofatclips(  249): Deleting backup of the old task list from disk
D/nofatclips(  249): Deleting backup of the old activity list from disk
I/nofatclips(  249): Incrementally Playing Trace 50
D/nofatclips(  249): Firing event: type= back
I/WindowManager(   61): Setting rotation to 0, animFlags=1
I/ActivityManager(   61): Config changed: { scale=1.0 imsi=310/260 loc=en_US touch=3 keys=2/1/2 nav=1/1 orien=1 layout=18 uiMode=17 seq=6}
I/InputQueue-JNI(  249): Sending finished signal for input channel '406d09c8 org.wordpress.android/org.wordpress.android.Read (client)' since it is being unregistered while an input message is still in progress.
I/InputQueue-JNI(  249): Ignoring finish signal on channel that is no longer registered.
D/dalvikvm(  107): GC_CONCURRENT freed 228K, 51% free 2807K/5703K, external 956K/1038K, paused 10ms+46ms
I/nofatclips(  249): Waiting for 100 msec.
I/nofatclips(  249): Current activity is Dashboard
I/nofatclips(  249): Retrieving widgets
D/nofatclips(  249): Found widget: id=16908290 (android.widget.FrameLayout@405a0ad0)
D/nofatclips(  249): Found widget: id=2131165248 (android.widget.RelativeLayout@405a17d0)
D/nofatclips(  249): Found widget: id=2131165249 (android.widget.LinearLayout@405a1e38)
D/nofatclips(  249): Found widget: id=-1 (android.widget.ImageView@405a2380)
D/nofatclips(  249): Found widget: id=2131165250 (org.wordpress.android.util.WPTitleBar@4059bd20)
D/nofatclips(  249): Found widget: id=2131165195 (android.widget.RelativeLayout@4050e2c8)
D/nofatclips(  249): Found widget: id=2131165196 (android.widget.RelativeLayout@40568570)
D/nofatclips(  249): Found widget: id=2131165197 (android.widget.ImageView@4059cb48)
D/nofatclips(  249): Found widget: id=2131165198 (android.widget.TextView@405418e8): Katie's Sweet Testing Blog
D/nofatclips(  249): Found widget: id=2131165199 (android.widget.ImageView@4055d178)
D/nofatclips(  249): Found widget: id=-1 (android.widget.RelativeLayout@405794d8)
D/nofatclips(  249): Found widget: id=2131165200 (android.widget.ImageButton@4059d070)
D/nofatclips(  249): Found widget: id=-1 (android.widget.FrameLayout@4057aa68)
D/nofatclips(  249): Found widget: id=2131165201 (android.widget.Button@405422b0): 
D/nofatclips(  249): Found widget: id=2131165202 (android.widget.ImageView@40593918)
D/nofatclips(  249): Found widget: id=2131165203 (android.widget.ImageView@4053caa8)
D/nofatclips(  249): Found widget: id=2131165204 (android.widget.LinearLayout@40569178)
D/nofatclips(  249): Found widget: id=-1 (android.widget.FrameLayout@4059c8e0)
D/nofatclips(  249): Found widget: id=-1 (android.widget.LinearLayout@4052fc50)
D/nofatclips(  249): Found widget: id=-1 (android.widget.LinearLayout@4050e0d8)
D/nofatclips(  249): Found widget: id=-1 (android.widget.LinearLayout@4052f270)
D/nofatclips(  249): Found widget: id=2131165251 (android.widget.LinearLayout@4052f928)
D/nofatclips(  249): Found widget: id=-1 (android.widget.ImageView@405903c0)
D/nofatclips(  249): Found widget: id=2131165256 (android.widget.TextView@4056ae70): New Post
D/nofatclips(  249): Found widget: id=2131165253 (android.widget.LinearLayout@4059bf58)
D/nofatclips(  249): Found widget: id=-1 (android.widget.ImageView@40530c90)
D/nofatclips(  249): Found widget: id=2131165256 (android.widget.TextView@4056b7a8): New Page
D/nofatclips(  249): Found widget: id=-1 (android.widget.LinearLayout@40532f48)
D/nofatclips(  249): Found widget: id=2131165252 (android.widget.LinearLayout@40530938)
D/nofatclips(  249): Found widget: id=-1 (android.widget.ImageView@40538920)
D/nofatclips(  249): Found widget: id=2131165256 (android.widget.TextView@405779a0): Quick Photo
D/nofatclips(  249): Found widget: id=2131165254 (android.widget.LinearLayout@405468d8)
D/nofatclips(  249): Found widget: id=-1 (android.widget.ImageView@4059aad8)
D/nofatclips(  249): Found widget: id=2131165256 (android.widget.TextView@40578210): Quick Video
D/nofatclips(  249): Found widget: id=-1 (android.widget.LinearLayout@4059df58)
D/nofatclips(  249): Found widget: id=-1 (android.widget.LinearLayout@4052e758)
D/nofatclips(  249): Found widget: id=2131165255 (android.widget.LinearLayout@40533f78)
D/nofatclips(  249): Found widget: id=-1 (android.widget.ImageView@40540468)
D/nofatclips(  249): Found widget: id=2131165256 (android.widget.TextView@40578898): Posts
D/nofatclips(  249): Found widget: id=2131165257 (android.widget.LinearLayout@40545058)
D/nofatclips(  249): Found widget: id=-1 (android.widget.ImageView@40568858)
D/nofatclips(  249): Found widget: id=2131165256 (android.widget.TextView@405374f8): Pages
D/nofatclips(  249): Found widget: id=-1 (android.widget.FrameLayout@40540180)
D/nofatclips(  249): Found widget: id=2131165258 (android.widget.LinearLayout@40544380)
D/nofatclips(  249): Found widget: id=-1 (android.widget.ImageView@40536cf8)
D/nofatclips(  249): Found widget: id=2131165256 (android.widget.TextView@405394a8): Comments
D/nofatclips(  249): Found widget: id=2131165259 (android.widget.FrameLayout@405447b8)
D/nofatclips(  249): Found widget: id=2131165260 (android.widget.ImageView@40546b20)
D/nofatclips(  249): Found widget: id=2131165261 (org.wordpress.android.util.CommentBadgeTextView@4053a4c0): 0
D/nofatclips(  249): Found widget: id=-1 (android.widget.LinearLayout@405407e8)
D/nofatclips(  249): Found widget: id=2131165262 (android.widget.LinearLayout@405415f0)
D/nofatclips(  249): Found widget: id=-1 (android.widget.ImageView@405411a0)
D/nofatclips(  249): Found widget: id=2131165256 (android.widget.TextView@40540ae0): Settings
D/nofatclips(  249): Found widget: id=2131165263 (android.widget.LinearLayout@40545628)
D/nofatclips(  249): Found widget: id=-1 (android.widget.ImageView@405610f8)
D/nofatclips(  249): Found widget: id=2131165256 (android.widget.TextView@40542e20): Read
D/nofatclips(  249): Found widget: id=2131165264 (android.widget.LinearLayout@40561840)
D/nofatclips(  249): Found widget: id=-1 (android.widget.ImageView@405640d8)
D/nofatclips(  249): Found widget: id=2131165256 (android.widget.TextView@4054fb78): Stats
D/nofatclips(  249): Found widget: id=-1 (com.android.internal.policy.impl.PhoneWindow$DecorView@405a01d0)
V/nicola  (  249): TextualID : blog_title
V/nicola  (  249): ContentType detected : default
V/nicola  (  249): TextualID : action_refresh
V/nicola  (  249): ContentType detected : default
V/nicola  (  249): TextualID : button_text
V/nicola  (  249): ContentType detected : default
V/nicola  (  249): TextualID : button_text
V/nicola  (  249): ContentType detected : default
V/nicola  (  249): TextualID : button_text
V/nicola  (  249): ContentType detected : default
V/nicola  (  249): TextualID : button_text
V/nicola  (  249): ContentType detected : default
V/nicola  (  249): TextualID : button_text
V/nicola  (  249): ContentType detected : default
V/nicola  (  249): TextualID : button_text
V/nicola  (  249): ContentType detected : default
V/nicola  (  249): TextualID : button_text
V/nicola  (  249): ContentType detected : default
V/nicola  (  249): TextualID : button_text
V/nicola  (  249): ContentType detected : default
V/nicola  (  249): TextualID : button_text
V/nicola  (  249): ContentType detected : default
V/nicola  (  249): TextualID : button_text
V/nicola  (  249): ContentType detected : default
I/nofatclips(  249): Performing comparation for activity Dashboard
D/nofatclips(  249): Comparing against activity Read
D/nofatclips(  249): Comparing against activity Read
D/nofatclips(  249): Comparing against activity Dashboard
D/nofatclips(  249): Comparing against activity Read
D/nofatclips(  249): Comparing against activity Read
D/nofatclips(  249): Comparing against activity Read
D/nofatclips(  249): Comparing against activity Read
D/nofatclips(  249): Comparing against activity Read
D/nofatclips(  249): Comparing against activity Read
I/nofatclips(  249): Registering activity Dashboard (id: a10) as a new found state
D/nofatclips(  249): Performing backup of the old activity list on disk
D/nofatclips(  249): Saving new found state 'a10' on disk
V/nofatclips(  249): Opening state file in append mode.
D/dalvikvm(   61): GC_EXPLICIT freed 82K, 47% free 4112K/7623K, external 1316K/1828K, paused 612ms
D/dalvikvm(  249): GC_CONCURRENT freed 2709K, 57% free 4021K/9351K, external 3648K/3653K, paused 21ms+11ms
D/dalvikvm(  249): GC_EXTERNAL_ALLOC freed 121K, 59% free 3900K/9351K, external 3048K/3653K, paused 125ms
I/nofatclips(  249): Saved image on disk: a10.jpg
I/nofatclips(  249): Waiting for 100 msec.
I/nofatclips(  249): Session count is 1. Will dump to disk at 1
I/nofatclips(  249): Saving the session on disk.
I/nofatclips(  249): Planning for new Activity Dashboard
D/nofatclips(  249): Handling event 'click' on widget id=2131165200 type=button name=
D/nofatclips(  249): Handling event 'click' on widget id=2131165201 type=button name=
D/nofatclips(  249): Handling event 'click' on widget id=2131165204 type=linearLayout name=
D/nofatclips(  249): Handling event 'click' on widget id=2131165251 type=linearLayout name=
D/nofatclips(  249): Handling event 'click' on widget id=2131165253 type=linearLayout name=
D/nofatclips(  249): Handling event 'click' on widget id=2131165252 type=linearLayout name=
D/nofatclips(  249): Handling event 'click' on widget id=2131165254 type=linearLayout name=
I/dalvikvm(  249): Jit: resizing JitTable from 2048 to 4096
D/nofatclips(  249): Handling event 'click' on widget id=2131165255 type=linearLayout name=
D/nofatclips(  249): Handling event 'click' on widget id=2131165257 type=linearLayout name=
D/nofatclips(  249): Handling event 'click' on widget id=2131165258 type=linearLayout name=
D/nofatclips(  249): Handling event 'click' on widget id=2131165262 type=linearLayout name=
D/nofatclips(  249): Handling event 'click' on widget id=2131165263 type=linearLayout name=
D/nofatclips(  249): Handling event 'click' on widget id=2131165264 type=linearLayout name=
I/nofatclips(  249): Created trace to press the back button
I/nofatclips(  249): Created trace to press the menu button
D/dalvikvm(  249): GC_CONCURRENT freed 1810K, 59% free 3915K/9351K, external 2803K/2803K, paused 4ms+4ms
I/nofatclips(  249): Created trace to change orientation
I/nofatclips(  249): Check for termination: 91 steps left of 100
I/nofatclips(  249): Dispatching new task. 2 more tasks remaining.
D/nofatclips(  249): Performing backup of the old task list on disk
D/nofatclips(  249): Saving task list on disk
V/nofatclips(  249): Backing up trace #64 to disk.
V/nofatclips(  249): Backing up trace #65 to disk.
D/nofatclips(  249): Deleting backup of the old task list from disk
D/nofatclips(  249): Deleting backup of the old activity list from disk
D/dalvikvm(  249): GC_CONCURRENT freed 1481K, 60% free 3833K/9351K, external 2203K/2803K, paused 3ms+3ms
I/nofatclips(  249): Incrementally Playing Trace 65
I/nofatclips(  249): Retrieved from return list id=2131165262
D/nofatclips(  249): Testing for type (android.widget.LinearLayout) against the original (android.widget.LinearLayout)
D/nofatclips(  249): Testing for name () against the original ()
I/nofatclips(  249): Firing event: type= click index=50 widget=android.widget.LinearLayout
W/KeyCharacterMap(  249): No keyboard for id 0
W/KeyCharacterMap(  249): Using default keymap: /system/usr/keychars/qwerty.kcm.bin
D/nofatclips(  249): Event description: Settings
I/ActivityManager(   61): Starting: Intent { cmp=org.wordpress.android/.Settings (has extras) } from pid 249
I/nofatclips(  249): Waiting for 100 msec.
D/dalvikvm(  249): GC_EXTERNAL_ALLOC freed 516K, 59% free 3869K/9351K, external 2772K/2803K, paused 195ms
W/ImageDownloader(  249): Error 404 while retrieving bitmap from http://gravatar.com/blavatar/44d338f29053dbb888da79dcf98df489?s=60&d=404
I/nofatclips(  249): Current activity is Settings
I/ActivityManager(   61): Displayed org.wordpress.android/.Settings: +2s382ms
I/nofatclips(  249): Retrieving widgets
D/nofatclips(  249): Found widget: id=16908290 (android.widget.FrameLayout@40787408)
D/nofatclips(  249): Found widget: id=2131165343 (android.widget.RelativeLayout@407a25b0)
D/nofatclips(  249): Found widget: id=-1 (android.widget.ScrollView@405873a8)
D/nofatclips(  249): Found widget: id=2131165207 (android.widget.RelativeLayout@408434f0)
D/nofatclips(  249): Found widget: id=2131165209 (android.widget.RelativeLayout@40859b60)
D/nofatclips(  249): Found widget: id=2131165210 (android.widget.TextView@405ce558): Account Details
D/nofatclips(  249): Found widget: id=2131165214 (android.widget.TextView@405b5c80): Username:
D/nofatclips(  249): Found widget: id=2131165215 (android.widget.EditText@408a70e0): katiemalone1990
D/nofatclips(  249): Found widget: id=2131165216 (android.widget.TextView@407301c8): Password:
D/nofatclips(  249): Found widget: id=2131165217 (android.widget.EditText@40686fa0): cle0sandy
D/nofatclips(  249): Found widget: id=2131165214 (android.widget.TextView@405de8a0): Username:
D/nofatclips(  249): Found widget: id=2131165223 (android.widget.TextView@406b08a8): HTTP Username (optional):
D/nofatclips(  249): Found widget: id=2131165224 (android.widget.EditText@40538180): 
D/nofatclips(  249): Found widget: id=2131165225 (android.widget.TextView@405aad28): HTTP Password (optional):
D/nofatclips(  249): Found widget: id=2131165226 (android.widget.EditText@405c1930): 
D/nofatclips(  249): Found widget: id=2131165288 (android.widget.RelativeLayout@407e1a88)
D/nofatclips(  249): Found widget: id=2131165346 (android.widget.TextView@407e9ae8): Media
D/nofatclips(  249): Found widget: id=2131165347 (android.widget.TextView@406b2fd8): Default image width
D/nofatclips(  249): Found widget: id=2131165348 (android.widget.Spinner@4057f698)
D/nofatclips(  249): Found widget: id=16908308 (android.widget.TextView@406abd00): 500
D/nofatclips(  249): Found widget: id=2131165349 (android.widget.CheckBox@4070a528): Upload and link to full image
D/nofatclips(  249): Found widget: id=2131165266 (android.widget.RelativeLayout@407e3f90)
D/nofatclips(  249): Found widget: id=2131165350 (android.widget.TextView@407dfc78): Location
D/nofatclips(  249): Found widget: id=2131165351 (android.widget.CheckBox@406efe00): Geotag Posts
D/nofatclips(  249): Found widget: id=2131165219 (android.widget.Button@407ddf08): Save
D/nofatclips(  249): Found widget: id=2131165220 (android.widget.Button@40703780): Cancel
D/nofatclips(  249): Found widget: id=2131165352 (org.wordpress.android.util.WPTitleBar@4074e4e0)
D/nofatclips(  249): Found widget: id=2131165195 (android.widget.RelativeLayout@40612a78)
D/nofatclips(  249): Found widget: id=2131165196 (android.widget.RelativeLayout@40827120)
D/nofatclips(  249): Found widget: id=2131165197 (android.widget.ImageView@40765e58)
D/nofatclips(  249): Found widget: id=2131165198 (android.widget.TextView@405da120): Katie's Sweet Testing Blog
D/nofatclips(  249): Found widget: id=2131165199 (android.widget.ImageView@40584968)
D/nofatclips(  249): Found widget: id=-1 (android.widget.RelativeLayout@40765ae0)
D/nofatclips(  249): Found widget: id=2131165200 (android.widget.ImageButton@40692158)
D/nofatclips(  249): Found widget: id=-1 (android.widget.FrameLayout@40620ff8)
D/nofatclips(  249): Found widget: id=2131165201 (android.widget.Button@406211c8): 
D/nofatclips(  249): Found widget: id=2131165202 (android.widget.ImageView@405ef5a0)
D/nofatclips(  249): Found widget: id=2131165203 (android.widget.ImageView@405ef858)
D/nofatclips(  249): Found widget: id=2131165204 (android.widget.LinearLayout@405103f8)
D/nofatclips(  249): Found widget: id=-1 (android.widget.FrameLayout@406d7618)
D/nofatclips(  249): Found widget: id=-1 (android.widget.LinearLayout@405749e0)
D/nofatclips(  249): Found widget: id=-1 (android.widget.LinearLayout@4069d340)
D/nofatclips(  249): Found widget: id=-1 (android.widget.LinearLayout@4069d490)
D/nofatclips(  249): Found widget: id=2131165251 (android.widget.LinearLayout@4069d690)
D/nofatclips(  249): Found widget: id=-1 (android.widget.ImageView@40622e40)
D/nofatclips(  249): Found widget: id=2131165256 (android.widget.TextView@40625358): New Post
D/nofatclips(  249): Found widget: id=2131165253 (android.widget.LinearLayout@40685770)
D/nofatclips(  249): Found widget: id=-1 (android.widget.ImageView@406e0438)
D/nofatclips(  249): Found widget: id=2131165256 (android.widget.TextView@406ef5d8): New Page
D/nofatclips(  249): Found widget: id=-1 (android.widget.LinearLayout@406f1f40)
D/nofatclips(  249): Found widget: id=2131165252 (android.widget.LinearLayout@406fc700)
D/nofatclips(  249): Found widget: id=-1 (android.widget.ImageView@407acee0)
D/nofatclips(  249): Found widget: id=2131165256 (android.widget.TextView@407b35d8): Quick Photo
D/nofatclips(  249): Found widget: id=2131165254 (android.widget.LinearLayout@407c0318)
D/nofatclips(  249): Found widget: id=-1 (android.widget.ImageView@407e2d60)
D/nofatclips(  249): Found widget: id=2131165256 (android.widget.TextView@40804220): Quick Video
D/nofatclips(  249): Found widget: id=-1 (android.widget.LinearLayout@40815d58)
D/nofatclips(  249): Found widget: id=-1 (android.widget.LinearLayout@40815f78)
D/nofatclips(  249): Found widget: id=2131165255 (android.widget.LinearLayout@40818340)
D/nofatclips(  249): Found widget: id=-1 (android.widget.ImageView@40842af0)
D/nofatclips(  249): Found widget: id=2131165256 (android.widget.TextView@408590b0): Posts
D/nofatclips(  249): Found widget: id=2131165257 (android.widget.LinearLayout@407e22f0)
D/nofatclips(  249): Found widget: id=-1 (android.widget.ImageView@4075fe18)
D/nofatclips(  249): Found widget: id=2131165256 (android.widget.TextView@40697a30): Pages
D/nofatclips(  249): Found widget: id=-1 (android.widget.FrameLayout@40831c48)
D/nofatclips(  249): Found widget: id=2131165258 (android.widget.LinearLayout@40831e10)
D/nofatclips(  249): Found widget: id=-1 (android.widget.ImageView@4067b3b8)
D/nofatclips(  249): Found widget: id=2131165256 (android.widget.TextView@40698ef0): Comments
D/nofatclips(  249): Found widget: id=2131165259 (android.widget.FrameLayout@4066b1d8)
D/nofatclips(  249): Found widget: id=2131165260 (android.widget.ImageView@4066b440)
D/nofatclips(  249): Found widget: id=2131165261 (org.wordpress.android.util.CommentBadgeTextView@405583b8): 0
D/nofatclips(  249): Found widget: id=-1 (android.widget.LinearLayout@40558658)
D/nofatclips(  249): Found widget: id=2131165262 (android.widget.LinearLayout@405b2db0)
D/nofatclips(  249): Found widget: id=-1 (android.widget.ImageView@406fe830)
D/nofatclips(  249): Found widget: id=2131165256 (android.widget.TextView@40710770): Settings
D/nofatclips(  249): Found widget: id=2131165263 (android.widget.LinearLayout@4073aac0)
D/nofatclips(  249): Found widget: id=-1 (android.widget.ImageView@405c61a0)
D/nofatclips(  249): Found widget: id=2131165256 (android.widget.TextView@405152e0): Read
D/nofatclips(  249): Found widget: id=2131165264 (android.widget.LinearLayout@40517a58)
D/nofatclips(  249): Found widget: id=-1 (android.widget.ImageView@40575160)
D/nofatclips(  249): Found widget: id=2131165256 (android.widget.TextView@4067c030): Stats
D/nofatclips(  249): Found widget: id=-1 (com.android.internal.policy.impl.PhoneWindow$DecorView@406a3aa8)
V/nicola  (  249): TextualID : l_section1
V/nicola  (  249): ContentType detected : default
V/nicola  (  249): TextualID : l_username
V/nicola  (  249): ContentType detected : default
V/ReflectionHelper(  249): android.widget.EditText > mOnFocusChangeListener FOUND | NOT ACTIVE
V/nicola  (  249): TextualID : username
V/nicola  (  249): ContentType detected : default
V/nicola  (  249): TextualID : l_password
V/nicola  (  249): ContentType detected : default
V/ReflectionHelper(  249): android.widget.EditText > mOnFocusChangeListener FOUND | NOT ACTIVE
V/nicola  (  249): TextualID : password
V/nicola  (  249): ContentType detected : default
V/nicola  (  249): TextualID : l_username
V/nicola  (  249): ContentType detected : default
V/nicola  (  249): TextualID : l_section2
V/nicola  (  249): ContentType detected : default
V/nicola  (  249): TextualID : l_maxImageWidth
V/nicola  (  249): ContentType detected : default
V/nicola  (  249): TextualID : null
V/nicola  (  249): ContentType detected : default
V/nicola  (  249): TextualID : fullSizeImage
V/nicola  (  249): ContentType detected : default
V/nicola  (  249): TextualID : l_section3
V/nicola  (  249): ContentType detected : default
V/nicola  (  249): TextualID : location
V/nicola  (  249): ContentType detected : default
V/nicola  (  249): TextualID : save
V/nicola  (  249): ContentType detected : default
V/nicola  (  249): TextualID : cancel
V/nicola  (  249): ContentType detected : default
V/nicola  (  249): TextualID : blog_title
V/nicola  (  249): ContentType detected : default
V/nicola  (  249): TextualID : action_refresh
V/nicola  (  249): ContentType detected : default
I/nofatclips(  249): Performing comparation for activity Settings
D/nofatclips(  249): Comparing against activity Read
D/nofatclips(  249): Comparing against activity Read
D/nofatclips(  249): Comparing against activity Dashboard
D/nofatclips(  249): Comparing against activity Dashboard
D/nofatclips(  249): Comparing against activity Read
D/nofatclips(  249): Comparing against activity Read
D/nofatclips(  249): Comparing against activity Read
D/nofatclips(  249): Comparing against activity Read
D/nofatclips(  249): Comparing against activity Read
D/nofatclips(  249): Comparing against activity Read
I/nofatclips(  249): Registering activity Settings (id: a11) as a new found state
D/nofatclips(  249): Performing backup of the old activity list on disk
D/nofatclips(  249): Saving new found state 'a11' on disk
V/nofatclips(  249): Opening state file in append mode.
D/dalvikvm(  249): GC_EXTERNAL_ALLOC freed 830K, 58% free 3996K/9351K, external 3444K/3506K, paused 97ms
I/nofatclips(  249): Saved image on disk: a11.jpg
I/nofatclips(  249): Waiting for 100 msec.
I/nofatclips(  249): Session count is 1. Will dump to disk at 1
I/nofatclips(  249): Saving the session on disk.
I/nofatclips(  249): Planning for new Activity Settings
D/nofatclips(  249): Handling event selectSpinnerItem for items [1,11] on spinner #2131165348 count=11
D/nofatclips(  249): Handling input 'writeText' on widget id=2131165215 type=editText name=
V/nofatclips(  249): Using value: 27
D/nofatclips(  249): Handling input 'writeText' on widget id=2131165217 type=editText name=
V/nofatclips(  249): Using value: 29
D/nofatclips(  249): Handling input 'writeText' on widget id=2131165215 type=editText name=
V/nofatclips(  249): Using value: 27
D/nofatclips(  249): Handling input 'writeText' on widget id=2131165217 type=editText name=
V/nofatclips(  249): Using value: 29
D/nofatclips(  249): Handling input 'writeText' on widget id=2131165215 type=editText name=
V/nofatclips(  249): Using value: 27
D/nofatclips(  249): Handling input 'writeText' on widget id=2131165217 type=editText name=
V/nofatclips(  249): Using value: 29
D/nofatclips(  249): Handling input 'writeText' on widget id=2131165215 type=editText name=
V/nofatclips(  249): Using value: 27
D/nofatclips(  249): Handling input 'writeText' on widget id=2131165217 type=editText name=
V/nofatclips(  249): Using value: 29
D/nofatclips(  249): Handling input 'writeText' on widget id=2131165215 type=editText name=
V/nofatclips(  249): Using value: 27
D/nofatclips(  249): Handling input 'writeText' on widget id=2131165217 type=editText name=
V/nofatclips(  249): Using value: 29
D/nofatclips(  249): Handling input 'writeText' on widget id=2131165215 type=editText name=
V/nofatclips(  249): Using value: 27
D/nofatclips(  249): Handling input 'writeText' on widget id=2131165217 type=editText name=
V/nofatclips(  249): Using value: 29
D/nofatclips(  249): Handling input 'writeText' on widget id=2131165215 type=editText name=
V/nofatclips(  249): Using value: 27
D/nofatclips(  249): Handling input 'writeText' on widget id=2131165217 type=editText name=
V/nofatclips(  249): Using value: 29
D/nofatclips(  249): Handling input 'writeText' on widget id=2131165215 type=editText name=
V/nofatclips(  249): Using value: 27
D/nofatclips(  249): Handling input 'writeText' on widget id=2131165217 type=editText name=
V/nofatclips(  249): Using value: 29
D/nofatclips(  249): Handling input 'writeText' on widget id=2131165215 type=editText name=
V/nofatclips(  249): Using value: 27
D/nofatclips(  249): Handling input 'writeText' on widget id=2131165217 type=editText name=
V/nofatclips(  249): Using value: 29
D/nofatclips(  249): Handling input 'writeText' on widget id=2131165215 type=editText name=
V/nofatclips(  249): Using value: 27
D/nofatclips(  249): Handling input 'writeText' on widget id=2131165217 type=editText name=
V/nofatclips(  249): Using value: 29
D/nofatclips(  249): Handling input 'writeText' on widget id=2131165215 type=editText name=
V/nofatclips(  249): Using value: 27
D/nofatclips(  249): Handling input 'writeText' on widget id=2131165217 type=editText name=
V/nofatclips(  249): Using value: 29
D/dalvikvm(  249): GC_CONCURRENT freed 944K, 57% free 4052K/9351K, external 4044K/5050K, paused 6ms+6ms
D/nofatclips(  249): Handling event 'click' on widget id=2131165349 type=check name=Upload and link to full image
D/nofatclips(  249): Handling input 'writeText' on widget id=2131165215 type=editText name=
V/nofatclips(  249): Using value: 27
D/nofatclips(  249): Handling input 'writeText' on widget id=2131165217 type=editText name=
V/nofatclips(  249): Using value: 29
D/nofatclips(  249): Handling event 'click' on widget id=2131165351 type=check name=Geotag Posts
D/nofatclips(  249): Handling input 'writeText' on widget id=2131165215 type=editText name=
V/nofatclips(  249): Using value: 27
D/nofatclips(  249): Handling input 'writeText' on widget id=2131165217 type=editText name=
V/nofatclips(  249): Using value: 29
D/nofatclips(  249): Handling event 'click' on widget id=2131165219 type=button name=Save
D/nofatclips(  249): Handling input 'writeText' on widget id=2131165215 type=editText name=
V/nofatclips(  249): Using value: 27
D/nofatclips(  249): Handling input 'writeText' on widget id=2131165217 type=editText name=
V/nofatclips(  249): Using value: 29
D/nofatclips(  249): Handling event 'click' on widget id=2131165220 type=button name=Cancel
D/nofatclips(  249): Handling input 'writeText' on widget id=2131165215 type=editText name=
V/nofatclips(  249): Using value: 27
D/nofatclips(  249): Handling input 'writeText' on widget id=2131165217 type=editText name=
V/nofatclips(  249): Using value: 29
D/nofatclips(  249): Handling event 'click' on widget id=2131165200 type=button name=
D/nofatclips(  249): Handling input 'writeText' on widget id=2131165215 type=editText name=
V/nofatclips(  249): Using value: 27
D/nofatclips(  249): Handling input 'writeText' on widget id=2131165217 type=editText name=
V/nofatclips(  249): Using value: 29
I/nofatclips(  249): Created trace to press the back button
I/nofatclips(  249): Created trace to press the menu button
I/nofatclips(  249): Created trace to change orientation
D/dalvikvm(  249): GC_CONCURRENT freed 1898K, 58% free 4013K/9351K, external 3444K/4300K, paused 4ms+4ms
I/nofatclips(  249): Check for termination: 90 steps left of 100
I/nofatclips(  249): Dispatching new task. 2 more tasks remaining.
D/nofatclips(  249): Performing backup of the old task list on disk
D/nofatclips(  249): Saving task list on disk
V/nofatclips(  249): Backing up trace #83 to disk.
V/nofatclips(  249): Backing up trace #84 to disk.
D/nofatclips(  249): Deleting backup of the old task list from disk
D/nofatclips(  249): Deleting backup of the old activity list from disk
I/nofatclips(  249): Incrementally Playing Trace 84
D/nofatclips(  249): Setting input: type= writeText id=2131165215 value=27
D/nofatclips(  249): Added to return list id=2131165215
I/nofatclips(  249): Retrieved from return list id=2131165215
D/nofatclips(  249): Testing for type (android.widget.EditText) against the original (android.widget.EditText)
D/nofatclips(  249): Testing for name () against the original ()
W/KeyCharacterMap(  249): No keyboard for id 0
W/KeyCharacterMap(  249): Using default keymap: /system/usr/keychars/qwerty.kcm.bin
D/nofatclips(  249): Setting input: type= writeText id=2131165217 value=29
D/nofatclips(  249): Added to return list id=2131165217
I/nofatclips(  249): Retrieved from return list id=2131165217
D/nofatclips(  249): Testing for type (android.widget.EditText) against the original (android.widget.EditText)
D/nofatclips(  249): Testing for name () against the original ()
I/nofatclips(  249): Retrieved from return list id=2131165348
D/nofatclips(  249): Testing for type (android.widget.Spinner) against the original (android.widget.Spinner)
D/nofatclips(  249): Testing for name () against the original ()
I/nofatclips(  249): Firing event: type= selectSpinnerItem index=18 widget=android.widget.Spinner
D/dalvikvm(  249): GC_CONCURRENT freed 1590K, 58% free 3964K/9351K, external 3444K/4300K, paused 17ms+18ms
I/nofatclips(  249): Clicking the spinner view
D/nofatclips(  249): Event description: 500
I/nofatclips(  249): Swapping to listview item 9
W/KeyCharacterMap(  249): No keyboard for id 0
W/KeyCharacterMap(  249): Using default keymap: /system/usr/keychars/qwerty.kcm.bin
D/nofatclips(  249): Event description: 800
I/nofatclips(  249): Waiting for 100 msec.
W/InputManagerService(   61): Window already focused, ignoring focus gain of: com.android.internal.view.IInputMethodClient$Stub$Proxy@4050bf00
I/nofatclips(  249): Current activity is Settings
I/nofatclips(  249): Retrieving widgets
D/nofatclips(  249): Found widget: id=16908290 (android.widget.FrameLayout@40787408)
D/nofatclips(  249): Found widget: id=2131165343 (android.widget.RelativeLayout@407a25b0)
D/nofatclips(  249): Found widget: id=-1 (android.widget.ScrollView@405873a8)
D/nofatclips(  249): Found widget: id=2131165207 (android.widget.RelativeLayout@408434f0)
D/nofatclips(  249): Found widget: id=2131165209 (android.widget.RelativeLayout@40859b60)
D/nofatclips(  249): Found widget: id=2131165210 (android.widget.TextView@405ce558): Account Details
D/nofatclips(  249): Found widget: id=2131165214 (android.widget.TextView@405b5c80): Username:
D/nofatclips(  249): Found widget: id=2131165215 (android.widget.EditText@408a70e0): 27
D/nofatclips(  249): Found widget: id=2131165216 (android.widget.TextView@407301c8): Password:
D/nofatclips(  249): Found widget: id=2131165217 (android.widget.EditText@40686fa0): 29
D/nofatclips(  249): Found widget: id=2131165214 (android.widget.TextView@405de8a0): Username:
D/nofatclips(  249): Found widget: id=2131165223 (android.widget.TextView@406b08a8): HTTP Username (optional):
D/nofatclips(  249): Found widget: id=2131165224 (android.widget.EditText@40538180): 
D/nofatclips(  249): Found widget: id=2131165225 (android.widget.TextView@405aad28): HTTP Password (optional):
D/nofatclips(  249): Found widget: id=2131165226 (android.widget.EditText@405c1930): 
D/nofatclips(  249): Found widget: id=2131165288 (android.widget.RelativeLayout@407e1a88)
D/nofatclips(  249): Found widget: id=2131165346 (android.widget.TextView@407e9ae8): Media
D/nofatclips(  249): Found widget: id=2131165347 (android.widget.TextView@406b2fd8): Default image width
D/nofatclips(  249): Found widget: id=2131165348 (android.widget.Spinner@4057f698)
D/nofatclips(  249): Found widget: id=16908308 (android.widget.TextView@406aeb80): 800
D/nofatclips(  249): Found widget: id=2131165349 (android.widget.CheckBox@4070a528): Upload and link to full image
D/nofatclips(  249): Found widget: id=2131165266 (android.widget.RelativeLayout@407e3f90)
D/nofatclips(  249): Found widget: id=2131165350 (android.widget.TextView@407dfc78): Location
D/nofatclips(  249): Found widget: id=2131165351 (android.widget.CheckBox@406efe00): Geotag Posts
D/nofatclips(  249): Found widget: id=2131165219 (android.widget.Button@407ddf08): Save
D/nofatclips(  249): Found widget: id=2131165220 (android.widget.Button@40703780): Cancel
D/nofatclips(  249): Found widget: id=2131165352 (org.wordpress.android.util.WPTitleBar@4074e4e0)
D/nofatclips(  249): Found widget: id=2131165195 (android.widget.RelativeLayout@40612a78)
D/nofatclips(  249): Found widget: id=2131165196 (android.widget.RelativeLayout@40827120)
D/nofatclips(  249): Found widget: id=2131165197 (android.widget.ImageView@40765e58)
D/nofatclips(  249): Found widget: id=2131165198 (android.widget.TextView@405da120): Katie's Sweet Testing Blog
D/nofatclips(  249): Found widget: id=2131165199 (android.widget.ImageView@40584968)
D/nofatclips(  249): Found widget: id=-1 (android.widget.RelativeLayout@40765ae0)
D/nofatclips(  249): Found widget: id=2131165200 (android.widget.ImageButton@40692158)
D/nofatclips(  249): Found widget: id=-1 (android.widget.FrameLayout@40620ff8)
D/nofatclips(  249): Found widget: id=2131165201 (android.widget.Button@406211c8): 
D/nofatclips(  249): Found widget: id=2131165202 (android.widget.ImageView@405ef5a0)
D/nofatclips(  249): Found widget: id=2131165203 (android.widget.ImageView@405ef858)
D/nofatclips(  249): Found widget: id=2131165204 (android.widget.LinearLayout@405103f8)
D/nofatclips(  249): Found widget: id=-1 (android.widget.FrameLayout@406d7618)
D/nofatclips(  249): Found widget: id=-1 (android.widget.LinearLayout@405749e0)
D/nofatclips(  249): Found widget: id=-1 (android.widget.LinearLayout@4069d340)
D/nofatclips(  249): Found widget: id=-1 (android.widget.LinearLayout@4069d490)
D/nofatclips(  249): Found widget: id=2131165251 (android.widget.LinearLayout@4069d690)
D/nofatclips(  249): Found widget: id=-1 (android.widget.ImageView@40622e40)
D/nofatclips(  249): Found widget: id=2131165256 (android.widget.TextView@40625358): New Post
D/nofatclips(  249): Found widget: id=2131165253 (android.widget.LinearLayout@40685770)
D/nofatclips(  249): Found widget: id=-1 (android.widget.ImageView@406e0438)
D/nofatclips(  249): Found widget: id=2131165256 (android.widget.TextView@406ef5d8): New Page
D/nofatclips(  249): Found widget: id=-1 (android.widget.LinearLayout@406f1f40)
D/nofatclips(  249): Found widget: id=2131165252 (android.widget.LinearLayout@406fc700)
D/nofatclips(  249): Found widget: id=-1 (android.widget.ImageView@407acee0)
D/nofatclips(  249): Found widget: id=2131165256 (android.widget.TextView@407b35d8): Quick Photo
D/nofatclips(  249): Found widget: id=2131165254 (android.widget.LinearLayout@407c0318)
D/nofatclips(  249): Found widget: id=-1 (android.widget.ImageView@407e2d60)
D/nofatclips(  249): Found widget: id=2131165256 (android.widget.TextView@40804220): Quick Video
D/nofatclips(  249): Found widget: id=-1 (android.widget.LinearLayout@40815d58)
D/nofatclips(  249): Found widget: id=-1 (android.widget.LinearLayout@40815f78)
D/nofatclips(  249): Found widget: id=2131165255 (android.widget.LinearLayout@40818340)
D/nofatclips(  249): Found widget: id=-1 (android.widget.ImageView@40842af0)
D/nofatclips(  249): Found widget: id=2131165256 (android.widget.TextView@408590b0): Posts
D/nofatclips(  249): Found widget: id=2131165257 (android.widget.LinearLayout@407e22f0)
D/nofatclips(  249): Found widget: id=-1 (android.widget.ImageView@4075fe18)
D/nofatclips(  249): Found widget: id=2131165256 (android.widget.TextView@40697a30): Pages
D/nofatclips(  249): Found widget: id=-1 (android.widget.FrameLayout@40831c48)
D/nofatclips(  249): Found widget: id=2131165258 (android.widget.LinearLayout@40831e10)
D/nofatclips(  249): Found widget: id=-1 (android.widget.ImageView@4067b3b8)
D/nofatclips(  249): Found widget: id=2131165256 (android.widget.TextView@40698ef0): Comments
D/nofatclips(  249): Found widget: id=2131165259 (android.widget.FrameLayout@4066b1d8)
D/nofatclips(  249): Found widget: id=2131165260 (android.widget.ImageView@4066b440)
D/nofatclips(  249): Found widget: id=2131165261 (org.wordpress.android.util.CommentBadgeTextView@405583b8): 0
D/nofatclips(  249): Found widget: id=-1 (android.widget.LinearLayout@40558658)
D/nofatclips(  249): Found widget: id=2131165262 (android.widget.LinearLayout@405b2db0)
D/nofatclips(  249): Found widget: id=-1 (android.widget.ImageView@406fe830)
D/nofatclips(  249): Found widget: id=2131165256 (android.widget.TextView@40710770): Settings
D/nofatclips(  249): Found widget: id=2131165263 (android.widget.LinearLayout@4073aac0)
D/nofatclips(  249): Found widget: id=-1 (android.widget.ImageView@405c61a0)
D/nofatclips(  249): Found widget: id=2131165256 (android.widget.TextView@405152e0): Read
D/nofatclips(  249): Found widget: id=2131165264 (android.widget.LinearLayout@40517a58)
D/nofatclips(  249): Found widget: id=-1 (android.widget.ImageView@40575160)
D/nofatclips(  249): Found widget: id=2131165256 (android.widget.TextView@4067c030): Stats
D/nofatclips(  249): Found widget: id=-1 (com.android.internal.policy.impl.PhoneWindow$DecorView@406a3aa8)
V/nicola  (  249): TextualID : l_section1
V/nicola  (  249): ContentType detected : default
V/nicola  (  249): TextualID : l_username
V/nicola  (  249): ContentType detected : default
V/ReflectionHelper(  249): android.widget.EditText > mOnFocusChangeListener FOUND | NOT ACTIVE
V/nicola  (  249): TextualID : username
V/nicola  (  249): ContentType detected : default
V/nicola  (  249): TextualID : l_password
V/nicola  (  249): ContentType detected : default
V/ReflectionHelper(  249): android.widget.EditText > mOnFocusChangeListener FOUND | NOT ACTIVE
V/nicola  (  249): TextualID : password
V/nicola  (  249): ContentType detected : default
V/nicola  (  249): TextualID : l_username
V/nicola  (  249): ContentType detected : default
V/nicola  (  249): TextualID : l_section2
V/nicola  (  249): ContentType detected : default
V/nicola  (  249): TextualID : l_maxImageWidth
V/nicola  (  249): ContentType detected : default
V/nicola  (  249): TextualID : null
V/nicola  (  249): ContentType detected : default
V/nicola  (  249): TextualID : fullSizeImage
V/nicola  (  249): ContentType detected : default
V/nicola  (  249): TextualID : l_section3
V/nicola  (  249): ContentType detected : default
V/nicola  (  249): TextualID : location
V/nicola  (  249): ContentType detected : default
V/nicola  (  249): TextualID : save
V/nicola  (  249): ContentType detected : default
V/nicola  (  249): TextualID : cancel
V/nicola  (  249): ContentType detected : default
V/nicola  (  249): TextualID : blog_title
V/nicola  (  249): ContentType detected : default
V/nicola  (  249): TextualID : action_refresh
V/nicola  (  249): ContentType detected : default
I/nofatclips(  249): Performing comparation for activity Settings
D/nofatclips(  249): Comparing against activity Read
D/nofatclips(  249): Comparing against activity Read
D/nofatclips(  249): Comparing against activity Dashboard
D/nofatclips(  249): Comparing against activity Dashboard
D/nofatclips(  249): Comparing against activity Read
D/nofatclips(  249): Comparing against activity Read
D/nofatclips(  249): Comparing against activity Settings
D/nofatclips(  249): Comparing against activity Read
D/nofatclips(  249): Comparing against activity Read
D/nofatclips(  249): Comparing against activity Read
D/nofatclips(  249): Comparing against activity Read
I/nofatclips(  249): Registering activity Settings (id: a12) as a new found state
D/nofatclips(  249): Performing backup of the old activity list on disk
D/nofatclips(  249): Saving new found state 'a12' on disk
V/nofatclips(  249): Opening state file in append mode.
I/nofatclips(  249): Saved image on disk: a12.jpg
I/nofatclips(  249): Waiting for 100 msec.
I/nofatclips(  249): Session count is 1. Will dump to disk at 1
I/nofatclips(  249): Saving the session on disk.
I/nofatclips(  249): Planning for new Activity Settings
D/nofatclips(  249): Handling event selectSpinnerItem for items [1,11] on spinner #2131165348 count=11
D/nofatclips(  249): Handling input 'writeText' on widget id=2131165215 type=editText name=
V/nofatclips(  249): Using value: 27
D/nofatclips(  249): Handling input 'writeText' on widget id=2131165217 type=editText name=
V/nofatclips(  249): Using value: 29
D/nofatclips(  249): Handling input 'writeText' on widget id=2131165215 type=editText name=
V/nofatclips(  249): Using value: 27
D/nofatclips(  249): Handling input 'writeText' on widget id=2131165217 type=editText name=
V/nofatclips(  249): Using value: 29
D/nofatclips(  249): Handling input 'writeText' on widget id=2131165215 type=editText name=
V/nofatclips(  249): Using value: 27
D/nofatclips(  249): Handling input 'writeText' on widget id=2131165217 type=editText name=
V/nofatclips(  249): Using value: 29
D/dalvikvm(  249): GC_CONCURRENT freed 1429K, 56% free 4148K/9351K, external 4057K/4300K, paused 7ms+7ms
D/nofatclips(  249): Handling input 'writeText' on widget id=2131165215 type=editText name=
V/nofatclips(  249): Using value: 27
D/nofatclips(  249): Handling input 'writeText' on widget id=2131165217 type=editText name=
V/nofatclips(  249): Using value: 29
D/nofatclips(  249): Handling input 'writeText' on widget id=2131165215 type=editText name=
V/nofatclips(  249): Using value: 27
D/nofatclips(  249): Handling input 'writeText' on widget id=2131165217 type=editText name=
V/nofatclips(  249): Using value: 29
D/nofatclips(  249): Handling input 'writeText' on widget id=2131165215 type=editText name=
V/nofatclips(  249): Using value: 27
D/nofatclips(  249): Handling input 'writeText' on widget id=2131165217 type=editText name=
V/nofatclips(  249): Using value: 29
D/nofatclips(  249): Handling input 'writeText' on widget id=2131165215 type=editText name=
V/nofatclips(  249): Using value: 27
D/nofatclips(  249): Handling input 'writeText' on widget id=2131165217 type=editText name=
V/nofatclips(  249): Using value: 29
D/nofatclips(  249): Handling input 'writeText' on widget id=2131165215 type=editText name=
V/nofatclips(  249): Using value: 27
D/nofatclips(  249): Handling input 'writeText' on widget id=2131165217 type=editText name=
V/nofatclips(  249): Using value: 29
D/nofatclips(  249): Handling input 'writeText' on widget id=2131165215 type=editText name=
V/nofatclips(  249): Using value: 27
D/nofatclips(  249): Handling input 'writeText' on widget id=2131165217 type=editText name=
V/nofatclips(  249): Using value: 29
D/nofatclips(  249): Handling input 'writeText' on widget id=2131165215 type=editText name=
V/nofatclips(  249): Using value: 27
D/nofatclips(  249): Handling input 'writeText' on widget id=2131165217 type=editText name=
V/nofatclips(  249): Using value: 29
D/nofatclips(  249): Handling input 'writeText' on widget id=2131165215 type=editText name=
V/nofatclips(  249): Using value: 27
D/nofatclips(  249): Handling input 'writeText' on widget id=2131165217 type=editText name=
V/nofatclips(  249): Using value: 29
D/nofatclips(  249): Handling event 'click' on widget id=2131165349 type=check name=Upload and link to full image
D/nofatclips(  249): Handling input 'writeText' on widget id=2131165215 type=editText name=
V/nofatclips(  249): Using value: 27
D/nofatclips(  249): Handling input 'writeText' on widget id=2131165217 type=editText name=
V/nofatclips(  249): Using value: 29
D/nofatclips(  249): Handling event 'click' on widget id=2131165351 type=check name=Geotag Posts
D/nofatclips(  249): Handling input 'writeText' on widget id=2131165215 type=editText name=
V/nofatclips(  249): Using value: 27
D/nofatclips(  249): Handling input 'writeText' on widget id=2131165217 type=editText name=
V/nofatclips(  249): Using value: 29
D/nofatclips(  249): Handling event 'click' on widget id=2131165219 type=button name=Save
D/nofatclips(  249): Handling input 'writeText' on widget id=2131165215 type=editText name=
V/nofatclips(  249): Using value: 27
D/nofatclips(  249): Handling input 'writeText' on widget id=2131165217 type=editText name=
V/nofatclips(  249): Using value: 29
D/nofatclips(  249): Handling event 'click' on widget id=2131165220 type=button name=Cancel
D/nofatclips(  249): Handling input 'writeText' on widget id=2131165215 type=editText name=
V/nofatclips(  249): Using value: 27
D/nofatclips(  249): Handling input 'writeText' on widget id=2131165217 type=editText name=
V/nofatclips(  249): Using value: 29
D/nofatclips(  249): Handling event 'click' on widget id=2131165200 type=button name=
D/nofatclips(  249): Handling input 'writeText' on widget id=2131165215 type=editText name=
V/nofatclips(  249): Using value: 27
D/nofatclips(  249): Handling input 'writeText' on widget id=2131165217 type=editText name=
V/nofatclips(  249): Using value: 29
I/nofatclips(  249): Created trace to press the back button
I/nofatclips(  249): Created trace to press the menu button
I/nofatclips(  249): Created trace to change orientation
D/dalvikvm(  249): GC_CONCURRENT freed 1897K, 56% free 4146K/9351K, external 3457K/4300K, paused 4ms+4ms
I/nofatclips(  249): Check for termination: 89 steps left of 100
I/nofatclips(  249): Dispatching new task. 2 more tasks remaining.
D/nofatclips(  249): Performing backup of the old task list on disk
D/nofatclips(  249): Saving task list on disk
V/nofatclips(  249): Backing up trace #102 to disk.
V/nofatclips(  249): Backing up trace #103 to disk.
D/nofatclips(  249): Deleting backup of the old task list from disk
D/nofatclips(  249): Deleting backup of the old activity list from disk
I/nofatclips(  249): Incrementally Playing Trace 103
D/nofatclips(  249): Setting input: type= writeText id=2131165215 value=27
D/nofatclips(  249): Added to return list id=2131165215
I/nofatclips(  249): Retrieved from return list id=2131165215
D/nofatclips(  249): Testing for type (android.widget.EditText) against the original (android.widget.EditText)
D/nofatclips(  249): Testing for name () against the original ()
W/KeyCharacterMap(  249): No keyboard for id 0
W/KeyCharacterMap(  249): Using default keymap: /system/usr/keychars/qwerty.kcm.bin
D/dalvikvm(  249): GC_CONCURRENT freed 1709K, 57% free 4039K/9351K, external 3457K/4300K, paused 17ms+15ms
D/nofatclips(  249): Setting input: type= writeText id=2131165217 value=29
D/nofatclips(  249): Added to return list id=2131165217
I/nofatclips(  249): Retrieved from return list id=2131165217
D/nofatclips(  249): Testing for type (android.widget.EditText) against the original (android.widget.EditText)
D/nofatclips(  249): Testing for name () against the original ()
I/nofatclips(  249): Retrieved from return list id=2131165348
D/nofatclips(  249): Testing for type (android.widget.Spinner) against the original (android.widget.Spinner)
D/nofatclips(  249): Testing for name () against the original ()
I/nofatclips(  249): Firing event: type= selectSpinnerItem index=18 widget=android.widget.Spinner
I/nofatclips(  249): Clicking the spinner view
D/nofatclips(  249): Event description: 800
I/nofatclips(  249): Swapping to listview item 8
W/KeyCharacterMap(  249): No keyboard for id 0
W/KeyCharacterMap(  249): Using default keymap: /system/usr/keychars/qwerty.kcm.bin
D/nofatclips(  249): Event description: 700
I/nofatclips(  249): Waiting for 100 msec.
W/InputManagerService(   61): Window already focused, ignoring focus gain of: com.android.internal.view.IInputMethodClient$Stub$Proxy@4071d320
