I/nofatclips(  249): Session count is 1. Will dump to disk at 1
I/nofatclips(  249): Saving the session on disk.
I/nofatclips(  249): Planning for new Activity Comments
D/nofatclips(  249): Handling event 'click' on widget id=2131165200 type=button name=
D/nofatclips(  249): Handling event 'click' on widget id=2131165201 type=button name=
I/nofatclips(  249): Created trace to press the back button
I/nofatclips(  249): Created trace to press the menu button
I/nofatclips(  249): Created trace to change orientation
I/nofatclips(  249): Check for termination: 71 steps left of 100
I/nofatclips(  249): Dispatching new task. 2 more tasks remaining.
D/nofatclips(  249): Performing backup of the old task list on disk
D/nofatclips(  249): Saving task list on disk
V/nofatclips(  249): Backing up trace #286 to disk.
D/dalvikvm(  249): GC_CONCURRENT freed 2021K, 49% free 5025K/9735K, external 3997K/4242K, paused 4ms+3ms
V/nofatclips(  249): Backing up trace #287 to disk.
D/nofatclips(  249): Deleting backup of the old task list from disk
D/nofatclips(  249): Deleting backup of the old activity list from disk
I/nofatclips(  249): Incrementally Playing Trace 287
D/nofatclips(  249): Firing event: type= back
W/KeyCharacterMap(  249): No keyboard for id 0
W/KeyCharacterMap(  249): Using default keymap: /system/usr/keychars/qwerty.kcm.bin
I/nofatclips(  249): Waiting for 100 msec.
I/nofatclips(  249): Current activity is Dashboard
I/nofatclips(  249): Retrieving widgets
D/nofatclips(  249): Found widget: id=16908290 (android.widget.FrameLayout@405a0ad0)
D/nofatclips(  249): Found widget: id=2131165248 (android.widget.RelativeLayout@405a17d0)
D/nofatclips(  249): Found widget: id=2131165249 (android.widget.LinearLayout@405a1e38)
D/nofatclips(  249): Found widget: id=-1 (android.widget.ImageView@405a2380)
D/nofatclips(  249): Found widget: id=2131165250 (org.wordpress.android.util.WPTitleBar@4059bd20)
D/nofatclips(  249): Found widget: id=2131165195 (android.widget.RelativeLayout@4050e2c8)
D/nofatclips(  249): Found widget: id=2131165196 (android.widget.RelativeLayout@40568570)
D/nofatclips(  249): Found widget: id=2131165197 (android.widget.ImageView@4059cb48)
D/nofatclips(  249): Found widget: id=2131165198 (android.widget.TextView@405418e8): Katie's Sweet Testing Blog
D/nofatclips(  249): Found widget: id=2131165199 (android.widget.ImageView@4055d178)
D/nofatclips(  249): Found widget: id=-1 (android.widget.RelativeLayout@405794d8)
D/nofatclips(  249): Found widget: id=2131165200 (android.widget.ImageButton@4059d070)
D/nofatclips(  249): Found widget: id=-1 (android.widget.FrameLayout@4057aa68)
D/nofatclips(  249): Found widget: id=2131165201 (android.widget.Button@405422b0): 
D/nofatclips(  249): Found widget: id=2131165202 (android.widget.ImageView@40593918)
D/nofatclips(  249): Found widget: id=2131165203 (android.widget.ImageView@4053caa8)
D/nofatclips(  249): Found widget: id=2131165204 (android.widget.LinearLayout@40569178)
D/nofatclips(  249): Found widget: id=-1 (android.widget.FrameLayout@4059c8e0)
D/nofatclips(  249): Found widget: id=-1 (android.widget.LinearLayout@4052fc50)
D/nofatclips(  249): Found widget: id=-1 (android.widget.LinearLayout@4050e0d8)
D/nofatclips(  249): Found widget: id=-1 (android.widget.LinearLayout@4052f270)
D/nofatclips(  249): Found widget: id=2131165251 (android.widget.LinearLayout@4052f928)
D/nofatclips(  249): Found widget: id=-1 (android.widget.ImageView@405903c0)
D/nofatclips(  249): Found widget: id=2131165256 (android.widget.TextView@4056ae70): New Post
D/nofatclips(  249): Found widget: id=2131165253 (android.widget.LinearLayout@4059bf58)
D/nofatclips(  249): Found widget: id=-1 (android.widget.ImageView@40530c90)
D/nofatclips(  249): Found widget: id=2131165256 (android.widget.TextView@4056b7a8): New Page
D/nofatclips(  249): Found widget: id=-1 (android.widget.LinearLayout@40532f48)
D/nofatclips(  249): Found widget: id=2131165252 (android.widget.LinearLayout@40530938)
D/nofatclips(  249): Found widget: id=-1 (android.widget.ImageView@40538920)
D/nofatclips(  249): Found widget: id=2131165256 (android.widget.TextView@405779a0): Quick Photo
D/nofatclips(  249): Found widget: id=2131165254 (android.widget.LinearLayout@405468d8)
D/nofatclips(  249): Found widget: id=-1 (android.widget.ImageView@4059aad8)
D/nofatclips(  249): Found widget: id=2131165256 (android.widget.TextView@40578210): Quick Video
D/nofatclips(  249): Found widget: id=-1 (android.widget.LinearLayout@4059df58)
D/nofatclips(  249): Found widget: id=-1 (android.widget.LinearLayout@4052e758)
D/nofatclips(  249): Found widget: id=2131165255 (android.widget.LinearLayout@40533f78)
D/nofatclips(  249): Found widget: id=-1 (android.widget.ImageView@40540468)
D/nofatclips(  249): Found widget: id=2131165256 (android.widget.TextView@40578898): Posts
D/nofatclips(  249): Found widget: id=2131165257 (android.widget.LinearLayout@40545058)
D/nofatclips(  249): Found widget: id=-1 (android.widget.ImageView@40568858)
D/nofatclips(  249): Found widget: id=2131165256 (android.widget.TextView@405374f8): Pages
D/nofatclips(  249): Found widget: id=-1 (android.widget.FrameLayout@40540180)
D/nofatclips(  249): Found widget: id=2131165258 (android.widget.LinearLayout@40544380)
D/nofatclips(  249): Found widget: id=-1 (android.widget.ImageView@40536cf8)
D/nofatclips(  249): Found widget: id=2131165256 (android.widget.TextView@405394a8): Comments
D/nofatclips(  249): Found widget: id=2131165259 (android.widget.FrameLayout@405447b8)
D/nofatclips(  249): Found widget: id=2131165260 (android.widget.ImageView@40546b20)
D/nofatclips(  249): Found widget: id=2131165261 (org.wordpress.android.util.CommentBadgeTextView@4053a4c0): 0
D/nofatclips(  249): Found widget: id=-1 (android.widget.LinearLayout@405407e8)
D/nofatclips(  249): Found widget: id=2131165262 (android.widget.LinearLayout@405415f0)
D/nofatclips(  249): Found widget: id=-1 (android.widget.ImageView@405411a0)
D/nofatclips(  249): Found widget: id=2131165256 (android.widget.TextView@40540ae0): Settings
D/nofatclips(  249): Found widget: id=2131165263 (android.widget.LinearLayout@40545628)
D/nofatclips(  249): Found widget: id=-1 (android.widget.ImageView@405610f8)
D/nofatclips(  249): Found widget: id=2131165256 (android.widget.TextView@40542e20): Read
D/nofatclips(  249): Found widget: id=2131165264 (android.widget.LinearLayout@40561840)
D/nofatclips(  249): Found widget: id=-1 (android.widget.ImageView@405640d8)
D/nofatclips(  249): Found widget: id=2131165256 (android.widget.TextView@4054fb78): Stats
D/nofatclips(  249): Found widget: id=-1 (com.android.internal.policy.impl.PhoneWindow$DecorView@405a01d0)
V/nicola  (  249): TextualID : blog_title
V/nicola  (  249): ContentType detected : default
V/nicola  (  249): TextualID : action_refresh
V/nicola  (  249): ContentType detected : default
V/nicola  (  249): TextualID : button_text
V/nicola  (  249): ContentType detected : default
V/nicola  (  249): TextualID : button_text
V/nicola  (  249): ContentType detected : default
V/nicola  (  249): TextualID : button_text
V/nicola  (  249): ContentType detected : default
V/nicola  (  249): TextualID : button_text
V/nicola  (  249): ContentType detected : default
V/nicola  (  249): TextualID : button_text
V/nicola  (  249): ContentType detected : default
V/nicola  (  249): TextualID : button_text
V/nicola  (  249): ContentType detected : default
V/nicola  (  249): TextualID : button_text
V/nicola  (  249): ContentType detected : default
V/nicola  (  249): TextualID : button_text
V/nicola  (  249): ContentType detected : default
V/nicola  (  249): TextualID : button_text
V/nicola  (  249): ContentType detected : default
V/nicola  (  249): TextualID : button_text
V/nicola  (  249): ContentType detected : default
I/nofatclips(  249): Performing comparation for activity Dashboard
D/nofatclips(  249): Comparing against activity Dashboard
D/nofatclips(  249): Comparing against activity Settings
D/nofatclips(  249): Comparing against activity Dashboard
D/nofatclips(  249): Comparing against activity Comments
D/nofatclips(  249): Comparing against activity Settings
D/nofatclips(  249): Comparing against activity Settings
D/nofatclips(  249): Comparing against activity Read
D/nofatclips(  249): Comparing against activity Comments
D/nofatclips(  249): Comparing against activity Dashboard
D/nofatclips(  249): Comparing against activity Comments
D/nofatclips(  249): Comparing against activity Comments
D/nofatclips(  249): Comparing against activity Dashboard
D/nofatclips(  249): Comparing against activity Comments
D/nofatclips(  249): Comparing against activity Read
D/nofatclips(  249): Comparing against activity Read
D/nofatclips(  249): Comparing against activity Comments
D/nofatclips(  249): Comparing against activity Comments
D/nofatclips(  249): Comparing against activity Comments
D/nofatclips(  249): Comparing against activity Settings
D/nofatclips(  249): Comparing against activity Read
D/nofatclips(  249): Comparing against activity Read
D/nofatclips(  249): Comparing against activity Settings
D/nofatclips(  249): Comparing against activity Read
D/nofatclips(  249): Comparing against activity Read
D/nofatclips(  249): Comparing against activity Dashboard
D/nofatclips(  249): Comparing against activity Settings
D/nofatclips(  249): Comparing against activity Read
D/nofatclips(  249): Comparing against activity Comments
D/nofatclips(  249): Comparing against activity Comments
D/nofatclips(  249): Comparing against activity Settings
I/nofatclips(  249): Registering activity Dashboard (id: a31) as a new found state
D/nofatclips(  249): Performing backup of the old activity list on disk
D/nofatclips(  249): Saving new found state 'a31' on disk
V/nofatclips(  249): Opening state file in append mode.
D/dalvikvm(  249): GC_FOR_MALLOC freed 1414K, 50% free 4902K/9735K, external 3397K/4242K, paused 120ms
I/nofatclips(  249): Saved image on disk: a31.jpg
I/nofatclips(  249): Waiting for 100 msec.
I/nofatclips(  249): Session count is 1. Will dump to disk at 1
I/nofatclips(  249): Saving the session on disk.
I/nofatclips(  249): Planning for new Activity Dashboard
D/nofatclips(  249): Handling event 'click' on widget id=2131165200 type=button name=
D/nofatclips(  249): Handling event 'click' on widget id=2131165201 type=button name=
D/nofatclips(  249): Handling event 'click' on widget id=2131165204 type=linearLayout name=
D/nofatclips(  249): Handling event 'click' on widget id=2131165251 type=linearLayout name=
D/nofatclips(  249): Handling event 'click' on widget id=2131165253 type=linearLayout name=
D/nofatclips(  249): Handling event 'click' on widget id=2131165252 type=linearLayout name=
D/nofatclips(  249): Handling event 'click' on widget id=2131165254 type=linearLayout name=
D/nofatclips(  249): Handling event 'click' on widget id=2131165255 type=linearLayout name=
D/nofatclips(  249): Handling event 'click' on widget id=2131165257 type=linearLayout name=
D/nofatclips(  249): Handling event 'click' on widget id=2131165258 type=linearLayout name=
D/nofatclips(  249): Handling event 'click' on widget id=2131165262 type=linearLayout name=
D/nofatclips(  249): Handling event 'click' on widget id=2131165263 type=linearLayout name=
D/nofatclips(  249): Handling event 'click' on widget id=2131165264 type=linearLayout name=
D/dalvikvm(  249): GC_CONCURRENT freed 1840K, 49% free 4970K/9735K, external 3397K/3493K, paused 4ms+5ms
I/nofatclips(  249): Created trace to press the back button
I/nofatclips(  249): Created trace to press the menu button
I/nofatclips(  249): Created trace to change orientation
D/dalvikvm(  249): GC_CONCURRENT freed 2085K, 51% free 4834K/9735K, external 2203K/2751K, paused 4ms+4ms
D/dalvikvm(  249): GC_CONCURRENT freed 1466K, 50% free 4873K/9735K, external 2203K/2751K, paused 4ms+4ms
I/nofatclips(  249): Check for termination: 70 steps left of 100
I/nofatclips(  249): Dispatching new task. 2 more tasks remaining.
D/nofatclips(  249): Performing backup of the old task list on disk
D/nofatclips(  249): Saving task list on disk
V/nofatclips(  249): Backing up trace #301 to disk.
D/dalvikvm(  249): GC_FOR_MALLOC freed 1232K, 50% free 4870K/9735K, external 2203K/2751K, paused 53ms
V/nofatclips(  249): Backing up trace #302 to disk.
D/dalvikvm(  249): GC_FOR_MALLOC freed 235K, 50% free 4911K/9735K, external 2203K/2751K, paused 41ms
D/nofatclips(  249): Deleting backup of the old task list from disk
D/nofatclips(  249): Deleting backup of the old activity list from disk
I/nofatclips(  249): Incrementally Playing Trace 302
I/nofatclips(  249): Retrieved from return list id=2131165257
D/nofatclips(  249): Testing for type (android.widget.LinearLayout) against the original (android.widget.LinearLayout)
D/nofatclips(  249): Testing for name () against the original ()
I/nofatclips(  249): Firing event: type= click index=39 widget=android.widget.LinearLayout
W/KeyCharacterMap(  249): No keyboard for id 0
W/KeyCharacterMap(  249): Using default keymap: /system/usr/keychars/qwerty.kcm.bin
D/nofatclips(  249): Event description: Pages
I/ActivityManager(   61): Starting: Intent { cmp=org.wordpress.android/.Posts (has extras) } from pid 249
I/nofatclips(  249): Waiting for 100 msec.
D/dalvikvm(  249): GC_EXTERNAL_ALLOC freed 675K, 50% free 4874K/9735K, external 2739K/2751K, paused 223ms
I/ActivityManager(   61): Displayed org.wordpress.android/.Posts: +1s863ms
W/ImageDownloader(  249): Error 404 while retrieving bitmap from http://gravatar.com/blavatar/44d338f29053dbb888da79dcf98df489?s=60&d=404
D/dalvikvm(  249): GC_FOR_MALLOC freed 214K, 50% free 4887K/9735K, external 2792K/3465K, paused 97ms
D/dalvikvm(  249): GC_FOR_MALLOC freed 2K, 49% free 4970K/9735K, external 2792K/3465K, paused 79ms
I/dalvikvm-heap(  249): Grow heap (frag case) to 10.208MB for 87396-byte allocation
D/dalvikvm(  249): GC_FOR_MALLOC freed 0K, 49% free 5055K/9863K, external 2792K/3465K, paused 83ms
I/WordPress(  249): response = HTTP/1.1 200 OK
I/nofatclips(  249): Current activity is Posts
I/nofatclips(  249): Retrieving widgets
D/nofatclips(  249): Found widget: id=16908290 (android.widget.FrameLayout@40599490)
D/nofatclips(  249): Found widget: id=16908666 (com.android.internal.widget.WeightedLinearLayout@40643f68)
D/nofatclips(  249): Found widget: id=16908667 (android.widget.LinearLayout@405b7d98)
D/nofatclips(  249): Found widget: id=16908668 (android.widget.LinearLayout@405efc60)
D/nofatclips(  249): Found widget: id=16908294 (android.widget.ImageView@405f1a88)
D/nofatclips(  249): Found widget: id=16908669 (com.android.internal.widget.DialogTitle@406972b0): Error
D/nofatclips(  249): Found widget: id=16908670 (android.widget.ImageView@405f2f28)
D/nofatclips(  249): Found widget: id=16908671 (android.widget.LinearLayout@40666200)
D/nofatclips(  249): Found widget: id=16908672 (android.widget.ScrollView@405f34d0)
D/nofatclips(  249): Found widget: id=16908299 (android.widget.TextView@40705310): XMLRPC Fault: Incorrect username or password. [code 403]
D/nofatclips(  249): Found widget: id=16908673 (android.widget.FrameLayout@4064ad08)
D/nofatclips(  249): Found widget: id=16908331 (android.widget.FrameLayout@406aafe0)
D/nofatclips(  249): Found widget: id=16908674 (android.widget.LinearLayout@4069e1d8)
D/nofatclips(  249): Found widget: id=-1 (android.widget.LinearLayout@4069f048)
D/nofatclips(  249): Found widget: id=16908675 (android.widget.LinearLayout@406a7b10)
D/nofatclips(  249): Found widget: id=16908313 (android.widget.Button@407eca08): OK
D/nofatclips(  249): Found widget: id=16908315 (android.widget.Button@408ef460): 
D/nofatclips(  249): Found widget: id=16908314 (android.widget.Button@406b1d68): 
D/nofatclips(  249): Found widget: id=16908676 (android.widget.LinearLayout@406ed5e8)
D/nofatclips(  249): Found widget: id=-1 (com.android.internal.policy.impl.PhoneWindow$DecorView@406442b8)
V/nicola  (  249): TextualID : null
V/nicola  (  249): ContentType detected : default
V/nicola  (  249): TextualID : null
V/nicola  (  249): ContentType detected : default
V/nicola  (  249): TextualID : null
V/nicola  (  249): ContentType detected : default
I/nofatclips(  249): Performing comparation for activity Posts
D/nofatclips(  249): Comparing against activity Dashboard
D/nofatclips(  249): Comparing against activity Settings
D/nofatclips(  249): Comparing against activity Dashboard
D/nofatclips(  249): Comparing against activity Comments
D/nofatclips(  249): Comparing against activity Settings
D/nofatclips(  249): Comparing against activity Settings
D/nofatclips(  249): Comparing against activity Read
D/nofatclips(  249): Comparing against activity Comments
D/nofatclips(  249): Comparing against activity Dashboard
D/nofatclips(  249): Comparing against activity Comments
D/nofatclips(  249): Comparing against activity Comments
D/nofatclips(  249): Comparing against activity Dashboard
D/nofatclips(  249): Comparing against activity Comments
D/nofatclips(  249): Comparing against activity Dashboard
D/nofatclips(  249): Comparing against activity Read
D/nofatclips(  249): Comparing against activity Read
D/nofatclips(  249): Comparing against activity Comments
D/nofatclips(  249): Comparing against activity Comments
D/nofatclips(  249): Comparing against activity Comments
D/nofatclips(  249): Comparing against activity Settings
D/nofatclips(  249): Comparing against activity Read
D/nofatclips(  249): Comparing against activity Read
D/nofatclips(  249): Comparing against activity Settings
D/nofatclips(  249): Comparing against activity Read
D/nofatclips(  249): Comparing against activity Read
D/nofatclips(  249): Comparing against activity Dashboard
D/nofatclips(  249): Comparing against activity Settings
D/nofatclips(  249): Comparing against activity Read
D/nofatclips(  249): Comparing against activity Comments
D/nofatclips(  249): Comparing against activity Comments
D/nofatclips(  249): Comparing against activity Settings
I/nofatclips(  249): Registering activity Posts (id: a32) as a new found state
D/nofatclips(  249): Performing backup of the old activity list on disk
D/nofatclips(  249): Saving new found state 'a32' on disk
V/nofatclips(  249): Opening state file in append mode.
I/nofatclips(  249): Saved image on disk: a32.jpg
I/nofatclips(  249): Waiting for 100 msec.
I/nofatclips(  249): Session count is 1. Will dump to disk at 1
I/nofatclips(  249): Saving the session on disk.
D/dalvikvm(  249): GC_FOR_MALLOC freed 745K, 49% free 5122K/9863K, external 3391K/3465K, paused 62ms
I/nofatclips(  249): Planning for new Activity Posts
D/nofatclips(  249): Handling event 'click' on widget id=16908313 type=button name=OK
I/nofatclips(  249): Created trace to press the back button
I/nofatclips(  249): Created trace to press the menu button
I/nofatclips(  249): Created trace to change orientation
I/nofatclips(  249): Check for termination: 69 steps left of 100
I/nofatclips(  249): Dispatching new task. 2 more tasks remaining.
D/nofatclips(  249): Performing backup of the old task list on disk
D/nofatclips(  249): Saving task list on disk
V/nofatclips(  249): Backing up trace #305 to disk.
D/dalvikvm(  249): GC_FOR_MALLOC freed 1423K, 47% free 5259K/9863K, external 3085K/3465K, paused 54ms
I/dalvikvm-heap(  249): Grow heap (frag case) to 10.749MB for 58150-byte allocation
D/dalvikvm(  249): GC_FOR_MALLOC freed 54K, 48% free 5261K/9927K, external 3085K/3465K, paused 45ms
V/nofatclips(  249): Backing up trace #306 to disk.
D/dalvikvm(  249): GC_FOR_MALLOC freed 278K, 47% free 5287K/9927K, external 3085K/3465K, paused 41ms
D/nofatclips(  249): Deleting backup of the old task list from disk
D/nofatclips(  249): Deleting backup of the old activity list from disk
I/nofatclips(  249): Incrementally Playing Trace 306
D/nofatclips(  249): Firing event: type= back
W/KeyCharacterMap(  249): No keyboard for id 0
W/KeyCharacterMap(  249): Using default keymap: /system/usr/keychars/qwerty.kcm.bin
W/InputManagerService(   61): Window already focused, ignoring focus gain of: com.android.internal.view.IInputMethodClient$Stub$Proxy@40538eb0
I/nofatclips(  249): Waiting for 100 msec.
I/nofatclips(  249): Current activity is Posts
I/nofatclips(  249): Retrieving widgets
D/nofatclips(  249): Found widget: id=16908290 (android.widget.FrameLayout@407c4980)
D/nofatclips(  249): Found widget: id=2131165323 (android.widget.RelativeLayout@407e9c78)
D/nofatclips(  249): Found widget: id=2131165324 (android.widget.LinearLayout@407c0c90)
D/nofatclips(  249): Found widget: id=2131165325 (android.support.v4.app.NoSaveStateFrameLayout@4087c548)
D/nofatclips(  249): Found widget: id=-1 (android.widget.FrameLayout@407fa798)
D/nofatclips(  249): Found widget: id=16711681 (android.widget.TextView@408103b0): 
D/nofatclips(  249): Found widget: id=16908298 (android.widget.ListView@4053e738)
D/nofatclips(  249): Found widget: id=2131165326 (org.wordpress.android.util.WPTitleBar@40876658)
D/nofatclips(  249): Found widget: id=2131165195 (android.widget.RelativeLayout@40887c68)
D/nofatclips(  249): Found widget: id=2131165196 (android.widget.RelativeLayout@408922f0)
D/nofatclips(  249): Found widget: id=2131165197 (android.widget.ImageView@408e88f8)
D/nofatclips(  249): Found widget: id=2131165198 (android.widget.TextView@4089e818): Katie's Sweet Testing Blog
D/nofatclips(  249): Found widget: id=2131165199 (android.widget.ImageView@408f5bf0)
D/nofatclips(  249): Found widget: id=-1 (android.widget.RelativeLayout@408d1a98)
D/nofatclips(  249): Found widget: id=2131165200 (android.widget.ImageButton@40929768)
D/nofatclips(  249): Found widget: id=-1 (android.widget.FrameLayout@408ddc58)
D/nofatclips(  249): Found widget: id=2131165201 (android.widget.Button@408de170): 
D/nofatclips(  249): Found widget: id=2131165202 (android.widget.ImageView@4083fa20)
D/nofatclips(  249): Found widget: id=2131165203 (android.widget.ImageView@405a5fb0)
D/nofatclips(  249): Found widget: id=2131165204 (android.widget.LinearLayout@40822e30)
D/nofatclips(  249): Found widget: id=-1 (android.widget.FrameLayout@408ee2f8)
D/nofatclips(  249): Found widget: id=-1 (android.widget.LinearLayout@4066f560)
D/nofatclips(  249): Found widget: id=-1 (android.widget.LinearLayout@408ef308)
D/nofatclips(  249): Found widget: id=-1 (android.widget.LinearLayout@408fc310)
D/nofatclips(  249): Found widget: id=2131165251 (android.widget.LinearLayout@408fdd30)
D/nofatclips(  249): Found widget: id=-1 (android.widget.ImageView@405d2a18)
D/nofatclips(  249): Found widget: id=2131165256 (android.widget.TextView@406cced8): New Post
D/nofatclips(  249): Found widget: id=2131165253 (android.widget.LinearLayout@405d2b68)
D/nofatclips(  249): Found widget: id=-1 (android.widget.ImageView@40716cf8)
D/nofatclips(  249): Found widget: id=2131165256 (android.widget.TextView@407634f8): New Page
D/nofatclips(  249): Found widget: id=-1 (android.widget.LinearLayout@40716e48)
D/nofatclips(  249): Found widget: id=2131165252 (android.widget.LinearLayout@408f1a78)
D/nofatclips(  249): Found widget: id=-1 (android.widget.ImageView@408f1bc8)
D/nofatclips(  249): Found widget: id=2131165256 (android.widget.TextView@405c89a0): Quick Photo
D/nofatclips(  249): Found widget: id=2131165254 (android.widget.LinearLayout@406b3390)
D/nofatclips(  249): Found widget: id=-1 (android.widget.ImageView@406b34e0)
D/nofatclips(  249): Found widget: id=2131165256 (android.widget.TextView@4071d9b8): Quick Video
D/nofatclips(  249): Found widget: id=-1 (android.widget.LinearLayout@4075b400)
D/nofatclips(  249): Found widget: id=-1 (android.widget.LinearLayout@4075b550)
D/nofatclips(  249): Found widget: id=2131165255 (android.widget.LinearLayout@4079ed20)
D/nofatclips(  249): Found widget: id=-1 (android.widget.ImageView@4079ee70)
D/nofatclips(  249): Found widget: id=2131165256 (android.widget.TextView@408892a8): Posts
D/nofatclips(  249): Found widget: id=2131165257 (android.widget.LinearLayout@405b3c90)
D/nofatclips(  249): Found widget: id=-1 (android.widget.ImageView@405b3de0)
D/nofatclips(  249): Found widget: id=2131165256 (android.widget.TextView@40677df8): Pages
D/nofatclips(  249): Found widget: id=-1 (android.widget.FrameLayout@4079dbb8)
D/nofatclips(  249): Found widget: id=2131165258 (android.widget.LinearLayout@4079dd10)
D/nofatclips(  249): Found widget: id=-1 (android.widget.ImageView@407a2cf8)
D/nofatclips(  249): Found widget: id=2131165256 (android.widget.TextView@40856550): Comments
D/nofatclips(  249): Found widget: id=2131165259 (android.widget.FrameLayout@407a2e48)
D/nofatclips(  249): Found widget: id=2131165260 (android.widget.ImageView@4085d7b0)
D/nofatclips(  249): Found widget: id=2131165261 (org.wordpress.android.util.CommentBadgeTextView@408e31a8): 0
D/nofatclips(  249): Found widget: id=-1 (android.widget.LinearLayout@4085d900)
D/nofatclips(  249): Found widget: id=2131165262 (android.widget.LinearLayout@40606898)
D/nofatclips(  249): Found widget: id=-1 (android.widget.ImageView@406069e8)
D/nofatclips(  249): Found widget: id=2131165256 (android.widget.TextView@4071f378): Settings
D/nofatclips(  249): Found widget: id=2131165263 (android.widget.LinearLayout@40828f00)
D/nofatclips(  249): Found widget: id=-1 (android.widget.ImageView@40829050)
D/nofatclips(  249): Found widget: id=2131165256 (android.widget.TextView@4082c728): Read
D/nofatclips(  249): Found widget: id=2131165264 (android.widget.LinearLayout@408edcc8)
D/nofatclips(  249): Found widget: id=-1 (android.widget.ImageView@408ede18)
D/nofatclips(  249): Found widget: id=2131165256 (android.widget.TextView@405509f0): Stats
D/nofatclips(  249): Found widget: id=-1 (com.android.internal.policy.impl.PhoneWindow$DecorView@407fab98)
V/nicola  (  249): TextualID : null
V/nicola  (  249): ContentType detected : default
V/nicola  (  249): TextualID : blog_title
V/nicola  (  249): ContentType detected : default
V/nicola  (  249): TextualID : action_refresh
V/nicola  (  249): ContentType detected : default
I/nofatclips(  249): Performing comparation for activity Posts
D/nofatclips(  249): Comparing against activity Dashboard
D/nofatclips(  249): Comparing against activity Settings
D/nofatclips(  249): Comparing against activity Dashboard
D/nofatclips(  249): Comparing against activity Comments
D/nofatclips(  249): Comparing against activity Settings
D/nofatclips(  249): Comparing against activity Settings
D/nofatclips(  249): Comparing against activity Read
D/nofatclips(  249): Comparing against activity Comments
D/nofatclips(  249): Comparing against activity Posts
D/nofatclips(  249): Comparing against activity Dashboard
D/nofatclips(  249): Comparing against activity Comments
D/nofatclips(  249): Comparing against activity Comments
D/nofatclips(  249): Comparing against activity Dashboard
D/nofatclips(  249): Comparing against activity Comments
D/nofatclips(  249): Comparing against activity Dashboard
D/nofatclips(  249): Comparing against activity Read
D/nofatclips(  249): Comparing against activity Read
D/nofatclips(  249): Comparing against activity Comments
D/nofatclips(  249): Comparing against activity Comments
D/nofatclips(  249): Comparing against activity Comments
D/nofatclips(  249): Comparing against activity Settings
D/nofatclips(  249): Comparing against activity Read
D/nofatclips(  249): Comparing against activity Read
D/nofatclips(  249): Comparing against activity Settings
D/nofatclips(  249): Comparing against activity Read
D/nofatclips(  249): Comparing against activity Read
D/nofatclips(  249): Comparing against activity Dashboard
D/nofatclips(  249): Comparing against activity Settings
D/nofatclips(  249): Comparing against activity Read
D/nofatclips(  249): Comparing against activity Comments
D/nofatclips(  249): Comparing against activity Comments
D/nofatclips(  249): Comparing against activity Settings
I/nofatclips(  249): Registering activity Posts (id: a33) as a new found state
D/nofatclips(  249): Performing backup of the old activity list on disk
D/nofatclips(  249): Saving new found state 'a33' on disk
V/nofatclips(  249): Opening state file in append mode.
D/dalvikvm(  249): GC_EXTERNAL_ALLOC freed 809K, 49% free 5141K/9927K, external 3085K/3465K, paused 226ms
I/nofatclips(  249): Saved image on disk: a33.jpg
I/nofatclips(  249): Waiting for 100 msec.
I/nofatclips(  249): Session count is 1. Will dump to disk at 1
I/nofatclips(  249): Saving the session on disk.
I/nofatclips(  249): Planning for new Activity Posts
D/nofatclips(  249): Handling event 'click' on widget id=2131165200 type=button name=
D/nofatclips(  249): Handling event 'click' on widget id=2131165201 type=button name=
I/nofatclips(  249): Created trace to press the back button
I/nofatclips(  249): Created trace to press the menu button
I/nofatclips(  249): Created trace to change orientation
I/nofatclips(  249): Check for termination: 68 steps left of 100
I/nofatclips(  249): Dispatching new task. 2 more tasks remaining.
D/nofatclips(  249): Performing backup of the old task list on disk
D/nofatclips(  249): Saving task list on disk
V/nofatclips(  249): Backing up trace #310 to disk.
D/dalvikvm(  249): GC_CONCURRENT freed 1972K, 47% free 5266K/9927K, external 3984K/4226K, paused 5ms+4ms
V/nofatclips(  249): Backing up trace #311 to disk.
D/dalvikvm(  249): GC_FOR_MALLOC freed 398K, 47% free 5281K/9927K, external 3384K/4226K, paused 41ms
D/nofatclips(  249): Deleting backup of the old task list from disk
D/nofatclips(  249): Deleting backup of the old activity list from disk
I/nofatclips(  249): Incrementally Playing Trace 311
I/nofatclips(  249): Retrieved from return list id=16908290
D/nofatclips(  249): Testing for type (android.widget.FrameLayout) against the original (null)
I/nofatclips(  249): Firing event: type= openMenu name= widget=null
W/KeyCharacterMap(  249): No keyboard for id 0
W/KeyCharacterMap(  249): Using default keymap: /system/usr/keychars/qwerty.kcm.bin
I/nofatclips(  249): Waiting for 100 msec.
I/nofatclips(  249): Current activity is Posts
I/nofatclips(  249): Retrieving widgets
D/nofatclips(  249): Found widget: id=16908726 (com.android.internal.view.menu.IconMenuView@4084b980)
D/nofatclips(  249): Found widget: id=16908310 (com.android.internal.view.menu.IconMenuItemView@4053b1a8): New Page
D/nofatclips(  249): Found widget: id=-1 (com.android.internal.policy.impl.PhoneWindow$DecorView@40848c48)
V/ReflectionHelper(  249): com.android.internal.view.menu.IconMenuView > mOnFocusChangeListener FOUND | NOT ACTIVE
V/nicola  (  249): TextualID : null
V/nicola  (  249): ContentType detected : default
I/nofatclips(  249): Performing comparation for activity Posts
D/nofatclips(  249): Comparing against activity Dashboard
D/nofatclips(  249): Comparing against activity Settings
D/nofatclips(  249): Comparing against activity Posts
D/nofatclips(  249): Comparing against activity Dashboard
D/nofatclips(  249): Comparing against activity Comments
D/nofatclips(  249): Comparing against activity Settings
D/nofatclips(  249): Comparing against activity Settings
D/nofatclips(  249): Comparing against activity Read
D/nofatclips(  249): Comparing against activity Comments
D/nofatclips(  249): Comparing against activity Posts
D/nofatclips(  249): Comparing against activity Dashboard
D/nofatclips(  249): Comparing against activity Comments
D/nofatclips(  249): Comparing against activity Comments
D/nofatclips(  249): Comparing against activity Dashboard
D/nofatclips(  249): Comparing against activity Comments
D/nofatclips(  249): Comparing against activity Dashboard
D/nofatclips(  249): Comparing against activity Read
D/nofatclips(  249): Comparing against activity Read
D/nofatclips(  249): Comparing against activity Comments
D/nofatclips(  249): Comparing against activity Comments
D/nofatclips(  249): Comparing against activity Comments
D/nofatclips(  249): Comparing against activity Settings
D/nofatclips(  249): Comparing against activity Read
D/nofatclips(  249): Comparing against activity Read
D/nofatclips(  249): Comparing against activity Settings
D/nofatclips(  249): Comparing against activity Read
D/nofatclips(  249): Comparing against activity Read
D/nofatclips(  249): Comparing against activity Dashboard
D/nofatclips(  249): Comparing against activity Settings
D/nofatclips(  249): Comparing against activity Read
D/nofatclips(  249): Comparing against activity Comments
D/nofatclips(  249): Comparing against activity Comments
D/nofatclips(  249): Comparing against activity Settings
I/nofatclips(  249): Registering activity Posts (id: a34) as a new found state
D/nofatclips(  249): Performing backup of the old activity list on disk
D/nofatclips(  249): Saving new found state 'a34' on disk
V/nofatclips(  249): Opening state file in append mode.
I/nofatclips(  249): Saved image on disk: a34.jpg
I/nofatclips(  249): Waiting for 100 msec.
I/nofatclips(  249): Session count is 1. Will dump to disk at 1
I/nofatclips(  249): Saving the session on disk.
D/dalvikvm(  249): GC_FOR_MALLOC freed 963K, 49% free 5177K/9991K, external 3565K/4226K, paused 175ms
D/dalvikvm(  249): GC_FOR_MALLOC freed 190K, 49% free 5186K/9991K, external 3483K/4226K, paused 108ms
I/nofatclips(  249): Planning for new Activity Posts
D/nofatclips(  249): Handling event 'click' on widget id=16908310 type=menuItem name=New Page
I/nofatclips(  249): Created trace to press the back button
I/nofatclips(  249): Created trace to press the menu button
I/nofatclips(  249): Created trace to change orientation
I/nofatclips(  249): Check for termination: 67 steps left of 100
I/nofatclips(  249): Dispatching new task. 2 more tasks remaining.
D/nofatclips(  249): Performing backup of the old task list on disk
D/nofatclips(  249): Saving task list on disk
V/nofatclips(  249): Backing up trace #314 to disk.
D/dalvikvm(  249): GC_FOR_MALLOC freed 1539K, 47% free 5321K/9991K, external 3483K/4226K, paused 88ms
V/nofatclips(  249): Backing up trace #315 to disk.
D/dalvikvm(  249): GC_FOR_MALLOC freed 352K, 47% free 5337K/9991K, external 3483K/4226K, paused 63ms
D/nofatclips(  249): Deleting backup of the old task list from disk
D/nofatclips(  249): Deleting backup of the old activity list from disk
I/nofatclips(  249): Incrementally Playing Trace 315
I/nofatclips(  249): Retrieved from return list id=16908310
D/nofatclips(  249): Testing for type (com.android.internal.view.menu.IconMenuItemView) against the original (com.android.internal.view.menu.IconMenuItemView)
D/nofatclips(  249): Testing for name (New Page) against the original (New Page)
I/nofatclips(  249): Firing event: type= click index=1 widget=com.android.internal.view.menu.IconMenuItemView
W/KeyCharacterMap(  249): No keyboard for id 0
W/KeyCharacterMap(  249): Using default keymap: /system/usr/keychars/qwerty.kcm.bin
D/nofatclips(  249): Event description: New Page
I/ActivityManager(   61): Starting: Intent { cmp=org.wordpress.android/.EditPost (has extras) } from pid 249
I/nofatclips(  249): Waiting for 100 msec.
I/ActivityManager(   61): Displayed org.wordpress.android/.EditPost: +1s385ms
I/nofatclips(  249): Current activity is EditPost
I/nofatclips(  249): Retrieving widgets
D/nofatclips(  249): Found widget: id=-1 (android.widget.LinearLayout@4055a958)
D/nofatclips(  249): Found widget: id=-1 (android.widget.FrameLayout@40599490)
D/nofatclips(  249): Found widget: id=16908310 (android.widget.TextView@405d2cf8): Katie&#039;s Sweet Testing Blog - New Page
D/nofatclips(  249): Found widget: id=16908290 (android.widget.FrameLayout@405b29d8)
D/nofatclips(  249): Found widget: id=2131165298 (android.widget.ScrollView@406b13a0)
D/nofatclips(  249): Found widget: id=-1 (android.widget.LinearLayout@4056dff0)
D/nofatclips(  249): Found widget: id=2131165209 (android.widget.RelativeLayout@405d6ae0)
D/nofatclips(  249): Found widget: id=2131165210 (android.widget.TextView@405da120): Page Content
D/nofatclips(  249): Found widget: id=2131165236 (android.widget.EditText@40677b88): 
D/nofatclips(  249): Found widget: id=2131165265 (org.wordpress.android.util.WPEditText@40557a28): 
D/nofatclips(  249): Found widget: id=2131165288 (android.widget.RelativeLayout@40607320)
D/nofatclips(  249): Found widget: id=2131165278 (android.widget.TextView@406972b0): Status
D/nofatclips(  249): Found widget: id=2131165279 (android.widget.TextView@406f2490): Status:
D/nofatclips(  249): Found widget: id=2131165280 (android.widget.Spinner@405abcf0)
D/nofatclips(  249): Found widget: id=2131165281 (android.widget.TextView@407c07c8): Publish:
D/nofatclips(  249): Found widget: id=2131165282 (android.widget.TextView@408dd9c8): Immediately
D/nofatclips(  249): Found widget: id=2131165283 (android.widget.Button@408ef460): Edit
D/nofatclips(  249): Found widget: id=2131165266 (android.widget.RelativeLayout@40608530)
D/nofatclips(  249): Found widget: id=2131165216 (android.widget.TextView@408f9390): Password (optional)
D/nofatclips(  249): Found widget: id=2131165286 (android.widget.EditText@407e72f0): 
D/nofatclips(  249): Found widget: id=2131165287 (android.widget.Button@408f0f58): Publish
D/nofatclips(  249): Found widget: id=-1 (com.android.internal.policy.impl.PhoneWindow$DecorView@405f77b0)
V/nicola  (  249): TextualID : null
V/nicola  (  249): ContentType detected : default
V/nicola  (  249): TextualID : l_section1
V/nicola  (  249): ContentType detected : default
V/ReflectionHelper(  249): android.widget.EditText > mOnFocusChangeListener FOUND | NOT ACTIVE
V/nicola  (  249): TextualID : title
V/nicola  (  249): ContentType detected : default
V/ReflectionHelper(  249): org.wordpress.android.util.WPEditText > mOnFocusChangeListener FOUND | ACTIVE
V/nicola  (  249): TextualID : postContent
V/nicola  (  249): ContentType detected : default
V/nicola  (  249): TextualID : l_status
V/nicola  (  249): ContentType detected : default
V/nicola  (  249): TextualID : statusLabel
V/nicola  (  249): ContentType detected : default
V/nicola  (  249): TextualID : pubDateLabel
V/nicola  (  249): ContentType detected : default
V/nicola  (  249): TextualID : pubDate
V/nicola  (  249): ContentType detected : default
V/nicola  (  249): TextualID : pubDateButton
V/nicola  (  249): ContentType detected : default
V/nicola  (  249): TextualID : l_password
V/nicola  (  249): ContentType detected : default
V/ReflectionHelper(  249): android.widget.EditText > mOnFocusChangeListener FOUND | NOT ACTIVE
V/nicola  (  249): TextualID : post_password
V/nicola  (  249): ContentType detected : default
V/nicola  (  249): TextualID : post
V/nicola  (  249): ContentType detected : default
I/nofatclips(  249): Performing comparation for activity EditPost
D/nofatclips(  249): Comparing against activity Dashboard
D/nofatclips(  249): Comparing against activity Settings
D/nofatclips(  249): Comparing against activity Posts
D/nofatclips(  249): Comparing against activity Dashboard
D/nofatclips(  249): Comparing against activity Comments
D/nofatclips(  249): Comparing against activity Posts
D/nofatclips(  249): Comparing against activity Settings
D/nofatclips(  249): Comparing against activity Settings
D/nofatclips(  249): Comparing against activity Read
D/nofatclips(  249): Comparing against activity Comments
D/nofatclips(  249): Comparing against activity Posts
D/nofatclips(  249): Comparing against activity Dashboard
D/nofatclips(  249): Comparing against activity Comments
D/nofatclips(  249): Comparing against activity Comments
D/nofatclips(  249): Comparing against activity Dashboard
D/nofatclips(  249): Comparing against activity Comments
D/nofatclips(  249): Comparing against activity Dashboard
D/nofatclips(  249): Comparing against activity Read
D/nofatclips(  249): Comparing against activity Read
D/nofatclips(  249): Comparing against activity Comments
D/nofatclips(  249): Comparing against activity Comments
D/nofatclips(  249): Comparing against activity Comments
D/nofatclips(  249): Comparing against activity Settings
D/nofatclips(  249): Comparing against activity Read
D/nofatclips(  249): Comparing against activity Read
D/nofatclips(  249): Comparing against activity Settings
D/nofatclips(  249): Comparing against activity Read
D/nofatclips(  249): Comparing against activity Read
D/nofatclips(  249): Comparing against activity Dashboard
D/nofatclips(  249): Comparing against activity Settings
D/nofatclips(  249): Comparing against activity Read
D/nofatclips(  249): Comparing against activity Comments
D/nofatclips(  249): Comparing against activity Comments
D/nofatclips(  249): Comparing against activity Settings
I/nofatclips(  249): Registering activity EditPost (id: a35) as a new found state
D/nofatclips(  249): Performing backup of the old activity list on disk
D/nofatclips(  249): Saving new found state 'a35' on disk
V/nofatclips(  249): Opening state file in append mode.
D/dalvikvm(  249): GC_EXTERNAL_ALLOC freed 797K, 48% free 5252K/9991K, external 4170K/4226K, paused 153ms
I/nofatclips(  249): Saved image on disk: a35.jpg
I/nofatclips(  249): Waiting for 100 msec.
I/nofatclips(  249): Session count is 1. Will dump to disk at 1
I/nofatclips(  249): Saving the session on disk.
D/dalvikvm(  249): GC_FOR_MALLOC freed 490K, 48% free 5256K/9991K, external 4689K/5855K, paused 83ms
I/nofatclips(  249): Planning for new Activity EditPost
D/nofatclips(  249): Handling event 'focus' on widget id=2131165265 type=focusableEditText name=Content
D/nofatclips(  249): Handling input 'writeText' on widget id=2131165236 type=editText name=Title
V/nofatclips(  249): Using value: 90
D/nofatclips(  249): Handling input 'writeText' on widget id=2131165286 type=editText name=Password (optional)
V/nofatclips(  249): Using value: 45
D/nofatclips(  249): Handling event 'click' on widget id=2131165283 type=button name=Edit
D/nofatclips(  249): Handling input 'writeText' on widget id=2131165236 type=editText name=Title
V/nofatclips(  249): Using value: 90
D/nofatclips(  249): Handling input 'writeText' on widget id=2131165286 type=editText name=Password (optional)
V/nofatclips(  249): Using value: 45
D/nofatclips(  249): Handling event 'click' on widget id=2131165287 type=button name=Publish
D/nofatclips(  249): Handling input 'writeText' on widget id=2131165236 type=editText name=Title
V/nofatclips(  249): Using value: 90
D/nofatclips(  249): Handling input 'writeText' on widget id=2131165286 type=editText name=Password (optional)
V/nofatclips(  249): Using value: 45
I/nofatclips(  249): Created trace to press the back button
I/nofatclips(  249): Created trace to press the menu button
I/nofatclips(  249): Created trace to change orientation
D/dalvikvm(  249): GC_CONCURRENT freed 1875K, 46% free 5429K/9991K, external 4089K/5106K, paused 4ms+4ms
I/nofatclips(  249): Check for termination: 66 steps left of 100
I/nofatclips(  249): Dispatching new task. 2 more tasks remaining.
D/nofatclips(  249): Performing backup of the old task list on disk
D/nofatclips(  249): Saving task list on disk
V/nofatclips(  249): Backing up trace #320 to disk.
D/dalvikvm(  249): GC_FOR_MALLOC freed 474K, 47% free 5390K/10119K, external 4089K/5106K, paused 46ms
V/nofatclips(  249): Backing up trace #321 to disk.
D/dalvikvm(  249): GC_FOR_MALLOC freed 204K, 47% free 5403K/10119K, external 4089K/5106K, paused 42ms
D/dalvikvm(  249): GC_FOR_MALLOC freed 77K, 46% free 5480K/10119K, external 4089K/5106K, paused 41ms
D/nofatclips(  249): Deleting backup of the old task list from disk
D/nofatclips(  249): Deleting backup of the old activity list from disk
I/nofatclips(  249): Incrementally Playing Trace 321
I/nofatclips(  249): Retrieved from return list id=-1
D/nofatclips(  249): Testing for type (android.widget.LinearLayout) against the original (null)
I/nofatclips(  249): Firing event: type= changeOrientation name= widget=null
I/WindowManager(   61): Setting rotation to 1, animFlags=1
I/ActivityManager(   61): Config changed: { scale=1.0 imsi=310/260 loc=en_US touch=3 keys=2/1/2 nav=1/1 orien=2 layout=18 uiMode=17 seq=9}
I/nofatclips(  249): Waiting for 100 msec.
I/nofatclips(  249): Current activity is EditPost
I/nofatclips(  249): Retrieving widgets
D/nofatclips(  249): Found widget: id=-1 (android.widget.LinearLayout@4055a958)
D/nofatclips(  249): Found widget: id=-1 (android.widget.FrameLayout@40599490)
D/nofatclips(  249): Found widget: id=16908310 (android.widget.TextView@405d2cf8): Katie&#039;s Sweet Testing Blog - New Page
D/nofatclips(  249): Found widget: id=16908290 (android.widget.FrameLayout@405b29d8)
D/nofatclips(  249): Found widget: id=2131165298 (android.widget.ScrollView@406b13a0)
D/nofatclips(  249): Found widget: id=-1 (android.widget.LinearLayout@4056dff0)
D/nofatclips(  249): Found widget: id=2131165209 (android.widget.RelativeLayout@405d6ae0)
D/nofatclips(  249): Found widget: id=2131165210 (android.widget.TextView@405da120): Page Content
D/nofatclips(  249): Found widget: id=2131165236 (android.widget.EditText@40677b88): 
D/nofatclips(  249): Found widget: id=2131165265 (org.wordpress.android.util.WPEditText@40557a28): 
D/nofatclips(  249): Found widget: id=2131165288 (android.widget.RelativeLayout@40607320)
D/nofatclips(  249): Found widget: id=2131165278 (android.widget.TextView@406972b0): Status
D/nofatclips(  249): Found widget: id=2131165279 (android.widget.TextView@406f2490): Status:
D/nofatclips(  249): Found widget: id=2131165280 (android.widget.Spinner@405abcf0)
D/nofatclips(  249): Found widget: id=2131165281 (android.widget.TextView@407c07c8): Publish:
D/nofatclips(  249): Found widget: id=2131165282 (android.widget.TextView@408dd9c8): Immediately
D/nofatclips(  249): Found widget: id=2131165283 (android.widget.Button@408ef460): Edit
D/nofatclips(  249): Found widget: id=2131165266 (android.widget.RelativeLayout@40608530)
D/nofatclips(  249): Found widget: id=2131165216 (android.widget.TextView@408f9390): Password (optional)
D/nofatclips(  249): Found widget: id=2131165286 (android.widget.EditText@407e72f0): 
D/nofatclips(  249): Found widget: id=2131165287 (android.widget.Button@408f0f58): Publish
D/nofatclips(  249): Found widget: id=-1 (com.android.internal.policy.impl.PhoneWindow$DecorView@405f77b0)
V/nicola  (  249): TextualID : null
V/nicola  (  249): ContentType detected : default
V/nicola  (  249): TextualID : l_section1
V/nicola  (  249): ContentType detected : default
V/ReflectionHelper(  249): android.widget.EditText > mOnFocusChangeListener FOUND | NOT ACTIVE
V/nicola  (  249): TextualID : title
V/nicola  (  249): ContentType detected : default
V/ReflectionHelper(  249): org.wordpress.android.util.WPEditText > mOnFocusChangeListener FOUND | ACTIVE
V/nicola  (  249): TextualID : postContent
V/nicola  (  249): ContentType detected : default
V/nicola  (  249): TextualID : l_status
V/nicola  (  249): ContentType detected : default
V/nicola  (  249): TextualID : statusLabel
V/nicola  (  249): ContentType detected : default
V/nicola  (  249): TextualID : pubDateLabel
V/nicola  (  249): ContentType detected : default
V/nicola  (  249): TextualID : pubDate
V/nicola  (  249): ContentType detected : default
V/nicola  (  249): TextualID : pubDateButton
V/nicola  (  249): ContentType detected : default
V/nicola  (  249): TextualID : l_password
V/nicola  (  249): ContentType detected : default
V/ReflectionHelper(  249): android.widget.EditText > mOnFocusChangeListener FOUND | NOT ACTIVE
V/nicola  (  249): TextualID : post_password
V/nicola  (  249): ContentType detected : default
V/nicola  (  249): TextualID : post
V/nicola  (  249): ContentType detected : default
I/nofatclips(  249): Performing comparation for activity EditPost
D/nofatclips(  249): Comparing against activity Dashboard
D/nofatclips(  249): Comparing against activity Settings
D/nofatclips(  249): Comparing against activity Posts
D/nofatclips(  249): Comparing against activity Dashboard
D/nofatclips(  249): Comparing against activity Comments
D/nofatclips(  249): Comparing against activity Posts
D/nofatclips(  249): Comparing against activity Settings
D/nofatclips(  249): Comparing against activity Settings
D/nofatclips(  249): Comparing against activity Read
D/nofatclips(  249): Comparing against activity Comments
D/nofatclips(  249): Comparing against activity Posts
D/nofatclips(  249): Comparing against activity Dashboard
D/nofatclips(  249): Comparing against activity Comments
D/nofatclips(  249): Comparing against activity Comments
D/nofatclips(  249): Comparing against activity Dashboard
D/nofatclips(  249): Comparing against activity Comments
D/nofatclips(  249): Comparing against activity Dashboard
D/nofatclips(  249): Comparing against activity Read
D/nofatclips(  249): Comparing against activity Read
D/nofatclips(  249): Comparing against activity Comments
D/nofatclips(  249): Comparing against activity Comments
D/nofatclips(  249): Comparing against activity Comments
D/nofatclips(  249): Comparing against activity Settings
D/nofatclips(  249): Comparing against activity Read
D/nofatclips(  249): Comparing against activity Read
D/nofatclips(  249): Comparing against activity Settings
D/nofatclips(  249): Comparing against activity Read
D/nofatclips(  249): Comparing against activity Read
D/nofatclips(  249): Comparing against activity Dashboard
D/nofatclips(  249): Comparing against activity Settings
D/nofatclips(  249): Comparing against activity Read
