D/nofatclips(  295): Performing backup of the old task list on disk
D/nofatclips(  295): Saving task list on disk
V/nofatclips(  295): Backing up trace #30 to disk.
V/nofatclips(  295): Backing up trace #31 to disk.
D/nofatclips(  295): Deleting backup of the old task list from disk
D/nofatclips(  295): Deleting backup of the old activity list from disk
I/nofatclips(  295): Incrementally Playing Trace 31
I/nofatclips(  295): Retrieved from return list id=16908290
D/nofatclips(  295): Testing for type (android.widget.FrameLayout) against the original (null)
I/nofatclips(  295): Firing event: type= changeOrientation name= widget=null
D/dalvikvm(  295): GC_CONCURRENT freed 1333K, 54% free 3391K/7367K, external 3265K/3330K, paused 9ms+5ms
W/KeyCharacterMap(  295): No keyboard for id 0
W/KeyCharacterMap(  295): Using default keymap: /system/usr/keychars/qwerty.kcm.bin
I/WindowManager(   61): Setting rotation to 1, animFlags=1
I/ActivityManager(   61): Config changed: { scale=1.0 imsi=310/260 loc=en_US touch=3 keys=2/1/2 nav=1/1 orien=2 layout=18 uiMode=17 seq=5}
I/nofatclips(  295): Waiting for 100 msec.
I/nofatclips(  295): Current activity is EditPost
I/nofatclips(  295): Retrieving widgets
D/nofatclips(  295): Found widget: id=16908290 (android.widget.FrameLayout@405f84c8)
D/nofatclips(  295): Found widget: id=16908666 (com.android.internal.widget.WeightedLinearLayout@40612590)
D/nofatclips(  295): Found widget: id=16908667 (android.widget.LinearLayout@40612808)
D/nofatclips(  295): Found widget: id=16908668 (android.widget.LinearLayout@40636a38)
D/nofatclips(  295): Found widget: id=16908294 (android.widget.ImageView@40636b88)
D/nofatclips(  295): Found widget: id=16908669 (com.android.internal.widget.DialogTitle@40637320): No Content Found
D/nofatclips(  295): Found widget: id=16908670 (android.widget.ImageView@405e2728)
D/nofatclips(  295): Found widget: id=16908671 (android.widget.LinearLayout@406400f0)
D/nofatclips(  295): Found widget: id=16908672 (android.widget.ScrollView@40640318)
D/nofatclips(  295): Found widget: id=16908299 (android.widget.TextView@406432d0): Please enter some post content or attach a media item.
D/nofatclips(  295): Found widget: id=16908673 (android.widget.FrameLayout@40643570)
D/nofatclips(  295): Found widget: id=16908331 (android.widget.FrameLayout@406437b8)
D/nofatclips(  295): Found widget: id=16908674 (android.widget.LinearLayout@40643a20)
D/nofatclips(  295): Found widget: id=-1 (android.widget.LinearLayout@40643c40)
D/nofatclips(  295): Found widget: id=16908675 (android.widget.LinearLayout@405db048)
D/nofatclips(  295): Found widget: id=16908313 (android.widget.Button@405db220): OK
D/nofatclips(  295): Found widget: id=16908315 (android.widget.Button@405f5c20): 
D/nofatclips(  295): Found widget: id=16908314 (android.widget.Button@405f6468): 
D/nofatclips(  295): Found widget: id=16908676 (android.widget.LinearLayout@405fec40)
D/nofatclips(  295): Found widget: id=-1 (com.android.internal.policy.impl.PhoneWindow$DecorView@405f81b8)
V/nicola  (  295): TextualID : null
V/nicola  (  295): ContentType detected : default
V/nicola  (  295): TextualID : null
V/nicola  (  295): ContentType detected : default
V/nicola  (  295): TextualID : null
V/nicola  (  295): ContentType detected : default
I/nofatclips(  295): Performing comparation for activity EditPost
D/nofatclips(  295): Comparing against activity EditPost
D/nofatclips(  295): Comparing against activity EditPost
I/nofatclips(  295): Registering activity EditPost (id: a4) as a new found state
D/nofatclips(  295): Performing backup of the old activity list on disk
D/nofatclips(  295): Saving new found state 'a4' on disk
V/nofatclips(  295): Opening state file in append mode.
D/dalvikvm(  295): GC_EXTERNAL_ALLOC freed 426K, 54% free 3414K/7367K, external 2968K/3330K, paused 171ms
I/nofatclips(  295): Saved image on disk: a4.jpg
I/nofatclips(  295): Waiting for 100 msec.
I/nofatclips(  295): Session count is 1. Will dump to disk at 1
I/nofatclips(  295): Saving the session on disk.
I/nofatclips(  295): Planning for new Activity EditPost
D/nofatclips(  295): Handling event 'click' on widget id=16908313 type=button name=OK
I/nofatclips(  295): Created trace to press the back button
I/nofatclips(  295): Created trace to press the menu button
I/nofatclips(  295): Created trace to change orientation
D/dalvikvm(   61): GC_EXPLICIT freed 543K, 46% free 4148K/7559K, external 1316K/1828K, paused 351ms
I/nofatclips(  295): Check for termination: 97 steps left of 100
I/nofatclips(  295): Dispatching new task. 2 more tasks remaining.
D/nofatclips(  295): Performing backup of the old task list on disk
D/nofatclips(  295): Saving task list on disk
V/nofatclips(  295): Backing up trace #34 to disk.
V/nofatclips(  295): Backing up trace #35 to disk.
D/nofatclips(  295): Deleting backup of the old task list from disk
D/nofatclips(  295): Deleting backup of the old activity list from disk
I/nofatclips(  295): Incrementally Playing Trace 35
I/nofatclips(  295): Retrieved from return list id=16908313
D/nofatclips(  295): Testing for type (android.widget.Button) against the original (android.widget.Button)
D/nofatclips(  295): Testing for name (OK) against the original (OK)
I/nofatclips(  295): Firing event: type= click index=15 widget=android.widget.Button
D/nofatclips(  295): Event description: OK
I/nofatclips(  295): Waiting for 100 msec.
W/InputManagerService(   61): Window already focused, ignoring focus gain of: com.android.internal.view.IInputMethodClient$Stub$Proxy@406a6ea0
I/nofatclips(  295): Current activity is EditPost
I/nofatclips(  295): Retrieving widgets
D/nofatclips(  295): Found widget: id=-1 (android.widget.LinearLayout@4054fe08)
D/nofatclips(  295): Found widget: id=-1 (android.widget.FrameLayout@40536518)
D/nofatclips(  295): Found widget: id=16908310 (android.widget.TextView@4054bc08): Katie&#039;s Sweet Testing Blog - New Page
D/nofatclips(  295): Found widget: id=16908290 (android.widget.FrameLayout@405760a8)
D/nofatclips(  295): Found widget: id=2131165298 (android.widget.ScrollView@40551b30)
D/nofatclips(  295): Found widget: id=-1 (android.widget.LinearLayout@40620450)
D/nofatclips(  295): Found widget: id=2131165209 (android.widget.RelativeLayout@4061bc18)
D/nofatclips(  295): Found widget: id=2131165210 (android.widget.TextView@40596fd0): Page Content
D/nofatclips(  295): Found widget: id=2131165236 (android.widget.EditText@405d40e0): 90
D/nofatclips(  295): Found widget: id=2131165265 (org.wordpress.android.util.WPEditText@405d8008): 
D/nofatclips(  295): Found widget: id=2131165288 (android.widget.RelativeLayout@40539938)
D/nofatclips(  295): Found widget: id=2131165278 (android.widget.TextView@405fc628): Status
D/nofatclips(  295): Found widget: id=2131165279 (android.widget.TextView@405682b0): Status:
D/nofatclips(  295): Found widget: id=2131165280 (android.widget.Spinner@405836b0)
D/nofatclips(  295): Found widget: id=16908308 (android.widget.TextView@405f97e8): Publish
D/nofatclips(  295): Found widget: id=2131165281 (android.widget.TextView@4057fed8): Publish:
D/nofatclips(  295): Found widget: id=2131165282 (android.widget.TextView@405d7100): Immediately
D/nofatclips(  295): Found widget: id=2131165283 (android.widget.Button@405fe190): Edit
D/nofatclips(  295): Found widget: id=2131165266 (android.widget.RelativeLayout@40540848)
D/nofatclips(  295): Found widget: id=2131165216 (android.widget.TextView@40638690): Password (optional)
D/nofatclips(  295): Found widget: id=2131165286 (android.widget.EditText@405e6b20): 45
D/nofatclips(  295): Found widget: id=2131165287 (android.widget.Button@4062cec0): Publish
D/nofatclips(  295): Found widget: id=-1 (com.android.internal.policy.impl.PhoneWindow$DecorView@4052de38)
V/nicola  (  295): TextualID : null
V/nicola  (  295): ContentType detected : default
V/nicola  (  295): TextualID : l_section1
V/nicola  (  295): ContentType detected : default
V/ReflectionHelper(  295): android.widget.EditText > mOnFocusChangeListener FOUND | NOT ACTIVE
V/nicola  (  295): TextualID : title
V/nicola  (  295): ContentType detected : default
V/ReflectionHelper(  295): org.wordpress.android.util.WPEditText > mOnFocusChangeListener FOUND | ACTIVE
V/nicola  (  295): TextualID : postContent
V/nicola  (  295): ContentType detected : default
V/nicola  (  295): TextualID : l_status
V/nicola  (  295): ContentType detected : default
V/nicola  (  295): TextualID : statusLabel
V/nicola  (  295): ContentType detected : default
V/nicola  (  295): TextualID : null
V/nicola  (  295): ContentType detected : default
V/nicola  (  295): TextualID : pubDateLabel
V/nicola  (  295): ContentType detected : default
V/nicola  (  295): TextualID : pubDate
V/nicola  (  295): ContentType detected : default
V/nicola  (  295): TextualID : pubDateButton
V/nicola  (  295): ContentType detected : default
V/nicola  (  295): TextualID : l_password
V/nicola  (  295): ContentType detected : default
V/ReflectionHelper(  295): android.widget.EditText > mOnFocusChangeListener FOUND | NOT ACTIVE
V/nicola  (  295): TextualID : post_password
V/nicola  (  295): ContentType detected : default
V/nicola  (  295): TextualID : post
V/nicola  (  295): ContentType detected : default
I/nofatclips(  295): Performing comparation for activity EditPost
D/nofatclips(  295): Comparing against activity EditPost
D/nofatclips(  295): Comparing against activity EditPost
D/nofatclips(  295): Comparing against activity EditPost
I/nofatclips(  295): Registering activity EditPost (id: a5) as a new found state
D/nofatclips(  295): Performing backup of the old activity list on disk
D/nofatclips(  295): Saving new found state 'a5' on disk
V/nofatclips(  295): Opening state file in append mode.
D/dalvikvm(  295): GC_EXTERNAL_ALLOC freed 1038K, 54% free 3418K/7367K, external 3484K/3843K, paused 155ms
D/dalvikvm(  295): GC_EXTERNAL_ALLOC freed 33K, 55% free 3385K/7367K, external 3266K/3330K, paused 108ms
I/nofatclips(  295): Saved image on disk: a5.jpg
I/nofatclips(  295): Waiting for 100 msec.
I/nofatclips(  295): Session count is 1. Will dump to disk at 1
I/nofatclips(  295): Saving the session on disk.
I/nofatclips(  295): Planning for new Activity EditPost
D/nofatclips(  295): Handling event 'focus' on widget id=2131165265 type=focusableEditText name=Content
D/nofatclips(  295): Handling input 'writeText' on widget id=2131165236 type=editText name=Title
V/nofatclips(  295): Using value: 90
D/nofatclips(  295): Handling input 'writeText' on widget id=2131165286 type=editText name=Password (optional)
V/nofatclips(  295): Using value: 45
D/nofatclips(  295): Handling event selectSpinnerItem for items [1,5] on spinner #2131165280 count=5
D/nofatclips(  295): Handling input 'writeText' on widget id=2131165236 type=editText name=Title
V/nofatclips(  295): Using value: 90
D/nofatclips(  295): Handling input 'writeText' on widget id=2131165286 type=editText name=Password (optional)
V/nofatclips(  295): Using value: 45
D/nofatclips(  295): Handling input 'writeText' on widget id=2131165236 type=editText name=Title
V/nofatclips(  295): Using value: 90
D/nofatclips(  295): Handling input 'writeText' on widget id=2131165286 type=editText name=Password (optional)
V/nofatclips(  295): Using value: 45
D/nofatclips(  295): Handling input 'writeText' on widget id=2131165236 type=editText name=Title
V/nofatclips(  295): Using value: 90
D/nofatclips(  295): Handling input 'writeText' on widget id=2131165286 type=editText name=Password (optional)
V/nofatclips(  295): Using value: 45
D/nofatclips(  295): Handling input 'writeText' on widget id=2131165236 type=editText name=Title
V/nofatclips(  295): Using value: 90
D/nofatclips(  295): Handling input 'writeText' on widget id=2131165286 type=editText name=Password (optional)
V/nofatclips(  295): Using value: 45
D/nofatclips(  295): Handling input 'writeText' on widget id=2131165236 type=editText name=Title
V/nofatclips(  295): Using value: 90
D/nofatclips(  295): Handling input 'writeText' on widget id=2131165286 type=editText name=Password (optional)
V/nofatclips(  295): Using value: 45
D/nofatclips(  295): Handling event 'click' on widget id=2131165283 type=button name=Edit
D/nofatclips(  295): Handling input 'writeText' on widget id=2131165236 type=editText name=Title
V/nofatclips(  295): Using value: 90
D/nofatclips(  295): Handling input 'writeText' on widget id=2131165286 type=editText name=Password (optional)
V/nofatclips(  295): Using value: 45
D/nofatclips(  295): Handling event 'click' on widget id=2131165287 type=button name=Publish
D/nofatclips(  295): Handling input 'writeText' on widget id=2131165236 type=editText name=Title
V/nofatclips(  295): Using value: 90
D/nofatclips(  295): Handling input 'writeText' on widget id=2131165286 type=editText name=Password (optional)
V/nofatclips(  295): Using value: 45
I/nofatclips(  295): Created trace to press the back button
I/nofatclips(  295): Created trace to press the menu button
I/nofatclips(  295): Created trace to change orientation
I/nofatclips(  295): Check for termination: 96 steps left of 100
I/nofatclips(  295): Dispatching new task. 2 more tasks remaining.
D/nofatclips(  295): Performing backup of the old task list on disk
D/nofatclips(  295): Saving task list on disk
V/nofatclips(  295): Backing up trace #45 to disk.
V/nofatclips(  295): Backing up trace #46 to disk.
D/nofatclips(  295): Deleting backup of the old task list from disk
D/nofatclips(  295): Deleting backup of the old activity list from disk
I/nofatclips(  295): Incrementally Playing Trace 46
D/nofatclips(  295): Setting input: type= writeText id=2131165236 value=90
D/nofatclips(  295): Added to return list id=2131165236
I/nofatclips(  295): Retrieved from return list id=2131165236
D/nofatclips(  295): Testing for type (android.widget.EditText) against the original (android.widget.EditText)
D/nofatclips(  295): Testing for name (Title) against the original (Title)
D/dalvikvm(  295): GC_CONCURRENT freed 1326K, 54% free 3434K/7367K, external 3266K/4079K, paused 3ms+3ms
W/KeyCharacterMap(  295): No keyboard for id 0
W/KeyCharacterMap(  295): Using default keymap: /system/usr/keychars/qwerty.kcm.bin
D/nofatclips(  295): Setting input: type= writeText id=2131165286 value=45
D/nofatclips(  295): Added to return list id=2131165286
I/nofatclips(  295): Retrieved from return list id=2131165286
D/nofatclips(  295): Testing for type (android.widget.EditText) against the original (android.widget.EditText)
D/nofatclips(  295): Testing for name (Password (optional)) against the original (Password (optional))
I/nofatclips(  295): Retrieved from return list id=2131165280
D/nofatclips(  295): Testing for type (android.widget.Spinner) against the original (android.widget.Spinner)
D/nofatclips(  295): Testing for name () against the original ()
I/nofatclips(  295): Firing event: type= selectSpinnerItem index=13 widget=android.widget.Spinner
I/nofatclips(  295): Clicking the spinner view
D/nofatclips(  295): Event description: Publish
I/nofatclips(  295): Swapping to listview item 1
D/nofatclips(  295): Event description: Publish
I/nofatclips(  295): Waiting for 100 msec.
W/InputManagerService(   61): Window already focused, ignoring focus gain of: com.android.internal.view.IInputMethodClient$Stub$Proxy@405c19c0
I/nofatclips(  295): Current activity is EditPost
I/nofatclips(  295): Retrieving widgets
D/nofatclips(  295): Found widget: id=-1 (android.widget.LinearLayout@4054fe08)
D/nofatclips(  295): Found widget: id=-1 (android.widget.FrameLayout@40536518)
D/nofatclips(  295): Found widget: id=16908310 (android.widget.TextView@4054bc08): Katie&#039;s Sweet Testing Blog - New Page
D/nofatclips(  295): Found widget: id=16908290 (android.widget.FrameLayout@405760a8)
D/nofatclips(  295): Found widget: id=2131165298 (android.widget.ScrollView@40551b30)
D/nofatclips(  295): Found widget: id=-1 (android.widget.LinearLayout@40620450)
D/nofatclips(  295): Found widget: id=2131165209 (android.widget.RelativeLayout@4061bc18)
D/nofatclips(  295): Found widget: id=2131165210 (android.widget.TextView@40596fd0): Page Content
D/nofatclips(  295): Found widget: id=2131165236 (android.widget.EditText@405d40e0): 90
D/nofatclips(  295): Found widget: id=2131165265 (org.wordpress.android.util.WPEditText@405d8008): 
D/nofatclips(  295): Found widget: id=2131165288 (android.widget.RelativeLayout@40539938)
D/nofatclips(  295): Found widget: id=2131165278 (android.widget.TextView@405fc628): Status
D/nofatclips(  295): Found widget: id=2131165279 (android.widget.TextView@405682b0): Status:
D/nofatclips(  295): Found widget: id=2131165280 (android.widget.Spinner@405836b0)
D/nofatclips(  295): Found widget: id=16908308 (android.widget.TextView@405f97e8): Publish
D/nofatclips(  295): Found widget: id=2131165281 (android.widget.TextView@4057fed8): Publish:
D/nofatclips(  295): Found widget: id=2131165282 (android.widget.TextView@405d7100): Immediately
D/nofatclips(  295): Found widget: id=2131165283 (android.widget.Button@405fe190): Edit
D/nofatclips(  295): Found widget: id=2131165266 (android.widget.RelativeLayout@40540848)
D/nofatclips(  295): Found widget: id=2131165216 (android.widget.TextView@40638690): Password (optional)
D/nofatclips(  295): Found widget: id=2131165286 (android.widget.EditText@405e6b20): 45
D/nofatclips(  295): Found widget: id=2131165287 (android.widget.Button@4062cec0): Publish
D/nofatclips(  295): Found widget: id=-1 (com.android.internal.policy.impl.PhoneWindow$DecorView@4052de38)
V/nicola  (  295): TextualID : null
V/nicola  (  295): ContentType detected : default
V/nicola  (  295): TextualID : l_section1
V/nicola  (  295): ContentType detected : default
V/ReflectionHelper(  295): android.widget.EditText > mOnFocusChangeListener FOUND | NOT ACTIVE
V/nicola  (  295): TextualID : title
V/nicola  (  295): ContentType detected : default
V/ReflectionHelper(  295): org.wordpress.android.util.WPEditText > mOnFocusChangeListener FOUND | ACTIVE
V/nicola  (  295): TextualID : postContent
V/nicola  (  295): ContentType detected : default
V/nicola  (  295): TextualID : l_status
V/nicola  (  295): ContentType detected : default
V/nicola  (  295): TextualID : statusLabel
V/nicola  (  295): ContentType detected : default
V/nicola  (  295): TextualID : null
V/nicola  (  295): ContentType detected : default
V/nicola  (  295): TextualID : pubDateLabel
V/nicola  (  295): ContentType detected : default
V/nicola  (  295): TextualID : pubDate
V/nicola  (  295): ContentType detected : default
V/nicola  (  295): TextualID : pubDateButton
V/nicola  (  295): ContentType detected : default
V/nicola  (  295): TextualID : l_password
V/nicola  (  295): ContentType detected : default
V/ReflectionHelper(  295): android.widget.EditText > mOnFocusChangeListener FOUND | NOT ACTIVE
V/nicola  (  295): TextualID : post_password
V/nicola  (  295): ContentType detected : default
V/nicola  (  295): TextualID : post
V/nicola  (  295): ContentType detected : default
I/nofatclips(  295): Performing comparation for activity EditPost
D/nofatclips(  295): Comparing against activity EditPost
D/nofatclips(  295): Comparing against activity EditPost
D/nofatclips(  295): Comparing against activity EditPost
D/nofatclips(  295): Comparing against activity EditPost
I/nofatclips(  295): Registering activity EditPost (id: a6) as a new found state
D/nofatclips(  295): Performing backup of the old activity list on disk
D/nofatclips(  295): Saving new found state 'a6' on disk
V/nofatclips(  295): Opening state file in append mode.
D/dalvikvm(  295): GC_EXTERNAL_ALLOC freed 823K, 53% free 3499K/7367K, external 2848K/3330K, paused 112ms
D/dalvikvm(  295): GC_EXTERNAL_ALLOC freed 40K, 54% free 3460K/7367K, external 3448K/3556K, paused 108ms
I/nofatclips(  295): Saved image on disk: a6.jpg
I/nofatclips(  295): Waiting for 100 msec.
I/nofatclips(  295): Session count is 1. Will dump to disk at 1
I/nofatclips(  295): Saving the session on disk.
I/nofatclips(  295): Planning for new Activity EditPost
D/nofatclips(  295): Handling event 'focus' on widget id=2131165265 type=focusableEditText name=Content
D/nofatclips(  295): Handling input 'writeText' on widget id=2131165236 type=editText name=Title
V/nofatclips(  295): Using value: 90
D/nofatclips(  295): Handling input 'writeText' on widget id=2131165286 type=editText name=Password (optional)
V/nofatclips(  295): Using value: 45
D/nofatclips(  295): Handling event selectSpinnerItem for items [1,5] on spinner #2131165280 count=5
D/nofatclips(  295): Handling input 'writeText' on widget id=2131165236 type=editText name=Title
V/nofatclips(  295): Using value: 90
D/nofatclips(  295): Handling input 'writeText' on widget id=2131165286 type=editText name=Password (optional)
V/nofatclips(  295): Using value: 45
D/nofatclips(  295): Handling input 'writeText' on widget id=2131165236 type=editText name=Title
V/nofatclips(  295): Using value: 90
D/nofatclips(  295): Handling input 'writeText' on widget id=2131165286 type=editText name=Password (optional)
V/nofatclips(  295): Using value: 45
D/nofatclips(  295): Handling input 'writeText' on widget id=2131165236 type=editText name=Title
V/nofatclips(  295): Using value: 90
D/nofatclips(  295): Handling input 'writeText' on widget id=2131165286 type=editText name=Password (optional)
V/nofatclips(  295): Using value: 45
D/nofatclips(  295): Handling input 'writeText' on widget id=2131165236 type=editText name=Title
V/nofatclips(  295): Using value: 90
D/nofatclips(  295): Handling input 'writeText' on widget id=2131165286 type=editText name=Password (optional)
V/nofatclips(  295): Using value: 45
D/nofatclips(  295): Handling input 'writeText' on widget id=2131165236 type=editText name=Title
V/nofatclips(  295): Using value: 90
D/nofatclips(  295): Handling input 'writeText' on widget id=2131165286 type=editText name=Password (optional)
V/nofatclips(  295): Using value: 45
D/nofatclips(  295): Handling event 'click' on widget id=2131165283 type=button name=Edit
D/nofatclips(  295): Handling input 'writeText' on widget id=2131165236 type=editText name=Title
V/nofatclips(  295): Using value: 90
D/nofatclips(  295): Handling input 'writeText' on widget id=2131165286 type=editText name=Password (optional)
V/nofatclips(  295): Using value: 45
D/nofatclips(  295): Handling event 'click' on widget id=2131165287 type=button name=Publish
D/nofatclips(  295): Handling input 'writeText' on widget id=2131165236 type=editText name=Title
V/nofatclips(  295): Using value: 90
D/nofatclips(  295): Handling input 'writeText' on widget id=2131165286 type=editText name=Password (optional)
V/nofatclips(  295): Using value: 45
I/nofatclips(  295): Created trace to press the back button
I/nofatclips(  295): Created trace to press the menu button
I/nofatclips(  295): Created trace to change orientation
I/nofatclips(  295): Check for termination: 95 steps left of 100
I/nofatclips(  295): Dispatching new task. 2 more tasks remaining.
D/nofatclips(  295): Performing backup of the old task list on disk
D/nofatclips(  295): Saving task list on disk
V/nofatclips(  295): Backing up trace #56 to disk.
V/nofatclips(  295): Backing up trace #57 to disk.
D/dalvikvm(  295): GC_CONCURRENT freed 1356K, 53% free 3533K/7495K, external 3448K/4306K, paused 5ms+4ms
D/nofatclips(  295): Deleting backup of the old task list from disk
D/nofatclips(  295): Deleting backup of the old activity list from disk
I/nofatclips(  295): Incrementally Playing Trace 57
D/nofatclips(  295): Firing event: type= back
W/KeyCharacterMap(  295): No keyboard for id 0
W/KeyCharacterMap(  295): Using default keymap: /system/usr/keychars/qwerty.kcm.bin
I/nofatclips(  295): Waiting for 100 msec.
I/nofatclips(  295): Current activity is EditPost
I/nofatclips(  295): Retrieving widgets
D/nofatclips(  295): Found widget: id=16908290 (android.widget.FrameLayout@4057d898)
D/nofatclips(  295): Found widget: id=16908666 (com.android.internal.widget.WeightedLinearLayout@40585e98)
D/nofatclips(  295): Found widget: id=16908667 (android.widget.LinearLayout@40603f78)
D/nofatclips(  295): Found widget: id=16908668 (android.widget.LinearLayout@4060ea68)
D/nofatclips(  295): Found widget: id=16908294 (android.widget.ImageView@40633f80)
D/nofatclips(  295): Found widget: id=16908669 (com.android.internal.widget.DialogTitle@40571738): Cancel Edit
D/nofatclips(  295): Found widget: id=16908670 (android.widget.ImageView@4065c418)
D/nofatclips(  295): Found widget: id=16908671 (android.widget.LinearLayout@4067ef88)
D/nofatclips(  295): Found widget: id=16908672 (android.widget.ScrollView@4054d110)
D/nofatclips(  295): Found widget: id=16908299 (android.widget.TextView@40586988): Are you sure you want to cancel editing this page?
D/nofatclips(  295): Found widget: id=16908673 (android.widget.FrameLayout@406a7f88)
D/nofatclips(  295): Found widget: id=16908331 (android.widget.FrameLayout@406a9220)
D/nofatclips(  295): Found widget: id=16908674 (android.widget.LinearLayout@406ae250)
D/nofatclips(  295): Found widget: id=-1 (android.widget.LinearLayout@4069e9a0)
D/nofatclips(  295): Found widget: id=16908675 (android.widget.LinearLayout@406aa278)
D/nofatclips(  295): Found widget: id=16908313 (android.widget.Button@406255c8): Yes
D/nofatclips(  295): Found widget: id=16908315 (android.widget.Button@4068b070): 
D/nofatclips(  295): Found widget: id=16908314 (android.widget.Button@405e4028): No
D/nofatclips(  295): Found widget: id=16908676 (android.widget.LinearLayout@406abfd0)
D/nofatclips(  295): Found widget: id=-1 (com.android.internal.policy.impl.PhoneWindow$DecorView@4055c968)
V/nicola  (  295): TextualID : null
V/nicola  (  295): ContentType detected : default
V/nicola  (  295): TextualID : null
V/nicola  (  295): ContentType detected : default
V/nicola  (  295): TextualID : null
V/nicola  (  295): ContentType detected : default
V/nicola  (  295): TextualID : null
V/nicola  (  295): ContentType detected : default
I/nofatclips(  295): Performing comparation for activity EditPost
D/nofatclips(  295): Comparing against activity EditPost
D/nofatclips(  295): Comparing against activity EditPost
D/nofatclips(  295): Comparing against activity EditPost
D/nofatclips(  295): Comparing against activity EditPost
D/nofatclips(  295): Comparing against activity EditPost
I/nofatclips(  295): Registering activity EditPost (id: a7) as a new found state
D/nofatclips(  295): Performing backup of the old activity list on disk
D/nofatclips(  295): Saving new found state 'a7' on disk
V/nofatclips(  295): Opening state file in append mode.
D/dalvikvm(  295): GC_EXTERNAL_ALLOC freed 550K, 53% free 3554K/7495K, external 3211K/3556K, paused 121ms
I/nofatclips(  295): Saved image on disk: a7.jpg
I/nofatclips(  295): Waiting for 100 msec.
I/nofatclips(  295): Session count is 1. Will dump to disk at 1
I/nofatclips(  295): Saving the session on disk.
I/nofatclips(  295): Planning for new Activity EditPost
D/nofatclips(  295): Handling event 'click' on widget id=16908313 type=button name=Yes
D/nofatclips(  295): Handling event 'click' on widget id=16908314 type=button name=No
I/nofatclips(  295): Created trace to press the back button
I/nofatclips(  295): Created trace to press the menu button
I/nofatclips(  295): Created trace to change orientation
I/nofatclips(  295): Check for termination: 94 steps left of 100
I/nofatclips(  295): Dispatching new task. 2 more tasks remaining.
D/nofatclips(  295): Performing backup of the old task list on disk
D/nofatclips(  295): Saving task list on disk
V/nofatclips(  295): Backing up trace #61 to disk.
V/nofatclips(  295): Backing up trace #62 to disk.
D/nofatclips(  295): Deleting backup of the old task list from disk
D/nofatclips(  295): Deleting backup of the old activity list from disk
I/nofatclips(  295): Incrementally Playing Trace 62
I/nofatclips(  295): Retrieved from return list id=16908314
D/nofatclips(  295): Testing for type (android.widget.Button) against the original (android.widget.Button)
D/nofatclips(  295): Testing for name (No) against the original (No)
I/nofatclips(  295): Firing event: type= click index=17 widget=android.widget.Button
W/KeyCharacterMap(  295): No keyboard for id 0
W/KeyCharacterMap(  295): Using default keymap: /system/usr/keychars/qwerty.kcm.bin
D/nofatclips(  295): Event description: No
I/nofatclips(  295): Waiting for 100 msec.
W/InputManagerService(   61): Window already focused, ignoring focus gain of: com.android.internal.view.IInputMethodClient$Stub$Proxy@40599940
I/nofatclips(  295): Current activity is EditPost
I/nofatclips(  295): Retrieving widgets
D/nofatclips(  295): Found widget: id=-1 (android.widget.LinearLayout@4054fe08)
D/nofatclips(  295): Found widget: id=-1 (android.widget.FrameLayout@40536518)
D/nofatclips(  295): Found widget: id=16908310 (android.widget.TextView@4054bc08): Katie&#039;s Sweet Testing Blog - New Page
D/nofatclips(  295): Found widget: id=16908290 (android.widget.FrameLayout@405760a8)
D/nofatclips(  295): Found widget: id=2131165298 (android.widget.ScrollView@40551b30)
D/nofatclips(  295): Found widget: id=-1 (android.widget.LinearLayout@40620450)
D/nofatclips(  295): Found widget: id=2131165209 (android.widget.RelativeLayout@4061bc18)
D/nofatclips(  295): Found widget: id=2131165210 (android.widget.TextView@40596fd0): Page Content
D/nofatclips(  295): Found widget: id=2131165236 (android.widget.EditText@405d40e0): 90
D/nofatclips(  295): Found widget: id=2131165265 (org.wordpress.android.util.WPEditText@405d8008): 
D/nofatclips(  295): Found widget: id=2131165288 (android.widget.RelativeLayout@40539938)
D/nofatclips(  295): Found widget: id=2131165278 (android.widget.TextView@405fc628): Status
D/nofatclips(  295): Found widget: id=2131165279 (android.widget.TextView@405682b0): Status:
D/nofatclips(  295): Found widget: id=2131165280 (android.widget.Spinner@405836b0)
D/nofatclips(  295): Found widget: id=16908308 (android.widget.TextView@405f97e8): Publish
D/nofatclips(  295): Found widget: id=2131165281 (android.widget.TextView@4057fed8): Publish:
D/nofatclips(  295): Found widget: id=2131165282 (android.widget.TextView@405d7100): Immediately
D/nofatclips(  295): Found widget: id=2131165283 (android.widget.Button@405fe190): Edit
D/nofatclips(  295): Found widget: id=2131165266 (android.widget.RelativeLayout@40540848)
D/nofatclips(  295): Found widget: id=2131165216 (android.widget.TextView@40638690): Password (optional)
D/nofatclips(  295): Found widget: id=2131165286 (android.widget.EditText@405e6b20): 45
D/nofatclips(  295): Found widget: id=2131165287 (android.widget.Button@4062cec0): Publish
D/nofatclips(  295): Found widget: id=-1 (com.android.internal.policy.impl.PhoneWindow$DecorView@4052de38)
V/nicola  (  295): TextualID : null
V/nicola  (  295): ContentType detected : default
V/nicola  (  295): TextualID : l_section1
V/nicola  (  295): ContentType detected : default
V/ReflectionHelper(  295): android.widget.EditText > mOnFocusChangeListener FOUND | NOT ACTIVE
V/nicola  (  295): TextualID : title
V/nicola  (  295): ContentType detected : default
V/ReflectionHelper(  295): org.wordpress.android.util.WPEditText > mOnFocusChangeListener FOUND | ACTIVE
V/nicola  (  295): TextualID : postContent
V/nicola  (  295): ContentType detected : default
V/nicola  (  295): TextualID : l_status
V/nicola  (  295): ContentType detected : default
V/nicola  (  295): TextualID : statusLabel
V/nicola  (  295): ContentType detected : default
V/nicola  (  295): TextualID : null
V/nicola  (  295): ContentType detected : default
V/nicola  (  295): TextualID : pubDateLabel
V/nicola  (  295): ContentType detected : default
V/nicola  (  295): TextualID : pubDate
V/nicola  (  295): ContentType detected : default
V/nicola  (  295): TextualID : pubDateButton
V/nicola  (  295): ContentType detected : default
V/nicola  (  295): TextualID : l_password
V/nicola  (  295): ContentType detected : default
V/ReflectionHelper(  295): android.widget.EditText > mOnFocusChangeListener FOUND | NOT ACTIVE
V/nicola  (  295): TextualID : post_password
V/nicola  (  295): ContentType detected : default
V/nicola  (  295): TextualID : post
V/nicola  (  295): ContentType detected : default
I/nofatclips(  295): Performing comparation for activity EditPost
D/nofatclips(  295): Comparing against activity EditPost
D/nofatclips(  295): Comparing against activity EditPost
D/nofatclips(  295): Comparing against activity EditPost
D/nofatclips(  295): Comparing against activity EditPost
D/nofatclips(  295): Comparing against activity EditPost
D/nofatclips(  295): Comparing against activity EditPost
I/nofatclips(  295): Registering activity EditPost (id: a8) as a new found state
D/nofatclips(  295): Performing backup of the old activity list on disk
D/nofatclips(  295): Saving new found state 'a8' on disk
V/nofatclips(  295): Opening state file in append mode.
I/nofatclips(  295): Saved image on disk: a8.jpg
I/nofatclips(  295): Waiting for 100 msec.
I/nofatclips(  295): Session count is 1. Will dump to disk at 1
I/nofatclips(  295): Saving the session on disk.
I/nofatclips(  295): Planning for new Activity EditPost
D/nofatclips(  295): Handling event 'focus' on widget id=2131165265 type=focusableEditText name=Content
D/nofatclips(  295): Handling input 'writeText' on widget id=2131165236 type=editText name=Title
V/nofatclips(  295): Using value: 90
D/nofatclips(  295): Handling input 'writeText' on widget id=2131165286 type=editText name=Password (optional)
V/nofatclips(  295): Using value: 45
D/dalvikvm(  295): GC_CONCURRENT freed 1433K, 53% free 3648K/7687K, external 4174K/4463K, paused 9ms+11ms
D/nofatclips(  295): Handling event selectSpinnerItem for items [1,5] on spinner #2131165280 count=5
D/nofatclips(  295): Handling input 'writeText' on widget id=2131165236 type=editText name=Title
V/nofatclips(  295): Using value: 90
D/nofatclips(  295): Handling input 'writeText' on widget id=2131165286 type=editText name=Password (optional)
V/nofatclips(  295): Using value: 45
D/nofatclips(  295): Handling input 'writeText' on widget id=2131165236 type=editText name=Title
V/nofatclips(  295): Using value: 90
D/nofatclips(  295): Handling input 'writeText' on widget id=2131165286 type=editText name=Password (optional)
V/nofatclips(  295): Using value: 45
D/nofatclips(  295): Handling input 'writeText' on widget id=2131165236 type=editText name=Title
V/nofatclips(  295): Using value: 90
D/nofatclips(  295): Handling input 'writeText' on widget id=2131165286 type=editText name=Password (optional)
V/nofatclips(  295): Using value: 45
D/nofatclips(  295): Handling input 'writeText' on widget id=2131165236 type=editText name=Title
V/nofatclips(  295): Using value: 90
D/nofatclips(  295): Handling input 'writeText' on widget id=2131165286 type=editText name=Password (optional)
V/nofatclips(  295): Using value: 45
D/nofatclips(  295): Handling input 'writeText' on widget id=2131165236 type=editText name=Title
V/nofatclips(  295): Using value: 90
D/nofatclips(  295): Handling input 'writeText' on widget id=2131165286 type=editText name=Password (optional)
V/nofatclips(  295): Using value: 45
D/nofatclips(  295): Handling event 'click' on widget id=2131165283 type=button name=Edit
D/nofatclips(  295): Handling input 'writeText' on widget id=2131165236 type=editText name=Title
V/nofatclips(  295): Using value: 90
D/nofatclips(  295): Handling input 'writeText' on widget id=2131165286 type=editText name=Password (optional)
V/nofatclips(  295): Using value: 45
D/nofatclips(  295): Handling event 'click' on widget id=2131165287 type=button name=Publish
D/nofatclips(  295): Handling input 'writeText' on widget id=2131165236 type=editText name=Title
V/nofatclips(  295): Using value: 90
D/nofatclips(  295): Handling input 'writeText' on widget id=2131165286 type=editText name=Password (optional)
V/nofatclips(  295): Using value: 45
I/nofatclips(  295): Created trace to press the back button
I/nofatclips(  295): Created trace to press the menu button
I/nofatclips(  295): Created trace to change orientation
I/nofatclips(  295): Check for termination: 93 steps left of 100
I/nofatclips(  295): Dispatching new task. 2 more tasks remaining.
D/nofatclips(  295): Performing backup of the old task list on disk
D/nofatclips(  295): Saving task list on disk
V/nofatclips(  295): Backing up trace #72 to disk.
V/nofatclips(  295): Backing up trace #73 to disk.
D/nofatclips(  295): Deleting backup of the old task list from disk
D/nofatclips(  295): Deleting backup of the old activity list from disk
I/nofatclips(  295): Incrementally Playing Trace 73
I/nofatclips(  295): Retrieved from return list id=-1
D/nofatclips(  295): Testing for type (android.widget.LinearLayout) against the original (null)
I/nofatclips(  295): Firing event: type= openMenu name= widget=null
W/KeyCharacterMap(  295): No keyboard for id 0
W/KeyCharacterMap(  295): Using default keymap: /system/usr/keychars/qwerty.kcm.bin
I/nofatclips(  295): Waiting for 100 msec.
I/nofatclips(  295): Current activity is EditPost
I/nofatclips(  295): Retrieving widgets
D/nofatclips(  295): Found widget: id=-1 (android.widget.LinearLayout@4054fe08)
D/nofatclips(  295): Found widget: id=-1 (android.widget.FrameLayout@40536518)
D/nofatclips(  295): Found widget: id=16908310 (android.widget.TextView@4054bc08): Katie&#039;s Sweet Testing Blog - New Page
D/nofatclips(  295): Found widget: id=16908290 (android.widget.FrameLayout@405760a8)
D/nofatclips(  295): Found widget: id=2131165298 (android.widget.ScrollView@40551b30)
D/nofatclips(  295): Found widget: id=-1 (android.widget.LinearLayout@40620450)
D/nofatclips(  295): Found widget: id=2131165209 (android.widget.RelativeLayout@4061bc18)
D/nofatclips(  295): Found widget: id=2131165210 (android.widget.TextView@40596fd0): Page Content
D/nofatclips(  295): Found widget: id=2131165236 (android.widget.EditText@405d40e0): 90
D/nofatclips(  295): Found widget: id=2131165265 (org.wordpress.android.util.WPEditText@405d8008): 
D/nofatclips(  295): Found widget: id=2131165288 (android.widget.RelativeLayout@40539938)
D/nofatclips(  295): Found widget: id=2131165278 (android.widget.TextView@405fc628): Status
D/nofatclips(  295): Found widget: id=2131165279 (android.widget.TextView@405682b0): Status:
D/nofatclips(  295): Found widget: id=2131165280 (android.widget.Spinner@405836b0)
D/nofatclips(  295): Found widget: id=16908308 (android.widget.TextView@405f97e8): Publish
D/nofatclips(  295): Found widget: id=2131165281 (android.widget.TextView@4057fed8): Publish:
D/nofatclips(  295): Found widget: id=2131165282 (android.widget.TextView@405d7100): Immediately
D/nofatclips(  295): Found widget: id=2131165283 (android.widget.Button@405fe190): Edit
D/nofatclips(  295): Found widget: id=2131165266 (android.widget.RelativeLayout@40540848)
D/nofatclips(  295): Found widget: id=2131165216 (android.widget.TextView@40638690): Password (optional)
D/nofatclips(  295): Found widget: id=2131165286 (android.widget.EditText@405e6b20): 45
D/nofatclips(  295): Found widget: id=2131165287 (android.widget.Button@4062cec0): Publish
D/nofatclips(  295): Found widget: id=-1 (com.android.internal.policy.impl.PhoneWindow$DecorView@4052de38)
V/nicola  (  295): TextualID : null
V/nicola  (  295): ContentType detected : default
V/nicola  (  295): TextualID : l_section1
V/nicola  (  295): ContentType detected : default
D/dalvikvm(  295): GC_CONCURRENT freed 1826K, 55% free 3639K/8071K, external 2848K/3556K, paused 14ms+17ms
V/ReflectionHelper(  295): android.widget.EditText > mOnFocusChangeListener FOUND | NOT ACTIVE
V/nicola  (  295): TextualID : title
V/nicola  (  295): ContentType detected : default
V/ReflectionHelper(  295): org.wordpress.android.util.WPEditText > mOnFocusChangeListener FOUND | ACTIVE
V/nicola  (  295): TextualID : postContent
V/nicola  (  295): ContentType detected : default
V/nicola  (  295): TextualID : l_status
V/nicola  (  295): ContentType detected : default
V/nicola  (  295): TextualID : statusLabel
V/nicola  (  295): ContentType detected : default
V/nicola  (  295): TextualID : null
V/nicola  (  295): ContentType detected : default
V/nicola  (  295): TextualID : pubDateLabel
V/nicola  (  295): ContentType detected : default
V/nicola  (  295): TextualID : pubDate
V/nicola  (  295): ContentType detected : default
V/nicola  (  295): TextualID : pubDateButton
V/nicola  (  295): ContentType detected : default
V/nicola  (  295): TextualID : l_password
V/nicola  (  295): ContentType detected : default
V/ReflectionHelper(  295): android.widget.EditText > mOnFocusChangeListener FOUND | NOT ACTIVE
V/nicola  (  295): TextualID : post_password
V/nicola  (  295): ContentType detected : default
V/nicola  (  295): TextualID : post
V/nicola  (  295): ContentType detected : default
I/nofatclips(  295): Performing comparation for activity EditPost
D/nofatclips(  295): Comparing against activity EditPost
D/nofatclips(  295): Comparing against activity EditPost
D/nofatclips(  295): Comparing against activity EditPost
D/nofatclips(  295): Comparing against activity EditPost
D/nofatclips(  295): Comparing against activity EditPost
D/nofatclips(  295): Comparing against activity EditPost
D/nofatclips(  295): Comparing against activity EditPost
I/nofatclips(  295): Registering activity EditPost (id: a9) as a new found state
D/nofatclips(  295): Performing backup of the old activity list on disk
D/nofatclips(  295): Saving new found state 'a9' on disk
V/nofatclips(  295): Opening state file in append mode.
I/nofatclips(  295): Saved image on disk: a9.jpg
I/nofatclips(  295): Waiting for 100 msec.
I/nofatclips(  295): Session count is 1. Will dump to disk at 1
I/nofatclips(  295): Saving the session on disk.
I/nofatclips(  295): Planning for new Activity EditPost
D/nofatclips(  295): Handling event 'focus' on widget id=2131165265 type=focusableEditText name=Content
D/nofatclips(  295): Handling input 'writeText' on widget id=2131165236 type=editText name=Title
V/nofatclips(  295): Using value: 90
D/nofatclips(  295): Handling input 'writeText' on widget id=2131165286 type=editText name=Password (optional)
V/nofatclips(  295): Using value: 45
D/nofatclips(  295): Handling event selectSpinnerItem for items [1,5] on spinner #2131165280 count=5
D/nofatclips(  295): Handling input 'writeText' on widget id=2131165236 type=editText name=Title
V/nofatclips(  295): Using value: 90
D/nofatclips(  295): Handling input 'writeText' on widget id=2131165286 type=editText name=Password (optional)
V/nofatclips(  295): Using value: 45
D/nofatclips(  295): Handling input 'writeText' on widget id=2131165236 type=editText name=Title
V/nofatclips(  295): Using value: 90
D/nofatclips(  295): Handling input 'writeText' on widget id=2131165286 type=editText name=Password (optional)
V/nofatclips(  295): Using value: 45
D/nofatclips(  295): Handling input 'writeText' on widget id=2131165236 type=editText name=Title
V/nofatclips(  295): Using value: 90
D/nofatclips(  295): Handling input 'writeText' on widget id=2131165286 type=editText name=Password (optional)
V/nofatclips(  295): Using value: 45
D/nofatclips(  295): Handling input 'writeText' on widget id=2131165236 type=editText name=Title
V/nofatclips(  295): Using value: 90
D/nofatclips(  295): Handling input 'writeText' on widget id=2131165286 type=editText name=Password (optional)
V/nofatclips(  295): Using value: 45
D/nofatclips(  295): Handling input 'writeText' on widget id=2131165236 type=editText name=Title
V/nofatclips(  295): Using value: 90
D/nofatclips(  295): Handling input 'writeText' on widget id=2131165286 type=editText name=Password (optional)
V/nofatclips(  295): Using value: 45
D/nofatclips(  295): Handling event 'click' on widget id=2131165283 type=button name=Edit
D/nofatclips(  295): Handling input 'writeText' on widget id=2131165236 type=editText name=Title
V/nofatclips(  295): Using value: 90
D/nofatclips(  295): Handling input 'writeText' on widget id=2131165286 type=editText name=Password (optional)
V/nofatclips(  295): Using value: 45
D/nofatclips(  295): Handling event 'click' on widget id=2131165287 type=button name=Publish
D/nofatclips(  295): Handling input 'writeText' on widget id=2131165236 type=editText name=Title
V/nofatclips(  295): Using value: 90
D/nofatclips(  295): Handling input 'writeText' on widget id=2131165286 type=editText name=Password (optional)
V/nofatclips(  295): Using value: 45
I/nofatclips(  295): Created trace to press the back button
I/nofatclips(  295): Created trace to press the menu button
I/nofatclips(  295): Created trace to change orientation
D/dalvikvm(  295): GC_CONCURRENT freed 1280K, 55% free 3681K/8071K, external 3448K/3556K, paused 5ms+6ms
I/nofatclips(  295): Check for termination: 92 steps left of 100
I/nofatclips(  295): Dispatching new task. 2 more tasks remaining.
D/nofatclips(  295): Performing backup of the old task list on disk
D/nofatclips(  295): Saving task list on disk
V/nofatclips(  295): Backing up trace #83 to disk.
V/nofatclips(  295): Backing up trace #84 to disk.
D/nofatclips(  295): Deleting backup of the old task list from disk
D/nofatclips(  295): Deleting backup of the old activity list from disk
I/nofatclips(  295): Incrementally Playing Trace 84
D/nofatclips(  295): Setting input: type= writeText id=2131165236 value=90
D/nofatclips(  295): Added to return list id=2131165236
I/nofatclips(  295): Retrieved from return list id=2131165236
D/nofatclips(  295): Testing for type (android.widget.EditText) against the original (android.widget.EditText)
D/nofatclips(  295): Testing for name (Title) against the original (Title)
W/KeyCharacterMap(  295): No keyboard for id 0
W/KeyCharacterMap(  295): Using default keymap: /system/usr/keychars/qwerty.kcm.bin
D/nofatclips(  295): Setting input: type= writeText id=2131165286 value=45
D/nofatclips(  295): Added to return list id=2131165286
I/nofatclips(  295): Retrieved from return list id=2131165286
D/nofatclips(  295): Testing for type (android.widget.EditText) against the original (android.widget.EditText)
D/nofatclips(  295): Testing for name (Password (optional)) against the original (Password (optional))
I/nofatclips(  295): Retrieved from return list id=2131165280
D/nofatclips(  295): Testing for type (android.widget.Spinner) against the original (android.widget.Spinner)
D/nofatclips(  295): Testing for name () against the original ()
I/nofatclips(  295): Firing event: type= selectSpinnerItem index=13 widget=android.widget.Spinner
I/nofatclips(  295): Clicking the spinner view
D/nofatclips(  295): Event description: Publish
I/nofatclips(  295): Swapping to listview item 2
D/nofatclips(  295): Event description: Draft
I/nofatclips(  295): Waiting for 100 msec.
W/InputManagerService(   61): Window already focused, ignoring focus gain of: com.android.internal.view.IInputMethodClient$Stub$Proxy@4073a608
I/nofatclips(  295): Current activity is EditPost
I/nofatclips(  295): Retrieving widgets
D/nofatclips(  295): Found widget: id=-1 (android.widget.LinearLayout@4054fe08)
D/nofatclips(  295): Found widget: id=-1 (android.widget.FrameLayout@40536518)
D/nofatclips(  295): Found widget: id=16908310 (android.widget.TextView@4054bc08): Katie&#039;s Sweet Testing Blog - New Page
D/nofatclips(  295): Found widget: id=16908290 (android.widget.FrameLayout@405760a8)
D/nofatclips(  295): Found widget: id=2131165298 (android.widget.ScrollView@40551b30)
D/nofatclips(  295): Found widget: id=-1 (android.widget.LinearLayout@40620450)
D/nofatclips(  295): Found widget: id=2131165209 (android.widget.RelativeLayout@4061bc18)
D/nofatclips(  295): Found widget: id=2131165210 (android.widget.TextView@40596fd0): Page Content
D/nofatclips(  295): Found widget: id=2131165236 (android.widget.EditText@405d40e0): 90
D/nofatclips(  295): Found widget: id=2131165265 (org.wordpress.android.util.WPEditText@405d8008): 
D/nofatclips(  295): Found widget: id=2131165288 (android.widget.RelativeLayout@40539938)
D/nofatclips(  295): Found widget: id=2131165278 (android.widget.TextView@405fc628): Status
D/nofatclips(  295): Found widget: id=2131165279 (android.widget.TextView@405682b0): Status:
D/nofatclips(  295): Found widget: id=2131165280 (android.widget.Spinner@405836b0)
D/nofatclips(  295): Found widget: id=16908308 (android.widget.TextView@405da6c8): Draft
D/nofatclips(  295): Found widget: id=2131165281 (android.widget.TextView@4057fed8): Publish:
D/nofatclips(  295): Found widget: id=2131165282 (android.widget.TextView@405d7100): Immediately
D/nofatclips(  295): Found widget: id=2131165283 (android.widget.Button@405fe190): Edit
D/nofatclips(  295): Found widget: id=2131165266 (android.widget.RelativeLayout@40540848)
D/nofatclips(  295): Found widget: id=2131165216 (android.widget.TextView@40638690): Password (optional)
D/nofatclips(  295): Found widget: id=2131165286 (android.widget.EditText@405e6b20): 45
D/nofatclips(  295): Found widget: id=2131165287 (android.widget.Button@4062cec0): Save
D/nofatclips(  295): Found widget: id=-1 (com.android.internal.policy.impl.PhoneWindow$DecorView@4052de38)
V/nicola  (  295): TextualID : null
V/nicola  (  295): ContentType detected : default
V/nicola  (  295): TextualID : l_section1
V/nicola  (  295): ContentType detected : default
