I/ActivityThread(  221): Pub com.android.quicksearchbox.shortcuts: com.android.quicksearchbox.ShortcutsProvider
I/ActivityManager(   61): Start proc android.process.media for broadcast com.android.providers.downloads/.DownloadReceiver: pid=230 uid=10000 gids={1015, 1006, 2001, 3003}
I/ActivityThread(  230): Pub media: com.android.providers.media.MediaProvider
V/MediaProvider(  230): Attached volume: internal
I/ActivityThread(  230): Pub downloads: com.android.providers.downloads.DownloadProvider
I/ActivityThread(  230): Pub drm: com.android.providers.drm.DrmProvider
D/dalvikvm(  134): GC_EXTERNAL_ALLOC freed 175K, 49% free 2957K/5767K, external 2618K/2620K, paused 44ms
I/SurfaceFlinger(   61): Boot is finished (10949 ms)
D/OtaStartupReceiver(  121): Not a CDMA phone, no need to process OTA
D/PowerManagerService(   61): bootCompleted
I/ARMAssembler(   61): generated scanline__00000177:03010104_00000002_00000000 [ 44 ipp] (66 ins) at [0x46efd290:0x46efd398] in 640624 ns
D/VoldCmdListener(   29): volume mount /mnt/sdcard
I/Vold    (   29): /dev/block/vold/179:0 being considered for volume sdcard
D/Vold    (   29): Volume sdcard state changing 1 (Idle-Unmounted) -> 3 (Checking)
I/StorageNotification(  123): Media {/mnt/sdcard} state changed from {unmounted} -> {checking}
I/ARMAssembler(   61): generated scanline__00000177:03515104_00000001_00000000 [ 73 ipp] (95 ins) at [0x46efd3a0:0x46efd51c] in 615820 ns
I/RecoverySystem(   61): No recovery log file
I/ActivityManager(   61): Start proc com.android.mms for broadcast com.android.mms/.transaction.MmsSystemEventReceiver: pid=253 uid=10015 gids={3003, 1015}
I/SearchManagerService(   61): Building list of searchable activities
I/ActivityThread(  253): Pub com.android.mms.SuggestionsProvider: com.android.mms.SuggestionsProvider
I/InputReader(   61): Device reconfigured: id=0x0, name=qwerty2, display size is now 320x480
I/InputManager-Callbacks(   61): No virtual keys found for device qwerty2.
D/AndroidRuntime(  256): 
D/AndroidRuntime(  256): >>>>>> AndroidRuntime START com.android.internal.os.RuntimeInit <<<<<<
D/AndroidRuntime(  256): CheckJNI is ON
I/ARMAssembler(   61): generated scanline__00000177:03515104_00001001_00000000 [ 91 ipp] (114 ins) at [0x46efd520:0x46efd6e8] in 594865 ns
I/ActivityManager(   61): Start proc com.android.email for broadcast com.android.email/.service.EmailBroadcastReceiver: pid=275 uid=10028 gids={3003, 1015}
I/ActivityManager(   61): Displayed com.android.launcher/com.android.launcher2.Launcher: +9s803ms
D/dalvikvm(   61): GC_CONCURRENT freed 767K, 45% free 4173K/7559K, external 1865K/3065K, paused 3ms+5ms
I/ActivityThread(  275): Pub com.android.email.provider: com.android.email.provider.EmailProvider
I/ActivityThread(  275): Pub com.android.email.attachmentprovider: com.android.email.provider.AttachmentProvider
I/ActivityThread(  275): Pub com.android.exchange.provider: com.android.exchange.provider.ExchangeProvider
D/EAS SyncManager(  275): !!! EAS SyncManager, onCreate
D/AndroidRuntime(  256): Calling main entry com.android.commands.am.Am
I/ActivityManager(   61): Force stopping package org.wordpress.android uid=10034
I/ActivityManager(   61): Start proc org.wordpress.android for added application org.wordpress.android: pid=295 uid=10034 gids={3003, 1006, 1015}
D/szipinf (  295): Initializing inflate state
D/nofatclips(  295): Updating node 
D/nofatclips(  295): Loading node 
I/nofatclips(  295): Preferences file found.
V/nofatclips(  295): Updating value ACTIVITY_DESCRIPTION_IN_SESSION
V/nofatclips(  295): Updating value ADDITIONAL_CRITERIAS
V/nofatclips(  295): Updating value ADDITIONAL_EVENTS
V/nofatclips(  295): Updating value ADDITIONAL_INPUTS
V/nofatclips(  295): Updating value CLASS_NAME
D/nofatclips(  295): Updated value of parameter CLASS_NAME to org.wordpress.android.Dashboard (default = app.package.class)
V/nofatclips(  295): Updating value ENABLE_RESUME
V/nofatclips(  295): Updating value PACKAGE_NAME
D/nofatclips(  295): Updated value of parameter PACKAGE_NAME to org.wordpress.android (default = app.package)
V/nofatclips(  295): Updating value RANDOM_SEED
D/nofatclips(  295): Updated value of parameter RANDOM_SEED to 3078350035399420658 (default = 5466516511651561651)
V/nofatclips(  295): Updating value RETRY_FAILED_TRACES
V/nofatclips(  295): Updating value theClass
D/dalvikvm(   61): GC_EXPLICIT freed 151K, 46% free 4119K/7559K, external 1865K/3065K, paused 592ms
D/nofatclips(  295): Updating node scheduler
D/nofatclips(  295): Loading node scheduler
V/nofatclips(  295): Updating value ALL_EVENTS_ON_PREFERENCES
V/nofatclips(  295): Updating value BACK_BUTTON_EVENT
V/nofatclips(  295): Updating value DICTIONARY_FIXED_VALUE
V/nofatclips(  295): Updating value DICTIONARY_IGNORE_CONTENT_TYPES
V/nofatclips(  295): Updating value EMULATOR_PORT
V/nofatclips(  295): Updating value EVENTS
D/nofatclips(  295): Updated values of array parameter EVENTS
V/nofatclips(  295): Updating value EVENT_WHEN_NO_ID
V/nofatclips(  295): Updating value EXCLUDE_WIDGETS_INPUTS_IN_GPS_EVENTS
V/nofatclips(  295): Updating value EXCLUDE_WIDGETS_INPUTS_IN_SENSORS_EVENTS
V/nofatclips(  295): Updating value INPUTS
D/nofatclips(  295): Updated values of array parameter INPUTS
V/nofatclips(  295): Updating value KEY_EVENTS
V/nofatclips(  295): Updating value MAX_EVENTS_PER_WIDGET
V/nofatclips(  295): Updating value MAX_TASKS_IN_SCHEDULER
D/nofatclips(  295): Updated value of parameter MAX_TASKS_IN_SCHEDULER to 2 (default = 0)
V/nofatclips(  295): Updating value MAX_TASKS_PER_EVENT
V/nofatclips(  295): Updating value MENU_EVENTS
V/nofatclips(  295): Updating value ORIENTATION_EVENTS
V/nofatclips(  295): Updating value PLANNER
V/nofatclips(  295): Updating value REFLECT_ACTIVITY_LISTENERS
V/nofatclips(  295): Updating value REFLECT_WIDGETS
V/nofatclips(  295): Updating value SCHEDULER_ALGORITHM
D/nofatclips(  295): Updated value of parameter SCHEDULER_ALGORITHM to DEPTH_FIRST (default = BREADTH_FIRST)
V/nofatclips(  295): Updating value SCROLL_DOWN_EVENT
V/nofatclips(  295): Updating value SENSOR_TYPES
V/nofatclips(  295): Updating value SIMULATE_INCOMING_CALL
V/nofatclips(  295): Updating value SIMULATE_INCOMING_SMS
V/nofatclips(  295): Updating value TAB_EVENTS_START_ONLY
V/nofatclips(  295): Updating value TEST_LOCATION_PROVIDER
V/nofatclips(  295): Updating value TEXT_VALUES_FROM_DICTIONARY
V/nofatclips(  295): Updating value TEXT_VALUES_ID_HASH
V/nofatclips(  295): Updating value USE_GPS
V/nofatclips(  295): Updating value USE_SENSORS
D/nofatclips(  295): Updating node planner
D/nofatclips(  295): Loading node planner
V/nofatclips(  295): Updating value ALL_EVENTS_ON_PREFERENCES
V/nofatclips(  295): Updating value BACK_BUTTON_EVENT
V/nofatclips(  295): Updating value DICTIONARY_FIXED_VALUE
V/nofatclips(  295): Updating value DICTIONARY_IGNORE_CONTENT_TYPES
V/nofatclips(  295): Updating value EMULATOR_PORT
V/nofatclips(  295): Updating value EVENTS
D/nofatclips(  295): Updated values of array parameter EVENTS
V/nofatclips(  295): Updating value EVENT_WHEN_NO_ID
V/nofatclips(  295): Updating value EXCLUDE_WIDGETS_INPUTS_IN_GPS_EVENTS
V/nofatclips(  295): Updating value EXCLUDE_WIDGETS_INPUTS_IN_SENSORS_EVENTS
V/nofatclips(  295): Updating value INPUTS
D/nofatclips(  295): Updated values of array parameter INPUTS
V/nofatclips(  295): Updating value KEY_EVENTS
V/nofatclips(  295): Updating value MAX_EVENTS_PER_WIDGET
V/nofatclips(  295): Updating value MAX_TASKS_IN_SCHEDULER
V/nofatclips(  295): Updating value MAX_TASKS_PER_EVENT
V/nofatclips(  295): Updating value MENU_EVENTS
V/nofatclips(  295): Updating value ORIENTATION_EVENTS
V/nofatclips(  295): Updating value PLANNER
V/nofatclips(  295): Updating value REFLECT_ACTIVITY_LISTENERS
V/nofatclips(  295): Updating value REFLECT_WIDGETS
V/nofatclips(  295): Updating value SCHEDULER_ALGORITHM
V/nofatclips(  295): Updating value SCROLL_DOWN_EVENT
V/nofatclips(  295): Updating value SENSOR_TYPES
V/nofatclips(  295): Updating value SIMULATE_INCOMING_CALL
V/nofatclips(  295): Updating value SIMULATE_INCOMING_SMS
V/nofatclips(  295): Updating value TAB_EVENTS_START_ONLY
V/nofatclips(  295): Updating value TEST_LOCATION_PROVIDER
V/nofatclips(  295): Updating value TEXT_VALUES_FROM_DICTIONARY
V/nofatclips(  295): Updating value TEXT_VALUES_ID_HASH
D/nofatclips(  295): Updated value of parameter TEXT_VALUES_ID_HASH to true (default = false)
V/nofatclips(  295): Updating value USE_GPS
V/nofatclips(  295): Updating value USE_SENSORS
D/nofatclips(  295): Updating node interactions
D/nofatclips(  295): Loading node interactions
V/nofatclips(  295): Updating value ALL_EVENTS_ON_PREFERENCES
V/nofatclips(  295): Updating value BACK_BUTTON_EVENT
V/nofatclips(  295): Updating value DICTIONARY_FIXED_VALUE
V/nofatclips(  295): Updating value DICTIONARY_IGNORE_CONTENT_TYPES
V/nofatclips(  295): Updating value EMULATOR_PORT
V/nofatclips(  295): Updating value EVENTS
D/nofatclips(  295): Updated values of array parameter EVENTS
V/nofatclips(  295): Updating value EVENT_WHEN_NO_ID
V/nofatclips(  295): Updating value EXCLUDE_WIDGETS_INPUTS_IN_GPS_EVENTS
V/nofatclips(  295): Updating value EXCLUDE_WIDGETS_INPUTS_IN_SENSORS_EVENTS
V/nofatclips(  295): Updating value INPUTS
D/nofatclips(  295): Updated values of array parameter INPUTS
V/nofatclips(  295): Updating value KEY_EVENTS
V/nofatclips(  295): Updating value MAX_EVENTS_PER_WIDGET
V/nofatclips(  295): Updating value MAX_TASKS_IN_SCHEDULER
V/nofatclips(  295): Updating value MAX_TASKS_PER_EVENT
V/nofatclips(  295): Updating value MENU_EVENTS
V/nofatclips(  295): Updating value ORIENTATION_EVENTS
V/nofatclips(  295): Updating value PLANNER
V/nofatclips(  295): Updating value REFLECT_ACTIVITY_LISTENERS
V/nofatclips(  295): Updating value REFLECT_WIDGETS
V/nofatclips(  295): Updating value SCHEDULER_ALGORITHM
V/nofatclips(  295): Updating value SCROLL_DOWN_EVENT
V/nofatclips(  295): Updating value SENSOR_TYPES
V/nofatclips(  295): Updating value SIMULATE_INCOMING_CALL
V/nofatclips(  295): Updating value SIMULATE_INCOMING_SMS
V/nofatclips(  295): Updating value TAB_EVENTS_START_ONLY
V/nofatclips(  295): Updating value TEST_LOCATION_PROVIDER
V/nofatclips(  295): Updating value TEXT_VALUES_FROM_DICTIONARY
V/nofatclips(  295): Updating value TEXT_VALUES_ID_HASH
V/nofatclips(  295): Updating value USE_GPS
V/nofatclips(  295): Updating value USE_SENSORS
D/nofatclips(  295): Updating node comparator
D/nofatclips(  295): Loading node comparator
V/nofatclips(  295): Updating value COMPARATOR
V/nofatclips(  295): Updating value COMPARATOR_TYPE
V/nofatclips(  295): Updating value COMPARE_ACTIVITY_NAME
V/nofatclips(  295): Updating value COMPARE_LIST_COUNT
V/nofatclips(  295): Updating value COMPARE_MENU_COUNT
D/nofatclips(  295): Updated value of parameter COMPARE_MENU_COUNT to false (default = true)
V/nofatclips(  295): Updating value COMPARE_STATE_TITLE
V/nofatclips(  295): Updating value COMPARE_VALUES
V/nofatclips(  295): Updating value WIDGET_TYPES
D/nofatclips(  295): Updating node strategy
D/nofatclips(  295): Loading node strategy
V/nofatclips(  295): Updating value AFTER_EVENT_DONT_EXPLORE
V/nofatclips(  295): Updating value AFTER_WIDGET_DONT_EXPLORE
V/nofatclips(  295): Updating value CHECK_FOR_TRANSITION
V/nofatclips(  295): Updating value EXPLORE_ONLY_NEW_STATES
D/nofatclips(  295): Updated value of parameter EXPLORE_ONLY_NEW_STATES to false (default = true)
V/nofatclips(  295): Updating value MAX_NUM_TRACES
D/nofatclips(  295): Updated value of parameter MAX_NUM_TRACES to 100 (default = 0)
V/nofatclips(  295): Updating value MAX_TIME_CRAWLING
V/nofatclips(  295): Updating value PAUSE_AFTER_TIME
V/nofatclips(  295): Updating value PAUSE_AFTER_TRACES
V/nofatclips(  295): Updating value TRACE_MAX_DEPTH
V/nofatclips(  295): Updating value TRACE_MIN_DEPTH
D/nofatclips(  295): Starting random testing
I/TestRunner(  295): started: testAndCrawl(com.nofatclips.crawler.guitree.NomadEngine)
I/ActivityManager(   61): Starting: Intent { act=android.intent.action.MAIN flg=0x10000000 cmp=org.wordpress.android/.Dashboard } from pid 295
D/szipinf (   61): Initializing inflate state
I/ARMAssembler(   61): generated scanline__00000177:03515104_00001002_00000000 [ 87 ipp] (110 ins) at [0x46efd6f0:0x46efd8a8] in 700495 ns
D/dalvikvm(  295): GC_EXTERNAL_ALLOC freed 403K, 53% free 2737K/5767K, external 716K/1038K, paused 234ms
I//system/bin/fsck_msdos(   29): ** /dev/block/vold/179:0
I//system/bin/fsck_msdos(   29): ** Phase 1 - Read and Compare FATs
I//system/bin/fsck_msdos(   29): Attempting to allocate 998 KB for FAT
W/dalvikvm(  253): threadid=6: spin on suspend #1 threadid=3 (pcf=0)
D/dalvikvm(  253): Temporarily moving tid 257 to fg (was 0)
W/dalvikvm(  253): threadid=6: spin on suspend resolved in 1743 msec
D/dalvikvm(  253): Restored policy of 257 to 0
D/MediaScannerService(  230): start scanning volume internal
D/dalvikvm(  295): GC_EXTERNAL_ALLOC freed 115K, 49% free 2946K/5767K, external 1407K/1623K, paused 75ms
I/ActivityManager(   61): Displayed org.wordpress.android/.Dashboard: +2s271ms
D/dalvikvm(  253): GC_CONCURRENT freed 492K, 54% free 2726K/5831K, external 716K/1038K, paused 3ms+5ms
D/nofatclips(  295): Generated Resuming Persistence
I/dalvikvm(  295): Could not find method android.app.Activity.getFragmentManager, referenced from method com.jayway.android.robotium.solo.Waiter.getFragment
W/dalvikvm(  295): VFY: unable to resolve virtual method 7: Landroid/app/Activity;.getFragmentManager ()Landroid/app/FragmentManager;
D/dalvikvm(  295): VFY: replacing opcode 0x6e at 0x0008
I/dalvikvm(  295): Could not find method android.app.Activity.getFragmentManager, referenced from method com.jayway.android.robotium.solo.Waiter.getFragment
W/dalvikvm(  295): VFY: unable to resolve virtual method 7: Landroid/app/Activity;.getFragmentManager ()Landroid/app/FragmentManager;
D/dalvikvm(  295): VFY: replacing opcode 0x6e at 0x0017
W/dalvikvm(  295): VFY: unable to find class referenced in signature (Landroid/app/Fragment;)
D/dalvikvm(  295): VFY: dead code 0x000b-000f in Lcom/jayway/android/robotium/solo/Waiter;.getFragment (Ljava/lang/String;I)Landroid/app/Fragment;
D/dalvikvm(  295): VFY: dead code 0x001a-001f in Lcom/jayway/android/robotium/solo/Waiter;.getFragment (Ljava/lang/String;I)Landroid/app/Fragment;
W/dalvikvm(  295): VFY: unable to find class referenced in signature (Landroid/app/Fragment;)
D/dalvikvm(  275): GC_CONCURRENT freed 535K, 54% free 2700K/5831K, external 716K/1038K, paused 96ms+33ms
D/Eas Debug(  275): Logging: 
D/EAS SyncManager(  275): !!! EAS SyncManager, onDestroy
D/Email   (  275): BOOT_COMPLETED
I//system/bin/fsck_msdos(   29): Attempting to allocate 998 KB for FAT
D/EAS SyncManager(  275): !!! EAS SyncManager, onCreate
D/EAS SyncManager(  275): !!! EAS SyncManager, onStartCommand
D/EAS SyncManager(  275): !!! EAS SyncManager, stopping self
D/EAS SyncManager(  275): !!! EAS SyncManager, onDestroy
I//system/bin/fsck_msdos(   29): ** Phase 2 - Check Cluster Chains
I//system/bin/fsck_msdos(   29): ** Phase 3 - Checking Directories
I//system/bin/fsck_msdos(   29): ** Phase 4 - Checking for Lost Files
I//system/bin/fsck_msdos(   29): 3 files, 509980 free (254990 clusters)
I/Vold    (   29): Filesystem check completed OK
I/Vold    (   29): Device /dev/block/vold/179:0, target /mnt/sdcard mounted @ /mnt/secure/staging
D/Vold    (   29): Volume sdcard state changing 3 (Checking) -> 4 (Mounted)
I/PackageManager(   61): Updating external media status from unmounted to mounted
I/StorageNotification(  123): Media {/mnt/sdcard} state changed from {checking} -> {mounted}
D/nofatclips(  295): Updating node automation
D/nofatclips(  295): Loading node automation
V/nofatclips(  295): Updating value FORCE_RESTART
V/nofatclips(  295): Updating value IN_AND_OUT_FOCUS
V/nofatclips(  295): Updating value PRECRAWLING
V/nofatclips(  295): Updating value SCREENSHOT_FOR_EVENTS
V/nofatclips(  295): Updating value SCREENSHOT_FOR_STATES
V/nofatclips(  295): Updating value SCREENSHOT_ONLY_NEW_STATES
V/nofatclips(  295): Updating value SLEEP_AFTER_EVENT
D/nofatclips(  295): Updated value of parameter SLEEP_AFTER_EVENT to 100 (default = 1000)
V/nofatclips(  295): Updating value SLEEP_AFTER_RESTART
D/nofatclips(  295): Updated value of parameter SLEEP_AFTER_RESTART to 100 (default = 1000)
V/nofatclips(  295): Updating value SLEEP_AFTER_TASK
D/nofatclips(  295): Updated value of parameter SLEEP_AFTER_TASK to 100 (default = 1000)
V/nofatclips(  295): Updating value SLEEP_ON_THROBBER
D/nofatclips(  295): Updated value of parameter SLEEP_ON_THROBBER to 100 (default = 1000)
D/nofatclips(  295): Updating node screenshot
D/nofatclips(  295): Loading node screenshot
V/nofatclips(  295): Updating value FORCE_RESTART
V/nofatclips(  295): Updating value IN_AND_OUT_FOCUS
V/nofatclips(  295): Updating value PRECRAWLING
V/nofatclips(  295): Updating value SCREENSHOT_FOR_EVENTS
V/nofatclips(  295): Updating value SCREENSHOT_FOR_STATES
V/nofatclips(  295): Updating value SCREENSHOT_ONLY_NEW_STATES
V/nofatclips(  295): Updating value SLEEP_AFTER_EVENT
V/nofatclips(  295): Updating value SLEEP_AFTER_RESTART
V/nofatclips(  295): Updating value SLEEP_AFTER_TASK
V/nofatclips(  295): Updating value SLEEP_ON_THROBBER
I/nofatclips(  295): Waiting for 100 msec.
D/VoldCmdListener(   29): asec list
I/PackageManager(   61): No secure containers on sdcard
W/PackageManager(   61): Unknown permission com.google.android.googleapps.permission.GOOGLE_AUTH.mail in package com.android.contacts
W/PackageManager(   61): Unknown permission android.permission.ADD_SYSTEM_SERVICE in package com.android.phone
W/PackageManager(   61): Not granting permission android.permission.SEND_DOWNLOAD_COMPLETED_INTENTS to package com.android.browser (protectionLevel=2 flags=0x9be45)
W/PackageManager(   61): Unknown permission com.google.android.gm.permission.WRITE_GMAIL in package com.android.settings
W/PackageManager(   61): Unknown permission com.google.android.gm.permission.READ_GMAIL in package com.android.settings
W/PackageManager(   61): Unknown permission com.google.android.googleapps.permission.GOOGLE_AUTH in package com.android.settings
D/nofatclips(  295): Ready to operate after restarting...
I/nofatclips(  295): Current activity is Dashboard
W/nofatclips(  295): --->Dashboard
D/dalvikvm(  295): GC_CONCURRENT freed 227K, 49% free 2996K/5831K, external 1812K/2324K, paused 3ms+4ms
I/nofatclips(  295): Retrieving widgets
D/nofatclips(  295): Found widget: id=16908290 (android.widget.FrameLayout@405a1718)
D/nofatclips(  295): Found widget: id=2131165248 (android.widget.RelativeLayout@405a2418)
D/nofatclips(  295): Found widget: id=2131165249 (android.widget.LinearLayout@405a2a80)
D/nofatclips(  295): Found widget: id=-1 (android.widget.ImageView@405a2fc8)
D/nofatclips(  295): Found widget: id=2131165250 (org.wordpress.android.util.WPTitleBar@4059c9a0)
D/nofatclips(  295): Found widget: id=2131165195 (android.widget.RelativeLayout@4050efe8)
D/nofatclips(  295): Found widget: id=2131165196 (android.widget.RelativeLayout@40569298)
D/nofatclips(  295): Found widget: id=2131165197 (android.widget.ImageView@4059dc38)
D/nofatclips(  295): Found widget: id=2131165198 (android.widget.TextView@40542608): Katie's Sweet Testing Blog
D/nofatclips(  295): Found widget: id=2131165199 (android.widget.ImageView@4055de98)
D/nofatclips(  295): Found widget: id=-1 (android.widget.RelativeLayout@4057a200)
D/nofatclips(  295): Found widget: id=2131165200 (android.widget.ImageButton@4059e160)
D/nofatclips(  295): Found widget: id=-1 (android.widget.FrameLayout@4057b6e8)
D/nofatclips(  295): Found widget: id=2131165201 (android.widget.Button@40542fd0): 
D/nofatclips(  295): Found widget: id=2131165202 (android.widget.ImageView@40594598)
D/nofatclips(  295): Found widget: id=2131165203 (android.widget.ImageView@4053d7c8)
D/nofatclips(  295): Found widget: id=2131165204 (android.widget.LinearLayout@40569ea0)
D/nofatclips(  295): Found widget: id=-1 (android.widget.FrameLayout@4059d9d0)
D/nofatclips(  295): Found widget: id=-1 (android.widget.LinearLayout@40530970)
D/nofatclips(  295): Found widget: id=-1 (android.widget.LinearLayout@4050edf8)
D/nofatclips(  295): Found widget: id=-1 (android.widget.LinearLayout@4052ff90)
D/nofatclips(  295): Found widget: id=2131165251 (android.widget.LinearLayout@40530648)
D/nofatclips(  295): Found widget: id=-1 (android.widget.ImageView@40591040)
D/nofatclips(  295): Found widget: id=2131165256 (android.widget.TextView@4056bb98): New Post
D/nofatclips(  295): Found widget: id=2131165253 (android.widget.LinearLayout@4059cbd8)
D/nofatclips(  295): Found widget: id=-1 (android.widget.ImageView@405319b0)
D/nofatclips(  295): Found widget: id=2131165256 (android.widget.TextView@4056c4d0): New Page
D/nofatclips(  295): Found widget: id=-1 (android.widget.LinearLayout@40533c68)
D/nofatclips(  295): Found widget: id=2131165252 (android.widget.LinearLayout@40531658)
D/nofatclips(  295): Found widget: id=-1 (android.widget.ImageView@40539b60)
D/nofatclips(  295): Found widget: id=2131165256 (android.widget.TextView@405786c8): Quick Photo
D/nofatclips(  295): Found widget: id=2131165254 (android.widget.LinearLayout@405481d8)
D/nofatclips(  295): Found widget: id=-1 (android.widget.ImageView@40532550)
D/nofatclips(  295): Found widget: id=2131165256 (android.widget.TextView@40578f38): Quick Video
D/nofatclips(  295): Found widget: id=-1 (android.widget.LinearLayout@4052f400)
D/nofatclips(  295): Found widget: id=-1 (android.widget.LinearLayout@40534c20)
D/nofatclips(  295): Found widget: id=2131165255 (android.widget.LinearLayout@40535ee8)
D/nofatclips(  295): Found widget: id=-1 (android.widget.ImageView@40543590)
D/nofatclips(  295): Found widget: id=2131165256 (android.widget.TextView@405795c0): Posts
D/nofatclips(  295): Found widget: id=2131165257 (android.widget.LinearLayout@40546950)
D/nofatclips(  295): Found widget: id=-1 (android.widget.ImageView@405695c8)
D/nofatclips(  295): Found widget: id=2131165256 (android.widget.TextView@40538218): Pages
D/nofatclips(  295): Found widget: id=-1 (android.widget.FrameLayout@40535228)
D/nofatclips(  295): Found widget: id=2131165258 (android.widget.LinearLayout@40540f10)
D/nofatclips(  295): Found widget: id=-1 (android.widget.ImageView@40537928)
D/nofatclips(  295): Found widget: id=2131165256 (android.widget.TextView@4053a1c8): Comments
D/nofatclips(  295): Found widget: id=2131165259 (android.widget.FrameLayout@40545400)
D/nofatclips(  295): Found widget: id=2131165260 (android.widget.ImageView@40546f20)
D/nofatclips(  295): Found widget: id=2131165261 (org.wordpress.android.util.CommentBadgeTextView@4053b1e0): 0
D/nofatclips(  295): Found widget: id=-1 (android.widget.LinearLayout@40539fa0)
D/nofatclips(  295): Found widget: id=2131165262 (android.widget.LinearLayout@405415b8)
D/nofatclips(  295): Found widget: id=-1 (android.widget.ImageView@40541ec0)
D/nofatclips(  295): Found widget: id=2131165256 (android.widget.TextView@40541800): Settings
D/nofatclips(  295): Found widget: id=2131165263 (android.widget.LinearLayout@40544e58)
D/nofatclips(  295): Found widget: id=-1 (android.widget.ImageView@40560db0)
D/nofatclips(  295): Found widget: id=2131165256 (android.widget.TextView@40543b40): Read
D/nofatclips(  295): Found widget: id=2131165264 (android.widget.LinearLayout@40562498)
D/nofatclips(  295): Found widget: id=-1 (android.widget.ImageView@40564d50)
D/nofatclips(  295): Found widget: id=2131165256 (android.widget.TextView@40550898): Stats
D/nofatclips(  295): Found widget: id=-1 (com.android.internal.policy.impl.PhoneWindow$DecorView@405a0e18)
V/nicola  (  295): TextualID : blog_title
V/nicola  (  295): ContentType detected : default
V/nicola  (  295): TextualID : action_refresh
V/nicola  (  295): ContentType detected : default
V/nicola  (  295): TextualID : button_text
V/nicola  (  295): ContentType detected : default
V/nicola  (  295): TextualID : button_text
V/nicola  (  295): ContentType detected : default
V/nicola  (  295): TextualID : button_text
V/nicola  (  295): ContentType detected : default
V/nicola  (  295): TextualID : button_text
V/nicola  (  295): ContentType detected : default
V/nicola  (  295): TextualID : button_text
V/nicola  (  295): ContentType detected : default
V/nicola  (  295): TextualID : button_text
V/nicola  (  295): ContentType detected : default
V/nicola  (  295): TextualID : button_text
V/nicola  (  295): ContentType detected : default
V/nicola  (  295): TextualID : button_text
V/nicola  (  295): ContentType detected : default
V/nicola  (  295): TextualID : button_text
V/nicola  (  295): ContentType detected : default
V/nicola  (  295): TextualID : button_text
V/nicola  (  295): ContentType detected : default
I/nofatclips(  295): Attempting to resume previous session
I/nofatclips(  295): Memoryless engine: the task file will not be loaded. Looking for crashed traces.
I/nofatclips(  295): Reading task file
V/nofatclips(  295): Discarding trace #0
I/nofatclips(  295): Stateless comparator: the state file will not be loaded.
D/dalvikvm(  295): GetFieldID: unable to find field Ljava/util/Hashtable;.loadFactor:F
D/dalvikvm(  295): GetFieldID: unable to find field Ljava/util/Hashtable;.loadFactor:F
W/PackageManager(   61): Unknown permission com.google.android.googleapps.permission.GOOGLE_AUTH in package com.android.providers.contacts
W/PackageManager(   61): Unknown permission com.google.android.googleapps.permission.GOOGLE_AUTH.cp in package com.android.providers.contacts
D/dalvikvm(  295): GetFieldID: unable to find field Ljava/util/Hashtable;.loadFactor:F
D/dalvikvm(  295): GetFieldID: unable to find field Ljava/util/Hashtable;.loadFactor:F
D/dalvikvm(  295): GetFieldID: unable to find field Ljava/util/Hashtable;.loadFactor:F
D/dalvikvm(  295): GetFieldID: unable to find field Ljava/util/Hashtable;.loadFactor:F
D/nofatclips(  295): Backup session footer restored to 
D/nofatclips(  295): </SESSION>
D/nofatclips(  295): Restored random counter to: 2
D/nofatclips(  295): Restored trace count to 2
D/nofatclips(  295): Current step countdown restored to 100
D/nofatclips(  295): Restored abstractor counters to: event = 2 - input = 0 - activity = 1
I/nofatclips(  295): Saving the session on disk.
D/dalvikvm(  295): GC_CONCURRENT freed 654K, 51% free 3145K/6407K, external 1812K/2324K, paused 3ms+3ms
I/nofatclips(  295): Planning for new Activity Dashboard
D/nofatclips(  295): Handling event 'click' on widget id=2131165200 type=button name=
I/dalvikvm(  295): Jit: resizing JitTable from 512 to 1024
W/PackageManager(   61): Unknown permission com.google.android.googleapps.permission.ACCESS_GOOGLE_PASSWORD in package com.android.development
W/PackageManager(   61): Unknown permission com.google.android.googleapps.permission.GOOGLE_AUTH in package com.android.development
W/PackageManager(   61): Unknown permission com.google.android.googleapps.permission.GOOGLE_AUTH.ALL_SERVICES in package com.android.development
W/PackageManager(   61): Unknown permission com.google.android.googleapps.permission.GOOGLE_AUTH.YouTubeUser in package com.android.development
W/PackageManager(   61): Unknown permission android.permission.READ_OWNER_DATA in package com.android.email
W/PackageManager(   61): Not granting permission android.permission.DEVICE_POWER to package com.android.deskclock (protectionLevel=2 flags=0x8be45)
W/ImageDownloader(  295): Error 404 while retrieving bitmap from http://gravatar.com/blavatar/44d338f29053dbb888da79dcf98df489?s=60&d=404
D/nofatclips(  295): Handling event 'click' on widget id=2131165201 type=button name=
D/nofatclips(  295): Handling event 'click' on widget id=2131165204 type=linearLayout name=
D/nofatclips(  295): Handling event 'click' on widget id=2131165251 type=linearLayout name=
D/nofatclips(  295): Handling event 'click' on widget id=2131165253 type=linearLayout name=
D/nofatclips(  295): Handling event 'click' on widget id=2131165252 type=linearLayout name=
D/dalvikvm(  295): GC_CONCURRENT freed 675K, 51% free 3239K/6535K, external 1812K/2324K, paused 3ms+3ms
D/nofatclips(  295): Handling event 'click' on widget id=2131165254 type=linearLayout name=
D/nofatclips(  295): Handling event 'click' on widget id=2131165255 type=linearLayout name=
D/nofatclips(  295): Handling event 'click' on widget id=2131165257 type=linearLayout name=
D/nofatclips(  295): Handling event 'click' on widget id=2131165258 type=linearLayout name=
D/nofatclips(  295): Handling event 'click' on widget id=2131165262 type=linearLayout name=
D/nofatclips(  295): Handling event 'click' on widget id=2131165263 type=linearLayout name=
D/nofatclips(  295): Handling event 'click' on widget id=2131165264 type=linearLayout name=
D/dalvikvm(  295): GC_CONCURRENT freed 791K, 51% free 3280K/6663K, external 1812K/2324K, paused 3ms+4ms
I/nofatclips(  295): Created trace to press the menu button
I/nofatclips(  295): Created trace to change orientation
I/nofatclips(  295): Dispatching new task. 2 more tasks remaining.
D/nofatclips(  295): Performing backup of the old task list on disk
D/nofatclips(  295): Saving task list on disk
V/nofatclips(  295): Backing up trace #15 to disk.
V/nofatclips(  295): Backing up trace #16 to disk.
D/nofatclips(  295): Deleting backup of the old task list from disk
I/nofatclips(  295): Restarting
D/MediaScanner(  230):  prescan time: 5845ms
D/MediaScanner(  230):     scan time: 406ms
D/MediaScanner(  230): postscan time: 1ms
D/MediaScanner(  230):    total time: 6252ms
D/dalvikvm(  230): GC_CONCURRENT freed 530K, 55% free 2648K/5831K, external 716K/1038K, paused 2ms+2ms
D/szipinf (  180): Initializing inflate state
D/dalvikvm(  180): GC_CONCURRENT freed 246K, 51% free 2796K/5703K, external 716K/1038K, paused 2ms+2ms
I/dalvikvm(   61): Jit: resizing JitTable from 512 to 1024
D/MediaScannerService(  230): done scanning volume internal
D/MediaScannerService(  230): start scanning volume external
V/MediaProvider(  230): /mnt/sdcard volume ID: 436669980
D/dalvikvm(  121): GREF has increased to 201
D/szipinf (  134): Initializing inflate state
V/MediaProvider(  230): Attached volume: external
I/nofatclips(  295): Waiting for 100 msec.
D/dalvikvm(  134): GC_EXPLICIT freed 190K, 49% free 3027K/5831K, external 3075K/3257K, paused 52ms
V/MediaScanner(  230): pruneDeadThumbnailFiles... android.database.sqlite.SQLiteCursor@4059f250
V/MediaScanner(  230): /pruneDeadThumbnailFiles... android.database.sqlite.SQLiteCursor@4059f250
D/MediaScanner(  230):  prescan time: 96ms
D/MediaScanner(  230):     scan time: 1ms
D/MediaScanner(  230): postscan time: 8ms
D/MediaScanner(  230):    total time: 105ms
D/MediaScannerService(  230): done scanning volume external
D/nofatclips(  295): Ready to operate after restarting...
I/nofatclips(  295): Retrieving widgets
D/nofatclips(  295): Found widget: id=16908290 (android.widget.FrameLayout@405a1718)
D/nofatclips(  295): Found widget: id=2131165248 (android.widget.RelativeLayout@405a2418)
D/nofatclips(  295): Found widget: id=2131165249 (android.widget.LinearLayout@405a2a80)
D/nofatclips(  295): Found widget: id=-1 (android.widget.ImageView@405a2fc8)
D/nofatclips(  295): Found widget: id=2131165250 (org.wordpress.android.util.WPTitleBar@4059c9a0)
D/nofatclips(  295): Found widget: id=2131165195 (android.widget.RelativeLayout@4050efe8)
D/nofatclips(  295): Found widget: id=2131165196 (android.widget.RelativeLayout@40569298)
D/nofatclips(  295): Found widget: id=2131165197 (android.widget.ImageView@4059dc38)
D/nofatclips(  295): Found widget: id=2131165198 (android.widget.TextView@40542608): Katie's Sweet Testing Blog
D/nofatclips(  295): Found widget: id=2131165199 (android.widget.ImageView@4055de98)
D/nofatclips(  295): Found widget: id=-1 (android.widget.RelativeLayout@4057a200)
D/nofatclips(  295): Found widget: id=2131165200 (android.widget.ImageButton@4059e160)
D/nofatclips(  295): Found widget: id=-1 (android.widget.FrameLayout@4057b6e8)
D/nofatclips(  295): Found widget: id=2131165201 (android.widget.Button@40542fd0): 
D/nofatclips(  295): Found widget: id=2131165202 (android.widget.ImageView@40594598)
D/nofatclips(  295): Found widget: id=2131165203 (android.widget.ImageView@4053d7c8)
D/nofatclips(  295): Found widget: id=2131165204 (android.widget.LinearLayout@40569ea0)
D/nofatclips(  295): Found widget: id=-1 (android.widget.FrameLayout@4059d9d0)
D/nofatclips(  295): Found widget: id=-1 (android.widget.LinearLayout@40530970)
D/nofatclips(  295): Found widget: id=-1 (android.widget.LinearLayout@4050edf8)
D/nofatclips(  295): Found widget: id=-1 (android.widget.LinearLayout@4052ff90)
D/nofatclips(  295): Found widget: id=2131165251 (android.widget.LinearLayout@40530648)
D/nofatclips(  295): Found widget: id=-1 (android.widget.ImageView@40591040)
D/nofatclips(  295): Found widget: id=2131165256 (android.widget.TextView@4056bb98): New Post
D/nofatclips(  295): Found widget: id=2131165253 (android.widget.LinearLayout@4059cbd8)
D/nofatclips(  295): Found widget: id=-1 (android.widget.ImageView@405319b0)
D/nofatclips(  295): Found widget: id=2131165256 (android.widget.TextView@4056c4d0): New Page
D/nofatclips(  295): Found widget: id=-1 (android.widget.LinearLayout@40533c68)
D/nofatclips(  295): Found widget: id=2131165252 (android.widget.LinearLayout@40531658)
D/nofatclips(  295): Found widget: id=-1 (android.widget.ImageView@40539b60)
D/nofatclips(  295): Found widget: id=2131165256 (android.widget.TextView@405786c8): Quick Photo
D/nofatclips(  295): Found widget: id=2131165254 (android.widget.LinearLayout@405481d8)
D/nofatclips(  295): Found widget: id=-1 (android.widget.ImageView@40532550)
D/nofatclips(  295): Found widget: id=2131165256 (android.widget.TextView@40578f38): Quick Video
D/nofatclips(  295): Found widget: id=-1 (android.widget.LinearLayout@4052f400)
D/nofatclips(  295): Found widget: id=-1 (android.widget.LinearLayout@40534c20)
D/nofatclips(  295): Found widget: id=2131165255 (android.widget.LinearLayout@40535ee8)
D/nofatclips(  295): Found widget: id=-1 (android.widget.ImageView@40543590)
D/nofatclips(  295): Found widget: id=2131165256 (android.widget.TextView@405795c0): Posts
D/nofatclips(  295): Found widget: id=2131165257 (android.widget.LinearLayout@40546950)
D/nofatclips(  295): Found widget: id=-1 (android.widget.ImageView@405695c8)
D/nofatclips(  295): Found widget: id=2131165256 (android.widget.TextView@40538218): Pages
D/nofatclips(  295): Found widget: id=-1 (android.widget.FrameLayout@40535228)
D/nofatclips(  295): Found widget: id=2131165258 (android.widget.LinearLayout@40540f10)
D/nofatclips(  295): Found widget: id=-1 (android.widget.ImageView@40537928)
D/nofatclips(  295): Found widget: id=2131165256 (android.widget.TextView@4053a1c8): Comments
D/nofatclips(  295): Found widget: id=2131165259 (android.widget.FrameLayout@40545400)
D/nofatclips(  295): Found widget: id=2131165260 (android.widget.ImageView@40546f20)
D/nofatclips(  295): Found widget: id=2131165261 (org.wordpress.android.util.CommentBadgeTextView@4053b1e0): 0
D/nofatclips(  295): Found widget: id=-1 (android.widget.LinearLayout@40539fa0)
D/nofatclips(  295): Found widget: id=2131165262 (android.widget.LinearLayout@405415b8)
D/nofatclips(  295): Found widget: id=-1 (android.widget.ImageView@40541ec0)
D/nofatclips(  295): Found widget: id=2131165256 (android.widget.TextView@40541800): Settings
D/nofatclips(  295): Found widget: id=2131165263 (android.widget.LinearLayout@40544e58)
D/nofatclips(  295): Found widget: id=-1 (android.widget.ImageView@40560db0)
D/nofatclips(  295): Found widget: id=2131165256 (android.widget.TextView@40543b40): Read
D/nofatclips(  295): Found widget: id=2131165264 (android.widget.LinearLayout@40562498)
D/nofatclips(  295): Found widget: id=-1 (android.widget.ImageView@40564d50)
D/nofatclips(  295): Found widget: id=2131165256 (android.widget.TextView@40550898): Stats
D/nofatclips(  295): Found widget: id=-1 (com.android.internal.policy.impl.PhoneWindow$DecorView@405a0e18)
I/nofatclips(  295): Playing Trace 16
I/nofatclips(  295): Retrieved from return list id=2131165253
D/nofatclips(  295): Testing for type (android.widget.LinearLayout) against the original (android.widget.LinearLayout)
D/nofatclips(  295): Testing for name () against the original ()
I/nofatclips(  295): Firing event: type= click index=24 widget=android.widget.LinearLayout
D/nofatclips(  295): Event description: New Page
I/ActivityManager(   61): Starting: Intent { cmp=org.wordpress.android/.EditPost (has extras) } from pid 295
I/nofatclips(  295): Waiting for 100 msec.
D/dalvikvm(  295): GC_CONCURRENT freed 940K, 53% free 3239K/6791K, external 1812K/2324K, paused 13ms+14ms
I/ActivityManager(   61): Displayed org.wordpress.android/.EditPost: +1s647ms
I/nofatclips(  295): Current activity is EditPost
I/nofatclips(  295): Retrieving widgets
D/nofatclips(  295): Found widget: id=-1 (android.widget.LinearLayout@4054fe08)
D/nofatclips(  295): Found widget: id=-1 (android.widget.FrameLayout@40536518)
D/nofatclips(  295): Found widget: id=16908310 (android.widget.TextView@4054bc08): Katie&#039;s Sweet Testing Blog - New Page
D/nofatclips(  295): Found widget: id=16908290 (android.widget.FrameLayout@405760a8)
D/nofatclips(  295): Found widget: id=2131165298 (android.widget.ScrollView@40551b30)
D/nofatclips(  295): Found widget: id=-1 (android.widget.LinearLayout@40620450)
D/nofatclips(  295): Found widget: id=2131165209 (android.widget.RelativeLayout@4061bc18)
D/nofatclips(  295): Found widget: id=2131165210 (android.widget.TextView@40596fd0): Page Content
D/nofatclips(  295): Found widget: id=2131165236 (android.widget.EditText@405d40e0): 
D/nofatclips(  295): Found widget: id=2131165265 (org.wordpress.android.util.WPEditText@405d8008): 
D/nofatclips(  295): Found widget: id=2131165288 (android.widget.RelativeLayout@40539938)
D/nofatclips(  295): Found widget: id=2131165278 (android.widget.TextView@405fc628): Status
D/nofatclips(  295): Found widget: id=2131165279 (android.widget.TextView@405682b0): Status:
D/nofatclips(  295): Found widget: id=2131165280 (android.widget.Spinner@405836b0)
D/nofatclips(  295): Found widget: id=16908308 (android.widget.TextView@405f97e8): Publish
D/nofatclips(  295): Found widget: id=2131165281 (android.widget.TextView@4057fed8): Publish:
D/nofatclips(  295): Found widget: id=2131165282 (android.widget.TextView@405d7100): Immediately
D/nofatclips(  295): Found widget: id=2131165283 (android.widget.Button@405fe190): Edit
D/nofatclips(  295): Found widget: id=2131165266 (android.widget.RelativeLayout@40540848)
D/nofatclips(  295): Found widget: id=2131165216 (android.widget.TextView@40638690): Password (optional)
D/nofatclips(  295): Found widget: id=2131165286 (android.widget.EditText@405e6b20): 
D/nofatclips(  295): Found widget: id=2131165287 (android.widget.Button@4062cec0): Publish
D/nofatclips(  295): Found widget: id=-1 (com.android.internal.policy.impl.PhoneWindow$DecorView@4052de38)
V/nicola  (  295): TextualID : null
V/nicola  (  295): ContentType detected : default
V/nicola  (  295): TextualID : l_section1
V/nicola  (  295): ContentType detected : default
V/ReflectionHelper(  295): android.widget.EditText > mOnFocusChangeListener FOUND | NOT ACTIVE
I/dalvikvm(  295): Jit: resizing JitTable from 1024 to 2048
V/nicola  (  295): TextualID : title
V/nicola  (  295): ContentType detected : default
V/ReflectionHelper(  295): org.wordpress.android.util.WPEditText > mOnFocusChangeListener FOUND | ACTIVE
V/nicola  (  295): TextualID : postContent
V/nicola  (  295): ContentType detected : default
V/nicola  (  295): TextualID : l_status
V/nicola  (  295): ContentType detected : default
V/nicola  (  295): TextualID : statusLabel
V/nicola  (  295): ContentType detected : default
V/nicola  (  295): TextualID : null
V/nicola  (  295): ContentType detected : default
V/nicola  (  295): TextualID : pubDateLabel
V/nicola  (  295): ContentType detected : default
V/nicola  (  295): TextualID : pubDate
V/nicola  (  295): ContentType detected : default
V/nicola  (  295): TextualID : pubDateButton
V/nicola  (  295): ContentType detected : default
V/nicola  (  295): TextualID : l_password
V/nicola  (  295): ContentType detected : default
V/ReflectionHelper(  295): android.widget.EditText > mOnFocusChangeListener FOUND | NOT ACTIVE
V/nicola  (  295): TextualID : post_password
V/nicola  (  295): ContentType detected : default
V/nicola  (  295): TextualID : post
V/nicola  (  295): ContentType detected : default
I/nofatclips(  295): Performing comparation for activity EditPost
I/nofatclips(  295): Registering activity EditPost (id: a2) as a new found state
D/nofatclips(  295): Performing backup of the old activity list on disk
D/nofatclips(  295): Saving new found state 'a2' on disk
V/nofatclips(  295): Opening state file in append mode.
D/dalvikvm(  295): GC_EXTERNAL_ALLOC freed 537K, 51% free 3337K/6791K, external 2066K/2324K, paused 108ms
D/dalvikvm(  295): GC_EXTERNAL_ALLOC freed 44K, 52% free 3294K/6791K, external 3266K/3330K, paused 81ms
I/nofatclips(  295): Saved image on disk: a2.jpg
I/nofatclips(  295): Waiting for 100 msec.
I/nofatclips(  295): Session count is 1. Will dump to disk at 1
I/nofatclips(  295): Saving the session on disk.
I/nofatclips(  295): Planning for new Activity EditPost
D/nofatclips(  295): Handling event 'focus' on widget id=2131165265 type=focusableEditText name=Content
D/nofatclips(  295): Handling input 'writeText' on widget id=2131165236 type=editText name=Title
V/nofatclips(  295): Using value: 90
D/nofatclips(  295): Handling input 'writeText' on widget id=2131165286 type=editText name=Password (optional)
V/nofatclips(  295): Using value: 45
D/nofatclips(  295): Handling event selectSpinnerItem for items [1,5] on spinner #2131165280 count=5
D/nofatclips(  295): Handling input 'writeText' on widget id=2131165236 type=editText name=Title
V/nofatclips(  295): Using value: 90
D/nofatclips(  295): Handling input 'writeText' on widget id=2131165286 type=editText name=Password (optional)
V/nofatclips(  295): Using value: 45
D/nofatclips(  295): Handling input 'writeText' on widget id=2131165236 type=editText name=Title
V/nofatclips(  295): Using value: 90
D/nofatclips(  295): Handling input 'writeText' on widget id=2131165286 type=editText name=Password (optional)
V/nofatclips(  295): Using value: 45
D/nofatclips(  295): Handling input 'writeText' on widget id=2131165236 type=editText name=Title
V/nofatclips(  295): Using value: 90
D/nofatclips(  295): Handling input 'writeText' on widget id=2131165286 type=editText name=Password (optional)
V/nofatclips(  295): Using value: 45
D/nofatclips(  295): Handling input 'writeText' on widget id=2131165236 type=editText name=Title
V/nofatclips(  295): Using value: 90
D/nofatclips(  295): Handling input 'writeText' on widget id=2131165286 type=editText name=Password (optional)
V/nofatclips(  295): Using value: 45
D/nofatclips(  295): Handling input 'writeText' on widget id=2131165236 type=editText name=Title
V/nofatclips(  295): Using value: 90
D/nofatclips(  295): Handling input 'writeText' on widget id=2131165286 type=editText name=Password (optional)
V/nofatclips(  295): Using value: 45
D/nofatclips(  295): Handling event 'click' on widget id=2131165283 type=button name=Edit
D/nofatclips(  295): Handling input 'writeText' on widget id=2131165236 type=editText name=Title
V/nofatclips(  295): Using value: 90
D/nofatclips(  295): Handling input 'writeText' on widget id=2131165286 type=editText name=Password (optional)
V/nofatclips(  295): Using value: 45
D/nofatclips(  295): Handling event 'click' on widget id=2131165287 type=button name=Publish
D/nofatclips(  295): Handling input 'writeText' on widget id=2131165236 type=editText name=Title
V/nofatclips(  295): Using value: 90
D/nofatclips(  295): Handling input 'writeText' on widget id=2131165286 type=editText name=Password (optional)
V/nofatclips(  295): Using value: 45
I/nofatclips(  295): Created trace to press the back button
I/nofatclips(  295): Created trace to press the menu button
I/nofatclips(  295): Created trace to change orientation
I/nofatclips(  295): Check for termination: 99 steps left of 100
I/nofatclips(  295): Dispatching new task. 2 more tasks remaining.
D/nofatclips(  295): Performing backup of the old task list on disk
D/nofatclips(  295): Saving task list on disk
V/nofatclips(  295): Backing up trace #26 to disk.
D/dalvikvm(  295): GC_CONCURRENT freed 671K, 50% free 3407K/6791K, external 3266K/4079K, paused 4ms+4ms
V/nofatclips(  295): Backing up trace #27 to disk.
D/nofatclips(  295): Deleting backup of the old task list from disk
D/nofatclips(  295): Deleting backup of the old activity list from disk
I/nofatclips(  295): Incrementally Playing Trace 27
D/nofatclips(  295): Setting input: type= writeText id=2131165236 value=90
D/nofatclips(  295): Added to return list id=2131165236
I/nofatclips(  295): Retrieved from return list id=2131165236
D/nofatclips(  295): Testing for type (android.widget.EditText) against the original (android.widget.EditText)
D/nofatclips(  295): Testing for name (Title) against the original (Title)
W/KeyCharacterMap(  295): No keyboard for id 0
W/KeyCharacterMap(  295): Using default keymap: /system/usr/keychars/qwerty.kcm.bin
D/nofatclips(  295): Setting input: type= writeText id=2131165286 value=45
D/nofatclips(  295): Added to return list id=2131165286
I/nofatclips(  295): Retrieved from return list id=2131165286
D/nofatclips(  295): Testing for type (android.widget.EditText) against the original (android.widget.EditText)
D/nofatclips(  295): Testing for name (Password (optional)) against the original (Password (optional))
I/nofatclips(  295): Retrieved from return list id=2131165287
D/nofatclips(  295): Testing for type (android.widget.Button) against the original (android.widget.Button)
D/nofatclips(  295): Testing for name (Publish) against the original (Publish)
I/nofatclips(  295): Firing event: type= click index=21 widget=android.widget.Button
D/nofatclips(  295): Event description: Publish
I/nofatclips(  295): Waiting for 100 msec.
I/nofatclips(  295): Current activity is EditPost
I/nofatclips(  295): Retrieving widgets
D/nofatclips(  295): Found widget: id=16908290 (android.widget.FrameLayout@405f84c8)
D/nofatclips(  295): Found widget: id=16908666 (com.android.internal.widget.WeightedLinearLayout@40612590)
D/nofatclips(  295): Found widget: id=16908667 (android.widget.LinearLayout@40612808)
D/nofatclips(  295): Found widget: id=16908668 (android.widget.LinearLayout@40636a38)
D/nofatclips(  295): Found widget: id=16908294 (android.widget.ImageView@40636b88)
D/nofatclips(  295): Found widget: id=16908669 (com.android.internal.widget.DialogTitle@40637320): No Content Found
D/nofatclips(  295): Found widget: id=16908670 (android.widget.ImageView@405e2728)
D/nofatclips(  295): Found widget: id=16908671 (android.widget.LinearLayout@406400f0)
D/nofatclips(  295): Found widget: id=16908672 (android.widget.ScrollView@40640318)
D/nofatclips(  295): Found widget: id=16908299 (android.widget.TextView@406432d0): Please enter some post content or attach a media item.
D/nofatclips(  295): Found widget: id=16908673 (android.widget.FrameLayout@40643570)
D/nofatclips(  295): Found widget: id=16908331 (android.widget.FrameLayout@406437b8)
D/nofatclips(  295): Found widget: id=16908674 (android.widget.LinearLayout@40643a20)
D/nofatclips(  295): Found widget: id=-1 (android.widget.LinearLayout@40643c40)
D/nofatclips(  295): Found widget: id=16908675 (android.widget.LinearLayout@405db048)
D/nofatclips(  295): Found widget: id=16908313 (android.widget.Button@405db220): OK
D/nofatclips(  295): Found widget: id=16908315 (android.widget.Button@405f5c20): 
D/nofatclips(  295): Found widget: id=16908314 (android.widget.Button@405f6468): 
D/nofatclips(  295): Found widget: id=16908676 (android.widget.LinearLayout@405fec40)
D/nofatclips(  295): Found widget: id=-1 (com.android.internal.policy.impl.PhoneWindow$DecorView@405f81b8)
V/nicola  (  295): TextualID : null
V/nicola  (  295): ContentType detected : default
V/nicola  (  295): TextualID : null
V/nicola  (  295): ContentType detected : default
V/nicola  (  295): TextualID : null
V/nicola  (  295): ContentType detected : default
I/nofatclips(  295): Performing comparation for activity EditPost
D/nofatclips(  295): Comparing against activity EditPost
I/nofatclips(  295): Registering activity EditPost (id: a3) as a new found state
D/nofatclips(  295): Performing backup of the old activity list on disk
D/nofatclips(  295): Saving new found state 'a3' on disk
V/nofatclips(  295): Opening state file in append mode.
I/nofatclips(  295): Saved image on disk: a3.jpg
I/nofatclips(  295): Waiting for 100 msec.
I/nofatclips(  295): Session count is 1. Will dump to disk at 1
I/nofatclips(  295): Saving the session on disk.
I/nofatclips(  295): Planning for new Activity EditPost
D/nofatclips(  295): Handling event 'click' on widget id=16908313 type=button name=OK
I/nofatclips(  295): Created trace to press the back button
I/nofatclips(  295): Created trace to press the menu button
I/nofatclips(  295): Created trace to change orientation
I/nofatclips(  295): Check for termination: 98 steps left of 100
I/nofatclips(  295): Dispatching new task. 2 more tasks remaining.
