V/ReflectionHelper(  295): android.widget.EditText > mOnFocusChangeListener FOUND | NOT ACTIVE
V/nicola  (  295): TextualID : title
V/nicola  (  295): ContentType detected : default
V/ReflectionHelper(  295): org.wordpress.android.util.WPEditText > mOnFocusChangeListener FOUND | ACTIVE
V/nicola  (  295): TextualID : postContent
V/nicola  (  295): ContentType detected : default
V/nicola  (  295): TextualID : l_status
V/nicola  (  295): ContentType detected : default
V/nicola  (  295): TextualID : statusLabel
V/nicola  (  295): ContentType detected : default
V/nicola  (  295): TextualID : null
V/nicola  (  295): ContentType detected : default
V/nicola  (  295): TextualID : pubDateLabel
V/nicola  (  295): ContentType detected : default
V/nicola  (  295): TextualID : pubDate
V/nicola  (  295): ContentType detected : default
V/nicola  (  295): TextualID : pubDateButton
V/nicola  (  295): ContentType detected : default
V/nicola  (  295): TextualID : l_password
V/nicola  (  295): ContentType detected : default
V/ReflectionHelper(  295): android.widget.EditText > mOnFocusChangeListener FOUND | NOT ACTIVE
V/nicola  (  295): TextualID : post_password
V/nicola  (  295): ContentType detected : default
V/nicola  (  295): TextualID : post
V/nicola  (  295): ContentType detected : default
I/nofatclips(  295): Performing comparation for activity EditPost
D/nofatclips(  295): Comparing against activity EditPost
D/nofatclips(  295): Comparing against activity EditPost
D/nofatclips(  295): Comparing against activity EditPost
D/nofatclips(  295): Comparing against activity EditPost
D/nofatclips(  295): Comparing against activity EditPost
D/nofatclips(  295): Comparing against activity EditPost
D/nofatclips(  295): Comparing against activity EditPost
D/nofatclips(  295): Comparing against activity EditPost
I/nofatclips(  295): Registering activity EditPost (id: a10) as a new found state
D/nofatclips(  295): Performing backup of the old activity list on disk
D/nofatclips(  295): Saving new found state 'a10' on disk
V/nofatclips(  295): Opening state file in append mode.
D/dalvikvm(  295): GC_CONCURRENT freed 1543K, 55% free 3673K/8071K, external 2848K/3556K, paused 10ms+11ms
I/nofatclips(  295): Saved image on disk: a10.jpg
I/nofatclips(  295): Waiting for 100 msec.
I/nofatclips(  295): Session count is 1. Will dump to disk at 1
I/nofatclips(  295): Saving the session on disk.
I/nofatclips(  295): Planning for new Activity EditPost
D/nofatclips(  295): Handling event 'focus' on widget id=2131165265 type=focusableEditText name=Content
D/nofatclips(  295): Handling input 'writeText' on widget id=2131165236 type=editText name=Title
V/nofatclips(  295): Using value: 90
D/nofatclips(  295): Handling input 'writeText' on widget id=2131165286 type=editText name=Password (optional)
V/nofatclips(  295): Using value: 45
D/nofatclips(  295): Handling event selectSpinnerItem for items [1,5] on spinner #2131165280 count=5
D/nofatclips(  295): Handling input 'writeText' on widget id=2131165236 type=editText name=Title
V/nofatclips(  295): Using value: 90
D/nofatclips(  295): Handling input 'writeText' on widget id=2131165286 type=editText name=Password (optional)
V/nofatclips(  295): Using value: 45
D/nofatclips(  295): Handling input 'writeText' on widget id=2131165236 type=editText name=Title
V/nofatclips(  295): Using value: 90
D/nofatclips(  295): Handling input 'writeText' on widget id=2131165286 type=editText name=Password (optional)
V/nofatclips(  295): Using value: 45
D/nofatclips(  295): Handling input 'writeText' on widget id=2131165236 type=editText name=Title
V/nofatclips(  295): Using value: 90
D/nofatclips(  295): Handling input 'writeText' on widget id=2131165286 type=editText name=Password (optional)
V/nofatclips(  295): Using value: 45
D/nofatclips(  295): Handling input 'writeText' on widget id=2131165236 type=editText name=Title
V/nofatclips(  295): Using value: 90
D/nofatclips(  295): Handling input 'writeText' on widget id=2131165286 type=editText name=Password (optional)
V/nofatclips(  295): Using value: 45
D/nofatclips(  295): Handling input 'writeText' on widget id=2131165236 type=editText name=Title
V/nofatclips(  295): Using value: 90
D/nofatclips(  295): Handling input 'writeText' on widget id=2131165286 type=editText name=Password (optional)
V/nofatclips(  295): Using value: 45
D/nofatclips(  295): Handling event 'click' on widget id=2131165283 type=button name=Edit
D/nofatclips(  295): Handling input 'writeText' on widget id=2131165236 type=editText name=Title
V/nofatclips(  295): Using value: 90
D/nofatclips(  295): Handling input 'writeText' on widget id=2131165286 type=editText name=Password (optional)
V/nofatclips(  295): Using value: 45
D/nofatclips(  295): Handling event 'click' on widget id=2131165287 type=button name=Save
D/nofatclips(  295): Handling input 'writeText' on widget id=2131165236 type=editText name=Title
V/nofatclips(  295): Using value: 90
D/nofatclips(  295): Handling input 'writeText' on widget id=2131165286 type=editText name=Password (optional)
V/nofatclips(  295): Using value: 45
I/nofatclips(  295): Created trace to press the back button
I/nofatclips(  295): Created trace to press the menu button
I/nofatclips(  295): Created trace to change orientation
D/dalvikvm(  295): GC_CONCURRENT freed 1257K, 54% free 3751K/8071K, external 3448K/3556K, paused 5ms+6ms
I/nofatclips(  295): Check for termination: 91 steps left of 100
I/nofatclips(  295): Dispatching new task. 2 more tasks remaining.
D/nofatclips(  295): Performing backup of the old task list on disk
D/nofatclips(  295): Saving task list on disk
V/nofatclips(  295): Backing up trace #94 to disk.
V/nofatclips(  295): Backing up trace #95 to disk.
D/nofatclips(  295): Deleting backup of the old task list from disk
D/nofatclips(  295): Deleting backup of the old activity list from disk
I/nofatclips(  295): Incrementally Playing Trace 95
D/nofatclips(  295): Setting input: type= writeText id=2131165236 value=90
D/nofatclips(  295): Added to return list id=2131165236
I/nofatclips(  295): Retrieved from return list id=2131165236
D/nofatclips(  295): Testing for type (android.widget.EditText) against the original (android.widget.EditText)
D/nofatclips(  295): Testing for name (Title) against the original (Title)
W/KeyCharacterMap(  295): No keyboard for id 0
W/KeyCharacterMap(  295): Using default keymap: /system/usr/keychars/qwerty.kcm.bin
D/nofatclips(  295): Setting input: type= writeText id=2131165286 value=45
D/nofatclips(  295): Added to return list id=2131165286
I/nofatclips(  295): Retrieved from return list id=2131165286
D/nofatclips(  295): Testing for type (android.widget.EditText) against the original (android.widget.EditText)
D/nofatclips(  295): Testing for name (Password (optional)) against the original (Password (optional))
I/nofatclips(  295): Retrieved from return list id=2131165283
D/nofatclips(  295): Testing for type (android.widget.Button) against the original (android.widget.Button)
D/nofatclips(  295): Testing for name (Edit) against the original (Edit)
I/nofatclips(  295): Firing event: type= click index=17 widget=android.widget.Button
D/nofatclips(  295): Event description: Edit
I/nofatclips(  295): Waiting for 100 msec.
I/nofatclips(  295): Current activity is EditPost
I/nofatclips(  295): Retrieving widgets
D/nofatclips(  295): Found widget: id=16908290 (android.widget.FrameLayout@407b0c28)
D/nofatclips(  295): Found widget: id=16908666 (com.android.internal.widget.WeightedLinearLayout@4071f230)
D/nofatclips(  295): Found widget: id=16908667 (android.widget.LinearLayout@4071f3d8)
D/nofatclips(  295): Found widget: id=16908668 (android.widget.LinearLayout@4071f5f8)
D/nofatclips(  295): Found widget: id=16908294 (android.widget.ImageView@4071f860)
D/nofatclips(  295): Found widget: id=16908669 (com.android.internal.widget.DialogTitle@4071fb10): 
D/nofatclips(  295): Found widget: id=16908670 (android.widget.ImageView@407200c0)
D/nofatclips(  295): Found widget: id=16908671 (android.widget.LinearLayout@40728638)
D/nofatclips(  295): Found widget: id=16908672 (android.widget.ScrollView@40728800)
D/nofatclips(  295): Found widget: id=16908673 (android.widget.FrameLayout@406d3160)
D/nofatclips(  295): Found widget: id=16908331 (android.widget.FrameLayout@406d33c8)
D/nofatclips(  295): Found widget: id=16908705 (android.widget.DatePicker@4062a398)
D/nofatclips(  295): Found widget: id=16908701 (android.widget.LinearLayout@4062a760)
D/nofatclips(  295): Found widget: id=16908702 (android.widget.NumberPicker@4062aba0)
D/nofatclips(  295): Found widget: id=16908794 (android.widget.NumberPickerButton@406de298)
D/nofatclips(  295): Found widget: id=16908795 (android.widget.EditText@40645d40): Jul
D/nofatclips(  295): Found widget: id=16908796 (android.widget.NumberPickerButton@406651d0)
D/nofatclips(  295): Found widget: id=16908703 (android.widget.NumberPicker@40557ed8)
D/nofatclips(  295): Found widget: id=16908794 (android.widget.NumberPickerButton@405b8f70)
D/nofatclips(  295): Found widget: id=16908795 (android.widget.EditText@405b9450): 28
D/nofatclips(  295): Found widget: id=16908796 (android.widget.NumberPickerButton@40681900)
D/nofatclips(  295): Found widget: id=16908704 (android.widget.NumberPicker@40681ed0)
D/nofatclips(  295): Found widget: id=16908794 (android.widget.NumberPickerButton@40682140)
D/nofatclips(  295): Found widget: id=16908795 (android.widget.EditText@4068c6e8): 2014
D/nofatclips(  295): Found widget: id=16908796 (android.widget.NumberPickerButton@406f3da8)
D/nofatclips(  295): Found widget: id=16908674 (android.widget.LinearLayout@406d3630)
D/nofatclips(  295): Found widget: id=-1 (android.widget.LinearLayout@406d39b8)
D/nofatclips(  295): Found widget: id=16908675 (android.widget.LinearLayout@406d3bd8)
D/nofatclips(  295): Found widget: id=16908313 (android.widget.Button@40736b58): Set
D/nofatclips(  295): Found widget: id=16908315 (android.widget.Button@40737190): 
D/nofatclips(  295): Found widget: id=16908314 (android.widget.Button@407379f8): Cancel
D/nofatclips(  295): Found widget: id=16908676 (android.widget.LinearLayout@406ab8d0)
D/nofatclips(  295): Found widget: id=-1 (com.android.internal.policy.impl.PhoneWindow$DecorView@407b06b8)
V/ReflectionHelper(  295): android.widget.NumberPicker > mOnFocusChangeListener FOUND | NOT ACTIVE
V/ReflectionHelper(  295): android.widget.EditText > mOnFocusChangeListener FOUND | ACTIVE
V/nicola  (  295): TextualID : null
V/nicola  (  295): ContentType detected : default
V/ReflectionHelper(  295): android.widget.NumberPicker > mOnFocusChangeListener FOUND | NOT ACTIVE
V/ReflectionHelper(  295): android.widget.EditText > mOnFocusChangeListener FOUND | ACTIVE
V/nicola  (  295): TextualID : null
V/nicola  (  295): ContentType detected : number
V/ReflectionHelper(  295): android.widget.NumberPicker > mOnFocusChangeListener FOUND | NOT ACTIVE
V/ReflectionHelper(  295): android.widget.EditText > mOnFocusChangeListener FOUND | ACTIVE
V/nicola  (  295): TextualID : null
V/nicola  (  295): ContentType detected : number
V/nicola  (  295): TextualID : null
V/nicola  (  295): ContentType detected : default
V/nicola  (  295): TextualID : null
V/nicola  (  295): ContentType detected : default
I/nofatclips(  295): Performing comparation for activity EditPost
D/nofatclips(  295): Comparing against activity EditPost
D/nofatclips(  295): Comparing against activity EditPost
D/nofatclips(  295): Comparing against activity EditPost
D/nofatclips(  295): Comparing against activity EditPost
D/nofatclips(  295): Comparing against activity EditPost
D/nofatclips(  295): Comparing against activity EditPost
D/nofatclips(  295): Comparing against activity EditPost
D/nofatclips(  295): Comparing against activity EditPost
D/nofatclips(  295): Comparing against activity EditPost
I/nofatclips(  295): Registering activity EditPost (id: a11) as a new found state
D/nofatclips(  295): Performing backup of the old activity list on disk
D/nofatclips(  295): Saving new found state 'a11' on disk
V/nofatclips(  295): Opening state file in append mode.
D/dalvikvm(  295): GC_EXTERNAL_ALLOC freed 1441K, 54% free 3726K/8071K, external 3381K/3556K, paused 127ms
I/nofatclips(  295): Saved image on disk: a11.jpg
I/nofatclips(  295): Waiting for 100 msec.
I/nofatclips(  295): Session count is 1. Will dump to disk at 1
I/nofatclips(  295): Saving the session on disk.
I/nofatclips(  295): Planning for new Activity EditPost
D/nofatclips(  295): Handling event 'click' on widget id=16908794 type=button name=
D/nofatclips(  295): Handling event 'focus' on widget id=16908795 type=focusableEditText name=
D/nofatclips(  295): Handling event 'click' on widget id=16908796 type=button name=
D/nofatclips(  295): Handling event 'click' on widget id=16908794 type=button name=
D/nofatclips(  295): Handling event 'focus' on widget id=16908795 type=focusableEditText name=
D/nofatclips(  295): Handling event 'click' on widget id=16908796 type=button name=
D/nofatclips(  295): Handling event 'click' on widget id=16908794 type=button name=
D/nofatclips(  295): Handling event 'focus' on widget id=16908795 type=focusableEditText name=
D/nofatclips(  295): Handling event 'click' on widget id=16908796 type=button name=
D/nofatclips(  295): Handling event 'click' on widget id=16908313 type=button name=Set
D/nofatclips(  295): Handling event 'click' on widget id=16908314 type=button name=Cancel
I/nofatclips(  295): Created trace to press the back button
I/nofatclips(  295): Created trace to press the menu button
I/nofatclips(  295): Created trace to change orientation
D/dalvikvm(  295): GC_CONCURRENT freed 1503K, 53% free 3807K/8071K, external 3741K/4671K, paused 4ms+4ms
I/nofatclips(  295): Check for termination: 90 steps left of 100
I/nofatclips(  295): Dispatching new task. 2 more tasks remaining.
D/nofatclips(  295): Performing backup of the old task list on disk
D/nofatclips(  295): Saving task list on disk
V/nofatclips(  295): Backing up trace #108 to disk.
V/nofatclips(  295): Backing up trace #109 to disk.
D/nofatclips(  295): Deleting backup of the old task list from disk
D/nofatclips(  295): Deleting backup of the old activity list from disk
I/nofatclips(  295): Incrementally Playing Trace 109
I/nofatclips(  295): Retrieved from return list id=16908314
D/nofatclips(  295): Testing for type (android.widget.Button) against the original (android.widget.Button)
D/nofatclips(  295): Testing for name (Cancel) against the original (Cancel)
I/nofatclips(  295): Firing event: type= click index=30 widget=android.widget.Button
W/KeyCharacterMap(  295): No keyboard for id 0
W/KeyCharacterMap(  295): Using default keymap: /system/usr/keychars/qwerty.kcm.bin
D/nofatclips(  295): Event description: Cancel
I/nofatclips(  295): Waiting for 100 msec.
I/nofatclips(  295): Current activity is EditPost
I/nofatclips(  295): Retrieving widgets
D/nofatclips(  295): Found widget: id=-1 (android.widget.LinearLayout@4054fe08)
D/nofatclips(  295): Found widget: id=-1 (android.widget.FrameLayout@40536518)
D/nofatclips(  295): Found widget: id=16908310 (android.widget.TextView@4054bc08): Katie&#039;s Sweet Testing Blog - New Page
D/nofatclips(  295): Found widget: id=16908290 (android.widget.FrameLayout@405760a8)
D/nofatclips(  295): Found widget: id=2131165298 (android.widget.ScrollView@40551b30)
D/nofatclips(  295): Found widget: id=-1 (android.widget.LinearLayout@40620450)
D/nofatclips(  295): Found widget: id=2131165209 (android.widget.RelativeLayout@4061bc18)
D/nofatclips(  295): Found widget: id=2131165210 (android.widget.TextView@40596fd0): Page Content
D/nofatclips(  295): Found widget: id=2131165236 (android.widget.EditText@405d40e0): 90
D/nofatclips(  295): Found widget: id=2131165265 (org.wordpress.android.util.WPEditText@405d8008): 
D/nofatclips(  295): Found widget: id=2131165288 (android.widget.RelativeLayout@40539938)
D/nofatclips(  295): Found widget: id=2131165278 (android.widget.TextView@405fc628): Status
D/nofatclips(  295): Found widget: id=2131165279 (android.widget.TextView@405682b0): Status:
D/nofatclips(  295): Found widget: id=2131165280 (android.widget.Spinner@405836b0)
D/nofatclips(  295): Found widget: id=16908308 (android.widget.TextView@405da6c8): Draft
D/nofatclips(  295): Found widget: id=2131165281 (android.widget.TextView@4057fed8): Publish:
D/nofatclips(  295): Found widget: id=2131165282 (android.widget.TextView@405d7100): Immediately
D/nofatclips(  295): Found widget: id=2131165283 (android.widget.Button@405fe190): Edit
D/nofatclips(  295): Found widget: id=2131165266 (android.widget.RelativeLayout@40540848)
D/nofatclips(  295): Found widget: id=2131165216 (android.widget.TextView@40638690): Password (optional)
D/nofatclips(  295): Found widget: id=2131165286 (android.widget.EditText@405e6b20): 45
D/nofatclips(  295): Found widget: id=2131165287 (android.widget.Button@4062cec0): Save
D/nofatclips(  295): Found widget: id=-1 (com.android.internal.policy.impl.PhoneWindow$DecorView@4052de38)
V/nicola  (  295): TextualID : null
V/nicola  (  295): ContentType detected : default
V/nicola  (  295): TextualID : l_section1
V/nicola  (  295): ContentType detected : default
V/ReflectionHelper(  295): android.widget.EditText > mOnFocusChangeListener FOUND | NOT ACTIVE
V/nicola  (  295): TextualID : title
V/nicola  (  295): ContentType detected : default
V/ReflectionHelper(  295): org.wordpress.android.util.WPEditText > mOnFocusChangeListener FOUND | ACTIVE
V/nicola  (  295): TextualID : postContent
V/nicola  (  295): ContentType detected : default
V/nicola  (  295): TextualID : l_status
V/nicola  (  295): ContentType detected : default
V/nicola  (  295): TextualID : statusLabel
V/nicola  (  295): ContentType detected : default
V/nicola  (  295): TextualID : null
V/nicola  (  295): ContentType detected : default
V/nicola  (  295): TextualID : pubDateLabel
V/nicola  (  295): ContentType detected : default
V/nicola  (  295): TextualID : pubDate
V/nicola  (  295): ContentType detected : default
V/nicola  (  295): TextualID : pubDateButton
V/nicola  (  295): ContentType detected : default
V/nicola  (  295): TextualID : l_password
V/nicola  (  295): ContentType detected : default
V/ReflectionHelper(  295): android.widget.EditText > mOnFocusChangeListener FOUND | NOT ACTIVE
V/nicola  (  295): TextualID : post_password
V/nicola  (  295): ContentType detected : default
V/nicola  (  295): TextualID : post
V/nicola  (  295): ContentType detected : default
I/nofatclips(  295): Performing comparation for activity EditPost
D/nofatclips(  295): Comparing against activity EditPost
D/nofatclips(  295): Comparing against activity EditPost
D/nofatclips(  295): Comparing against activity EditPost
D/nofatclips(  295): Comparing against activity EditPost
D/nofatclips(  295): Comparing against activity EditPost
D/nofatclips(  295): Comparing against activity EditPost
D/nofatclips(  295): Comparing against activity EditPost
D/nofatclips(  295): Comparing against activity EditPost
D/nofatclips(  295): Comparing against activity EditPost
D/nofatclips(  295): Comparing against activity EditPost
I/nofatclips(  295): Registering activity EditPost (id: a12) as a new found state
D/nofatclips(  295): Performing backup of the old activity list on disk
D/nofatclips(  295): Saving new found state 'a12' on disk
V/nofatclips(  295): Opening state file in append mode.
D/dalvikvm(  295): GC_CONCURRENT freed 1727K, 54% free 3801K/8135K, external 3381K/4223K, paused 10ms+11ms
I/nofatclips(  295): Saved image on disk: a12.jpg
I/nofatclips(  295): Waiting for 100 msec.
I/nofatclips(  295): Session count is 1. Will dump to disk at 1
I/nofatclips(  295): Saving the session on disk.
I/nofatclips(  295): Planning for new Activity EditPost
D/nofatclips(  295): Handling event 'focus' on widget id=2131165265 type=focusableEditText name=Content
D/nofatclips(  295): Handling input 'writeText' on widget id=2131165236 type=editText name=Title
V/nofatclips(  295): Using value: 90
D/nofatclips(  295): Handling input 'writeText' on widget id=2131165286 type=editText name=Password (optional)
V/nofatclips(  295): Using value: 45
D/nofatclips(  295): Handling event selectSpinnerItem for items [1,5] on spinner #2131165280 count=5
D/nofatclips(  295): Handling input 'writeText' on widget id=2131165236 type=editText name=Title
V/nofatclips(  295): Using value: 90
D/nofatclips(  295): Handling input 'writeText' on widget id=2131165286 type=editText name=Password (optional)
V/nofatclips(  295): Using value: 45
D/nofatclips(  295): Handling input 'writeText' on widget id=2131165236 type=editText name=Title
V/nofatclips(  295): Using value: 90
D/nofatclips(  295): Handling input 'writeText' on widget id=2131165286 type=editText name=Password (optional)
V/nofatclips(  295): Using value: 45
D/nofatclips(  295): Handling input 'writeText' on widget id=2131165236 type=editText name=Title
V/nofatclips(  295): Using value: 90
D/nofatclips(  295): Handling input 'writeText' on widget id=2131165286 type=editText name=Password (optional)
V/nofatclips(  295): Using value: 45
D/nofatclips(  295): Handling input 'writeText' on widget id=2131165236 type=editText name=Title
V/nofatclips(  295): Using value: 90
D/nofatclips(  295): Handling input 'writeText' on widget id=2131165286 type=editText name=Password (optional)
V/nofatclips(  295): Using value: 45
D/nofatclips(  295): Handling input 'writeText' on widget id=2131165236 type=editText name=Title
V/nofatclips(  295): Using value: 90
D/nofatclips(  295): Handling input 'writeText' on widget id=2131165286 type=editText name=Password (optional)
V/nofatclips(  295): Using value: 45
D/nofatclips(  295): Handling event 'click' on widget id=2131165283 type=button name=Edit
D/nofatclips(  295): Handling input 'writeText' on widget id=2131165236 type=editText name=Title
V/nofatclips(  295): Using value: 90
D/nofatclips(  295): Handling input 'writeText' on widget id=2131165286 type=editText name=Password (optional)
V/nofatclips(  295): Using value: 45
D/nofatclips(  295): Handling event 'click' on widget id=2131165287 type=button name=Save
D/nofatclips(  295): Handling input 'writeText' on widget id=2131165236 type=editText name=Title
V/nofatclips(  295): Using value: 90
D/nofatclips(  295): Handling input 'writeText' on widget id=2131165286 type=editText name=Password (optional)
V/nofatclips(  295): Using value: 45
I/nofatclips(  295): Created trace to press the back button
I/nofatclips(  295): Created trace to press the menu button
I/nofatclips(  295): Created trace to change orientation
D/dalvikvm(  295): GC_CONCURRENT freed 1485K, 53% free 3869K/8135K, external 3981K/4223K, paused 5ms+5ms
I/dalvikvm(  295): Jit: resizing JitTable from 2048 to 4096
I/nofatclips(  295): Check for termination: 89 steps left of 100
I/nofatclips(  295): Dispatching new task. 2 more tasks remaining.
D/nofatclips(  295): Performing backup of the old task list on disk
D/nofatclips(  295): Saving task list on disk
V/nofatclips(  295): Backing up trace #119 to disk.
V/nofatclips(  295): Backing up trace #120 to disk.
D/nofatclips(  295): Deleting backup of the old task list from disk
D/nofatclips(  295): Deleting backup of the old activity list from disk
I/nofatclips(  295): Incrementally Playing Trace 120
D/nofatclips(  295): Setting input: type= writeText id=2131165236 value=90
D/nofatclips(  295): Added to return list id=2131165236
I/nofatclips(  295): Retrieved from return list id=2131165236
D/nofatclips(  295): Testing for type (android.widget.EditText) against the original (android.widget.EditText)
D/nofatclips(  295): Testing for name (Title) against the original (Title)
W/KeyCharacterMap(  295): No keyboard for id 0
W/KeyCharacterMap(  295): Using default keymap: /system/usr/keychars/qwerty.kcm.bin
D/nofatclips(  295): Setting input: type= writeText id=2131165286 value=45
D/nofatclips(  295): Added to return list id=2131165286
I/nofatclips(  295): Retrieved from return list id=2131165286
D/nofatclips(  295): Testing for type (android.widget.EditText) against the original (android.widget.EditText)
D/nofatclips(  295): Testing for name (Password (optional)) against the original (Password (optional))
I/nofatclips(  295): Retrieved from return list id=2131165265
D/nofatclips(  295): Testing for type (org.wordpress.android.util.WPEditText) against the original (org.wordpress.android.util.WPEditText)
D/nofatclips(  295): Testing for name (Content) against the original (Content)
I/nofatclips(  295): Firing event: type= focus index=9 widget=org.wordpress.android.util.WPEditText
I/ActivityManager(   61): Starting: Intent { flg=0x10000 cmp=org.wordpress.android/.EditContent } from pid 295
I/ActivityManager(   61): Displayed org.wordpress.android/.EditContent: +823ms
D/nofatclips(  295): Event description: 
D/dalvikvm(  295): GC_CONCURRENT freed 1708K, 54% free 3831K/8199K, external 3038K/3774K, paused 17ms+16ms
I/nofatclips(  295): Waiting for 100 msec.
I/nofatclips(  295): Current activity is EditContent
I/nofatclips(  295): Retrieving widgets
D/nofatclips(  295): Found widget: id=16908290 (android.widget.FrameLayout@4074fcc0)
D/nofatclips(  295): Found widget: id=-1 (android.widget.LinearLayout@40606338)
D/nofatclips(  295): Found widget: id=-1 (android.widget.LinearLayout@40606558)
D/nofatclips(  295): Found widget: id=2131165265 (org.wordpress.android.util.WPEditText@406067f8): 
D/nofatclips(  295): Found widget: id=2131165289 (android.widget.RelativeLayout@40662490)
D/nofatclips(  295): Found widget: id=-1 (android.widget.HorizontalScrollView@40673078)
D/nofatclips(  295): Found widget: id=-1 (android.widget.RelativeLayout@40716c50)
D/nofatclips(  295): Found widget: id=2131165290 (android.widget.ToggleButton@40717458): B
D/nofatclips(  295): Found widget: id=2131165291 (android.widget.ToggleButton@405d63a0): I 
D/nofatclips(  295): Found widget: id=2131165292 (android.widget.ToggleButton@406ed640):  U 
D/nofatclips(  295): Found widget: id=2131165293 (android.widget.ToggleButton@407a9948):  ABC 
D/nofatclips(  295): Found widget: id=2131165294 (android.widget.Button@407aa688):  link 
D/nofatclips(  295): Found widget: id=2131165295 (android.widget.ToggleButton@4067e698): "
D/nofatclips(  295): Found widget: id=2131165296 (android.widget.Button@407af890): More
D/nofatclips(  295): Found widget: id=2131165297 (android.widget.ImageButton@407b0388)
D/nofatclips(  295): Found widget: id=-1 (com.android.internal.policy.impl.PhoneWindow$DecorView@4074f9b8)
V/ReflectionHelper(  295): org.wordpress.android.util.WPEditText > mOnFocusChangeListener FOUND | ACTIVE
V/nicola  (  295): TextualID : postContent
V/nicola  (  295): ContentType detected : default
V/nicola  (  295): TextualID : bold
V/nicola  (  295): ContentType detected : default
V/nicola  (  295): TextualID : em
V/nicola  (  295): ContentType detected : default
V/nicola  (  295): TextualID : underline
V/nicola  (  295): ContentType detected : default
V/nicola  (  295): TextualID : strike
V/nicola  (  295): ContentType detected : default
V/nicola  (  295): TextualID : link
V/nicola  (  295): ContentType detected : default
V/nicola  (  295): TextualID : bquote
V/nicola  (  295): ContentType detected : default
V/nicola  (  295): TextualID : more
V/nicola  (  295): ContentType detected : default
I/nofatclips(  295): Performing comparation for activity EditContent
D/nofatclips(  295): Comparing against activity EditPost
D/nofatclips(  295): Comparing against activity EditPost
D/nofatclips(  295): Comparing against activity EditPost
D/nofatclips(  295): Comparing against activity EditPost
D/nofatclips(  295): Comparing against activity EditPost
D/nofatclips(  295): Comparing against activity EditPost
D/nofatclips(  295): Comparing against activity EditPost
D/nofatclips(  295): Comparing against activity EditPost
D/nofatclips(  295): Comparing against activity EditPost
D/nofatclips(  295): Comparing against activity EditPost
D/nofatclips(  295): Comparing against activity EditPost
I/nofatclips(  295): Registering activity EditContent (id: a13) as a new found state
D/nofatclips(  295): Performing backup of the old activity list on disk
D/nofatclips(  295): Saving new found state 'a13' on disk
V/nofatclips(  295): Opening state file in append mode.
D/dalvikvm(  295): GC_EXTERNAL_ALLOC freed 734K, 54% free 3806K/8199K, external 3634K/3774K, paused 179ms
I/nofatclips(  295): Saved image on disk: a13.jpg
I/nofatclips(  295): Waiting for 100 msec.
I/nofatclips(  295): Session count is 1. Will dump to disk at 1
I/nofatclips(  295): Saving the session on disk.
I/nofatclips(  295): Planning for new Activity EditContent
D/nofatclips(  295): Handling event 'focus' on widget id=2131165265 type=focusableEditText name=Content
D/nofatclips(  295): Handling event 'click' on widget id=2131165290 type=toggle name=B
D/nofatclips(  295): Handling event 'click' on widget id=2131165291 type=toggle name=I 
D/nofatclips(  295): Handling event 'click' on widget id=2131165292 type=toggle name= U 
D/nofatclips(  295): Handling event 'click' on widget id=2131165293 type=toggle name= ABC 
D/nofatclips(  295): Handling event 'click' on widget id=2131165294 type=button name= link 
D/nofatclips(  295): Handling event 'click' on widget id=2131165295 type=toggle name="
D/nofatclips(  295): Handling event 'click' on widget id=2131165296 type=button name=More
D/nofatclips(  295): Handling event 'click' on widget id=2131165297 type=button name=
I/nofatclips(  295): Created trace to press the back button
I/nofatclips(  295): Created trace to press the menu button
I/nofatclips(  295): Created trace to change orientation
D/dalvikvm(  295): GC_CONCURRENT freed 1371K, 53% free 3910K/8199K, external 4234K/5287K, paused 4ms+4ms
I/nofatclips(  295): Check for termination: 88 steps left of 100
I/nofatclips(  295): Dispatching new task. 2 more tasks remaining.
D/nofatclips(  295): Performing backup of the old task list on disk
D/nofatclips(  295): Saving task list on disk
V/nofatclips(  295): Backing up trace #131 to disk.
V/nofatclips(  295): Backing up trace #132 to disk.
D/nofatclips(  295): Deleting backup of the old task list from disk
D/nofatclips(  295): Deleting backup of the old activity list from disk
I/nofatclips(  295): Incrementally Playing Trace 132
I/nofatclips(  295): Retrieved from return list id=2131165294
D/nofatclips(  295): Testing for type (android.widget.Button) against the original (android.widget.Button)
D/nofatclips(  295): Testing for name ( link ) against the original ( link )
I/nofatclips(  295): Firing event: type= click index=11 widget=android.widget.Button
W/KeyCharacterMap(  295): No keyboard for id 0
W/KeyCharacterMap(  295): Using default keymap: /system/usr/keychars/qwerty.kcm.bin
W/KeyCharacterMap(  116): No keyboard for id 0
W/KeyCharacterMap(  116): Using default keymap: /system/usr/keychars/qwerty.kcm.bin
D/nofatclips(  295): Event description:  link 
I/ActivityManager(   61): Starting: Intent { cmp=org.wordpress.android/.Link } from pid 295
I/nofatclips(  295): Waiting for 100 msec.
I/nofatclips(  295): Current activity is Link
I/nofatclips(  295): Retrieving widgets
D/nofatclips(  295): Found widget: id=-1 (android.widget.LinearLayout@40707e18)
D/nofatclips(  295): Found widget: id=16908310 (android.widget.TextView@407ea6d0): Create a Link
D/nofatclips(  295): Found widget: id=-1 (android.widget.FrameLayout@407eb230)
D/nofatclips(  295): Found widget: id=16908290 (android.widget.FrameLayout@407eb498)
D/nofatclips(  295): Found widget: id=-1 (android.widget.RelativeLayout@405bda90)
D/nofatclips(  295): Found widget: id=2131165303 (android.widget.EditText@405bde80): 
D/nofatclips(  295): Found widget: id=2131165304 (android.widget.EditText@407e89d0): 
D/nofatclips(  295): Found widget: id=2131165235 (android.widget.Button@405b7b20): OK
D/nofatclips(  295): Found widget: id=2131165220 (android.widget.Button@405b8428): Cancel
D/nofatclips(  295): Found widget: id=-1 (com.android.internal.policy.impl.PhoneWindow$DecorView@407079a0)
I/ActivityManager(   61): Displayed org.wordpress.android/.Link: +1s370ms
V/nicola  (  295): TextualID : null
V/nicola  (  295): ContentType detected : default
V/ReflectionHelper(  295): android.widget.EditText > mOnFocusChangeListener FOUND | NOT ACTIVE
V/nicola  (  295): TextualID : linkURL
V/nicola  (  295): ContentType detected : url
V/ReflectionHelper(  295): android.widget.EditText > mOnFocusChangeListener FOUND | NOT ACTIVE
V/nicola  (  295): TextualID : linkText
V/nicola  (  295): ContentType detected : default
V/nicola  (  295): TextualID : ok
V/nicola  (  295): ContentType detected : default
V/nicola  (  295): TextualID : cancel
V/nicola  (  295): ContentType detected : default
I/nofatclips(  295): Performing comparation for activity Link
D/nofatclips(  295): Comparing against activity EditPost
D/nofatclips(  295): Comparing against activity EditPost
D/nofatclips(  295): Comparing against activity EditPost
D/nofatclips(  295): Comparing against activity EditPost
D/nofatclips(  295): Comparing against activity EditPost
D/nofatclips(  295): Comparing against activity EditPost
D/nofatclips(  295): Comparing against activity EditPost
D/nofatclips(  295): Comparing against activity EditContent
D/nofatclips(  295): Comparing against activity EditPost
D/nofatclips(  295): Comparing against activity EditPost
D/nofatclips(  295): Comparing against activity EditPost
D/nofatclips(  295): Comparing against activity EditPost
I/nofatclips(  295): Registering activity Link (id: a14) as a new found state
D/nofatclips(  295): Performing backup of the old activity list on disk
D/nofatclips(  295): Saving new found state 'a14' on disk
V/nofatclips(  295): Opening state file in append mode.
D/dalvikvm(  123): GC_CONCURRENT freed 226K, 51% free 2809K/5703K, external 958K/1038K, paused 20ms+161ms
D/dalvikvm(  295): GC_EXTERNAL_ALLOC freed 1639K, 53% free 3903K/8199K, external 3754K/3794K, paused 144ms
I/nofatclips(  295): Saved image on disk: a14.jpg
I/nofatclips(  295): Waiting for 100 msec.
I/nofatclips(  295): Session count is 1. Will dump to disk at 1
I/nofatclips(  295): Saving the session on disk.
I/nofatclips(  295): Planning for new Activity Link
D/nofatclips(  295): Handling event 'click' on widget id=2131165235 type=button name=OK
D/nofatclips(  295): Handling input 'writeText' on widget id=2131165303 type=editText name=URL
V/nofatclips(  295): Using value: 55
D/nofatclips(  295): Handling input 'writeText' on widget id=2131165304 type=editText name=Link Text (optional)
V/nofatclips(  295): Using value: 56
D/nofatclips(  295): Handling event 'click' on widget id=2131165220 type=button name=Cancel
D/nofatclips(  295): Handling input 'writeText' on widget id=2131165303 type=editText name=URL
V/nofatclips(  295): Using value: 55
D/nofatclips(  295): Handling input 'writeText' on widget id=2131165304 type=editText name=Link Text (optional)
V/nofatclips(  295): Using value: 56
I/nofatclips(  295): Created trace to press the back button
I/nofatclips(  295): Created trace to press the menu button
I/nofatclips(  295): Created trace to change orientation
I/nofatclips(  295): Check for termination: 87 steps left of 100
I/nofatclips(  295): Dispatching new task. 2 more tasks remaining.
D/nofatclips(  295): Performing backup of the old task list on disk
D/nofatclips(  295): Saving task list on disk
V/nofatclips(  295): Backing up trace #136 to disk.
V/nofatclips(  295): Backing up trace #137 to disk.
D/nofatclips(  295): Deleting backup of the old task list from disk
D/nofatclips(  295): Deleting backup of the old activity list from disk
I/nofatclips(  295): Incrementally Playing Trace 137
D/nofatclips(  295): Setting input: type= writeText id=2131165303 value=55
D/nofatclips(  295): Added to return list id=2131165303
I/nofatclips(  295): Retrieved from return list id=2131165303
D/nofatclips(  295): Testing for type (android.widget.EditText) against the original (android.widget.EditText)
D/nofatclips(  295): Testing for name (URL) against the original (URL)
W/KeyCharacterMap(  295): No keyboard for id 0
W/KeyCharacterMap(  295): Using default keymap: /system/usr/keychars/qwerty.kcm.bin
D/nofatclips(  295): Setting input: type= writeText id=2131165304 value=56
D/nofatclips(  295): Added to return list id=2131165304
I/nofatclips(  295): Retrieved from return list id=2131165304
D/nofatclips(  295): Testing for type (android.widget.EditText) against the original (android.widget.EditText)
D/nofatclips(  295): Testing for name (Link Text (optional)) against the original (Link Text (optional))
I/nofatclips(  295): Retrieved from return list id=2131165220
D/nofatclips(  295): Testing for type (android.widget.Button) against the original (android.widget.Button)
D/nofatclips(  295): Testing for name (Cancel) against the original (Cancel)
I/nofatclips(  295): Firing event: type= click index=8 widget=android.widget.Button
D/nofatclips(  295): Event description: Cancel
I/nofatclips(  295): Waiting for 100 msec.
D/AndroidRuntime(  295): Shutting down VM
W/dalvikvm(  295): threadid=1: thread exiting with uncaught exception (group=0x40015560)
E/AndroidRuntime(  295): FATAL EXCEPTION: main
E/AndroidRuntime(  295): java.lang.RuntimeException: Failure delivering result ResultInfo{who=null, request=4, result=0, data=Intent {  }} to activity {org.wordpress.android/org.wordpress.android.EditContent}: java.lang.NullPointerException
E/AndroidRuntime(  295): 	at android.app.ActivityThread.deliverResults(ActivityThread.java:2532)
E/AndroidRuntime(  295): 	at android.app.ActivityThread.handleSendResult(ActivityThread.java:2574)
E/AndroidRuntime(  295): 	at android.app.ActivityThread.access$2000(ActivityThread.java:117)
E/AndroidRuntime(  295): 	at android.app.ActivityThread$H.handleMessage(ActivityThread.java:961)
E/AndroidRuntime(  295): 	at android.os.Handler.dispatchMessage(Handler.java:99)
E/AndroidRuntime(  295): 	at android.os.Looper.loop(Looper.java:123)
E/AndroidRuntime(  295): 	at android.app.ActivityThread.main(ActivityThread.java:3683)
E/AndroidRuntime(  295): 	at java.lang.reflect.Method.invokeNative(Native Method)
E/AndroidRuntime(  295): 	at java.lang.reflect.Method.invoke(Method.java:507)
E/AndroidRuntime(  295): 	at com.android.internal.os.ZygoteInit$MethodAndArgsCaller.run(ZygoteInit.java:839)
E/AndroidRuntime(  295): 	at com.android.internal.os.ZygoteInit.main(ZygoteInit.java:597)
E/AndroidRuntime(  295): 	at dalvik.system.NativeStart.main(Native Method)
E/AndroidRuntime(  295): Caused by: java.lang.NullPointerException
E/AndroidRuntime(  295): 	at org.wordpress.android.EditContent.onActivityResult(EditContent.java:826)
E/AndroidRuntime(  295): 	at android.app.Activity.dispatchActivityResult(Activity.java:3908)
E/AndroidRuntime(  295): 	at android.app.ActivityThread.deliverResults(ActivityThread.java:2528)
E/AndroidRuntime(  295): 	... 11 more
W/ActivityManager(   61): Error in app org.wordpress.android running instrumentation ComponentInfo{com.nofatclips.crawler/android.test.InstrumentationTestRunner}:
W/ActivityManager(   61):   java.lang.NullPointerException
W/ActivityManager(   61):   java.lang.NullPointerException: Failure delivering result ResultInfo{who=null, request=4, result=0, data=Intent {  }} to activity {org.wordpress.android/org.wordpress.android.EditContent}: java.lang.NullPointerException
D/AndroidRuntime(  256): Shutting down VM
I/AndroidRuntime(  256): NOTE: attach of thread 'Binder Thread #3' failed
I/ActivityManager(   61): Force stopping package org.wordpress.android uid=10034
D/dalvikvm(  256): GC_CONCURRENT freed 105K, 71% free 297K/1024K, external 0K/0K, paused 4ms+2ms
D/jdwp    (  256): adbd disconnected
I/Process (   61): Sending signal. PID: 295 SIG: 9
I/ActivityManager(   61):   Force finishing activity HistoryRecord{40745c48 org.wordpress.android/.EditPost}
I/ActivityManager(   61):   Force finishing activity HistoryRecord{4059ef40 org.wordpress.android/.Dashboard}
E/InputDispatcher(   61): channel '40690968 org.wordpress.android/org.wordpress.android.Dashboard (server)' ~ Consumer closed input channel or an error occurred.  events=0x8
E/InputDispatcher(   61): channel '40690968 org.wordpress.android/org.wordpress.android.Dashboard (server)' ~ Channel is unrecoverably broken and will be disposed!
I/WindowManager(   61): Setting rotation to 0, animFlags=1
I/WindowManager(   61): WIN DEATH: Window{40690968 org.wordpress.android/org.wordpress.android.Dashboard paused=true}
I/WindowManager(   61): WIN DEATH: Window{406a7908 org.wordpress.android/org.wordpress.android.EditPost paused=true}
I/WindowManager(   61): WIN DEATH: Window{405ce120 org.wordpress.android/org.wordpress.android.EditContent paused=false}
I/WindowManager(   61): WIN DEATH: Window{40690498 org.wordpress.android/org.wordpress.android.Link paused=false}
E/InputDispatcher(   61): Received spurious receive callback for unknown input channel.  fd=168, events=0x8
E/InputDispatcher(   61): Received spurious receive callback for unknown input channel.  fd=134, events=0x8
E/InputDispatcher(   61): Received spurious receive callback for unknown input channel.  fd=173, events=0x8
I/ActivityManager(   61): Config changed: { scale=1.0 imsi=310/260 loc=en_US touch=3 keys=2/1/2 nav=1/1 orien=1 layout=18 uiMode=17 seq=6}
W/InputManagerService(   61): Got RemoteException sending setActive(false) notification to pid 295 uid 10034
I/DEBUG   (   31): debuggerd: Feb  3 2011 14:45:34
D/qemud   (   38): entering main loop
I/Vold    (   29): Vold 2.1 (the revenge) firing up
I/Netd    (   30): Netd 1.0 starting
D/Vold    (   29): USB mass storage support is not enabled in the kernel
D/Vold    (   29): usb_configuration switch is not enabled in the kernel
D/Vold    (   29): Volume sdcard state changing -1 (Initializing) -> 0 (No-Media)
D/Vold    (   29): Volume sdcard state changing 0 (No-Media) -> 1 (Idle-Unmounted)
D/qemud   (   38): fdhandler_accept_event: accepting on fd 9
D/qemud   (   38): created client 0xe078 listening on fd 10
D/qemud   (   38): client_fd_receive: attempting registration for service 'boot-properties'
D/qemud   (   38): client_fd_receive:    -> received channel id 1
D/qemud   (   38): client_registration: registration succeeded for client 1
I/qemu-props(   52): connected to 'boot-properties' qemud service.
I/qemu-props(   52): receiving..
I/qemu-props(   52): received: dalvik.vm.heapsize=64m
I/qemu-props(   52): receiving..
I/qemu-props(   52): received: ro.config.low_ram=true
I/qemu-props(   52): receiving..
I/qemu-props(   52): received: qemu.sf.lcd_density=160
I/qemu-props(   52): receiving..
I/qemu-props(   52): received: qemu.hw.mainkeys=0
I/qemu-props(   52): receiving..
I/qemu-props(   52): received: qemu.sf.fake_camera=none
I/qemu-props(   52): receiving..
I/qemu-props(   52): exiting (5 properties set).
D/qemud   (   38): fdhandler_event: disconnect on fd 10
D/qemud   (   38): fdhandler_accept_event: accepting on fd 9
D/qemud   (   38): created client 0xe078 listening on fd 10
D/qemud   (   38): fdhandler_event: disconnect on fd 10
D/qemud   (   38): fdhandler_accept_event: accepting on fd 9
D/qemud   (   38): created client 0xe078 listening on fd 10
D/qemud   (   38): client_fd_receive: attempting registration for service 'gsm'
D/qemud   (   38): client_fd_receive:    -> received channel id 2
D/qemud   (   38): client_registration: registration succeeded for client 2
D/AndroidRuntime(   33): 
D/AndroidRuntime(   33): >>>>>> AndroidRuntime START com.android.internal.os.ZygoteInit <<<<<<
D/AndroidRuntime(   33): CheckJNI is ON
I/        (   34): ServiceManager: 0xad50
D/AudioHardwareInterface(   34): setMode(NORMAL)
I/CameraService(   34): CameraService started (pid=34)
I/AudioFlinger(   34): AudioFlinger's thread 0xc658 ready to run
I/SamplingProfilerIntegration(   33): Profiler is disabled.
I/Zygote  (   33): Preloading classes...
E/Zygote  (   33): setreuid() failed. errno: 2
D/dalvikvm(   33): GC_EXPLICIT freed 47K, 78% free 234K/1024K, external 0K/0K, paused 9ms
D/dalvikvm(   33): GC_EXPLICIT freed 1K, 73% free 284K/1024K, external 0K/0K, paused 5ms
D/dalvikvm(   33): GC_EXPLICIT freed 22K, 69% free 318K/1024K, external 0K/0K, paused 6ms
D/dalvikvm(   33): GC_EXPLICIT freed 17K, 66% free 356K/1024K, external 0K/0K, paused 5ms
D/dalvikvm(   33): GC_EXPLICIT freed 26K, 63% free 385K/1024K, external 0K/0K, paused 6ms
D/dalvikvm(   33): GC_EXPLICIT freed 20K, 57% free 441K/1024K, external 0K/0K, paused 6ms
W/MediaProfiles(   33): could not find media config xml file
D/dalvikvm(   33): GC_EXPLICIT freed 99K, 47% free 547K/1024K, external 0K/0K, paused 6ms
D/dalvikvm(   33): GC_EXPLICIT freed 272K, 28% free 885K/1219K, external 0K/0K, paused 12ms
D/dalvikvm(   33): GC_EXPLICIT freed 21K, 24% free 932K/1219K, external 0K/0K, paused 10ms
D/RenderScript_jni(   33): RenderScript JNI library not found!
D/dalvikvm(   33): GC_EXPLICIT freed 25K, 19% free 999K/1219K, external 0K/0K, paused 10ms
D/dalvikvm(   33): GC_EXPLICIT freed 47K, 5% free 1281K/1347K, external 0K/0K, paused 15ms
D/dalvikvm(   33): GC_EXPLICIT freed 24K, 3% free 1311K/1347K, external 0K/0K, paused 18ms
D/dalvikvm(   33): GC_EXPLICIT freed 28K, 6% free 1336K/1411K, external 0K/0K, paused 18ms
D/dalvikvm(   33): GC_EXPLICIT freed 14K, 3% free 1377K/1411K, external 0K/0K, paused 18ms
D/dalvikvm(   33): GC_EXPLICIT freed 28K, 5% free 1402K/1475K, external 0K/0K, paused 17ms
D/dalvikvm(   33): GC_EXPLICIT freed 28K, 3% free 1439K/1475K, external 0K/0K, paused 17ms
D/dalvikvm(   33): GC_EXPLICIT freed 38K, 6% free 1457K/1539K, external 0K/0K, paused 18ms
D/dalvikvm(   33): GC_EXPLICIT freed 40K, 5% free 1471K/1539K, external 0K/0K, paused 17ms
D/dalvikvm(   33): GC_EXPLICIT freed 55K, 8% free 1485K/1603K, external 0K/0K, paused 17ms
D/dalvikvm(   33): GC_FOR_MALLOC freed 2954K, 58% free 2168K/5123K, external 0K/0K, paused 54ms
D/dalvikvm(   33): GC_EXPLICIT freed 1403K, 55% free 2310K/5123K, external 0K/0K, paused 38ms
D/dalvikvm(   33): GC_EXPLICIT freed 148K, 54% free 2373K/5123K, external 0K/0K, paused 31ms
D/dalvikvm(   33): GC_EXPLICIT freed 73K, 54% free 2398K/5123K, external 0K/0K, paused 30ms
D/dalvikvm(   33): GC_EXPLICIT freed 36K, 53% free 2416K/5123K, external 0K/0K, paused 29ms
D/dalvikvm(   33): GC_EXPLICIT freed 31K, 53% free 2439K/5123K, external 0K/0K, paused 29ms
D/dalvikvm(   33): GC_EXPLICIT freed 38K, 52% free 2462K/5123K, external 0K/0K, paused 30ms
I/Zygote  (   33): ...preloaded 1830 classes in 5997ms.
E/Zygote  (   33): setreuid() failed. errno: 17
D/dalvikvm(   33): GC_EXPLICIT freed 18K, 52% free 2460K/5123K, external 0K/0K, paused 29ms
I/Zygote  (   33): Preloading resources...
D/dalvikvm(   33): GC_EXTERNAL_ALLOC freed <1K, 52% free 2462K/5123K, external 0K/0K, paused 30ms
W/Zygote  (   33): Preloaded drawable resource #0x1080093 (res/drawable-mdpi/sym_def_app_icon.png) that varies with configuration!!
W/Zygote  (   33): Preloaded drawable resource #0x1080002 (res/drawable-mdpi/arrow_down_float.png) that varies with configuration!!
W/Zygote  (   33): Preloaded drawable resource #0x10800b4 (res/drawable/btn_check.xml) that varies with configuration!!
W/Zygote  (   33): Preloaded drawable resource #0x10800b7 (res/drawable-mdpi/btn_check_label_background.9.png) that varies with configuration!!
W/Zygote  (   33): Preloaded drawable resource #0x10800b8 (res/drawable-mdpi/btn_check_off.png) that varies with configuration!!
W/Zygote  (   33): Preloaded drawable resource #0x10800bd (res/drawable-mdpi/btn_check_on.png) that varies with configuration!!
W/Zygote  (   33): Preloaded drawable resource #0x1080004 (res/drawable/btn_default.xml) that varies with configuration!!
W/Zygote  (   33): Preloaded drawable resource #0x1080005 (res/drawable/btn_default_small.xml) that varies with configuration!!
W/Zygote  (   33): Preloaded drawable resource #0x1080006 (res/drawable/btn_dropdown.xml) that varies with configuration!!
W/Zygote  (   33): Preloaded drawable resource #0x1080008 (res/drawable/btn_plus.xml) that varies with configuration!!
W/Zygote  (   33): Preloaded drawable resource #0x1080007 (res/drawable/btn_minus.xml) that varies with configuration!!
W/Zygote  (   33): Preloaded drawable resource #0x1080009 (res/drawable/btn_radio.xml) that varies with configuration!!
W/Zygote  (   33): Preloaded drawable resource #0x108000a (res/drawable/btn_star.xml) that varies with configuration!!
D/dalvikvm(   33): GC_EXPLICIT freed 25K, 52% free 2499K/5123K, external 408K/521K, paused 32ms
W/Zygote  (   33): Preloaded drawable resource #0x1080132 (res/drawable/btn_toggle.xml) that varies with configuration!!
W/Zygote  (   33): Preloaded drawable resource #0x1080196 (res/drawable-mdpi/ic_emergency.png) that varies with configuration!!
W/Zygote  (   33): Preloaded drawable resource #0x1080012 (res/drawable-mdpi/divider_horizontal_bright.9.png) that varies with configuration!!
W/Zygote  (   33): Preloaded drawable resource #0x1080014 (res/drawable-mdpi/divider_horizontal_dark.9.png) that varies with configuration!!
W/Zygote  (   33): Preloaded drawable resource #0x1080016 (res/drawable/edit_text.xml) that varies with configuration!!
W/Zygote  (   33): Preloaded drawable resource #0x1080170 (res/drawable/expander_group.xml) that varies with configuration!!
