D/nofatclips(  247): Found widget: id=-1 (android.widget.LinearLayout@40533e98)
D/nofatclips(  247): Found widget: id=2131165255 (android.widget.LinearLayout@40535160)
D/nofatclips(  247): Found widget: id=-1 (android.widget.ImageView@40542808)
D/nofatclips(  247): Found widget: id=2131165256 (android.widget.TextView@40578838): Posts
D/nofatclips(  247): Found widget: id=2131165257 (android.widget.LinearLayout@40545bc8)
D/nofatclips(  247): Found widget: id=-1 (android.widget.ImageView@40568840)
D/nofatclips(  247): Found widget: id=2131165256 (android.widget.TextView@40537490): Pages
D/nofatclips(  247): Found widget: id=-1 (android.widget.FrameLayout@405344a0)
D/nofatclips(  247): Found widget: id=2131165258 (android.widget.LinearLayout@40540188)
D/nofatclips(  247): Found widget: id=-1 (android.widget.ImageView@40536ba0)
D/nofatclips(  247): Found widget: id=2131165256 (android.widget.TextView@40539440): Comments
D/nofatclips(  247): Found widget: id=2131165259 (android.widget.FrameLayout@40544678)
D/nofatclips(  247): Found widget: id=2131165260 (android.widget.ImageView@40546198)
D/nofatclips(  247): Found widget: id=2131165261 (org.wordpress.android.util.CommentBadgeTextView@4053a458): 0
D/nofatclips(  247): Found widget: id=-1 (android.widget.LinearLayout@40539218)
D/nofatclips(  247): Found widget: id=2131165262 (android.widget.LinearLayout@40540830)
D/nofatclips(  247): Found widget: id=-1 (android.widget.ImageView@40541138)
D/nofatclips(  247): Found widget: id=2131165256 (android.widget.TextView@40540a78): Settings
D/nofatclips(  247): Found widget: id=2131165263 (android.widget.LinearLayout@405440d0)
D/nofatclips(  247): Found widget: id=-1 (android.widget.ImageView@40560028)
D/nofatclips(  247): Found widget: id=2131165256 (android.widget.TextView@40542db8): Read
D/nofatclips(  247): Found widget: id=2131165264 (android.widget.LinearLayout@40561710)
D/nofatclips(  247): Found widget: id=-1 (android.widget.ImageView@40563fc8)
D/nofatclips(  247): Found widget: id=2131165256 (android.widget.TextView@4054fb10): Stats
D/nofatclips(  247): Found widget: id=-1 (com.android.internal.policy.impl.PhoneWindow$DecorView@405a0058)
I/nofatclips(  247): Playing Trace 139
I/nofatclips(  247): Retrieved from return list id=16908290
D/nofatclips(  247): Testing for type (android.widget.FrameLayout) against the original (null)
I/nofatclips(  247): Firing event: type= openMenu name= widget=null
D/EAS SyncManager(  297): !!! EAS SyncManager, stopping self
D/EAS SyncManager(  297): !!! EAS SyncManager, onDestroy
I//system/bin/fsck_msdos(   29): Attempting to allocate 998 KB for FAT
I//system/bin/fsck_msdos(   29): ** Phase 2 - Check Cluster Chains
I//system/bin/fsck_msdos(   29): ** Phase 3 - Checking Directories
I//system/bin/fsck_msdos(   29): ** Phase 4 - Checking for Lost Files
I//system/bin/fsck_msdos(   29): 3 files, 509980 free (254990 clusters)
I/Launcher(  135): setLoadOnResume
I/Vold    (   29): Filesystem check completed OK
I/Vold    (   29): Device /dev/block/vold/179:0, target /mnt/sdcard mounted @ /mnt/secure/staging
D/Vold    (   29): Volume sdcard state changing 3 (Checking) -> 4 (Mounted)
I/PackageManager(   62): Updating external media status from unmounted to mounted
I/StorageNotification(  126): Media {/mnt/sdcard} state changed from {checking} -> {mounted}
D/VoldCmdListener(   29): asec list
I/PackageManager(   62): No secure containers on sdcard
W/PackageManager(   62): Unknown permission com.google.android.googleapps.permission.GOOGLE_AUTH.mail in package com.android.contacts
W/PackageManager(   62): Unknown permission android.permission.ADD_SYSTEM_SERVICE in package com.android.phone
W/PackageManager(   62): Not granting permission android.permission.SEND_DOWNLOAD_COMPLETED_INTENTS to package com.android.browser (protectionLevel=2 flags=0x9be45)
W/PackageManager(   62): Unknown permission com.google.android.gm.permission.WRITE_GMAIL in package com.android.settings
W/PackageManager(   62): Unknown permission com.google.android.gm.permission.READ_GMAIL in package com.android.settings
W/PackageManager(   62): Unknown permission com.google.android.googleapps.permission.GOOGLE_AUTH in package com.android.settings
W/PackageManager(   62): Unknown permission com.google.android.googleapps.permission.GOOGLE_AUTH in package com.android.providers.contacts
W/PackageManager(   62): Unknown permission com.google.android.googleapps.permission.GOOGLE_AUTH.cp in package com.android.providers.contacts
W/PackageManager(   62): Unknown permission com.google.android.googleapps.permission.ACCESS_GOOGLE_PASSWORD in package com.android.development
W/PackageManager(   62): Unknown permission com.google.android.googleapps.permission.GOOGLE_AUTH in package com.android.development
W/PackageManager(   62): Unknown permission com.google.android.googleapps.permission.GOOGLE_AUTH.ALL_SERVICES in package com.android.development
W/PackageManager(   62): Unknown permission com.google.android.googleapps.permission.GOOGLE_AUTH.YouTubeUser in package com.android.development
W/PackageManager(   62): Unknown permission android.permission.READ_OWNER_DATA in package com.android.email
W/PackageManager(   62): Not granting permission android.permission.DEVICE_POWER to package com.android.deskclock (protectionLevel=2 flags=0x8be45)
W/ImageDownloader(  247): Error 404 while retrieving bitmap from http://gravatar.com/blavatar/44d338f29053dbb888da79dcf98df489?s=60&d=404
D/MediaScanner(  248):  prescan time: 601ms
D/dalvikvm(  248): GC_CONCURRENT freed 526K, 55% free 2646K/5831K, external 716K/1038K, paused 3ms+2ms
D/MediaScanner(  248):     scan time: 50ms
D/MediaScanner(  248): postscan time: 0ms
D/MediaScanner(  248):    total time: 651ms
D/szipinf (  184): Initializing inflate state
D/dalvikvm(  184): GC_CONCURRENT freed 248K, 51% free 2797K/5703K, external 716K/1038K, paused 3ms+3ms
W/KeyCharacterMap(  247): No keyboard for id 0
W/KeyCharacterMap(  247): Using default keymap: /system/usr/keychars/qwerty.kcm.bin
D/MediaScannerService(  248): done scanning volume internal
D/MediaScannerService(  248): start scanning volume external
V/MediaProvider(  248): /mnt/sdcard volume ID: 436669980
D/dalvikvm(  125): GREF has increased to 201
I/Launcher(  135): setLoadOnResume
D/dalvikvm(  135): GC_EXTERNAL_ALLOC freed 159K, 49% free 2990K/5767K, external 2618K/2620K, paused 57ms
I/Launcher(  135): setLoadOnResume
V/MediaProvider(  248): Attached volume: external
V/MediaScanner(  248): pruneDeadThumbnailFiles... android.database.sqlite.SQLiteCursor@4058feb0
V/MediaScanner(  248): /pruneDeadThumbnailFiles... android.database.sqlite.SQLiteCursor@4058feb0
D/MediaScanner(  248):  prescan time: 54ms
D/MediaScanner(  248):     scan time: 1ms
D/MediaScanner(  248): postscan time: 16ms
D/MediaScanner(  248):    total time: 71ms
D/MediaScannerService(  248): done scanning volume external
D/dalvikvm(  247): GC_CONCURRENT freed 956K, 54% free 3186K/6791K, external 1812K/2324K, paused 2ms+3ms
D/szipinf (  135): Initializing inflate state
D/dalvikvm(  135): GC_EXPLICIT freed 159K, 50% free 2933K/5767K, external 2221K/2294K, paused 53ms
W/KeyCharacterMap(  247): No keyboard for id 0
W/KeyCharacterMap(  247): Using default keymap: /system/usr/keychars/qwerty.kcm.bin
I/nofatclips(  247): Waiting for 100 msec.
I/nofatclips(  247): Current activity is Dashboard
I/nofatclips(  247): Retrieving widgets
D/nofatclips(  247): Found widget: id=16908726 (com.android.internal.view.menu.IconMenuView@40632330)
D/nofatclips(  247): Found widget: id=16908310 (com.android.internal.view.menu.IconMenuItemView@40607818): Add Account
D/nofatclips(  247): Found widget: id=16908310 (com.android.internal.view.menu.IconMenuItemView@4063f568): Preferences
D/nofatclips(  247): Found widget: id=16908310 (com.android.internal.view.menu.IconMenuItemView@4057cb78): Remove Blog
D/nofatclips(  247): Found widget: id=16908310 (com.android.internal.view.menu.IconMenuItemView@4055b348): About
D/nofatclips(  247): Found widget: id=-1 (com.android.internal.policy.impl.PhoneWindow$DecorView@40575238)
V/ReflectionHelper(  247): com.android.internal.view.menu.IconMenuView > mOnFocusChangeListener FOUND | NOT ACTIVE
V/nicola  (  247): TextualID : null
V/nicola  (  247): ContentType detected : default
V/nicola  (  247): TextualID : null
V/nicola  (  247): ContentType detected : default
V/nicola  (  247): TextualID : null
V/nicola  (  247): ContentType detected : default
V/nicola  (  247): TextualID : null
V/nicola  (  247): ContentType detected : default
I/nofatclips(  247): Performing comparation for activity Dashboard
I/nofatclips(  247): Registering activity Dashboard (id: a15) as a new found state
D/nofatclips(  247): Performing backup of the old activity list on disk
D/nofatclips(  247): Saving new found state 'a15' on disk
V/nofatclips(  247): Opening state file in append mode.
I/nofatclips(  247): Saved image on disk: a15.jpg
I/nofatclips(  247): Waiting for 100 msec.
I/nofatclips(  247): Session count is 1. Will dump to disk at 1
I/nofatclips(  247): Saving the session on disk.
I/nofatclips(  247): Planning for new Activity Dashboard
D/nofatclips(  247): Handling event 'click' on widget id=16908310 type=menuItem name=Add Account
D/nofatclips(  247): Handling event 'click' on widget id=16908310 type=menuItem name=Preferences
D/nofatclips(  247): Handling event 'click' on widget id=16908310 type=menuItem name=Remove Blog
D/nofatclips(  247): Handling event 'click' on widget id=16908310 type=menuItem name=About
I/nofatclips(  247): Created trace to press the back button
I/nofatclips(  247): Created trace to press the menu button
I/nofatclips(  247): Created trace to change orientation
I/nofatclips(  247): Check for termination: 86 steps left of 100
I/nofatclips(  247): Dispatching new task. 2 more tasks remaining.
D/nofatclips(  247): Performing backup of the old task list on disk
D/nofatclips(  247): Saving task list on disk
V/nofatclips(  247): Backing up trace #144 to disk.
V/nofatclips(  247): Backing up trace #145 to disk.
D/nofatclips(  247): Deleting backup of the old task list from disk
D/nofatclips(  247): Deleting backup of the old activity list from disk
I/nofatclips(  247): Incrementally Playing Trace 145
D/dalvikvm(  247): GC_CONCURRENT freed 767K, 53% free 3244K/6791K, external 2188K/2324K, paused 6ms+6ms
I/nofatclips(  247): Retrieved from return list id=16908726
D/nofatclips(  247): Testing for type (com.android.internal.view.menu.IconMenuView) against the original (null)
I/nofatclips(  247): Firing event: type= openMenu name= widget=null
I/nofatclips(  247): Waiting for 100 msec.
I/dalvikvm(   62): Jit: resizing JitTable from 512 to 1024
W/InputManagerService(   62): Window already focused, ignoring focus gain of: com.android.internal.view.IInputMethodClient$Stub$Proxy@407495f8
I/nofatclips(  247): Current activity is Dashboard
I/nofatclips(  247): Retrieving widgets
D/nofatclips(  247): Found widget: id=16908290 (android.widget.FrameLayout@405a0958)
D/nofatclips(  247): Found widget: id=2131165248 (android.widget.RelativeLayout@405a1658)
D/nofatclips(  247): Found widget: id=2131165249 (android.widget.LinearLayout@405a1cc0)
D/nofatclips(  247): Found widget: id=-1 (android.widget.ImageView@405a2208)
D/nofatclips(  247): Found widget: id=2131165250 (org.wordpress.android.util.WPTitleBar@4059bbe0)
D/nofatclips(  247): Found widget: id=2131165195 (android.widget.RelativeLayout@4050e260)
D/nofatclips(  247): Found widget: id=2131165196 (android.widget.RelativeLayout@40568510)
D/nofatclips(  247): Found widget: id=2131165197 (android.widget.ImageView@4059ce78)
D/nofatclips(  247): Found widget: id=2131165198 (android.widget.TextView@40541880): Katie's Sweet Testing Blog
D/nofatclips(  247): Found widget: id=2131165199 (android.widget.ImageView@4055d110)
D/nofatclips(  247): Found widget: id=-1 (android.widget.RelativeLayout@40579478)
D/nofatclips(  247): Found widget: id=2131165200 (android.widget.ImageButton@4059d3a0)
D/nofatclips(  247): Found widget: id=-1 (android.widget.FrameLayout@4057a928)
D/nofatclips(  247): Found widget: id=2131165201 (android.widget.Button@40542248): 
D/nofatclips(  247): Found widget: id=2131165202 (android.widget.ImageView@405937d8)
D/nofatclips(  247): Found widget: id=2131165203 (android.widget.ImageView@4053ca40)
D/nofatclips(  247): Found widget: id=2131165204 (android.widget.LinearLayout@40569118)
D/nofatclips(  247): Found widget: id=-1 (android.widget.FrameLayout@4059cc10)
D/nofatclips(  247): Found widget: id=-1 (android.widget.LinearLayout@4052fbe8)
D/nofatclips(  247): Found widget: id=-1 (android.widget.LinearLayout@4050e070)
D/nofatclips(  247): Found widget: id=-1 (android.widget.LinearLayout@4052f208)
D/nofatclips(  247): Found widget: id=2131165251 (android.widget.LinearLayout@4052f8c0)
D/nofatclips(  247): Found widget: id=-1 (android.widget.ImageView@40590280)
D/nofatclips(  247): Found widget: id=2131165256 (android.widget.TextView@4056ae10): New Post
D/nofatclips(  247): Found widget: id=2131165253 (android.widget.LinearLayout@4059be18)
D/nofatclips(  247): Found widget: id=-1 (android.widget.ImageView@40530c28)
D/nofatclips(  247): Found widget: id=2131165256 (android.widget.TextView@4056b748): New Page
D/nofatclips(  247): Found widget: id=-1 (android.widget.LinearLayout@40532ee0)
D/nofatclips(  247): Found widget: id=2131165252 (android.widget.LinearLayout@405308d0)
D/nofatclips(  247): Found widget: id=-1 (android.widget.ImageView@40538dd8)
D/nofatclips(  247): Found widget: id=2131165256 (android.widget.TextView@40577940): Quick Photo
D/nofatclips(  247): Found widget: id=2131165254 (android.widget.LinearLayout@40547450)
D/nofatclips(  247): Found widget: id=-1 (android.widget.ImageView@405317c8)
D/nofatclips(  247): Found widget: id=2131165256 (android.widget.TextView@405781b0): Quick Video
D/nofatclips(  247): Found widget: id=-1 (android.widget.LinearLayout@4052e678)
D/nofatclips(  247): Found widget: id=-1 (android.widget.LinearLayout@40533e98)
D/nofatclips(  247): Found widget: id=2131165255 (android.widget.LinearLayout@40535160)
D/nofatclips(  247): Found widget: id=-1 (android.widget.ImageView@40542808)
D/nofatclips(  247): Found widget: id=2131165256 (android.widget.TextView@40578838): Posts
D/nofatclips(  247): Found widget: id=2131165257 (android.widget.LinearLayout@40545bc8)
D/nofatclips(  247): Found widget: id=-1 (android.widget.ImageView@40568840)
D/nofatclips(  247): Found widget: id=2131165256 (android.widget.TextView@40537490): Pages
D/nofatclips(  247): Found widget: id=-1 (android.widget.FrameLayout@405344a0)
D/nofatclips(  247): Found widget: id=2131165258 (android.widget.LinearLayout@40540188)
D/nofatclips(  247): Found widget: id=-1 (android.widget.ImageView@40536ba0)
D/nofatclips(  247): Found widget: id=2131165256 (android.widget.TextView@40539440): Comments
D/nofatclips(  247): Found widget: id=2131165259 (android.widget.FrameLayout@40544678)
D/nofatclips(  247): Found widget: id=2131165260 (android.widget.ImageView@40546198)
D/nofatclips(  247): Found widget: id=2131165261 (org.wordpress.android.util.CommentBadgeTextView@4053a458): 0
D/nofatclips(  247): Found widget: id=-1 (android.widget.LinearLayout@40539218)
D/nofatclips(  247): Found widget: id=2131165262 (android.widget.LinearLayout@40540830)
D/nofatclips(  247): Found widget: id=-1 (android.widget.ImageView@40541138)
D/nofatclips(  247): Found widget: id=2131165256 (android.widget.TextView@40540a78): Settings
D/nofatclips(  247): Found widget: id=2131165263 (android.widget.LinearLayout@405440d0)
D/nofatclips(  247): Found widget: id=-1 (android.widget.ImageView@40560028)
D/nofatclips(  247): Found widget: id=2131165256 (android.widget.TextView@40542db8): Read
D/nofatclips(  247): Found widget: id=2131165264 (android.widget.LinearLayout@40561710)
D/nofatclips(  247): Found widget: id=-1 (android.widget.ImageView@40563fc8)
D/nofatclips(  247): Found widget: id=2131165256 (android.widget.TextView@4054fb10): Stats
D/nofatclips(  247): Found widget: id=-1 (com.android.internal.policy.impl.PhoneWindow$DecorView@405a0058)
V/nicola  (  247): TextualID : blog_title
V/nicola  (  247): ContentType detected : default
V/nicola  (  247): TextualID : action_refresh
V/nicola  (  247): ContentType detected : default
V/nicola  (  247): TextualID : button_text
V/nicola  (  247): ContentType detected : default
V/nicola  (  247): TextualID : button_text
V/nicola  (  247): ContentType detected : default
V/nicola  (  247): TextualID : button_text
V/nicola  (  247): ContentType detected : default
V/nicola  (  247): TextualID : button_text
V/nicola  (  247): ContentType detected : default
V/nicola  (  247): TextualID : button_text
V/nicola  (  247): ContentType detected : default
V/nicola  (  247): TextualID : button_text
V/nicola  (  247): ContentType detected : default
V/nicola  (  247): TextualID : button_text
V/nicola  (  247): ContentType detected : default
V/nicola  (  247): TextualID : button_text
V/nicola  (  247): ContentType detected : default
V/nicola  (  247): TextualID : button_text
V/nicola  (  247): ContentType detected : default
V/nicola  (  247): TextualID : button_text
V/nicola  (  247): ContentType detected : default
I/nofatclips(  247): Performing comparation for activity Dashboard
D/nofatclips(  247): Comparing against activity Dashboard
I/nofatclips(  247): Registering activity Dashboard (id: a16) as a new found state
D/nofatclips(  247): Performing backup of the old activity list on disk
D/nofatclips(  247): Saving new found state 'a16' on disk
V/nofatclips(  247): Opening state file in append mode.
D/dalvikvm(  247): GC_EXTERNAL_ALLOC freed 767K, 52% free 3303K/6791K, external 2022K/2324K, paused 111ms
D/dalvikvm(  247): GC_EXTERNAL_ALLOC freed 51K, 53% free 3252K/6791K, external 2044K/2556K, paused 93ms
I/nofatclips(  247): Saved image on disk: a16.jpg
I/nofatclips(  247): Waiting for 100 msec.
I/nofatclips(  247): Session count is 1. Will dump to disk at 1
I/nofatclips(  247): Saving the session on disk.
I/nofatclips(  247): Planning for new Activity Dashboard
D/nofatclips(  247): Handling event 'click' on widget id=2131165200 type=button name=
D/nofatclips(  247): Handling event 'click' on widget id=2131165201 type=button name=
D/nofatclips(  247): Handling event 'click' on widget id=2131165204 type=linearLayout name=
D/nofatclips(  247): Handling event 'click' on widget id=2131165251 type=linearLayout name=
D/nofatclips(  247): Handling event 'click' on widget id=2131165253 type=linearLayout name=
D/nofatclips(  247): Handling event 'click' on widget id=2131165252 type=linearLayout name=
D/nofatclips(  247): Handling event 'click' on widget id=2131165254 type=linearLayout name=
D/nofatclips(  247): Handling event 'click' on widget id=2131165255 type=linearLayout name=
D/dalvikvm(  247): GC_CONCURRENT freed 831K, 52% free 3323K/6791K, external 2644K/3302K, paused 3ms+3ms
D/nofatclips(  247): Handling event 'click' on widget id=2131165257 type=linearLayout name=
I/dalvikvm(  247): Jit: resizing JitTable from 1024 to 2048
D/nofatclips(  247): Handling event 'click' on widget id=2131165258 type=linearLayout name=
D/nofatclips(  247): Handling event 'click' on widget id=2131165262 type=linearLayout name=
D/nofatclips(  247): Handling event 'click' on widget id=2131165263 type=linearLayout name=
D/nofatclips(  247): Handling event 'click' on widget id=2131165264 type=linearLayout name=
I/nofatclips(  247): Created trace to press the back button
I/nofatclips(  247): Created trace to press the menu button
I/nofatclips(  247): Created trace to change orientation
I/nofatclips(  247): Check for termination: 85 steps left of 100
I/nofatclips(  247): Dispatching new task. 2 more tasks remaining.
D/nofatclips(  247): Performing backup of the old task list on disk
D/nofatclips(  247): Saving task list on disk
V/nofatclips(  247): Backing up trace #159 to disk.
V/nofatclips(  247): Backing up trace #160 to disk.
D/dalvikvm(  247): GC_CONCURRENT freed 1196K, 54% free 3307K/7111K, external 2044K/2644K, paused 3ms+3ms
D/nofatclips(  247): Deleting backup of the old task list from disk
D/nofatclips(  247): Deleting backup of the old activity list from disk
I/nofatclips(  247): Incrementally Playing Trace 160
I/nofatclips(  247): Retrieved from return list id=16908290
D/nofatclips(  247): Testing for type (android.widget.FrameLayout) against the original (null)
I/nofatclips(  247): Firing event: type= changeOrientation name= widget=null
I/WindowManager(   62): Setting rotation to 1, animFlags=1
I/ActivityManager(   62): Config changed: { scale=1.0 imsi=310/260 loc=en_US touch=3 keys=2/1/2 nav=1/1 orien=2 layout=18 uiMode=17 seq=5}
I/nofatclips(  247): Waiting for 100 msec.
W/WindowManager(   62): Window freeze timeout expired.
W/WindowManager(   62): Force clearing orientation change: Window{407405a0 org.wordpress.android/org.wordpress.android.Dashboard paused=false}
I/nofatclips(  247): Current activity is Dashboard
I/nofatclips(  247): Retrieving widgets
D/nofatclips(  247): Found widget: id=16908290 (android.widget.FrameLayout@405a0958)
D/nofatclips(  247): Found widget: id=2131165248 (android.widget.RelativeLayout@405a1658)
D/nofatclips(  247): Found widget: id=2131165249 (android.widget.LinearLayout@405a1cc0)
D/nofatclips(  247): Found widget: id=-1 (android.widget.ImageView@405a2208)
D/nofatclips(  247): Found widget: id=2131165250 (org.wordpress.android.util.WPTitleBar@4059bbe0)
D/nofatclips(  247): Found widget: id=2131165195 (android.widget.RelativeLayout@4050e260)
D/nofatclips(  247): Found widget: id=2131165196 (android.widget.RelativeLayout@40568510)
D/nofatclips(  247): Found widget: id=2131165197 (android.widget.ImageView@4059ce78)
D/nofatclips(  247): Found widget: id=2131165198 (android.widget.TextView@40541880): Katie's Sweet Testing Blog
D/nofatclips(  247): Found widget: id=2131165199 (android.widget.ImageView@4055d110)
D/nofatclips(  247): Found widget: id=-1 (android.widget.RelativeLayout@40579478)
D/nofatclips(  247): Found widget: id=2131165200 (android.widget.ImageButton@4059d3a0)
D/nofatclips(  247): Found widget: id=-1 (android.widget.FrameLayout@4057a928)
D/nofatclips(  247): Found widget: id=2131165201 (android.widget.Button@40542248): 
D/nofatclips(  247): Found widget: id=2131165202 (android.widget.ImageView@405937d8)
D/nofatclips(  247): Found widget: id=2131165203 (android.widget.ImageView@4053ca40)
D/nofatclips(  247): Found widget: id=2131165249 (android.widget.LinearLayout@405ef438)
D/nofatclips(  247): Found widget: id=-1 (android.widget.FrameLayout@405144b8)
D/nofatclips(  247): Found widget: id=-1 (android.widget.LinearLayout@40514720)
D/nofatclips(  247): Found widget: id=-1 (android.widget.LinearLayout@40622240)
D/nofatclips(  247): Found widget: id=-1 (android.widget.LinearLayout@4053be60)
D/nofatclips(  247): Found widget: id=2131165251 (android.widget.LinearLayout@4053c080)
D/nofatclips(  247): Found widget: id=-1 (android.widget.ImageView@405f5d60)
D/nofatclips(  247): Found widget: id=-1 (android.widget.TextView@40610230): New Post
D/nofatclips(  247): Found widget: id=2131165252 (android.widget.LinearLayout@405f3968)
D/nofatclips(  247): Found widget: id=-1 (android.widget.ImageView@40681b48)
D/nofatclips(  247): Found widget: id=-1 (android.widget.TextView@40681db8): Quick Photo
D/nofatclips(  247): Found widget: id=-1 (android.widget.LinearLayout@40570760)
D/nofatclips(  247): Found widget: id=2131165253 (android.widget.LinearLayout@40570980)
D/nofatclips(  247): Found widget: id=-1 (android.widget.ImageView@4060ee38)
D/nofatclips(  247): Found widget: id=-1 (android.widget.TextView@4060f1e8): New Page
D/nofatclips(  247): Found widget: id=2131165254 (android.widget.LinearLayout@4069a168)
D/nofatclips(  247): Found widget: id=-1 (android.widget.ImageView@405b2e10)
D/nofatclips(  247): Found widget: id=-1 (android.widget.TextView@405b31a0): Quick Video
D/nofatclips(  247): Found widget: id=-1 (android.widget.LinearLayout@4067f060)
D/nofatclips(  247): Found widget: id=-1 (android.widget.LinearLayout@4067f280)
D/nofatclips(  247): Found widget: id=2131165255 (android.widget.LinearLayout@4067f4a0)
D/nofatclips(  247): Found widget: id=-1 (android.widget.ImageView@405a88f0)
D/nofatclips(  247): Found widget: id=2131165256 (android.widget.TextView@40680db0): Posts
D/nofatclips(  247): Found widget: id=2131165257 (android.widget.LinearLayout@40681240)
D/nofatclips(  247): Found widget: id=-1 (android.widget.ImageView@40680438)
D/nofatclips(  247): Found widget: id=2131165256 (android.widget.TextView@4067b5b0): Pages
D/nofatclips(  247): Found widget: id=-1 (android.widget.FrameLayout@4067ba40)
D/nofatclips(  247): Found widget: id=2131165258 (android.widget.LinearLayout@4068dc40)
D/nofatclips(  247): Found widget: id=-1 (android.widget.ImageView@4067e228)
D/nofatclips(  247): Found widget: id=2131165256 (android.widget.TextView@4067e5d8): Comments
D/nofatclips(  247): Found widget: id=2131165259 (android.widget.FrameLayout@4067d2c8)
D/nofatclips(  247): Found widget: id=2131165260 (android.widget.ImageView@4067d530)
D/nofatclips(  247): Found widget: id=2131165261 (org.wordpress.android.util.CommentBadgeTextView@405d3760): 0
D/nofatclips(  247): Found widget: id=-1 (android.widget.LinearLayout@405d3b40)
D/nofatclips(  247): Found widget: id=2131165262 (android.widget.LinearLayout@405d3d60)
D/nofatclips(  247): Found widget: id=-1 (android.widget.ImageView@4055ab40)
D/nofatclips(  247): Found widget: id=2131165256 (android.widget.TextView@4055aef0): Settings
D/nofatclips(  247): Found widget: id=2131165263 (android.widget.LinearLayout@4053ad18)
D/nofatclips(  247): Found widget: id=-1 (android.widget.ImageView@4053b428)
D/nofatclips(  247): Found widget: id=2131165256 (android.widget.TextView@405c2968): Read
D/nofatclips(  247): Found widget: id=2131165264 (android.widget.LinearLayout@405c2df8)
D/nofatclips(  247): Found widget: id=-1 (android.widget.ImageView@406839b0)
D/nofatclips(  247): Found widget: id=2131165256 (android.widget.TextView@40683d60): Stats
D/nofatclips(  247): Found widget: id=-1 (com.android.internal.policy.impl.PhoneWindow$DecorView@405a0058)
V/nicola  (  247): TextualID : blog_title
V/nicola  (  247): ContentType detected : default
V/nicola  (  247): TextualID : action_refresh
V/nicola  (  247): ContentType detected : default
V/nicola  (  247): TextualID : null
V/nicola  (  247): ContentType detected : default
V/nicola  (  247): TextualID : null
V/nicola  (  247): ContentType detected : default
V/nicola  (  247): TextualID : null
V/nicola  (  247): ContentType detected : default
V/nicola  (  247): TextualID : null
V/nicola  (  247): ContentType detected : default
V/nicola  (  247): TextualID : button_text
V/nicola  (  247): ContentType detected : default
V/nicola  (  247): TextualID : button_text
V/nicola  (  247): ContentType detected : default
V/nicola  (  247): TextualID : button_text
V/nicola  (  247): ContentType detected : default
V/nicola  (  247): TextualID : button_text
V/nicola  (  247): ContentType detected : default
V/nicola  (  247): TextualID : button_text
V/nicola  (  247): ContentType detected : default
D/dalvikvm(  247): GC_CONCURRENT freed 887K, 53% free 3364K/7111K, external 2426K/2644K, paused 8ms+8ms
V/nicola  (  247): TextualID : button_text
V/nicola  (  247): ContentType detected : default
I/nofatclips(  247): Performing comparation for activity Dashboard
D/nofatclips(  247): Comparing against activity Dashboard
D/nofatclips(  247): Comparing against activity Dashboard
I/nofatclips(  247): Registering activity Dashboard (id: a17) as a new found state
D/nofatclips(  247): Performing backup of the old activity list on disk
D/nofatclips(  247): Saving new found state 'a17' on disk
V/nofatclips(  247): Opening state file in append mode.
D/dalvikvm(  247): GC_EXTERNAL_ALLOC freed 222K, 54% free 3329K/7111K, external 2044K/2556K, paused 80ms
I/nofatclips(  247): Saved image on disk: a17.jpg
I/nofatclips(  247): Waiting for 100 msec.
D/dalvikvm(   62): GC_EXPLICIT freed 686K, 45% free 4150K/7495K, external 1865K/3065K, paused 170ms
I/nofatclips(  247): Session count is 1. Will dump to disk at 1
I/nofatclips(  247): Saving the session on disk.
I/nofatclips(  247): Planning for new Activity Dashboard
D/nofatclips(  247): Handling event 'click' on widget id=2131165200 type=button name=
D/nofatclips(  247): Handling event 'click' on widget id=2131165201 type=button name=
D/nofatclips(  247): Handling event 'click' on widget id=2131165249 type=linearLayout name=
D/nofatclips(  247): Handling event 'click' on widget id=2131165251 type=linearLayout name=
D/nofatclips(  247): Handling event 'click' on widget id=2131165252 type=linearLayout name=
D/nofatclips(  247): Handling event 'click' on widget id=2131165253 type=linearLayout name=
D/nofatclips(  247): Handling event 'click' on widget id=2131165254 type=linearLayout name=
D/nofatclips(  247): Handling event 'click' on widget id=2131165255 type=linearLayout name=
D/nofatclips(  247): Handling event 'click' on widget id=2131165257 type=linearLayout name=
D/nofatclips(  247): Handling event 'click' on widget id=2131165258 type=linearLayout name=
D/dalvikvm(  247): GC_CONCURRENT freed 1008K, 53% free 3411K/7111K, external 2644K/2644K, paused 3ms+4ms
D/nofatclips(  247): Handling event 'click' on widget id=2131165262 type=linearLayout name=
D/nofatclips(  247): Handling event 'click' on widget id=2131165263 type=linearLayout name=
D/nofatclips(  247): Handling event 'click' on widget id=2131165264 type=linearLayout name=
I/nofatclips(  247): Created trace to press the back button
I/nofatclips(  247): Created trace to press the menu button
I/nofatclips(  247): Created trace to change orientation
I/nofatclips(  247): Check for termination: 84 steps left of 100
I/nofatclips(  247): Dispatching new task. 2 more tasks remaining.
D/nofatclips(  247): Performing backup of the old task list on disk
D/nofatclips(  247): Saving task list on disk
V/nofatclips(  247): Backing up trace #174 to disk.
V/nofatclips(  247): Backing up trace #175 to disk.
D/nofatclips(  247): Deleting backup of the old task list from disk
D/nofatclips(  247): Deleting backup of the old activity list from disk
I/nofatclips(  247): Incrementally Playing Trace 175
I/nofatclips(  247): Retrieved from return list id=2131165249
D/nofatclips(  247): Testing for type (android.widget.LinearLayout) against the original (android.widget.LinearLayout)
D/nofatclips(  247): Testing for name () against the original ()
I/nofatclips(  247): Firing event: type= click index=16 widget=android.widget.LinearLayout
D/dalvikvm(  247): GC_CONCURRENT freed 1280K, 54% free 3353K/7239K, external 2044K/2644K, paused 5ms+3ms
D/nofatclips(  247): Event description: New Post
I/ActivityManager(   62): Starting: Intent { cmp=org.wordpress.android/.Settings (has extras) } from pid 247
I/nofatclips(  247): Waiting for 100 msec.
W/ImageDownloader(  247): Error 404 while retrieving bitmap from http://gravatar.com/blavatar/44d338f29053dbb888da79dcf98df489?s=60&d=404
I/ActivityManager(   62): Displayed org.wordpress.android/.Settings: +2s87ms
I/nofatclips(  247): Current activity is Settings
I/nofatclips(  247): Retrieving widgets
D/nofatclips(  247): Found widget: id=16908290 (android.widget.FrameLayout@406e4428)
D/nofatclips(  247): Found widget: id=2131165343 (android.widget.RelativeLayout@40719040)
D/nofatclips(  247): Found widget: id=-1 (android.widget.ScrollView@4053e838)
D/nofatclips(  247): Found widget: id=2131165207 (android.widget.RelativeLayout@4053e9e0)
D/nofatclips(  247): Found widget: id=2131165209 (android.widget.RelativeLayout@4055c1e0)
D/nofatclips(  247): Found widget: id=2131165210 (android.widget.TextView@40692990): Account Details
D/nofatclips(  247): Found widget: id=2131165214 (android.widget.TextView@405b6e70): Username:
D/nofatclips(  247): Found widget: id=2131165215 (android.widget.EditText@406df680): katiemalone1990
D/nofatclips(  247): Found widget: id=2131165216 (android.widget.TextView@406d8108): Password:
D/nofatclips(  247): Found widget: id=2131165217 (android.widget.EditText@406da1f0): cle0sandy
D/nofatclips(  247): Found widget: id=2131165214 (android.widget.TextView@405e0de0): Username:
D/nofatclips(  247): Found widget: id=2131165223 (android.widget.TextView@406828c0): HTTP Username (optional):
D/nofatclips(  247): Found widget: id=2131165224 (android.widget.EditText@40614c38): 
D/nofatclips(  247): Found widget: id=2131165225 (android.widget.TextView@40711b50): HTTP Password (optional):
D/nofatclips(  247): Found widget: id=2131165226 (android.widget.EditText@40593b68): 
D/nofatclips(  247): Found widget: id=2131165288 (android.widget.RelativeLayout@406d6368)
D/nofatclips(  247): Found widget: id=2131165346 (android.widget.TextView@4059e6e0): Media
D/nofatclips(  247): Found widget: id=2131165347 (android.widget.TextView@406027e0): Default image width
D/nofatclips(  247): Found widget: id=2131165348 (android.widget.Spinner@405ed308)
D/nofatclips(  247): Found widget: id=16908308 (android.widget.TextView@405e4510): 500
D/nofatclips(  247): Found widget: id=2131165349 (android.widget.CheckBox@405be2e8): Upload and link to full image
D/nofatclips(  247): Found widget: id=2131165266 (android.widget.RelativeLayout@405bea28)
D/nofatclips(  247): Found widget: id=2131165350 (android.widget.TextView@405bee38): Location
D/nofatclips(  247): Found widget: id=2131165351 (android.widget.CheckBox@40621610): Geotag Posts
D/nofatclips(  247): Found widget: id=2131165219 (android.widget.Button@406dde08): Save
D/nofatclips(  247): Found widget: id=2131165220 (android.widget.Button@405ee468): Cancel
D/nofatclips(  247): Found widget: id=2131165352 (org.wordpress.android.util.WPTitleBar@405a4ce8)
D/nofatclips(  247): Found widget: id=2131165195 (android.widget.RelativeLayout@406de590)
D/nofatclips(  247): Found widget: id=2131165196 (android.widget.RelativeLayout@406788a0)
D/nofatclips(  247): Found widget: id=2131165197 (android.widget.ImageView@406deb78)
D/nofatclips(  247): Found widget: id=2131165198 (android.widget.TextView@406defa0): Katie's Sweet Testing Blog
D/nofatclips(  247): Found widget: id=2131165199 (android.widget.ImageView@405fb158)
D/nofatclips(  247): Found widget: id=-1 (android.widget.RelativeLayout@405fb4b0)
D/nofatclips(  247): Found widget: id=2131165200 (android.widget.ImageButton@405fb880)
D/nofatclips(  247): Found widget: id=-1 (android.widget.FrameLayout@406f91a8)
D/nofatclips(  247): Found widget: id=2131165201 (android.widget.Button@406f9398): 
D/nofatclips(  247): Found widget: id=2131165202 (android.widget.ImageView@406d4bf8)
D/nofatclips(  247): Found widget: id=2131165203 (android.widget.ImageView@406d4fa8)
D/nofatclips(  247): Found widget: id=2131165204 (android.widget.LinearLayout@405a7b58)
D/nofatclips(  247): Found widget: id=-1 (android.widget.FrameLayout@406d76d8)
D/nofatclips(  247): Found widget: id=-1 (android.widget.LinearLayout@40692ed8)
D/nofatclips(  247): Found widget: id=-1 (android.widget.LinearLayout@40693338)
D/nofatclips(  247): Found widget: id=-1 (android.widget.LinearLayout@40693558)
D/nofatclips(  247): Found widget: id=2131165251 (android.widget.LinearLayout@40693778)
D/nofatclips(  247): Found widget: id=-1 (android.widget.ImageView@406582b8)
D/nofatclips(  247): Found widget: id=-1 (android.widget.TextView@4057ab80): New Post
D/nofatclips(  247): Found widget: id=2131165252 (android.widget.LinearLayout@405d4770)
D/nofatclips(  247): Found widget: id=-1 (android.widget.ImageView@405d4e80)
D/nofatclips(  247): Found widget: id=-1 (android.widget.TextView@40585e18): Quick Photo
D/nofatclips(  247): Found widget: id=-1 (android.widget.LinearLayout@405861d8)
D/nofatclips(  247): Found widget: id=2131165253 (android.widget.LinearLayout@405863f8)
D/nofatclips(  247): Found widget: id=-1 (android.widget.ImageView@40693df0)
D/nofatclips(  247): Found widget: id=-1 (android.widget.TextView@40694018): New Page
D/nofatclips(  247): Found widget: id=2131165254 (android.widget.LinearLayout@405a40b0)
D/nofatclips(  247): Found widget: id=-1 (android.widget.ImageView@405a4710)
D/nofatclips(  247): Found widget: id=-1 (android.widget.TextView@405a4938): Quick Video
D/nofatclips(  247): Found widget: id=-1 (android.widget.LinearLayout@405c1ab0)
D/nofatclips(  247): Found widget: id=-1 (android.widget.LinearLayout@405c1cd0)
D/nofatclips(  247): Found widget: id=2131165255 (android.widget.LinearLayout@405c1ef0)
D/nofatclips(  247): Found widget: id=-1 (android.widget.ImageView@405f98b8)
D/nofatclips(  247): Found widget: id=2131165256 (android.widget.TextView@405f9ae0): Posts
D/nofatclips(  247): Found widget: id=2131165257 (android.widget.LinearLayout@406563f0)
D/nofatclips(  247): Found widget: id=-1 (android.widget.ImageView@40656db0)
D/nofatclips(  247): Found widget: id=2131165256 (android.widget.TextView@405869f8): Pages
D/nofatclips(  247): Found widget: id=-1 (android.widget.FrameLayout@40586e88)
D/nofatclips(  247): Found widget: id=2131165258 (android.widget.LinearLayout@405870f0)
D/nofatclips(  247): Found widget: id=-1 (android.widget.ImageView@405deb48)
D/nofatclips(  247): Found widget: id=2131165256 (android.widget.TextView@405ded70): Comments
D/nofatclips(  247): Found widget: id=2131165259 (android.widget.FrameLayout@4070e8f8)
D/nofatclips(  247): Found widget: id=2131165260 (android.widget.ImageView@4070eb20)
D/nofatclips(  247): Found widget: id=2131165261 (org.wordpress.android.util.CommentBadgeTextView@4070ede0): 0
D/nofatclips(  247): Found widget: id=-1 (android.widget.LinearLayout@4070f290)
D/nofatclips(  247): Found widget: id=2131165262 (android.widget.LinearLayout@405cf188)
D/nofatclips(  247): Found widget: id=-1 (android.widget.ImageView@405cf7c8)
D/nofatclips(  247): Found widget: id=2131165256 (android.widget.TextView@405cf9f0): Settings
D/nofatclips(  247): Found widget: id=2131165263 (android.widget.LinearLayout@405c99d8)
D/nofatclips(  247): Found widget: id=-1 (android.widget.ImageView@405ca0e8)
D/nofatclips(  247): Found widget: id=2131165256 (android.widget.TextView@405ca310): Read
D/nofatclips(  247): Found widget: id=2131165264 (android.widget.LinearLayout@405e2ec8)
D/nofatclips(  247): Found widget: id=-1 (android.widget.ImageView@405e35d8)
D/nofatclips(  247): Found widget: id=2131165256 (android.widget.TextView@405e3800): Stats
D/nofatclips(  247): Found widget: id=-1 (com.android.internal.policy.impl.PhoneWindow$DecorView@405a58f0)
D/dalvikvm(  247): GC_CONCURRENT freed 789K, 52% free 3523K/7239K, external 2303K/2644K, paused 6ms+8ms
V/nicola  (  247): TextualID : l_section1
V/nicola  (  247): ContentType detected : default
V/nicola  (  247): TextualID : l_username
V/nicola  (  247): ContentType detected : default
V/ReflectionHelper(  247): android.widget.EditText > mOnFocusChangeListener FOUND | NOT ACTIVE
V/nicola  (  247): TextualID : username
V/nicola  (  247): ContentType detected : default
V/nicola  (  247): TextualID : l_password
V/nicola  (  247): ContentType detected : default
V/ReflectionHelper(  247): android.widget.EditText > mOnFocusChangeListener FOUND | NOT ACTIVE
V/nicola  (  247): TextualID : password
V/nicola  (  247): ContentType detected : default
V/nicola  (  247): TextualID : l_username
V/nicola  (  247): ContentType detected : default
V/nicola  (  247): TextualID : l_section2
V/nicola  (  247): ContentType detected : default
V/nicola  (  247): TextualID : l_maxImageWidth
V/nicola  (  247): ContentType detected : default
V/nicola  (  247): TextualID : null
V/nicola  (  247): ContentType detected : default
V/nicola  (  247): TextualID : fullSizeImage
V/nicola  (  247): ContentType detected : default
V/nicola  (  247): TextualID : l_section3
V/nicola  (  247): ContentType detected : default
V/nicola  (  247): TextualID : location
V/nicola  (  247): ContentType detected : default
V/nicola  (  247): TextualID : save
V/nicola  (  247): ContentType detected : default
V/nicola  (  247): TextualID : cancel
V/nicola  (  247): ContentType detected : default
V/nicola  (  247): TextualID : blog_title
V/nicola  (  247): ContentType detected : default
V/nicola  (  247): TextualID : action_refresh
V/nicola  (  247): ContentType detected : default
I/nofatclips(  247): Performing comparation for activity Settings
D/nofatclips(  247): Comparing against activity Dashboard
D/nofatclips(  247): Comparing against activity Dashboard
D/nofatclips(  247): Comparing against activity Dashboard
I/nofatclips(  247): Registering activity Settings (id: a18) as a new found state
D/nofatclips(  247): Performing backup of the old activity list on disk
D/nofatclips(  247): Saving new found state 'a18' on disk
V/nofatclips(  247): Opening state file in append mode.
D/dalvikvm(  247): GC_EXTERNAL_ALLOC freed 484K, 52% free 3527K/7239K, external 2303K/2644K, paused 87ms
I/nofatclips(  247): Saved image on disk: a18.jpg
I/nofatclips(  247): Waiting for 100 msec.
I/nofatclips(  247): Session count is 1. Will dump to disk at 1
I/nofatclips(  247): Saving the session on disk.
I/nofatclips(  247): Planning for new Activity Settings
D/nofatclips(  247): Handling event selectSpinnerItem for items [1,11] on spinner #2131165348 count=11
D/nofatclips(  247): Handling input 'writeText' on widget id=2131165215 type=editText name=
V/nofatclips(  247): Using value: 27
D/nofatclips(  247): Handling input 'writeText' on widget id=2131165217 type=editText name=
V/nofatclips(  247): Using value: 29
D/nofatclips(  247): Handling input 'writeText' on widget id=2131165215 type=editText name=
V/nofatclips(  247): Using value: 27
D/nofatclips(  247): Handling input 'writeText' on widget id=2131165217 type=editText name=
V/nofatclips(  247): Using value: 29
D/nofatclips(  247): Handling input 'writeText' on widget id=2131165215 type=editText name=
V/nofatclips(  247): Using value: 27
D/nofatclips(  247): Handling input 'writeText' on widget id=2131165217 type=editText name=
V/nofatclips(  247): Using value: 29
D/nofatclips(  247): Handling input 'writeText' on widget id=2131165215 type=editText name=
V/nofatclips(  247): Using value: 27
D/nofatclips(  247): Handling input 'writeText' on widget id=2131165217 type=editText name=
V/nofatclips(  247): Using value: 29
D/nofatclips(  247): Handling input 'writeText' on widget id=2131165215 type=editText name=
V/nofatclips(  247): Using value: 27
D/nofatclips(  247): Handling input 'writeText' on widget id=2131165217 type=editText name=
V/nofatclips(  247): Using value: 29
D/nofatclips(  247): Handling input 'writeText' on widget id=2131165215 type=editText name=
V/nofatclips(  247): Using value: 27
D/nofatclips(  247): Handling input 'writeText' on widget id=2131165217 type=editText name=
V/nofatclips(  247): Using value: 29
D/nofatclips(  247): Handling input 'writeText' on widget id=2131165215 type=editText name=
V/nofatclips(  247): Using value: 27
D/nofatclips(  247): Handling input 'writeText' on widget id=2131165217 type=editText name=
V/nofatclips(  247): Using value: 29
D/nofatclips(  247): Handling input 'writeText' on widget id=2131165215 type=editText name=
V/nofatclips(  247): Using value: 27
D/nofatclips(  247): Handling input 'writeText' on widget id=2131165217 type=editText name=
V/nofatclips(  247): Using value: 29
D/nofatclips(  247): Handling input 'writeText' on widget id=2131165215 type=editText name=
V/nofatclips(  247): Using value: 27
D/nofatclips(  247): Handling input 'writeText' on widget id=2131165217 type=editText name=
V/nofatclips(  247): Using value: 29
D/nofatclips(  247): Handling input 'writeText' on widget id=2131165215 type=editText name=
V/nofatclips(  247): Using value: 27
D/nofatclips(  247): Handling input 'writeText' on widget id=2131165217 type=editText name=
V/nofatclips(  247): Using value: 29
D/nofatclips(  247): Handling input 'writeText' on widget id=2131165215 type=editText name=
V/nofatclips(  247): Using value: 27
D/nofatclips(  247): Handling input 'writeText' on widget id=2131165217 type=editText name=
V/nofatclips(  247): Using value: 29
D/nofatclips(  247): Handling event 'click' on widget id=2131165349 type=check name=Upload and link to full image
D/nofatclips(  247): Handling input 'writeText' on widget id=2131165215 type=editText name=
V/nofatclips(  247): Using value: 27
D/nofatclips(  247): Handling input 'writeText' on widget id=2131165217 type=editText name=
V/nofatclips(  247): Using value: 29
D/nofatclips(  247): Handling event 'click' on widget id=2131165351 type=check name=Geotag Posts
D/nofatclips(  247): Handling input 'writeText' on widget id=2131165215 type=editText name=
V/nofatclips(  247): Using value: 27
D/nofatclips(  247): Handling input 'writeText' on widget id=2131165217 type=editText name=
V/nofatclips(  247): Using value: 29
D/dalvikvm(  247): GC_CONCURRENT freed 921K, 50% free 3667K/7239K, external 3503K/3625K, paused 3ms+4ms
D/nofatclips(  247): Handling event 'click' on widget id=2131165219 type=button name=Save
D/nofatclips(  247): Handling input 'writeText' on widget id=2131165215 type=editText name=
V/nofatclips(  247): Using value: 27
D/nofatclips(  247): Handling input 'writeText' on widget id=2131165217 type=editText name=
V/nofatclips(  247): Using value: 29
D/nofatclips(  247): Handling event 'click' on widget id=2131165220 type=button name=Cancel
D/nofatclips(  247): Handling input 'writeText' on widget id=2131165215 type=editText name=
V/nofatclips(  247): Using value: 27
D/nofatclips(  247): Handling input 'writeText' on widget id=2131165217 type=editText name=
V/nofatclips(  247): Using value: 29
D/nofatclips(  247): Handling event 'click' on widget id=2131165200 type=button name=
D/nofatclips(  247): Handling input 'writeText' on widget id=2131165215 type=editText name=
V/nofatclips(  247): Using value: 27
D/nofatclips(  247): Handling input 'writeText' on widget id=2131165217 type=editText name=
V/nofatclips(  247): Using value: 29
I/nofatclips(  247): Created trace to press the back button
I/nofatclips(  247): Created trace to press the menu button
I/nofatclips(  247): Created trace to change orientation
I/nofatclips(  247): Check for termination: 83 steps left of 100
I/nofatclips(  247): Dispatching new task. 2 more tasks remaining.
D/nofatclips(  247): Performing backup of the old task list on disk
D/nofatclips(  247): Saving task list on disk
V/nofatclips(  247): Backing up trace #193 to disk.
V/nofatclips(  247): Backing up trace #194 to disk.
D/nofatclips(  247): Deleting backup of the old task list from disk
D/nofatclips(  247): Deleting backup of the old activity list from disk
I/nofatclips(  247): Incrementally Playing Trace 194
D/nofatclips(  247): Setting input: type= writeText id=2131165215 value=27
D/nofatclips(  247): Added to return list id=2131165215
I/nofatclips(  247): Retrieved from return list id=2131165215
D/nofatclips(  247): Testing for type (android.widget.EditText) against the original (android.widget.EditText)
D/nofatclips(  247): Testing for name () against the original ()
W/KeyCharacterMap(  247): No keyboard for id 0
W/KeyCharacterMap(  247): Using default keymap: /system/usr/keychars/qwerty.kcm.bin
D/dalvikvm(  247): GC_CONCURRENT freed 1634K, 55% free 3536K/7815K, external 2903K/3625K, paused 27ms+15ms
D/nofatclips(  247): Setting input: type= writeText id=2131165217 value=29
D/nofatclips(  247): Added to return list id=2131165217
I/nofatclips(  247): Retrieved from return list id=2131165217
D/nofatclips(  247): Testing for type (android.widget.EditText) against the original (android.widget.EditText)
D/nofatclips(  247): Testing for name () against the original ()
I/nofatclips(  247): Retrieved from return list id=2131165351
D/nofatclips(  247): Testing for type (android.widget.CheckBox) against the original (android.widget.CheckBox)
D/nofatclips(  247): Testing for name (Geotag Posts) against the original (Geotag Posts)
I/nofatclips(  247): Firing event: type= click index=23 widget=android.widget.CheckBox
D/nofatclips(  247): Event description: Geotag Posts
I/nofatclips(  247): Waiting for 100 msec.
I/nofatclips(  247): Current activity is Settings
I/nofatclips(  247): Retrieving widgets
D/nofatclips(  247): Found widget: id=16908290 (android.widget.FrameLayout@406e4428)
D/nofatclips(  247): Found widget: id=2131165343 (android.widget.RelativeLayout@40719040)
D/nofatclips(  247): Found widget: id=-1 (android.widget.ScrollView@4053e838)
D/nofatclips(  247): Found widget: id=2131165207 (android.widget.RelativeLayout@4053e9e0)
D/nofatclips(  247): Found widget: id=2131165209 (android.widget.RelativeLayout@4055c1e0)
D/nofatclips(  247): Found widget: id=2131165210 (android.widget.TextView@40692990): Account Details
D/nofatclips(  247): Found widget: id=2131165214 (android.widget.TextView@405b6e70): Username:
D/nofatclips(  247): Found widget: id=2131165215 (android.widget.EditText@406df680): 27
D/nofatclips(  247): Found widget: id=2131165216 (android.widget.TextView@406d8108): Password:
D/nofatclips(  247): Found widget: id=2131165217 (android.widget.EditText@406da1f0): 29
D/nofatclips(  247): Found widget: id=2131165214 (android.widget.TextView@405e0de0): Username:
D/nofatclips(  247): Found widget: id=2131165223 (android.widget.TextView@406828c0): HTTP Username (optional):
