D/nofatclips(  784): Handling event longClickListItem for items [1,5] on listView #16909101 count=5
D/dalvikvm(  784): GC_CONCURRENT freed 844K, 28% free 7812K/10823K, paused 17ms+10ms, total 262ms
D/dalvikvm(  784): WAIT_FOR_CONCURRENT_GC blocked 42ms
D/dalvikvm(  784): WAIT_FOR_CONCURRENT_GC blocked 54ms
I/nofatclips(  784): Created trace to press the back button
I/nofatclips(  784): Created trace to press the menu button
I/nofatclips(  784): Created trace to change orientation
D/dalvikvm(  784): GC_CONCURRENT freed 523K, 27% free 7901K/10823K, paused 16ms+9ms, total 167ms
D/dalvikvm(  784): WAIT_FOR_CONCURRENT_GC blocked 39ms
D/dalvikvm(  784): WAIT_FOR_CONCURRENT_GC blocked 69ms
D/dalvikvm(  784): GC_CONCURRENT freed 633K, 27% free 7910K/10823K, paused 17ms+10ms, total 261ms
D/dalvikvm(  784): WAIT_FOR_CONCURRENT_GC blocked 119ms
D/dalvikvm(  784): WAIT_FOR_CONCURRENT_GC blocked 143ms
D/dalvikvm(  784): GC_CONCURRENT freed 650K, 27% free 7905K/10823K, paused 18ms+11ms, total 184ms
D/dalvikvm(  784): WAIT_FOR_CONCURRENT_GC blocked 64ms
D/dalvikvm(  784): WAIT_FOR_CONCURRENT_GC blocked 79ms
I/nofatclips(  784): Check for termination: 5 steps left of 25
I/nofatclips(  784): Dispatching new task. 10 more tasks remaining.
D/nofatclips(  784): Performing backup of the old task list on disk
D/nofatclips(  784): Saving task list on disk
V/nofatclips(  784): Backing up trace #89 to disk.
D/dalvikvm(  784): GC_CONCURRENT freed 474K, 26% free 8012K/10823K, paused 32ms+22ms, total 443ms
D/dalvikvm(  784): WAIT_FOR_CONCURRENT_GC blocked 300ms
V/nofatclips(  784): Backing up trace #90 to disk.
D/dalvikvm(  784): GC_CONCURRENT freed 431K, 25% free 8223K/10823K, paused 30ms+19ms, total 224ms
D/dalvikvm(  784): WAIT_FOR_CONCURRENT_GC blocked 187ms
V/nofatclips(  784): Backing up trace #91 to disk.
V/nofatclips(  784): Backing up trace #92 to disk.
D/dalvikvm(  784): GC_CONCURRENT freed 818K, 25% free 8124K/10823K, paused 27ms+16ms, total 261ms
D/dalvikvm(  784): WAIT_FOR_CONCURRENT_GC blocked 133ms
V/nofatclips(  784): Backing up trace #93 to disk.
V/nofatclips(  784): Backing up trace #94 to disk.
D/dalvikvm(  784): GC_CONCURRENT freed 613K, 24% free 8226K/10823K, paused 31ms+16ms, total 307ms
D/dalvikvm(  784): WAIT_FOR_CONCURRENT_GC blocked 138ms
V/nofatclips(  784): Backing up trace #95 to disk.
D/dalvikvm(  784): GC_CONCURRENT freed 767K, 25% free 8146K/10823K, paused 24ms+12ms, total 184ms
D/dalvikvm(  784): WAIT_FOR_CONCURRENT_GC blocked 113ms
V/nofatclips(  784): Backing up trace #96 to disk.
V/nofatclips(  784): Backing up trace #97 to disk.
D/dalvikvm(  784): GC_CONCURRENT freed 823K, 26% free 8044K/10823K, paused 20ms+11ms, total 213ms
D/dalvikvm(  784): WAIT_FOR_CONCURRENT_GC blocked 87ms
V/nofatclips(  784): Backing up trace #98 to disk.
D/dalvikvm(  784): GC_CONCURRENT freed 483K, 25% free 8213K/10823K, paused 20ms+9ms, total 130ms
D/dalvikvm(  784): WAIT_FOR_CONCURRENT_GC blocked 78ms
D/nofatclips(  784): Deleting backup of the old task list from disk
D/nofatclips(  784): Deleting backup of the old activity list from disk
I/nofatclips(  784): Incrementally Playing Trace 98
I/nofatclips(  784): Retrieved from return list id=16909101
D/nofatclips(  784): Testing for type (com.android.internal.app.AlertController$RecycleListView) against the original (com.android.internal.app.AlertController$RecycleListView)
D/nofatclips(  784): Testing for name () against the original ()
I/nofatclips(  784): Firing event: type= selectListItem index=10 widget=com.android.internal.app.AlertController$RecycleListView
I/Choreographer(  784): Skipped 34 frames!  The application may be doing too much work on its main thread.
I/nofatclips(  784): Swapping to listview item 3
I/Choreographer(  784): Skipped 76 frames!  The application may be doing too much work on its main thread.
I/Choreographer(  784): Skipped 61 frames!  The application may be doing too much work on its main thread.
D/nofatclips(  784): Event description: Delete
I/Choreographer(  784): Skipped 42 frames!  The application may be doing too much work on its main thread.
I/nofatclips(  784): Waiting for 100 msec.
I/Choreographer(  784): Skipped 396 frames!  The application may be doing too much work on its main thread.
I/Choreographer(  784): Skipped 367 frames!  The application may be doing too much work on its main thread.
I/Choreographer(  149): Skipped 70 frames!  The application may be doing too much work on its main thread.
I/Choreographer(  149): Skipped 39 frames!  The application may be doing too much work on its main thread.
I/nofatclips(  784): Current activity is ui.Tomdroid
I/nofatclips(  784): Retrieving widgets
D/nofatclips(  784): Found widget: id=-1 (android.widget.FrameLayout@411ab040)
D/nofatclips(  784): Found widget: id=16908290 (android.widget.FrameLayout@411f6910)
D/nofatclips(  784): Found widget: id=16908874 (android.widget.LinearLayout@411888c0)
D/nofatclips(  784): Found widget: id=16908875 (android.widget.LinearLayout@412046a0)
D/nofatclips(  784): Found widget: id=16908885 (android.view.View@413e8b78)
D/nofatclips(  784): Found widget: id=16908876 (android.widget.LinearLayout@41455630)
D/nofatclips(  784): Found widget: id=16908294 (android.widget.ImageView@4108f288)
D/nofatclips(  784): Found widget: id=16908877 (com.android.internal.widget.DialogTitle@411d18e8): Delete Note
D/nofatclips(  784): Found widget: id=16908878 (android.view.View@41427730)
D/nofatclips(  784): Found widget: id=16908882 (android.widget.LinearLayout@41110110)
D/nofatclips(  784): Found widget: id=16908883 (android.widget.ScrollView@413ed168)
D/nofatclips(  784): Found widget: id=16908299 (android.widget.TextView@41288d48): Are you sure you want to delete this note?
D/nofatclips(  784): Found widget: id=16908884 (android.widget.FrameLayout@414120f8)
D/nofatclips(  784): Found widget: id=16908331 (android.widget.FrameLayout@41139078)
D/nofatclips(  784): Found widget: id=16908879 (android.widget.LinearLayout@41154bf8)
D/nofatclips(  784): Found widget: id=-1 (android.widget.LinearLayout@411fea80)
D/nofatclips(  784): Found widget: id=16908314 (android.widget.Button@411658a8): No
D/nofatclips(  784): Found widget: id=16908315 (android.widget.Button@411d56f0): 
D/nofatclips(  784): Found widget: id=16908313 (android.widget.Button@41280438): Yes
D/nofatclips(  784): Found widget: id=16909076 (android.view.ViewStub@411a08a8)
D/nofatclips(  784): Found widget: id=-1 (com.android.internal.policy.impl.PhoneWindow$DecorView@411cdb50)
V/nicola  (  784): TextualID : null
V/nicola  (  784): ContentType detected : default
V/nicola  (  784): TextualID : null
V/nicola  (  784): ContentType detected : default
V/nicola  (  784): TextualID : null
V/nicola  (  784): ContentType detected : default
V/nicola  (  784): TextualID : null
V/nicola  (  784): ContentType detected : default
I/nofatclips(  784): Performing comparation for activity Tomdroid
D/nofatclips(  784): Comparing against activity ViewNote
D/nofatclips(  784): Comparing against activity ViewNote
D/nofatclips(  784): Comparing against activity ViewNote
D/nofatclips(  784): Comparing against activity Tomdroid
D/nofatclips(  784): Comparing against activity Tomdroid
D/nofatclips(  784): Comparing against activity ViewNote
D/nofatclips(  784): Comparing against activity ViewNote
D/nofatclips(  784): Comparing against activity ViewNote
D/nofatclips(  784): Comparing against activity ViewNote
D/nofatclips(  784): Comparing against activity Tomdroid
D/nofatclips(  784): Comparing against activity Tomdroid
D/nofatclips(  784): Comparing against activity Tomdroid
D/nofatclips(  784): Comparing against activity Tomdroid
D/nofatclips(  784): Comparing against activity ViewNote
D/nofatclips(  784): Comparing against activity ViewNote
D/nofatclips(  784): Comparing against activity Tomdroid
D/nofatclips(  784): Comparing against activity ViewNote
D/nofatclips(  784): Comparing against activity Tomdroid
D/nofatclips(  784): Comparing against activity ViewNote
D/nofatclips(  784): Comparing against activity ViewNote
D/nofatclips(  784): Comparing against activity ViewNote
I/nofatclips(  784): Registering activity Tomdroid (id: a22) as a new found state
D/nofatclips(  784): Performing backup of the old activity list on disk
D/nofatclips(  784): Saving new found state 'a22' on disk
V/nofatclips(  784): Opening state file in append mode.
D/dalvikvm(  784): GC_FOR_ALLOC freed 902K, 28% free 7863K/10823K, paused 130ms, total 146ms
I/nofatclips(  784): Saved image on disk: a22.jpg
I/nofatclips(  784): Waiting for 100 msec.
I/nofatclips(  784): Session count is 1. Will dump to disk at 1
I/nofatclips(  784): Saving the session on disk.
D/dalvikvm(  784): GC_CONCURRENT freed 651K, 28% free 7817K/10823K, paused 22ms+17ms, total 245ms
D/dalvikvm(  784): WAIT_FOR_CONCURRENT_GC blocked 110ms
I/nofatclips(  784): Planning for new Activity Tomdroid
D/nofatclips(  784): Handling event 'click' on widget id=16908314 type=button name=No
D/nofatclips(  784): Handling event 'click' on widget id=16908313 type=button name=Yes
I/nofatclips(  784): Created trace to press the back button
I/nofatclips(  784): Created trace to press the menu button
D/dalvikvm(  784): GC_CONCURRENT freed 613K, 28% free 7819K/10823K, paused 20ms+15ms, total 367ms
D/dalvikvm(  784): WAIT_FOR_CONCURRENT_GC blocked 42ms
D/dalvikvm(  784): WAIT_FOR_CONCURRENT_GC blocked 67ms
I/nofatclips(  784): Created trace to change orientation
D/dalvikvm(  784): GC_CONCURRENT freed 557K, 28% free 7876K/10823K, paused 19ms+12ms, total 196ms
D/dalvikvm(  784): WAIT_FOR_CONCURRENT_GC blocked 77ms
D/dalvikvm(  784): WAIT_FOR_CONCURRENT_GC blocked 89ms
I/nofatclips(  784): Check for termination: 4 steps left of 25
I/nofatclips(  784): Dispatching new task. 10 more tasks remaining.
D/nofatclips(  784): Performing backup of the old task list on disk
D/nofatclips(  784): Saving task list on disk
V/nofatclips(  784): Backing up trace #92 to disk.
D/dalvikvm(  784): GC_CONCURRENT freed 372K, 26% free 8080K/10823K, paused 33ms+23ms, total 318ms
D/dalvikvm(  784): WAIT_FOR_CONCURRENT_GC blocked 277ms
V/nofatclips(  784): Backing up trace #93 to disk.
V/nofatclips(  784): Backing up trace #94 to disk.
D/dalvikvm(  784): GC_CONCURRENT freed 707K, 26% free 8032K/10823K, paused 28ms+20ms, total 332ms
D/dalvikvm(  784): WAIT_FOR_CONCURRENT_GC blocked 180ms
V/nofatclips(  784): Backing up trace #95 to disk.
D/dalvikvm(  784): GC_CONCURRENT freed 483K, 25% free 8203K/10823K, paused 23ms+16ms, total 252ms
D/dalvikvm(  784): WAIT_FOR_CONCURRENT_GC blocked 173ms
V/nofatclips(  784): Backing up trace #96 to disk.
V/nofatclips(  784): Backing up trace #97 to disk.
D/dalvikvm(  784): GC_CONCURRENT freed 868K, 26% free 8051K/10823K, paused 23ms+13ms, total 240ms
D/dalvikvm(  784): WAIT_FOR_CONCURRENT_GC blocked 117ms
V/nofatclips(  784): Backing up trace #99 to disk.
D/dalvikvm(  784): GC_CONCURRENT freed 498K, 25% free 8216K/10823K, paused 22ms+12ms, total 142ms
D/dalvikvm(  784): WAIT_FOR_CONCURRENT_GC blocked 115ms
V/nofatclips(  784): Backing up trace #100 to disk.
V/nofatclips(  784): Backing up trace #101 to disk.
D/dalvikvm(  784): GC_CONCURRENT freed 841K, 26% free 8095K/10823K, paused 21ms+13ms, total 229ms
D/dalvikvm(  784): WAIT_FOR_CONCURRENT_GC blocked 100ms
V/nofatclips(  784): Backing up trace #102 to disk.
D/dalvikvm(  784): GC_CONCURRENT freed 554K, 25% free 8206K/10823K, paused 21ms+12ms, total 156ms
D/dalvikvm(  784): WAIT_FOR_CONCURRENT_GC blocked 101ms
D/nofatclips(  784): Deleting backup of the old task list from disk
D/nofatclips(  784): Deleting backup of the old activity list from disk
I/nofatclips(  784): Incrementally Playing Trace 102
I/nofatclips(  784): Retrieved from return list id=-1
D/nofatclips(  784): Testing for type (android.widget.FrameLayout) against the original (null)
I/nofatclips(  784): Firing event: type= changeOrientation name= widget=null
D/InputEventConsistencyVerifier(  784): KeyEvent: ACTION_UP but key was not down.
D/InputEventConsistencyVerifier(  784):   in com.android.internal.policy.impl.PhoneWindow$DecorView@411cdb50
D/InputEventConsistencyVerifier(  784):   0: sent at 656119000000, KeyEvent { action=ACTION_UP, keyCode=KEYCODE_DPAD_UP, scanCode=0, metaState=0, flags=0x8, repeatCount=0, eventTime=656119, downTime=656119, deviceId=-1, source=0x101 }
W/SurfaceFlinger(   36): createScreenshotSurface failed (Function not implemented)
I/InputReader(  149): Reconfiguring input devices.  changes=0x00000004
I/InputReader(  149): Device reconfigured: id=0, name='qwerty2', surface size is now 320x480, mode is 1
I/ActivityManager(  149): Config changed: {1.0 310mcc260mnc en_US sw320dp w480dp h295dp nrml land finger qwerty/v/v tball/v s.12}
I/nofatclips(  784): Waiting for 100 msec.
I/Choreographer(  784): Skipped 232 frames!  The application may be doing too much work on its main thread.
I/Choreographer(  261): Skipped 161 frames!  The application may be doing too much work on its main thread.
I/Choreographer(  261): Skipped 135 frames!  The application may be doing too much work on its main thread.
W/WindowManager(  149): Window freeze timeout expired.
W/WindowManager(  149): Force clearing orientation change: Window{413064a0 org.tomdroid/org.tomdroid.ui.Tomdroid paused=false}
W/WindowManager(  149): Force clearing orientation change: Window{41197b08 com.android.systemui.ImageWallpaper paused=false}
I/Choreographer(  784): Skipped 543 frames!  The application may be doing too much work on its main thread.
I/Choreographer(  784): Skipped 32 frames!  The application may be doing too much work on its main thread.
I/nofatclips(  784): Current activity is ui.Tomdroid
I/nofatclips(  784): Retrieving widgets
D/nofatclips(  784): Found widget: id=-1 (android.widget.FrameLayout@411ab040)
D/nofatclips(  784): Found widget: id=16908290 (android.widget.FrameLayout@411f6910)
D/nofatclips(  784): Found widget: id=16908874 (android.widget.LinearLayout@411888c0)
D/nofatclips(  784): Found widget: id=16908875 (android.widget.LinearLayout@412046a0)
D/nofatclips(  784): Found widget: id=16908885 (android.view.View@413e8b78)
D/nofatclips(  784): Found widget: id=16908876 (android.widget.LinearLayout@41455630)
D/nofatclips(  784): Found widget: id=16908294 (android.widget.ImageView@4108f288)
D/nofatclips(  784): Found widget: id=16908877 (com.android.internal.widget.DialogTitle@411d18e8): Delete Note
D/nofatclips(  784): Found widget: id=16908878 (android.view.View@41427730)
D/nofatclips(  784): Found widget: id=16908882 (android.widget.LinearLayout@41110110)
D/nofatclips(  784): Found widget: id=16908883 (android.widget.ScrollView@413ed168)
D/nofatclips(  784): Found widget: id=16908299 (android.widget.TextView@41288d48): Are you sure you want to delete this note?
D/nofatclips(  784): Found widget: id=16908884 (android.widget.FrameLayout@414120f8)
D/nofatclips(  784): Found widget: id=16908331 (android.widget.FrameLayout@41139078)
D/nofatclips(  784): Found widget: id=16908879 (android.widget.LinearLayout@41154bf8)
D/nofatclips(  784): Found widget: id=-1 (android.widget.LinearLayout@411fea80)
D/nofatclips(  784): Found widget: id=16908314 (android.widget.Button@411658a8): No
D/nofatclips(  784): Found widget: id=16908315 (android.widget.Button@411d56f0): 
D/nofatclips(  784): Found widget: id=16908313 (android.widget.Button@41280438): Yes
D/nofatclips(  784): Found widget: id=16909076 (android.view.ViewStub@411a08a8)
D/nofatclips(  784): Found widget: id=-1 (com.android.internal.policy.impl.PhoneWindow$DecorView@411cdb50)
V/nicola  (  784): TextualID : null
V/nicola  (  784): ContentType detected : default
V/nicola  (  784): TextualID : null
V/nicola  (  784): ContentType detected : default
V/nicola  (  784): TextualID : null
V/nicola  (  784): ContentType detected : default
V/nicola  (  784): TextualID : null
V/nicola  (  784): ContentType detected : default
I/nofatclips(  784): Performing comparation for activity Tomdroid
D/nofatclips(  784): Comparing against activity ViewNote
D/nofatclips(  784): Comparing against activity ViewNote
D/nofatclips(  784): Comparing against activity ViewNote
D/nofatclips(  784): Comparing against activity Tomdroid
D/nofatclips(  784): Comparing against activity Tomdroid
D/nofatclips(  784): Comparing against activity ViewNote
D/nofatclips(  784): Comparing against activity ViewNote
D/nofatclips(  784): Comparing against activity ViewNote
D/nofatclips(  784): Comparing against activity ViewNote
D/nofatclips(  784): Comparing against activity Tomdroid
D/nofatclips(  784): Comparing against activity Tomdroid
D/nofatclips(  784): Comparing against activity Tomdroid
D/nofatclips(  784): Comparing against activity Tomdroid
D/nofatclips(  784): Comparing against activity ViewNote
D/nofatclips(  784): Comparing against activity ViewNote
D/nofatclips(  784): Comparing against activity Tomdroid
D/nofatclips(  784): Comparing against activity ViewNote
D/nofatclips(  784): Comparing against activity Tomdroid
D/nofatclips(  784): Comparing against activity ViewNote
D/nofatclips(  784): Comparing against activity ViewNote
D/nofatclips(  784): Comparing against activity Tomdroid
D/nofatclips(  784): Comparing against activity ViewNote
I/nofatclips(  784): Registering activity Tomdroid (id: a23) as a new found state
D/nofatclips(  784): Performing backup of the old activity list on disk
D/nofatclips(  784): Saving new found state 'a23' on disk
V/nofatclips(  784): Opening state file in append mode.
D/dalvikvm(  784): GC_FOR_ALLOC freed 876K, 28% free 7834K/10823K, paused 117ms, total 122ms
I/nofatclips(  784): Saved image on disk: a23.jpg
I/nofatclips(  784): Waiting for 100 msec.
I/nofatclips(  784): Session count is 1. Will dump to disk at 1
I/nofatclips(  784): Saving the session on disk.
D/dalvikvm(  784): GC_CONCURRENT freed 255K, 25% free 8160K/10823K, paused 31ms+11ms, total 262ms
D/dalvikvm(  149): WAIT_FOR_CONCURRENT_GC blocked 0ms
I/nofatclips(  784): Planning for new Activity Tomdroid
D/nofatclips(  784): Handling event 'click' on widget id=16908314 type=button name=No
D/nofatclips(  784): Handling event 'click' on widget id=16908313 type=button name=Yes
I/nofatclips(  784): Created trace to press the back button
I/nofatclips(  784): Created trace to press the menu button
I/nofatclips(  784): Created trace to change orientation
D/dalvikvm(  149): GC_EXPLICIT freed 134K, 51% free 8369K/16903K, paused 12ms+32ms, total 501ms
D/dalvikvm(  784): GC_CONCURRENT freed 1011K, 28% free 7877K/10823K, paused 17ms+12ms, total 295ms
D/dalvikvm(  784): WAIT_FOR_CONCURRENT_GC blocked 59ms
D/dalvikvm(  784): WAIT_FOR_CONCURRENT_GC blocked 106ms
D/dalvikvm(  784): GC_CONCURRENT freed 553K, 27% free 7959K/10823K, paused 19ms+10ms, total 181ms
D/dalvikvm(  784): WAIT_FOR_CONCURRENT_GC blocked 60ms
D/dalvikvm(  784): WAIT_FOR_CONCURRENT_GC blocked 80ms
I/nofatclips(  784): Check for termination: 3 steps left of 25
I/nofatclips(  784): Dispatching new task. 10 more tasks remaining.
D/nofatclips(  784): Performing backup of the old task list on disk
D/nofatclips(  784): Saving task list on disk
V/nofatclips(  784): Backing up trace #95 to disk.
V/nofatclips(  784): Backing up trace #96 to disk.
D/dalvikvm(  784): GC_CONCURRENT freed 548K, 26% free 8069K/10823K, paused 31ms+31ms, total 520ms
D/dalvikvm(  784): WAIT_FOR_CONCURRENT_GC blocked 240ms
V/nofatclips(  784): Backing up trace #97 to disk.
D/dalvikvm(  784): GC_CONCURRENT freed 527K, 25% free 8193K/10823K, paused 24ms+20ms, total 247ms
D/dalvikvm(  784): WAIT_FOR_CONCURRENT_GC blocked 190ms
V/nofatclips(  784): Backing up trace #99 to disk.
V/nofatclips(  784): Backing up trace #100 to disk.
D/dalvikvm(  784): GC_CONCURRENT freed 747K, 25% free 8185K/10823K, paused 24ms+15ms, total 261ms
D/dalvikvm(  784): WAIT_FOR_CONCURRENT_GC blocked 14ms
D/dalvikvm(  784): WAIT_FOR_CONCURRENT_GC blocked 135ms
V/nofatclips(  784): Backing up trace #101 to disk.
D/dalvikvm(  784): GC_CONCURRENT freed 667K, 24% free 8233K/10823K, paused 22ms+19ms, total 259ms
D/dalvikvm(  784): WAIT_FOR_CONCURRENT_GC blocked 137ms
V/nofatclips(  784): Backing up trace #103 to disk.
V/nofatclips(  784): Backing up trace #104 to disk.
D/dalvikvm(  784): GC_CONCURRENT freed 794K, 25% free 8191K/10823K, paused 21ms+14ms, total 260ms
D/dalvikvm(  784): WAIT_FOR_CONCURRENT_GC blocked 78ms
D/dalvikvm(  784): WAIT_FOR_CONCURRENT_GC blocked 107ms
V/nofatclips(  784): Backing up trace #105 to disk.
D/dalvikvm(  784): GC_CONCURRENT freed 667K, 24% free 8235K/10823K, paused 20ms+16ms, total 208ms
D/dalvikvm(  784): WAIT_FOR_CONCURRENT_GC blocked 102ms
V/nofatclips(  784): Backing up trace #106 to disk.
D/nofatclips(  784): Deleting backup of the old task list from disk
D/nofatclips(  784): Deleting backup of the old activity list from disk
I/nofatclips(  784): Incrementally Playing Trace 106
I/nofatclips(  784): Retrieved from return list id=16908313
D/nofatclips(  784): Testing for type (android.widget.Button) against the original (android.widget.Button)
D/nofatclips(  784): Testing for name (Yes) against the original (Yes)
I/nofatclips(  784): Firing event: type= click index=18 widget=android.widget.Button
D/dalvikvm(  784): GC_CONCURRENT freed 706K, 24% free 8281K/10823K, paused 20ms+40ms, total 825ms
D/dalvikvm(  784): WAIT_FOR_CONCURRENT_GC blocked 180ms
D/dalvikvm(  784): WAIT_FOR_CONCURRENT_GC blocked 223ms
D/nofatclips(  784): Event description: Yes
I/nofatclips(  784): Waiting for 100 msec.
W/InputMethodManagerService(  149): Window already focused, ignoring focus gain of: com.android.internal.view.IInputMethodClient$Stub$Proxy@416cd888 attribute=android.view.inputmethod.EditorInfo@41a1f488
I/Choreographer(  784): Skipped 90 frames!  The application may be doing too much work on its main thread.
I/Choreographer(  149): Skipped 63 frames!  The application may be doing too much work on its main thread.
I/nofatclips(  784): Current activity is ui.Tomdroid
I/nofatclips(  784): Retrieving widgets
D/nofatclips(  784): Found widget: id=-1 (android.widget.LinearLayout@4100b880)
D/nofatclips(  784): Found widget: id=16909081 (com.android.internal.widget.ActionBarContainer@4101d9e0)
D/nofatclips(  784): Found widget: id=16909082 (com.android.internal.widget.ActionBarView@4104fbe8)
D/nofatclips(  784): Found widget: id=-1 (com.android.internal.widget.ActionBarView$HomeView@4101fd88)
D/nofatclips(  784): Found widget: id=16908859 (android.widget.ImageView@40ff3cc0)
D/nofatclips(  784): Found widget: id=16908332 (android.widget.ImageView@4104d8d8)
D/nofatclips(  784): Found widget: id=-1 (com.android.internal.view.menu.ActionMenuView@4101bb28)
D/nofatclips(  784): Found widget: id=2131099700 (com.android.internal.view.menu.ActionMenuItemView@41004cf0): 
D/nofatclips(  784): Found widget: id=2131099697 (com.android.internal.view.menu.ActionMenuItemView@41037cf0): 
D/nofatclips(  784): Found widget: id=2131099698 (com.android.internal.view.menu.ActionMenuItemView@411283b0): 
D/nofatclips(  784): Found widget: id=-1 (android.widget.LinearLayout@410ddf30)
D/nofatclips(  784): Found widget: id=16908859 (android.widget.ImageView@410592a8)
D/nofatclips(  784): Found widget: id=-1 (android.widget.LinearLayout@4118e828)
D/nofatclips(  784): Found widget: id=16908866 (android.widget.TextView@410ef750): Tomdroid
D/nofatclips(  784): Found widget: id=16908867 (android.widget.TextView@413e4478): 
D/nofatclips(  784): Found widget: id=16909083 (com.android.internal.widget.ActionBarContextView@41036f78)
D/nofatclips(  784): Found widget: id=16908290 (android.widget.FrameLayout@410302f8)
D/nofatclips(  784): Found widget: id=-1 (android.widget.LinearLayout@41429f88)
D/nofatclips(  784): Found widget: id=16908298 (android.widget.ListView@410ecca0)
D/nofatclips(  784): Found widget: id=-1 (android.widget.RelativeLayout@411d81a0)
D/nofatclips(  784): Found widget: id=2131099661 (android.widget.ImageView@410a0730)
D/nofatclips(  784): Found widget: id=2131099662 (android.widget.TextView@4128cf90): Tomdroid's First Note
D/nofatclips(  784): Found widget: id=2131099663 (android.widget.TextView@411b8110): Modified: 10/9/2010, 3:50 PM
D/nofatclips(  784): Found widget: id=2131099664 (android.view.View@41254748)
D/nofatclips(  784): Found widget: id=2131099658 (android.widget.TextView@410c8c00): Please wait while the notes load
D/nofatclips(  784): Found widget: id=16909084 (com.android.internal.widget.ActionBarContainer@4100d9d0)
D/nofatclips(  784): Found widget: id=-1 (com.android.internal.policy.impl.PhoneWindow$DecorView@4104e908)
V/nicola  (  784): TextualID : menuSearch
V/nicola  (  784): ContentType detected : default
V/nicola  (  784): TextualID : menuNew
V/nicola  (  784): ContentType detected : default
V/nicola  (  784): TextualID : menuSync
V/nicola  (  784): ContentType detected : default
V/nicola  (  784): TextualID : null
V/nicola  (  784): ContentType detected : default
E/ReflectionHelper(  784): java.lang.NoSuchFieldException: mOnFocusChangeListener
V/ReflectionHelper(  784): android.widget.ListView > mOnFocusChangeListener NOT FOUND
V/nicola  (  784): TextualID : note_title
V/nicola  (  784): ContentType detected : default
V/nicola  (  784): TextualID : note_date
V/nicola  (  784): ContentType detected : default
I/nofatclips(  784): Performing comparation for activity Tomdroid
D/nofatclips(  784): Comparing against activity ViewNote
D/nofatclips(  784): Comparing against activity ViewNote
D/nofatclips(  784): Comparing against activity ViewNote
D/nofatclips(  784): Comparing against activity Tomdroid
D/nofatclips(  784): Comparing against activity Tomdroid
D/nofatclips(  784): Comparing against activity ViewNote
D/nofatclips(  784): Comparing against activity ViewNote
D/nofatclips(  784): Comparing against activity ViewNote
D/nofatclips(  784): Comparing against activity ViewNote
D/nofatclips(  784): Comparing against activity Tomdroid
D/nofatclips(  784): Comparing against activity Tomdroid
D/nofatclips(  784): Comparing against activity Tomdroid
D/nofatclips(  784): Comparing against activity Tomdroid
D/nofatclips(  784): Comparing against activity ViewNote
D/nofatclips(  784): Comparing against activity ViewNote
D/nofatclips(  784): Comparing against activity Tomdroid
D/nofatclips(  784): Comparing against activity ViewNote
D/nofatclips(  784): Comparing against activity Tomdroid
D/nofatclips(  784): Comparing against activity ViewNote
D/nofatclips(  784): Comparing against activity ViewNote
D/nofatclips(  784): Comparing against activity Tomdroid
D/nofatclips(  784): Comparing against activity ViewNote
D/nofatclips(  784): Comparing against activity Tomdroid
I/nofatclips(  784): Registering activity Tomdroid (id: a24) as a new found state
D/nofatclips(  784): Performing backup of the old activity list on disk
D/nofatclips(  784): Saving new found state 'a24' on disk
V/nofatclips(  784): Opening state file in append mode.
D/dalvikvm(  784): GC_FOR_ALLOC freed 827K, 28% free 7855K/10823K, paused 164ms, total 173ms
D/dalvikvm(  784): GC_CONCURRENT freed 10K, 22% free 8447K/10823K, paused 23ms+13ms, total 189ms
D/dalvikvm(  784): WAIT_FOR_CONCURRENT_GC blocked 123ms
I/nofatclips(  784): Saved image on disk: a24.jpg
I/nofatclips(  784): Waiting for 100 msec.
I/nofatclips(  784): Session count is 1. Will dump to disk at 1
I/nofatclips(  784): Saving the session on disk.
D/dalvikvm(  784): GC_CONCURRENT freed 1317K, 27% free 7922K/10823K, paused 23ms+15ms, total 245ms
D/dalvikvm(  784): WAIT_FOR_CONCURRENT_GC blocked 121ms
I/nofatclips(  784): Planning for new Activity Tomdroid
D/nofatclips(  784): Handling event selectListItem for items [1,1] on listView #16908298 count=1
D/nofatclips(  784): Handling event longClickListItem for items [1,1] on listView #16908298 count=1
I/nofatclips(  784): Created trace to press the back button
I/nofatclips(  784): Created trace to press the menu button
I/nofatclips(  784): Created trace to change orientation
D/dalvikvm(  784): GC_CONCURRENT freed 685K, 28% free 7885K/10823K, paused 22ms+17ms, total 379ms
D/dalvikvm(  784): WAIT_FOR_CONCURRENT_GC blocked 52ms
D/dalvikvm(  784): WAIT_FOR_CONCURRENT_GC blocked 94ms
D/dalvikvm(  784): GC_CONCURRENT freed 558K, 27% free 7965K/10823K, paused 17ms+11ms, total 195ms
D/dalvikvm(  784): WAIT_FOR_CONCURRENT_GC blocked 72ms
D/dalvikvm(  784): WAIT_FOR_CONCURRENT_GC blocked 90ms
I/nofatclips(  784): Check for termination: 2 steps left of 25
I/nofatclips(  784): Dispatching new task. 10 more tasks remaining.
D/nofatclips(  784): Performing backup of the old task list on disk
D/nofatclips(  784): Saving task list on disk
V/nofatclips(  784): Backing up trace #99 to disk.
I/Choreographer(  261): Skipped 75 frames!  The application may be doing too much work on its main thread.
I/Choreographer(  261): Skipped 54 frames!  The application may be doing too much work on its main thread.
V/nofatclips(  784): Backing up trace #100 to disk.
D/dalvikvm(  784): GC_CONCURRENT freed 386K, 24% free 8238K/10823K, paused 85ms+20ms, total 420ms
D/dalvikvm(  784): WAIT_FOR_CONCURRENT_GC blocked 279ms
V/nofatclips(  784): Backing up trace #101 to disk.
D/dalvikvm(  784): GC_CONCURRENT freed 719K, 24% free 8263K/10823K, paused 59ms+16ms, total 373ms
D/dalvikvm(  784): WAIT_FOR_CONCURRENT_GC blocked 148ms
V/nofatclips(  784): Backing up trace #103 to disk.
V/nofatclips(  784): Backing up trace #104 to disk.
D/dalvikvm(  784): GC_CONCURRENT freed 800K, 25% free 8222K/10823K, paused 21ms+14ms, total 224ms
D/dalvikvm(  784): WAIT_FOR_CONCURRENT_GC blocked 115ms
V/nofatclips(  784): Backing up trace #105 to disk.
D/dalvikvm(  784): GC_CONCURRENT freed 698K, 24% free 8227K/10823K, paused 20ms+12ms, total 178ms
D/dalvikvm(  784): WAIT_FOR_CONCURRENT_GC blocked 110ms
V/nofatclips(  784): Backing up trace #107 to disk.
V/nofatclips(  784): Backing up trace #108 to disk.
D/dalvikvm(  784): GC_CONCURRENT freed 754K, 25% free 8223K/10823K, paused 18ms+9ms, total 191ms
D/dalvikvm(  784): WAIT_FOR_CONCURRENT_GC blocked 75ms
V/nofatclips(  784): Backing up trace #109 to disk.
D/dalvikvm(  784): GC_CONCURRENT freed 717K, 25% free 8208K/10823K, paused 20ms+9ms, total 174ms
D/dalvikvm(  784): WAIT_FOR_CONCURRENT_GC blocked 83ms
V/nofatclips(  784): Backing up trace #110 to disk.
D/nofatclips(  784): Deleting backup of the old task list from disk
D/nofatclips(  784): Deleting backup of the old activity list from disk
I/nofatclips(  784): Incrementally Playing Trace 110
I/nofatclips(  784): Retrieved from return list id=-1
D/nofatclips(  784): Testing for type (android.widget.LinearLayout) against the original (null)
I/nofatclips(  784): Firing event: type= openMenu name= widget=null
D/dalvikvm(  784): GC_CONCURRENT freed 668K, 24% free 8235K/10823K, paused 17ms+8ms, total 198ms
I/Choreographer(  784): Skipped 35 frames!  The application may be doing too much work on its main thread.
I/nofatclips(  784): Waiting for 100 msec.
I/Choreographer(  784): Skipped 501 frames!  The application may be doing too much work on its main thread.
I/Choreographer(  149): Skipped 34 frames!  The application may be doing too much work on its main thread.
I/nofatclips(  784): Current activity is ui.Tomdroid
I/nofatclips(  784): Retrieving widgets
D/nofatclips(  784): Found widget: id=16908916 (com.android.internal.view.menu.ExpandedMenuView@413fa9d8)
D/nofatclips(  784): Found widget: id=-1 (com.android.internal.view.menu.ListMenuItemView@41284638)
D/nofatclips(  784): Found widget: id=-1 (android.widget.RelativeLayout@4117cd18)
D/nofatclips(  784): Found widget: id=16908310 (android.widget.TextView@413eb938): Sort by Title
D/nofatclips(  784): Found widget: id=16909010 (android.widget.TextView@41443dc0): 
D/nofatclips(  784): Found widget: id=-1 (com.android.internal.view.menu.ListMenuItemView@41449e88)
D/nofatclips(  784): Found widget: id=-1 (android.widget.RelativeLayout@413efb08)
D/nofatclips(  784): Found widget: id=16908310 (android.widget.TextView@410013d0): Import Note
D/nofatclips(  784): Found widget: id=16909010 (android.widget.TextView@4107d038): 
D/nofatclips(  784): Found widget: id=-1 (com.android.internal.view.menu.ListMenuItemView@4113a9e8)
D/nofatclips(  784): Found widget: id=-1 (android.widget.RelativeLayout@414461b0)
D/nofatclips(  784): Found widget: id=16908310 (android.widget.TextView@4111b548): Revert All
D/nofatclips(  784): Found widget: id=16909010 (android.widget.TextView@413f0d00): 
D/nofatclips(  784): Found widget: id=-1 (com.android.internal.view.menu.ListMenuItemView@411816c0)
D/nofatclips(  784): Found widget: id=-1 (android.widget.RelativeLayout@410f3e18)
D/nofatclips(  784): Found widget: id=16908310 (android.widget.TextView@41284060): About
D/nofatclips(  784): Found widget: id=16909010 (android.widget.TextView@411e5920): 
D/nofatclips(  784): Found widget: id=-1 (com.android.internal.view.menu.ListMenuItemView@412042b0)
D/nofatclips(  784): Found widget: id=-1 (android.widget.RelativeLayout@411e9730)
D/nofatclips(  784): Found widget: id=16908310 (android.widget.TextView@410cf6f8): Settings
D/nofatclips(  784): Found widget: id=16909010 (android.widget.TextView@410e4500): 
D/nofatclips(  784): Found widget: id=-1 (com.android.internal.policy.impl.PhoneWindow$DecorView@41150de0)
E/ReflectionHelper(  784): java.lang.NoSuchFieldException: mOnFocusChangeListener
V/ReflectionHelper(  784): com.android.internal.view.menu.ExpandedMenuView > mOnFocusChangeListener NOT FOUND
V/nicola  (  784): TextualID : null
V/nicola  (  784): ContentType detected : default
V/nicola  (  784): TextualID : null
V/nicola  (  784): ContentType detected : default
V/nicola  (  784): TextualID : null
V/nicola  (  784): ContentType detected : default
V/nicola  (  784): TextualID : null
V/nicola  (  784): ContentType detected : default
V/nicola  (  784): TextualID : null
V/nicola  (  784): ContentType detected : default
I/nofatclips(  784): Performing comparation for activity Tomdroid
D/nofatclips(  784): Comparing against activity ViewNote
D/nofatclips(  784): Comparing against activity ViewNote
D/nofatclips(  784): Comparing against activity ViewNote
D/nofatclips(  784): Comparing against activity Tomdroid
D/nofatclips(  784): Comparing against activity Tomdroid
D/nofatclips(  784): Comparing against activity ViewNote
D/nofatclips(  784): Comparing against activity ViewNote
D/nofatclips(  784): Comparing against activity Tomdroid
D/nofatclips(  784): Comparing against activity ViewNote
D/nofatclips(  784): Comparing against activity ViewNote
D/nofatclips(  784): Comparing against activity Tomdroid
D/nofatclips(  784): Comparing against activity Tomdroid
D/nofatclips(  784): Comparing against activity Tomdroid
D/nofatclips(  784): Comparing against activity Tomdroid
D/nofatclips(  784): Comparing against activity ViewNote
D/nofatclips(  784): Comparing against activity ViewNote
D/nofatclips(  784): Comparing against activity Tomdroid
D/nofatclips(  784): Comparing against activity ViewNote
D/nofatclips(  784): Comparing against activity Tomdroid
D/nofatclips(  784): Comparing against activity ViewNote
D/nofatclips(  784): Comparing against activity ViewNote
D/nofatclips(  784): Comparing against activity Tomdroid
D/nofatclips(  784): Comparing against activity ViewNote
D/nofatclips(  784): Comparing against activity Tomdroid
I/nofatclips(  784): Registering activity Tomdroid (id: a25) as a new found state
D/nofatclips(  784): Performing backup of the old activity list on disk
D/nofatclips(  784): Saving new found state 'a25' on disk
V/nofatclips(  784): Opening state file in append mode.
D/dalvikvm(  784): GC_FOR_ALLOC freed 610K, 25% free 8207K/10823K, paused 129ms, total 137ms
I/nofatclips(  784): Saved image on disk: a25.jpg
I/nofatclips(  784): Waiting for 100 msec.
I/nofatclips(  784): Session count is 1. Will dump to disk at 1
I/nofatclips(  784): Saving the session on disk.
D/dalvikvm(  784): GC_CONCURRENT freed 716K, 24% free 8230K/10823K, paused 20ms+14ms, total 142ms
D/dalvikvm(  784): WAIT_FOR_CONCURRENT_GC blocked 110ms
I/nofatclips(  784): Planning for new Activity Tomdroid
D/nofatclips(  784): Handling event selectListItem for items [1,5] on listView #16908916 count=5
D/nofatclips(  784): Handling event longClickListItem for items [1,5] on listView #16908916 count=5
I/nofatclips(  784): Created trace to press the back button
I/nofatclips(  784): Created trace to press the menu button
I/nofatclips(  784): Created trace to change orientation
D/dalvikvm(  784): GC_CONCURRENT freed 912K, 26% free 8070K/10823K, paused 19ms+20ms, total 243ms
D/dalvikvm(  784): WAIT_FOR_CONCURRENT_GC blocked 75ms
D/dalvikvm(  784): WAIT_FOR_CONCURRENT_GC blocked 127ms
D/dalvikvm(  784): GC_CONCURRENT freed 649K, 25% free 8120K/10823K, paused 17ms+10ms, total 199ms
D/dalvikvm(  784): WAIT_FOR_CONCURRENT_GC blocked 81ms
D/dalvikvm(  784): WAIT_FOR_CONCURRENT_GC blocked 92ms
D/dalvikvm(  784): GC_CONCURRENT freed 670K, 25% free 8165K/10823K, paused 18ms+11ms, total 217ms
D/dalvikvm(  784): WAIT_FOR_CONCURRENT_GC blocked 74ms
D/dalvikvm(  784): WAIT_FOR_CONCURRENT_GC blocked 115ms
D/dalvikvm(  784): GC_CONCURRENT freed 761K, 25% free 8133K/10823K, paused 18ms+10ms, total 186ms
D/dalvikvm(  784): WAIT_FOR_CONCURRENT_GC blocked 63ms
D/dalvikvm(  784): WAIT_FOR_CONCURRENT_GC blocked 92ms
I/nofatclips(  784): Check for termination: 1 steps left of 25
I/nofatclips(  784): Dispatching new task. 10 more tasks remaining.
D/nofatclips(  784): Performing backup of the old task list on disk
D/nofatclips(  784): Saving task list on disk
V/nofatclips(  784): Backing up trace #113 to disk.
V/nofatclips(  784): Backing up trace #114 to disk.
D/dalvikvm(  784): GC_CONCURRENT freed 593K, 24% free 8253K/10823K, paused 33ms+23ms, total 480ms
D/dalvikvm(  784): WAIT_FOR_CONCURRENT_GC blocked 239ms
V/nofatclips(  784): Backing up trace #115 to disk.
D/dalvikvm(  784): GC_CONCURRENT freed 560K, 23% free 8383K/10823K, paused 25ms+25ms, total 311ms
D/dalvikvm(  784): WAIT_FOR_CONCURRENT_GC blocked 196ms
V/nofatclips(  784): Backing up trace #116 to disk.
V/nofatclips(  784): Backing up trace #117 to disk.
D/dalvikvm(  784): GC_CONCURRENT freed 861K, 24% free 8325K/10823K, paused 24ms+19ms, total 351ms
D/dalvikvm(  784): WAIT_FOR_CONCURRENT_GC blocked 152ms
D/dalvikvm(  784): WAIT_FOR_CONCURRENT_GC blocked 209ms
V/nofatclips(  784): Backing up trace #118 to disk.
V/nofatclips(  784): Backing up trace #119 to disk.
D/dalvikvm(  784): GC_CONCURRENT freed 701K, 23% free 8401K/10823K, paused 23ms+18ms, total 285ms
D/dalvikvm(  784): WAIT_FOR_CONCURRENT_GC blocked 121ms
V/nofatclips(  784): Backing up trace #120 to disk.
D/dalvikvm(  784): GC_CONCURRENT freed 751K, 23% free 8397K/10823K, paused 44ms+32ms, total 423ms
D/dalvikvm(  784): WAIT_FOR_CONCURRENT_GC blocked 383ms
V/nofatclips(  784): Backing up trace #121 to disk.
V/nofatclips(  784): Backing up trace #122 to disk.
D/dalvikvm(  784): GC_CONCURRENT freed 782K, 23% free 8361K/10823K, paused 46ms+26ms, total 524ms
D/dalvikvm(  784): WAIT_FOR_CONCURRENT_GC blocked 314ms
D/nofatclips(  784): Deleting backup of the old task list from disk
D/nofatclips(  784): Deleting backup of the old activity list from disk
I/nofatclips(  784): Incrementally Playing Trace 122
I/nofatclips(  784): Retrieved from return list id=16908916
D/nofatclips(  784): Testing for type (com.android.internal.view.menu.ExpandedMenuView) against the original (com.android.internal.view.menu.ExpandedMenuView)
D/nofatclips(  784): Testing for name () against the original ()
I/nofatclips(  784): Firing event: type= selectListItem index=0 widget=com.android.internal.view.menu.ExpandedMenuView
I/nofatclips(  784): Swapping to listview item 5
I/Choreographer(  784): Skipped 104 frames!  The application may be doing too much work on its main thread.
D/nofatclips(  784): Event description: Settings
I/Choreographer(  784): Skipped 132 frames!  The application may be doing too much work on its main thread.
I/ActivityManager(  149): START {cmp=org.tomdroid/.ui.PreferencesActivity u=0} from pid 784
I/nofatclips(  784): Waiting for 100 msec.
W/WindowManager(  149): Failure taking screenshot for (157x235) to layer 21015
I/Choreographer(  784): Skipped 213 frames!  The application may be doing too much work on its main thread.
I/InputReader(  149): Reconfiguring input devices.  changes=0x00000004
W/SurfaceFlinger(   36): createScreenshotSurface failed (Function not implemented)
I/InputReader(  149): Device reconfigured: id=0, name='qwerty2', surface size is now 320x480, mode is 1
I/ActivityManager(  149): Config changed: {1.0 310mcc260mnc en_US sw320dp w320dp h455dp nrml port finger qwerty/v/v tball/v s.13}
I/Choreographer(  261): Skipped 69 frames!  The application may be doing too much work on its main thread.
I/Choreographer(  784): Skipped 404 frames!  The application may be doing too much work on its main thread.
I/Choreographer(  784): Skipped 66 frames!  The application may be doing too much work on its main thread.
I/Choreographer(  149): Skipped 52 frames!  The application may be doing too much work on its main thread.
I/ActivityManager(  149): Displayed org.tomdroid/.ui.PreferencesActivity: +3s187ms
I/Choreographer(  149): Skipped 80 frames!  The application may be doing too much work on its main thread.
I/Choreographer(  784): Skipped 488 frames!  The application may be doing too much work on its main thread.
I/Choreographer(  149): Skipped 48 frames!  The application may be doing too much work on its main thread.
I/Choreographer(  784): Skipped 38 frames!  The application may be doing too much work on its main thread.
I/nofatclips(  784): Current activity is ui.PreferencesActivity
I/nofatclips(  784): Retrieving widgets
D/nofatclips(  784): Found widget: id=-1 (android.widget.LinearLayout@41093260)
D/nofatclips(  784): Found widget: id=16909081 (com.android.internal.widget.ActionBarContainer@4109df10)
D/nofatclips(  784): Found widget: id=16909082 (com.android.internal.widget.ActionBarView@410cbf18)
D/nofatclips(  784): Found widget: id=-1 (android.widget.LinearLayout@41259ec8)
D/nofatclips(  784): Found widget: id=16908859 (android.widget.ImageView@41157f58)
D/nofatclips(  784): Found widget: id=-1 (android.widget.LinearLayout@4126a118)
D/nofatclips(  784): Found widget: id=16908866 (android.widget.TextView@41275ff8): Tomdroid - Settings
D/nofatclips(  784): Found widget: id=16908867 (android.widget.TextView@410c6a00): 
D/nofatclips(  784): Found widget: id=-1 (com.android.internal.widget.ActionBarView$HomeView@410d62b8)
D/nofatclips(  784): Found widget: id=16908859 (android.widget.ImageView@4104c5c8)
D/nofatclips(  784): Found widget: id=16908332 (android.widget.ImageView@410e8b40)
D/nofatclips(  784): Found widget: id=-1 (com.android.internal.view.menu.ActionMenuView@41287ab0)
D/nofatclips(  784): Found widget: id=16909083 (com.android.internal.widget.ActionBarContextView@410d34f8)
D/nofatclips(  784): Found widget: id=16908290 (android.widget.FrameLayout@410c92b8)
D/nofatclips(  784): Found widget: id=-1 (android.widget.LinearLayout@4126f480)
D/nofatclips(  784): Found widget: id=-1 (android.widget.LinearLayout@41274250)
D/nofatclips(  784): Found widget: id=16909056 (android.widget.LinearLayout@4128a408)
D/nofatclips(  784): Found widget: id=16908298 (android.widget.ListView@413e6b70)
D/nofatclips(  784): Found widget: id=16908310 (android.widget.TextView@414519b8): Display Preferences
D/nofatclips(  784): Found widget: id=-1 (android.widget.LinearLayout@40fe6330)
D/nofatclips(  784): Found widget: id=-1 (android.widget.LinearLayout@413f4ba8)
D/nofatclips(  784): Found widget: id=16908294 (android.widget.ImageView@411e9378)
D/nofatclips(  784): Found widget: id=-1 (android.widget.RelativeLayout@411b7ea0)
D/nofatclips(  784): Found widget: id=16908310 (android.widget.TextView@40ff6c88): Base Font Size
D/nofatclips(  784): Found widget: id=16908304 (android.widget.TextView@4114bf68): 18
D/nofatclips(  784): Found widget: id=16908312 (android.widget.LinearLayout@413f73d0)
D/nofatclips(  784): Found widget: id=-1 (android.widget.LinearLayout@41149580)
D/nofatclips(  784): Found widget: id=-1 (android.widget.LinearLayout@41263f50)
D/nofatclips(  784): Found widget: id=16908294 (android.widget.ImageView@41257eb8)
D/nofatclips(  784): Found widget: id=-1 (android.widget.RelativeLayout@412723e8)
D/nofatclips(  784): Found widget: id=16908310 (android.widget.TextView@4117a540): Show Note Templates
D/nofatclips(  784): Found widget: id=16908304 (android.widget.TextView@41272800): If checked, will show note templates in notes list.
D/nofatclips(  784): Found widget: id=16908312 (android.widget.LinearLayout@4140ae20)
D/nofatclips(  784): Found widget: id=16908289 (android.widget.CheckBox@41279f68): 
D/nofatclips(  784): Found widget: id=-1 (android.widget.LinearLayout@41147c00)
D/nofatclips(  784): Found widget: id=-1 (android.widget.LinearLayout@411849c0)
D/nofatclips(  784): Found widget: id=16908294 (android.widget.ImageView@413ee370)
D/nofatclips(  784): Found widget: id=-1 (android.widget.RelativeLayout@414322b0)
D/nofatclips(  784): Found widget: id=16908310 (android.widget.TextView@4140c4c8): Show Deleted Notes
D/nofatclips(  784): Found widget: id=16908304 (android.widget.TextView@4141b510): If checked, will show deleted notes in notes list.
D/nofatclips(  784): Found widget: id=16908312 (android.widget.LinearLayout@411525f8)
D/nofatclips(  784): Found widget: id=16908289 (android.widget.CheckBox@41434740): 
D/nofatclips(  784): Found widget: id=-1 (android.widget.LinearLayout@411c5bb8)
D/nofatclips(  784): Found widget: id=-1 (android.widget.LinearLayout@413f0fe0)
D/nofatclips(  784): Found widget: id=16908294 (android.widget.ImageView@414146d0)
D/nofatclips(  784): Found widget: id=-1 (android.widget.RelativeLayout@41406748)
D/nofatclips(  784): Found widget: id=16908310 (android.widget.TextView@41209340): Default Sort Method
D/nofatclips(  784): Found widget: id=16908304 (android.widget.TextView@413df588): Sort by Date
D/nofatclips(  784): Found widget: id=16908312 (android.widget.LinearLayout@414304d0)
D/nofatclips(  784): Found widget: id=16908310 (android.widget.TextView@410d8db8): Synchronization
D/nofatclips(  784): Found widget: id=-1 (android.widget.LinearLayout@41448ab0)
D/nofatclips(  784): Found widget: id=-1 (android.widget.LinearLayout@410d4b18)
D/nofatclips(  784): Found widget: id=16908294 (android.widget.ImageView@4142a990)
D/dalvikvm(  149): WAIT_FOR_CONCURRENT_GC blocked 0ms
D/dalvikvm(  149): GC_EXPLICIT freed 112K, 51% free 8355K/16903K, paused 68ms+42ms, total 588ms
D/dalvikvm(  784): GC_CONCURRENT freed 890K, 24% free 8266K/10823K, paused 91ms+39ms, total 1403ms
D/dalvikvm(  784): WAIT_FOR_CONCURRENT_GC blocked 660ms
D/dalvikvm(  784): WAIT_FOR_CONCURRENT_GC blocked 718ms
D/nofatclips(  784): Found widget: id=-1 (android.widget.RelativeLayout@4111cad0)
D/nofatclips(  784): Found widget: id=16908310 (android.widget.TextView@410f2258): Service
D/nofatclips(  784): Found widget: id=16908304 (android.widget.TextView@4116f428): SD Card
D/nofatclips(  784): Found widget: id=16908312 (android.widget.LinearLayout@413f2d38)
D/nofatclips(  784): Found widget: id=16909057 (android.widget.FrameLayout@4111a788)
D/nofatclips(  784): Found widget: id=16908909 (android.widget.RelativeLayout@41134b00)
D/nofatclips(  784): Found widget: id=16909060 (android.widget.Button@4110ab38): Back
D/nofatclips(  784): Found widget: id=-1 (android.widget.LinearLayout@41416180)
D/nofatclips(  784): Found widget: id=16909061 (android.widget.Button@41196d28): Skip
D/nofatclips(  784): Found widget: id=16909062 (android.widget.Button@411a1f88): Next
D/nofatclips(  784): Found widget: id=16909084 (com.android.internal.widget.ActionBarContainer@41106098)
D/nofatclips(  784): Found widget: id=-1 (com.android.internal.policy.impl.PhoneWindow$DecorView@410d0748)
V/nicola  (  784): TextualID : null
V/nicola  (  784): ContentType detected : default
E/ReflectionHelper(  784): java.lang.NoSuchFieldException: mOnFocusChangeListener
V/ReflectionHelper(  784): android.widget.ListView > mOnFocusChangeListener NOT FOUND
V/nicola  (  784): TextualID : null
V/nicola  (  784): ContentType detected : default
V/nicola  (  784): TextualID : null
V/nicola  (  784): ContentType detected : default
V/nicola  (  784): TextualID : null
V/nicola  (  784): ContentType detected : default
V/nicola  (  784): TextualID : null
V/nicola  (  784): ContentType detected : default
V/nicola  (  784): TextualID : null
V/nicola  (  784): ContentType detected : default
V/nicola  (  784): TextualID : null
V/nicola  (  784): ContentType detected : default
V/nicola  (  784): TextualID : null
V/nicola  (  784): ContentType detected : default
V/nicola  (  784): TextualID : null
V/nicola  (  784): ContentType detected : default
V/nicola  (  784): TextualID : null
V/nicola  (  784): ContentType detected : default
V/nicola  (  784): TextualID : null
V/nicola  (  784): ContentType detected : default
V/nicola  (  784): TextualID : null
V/nicola  (  784): ContentType detected : default
V/nicola  (  784): TextualID : null
V/nicola  (  784): ContentType detected : default
V/nicola  (  784): TextualID : null
V/nicola  (  784): ContentType detected : default
V/nicola  (  784): TextualID : null
V/nicola  (  784): ContentType detected : default
