D/nofatclips(  784): Performing backup of the old task list on disk
D/nofatclips(  784): Saving task list on disk
V/nofatclips(  784): Backing up trace #51 to disk.
V/nofatclips(  784): Backing up trace #52 to disk.
D/dalvikvm(  784): GC_CONCURRENT freed 451K, 27% free 7479K/10183K, paused 36ms+29ms, total 477ms
D/dalvikvm(  784): WAIT_FOR_CONCURRENT_GC blocked 252ms
V/nofatclips(  784): Backing up trace #53 to disk.
V/nofatclips(  784): Backing up trace #55 to disk.
D/dalvikvm(  784): GC_CONCURRENT freed 427K, 26% free 7549K/10183K, paused 31ms+20ms, total 299ms
D/dalvikvm(  784): WAIT_FOR_CONCURRENT_GC blocked 162ms
V/nofatclips(  784): Backing up trace #56 to disk.
V/nofatclips(  784): Backing up trace #57 to disk.
D/dalvikvm(  784): GC_CONCURRENT freed 479K, 26% free 7568K/10183K, paused 27ms+17ms, total 247ms
D/dalvikvm(  784): WAIT_FOR_CONCURRENT_GC blocked 138ms
V/nofatclips(  784): Backing up trace #59 to disk.
V/nofatclips(  784): Backing up trace #60 to disk.
D/dalvikvm(  784): GC_CONCURRENT freed 561K, 27% free 7528K/10183K, paused 25ms+17ms, total 267ms
D/dalvikvm(  784): WAIT_FOR_CONCURRENT_GC blocked 118ms
V/nofatclips(  784): Backing up trace #61 to disk.
V/nofatclips(  784): Backing up trace #62 to disk.
D/dalvikvm(  784): GC_CONCURRENT freed 414K, 26% free 7630K/10183K, paused 23ms+14ms, total 199ms
D/dalvikvm(  784): WAIT_FOR_CONCURRENT_GC blocked 106ms
D/nofatclips(  784): Deleting backup of the old task list from disk
D/nofatclips(  784): Deleting backup of the old activity list from disk
I/nofatclips(  784): Incrementally Playing Trace 62
I/nofatclips(  784): Retrieved from return list id=2131099684
D/nofatclips(  784): Testing for type (android.widget.TextView) against the original (android.widget.TextView)
D/nofatclips(  784): Testing for name (Welcome to Tomdroid!
D/nofatclips(  784): 
D/nofatclips(  784): You have no notes here yet. To get started, set your Synchronization preferences under Settings. There are two synchronization options described below.
D/nofatclips(  784): 
D/nofatclips(  784): Online Synchronization
D/nofatclips(  784): Online Synchronization is what you are looking for if you want to sync to Tomboy-Online, your own Rainy/Snowy server or any server supporting the Tomboy Web REST API.
D/nofatclips(  784): 
D/nofatclips(  784): To use it, set Sync Service to Online Synchronization in preferences then provide a Server URL. Here are some of the public ones:
D/nofatclips(  784): Tomboy Online - https://edge.tomboy-online.org/
D/nofatclips(  784): rainy.notesync.org - https://notesync.org:8080/[username]/[password]/
D/nofatclips(  784): 
D/nofatclips(  784): Once set, hit the Sync logo on Tomdroid's top bar to synchronize your notes.
D/nofatclips(  784): 
D/nofatclips(  784): Note: you might want to back up your Tomboy notes before syncing, since this app is still under development and may corrupt your Tomboy notes.
D/nofatclips(  784): 
D/nofatclips(  784): Please see http://live.gnome.org/Tomboy/Directories for the location of the *.note files on all platforms.
D/nofatclips(  784): 
D/nofatclips(  784): SD Card
D/nofatclips(  784): Put your Tomboy notes (*.note) on your SD Card under tomdroid/. Once the notes are copied, set Sync Service to SD Card in preferences then hit the Sync logo on Tomdroid's top bar.
D/nofatclips(  784): 
D/nofatclips(  784): Also, Tomdroid is always looking for new contributors. If you are interested join the tomdroid-dev team on Launchpad: http://launchpad.net/~tomdroid-dev.
D/nofatclips(  784): 
D/nofatclips(  784): Lastly, if you encounter any issue, please report it at: https://bugs.launchpad.net/tomdroid) against the original (Welcome to Tomdroid!
D/nofatclips(  784): 
D/nofatclips(  784): You have no notes here yet. To get started, set your Synchronization preferences under Settings. There are two synchronization options described below.
D/nofatclips(  784): 
D/nofatclips(  784): Online Synchronization
D/nofatclips(  784): Online Synchronization is what you are looking for if you want to sync to Tomboy-Online, your own Rainy/Snowy server or any server supporting the Tomboy Web REST API.
D/nofatclips(  784): 
D/nofatclips(  784): To use it, set Sync Service to Online Synchronization in preferences then provide a Server URL. Here are some of the public ones:
D/nofatclips(  784): Tomboy Online - https://edge.tomboy-online.org/
D/nofatclips(  784): rainy.notesync.org - https://notesync.org:8080/[username]/[password]/
D/nofatclips(  784): 
D/nofatclips(  784): Once set, hit the Sync logo on Tomdroid's top bar to synchronize your notes.
D/nofatclips(  784): 
D/nofatclips(  784): Note: you might want to back up your Tomboy notes before syncing, since this app is still under development and may corrupt your Tomboy notes.
D/nofatclips(  784): 
D/nofatclips(  784): Please see http://live.gnome.org/Tomboy/Directories for the location of the *.note files on all platforms.
D/nofatclips(  784): 
D/nofatclips(  784): SD Card
D/nofatclips(  784): Put your Tomboy notes (*.note) on your SD Card under tomdroid/. Once the notes are copied, set Sync Service to SD Card in preferences then hit the Sync logo on Tomdroid's top bar.
D/nofatclips(  784): 
D/nofatclips(  784): Also, Tomdroid is always looking for new contributors. If you are interested join the tomdroid-dev team on Launchpad: http://launchpad.net/~tomdroid-dev.
D/nofatclips(  784): 
D/nofatclips(  784): Lastly, if you encounter any issue, please report it at: https://bugs.launchpad.net/tomdroid)
I/nofatclips(  784): Firing event: type= click index=20 widget=android.widget.TextView
I/Choreographer(  784): Skipped 113 frames!  The application may be doing too much work on its main thread.
D/dalvikvm(  784): GC_CONCURRENT freed 672K, 28% free 7420K/10183K, paused 38ms+56ms, total 606ms
I/Choreographer(  784): Skipped 184 frames!  The application may be doing too much work on its main thread.
I/Choreographer(  784): Skipped 54 frames!  The application may be doing too much work on its main thread.
D/nofatclips(  784): Event description: Welcome to Tomdroid!
D/nofatclips(  784): 
D/nofatclips(  784): You have no notes here yet. To get started, set your Synchronization preferences under Settings. There are two synchronization options described below.
D/nofatclips(  784): 
D/nofatclips(  784): Online Synchronization
D/nofatclips(  784): Online Synchronization is what you are looking for if you want to sync to Tomboy-Online, your own Rainy/Snowy server or any server supporting the Tomboy Web REST API.
D/nofatclips(  784): 
D/nofatclips(  784): To use it, set Sync Service to Online Synchronization in preferences then provide a Server URL. Here are some of the public ones:
D/nofatclips(  784): Tomboy Online - https://edge.tomboy-online.org/
D/nofatclips(  784): rainy.notesync.org - https://notesync.org:8080/[username]/[password]/
D/nofatclips(  784): 
D/nofatclips(  784): Once set, hit the Sync logo on Tomdroid's top bar to synchronize your notes.
D/nofatclips(  784): 
D/nofatclips(  784): Note: you might want to back up your Tomboy notes before syncing, since this app is still under development and may corrupt your Tomboy notes.
D/nofatclips(  784): 
D/nofatclips(  784): Please see http://live.gnome.org/Tomboy/Directories for the location of the *.note files on all platforms.
D/nofatclips(  784): 
D/nofatclips(  784): SD Card
D/nofatclips(  784): Put your Tomboy notes (*.note) on your SD Card under tomdroid/. Once the notes are copied, set Sync Service to SD Card in preferences then hit the Sync logo on Tomdroid's top bar.
D/nofatclips(  784): 
D/nofatclips(  784): Also, Tomdroid is always looking for new contributors. If you are interested join the tomdroid-dev team on Launchpad: http://launchpad.net/~tomdroid-dev.
D/nofatclips(  784): 
D/nofatclips(  784): Lastly, if you encounter any issue, please report it at: https://bugs.launchpad.net/tomdroid
I/Choreographer(  784): Skipped 71 frames!  The application may be doing too much work on its main thread.
I/nofatclips(  784): Waiting for 100 msec.
I/nofatclips(  784): Current activity is ui.ViewNote
I/nofatclips(  784): Retrieving widgets
D/nofatclips(  784): Found widget: id=-1 (android.widget.LinearLayout@41121ac8)
D/nofatclips(  784): Found widget: id=16909081 (com.android.internal.widget.ActionBarContainer@40ff6e18)
D/nofatclips(  784): Found widget: id=16909082 (com.android.internal.widget.ActionBarView@4103c470)
D/nofatclips(  784): Found widget: id=-1 (android.widget.LinearLayout@41053630)
D/nofatclips(  784): Found widget: id=16908859 (android.widget.ImageView@4114bf38)
D/nofatclips(  784): Found widget: id=-1 (android.widget.LinearLayout@41106478)
D/nofatclips(  784): Found widget: id=16908866 (android.widget.TextView@41169bc0): Tomdroid - View Note
D/nofatclips(  784): Found widget: id=16908867 (android.widget.TextView@411b3070): 
D/nofatclips(  784): Found widget: id=-1 (com.android.internal.widget.ActionBarView$HomeView@411c46e0)
D/nofatclips(  784): Found widget: id=16908859 (android.widget.ImageView@41053420)
D/nofatclips(  784): Found widget: id=16908332 (android.widget.ImageView@41096ea0)
D/nofatclips(  784): Found widget: id=-1 (com.android.internal.view.menu.ActionMenuView@40ff8f38)
D/nofatclips(  784): Found widget: id=2131099713 (com.android.internal.view.menu.ActionMenuItemView@410bde60): 
D/nofatclips(  784): Found widget: id=2131099714 (com.android.internal.view.menu.ActionMenuItemView@410f31c8): 
D/nofatclips(  784): Found widget: id=16909083 (com.android.internal.widget.ActionBarContextView@4117be08)
D/nofatclips(  784): Found widget: id=16908290 (android.widget.FrameLayout@4109bb58)
D/nofatclips(  784): Found widget: id=2131099665 (android.widget.LinearLayout@411a9980)
D/nofatclips(  784): Found widget: id=-1 (android.widget.ScrollView@41133e00)
D/nofatclips(  784): Found widget: id=2131099668 (android.widget.LinearLayout@411c9fd0)
D/nofatclips(  784): Found widget: id=2131099683 (android.widget.TextView@411bd148): Tomdroid's First Note
D/nofatclips(  784): Found widget: id=2131099684 (android.widget.TextView@411e37a0): Welcome to Tomdroid!
D/nofatclips(  784): 
D/nofatclips(  784): You have no notes here yet. To get started, set your Synchronization preferences under Settings. There are two synchronization options described below.
D/nofatclips(  784): 
D/nofatclips(  784): Online Synchronization
D/nofatclips(  784): Online Synchronization is what you are looking for if you want to sync to Tomboy-Online, your own Rainy/Snowy server or any server supporting the Tomboy Web REST API.
D/nofatclips(  784): 
D/nofatclips(  784): To use it, set Sync Service to Online Synchronization in preferences then provide a Server URL. Here are some of the public ones:
D/nofatclips(  784): Tomboy Online - https://edge.tomboy-online.org/
D/nofatclips(  784): rainy.notesync.org - https://notesync.org:8080/[username]/[password]/
D/nofatclips(  784): 
D/nofatclips(  784): Once set, hit the Sync logo on Tomdroid's top bar to synchronize your notes.
D/nofatclips(  784): 
D/nofatclips(  784): Note: you might want to back up your Tomboy notes before syncing, since this app is still under development and may corrupt your Tomboy notes.
D/nofatclips(  784): 
D/nofatclips(  784): Please see http://live.gnome.org/Tomboy/Directories for the location of the *.note files on all platforms.
D/nofatclips(  784): 
D/nofatclips(  784): SD Card
D/nofatclips(  784): Put your Tomboy notes (*.note) on your SD Card under tomdroid/. Once the notes are copied, set Sync Service to SD Card in preferences then hit the Sync logo on Tomdroid's top bar.
D/nofatclips(  784): 
D/nofatclips(  784): Also, Tomdroid is always looking for new contributors. If you are interested join the tomdroid-dev team on Launchpad: http://launchpad.net/~tomdroid-dev.
D/nofatclips(  784): 
D/nofatclips(  784): Lastly, if you encounter any issue, please report it at: https://bugs.launchpad.net/tomdroid
D/nofatclips(  784): Found widget: id=16909084 (com.android.internal.widget.ActionBarContainer@411a75f8)
D/nofatclips(  784): Found widget: id=-1 (com.android.internal.policy.impl.PhoneWindow$DecorView@41163bc8)
V/nicola  (  784): TextualID : null
V/nicola  (  784): ContentType detected : default
V/nicola  (  784): TextualID : view_note_edit
V/nicola  (  784): ContentType detected : default
V/nicola  (  784): TextualID : view_note_send
V/nicola  (  784): ContentType detected : default
V/nicola  (  784): TextualID : title
V/nicola  (  784): ContentType detected : default
E/ReflectionHelper(  784): java.lang.NoSuchFieldException: mOnFocusChangeListener
V/ReflectionHelper(  784): android.widget.TextView > mOnFocusChangeListener NOT FOUND
V/nicola  (  784): TextualID : content
V/nicola  (  784): ContentType detected : default
I/nofatclips(  784): Performing comparation for activity ViewNote
D/nofatclips(  784): Comparing against activity ViewNote
D/nofatclips(  784): Comparing against activity ViewNote
D/nofatclips(  784): Comparing against activity Tomdroid
D/nofatclips(  784): Comparing against activity ViewNote
D/nofatclips(  784): Comparing against activity ViewNote
D/nofatclips(  784): Comparing against activity ViewNote
D/nofatclips(  784): Comparing against activity Tomdroid
D/nofatclips(  784): Comparing against activity Tomdroid
D/nofatclips(  784): Comparing against activity ViewNote
D/nofatclips(  784): Comparing against activity ViewNote
D/nofatclips(  784): Comparing against activity Tomdroid
D/nofatclips(  784): Comparing against activity ViewNote
D/nofatclips(  784): Comparing against activity Tomdroid
D/nofatclips(  784): Comparing against activity ViewNote
I/nofatclips(  784): Registering activity ViewNote (id: a15) as a new found state
D/nofatclips(  784): Performing backup of the old activity list on disk
D/nofatclips(  784): Saving new found state 'a15' on disk
V/nofatclips(  784): Opening state file in append mode.
I/Choreographer(  784): Skipped 522 frames!  The application may be doing too much work on its main thread.
I/Choreographer(  784): Skipped 162 frames!  The application may be doing too much work on its main thread.
D/dalvikvm(  784): GC_CONCURRENT freed 403K, 28% free 7422K/10183K, paused 76ms+13ms, total 401ms
D/dalvikvm(  784): WAIT_FOR_CONCURRENT_GC blocked 111ms
D/dalvikvm(  784): GC_FOR_ALLOC freed 28K, 28% free 7394K/10183K, paused 129ms, total 129ms
I/dalvikvm-heap(  784): Grow heap (frag case) to 7.853MB for 614416-byte allocation
D/dalvikvm(  784): GC_FOR_ALLOC freed 0K, 22% free 7994K/10183K, paused 128ms, total 128ms
I/Choreographer(  784): Skipped 368 frames!  The application may be doing too much work on its main thread.
D/dalvikvm(  784): GC_CONCURRENT freed 2K, 16% free 8595K/10183K, paused 41ms+39ms, total 346ms
I/nofatclips(  784): Saved image on disk: a15.jpg
I/nofatclips(  784): Waiting for 100 msec.
I/nofatclips(  784): Session count is 1. Will dump to disk at 1
I/nofatclips(  784): Saving the session on disk.
D/dalvikvm(  784): GC_CONCURRENT freed 1933K, 27% free 7512K/10183K, paused 22ms+13ms, total 239ms
D/dalvikvm(  784): WAIT_FOR_CONCURRENT_GC blocked 87ms
I/nofatclips(  784): Planning for new Activity ViewNote
D/nofatclips(  784): Handling event 'click' on widget id=2131099684 type=text name=Welcome to Tomdroid!
D/nofatclips(  784): 
D/nofatclips(  784): You have no notes here yet. To get started, set your Synchronization preferences under Settings. There are two synchronization options described below.
D/nofatclips(  784): 
D/nofatclips(  784): Online Synchronization
D/nofatclips(  784): Online Synchronization is what you are looking for if you want to sync to Tomboy-Online, your own Rainy/Snowy server or any server supporting the Tomboy Web REST API.
D/nofatclips(  784): 
D/nofatclips(  784): To use it, set Sync Service to Online Synchronization in preferences then provide a Server URL. Here are some of the public ones:
D/nofatclips(  784): Tomboy Online - https://edge.tomboy-online.org/
D/nofatclips(  784): rainy.notesync.org - https://notesync.org:8080/[username]/[password]/
D/nofatclips(  784): 
D/nofatclips(  784): Once set, hit the Sync logo on Tomdroid's top bar to synchronize your notes.
D/nofatclips(  784): 
D/nofatclips(  784): Note: you might want to back up your Tomboy notes before syncing, since this app is still under development and may corrupt your Tomboy notes.
D/nofatclips(  784): 
D/nofatclips(  784): Please see http://live.gnome.org/Tomboy/Directories for the location of the *.note files on all platforms.
D/nofatclips(  784): 
D/nofatclips(  784): SD Card
D/nofatclips(  784): Put your Tomboy notes (*.note) on your SD Card under tomdroid/. Once the notes are copied, set Sync Service to SD Card in preferences then hit the Sync logo on Tomdroid's top bar.
D/nofatclips(  784): 
D/nofatclips(  784): Also, Tomdroid is always looking for new contributors. If you are interested join the tomdroid-dev team on Launchpad: http://launchpad.net/~tomdroid-dev.
D/nofatclips(  784): 
D/nofatclips(  784): Lastly, if you encounter any issue, please report it at: https://bugs.launchpad.net/tomdroid
I/nofatclips(  784): Created trace to press the back button
I/nofatclips(  784): Created trace to press the menu button
I/nofatclips(  784): Created trace to change orientation
D/dalvikvm(  784): GC_CONCURRENT freed 577K, 27% free 7447K/10183K, paused 22ms+16ms, total 314ms
D/dalvikvm(  784): WAIT_FOR_CONCURRENT_GC blocked 38ms
D/dalvikvm(  784): WAIT_FOR_CONCURRENT_GC blocked 81ms
I/nofatclips(  784): Check for termination: 11 steps left of 25
I/nofatclips(  784): Dispatching new task. 10 more tasks remaining.
D/nofatclips(  784): Performing backup of the old task list on disk
D/nofatclips(  784): Saving task list on disk
V/nofatclips(  784): Backing up trace #55 to disk.
D/dalvikvm(  784): GC_CONCURRENT freed 442K, 27% free 7508K/10183K, paused 21ms+41ms, total 803ms
D/dalvikvm(  784): WAIT_FOR_CONCURRENT_GC blocked 174ms
V/nofatclips(  784): Backing up trace #56 to disk.
V/nofatclips(  784): Backing up trace #57 to disk.
D/dalvikvm(  784): GC_CONCURRENT freed 472K, 26% free 7537K/10183K, paused 53ms+32ms, total 443ms
D/dalvikvm(  784): WAIT_FOR_CONCURRENT_GC blocked 186ms
V/nofatclips(  784): Backing up trace #59 to disk.
V/nofatclips(  784): Backing up trace #60 to disk.
D/dalvikvm(  784): GC_CONCURRENT freed 442K, 26% free 7616K/10183K, paused 26ms+20ms, total 330ms
D/dalvikvm(  784): WAIT_FOR_CONCURRENT_GC blocked 153ms
V/nofatclips(  784): Backing up trace #61 to disk.
D/dalvikvm(  784): GC_CONCURRENT freed 476K, 25% free 7676K/10183K, paused 25ms+14ms, total 172ms
D/dalvikvm(  784): WAIT_FOR_CONCURRENT_GC blocked 128ms
V/nofatclips(  784): Backing up trace #63 to disk.
V/nofatclips(  784): Backing up trace #64 to disk.
D/dalvikvm(  784): GC_CONCURRENT freed 641K, 26% free 7597K/10183K, paused 56ms+17ms, total 355ms
D/dalvikvm(  784): WAIT_FOR_CONCURRENT_GC blocked 118ms
V/nofatclips(  784): Backing up trace #65 to disk.
D/dalvikvm(  784): GC_CONCURRENT freed 368K, 25% free 7739K/10183K, paused 20ms+11ms, total 160ms
D/dalvikvm(  784): WAIT_FOR_CONCURRENT_GC blocked 97ms
V/nofatclips(  784): Backing up trace #66 to disk.
D/nofatclips(  784): Deleting backup of the old task list from disk
D/nofatclips(  784): Deleting backup of the old activity list from disk
I/nofatclips(  784): Incrementally Playing Trace 66
I/nofatclips(  784): Retrieved from return list id=-1
D/nofatclips(  784): Testing for type (android.widget.LinearLayout) against the original (null)
I/nofatclips(  784): Firing event: type= changeOrientation name= widget=null
D/dalvikvm(  784): GC_CONCURRENT freed 620K, 26% free 7625K/10183K, paused 21ms+12ms, total 291ms
W/SurfaceFlinger(   36): createScreenshotSurface failed (Function not implemented)
I/InputReader(  149): Reconfiguring input devices.  changes=0x00000004
I/InputReader(  149): Device reconfigured: id=0, name='qwerty2', surface size is now 320x480, mode is 1
I/ActivityManager(  149): Config changed: {1.0 310mcc260mnc en_US sw320dp w480dp h295dp nrml land finger qwerty/v/v tball/v s.10}
I/nofatclips(  784): Waiting for 100 msec.
W/WindowManager(  149): Window freeze timeout expired.
W/WindowManager(  149): Force clearing orientation change: Window{41a1daf8 StatusBar paused=false}
W/WindowManager(  149): Force clearing orientation change: Window{41197b08 com.android.systemui.ImageWallpaper paused=false}
I/Choreographer(  261): Skipped 95 frames!  The application may be doing too much work on its main thread.
I/Choreographer(  149): Skipped 41 frames!  The application may be doing too much work on its main thread.
I/Choreographer(  784): Skipped 1194 frames!  The application may be doing too much work on its main thread.
I/Choreographer(  784): Skipped 405 frames!  The application may be doing too much work on its main thread.
I/Choreographer(  784): Skipped 86 frames!  The application may be doing too much work on its main thread.
I/Choreographer(  784): Skipped 56 frames!  The application may be doing too much work on its main thread.
I/Choreographer(  784): Skipped 31 frames!  The application may be doing too much work on its main thread.
I/Choreographer(  784): Skipped 52 frames!  The application may be doing too much work on its main thread.
I/nofatclips(  784): Current activity is ui.ViewNote
I/nofatclips(  784): Retrieving widgets
D/nofatclips(  784): Found widget: id=-1 (android.widget.LinearLayout@410b3410)
D/nofatclips(  784): Found widget: id=16909081 (com.android.internal.widget.ActionBarContainer@41199560)
D/nofatclips(  784): Found widget: id=16909082 (com.android.internal.widget.ActionBarView@410a2128)
D/nofatclips(  784): Found widget: id=-1 (android.widget.LinearLayout@411d5618)
D/nofatclips(  784): Found widget: id=16908859 (android.widget.ImageView@4118c208)
D/nofatclips(  784): Found widget: id=-1 (android.widget.LinearLayout@411cd478)
D/nofatclips(  784): Found widget: id=16908866 (android.widget.TextView@410698b0): Tomdroid - View Note
D/nofatclips(  784): Found widget: id=16908867 (android.widget.TextView@4110dc50): 
D/nofatclips(  784): Found widget: id=-1 (com.android.internal.widget.ActionBarView$HomeView@411f4bc8)
D/nofatclips(  784): Found widget: id=16908859 (android.widget.ImageView@4112afb8)
D/nofatclips(  784): Found widget: id=16908332 (android.widget.ImageView@411cab98)
D/nofatclips(  784): Found widget: id=-1 (com.android.internal.view.menu.ActionMenuView@4108cc80)
D/nofatclips(  784): Found widget: id=2131099713 (com.android.internal.view.menu.ActionMenuItemView@41100c98): 
D/nofatclips(  784): Found widget: id=2131099714 (com.android.internal.view.menu.ActionMenuItemView@41109b38): 
D/nofatclips(  784): Found widget: id=2131099715 (com.android.internal.view.menu.ActionMenuItemView@41119a78): 
D/nofatclips(  784): Found widget: id=16909083 (com.android.internal.widget.ActionBarContextView@411701e0)
D/nofatclips(  784): Found widget: id=16908290 (android.widget.FrameLayout@410fa0a0)
D/nofatclips(  784): Found widget: id=2131099665 (android.widget.LinearLayout@411a5960)
D/nofatclips(  784): Found widget: id=-1 (android.widget.ScrollView@4115e960)
D/nofatclips(  784): Found widget: id=2131099668 (android.widget.LinearLayout@412066a0)
D/nofatclips(  784): Found widget: id=2131099683 (android.widget.TextView@41178478): Tomdroid's First Note
D/nofatclips(  784): Found widget: id=2131099684 (android.widget.TextView@4113ed80): Welcome to Tomdroid!
D/nofatclips(  784): 
D/nofatclips(  784): You have no notes here yet. To get started, set your Synchronization preferences under Settings. There are two synchronization options described below.
D/nofatclips(  784): 
D/nofatclips(  784): Online Synchronization
D/nofatclips(  784): Online Synchronization is what you are looking for if you want to sync to Tomboy-Online, your own Rainy/Snowy server or any server supporting the Tomboy Web REST API.
D/nofatclips(  784): 
D/nofatclips(  784): To use it, set Sync Service to Online Synchronization in preferences then provide a Server URL. Here are some of the public ones:
D/nofatclips(  784): Tomboy Online - https://edge.tomboy-online.org/
D/nofatclips(  784): rainy.notesync.org - https://notesync.org:8080/[username]/[password]/
D/nofatclips(  784): 
D/nofatclips(  784): Once set, hit the Sync logo on Tomdroid's top bar to synchronize your notes.
D/nofatclips(  784): 
D/nofatclips(  784): Note: you might want to back up your Tomboy notes before syncing, since this app is still under development and may corrupt your Tomboy notes.
D/nofatclips(  784): 
D/nofatclips(  784): Please see http://live.gnome.org/Tomboy/Directories for the location of the *.note files on all platforms.
D/nofatclips(  784): 
D/nofatclips(  784): SD Card
D/nofatclips(  784): Put your Tomboy notes (*.note) on your SD Card under tomdroid/. Once the notes are copied, set Sync Service to SD Card in preferences then hit the Sync logo on Tomdroid's top bar.
D/nofatclips(  784): 
D/nofatclips(  784): Also, Tomdroid is always looking for new contributors. If you are interested join the tomdroid-dev team on Launchpad: http://launchpad.net/~tomdroid-dev.
D/nofatclips(  784): 
D/nofatclips(  784): Lastly, if you encounter any issue, please report it at: https://bugs.launchpad.net/tomdroid
D/nofatclips(  784): Found widget: id=16909084 (com.android.internal.widget.ActionBarContainer@411f05e0)
D/nofatclips(  784): Found widget: id=-1 (com.android.internal.policy.impl.PhoneWindow$DecorView@411cd830)
V/nicola  (  784): TextualID : null
V/nicola  (  784): ContentType detected : default
V/nicola  (  784): TextualID : view_note_edit
V/nicola  (  784): ContentType detected : default
V/nicola  (  784): TextualID : view_note_send
V/nicola  (  784): ContentType detected : default
V/nicola  (  784): TextualID : view_note_delete
V/nicola  (  784): ContentType detected : default
V/nicola  (  784): TextualID : title
V/nicola  (  784): ContentType detected : default
E/ReflectionHelper(  784): java.lang.NoSuchFieldException: mOnFocusChangeListener
V/ReflectionHelper(  784): android.widget.TextView > mOnFocusChangeListener NOT FOUND
V/nicola  (  784): TextualID : content
V/nicola  (  784): ContentType detected : default
I/nofatclips(  784): Performing comparation for activity ViewNote
D/nofatclips(  784): Comparing against activity ViewNote
D/nofatclips(  784): Comparing against activity ViewNote
D/nofatclips(  784): Comparing against activity ViewNote
D/nofatclips(  784): Comparing against activity Tomdroid
D/nofatclips(  784): Comparing against activity ViewNote
I/Choreographer(  784): Skipped 228 frames!  The application may be doing too much work on its main thread.
D/nofatclips(  784): Comparing against activity ViewNote
D/nofatclips(  784): Comparing against activity ViewNote
D/nofatclips(  784): Comparing against activity Tomdroid
D/nofatclips(  784): Comparing against activity Tomdroid
D/nofatclips(  784): Comparing against activity ViewNote
D/nofatclips(  784): Comparing against activity ViewNote
D/nofatclips(  784): Comparing against activity Tomdroid
D/nofatclips(  784): Comparing against activity ViewNote
D/nofatclips(  784): Comparing against activity Tomdroid
D/nofatclips(  784): Comparing against activity ViewNote
I/nofatclips(  784): Registering activity ViewNote (id: a16) as a new found state
D/dalvikvm(  149): WAIT_FOR_CONCURRENT_GC blocked 0ms
D/nofatclips(  784): Performing backup of the old activity list on disk
I/Choreographer(  784): Skipped 206 frames!  The application may be doing too much work on its main thread.
I/Choreographer(  784): Skipped 358 frames!  The application may be doing too much work on its main thread.
D/nofatclips(  784): Saving new found state 'a16' on disk
V/nofatclips(  784): Opening state file in append mode.
I/Choreographer(  784): Skipped 65 frames!  The application may be doing too much work on its main thread.
D/dalvikvm(  149): GC_EXPLICIT freed 126K, 51% free 8364K/16903K, paused 36ms+219ms, total 1837ms
D/dalvikvm(  784): GC_CONCURRENT freed 607K, 26% free 7568K/10183K, paused 133ms+25ms, total 541ms
D/dalvikvm(  784): WAIT_FOR_CONCURRENT_GC blocked 257ms
D/dalvikvm(  784): WAIT_FOR_CONCURRENT_GC blocked 281ms
D/dalvikvm(  784): GC_FOR_ALLOC freed 118K, 27% free 7452K/10183K, paused 286ms, total 289ms
I/dalvikvm-heap(  784): Grow heap (frag case) to 7.909MB for 614416-byte allocation
D/dalvikvm(  784): GC_FOR_ALLOC freed 4K, 21% free 8047K/10183K, paused 134ms, total 134ms
I/nofatclips(  784): Saved image on disk: a16.jpg
I/nofatclips(  784): Waiting for 100 msec.
D/dalvikvm(  784): GC_CONCURRENT freed 616K, 21% free 8048K/10183K, paused 44ms+13ms, total 378ms
I/nofatclips(  784): Session count is 1. Will dump to disk at 1
I/nofatclips(  784): Saving the session on disk.
I/nofatclips(  784): Planning for new Activity ViewNote
D/nofatclips(  784): Handling event 'click' on widget id=2131099684 type=text name=Welcome to Tomdroid!
D/nofatclips(  784): 
D/nofatclips(  784): You have no notes here yet. To get started, set your Synchronization preferences under Settings. There are two synchronization options described below.
D/nofatclips(  784): 
D/nofatclips(  784): Online Synchronization
D/nofatclips(  784): Online Synchronization is what you are looking for if you want to sync to Tomboy-Online, your own Rainy/Snowy server or any server supporting the Tomboy Web REST API.
D/nofatclips(  784): 
D/nofatclips(  784): To use it, set Sync Service to Online Synchronization in preferences then provide a Server URL. Here are some of the public ones:
D/nofatclips(  784): Tomboy Online - https://edge.tomboy-online.org/
D/nofatclips(  784): rainy.notesync.org - https://notesync.org:8080/[username]/[password]/
D/nofatclips(  784): 
D/nofatclips(  784): Once set, hit the Sync logo on Tomdroid's top bar to synchronize your notes.
D/nofatclips(  784): 
D/nofatclips(  784): Note: you might want to back up your Tomboy notes before syncing, since this app is still under development and may corrupt your Tomboy notes.
D/nofatclips(  784): 
D/nofatclips(  784): Please see http://live.gnome.org/Tomboy/Directories for the location of the *.note files on all platforms.
D/nofatclips(  784): 
D/nofatclips(  784): SD Card
D/nofatclips(  784): Put your Tomboy notes (*.note) on your SD Card under tomdroid/. Once the notes are copied, set Sync Service to SD Card in preferences then hit the Sync logo on Tomdroid's top bar.
D/nofatclips(  784): 
D/nofatclips(  784): Also, Tomdroid is always looking for new contributors. If you are interested join the tomdroid-dev team on Launchpad: http://launchpad.net/~tomdroid-dev.
D/nofatclips(  784): 
D/nofatclips(  784): Lastly, if you encounter any issue, please report it at: https://bugs.launchpad.net/tomdroid
I/nofatclips(  784): Created trace to press the back button
I/nofatclips(  784): Created trace to press the menu button
I/nofatclips(  784): Created trace to change orientation
D/dalvikvm(  784): GC_CONCURRENT freed 1262K, 27% free 7478K/10183K, paused 19ms+11ms, total 370ms
D/dalvikvm(  784): WAIT_FOR_CONCURRENT_GC blocked 26ms
D/dalvikvm(  784): WAIT_FOR_CONCURRENT_GC blocked 51ms
I/nofatclips(  784): Check for termination: 10 steps left of 25
I/nofatclips(  784): Dispatching new task. 10 more tasks remaining.
D/nofatclips(  784): Performing backup of the old task list on disk
D/nofatclips(  784): Saving task list on disk
D/dalvikvm(  784): GC_CONCURRENT freed 468K, 27% free 7521K/10183K, paused 18ms+82ms, total 1595ms
D/dalvikvm(  784): WAIT_FOR_CONCURRENT_GC blocked 250ms
D/dalvikvm(  784): WAIT_FOR_CONCURRENT_GC blocked 293ms
V/nofatclips(  784): Backing up trace #59 to disk.
V/nofatclips(  784): Backing up trace #60 to disk.
D/dalvikvm(  784): GC_CONCURRENT freed 380K, 25% free 7642K/10183K, paused 27ms+21ms, total 372ms
D/dalvikvm(  784): WAIT_FOR_CONCURRENT_GC blocked 158ms
V/nofatclips(  784): Backing up trace #61 to disk.
V/nofatclips(  784): Backing up trace #63 to disk.
D/dalvikvm(  784): GC_CONCURRENT freed 500K, 25% free 7690K/10183K, paused 25ms+21ms, total 294ms
D/dalvikvm(  784): WAIT_FOR_CONCURRENT_GC blocked 129ms
V/nofatclips(  784): Backing up trace #64 to disk.
I/Choreographer(  261): Skipped 49 frames!  The application may be doing too much work on its main thread.
I/Choreographer(  261): Skipped 37 frames!  The application may be doing too much work on its main thread.
D/dalvikvm(  784): GC_CONCURRENT freed 467K, 24% free 7786K/10183K, paused 99ms+15ms, total 727ms
D/dalvikvm(  784): WAIT_FOR_CONCURRENT_GC blocked 322ms
V/nofatclips(  784): Backing up trace #65 to disk.
V/nofatclips(  784): Backing up trace #67 to disk.
D/dalvikvm(  784): GC_CONCURRENT freed 658K, 25% free 7732K/10183K, paused 47ms+27ms, total 989ms
D/dalvikvm(  784): WAIT_FOR_CONCURRENT_GC blocked 147ms
D/dalvikvm(  784): WAIT_FOR_CONCURRENT_GC blocked 242ms
V/nofatclips(  784): Backing up trace #68 to disk.
D/dalvikvm(  784): GC_CONCURRENT freed 521K, 24% free 7769K/10183K, paused 32ms+27ms, total 418ms
D/dalvikvm(  784): WAIT_FOR_CONCURRENT_GC blocked 270ms
V/nofatclips(  784): Backing up trace #69 to disk.
V/nofatclips(  784): Backing up trace #70 to disk.
D/dalvikvm(  784): GC_CONCURRENT freed 727K, 25% free 7640K/10183K, paused 34ms+24ms, total 414ms
D/dalvikvm(  784): WAIT_FOR_CONCURRENT_GC blocked 114ms
D/nofatclips(  784): Deleting backup of the old task list from disk
D/nofatclips(  784): Deleting backup of the old activity list from disk
I/nofatclips(  784): Incrementally Playing Trace 70
D/nofatclips(  784): Firing event: type= back
W/WindowManager(  149): Failure taking screenshot for (157x235) to layer 21015
W/SurfaceFlinger(   36): createScreenshotSurface failed (Function not implemented)
I/InputReader(  149): Reconfiguring input devices.  changes=0x00000004
I/InputReader(  149): Device reconfigured: id=0, name='qwerty2', surface size is now 320x480, mode is 1
I/ActivityManager(  149): Config changed: {1.0 310mcc260mnc en_US sw320dp w320dp h455dp nrml port finger qwerty/v/v tball/v s.11}
I/nofatclips(  784): Waiting for 100 msec.
D/dalvikvm(  276): GC_CONCURRENT freed 248K, 6% free 6373K/6727K, paused 193ms+91ms, total 734ms
I/Choreographer(  784): Skipped 269 frames!  The application may be doing too much work on its main thread.
I/Choreographer(  784): Skipped 223 frames!  The application may be doing too much work on its main thread.
I/Choreographer(  261): Skipped 141 frames!  The application may be doing too much work on its main thread.
W/WindowManager(  149): Window freeze timeout expired.
W/WindowManager(  149): Force clearing orientation change: Window{41a1daf8 StatusBar paused=false}
W/WindowManager(  149): Force clearing orientation change: Window{41197b08 com.android.systemui.ImageWallpaper paused=false}
I/nofatclips(  784): Current activity is ui.Tomdroid
I/nofatclips(  784): Retrieving widgets
D/nofatclips(  784): Found widget: id=-1 (android.widget.LinearLayout@4100b880)
D/nofatclips(  784): Found widget: id=16909081 (com.android.internal.widget.ActionBarContainer@4101d9e0)
D/nofatclips(  784): Found widget: id=16909082 (com.android.internal.widget.ActionBarView@4104fbe8)
D/nofatclips(  784): Found widget: id=-1 (android.widget.LinearLayout@41037578)
D/nofatclips(  784): Found widget: id=16908859 (android.widget.ImageView@41035700)
D/nofatclips(  784): Found widget: id=-1 (android.widget.LinearLayout@41036460)
D/nofatclips(  784): Found widget: id=16908866 (android.widget.TextView@40ff2f08): Tomdroid
D/nofatclips(  784): Found widget: id=16908867 (android.widget.TextView@40fe6330): 
D/nofatclips(  784): Found widget: id=-1 (com.android.internal.widget.ActionBarView$HomeView@4101fd88)
D/nofatclips(  784): Found widget: id=16908859 (android.widget.ImageView@40ff3cc0)
D/nofatclips(  784): Found widget: id=16908332 (android.widget.ImageView@4104d8d8)
D/nofatclips(  784): Found widget: id=-1 (com.android.internal.view.menu.ActionMenuView@4101bb28)
D/nofatclips(  784): Found widget: id=2131099697 (com.android.internal.view.menu.ActionMenuItemView@41004cf0): 
D/nofatclips(  784): Found widget: id=2131099698 (com.android.internal.view.menu.ActionMenuItemView@41037cf0): 
D/nofatclips(  784): Found widget: id=16909083 (com.android.internal.widget.ActionBarContextView@41036f78)
D/nofatclips(  784): Found widget: id=16908290 (android.widget.FrameLayout@410302f8)
D/nofatclips(  784): Found widget: id=-1 (android.widget.LinearLayout@41012570)
D/nofatclips(  784): Found widget: id=16908298 (android.widget.ListView@410013d0)
D/nofatclips(  784): Found widget: id=-1 (android.widget.RelativeLayout@41040bc0)
D/nofatclips(  784): Found widget: id=2131099661 (android.widget.ImageView@410fef28)
D/nofatclips(  784): Found widget: id=2131099662 (android.widget.TextView@410bc948): Tomdroid's First Note
D/nofatclips(  784): Found widget: id=2131099663 (android.widget.TextView@411a46a8): Modified: 10/9/2010, 3:50 PM
D/nofatclips(  784): Found widget: id=2131099664 (android.view.View@41096f00)
D/nofatclips(  784): Found widget: id=2131099658 (android.widget.TextView@41018a80): Please wait while the notes load
D/nofatclips(  784): Found widget: id=16909084 (com.android.internal.widget.ActionBarContainer@4100d9d0)
D/nofatclips(  784): Found widget: id=-1 (com.android.internal.policy.impl.PhoneWindow$DecorView@4104e908)
V/nicola  (  784): TextualID : null
V/nicola  (  784): ContentType detected : default
I/Choreographer(  784): Skipped 245 frames!  The application may be doing too much work on its main thread.
V/nicola  (  784): TextualID : menuNew
V/nicola  (  784): ContentType detected : default
V/nicola  (  784): TextualID : menuSync
V/nicola  (  784): ContentType detected : default
E/ReflectionHelper(  784): java.lang.NoSuchFieldException: mOnFocusChangeListener
V/ReflectionHelper(  784): android.widget.ListView > mOnFocusChangeListener NOT FOUND
V/nicola  (  784): TextualID : note_title
V/nicola  (  784): ContentType detected : default
V/nicola  (  784): TextualID : note_date
V/nicola  (  784): ContentType detected : default
I/nofatclips(  784): Performing comparation for activity Tomdroid
D/nofatclips(  784): Comparing against activity ViewNote
D/nofatclips(  784): Comparing against activity ViewNote
D/nofatclips(  784): Comparing against activity ViewNote
D/nofatclips(  784): Comparing against activity Tomdroid
D/nofatclips(  784): Comparing against activity ViewNote
D/nofatclips(  784): Comparing against activity ViewNote
D/nofatclips(  784): Comparing against activity ViewNote
D/nofatclips(  784): Comparing against activity Tomdroid
D/nofatclips(  784): Comparing against activity Tomdroid
D/nofatclips(  784): Comparing against activity ViewNote
D/nofatclips(  784): Comparing against activity ViewNote
D/nofatclips(  784): Comparing against activity Tomdroid
D/nofatclips(  784): Comparing against activity ViewNote
D/nofatclips(  784): Comparing against activity Tomdroid
D/nofatclips(  784): Comparing against activity ViewNote
D/nofatclips(  784): Comparing against activity ViewNote
I/nofatclips(  784): Registering activity Tomdroid (id: a17) as a new found state
D/nofatclips(  784): Performing backup of the old activity list on disk
I/Choreographer(  149): Skipped 67 frames!  The application may be doing too much work on its main thread.
I/Choreographer(  784): Skipped 31 frames!  The application may be doing too much work on its main thread.
I/Choreographer(  149): Skipped 49 frames!  The application may be doing too much work on its main thread.
D/nofatclips(  784): Saving new found state 'a17' on disk
V/nofatclips(  784): Opening state file in append mode.
I/Choreographer(  784): Skipped 114 frames!  The application may be doing too much work on its main thread.
D/dalvikvm(  784): GC_CONCURRENT freed 618K, 26% free 7578K/10183K, paused 154ms+48ms, total 1485ms
D/dalvikvm(  784): WAIT_FOR_CONCURRENT_GC blocked 191ms
D/dalvikvm(  784): WAIT_FOR_CONCURRENT_GC blocked 285ms
D/dalvikvm(  784): GC_FOR_ALLOC freed 145K, 27% free 7489K/10183K, paused 215ms, total 219ms
I/dalvikvm-heap(  784): Grow heap (frag case) to 7.946MB for 614416-byte allocation
D/dalvikvm(  149): WAIT_FOR_CONCURRENT_GC blocked 0ms
D/dalvikvm(  784): GC_FOR_ALLOC freed 4K, 21% free 8084K/10183K, paused 305ms, total 305ms
I/nofatclips(  784): Saved image on disk: a17.jpg
I/nofatclips(  784): Waiting for 100 msec.
I/nofatclips(  784): Session count is 1. Will dump to disk at 1
I/nofatclips(  784): Saving the session on disk.
D/dalvikvm(  149): GC_EXPLICIT freed 76K, 51% free 8341K/16903K, paused 43ms+38ms, total 1021ms
D/dalvikvm(  784): GC_CONCURRENT freed 672K, 21% free 8106K/10183K, paused 87ms+20ms, total 1037ms
D/dalvikvm(  784): WAIT_FOR_CONCURRENT_GC blocked 95ms
I/nofatclips(  784): Planning for new Activity Tomdroid
D/nofatclips(  784): Handling event selectListItem for items [1,1] on listView #16908298 count=1
D/nofatclips(  784): Handling event longClickListItem for items [1,1] on listView #16908298 count=1
I/nofatclips(  784): Created trace to press the back button
I/nofatclips(  784): Created trace to press the menu button
I/nofatclips(  784): Created trace to change orientation
D/dalvikvm(  784): GC_CONCURRENT freed 1283K, 27% free 7534K/10183K, paused 21ms+19ms, total 399ms
D/dalvikvm(  784): WAIT_FOR_CONCURRENT_GC blocked 49ms
D/dalvikvm(  784): WAIT_FOR_CONCURRENT_GC blocked 91ms
I/nofatclips(  784): Check for termination: 9 steps left of 25
I/nofatclips(  784): Dispatching new task. 10 more tasks remaining.
D/nofatclips(  784): Performing backup of the old task list on disk
D/nofatclips(  784): Saving task list on disk
V/nofatclips(  784): Backing up trace #63 to disk.
D/dalvikvm(  784): GC_CONCURRENT freed 469K, 26% free 7581K/10183K, paused 19ms+37ms, total 987ms
D/dalvikvm(  784): WAIT_FOR_CONCURRENT_GC blocked 123ms
V/nofatclips(  784): Backing up trace #64 to disk.
D/dalvikvm(  784): GC_CONCURRENT freed 369K, 25% free 7722K/10183K, paused 47ms+19ms, total 407ms
D/dalvikvm(  784): WAIT_FOR_CONCURRENT_GC blocked 223ms
V/nofatclips(  784): Backing up trace #65 to disk.
D/dalvikvm(  784): GC_CONCURRENT freed 426K, 23% free 7864K/10183K, paused 25ms+17ms, total 194ms
D/dalvikvm(  784): WAIT_FOR_CONCURRENT_GC blocked 165ms
V/nofatclips(  784): Backing up trace #67 to disk.
V/nofatclips(  784): Backing up trace #68 to disk.
D/dalvikvm(  784): GC_CONCURRENT freed 740K, 25% free 7710K/10183K, paused 26ms+16ms, total 251ms
D/dalvikvm(  784): WAIT_FOR_CONCURRENT_GC blocked 118ms
V/nofatclips(  784): Backing up trace #69 to disk.
D/dalvikvm(  784): GC_CONCURRENT freed 416K, 23% free 7873K/10183K, paused 22ms+17ms, total 149ms
D/dalvikvm(  784): WAIT_FOR_CONCURRENT_GC blocked 49ms
D/dalvikvm(  784): WAIT_FOR_CONCURRENT_GC blocked 122ms
V/nofatclips(  784): Backing up trace #71 to disk.
V/nofatclips(  784): Backing up trace #72 to disk.
D/dalvikvm(  784): GC_CONCURRENT freed 670K, 24% free 7794K/10183K, paused 20ms+12ms, total 178ms
D/dalvikvm(  784): WAIT_FOR_CONCURRENT_GC blocked 90ms
V/nofatclips(  784): Backing up trace #73 to disk.
V/nofatclips(  784): Backing up trace #74 to disk.
D/dalvikvm(  784): GC_CONCURRENT freed 662K, 25% free 7712K/10183K, paused 32ms+13ms, total 198ms
D/dalvikvm(  784): WAIT_FOR_CONCURRENT_GC blocked 97ms
D/nofatclips(  784): Deleting backup of the old task list from disk
D/nofatclips(  784): Deleting backup of the old activity list from disk
I/nofatclips(  784): Incrementally Playing Trace 74
I/nofatclips(  784): Retrieved from return list id=16908298
D/nofatclips(  784): Testing for type (android.widget.ListView) against the original (android.widget.ListView)
D/nofatclips(  784): Testing for name () against the original ()
I/nofatclips(  784): Firing event: type= selectListItem index=17 widget=android.widget.ListView
I/nofatclips(  784): Swapping to listview item 1
D/InputEventConsistencyVerifier(  784): KeyEvent: ACTION_UP but key was not down.
D/InputEventConsistencyVerifier(  784):   in com.android.internal.widget.ActionBarContainer@4101d9e0
D/InputEventConsistencyVerifier(  784):   0: sent at 575422000000, KeyEvent { action=ACTION_UP, keyCode=KEYCODE_DPAD_UP, scanCode=0, metaState=0, flags=0x8, repeatCount=0, eventTime=575422, downTime=575422, deviceId=-1, source=0x101 }
D/InputEventConsistencyVerifier(  784):   -- recent events --
D/InputEventConsistencyVerifier(  784):   1: sent at 480429000000, (unhandled) KeyEvent { action=ACTION_DOWN, keyCode=KEYCODE_DPAD_DOWN, scanCode=0, metaState=0, flags=0x8, repeatCount=0, eventTime=480429, downTime=480429, deviceId=-1, source=0x101 }
D/InputEventConsistencyVerifier(  784):   2: sent at 479757000000, (unhandled) KeyEvent { action=ACTION_UP, keyCode=KEYCODE_DPAD_UP, scanCode=0, metaState=0, flags=0x80000008, repeatCount=0, eventTime=479757, downTime=479757, deviceId=-1, source=0x101 }
D/InputEventConsistencyVerifier(  784):   3: sent at 424032000000, (unhandled) KeyEvent { action=ACTION_DOWN, keyCode=KEYCODE_DPAD_DOWN, scanCode=0, metaState=0, flags=0x8, repeatCount=0, eventTime=424032, downTime=424032, deviceId=-1, source=0x101 }
D/InputEventConsistencyVerifier(  784):   4: sent at 423059000000, (unhandled) KeyEvent { action=ACTION_UP, keyCode=KEYCODE_DPAD_UP, scanCode=0, metaState=0, flags=0x80000008, repeatCount=0, eventTime=423059, downTime=423059, deviceId=-1, source=0x101 }
D/InputEventConsistencyVerifier(  784):   5: sent at 382441000000, (unhandled) KeyEvent { action=ACTION_DOWN, keyCode=KEYCODE_DPAD_DOWN, scanCode=0, metaState=0, flags=0x8, repeatCount=0, eventTime=382441, downTime=382441, deviceId=-1, source=0x101 }
D/InputEventConsistencyVerifier(  784): KeyEvent: ACTION_UP but key was not down.
D/InputEventConsistencyVerifier(  784):   in android.widget.FrameLayout@410302f8
D/InputEventConsistencyVerifier(  784):   0: sent at 576146000000, KeyEvent { action=ACTION_UP, keyCode=KEYCODE_DPAD_DOWN, scanCode=0, metaState=0, flags=0x8, repeatCount=0, eventTime=576146, downTime=576146, deviceId=-1, source=0x101 }
D/InputEventConsistencyVerifier(  784):   -- recent events --
D/InputEventConsistencyVerifier(  784):   1: sent at 575366000000, (unhandled) KeyEvent { action=ACTION_DOWN, keyCode=KEYCODE_DPAD_UP, scanCode=0, metaState=0, flags=0x8, repeatCount=0, eventTime=575366, downTime=575366, deviceId=-1, source=0x101 }
D/InputEventConsistencyVerifier(  784):   2: sent at 574733000000, (unhandled) KeyEvent { action=ACTION_UP, keyCode=KEYCODE_DPAD_DOWN, scanCode=0, metaState=0, flags=0x8, repeatCount=0, eventTime=574733, downTime=574733, deviceId=-1, source=0x101 }
D/InputEventConsistencyVerifier(  784):   3: sent at 574700000000, (unhandled) KeyEvent { action=ACTION_DOWN, keyCode=KEYCODE_DPAD_DOWN, scanCode=0, metaState=0, flags=0x8, repeatCount=0, eventTime=574700, downTime=574700, deviceId=-1, source=0x101 }
D/InputEventConsistencyVerifier(  784):   4: sent at 573500000000, (unhandled) KeyEvent { action=ACTION_UP, keyCode=KEYCODE_DPAD_UP, scanCode=0, metaState=0, flags=0x8, repeatCount=0, eventTime=573500, downTime=573500, deviceId=-1, source=0x101 }
D/InputEventConsistencyVerifier(  784):   5: sent at 573446000000, KeyEvent { action=ACTION_DOWN, keyCode=KEYCODE_DPAD_UP, scanCode=0, metaState=0, flags=0x8, repeatCount=0, eventTime=573446, downTime=573446, deviceId=-1, source=0x101 }
D/nofatclips(  784): Event description: Tomdroid's First Note
I/ActivityManager(  149): START {act=android.intent.action.VIEW dat=content://org.tomdroid.notes/notes/1 cmp=org.tomdroid/.ui.ViewNote u=0} from pid 784
I/nofatclips(  784): Waiting for 100 msec.
W/WindowManager(  149): Failure taking screenshot for (164x246) to layer 21010
I/Choreographer(  784): Skipped 180 frames!  The application may be doing too much work on its main thread.
I/Choreographer(  784): Skipped 108 frames!  The application may be doing too much work on its main thread.
I/ActivityManager(  149): Displayed org.tomdroid/.ui.ViewNote: +796ms
D/dalvikvm(  784): GC_CONCURRENT freed 571K, 25% free 7639K/10183K, paused 59ms+225ms, total 928ms
I/Choreographer(  784): Skipped 275 frames!  The application may be doing too much work on its main thread.
I/nofatclips(  784): Current activity is ui.ViewNote
I/nofatclips(  784): Retrieving widgets
D/nofatclips(  784): Found widget: id=-1 (android.widget.LinearLayout@41092cc0)
D/nofatclips(  784): Found widget: id=16909081 (com.android.internal.widget.ActionBarContainer@410a6478)
D/nofatclips(  784): Found widget: id=16909082 (com.android.internal.widget.ActionBarView@41092820)
D/nofatclips(  784): Found widget: id=-1 (android.widget.LinearLayout@4111c398)
D/nofatclips(  784): Found widget: id=16908859 (android.widget.ImageView@4115e108)
D/nofatclips(  784): Found widget: id=-1 (android.widget.LinearLayout@41142cb0)
D/nofatclips(  784): Found widget: id=16908866 (android.widget.TextView@411194c8): Tomdroid - View Note
D/nofatclips(  784): Found widget: id=16908867 (android.widget.TextView@41201670): 
D/nofatclips(  784): Found widget: id=-1 (com.android.internal.widget.ActionBarView$HomeView@41161298)
D/nofatclips(  784): Found widget: id=16908859 (android.widget.ImageView@410f4040)
D/nofatclips(  784): Found widget: id=16908332 (android.widget.ImageView@41101470)
D/nofatclips(  784): Found widget: id=-1 (com.android.internal.view.menu.ActionMenuView@410b12d0)
D/nofatclips(  784): Found widget: id=2131099713 (com.android.internal.view.menu.ActionMenuItemView@4113e028): 
