D/dalvikvm(  472): GC_CONCURRENT freed 202K, 5% free 6224K/6535K, paused 49ms+9ms, total 155ms
W/RecognitionManagerService(  149): no available voice recognition services found
D/dalvikvm(  149): GC_EXPLICIT freed 150K, 51% free 8347K/16903K, paused 67ms+96ms, total 1093ms
D/AndroidRuntime(  659): Shutting down VM
I/AndroidRuntime(  659): NOTE: attach of thread 'Binder_3' failed
D/dalvikvm(  659): GC_CONCURRENT freed 97K, 78% free 453K/2048K, paused 2ms+2ms, total 22ms
D/jdwp    (  659): Got wake-up signal, bailing out of select
D/dalvikvm(  659): Debugger has detached; object registry had 1 entries
D/AndroidRuntime(  705): 
D/AndroidRuntime(  705): >>>>>> AndroidRuntime START com.android.internal.os.RuntimeInit <<<<<<
D/AndroidRuntime(  705): CheckJNI is ON
D/dalvikvm(  705): Trying to load lib libjavacore.so 0x0
D/dalvikvm(  705): Added shared lib libjavacore.so 0x0
D/dalvikvm(  705): Trying to load lib libnativehelper.so 0x0
D/dalvikvm(  705): Added shared lib libnativehelper.so 0x0
D/AndroidRuntime(  705): Calling main entry com.android.commands.pm.Pm
W/ActivityManager(  149): No content provider found for permission revoke: file:///data/local/tmp/crawler.apk
W/ActivityManager(  149): No content provider found for permission revoke: file:///data/local/tmp/crawler.apk
I/PackageManager(  149): Running dexopt on: com.nofatclips.crawler
D/dalvikvm(  716): DexOpt: 'Landroid/annotation/SuppressLint;' has an earlier definition; blocking out
D/dalvikvm(  716): DexOpt: 'Landroid/annotation/TargetApi;' has an earlier definition; blocking out
D/dalvikvm(  716): DexOpt: not verifying/optimizing 'Landroid/annotation/SuppressLint;': multiple definitions
D/dalvikvm(  716): DexOpt: not verifying/optimizing 'Landroid/annotation/TargetApi;': multiple definitions
D/dalvikvm(  716): DexOpt: load 202ms, verify+opt 1566ms, 800612 bytes
I/ActivityManager(  149): Force stopping package com.nofatclips.crawler uid=10045
D/PackageManager(  149): New package installed in /data/app/com.nofatclips.crawler-1.apk
D/dalvikvm(  149): GC_CONCURRENT freed 441K, 51% free 8377K/16903K, paused 26ms+16ms, total 199ms
D/PackageManager(  149): generateServicesMap(android.accounts.AccountAuthenticator): 2 services unchanged
I/InputReader(  149): Reconfiguring input devices.  changes=0x00000010
D/PackageManager(  149): generateServicesMap(android.content.SyncAdapter): 4 services unchanged
D/BackupManagerService(  149): Received broadcast Intent { act=android.intent.action.PACKAGE_ADDED dat=package:com.nofatclips.crawler flg=0x8000010 (has extras) }
W/InputMethodManagerService(  149): Found no subtypes in a system IME: com.android.inputmethod.pinyin
V/BackupManagerService(  149): addPackageParticipantsLocked: #1
I/AccountTypeManager(  472): Loaded meta-data for 1 account types, 0 accounts in 216ms(wall) 10ms(cpu)
D/dalvikvm(  149): WAIT_FOR_CONCURRENT_GC blocked 0ms
W/RecognitionManagerService(  149): no available voice recognition services found
D/dalvikvm(  149): GC_EXPLICIT freed 468K, 51% free 8361K/16903K, paused 37ms+24ms, total 365ms
D/AndroidRuntime(  705): Shutting down VM
I/AndroidRuntime(  705): NOTE: attach of thread 'Binder_3' failed
D/dalvikvm(  705): GC_CONCURRENT freed 101K, 78% free 458K/2048K, paused 1ms+2ms, total 28ms
D/jdwp    (  705): Got wake-up signal, bailing out of select
D/dalvikvm(  705): Debugger has detached; object registry had 1 entries
I/dalvikvm(  149): Jit: resizing JitTable from 4096 to 8192
I/Choreographer(  409): Skipped 32 frames!  The application may be doing too much work on its main thread.
D/dalvikvm(  409): GC_FOR_ALLOC freed 526K, 7% free 8730K/9351K, paused 365ms, total 398ms
I/dalvikvm-heap(  409): Grow heap (frag case) to 9.126MB for 582416-byte allocation
D/dalvikvm(  409): GC_FOR_ALLOC freed 111K, 8% free 9188K/9927K, paused 212ms, total 212ms
D/dalvikvm(  409): GC_FOR_ALLOC freed 577K, 14% free 8615K/9927K, paused 97ms, total 98ms
I/Choreographer(  409): Skipped 156 frames!  The application may be doing too much work on its main thread.
I/Choreographer(  409): Skipped 62 frames!  The application may be doing too much work on its main thread.
I/Choreographer(  409): Skipped 107 frames!  The application may be doing too much work on its main thread.
I/Choreographer(  409): Skipped 61 frames!  The application may be doing too much work on its main thread.
I/Choreographer(  409): Skipped 68 frames!  The application may be doing too much work on its main thread.
D/dalvikvm(  409): GC_FOR_ALLOC freed 1906K, 25% free 7456K/9927K, paused 124ms, total 133ms
D/dalvikvm(  409): GC_CONCURRENT freed 3K, 20% free 7954K/9927K, paused 40ms+38ms, total 271ms
I/Choreographer(  409): Skipped 235 frames!  The application may be doing too much work on its main thread.
I/Choreographer(  409): Skipped 64 frames!  The application may be doing too much work on its main thread.
I/Choreographer(  409): Skipped 69 frames!  The application may be doing too much work on its main thread.
I/Choreographer(  409): Skipped 79 frames!  The application may be doing too much work on its main thread.
I/Choreographer(  409): Skipped 82 frames!  The application may be doing too much work on its main thread.
I/Choreographer(  409): Skipped 78 frames!  The application may be doing too much work on its main thread.
D/dalvikvm(  409): GC_FOR_ALLOC freed 7K, 15% free 8460K/9927K, paused 85ms, total 85ms
I/dalvikvm-heap(  409): Grow heap (frag case) to 8.917MB for 640016-byte allocation
D/dalvikvm(  409): GC_FOR_ALLOC freed 0K, 15% free 9085K/10567K, paused 70ms, total 70ms
D/dalvikvm(  409): GC_FOR_ALLOC freed 72K, 11% free 9489K/10567K, paused 74ms, total 84ms
I/dalvikvm-heap(  409): Grow heap (frag case) to 9.800MB for 511360-byte allocation
D/dalvikvm(  409): GC_FOR_ALLOC freed 4K, 10% free 9985K/11079K, paused 76ms, total 76ms
D/dalvikvm(  409): GC_FOR_ALLOC freed 252K, 11% free 9956K/11079K, paused 104ms, total 106ms
I/dalvikvm-heap(  409): Grow heap (frag case) to 10.325MB for 582416-byte allocation
D/dalvikvm(  409): GC_FOR_ALLOC freed <1K, 10% free 10525K/11655K, paused 76ms, total 76ms
D/dalvikvm(  409): GC_FOR_ALLOC freed 5K, 9% free 10612K/11655K, paused 76ms, total 80ms
D/dalvikvm(  409): GC_FOR_ALLOC freed 350K, 7% free 11478K/12231K, paused 66ms, total 85ms
I/Choreographer(  409): Skipped 1469 frames!  The application may be doing too much work on its main thread.
I/Choreographer(  409): Skipped 39 frames!  The application may be doing too much work on its main thread.
I/Choreographer(  409): Skipped 120 frames!  The application may be doing too much work on its main thread.
I/Choreographer(  409): Skipped 47 frames!  The application may be doing too much work on its main thread.
D/dalvikvm(  409): GC_FOR_ALLOC freed 1094K, 14% free 11235K/12935K, paused 69ms, total 85ms
I/dalvikvm-heap(  409): Grow heap (frag case) to 12.244MB for 1286224-byte allocation
D/dalvikvm(  409): GC_FOR_ALLOC freed 4K, 13% free 12487K/14215K, paused 72ms, total 72ms
I/Choreographer(  409): Skipped 148 frames!  The application may be doing too much work on its main thread.
D/dalvikvm(  409): GC_FOR_ALLOC freed 808K, 12% free 12600K/14215K, paused 91ms, total 99ms
D/dalvikvm(  409): GC_FOR_ALLOC freed 3023K, 25% free 11097K/14663K, paused 48ms, total 64ms
I/Choreographer(  409): Skipped 39 frames!  The application may be doing too much work on its main thread.
I/Choreographer(  409): Skipped 105 frames!  The application may be doing too much work on its main thread.
I/Choreographer(  409): Skipped 74 frames!  The application may be doing too much work on its main thread.
D/dalvikvm(  409): GC_CONCURRENT freed 2625K, 31% free 10146K/14663K, paused 33ms+50ms, total 299ms
D/dalvikvm(  409): WAIT_FOR_CONCURRENT_GC blocked 19ms
I/Choreographer(  409): Skipped 447 frames!  The application may be doing too much work on its main thread.
I/ActivityManager(  149): START {act=android.intent.action.MAIN cat=[android.intent.category.LAUNCHER] flg=0x10200000 cmp=org.tomdroid/.ui.Tomdroid u=0} from pid 409
D/PermissionCache(   36): checking android.permission.READ_FRAME_BUFFER for uid=1000 => granted (9305 us)
W/WindowManager(  149): Failure taking screenshot for (164x246) to layer 21005
I/ActivityManager(  149): START {act=android.intent.action.MAIN cat=[android.intent.category.LAUNCHER] flg=0x10200000 cmp=org.tomdroid/.ui.Tomdroid u=0} from pid 409
I/Choreographer(  409): Skipped 122 frames!  The application may be doing too much work on its main thread.
I/ActivityManager(  149): Start proc org.tomdroid for activity org.tomdroid/.ui.Tomdroid: pid=747 uid=10044 gids={3003, 1015, 1028}
I/Choreographer(  409): Skipped 147 frames!  The application may be doing too much work on its main thread.
I/Choreographer(  409): Skipped 51 frames!  The application may be doing too much work on its main thread.
I/Choreographer(  409): Skipped 89 frames!  The application may be doing too much work on its main thread.
I/Choreographer(  149): Skipped 89 frames!  The application may be doing too much work on its main thread.
I/dalvikvm(  747): Turning on JNI app bug workarounds for target SDK version 11...
I/Choreographer(  409): Skipped 196 frames!  The application may be doing too much work on its main thread.
I/Choreographer(  149): Skipped 39 frames!  The application may be doing too much work on its main thread.
E/Trace   (  747): error opening trace file: No such file or directory (2)
I/ActivityThread(  747): Pub org.tomdroid.notes: org.tomdroid.NoteProvider
I/ActivityThread(  747): Pub org.tomdroid.util.SearchSuggestionProvider: org.tomdroid.util.SearchSuggestionProvider
I/Tomdroid(  747): Tomdroid is first run.
I/Choreographer(  409): Skipped 149 frames!  The application may be doing too much work on its main thread.
V/PhoneStatusBar(  261): setLightsOn(true)
D/dalvikvm(  747): GC_CONCURRENT freed 196K, 5% free 6255K/6535K, paused 61ms+71ms, total 450ms
I/Choreographer(  747): Skipped 256 frames!  The application may be doing too much work on its main thread.
I/Choreographer(  747): Skipped 450 frames!  The application may be doing too much work on its main thread.
D/gralloc_goldfish(  747): Emulator without GPU emulation detected.
I/ActivityManager(  149): Displayed org.tomdroid/.ui.Tomdroid: +4s480ms
I/Choreographer(  149): Skipped 58 frames!  The application may be doing too much work on its main thread.
I/Choreographer(  149): Skipped 70 frames!  The application may be doing too much work on its main thread.
I/Choreographer(  747): Skipped 442 frames!  The application may be doing too much work on its main thread.
D/dalvikvm(  291): GC_CONCURRENT freed 346K, 8% free 6621K/7175K, paused 11ms+21ms, total 291ms
I/Choreographer(  747): Skipped 49 frames!  The application may be doing too much work on its main thread.
I/Choreographer(  747): Skipped 45 frames!  The application may be doing too much work on its main thread.
I/Choreographer(  747): Skipped 32 frames!  The application may be doing too much work on its main thread.
D/AndroidRuntime(  774): 
D/AndroidRuntime(  774): >>>>>> AndroidRuntime START com.android.internal.os.RuntimeInit <<<<<<
D/AndroidRuntime(  774): CheckJNI is ON
D/dalvikvm(  774): Trying to load lib libjavacore.so 0x0
D/dalvikvm(  774): Added shared lib libjavacore.so 0x0
D/dalvikvm(  774): Trying to load lib libnativehelper.so 0x0
D/dalvikvm(  774): Added shared lib libnativehelper.so 0x0
D/AndroidRuntime(  774): Calling main entry com.android.commands.am.Am
I/ActivityManager(  149): Force stopping package org.tomdroid uid=10044
I/ActivityManager(  149): Killing proc 747:org.tomdroid/u0a44: force stop
W/ActivityManager(  149): Force removing ActivityRecord{4142b5f0 org.tomdroid/.ui.Tomdroid}: app died, no saved state
I/WindowState(  149): WIN DEATH: Window{414d5450 org.tomdroid/org.tomdroid.ui.Tomdroid paused=false}
I/WindowState(  149): WIN DEATH: Window{41306678 org.tomdroid/org.tomdroid.ui.Tomdroid paused=false}
I/Choreographer(  149): Skipped 35 frames!  The application may be doing too much work on its main thread.
I/ARMAssembler(   36): generated scanline__00000077:03515104_00009001_00000000 [131 ipp] (153 ins) at [0x41155710:0x41155974] in 1109215 ns
I/ActivityManager(  149): Start proc org.tomdroid for added application org.tomdroid: pid=784 uid=10044 gids={3003, 1015, 1028}
I/Choreographer(  409): Skipped 139 frames!  The application may be doing too much work on its main thread.
I/dalvikvm(  784): Turning on JNI app bug workarounds for target SDK version 11...
E/Trace   (  784): error opening trace file: No such file or directory (2)
W/InputMethodManagerService(  149): Window already focused, ignoring focus gain of: com.android.internal.view.IInputMethodClient$Stub$Proxy@413c4ce0 attribute=null
I/Choreographer(  409): Skipped 89 frames!  The application may be doing too much work on its main thread.
I/ActivityThread(  784): Pub org.tomdroid.notes: org.tomdroid.NoteProvider
I/ActivityThread(  784): Pub org.tomdroid.util.SearchSuggestionProvider: org.tomdroid.util.SearchSuggestionProvider
D/nofatclips(  784): Updating node 
D/nofatclips(  784): Loading node 
I/nofatclips(  784): Preferences file found.
V/nofatclips(  784): Updating value ACTIVITY_DESCRIPTION_IN_SESSION
V/nofatclips(  784): Updating value ADDITIONAL_CRITERIAS
V/nofatclips(  784): Updating value ADDITIONAL_EVENTS
V/nofatclips(  784): Updating value ADDITIONAL_INPUTS
V/nofatclips(  784): Updating value CLASS_NAME
D/nofatclips(  784): Updated value of parameter CLASS_NAME to org.tomdroid.ui.Tomdroid (default = app.package.class)
V/nofatclips(  784): Updating value ENABLE_RESUME
V/nofatclips(  784): Updating value PACKAGE_NAME
D/nofatclips(  784): Updated value of parameter PACKAGE_NAME to org.tomdroid (default = app.package)
V/nofatclips(  784): Updating value RANDOM_SEED
D/nofatclips(  784): Updated value of parameter RANDOM_SEED to -2602889763231577818 (default = 5466516511651561651)
V/nofatclips(  784): Updating value RETRY_FAILED_TRACES
V/nofatclips(  784): Updating value theClass
D/nofatclips(  784): Updating node scheduler
D/nofatclips(  784): Loading node scheduler
V/nofatclips(  784): Updating value ALL_EVENTS_ON_PREFERENCES
V/nofatclips(  784): Updating value BACK_BUTTON_EVENT
V/nofatclips(  784): Updating value DICTIONARY_FIXED_VALUE
V/nofatclips(  784): Updating value DICTIONARY_IGNORE_CONTENT_TYPES
V/nofatclips(  784): Updating value EMULATOR_PORT
V/nofatclips(  784): Updating value EVENTS
D/nofatclips(  784): Updated values of array parameter EVENTS
V/nofatclips(  784): Updating value EVENT_WHEN_NO_ID
V/nofatclips(  784): Updating value EXCLUDE_WIDGETS_INPUTS_IN_GPS_EVENTS
V/nofatclips(  784): Updating value EXCLUDE_WIDGETS_INPUTS_IN_SENSORS_EVENTS
V/nofatclips(  784): Updating value INPUTS
D/nofatclips(  784): Updated values of array parameter INPUTS
V/nofatclips(  784): Updating value KEY_EVENTS
V/nofatclips(  784): Updating value MAX_EVENTS_PER_WIDGET
V/nofatclips(  784): Updating value MAX_TASKS_IN_SCHEDULER
D/nofatclips(  784): Updated value of parameter MAX_TASKS_IN_SCHEDULER to 10 (default = 0)
V/nofatclips(  784): Updating value MAX_TASKS_PER_EVENT
V/nofatclips(  784): Updating value MENU_EVENTS
V/nofatclips(  784): Updating value ORIENTATION_EVENTS
V/nofatclips(  784): Updating value PLANNER
V/nofatclips(  784): Updating value REFLECT_ACTIVITY_LISTENERS
V/nofatclips(  784): Updating value REFLECT_WIDGETS
V/nofatclips(  784): Updating value SCHEDULER_ALGORITHM
D/nofatclips(  784): Updated value of parameter SCHEDULER_ALGORITHM to DEPTH_FIRST (default = BREADTH_FIRST)
V/nofatclips(  784): Updating value SCROLL_DOWN_EVENT
V/nofatclips(  784): Updating value SENSOR_TYPES
V/nofatclips(  784): Updating value SIMULATE_INCOMING_CALL
V/nofatclips(  784): Updating value SIMULATE_INCOMING_SMS
V/nofatclips(  784): Updating value TAB_EVENTS_START_ONLY
V/nofatclips(  784): Updating value TEST_LOCATION_PROVIDER
V/nofatclips(  784): Updating value TEXT_VALUES_FROM_DICTIONARY
V/nofatclips(  784): Updating value TEXT_VALUES_ID_HASH
V/nofatclips(  784): Updating value USE_GPS
V/nofatclips(  784): Updating value USE_SENSORS
D/nofatclips(  784): Updating node planner
D/nofatclips(  784): Loading node planner
V/nofatclips(  784): Updating value ALL_EVENTS_ON_PREFERENCES
V/nofatclips(  784): Updating value BACK_BUTTON_EVENT
V/nofatclips(  784): Updating value DICTIONARY_FIXED_VALUE
V/nofatclips(  784): Updating value DICTIONARY_IGNORE_CONTENT_TYPES
V/nofatclips(  784): Updating value EMULATOR_PORT
V/nofatclips(  784): Updating value EVENTS
D/nofatclips(  784): Updated values of array parameter EVENTS
V/nofatclips(  784): Updating value EVENT_WHEN_NO_ID
V/nofatclips(  784): Updating value EXCLUDE_WIDGETS_INPUTS_IN_GPS_EVENTS
V/nofatclips(  784): Updating value EXCLUDE_WIDGETS_INPUTS_IN_SENSORS_EVENTS
V/nofatclips(  784): Updating value INPUTS
D/nofatclips(  784): Updated values of array parameter INPUTS
V/nofatclips(  784): Updating value KEY_EVENTS
V/nofatclips(  784): Updating value MAX_EVENTS_PER_WIDGET
V/nofatclips(  784): Updating value MAX_TASKS_IN_SCHEDULER
V/nofatclips(  784): Updating value MAX_TASKS_PER_EVENT
V/nofatclips(  784): Updating value MENU_EVENTS
V/nofatclips(  784): Updating value ORIENTATION_EVENTS
V/nofatclips(  784): Updating value PLANNER
V/nofatclips(  784): Updating value REFLECT_ACTIVITY_LISTENERS
V/nofatclips(  784): Updating value REFLECT_WIDGETS
V/nofatclips(  784): Updating value SCHEDULER_ALGORITHM
V/nofatclips(  784): Updating value SCROLL_DOWN_EVENT
V/nofatclips(  784): Updating value SENSOR_TYPES
V/nofatclips(  784): Updating value SIMULATE_INCOMING_CALL
V/nofatclips(  784): Updating value SIMULATE_INCOMING_SMS
V/nofatclips(  784): Updating value TAB_EVENTS_START_ONLY
V/nofatclips(  784): Updating value TEST_LOCATION_PROVIDER
V/nofatclips(  784): Updating value TEXT_VALUES_FROM_DICTIONARY
V/nofatclips(  784): Updating value TEXT_VALUES_ID_HASH
D/nofatclips(  784): Updated value of parameter TEXT_VALUES_ID_HASH to true (default = false)
V/nofatclips(  784): Updating value USE_GPS
V/nofatclips(  784): Updating value USE_SENSORS
D/nofatclips(  784): Updating node interactions
D/nofatclips(  784): Loading node interactions
V/nofatclips(  784): Updating value ALL_EVENTS_ON_PREFERENCES
V/nofatclips(  784): Updating value BACK_BUTTON_EVENT
V/nofatclips(  784): Updating value DICTIONARY_FIXED_VALUE
V/nofatclips(  784): Updating value DICTIONARY_IGNORE_CONTENT_TYPES
V/nofatclips(  784): Updating value EMULATOR_PORT
V/nofatclips(  784): Updating value EVENTS
D/nofatclips(  784): Updated values of array parameter EVENTS
V/nofatclips(  784): Updating value EVENT_WHEN_NO_ID
V/nofatclips(  784): Updating value EXCLUDE_WIDGETS_INPUTS_IN_GPS_EVENTS
V/nofatclips(  784): Updating value EXCLUDE_WIDGETS_INPUTS_IN_SENSORS_EVENTS
V/nofatclips(  784): Updating value INPUTS
D/nofatclips(  784): Updated values of array parameter INPUTS
V/nofatclips(  784): Updating value KEY_EVENTS
V/nofatclips(  784): Updating value MAX_EVENTS_PER_WIDGET
V/nofatclips(  784): Updating value MAX_TASKS_IN_SCHEDULER
V/nofatclips(  784): Updating value MAX_TASKS_PER_EVENT
V/nofatclips(  784): Updating value MENU_EVENTS
V/nofatclips(  784): Updating value ORIENTATION_EVENTS
V/nofatclips(  784): Updating value PLANNER
V/nofatclips(  784): Updating value REFLECT_ACTIVITY_LISTENERS
V/nofatclips(  784): Updating value REFLECT_WIDGETS
V/nofatclips(  784): Updating value SCHEDULER_ALGORITHM
V/nofatclips(  784): Updating value SCROLL_DOWN_EVENT
V/nofatclips(  784): Updating value SENSOR_TYPES
V/nofatclips(  784): Updating value SIMULATE_INCOMING_CALL
V/nofatclips(  784): Updating value SIMULATE_INCOMING_SMS
V/nofatclips(  784): Updating value TAB_EVENTS_START_ONLY
V/nofatclips(  784): Updating value TEST_LOCATION_PROVIDER
V/nofatclips(  784): Updating value TEXT_VALUES_FROM_DICTIONARY
V/nofatclips(  784): Updating value TEXT_VALUES_ID_HASH
V/nofatclips(  784): Updating value USE_GPS
V/nofatclips(  784): Updating value USE_SENSORS
D/dalvikvm(  784): GC_CONCURRENT freed 321K, 7% free 6136K/6535K, paused 17ms+66ms, total 264ms
D/nofatclips(  784): Updating node comparator
D/nofatclips(  784): Loading node comparator
V/nofatclips(  784): Updating value COMPARATOR
V/nofatclips(  784): Updating value COMPARATOR_TYPE
V/nofatclips(  784): Updating value COMPARE_ACTIVITY_NAME
V/nofatclips(  784): Updating value COMPARE_LIST_COUNT
V/nofatclips(  784): Updating value COMPARE_MENU_COUNT
D/nofatclips(  784): Updated value of parameter COMPARE_MENU_COUNT to false (default = true)
V/nofatclips(  784): Updating value COMPARE_STATE_TITLE
V/nofatclips(  784): Updating value COMPARE_VALUES
V/nofatclips(  784): Updating value WIDGET_TYPES
D/nofatclips(  784): Updating node strategy
D/nofatclips(  784): Loading node strategy
V/nofatclips(  784): Updating value AFTER_EVENT_DONT_EXPLORE
V/nofatclips(  784): Updating value AFTER_WIDGET_DONT_EXPLORE
V/nofatclips(  784): Updating value CHECK_FOR_TRANSITION
V/nofatclips(  784): Updating value EXPLORE_ONLY_NEW_STATES
D/nofatclips(  784): Updated value of parameter EXPLORE_ONLY_NEW_STATES to false (default = true)
V/nofatclips(  784): Updating value MAX_NUM_TRACES
D/nofatclips(  784): Updated value of parameter MAX_NUM_TRACES to 25 (default = 0)
V/nofatclips(  784): Updating value MAX_TIME_CRAWLING
V/nofatclips(  784): Updating value PAUSE_AFTER_TIME
V/nofatclips(  784): Updating value PAUSE_AFTER_TRACES
V/nofatclips(  784): Updating value TRACE_MAX_DEPTH
V/nofatclips(  784): Updating value TRACE_MIN_DEPTH
D/nofatclips(  784): Starting random testing
I/TestRunner(  784): started: testAndCrawl(com.nofatclips.crawler.guitree.NomadEngine)
I/ActivityManager(  149): START {act=android.intent.action.MAIN flg=0x10000000 cmp=org.tomdroid/.ui.Tomdroid u=0} from pid 784
W/WindowManager(  149): Failure taking screenshot for (164x246) to layer 21005
I/Tomdroid(  784): Tomdroid is first run.
I/Choreographer(  409): Skipped 527 frames!  The application may be doing too much work on its main thread.
W/InputMethodManagerService(  149): Starting input on non-focused client com.android.internal.view.IInputMethodClient$Stub$Proxy@4100e848 (uid=10014 pid=409)
V/PhoneStatusBar(  261): setLightsOn(true)
I/Choreographer(  784): Skipped 81 frames!  The application may be doing too much work on its main thread.
D/dalvikvm(  784): GC_CONCURRENT freed 219K, 5% free 6356K/6663K, paused 31ms+20ms, total 113ms
D/dalvikvm(  149): GREF has increased to 501
D/dalvikvm(  149): WAIT_FOR_CONCURRENT_GC blocked 0ms
I/Choreographer(  409): Skipped 30 frames!  The application may be doing too much work on its main thread.
D/dalvikvm(  149): GC_EXPLICIT freed 262K, 50% free 8456K/16903K, paused 12ms+14ms, total 167ms
I/Choreographer(  784): Skipped 404 frames!  The application may be doing too much work on its main thread.
D/gralloc_goldfish(  784): Emulator without GPU emulation detected.
I/ActivityManager(  149): Displayed org.tomdroid/.ui.Tomdroid: +2s150ms
I/Choreographer(  784): Skipped 41 frames!  The application may be doing too much work on its main thread.
D/nofatclips(  784): Generated Resuming Persistence
E/dalvikvm(  784): Could not find class 'android.support.v4.app.FragmentActivity', referenced from method com.jayway.android.robotium.solo.Waiter.getSupportFragment
W/dalvikvm(  784): VFY: unable to resolve check-cast 49 (Landroid/support/v4/app/FragmentActivity;) in Lcom/jayway/android/robotium/solo/Waiter;
D/dalvikvm(  784): VFY: replacing opcode 0x1f at 0x0009
I/dalvikvm(  784): Could not find method android.support.v4.app.FragmentActivity.getSupportFragmentManager, referenced from method com.jayway.android.robotium.solo.Waiter.getSupportFragment
W/dalvikvm(  784): VFY: unable to resolve virtual method 110: Landroid/support/v4/app/FragmentActivity;.getSupportFragmentManager ()Landroid/support/v4/app/FragmentManager;
D/dalvikvm(  784): VFY: replacing opcode 0x6e at 0x0010
I/dalvikvm(  784): Could not find method android.support.v4.app.FragmentActivity.getSupportFragmentManager, referenced from method com.jayway.android.robotium.solo.Waiter.getSupportFragment
W/dalvikvm(  784): VFY: unable to resolve virtual method 110: Landroid/support/v4/app/FragmentActivity;.getSupportFragmentManager ()Landroid/support/v4/app/FragmentManager;
D/dalvikvm(  784): VFY: replacing opcode 0x6e at 0x0019
W/dalvikvm(  784): VFY: unable to find class referenced in signature (Landroid/support/v4/app/Fragment;)
W/dalvikvm(  784): VFY: unable to find class referenced in signature (Landroid/support/v4/app/Fragment;)
D/nofatclips(  784): Updating node automation
D/nofatclips(  784): Loading node automation
V/nofatclips(  784): Updating value FORCE_RESTART
V/nofatclips(  784): Updating value IN_AND_OUT_FOCUS
V/nofatclips(  784): Updating value PRECRAWLING
V/nofatclips(  784): Updating value SCREENSHOT_FOR_EVENTS
D/nofatclips(  784): Updated value of parameter SCREENSHOT_FOR_EVENTS to false (default = true)
V/nofatclips(  784): Updating value SCREENSHOT_FOR_STATES
V/nofatclips(  784): Updating value SCREENSHOT_ONLY_NEW_STATES
V/nofatclips(  784): Updating value SLEEP_AFTER_EVENT
D/nofatclips(  784): Updated value of parameter SLEEP_AFTER_EVENT to 100 (default = 1000)
V/nofatclips(  784): Updating value SLEEP_AFTER_RESTART
D/nofatclips(  784): Updated value of parameter SLEEP_AFTER_RESTART to 100 (default = 1000)
V/nofatclips(  784): Updating value SLEEP_AFTER_TASK
D/nofatclips(  784): Updated value of parameter SLEEP_AFTER_TASK to 100 (default = 1000)
V/nofatclips(  784): Updating value SLEEP_ON_THROBBER
D/nofatclips(  784): Updated value of parameter SLEEP_ON_THROBBER to 100 (default = 1000)
D/nofatclips(  784): Updating node screenshot
D/nofatclips(  784): Loading node screenshot
V/nofatclips(  784): Updating value FORCE_RESTART
V/nofatclips(  784): Updating value IN_AND_OUT_FOCUS
V/nofatclips(  784): Updating value PRECRAWLING
V/nofatclips(  784): Updating value SCREENSHOT_FOR_EVENTS
V/nofatclips(  784): Updating value SCREENSHOT_FOR_STATES
V/nofatclips(  784): Updating value SCREENSHOT_ONLY_NEW_STATES
V/nofatclips(  784): Updating value SLEEP_AFTER_EVENT
V/nofatclips(  784): Updating value SLEEP_AFTER_RESTART
V/nofatclips(  784): Updating value SLEEP_AFTER_TASK
V/nofatclips(  784): Updating value SLEEP_ON_THROBBER
I/nofatclips(  784): Waiting for 100 msec.
D/nofatclips(  784): Ready to operate after restarting...
I/nofatclips(  784): Current activity is ui.Tomdroid
W/nofatclips(  784): --->ui.Tomdroid
I/nofatclips(  784): Retrieving widgets
D/nofatclips(  784): Found widget: id=-1 (android.widget.FrameLayout@41067020)
D/nofatclips(  784): Found widget: id=16908290 (android.widget.FrameLayout@41067bc8)
D/nofatclips(  784): Found widget: id=16908874 (android.widget.LinearLayout@41068f80)
D/nofatclips(  784): Found widget: id=16908875 (android.widget.LinearLayout@41069310)
D/nofatclips(  784): Found widget: id=16908885 (android.view.View@41069ff8)
D/nofatclips(  784): Found widget: id=16908876 (android.widget.LinearLayout@4106a308)
D/nofatclips(  784): Found widget: id=16908294 (android.widget.ImageView@4106a6e0)
D/nofatclips(  784): Found widget: id=16908877 (com.android.internal.widget.DialogTitle@4106aab8): Warning
D/nofatclips(  784): Found widget: id=16908878 (android.view.View@4106b788)
D/nofatclips(  784): Found widget: id=16908882 (android.widget.LinearLayout@4106ba78)
D/nofatclips(  784): Found widget: id=16908883 (android.widget.ScrollView@4106bf78)
D/nofatclips(  784): Found widget: id=16908299 (android.widget.TextView@4106cab8): Welcome to Tomdroid.
D/nofatclips(  784): 
D/nofatclips(  784): Please note that this is beta quality software and that it contains known problems.
D/nofatclips(  784): 
D/nofatclips(  784): We are well aware of these issues and intend to work on them quickly but I also wanted to get something out and tested as quickly as possible.
D/nofatclips(  784): 
D/nofatclips(  784): If you would like to contribute, help at all levels would be appreciated. Hop on board on launchpad.net/tomdroid and contact us!
D/nofatclips(  784): Found widget: id=16908884 (android.widget.FrameLayout@4106cf78)
D/nofatclips(  784): Found widget: id=16908331 (android.widget.FrameLayout@4106d368)
D/nofatclips(  784): Found widget: id=16908879 (android.widget.LinearLayout@4106d758)
D/nofatclips(  784): Found widget: id=-1 (android.widget.LinearLayout@4106db30)
D/nofatclips(  784): Found widget: id=16908314 (android.widget.Button@4106e108): 
D/nofatclips(  784): Found widget: id=16908315 (android.widget.Button@4106ee78): OK
D/nofatclips(  784): Found widget: id=16908313 (android.widget.Button@4106fbe8): 
D/nofatclips(  784): Found widget: id=16909076 (android.view.ViewStub@41068998)
D/nofatclips(  784): Found widget: id=-1 (com.android.internal.policy.impl.PhoneWindow$DecorView@410668e8)
V/nicola  (  784): TextualID : null
V/nicola  (  784): ContentType detected : default
V/nicola  (  784): TextualID : null
V/nicola  (  784): ContentType detected : default
V/nicola  (  784): TextualID : null
V/nicola  (  784): ContentType detected : default
D/nofatclips(  784): No session to resume: GUI Tree not found. Will start from scratch.
I/nofatclips(  784): Starting a new session
D/nofatclips(  784): Saving new found state 'a1' on disk
V/nofatclips(  784): Opening state file in overwrite mode.
D/dalvikvm(  784): GC_CONCURRENT freed 284K, 5% free 6578K/6919K, paused 26ms+63ms, total 395ms
D/dalvikvm(  784): GC_FOR_ALLOC freed 148K, 6% free 6560K/6919K, paused 93ms, total 95ms
I/dalvikvm-heap(  784): Grow heap (frag case) to 7.007MB for 582416-byte allocation
D/dalvikvm(  784): GC_FOR_ALLOC freed <1K, 5% free 7128K/7495K, paused 93ms, total 93ms
D/dalvikvm(  784): GC_CONCURRENT freed <1K, 5% free 7129K/7495K, paused 49ms+10ms, total 233ms
D/dalvikvm(  784): WAIT_FOR_CONCURRENT_GC blocked 90ms
D/dalvikvm(  784): GC_FOR_ALLOC freed 0K, 5% free 7129K/7495K, paused 78ms, total 78ms
I/dalvikvm-heap(  784): Grow heap (frag case) to 7.563MB for 582416-byte allocation
D/dalvikvm(  784): GC_CONCURRENT freed 0K, 5% free 7697K/8071K, paused 20ms+10ms, total 92ms
D/dalvikvm(  784): WAIT_FOR_CONCURRENT_GC blocked 61ms
I/nofatclips(  784): Saved image on disk: a1.jpg
I/nofatclips(  784): Planning for new Activity Tomdroid
D/nofatclips(  784): Handling event 'click' on widget id=16908315 type=button name=OK
I/nofatclips(  784): Created trace to press the menu button
I/nofatclips(  784): Created trace to change orientation
I/nofatclips(  784): Dispatching new task. 3 more tasks remaining.
D/nofatclips(  784): Saving task list on disk
V/nofatclips(  784): Backing up trace #0 to disk.
V/nofatclips(  784): Backing up trace #1 to disk.
V/nofatclips(  784): Backing up trace #2 to disk.
I/nofatclips(  784): Restarting
I/nofatclips(  784): Waiting for 100 msec.
D/nofatclips(  784): Ready to operate after restarting...
I/nofatclips(  784): Retrieving widgets
D/nofatclips(  784): Found widget: id=-1 (android.widget.FrameLayout@41067020)
D/nofatclips(  784): Found widget: id=16908290 (android.widget.FrameLayout@41067bc8)
D/nofatclips(  784): Found widget: id=16908874 (android.widget.LinearLayout@41068f80)
D/nofatclips(  784): Found widget: id=16908875 (android.widget.LinearLayout@41069310)
D/nofatclips(  784): Found widget: id=16908885 (android.view.View@41069ff8)
D/nofatclips(  784): Found widget: id=16908876 (android.widget.LinearLayout@4106a308)
D/nofatclips(  784): Found widget: id=16908294 (android.widget.ImageView@4106a6e0)
D/nofatclips(  784): Found widget: id=16908877 (com.android.internal.widget.DialogTitle@4106aab8): Warning
D/nofatclips(  784): Found widget: id=16908878 (android.view.View@4106b788)
D/nofatclips(  784): Found widget: id=16908882 (android.widget.LinearLayout@4106ba78)
D/nofatclips(  784): Found widget: id=16908883 (android.widget.ScrollView@4106bf78)
D/nofatclips(  784): Found widget: id=16908299 (android.widget.TextView@4106cab8): Welcome to Tomdroid.
D/nofatclips(  784): 
D/nofatclips(  784): Please note that this is beta quality software and that it contains known problems.
D/nofatclips(  784): 
D/nofatclips(  784): We are well aware of these issues and intend to work on them quickly but I also wanted to get something out and tested as quickly as possible.
D/nofatclips(  784): 
D/nofatclips(  784): If you would like to contribute, help at all levels would be appreciated. Hop on board on launchpad.net/tomdroid and contact us!
D/nofatclips(  784): Found widget: id=16908884 (android.widget.FrameLayout@4106cf78)
D/nofatclips(  784): Found widget: id=16908331 (android.widget.FrameLayout@4106d368)
D/nofatclips(  784): Found widget: id=16908879 (android.widget.LinearLayout@4106d758)
D/nofatclips(  784): Found widget: id=-1 (android.widget.LinearLayout@4106db30)
D/nofatclips(  784): Found widget: id=16908314 (android.widget.Button@4106e108): 
D/nofatclips(  784): Found widget: id=16908315 (android.widget.Button@4106ee78): OK
D/nofatclips(  784): Found widget: id=16908313 (android.widget.Button@4106fbe8): 
D/nofatclips(  784): Found widget: id=16909076 (android.view.ViewStub@41068998)
D/nofatclips(  784): Found widget: id=-1 (com.android.internal.policy.impl.PhoneWindow$DecorView@410668e8)
I/nofatclips(  784): Playing Trace 2
I/nofatclips(  784): Retrieved from return list id=16908315
D/nofatclips(  784): Testing for type (android.widget.Button) against the original (android.widget.Button)
D/nofatclips(  784): Testing for name (OK) against the original (OK)
I/nofatclips(  784): Firing event: type= click index=17 widget=android.widget.Button
E/PowerManagerService(  149): Excessive delay setting brightness: 141ms, mask=2
D/nofatclips(  784): Event description: OK
D/dalvikvm(  784): GC_CONCURRENT freed 1569K, 21% free 6583K/8263K, paused 56ms+17ms, total 270ms
I/nofatclips(  784): Waiting for 100 msec.
I/Choreographer(  784): Skipped 82 frames!  The application may be doing too much work on its main thread.
I/Choreographer(  149): Skipped 42 frames!  The application may be doing too much work on its main thread.
I/Choreographer(  784): Skipped 98 frames!  The application may be doing too much work on its main thread.
I/Choreographer(  149): Skipped 48 frames!  The application may be doing too much work on its main thread.
I/nofatclips(  784): Current activity is ui.Tomdroid
I/nofatclips(  784): Retrieving widgets
D/nofatclips(  784): Found widget: id=-1 (android.widget.LinearLayout@4100b880)
D/nofatclips(  784): Found widget: id=16909081 (com.android.internal.widget.ActionBarContainer@4101d9e0)
D/nofatclips(  784): Found widget: id=16909082 (com.android.internal.widget.ActionBarView@4104fbe8)
D/nofatclips(  784): Found widget: id=-1 (android.widget.LinearLayout@41037578)
D/nofatclips(  784): Found widget: id=16908859 (android.widget.ImageView@41035700)
D/nofatclips(  784): Found widget: id=-1 (android.widget.LinearLayout@41036460)
D/nofatclips(  784): Found widget: id=16908866 (android.widget.TextView@40ff2f08): Tomdroid
D/nofatclips(  784): Found widget: id=16908867 (android.widget.TextView@40fe6330): 
D/nofatclips(  784): Found widget: id=-1 (com.android.internal.widget.ActionBarView$HomeView@4101fd88)
D/nofatclips(  784): Found widget: id=16908859 (android.widget.ImageView@40ff3cc0)
D/nofatclips(  784): Found widget: id=16908332 (android.widget.ImageView@4104d8d8)
D/nofatclips(  784): Found widget: id=-1 (com.android.internal.view.menu.ActionMenuView@4101bb28)
D/nofatclips(  784): Found widget: id=2131099697 (com.android.internal.view.menu.ActionMenuItemView@41004cf0): 
D/nofatclips(  784): Found widget: id=2131099698 (com.android.internal.view.menu.ActionMenuItemView@41037cf0): 
D/nofatclips(  784): Found widget: id=16909083 (com.android.internal.widget.ActionBarContextView@41036f78)
D/nofatclips(  784): Found widget: id=16908290 (android.widget.FrameLayout@410302f8)
D/nofatclips(  784): Found widget: id=-1 (android.widget.LinearLayout@41012570)
D/nofatclips(  784): Found widget: id=16908298 (android.widget.ListView@410013d0)
D/nofatclips(  784): Found widget: id=-1 (android.widget.RelativeLayout@410768a0)
D/nofatclips(  784): Found widget: id=2131099661 (android.widget.ImageView@41034b78)
D/nofatclips(  784): Found widget: id=2131099662 (android.widget.TextView@41011890): Tomdroid's First Note
D/nofatclips(  784): Found widget: id=2131099663 (android.widget.TextView@4104b450): Modified: 10/9/2010, 3:50 PM
D/nofatclips(  784): Found widget: id=2131099664 (android.view.View@4101a190)
D/nofatclips(  784): Found widget: id=2131099658 (android.widget.TextView@41018a80): Please wait while the notes load
D/nofatclips(  784): Found widget: id=16909084 (com.android.internal.widget.ActionBarContainer@4100d9d0)
D/nofatclips(  784): Found widget: id=-1 (com.android.internal.policy.impl.PhoneWindow$DecorView@4104e908)
V/nicola  (  784): TextualID : null
V/nicola  (  784): ContentType detected : default
V/nicola  (  784): TextualID : menuNew
V/nicola  (  784): ContentType detected : default
V/nicola  (  784): TextualID : menuSync
V/nicola  (  784): ContentType detected : default
E/ReflectionHelper(  784): java.lang.NoSuchFieldException: mOnFocusChangeListener
V/ReflectionHelper(  784): android.widget.ListView > mOnFocusChangeListener NOT FOUND
V/nicola  (  784): TextualID : note_title
V/nicola  (  784): ContentType detected : default
V/nicola  (  784): TextualID : note_date
V/nicola  (  784): ContentType detected : default
I/nofatclips(  784): Performing comparation for activity Tomdroid
D/nofatclips(  784): Comparing against activity Tomdroid
I/nofatclips(  784): Registering activity Tomdroid (id: a2) as a new found state
D/nofatclips(  784): Performing backup of the old activity list on disk
D/nofatclips(  784): Saving new found state 'a2' on disk
V/nofatclips(  784): Opening state file in append mode.
D/dalvikvm(  784): GC_FOR_ALLOC freed 315K, 20% free 6617K/8263K, paused 274ms, total 275ms
I/dalvikvm-heap(  784): Grow heap (frag case) to 7.093MB for 614416-byte allocation
D/dalvikvm(  784): GC_FOR_ALLOC freed <1K, 13% free 7217K/8263K, paused 89ms, total 89ms
D/dalvikvm(  784): GC_CONCURRENT freed 5K, 13% free 7211K/8263K, paused 19ms+10ms, total 90ms
D/dalvikvm(  784): WAIT_FOR_CONCURRENT_GC blocked 42ms
D/dalvikvm(  784): GC_FOR_ALLOC freed <1K, 13% free 7211K/8263K, paused 58ms, total 58ms
I/dalvikvm-heap(  784): Grow heap (frag case) to 7.673MB for 614416-byte allocation
D/dalvikvm(  784): GC_CONCURRENT freed 0K, 13% free 7811K/8903K, paused 20ms+9ms, total 79ms
D/dalvikvm(  784): WAIT_FOR_CONCURRENT_GC blocked 49ms
I/nofatclips(  784): Saved image on disk: a2.jpg
I/nofatclips(  784): Waiting for 100 msec.
I/nofatclips(  784): Session count is 1. Will dump to disk at 1
I/nofatclips(  784): Saving the session on disk. This is the first batch: the file will be created.
I/nofatclips(  784): Planning for new Activity Tomdroid
D/nofatclips(  784): Handling event selectListItem for items [1,1] on listView #16908298 count=1
D/nofatclips(  784): Handling event longClickListItem for items [1,1] on listView #16908298 count=1
I/nofatclips(  784): Created trace to press the back button
I/nofatclips(  784): Created trace to press the menu button
I/nofatclips(  784): Created trace to change orientation
I/nofatclips(  784): Check for termination: 24 steps left of 25
I/nofatclips(  784): Dispatching new task. 6 more tasks remaining.
D/nofatclips(  784): Performing backup of the old task list on disk
D/nofatclips(  784): Saving task list on disk
V/nofatclips(  784): Backing up trace #0 to disk.
V/nofatclips(  784): Backing up trace #1 to disk.
V/nofatclips(  784): Backing up trace #3 to disk.
V/nofatclips(  784): Backing up trace #4 to disk.
V/nofatclips(  784): Backing up trace #5 to disk.
V/nofatclips(  784): Backing up trace #6 to disk.
D/nofatclips(  784): Deleting backup of the old task list from disk
D/nofatclips(  784): Deleting backup of the old activity list from disk
I/nofatclips(  784): Incrementally Playing Trace 6
I/nofatclips(  784): Retrieved from return list id=16908298
D/nofatclips(  784): Testing for type (android.widget.ListView) against the original (android.widget.ListView)
D/nofatclips(  784): Testing for name () against the original ()
I/nofatclips(  784): Firing event: type= longClickListItem index=17 widget=android.widget.ListView
D/dalvikvm(  784): GC_CONCURRENT freed 1776K, 26% free 6647K/8903K, paused 18ms+12ms, total 258ms
D/dalvikvm(  784): WAIT_FOR_CONCURRENT_GC blocked 35ms
I/nofatclips(  784): Swapping to listview item 1
I/Choreographer(  784): Skipped 63 frames!  The application may be doing too much work on its main thread.
D/InputEventConsistencyVerifier(  784): KeyEvent: ACTION_UP but key was not down.
D/InputEventConsistencyVerifier(  784):   in com.android.internal.widget.ActionBarContainer@4101d9e0
D/InputEventConsistencyVerifier(  784):   0: sent at 381704000000, KeyEvent { action=ACTION_UP, keyCode=KEYCODE_DPAD_UP, scanCode=0, metaState=0, flags=0x8, repeatCount=0, eventTime=381704, downTime=381704, deviceId=-1, source=0x101 }
D/InputEventConsistencyVerifier(  784): KeyEvent: ACTION_UP but key was not down.
D/InputEventConsistencyVerifier(  784):   in android.widget.FrameLayout@410302f8
D/InputEventConsistencyVerifier(  784):   0: sent at 382525000000, KeyEvent { action=ACTION_UP, keyCode=KEYCODE_DPAD_DOWN, scanCode=0, metaState=0, flags=0x8, repeatCount=0, eventTime=382525, downTime=382525, deviceId=-1, source=0x101 }
D/InputEventConsistencyVerifier(  784):   -- recent events --
D/InputEventConsistencyVerifier(  784):   1: sent at 381485000000, (unhandled) KeyEvent { action=ACTION_DOWN, keyCode=KEYCODE_DPAD_UP, scanCode=0, metaState=0, flags=0x8, repeatCount=0, eventTime=381485, downTime=381485, deviceId=-1, source=0x101 }
D/InputEventConsistencyVerifier(  784):   2: sent at 380842000000, (unhandled) KeyEvent { action=ACTION_UP, keyCode=KEYCODE_DPAD_DOWN, scanCode=0, metaState=0, flags=0x8, repeatCount=0, eventTime=380842, downTime=380842, deviceId=-1, source=0x101 }
D/InputEventConsistencyVerifier(  784):   3: sent at 380787000000, (unhandled) KeyEvent { action=ACTION_DOWN, keyCode=KEYCODE_DPAD_DOWN, scanCode=0, metaState=0, flags=0x8, repeatCount=0, eventTime=380787, downTime=380787, deviceId=-1, source=0x101 }
D/InputEventConsistencyVerifier(  784):   4: sent at 379549000000, (unhandled) KeyEvent { action=ACTION_UP, keyCode=KEYCODE_DPAD_UP, scanCode=0, metaState=0, flags=0x8, repeatCount=0, eventTime=379549, downTime=379549, deviceId=-1, source=0x101 }
D/InputEventConsistencyVerifier(  784):   5: sent at 379439000000, KeyEvent { action=ACTION_DOWN, keyCode=KEYCODE_DPAD_UP, scanCode=0, metaState=0, flags=0x8, repeatCount=0, eventTime=379439, downTime=379439, deviceId=-1, source=0x101 }
D/nofatclips(  784): Event description: Tomdroid's First Note
I/Choreographer(  784): Skipped 39 frames!  The application may be doing too much work on its main thread.
I/Choreographer(  784): Skipped 44 frames!  The application may be doing too much work on its main thread.
I/Choreographer(  784): Skipped 102 frames!  The application may be doing too much work on its main thread.
V/PhoneStatusBar(  261): setLightsOn(true)
D/dalvikvm(  784): GREF has increased to 201
I/Choreographer(  784): Skipped 64 frames!  The application may be doing too much work on its main thread.
I/nofatclips(  784): Waiting for 100 msec.
I/Choreographer(  784): Skipped 342 frames!  The application may be doing too much work on its main thread.
I/nofatclips(  784): Current activity is ui.Tomdroid
I/nofatclips(  784): Retrieving widgets
D/nofatclips(  784): Found widget: id=-1 (android.widget.FrameLayout@41058668)
D/nofatclips(  784): Found widget: id=16908290 (android.widget.FrameLayout@4105dd50)
D/nofatclips(  784): Found widget: id=16908874 (android.widget.LinearLayout@411ff658)
D/nofatclips(  784): Found widget: id=16908875 (android.widget.LinearLayout@41191670)
D/nofatclips(  784): Found widget: id=16908885 (android.view.View@41191ad0)
D/nofatclips(  784): Found widget: id=16908876 (android.widget.LinearLayout@410acec8)
D/nofatclips(  784): Found widget: id=16908294 (android.widget.ImageView@4102ce98)
D/nofatclips(  784): Found widget: id=16908877 (com.android.internal.widget.DialogTitle@410ac878): Note Options
D/nofatclips(  784): Found widget: id=16908878 (android.view.View@40ff6f28)
D/nofatclips(  784): Found widget: id=16908882 (android.widget.LinearLayout@411904a0)
D/nofatclips(  784): Found widget: id=16909101 (com.android.internal.app.AlertController$RecycleListView@41026760)
D/nofatclips(  784): Found widget: id=-1 (com.android.internal.view.menu.ListMenuItemView@411fa2b8)
D/nofatclips(  784): Found widget: id=-1 (android.widget.RelativeLayout@411fc6b8)
D/nofatclips(  784): Found widget: id=16908310 (android.widget.TextView@4103ad98): View
D/nofatclips(  784): Found widget: id=16909010 (android.widget.TextView@4109f400): 
D/nofatclips(  784): Found widget: id=-1 (com.android.internal.view.menu.ListMenuItemView@410c0410)
D/nofatclips(  784): Found widget: id=-1 (android.widget.RelativeLayout@41192140)
D/nofatclips(  784): Found widget: id=16908310 (android.widget.TextView@410734b0): Edit
D/nofatclips(  784): Found widget: id=16909010 (android.widget.TextView@410b1ef0): 
D/nofatclips(  784): Found widget: id=-1 (com.android.internal.view.menu.ListMenuItemView@4108b2a0)
D/nofatclips(  784): Found widget: id=-1 (android.widget.RelativeLayout@410463f0)
D/nofatclips(  784): Found widget: id=16908310 (android.widget.TextView@41078f78): Delete
D/nofatclips(  784): Found widget: id=16909010 (android.widget.TextView@41073888): 
D/nofatclips(  784): Found widget: id=-1 (com.android.internal.view.menu.ListMenuItemView@410ad6d8)
D/nofatclips(  784): Found widget: id=-1 (android.widget.RelativeLayout@4105aa90)
D/nofatclips(  784): Found widget: id=16908310 (android.widget.TextView@4107d3e0): Send
D/nofatclips(  784): Found widget: id=16909010 (android.widget.TextView@41074640): 
D/nofatclips(  784): Found widget: id=-1 (com.android.internal.view.menu.ListMenuItemView@410adb78)
D/nofatclips(  784): Found widget: id=-1 (android.widget.RelativeLayout@4105ac98)
D/nofatclips(  784): Found widget: id=16908310 (android.widget.TextView@4105f2d0): Create shortcut
D/nofatclips(  784): Found widget: id=16909010 (android.widget.TextView@410673e8): 
D/nofatclips(  784): Found widget: id=16908884 (android.widget.FrameLayout@41045c00)
D/nofatclips(  784): Found widget: id=16908331 (android.widget.FrameLayout@411f2f80)
D/nofatclips(  784): Found widget: id=16908879 (android.widget.LinearLayout@40ff89b0)
D/nofatclips(  784): Found widget: id=-1 (android.widget.LinearLayout@4118ab88)
D/nofatclips(  784): Found widget: id=16908314 (android.widget.Button@4105a730): 
D/nofatclips(  784): Found widget: id=16908315 (android.widget.Button@410ae620): 
D/nofatclips(  784): Found widget: id=16908313 (android.widget.Button@411f59d8): 
D/nofatclips(  784): Found widget: id=16909076 (android.view.ViewStub@41191968)
D/nofatclips(  784): Found widget: id=-1 (com.android.internal.policy.impl.PhoneWindow$DecorView@41192bc0)
V/nicola  (  784): TextualID : null
V/nicola  (  784): ContentType detected : default
E/ReflectionHelper(  784): java.lang.NoSuchFieldException: mOnFocusChangeListener
V/ReflectionHelper(  784): com.android.internal.app.AlertController.RecycleListView > mOnFocusChangeListener NOT FOUND
V/nicola  (  784): TextualID : null
V/nicola  (  784): ContentType detected : default
V/nicola  (  784): TextualID : null
V/nicola  (  784): ContentType detected : default
V/nicola  (  784): TextualID : null
V/nicola  (  784): ContentType detected : default
V/nicola  (  784): TextualID : null
V/nicola  (  784): ContentType detected : default
V/nicola  (  784): TextualID : null
V/nicola  (  784): ContentType detected : default
I/nofatclips(  784): Performing comparation for activity Tomdroid
D/nofatclips(  784): Comparing against activity Tomdroid
D/nofatclips(  784): Comparing against activity Tomdroid
I/nofatclips(  784): Registering activity Tomdroid (id: a3) as a new found state
D/nofatclips(  784): Performing backup of the old activity list on disk
D/nofatclips(  784): Saving new found state 'a3' on disk
V/nofatclips(  784): Opening state file in append mode.
D/dalvikvm(  784): GC_CONCURRENT freed 373K, 24% free 6776K/8903K, paused 20ms+8ms, total 597ms
D/dalvikvm(  784): WAIT_FOR_CONCURRENT_GC blocked 85ms
D/dalvikvm(  784): GC_CONCURRENT freed 42K, 20% free 7172K/8903K, paused 21ms+8ms, total 144ms
D/dalvikvm(  784): WAIT_FOR_CONCURRENT_GC blocked 112ms
I/nofatclips(  784): Saved image on disk: a3.jpg
I/nofatclips(  784): Waiting for 100 msec.
D/dalvikvm(  784): GC_CONCURRENT freed 420K, 20% free 7172K/8903K, paused 8ms+11ms, total 294ms
I/nofatclips(  784): Session count is 1. Will dump to disk at 1
I/nofatclips(  784): Saving the session on disk.
I/nofatclips(  784): Planning for new Activity Tomdroid
D/nofatclips(  784): Handling event selectListItem for items [1,5] on listView #16909101 count=5
D/nofatclips(  784): Handling event longClickListItem for items [1,5] on listView #16909101 count=5
D/dalvikvm(  784): GC_CONCURRENT freed 826K, 24% free 6854K/8903K, paused 22ms+19ms, total 309ms
I/nofatclips(  784): Created trace to press the back button
I/nofatclips(  784): Created trace to press the menu button
I/nofatclips(  784): Created trace to change orientation
I/nofatclips(  784): Check for termination: 23 steps left of 25
