D/nofatclips(  784): Found widget: id=2131099714 (com.android.internal.view.menu.ActionMenuItemView@41157858): 
D/nofatclips(  784): Found widget: id=16909083 (com.android.internal.widget.ActionBarContextView@41137d78)
D/nofatclips(  784): Found widget: id=16908290 (android.widget.FrameLayout@4108d890)
D/nofatclips(  784): Found widget: id=2131099665 (android.widget.LinearLayout@411ab2a8)
D/nofatclips(  784): Found widget: id=-1 (android.widget.ScrollView@41105378)
D/nofatclips(  784): Found widget: id=2131099668 (android.widget.LinearLayout@411fc5e8)
D/nofatclips(  784): Found widget: id=2131099683 (android.widget.TextView@411627f0): Tomdroid's First Note
D/nofatclips(  784): Found widget: id=2131099684 (android.widget.TextView@410c4df8): Welcome to Tomdroid!
D/nofatclips(  784): 
D/nofatclips(  784): You have no notes here yet. To get started, set your Synchronization preferences under Settings. There are two synchronization options described below.
D/nofatclips(  784): 
D/nofatclips(  784): Online Synchronization
D/nofatclips(  784): Online Synchronization is what you are looking for if you want to sync to Tomboy-Online, your own Rainy/Snowy server or any server supporting the Tomboy Web REST API.
D/nofatclips(  784): 
D/nofatclips(  784): To use it, set Sync Service to Online Synchronization in preferences then provide a Server URL. Here are some of the public ones:
D/nofatclips(  784): Tomboy Online - https://edge.tomboy-online.org/
D/nofatclips(  784): rainy.notesync.org - https://notesync.org:8080/[username]/[password]/
D/nofatclips(  784): 
D/nofatclips(  784): Once set, hit the Sync logo on Tomdroid's top bar to synchronize your notes.
D/nofatclips(  784): 
D/nofatclips(  784): Note: you might want to back up your Tomboy notes before syncing, since this app is still under development and may corrupt your Tomboy notes.
D/nofatclips(  784): 
D/nofatclips(  784): Please see http://live.gnome.org/Tomboy/Directories for the location of the *.note files on all platforms.
D/nofatclips(  784): 
D/nofatclips(  784): SD Card
D/nofatclips(  784): Put your Tomboy notes (*.note) on your SD Card under tomdroid/. Once the notes are copied, set Sync Service to SD Card in preferences then hit the Sync logo on Tomdroid's top bar.
D/nofatclips(  784): 
D/nofatclips(  784): Also, Tomdroid is always looking for new contributors. If you are interested join the tomdroid-dev team on Launchpad: http://launchpad.net/~tomdroid-dev.
D/nofatclips(  784): 
D/nofatclips(  784): Lastly, if you encounter any issue, please report it at: https://bugs.launchpad.net/tomdroid
D/nofatclips(  784): Found widget: id=16909084 (com.android.internal.widget.ActionBarContainer@41146810)
D/nofatclips(  784): Found widget: id=-1 (com.android.internal.policy.impl.PhoneWindow$DecorView@41093760)
V/nicola  (  784): TextualID : null
V/nicola  (  784): ContentType detected : default
V/nicola  (  784): TextualID : view_note_edit
V/nicola  (  784): ContentType detected : default
V/nicola  (  784): TextualID : view_note_send
V/nicola  (  784): ContentType detected : default
V/nicola  (  784): TextualID : title
V/nicola  (  784): ContentType detected : default
E/ReflectionHelper(  784): java.lang.NoSuchFieldException: mOnFocusChangeListener
V/ReflectionHelper(  784): android.widget.TextView > mOnFocusChangeListener NOT FOUND
V/nicola  (  784): TextualID : content
V/nicola  (  784): ContentType detected : default
I/nofatclips(  784): Performing comparation for activity ViewNote
D/nofatclips(  784): Comparing against activity ViewNote
D/nofatclips(  784): Comparing against activity ViewNote
D/nofatclips(  784): Comparing against activity ViewNote
D/nofatclips(  784): Comparing against activity Tomdroid
D/nofatclips(  784): Comparing against activity ViewNote
D/nofatclips(  784): Comparing against activity ViewNote
D/nofatclips(  784): Comparing against activity ViewNote
D/nofatclips(  784): Comparing against activity Tomdroid
D/nofatclips(  784): Comparing against activity Tomdroid
D/nofatclips(  784): Comparing against activity Tomdroid
D/nofatclips(  784): Comparing against activity ViewNote
D/nofatclips(  784): Comparing against activity ViewNote
D/nofatclips(  784): Comparing against activity Tomdroid
D/nofatclips(  784): Comparing against activity ViewNote
D/nofatclips(  784): Comparing against activity Tomdroid
D/nofatclips(  784): Comparing against activity ViewNote
D/nofatclips(  784): Comparing against activity ViewNote
I/nofatclips(  784): Registering activity ViewNote (id: a18) as a new found state
D/nofatclips(  784): Performing backup of the old activity list on disk
D/nofatclips(  784): Saving new found state 'a18' on disk
V/nofatclips(  784): Opening state file in append mode.
I/Choreographer(  784): Skipped 175 frames!  The application may be doing too much work on its main thread.
D/dalvikvm(  784): GC_FOR_ALLOC freed 449K, 26% free 7541K/10183K, paused 284ms, total 294ms
I/dalvikvm-heap(  784): Grow heap (frag case) to 7.997MB for 614416-byte allocation
D/dalvikvm(  784): GC_FOR_ALLOC freed 4K, 21% free 8137K/10183K, paused 221ms, total 222ms
I/nofatclips(  784): Saved image on disk: a18.jpg
I/nofatclips(  784): Waiting for 100 msec.
D/dalvikvm(  784): GC_CONCURRENT freed 617K, 21% free 8138K/10183K, paused 68ms+20ms, total 718ms
I/nofatclips(  784): Session count is 1. Will dump to disk at 1
I/nofatclips(  784): Saving the session on disk.
I/nofatclips(  784): Planning for new Activity ViewNote
D/nofatclips(  784): Handling event 'click' on widget id=2131099684 type=text name=Welcome to Tomdroid!
D/nofatclips(  784): 
D/nofatclips(  784): You have no notes here yet. To get started, set your Synchronization preferences under Settings. There are two synchronization options described below.
D/nofatclips(  784): 
D/nofatclips(  784): Online Synchronization
D/nofatclips(  784): Online Synchronization is what you are looking for if you want to sync to Tomboy-Online, your own Rainy/Snowy server or any server supporting the Tomboy Web REST API.
D/nofatclips(  784): 
D/nofatclips(  784): To use it, set Sync Service to Online Synchronization in preferences then provide a Server URL. Here are some of the public ones:
D/nofatclips(  784): Tomboy Online - https://edge.tomboy-online.org/
D/nofatclips(  784): rainy.notesync.org - https://notesync.org:8080/[username]/[password]/
D/nofatclips(  784): 
D/nofatclips(  784): Once set, hit the Sync logo on Tomdroid's top bar to synchronize your notes.
D/nofatclips(  784): 
D/nofatclips(  784): Note: you might want to back up your Tomboy notes before syncing, since this app is still under development and may corrupt your Tomboy notes.
D/nofatclips(  784): 
D/nofatclips(  784): Please see http://live.gnome.org/Tomboy/Directories for the location of the *.note files on all platforms.
D/nofatclips(  784): 
D/nofatclips(  784): SD Card
D/nofatclips(  784): Put your Tomboy notes (*.note) on your SD Card under tomdroid/. Once the notes are copied, set Sync Service to SD Card in preferences then hit the Sync logo on Tomdroid's top bar.
D/nofatclips(  784): 
D/nofatclips(  784): Also, Tomdroid is always looking for new contributors. If you are interested join the tomdroid-dev team on Launchpad: http://launchpad.net/~tomdroid-dev.
D/nofatclips(  784): 
D/nofatclips(  784): Lastly, if you encounter any issue, please report it at: https://bugs.launchpad.net/tomdroid
I/nofatclips(  784): Created trace to press the back button
I/nofatclips(  784): Created trace to press the menu button
I/nofatclips(  784): Created trace to change orientation
D/dalvikvm(  784): GC_CONCURRENT freed 1285K, 26% free 7575K/10183K, paused 25ms+27ms, total 510ms
D/dalvikvm(  784): WAIT_FOR_CONCURRENT_GC blocked 77ms
D/dalvikvm(  784): WAIT_FOR_CONCURRENT_GC blocked 118ms
D/dalvikvm(  784): GC_CONCURRENT freed 452K, 25% free 7656K/10183K, paused 22ms+14ms, total 271ms
D/dalvikvm(  784): WAIT_FOR_CONCURRENT_GC blocked 98ms
D/dalvikvm(  784): WAIT_FOR_CONCURRENT_GC blocked 103ms
I/nofatclips(  784): Check for termination: 8 steps left of 25
I/nofatclips(  784): Dispatching new task. 10 more tasks remaining.
D/nofatclips(  784): Performing backup of the old task list on disk
D/nofatclips(  784): Saving task list on disk
V/nofatclips(  784): Backing up trace #67 to disk.
V/nofatclips(  784): Backing up trace #68 to disk.
D/dalvikvm(  784): GC_CONCURRENT freed 464K, 24% free 7753K/10183K, paused 35ms+28ms, total 636ms
D/dalvikvm(  784): WAIT_FOR_CONCURRENT_GC blocked 61ms
D/dalvikvm(  784): WAIT_FOR_CONCURRENT_GC blocked 313ms
V/nofatclips(  784): Backing up trace #69 to disk.
D/dalvikvm(  784): GC_CONCURRENT freed 415K, 23% free 7913K/10183K, paused 27ms+17ms, total 207ms
D/dalvikvm(  784): WAIT_FOR_CONCURRENT_GC blocked 168ms
V/nofatclips(  784): Backing up trace #71 to disk.
V/nofatclips(  784): Backing up trace #72 to disk.
D/dalvikvm(  784): GC_CONCURRENT freed 723K, 24% free 7785K/10183K, paused 71ms+36ms, total 747ms
D/dalvikvm(  784): WAIT_FOR_CONCURRENT_GC blocked 469ms
V/nofatclips(  784): Backing up trace #73 to disk.
V/nofatclips(  784): Backing up trace #75 to disk.
D/dalvikvm(  784): GC_CONCURRENT freed 537K, 23% free 7851K/10183K, paused 27ms+22ms, total 408ms
D/dalvikvm(  784): WAIT_FOR_CONCURRENT_GC blocked 94ms
D/dalvikvm(  784): WAIT_FOR_CONCURRENT_GC blocked 143ms
V/nofatclips(  784): Backing up trace #76 to disk.
V/nofatclips(  784): Backing up trace #77 to disk.
D/dalvikvm(  784): GC_CONCURRENT freed 625K, 23% free 7847K/10183K, paused 25ms+18ms, total 304ms
D/dalvikvm(  784): WAIT_FOR_CONCURRENT_GC blocked 125ms
V/nofatclips(  784): Backing up trace #78 to disk.
D/dalvikvm(  784): GC_CONCURRENT freed 519K, 23% free 7923K/10183K, paused 22ms+14ms, total 153ms
D/dalvikvm(  784): WAIT_FOR_CONCURRENT_GC blocked 123ms
D/nofatclips(  784): Deleting backup of the old task list from disk
D/nofatclips(  784): Deleting backup of the old activity list from disk
I/nofatclips(  784): Incrementally Playing Trace 78
I/nofatclips(  784): Retrieved from return list id=2131099684
D/nofatclips(  784): Testing for type (android.widget.TextView) against the original (android.widget.TextView)
D/nofatclips(  784): Testing for name (Welcome to Tomdroid!
D/nofatclips(  784): 
D/nofatclips(  784): You have no notes here yet. To get started, set your Synchronization preferences under Settings. There are two synchronization options described below.
D/nofatclips(  784): 
D/nofatclips(  784): Online Synchronization
D/nofatclips(  784): Online Synchronization is what you are looking for if you want to sync to Tomboy-Online, your own Rainy/Snowy server or any server supporting the Tomboy Web REST API.
D/nofatclips(  784): 
D/nofatclips(  784): To use it, set Sync Service to Online Synchronization in preferences then provide a Server URL. Here are some of the public ones:
D/nofatclips(  784): Tomboy Online - https://edge.tomboy-online.org/
D/nofatclips(  784): rainy.notesync.org - https://notesync.org:8080/[username]/[password]/
D/nofatclips(  784): 
D/nofatclips(  784): Once set, hit the Sync logo on Tomdroid's top bar to synchronize your notes.
D/nofatclips(  784): 
D/nofatclips(  784): Note: you might want to back up your Tomboy notes before syncing, since this app is still under development and may corrupt your Tomboy notes.
D/nofatclips(  784): 
D/nofatclips(  784): Please see http://live.gnome.org/Tomboy/Directories for the location of the *.note files on all platforms.
D/nofatclips(  784): 
D/nofatclips(  784): SD Card
D/nofatclips(  784): Put your Tomboy notes (*.note) on your SD Card under tomdroid/. Once the notes are copied, set Sync Service to SD Card in preferences then hit the Sync logo on Tomdroid's top bar.
D/nofatclips(  784): 
D/nofatclips(  784): Also, Tomdroid is always looking for new contributors. If you are interested join the tomdroid-dev team on Launchpad: http://launchpad.net/~tomdroid-dev.
D/nofatclips(  784): 
D/nofatclips(  784): Lastly, if you encounter any issue, please report it at: https://bugs.launchpad.net/tomdroid) against the original (Welcome to Tomdroid!
D/nofatclips(  784): 
D/nofatclips(  784): You have no notes here yet. To get started, set your Synchronization preferences under Settings. There are two synchronization options described below.
D/nofatclips(  784): 
D/nofatclips(  784): Online Synchronization
D/nofatclips(  784): Online Synchronization is what you are looking for if you want to sync to Tomboy-Online, your own Rainy/Snowy server or any server supporting the Tomboy Web REST API.
D/nofatclips(  784): 
D/nofatclips(  784): To use it, set Sync Service to Online Synchronization in preferences then provide a Server URL. Here are some of the public ones:
D/nofatclips(  784): Tomboy Online - https://edge.tomboy-online.org/
D/nofatclips(  784): rainy.notesync.org - https://notesync.org:8080/[username]/[password]/
D/nofatclips(  784): 
D/nofatclips(  784): Once set, hit the Sync logo on Tomdroid's top bar to synchronize your notes.
D/nofatclips(  784): 
D/nofatclips(  784): Note: you might want to back up your Tomboy notes before syncing, since this app is still under development and may corrupt your Tomboy notes.
D/nofatclips(  784): 
D/nofatclips(  784): Please see http://live.gnome.org/Tomboy/Directories for the location of the *.note files on all platforms.
D/nofatclips(  784): 
D/nofatclips(  784): SD Card
D/nofatclips(  784): Put your Tomboy notes (*.note) on your SD Card under tomdroid/. Once the notes are copied, set Sync Service to SD Card in preferences then hit the Sync logo on Tomdroid's top bar.
D/nofatclips(  784): 
D/nofatclips(  784): Also, Tomdroid is always looking for new contributors. If you are interested join the tomdroid-dev team on Launchpad: http://launchpad.net/~tomdroid-dev.
D/nofatclips(  784): 
D/nofatclips(  784): Lastly, if you encounter any issue, please report it at: https://bugs.launchpad.net/tomdroid)
I/nofatclips(  784): Firing event: type= click index=20 widget=android.widget.TextView
I/Choreographer(  784): Skipped 98 frames!  The application may be doing too much work on its main thread.
I/Choreographer(  784): Skipped 71 frames!  The application may be doing too much work on its main thread.
I/Choreographer(  784): Skipped 184 frames!  The application may be doing too much work on its main thread.
I/Choreographer(  784): Skipped 43 frames!  The application may be doing too much work on its main thread.
D/nofatclips(  784): Event description: Welcome to Tomdroid!
D/nofatclips(  784): 
D/nofatclips(  784): You have no notes here yet. To get started, set your Synchronization preferences under Settings. There are two synchronization options described below.
D/nofatclips(  784): 
D/nofatclips(  784): Online Synchronization
D/nofatclips(  784): Online Synchronization is what you are looking for if you want to sync to Tomboy-Online, your own Rainy/Snowy server or any server supporting the Tomboy Web REST API.
D/nofatclips(  784): 
D/nofatclips(  784): To use it, set Sync Service to Online Synchronization in preferences then provide a Server URL. Here are some of the public ones:
D/nofatclips(  784): Tomboy Online - https://edge.tomboy-online.org/
D/nofatclips(  784): rainy.notesync.org - https://notesync.org:8080/[username]/[password]/
D/nofatclips(  784): 
D/nofatclips(  784): Once set, hit the Sync logo on Tomdroid's top bar to synchronize your notes.
D/nofatclips(  784): 
D/nofatclips(  784): Note: you might want to back up your Tomboy notes before syncing, since this app is still under development and may corrupt your Tomboy notes.
D/nofatclips(  784): 
D/nofatclips(  784): Please see http://live.gnome.org/Tomboy/Directories for the location of the *.note files on all platforms.
D/nofatclips(  784): 
D/nofatclips(  784): SD Card
D/nofatclips(  784): Put your Tomboy notes (*.note) on your SD Card under tomdroid/. Once the notes are copied, set Sync Service to SD Card in preferences then hit the Sync logo on Tomdroid's top bar.
D/nofatclips(  784): 
D/nofatclips(  784): Also, Tomdroid is always looking for new contributors. If you are interested join the tomdroid-dev team on Launchpad: http://launchpad.net/~tomdroid-dev.
D/nofatclips(  784): 
D/nofatclips(  784): Lastly, if you encounter any issue, please report it at: https://bugs.launchpad.net/tomdroid
D/dalvikvm(  784): GC_CONCURRENT freed 811K, 25% free 7638K/10183K, paused 90ms+21ms, total 484ms
D/dalvikvm(  784): GC_CONCURRENT freed 455K, 26% free 7637K/10183K, paused 126ms+24ms, total 458ms
I/nofatclips(  784): Waiting for 100 msec.
I/nofatclips(  784): Current activity is ui.ViewNote
I/nofatclips(  784): Retrieving widgets
D/nofatclips(  784): Found widget: id=-1 (android.widget.LinearLayout@41092cc0)
D/nofatclips(  784): Found widget: id=16909081 (com.android.internal.widget.ActionBarContainer@410a6478)
D/nofatclips(  784): Found widget: id=16909082 (com.android.internal.widget.ActionBarView@41092820)
D/nofatclips(  784): Found widget: id=-1 (android.widget.LinearLayout@4111c398)
D/nofatclips(  784): Found widget: id=16908859 (android.widget.ImageView@4115e108)
D/nofatclips(  784): Found widget: id=-1 (android.widget.LinearLayout@41142cb0)
D/nofatclips(  784): Found widget: id=16908866 (android.widget.TextView@411194c8): Tomdroid - View Note
D/nofatclips(  784): Found widget: id=16908867 (android.widget.TextView@41201670): 
D/nofatclips(  784): Found widget: id=-1 (com.android.internal.widget.ActionBarView$HomeView@41161298)
D/nofatclips(  784): Found widget: id=16908859 (android.widget.ImageView@410f4040)
D/nofatclips(  784): Found widget: id=16908332 (android.widget.ImageView@41101470)
D/nofatclips(  784): Found widget: id=-1 (com.android.internal.view.menu.ActionMenuView@410b12d0)
D/nofatclips(  784): Found widget: id=2131099713 (com.android.internal.view.menu.ActionMenuItemView@4113e028): 
D/nofatclips(  784): Found widget: id=2131099714 (com.android.internal.view.menu.ActionMenuItemView@41157858): 
D/nofatclips(  784): Found widget: id=16909083 (com.android.internal.widget.ActionBarContextView@41137d78)
D/nofatclips(  784): Found widget: id=16908290 (android.widget.FrameLayout@4108d890)
D/nofatclips(  784): Found widget: id=2131099665 (android.widget.LinearLayout@411ab2a8)
D/nofatclips(  784): Found widget: id=-1 (android.widget.ScrollView@41105378)
D/nofatclips(  784): Found widget: id=2131099668 (android.widget.LinearLayout@411fc5e8)
D/nofatclips(  784): Found widget: id=2131099683 (android.widget.TextView@411627f0): Tomdroid's First Note
D/nofatclips(  784): Found widget: id=2131099684 (android.widget.TextView@410c4df8): Welcome to Tomdroid!
D/nofatclips(  784): 
D/nofatclips(  784): You have no notes here yet. To get started, set your Synchronization preferences under Settings. There are two synchronization options described below.
D/nofatclips(  784): 
D/nofatclips(  784): Online Synchronization
D/nofatclips(  784): Online Synchronization is what you are looking for if you want to sync to Tomboy-Online, your own Rainy/Snowy server or any server supporting the Tomboy Web REST API.
D/nofatclips(  784): 
D/nofatclips(  784): To use it, set Sync Service to Online Synchronization in preferences then provide a Server URL. Here are some of the public ones:
D/nofatclips(  784): Tomboy Online - https://edge.tomboy-online.org/
D/nofatclips(  784): rainy.notesync.org - https://notesync.org:8080/[username]/[password]/
D/nofatclips(  784): 
D/nofatclips(  784): Once set, hit the Sync logo on Tomdroid's top bar to synchronize your notes.
D/nofatclips(  784): 
D/nofatclips(  784): Note: you might want to back up your Tomboy notes before syncing, since this app is still under development and may corrupt your Tomboy notes.
D/nofatclips(  784): 
D/nofatclips(  784): Please see http://live.gnome.org/Tomboy/Directories for the location of the *.note files on all platforms.
D/nofatclips(  784): 
D/nofatclips(  784): SD Card
D/nofatclips(  784): Put your Tomboy notes (*.note) on your SD Card under tomdroid/. Once the notes are copied, set Sync Service to SD Card in preferences then hit the Sync logo on Tomdroid's top bar.
D/nofatclips(  784): 
D/nofatclips(  784): Also, Tomdroid is always looking for new contributors. If you are interested join the tomdroid-dev team on Launchpad: http://launchpad.net/~tomdroid-dev.
D/nofatclips(  784): 
D/nofatclips(  784): Lastly, if you encounter any issue, please report it at: https://bugs.launchpad.net/tomdroid
D/nofatclips(  784): Found widget: id=16909084 (com.android.internal.widget.ActionBarContainer@41146810)
D/nofatclips(  784): Found widget: id=-1 (com.android.internal.policy.impl.PhoneWindow$DecorView@41093760)
V/nicola  (  784): TextualID : null
V/nicola  (  784): ContentType detected : default
V/nicola  (  784): TextualID : view_note_edit
V/nicola  (  784): ContentType detected : default
V/nicola  (  784): TextualID : view_note_send
V/nicola  (  784): ContentType detected : default
V/nicola  (  784): TextualID : title
V/nicola  (  784): ContentType detected : default
E/ReflectionHelper(  784): java.lang.NoSuchFieldException: mOnFocusChangeListener
V/ReflectionHelper(  784): android.widget.TextView > mOnFocusChangeListener NOT FOUND
V/nicola  (  784): TextualID : content
V/nicola  (  784): ContentType detected : default
I/nofatclips(  784): Performing comparation for activity ViewNote
D/nofatclips(  784): Comparing against activity ViewNote
D/nofatclips(  784): Comparing against activity ViewNote
D/nofatclips(  784): Comparing against activity ViewNote
D/nofatclips(  784): Comparing against activity Tomdroid
D/nofatclips(  784): Comparing against activity ViewNote
D/nofatclips(  784): Comparing against activity ViewNote
D/nofatclips(  784): Comparing against activity ViewNote
D/nofatclips(  784): Comparing against activity ViewNote
D/nofatclips(  784): Comparing against activity Tomdroid
D/nofatclips(  784): Comparing against activity Tomdroid
D/nofatclips(  784): Comparing against activity Tomdroid
D/nofatclips(  784): Comparing against activity ViewNote
D/nofatclips(  784): Comparing against activity ViewNote
D/nofatclips(  784): Comparing against activity Tomdroid
D/nofatclips(  784): Comparing against activity ViewNote
D/nofatclips(  784): Comparing against activity Tomdroid
D/nofatclips(  784): Comparing against activity ViewNote
D/nofatclips(  784): Comparing against activity ViewNote
I/nofatclips(  784): Registering activity ViewNote (id: a19) as a new found state
D/nofatclips(  784): Performing backup of the old activity list on disk
I/Choreographer(  784): Skipped 590 frames!  The application may be doing too much work on its main thread.
D/nofatclips(  784): Saving new found state 'a19' on disk
V/nofatclips(  784): Opening state file in append mode.
I/Choreographer(  784): Skipped 290 frames!  The application may be doing too much work on its main thread.
D/dalvikvm(  784): GC_CONCURRENT freed 474K, 26% free 7612K/10183K, paused 68ms+26ms, total 489ms
D/dalvikvm(  784): WAIT_FOR_CONCURRENT_GC blocked 218ms
D/dalvikvm(  784): GC_FOR_ALLOC freed 28K, 26% free 7584K/10183K, paused 282ms, total 282ms
I/dalvikvm-heap(  784): Grow heap (frag case) to 8.038MB for 614416-byte allocation
D/dalvikvm(  784): GC_FOR_ALLOC freed 0K, 20% free 8184K/10183K, paused 287ms, total 287ms
I/Choreographer(  784): Skipped 677 frames!  The application may be doing too much work on its main thread.
D/dalvikvm(  784): GC_CONCURRENT freed 2K, 14% free 8785K/10183K, paused 46ms+18ms, total 354ms
D/dalvikvm(  784): WAIT_FOR_CONCURRENT_GC blocked 60ms
D/dalvikvm(  784): GC_FOR_ALLOC freed <1K, 14% free 8784K/10183K, paused 217ms, total 217ms
I/dalvikvm-heap(  784): Grow heap (frag case) to 9.210MB for 614416-byte allocation
D/dalvikvm(  784): GC_FOR_ALLOC freed 0K, 14% free 9384K/10823K, paused 160ms, total 160ms
I/nofatclips(  784): Saved image on disk: a19.jpg
I/nofatclips(  784): Waiting for 100 msec.
I/nofatclips(  784): Session count is 1. Will dump to disk at 1
I/nofatclips(  784): Saving the session on disk.
I/nofatclips(  784): Planning for new Activity ViewNote
D/nofatclips(  784): Handling event 'click' on widget id=2131099684 type=text name=Welcome to Tomdroid!
D/nofatclips(  784): 
D/nofatclips(  784): You have no notes here yet. To get started, set your Synchronization preferences under Settings. There are two synchronization options described below.
D/nofatclips(  784): 
D/nofatclips(  784): Online Synchronization
D/nofatclips(  784): Online Synchronization is what you are looking for if you want to sync to Tomboy-Online, your own Rainy/Snowy server or any server supporting the Tomboy Web REST API.
D/nofatclips(  784): 
D/nofatclips(  784): To use it, set Sync Service to Online Synchronization in preferences then provide a Server URL. Here are some of the public ones:
D/nofatclips(  784): Tomboy Online - https://edge.tomboy-online.org/
D/nofatclips(  784): rainy.notesync.org - https://notesync.org:8080/[username]/[password]/
D/nofatclips(  784): 
D/nofatclips(  784): Once set, hit the Sync logo on Tomdroid's top bar to synchronize your notes.
D/nofatclips(  784): 
D/nofatclips(  784): Note: you might want to back up your Tomboy notes before syncing, since this app is still under development and may corrupt your Tomboy notes.
D/nofatclips(  784): 
D/nofatclips(  784): Please see http://live.gnome.org/Tomboy/Directories for the location of the *.note files on all platforms.
D/nofatclips(  784): 
D/nofatclips(  784): SD Card
D/nofatclips(  784): Put your Tomboy notes (*.note) on your SD Card under tomdroid/. Once the notes are copied, set Sync Service to SD Card in preferences then hit the Sync logo on Tomdroid's top bar.
D/nofatclips(  784): 
D/nofatclips(  784): Also, Tomdroid is always looking for new contributors. If you are interested join the tomdroid-dev team on Launchpad: http://launchpad.net/~tomdroid-dev.
D/nofatclips(  784): 
D/nofatclips(  784): Lastly, if you encounter any issue, please report it at: https://bugs.launchpad.net/tomdroid
I/nofatclips(  784): Created trace to press the back button
I/nofatclips(  784): Created trace to press the menu button
I/nofatclips(  784): Created trace to change orientation
D/dalvikvm(  784): GC_CONCURRENT freed 2833K, 29% free 7688K/10823K, paused 23ms+18ms, total 274ms
D/dalvikvm(  784): WAIT_FOR_CONCURRENT_GC blocked 101ms
D/dalvikvm(  784): WAIT_FOR_CONCURRENT_GC blocked 117ms
I/nofatclips(  784): Check for termination: 7 steps left of 25
I/nofatclips(  784): Dispatching new task. 10 more tasks remaining.
D/nofatclips(  784): Performing backup of the old task list on disk
D/nofatclips(  784): Saving task list on disk
V/nofatclips(  784): Backing up trace #71 to disk.
D/dalvikvm(  784): GC_CONCURRENT freed 416K, 28% free 7822K/10823K, paused 39ms+20ms, total 297ms
D/dalvikvm(  784): WAIT_FOR_CONCURRENT_GC blocked 261ms
V/nofatclips(  784): Backing up trace #72 to disk.
V/nofatclips(  784): Backing up trace #73 to disk.
D/dalvikvm(  784): GC_CONCURRENT freed 588K, 28% free 7821K/10823K, paused 24ms+17ms, total 270ms
D/dalvikvm(  784): WAIT_FOR_CONCURRENT_GC blocked 134ms
V/nofatclips(  784): Backing up trace #75 to disk.
V/nofatclips(  784): Backing up trace #76 to disk.
D/dalvikvm(  784): GC_CONCURRENT freed 620K, 28% free 7802K/10823K, paused 23ms+17ms, total 241ms
D/dalvikvm(  784): WAIT_FOR_CONCURRENT_GC blocked 116ms
V/nofatclips(  784): Backing up trace #77 to disk.
V/nofatclips(  784): Backing up trace #79 to disk.
D/dalvikvm(  784): GC_CONCURRENT freed 541K, 28% free 7871K/10823K, paused 21ms+12ms, total 180ms
D/dalvikvm(  784): WAIT_FOR_CONCURRENT_GC blocked 85ms
D/dalvikvm(  784): WAIT_FOR_CONCURRENT_GC blocked 112ms
V/nofatclips(  784): Backing up trace #80 to disk.
D/dalvikvm(  784): GC_CONCURRENT freed 640K, 28% free 7833K/10823K, paused 22ms+13ms, total 208ms
D/dalvikvm(  784): WAIT_FOR_CONCURRENT_GC blocked 104ms
V/nofatclips(  784): Backing up trace #81 to disk.
D/dalvikvm(  784): GC_CONCURRENT freed 474K, 27% free 7972K/10823K, paused 21ms+14ms, total 178ms
D/dalvikvm(  784): WAIT_FOR_CONCURRENT_GC blocked 91ms
V/nofatclips(  784): Backing up trace #82 to disk.
D/nofatclips(  784): Deleting backup of the old task list from disk
D/nofatclips(  784): Deleting backup of the old activity list from disk
I/nofatclips(  784): Incrementally Playing Trace 82
D/nofatclips(  784): Firing event: type= back
D/dalvikvm(  784): GC_CONCURRENT freed 670K, 28% free 7876K/10823K, paused 19ms+11ms, total 256ms
W/WindowManager(  149): Failure taking screenshot for (164x246) to layer 21015
I/Choreographer(  784): Skipped 58 frames!  The application may be doing too much work on its main thread.
I/Choreographer(  784): Skipped 130 frames!  The application may be doing too much work on its main thread.
I/nofatclips(  784): Waiting for 100 msec.
I/Choreographer(  149): Skipped 47 frames!  The application may be doing too much work on its main thread.
I/Choreographer(  784): Skipped 36 frames!  The application may be doing too much work on its main thread.
I/Choreographer(  149): Skipped 36 frames!  The application may be doing too much work on its main thread.
I/nofatclips(  784): Current activity is ui.Tomdroid
I/nofatclips(  784): Retrieving widgets
D/nofatclips(  784): Found widget: id=-1 (android.widget.LinearLayout@4100b880)
D/nofatclips(  784): Found widget: id=16909081 (com.android.internal.widget.ActionBarContainer@4101d9e0)
D/nofatclips(  784): Found widget: id=16909082 (com.android.internal.widget.ActionBarView@4104fbe8)
D/nofatclips(  784): Found widget: id=-1 (android.widget.LinearLayout@41037578)
D/nofatclips(  784): Found widget: id=16908859 (android.widget.ImageView@41035700)
D/nofatclips(  784): Found widget: id=-1 (android.widget.LinearLayout@41036460)
D/nofatclips(  784): Found widget: id=16908866 (android.widget.TextView@40ff2f08): Tomdroid
D/nofatclips(  784): Found widget: id=16908867 (android.widget.TextView@40fe6330): 
D/nofatclips(  784): Found widget: id=-1 (com.android.internal.widget.ActionBarView$HomeView@4101fd88)
D/nofatclips(  784): Found widget: id=16908859 (android.widget.ImageView@40ff3cc0)
D/nofatclips(  784): Found widget: id=16908332 (android.widget.ImageView@4104d8d8)
D/nofatclips(  784): Found widget: id=-1 (com.android.internal.view.menu.ActionMenuView@4101bb28)
D/nofatclips(  784): Found widget: id=2131099697 (com.android.internal.view.menu.ActionMenuItemView@41004cf0): 
D/nofatclips(  784): Found widget: id=2131099698 (com.android.internal.view.menu.ActionMenuItemView@41037cf0): 
D/nofatclips(  784): Found widget: id=16909083 (com.android.internal.widget.ActionBarContextView@41036f78)
D/nofatclips(  784): Found widget: id=16908290 (android.widget.FrameLayout@410302f8)
D/nofatclips(  784): Found widget: id=-1 (android.widget.LinearLayout@41012570)
D/nofatclips(  784): Found widget: id=16908298 (android.widget.ListView@410013d0)
D/nofatclips(  784): Found widget: id=-1 (android.widget.RelativeLayout@410a2188)
D/nofatclips(  784): Found widget: id=2131099661 (android.widget.ImageView@410ac800)
D/nofatclips(  784): Found widget: id=2131099662 (android.widget.TextView@410ed6d8): Tomdroid's First Note
D/nofatclips(  784): Found widget: id=2131099663 (android.widget.TextView@41134db0): Modified: 10/9/2010, 3:50 PM
D/nofatclips(  784): Found widget: id=2131099664 (android.view.View@410a12e8)
D/nofatclips(  784): Found widget: id=2131099658 (android.widget.TextView@41018a80): Please wait while the notes load
D/nofatclips(  784): Found widget: id=16909084 (com.android.internal.widget.ActionBarContainer@4100d9d0)
D/nofatclips(  784): Found widget: id=-1 (com.android.internal.policy.impl.PhoneWindow$DecorView@4104e908)
I/Choreographer(  149): Skipped 115 frames!  The application may be doing too much work on its main thread.
I/Choreographer(  261): Skipped 45 frames!  The application may be doing too much work on its main thread.
V/nicola  (  784): TextualID : null
V/nicola  (  784): ContentType detected : default
V/nicola  (  784): TextualID : menuNew
V/nicola  (  784): ContentType detected : default
V/nicola  (  784): TextualID : menuSync
V/nicola  (  784): ContentType detected : default
E/ReflectionHelper(  784): java.lang.NoSuchFieldException: mOnFocusChangeListener
V/ReflectionHelper(  784): android.widget.ListView > mOnFocusChangeListener NOT FOUND
V/nicola  (  784): TextualID : note_title
V/nicola  (  784): ContentType detected : default
V/nicola  (  784): TextualID : note_date
V/nicola  (  784): ContentType detected : default
I/nofatclips(  784): Performing comparation for activity Tomdroid
D/nofatclips(  784): Comparing against activity ViewNote
D/nofatclips(  784): Comparing against activity ViewNote
D/nofatclips(  784): Comparing against activity ViewNote
D/nofatclips(  784): Comparing against activity Tomdroid
D/nofatclips(  784): Comparing against activity ViewNote
D/nofatclips(  784): Comparing against activity ViewNote
D/nofatclips(  784): Comparing against activity ViewNote
D/nofatclips(  784): Comparing against activity ViewNote
D/nofatclips(  784): Comparing against activity Tomdroid
D/nofatclips(  784): Comparing against activity Tomdroid
D/nofatclips(  784): Comparing against activity Tomdroid
D/nofatclips(  784): Comparing against activity ViewNote
D/nofatclips(  784): Comparing against activity ViewNote
D/nofatclips(  784): Comparing against activity Tomdroid
D/nofatclips(  784): Comparing against activity ViewNote
D/nofatclips(  784): Comparing against activity Tomdroid
D/nofatclips(  784): Comparing against activity ViewNote
D/nofatclips(  784): Comparing against activity ViewNote
D/nofatclips(  784): Comparing against activity ViewNote
I/nofatclips(  784): Registering activity Tomdroid (id: a20) as a new found state
D/nofatclips(  784): Performing backup of the old activity list on disk
I/Choreographer(  784): Skipped 174 frames!  The application may be doing too much work on its main thread.
I/Choreographer(  261): Skipped 66 frames!  The application may be doing too much work on its main thread.
D/nofatclips(  784): Saving new found state 'a20' on disk
V/nofatclips(  784): Opening state file in append mode.
I/Choreographer(  784): Skipped 68 frames!  The application may be doing too much work on its main thread.
D/dalvikvm(  784): GC_FOR_ALLOC freed 581K, 30% free 7632K/10823K, paused 157ms, total 160ms
I/dalvikvm-heap(  784): Grow heap (frag case) to 8.084MB for 614416-byte allocation
D/dalvikvm(  784): GC_FOR_ALLOC freed <1K, 24% free 8232K/10823K, paused 124ms, total 124ms
I/nofatclips(  784): Saved image on disk: a20.jpg
I/nofatclips(  784): Waiting for 100 msec.
D/dalvikvm(  784): GC_CONCURRENT freed 626K, 25% free 8222K/10823K, paused 37ms+16ms, total 341ms
I/nofatclips(  784): Session count is 1. Will dump to disk at 1
I/nofatclips(  784): Saving the session on disk.
I/nofatclips(  784): Planning for new Activity Tomdroid
D/nofatclips(  784): Handling event selectListItem for items [1,1] on listView #16908298 count=1
D/nofatclips(  784): Handling event longClickListItem for items [1,1] on listView #16908298 count=1
I/nofatclips(  784): Created trace to press the back button
I/nofatclips(  784): Created trace to press the menu button
D/dalvikvm(  784): GC_CONCURRENT freed 1305K, 30% free 7666K/10823K, paused 19ms+14ms, total 361ms
D/dalvikvm(  784): WAIT_FOR_CONCURRENT_GC blocked 29ms
D/dalvikvm(  784): WAIT_FOR_CONCURRENT_GC blocked 65ms
I/nofatclips(  784): Created trace to change orientation
D/dalvikvm(  784): GC_CONCURRENT freed 508K, 29% free 7721K/10823K, paused 17ms+11ms, total 189ms
D/dalvikvm(  784): WAIT_FOR_CONCURRENT_GC blocked 58ms
D/dalvikvm(  784): WAIT_FOR_CONCURRENT_GC blocked 72ms
I/nofatclips(  784): Check for termination: 6 steps left of 25
I/nofatclips(  784): Dispatching new task. 10 more tasks remaining.
D/nofatclips(  784): Performing backup of the old task list on disk
D/nofatclips(  784): Saving task list on disk
V/nofatclips(  784): Backing up trace #75 to disk.
V/nofatclips(  784): Backing up trace #76 to disk.
D/dalvikvm(  784): GC_CONCURRENT freed 462K, 28% free 7830K/10823K, paused 53ms+23ms, total 586ms
D/dalvikvm(  784): WAIT_FOR_CONCURRENT_GC blocked 246ms
V/nofatclips(  784): Backing up trace #77 to disk.
D/dalvikvm(  784): GC_CONCURRENT freed 423K, 27% free 7984K/10823K, paused 26ms+16ms, total 200ms
D/dalvikvm(  784): WAIT_FOR_CONCURRENT_GC blocked 169ms
V/nofatclips(  784): Backing up trace #79 to disk.
V/nofatclips(  784): Backing up trace #80 to disk.
D/dalvikvm(  784): GC_CONCURRENT freed 772K, 28% free 7866K/10823K, paused 24ms+20ms, total 306ms
D/dalvikvm(  784): WAIT_FOR_CONCURRENT_GC blocked 138ms
V/nofatclips(  784): Backing up trace #81 to disk.
D/dalvikvm(  784): GC_CONCURRENT freed 483K, 27% free 7938K/10823K, paused 23ms+20ms, total 207ms
D/dalvikvm(  784): WAIT_FOR_CONCURRENT_GC blocked 127ms
V/nofatclips(  784): Backing up trace #83 to disk.
V/nofatclips(  784): Backing up trace #84 to disk.
D/dalvikvm(  784): GC_CONCURRENT freed 526K, 26% free 8061K/10823K, paused 20ms+13ms, total 177ms
D/dalvikvm(  784): WAIT_FOR_CONCURRENT_GC blocked 121ms
V/nofatclips(  784): Backing up trace #85 to disk.
D/dalvikvm(  784): GC_CONCURRENT freed 740K, 27% free 7964K/10823K, paused 22ms+11ms, total 208ms
D/dalvikvm(  784): WAIT_FOR_CONCURRENT_GC blocked 96ms
V/nofatclips(  784): Backing up trace #86 to disk.
D/nofatclips(  784): Deleting backup of the old task list from disk
D/nofatclips(  784): Deleting backup of the old activity list from disk
D/dalvikvm(  784): GC_CONCURRENT freed 644K, 27% free 7983K/10823K, paused 19ms+12ms, total 244ms
D/dalvikvm(  784): WAIT_FOR_CONCURRENT_GC blocked 34ms
D/dalvikvm(  784): WAIT_FOR_CONCURRENT_GC blocked 86ms
I/nofatclips(  784): Incrementally Playing Trace 86
I/nofatclips(  784): Retrieved from return list id=16908298
D/nofatclips(  784): Testing for type (android.widget.ListView) against the original (android.widget.ListView)
D/nofatclips(  784): Testing for name () against the original ()
I/nofatclips(  784): Firing event: type= longClickListItem index=17 widget=android.widget.ListView
I/nofatclips(  784): Swapping to listview item 1
D/InputEventConsistencyVerifier(  784): KeyEvent: ACTION_UP but key was not down.
D/InputEventConsistencyVerifier(  784):   in com.android.internal.widget.ActionBarContainer@4101d9e0
D/InputEventConsistencyVerifier(  784):   0: sent at 626994000000, KeyEvent { action=ACTION_UP, keyCode=KEYCODE_DPAD_UP, scanCode=0, metaState=0, flags=0x8, repeatCount=0, eventTime=626994, downTime=626994, deviceId=-1, source=0x101 }
D/InputEventConsistencyVerifier(  784):   -- recent events --
D/InputEventConsistencyVerifier(  784):   1: sent at 576092000000, (unhandled) KeyEvent { action=ACTION_DOWN, keyCode=KEYCODE_DPAD_DOWN, scanCode=0, metaState=0, flags=0x8, repeatCount=0, eventTime=576092, downTime=576092, deviceId=-1, source=0x101 }
D/InputEventConsistencyVerifier(  784):   2: sent at 575422000000, (unhandled) KeyEvent { action=ACTION_UP, keyCode=KEYCODE_DPAD_UP, scanCode=0, metaState=0, flags=0x80000008, repeatCount=0, eventTime=575422, downTime=575422, deviceId=-1, source=0x101 }
D/InputEventConsistencyVerifier(  784):   3: sent at 480429000000, (unhandled) KeyEvent { action=ACTION_DOWN, keyCode=KEYCODE_DPAD_DOWN, scanCode=0, metaState=0, flags=0x8, repeatCount=0, eventTime=480429, downTime=480429, deviceId=-1, source=0x101 }
D/InputEventConsistencyVerifier(  784):   4: sent at 479757000000, (unhandled) KeyEvent { action=ACTION_UP, keyCode=KEYCODE_DPAD_UP, scanCode=0, metaState=0, flags=0x80000008, repeatCount=0, eventTime=479757, downTime=479757, deviceId=-1, source=0x101 }
D/InputEventConsistencyVerifier(  784):   5: sent at 424032000000, (unhandled) KeyEvent { action=ACTION_DOWN, keyCode=KEYCODE_DPAD_DOWN, scanCode=0, metaState=0, flags=0x8, repeatCount=0, eventTime=424032, downTime=424032, deviceId=-1, source=0x101 }
D/InputEventConsistencyVerifier(  784): KeyEvent: ACTION_UP but key was not down.
D/InputEventConsistencyVerifier(  784):   in android.widget.FrameLayout@410302f8
D/InputEventConsistencyVerifier(  784):   0: sent at 627739000000, KeyEvent { action=ACTION_UP, keyCode=KEYCODE_DPAD_DOWN, scanCode=0, metaState=0, flags=0x8, repeatCount=0, eventTime=627739, downTime=627739, deviceId=-1, source=0x101 }
D/InputEventConsistencyVerifier(  784):   -- recent events --
D/InputEventConsistencyVerifier(  784):   1: sent at 626916000000, (unhandled) KeyEvent { action=ACTION_DOWN, keyCode=KEYCODE_DPAD_UP, scanCode=0, metaState=0, flags=0x8, repeatCount=0, eventTime=626916, downTime=626916, deviceId=-1, source=0x101 }
D/InputEventConsistencyVerifier(  784):   2: sent at 626286000000, (unhandled) KeyEvent { action=ACTION_UP, keyCode=KEYCODE_DPAD_DOWN, scanCode=0, metaState=0, flags=0x8, repeatCount=0, eventTime=626286, downTime=626286, deviceId=-1, source=0x101 }
D/InputEventConsistencyVerifier(  784):   3: sent at 626243000000, (unhandled) KeyEvent { action=ACTION_DOWN, keyCode=KEYCODE_DPAD_DOWN, scanCode=0, metaState=0, flags=0x8, repeatCount=0, eventTime=626243, downTime=626243, deviceId=-1, source=0x101 }
D/InputEventConsistencyVerifier(  784):   4: sent at 625084000000, (unhandled) KeyEvent { action=ACTION_UP, keyCode=KEYCODE_DPAD_UP, scanCode=0, metaState=0, flags=0x8, repeatCount=0, eventTime=625084, downTime=625084, deviceId=-1, source=0x101 }
D/InputEventConsistencyVerifier(  784):   5: sent at 624988000000, KeyEvent { action=ACTION_DOWN, keyCode=KEYCODE_DPAD_UP, scanCode=0, metaState=0, flags=0x8, repeatCount=0, eventTime=624988, downTime=624988, deviceId=-1, source=0x101 }
D/nofatclips(  784): Event description: Tomdroid's First Note
I/Choreographer(  784): Skipped 31 frames!  The application may be doing too much work on its main thread.
I/Choreographer(  784): Skipped 32 frames!  The application may be doing too much work on its main thread.
I/Choreographer(  784): Skipped 32 frames!  The application may be doing too much work on its main thread.
I/Choreographer(  784): Skipped 32 frames!  The application may be doing too much work on its main thread.
V/PhoneStatusBar(  261): setLightsOn(true)
I/Choreographer(  784): Skipped 244 frames!  The application may be doing too much work on its main thread.
I/Choreographer(  784): Skipped 258 frames!  The application may be doing too much work on its main thread.
I/Choreographer(  149): Skipped 33 frames!  The application may be doing too much work on its main thread.
I/nofatclips(  784): Waiting for 100 msec.
I/nofatclips(  784): Current activity is ui.Tomdroid
I/nofatclips(  784): Retrieving widgets
D/nofatclips(  784): Found widget: id=-1 (android.widget.FrameLayout@4109bb58)
D/nofatclips(  784): Found widget: id=16908290 (android.widget.FrameLayout@41133e00)
D/nofatclips(  784): Found widget: id=16908874 (android.widget.LinearLayout@410934a0)
D/nofatclips(  784): Found widget: id=16908875 (android.widget.LinearLayout@41254cd8)
D/nofatclips(  784): Found widget: id=16908885 (android.view.View@4116d0f8)
D/nofatclips(  784): Found widget: id=16908876 (android.widget.LinearLayout@41089a68)
D/nofatclips(  784): Found widget: id=16908294 (android.widget.ImageView@410a31b8)
D/nofatclips(  784): Found widget: id=16908877 (com.android.internal.widget.DialogTitle@414514a0): Note Options
D/nofatclips(  784): Found widget: id=16908878 (android.view.View@411b20b0)
D/nofatclips(  784): Found widget: id=16908882 (android.widget.LinearLayout@41144ed0)
D/nofatclips(  784): Found widget: id=16909101 (com.android.internal.app.AlertController$RecycleListView@41195818)
D/nofatclips(  784): Found widget: id=-1 (com.android.internal.view.menu.ListMenuItemView@4113cbc0)
D/nofatclips(  784): Found widget: id=-1 (android.widget.RelativeLayout@41123260)
D/nofatclips(  784): Found widget: id=16908310 (android.widget.TextView@410d8208): View
D/nofatclips(  784): Found widget: id=16909010 (android.widget.TextView@410f8f00): 
D/nofatclips(  784): Found widget: id=-1 (com.android.internal.view.menu.ListMenuItemView@411a1e58)
D/nofatclips(  784): Found widget: id=-1 (android.widget.RelativeLayout@41145800)
D/nofatclips(  784): Found widget: id=16908310 (android.widget.TextView@4118ec18): Edit
D/nofatclips(  784): Found widget: id=16909010 (android.widget.TextView@411c5ad8): 
D/nofatclips(  784): Found widget: id=-1 (com.android.internal.view.menu.ListMenuItemView@411c6b90)
D/nofatclips(  784): Found widget: id=-1 (android.widget.RelativeLayout@41177fe8)
D/nofatclips(  784): Found widget: id=16908310 (android.widget.TextView@4113b950): Delete
D/nofatclips(  784): Found widget: id=16909010 (android.widget.TextView@410b1af8): 
D/nofatclips(  784): Found widget: id=-1 (com.android.internal.view.menu.ListMenuItemView@41140000)
D/nofatclips(  784): Found widget: id=-1 (android.widget.RelativeLayout@411971e0)
D/nofatclips(  784): Found widget: id=16908310 (android.widget.TextView@410cb638): Send
D/nofatclips(  784): Found widget: id=16909010 (android.widget.TextView@410cca28): 
D/nofatclips(  784): Found widget: id=-1 (com.android.internal.view.menu.ListMenuItemView@411569c8)
D/nofatclips(  784): Found widget: id=-1 (android.widget.RelativeLayout@411f5fb8)
D/nofatclips(  784): Found widget: id=16908310 (android.widget.TextView@410cfe80): Create shortcut
D/nofatclips(  784): Found widget: id=16909010 (android.widget.TextView@410d3770): 
D/nofatclips(  784): Found widget: id=16908884 (android.widget.FrameLayout@4118e368)
D/nofatclips(  784): Found widget: id=16908331 (android.widget.FrameLayout@411e0648)
D/nofatclips(  784): Found widget: id=16908879 (android.widget.LinearLayout@4116b150)
D/nofatclips(  784): Found widget: id=-1 (android.widget.LinearLayout@411762c0)
D/nofatclips(  784): Found widget: id=16908314 (android.widget.Button@4144f970): 
D/nofatclips(  784): Found widget: id=16908315 (android.widget.Button@41454330): 
D/nofatclips(  784): Found widget: id=16908313 (android.widget.Button@410ffbf8): 
D/nofatclips(  784): Found widget: id=16909076 (android.view.ViewStub@4116a0b0)
D/nofatclips(  784): Found widget: id=-1 (com.android.internal.policy.impl.PhoneWindow$DecorView@4110ab38)
V/nicola  (  784): TextualID : null
V/nicola  (  784): ContentType detected : default
E/ReflectionHelper(  784): java.lang.NoSuchFieldException: mOnFocusChangeListener
V/ReflectionHelper(  784): com.android.internal.app.AlertController.RecycleListView > mOnFocusChangeListener NOT FOUND
V/nicola  (  784): TextualID : null
V/nicola  (  784): ContentType detected : default
V/nicola  (  784): TextualID : null
V/nicola  (  784): ContentType detected : default
V/nicola  (  784): TextualID : null
V/nicola  (  784): ContentType detected : default
V/nicola  (  784): TextualID : null
V/nicola  (  784): ContentType detected : default
V/nicola  (  784): TextualID : null
V/nicola  (  784): ContentType detected : default
I/nofatclips(  784): Performing comparation for activity Tomdroid
D/nofatclips(  784): Comparing against activity ViewNote
D/nofatclips(  784): Comparing against activity ViewNote
D/nofatclips(  784): Comparing against activity ViewNote
D/nofatclips(  784): Comparing against activity Tomdroid
D/nofatclips(  784): Comparing against activity Tomdroid
D/nofatclips(  784): Comparing against activity ViewNote
D/nofatclips(  784): Comparing against activity ViewNote
D/nofatclips(  784): Comparing against activity ViewNote
D/nofatclips(  784): Comparing against activity ViewNote
D/nofatclips(  784): Comparing against activity Tomdroid
D/nofatclips(  784): Comparing against activity Tomdroid
D/nofatclips(  784): Comparing against activity Tomdroid
D/nofatclips(  784): Comparing against activity ViewNote
D/nofatclips(  784): Comparing against activity ViewNote
D/nofatclips(  784): Comparing against activity Tomdroid
D/nofatclips(  784): Comparing against activity ViewNote
D/nofatclips(  784): Comparing against activity Tomdroid
D/nofatclips(  784): Comparing against activity ViewNote
D/nofatclips(  784): Comparing against activity ViewNote
D/nofatclips(  784): Comparing against activity ViewNote
I/nofatclips(  784): Registering activity Tomdroid (id: a21) as a new found state
D/nofatclips(  784): Performing backup of the old activity list on disk
D/nofatclips(  784): Saving new found state 'a21' on disk
V/nofatclips(  784): Opening state file in append mode.
I/Choreographer(  784): Skipped 41 frames!  The application may be doing too much work on its main thread.
D/dalvikvm(  784): GC_CONCURRENT freed 829K, 29% free 7775K/10823K, paused 23ms+12ms, total 326ms
D/dalvikvm(  784): WAIT_FOR_CONCURRENT_GC blocked 147ms
I/Choreographer(  784): Skipped 119 frames!  The application may be doing too much work on its main thread.
D/dalvikvm(  784): GC_FOR_ALLOC freed 26K, 25% free 8157K/10823K, paused 114ms, total 114ms
D/dalvikvm(  784): GC_FOR_ALLOC freed <1K, 21% free 8565K/10823K, paused 130ms, total 130ms
I/nofatclips(  784): Saved image on disk: a21.jpg
I/nofatclips(  784): Waiting for 100 msec.
I/nofatclips(  784): Session count is 1. Will dump to disk at 1
I/nofatclips(  784): Saving the session on disk.
D/dalvikvm(  784): GC_CONCURRENT freed 1404K, 27% free 7986K/10823K, paused 20ms+9ms, total 142ms
D/dalvikvm(  784): WAIT_FOR_CONCURRENT_GC blocked 78ms
I/nofatclips(  784): Planning for new Activity Tomdroid
D/nofatclips(  784): Handling event selectListItem for items [1,5] on listView #16909101 count=5
