D/nofatclips(  248): Updated value of parameter SLEEP_AFTER_TASK to 100 (default = 1000)
V/nofatclips(  248): Updating value SLEEP_ON_THROBBER
D/nofatclips(  248): Updated value of parameter SLEEP_ON_THROBBER to 100 (default = 1000)
D/nofatclips(  248): Updating node screenshot
D/nofatclips(  248): Loading node screenshot
V/nofatclips(  248): Updating value FORCE_RESTART
V/nofatclips(  248): Updating value IN_AND_OUT_FOCUS
V/nofatclips(  248): Updating value PRECRAWLING
V/nofatclips(  248): Updating value SCREENSHOT_FOR_EVENTS
V/nofatclips(  248): Updating value SCREENSHOT_FOR_STATES
V/nofatclips(  248): Updating value SCREENSHOT_ONLY_NEW_STATES
V/nofatclips(  248): Updating value SLEEP_AFTER_EVENT
V/nofatclips(  248): Updating value SLEEP_AFTER_RESTART
V/nofatclips(  248): Updating value SLEEP_AFTER_TASK
V/nofatclips(  248): Updating value SLEEP_ON_THROBBER
I/nofatclips(  248): Waiting for 100 msec.
D/nofatclips(  248): Ready to operate after restarting...
I/nofatclips(  248): Current activity is Dashboard
W/nofatclips(  248): --->Dashboard
I/nofatclips(  248): Retrieving widgets
D/nofatclips(  248): No session to resume: task list not found. Will start from scratch.
I/nofatclips(  248): Starting a new session
D/nofatclips(  248): Performing backup of the old activity list on disk
D/nofatclips(  248): Saving new found state 'exit' on disk
V/nofatclips(  248): Opening state file in overwrite mode.
I/InputReader(   61): Device reconfigured: id=0x0, name=qwerty2, display size is now 320x480
I/InputManager-Callbacks(   61): No virtual keys found for device qwerty2.
I/ActivityManager(   61): Start proc com.android.email for broadcast com.android.email/.service.EmailBroadcastReceiver: pid=298 uid=10028 gids={3003, 1015}
D/dalvikvm(  248): GC_CONCURRENT freed 188K, 48% free 3034K/5831K, external 1812K/2324K, paused 3ms+44ms
I/nofatclips(  248): Planning for new Activity Dashboard
I/ARMAssembler(   61): generated scanline__00000077:03515104_00001004_00000000 [ 65 ipp] (85 ins) at [0x46dfd520:0x46dfd674] in 581180 ns
I/nofatclips(  248): Created trace to press the menu button
I/nofatclips(  248): Created trace to change orientation
I/ARMAssembler(   61): generated scanline__00000177:03515104_00001001_00000000 [ 91 ipp] (114 ins) at [0x46dfd678:0x46dfd840] in 384461 ns
I/nofatclips(  248): Dispatching new task. 2 more tasks remaining.
D/nofatclips(  248): Saving task list on disk
V/nofatclips(  248): Backing up trace #0 to disk.
V/nofatclips(  248): Backing up trace #1 to disk.
D/nofatclips(  248): Deleting backup of the old activity list from disk
I/ARMAssembler(   61): generated scanline__00000177:03515104_00001002_00000000 [ 87 ipp] (110 ins) at [0x46dfd848:0x46dfda00] in 296791 ns
I/nofatclips(  248): Restarting
I/ActivityThread(  298): Pub com.android.email.provider: com.android.email.provider.EmailProvider
I/ActivityThread(  298): Pub com.android.email.attachmentprovider: com.android.email.provider.AttachmentProvider
I/ActivityThread(  298): Pub com.android.exchange.provider: com.android.exchange.provider.ExchangeProvider
D/EAS SyncManager(  298): !!! EAS SyncManager, onCreate
I/SearchManagerService(   61): Building list of searchable activities
I//system/bin/fsck_msdos(   29): ** /dev/block/vold/179:0
I//system/bin/fsck_msdos(   29): ** Phase 1 - Read and Compare FATs
I//system/bin/fsck_msdos(   29): Attempting to allocate 998 KB for FAT
I/nofatclips(  248): Waiting for 100 msec.
D/MediaScannerService(  256): start scanning volume internal
I/Launcher(  131): setLoadOnResume
D/nofatclips(  248): Ready to operate after restarting...
I/nofatclips(  248): Retrieving widgets
D/nofatclips(  248): Found widget: id=16908290 (android.widget.FrameLayout@405a0958)
D/nofatclips(  248): Found widget: id=2131165248 (android.widget.RelativeLayout@405a1658)
D/nofatclips(  248): Found widget: id=2131165249 (android.widget.LinearLayout@405a1cc0)
D/nofatclips(  248): Found widget: id=-1 (android.widget.ImageView@405a2208)
D/nofatclips(  248): Found widget: id=2131165250 (org.wordpress.android.util.WPTitleBar@4059bbe0)
D/nofatclips(  248): Found widget: id=2131165195 (android.widget.RelativeLayout@4050e260)
D/nofatclips(  248): Found widget: id=2131165196 (android.widget.RelativeLayout@40568510)
D/nofatclips(  248): Found widget: id=2131165197 (android.widget.ImageView@4059ce78)
D/nofatclips(  248): Found widget: id=2131165198 (android.widget.TextView@40541880): Katie's Sweet Testing Blog
D/nofatclips(  248): Found widget: id=2131165199 (android.widget.ImageView@4055d110)
D/nofatclips(  248): Found widget: id=-1 (android.widget.RelativeLayout@40579478)
D/nofatclips(  248): Found widget: id=2131165200 (android.widget.ImageButton@4059d3a0)
D/nofatclips(  248): Found widget: id=-1 (android.widget.FrameLayout@4057a928)
D/nofatclips(  248): Found widget: id=2131165201 (android.widget.Button@40542248): 
D/nofatclips(  248): Found widget: id=2131165202 (android.widget.ImageView@405937d8)
D/nofatclips(  248): Found widget: id=2131165203 (android.widget.ImageView@4053ca40)
D/nofatclips(  248): Found widget: id=2131165204 (android.widget.LinearLayout@40569118)
D/nofatclips(  248): Found widget: id=-1 (android.widget.FrameLayout@4059cc10)
D/nofatclips(  248): Found widget: id=-1 (android.widget.LinearLayout@4052fbe8)
D/nofatclips(  248): Found widget: id=-1 (android.widget.LinearLayout@4050e070)
D/nofatclips(  248): Found widget: id=-1 (android.widget.LinearLayout@4052f208)
D/nofatclips(  248): Found widget: id=2131165251 (android.widget.LinearLayout@4052f8c0)
D/nofatclips(  248): Found widget: id=-1 (android.widget.ImageView@40590280)
D/nofatclips(  248): Found widget: id=2131165256 (android.widget.TextView@4056ae10): New Post
D/nofatclips(  248): Found widget: id=2131165253 (android.widget.LinearLayout@4059be18)
D/nofatclips(  248): Found widget: id=-1 (android.widget.ImageView@40530c28)
D/nofatclips(  248): Found widget: id=2131165256 (android.widget.TextView@4056b748): New Page
D/nofatclips(  248): Found widget: id=-1 (android.widget.LinearLayout@40532ee0)
D/nofatclips(  248): Found widget: id=2131165252 (android.widget.LinearLayout@405308d0)
D/nofatclips(  248): Found widget: id=-1 (android.widget.ImageView@40538dd8)
D/nofatclips(  248): Found widget: id=2131165256 (android.widget.TextView@40577940): Quick Photo
D/nofatclips(  248): Found widget: id=2131165254 (android.widget.LinearLayout@40547450)
D/nofatclips(  248): Found widget: id=-1 (android.widget.ImageView@405317c8)
D/nofatclips(  248): Found widget: id=2131165256 (android.widget.TextView@405781b0): Quick Video
D/nofatclips(  248): Found widget: id=-1 (android.widget.LinearLayout@4052e678)
D/nofatclips(  248): Found widget: id=-1 (android.widget.LinearLayout@40533e98)
D/nofatclips(  248): Found widget: id=2131165255 (android.widget.LinearLayout@40535160)
D/nofatclips(  248): Found widget: id=-1 (android.widget.ImageView@40542808)
D/nofatclips(  248): Found widget: id=2131165256 (android.widget.TextView@40578838): Posts
D/nofatclips(  248): Found widget: id=2131165257 (android.widget.LinearLayout@40545bc8)
D/nofatclips(  248): Found widget: id=-1 (android.widget.ImageView@40568840)
D/nofatclips(  248): Found widget: id=2131165256 (android.widget.TextView@40537490): Pages
D/nofatclips(  248): Found widget: id=-1 (android.widget.FrameLayout@405344a0)
D/nofatclips(  248): Found widget: id=2131165258 (android.widget.LinearLayout@40540188)
D/nofatclips(  248): Found widget: id=-1 (android.widget.ImageView@40536ba0)
D/nofatclips(  248): Found widget: id=2131165256 (android.widget.TextView@40539440): Comments
D/nofatclips(  248): Found widget: id=2131165259 (android.widget.FrameLayout@40544678)
D/nofatclips(  248): Found widget: id=2131165260 (android.widget.ImageView@40546198)
D/nofatclips(  248): Found widget: id=2131165261 (org.wordpress.android.util.CommentBadgeTextView@4053a458): 0
D/nofatclips(  248): Found widget: id=-1 (android.widget.LinearLayout@40539218)
D/nofatclips(  248): Found widget: id=2131165262 (android.widget.LinearLayout@40540830)
D/nofatclips(  248): Found widget: id=-1 (android.widget.ImageView@40541138)
D/nofatclips(  248): Found widget: id=2131165256 (android.widget.TextView@40540a78): Settings
D/nofatclips(  248): Found widget: id=2131165263 (android.widget.LinearLayout@405440d0)
D/nofatclips(  248): Found widget: id=-1 (android.widget.ImageView@40560028)
D/nofatclips(  248): Found widget: id=2131165256 (android.widget.TextView@40542db8): Read
D/nofatclips(  248): Found widget: id=2131165264 (android.widget.LinearLayout@40561710)
D/nofatclips(  248): Found widget: id=-1 (android.widget.ImageView@40563fc8)
D/nofatclips(  248): Found widget: id=2131165256 (android.widget.TextView@4054fb10): Stats
D/nofatclips(  248): Found widget: id=-1 (com.android.internal.policy.impl.PhoneWindow$DecorView@405a0058)
I/nofatclips(  248): Playing Trace 1
I/nofatclips(  248): Retrieved from return list id=16908290
D/nofatclips(  248): Testing for type (android.widget.FrameLayout) against the original (null)
I/nofatclips(  248): Firing event: type= openMenu name= widget=null
D/dalvikvm(  248): GC_CONCURRENT freed 628K, 52% free 3135K/6407K, external 1812K/2324K, paused 3ms+3ms
D/dalvikvm(  279): GC_CONCURRENT freed 492K, 54% free 2727K/5831K, external 716K/1038K, paused 3ms+27ms
D/dalvikvm(  298): GC_CONCURRENT freed 494K, 53% free 2741K/5831K, external 716K/1038K, paused 2ms+26ms
D/Eas Debug(  298): Logging: 
D/EAS SyncManager(  298): !!! EAS SyncManager, onDestroy
D/Email   (  298): BOOT_COMPLETED
D/EAS SyncManager(  298): !!! EAS SyncManager, onCreate
D/EAS SyncManager(  298): !!! EAS SyncManager, onStartCommand
D/EAS SyncManager(  298): !!! EAS SyncManager, stopping self
D/EAS SyncManager(  298): !!! EAS SyncManager, onDestroy
I//system/bin/fsck_msdos(   29): Attempting to allocate 998 KB for FAT
I/Launcher(  131): setLoadOnResume
W/KeyCharacterMap(  248): No keyboard for id 0
W/KeyCharacterMap(  248): Using default keymap: /system/usr/keychars/qwerty.kcm.bin
I/Launcher(  131): setLoadOnResume
I//system/bin/fsck_msdos(   29): ** Phase 2 - Check Cluster Chains
I//system/bin/fsck_msdos(   29): ** Phase 3 - Checking Directories
I//system/bin/fsck_msdos(   29): ** Phase 4 - Checking for Lost Files
I//system/bin/fsck_msdos(   29): Next free cluster in FSInfo block (5) not free
I//system/bin/fsck_msdos(   29): FIXED
I//system/bin/fsck_msdos(   29): 3 files, 509980 free (254990 clusters)
I/Vold    (   29): Filesystem check completed OK
I/Vold    (   29): Device /dev/block/vold/179:0, target /mnt/sdcard mounted @ /mnt/secure/staging
D/Vold    (   29): Volume sdcard state changing 3 (Checking) -> 4 (Mounted)
I/PackageManager(   61): Updating external media status from unmounted to mounted
I/StorageNotification(  123): Media {/mnt/sdcard} state changed from {checking} -> {mounted}
D/VoldCmdListener(   29): asec list
I/PackageManager(   61): No secure containers on sdcard
W/PackageManager(   61): Unknown permission com.google.android.googleapps.permission.GOOGLE_AUTH.mail in package com.android.contacts
W/PackageManager(   61): Unknown permission android.permission.ADD_SYSTEM_SERVICE in package com.android.phone
W/PackageManager(   61): Not granting permission android.permission.SEND_DOWNLOAD_COMPLETED_INTENTS to package com.android.browser (protectionLevel=2 flags=0x9be45)
W/PackageManager(   61): Unknown permission com.google.android.gm.permission.WRITE_GMAIL in package com.android.settings
W/PackageManager(   61): Unknown permission com.google.android.gm.permission.READ_GMAIL in package com.android.settings
W/PackageManager(   61): Unknown permission com.google.android.googleapps.permission.GOOGLE_AUTH in package com.android.settings
W/PackageManager(   61): Unknown permission com.google.android.googleapps.permission.GOOGLE_AUTH in package com.android.providers.contacts
W/PackageManager(   61): Unknown permission com.google.android.googleapps.permission.GOOGLE_AUTH.cp in package com.android.providers.contacts
W/PackageManager(   61): Unknown permission com.google.android.googleapps.permission.ACCESS_GOOGLE_PASSWORD in package com.android.development
W/PackageManager(   61): Unknown permission com.google.android.googleapps.permission.GOOGLE_AUTH in package com.android.development
W/PackageManager(   61): Unknown permission com.google.android.googleapps.permission.GOOGLE_AUTH.ALL_SERVICES in package com.android.development
W/PackageManager(   61): Unknown permission com.google.android.googleapps.permission.GOOGLE_AUTH.YouTubeUser in package com.android.development
W/PackageManager(   61): Unknown permission android.permission.READ_OWNER_DATA in package com.android.email
W/PackageManager(   61): Not granting permission android.permission.DEVICE_POWER to package com.android.deskclock (protectionLevel=2 flags=0x8be45)
W/ImageDownloader(  248): Error 404 while retrieving bitmap from http://gravatar.com/blavatar/44d338f29053dbb888da79dcf98df489?s=60&d=404
D/dalvikvm(  182): GC_CONCURRENT freed 230K, 51% free 2816K/5703K, external 716K/1038K, paused 2ms+38ms
D/dalvikvm(  131): GC_EXTERNAL_ALLOC freed 212K, 49% free 2992K/5831K, external 2617K/2620K, paused 44ms
D/MediaScanner(  256):  prescan time: 1068ms
D/dalvikvm(  256): GC_CONCURRENT freed 525K, 55% free 2648K/5831K, external 716K/1038K, paused 3ms+2ms
D/MediaScanner(  256):     scan time: 90ms
D/MediaScanner(  256): postscan time: 0ms
D/MediaScanner(  256):    total time: 1158ms
D/szipinf (  182): Initializing inflate state
D/MediaScannerService(  256): done scanning volume internal
I/nofatclips(  248): Waiting for 100 msec.
I/nofatclips(  248): Current activity is Dashboard
I/nofatclips(  248): Retrieving widgets
D/nofatclips(  248): Found widget: id=16908726 (com.android.internal.view.menu.IconMenuView@40617590)
D/nofatclips(  248): Found widget: id=16908310 (com.android.internal.view.menu.IconMenuItemView@4061b1d8): Add Account
D/nofatclips(  248): Found widget: id=16908310 (com.android.internal.view.menu.IconMenuItemView@4061bfd8): Preferences
D/nofatclips(  248): Found widget: id=16908310 (com.android.internal.view.menu.IconMenuItemView@40618be0): Remove Blog
D/nofatclips(  248): Found widget: id=16908310 (com.android.internal.view.menu.IconMenuItemView@4063ba30): About
D/nofatclips(  248): Found widget: id=-1 (com.android.internal.policy.impl.PhoneWindow$DecorView@40615a88)
V/ReflectionHelper(  248): com.android.internal.view.menu.IconMenuView > mOnFocusChangeListener FOUND | NOT ACTIVE
V/nicola  (  248): TextualID : null
V/nicola  (  248): ContentType detected : default
V/nicola  (  248): TextualID : null
V/nicola  (  248): ContentType detected : default
V/nicola  (  248): TextualID : null
V/nicola  (  248): ContentType detected : default
V/nicola  (  248): TextualID : null
V/nicola  (  248): ContentType detected : default
I/nofatclips(  248): Performing comparation for activity Dashboard
D/nofatclips(  248): Comparing against activity Dashboard
I/nofatclips(  248): Registering activity Dashboard (id: a2) as a new found state
D/nofatclips(  248): Performing backup of the old activity list on disk
D/nofatclips(  248): Saving new found state 'a2' on disk
V/nofatclips(  248): Opening state file in append mode.
I/nofatclips(  248): Saved image on disk: a2.jpg
I/nofatclips(  248): Waiting for 100 msec.
D/dalvikvm(  122): GREF has increased to 201
I/nofatclips(  248): Session count is 1. Will dump to disk at 1
I/nofatclips(  248): Saving the session on disk. This is the first batch: the file will be created.
I/nofatclips(  248): Planning for new Activity Dashboard
D/nofatclips(  248): Handling event 'click' on widget id=16908310 type=menuItem name=Add Account
D/nofatclips(  248): Handling event 'click' on widget id=16908310 type=menuItem name=Preferences
D/nofatclips(  248): Handling event 'click' on widget id=16908310 type=menuItem name=Remove Blog
D/nofatclips(  248): Handling event 'click' on widget id=16908310 type=menuItem name=About
I/nofatclips(  248): Created trace to press the back button
I/nofatclips(  248): Created trace to press the menu button
I/nofatclips(  248): Created trace to change orientation
D/MediaScannerService(  256): start scanning volume external
V/MediaProvider(  256): /mnt/sdcard volume ID: 452135454
I/nofatclips(  248): Check for termination: 99 steps left of 100
I/nofatclips(  248): Dispatching new task. 2 more tasks remaining.
D/nofatclips(  248): Performing backup of the old task list on disk
D/nofatclips(  248): Saving task list on disk
V/nofatclips(  248): Backing up trace #6 to disk.
D/dalvikvm(  248): GC_CONCURRENT freed 703K, 50% free 3303K/6599K, external 2188K/2324K, paused 3ms+5ms
V/nofatclips(  248): Backing up trace #7 to disk.
D/nofatclips(  248): Deleting backup of the old task list from disk
D/nofatclips(  248): Deleting backup of the old activity list from disk
I/dalvikvm(  248): Jit: resizing JitTable from 512 to 1024
I/nofatclips(  248): Incrementally Playing Trace 7
I/nofatclips(  248): Retrieved from return list id=16908310
D/nofatclips(  248): Testing for type (com.android.internal.view.menu.IconMenuItemView) against the original (com.android.internal.view.menu.IconMenuItemView)
D/nofatclips(  248): Testing for name (Add Account) against the original (Add Account)
I/nofatclips(  248): Firing event: type= click index=1 widget=com.android.internal.view.menu.IconMenuItemView
D/szipinf (  131): Initializing inflate state
V/MediaProvider(  256): Attached volume: external
D/dalvikvm(  131): GC_EXPLICIT freed 131K, 50% free 2935K/5831K, external 2235K/2318K, paused 42ms
V/MediaScanner(  256): pruneDeadThumbnailFiles... android.database.sqlite.SQLiteCursor@405a4e58
V/MediaScanner(  256): /pruneDeadThumbnailFiles... android.database.sqlite.SQLiteCursor@405a4e58
D/MediaScanner(  256):  prescan time: 97ms
D/MediaScanner(  256):     scan time: 1ms
D/MediaScanner(  256): postscan time: 12ms
D/MediaScanner(  256):    total time: 110ms
D/MediaScannerService(  256): done scanning volume external
I/ContactsDatabaseHelper(  182): Locale change completed in 8545ms
W/KeyCharacterMap(  248): No keyboard for id 0
W/KeyCharacterMap(  248): Using default keymap: /system/usr/keychars/qwerty.kcm.bin
D/nofatclips(  248): Event description: Add Account
I/ActivityManager(   61): Starting: Intent { cmp=org.wordpress.android/.Preferences } from pid 248
I/nofatclips(  248): Waiting for 100 msec.
I/ActivityManager(   61): Displayed org.wordpress.android/.Preferences: +1s530ms
I/nofatclips(  248): Current activity is Preferences
I/nofatclips(  248): Retrieving widgets
D/nofatclips(  248): Found widget: id=-1 (android.widget.LinearLayout@40603ef0)
D/nofatclips(  248): Found widget: id=-1 (android.widget.FrameLayout@406040a8)
D/nofatclips(  248): Found widget: id=16908310 (android.widget.TextView@4057de90): Preferences
D/nofatclips(  248): Found widget: id=16908290 (android.widget.FrameLayout@405ce810)
D/nofatclips(  248): Found widget: id=-1 (android.widget.ScrollView@4065d2f8)
D/nofatclips(  248): Found widget: id=-1 (android.widget.LinearLayout@405d5200)
D/nofatclips(  248): Found widget: id=-1 (android.widget.LinearLayout@405ff268)
D/nofatclips(  248): Found widget: id=-1 (android.widget.TextView@405da328):   Comment Notifications
D/nofatclips(  248): Found widget: id=-1 (android.widget.LinearLayout@405d5350)
D/nofatclips(  248): Found widget: id=1 (android.widget.CheckBox@4065c998): Katie's Sweet Testing Blog
D/nofatclips(  248): Found widget: id=2 (android.widget.CheckBox@40609938): My Blog
D/nofatclips(  248): Found widget: id=-1 (android.widget.TextView@405cd720): Update interval:
D/nofatclips(  248): Found widget: id=-1 (android.widget.Spinner@40558bc8)
D/nofatclips(  248): Found widget: id=16908308 (android.widget.TextView@405d0090): 5 Minutes
D/nofatclips(  248): Found widget: id=-1 (android.widget.LinearLayout@4066c640)
D/nofatclips(  248): Found widget: id=-1 (android.widget.CheckBox@406086b0): Play notification sound
D/nofatclips(  248): Found widget: id=-1 (android.widget.CheckBox@40618170): Vibrate
D/nofatclips(  248): Found widget: id=-1 (android.widget.CheckBox@405b68c8): Blink notification light
D/nofatclips(  248): Found widget: id=-1 (android.widget.LinearLayout@4064e338)
D/nofatclips(  248): Found widget: id=-1 (android.widget.TextView@40652c90):   Post Signature
D/nofatclips(  248): Found widget: id=-1 (android.widget.CheckBox@4065b748): Add a tagline to new posts
D/nofatclips(  248): Found widget: id=-1 (android.widget.EditText@40619d58): Posted from WordPress for Android
D/nofatclips(  248): Found widget: id=-1 (android.widget.LinearLayout@40614488)
D/nofatclips(  248): Found widget: id=-1 (android.widget.Button@4063e2a0): Cancel
D/nofatclips(  248): Found widget: id=-1 (android.widget.Button@4066bc68): Save
D/nofatclips(  248): Found widget: id=-1 (com.android.internal.policy.impl.PhoneWindow$DecorView@405a7f58)
V/nicola  (  248): TextualID : null
V/nicola  (  248): ContentType detected : default
V/nicola  (  248): TextualID : null
V/nicola  (  248): ContentType detected : default
V/nicola  (  248): TextualID : null
V/nicola  (  248): ContentType detected : default
V/nicola  (  248): TextualID : null
V/nicola  (  248): ContentType detected : default
V/nicola  (  248): TextualID : null
V/nicola  (  248): ContentType detected : default
V/nicola  (  248): TextualID : null
V/nicola  (  248): ContentType detected : default
V/nicola  (  248): TextualID : null
V/nicola  (  248): ContentType detected : default
V/nicola  (  248): TextualID : null
V/nicola  (  248): ContentType detected : default
V/nicola  (  248): TextualID : null
V/nicola  (  248): ContentType detected : default
V/nicola  (  248): TextualID : null
V/nicola  (  248): ContentType detected : default
V/nicola  (  248): TextualID : null
V/nicola  (  248): ContentType detected : default
V/ReflectionHelper(  248): android.widget.EditText > mOnFocusChangeListener FOUND | NOT ACTIVE
V/nicola  (  248): TextualID : null
V/nicola  (  248): ContentType detected : default
V/nicola  (  248): TextualID : null
V/nicola  (  248): ContentType detected : default
V/nicola  (  248): TextualID : null
V/nicola  (  248): ContentType detected : default
I/nofatclips(  248): Performing comparation for activity Preferences
D/nofatclips(  248): Comparing against activity Dashboard
D/nofatclips(  248): Comparing against activity Dashboard
I/nofatclips(  248): Registering activity Preferences (id: a3) as a new found state
D/nofatclips(  248): Performing backup of the old activity list on disk
D/nofatclips(  248): Saving new found state 'a3' on disk
V/nofatclips(  248): Opening state file in append mode.
D/dalvikvm(  248): GC_EXTERNAL_ALLOC freed 726K, 50% free 3376K/6727K, external 2203K/2324K, paused 102ms
D/dalvikvm(  248): GC_EXTERNAL_ALLOC freed 63K, 51% free 3314K/6727K, external 3238K/3294K, paused 84ms
I/nofatclips(  248): Saved image on disk: a3.jpg
I/nofatclips(  248): Waiting for 100 msec.
I/nofatclips(  248): Session count is 1. Will dump to disk at 1
I/nofatclips(  248): Saving the session on disk.
I/nofatclips(  248): Planning for new Activity Preferences
D/nofatclips(  248): Handling event 'click' on widget id=1 type=check name=Katie's Sweet Testing Blog
D/nofatclips(  248): Handling event 'click' on widget id=2 type=check name=My Blog
D/nofatclips(  248): Handling event 'click' on widget id=-1 type=check name=Play notification sound
D/nofatclips(  248): Handling event 'click' on widget id=-1 type=check name=Vibrate
D/nofatclips(  248): Handling event 'click' on widget id=-1 type=check name=Blink notification light
D/nofatclips(  248): Handling event 'click' on widget id=-1 type=check name=Add a tagline to new posts
D/nofatclips(  248): Handling event 'click' on widget id=-1 type=button name=Cancel
D/nofatclips(  248): Handling event 'click' on widget id=-1 type=button name=Save
I/nofatclips(  248): Created trace to press the back button
I/nofatclips(  248): Created trace to press the menu button
I/nofatclips(  248): Created trace to change orientation
I/nofatclips(  248): Check for termination: 98 steps left of 100
I/nofatclips(  248): Dispatching new task. 2 more tasks remaining.
D/nofatclips(  248): Performing backup of the old task list on disk
D/nofatclips(  248): Saving task list on disk
V/nofatclips(  248): Backing up trace #17 to disk.
V/nofatclips(  248): Backing up trace #18 to disk.
D/nofatclips(  248): Deleting backup of the old task list from disk
D/nofatclips(  248): Deleting backup of the old activity list from disk
D/dalvikvm(  248): GC_CONCURRENT freed 950K, 52% free 3363K/6919K, external 3238K/4043K, paused 3ms+3ms
I/nofatclips(  248): Incrementally Playing Trace 18
I/nofatclips(  248): Retrieved from return list id=-1
D/nofatclips(  248): Testing for type (android.widget.Button) against the original (android.widget.Button)
D/nofatclips(  248): Testing for name (Cancel) against the original (Cancel)
I/nofatclips(  248): Firing event: type= click index=23 widget=android.widget.Button
W/KeyCharacterMap(  248): No keyboard for id 0
W/KeyCharacterMap(  248): Using default keymap: /system/usr/keychars/qwerty.kcm.bin
D/nofatclips(  248): Event description: Cancel
I/nofatclips(  248): Waiting for 100 msec.
I/nofatclips(  248): Current activity is Dashboard
I/nofatclips(  248): Retrieving widgets
D/nofatclips(  248): Found widget: id=16908290 (android.widget.FrameLayout@405a0958)
D/nofatclips(  248): Found widget: id=2131165248 (android.widget.RelativeLayout@405a1658)
D/nofatclips(  248): Found widget: id=2131165249 (android.widget.LinearLayout@405a1cc0)
D/nofatclips(  248): Found widget: id=-1 (android.widget.ImageView@405a2208)
D/nofatclips(  248): Found widget: id=2131165250 (org.wordpress.android.util.WPTitleBar@4059bbe0)
D/nofatclips(  248): Found widget: id=2131165195 (android.widget.RelativeLayout@4050e260)
D/nofatclips(  248): Found widget: id=2131165196 (android.widget.RelativeLayout@40568510)
D/nofatclips(  248): Found widget: id=2131165197 (android.widget.ImageView@4059ce78)
D/nofatclips(  248): Found widget: id=2131165198 (android.widget.TextView@40541880): Katie's Sweet Testing Blog
D/nofatclips(  248): Found widget: id=2131165199 (android.widget.ImageView@4055d110)
D/nofatclips(  248): Found widget: id=-1 (android.widget.RelativeLayout@40579478)
D/nofatclips(  248): Found widget: id=2131165200 (android.widget.ImageButton@4059d3a0)
D/nofatclips(  248): Found widget: id=-1 (android.widget.FrameLayout@4057a928)
D/nofatclips(  248): Found widget: id=2131165201 (android.widget.Button@40542248): 
D/nofatclips(  248): Found widget: id=2131165202 (android.widget.ImageView@405937d8)
D/nofatclips(  248): Found widget: id=2131165203 (android.widget.ImageView@4053ca40)
D/nofatclips(  248): Found widget: id=2131165204 (android.widget.LinearLayout@40569118)
D/nofatclips(  248): Found widget: id=-1 (android.widget.FrameLayout@4059cc10)
D/nofatclips(  248): Found widget: id=-1 (android.widget.LinearLayout@4052fbe8)
D/nofatclips(  248): Found widget: id=-1 (android.widget.LinearLayout@4050e070)
D/nofatclips(  248): Found widget: id=-1 (android.widget.LinearLayout@4052f208)
D/nofatclips(  248): Found widget: id=2131165251 (android.widget.LinearLayout@4052f8c0)
D/nofatclips(  248): Found widget: id=-1 (android.widget.ImageView@40590280)
D/nofatclips(  248): Found widget: id=2131165256 (android.widget.TextView@4056ae10): New Post
D/nofatclips(  248): Found widget: id=2131165253 (android.widget.LinearLayout@4059be18)
D/nofatclips(  248): Found widget: id=-1 (android.widget.ImageView@40530c28)
D/nofatclips(  248): Found widget: id=2131165256 (android.widget.TextView@4056b748): New Page
D/nofatclips(  248): Found widget: id=-1 (android.widget.LinearLayout@40532ee0)
D/nofatclips(  248): Found widget: id=2131165252 (android.widget.LinearLayout@405308d0)
D/nofatclips(  248): Found widget: id=-1 (android.widget.ImageView@40538dd8)
D/nofatclips(  248): Found widget: id=2131165256 (android.widget.TextView@40577940): Quick Photo
D/nofatclips(  248): Found widget: id=2131165254 (android.widget.LinearLayout@40547450)
D/nofatclips(  248): Found widget: id=-1 (android.widget.ImageView@405317c8)
D/nofatclips(  248): Found widget: id=2131165256 (android.widget.TextView@405781b0): Quick Video
D/nofatclips(  248): Found widget: id=-1 (android.widget.LinearLayout@4052e678)
D/nofatclips(  248): Found widget: id=-1 (android.widget.LinearLayout@40533e98)
D/nofatclips(  248): Found widget: id=2131165255 (android.widget.LinearLayout@40535160)
D/nofatclips(  248): Found widget: id=-1 (android.widget.ImageView@40542808)
D/nofatclips(  248): Found widget: id=2131165256 (android.widget.TextView@40578838): Posts
D/nofatclips(  248): Found widget: id=2131165257 (android.widget.LinearLayout@40545bc8)
D/nofatclips(  248): Found widget: id=-1 (android.widget.ImageView@40568840)
D/nofatclips(  248): Found widget: id=2131165256 (android.widget.TextView@40537490): Pages
D/nofatclips(  248): Found widget: id=-1 (android.widget.FrameLayout@405344a0)
D/nofatclips(  248): Found widget: id=2131165258 (android.widget.LinearLayout@40540188)
D/nofatclips(  248): Found widget: id=-1 (android.widget.ImageView@40536ba0)
D/nofatclips(  248): Found widget: id=2131165256 (android.widget.TextView@40539440): Comments
D/nofatclips(  248): Found widget: id=2131165259 (android.widget.FrameLayout@40544678)
D/nofatclips(  248): Found widget: id=2131165260 (android.widget.ImageView@40546198)
D/nofatclips(  248): Found widget: id=2131165261 (org.wordpress.android.util.CommentBadgeTextView@4053a458): 0
D/nofatclips(  248): Found widget: id=-1 (android.widget.LinearLayout@40539218)
D/nofatclips(  248): Found widget: id=2131165262 (android.widget.LinearLayout@40540830)
D/nofatclips(  248): Found widget: id=-1 (android.widget.ImageView@40541138)
D/nofatclips(  248): Found widget: id=2131165256 (android.widget.TextView@40540a78): Settings
D/nofatclips(  248): Found widget: id=2131165263 (android.widget.LinearLayout@405440d0)
D/nofatclips(  248): Found widget: id=-1 (android.widget.ImageView@40560028)
D/nofatclips(  248): Found widget: id=2131165256 (android.widget.TextView@40542db8): Read
D/nofatclips(  248): Found widget: id=2131165264 (android.widget.LinearLayout@40561710)
D/nofatclips(  248): Found widget: id=-1 (android.widget.ImageView@40563fc8)
D/nofatclips(  248): Found widget: id=2131165256 (android.widget.TextView@4054fb10): Stats
D/nofatclips(  248): Found widget: id=-1 (com.android.internal.policy.impl.PhoneWindow$DecorView@405a0058)
V/nicola  (  248): TextualID : blog_title
V/nicola  (  248): ContentType detected : default
V/nicola  (  248): TextualID : action_refresh
V/nicola  (  248): ContentType detected : default
V/nicola  (  248): TextualID : button_text
V/nicola  (  248): ContentType detected : default
V/nicola  (  248): TextualID : button_text
V/nicola  (  248): ContentType detected : default
V/nicola  (  248): TextualID : button_text
V/nicola  (  248): ContentType detected : default
V/nicola  (  248): TextualID : button_text
V/nicola  (  248): ContentType detected : default
V/nicola  (  248): TextualID : button_text
V/nicola  (  248): ContentType detected : default
V/nicola  (  248): TextualID : button_text
V/nicola  (  248): ContentType detected : default
V/nicola  (  248): TextualID : button_text
V/nicola  (  248): ContentType detected : default
V/nicola  (  248): TextualID : button_text
V/nicola  (  248): ContentType detected : default
V/nicola  (  248): TextualID : button_text
V/nicola  (  248): ContentType detected : default
V/nicola  (  248): TextualID : button_text
V/nicola  (  248): ContentType detected : default
I/nofatclips(  248): Performing comparation for activity Dashboard
D/nofatclips(  248): Comparing against activity Dashboard
D/nofatclips(  248): Comparing against activity Preferences
D/nofatclips(  248): Comparing against activity Dashboard
I/nofatclips(  248): Registering activity Dashboard (id: a4) as a new found state
D/nofatclips(  248): Performing backup of the old activity list on disk
D/nofatclips(  248): Saving new found state 'a4' on disk
V/nofatclips(  248): Opening state file in append mode.
D/dalvikvm(  248): GC_EXTERNAL_ALLOC freed 865K, 51% free 3410K/6919K, external 2825K/3294K, paused 104ms
I/nofatclips(  248): Saved image on disk: a4.jpg
I/nofatclips(  248): Waiting for 100 msec.
I/nofatclips(  248): Session count is 1. Will dump to disk at 1
I/nofatclips(  248): Saving the session on disk.
I/nofatclips(  248): Planning for new Activity Dashboard
D/nofatclips(  248): Handling event 'click' on widget id=2131165200 type=button name=
D/nofatclips(  248): Handling event 'click' on widget id=2131165201 type=button name=
D/nofatclips(  248): Handling event 'click' on widget id=2131165204 type=linearLayout name=
D/nofatclips(  248): Handling event 'click' on widget id=2131165251 type=linearLayout name=
I/dalvikvm(  248): Jit: resizing JitTable from 1024 to 2048
D/nofatclips(  248): Handling event 'click' on widget id=2131165253 type=linearLayout name=
D/nofatclips(  248): Handling event 'click' on widget id=2131165252 type=linearLayout name=
D/nofatclips(  248): Handling event 'click' on widget id=2131165254 type=linearLayout name=
D/nofatclips(  248): Handling event 'click' on widget id=2131165255 type=linearLayout name=
D/nofatclips(  248): Handling event 'click' on widget id=2131165257 type=linearLayout name=
D/nofatclips(  248): Handling event 'click' on widget id=2131165258 type=linearLayout name=
D/nofatclips(  248): Handling event 'click' on widget id=2131165262 type=linearLayout name=
D/dalvikvm(  248): GC_CONCURRENT freed 1222K, 53% free 3488K/7303K, external 2825K/3528K, paused 3ms+4ms
D/nofatclips(  248): Handling event 'click' on widget id=2131165263 type=linearLayout name=
D/nofatclips(  248): Handling event 'click' on widget id=2131165264 type=linearLayout name=
I/nofatclips(  248): Created trace to press the back button
I/nofatclips(  248): Created trace to press the menu button
I/nofatclips(  248): Created trace to change orientation
I/nofatclips(  248): Check for termination: 97 steps left of 100
I/nofatclips(  248): Dispatching new task. 2 more tasks remaining.
D/nofatclips(  248): Performing backup of the old task list on disk
D/nofatclips(  248): Saving task list on disk
V/nofatclips(  248): Backing up trace #32 to disk.
V/nofatclips(  248): Backing up trace #33 to disk.
D/nofatclips(  248): Deleting backup of the old task list from disk
D/nofatclips(  248): Deleting backup of the old activity list from disk
I/nofatclips(  248): Incrementally Playing Trace 33
I/nofatclips(  248): Retrieved from return list id=2131165255
D/nofatclips(  248): Testing for type (android.widget.LinearLayout) against the original (android.widget.LinearLayout)
D/nofatclips(  248): Testing for name () against the original ()
I/nofatclips(  248): Firing event: type= click index=36 widget=android.widget.LinearLayout
D/dalvikvm(  248): GC_CONCURRENT freed 1287K, 55% free 3356K/7303K, external 2225K/2825K, paused 4ms+2ms
W/KeyCharacterMap(  248): No keyboard for id 0
W/KeyCharacterMap(  248): Using default keymap: /system/usr/keychars/qwerty.kcm.bin
D/nofatclips(  248): Event description: Posts
I/ActivityManager(   61): Starting: Intent { cmp=org.wordpress.android/.Posts } from pid 248
I/nofatclips(  248): Waiting for 100 msec.
D/dalvikvm(   61): GC_CONCURRENT freed 736K, 45% free 4160K/7559K, external 1865K/3065K, paused 31ms+46ms
D/dalvikvm(  248): GREF has increased to 201
W/ImageDownloader(  248): Error 404 while retrieving bitmap from http://gravatar.com/blavatar/44d338f29053dbb888da79dcf98df489?s=60&d=404
I/dalvikvm(   61): Jit: resizing JitTable from 512 to 1024
I/nofatclips(  248): Current activity is Posts
I/ActivityManager(   61): Displayed org.wordpress.android/.Posts: +2s312ms
I/nofatclips(  248): Retrieving widgets
D/nofatclips(  248): Found widget: id=16908290 (android.widget.FrameLayout@405c8bf0)
D/nofatclips(  248): Found widget: id=2131165323 (android.widget.RelativeLayout@405a2758)
D/nofatclips(  248): Found widget: id=2131165324 (android.widget.LinearLayout@40658738)
D/nofatclips(  248): Found widget: id=2131165325 (android.support.v4.app.NoSaveStateFrameLayout@406ce3b0)
D/nofatclips(  248): Found widget: id=-1 (android.widget.FrameLayout@4060deb8)
D/nofatclips(  248): Found widget: id=16711681 (android.widget.TextView@406955a0): 
D/nofatclips(  248): Found widget: id=16908298 (android.widget.ListView@40668238)
D/nofatclips(  248): Found widget: id=3 (android.widget.LinearLayout@4065c228)
D/nofatclips(  248): Found widget: id=2131165236 (android.widget.TextView@4065c488): Posts
D/nofatclips(  248): Found widget: id=-1 (android.widget.LinearLayout@4065f808)
D/nofatclips(  248): Found widget: id=2131165341 (android.widget.TextView@4065f9d0): 
D/nofatclips(  248): Found widget: id=2131165280 (android.widget.TextView@4065fe90): 
D/nofatclips(  248): Found widget: id=1 (android.widget.LinearLayout@406b7ba0)
D/nofatclips(  248): Found widget: id=2131165236 (android.widget.TextView@405c4350): 90
D/nofatclips(  248): Found widget: id=-1 (android.widget.LinearLayout@405c4650)
D/nofatclips(  248): Found widget: id=2131165341 (android.widget.TextView@405c4870): 9:01pm, Jul 22, 2014
D/nofatclips(  248): Found widget: id=2131165280 (android.widget.TextView@405c4dd0): Private
D/nofatclips(  248): Found widget: id=2 (android.widget.LinearLayout@40648cf8)
D/nofatclips(  248): Found widget: id=2131165236 (android.widget.TextView@40648f10): Post Two
D/nofatclips(  248): Found widget: id=-1 (android.widget.LinearLayout@406493a0)
D/nofatclips(  248): Found widget: id=2131165341 (android.widget.TextView@406495c0): 6:56pm, Jul 21, 2014
D/nofatclips(  248): Found widget: id=2131165280 (android.widget.TextView@4070b038): Published
D/nofatclips(  248): Found widget: id=3 (android.widget.LinearLayout@4070bd48)
D/nofatclips(  248): Found widget: id=2131165236 (android.widget.TextView@4070bf60): Post One
D/nofatclips(  248): Found widget: id=-1 (android.widget.LinearLayout@4070c3f0)
D/nofatclips(  248): Found widget: id=2131165341 (android.widget.TextView@4066d828): 6:54pm, Jul 21, 2014
D/nofatclips(  248): Found widget: id=2131165280 (android.widget.TextView@4066dcb8): Published
D/nofatclips(  248): Found widget: id=2131165326 (org.wordpress.android.util.WPTitleBar@40668548)
D/nofatclips(  248): Found widget: id=2131165195 (android.widget.RelativeLayout@406ccf30)
D/nofatclips(  248): Found widget: id=2131165196 (android.widget.RelativeLayout@4066a7b8)
D/nofatclips(  248): Found widget: id=2131165197 (android.widget.ImageView@4066a910)
D/nofatclips(  248): Found widget: id=2131165198 (android.widget.TextView@40608190): Katie's Sweet Testing Blog
D/nofatclips(  248): Found widget: id=2131165199 (android.widget.ImageView@40608400)
D/nofatclips(  248): Found widget: id=-1 (android.widget.RelativeLayout@40608550)
D/nofatclips(  248): Found widget: id=2131165200 (android.widget.ImageButton@40616688)
D/nofatclips(  248): Found widget: id=-1 (android.widget.FrameLayout@406167d8)
D/nofatclips(  248): Found widget: id=2131165201 (android.widget.Button@40616930): 
D/nofatclips(  248): Found widget: id=2131165202 (android.widget.ImageView@40654608)
D/nofatclips(  248): Found widget: id=2131165203 (android.widget.ImageView@40654758)
D/nofatclips(  248): Found widget: id=2131165204 (android.widget.LinearLayout@406548a8)
D/nofatclips(  248): Found widget: id=-1 (android.widget.FrameLayout@405d5e30)
D/nofatclips(  248): Found widget: id=-1 (android.widget.LinearLayout@405d5f88)
D/nofatclips(  248): Found widget: id=-1 (android.widget.LinearLayout@4066b3a8)
D/nofatclips(  248): Found widget: id=-1 (android.widget.LinearLayout@4066b4f8)
D/nofatclips(  248): Found widget: id=2131165251 (android.widget.LinearLayout@4066b648)
D/nofatclips(  248): Found widget: id=-1 (android.widget.ImageView@4066b798)
D/nofatclips(  248): Found widget: id=2131165256 (android.widget.TextView@40593a30): New Post
D/nofatclips(  248): Found widget: id=2131165253 (android.widget.LinearLayout@40593ca0)
D/nofatclips(  248): Found widget: id=-1 (android.widget.ImageView@40593df0)
D/nofatclips(  248): Found widget: id=2131165256 (android.widget.TextView@405bc938): New Page
D/nofatclips(  248): Found widget: id=-1 (android.widget.LinearLayout@405bcba8)
D/nofatclips(  248): Found widget: id=2131165252 (android.widget.LinearLayout@405bccf8)
D/nofatclips(  248): Found widget: id=-1 (android.widget.ImageView@40610df0)
D/nofatclips(  248): Found widget: id=2131165256 (android.widget.TextView@405a6108): Quick Photo
D/nofatclips(  248): Found widget: id=2131165254 (android.widget.LinearLayout@405a63a8)
D/nofatclips(  248): Found widget: id=-1 (android.widget.ImageView@4066d0a0)
D/nofatclips(  248): Found widget: id=2131165256 (android.widget.TextView@40608a50): Quick Video
D/nofatclips(  248): Found widget: id=-1 (android.widget.LinearLayout@40608e10)
D/nofatclips(  248): Found widget: id=-1 (android.widget.LinearLayout@4070ea20)
D/nofatclips(  248): Found widget: id=2131165255 (android.widget.LinearLayout@4070eb70)
D/nofatclips(  248): Found widget: id=-1 (android.widget.ImageView@4064a3d0)
D/nofatclips(  248): Found widget: id=2131165256 (android.widget.TextView@406c7df0): Posts
D/nofatclips(  248): Found widget: id=2131165257 (android.widget.LinearLayout@406c8280)
D/nofatclips(  248): Found widget: id=-1 (android.widget.ImageView@405dacc8)
D/nofatclips(  248): Found widget: id=2131165256 (android.widget.TextView@40664608): Pages
D/nofatclips(  248): Found widget: id=-1 (android.widget.FrameLayout@406649c8)
D/nofatclips(  248): Found widget: id=2131165258 (android.widget.LinearLayout@4066bed8)
D/nofatclips(  248): Found widget: id=-1 (android.widget.ImageView@406031a8)
D/nofatclips(  248): Found widget: id=2131165256 (android.widget.TextView@40603558): Comments
D/nofatclips(  248): Found widget: id=2131165259 (android.widget.FrameLayout@405db558)
D/nofatclips(  248): Found widget: id=2131165260 (android.widget.ImageView@405db7c0)
D/nofatclips(  248): Found widget: id=2131165261 (org.wordpress.android.util.CommentBadgeTextView@40683658): 0
D/nofatclips(  248): Found widget: id=-1 (android.widget.LinearLayout@405b81e0)
D/nofatclips(  248): Found widget: id=2131165262 (android.widget.LinearLayout@405b8330)
D/nofatclips(  248): Found widget: id=-1 (android.widget.ImageView@406a6f38)
D/nofatclips(  248): Found widget: id=2131165256 (android.widget.TextView@406a72e8): Settings
D/nofatclips(  248): Found widget: id=2131165263 (android.widget.LinearLayout@405c7f58)
D/nofatclips(  248): Found widget: id=-1 (android.widget.ImageView@406304e0)
D/nofatclips(  248): Found widget: id=2131165256 (android.widget.TextView@406308f0): Read
D/nofatclips(  248): Found widget: id=2131165264 (android.widget.LinearLayout@40642968)
D/nofatclips(  248): Found widget: id=-1 (android.widget.ImageView@406cf248)
D/nofatclips(  248): Found widget: id=2131165256 (android.widget.TextView@406cf570): Stats
D/nofatclips(  248): Found widget: id=-1 (com.android.internal.policy.impl.PhoneWindow$DecorView@405e5cd0)
V/nicola  (  248): TextualID : null
V/nicola  (  248): ContentType detected : default
V/ReflectionHelper(  248): android.widget.ListView > mOnFocusChangeListener FOUND | NOT ACTIVE
D/dalvikvm(  248): GC_CONCURRENT freed 739K, 51% free 3638K/7303K, external 2639K/2825K, paused 6ms+9ms
V/nicola  (  248): TextualID : title
V/nicola  (  248): ContentType detected : default
V/nicola  (  248): TextualID : date
V/nicola  (  248): ContentType detected : default
V/nicola  (  248): TextualID : status
V/nicola  (  248): ContentType detected : default
V/nicola  (  248): TextualID : title
V/nicola  (  248): ContentType detected : default
V/nicola  (  248): TextualID : date
V/nicola  (  248): ContentType detected : default
V/nicola  (  248): TextualID : status
V/nicola  (  248): ContentType detected : default
V/nicola  (  248): TextualID : title
V/nicola  (  248): ContentType detected : default
V/nicola  (  248): TextualID : date
V/nicola  (  248): ContentType detected : default
V/nicola  (  248): TextualID : status
V/nicola  (  248): ContentType detected : default
V/nicola  (  248): TextualID : title
V/nicola  (  248): ContentType detected : default
V/nicola  (  248): TextualID : date
V/nicola  (  248): ContentType detected : default
V/nicola  (  248): TextualID : status
V/nicola  (  248): ContentType detected : default
V/nicola  (  248): TextualID : blog_title
V/nicola  (  248): ContentType detected : default
V/nicola  (  248): TextualID : action_refresh
V/nicola  (  248): ContentType detected : default
I/nofatclips(  248): Performing comparation for activity Posts
D/nofatclips(  248): Comparing against activity Dashboard
D/nofatclips(  248): Comparing against activity Dashboard
D/nofatclips(  248): Comparing against activity Preferences
D/nofatclips(  248): Comparing against activity Dashboard
I/nofatclips(  248): Registering activity Posts (id: a5) as a new found state
D/nofatclips(  248): Performing backup of the old activity list on disk
D/nofatclips(  248): Saving new found state 'a5' on disk
V/nofatclips(  248): Opening state file in append mode.
D/dalvikvm(  248): GC_EXTERNAL_ALLOC freed 460K, 52% free 3524K/7303K, external 2625K/2825K, paused 84ms
I/nofatclips(  248): Saved image on disk: a5.jpg
I/nofatclips(  248): Waiting for 100 msec.
I/nofatclips(  248): Session count is 1. Will dump to disk at 1
I/nofatclips(  248): Saving the session on disk.
I/nofatclips(  248): Planning for new Activity Posts
D/nofatclips(  248): Handling event selectListItem for items [1,4] on listView #16908298 count=4
D/nofatclips(  248): Handling event longClickListItem for items [1,4] on listView #16908298 count=4
D/nofatclips(  248): Handling event 'click' on widget id=2131165200 type=button name=
D/nofatclips(  248): Handling event 'click' on widget id=2131165201 type=button name=
I/nofatclips(  248): Created trace to press the back button
I/nofatclips(  248): Created trace to press the menu button
I/nofatclips(  248): Created trace to change orientation
D/dalvikvm(  248): GC_CONCURRENT freed 1372K, 53% free 3581K/7559K, external 3825K/4028K, paused 3ms+3ms
I/nofatclips(  248): Check for termination: 96 steps left of 100
I/nofatclips(  248): Dispatching new task. 2 more tasks remaining.
D/nofatclips(  248): Performing backup of the old task list on disk
D/nofatclips(  248): Saving task list on disk
V/nofatclips(  248): Backing up trace #45 to disk.
V/nofatclips(  248): Backing up trace #46 to disk.
D/nofatclips(  248): Deleting backup of the old task list from disk
D/nofatclips(  248): Deleting backup of the old activity list from disk
I/nofatclips(  248): Incrementally Playing Trace 46
I/nofatclips(  248): Retrieved from return list id=16908298
D/nofatclips(  248): Testing for type (android.widget.ListView) against the original (android.widget.ListView)
D/nofatclips(  248): Testing for name () against the original ()
I/nofatclips(  248): Firing event: type= longClickListItem index=6 widget=android.widget.ListView
W/KeyCharacterMap(  248): No keyboard for id 0
W/KeyCharacterMap(  248): Using default keymap: /system/usr/keychars/qwerty.kcm.bin
I/nofatclips(  248): Swapping to listview item 2
D/nofatclips(  248): Event description: 90
I/nofatclips(  248): Waiting for 100 msec.
I/nofatclips(  248): Current activity is Posts
I/nofatclips(  248): Retrieving widgets
D/nofatclips(  248): Found widget: id=16908290 (android.widget.FrameLayout@40604b48)
D/nofatclips(  248): Found widget: id=16908666 (com.android.internal.widget.WeightedLinearLayout@40631770)
D/nofatclips(  248): Found widget: id=16908667 (android.widget.LinearLayout@406319e8)
D/nofatclips(  248): Found widget: id=16908668 (android.widget.LinearLayout@40631c08)
D/nofatclips(  248): Found widget: id=16908294 (android.widget.ImageView@40631e70)
D/nofatclips(  248): Found widget: id=16908669 (com.android.internal.widget.DialogTitle@405f8720): Post Actions
D/nofatclips(  248): Found widget: id=16908670 (android.widget.ImageView@405f9488)
D/nofatclips(  248): Found widget: id=16908671 (android.widget.LinearLayout@40678560)
D/nofatclips(  248): Found widget: id=16908823 (com.android.internal.app.AlertController$RecycleListView@406f5c28)
D/nofatclips(  248): Found widget: id=-1 (com.android.internal.view.menu.ListMenuItemView@4070c770)
D/nofatclips(  248): Found widget: id=-1 (android.widget.RelativeLayout@4070ca18)
D/nofatclips(  248): Found widget: id=16908310 (android.widget.TextView@4070ce08): Edit Post
D/nofatclips(  248): Found widget: id=16908783 (android.widget.TextView@4070d380): 
D/nofatclips(  248): Found widget: id=-1 (com.android.internal.view.menu.ListMenuItemView@40693c58)
D/nofatclips(  248): Found widget: id=-1 (android.widget.RelativeLayout@40693e98)
D/nofatclips(  248): Found widget: id=16908310 (android.widget.TextView@40694240): Delete Post
D/nofatclips(  248): Found widget: id=16908783 (android.widget.TextView@405f99b0): 
D/nofatclips(  248): Found widget: id=-1 (com.android.internal.view.menu.ListMenuItemView@405fa640)
D/nofatclips(  248): Found widget: id=-1 (android.widget.RelativeLayout@406dae88)
D/nofatclips(  248): Found widget: id=16908310 (android.widget.TextView@406db1f8): Share Post
D/nofatclips(  248): Found widget: id=16908783 (android.widget.TextView@406db7c8): 
D/nofatclips(  248): Found widget: id=16908673 (android.widget.FrameLayout@4061f720)
