I/nofatclips(  248): Dispatching new task. 2 more tasks remaining.
D/nofatclips(  248): Performing backup of the old task list on disk
D/nofatclips(  248): Saving task list on disk
V/nofatclips(  248): Backing up trace #156 to disk.
V/nofatclips(  248): Backing up trace #157 to disk.
D/nofatclips(  248): Deleting backup of the old task list from disk
D/nofatclips(  248): Deleting backup of the old activity list from disk
I/nofatclips(  248): Incrementally Playing Trace 157
D/nofatclips(  248): Setting input: type= writeText id=2131165236 value=90
D/nofatclips(  248): Added to return list id=2131165236
I/nofatclips(  248): Retrieved from return list id=2131165236
D/nofatclips(  248): Testing for type (android.widget.EditText) against the original (android.widget.EditText)
D/nofatclips(  248): Testing for name (Title) against the original (Title)
D/dalvikvm(  248): GC_CONCURRENT freed 2007K, 52% free 4424K/9095K, external 3916K/4891K, paused 4ms+4ms
W/KeyCharacterMap(  248): No keyboard for id 0
W/KeyCharacterMap(  248): Using default keymap: /system/usr/keychars/qwerty.kcm.bin
D/nofatclips(  248): Setting input: type= writeText id=2131165268 value=85
D/nofatclips(  248): Added to return list id=2131165268
I/nofatclips(  248): Retrieved from return list id=2131165268
D/nofatclips(  248): Testing for type (android.widget.EditText) against the original (android.widget.EditText)
D/nofatclips(  248): Testing for name (Tags (separate tags with commas)) against the original (Tags (separate tags with commas))
D/nofatclips(  248): Setting input: type= writeText id=2131165286 value=45
D/nofatclips(  248): Added to return list id=2131165286
I/nofatclips(  248): Retrieved from return list id=2131165286
D/nofatclips(  248): Testing for type (android.widget.EditText) against the original (android.widget.EditText)
D/nofatclips(  248): Testing for name (Password (optional)) against the original (Password (optional))
I/nofatclips(  248): Retrieved from return list id=2131165269
D/nofatclips(  248): Testing for type (android.widget.Button) against the original (android.widget.Button)
D/nofatclips(  248): Testing for name (Select Categories) against the original (Select Categories)
I/nofatclips(  248): Firing event: type= click index=14 widget=android.widget.Button
D/nofatclips(  248): Event description: Select Categories
I/ActivityManager(   61): Starting: Intent { cmp=org.wordpress.android/.SelectCategories (has extras) } from pid 248
I/nofatclips(  248): Waiting for 100 msec.
I/ActivityManager(   61): Displayed org.wordpress.android/.SelectCategories: +1s960ms
I/nofatclips(  248): Current activity is SelectCategories
I/nofatclips(  248): Retrieving widgets
D/nofatclips(  248): Found widget: id=16908290 (android.widget.FrameLayout@405ff9f0)
D/nofatclips(  248): Found widget: id=16908666 (com.android.internal.widget.WeightedLinearLayout@406a8270)
D/nofatclips(  248): Found widget: id=16908667 (android.widget.LinearLayout@4054b200)
D/nofatclips(  248): Found widget: id=16908668 (android.widget.LinearLayout@405ad740)
D/nofatclips(  248): Found widget: id=16908294 (android.widget.ImageView@4061c768)
D/nofatclips(  248): Found widget: id=16908669 (com.android.internal.widget.DialogTitle@40669818): Refreshing Categories
D/nofatclips(  248): Found widget: id=16908670 (android.widget.ImageView@4067d730)
D/nofatclips(  248): Found widget: id=16908671 (android.widget.LinearLayout@406892f8)
D/nofatclips(  248): Found widget: id=16908672 (android.widget.ScrollView@4069f0a0)
D/nofatclips(  248): Found widget: id=16908673 (android.widget.FrameLayout@40804518)
D/nofatclips(  248): Found widget: id=16908331 (android.widget.FrameLayout@406154a8)
D/nofatclips(  248): Found widget: id=-1 (android.widget.FrameLayout@4070a248)
D/nofatclips(  248): Found widget: id=16908804 (android.widget.LinearLayout@40769988)
D/nofatclips(  248): Found widget: id=16908301 (android.widget.ProgressBar@4076d750)
D/nofatclips(  248): Found widget: id=16908299 (android.widget.TextView@4079d4f8): Attempting to refresh categories
D/nofatclips(  248): Found widget: id=16908674 (android.widget.LinearLayout@40625b80)
D/nofatclips(  248): Found widget: id=-1 (android.widget.LinearLayout@406d7e48)
D/nofatclips(  248): Found widget: id=16908675 (android.widget.LinearLayout@406e3b48)
D/nofatclips(  248): Found widget: id=16908313 (android.widget.Button@406a9648): 
D/nofatclips(  248): Found widget: id=16908315 (android.widget.Button@406dd550): 
D/nofatclips(  248): Found widget: id=16908314 (android.widget.Button@4084b700): 
D/nofatclips(  248): Found widget: id=16908676 (android.widget.LinearLayout@40604270)
D/nofatclips(  248): Found widget: id=-1 (com.android.internal.policy.impl.PhoneWindow$DecorView@408553e0)
V/nicola  (  248): TextualID : null
V/nicola  (  248): ContentType detected : default
V/nicola  (  248): TextualID : null
V/nicola  (  248): ContentType detected : default
I/nofatclips(  248): Performing comparation for activity SelectCategories
D/nofatclips(  248): Comparing against activity EditPost
D/nofatclips(  248): Comparing against activity EditPost
D/nofatclips(  248): Comparing against activity EditPost
D/nofatclips(  248): Comparing against activity EditPost
D/nofatclips(  248): Comparing against activity EditPost
D/nofatclips(  248): Comparing against activity Posts
D/nofatclips(  248): Comparing against activity Dashboard
D/nofatclips(  248): Comparing against activity Preferences
D/nofatclips(  248): Comparing against activity EditPost
D/nofatclips(  248): Comparing against activity Dashboard
D/nofatclips(  248): Comparing against activity Dashboard
D/nofatclips(  248): Comparing against activity Posts
I/nofatclips(  248): Registering activity SelectCategories (id: a13) as a new found state
D/nofatclips(  248): Performing backup of the old activity list on disk
D/nofatclips(  248): Saving new found state 'a13' on disk
V/nofatclips(  248): Opening state file in append mode.
I/nofatclips(  248): Saved image on disk: a13.jpg
I/nofatclips(  248): Waiting for 100 msec.
D/dalvikvm(  248): GC_FOR_MALLOC freed 1040K, 52% free 4427K/9095K, external 4342K/4891K, paused 84ms
I/dalvikvm-heap(  248): Grow heap (frag case) to 11.191MB for 87396-byte allocation
D/dalvikvm(  248): GC_FOR_MALLOC freed 13K, 52% free 4498K/9223K, external 4136K/4891K, paused 68ms
I/nofatclips(  248): Session count is 1. Will dump to disk at 1
I/nofatclips(  248): Saving the session on disk.
I/WordPress(  248): response = HTTP/1.1 200 OK
I/nofatclips(  248): Planning for new Activity SelectCategories
I/nofatclips(  248): Created trace to press the back button
I/nofatclips(  248): Created trace to press the menu button
I/nofatclips(  248): Created trace to change orientation
I/nofatclips(  248): Check for termination: 88 steps left of 100
I/nofatclips(  248): Dispatching new task. 2 more tasks remaining.
D/nofatclips(  248): Performing backup of the old task list on disk
D/nofatclips(  248): Saving task list on disk
V/nofatclips(  248): Backing up trace #159 to disk.
V/nofatclips(  248): Backing up trace #160 to disk.
D/dalvikvm(  248): GC_FOR_MALLOC freed 1179K, 49% free 4767K/9223K, external 4151K/4891K, paused 46ms
D/nofatclips(  248): Deleting backup of the old task list from disk
D/nofatclips(  248): Deleting backup of the old activity list from disk
I/nofatclips(  248): Incrementally Playing Trace 160
I/nofatclips(  248): Retrieved from return list id=16908290
D/nofatclips(  248): Testing for type (android.widget.FrameLayout) against the original (null)
I/nofatclips(  248): Firing event: type= openMenu name= widget=null
W/KeyCharacterMap(  248): No keyboard for id 0
W/KeyCharacterMap(  248): Using default keymap: /system/usr/keychars/qwerty.kcm.bin
I/nofatclips(  248): Waiting for 100 msec.
I/nofatclips(  248): Current activity is SelectCategories
I/nofatclips(  248): Retrieving widgets
D/nofatclips(  248): Found widget: id=16908726 (com.android.internal.view.menu.IconMenuView@406a6770)
D/nofatclips(  248): Found widget: id=16908310 (com.android.internal.view.menu.IconMenuItemView@40631350): Refresh Categories
D/nofatclips(  248): Found widget: id=-1 (com.android.internal.policy.impl.PhoneWindow$DecorView@405bbd20)
V/ReflectionHelper(  248): com.android.internal.view.menu.IconMenuView > mOnFocusChangeListener FOUND | NOT ACTIVE
V/nicola  (  248): TextualID : null
V/nicola  (  248): ContentType detected : default
I/nofatclips(  248): Performing comparation for activity SelectCategories
D/nofatclips(  248): Comparing against activity SelectCategories
D/nofatclips(  248): Comparing against activity EditPost
D/nofatclips(  248): Comparing against activity EditPost
D/nofatclips(  248): Comparing against activity EditPost
D/nofatclips(  248): Comparing against activity EditPost
D/nofatclips(  248): Comparing against activity EditPost
D/nofatclips(  248): Comparing against activity Posts
D/nofatclips(  248): Comparing against activity Dashboard
D/nofatclips(  248): Comparing against activity Preferences
D/nofatclips(  248): Comparing against activity EditPost
D/nofatclips(  248): Comparing against activity Dashboard
D/nofatclips(  248): Comparing against activity Dashboard
D/nofatclips(  248): Comparing against activity Posts
I/nofatclips(  248): Registering activity SelectCategories (id: a14) as a new found state
D/nofatclips(  248): Performing backup of the old activity list on disk
D/nofatclips(  248): Saving new found state 'a14' on disk
V/nofatclips(  248): Opening state file in append mode.
I/nofatclips(  248): Saved image on disk: a14.jpg
I/nofatclips(  248): Waiting for 100 msec.
I/nofatclips(  248): Session count is 1. Will dump to disk at 1
I/nofatclips(  248): Saving the session on disk.
I/nofatclips(  248): Planning for new Activity SelectCategories
D/nofatclips(  248): Handling event 'click' on widget id=16908310 type=menuItem name=Refresh Categories
I/nofatclips(  248): Created trace to press the back button
I/nofatclips(  248): Created trace to press the menu button
I/nofatclips(  248): Created trace to change orientation
I/nofatclips(  248): Check for termination: 87 steps left of 100
I/nofatclips(  248): Dispatching new task. 2 more tasks remaining.
D/nofatclips(  248): Performing backup of the old task list on disk
D/nofatclips(  248): Saving task list on disk
V/nofatclips(  248): Backing up trace #163 to disk.
V/nofatclips(  248): Backing up trace #164 to disk.
D/nofatclips(  248): Deleting backup of the old task list from disk
D/nofatclips(  248): Deleting backup of the old activity list from disk
I/nofatclips(  248): Incrementally Playing Trace 164
I/nofatclips(  248): Retrieved from return list id=16908726
D/nofatclips(  248): Testing for type (com.android.internal.view.menu.IconMenuView) against the original (null)
I/nofatclips(  248): Firing event: type= changeOrientation name= widget=null
I/WindowManager(   61): Setting rotation to 1, animFlags=1
I/ActivityManager(   61): Config changed: { scale=1.0 imsi=310/260 loc=en_US touch=3 keys=2/1/2 nav=1/1 orien=2 layout=18 uiMode=17 seq=5}
I/nofatclips(  248): Waiting for 100 msec.
I/nofatclips(  248): Current activity is SelectCategories
I/nofatclips(  248): Retrieving widgets
D/nofatclips(  248): Found widget: id=16908726 (com.android.internal.view.menu.IconMenuView@4084d568)
D/nofatclips(  248): Found widget: id=16908310 (com.android.internal.view.menu.IconMenuItemView@4084ec40): Refresh Categories
D/nofatclips(  248): Found widget: id=-1 (com.android.internal.policy.impl.PhoneWindow$DecorView@405bbd20)
V/ReflectionHelper(  248): com.android.internal.view.menu.IconMenuView > mOnFocusChangeListener FOUND | NOT ACTIVE
V/nicola  (  248): TextualID : null
V/nicola  (  248): ContentType detected : default
I/nofatclips(  248): Performing comparation for activity SelectCategories
D/nofatclips(  248): Comparing against activity SelectCategories
D/nofatclips(  248): Comparing against activity EditPost
D/nofatclips(  248): Comparing against activity EditPost
D/nofatclips(  248): Comparing against activity Posts
D/nofatclips(  248): Comparing against activity Dashboard
D/nofatclips(  248): Comparing against activity EditPost
D/nofatclips(  248): Comparing against activity Dashboard
D/nofatclips(  248): Comparing against activity Dashboard
D/nofatclips(  248): Comparing against activity EditPost
D/nofatclips(  248): Comparing against activity EditPost
D/nofatclips(  248): Comparing against activity EditPost
D/nofatclips(  248): Comparing against activity Preferences
D/nofatclips(  248): Comparing against activity SelectCategories
D/nofatclips(  248): Comparing against activity Posts
I/nofatclips(  248): Registering activity SelectCategories (id: a15) as a new found state
D/nofatclips(  248): Performing backup of the old activity list on disk
D/nofatclips(  248): Saving new found state 'a15' on disk
V/nofatclips(  248): Opening state file in append mode.
I/nofatclips(  248): Saved image on disk: a15.jpg
I/nofatclips(  248): Waiting for 100 msec.
I/nofatclips(  248): Session count is 1. Will dump to disk at 1
I/nofatclips(  248): Saving the session on disk.
D/dalvikvm(  248): GC_CONCURRENT freed 2075K, 49% free 4838K/9479K, external 4381K/4891K, paused 11ms+11ms
I/nofatclips(  248): Planning for new Activity SelectCategories
D/nofatclips(  248): Handling event 'click' on widget id=16908310 type=menuItem name=Refresh Categories
I/nofatclips(  248): Created trace to press the back button
I/nofatclips(  248): Created trace to press the menu button
I/nofatclips(  248): Created trace to change orientation
D/dalvikvm(   61): GC_EXPLICIT freed 313K, 46% free 4149K/7559K, external 1316K/1828K, paused 310ms
I/nofatclips(  248): Check for termination: 86 steps left of 100
I/nofatclips(  248): Dispatching new task. 2 more tasks remaining.
D/nofatclips(  248): Performing backup of the old task list on disk
D/nofatclips(  248): Saving task list on disk
V/nofatclips(  248): Backing up trace #167 to disk.
V/nofatclips(  248): Backing up trace #168 to disk.
D/nofatclips(  248): Deleting backup of the old task list from disk
D/nofatclips(  248): Deleting backup of the old activity list from disk
I/nofatclips(  248): Incrementally Playing Trace 168
I/nofatclips(  248): Retrieved from return list id=16908310
D/nofatclips(  248): Testing for type (com.android.internal.view.menu.IconMenuItemView) against the original (com.android.internal.view.menu.IconMenuItemView)
D/nofatclips(  248): Testing for name (Refresh Categories) against the original (Refresh Categories)
I/nofatclips(  248): Firing event: type= click index=1 widget=com.android.internal.view.menu.IconMenuItemView
W/KeyCharacterMap(  248): No keyboard for id 0
W/KeyCharacterMap(  248): Using default keymap: /system/usr/keychars/qwerty.kcm.bin
D/nofatclips(  248): Event description: Refresh Categories
I/nofatclips(  248): Waiting for 100 msec.
I/nofatclips(  248): Current activity is SelectCategories
I/nofatclips(  248): Retrieving widgets
D/nofatclips(  248): Found widget: id=16908290 (android.widget.FrameLayout@406905e8)
D/nofatclips(  248): Found widget: id=16908666 (com.android.internal.widget.WeightedLinearLayout@406b71e0)
D/nofatclips(  248): Found widget: id=16908667 (android.widget.LinearLayout@406b7458)
D/nofatclips(  248): Found widget: id=16908668 (android.widget.LinearLayout@40708c50)
D/nofatclips(  248): Found widget: id=16908294 (android.widget.ImageView@40708eb8)
D/nofatclips(  248): Found widget: id=16908669 (com.android.internal.widget.DialogTitle@40745ab8): Refreshing Categories
D/nofatclips(  248): Found widget: id=16908670 (android.widget.ImageView@406d1e00)
D/nofatclips(  248): Found widget: id=16908671 (android.widget.LinearLayout@406d1f50)
D/nofatclips(  248): Found widget: id=16908672 (android.widget.ScrollView@406d2118)
D/nofatclips(  248): Found widget: id=16908673 (android.widget.FrameLayout@4069c238)
D/nofatclips(  248): Found widget: id=16908331 (android.widget.FrameLayout@408198f8)
D/nofatclips(  248): Found widget: id=-1 (android.widget.FrameLayout@408a7048)
D/nofatclips(  248): Found widget: id=16908804 (android.widget.LinearLayout@40790400)
D/nofatclips(  248): Found widget: id=16908301 (android.widget.ProgressBar@40790580)
D/nofatclips(  248): Found widget: id=16908299 (android.widget.TextView@4065d030): Attempting to refresh categories
D/nofatclips(  248): Found widget: id=16908674 (android.widget.LinearLayout@40819b60)
D/nofatclips(  248): Found widget: id=-1 (android.widget.LinearLayout@40819d80)
D/nofatclips(  248): Found widget: id=16908675 (android.widget.LinearLayout@406e21e0)
D/nofatclips(  248): Found widget: id=16908313 (android.widget.Button@406e2400): 
D/nofatclips(  248): Found widget: id=16908315 (android.widget.Button@4079ca60): 
D/nofatclips(  248): Found widget: id=16908314 (android.widget.Button@4068c328): 
D/nofatclips(  248): Found widget: id=16908676 (android.widget.LinearLayout@40823cf8)
D/nofatclips(  248): Found widget: id=-1 (com.android.internal.policy.impl.PhoneWindow$DecorView@4066c8e8)
V/nicola  (  248): TextualID : null
V/nicola  (  248): ContentType detected : default
V/nicola  (  248): TextualID : null
V/nicola  (  248): ContentType detected : default
I/nofatclips(  248): Performing comparation for activity SelectCategories
D/nofatclips(  248): Comparing against activity SelectCategories
D/nofatclips(  248): Comparing against activity EditPost
D/nofatclips(  248): Comparing against activity EditPost
D/nofatclips(  248): Comparing against activity Posts
D/nofatclips(  248): Comparing against activity Dashboard
D/nofatclips(  248): Comparing against activity EditPost
D/nofatclips(  248): Comparing against activity Dashboard
D/nofatclips(  248): Comparing against activity SelectCategories
D/nofatclips(  248): Comparing against activity Dashboard
D/nofatclips(  248): Comparing against activity EditPost
D/nofatclips(  248): Comparing against activity EditPost
D/nofatclips(  248): Comparing against activity EditPost
D/nofatclips(  248): Comparing against activity Preferences
D/nofatclips(  248): Comparing against activity SelectCategories
D/nofatclips(  248): Comparing against activity Posts
I/nofatclips(  248): Registering activity SelectCategories (id: a16) as a new found state
D/nofatclips(  248): Performing backup of the old activity list on disk
D/nofatclips(  248): Saving new found state 'a16' on disk
V/nofatclips(  248): Opening state file in append mode.
D/dalvikvm(  248): GC_FOR_MALLOC freed 1952K, 50% free 4779K/9479K, external 4267K/4891K, paused 153ms
D/dalvikvm(  248): GC_FOR_MALLOC freed 254K, 52% free 4629K/9479K, external 4458K/4891K, paused 71ms
I/nofatclips(  248): Saved image on disk: a16.jpg
I/nofatclips(  248): Waiting for 100 msec.
I/nofatclips(  248): Session count is 1. Will dump to disk at 1
I/nofatclips(  248): Saving the session on disk.
I/WordPress(  248): response = HTTP/1.1 200 OK
I/nofatclips(  248): Planning for new Activity SelectCategories
I/nofatclips(  248): Created trace to press the back button
I/nofatclips(  248): Created trace to press the menu button
I/nofatclips(  248): Created trace to change orientation
W/InputManagerService(   61): Window already focused, ignoring focus gain of: com.android.internal.view.IInputMethodClient$Stub$Proxy@405e51d0
I/nofatclips(  248): Check for termination: 85 steps left of 100
I/nofatclips(  248): Dispatching new task. 2 more tasks remaining.
D/nofatclips(  248): Performing backup of the old task list on disk
D/nofatclips(  248): Saving task list on disk
V/nofatclips(  248): Backing up trace #170 to disk.
V/nofatclips(  248): Backing up trace #171 to disk.
D/nofatclips(  248): Deleting backup of the old task list from disk
D/nofatclips(  248): Deleting backup of the old activity list from disk
I/nofatclips(  248): Incrementally Playing Trace 171
I/nofatclips(  248): Retrieved from return list id=16908290
D/nofatclips(  248): Testing for type (android.widget.FrameLayout) against the original (null)
I/nofatclips(  248): Firing event: type= changeOrientation name= widget=null
W/KeyCharacterMap(  248): No keyboard for id 0
W/KeyCharacterMap(  248): Using default keymap: /system/usr/keychars/qwerty.kcm.bin
I/WindowManager(   61): Setting rotation to 0, animFlags=1
I/ActivityManager(   61): Config changed: { scale=1.0 imsi=310/260 loc=en_US touch=3 keys=2/1/2 nav=1/1 orien=1 layout=18 uiMode=17 seq=6}
I/nofatclips(  248): Waiting for 100 msec.
D/dalvikvm(  123): GC_CONCURRENT freed 228K, 51% free 2808K/5703K, external 973K/1038K, paused 27ms+102ms
I/nofatclips(  248): Current activity is SelectCategories
I/nofatclips(  248): Retrieving widgets
D/nofatclips(  248): Found widget: id=16908290 (android.widget.FrameLayout@406d40f0)
D/nofatclips(  248): Found widget: id=-1 (android.widget.LinearLayout@4071ef90)
D/nofatclips(  248): Found widget: id=2131165343 (android.widget.RelativeLayout@4073f418)
D/nofatclips(  248): Found widget: id=16908298 (android.widget.ListView@40626138)
D/nofatclips(  248): Found widget: id=-1 (android.widget.CheckedTextView@4065ad98): 61
D/nofatclips(  248): Found widget: id=-1 (android.widget.CheckedTextView@40712a80): Uncategorized
D/nofatclips(  248): Found widget: id=-1 (android.widget.RelativeLayout@4087adb8)
D/nofatclips(  248): Found widget: id=2131165344 (android.widget.ImageButton@405a3338)
D/nofatclips(  248): Found widget: id=2131165345 (android.widget.Button@40672e48): Done
D/nofatclips(  248): Found widget: id=-1 (com.android.internal.policy.impl.PhoneWindow$DecorView@4069a5d8)
V/ReflectionHelper(  248): android.widget.ListView > mOnFocusChangeListener FOUND | NOT ACTIVE
V/nicola  (  248): TextualID : null
V/nicola  (  248): ContentType detected : default
V/nicola  (  248): TextualID : null
V/nicola  (  248): ContentType detected : default
V/nicola  (  248): TextualID : categories_done
V/nicola  (  248): ContentType detected : default
I/nofatclips(  248): Performing comparation for activity SelectCategories
D/nofatclips(  248): Comparing against activity SelectCategories
D/nofatclips(  248): Comparing against activity EditPost
D/nofatclips(  248): Comparing against activity EditPost
D/nofatclips(  248): Comparing against activity Posts
D/nofatclips(  248): Comparing against activity Dashboard
D/nofatclips(  248): Comparing against activity EditPost
D/nofatclips(  248): Comparing against activity Dashboard
D/nofatclips(  248): Comparing against activity SelectCategories
D/nofatclips(  248): Comparing against activity Dashboard
D/nofatclips(  248): Comparing against activity EditPost
D/nofatclips(  248): Comparing against activity EditPost
D/nofatclips(  248): Comparing against activity EditPost
D/nofatclips(  248): Comparing against activity SelectCategories
D/nofatclips(  248): Comparing against activity Preferences
D/nofatclips(  248): Comparing against activity SelectCategories
D/nofatclips(  248): Comparing against activity Posts
I/nofatclips(  248): Registering activity SelectCategories (id: a17) as a new found state
D/nofatclips(  248): Performing backup of the old activity list on disk
D/nofatclips(  248): Saving new found state 'a17' on disk
V/nofatclips(  248): Opening state file in append mode.
D/dalvikvm(  248): GC_CONCURRENT freed 1887K, 50% free 4769K/9479K, external 4546K/4891K, paused 9ms+10ms
D/dalvikvm(  248): GC_EXTERNAL_ALLOC freed 109K, 51% free 4659K/9479K, external 4341K/4891K, paused 141ms
I/nofatclips(  248): Saved image on disk: a17.jpg
I/nofatclips(  248): Waiting for 100 msec.
I/nofatclips(  248): Session count is 1. Will dump to disk at 1
I/nofatclips(  248): Saving the session on disk.
I/nofatclips(  248): Planning for new Activity SelectCategories
D/nofatclips(  248): Handling event selectListItem for items [1,2] on multiChoiceList #16908298 count=2
D/nofatclips(  248): Handling event longClickListItem for items [1,2] on multiChoiceList #16908298 count=2
D/nofatclips(  248): Handling event 'click' on widget id=2131165344 type=button name=
D/nofatclips(  248): Handling event 'click' on widget id=2131165345 type=button name=Done
D/dalvikvm(   61): GC_EXPLICIT freed 50K, 46% free 4127K/7559K, external 1316K/1828K, paused 301ms
I/nofatclips(  248): Created trace to press the back button
I/nofatclips(  248): Created trace to press the menu button
I/nofatclips(  248): Created trace to change orientation
I/nofatclips(  248): Check for termination: 84 steps left of 100
I/nofatclips(  248): Dispatching new task. 2 more tasks remaining.
D/nofatclips(  248): Performing backup of the old task list on disk
D/nofatclips(  248): Saving task list on disk
V/nofatclips(  248): Backing up trace #179 to disk.
D/dalvikvm(  248): GC_CONCURRENT freed 2041K, 50% free 4775K/9479K, external 5335K/5914K, paused 3ms+4ms
V/nofatclips(  248): Backing up trace #180 to disk.
D/dalvikvm(  248): GC_FOR_MALLOC freed 328K, 50% free 4803K/9479K, external 4720K/5895K, paused 37ms
D/nofatclips(  248): Deleting backup of the old task list from disk
D/nofatclips(  248): Deleting backup of the old activity list from disk
I/nofatclips(  248): Incrementally Playing Trace 180
I/nofatclips(  248): Retrieved from return list id=16908298
D/nofatclips(  248): Testing for type (android.widget.ListView) against the original (android.widget.ListView)
D/nofatclips(  248): Testing for name () against the original ()
I/nofatclips(  248): Firing event: type= selectListItem index=3 widget=android.widget.ListView
I/nofatclips(  248): Swapping to listview item 2
D/nofatclips(  248): Event description: Uncategorized
I/nofatclips(  248): Waiting for 100 msec.
I/nofatclips(  248): Current activity is SelectCategories
I/nofatclips(  248): Retrieving widgets
D/nofatclips(  248): Found widget: id=16908290 (android.widget.FrameLayout@406d40f0)
D/nofatclips(  248): Found widget: id=-1 (android.widget.LinearLayout@4071ef90)
D/nofatclips(  248): Found widget: id=2131165343 (android.widget.RelativeLayout@4073f418)
D/nofatclips(  248): Found widget: id=16908298 (android.widget.ListView@40626138)
D/nofatclips(  248): Found widget: id=-1 (android.widget.CheckedTextView@40712a80): 61
D/nofatclips(  248): Found widget: id=-1 (android.widget.CheckedTextView@4065ad98): Uncategorized
D/nofatclips(  248): Found widget: id=-1 (android.widget.RelativeLayout@4087adb8)
D/nofatclips(  248): Found widget: id=2131165344 (android.widget.ImageButton@405a3338)
D/nofatclips(  248): Found widget: id=2131165345 (android.widget.Button@40672e48): Done
D/nofatclips(  248): Found widget: id=-1 (com.android.internal.policy.impl.PhoneWindow$DecorView@4069a5d8)
V/ReflectionHelper(  248): android.widget.ListView > mOnFocusChangeListener FOUND | NOT ACTIVE
V/nicola  (  248): TextualID : null
V/nicola  (  248): ContentType detected : default
V/nicola  (  248): TextualID : null
V/nicola  (  248): ContentType detected : default
V/nicola  (  248): TextualID : categories_done
V/nicola  (  248): ContentType detected : default
I/nofatclips(  248): Performing comparation for activity SelectCategories
D/nofatclips(  248): Comparing against activity SelectCategories
D/nofatclips(  248): Comparing against activity EditPost
D/nofatclips(  248): Comparing against activity EditPost
D/nofatclips(  248): Comparing against activity Posts
D/nofatclips(  248): Comparing against activity Dashboard
D/nofatclips(  248): Comparing against activity EditPost
D/nofatclips(  248): Comparing against activity Dashboard
D/nofatclips(  248): Comparing against activity SelectCategories
D/nofatclips(  248): Comparing against activity Dashboard
D/nofatclips(  248): Comparing against activity EditPost
D/nofatclips(  248): Comparing against activity EditPost
D/nofatclips(  248): Comparing against activity EditPost
D/nofatclips(  248): Comparing against activity SelectCategories
D/nofatclips(  248): Comparing against activity Preferences
D/nofatclips(  248): Comparing against activity SelectCategories
D/nofatclips(  248): Comparing against activity SelectCategories
D/nofatclips(  248): Comparing against activity Posts
I/nofatclips(  248): Registering activity SelectCategories (id: a18) as a new found state
D/nofatclips(  248): Performing backup of the old activity list on disk
D/nofatclips(  248): Saving new found state 'a18' on disk
V/nofatclips(  248): Opening state file in append mode.
I/nofatclips(  248): Saved image on disk: a18.jpg
I/nofatclips(  248): Waiting for 100 msec.
I/nofatclips(  248): Session count is 1. Will dump to disk at 1
I/nofatclips(  248): Saving the session on disk.
D/dalvikvm(  248): GC_FOR_MALLOC freed 787K, 50% free 4760K/9479K, external 5320K/5895K, paused 113ms
D/dalvikvm(  248): GC_FOR_MALLOC freed 147K, 51% free 4713K/9479K, external 4720K/5895K, paused 92ms
I/nofatclips(  248): Planning for new Activity SelectCategories
D/nofatclips(  248): Handling event selectListItem for items [1,2] on multiChoiceList #16908298 count=2
D/nofatclips(  248): Handling event longClickListItem for items [1,2] on multiChoiceList #16908298 count=2
D/nofatclips(  248): Handling event 'click' on widget id=2131165344 type=button name=
D/nofatclips(  248): Handling event 'click' on widget id=2131165345 type=button name=Done
I/nofatclips(  248): Created trace to press the back button
I/nofatclips(  248): Created trace to press the menu button
I/nofatclips(  248): Created trace to change orientation
I/nofatclips(  248): Check for termination: 83 steps left of 100
I/nofatclips(  248): Dispatching new task. 2 more tasks remaining.
D/nofatclips(  248): Performing backup of the old task list on disk
D/nofatclips(  248): Saving task list on disk
V/nofatclips(  248): Backing up trace #188 to disk.
D/dalvikvm(  248): GC_CONCURRENT freed 1943K, 50% free 4816K/9479K, external 4720K/5895K, paused 3ms+3ms
V/nofatclips(  248): Backing up trace #189 to disk.
D/nofatclips(  248): Deleting backup of the old task list from disk
D/nofatclips(  248): Deleting backup of the old activity list from disk
I/nofatclips(  248): Incrementally Playing Trace 189
D/nofatclips(  248): Firing event: type= back
W/KeyCharacterMap(  248): No keyboard for id 0
W/KeyCharacterMap(  248): Using default keymap: /system/usr/keychars/qwerty.kcm.bin
I/nofatclips(  248): Waiting for 100 msec.
I/nofatclips(  248): Current activity is EditPost
I/nofatclips(  248): Retrieving widgets
D/nofatclips(  248): Found widget: id=-1 (android.widget.LinearLayout@406be798)
D/nofatclips(  248): Found widget: id=-1 (android.widget.FrameLayout@406bef80)
D/nofatclips(  248): Found widget: id=16908310 (android.widget.TextView@40673338): Katie&#039;s Sweet Testing Blog - Edit Post
D/nofatclips(  248): Found widget: id=16908290 (android.widget.FrameLayout@40674070)
D/nofatclips(  248): Found widget: id=-1 (android.widget.LinearLayout@40600db0)
D/nofatclips(  248): Found widget: id=-1 (android.widget.ScrollView@40600fc0)
D/nofatclips(  248): Found widget: id=-1 (android.widget.LinearLayout@40601600)
D/nofatclips(  248): Found widget: id=2131165209 (android.widget.RelativeLayout@40601870)
D/nofatclips(  248): Found widget: id=2131165210 (android.widget.TextView@40602460): Post Content
D/nofatclips(  248): Found widget: id=2131165236 (android.widget.EditText@4064fb48): 90
D/nofatclips(  248): Found widget: id=2131165265 (org.wordpress.android.util.WPEditText@4070a5f8): 8
D/nofatclips(  248): 
D/nofatclips(  248): Found widget: id=2131165266 (android.widget.RelativeLayout@406bf8b8)
D/nofatclips(  248): Found widget: id=2131165267 (android.widget.TextView@406bfe98): Tags & Categories
D/nofatclips(  248): Found widget: id=2131165268 (android.widget.EditText@406c0960): 85
D/nofatclips(  248): Found widget: id=2131165269 (android.widget.Button@40689c48): Select Categories
D/nofatclips(  248): Found widget: id=2131165270 (android.widget.TextView@4068ad48): Selected categories: Uncategorized
D/nofatclips(  248): Found widget: id=2131165271 (android.widget.RelativeLayout@4068b2a0)
D/nofatclips(  248): Found widget: id=2131165272 (android.widget.RelativeLayout@4070f0d8)
D/nofatclips(  248): Found widget: id=2131165273 (android.widget.TextView@4070f648): Location
D/nofatclips(  248): Found widget: id=2131165274 (android.widget.TextView@4070ff90): Loading...
D/nofatclips(  248): Found widget: id=2131165275 (android.widget.Button@407105f8): View Map
D/nofatclips(  248): Found widget: id=2131165276 (android.widget.Button@40679890): Update Location
D/nofatclips(  248): Found widget: id=2131165277 (android.widget.RelativeLayout@4067a040)
D/nofatclips(  248): Found widget: id=2131165278 (android.widget.TextView@4067a620): Settings
D/nofatclips(  248): Found widget: id=2131165279 (android.widget.TextView@4067af20): Status:
D/nofatclips(  248): Found widget: id=2131165280 (android.widget.Spinner@405cb2e0)
D/nofatclips(  248): Found widget: id=2131165281 (android.widget.TextView@405cc488): Publish:
D/nofatclips(  248): Found widget: id=2131165282 (android.widget.TextView@405ccb38): 9:01pm, Jul 22, 2014
D/nofatclips(  248): Found widget: id=2131165283 (android.widget.Button@406558b0): Edit
D/nofatclips(  248): Found widget: id=2131165284 (android.widget.TextView@40656090): Post Format:
D/nofatclips(  248): Found widget: id=2131165285 (android.widget.Spinner@406565d8)
D/nofatclips(  248): Found widget: id=16908308 (android.widget.TextView@406df8d0): Audio
D/nofatclips(  248): Found widget: id=2131165286 (android.widget.EditText@40656c80): 45
D/nofatclips(  248): Found widget: id=2131165287 (android.widget.Button@40623810): Save
D/nofatclips(  248): Found widget: id=-1 (com.android.internal.policy.impl.PhoneWindow$DecorView@406be390)
V/nicola  (  248): TextualID : null
V/nicola  (  248): ContentType detected : default
V/nicola  (  248): TextualID : l_section1
V/nicola  (  248): ContentType detected : default
V/ReflectionHelper(  248): android.widget.EditText > mOnFocusChangeListener FOUND | NOT ACTIVE
V/nicola  (  248): TextualID : title
V/nicola  (  248): ContentType detected : default
V/ReflectionHelper(  248): org.wordpress.android.util.WPEditText > mOnFocusChangeListener FOUND | ACTIVE
V/nicola  (  248): TextualID : postContent
V/nicola  (  248): ContentType detected : default
V/nicola  (  248): TextualID : l_tags_categories
V/nicola  (  248): ContentType detected : default
V/ReflectionHelper(  248): android.widget.EditText > mOnFocusChangeListener FOUND | NOT ACTIVE
V/nicola  (  248): TextualID : tags
V/nicola  (  248): ContentType detected : default
V/nicola  (  248): TextualID : selectCategories
V/nicola  (  248): ContentType detected : default
V/nicola  (  248): TextualID : selectedCategories
V/nicola  (  248): ContentType detected : default
V/nicola  (  248): TextualID : l_status
V/nicola  (  248): ContentType detected : default
V/nicola  (  248): TextualID : statusLabel
V/nicola  (  248): ContentType detected : default
V/nicola  (  248): TextualID : pubDateLabel
V/nicola  (  248): ContentType detected : default
V/nicola  (  248): TextualID : pubDate
V/nicola  (  248): ContentType detected : default
V/nicola  (  248): TextualID : pubDateButton
V/nicola  (  248): ContentType detected : default
V/nicola  (  248): TextualID : postFormatLabel
V/nicola  (  248): ContentType detected : default
V/nicola  (  248): TextualID : null
V/nicola  (  248): ContentType detected : default
V/ReflectionHelper(  248): android.widget.EditText > mOnFocusChangeListener FOUND | NOT ACTIVE
V/nicola  (  248): TextualID : post_password
V/nicola  (  248): ContentType detected : default
V/nicola  (  248): TextualID : post
V/nicola  (  248): ContentType detected : default
I/nofatclips(  248): Performing comparation for activity EditPost
D/nofatclips(  248): Comparing against activity SelectCategories
D/nofatclips(  248): Comparing against activity EditPost
D/nofatclips(  248): Comparing against activity EditPost
D/nofatclips(  248): Comparing against activity Posts
D/nofatclips(  248): Comparing against activity Dashboard
D/nofatclips(  248): Comparing against activity EditPost
D/nofatclips(  248): Comparing against activity Dashboard
D/nofatclips(  248): Comparing against activity SelectCategories
D/nofatclips(  248): Comparing against activity Dashboard
D/nofatclips(  248): Comparing against activity EditPost
D/nofatclips(  248): Comparing against activity EditPost
D/nofatclips(  248): Comparing against activity SelectCategories
D/nofatclips(  248): Comparing against activity EditPost
D/nofatclips(  248): Comparing against activity SelectCategories
D/nofatclips(  248): Comparing against activity Preferences
D/nofatclips(  248): Comparing against activity SelectCategories
D/nofatclips(  248): Comparing against activity SelectCategories
D/nofatclips(  248): Comparing against activity Posts
I/nofatclips(  248): Registering activity EditPost (id: a19) as a new found state
D/nofatclips(  248): Performing backup of the old activity list on disk
D/nofatclips(  248): Saving new found state 'a19' on disk
V/nofatclips(  248): Opening state file in append mode.
I/nofatclips(  248): Saved image on disk: a19.jpg
I/nofatclips(  248): Waiting for 100 msec.
I/nofatclips(  248): Session count is 1. Will dump to disk at 1
I/nofatclips(  248): Saving the session on disk.
D/dalvikvm(  248): GC_FOR_MALLOC freed 1119K, 50% free 4771K/9479K, external 5320K/5895K, paused 97ms
D/dalvikvm(  248): GC_FOR_MALLOC freed 594K, 53% free 4487K/9479K, external 3916K/4891K, paused 80ms
I/nofatclips(  248): Planning for new Activity EditPost
D/nofatclips(  248): Handling event 'focus' on widget id=2131165265 type=focusableEditText name=Content
D/nofatclips(  248): Handling input 'writeText' on widget id=2131165236 type=editText name=Title
V/nofatclips(  248): Using value: 90
D/nofatclips(  248): Handling input 'writeText' on widget id=2131165268 type=editText name=Tags (separate tags with commas)
V/nofatclips(  248): Using value: 85
D/nofatclips(  248): Handling input 'writeText' on widget id=2131165286 type=editText name=Password (optional)
V/nofatclips(  248): Using value: 45
D/nofatclips(  248): Handling event 'click' on widget id=2131165269 type=button name=Select Categories
D/nofatclips(  248): Handling input 'writeText' on widget id=2131165236 type=editText name=Title
V/nofatclips(  248): Using value: 90
D/nofatclips(  248): Handling input 'writeText' on widget id=2131165268 type=editText name=Tags (separate tags with commas)
V/nofatclips(  248): Using value: 85
D/nofatclips(  248): Handling input 'writeText' on widget id=2131165286 type=editText name=Password (optional)
V/nofatclips(  248): Using value: 45
D/nofatclips(  248): Handling event 'click' on widget id=2131165283 type=button name=Edit
D/nofatclips(  248): Handling input 'writeText' on widget id=2131165236 type=editText name=Title
V/nofatclips(  248): Using value: 90
D/nofatclips(  248): Handling input 'writeText' on widget id=2131165268 type=editText name=Tags (separate tags with commas)
V/nofatclips(  248): Using value: 85
D/nofatclips(  248): Handling input 'writeText' on widget id=2131165286 type=editText name=Password (optional)
V/nofatclips(  248): Using value: 45
D/nofatclips(  248): Handling event selectSpinnerItem for items [1,10] on spinner #2131165285 count=10
D/nofatclips(  248): Handling input 'writeText' on widget id=2131165236 type=editText name=Title
V/nofatclips(  248): Using value: 90
D/nofatclips(  248): Handling input 'writeText' on widget id=2131165268 type=editText name=Tags (separate tags with commas)
V/nofatclips(  248): Using value: 85
D/nofatclips(  248): Handling input 'writeText' on widget id=2131165286 type=editText name=Password (optional)
V/nofatclips(  248): Using value: 45
D/nofatclips(  248): Handling input 'writeText' on widget id=2131165236 type=editText name=Title
V/nofatclips(  248): Using value: 90
D/nofatclips(  248): Handling input 'writeText' on widget id=2131165268 type=editText name=Tags (separate tags with commas)
V/nofatclips(  248): Using value: 85
D/nofatclips(  248): Handling input 'writeText' on widget id=2131165286 type=editText name=Password (optional)
V/nofatclips(  248): Using value: 45
D/nofatclips(  248): Handling input 'writeText' on widget id=2131165236 type=editText name=Title
V/nofatclips(  248): Using value: 90
D/nofatclips(  248): Handling input 'writeText' on widget id=2131165268 type=editText name=Tags (separate tags with commas)
V/nofatclips(  248): Using value: 85
D/nofatclips(  248): Handling input 'writeText' on widget id=2131165286 type=editText name=Password (optional)
V/nofatclips(  248): Using value: 45
D/nofatclips(  248): Handling input 'writeText' on widget id=2131165236 type=editText name=Title
V/nofatclips(  248): Using value: 90
D/nofatclips(  248): Handling input 'writeText' on widget id=2131165268 type=editText name=Tags (separate tags with commas)
V/nofatclips(  248): Using value: 85
D/nofatclips(  248): Handling input 'writeText' on widget id=2131165286 type=editText name=Password (optional)
V/nofatclips(  248): Using value: 45
D/nofatclips(  248): Handling input 'writeText' on widget id=2131165236 type=editText name=Title
V/nofatclips(  248): Using value: 90
D/nofatclips(  248): Handling input 'writeText' on widget id=2131165268 type=editText name=Tags (separate tags with commas)
V/nofatclips(  248): Using value: 85
D/nofatclips(  248): Handling input 'writeText' on widget id=2131165286 type=editText name=Password (optional)
V/nofatclips(  248): Using value: 45
D/nofatclips(  248): Handling input 'writeText' on widget id=2131165236 type=editText name=Title
V/nofatclips(  248): Using value: 90
D/nofatclips(  248): Handling input 'writeText' on widget id=2131165268 type=editText name=Tags (separate tags with commas)
V/nofatclips(  248): Using value: 85
D/nofatclips(  248): Handling input 'writeText' on widget id=2131165286 type=editText name=Password (optional)
V/nofatclips(  248): Using value: 45
D/nofatclips(  248): Handling input 'writeText' on widget id=2131165236 type=editText name=Title
V/nofatclips(  248): Using value: 90
D/nofatclips(  248): Handling input 'writeText' on widget id=2131165268 type=editText name=Tags (separate tags with commas)
V/nofatclips(  248): Using value: 85
D/nofatclips(  248): Handling input 'writeText' on widget id=2131165286 type=editText name=Password (optional)
V/nofatclips(  248): Using value: 45
D/nofatclips(  248): Handling input 'writeText' on widget id=2131165236 type=editText name=Title
V/nofatclips(  248): Using value: 90
D/nofatclips(  248): Handling input 'writeText' on widget id=2131165268 type=editText name=Tags (separate tags with commas)
V/nofatclips(  248): Using value: 85
D/nofatclips(  248): Handling input 'writeText' on widget id=2131165286 type=editText name=Password (optional)
V/nofatclips(  248): Using value: 45
D/nofatclips(  248): Handling input 'writeText' on widget id=2131165236 type=editText name=Title
V/nofatclips(  248): Using value: 90
D/nofatclips(  248): Handling input 'writeText' on widget id=2131165268 type=editText name=Tags (separate tags with commas)
V/nofatclips(  248): Using value: 85
D/nofatclips(  248): Handling input 'writeText' on widget id=2131165286 type=editText name=Password (optional)
V/nofatclips(  248): Using value: 45
D/nofatclips(  248): Handling input 'writeText' on widget id=2131165236 type=editText name=Title
V/nofatclips(  248): Using value: 90
D/nofatclips(  248): Handling input 'writeText' on widget id=2131165268 type=editText name=Tags (separate tags with commas)
V/nofatclips(  248): Using value: 85
D/nofatclips(  248): Handling input 'writeText' on widget id=2131165286 type=editText name=Password (optional)
V/nofatclips(  248): Using value: 45
D/nofatclips(  248): Handling event 'click' on widget id=2131165287 type=button name=Save
D/nofatclips(  248): Handling input 'writeText' on widget id=2131165236 type=editText name=Title
V/nofatclips(  248): Using value: 90
D/nofatclips(  248): Handling input 'writeText' on widget id=2131165268 type=editText name=Tags (separate tags with commas)
V/nofatclips(  248): Using value: 85
D/nofatclips(  248): Handling input 'writeText' on widget id=2131165286 type=editText name=Password (optional)
V/nofatclips(  248): Using value: 45
I/nofatclips(  248): Created trace to press the back button
I/nofatclips(  248): Created trace to press the menu button
I/nofatclips(  248): Created trace to change orientation
D/dalvikvm(  248): GC_CONCURRENT freed 1788K, 51% free 4660K/9479K, external 3916K/4891K, paused 3ms+4ms
D/dalvikvm(  248): GC_CONCURRENT freed 2106K, 52% free 4573K/9479K, external 3916K/4891K, paused 4ms+4ms
I/nofatclips(  248): Check for termination: 82 steps left of 100
I/nofatclips(  248): Dispatching new task. 2 more tasks remaining.
D/nofatclips(  248): Performing backup of the old task list on disk
D/nofatclips(  248): Saving task list on disk
V/nofatclips(  248): Backing up trace #205 to disk.
D/dalvikvm(  248): GC_FOR_MALLOC freed 469K, 52% free 4583K/9479K, external 3916K/4891K, paused 41ms
I/dalvikvm-heap(  248): Grow heap (frag case) to 10.878MB for 35528-byte allocation
D/dalvikvm(  248): GC_FOR_MALLOC freed <1K, 52% free 4618K/9543K, external 3916K/4891K, paused 36ms
V/nofatclips(  248): Backing up trace #206 to disk.
D/dalvikvm(  248): GC_FOR_MALLOC freed 173K, 52% free 4605K/9543K, external 3916K/4891K, paused 38ms
D/dalvikvm(  248): GC_FOR_MALLOC freed 31K, 52% free 4650K/9543K, external 3916K/4891K, paused 36ms
I/dalvikvm-heap(  248): Grow heap (frag case) to 10.942MB for 33604-byte allocation
D/dalvikvm(  248): GC_FOR_MALLOC freed 0K, 52% free 4683K/9607K, external 3916K/4891K, paused 36ms
D/nofatclips(  248): Deleting backup of the old task list from disk
D/nofatclips(  248): Deleting backup of the old activity list from disk
I/nofatclips(  248): Incrementally Playing Trace 206
I/nofatclips(  248): Retrieved from return list id=-1
D/nofatclips(  248): Testing for type (android.widget.LinearLayout) against the original (null)
I/nofatclips(  248): Firing event: type= changeOrientation name= widget=null
I/WindowManager(   61): Setting rotation to 1, animFlags=1
I/ActivityManager(   61): Config changed: { scale=1.0 imsi=310/260 loc=en_US touch=3 keys=2/1/2 nav=1/1 orien=2 layout=18 uiMode=17 seq=7}
I/nofatclips(  248): Waiting for 100 msec.
I/nofatclips(  248): Current activity is EditPost
I/nofatclips(  248): Retrieving widgets
D/nofatclips(  248): Found widget: id=-1 (android.widget.LinearLayout@406be798)
D/nofatclips(  248): Found widget: id=-1 (android.widget.FrameLayout@406bef80)
D/nofatclips(  248): Found widget: id=16908310 (android.widget.TextView@40673338): Katie&#039;s Sweet Testing Blog - Edit Post
D/nofatclips(  248): Found widget: id=16908290 (android.widget.FrameLayout@40674070)
D/nofatclips(  248): Found widget: id=-1 (android.widget.LinearLayout@40600db0)
D/nofatclips(  248): Found widget: id=-1 (android.widget.ScrollView@40600fc0)
D/nofatclips(  248): Found widget: id=-1 (android.widget.LinearLayout@40601600)
D/nofatclips(  248): Found widget: id=2131165209 (android.widget.RelativeLayout@40601870)
D/nofatclips(  248): Found widget: id=2131165210 (android.widget.TextView@40602460): Post Content
D/nofatclips(  248): Found widget: id=2131165236 (android.widget.EditText@4064fb48): 90
D/nofatclips(  248): Found widget: id=2131165265 (org.wordpress.android.util.WPEditText@4070a5f8): 8
D/nofatclips(  248): 
D/nofatclips(  248): Found widget: id=2131165266 (android.widget.RelativeLayout@406bf8b8)
D/nofatclips(  248): Found widget: id=2131165267 (android.widget.TextView@406bfe98): Tags & Categories
D/nofatclips(  248): Found widget: id=2131165268 (android.widget.EditText@406c0960): 85
D/nofatclips(  248): Found widget: id=2131165269 (android.widget.Button@40689c48): Select Categories
D/nofatclips(  248): Found widget: id=2131165270 (android.widget.TextView@4068ad48): Selected categories: Uncategorized
D/nofatclips(  248): Found widget: id=2131165271 (android.widget.RelativeLayout@4068b2a0)
D/nofatclips(  248): Found widget: id=2131165272 (android.widget.RelativeLayout@4070f0d8)
D/nofatclips(  248): Found widget: id=2131165273 (android.widget.TextView@4070f648): Location
D/nofatclips(  248): Found widget: id=2131165274 (android.widget.TextView@4070ff90): Loading...
D/nofatclips(  248): Found widget: id=2131165275 (android.widget.Button@407105f8): View Map
D/nofatclips(  248): Found widget: id=2131165276 (android.widget.Button@40679890): Update Location
D/nofatclips(  248): Found widget: id=2131165277 (android.widget.RelativeLayout@4067a040)
D/nofatclips(  248): Found widget: id=2131165278 (android.widget.TextView@4067a620): Settings
D/nofatclips(  248): Found widget: id=2131165279 (android.widget.TextView@4067af20): Status:
D/nofatclips(  248): Found widget: id=2131165280 (android.widget.Spinner@405cb2e0)
D/nofatclips(  248): Found widget: id=2131165281 (android.widget.TextView@405cc488): Publish:
D/nofatclips(  248): Found widget: id=2131165282 (android.widget.TextView@405ccb38): 9:01pm, Jul 22, 2014
D/nofatclips(  248): Found widget: id=2131165283 (android.widget.Button@406558b0): Edit
D/nofatclips(  248): Found widget: id=2131165284 (android.widget.TextView@40656090): Post Format:
D/nofatclips(  248): Found widget: id=2131165285 (android.widget.Spinner@406565d8)
D/nofatclips(  248): Found widget: id=16908308 (android.widget.TextView@406df8d0): Audio
D/nofatclips(  248): Found widget: id=2131165286 (android.widget.EditText@40656c80): 45
