D/dalvikvm(  248): GC_FOR_MALLOC freed 406K, 50% free 5388K/10631K, external 4257K/4623K, paused 45ms
D/dalvikvm(  248): GC_FOR_MALLOC freed 259K, 49% free 5463K/10631K, external 4257K/4623K, paused 44ms
D/dalvikvm(  248): GC_FOR_MALLOC freed 260K, 50% free 5388K/10631K, external 4257K/4623K, paused 46ms
D/dalvikvm(  248): GC_FOR_MALLOC freed 298K, 49% free 5500K/10631K, external 4257K/4623K, paused 46ms
D/dalvikvm(  248): GC_FOR_MALLOC freed 186K, 49% free 5463K/10631K, external 4257K/4623K, paused 56ms
D/dalvikvm(  248): GC_FOR_MALLOC freed 261K, 49% free 5463K/10631K, external 4257K/4623K, paused 45ms
D/dalvikvm(  248): GC_FOR_MALLOC freed 261K, 49% free 5464K/10631K, external 4257K/4623K, paused 45ms
D/dalvikvm(  248): GC_FOR_MALLOC freed 336K, 49% free 5501K/10631K, external 4257K/4623K, paused 45ms
D/dalvikvm(  248): GC_FOR_MALLOC freed 187K, 49% free 5464K/10631K, external 4257K/4623K, paused 45ms
D/dalvikvm(  248): GC_FOR_MALLOC freed 337K, 49% free 5502K/10631K, external 4257K/4623K, paused 44ms
D/dalvikvm(  248): GC_FOR_MALLOC freed 187K, 49% free 5464K/10631K, external 4257K/4623K, paused 45ms
D/dalvikvm(  248): GC_FOR_MALLOC freed 413K, 50% free 5389K/10631K, external 4257K/4623K, paused 44ms
D/dalvikvm(  248): GC_FOR_MALLOC freed 301K, 49% free 5502K/10631K, external 4257K/4623K, paused 49ms
D/dalvikvm(  248): GC_FOR_MALLOC freed 263K, 49% free 5502K/10631K, external 4257K/4623K, paused 49ms
D/dalvikvm(  248): GC_FOR_MALLOC freed 264K, 49% free 5503K/10631K, external 4257K/4623K, paused 48ms
D/dalvikvm(  248): GC_FOR_MALLOC freed 264K, 50% free 5390K/10631K, external 4257K/4623K, paused 48ms
D/dalvikvm(  248): GC_FOR_MALLOC freed 264K, 49% free 5466K/10631K, external 4257K/4623K, paused 46ms
D/dalvikvm(  248): GC_FOR_MALLOC freed 265K, 49% free 5466K/10631K, external 4257K/4623K, paused 47ms
D/dalvikvm(  248): GC_FOR_MALLOC freed 266K, 49% free 5467K/10631K, external 4257K/4623K, paused 45ms
D/dalvikvm(  248): GC_FOR_MALLOC freed 267K, 49% free 5468K/10631K, external 4257K/4623K, paused 49ms
D/dalvikvm(  248): GC_FOR_MALLOC freed 347K, 50% free 5391K/10631K, external 4257K/4623K, paused 48ms
D/dalvikvm(  248): GC_FOR_MALLOC freed 347K, 50% free 5391K/10631K, external 4257K/4623K, paused 47ms
D/dalvikvm(  248): GC_FOR_MALLOC freed 348K, 50% free 5392K/10631K, external 4257K/4623K, paused 48ms
D/dalvikvm(  248): GC_FOR_MALLOC freed 271K, 49% free 5469K/10631K, external 4257K/4623K, paused 49ms
D/dalvikvm(  248): GC_FOR_MALLOC freed 349K, 50% free 5392K/10631K, external 4257K/4623K, paused 48ms
D/dalvikvm(  248): GC_FOR_MALLOC freed 272K, 49% free 5470K/10631K, external 4257K/4623K, paused 52ms
D/dalvikvm(  248): GC_FOR_MALLOC freed 272K, 50% free 5392K/10631K, external 4257K/4623K, paused 47ms
D/dalvikvm(  248): GC_FOR_MALLOC freed 351K, 50% free 5392K/10631K, external 4257K/4623K, paused 45ms
D/dalvikvm(  248): GC_FOR_MALLOC freed 352K, 50% free 5392K/10631K, external 4257K/4623K, paused 46ms
D/dalvikvm(  248): GC_FOR_MALLOC freed 274K, 49% free 5471K/10631K, external 4257K/4623K, paused 49ms
D/dalvikvm(  248): GC_FOR_MALLOC freed 274K, 50% free 5392K/10631K, external 4257K/4623K, paused 47ms
D/dalvikvm(  248): GC_FOR_MALLOC freed 353K, 49% free 5471K/10631K, external 4257K/4623K, paused 45ms
D/dalvikvm(  248): GC_FOR_MALLOC freed 354K, 50% free 5393K/10631K, external 4257K/4623K, paused 45ms
I/ActivityManager(   61): Starting: Intent { act=android.intent.action.CHOOSER cmp=android/com.android.internal.app.ChooserActivity (has extras) } from pid 248
I/nofatclips(  248): Session count is 1. Will dump to disk at 1
I/nofatclips(  248): Saving the session on disk.
W/InputManagerService(   61): Window already focused, ignoring focus gain of: com.android.internal.view.IInputMethodClient$Stub$Proxy@40655378
D/dalvikvm(  248): GC_FOR_MALLOC freed 830K, 50% free 5328K/10631K, external 3686K/4603K, paused 51ms
I/nofatclips(  248): Planning for new Activity Posts
I/nofatclips(  248): Created trace to press the back button
I/nofatclips(  248): Created trace to press the menu button
I/nofatclips(  248): Created trace to change orientation
I/dalvikvm(   61): Jit: resizing JitTable from 1024 to 2048
I/ActivityManager(   61): Displayed android/com.android.internal.app.ChooserActivity: +1s399ms
I/nofatclips(  248): Check for termination: 69 steps left of 100
I/nofatclips(  248): Dispatching new task. 2 more tasks remaining.
D/nofatclips(  248): Performing backup of the old task list on disk
D/nofatclips(  248): Saving task list on disk
V/nofatclips(  248): Backing up trace #360 to disk.
V/nofatclips(  248): Backing up trace #361 to disk.
D/dalvikvm(  248): GC_CONCURRENT freed 1802K, 49% free 5485K/10631K, external 3686K/4367K, paused 4ms+3ms
D/nofatclips(  248): Deleting backup of the old task list from disk
D/nofatclips(  248): Deleting backup of the old activity list from disk
I/nofatclips(  248): Incrementally Playing Trace 361
I/nofatclips(  248): Retrieved from return list id=16908290
D/nofatclips(  248): Testing for type (android.widget.FrameLayout) against the original (null)
I/nofatclips(  248): Firing event: type= changeOrientation name= widget=null
I/WindowManager(   61): Setting rotation to 1, animFlags=1
I/ActivityManager(   61): Config changed: { scale=1.0 imsi=310/260 loc=en_US touch=3 keys=2/1/2 nav=1/1 orien=2 layout=18 uiMode=17 seq=9}
I/nofatclips(  248): Waiting for 100 msec.
I/nofatclips(  248): Current activity is com.android.internal.app.ChooserActivity
I/nofatclips(  248): Retrieving widgets
D/nofatclips(  248): Found widget: id=16908290 (android.widget.FrameLayout@407ec638)
D/nofatclips(  248): Found widget: id=16908666 (com.android.internal.widget.WeightedLinearLayout@407f0888)
D/nofatclips(  248): Found widget: id=16908667 (android.widget.LinearLayout@407f0a40)
D/nofatclips(  248): Found widget: id=16908668 (android.widget.LinearLayout@407ffb58)
D/nofatclips(  248): Found widget: id=16908294 (android.widget.ImageView@40809448)
D/nofatclips(  248): Found widget: id=16908669 (com.android.internal.widget.DialogTitle@4065faa0): Share Post
D/nofatclips(  248): Found widget: id=16908670 (android.widget.ImageView@40823c98)
D/nofatclips(  248): Found widget: id=16908671 (android.widget.LinearLayout@40827978)
D/nofatclips(  248): Found widget: id=16908823 (com.android.internal.app.AlertController$RecycleListView@4054d3d0)
D/nofatclips(  248): Found widget: id=-1 (android.widget.LinearLayout@408992b0)
D/nofatclips(  248): Found widget: id=16908294 (android.widget.ImageView@408a6330)
D/nofatclips(  248): Found widget: id=-1 (android.widget.LinearLayout@408a71f8)
D/nofatclips(  248): Found widget: id=16908308 (android.widget.TextView@407b29e0): Messaging
D/nofatclips(  248): Found widget: id=16908309 (android.widget.TextView@4094bbe8): 
D/nofatclips(  248): Found widget: id=-1 (android.widget.LinearLayout@4086ff80)
D/nofatclips(  248): Found widget: id=16908294 (android.widget.ImageView@4087d3b8)
D/nofatclips(  248): Found widget: id=-1 (android.widget.LinearLayout@40894aa8)
D/nofatclips(  248): Found widget: id=16908308 (android.widget.TextView@406a2dc8): WordPress
D/nofatclips(  248): Found widget: id=16908309 (android.widget.TextView@406daf50): 
D/nofatclips(  248): Found widget: id=16908673 (android.widget.FrameLayout@4082af28)
D/nofatclips(  248): Found widget: id=16908331 (android.widget.FrameLayout@40831948)
D/nofatclips(  248): Found widget: id=16908674 (android.widget.LinearLayout@4083d7a0)
D/nofatclips(  248): Found widget: id=-1 (android.widget.LinearLayout@4083f848)
D/nofatclips(  248): Found widget: id=16908675 (android.widget.LinearLayout@4085a920)
D/nofatclips(  248): Found widget: id=16908313 (android.widget.Button@407248e0): 
D/nofatclips(  248): Found widget: id=16908315 (android.widget.Button@4089d058): 
D/nofatclips(  248): Found widget: id=16908314 (android.widget.Button@40987190): 
D/nofatclips(  248): Found widget: id=16908676 (android.widget.LinearLayout@4086dca8)
D/nofatclips(  248): Found widget: id=-1 (com.android.internal.policy.impl.PhoneWindow$DecorView@405bbd20)
V/nicola  (  248): TextualID : null
V/nicola  (  248): ContentType detected : default
V/ReflectionHelper(  248): com.android.internal.app.AlertController.RecycleListView > mOnFocusChangeListener FOUND | NOT ACTIVE
V/nicola  (  248): TextualID : null
V/nicola  (  248): ContentType detected : default
V/nicola  (  248): TextualID : null
V/nicola  (  248): ContentType detected : default
I/nofatclips(  248): Performing comparation for activity ChooserActivity
D/nofatclips(  248): Comparing against activity Posts
D/nofatclips(  248): Comparing against activity Posts
D/nofatclips(  248): Comparing against activity Dashboard
D/nofatclips(  248): Comparing against activity Posts
D/nofatclips(  248): Comparing against activity Posts
D/nofatclips(  248): Comparing against activity EditPost
D/nofatclips(  248): Comparing against activity EditPost
D/nofatclips(  248): Comparing against activity EditPost
D/nofatclips(  248): Comparing against activity EditPost
D/nofatclips(  248): Comparing against activity Preferences
D/nofatclips(  248): Comparing against activity EditPost
D/nofatclips(  248): Comparing against activity SelectCategories
D/nofatclips(  248): Comparing against activity EditPost
D/nofatclips(  248): Comparing against activity SelectCategories
D/nofatclips(  248): Comparing against activity Posts
D/nofatclips(  248): Comparing against activity SelectCategories
D/nofatclips(  248): Comparing against activity EditPost
D/nofatclips(  248): Comparing against activity EditPost
D/nofatclips(  248): Comparing against activity EditPost
D/nofatclips(  248): Comparing against activity Dashboard
D/nofatclips(  248): Comparing against activity Posts
D/nofatclips(  248): Comparing against activity SelectCategories
D/nofatclips(  248): Comparing against activity Dashboard
D/nofatclips(  248): Comparing against activity EditPost
D/nofatclips(  248): Comparing against activity EditPost
D/nofatclips(  248): Comparing against activity SelectCategories
D/nofatclips(  248): Comparing against activity EditPost
D/nofatclips(  248): Comparing against activity SelectCategories
D/nofatclips(  248): Comparing against activity Posts
D/nofatclips(  248): Comparing against activity EditPost
D/nofatclips(  248): Comparing against activity EditPost
D/nofatclips(  248): Comparing against activity EditPost
I/nofatclips(  248): Registering activity ChooserActivity (id: a33) as a new found state
D/nofatclips(  248): Performing backup of the old activity list on disk
D/nofatclips(  248): Saving new found state 'a33' on disk
V/nofatclips(  248): Opening state file in append mode.
D/dalvikvm(  248): GC_EXTERNAL_ALLOC freed 1263K, 51% free 5278K/10631K, external 4258K/4367K, paused 175ms
I/nofatclips(  248): Saved image on disk: a33.jpg
I/nofatclips(  248): Waiting for 100 msec.
I/nofatclips(  248): Session count is 1. Will dump to disk at 1
I/nofatclips(  248): Saving the session on disk.
D/dalvikvm(   61): GC_EXPLICIT freed 45K, 46% free 4128K/7559K, external 1316K/1828K, paused 901ms
I/nofatclips(  248): Planning for new Activity ChooserActivity
D/nofatclips(  248): Handling event selectListItem for items [1,2] on listView #16908823 count=2
D/nofatclips(  248): Handling event longClickListItem for items [1,2] on listView #16908823 count=2
I/nofatclips(  248): Created trace to press the back button
I/nofatclips(  248): Created trace to press the menu button
I/nofatclips(  248): Created trace to change orientation
D/dalvikvm(  248): GC_CONCURRENT freed 2106K, 49% free 5426K/10631K, external 4496K/5109K, paused 6ms+6ms
I/nofatclips(  248): Check for termination: 68 steps left of 100
I/nofatclips(  248): Dispatching new task. 2 more tasks remaining.
D/nofatclips(  248): Performing backup of the old task list on disk
D/nofatclips(  248): Saving task list on disk
V/nofatclips(  248): Backing up trace #367 to disk.
V/nofatclips(  248): Backing up trace #368 to disk.
D/nofatclips(  248): Deleting backup of the old task list from disk
D/nofatclips(  248): Deleting backup of the old activity list from disk
I/nofatclips(  248): Incrementally Playing Trace 368
I/nofatclips(  248): Retrieved from return list id=16908823
D/nofatclips(  248): Testing for type (com.android.internal.app.AlertController$RecycleListView) against the original (com.android.internal.app.AlertController$RecycleListView)
D/nofatclips(  248): Testing for name () against the original ()
I/nofatclips(  248): Firing event: type= longClickListItem index=8 widget=com.android.internal.app.AlertController$RecycleListView
I/nofatclips(  248): Swapping to listview item 2
D/nofatclips(  248): Event description: WordPress
I/ActivityManager(   61): Starting: Intent { act=android.intent.action.SEND typ=text/plain flg=0x3000000 cmp=org.wordpress.android/.EditPost (has extras) } from pid 248
I/nofatclips(  248): Waiting for 100 msec.
D/dalvikvm(  248): GC_CONCURRENT freed 1963K, 50% free 5416K/10631K, external 4350K/5109K, paused 13ms+24ms
I/ActivityManager(   61): Displayed org.wordpress.android/.EditPost: +2s358ms
I/nofatclips(  248): Current activity is EditPost
I/nofatclips(  248): Retrieving widgets
D/nofatclips(  248): Found widget: id=16908290 (android.widget.FrameLayout@405f76e0)
D/nofatclips(  248): Found widget: id=16908666 (com.android.internal.widget.WeightedLinearLayout@40891658)
D/nofatclips(  248): Found widget: id=16908667 (android.widget.LinearLayout@408917b0)
D/nofatclips(  248): Found widget: id=16908668 (android.widget.LinearLayout@406b7998)
D/nofatclips(  248): Found widget: id=16908294 (android.widget.ImageView@40721da8)
D/nofatclips(  248): Found widget: id=16908669 (com.android.internal.widget.DialogTitle@40802598): Select a Blog
D/nofatclips(  248): Found widget: id=16908670 (android.widget.ImageView@408e45d8)
D/nofatclips(  248): Found widget: id=16908671 (android.widget.LinearLayout@408e4728)
D/nofatclips(  248): Found widget: id=16908823 (com.android.internal.app.AlertController$RecycleListView@40980cf0)
D/nofatclips(  248): Found widget: id=16908308 (android.widget.TextView@405d5ea8): Katie's Sweet Testing Blog
D/nofatclips(  248): Found widget: id=16908308 (android.widget.TextView@405fb2a8): My Blog
D/nofatclips(  248): Found widget: id=16908673 (android.widget.FrameLayout@408cce68)
D/nofatclips(  248): Found widget: id=16908331 (android.widget.FrameLayout@408eaf58)
D/nofatclips(  248): Found widget: id=16908674 (android.widget.LinearLayout@408f37b8)
D/nofatclips(  248): Found widget: id=-1 (android.widget.LinearLayout@408f3908)
D/nofatclips(  248): Found widget: id=16908675 (android.widget.LinearLayout@405d0090)
D/nofatclips(  248): Found widget: id=16908313 (android.widget.Button@40690398): 
D/nofatclips(  248): Found widget: id=16908315 (android.widget.Button@40714a30): 
D/nofatclips(  248): Found widget: id=16908314 (android.widget.Button@408b5c90): 
D/nofatclips(  248): Found widget: id=16908676 (android.widget.LinearLayout@4066c0d0)
D/nofatclips(  248): Found widget: id=-1 (com.android.internal.policy.impl.PhoneWindow$DecorView@4094b698)
V/nicola  (  248): TextualID : null
V/nicola  (  248): ContentType detected : default
V/ReflectionHelper(  248): com.android.internal.app.AlertController.RecycleListView > mOnFocusChangeListener FOUND | NOT ACTIVE
V/nicola  (  248): TextualID : null
V/nicola  (  248): ContentType detected : default
V/nicola  (  248): TextualID : null
V/nicola  (  248): ContentType detected : default
I/nofatclips(  248): Performing comparation for activity EditPost
D/nofatclips(  248): Comparing against activity Posts
D/nofatclips(  248): Comparing against activity Posts
D/nofatclips(  248): Comparing against activity Dashboard
D/nofatclips(  248): Comparing against activity Posts
D/nofatclips(  248): Comparing against activity Posts
D/nofatclips(  248): Comparing against activity EditPost
D/nofatclips(  248): Comparing against activity EditPost
D/nofatclips(  248): Comparing against activity EditPost
D/nofatclips(  248): Comparing against activity EditPost
D/nofatclips(  248): Comparing against activity Preferences
D/nofatclips(  248): Comparing against activity EditPost
D/nofatclips(  248): Comparing against activity SelectCategories
D/nofatclips(  248): Comparing against activity ChooserActivity
D/nofatclips(  248): Comparing against activity EditPost
D/nofatclips(  248): Comparing against activity SelectCategories
D/nofatclips(  248): Comparing against activity Posts
D/nofatclips(  248): Comparing against activity SelectCategories
D/nofatclips(  248): Comparing against activity EditPost
D/nofatclips(  248): Comparing against activity EditPost
D/nofatclips(  248): Comparing against activity EditPost
D/nofatclips(  248): Comparing against activity Dashboard
D/nofatclips(  248): Comparing against activity Posts
D/nofatclips(  248): Comparing against activity SelectCategories
D/nofatclips(  248): Comparing against activity Dashboard
D/nofatclips(  248): Comparing against activity EditPost
D/nofatclips(  248): Comparing against activity EditPost
D/nofatclips(  248): Comparing against activity SelectCategories
D/nofatclips(  248): Comparing against activity EditPost
D/nofatclips(  248): Comparing against activity SelectCategories
D/nofatclips(  248): Comparing against activity Posts
D/nofatclips(  248): Comparing against activity EditPost
D/nofatclips(  248): Comparing against activity EditPost
D/nofatclips(  248): Comparing against activity EditPost
I/nofatclips(  248): Registering activity EditPost (id: a34) as a new found state
D/nofatclips(  248): Performing backup of the old activity list on disk
D/nofatclips(  248): Saving new found state 'a34' on disk
V/nofatclips(  248): Opening state file in append mode.
I/nofatclips(  248): Saved image on disk: a34.jpg
I/nofatclips(  248): Waiting for 100 msec.
I/nofatclips(  248): Session count is 1. Will dump to disk at 1
I/nofatclips(  248): Saving the session on disk.
I/nofatclips(  248): Planning for new Activity EditPost
D/nofatclips(  248): Handling event selectListItem for items [1,2] on listView #16908823 count=2
D/nofatclips(  248): Handling event longClickListItem for items [1,2] on listView #16908823 count=2
I/nofatclips(  248): Created trace to press the back button
I/nofatclips(  248): Created trace to press the menu button
I/nofatclips(  248): Created trace to change orientation
D/dalvikvm(  248): GC_CONCURRENT freed 2420K, 53% free 5044K/10631K, external 5046K/5109K, paused 3ms+5ms
I/nofatclips(  248): Check for termination: 67 steps left of 100
I/nofatclips(  248): Dispatching new task. 2 more tasks remaining.
D/nofatclips(  248): Performing backup of the old task list on disk
D/nofatclips(  248): Saving task list on disk
V/nofatclips(  248): Backing up trace #374 to disk.
V/nofatclips(  248): Backing up trace #375 to disk.
D/dalvikvm(  248): GC_CONCURRENT freed 1940K, 52% free 5194K/10631K, external 4058K/5068K, paused 3ms+3ms
D/nofatclips(  248): Deleting backup of the old task list from disk
D/nofatclips(  248): Deleting backup of the old activity list from disk
I/nofatclips(  248): Incrementally Playing Trace 375
I/nofatclips(  248): Retrieved from return list id=16908823
D/nofatclips(  248): Testing for type (com.android.internal.app.AlertController$RecycleListView) against the original (com.android.internal.app.AlertController$RecycleListView)
D/nofatclips(  248): Testing for name () against the original ()
I/nofatclips(  248): Firing event: type= selectListItem index=8 widget=com.android.internal.app.AlertController$RecycleListView
I/WordPress(  248): response = HTTP/1.1 200 OK
W/KeyCharacterMap(  248): No keyboard for id 0
W/KeyCharacterMap(  248): Using default keymap: /system/usr/keychars/qwerty.kcm.bin
I/nofatclips(  248): Swapping to listview item 2
D/nofatclips(  248): Event description: My Blog
I/nofatclips(  248): Waiting for 100 msec.
I/nofatclips(  248): Current activity is EditPost
I/nofatclips(  248): Retrieving widgets
D/nofatclips(  248): Found widget: id=-1 (android.widget.LinearLayout@4092db70)
D/nofatclips(  248): Found widget: id=-1 (android.widget.FrameLayout@4092dcc0)
D/nofatclips(  248): Found widget: id=16908310 (android.widget.TextView@408add58): My Blog - New Post
D/nofatclips(  248): Found widget: id=16908290 (android.widget.FrameLayout@4063bea8)
D/nofatclips(  248): Found widget: id=-1 (android.widget.LinearLayout@40738f70)
D/nofatclips(  248): Found widget: id=-1 (android.widget.ScrollView@4081b570)
D/nofatclips(  248): Found widget: id=-1 (android.widget.LinearLayout@4088b490)
D/nofatclips(  248): Found widget: id=2131165209 (android.widget.RelativeLayout@408f2b08)
D/nofatclips(  248): Found widget: id=2131165210 (android.widget.TextView@406d9510): Post Content
D/nofatclips(  248): Found widget: id=2131165236 (android.widget.EditText@40809a10): Post One
D/nofatclips(  248): Found widget: id=2131165265 (org.wordpress.android.util.WPEditText@407d0918): http://wp.me/p4Quek-2
D/nofatclips(  248): 
D/nofatclips(  248): Found widget: id=2131165266 (android.widget.RelativeLayout@406e3670)
D/nofatclips(  248): Found widget: id=2131165267 (android.widget.TextView@407053a0): Tags & Categories
D/nofatclips(  248): Found widget: id=2131165268 (android.widget.EditText@405fcb30): 
D/nofatclips(  248): Found widget: id=2131165269 (android.widget.Button@4081ac10): Select Categories
D/nofatclips(  248): Found widget: id=2131165270 (android.widget.TextView@4097fbb8): Selected categories:
D/nofatclips(  248): Found widget: id=2131165271 (android.widget.RelativeLayout@4064a008)
D/nofatclips(  248): Found widget: id=2131165272 (android.widget.RelativeLayout@4064a270)
D/nofatclips(  248): Found widget: id=2131165273 (android.widget.TextView@405ca398): Location
D/nofatclips(  248): Found widget: id=2131165274 (android.widget.TextView@4097f5d0): Loading...
D/nofatclips(  248): Found widget: id=2131165275 (android.widget.Button@40804b48): View Map
D/nofatclips(  248): Found widget: id=2131165276 (android.widget.Button@4090bf58): Update Location
D/nofatclips(  248): Found widget: id=2131165277 (android.widget.RelativeLayout@40806740)
D/nofatclips(  248): Found widget: id=2131165278 (android.widget.TextView@4094dee8): Settings
D/nofatclips(  248): Found widget: id=2131165279 (android.widget.TextView@408b9168): Status:
D/nofatclips(  248): Found widget: id=2131165280 (android.widget.Spinner@408af150)
D/nofatclips(  248): Found widget: id=2131165281 (android.widget.TextView@406da730): Publish:
D/nofatclips(  248): Found widget: id=2131165282 (android.widget.TextView@407ebd00): Immediately
D/nofatclips(  248): Found widget: id=2131165283 (android.widget.Button@409417b0): Edit
D/nofatclips(  248): Found widget: id=2131165284 (android.widget.TextView@407b7660): Post Format:
D/nofatclips(  248): Found widget: id=2131165285 (android.widget.Spinner@408a5ed0)
D/nofatclips(  248): Found widget: id=16908308 (android.widget.TextView@407ba968): Standard
D/nofatclips(  248): Found widget: id=2131165286 (android.widget.EditText@408c76d0): 
D/nofatclips(  248): Found widget: id=2131165287 (android.widget.Button@40797b18): Publish
D/nofatclips(  248): Found widget: id=-1 (com.android.internal.policy.impl.PhoneWindow$DecorView@407eda48)
V/nicola  (  248): TextualID : null
V/nicola  (  248): ContentType detected : default
V/nicola  (  248): TextualID : l_section1
V/nicola  (  248): ContentType detected : default
V/ReflectionHelper(  248): android.widget.EditText > mOnFocusChangeListener FOUND | NOT ACTIVE
V/nicola  (  248): TextualID : title
V/nicola  (  248): ContentType detected : default
V/ReflectionHelper(  248): org.wordpress.android.util.WPEditText > mOnFocusChangeListener FOUND | ACTIVE
V/nicola  (  248): TextualID : postContent
V/nicola  (  248): ContentType detected : url
V/nicola  (  248): TextualID : l_tags_categories
V/nicola  (  248): ContentType detected : default
V/ReflectionHelper(  248): android.widget.EditText > mOnFocusChangeListener FOUND | NOT ACTIVE
V/nicola  (  248): TextualID : tags
V/nicola  (  248): ContentType detected : default
V/nicola  (  248): TextualID : selectCategories
V/nicola  (  248): ContentType detected : default
V/nicola  (  248): TextualID : selectedCategories
V/nicola  (  248): ContentType detected : default
V/nicola  (  248): TextualID : l_status
V/nicola  (  248): ContentType detected : default
V/nicola  (  248): TextualID : statusLabel
V/nicola  (  248): ContentType detected : default
V/nicola  (  248): TextualID : pubDateLabel
V/nicola  (  248): ContentType detected : default
V/nicola  (  248): TextualID : pubDate
V/nicola  (  248): ContentType detected : default
V/nicola  (  248): TextualID : pubDateButton
V/nicola  (  248): ContentType detected : default
V/nicola  (  248): TextualID : postFormatLabel
V/nicola  (  248): ContentType detected : default
V/nicola  (  248): TextualID : null
V/nicola  (  248): ContentType detected : default
V/ReflectionHelper(  248): android.widget.EditText > mOnFocusChangeListener FOUND | NOT ACTIVE
V/nicola  (  248): TextualID : post_password
V/nicola  (  248): ContentType detected : default
V/nicola  (  248): TextualID : post
V/nicola  (  248): ContentType detected : default
I/nofatclips(  248): Performing comparation for activity EditPost
D/nofatclips(  248): Comparing against activity Posts
D/nofatclips(  248): Comparing against activity Posts
D/nofatclips(  248): Comparing against activity Dashboard
D/nofatclips(  248): Comparing against activity Posts
D/nofatclips(  248): Comparing against activity Posts
D/nofatclips(  248): Comparing against activity EditPost
D/nofatclips(  248): Comparing against activity EditPost
D/nofatclips(  248): Comparing against activity EditPost
D/nofatclips(  248): Comparing against activity EditPost
D/nofatclips(  248): Comparing against activity Preferences
D/nofatclips(  248): Comparing against activity EditPost
D/nofatclips(  248): Comparing against activity SelectCategories
D/nofatclips(  248): Comparing against activity ChooserActivity
D/nofatclips(  248): Comparing against activity EditPost
D/nofatclips(  248): Comparing against activity SelectCategories
D/nofatclips(  248): Comparing against activity Posts
D/nofatclips(  248): Comparing against activity SelectCategories
D/nofatclips(  248): Comparing against activity EditPost
D/nofatclips(  248): Comparing against activity EditPost
D/nofatclips(  248): Comparing against activity EditPost
D/nofatclips(  248): Comparing against activity Dashboard
D/nofatclips(  248): Comparing against activity EditPost
D/nofatclips(  248): Comparing against activity Posts
D/nofatclips(  248): Comparing against activity SelectCategories
D/nofatclips(  248): Comparing against activity Dashboard
D/nofatclips(  248): Comparing against activity EditPost
D/nofatclips(  248): Comparing against activity EditPost
D/nofatclips(  248): Comparing against activity SelectCategories
D/nofatclips(  248): Comparing against activity EditPost
D/nofatclips(  248): Comparing against activity SelectCategories
D/nofatclips(  248): Comparing against activity Posts
D/nofatclips(  248): Comparing against activity EditPost
D/nofatclips(  248): Comparing against activity EditPost
D/nofatclips(  248): Comparing against activity EditPost
I/nofatclips(  248): Registering activity EditPost (id: a35) as a new found state
D/nofatclips(  248): Performing backup of the old activity list on disk
D/nofatclips(  248): Saving new found state 'a35' on disk
V/nofatclips(  248): Opening state file in append mode.
D/dalvikvm(  248): GC_EXTERNAL_ALLOC freed 1461K, 53% free 5100K/10631K, external 4658K/5068K, paused 162ms
I/nofatclips(  248): Saved image on disk: a35.jpg
I/nofatclips(  248): Waiting for 100 msec.
I/nofatclips(  248): Session count is 1. Will dump to disk at 1
I/nofatclips(  248): Saving the session on disk.
I/nofatclips(  248): Planning for new Activity EditPost
D/nofatclips(  248): Handling event 'focus' on widget id=2131165265 type=focusableEditText name=Content
D/nofatclips(  248): Handling input 'writeText' on widget id=2131165236 type=editText name=Title
V/nofatclips(  248): Using value: 90
D/nofatclips(  248): Handling input 'writeText' on widget id=2131165268 type=editText name=Tags (separate tags with commas)
V/nofatclips(  248): Using value: 85
D/nofatclips(  248): Handling input 'writeText' on widget id=2131165286 type=editText name=Password (optional)
V/nofatclips(  248): Using value: 45
D/nofatclips(  248): Handling event 'click' on widget id=2131165269 type=button name=Select Categories
D/nofatclips(  248): Handling input 'writeText' on widget id=2131165236 type=editText name=Title
V/nofatclips(  248): Using value: 90
D/nofatclips(  248): Handling input 'writeText' on widget id=2131165268 type=editText name=Tags (separate tags with commas)
V/nofatclips(  248): Using value: 85
D/nofatclips(  248): Handling input 'writeText' on widget id=2131165286 type=editText name=Password (optional)
V/nofatclips(  248): Using value: 45
D/nofatclips(  248): Handling event 'click' on widget id=2131165283 type=button name=Edit
D/nofatclips(  248): Handling input 'writeText' on widget id=2131165236 type=editText name=Title
V/nofatclips(  248): Using value: 90
D/nofatclips(  248): Handling input 'writeText' on widget id=2131165268 type=editText name=Tags (separate tags with commas)
V/nofatclips(  248): Using value: 85
D/nofatclips(  248): Handling input 'writeText' on widget id=2131165286 type=editText name=Password (optional)
V/nofatclips(  248): Using value: 45
D/nofatclips(  248): Handling event selectSpinnerItem for items [1,10] on spinner #2131165285 count=10
D/nofatclips(  248): Handling input 'writeText' on widget id=2131165236 type=editText name=Title
V/nofatclips(  248): Using value: 90
D/nofatclips(  248): Handling input 'writeText' on widget id=2131165268 type=editText name=Tags (separate tags with commas)
V/nofatclips(  248): Using value: 85
D/nofatclips(  248): Handling input 'writeText' on widget id=2131165286 type=editText name=Password (optional)
V/nofatclips(  248): Using value: 45
D/nofatclips(  248): Handling input 'writeText' on widget id=2131165236 type=editText name=Title
V/nofatclips(  248): Using value: 90
D/nofatclips(  248): Handling input 'writeText' on widget id=2131165268 type=editText name=Tags (separate tags with commas)
V/nofatclips(  248): Using value: 85
D/nofatclips(  248): Handling input 'writeText' on widget id=2131165286 type=editText name=Password (optional)
V/nofatclips(  248): Using value: 45
D/nofatclips(  248): Handling input 'writeText' on widget id=2131165236 type=editText name=Title
V/nofatclips(  248): Using value: 90
D/nofatclips(  248): Handling input 'writeText' on widget id=2131165268 type=editText name=Tags (separate tags with commas)
V/nofatclips(  248): Using value: 85
D/nofatclips(  248): Handling input 'writeText' on widget id=2131165286 type=editText name=Password (optional)
V/nofatclips(  248): Using value: 45
D/nofatclips(  248): Handling input 'writeText' on widget id=2131165236 type=editText name=Title
V/nofatclips(  248): Using value: 90
D/nofatclips(  248): Handling input 'writeText' on widget id=2131165268 type=editText name=Tags (separate tags with commas)
V/nofatclips(  248): Using value: 85
D/nofatclips(  248): Handling input 'writeText' on widget id=2131165286 type=editText name=Password (optional)
V/nofatclips(  248): Using value: 45
D/nofatclips(  248): Handling input 'writeText' on widget id=2131165236 type=editText name=Title
V/nofatclips(  248): Using value: 90
D/nofatclips(  248): Handling input 'writeText' on widget id=2131165268 type=editText name=Tags (separate tags with commas)
V/nofatclips(  248): Using value: 85
D/nofatclips(  248): Handling input 'writeText' on widget id=2131165286 type=editText name=Password (optional)
V/nofatclips(  248): Using value: 45
D/nofatclips(  248): Handling input 'writeText' on widget id=2131165236 type=editText name=Title
V/nofatclips(  248): Using value: 90
D/nofatclips(  248): Handling input 'writeText' on widget id=2131165268 type=editText name=Tags (separate tags with commas)
V/nofatclips(  248): Using value: 85
D/nofatclips(  248): Handling input 'writeText' on widget id=2131165286 type=editText name=Password (optional)
V/nofatclips(  248): Using value: 45
D/nofatclips(  248): Handling input 'writeText' on widget id=2131165236 type=editText name=Title
V/nofatclips(  248): Using value: 90
D/nofatclips(  248): Handling input 'writeText' on widget id=2131165268 type=editText name=Tags (separate tags with commas)
V/nofatclips(  248): Using value: 85
D/nofatclips(  248): Handling input 'writeText' on widget id=2131165286 type=editText name=Password (optional)
V/nofatclips(  248): Using value: 45
D/nofatclips(  248): Handling input 'writeText' on widget id=2131165236 type=editText name=Title
V/nofatclips(  248): Using value: 90
D/nofatclips(  248): Handling input 'writeText' on widget id=2131165268 type=editText name=Tags (separate tags with commas)
V/nofatclips(  248): Using value: 85
D/nofatclips(  248): Handling input 'writeText' on widget id=2131165286 type=editText name=Password (optional)
V/nofatclips(  248): Using value: 45
D/nofatclips(  248): Handling input 'writeText' on widget id=2131165236 type=editText name=Title
V/nofatclips(  248): Using value: 90
D/nofatclips(  248): Handling input 'writeText' on widget id=2131165268 type=editText name=Tags (separate tags with commas)
V/nofatclips(  248): Using value: 85
D/nofatclips(  248): Handling input 'writeText' on widget id=2131165286 type=editText name=Password (optional)
V/nofatclips(  248): Using value: 45
D/nofatclips(  248): Handling input 'writeText' on widget id=2131165236 type=editText name=Title
V/nofatclips(  248): Using value: 90
D/nofatclips(  248): Handling input 'writeText' on widget id=2131165268 type=editText name=Tags (separate tags with commas)
V/nofatclips(  248): Using value: 85
D/nofatclips(  248): Handling input 'writeText' on widget id=2131165286 type=editText name=Password (optional)
V/nofatclips(  248): Using value: 45
D/nofatclips(  248): Handling event 'click' on widget id=2131165287 type=button name=Publish
D/nofatclips(  248): Handling input 'writeText' on widget id=2131165236 type=editText name=Title
V/nofatclips(  248): Using value: 90
D/nofatclips(  248): Handling input 'writeText' on widget id=2131165268 type=editText name=Tags (separate tags with commas)
V/nofatclips(  248): Using value: 85
D/nofatclips(  248): Handling input 'writeText' on widget id=2131165286 type=editText name=Password (optional)
V/nofatclips(  248): Using value: 45
I/nofatclips(  248): Created trace to press the back button
I/nofatclips(  248): Created trace to press the menu button
I/nofatclips(  248): Created trace to change orientation
D/dalvikvm(  248): GC_CONCURRENT freed 1925K, 50% free 5316K/10631K, external 4860K/6070K, paused 3ms+5ms
D/dalvikvm(  248): GC_CONCURRENT freed 2155K, 52% free 5209K/10631K, external 4260K/5320K, paused 3ms+4ms
D/dalvikvm(  248): GC_CONCURRENT freed 2057K, 52% free 5199K/10631K, external 4260K/5320K, paused 4ms+4ms
I/nofatclips(  248): Check for termination: 66 steps left of 100
I/nofatclips(  248): Dispatching new task. 2 more tasks remaining.
D/nofatclips(  248): Performing backup of the old task list on disk
D/nofatclips(  248): Saving task list on disk
V/nofatclips(  248): Backing up trace #391 to disk.
V/nofatclips(  248): Backing up trace #392 to disk.
D/dalvikvm(  248): GC_CONCURRENT freed 1865K, 50% free 5324K/10631K, external 4260K/5320K, paused 5ms+3ms
D/nofatclips(  248): Deleting backup of the old task list from disk
D/nofatclips(  248): Deleting backup of the old activity list from disk
I/nofatclips(  248): Incrementally Playing Trace 392
D/nofatclips(  248): Setting input: type= writeText id=2131165236 value=90
D/nofatclips(  248): Added to return list id=2131165236
I/nofatclips(  248): Retrieved from return list id=2131165236
D/nofatclips(  248): Testing for type (android.widget.EditText) against the original (android.widget.EditText)
D/nofatclips(  248): Testing for name (Title) against the original (Title)
W/KeyCharacterMap(  248): No keyboard for id 0
W/KeyCharacterMap(  248): Using default keymap: /system/usr/keychars/qwerty.kcm.bin
I/dalvikvm(  248): Jit: resizing JitTable from 4096 to 8192
D/nofatclips(  248): Setting input: type= writeText id=2131165268 value=85
D/nofatclips(  248): Added to return list id=2131165268
I/nofatclips(  248): Retrieved from return list id=2131165268
D/nofatclips(  248): Testing for type (android.widget.EditText) against the original (android.widget.EditText)
D/nofatclips(  248): Testing for name (Tags (separate tags with commas)) against the original (Tags (separate tags with commas))
D/nofatclips(  248): Setting input: type= writeText id=2131165286 value=45
D/nofatclips(  248): Added to return list id=2131165286
I/nofatclips(  248): Retrieved from return list id=2131165286
D/nofatclips(  248): Testing for type (android.widget.EditText) against the original (android.widget.EditText)
D/nofatclips(  248): Testing for name (Password (optional)) against the original (Password (optional))
I/nofatclips(  248): Retrieved from return list id=2131165285
D/nofatclips(  248): Testing for type (android.widget.Spinner) against the original (android.widget.Spinner)
D/nofatclips(  248): Testing for name () against the original ()
I/nofatclips(  248): Firing event: type= selectSpinnerItem index=30 widget=android.widget.Spinner
I/nofatclips(  248): Clicking the spinner view
D/nofatclips(  248): Event description: Standard
I/nofatclips(  248): Swapping to listview item 4
D/nofatclips(  248): Event description: Gallery
I/nofatclips(  248): Waiting for 100 msec.
W/InputManagerService(   61): Window already focused, ignoring focus gain of: com.android.internal.view.IInputMethodClient$Stub$Proxy@4054fdd8
I/nofatclips(  248): Current activity is EditPost
I/nofatclips(  248): Retrieving widgets
D/nofatclips(  248): Found widget: id=-1 (android.widget.LinearLayout@4092db70)
D/nofatclips(  248): Found widget: id=-1 (android.widget.FrameLayout@4092dcc0)
D/nofatclips(  248): Found widget: id=16908310 (android.widget.TextView@408add58): My Blog - New Post
D/nofatclips(  248): Found widget: id=16908290 (android.widget.FrameLayout@4063bea8)
D/nofatclips(  248): Found widget: id=-1 (android.widget.LinearLayout@40738f70)
D/nofatclips(  248): Found widget: id=-1 (android.widget.ScrollView@4081b570)
D/nofatclips(  248): Found widget: id=-1 (android.widget.LinearLayout@4088b490)
D/nofatclips(  248): Found widget: id=2131165209 (android.widget.RelativeLayout@408f2b08)
D/nofatclips(  248): Found widget: id=2131165210 (android.widget.TextView@406d9510): Post Content
D/nofatclips(  248): Found widget: id=2131165236 (android.widget.EditText@40809a10): 90
D/nofatclips(  248): Found widget: id=2131165265 (org.wordpress.android.util.WPEditText@407d0918): http://wp.me/p4Quek-2
D/nofatclips(  248): 
D/nofatclips(  248): Found widget: id=2131165266 (android.widget.RelativeLayout@406e3670)
D/nofatclips(  248): Found widget: id=2131165267 (android.widget.TextView@407053a0): Tags & Categories
D/nofatclips(  248): Found widget: id=2131165268 (android.widget.EditText@405fcb30): 85
D/nofatclips(  248): Found widget: id=2131165269 (android.widget.Button@4081ac10): Select Categories
D/nofatclips(  248): Found widget: id=2131165270 (android.widget.TextView@4097fbb8): Selected categories:
D/nofatclips(  248): Found widget: id=2131165271 (android.widget.RelativeLayout@4064a008)
D/nofatclips(  248): Found widget: id=2131165272 (android.widget.RelativeLayout@4064a270)
D/nofatclips(  248): Found widget: id=2131165273 (android.widget.TextView@405ca398): Location
D/nofatclips(  248): Found widget: id=2131165274 (android.widget.TextView@4097f5d0): Loading...
D/nofatclips(  248): Found widget: id=2131165275 (android.widget.Button@40804b48): View Map
D/nofatclips(  248): Found widget: id=2131165276 (android.widget.Button@4090bf58): Update Location
D/nofatclips(  248): Found widget: id=2131165277 (android.widget.RelativeLayout@40806740)
D/nofatclips(  248): Found widget: id=2131165278 (android.widget.TextView@4094dee8): Settings
D/nofatclips(  248): Found widget: id=2131165279 (android.widget.TextView@408b9168): Status:
D/nofatclips(  248): Found widget: id=2131165280 (android.widget.Spinner@408af150)
D/nofatclips(  248): Found widget: id=2131165281 (android.widget.TextView@406da730): Publish:
D/nofatclips(  248): Found widget: id=2131165282 (android.widget.TextView@407ebd00): Immediately
D/nofatclips(  248): Found widget: id=2131165283 (android.widget.Button@409417b0): Edit
D/nofatclips(  248): Found widget: id=2131165284 (android.widget.TextView@407b7660): Post Format:
D/nofatclips(  248): Found widget: id=2131165285 (android.widget.Spinner@408a5ed0)
D/nofatclips(  248): Found widget: id=16908308 (android.widget.TextView@406a1850): Gallery
D/nofatclips(  248): Found widget: id=2131165286 (android.widget.EditText@408c76d0): 45
D/nofatclips(  248): Found widget: id=2131165287 (android.widget.Button@40797b18): Publish
D/nofatclips(  248): Found widget: id=-1 (com.android.internal.policy.impl.PhoneWindow$DecorView@407eda48)
V/nicola  (  248): TextualID : null
V/nicola  (  248): ContentType detected : default
V/nicola  (  248): TextualID : l_section1
V/nicola  (  248): ContentType detected : default
V/ReflectionHelper(  248): android.widget.EditText > mOnFocusChangeListener FOUND | NOT ACTIVE
V/nicola  (  248): TextualID : title
V/nicola  (  248): ContentType detected : default
V/ReflectionHelper(  248): org.wordpress.android.util.WPEditText > mOnFocusChangeListener FOUND | ACTIVE
V/nicola  (  248): TextualID : postContent
V/nicola  (  248): ContentType detected : url
V/nicola  (  248): TextualID : l_tags_categories
V/nicola  (  248): ContentType detected : default
V/ReflectionHelper(  248): android.widget.EditText > mOnFocusChangeListener FOUND | NOT ACTIVE
V/nicola  (  248): TextualID : tags
V/nicola  (  248): ContentType detected : default
V/nicola  (  248): TextualID : selectCategories
V/nicola  (  248): ContentType detected : default
V/nicola  (  248): TextualID : selectedCategories
V/nicola  (  248): ContentType detected : default
V/nicola  (  248): TextualID : l_status
V/nicola  (  248): ContentType detected : default
V/nicola  (  248): TextualID : statusLabel
V/nicola  (  248): ContentType detected : default
V/nicola  (  248): TextualID : pubDateLabel
V/nicola  (  248): ContentType detected : default
V/nicola  (  248): TextualID : pubDate
V/nicola  (  248): ContentType detected : default
V/nicola  (  248): TextualID : pubDateButton
V/nicola  (  248): ContentType detected : default
V/nicola  (  248): TextualID : postFormatLabel
V/nicola  (  248): ContentType detected : default
V/nicola  (  248): TextualID : null
V/nicola  (  248): ContentType detected : default
V/ReflectionHelper(  248): android.widget.EditText > mOnFocusChangeListener FOUND | NOT ACTIVE
V/nicola  (  248): TextualID : post_password
V/nicola  (  248): ContentType detected : default
V/nicola  (  248): TextualID : post
V/nicola  (  248): ContentType detected : default
I/nofatclips(  248): Performing comparation for activity EditPost
D/nofatclips(  248): Comparing against activity Posts
D/nofatclips(  248): Comparing against activi