D/dalvikvm(  289): VFY: dead code 0x001a-001f in Lcom/jayway/android/robotium/solo/Waiter;.getFragment (Ljava/lang/String;I)Landroid/app/Fragment;
W/dalvikvm(  289): VFY: unable to find class referenced in signature (Landroid/app/Fragment;)
D/dalvikvm(  241): GC_CONCURRENT freed 491K, 54% free 2725K/5831K, external 716K/1038K, paused 4ms+6ms
D/MediaScannerService(  228): start scanning volume internal
I//system/bin/fsck_msdos(   29): Attempting to allocate 397 KB for FAT
D/Eas Debug(  259): Logging: 
D/dalvikvm(  259): GC_CONCURRENT freed 495K, 54% free 2740K/5831K, external 716K/1038K, paused 42ms+5ms
D/EAS SyncManager(  259): !!! EAS SyncManager, onDestroy
D/nofatclips(  289): Updating node automation
D/nofatclips(  289): Loading node automation
V/nofatclips(  289): Updating value FORCE_RESTART
V/nofatclips(  289): Updating value IN_AND_OUT_FOCUS
V/nofatclips(  289): Updating value PRECRAWLING
V/nofatclips(  289): Updating value SCREENSHOT_FOR_EVENTS
V/nofatclips(  289): Updating value SCREENSHOT_FOR_STATES
V/nofatclips(  289): Updating value SCREENSHOT_ONLY_NEW_STATES
V/nofatclips(  289): Updating value SLEEP_AFTER_EVENT
D/nofatclips(  289): Updated value of parameter SLEEP_AFTER_EVENT to 100 (default = 1000)
V/nofatclips(  289): Updating value SLEEP_AFTER_RESTART
D/nofatclips(  289): Updated value of parameter SLEEP_AFTER_RESTART to 100 (default = 1000)
V/nofatclips(  289): Updating value SLEEP_AFTER_TASK
D/nofatclips(  289): Updated value of parameter SLEEP_AFTER_TASK to 100 (default = 1000)
V/nofatclips(  289): Updating value SLEEP_ON_THROBBER
D/nofatclips(  289): Updated value of parameter SLEEP_ON_THROBBER to 100 (default = 1000)
D/nofatclips(  289): Updating node screenshot
D/nofatclips(  289): Loading node screenshot
V/nofatclips(  289): Updating value FORCE_RESTART
V/nofatclips(  289): Updating value IN_AND_OUT_FOCUS
V/nofatclips(  289): Updating value PRECRAWLING
V/nofatclips(  289): Updating value SCREENSHOT_FOR_EVENTS
V/nofatclips(  289): Updating value SCREENSHOT_FOR_STATES
V/nofatclips(  289): Updating value SCREENSHOT_ONLY_NEW_STATES
V/nofatclips(  289): Updating value SLEEP_AFTER_EVENT
V/nofatclips(  289): Updating value SLEEP_AFTER_RESTART
V/nofatclips(  289): Updating value SLEEP_AFTER_TASK
V/nofatclips(  289): Updating value SLEEP_ON_THROBBER
I/nofatclips(  289): Waiting for 100 msec.
D/Email   (  259): BOOT_COMPLETED
D/nofatclips(  289): Ready to operate after restarting...
I/nofatclips(  289): Current activity is Dashboard
W/nofatclips(  289): --->Dashboard
I//system/bin/fsck_msdos(   29): ** Phase 2 - Check Cluster Chains
D/EAS SyncManager(  259): !!! EAS SyncManager, onCreate
D/EAS SyncManager(  259): !!! EAS SyncManager, onStartCommand
D/EAS SyncManager(  259): !!! EAS SyncManager, stopping self
D/EAS SyncManager(  259): !!! EAS SyncManager, onDestroy
I//system/bin/fsck_msdos(   29): ** Phase 3 - Checking Directories
I//system/bin/fsck_msdos(   29): ** Phase 4 - Checking for Lost Files
I//system/bin/fsck_msdos(   29): Next free cluster in FSInfo block (5) not free
I//system/bin/fsck_msdos(   29): FIXED
I//system/bin/fsck_msdos(   29): 3 files, 50388 free (100777 clusters)
I/Vold    (   29): Filesystem check completed OK
I/Vold    (   29): Device /dev/block/vold/179:0, target /mnt/sdcard mounted @ /mnt/secure/staging
D/Vold    (   29): Volume sdcard state changing 3 (Checking) -> 4 (Mounted)
I/PackageManager(   61): Updating external media status from unmounted to mounted
I/StorageNotification(  107): Media {/mnt/sdcard} state changed from {checking} -> {mounted}
D/VoldCmdListener(   29): asec list
I/PackageManager(   61): No secure containers on sdcard
W/PackageManager(   61): Unknown permission com.google.android.googleapps.permission.GOOGLE_AUTH.mail in package com.android.contacts
W/PackageManager(   61): Unknown permission android.permission.ADD_SYSTEM_SERVICE in package com.android.phone
W/PackageManager(   61): Not granting permission android.permission.SEND_DOWNLOAD_COMPLETED_INTENTS to package com.android.browser (protectionLevel=2 flags=0x9be45)
W/PackageManager(   61): Unknown permission com.google.android.gm.permission.WRITE_GMAIL in package com.android.settings
W/PackageManager(   61): Unknown permission com.google.android.gm.permission.READ_GMAIL in package com.android.settings
D/dalvikvm(  289): GC_CONCURRENT freed 241K, 49% free 2981K/5831K, external 1812K/2324K, paused 3ms+3ms
I/nofatclips(  289): Retrieving widgets
D/nofatclips(  289): Found widget: id=16908290 (android.widget.FrameLayout@405a1328)
D/nofatclips(  289): Found widget: id=2131165248 (android.widget.RelativeLayout@405a2028)
D/nofatclips(  289): Found widget: id=2131165249 (android.widget.LinearLayout@405a2690)
D/nofatclips(  289): Found widget: id=-1 (android.widget.ImageView@405a2bd8)
D/nofatclips(  289): Found widget: id=2131165250 (org.wordpress.android.util.WPTitleBar@4059c5b0)
D/nofatclips(  289): Found widget: id=2131165195 (android.widget.RelativeLayout@4050eb88)
D/nofatclips(  289): Found widget: id=2131165196 (android.widget.RelativeLayout@40568e38)
D/nofatclips(  289): Found widget: id=2131165197 (android.widget.ImageView@4059d848)
D/nofatclips(  289): Found widget: id=2131165198 (android.widget.TextView@405421a8): Katie's Sweet Testing Blog
D/nofatclips(  289): Found widget: id=2131165199 (android.widget.ImageView@4055da38)
D/nofatclips(  289): Found widget: id=-1 (android.widget.RelativeLayout@40579da0)
D/nofatclips(  289): Found widget: id=2131165200 (android.widget.ImageButton@4059dd70)
D/nofatclips(  289): Found widget: id=-1 (android.widget.FrameLayout@4057b2f8)
D/nofatclips(  289): Found widget: id=2131165201 (android.widget.Button@40542b70): 
D/nofatclips(  289): Found widget: id=2131165202 (android.widget.ImageView@405941a8)
D/nofatclips(  289): Found widget: id=2131165203 (android.widget.ImageView@4053d368)
D/nofatclips(  289): Found widget: id=2131165204 (android.widget.LinearLayout@40569a40)
D/nofatclips(  289): Found widget: id=-1 (android.widget.FrameLayout@4059d5e0)
D/nofatclips(  289): Found widget: id=-1 (android.widget.LinearLayout@40530510)
D/nofatclips(  289): Found widget: id=-1 (android.widget.LinearLayout@4050e998)
D/nofatclips(  289): Found widget: id=-1 (android.widget.LinearLayout@4052fb30)
D/nofatclips(  289): Found widget: id=2131165251 (android.widget.LinearLayout@405301e8)
D/nofatclips(  289): Found widget: id=-1 (android.widget.ImageView@40590c50)
D/nofatclips(  289): Found widget: id=2131165256 (android.widget.TextView@4056b738): New Post
D/nofatclips(  289): Found widget: id=2131165253 (android.widget.LinearLayout@4059c7e8)
D/nofatclips(  289): Found widget: id=-1 (android.widget.ImageView@405112f0)
D/nofatclips(  289): Found widget: id=2131165256 (android.widget.TextView@4056c070): New Page
D/nofatclips(  289): Found widget: id=-1 (android.widget.LinearLayout@40531550)
D/nofatclips(  289): Found widget: id=2131165252 (android.widget.LinearLayout@40533808)
D/nofatclips(  289): Found widget: id=-1 (android.widget.ImageView@405307b0)
D/nofatclips(  289): Found widget: id=2131165256 (android.widget.TextView@40578268): Quick Photo
D/nofatclips(  289): Found widget: id=2131165254 (android.widget.LinearLayout@40545c50)
D/nofatclips(  289): Found widget: id=-1 (android.widget.ImageView@4055d368)
D/nofatclips(  289): Found widget: id=2131165256 (android.widget.TextView@40578ad8): Quick Video
D/nofatclips(  289): Found widget: id=-1 (android.widget.LinearLayout@40532430)
D/nofatclips(  289): Found widget: id=-1 (android.widget.LinearLayout@4059ec50)
D/nofatclips(  289): Found widget: id=2131165255 (android.widget.LinearLayout@4052f018)
D/nofatclips(  289): Found widget: id=-1 (android.widget.ImageView@4053b200)
D/nofatclips(  289): Found widget: id=2131165256 (android.widget.TextView@40579160): Posts
D/nofatclips(  289): Found widget: id=2131165257 (android.widget.LinearLayout@40544030)
D/nofatclips(  289): Found widget: id=-1 (android.widget.ImageView@40543d50)
D/nofatclips(  289): Found widget: id=2131165256 (android.widget.TextView@40537db8): Pages
D/nofatclips(  289): Found widget: id=-1 (android.widget.FrameLayout@40530b48)
D/nofatclips(  289): Found widget: id=2131165258 (android.widget.LinearLayout@40534d98)
D/nofatclips(  289): Found widget: id=-1 (android.widget.ImageView@4054a020)
D/nofatclips(  289): Found widget: id=2131165256 (android.widget.TextView@40539d68): Comments
D/nofatclips(  289): Found widget: id=2131165259 (android.widget.FrameLayout@405407f0)
D/nofatclips(  289): Found widget: id=2131165260 (android.widget.ImageView@405443e0)
D/nofatclips(  289): Found widget: id=2131165261 (org.wordpress.android.util.CommentBadgeTextView@4053ad80): 0
D/nofatclips(  289): Found widget: id=-1 (android.widget.LinearLayout@40536700)
D/nofatclips(  289): Found widget: id=2131165262 (android.widget.LinearLayout@40539a70)
D/nofatclips(  289): Found widget: id=-1 (android.widget.ImageView@405377e8)
D/nofatclips(  289): Found widget: id=2131165256 (android.widget.TextView@405413a0): Settings
D/nofatclips(  289): Found widget: id=2131165263 (android.widget.LinearLayout@40544640)
D/nofatclips(  289): Found widget: id=-1 (android.widget.ImageView@405605e0)
D/nofatclips(  289): Found widget: id=2131165256 (android.widget.TextView@405436e0): Read
D/nofatclips(  289): Found widget: id=2131165264 (android.widget.LinearLayout@40561d00)
D/nofatclips(  289): Found widget: id=-1 (android.widget.ImageView@40563f98)
D/nofatclips(  289): Found widget: id=2131165256 (android.widget.TextView@40550438): Stats
D/nofatclips(  289): Found widget: id=-1 (com.android.internal.policy.impl.PhoneWindow$DecorView@405a0a28)
V/nicola  (  289): TextualID : blog_title
V/nicola  (  289): ContentType detected : default
V/nicola  (  289): TextualID : action_refresh
V/nicola  (  289): ContentType detected : default
V/nicola  (  289): TextualID : button_text
V/nicola  (  289): ContentType detected : default
V/nicola  (  289): TextualID : button_text
V/nicola  (  289): ContentType detected : default
V/nicola  (  289): TextualID : button_text
V/nicola  (  289): ContentType detected : default
V/nicola  (  289): TextualID : button_text
V/nicola  (  289): ContentType detected : default
V/nicola  (  289): TextualID : button_text
V/nicola  (  289): ContentType detected : default
V/nicola  (  289): TextualID : button_text
V/nicola  (  289): ContentType detected : default
V/nicola  (  289): TextualID : button_text
V/nicola  (  289): ContentType detected : default
V/nicola  (  289): TextualID : button_text
V/nicola  (  289): ContentType detected : default
V/nicola  (  289): TextualID : button_text
V/nicola  (  289): ContentType detected : default
V/nicola  (  289): TextualID : button_text
V/nicola  (  289): ContentType detected : default
D/nofatclips(  289): No session to resume: task list not found. Will start from scratch.
I/nofatclips(  289): Starting a new session
D/nofatclips(  289): Performing backup of the old activity list on disk
D/nofatclips(  289): Saving new found state 'a1' on disk
V/nofatclips(  289): Opening state file in overwrite mode.
W/PackageManager(   61): Unknown permission com.google.android.googleapps.permission.GOOGLE_AUTH in package com.android.settings
W/PackageManager(   61): Unknown permission com.google.android.googleapps.permission.GOOGLE_AUTH in package com.android.providers.contacts
W/PackageManager(   61): Unknown permission com.google.android.googleapps.permission.GOOGLE_AUTH.cp in package com.android.providers.contacts
D/dalvikvm(  289): GC_CONCURRENT freed 524K, 50% free 3206K/6343K, external 1812K/2324K, paused 3ms+4ms
I/dalvikvm(  289): Jit: resizing JitTable from 512 to 1024
W/PackageManager(   61): Unknown permission com.google.android.googleapps.permission.ACCESS_GOOGLE_PASSWORD in package com.android.development
W/PackageManager(   61): Unknown permission com.google.android.googleapps.permission.GOOGLE_AUTH in package com.android.development
W/PackageManager(   61): Unknown permission com.google.android.googleapps.permission.GOOGLE_AUTH.ALL_SERVICES in package com.android.development
W/PackageManager(   61): Unknown permission com.google.android.googleapps.permission.GOOGLE_AUTH.YouTubeUser in package com.android.development
W/PackageManager(   61): Unknown permission android.permission.READ_OWNER_DATA in package com.android.email
D/dalvikvm(  289): GC_EXTERNAL_ALLOC freed 196K, 49% free 3242K/6343K, external 1812K/2324K, paused 51ms
D/dalvikvm(  289): GC_EXTERNAL_ALLOC freed 46K, 50% free 3195K/6343K, external 1999K/2511K, paused 40ms
I/nofatclips(  289): Saved image on disk: a1.jpg
I/nofatclips(  289): Planning for new Activity Dashboard
D/nofatclips(  289): Handling event 'click' on widget id=2131165200 type=button name=
D/nofatclips(  289): Handling event 'click' on widget id=2131165201 type=button name=
D/nofatclips(  289): Handling event 'click' on widget id=2131165204 type=linearLayout name=
D/nofatclips(  289): Handling event 'click' on widget id=2131165251 type=linearLayout name=
D/nofatclips(  289): Handling event 'click' on widget id=2131165253 type=linearLayout name=
D/nofatclips(  289): Handling event 'click' on widget id=2131165252 type=linearLayout name=
D/nofatclips(  289): Handling event 'click' on widget id=2131165254 type=linearLayout name=
W/PackageManager(   61): Not granting permission android.permission.DEVICE_POWER to package com.android.deskclock (protectionLevel=2 flags=0x8be45)
D/nofatclips(  289): Handling event 'click' on widget id=2131165255 type=linearLayout name=
D/dalvikvm(  289): GC_CONCURRENT freed 668K, 50% free 3315K/6599K, external 2599K/3246K, paused 3ms+4ms
D/nofatclips(  289): Handling event 'click' on widget id=2131165257 type=linearLayout name=
D/nofatclips(  289): Handling event 'click' on widget id=2131165258 type=linearLayout name=
D/nofatclips(  289): Handling event 'click' on widget id=2131165262 type=linearLayout name=
D/nofatclips(  289): Handling event 'click' on widget id=2131165263 type=linearLayout name=
D/nofatclips(  289): Handling event 'click' on widget id=2131165264 type=linearLayout name=
I/nofatclips(  289): Created trace to press the menu button
I/nofatclips(  289): Created trace to change orientation
I/nofatclips(  289): Dispatching new task. 2 more tasks remaining.
D/nofatclips(  289): Saving task list on disk
V/nofatclips(  289): Backing up trace #13 to disk.
V/nofatclips(  289): Backing up trace #14 to disk.
D/nofatclips(  289): Deleting backup of the old activity list from disk
I/nofatclips(  289): Restarting
D/dalvikvm(  170): GC_CONCURRENT freed 223K, 51% free 2820K/5703K, external 716K/1038K, paused 3ms+4ms
W/ImageDownloader(  289): Error 404 while retrieving bitmap from http://gravatar.com/blavatar/44d338f29053dbb888da79dcf98df489?s=60&d=404
D/MediaScanner(  228):  prescan time: 6750ms
D/MediaScanner(  228):     scan time: 63ms
D/MediaScanner(  228): postscan time: 1ms
D/MediaScanner(  228):    total time: 6814ms
D/dalvikvm(  228): GC_CONCURRENT freed 527K, 55% free 2648K/5831K, external 716K/1038K, paused 2ms+14ms
D/szipinf (  170): Initializing inflate state
I/dalvikvm(   61): Jit: resizing JitTable from 512 to 1024
I/nofatclips(  289): Waiting for 100 msec.
D/MediaScannerService(  228): done scanning volume internal
D/MediaScannerService(  228): start scanning volume external
V/MediaProvider(  228): /mnt/sdcard volume ID: 149373470
D/nofatclips(  289): Ready to operate after restarting...
D/szipinf (  128): Initializing inflate state
I/nofatclips(  289): Retrieving widgets
D/nofatclips(  289): Found widget: id=16908290 (android.widget.FrameLayout@405a1328)
D/nofatclips(  289): Found widget: id=2131165248 (android.widget.RelativeLayout@405a2028)
D/nofatclips(  289): Found widget: id=2131165249 (android.widget.LinearLayout@405a2690)
D/nofatclips(  289): Found widget: id=-1 (android.widget.ImageView@405a2bd8)
D/nofatclips(  289): Found widget: id=2131165250 (org.wordpress.android.util.WPTitleBar@4059c5b0)
D/nofatclips(  289): Found widget: id=2131165195 (android.widget.RelativeLayout@4050eb88)
D/nofatclips(  289): Found widget: id=2131165196 (android.widget.RelativeLayout@40568e38)
D/nofatclips(  289): Found widget: id=2131165197 (android.widget.ImageView@4059d848)
D/nofatclips(  289): Found widget: id=2131165198 (android.widget.TextView@405421a8): Katie's Sweet Testing Blog
D/nofatclips(  289): Found widget: id=2131165199 (android.widget.ImageView@4055da38)
D/nofatclips(  289): Found widget: id=-1 (android.widget.RelativeLayout@40579da0)
D/nofatclips(  289): Found widget: id=2131165200 (android.widget.ImageButton@4059dd70)
D/nofatclips(  289): Found widget: id=-1 (android.widget.FrameLayout@4057b2f8)
D/nofatclips(  289): Found widget: id=2131165201 (android.widget.Button@40542b70): 
D/nofatclips(  289): Found widget: id=2131165202 (android.widget.ImageView@405941a8)
D/nofatclips(  289): Found widget: id=2131165203 (android.widget.ImageView@4053d368)
D/nofatclips(  289): Found widget: id=2131165204 (android.widget.LinearLayout@40569a40)
D/nofatclips(  289): Found widget: id=-1 (android.widget.FrameLayout@4059d5e0)
D/nofatclips(  289): Found widget: id=-1 (android.widget.LinearLayout@40530510)
D/nofatclips(  289): Found widget: id=-1 (android.widget.LinearLayout@4050e998)
D/nofatclips(  289): Found widget: id=-1 (android.widget.LinearLayout@4052fb30)
D/dalvikvm(  289): GC_CONCURRENT freed 1293K, 55% free 3212K/7111K, external 1999K/2599K, paused 3ms+4ms
D/nofatclips(  289): Found widget: id=2131165251 (android.widget.LinearLayout@405301e8)
D/nofatclips(  289): Found widget: id=-1 (android.widget.ImageView@40590c50)
D/nofatclips(  289): Found widget: id=2131165256 (android.widget.TextView@4056b738): New Post
D/nofatclips(  289): Found widget: id=2131165253 (android.widget.LinearLayout@4059c7e8)
D/nofatclips(  289): Found widget: id=-1 (android.widget.ImageView@405112f0)
D/nofatclips(  289): Found widget: id=2131165256 (android.widget.TextView@4056c070): New Page
D/nofatclips(  289): Found widget: id=-1 (android.widget.LinearLayout@40531550)
D/nofatclips(  289): Found widget: id=2131165252 (android.widget.LinearLayout@40533808)
D/nofatclips(  289): Found widget: id=-1 (android.widget.ImageView@405307b0)
D/nofatclips(  289): Found widget: id=2131165256 (android.widget.TextView@40578268): Quick Photo
D/nofatclips(  289): Found widget: id=2131165254 (android.widget.LinearLayout@40545c50)
D/nofatclips(  289): Found widget: id=-1 (android.widget.ImageView@4055d368)
D/nofatclips(  289): Found widget: id=2131165256 (android.widget.TextView@40578ad8): Quick Video
D/nofatclips(  289): Found widget: id=-1 (android.widget.LinearLayout@40532430)
D/nofatclips(  289): Found widget: id=-1 (android.widget.LinearLayout@4059ec50)
D/nofatclips(  289): Found widget: id=2131165255 (android.widget.LinearLayout@4052f018)
D/nofatclips(  289): Found widget: id=-1 (android.widget.ImageView@4053b200)
D/nofatclips(  289): Found widget: id=2131165256 (android.widget.TextView@40579160): Posts
D/nofatclips(  289): Found widget: id=2131165257 (android.widget.LinearLayout@40544030)
D/nofatclips(  289): Found widget: id=-1 (android.widget.ImageView@40543d50)
D/nofatclips(  289): Found widget: id=2131165256 (android.widget.TextView@40537db8): Pages
D/nofatclips(  289): Found widget: id=-1 (android.widget.FrameLayout@40530b48)
D/nofatclips(  289): Found widget: id=2131165258 (android.widget.LinearLayout@40534d98)
D/nofatclips(  289): Found widget: id=-1 (android.widget.ImageView@4054a020)
D/nofatclips(  289): Found widget: id=2131165256 (android.widget.TextView@40539d68): Comments
D/nofatclips(  289): Found widget: id=2131165259 (android.widget.FrameLayout@405407f0)
D/nofatclips(  289): Found widget: id=2131165260 (android.widget.ImageView@405443e0)
D/nofatclips(  289): Found widget: id=2131165261 (org.wordpress.android.util.CommentBadgeTextView@4053ad80): 0
D/nofatclips(  289): Found widget: id=-1 (android.widget.LinearLayout@40536700)
D/nofatclips(  289): Found widget: id=2131165262 (android.widget.LinearLayout@40539a70)
D/nofatclips(  289): Found widget: id=-1 (android.widget.ImageView@405377e8)
D/nofatclips(  289): Found widget: id=2131165256 (android.widget.TextView@405413a0): Settings
D/nofatclips(  289): Found widget: id=2131165263 (android.widget.LinearLayout@40544640)
D/nofatclips(  289): Found widget: id=-1 (android.widget.ImageView@405605e0)
D/nofatclips(  289): Found widget: id=2131165256 (android.widget.TextView@405436e0): Read
D/nofatclips(  289): Found widget: id=2131165264 (android.widget.LinearLayout@40561d00)
D/nofatclips(  289): Found widget: id=-1 (android.widget.ImageView@40563f98)
D/nofatclips(  289): Found widget: id=2131165256 (android.widget.TextView@40550438): Stats
D/nofatclips(  289): Found widget: id=-1 (com.android.internal.policy.impl.PhoneWindow$DecorView@405a0a28)
I/nofatclips(  289): Playing Trace 14
I/nofatclips(  289): Retrieved from return list id=2131165255
D/nofatclips(  289): Testing for type (android.widget.LinearLayout) against the original (android.widget.LinearLayout)
D/nofatclips(  289): Testing for name () against the original ()
I/nofatclips(  289): Firing event: type= click index=36 widget=android.widget.LinearLayout
V/MediaProvider(  228): Attached volume: external
V/MediaScanner(  228): pruneDeadThumbnailFiles... android.database.sqlite.SQLiteCursor@405a38b0
V/MediaScanner(  228): /pruneDeadThumbnailFiles... android.database.sqlite.SQLiteCursor@405a38b0
D/MediaScanner(  228):  prescan time: 58ms
D/MediaScanner(  228):     scan time: 1ms
D/MediaScanner(  228): postscan time: 10ms
D/MediaScanner(  228):    total time: 69ms
D/MediaScannerService(  228): done scanning volume external
I/ContactsDatabaseHelper(  170): Locale change completed in 20987ms
D/nofatclips(  289): Event description: Posts
I/ActivityManager(   61): Starting: Intent { cmp=org.wordpress.android/.Posts } from pid 289
I/nofatclips(  289): Waiting for 100 msec.
I/dalvikvm(  289): Jit: resizing JitTable from 1024 to 2048
I/ActivityManager(   61): Displayed org.wordpress.android/.Posts: +1s771ms
W/ImageDownloader(  289): Error 404 while retrieving bitmap from http://gravatar.com/blavatar/44d338f29053dbb888da79dcf98df489?s=60&d=404
D/dalvikvm(  289): GC_CONCURRENT freed 582K, 52% free 3416K/7111K, external 2588K/2599K, paused 6ms+6ms
I/WordPress(  289): response = HTTP/1.1 200 OK
D/dalvikvm(  289): GREF has increased to 201
I/nofatclips(  289): Current activity is Posts
I/nofatclips(  289): Retrieving widgets
D/nofatclips(  289): Found widget: id=16908290 (android.widget.FrameLayout@406b6dd0)
D/nofatclips(  289): Found widget: id=2131165323 (android.widget.RelativeLayout@406b77b0)
D/nofatclips(  289): Found widget: id=2131165324 (android.widget.LinearLayout@406b7b60)
D/nofatclips(  289): Found widget: id=2131165325 (android.support.v4.app.NoSaveStateFrameLayout@405d2750)
D/nofatclips(  289): Found widget: id=-1 (android.widget.FrameLayout@40585e98)
D/nofatclips(  289): Found widget: id=16711681 (android.widget.TextView@405860d0): 
D/nofatclips(  289): Found widget: id=16908298 (android.widget.ListView@40586d38)
D/nofatclips(  289): Found widget: id=4 (android.widget.LinearLayout@406f68a8)
D/nofatclips(  289): Found widget: id=2131165236 (android.widget.TextView@406950e0): Posts
D/nofatclips(  289): Found widget: id=-1 (android.widget.LinearLayout@406b2b48)
D/nofatclips(  289): Found widget: id=2131165341 (android.widget.TextView@406b2cc8): 
D/nofatclips(  289): Found widget: id=2131165280 (android.widget.TextView@4060d5b0): 
D/nofatclips(  289): Found widget: id=1 (android.widget.LinearLayout@405edca0)
D/nofatclips(  289): Found widget: id=2131165236 (android.widget.TextView@405edeb8): 90
D/nofatclips(  289): Found widget: id=-1 (android.widget.LinearLayout@405cfe08)
D/nofatclips(  289): Found widget: id=2131165341 (android.widget.TextView@405d0008): 9:01pm, Jul 22, 2014
D/nofatclips(  289): Found widget: id=2131165280 (android.widget.TextView@405863e8): Private
D/nofatclips(  289): Found widget: id=2 (android.widget.LinearLayout@406b8e30)
D/nofatclips(  289): Found widget: id=2131165236 (android.widget.TextView@406b9048): 90
D/nofatclips(  289): Found widget: id=-1 (android.widget.LinearLayout@40632fd0)
D/nofatclips(  289): Found widget: id=2131165341 (android.widget.TextView@406331d0): 8:47pm, Jul 22, 2014
D/nofatclips(  289): Found widget: id=2131165280 (android.widget.TextView@40633660): Published
D/nofatclips(  289): Found widget: id=3 (android.widget.LinearLayout@406c2b28)
D/nofatclips(  289): Found widget: id=2131165236 (android.widget.TextView@406c2d40): Post Two
D/nofatclips(  289): Found widget: id=-1 (android.widget.LinearLayout@406c31d0)
D/nofatclips(  289): Found widget: id=2131165341 (android.widget.TextView@40631308): 6:56pm, Jul 21, 2014
D/nofatclips(  289): Found widget: id=2131165280 (android.widget.TextView@40631798): Published
D/nofatclips(  289): Found widget: id=4 (android.widget.LinearLayout@405150d8)
D/nofatclips(  289): Found widget: id=2131165236 (android.widget.TextView@40515250): Post One
D/nofatclips(  289): Found widget: id=-1 (android.widget.LinearLayout@405156e0)
D/nofatclips(  289): Found widget: id=2131165341 (android.widget.TextView@4053b4f0): 6:54pm, Jul 21, 2014
D/nofatclips(  289): Found widget: id=2131165280 (android.widget.TextView@4053b760): Published
D/nofatclips(  289): Found widget: id=2131165326 (org.wordpress.android.util.WPTitleBar@405d2bc8)
D/nofatclips(  289): Found widget: id=2131165195 (android.widget.RelativeLayout@405d3710)
D/nofatclips(  289): Found widget: id=2131165196 (android.widget.RelativeLayout@405d4030)
D/nofatclips(  289): Found widget: id=2131165197 (android.widget.ImageView@405ed300)
D/nofatclips(  289): Found widget: id=2131165198 (android.widget.TextView@405ed760): Katie's Sweet Testing Blog
D/nofatclips(  289): Found widget: id=2131165199 (android.widget.ImageView@405ee3f0)
D/nofatclips(  289): Found widget: id=-1 (android.widget.RelativeLayout@405ee808)
D/nofatclips(  289): Found widget: id=2131165200 (android.widget.ImageButton@405eebd8)
D/nofatclips(  289): Found widget: id=-1 (android.widget.FrameLayout@405ef658)
D/nofatclips(  289): Found widget: id=2131165201 (android.widget.Button@405ef968): 
D/nofatclips(  289): Found widget: id=2131165202 (android.widget.ImageView@405f8f18)
D/nofatclips(  289): Found widget: id=2131165203 (android.widget.ImageView@405f92c8)
D/nofatclips(  289): Found widget: id=2131165204 (android.widget.LinearLayout@405f98e8)
D/nofatclips(  289): Found widget: id=-1 (android.widget.FrameLayout@405fa310)
D/nofatclips(  289): Found widget: id=-1 (android.widget.LinearLayout@405faad0)
D/nofatclips(  289): Found widget: id=-1 (android.widget.LinearLayout@405fb6b8)
D/nofatclips(  289): Found widget: id=-1 (android.widget.LinearLayout@405f4bc0)
D/nofatclips(  289): Found widget: id=2131165251 (android.widget.LinearLayout@405f4de0)
D/nofatclips(  289): Found widget: id=-1 (android.widget.ImageView@405f6588)
D/nofatclips(  289): Found widget: id=2131165256 (android.widget.TextView@405f6980): New Post
D/nofatclips(  289): Found widget: id=2131165253 (android.widget.LinearLayout@405f7560)
D/nofatclips(  289): Found widget: id=-1 (android.widget.ImageView@405e1d90)
D/nofatclips(  289): Found widget: id=2131165256 (android.widget.TextView@405e2140): New Page
D/nofatclips(  289): Found widget: id=-1 (android.widget.LinearLayout@405e25d0)
D/nofatclips(  289): Found widget: id=2131165252 (android.widget.LinearLayout@405e27f0)
D/nofatclips(  289): Found widget: id=-1 (android.widget.ImageView@405e3cb0)
D/nofatclips(  289): Found widget: id=2131165256 (android.widget.TextView@405e4b58): Quick Photo
D/nofatclips(  289): Found widget: id=2131165254 (android.widget.LinearLayout@405e4fe8)
D/nofatclips(  289): Found widget: id=-1 (android.widget.ImageView@405e5a18)
D/nofatclips(  289): Found widget: id=2131165256 (android.widget.TextView@405e5dc8): Quick Video
D/nofatclips(  289): Found widget: id=-1 (android.widget.LinearLayout@405e6258)
D/nofatclips(  289): Found widget: id=-1 (android.widget.LinearLayout@405e6478)
D/nofatclips(  289): Found widget: id=2131165255 (android.widget.LinearLayout@405e6698)
D/nofatclips(  289): Found widget: id=-1 (android.widget.ImageView@405e70c8)
D/nofatclips(  289): Found widget: id=2131165256 (android.widget.TextView@405e7478): Posts
D/nofatclips(  289): Found widget: id=2131165257 (android.widget.LinearLayout@405e7908)
D/nofatclips(  289): Found widget: id=-1 (android.widget.ImageView@405ac860)
D/nofatclips(  289): Found widget: id=2131165256 (android.widget.TextView@405acc10): Pages
D/nofatclips(  289): Found widget: id=-1 (android.widget.FrameLayout@405ad0a0)
D/nofatclips(  289): Found widget: id=2131165258 (android.widget.LinearLayout@405ad308)
D/nofatclips(  289): Found widget: id=-1 (android.widget.ImageView@405add38)
D/nofatclips(  289): Found widget: id=2131165256 (android.widget.TextView@405ae0e8): Comments
D/nofatclips(  289): Found widget: id=2131165259 (android.widget.FrameLayout@405ae578)
D/nofatclips(  289): Found widget: id=2131165260 (android.widget.ImageView@405ae7e0)
D/nofatclips(  289): Found widget: id=2131165261 (org.wordpress.android.util.CommentBadgeTextView@405aec28): 0
D/nofatclips(  289): Found widget: id=-1 (android.widget.LinearLayout@405af0d8)
D/nofatclips(  289): Found widget: id=2131165262 (android.widget.LinearLayout@406db2e0)
D/nofatclips(  289): Found widget: id=-1 (android.widget.ImageView@406dc380)
D/nofatclips(  289): Found widget: id=2131165256 (android.widget.TextView@406dc730): Settings
D/nofatclips(  289): Found widget: id=2131165263 (android.widget.LinearLayout@406dcbc0)
D/nofatclips(  289): Found widget: id=-1 (android.widget.ImageView@406ddc98)
D/nofatclips(  289): Found widget: id=2131165256 (android.widget.TextView@406de048): Read
D/nofatclips(  289): Found widget: id=2131165264 (android.widget.LinearLayout@406de4d8)
D/nofatclips(  289): Found widget: id=-1 (android.widget.ImageView@406494e8)
D/nofatclips(  289): Found widget: id=2131165256 (android.widget.TextView@406497d8): Stats
D/nofatclips(  289): Found widget: id=-1 (com.android.internal.policy.impl.PhoneWindow$DecorView@406b69b0)
V/nicola  (  289): TextualID : null
V/nicola  (  289): ContentType detected : default
V/ReflectionHelper(  289): android.widget.ListView > mOnFocusChangeListener FOUND | NOT ACTIVE
V/nicola  (  289): TextualID : title
V/nicola  (  289): ContentType detected : default
V/nicola  (  289): TextualID : date
V/nicola  (  289): ContentType detected : default
V/nicola  (  289): TextualID : status
V/nicola  (  289): ContentType detected : default
V/nicola  (  289): TextualID : title
V/nicola  (  289): ContentType detected : default
V/nicola  (  289): TextualID : date
V/nicola  (  289): ContentType detected : default
V/nicola  (  289): TextualID : status
V/nicola  (  289): ContentType detected : default
V/nicola  (  289): TextualID : title
V/nicola  (  289): ContentType detected : default
V/nicola  (  289): TextualID : date
V/nicola  (  289): ContentType detected : default
V/nicola  (  289): TextualID : status
V/nicola  (  289): ContentType detected : default
V/nicola  (  289): TextualID : title
V/nicola  (  289): ContentType detected : default
D/dalvikvm(  289): GC_CONCURRENT freed 891K, 49% free 3742K/7239K, external 2588K/2599K, paused 5ms+4ms
V/nicola  (  289): TextualID : date
V/nicola  (  289): ContentType detected : default
V/nicola  (  289): TextualID : status
V/nicola  (  289): ContentType detected : default
V/nicola  (  289): TextualID : title
V/nicola  (  289): ContentType detected : default
V/nicola  (  289): TextualID : date
V/nicola  (  289): ContentType detected : default
V/nicola  (  289): TextualID : status
V/nicola  (  289): ContentType detected : default
V/nicola  (  289): TextualID : blog_title
V/nicola  (  289): ContentType detected : default
V/nicola  (  289): TextualID : action_refresh
V/nicola  (  289): ContentType detected : default
I/nofatclips(  289): Performing comparation for activity Posts
D/nofatclips(  289): Comparing against activity Dashboard
I/nofatclips(  289): Registering activity Posts (id: a2) as a new found state
D/nofatclips(  289): Performing backup of the old activity list on disk
D/nofatclips(  289): Saving new found state 'a2' on disk
V/nofatclips(  289): Opening state file in append mode.
D/dalvikvm(  289): GC_EXTERNAL_ALLOC freed 255K, 48% free 3768K/7239K, external 2580K/2599K, paused 47ms
I/nofatclips(  289): Saved image on disk: a2.jpg
I/nofatclips(  289): Waiting for 100 msec.
I/nofatclips(  289): Session count is 1. Will dump to disk at 1
I/nofatclips(  289): Saving the session on disk. This is the first batch: the file will be created.
I/nofatclips(  289): Planning for new Activity Posts
D/nofatclips(  289): Handling event selectListItem for items [1,5] on listView #16908298 count=5
D/nofatclips(  289): Handling event longClickListItem for items [1,5] on listView #16908298 count=5
D/nofatclips(  289): Handling event 'click' on widget id=2131165200 type=button name=
D/nofatclips(  289): Handling event 'click' on widget id=2131165201 type=button name=
D/dalvikvm(  289): GC_CONCURRENT freed 1082K, 50% free 3887K/7623K, external 3780K/3971K, paused 3ms+5ms
I/nofatclips(  289): Created trace to press the back button
I/nofatclips(  289): Created trace to press the menu button
I/nofatclips(  289): Created trace to change orientation
I/nofatclips(  289): Check for termination: 99 steps left of 100
I/nofatclips(  289): Dispatching new task. 2 more tasks remaining.
D/nofatclips(  289): Performing backup of the old task list on disk
D/nofatclips(  289): Saving task list on disk
V/nofatclips(  289): Backing up trace #28 to disk.
V/nofatclips(  289): Backing up trace #29 to disk.
D/nofatclips(  289): Deleting backup of the old task list from disk
D/nofatclips(  289): Deleting backup of the old activity list from disk
I/nofatclips(  289): Incrementally Playing Trace 29
I/nofatclips(  289): Retrieved from return list id=16908298
D/nofatclips(  289): Testing for type (android.widget.ListView) against the original (android.widget.ListView)
D/nofatclips(  289): Testing for name () against the original ()
I/nofatclips(  289): Firing event: type= selectListItem index=6 widget=android.widget.ListView
W/KeyCharacterMap(  289): No keyboard for id 0
W/KeyCharacterMap(  289): Using default keymap: /system/usr/keychars/qwerty.kcm.bin
I/nofatclips(  289): Swapping to listview item 4
D/nofatclips(  289): Event description: Post Two
I/nofatclips(  289): Waiting for 100 msec.
I/nofatclips(  289): Current activity is Posts
I/nofatclips(  289): Retrieving widgets
D/nofatclips(  289): Found widget: id=16908290 (android.widget.FrameLayout@406b6dd0)
D/nofatclips(  289): Found widget: id=2131165323 (android.widget.RelativeLayout@406b77b0)
D/nofatclips(  289): Found widget: id=2131165324 (android.widget.LinearLayout@406b7b60)
D/nofatclips(  289): Found widget: id=2131165325 (android.support.v4.app.NoSaveStateFrameLayout@405d2750)
D/nofatclips(  289): Found widget: id=-1 (android.widget.FrameLayout@40585e98)
D/nofatclips(  289): Found widget: id=16711681 (android.widget.TextView@405860d0): 
D/nofatclips(  289): Found widget: id=16908298 (android.widget.ListView@40586d38)
D/nofatclips(  289): Found widget: id=4 (android.widget.LinearLayout@406f68a8)
D/nofatclips(  289): Found widget: id=2131165236 (android.widget.TextView@406950e0): Posts
D/nofatclips(  289): Found widget: id=-1 (android.widget.LinearLayout@406b2b48)
D/nofatclips(  289): Found widget: id=2131165341 (android.widget.TextView@406b2cc8): 
D/nofatclips(  289): Found widget: id=2131165280 (android.widget.TextView@4060d5b0): 
D/nofatclips(  289): Found widget: id=1 (android.widget.LinearLayout@405edca0)
D/nofatclips(  289): Found widget: id=2131165236 (android.widget.TextView@405edeb8): 90
D/nofatclips(  289): Found widget: id=-1 (android.widget.LinearLayout@405cfe08)
D/nofatclips(  289): Found widget: id=2131165341 (android.widget.TextView@405d0008): 9:01pm, Jul 22, 2014
D/nofatclips(  289): Found widget: id=2131165280 (android.widget.TextView@405863e8): Private
D/nofatclips(  289): Found widget: id=2 (android.widget.LinearLayout@406b8e30)
D/nofatclips(  289): Found widget: id=2131165236 (android.widget.TextView@406b9048): 90
D/nofatclips(  289): Found widget: id=-1 (android.widget.LinearLayout@40632fd0)
D/nofatclips(  289): Found widget: id=2131165341 (android.widget.TextView@406331d0): 8:47pm, Jul 22, 2014
D/nofatclips(  289): Found widget: id=2131165280 (android.widget.TextView@40633660): Published
D/nofatclips(  289): Found widget: id=3 (android.widget.LinearLayout@406c2b28)
D/nofatclips(  289): Found widget: id=2131165236 (android.widget.TextView@406c2d40): Post Two
D/nofatclips(  289): Found widget: id=-1 (android.widget.LinearLayout@406c31d0)
D/nofatclips(  289): Found widget: id=2131165341 (android.widget.TextView@40631308): 6:56pm, Jul 21, 2014
D/nofatclips(  289): Found widget: id=2131165280 (android.widget.TextView@40631798): Published
D/nofatclips(  289): Found widget: id=4 (android.widget.LinearLayout@405150d8)
D/nofatclips(  289): Found widget: id=2131165236 (android.widget.TextView@40515250): Post One
D/nofatclips(  289): Found widget: id=-1 (android.widget.LinearLayout@405156e0)
D/nofatclips(  289): Found widget: id=2131165341 (android.widget.TextView@4053b4f0): 6:54pm, Jul 21, 2014
D/nofatclips(  289): Found widget: id=2131165280 (android.widget.TextView@4053b760): Published
D/nofatclips(  289): Found widget: id=-1 (android.support.v4.app.NoSaveStateFrameLayout@407240e0)
D/nofatclips(  289): Found widget: id=-1 (android.widget.RelativeLayout@40740dc8)
D/nofatclips(  289): Found widget: id=2131165383 (android.widget.RelativeLayout@407411b0)
D/nofatclips(  289): Found widget: id=2131165337 (android.widget.TextView@407424d8): Post Two
D/nofatclips(  289): Found widget: id=-1 (android.widget.LinearLayout@40742a20)
D/nofatclips(  289): Found widget: id=2131165384 (android.widget.ImageButton@40742cf8)
D/nofatclips(  289): Found widget: id=2131165385 (android.widget.ImageButton@405bcd90)
D/nofatclips(  289): Found widget: id=2131165386 (android.widget.ImageButton@405bd550)
D/nofatclips(  289): Found widget: id=2131165387 (android.widget.ImageButton@405bdba0)
D/nofatclips(  289): Found widget: id=-1 (android.widget.ScrollView@405be458)
D/nofatclips(  289): Found widget: id=-1 (android.widget.FrameLayout@405bec58)
D/nofatclips(  289): Found widget: id=2131165388 (android.webkit.WebView@405bfdf0)
D/nofatclips(  289): Found widget: id=2131165389 (android.widget.TextView@40723190): 
D/nofatclips(  289): Found widget: id=2131165326 (org.wordpress.android.util.WPTitleBar@405d2bc8)
D/nofatclips(  289): Found widget: id=2131165195 (android.widget.RelativeLayout@405d3710)
D/nofatclips(  289): Found widget: id=2131165196 (android.widget.RelativeLayout@405d4030)
D/nofatclips(  289): Found widget: id=2131165197 (android.widget.ImageView@405ed300)
D/nofatclips(  289): Found widget: id=2131165198 (android.widget.TextView@405ed760): Katie's Sweet Testing Blog
D/nofatclips(  289): Found widget: id=2131165199 (android.widget.ImageView@405ee3f0)
D/nofatclips(  289): Found widget: id=-1 (android.widget.RelativeLayout@405ee808)
D/nofatclips(  289): Found widget: id=2131165200 (android.widget.ImageButton@405eebd8)
D/nofatclips(  289): Found widget: id=-1 (android.widget.FrameLayout@405ef658)
D/nofatclips(  289): Found widget: id=2131165201 (android.widget.Button@405ef968): 
D/nofatclips(  289): Found widget: id=2131165202 (android.widget.ImageView@405f8f18)
D/nofatclips(  289): Found widget: id=2131165203 (android.widget.ImageView@405f92c8)
D/nofatclips(  289): Found widget: id=2131165204 (android.widget.LinearLayout@405f98e8)
D/nofatclips(  289): Found widget: id=-1 (android.widget.FrameLayout@405fa310)
D/nofatclips(  289): Found widget: id=-1 (android.widget.LinearLayout@405faad0)
D/nofatclips(  289): Found widget: id=-1 (android.widget.LinearLayout@405fb6b8)
D/nofatclips(  289): Found widget: id=-1 (android.widget.LinearLayout@405f4bc0)
D/nofatclips(  289): Found widget: id=2131165251 (android.widget.LinearLayout@405f4de0)
D/nofatclips(  289): Found widget: id=-1 (android.widget.ImageView@405f6588)
D/nofatclips(  289): Found widget: id=2131165256 (android.widget.TextView@405f6980): New Post
D/nofatclips(  289): Found widget: id=2131165253 (android.widget.LinearLayout@405f7560)
D/nofatclips(  289): Found widget: id=-1 (android.widget.ImageView@405e1d90)
D/nofatclips(  289): Found widget: id=2131165256 (android.widget.TextView@405e2140): New Page
D/nofatclips(  289): Found widget: id=-1 (android.widget.LinearLayout@405e25d0)
D/nofatclips(  289): Found widget: id=2131165252 (android.widget.LinearLayout@405e27f0)
D/nofatclips(  289): Found widget: id=-1 (android.widget.ImageView@405e3cb0)
D/nofatclips(  289): Found widget: id=2131165256 (android.widget.TextView@405e4b58): Quick Photo
D/nofatclips(  289): Found widget: id=2131165254 (android.widget.LinearLayout@405e4fe8)
D/nofatclips(  289): Found widget: id=-1 (android.widget.ImageView@405e5a18)
D/nofatclips(  289): Found widget: id=2131165256 (android.widget.TextView@405e5dc8): Quick Video
D/nofatclips(  289): Found widget: id=-1 (android.widget.LinearLayout@405e6258)
D/nofatclips(  289): Found widget: id=-1 (android.widget.LinearLayout@405e6478)
D/nofatclips(  289): Found widget: id=2131165255 (android.widget.LinearLayout@405e6698)
D/nofatclips(  289): Found widget: id=-1 (android.widget.ImageView@405e70c8)
D/nofatclips(  289): Found widget: id=2131165256 (android.widget.TextView@405e7478): Posts
D/nofatclips(  289): Found widget: id=2131165257 (android.widget.LinearLayout@405e7908)
D/nofatclips(  289): Found widget: id=-1 (android.widget.ImageView@405ac860)
D/nofatclips(  289): Found widget: id=2131165256 (android.widget.TextView@405acc10): Pages
D/nofatclips(  289): Found widget: id=-1 (android.widget.FrameLayout@405ad0a0)
D/nofatclips(  289): Found widget: id=2131165258 (android.widget.LinearLayout@405ad308)
D/nofatclips(  289): Found widget: id=-1 (android.widget.ImageView@405add38)
D/nofatclips(  289): Found widget: id=2131165256 (android.widget.TextView@405ae0e8): Comments
D/nofatclips(  289): Found widget: id=2131165259 (android.widget.FrameLayout@405ae578)
D/nofatclips(  289): Found widget: id=2131165260 (android.widget.ImageView@405ae7e0)
D/nofatclips(  289): Found widget: id=2131165261 (org.wordpress.android.util.CommentBadgeTextView@405aec28): 0
D/nofatclips(  289): Found widget: id=-1 (android.widget.LinearLayout@405af0d8)
D/nofatclips(  289): Found widget: id=2131165262 (android.widget.LinearLayout@406db2e0)
D/nofatclips(  289): Found widget: id=-1 (android.widget.ImageView@406dc380)
D/nofatclips(  289): Found widget: id=2131165256 (android.widget.TextView@406dc730): Settings
D/nofatclips(  289): Found widget: id=2131165263 (android.widget.LinearLayout@406dcbc0)
D/nofatclips(  289): Found widget: id=-1 (android.widget.ImageView@406ddc98)
D/nofatclips(  289): Found widget: id=2131165256 (android.widget.TextView@406de048): Read
D/nofatclips(  289): Found widget: id=2131165264 (android.widget.LinearLayout@406de4d8)
D/nofatclips(  289): Found widget: id=-1 (android.widget.ImageView@406494e8)
D/nofatclips(  289): Found widget: id=2131165256 (android.widget.TextView@406497d8): Stats
D/nofatclips(  289): Found widget: id=-1 (com.android.internal.policy.impl.PhoneWindow$DecorView@406b69b0)
V/nicola  (  289): TextualID : postTitle
V/nicola  (  289): ContentType detected : default
V/ReflectionHelper(  289): android.webkit.WebView > mOnFocusChangeListener FOUND | NOT ACTIVE
V/nicola  (  289): TextualID : blog_title
V/nicola  (  289): ContentType detected : default
V/nicola  (  289): TextualID : action_refresh
V/nicola  (  289): ContentType detected : default
I/nofatclips(  289): Performing comparation for activity Posts
D/nofatclips(  289): Comparing against activity Posts
D/nofatclips(  289): Comparing against activity Dashboard
I/nofatclips(  289): Registering activity Posts (id: a3) as a new found state
D/nofatclips(  289): Performing backup of the old activity list on disk
D/nofatclips(  289): Saving new found state 'a3' on disk
V/nofatclips(  289): Opening state file in append mode.
D/dalvikvm(  289): GC_EXTERNAL_ALLOC freed 1529K, 52% free 3885K/8071K, external 3818K/3971K, paused 147ms
I/nofatclips(  289): Saved image on disk: a3.jpg
I/nofatclips(  289): Waiting for 100 msec.
I/nofatclips(  289): Session count is 1. Will dump to disk at 1
I/nofatclips(  289): Saving the session on disk.
I/nofatclips(  289): Planning for new Activity Posts
D/nofatclips(  289): Handling event 'click' on widget id=2131165384 type=button name=
D/nofatclips(  289): Handling event 'click' on widget id=2131165385 type=button name=
D/nofatclips(  289): Handling event 'click' on widget id=2131165386 type=button name=
D/nofatclips(  289): Handling event 'click' on widget id=2131165387 type=button name=
D/nofatclips(  289): Handling event 'longClick' on widget id=2131165388 type=webPage name=
D/nofatclips(  289): Handling event 'click' on widget id=2131165200 type=button name=
D/nofatclips(  289): Handling event 'click' on widget id=2131165201 type=button name=
I/nofatclips(  289): Created trace to press the back button
I/nofatclips(  289): Created trace to press the menu button
I/nofatclips(  289): Created trace to change orientation
I/nofatclips(  289): Check for termination: 98 steps left of 100
I/nofatclips(  289): Dispatching new task. 2 more tasks remaining.
D/nofatclips(  289): Performing backup of the old task list on disk
D/nofatclips(  289): Saving task list on disk
V/nofatclips(  289): Backing up trace #38 to disk.
V/nofatclips(  289): Backing up trace #39 to disk.
D/nofatclips(  289): Deleting backup of the old task list from disk
D/nofatclips(  289): Deleting backup of the old activity list from disk
I/nofatclips(  289): Incrementally Playing Trace 39
D/nofatclips(  289): Firing event: type= back
W/KeyCharacterMap(  289): No keyboard for id 0
W/KeyCharacterMap(  289): Using default keymap: /system/usr/keychars/qwerty.kcm.bin
I/nofatclips(  289): Waiting for 100 msec.
I/nofatclips(  289): Current activity is Posts
I/nofatclips(  289): Retrieving widgets
D/nofatclips(  289): Found widget: id=16908290 (android.widget.FrameLayout@406b6dd0)
D/nofatclips(  289): Found widget: id=2131165323 (android.widget.RelativeLayout@406b77b0)
D/nofatclips(  289): Found widget: id=2131165324 (android.widget.LinearLayout@406b7b60)
D/nofatclips(  289): Found widget: id=2131165325 (android.support.v4.app.NoSaveStateFrameLayout@405d2750)
D/nofatclips(  289): Found widget: id=-1 (android.widget.FrameLayout@40585e98)
D/nofatclips(  289): Found widget: id=16711681 (android.widget.TextView@405860d0): 
D/nofatclips(  289): Found widget: id=16908298 (android.widget.ListView@40586d38)
D/nofatclips(  289): Found widget: id=4 (android.widget.LinearLayout@405150d8)
D/nofatclips(  289): Found widget: id=2131165236 (android.widget.TextView@40515250): Posts
D/nofatclips(  289): Found widget: id=-1 (android.widget.LinearLayout@405156e0)
D/nofatclips(  289): Found widget: id=2131165341 (android.widget.TextView@4053b4f0): 
D/nofatclips(  289): Found widget: id=2131165280 (android.widget.TextView@4053b760): 
D/nofatclips(  289): Found widget: id=1 (android.widget.LinearLayout@406c2b28)
D/nofatclips(  289): Found widget: id=2131165236 (android.widget.TextView@406c2d40): 90
D/nofatclips(  289): Found widget: id=-1 (android.widget.LinearLayout@406c31d0)
D/nofatclips(  289): Found widget: id=2131165341 (android.widget.TextView@40631308): 9:01pm, Jul 22, 2014
D/nofatclips(  289): Found widget: id=2131165280 (android.widget.TextView@40631798): Private
D/nofatclips(  289): Found widget: id=2 (android.widget.LinearLayout@406b8e30)
D/nofatclips(  289): Found widget: id=2131165236 (android.widget.TextView@406b9048): 90
D/nofatclips(  289): Found widget: id=-1 (android.widget.LinearLayout@40632fd0)
D/nofatclips(  289): Found widget: id=2131165341 (android.widget.TextView@406331d0): 8:47pm, Jul 22, 2014
D/nofatclips(  289): Found widget: id=2131165280 (android.widget.TextView@40633660): Published
D/nofatclips(  289): Found widget: id=3 (android.widget.LinearLayout@405edca0)
D/nofatclips(  289): Found widget: id=2131165236 (android.widget.TextView@405edeb8): Post Two
D/nofatclips(  289): Found widget: id=-1 (android.widget.LinearLayout@405cfe08)
D/nofatclips(  289): Found widget: id=2131165341 (android.widget.TextView@405d0008): 6:56pm, Jul 21, 2014
D/nofatclips(  289): Found widget: id=2131165280 (android.widget.TextView@405863e8): Published
D/nofatclips(  289): Found widget: id=4 (android.widget.LinearLayout@406f68a8)
D/nofatclips(  289): Found widget: id=2131165236 (android.widget.TextView@406950e0): Post One
D/nofatclips(  289): Found widget: id=-1 (android.widget.LinearLayout@406b2b48)
D/nofatclips(  289): Found widget: id=2131165341 (android.widget.TextView@406b2cc8): 6:54pm, Jul 21, 2014
D/nofatclips(  289): Found widget: id=2131165280 (android.widget.TextView@4060d5b0): Published
D/nofatclips(  289): Found widget: id=2131165326 (org.wordpress.android.util.WPTitleBar@405d2bc8)
D/nofatclips(  289): Found widget: id=2131165195 (android.widget.RelativeLayout@405d3710)
D/nofatclips(  289): Found widget: id=2131165196 (android.widget.RelativeLayout@405d4030)
