D/nofatclips(  289): Found widget: id=16908670 (android.widget.ImageView@409409c0)
D/nofatclips(  289): Found widget: id=16908671 (android.widget.LinearLayout@4075c248)
D/nofatclips(  289): Found widget: id=16908672 (android.widget.ScrollView@4075c438)
D/nofatclips(  289): Found widget: id=16908673 (android.widget.FrameLayout@409964f0)
D/nofatclips(  289): Found widget: id=16908331 (android.widget.FrameLayout@407e1e38)
D/nofatclips(  289): Found widget: id=16908705 (android.widget.DatePicker@407351d8)
D/nofatclips(  289): Found widget: id=16908701 (android.widget.LinearLayout@4074eff8)
D/nofatclips(  289): Found widget: id=16908702 (android.widget.NumberPicker@40811b20)
D/nofatclips(  289): Found widget: id=16908794 (android.widget.NumberPickerButton@408f5460)
D/nofatclips(  289): Found widget: id=16908795 (android.widget.EditText@407865c0): Jul
D/nofatclips(  289): Found widget: id=16908796 (android.widget.NumberPickerButton@40754d70)
D/nofatclips(  289): Found widget: id=16908703 (android.widget.NumberPicker@40931e90)
D/nofatclips(  289): Found widget: id=16908794 (android.widget.NumberPickerButton@40932028)
D/nofatclips(  289): Found widget: id=16908795 (android.widget.EditText@406083b0): 30
D/nofatclips(  289): Found widget: id=16908796 (android.widget.NumberPickerButton@40690560)
D/nofatclips(  289): Found widget: id=16908704 (android.widget.NumberPicker@40758810)
D/nofatclips(  289): Found widget: id=16908794 (android.widget.NumberPickerButton@407589a8)
D/nofatclips(  289): Found widget: id=16908795 (android.widget.EditText@408e7150): 2014
D/nofatclips(  289): Found widget: id=16908796 (android.widget.NumberPickerButton@409d16e8)
D/nofatclips(  289): Found widget: id=16908674 (android.widget.LinearLayout@407e1fe0)
D/nofatclips(  289): Found widget: id=-1 (android.widget.LinearLayout@4094c410)
D/nofatclips(  289): Found widget: id=16908675 (android.widget.LinearLayout@4094c610)
D/nofatclips(  289): Found widget: id=16908313 (android.widget.Button@406fdb18): Set
D/nofatclips(  289): Found widget: id=16908315 (android.widget.Button@407ba6b0): 
D/nofatclips(  289): Found widget: id=16908314 (android.widget.Button@408a8368): Cancel
D/nofatclips(  289): Found widget: id=16908676 (android.widget.LinearLayout@4097ed08)
D/nofatclips(  289): Found widget: id=-1 (com.android.internal.policy.impl.PhoneWindow$DecorView@406d0690)
V/ReflectionHelper(  289): android.widget.NumberPicker > mOnFocusChangeListener FOUND | NOT ACTIVE
V/ReflectionHelper(  289): android.widget.EditText > mOnFocusChangeListener FOUND | ACTIVE
V/nicola  (  289): TextualID : null
V/nicola  (  289): ContentType detected : default
V/ReflectionHelper(  289): android.widget.NumberPicker > mOnFocusChangeListener FOUND | NOT ACTIVE
V/ReflectionHelper(  289): android.widget.EditText > mOnFocusChangeListener FOUND | ACTIVE
V/nicola  (  289): TextualID : null
V/nicola  (  289): ContentType detected : number
V/ReflectionHelper(  289): android.widget.NumberPicker > mOnFocusChangeListener FOUND | NOT ACTIVE
V/ReflectionHelper(  289): android.widget.EditText > mOnFocusChangeListener FOUND | ACTIVE
V/nicola  (  289): TextualID : null
V/nicola  (  289): ContentType detected : number
V/nicola  (  289): TextualID : null
V/nicola  (  289): ContentType detected : default
V/nicola  (  289): TextualID : null
V/nicola  (  289): ContentType detected : default
I/nofatclips(  289): Performing comparation for activity EditPost
D/nofatclips(  289): Comparing against activity SelectCategories
D/nofatclips(  289): Comparing against activity EditPost
D/nofatclips(  289): Comparing against activity EditPost
D/nofatclips(  289): Comparing against activity EditPost
D/nofatclips(  289): Comparing against activity SelectCategories
D/nofatclips(  289): Comparing against activity Posts
D/nofatclips(  289): Comparing against activity Posts
D/nofatclips(  289): Comparing against activity Posts
D/nofatclips(  289): Comparing against activity EditPost
D/nofatclips(  289): Comparing against activity Dashboard
D/nofatclips(  289): Comparing against activity EditPost
D/nofatclips(  289): Comparing against activity EditPost
D/nofatclips(  289): Comparing against activity EditPost
D/nofatclips(  289): Comparing against activity Posts
D/nofatclips(  289): Comparing against activity Posts
D/nofatclips(  289): Comparing against activity SelectCategories
D/nofatclips(  289): Comparing against activity EditPost
D/nofatclips(  289): Comparing against activity EditPost
D/nofatclips(  289): Comparing against activity EditPost
D/nofatclips(  289): Comparing against activity EditPost
D/nofatclips(  289): Comparing against activity EditPost
D/nofatclips(  289): Comparing against activity EditPost
D/nofatclips(  289): Comparing against activity EditPost
I/nofatclips(  289): Registering activity EditPost (id: a24) as a new found state
D/nofatclips(  289): Performing backup of the old activity list on disk
D/nofatclips(  289): Saving new found state 'a24' on disk
V/nofatclips(  289): Opening state file in append mode.
I/nofatclips(  289): Saved image on disk: a24.jpg
I/nofatclips(  289): Waiting for 100 msec.
I/nofatclips(  289): Session count is 1. Will dump to disk at 1
I/nofatclips(  289): Saving the session on disk.
D/dalvikvm(  289): GC_FOR_MALLOC freed 1018K, 48% free 5508K/10503K, external 5312K/6185K, paused 140ms
D/dalvikvm(  289): GC_FOR_MALLOC freed 228K, 49% free 5461K/10503K, external 4953K/6185K, paused 102ms
I/nofatclips(  289): Planning for new Activity EditPost
D/nofatclips(  289): Handling event 'click' on widget id=16908794 type=button name=
D/nofatclips(  289): Handling event 'focus' on widget id=16908795 type=focusableEditText name=
D/nofatclips(  289): Handling event 'click' on widget id=16908796 type=button name=
D/nofatclips(  289): Handling event 'click' on widget id=16908794 type=button name=
D/nofatclips(  289): Handling event 'focus' on widget id=16908795 type=focusableEditText name=
D/nofatclips(  289): Handling event 'click' on widget id=16908796 type=button name=
D/nofatclips(  289): Handling event 'click' on widget id=16908794 type=button name=
D/nofatclips(  289): Handling event 'focus' on widget id=16908795 type=focusableEditText name=
D/nofatclips(  289): Handling event 'click' on widget id=16908796 type=button name=
D/nofatclips(  289): Handling event 'click' on widget id=16908313 type=button name=Set
D/nofatclips(  289): Handling event 'click' on widget id=16908314 type=button name=Cancel
I/nofatclips(  289): Created trace to press the back button
I/nofatclips(  289): Created trace to press the menu button
I/nofatclips(  289): Created trace to change orientation
D/dalvikvm(  289): GC_CONCURRENT freed 1893K, 47% free 5616K/10503K, external 4953K/6185K, paused 5ms+5ms
I/nofatclips(  289): Check for termination: 77 steps left of 100
I/nofatclips(  289): Dispatching new task. 2 more tasks remaining.
D/nofatclips(  289): Performing backup of the old task list on disk
D/nofatclips(  289): Saving task list on disk
V/nofatclips(  289): Backing up trace #323 to disk.
D/dalvikvm(  289): GC_CONCURRENT freed 2143K, 48% free 5495K/10503K, external 4953K/6185K, paused 5ms+5ms
V/nofatclips(  289): Backing up trace #324 to disk.
D/dalvikvm(  289): GC_FOR_MALLOC freed 305K, 47% free 5579K/10503K, external 4953K/6185K, paused 49ms
D/nofatclips(  289): Deleting backup of the old task list from disk
D/nofatclips(  289): Deleting backup of the old activity list from disk
I/nofatclips(  289): Incrementally Playing Trace 324
I/nofatclips(  289): Retrieved from return list id=16908313
D/nofatclips(  289): Testing for type (android.widget.Button) against the original (android.widget.Button)
D/nofatclips(  289): Testing for name (Set) against the original (Set)
I/nofatclips(  289): Firing event: type= click index=28 widget=android.widget.Button
W/KeyCharacterMap(  289): No keyboard for id 0
W/KeyCharacterMap(  289): Using default keymap: /system/usr/keychars/qwerty.kcm.bin
D/nofatclips(  289): Event description: Set
I/nofatclips(  289): Waiting for 100 msec.
I/nofatclips(  289): Current activity is EditPost
I/nofatclips(  289): Retrieving widgets
D/nofatclips(  289): Found widget: id=16908290 (android.widget.FrameLayout@40753898)
D/nofatclips(  289): Found widget: id=16908666 (com.android.internal.widget.WeightedLinearLayout@40754950)
D/nofatclips(  289): Found widget: id=16908667 (android.widget.LinearLayout@40755308)
D/nofatclips(  289): Found widget: id=16908668 (android.widget.LinearLayout@40756318)
D/nofatclips(  289): Found widget: id=16908294 (android.widget.ImageView@40758280)
D/nofatclips(  289): Found widget: id=16908669 (com.android.internal.widget.DialogTitle@408f3000): 
D/nofatclips(  289): Found widget: id=16908670 (android.widget.ImageView@40762378)
D/nofatclips(  289): Found widget: id=16908671 (android.widget.LinearLayout@40773d68)
D/nofatclips(  289): Found widget: id=16908672 (android.widget.ScrollView@409b3b80)
D/nofatclips(  289): Found widget: id=16908673 (android.widget.FrameLayout@40778970)
D/nofatclips(  289): Found widget: id=16908331 (android.widget.FrameLayout@40779980)
D/nofatclips(  289): Found widget: id=16908827 (android.widget.TimePicker@40609310)
D/nofatclips(  289): Found widget: id=-1 (android.widget.LinearLayout@4070a308)
D/nofatclips(  289): Found widget: id=16908824 (android.widget.NumberPicker@406dba10)
D/nofatclips(  289): Found widget: id=16908794 (android.widget.NumberPickerButton@4070e7f0)
D/nofatclips(  289): Found widget: id=16908795 (android.widget.EditText@405e69d8): 1
D/nofatclips(  289): Found widget: id=16908796 (android.widget.NumberPickerButton@4071aca8)
D/nofatclips(  289): Found widget: id=16908825 (android.widget.NumberPicker@40729788)
D/nofatclips(  289): Found widget: id=16908794 (android.widget.NumberPickerButton@40729a58)
D/nofatclips(  289): Found widget: id=16908795 (android.widget.EditText@40897c50): 20
D/nofatclips(  289): Found widget: id=16908796 (android.widget.NumberPickerButton@40741ac8)
D/nofatclips(  289): Found widget: id=16908826 (android.widget.Button@408d4fc0): AM
D/nofatclips(  289): Found widget: id=16908674 (android.widget.LinearLayout@40783bf0)
D/nofatclips(  289): Found widget: id=-1 (android.widget.LinearLayout@40785e98)
D/nofatclips(  289): Found widget: id=16908675 (android.widget.LinearLayout@40786bf8)
D/nofatclips(  289): Found widget: id=16908313 (android.widget.Button@407a8f08): Set
D/nofatclips(  289): Found widget: id=16908315 (android.widget.Button@40810638): 
D/nofatclips(  289): Found widget: id=16908314 (android.widget.Button@4090e460): Cancel
D/nofatclips(  289): Found widget: id=16908676 (android.widget.LinearLayout@40788598)
D/nofatclips(  289): Found widget: id=-1 (com.android.internal.policy.impl.PhoneWindow$DecorView@409b06b0)
V/ReflectionHelper(  289): android.widget.NumberPicker > mOnFocusChangeListener FOUND | NOT ACTIVE
V/ReflectionHelper(  289): android.widget.EditText > mOnFocusChangeListener FOUND | ACTIVE
V/nicola  (  289): TextualID : null
V/nicola  (  289): ContentType detected : number
V/ReflectionHelper(  289): android.widget.NumberPicker > mOnFocusChangeListener FOUND | NOT ACTIVE
V/ReflectionHelper(  289): android.widget.EditText > mOnFocusChangeListener FOUND | ACTIVE
V/nicola  (  289): TextualID : null
V/nicola  (  289): ContentType detected : number
V/nicola  (  289): TextualID : null
V/nicola  (  289): ContentType detected : default
V/nicola  (  289): TextualID : null
V/nicola  (  289): ContentType detected : default
V/nicola  (  289): TextualID : null
V/nicola  (  289): ContentType detected : default
I/nofatclips(  289): Performing comparation for activity EditPost
D/nofatclips(  289): Comparing against activity SelectCategories
D/nofatclips(  289): Comparing against activity EditPost
D/nofatclips(  289): Comparing against activity EditPost
D/nofatclips(  289): Comparing against activity EditPost
D/nofatclips(  289): Comparing against activity SelectCategories
D/nofatclips(  289): Comparing against activity Posts
D/nofatclips(  289): Comparing against activity Posts
D/nofatclips(  289): Comparing against activity Posts
D/nofatclips(  289): Comparing against activity EditPost
D/nofatclips(  289): Comparing against activity EditPost
D/nofatclips(  289): Comparing against activity Dashboard
D/nofatclips(  289): Comparing against activity EditPost
D/nofatclips(  289): Comparing against activity EditPost
D/nofatclips(  289): Comparing against activity EditPost
D/nofatclips(  289): Comparing against activity Posts
D/nofatclips(  289): Comparing against activity Posts
D/nofatclips(  289): Comparing against activity SelectCategories
D/nofatclips(  289): Comparing against activity EditPost
D/nofatclips(  289): Comparing against activity EditPost
D/nofatclips(  289): Comparing against activity EditPost
D/nofatclips(  289): Comparing against activity EditPost
D/nofatclips(  289): Comparing against activity EditPost
D/nofatclips(  289): Comparing against activity EditPost
D/nofatclips(  289): Comparing against activity EditPost
I/nofatclips(  289): Registering activity EditPost (id: a25) as a new found state
D/nofatclips(  289): Performing backup of the old activity list on disk
D/nofatclips(  289): Saving new found state 'a25' on disk
V/nofatclips(  289): Opening state file in append mode.
I/nofatclips(  289): Saved image on disk: a25.jpg
I/nofatclips(  289): Waiting for 100 msec.
I/nofatclips(  289): Session count is 1. Will dump to disk at 1
I/nofatclips(  289): Saving the session on disk.
D/dalvikvm(  289): GC_FOR_MALLOC freed 1158K, 48% free 5558K/10503K, external 5672K/6185K, paused 96ms
D/dalvikvm(  289): GC_FOR_MALLOC freed 254K, 48% free 5500K/10503K, external 5312K/6185K, paused 80ms
I/nofatclips(  289): Planning for new Activity EditPost
D/nofatclips(  289): Handling event 'click' on widget id=16908794 type=button name=
D/nofatclips(  289): Handling event 'focus' on widget id=16908795 type=focusableEditText name=
D/nofatclips(  289): Handling event 'click' on widget id=16908796 type=button name=
D/nofatclips(  289): Handling event 'click' on widget id=16908794 type=button name=
D/nofatclips(  289): Handling event 'focus' on widget id=16908795 type=focusableEditText name=
D/nofatclips(  289): Handling event 'click' on widget id=16908796 type=button name=
D/nofatclips(  289): Handling event 'click' on widget id=16908826 type=button name=AM
D/nofatclips(  289): Handling event 'click' on widget id=16908313 type=button name=Set
D/nofatclips(  289): Handling event 'click' on widget id=16908314 type=button name=Cancel
I/nofatclips(  289): Created trace to press the back button
I/nofatclips(  289): Created trace to press the menu button
I/nofatclips(  289): Created trace to change orientation
D/dalvikvm(  289): GC_CONCURRENT freed 1843K, 46% free 5704K/10503K, external 5312K/6185K, paused 4ms+5ms
I/nofatclips(  289): Check for termination: 76 steps left of 100
I/nofatclips(  289): Dispatching new task. 2 more tasks remaining.
D/nofatclips(  289): Performing backup of the old task list on disk
D/nofatclips(  289): Saving task list on disk
V/nofatclips(  289): Backing up trace #335 to disk.
V/nofatclips(  289): Backing up trace #336 to disk.
D/dalvikvm(  289): GC_CONCURRENT freed 1983K, 46% free 5681K/10503K, external 5312K/6185K, paused 3ms+3ms
D/dalvikvm(  289): GC_FOR_MALLOC freed 191K, 46% free 5684K/10503K, external 5312K/6185K, paused 47ms
D/nofatclips(  289): Deleting backup of the old task list from disk
D/nofatclips(  289): Deleting backup of the old activity list from disk
I/nofatclips(  289): Incrementally Playing Trace 336
I/nofatclips(  289): Retrieved from return list id=16908795
D/nofatclips(  289): Testing for type (android.widget.EditText) against the original (android.widget.EditText)
D/nofatclips(  289): Testing for name () against the original ()
I/nofatclips(  289): Firing event: type= focus index=19 widget=android.widget.EditText
W/KeyCharacterMap(  289): No keyboard for id 0
W/KeyCharacterMap(  289): Using default keymap: /system/usr/keychars/qwerty.kcm.bin
D/nofatclips(  289): Event description: 20
I/nofatclips(  289): Waiting for 100 msec.
I/nofatclips(  289): Current activity is EditPost
I/nofatclips(  289): Retrieving widgets
D/nofatclips(  289): Found widget: id=-1 (android.widget.TextView$HandleView@407de760)
D/nofatclips(  289): Found widget: id=16908290 (android.widget.FrameLayout@40753898)
D/nofatclips(  289): Found widget: id=16908666 (com.android.internal.widget.WeightedLinearLayout@40754950)
D/nofatclips(  289): Found widget: id=16908667 (android.widget.LinearLayout@40755308)
D/nofatclips(  289): Found widget: id=16908668 (android.widget.LinearLayout@40756318)
D/nofatclips(  289): Found widget: id=16908294 (android.widget.ImageView@40758280)
D/nofatclips(  289): Found widget: id=16908669 (com.android.internal.widget.DialogTitle@408f3000): 
D/nofatclips(  289): Found widget: id=16908670 (android.widget.ImageView@40762378)
D/nofatclips(  289): Found widget: id=16908671 (android.widget.LinearLayout@40773d68)
D/nofatclips(  289): Found widget: id=16908672 (android.widget.ScrollView@409b3b80)
D/nofatclips(  289): Found widget: id=16908673 (android.widget.FrameLayout@40778970)
D/nofatclips(  289): Found widget: id=16908331 (android.widget.FrameLayout@40779980)
D/nofatclips(  289): Found widget: id=16908827 (android.widget.TimePicker@40609310)
D/nofatclips(  289): Found widget: id=-1 (android.widget.LinearLayout@4070a308)
D/nofatclips(  289): Found widget: id=16908824 (android.widget.NumberPicker@406dba10)
D/nofatclips(  289): Found widget: id=16908794 (android.widget.NumberPickerButton@4070e7f0)
D/nofatclips(  289): Found widget: id=16908795 (android.widget.EditText@405e69d8): 1
D/nofatclips(  289): Found widget: id=16908796 (android.widget.NumberPickerButton@4071aca8)
D/nofatclips(  289): Found widget: id=16908825 (android.widget.NumberPicker@40729788)
D/nofatclips(  289): Found widget: id=16908794 (android.widget.NumberPickerButton@40729a58)
D/nofatclips(  289): Found widget: id=16908795 (android.widget.EditText@40897c50): 20
D/nofatclips(  289): Found widget: id=16908796 (android.widget.NumberPickerButton@40741ac8)
D/nofatclips(  289): Found widget: id=16908826 (android.widget.Button@408d4fc0): AM
D/nofatclips(  289): Found widget: id=16908674 (android.widget.LinearLayout@40783bf0)
D/nofatclips(  289): Found widget: id=-1 (android.widget.LinearLayout@40785e98)
D/nofatclips(  289): Found widget: id=16908675 (android.widget.LinearLayout@40786bf8)
D/nofatclips(  289): Found widget: id=16908313 (android.widget.Button@407a8f08): Set
D/nofatclips(  289): Found widget: id=16908315 (android.widget.Button@40810638): 
D/nofatclips(  289): Found widget: id=16908314 (android.widget.Button@4090e460): Cancel
D/nofatclips(  289): Found widget: id=16908676 (android.widget.LinearLayout@40788598)
D/nofatclips(  289): Found widget: id=-1 (com.android.internal.policy.impl.PhoneWindow$DecorView@409b06b0)
V/ReflectionHelper(  289): android.widget.NumberPicker > mOnFocusChangeListener FOUND | NOT ACTIVE
V/ReflectionHelper(  289): android.widget.EditText > mOnFocusChangeListener FOUND | ACTIVE
V/nicola  (  289): TextualID : null
V/nicola  (  289): ContentType detected : number
V/ReflectionHelper(  289): android.widget.NumberPicker > mOnFocusChangeListener FOUND | NOT ACTIVE
V/ReflectionHelper(  289): android.widget.EditText > mOnFocusChangeListener FOUND | ACTIVE
V/nicola  (  289): TextualID : null
V/nicola  (  289): ContentType detected : number
V/nicola  (  289): TextualID : null
V/nicola  (  289): ContentType detected : default
V/nicola  (  289): TextualID : null
V/nicola  (  289): ContentType detected : default
V/nicola  (  289): TextualID : null
V/nicola  (  289): ContentType detected : default
I/nofatclips(  289): Performing comparation for activity EditPost
D/nofatclips(  289): Comparing against activity SelectCategories
D/nofatclips(  289): Comparing against activity EditPost
D/nofatclips(  289): Comparing against activity EditPost
D/nofatclips(  289): Comparing against activity EditPost
D/nofatclips(  289): Comparing against activity SelectCategories
D/nofatclips(  289): Comparing against activity Posts
D/nofatclips(  289): Comparing against activity Posts
D/nofatclips(  289): Comparing against activity Posts
D/nofatclips(  289): Comparing against activity EditPost
D/nofatclips(  289): Comparing against activity EditPost
D/nofatclips(  289): Comparing against activity Dashboard
D/nofatclips(  289): Comparing against activity EditPost
D/nofatclips(  289): Comparing against activity EditPost
D/nofatclips(  289): Comparing against activity EditPost
D/nofatclips(  289): Comparing against activity Posts
D/nofatclips(  289): Comparing against activity Posts
D/nofatclips(  289): Comparing against activity SelectCategories
D/nofatclips(  289): Comparing against activity EditPost
D/nofatclips(  289): Comparing against activity EditPost
D/nofatclips(  289): Comparing against activity EditPost
D/nofatclips(  289): Comparing against activity EditPost
D/nofatclips(  289): Comparing against activity EditPost
D/nofatclips(  289): Comparing against activity EditPost
D/nofatclips(  289): Comparing against activity EditPost
D/nofatclips(  289): Comparing against activity EditPost
I/nofatclips(  289): Registering activity EditPost (id: a26) as a new found state
D/nofatclips(  289): Performing backup of the old activity list on disk
D/nofatclips(  289): Saving new found state 'a26' on disk
V/nofatclips(  289): Opening state file in append mode.
I/nofatclips(  289): Saved image on disk: a26.jpg
I/nofatclips(  289): Waiting for 100 msec.
I/nofatclips(  289): Session count is 1. Will dump to disk at 1
I/nofatclips(  289): Saving the session on disk.
D/dalvikvm(  289): GC_FOR_MALLOC freed 1085K, 47% free 5651K/10503K, external 5334K/6185K, paused 102ms
D/dalvikvm(  289): GC_FOR_MALLOC freed 236K, 48% free 5556K/10503K, external 5323K/6185K, paused 84ms
I/nofatclips(  289): Planning for new Activity EditPost
D/nofatclips(  289): Handling event 'click' on widget id=16908794 type=button name=
D/nofatclips(  289): Handling event 'focus' on widget id=16908795 type=focusableEditText name=
D/nofatclips(  289): Handling event 'click' on widget id=16908796 type=button name=
D/nofatclips(  289): Handling event 'click' on widget id=16908794 type=button name=
D/nofatclips(  289): Handling event 'focus' on widget id=16908795 type=focusableEditText name=
D/nofatclips(  289): Handling event 'click' on widget id=16908796 type=button name=
D/nofatclips(  289): Handling event 'click' on widget id=16908826 type=button name=AM
D/nofatclips(  289): Handling event 'click' on widget id=16908313 type=button name=Set
D/nofatclips(  289): Handling event 'click' on widget id=16908314 type=button name=Cancel
I/nofatclips(  289): Created trace to press the back button
I/nofatclips(  289): Created trace to press the menu button
I/nofatclips(  289): Created trace to change orientation
D/dalvikvm(  289): GC_CONCURRENT freed 1895K, 46% free 5709K/10503K, external 5323K/6185K, paused 4ms+5ms
I/nofatclips(  289): Check for termination: 75 steps left of 100
I/nofatclips(  289): Dispatching new task. 2 more tasks remaining.
D/nofatclips(  289): Performing backup of the old task list on disk
D/nofatclips(  289): Saving task list on disk
V/nofatclips(  289): Backing up trace #347 to disk.
V/nofatclips(  289): Backing up trace #348 to disk.
D/dalvikvm(  289): GC_CONCURRENT freed 2023K, 46% free 5722K/10503K, external 5312K/6185K, paused 4ms+3ms
D/dalvikvm(  289): GC_FOR_MALLOC freed 163K, 46% free 5718K/10503K, external 5312K/6185K, paused 48ms
D/nofatclips(  289): Deleting backup of the old task list from disk
D/nofatclips(  289): Deleting backup of the old activity list from disk
I/nofatclips(  289): Incrementally Playing Trace 348
I/nofatclips(  289): Retrieved from return list id=16908795
D/nofatclips(  289): Testing for type (android.widget.EditText) against the original (android.widget.EditText)
D/nofatclips(  289): Testing for name () against the original ()
I/nofatclips(  289): Firing event: type= focus index=20 widget=android.widget.EditText
W/KeyCharacterMap(  289): No keyboard for id 0
W/KeyCharacterMap(  289): Using default keymap: /system/usr/keychars/qwerty.kcm.bin
D/nofatclips(  289): Event description: 20
I/nofatclips(  289): Waiting for 100 msec.
I/nofatclips(  289): Current activity is EditPost
I/nofatclips(  289): Retrieving widgets
D/nofatclips(  289): Found widget: id=-1 (android.widget.TextView$HandleView@407de760)
D/nofatclips(  289): Found widget: id=16908290 (android.widget.FrameLayout@40753898)
D/nofatclips(  289): Found widget: id=16908666 (com.android.internal.widget.WeightedLinearLayout@40754950)
D/nofatclips(  289): Found widget: id=16908667 (android.widget.LinearLayout@40755308)
D/nofatclips(  289): Found widget: id=16908668 (android.widget.LinearLayout@40756318)
D/nofatclips(  289): Found widget: id=16908294 (android.widget.ImageView@40758280)
D/nofatclips(  289): Found widget: id=16908669 (com.android.internal.widget.DialogTitle@408f3000): 
D/nofatclips(  289): Found widget: id=16908670 (android.widget.ImageView@40762378)
D/nofatclips(  289): Found widget: id=16908671 (android.widget.LinearLayout@40773d68)
D/nofatclips(  289): Found widget: id=16908672 (android.widget.ScrollView@409b3b80)
D/nofatclips(  289): Found widget: id=16908673 (android.widget.FrameLayout@40778970)
D/nofatclips(  289): Found widget: id=16908331 (android.widget.FrameLayout@40779980)
D/nofatclips(  289): Found widget: id=16908827 (android.widget.TimePicker@40609310)
D/nofatclips(  289): Found widget: id=-1 (android.widget.LinearLayout@4070a308)
D/nofatclips(  289): Found widget: id=16908824 (android.widget.NumberPicker@406dba10)
D/nofatclips(  289): Found widget: id=16908794 (android.widget.NumberPickerButton@4070e7f0)
D/nofatclips(  289): Found widget: id=16908795 (android.widget.EditText@405e69d8): 1
D/nofatclips(  289): Found widget: id=16908796 (android.widget.NumberPickerButton@4071aca8)
D/nofatclips(  289): Found widget: id=16908825 (android.widget.NumberPicker@40729788)
D/nofatclips(  289): Found widget: id=16908794 (android.widget.NumberPickerButton@40729a58)
D/nofatclips(  289): Found widget: id=16908795 (android.widget.EditText@40897c50): 20
D/nofatclips(  289): Found widget: id=16908796 (android.widget.NumberPickerButton@40741ac8)
D/nofatclips(  289): Found widget: id=16908826 (android.widget.Button@408d4fc0): AM
D/nofatclips(  289): Found widget: id=16908674 (android.widget.LinearLayout@40783bf0)
D/nofatclips(  289): Found widget: id=-1 (android.widget.LinearLayout@40785e98)
D/nofatclips(  289): Found widget: id=16908675 (android.widget.LinearLayout@40786bf8)
D/nofatclips(  289): Found widget: id=16908313 (android.widget.Button@407a8f08): Set
D/nofatclips(  289): Found widget: id=16908315 (android.widget.Button@40810638): 
D/nofatclips(  289): Found widget: id=16908314 (android.widget.Button@4090e460): Cancel
D/nofatclips(  289): Found widget: id=16908676 (android.widget.LinearLayout@40788598)
D/nofatclips(  289): Found widget: id=-1 (com.android.internal.policy.impl.PhoneWindow$DecorView@409b06b0)
V/ReflectionHelper(  289): android.widget.NumberPicker > mOnFocusChangeListener FOUND | NOT ACTIVE
V/ReflectionHelper(  289): android.widget.EditText > mOnFocusChangeListener FOUND | ACTIVE
V/nicola  (  289): TextualID : null
V/nicola  (  289): ContentType detected : number
V/ReflectionHelper(  289): android.widget.NumberPicker > mOnFocusChangeListener FOUND | NOT ACTIVE
V/ReflectionHelper(  289): android.widget.EditText > mOnFocusChangeListener FOUND | ACTIVE
V/nicola  (  289): TextualID : null
V/nicola  (  289): ContentType detected : number
V/nicola  (  289): TextualID : null
V/nicola  (  289): ContentType detected : default
V/nicola  (  289): TextualID : null
V/nicola  (  289): ContentType detected : default
V/nicola  (  289): TextualID : null
V/nicola  (  289): ContentType detected : default
I/nofatclips(  289): Performing comparation for activity EditPost
D/nofatclips(  289): Comparing against activity SelectCategories
D/nofatclips(  289): Comparing against activity Posts
D/nofatclips(  289): Comparing against activity Posts
D/nofatclips(  289): Comparing against activity EditPost
D/nofatclips(  289): Comparing against activity Dashboard
D/nofatclips(  289): Comparing against activity Posts
D/nofatclips(  289): Comparing against activity SelectCategories
D/nofatclips(  289): Comparing against activity EditPost
D/nofatclips(  289): Comparing against activity EditPost
D/nofatclips(  289): Comparing against activity EditPost
D/nofatclips(  289): Comparing against activity EditPost
D/nofatclips(  289): Comparing against activity EditPost
D/nofatclips(  289): Comparing against activity EditPost
D/nofatclips(  289): Comparing against activity SelectCategories
D/nofatclips(  289): Comparing against activity Posts
D/nofatclips(  289): Comparing against activity EditPost
D/nofatclips(  289): Comparing against activity EditPost
D/nofatclips(  289): Comparing against activity EditPost
D/nofatclips(  289): Comparing against activity EditPost
D/nofatclips(  289): Comparing against activity EditPost
D/nofatclips(  289): Comparing against activity Posts
D/nofatclips(  289): Comparing against activity EditPost
D/nofatclips(  289): Comparing against activity EditPost
D/nofatclips(  289): Comparing against activity EditPost
D/nofatclips(  289): Comparing against activity EditPost
D/nofatclips(  289): Comparing against activity EditPost
I/nofatclips(  289): Registering activity EditPost (id: a27) as a new found state
D/nofatclips(  289): Performing backup of the old activity list on disk
D/nofatclips(  289): Saving new found state 'a27' on disk
V/nofatclips(  289): Opening state file in append mode.
I/nofatclips(  289): Saved image on disk: a27.jpg
I/nofatclips(  289): Waiting for 100 msec.
I/nofatclips(  289): Session count is 1. Will dump to disk at 1
I/nofatclips(  289): Saving the session on disk.
D/dalvikvm(  289): GC_FOR_MALLOC freed 1121K, 47% free 5656K/10503K, external 5334K/6185K, paused 207ms
D/dalvikvm(  289): GC_FOR_MALLOC freed 187K, 47% free 5623K/10503K, external 5323K/6185K, paused 166ms
D/dalvikvm(  289): GC_FOR_MALLOC freed 183K, 48% free 5565K/10503K, external 5323K/6185K, paused 226ms
I/nofatclips(  289): Planning for new Activity EditPost
D/nofatclips(  289): Handling event 'click' on widget id=16908794 type=button name=
D/nofatclips(  289): Handling event 'focus' on widget id=16908795 type=focusableEditText name=
D/nofatclips(  289): Handling event 'click' on widget id=16908796 type=button name=
D/nofatclips(  289): Handling event 'click' on widget id=16908794 type=button name=
D/nofatclips(  289): Handling event 'focus' on widget id=16908795 type=focusableEditText name=
D/nofatclips(  289): Handling event 'click' on widget id=16908796 type=button name=
D/nofatclips(  289): Handling event 'click' on widget id=16908826 type=button name=AM
D/nofatclips(  289): Handling event 'click' on widget id=16908313 type=button name=Set
D/nofatclips(  289): Handling event 'click' on widget id=16908314 type=button name=Cancel
I/nofatclips(  289): Created trace to press the back button
I/nofatclips(  289): Created trace to press the menu button
I/nofatclips(  289): Created trace to change orientation
D/dalvikvm(  289): GC_CONCURRENT freed 1867K, 46% free 5745K/10503K, external 5323K/6185K, paused 4ms+6ms
I/nofatclips(  289): Check for termination: 74 steps left of 100
I/nofatclips(  289): Dispatching new task. 2 more tasks remaining.
D/nofatclips(  289): Performing backup of the old task list on disk
D/nofatclips(  289): Saving task list on disk
V/nofatclips(  289): Backing up trace #359 to disk.
D/dalvikvm(  289): GC_CONCURRENT freed 1963K, 46% free 5749K/10503K, external 5312K/6185K, paused 4ms+4ms
V/nofatclips(  289): Backing up trace #360 to disk.
D/dalvikvm(  289): GC_FOR_MALLOC freed 237K, 46% free 5730K/10503K, external 5312K/6185K, paused 53ms
D/nofatclips(  289): Deleting backup of the old task list from disk
D/nofatclips(  289): Deleting backup of the old activity list from disk
I/nofatclips(  289): Incrementally Playing Trace 360
I/nofatclips(  289): Retrieved from return list id=-1
D/nofatclips(  289): Testing for type (android.widget.TextView$HandleView) against the original (null)
I/nofatclips(  289): Firing event: type= changeOrientation name= widget=null
W/KeyCharacterMap(  289): No keyboard for id 0
W/KeyCharacterMap(  289): Using default keymap: /system/usr/keychars/qwerty.kcm.bin
D/dalvikvm(  116): GC_CONCURRENT freed 247K, 48% free 3236K/6151K, external 948K/1038K, paused 56ms+11ms
I/WindowManager(   61): Setting rotation to 0, animFlags=1
I/ActivityManager(   61): Config changed: { scale=1.0 imsi=310/260 loc=en_US touch=3 keys=2/1/2 nav=1/1 orien=1 layout=18 uiMode=17 seq=8}
I/nofatclips(  289): Waiting for 100 msec.
I/nofatclips(  289): Current activity is EditPost
I/nofatclips(  289): Retrieving widgets
D/nofatclips(  289): Found widget: id=16908290 (android.widget.FrameLayout@40753898)
D/nofatclips(  289): Found widget: id=16908666 (com.android.internal.widget.WeightedLinearLayout@40754950)
D/nofatclips(  289): Found widget: id=16908667 (android.widget.LinearLayout@40755308)
D/nofatclips(  289): Found widget: id=16908668 (android.widget.LinearLayout@40756318)
D/nofatclips(  289): Found widget: id=16908294 (android.widget.ImageView@40758280)
D/nofatclips(  289): Found widget: id=16908669 (com.android.internal.widget.DialogTitle@408f3000): 
D/nofatclips(  289): Found widget: id=16908670 (android.widget.ImageView@40762378)
D/nofatclips(  289): Found widget: id=16908671 (android.widget.LinearLayout@40773d68)
D/nofatclips(  289): Found widget: id=16908672 (android.widget.ScrollView@409b3b80)
D/nofatclips(  289): Found widget: id=16908673 (android.widget.FrameLayout@40778970)
D/nofatclips(  289): Found widget: id=16908331 (android.widget.FrameLayout@40779980)
D/nofatclips(  289): Found widget: id=16908827 (android.widget.TimePicker@40609310)
D/nofatclips(  289): Found widget: id=-1 (android.widget.LinearLayout@4070a308)
D/nofatclips(  289): Found widget: id=16908824 (android.widget.NumberPicker@406dba10)
D/nofatclips(  289): Found widget: id=16908794 (android.widget.NumberPickerButton@4070e7f0)
D/nofatclips(  289): Found widget: id=16908795 (android.widget.EditText@405e69d8): 1
D/nofatclips(  289): Found widget: id=16908796 (android.widget.NumberPickerButton@4071aca8)
D/nofatclips(  289): Found widget: id=16908825 (android.widget.NumberPicker@40729788)
D/nofatclips(  289): Found widget: id=16908794 (android.widget.NumberPickerButton@40729a58)
D/nofatclips(  289): Found widget: id=16908795 (android.widget.EditText@40897c50): 20
D/nofatclips(  289): Found widget: id=16908796 (android.widget.NumberPickerButton@40741ac8)
D/nofatclips(  289): Found widget: id=16908826 (android.widget.Button@408d4fc0): AM
D/nofatclips(  289): Found widget: id=16908674 (android.widget.LinearLayout@40783bf0)
D/nofatclips(  289): Found widget: id=-1 (android.widget.LinearLayout@40785e98)
D/nofatclips(  289): Found widget: id=16908675 (android.widget.LinearLayout@40786bf8)
D/nofatclips(  289): Found widget: id=16908313 (android.widget.Button@407a8f08): Set
D/nofatclips(  289): Found widget: id=16908315 (android.widget.Button@40810638): 
D/nofatclips(  289): Found widget: id=16908314 (android.widget.Button@4090e460): Cancel
D/nofatclips(  289): Found widget: id=16908676 (android.widget.LinearLayout@40788598)
D/nofatclips(  289): Found widget: id=-1 (com.android.internal.policy.impl.PhoneWindow$DecorView@409b06b0)
V/ReflectionHelper(  289): android.widget.NumberPicker > mOnFocusChangeListener FOUND | NOT ACTIVE
V/ReflectionHelper(  289): android.widget.EditText > mOnFocusChangeListener FOUND | ACTIVE
V/nicola  (  289): TextualID : null
V/nicola  (  289): ContentType detected : number
V/ReflectionHelper(  289): android.widget.NumberPicker > mOnFocusChangeListener FOUND | NOT ACTIVE
V/ReflectionHelper(  289): android.widget.EditText > mOnFocusChangeListener FOUND | ACTIVE
V/nicola  (  289): TextualID : null
V/nicola  (  289): ContentType detected : number
V/nicola  (  289): TextualID : null
V/nicola  (  289): ContentType detected : default
V/nicola  (  289): TextualID : null
V/nicola  (  289): ContentType detected : default
V/nicola  (  289): TextualID : null
V/nicola  (  289): ContentType detected : default
I/nofatclips(  289): Performing comparation for activity EditPost
D/nofatclips(  289): Comparing against activity SelectCategories
D/nofatclips(  289): Comparing against activity Posts
D/nofatclips(  289): Comparing against activity Posts
D/nofatclips(  289): Comparing against activity EditPost
D/nofatclips(  289): Comparing against activity Dashboard
D/nofatclips(  289): Comparing against activity Posts
D/nofatclips(  289): Comparing against activity SelectCategories
D/nofatclips(  289): Comparing against activity EditPost
D/nofatclips(  289): Comparing against activity EditPost
D/nofatclips(  289): Comparing against activity EditPost
D/nofatclips(  289): Comparing against activity EditPost
D/nofatclips(  289): Comparing against activity EditPost
D/nofatclips(  289): Comparing against activity EditPost
D/nofatclips(  289): Comparing against activity SelectCategories
D/nofatclips(  289): Comparing against activity EditPost
D/nofatclips(  289): Comparing against activity Posts
D/nofatclips(  289): Comparing against activity EditPost
D/nofatclips(  289): Comparing against activity EditPost
D/nofatclips(  289): Comparing against activity EditPost
D/nofatclips(  289): Comparing against activity EditPost
D/nofatclips(  289): Comparing against activity EditPost
D/nofatclips(  289): Comparing against activity Posts
D/nofatclips(  289): Comparing against activity EditPost
D/nofatclips(  289): Comparing against activity EditPost
D/nofatclips(  289): Comparing against activity EditPost
D/nofatclips(  289): Comparing against activity EditPost
D/nofatclips(  289): Comparing against activity EditPost
I/nofatclips(  289): Registering activity EditPost (id: a28) as a new found state
D/nofatclips(  289): Performing backup of the old activity list on disk
D/nofatclips(  289): Saving new found state 'a28' on disk
V/nofatclips(  289): Opening state file in append mode.
I/nofatclips(  289): Saved image on disk: a28.jpg
I/nofatclips(  289): Waiting for 100 msec.
I/nofatclips(  289): Session count is 1. Will dump to disk at 1
I/nofatclips(  289): Saving the session on disk.
D/dalvikvm(  289): GC_FOR_MALLOC freed 1104K, 47% free 5644K/10503K, external 5632K/6185K, paused 105ms
D/dalvikvm(  289): GC_FOR_MALLOC freed 301K, 47% free 5603K/10503K, external 5293K/6185K, paused 94ms
I/nofatclips(  289): Planning for new Activity EditPost
D/nofatclips(  289): Handling event 'click' on widget id=16908794 type=button name=
D/nofatclips(  289): Handling event 'focus' on widget id=16908795 type=focusableEditText name=
D/nofatclips(  289): Handling event 'click' on widget id=16908796 type=button name=
D/dalvikvm(   61): GC_EXPLICIT freed 134K, 45% free 4141K/7495K, external 1316K/1828K, paused 339ms
D/nofatclips(  289): Handling event 'click' on widget id=16908794 type=button name=
D/nofatclips(  289): Handling event 'focus' on widget id=16908795 type=focusableEditText name=
D/nofatclips(  289): Handling event 'click' on widget id=16908796 type=button name=
D/nofatclips(  289): Handling event 'click' on widget id=16908826 type=button name=AM
D/nofatclips(  289): Handling event 'click' on widget id=16908313 type=button name=Set
D/nofatclips(  289): Handling event 'click' on widget id=16908314 type=button name=Cancel
I/nofatclips(  289): Created trace to press the back button
I/nofatclips(  289): Created trace to press the menu button
I/nofatclips(  289): Created trace to change orientation
D/dalvikvm(  289): GC_CONCURRENT freed 1914K, 46% free 5736K/10503K, external 5293K/6185K, paused 4ms+5ms
I/nofatclips(  289): Check for termination: 73 steps left of 100
I/nofatclips(  289): Dispatching new task. 2 more tasks remaining.
D/nofatclips(  289): Performing backup of the old task list on disk
D/nofatclips(  289): Saving task list on disk
V/nofatclips(  289): Backing up trace #371 to disk.
D/dalvikvm(  289): GC_CONCURRENT freed 2017K, 46% free 5741K/10503K, external 4933K/6161K, paused 4ms+4ms
V/nofatclips(  289): Backing up trace #372 to disk.
D/dalvikvm(  289): GC_FOR_MALLOC freed 265K, 46% free 5740K/10503K, external 4933K/6161K, paused 50ms
D/dalvikvm(  289): GC_FOR_MALLOC freed 172K, 46% free 5771K/10503K, external 4933K/6161K, paused 48ms
D/nofatclips(  289): Deleting backup of the old task list from disk
D/nofatclips(  289): Deleting backup of the old activity list from disk
I/nofatclips(  289): Incrementally Playing Trace 372
I/nofatclips(  289): Retrieved from return list id=16908794
D/nofatclips(  289): Testing for type (android.widget.NumberPickerButton) against the original (android.widget.NumberPickerButton)
D/nofatclips(  289): Testing for name () against the original ()
I/nofatclips(  289): Firing event: type= click index=14 widget=android.widget.NumberPickerButton
D/dalvikvm(  116): GC_EXTERNAL_ALLOC freed 40K, 48% free 3238K/6151K, external 1029K/1038K, paused 187ms
I/nofatclips(  289): Waiting for 100 msec.
I/nofatclips(  289): Current activity is EditPost
I/nofatclips(  289): Retrieving widgets
D/nofatclips(  289): Found widget: id=16908290 (android.widget.FrameLayout@40753898)
D/nofatclips(  289): Found widget: id=16908666 (com.android.internal.widget.WeightedLinearLayout@40754950)
D/nofatclips(  289): Found widget: id=16908667 (android.widget.LinearLayout@40755308)
D/nofatclips(  289): Found widget: id=16908668 (android.widget.LinearLayout@40756318)
D/nofatclips(  289): Found widget: id=16908294 (android.widget.ImageView@40758280)
D/nofatclips(  289): Found widget: id=16908669 (com.android.internal.widget.DialogTitle@408f3000): 
D/nofatclips(  289): Found widget: id=16908670 (android.widget.ImageView@40762378)
D/nofatclips(  289): Found widget: id=16908671 (android.widget.LinearLayout@40773d68)
D/nofatclips(  289): Found widget: id=16908672 (android.widget.ScrollView@409b3b80)
D/nofatclips(  289): Found widget: id=16908673 (android.widget.FrameLayout@40778970)
D/nofatclips(  289): Found widget: id=16908331 (android.widget.FrameLayout@40779980)
D/nofatclips(  289): Found widget: id=16908827 (android.widget.TimePicker@40609310)
D/nofatclips(  289): Found widget: id=-1 (android.widget.LinearLayout@4070a308)
D/nofatclips(  289): Found widget: id=16908824 (android.widget.NumberPicker@406dba10)
D/nofatclips(  289): Found widget: id=16908794 (android.widget.NumberPickerButton@4070e7f0)
D/nofatclips(  289): Found widget: id=16908795 (android.widget.EditText@405e69d8): 2
D/nofatclips(  289): Found widget: id=16908796 (android.widget.NumberPickerButton@4071aca8)
D/nofatclips(  289): Found widget: id=16908825 (android.widget.NumberPicker@40729788)
D/nofatclips(  289): Found widget: id=16908794 (android.widget.NumberPickerButton@40729a58)
D/nofatclips(  289): Found widget: id=16908795 (android.widget.EditText@40897c50): 20
D/nofatclips(  289): Found widget: id=16908796 (android.widget.NumberPickerButton@40741ac8)
D/nofatclips(  289): Found widget: id=16908826 (android.widget.Button@408d4fc0): AM
D/nofatclips(  289): Found widget: id=16908674 (android.widget.LinearLayout@40783bf0)
D/nofatclips(  289): Found widget: id=-1 (android.widget.LinearLayout@40785e98)
D/nofatclips(  289): Found widget: id=16908675 (android.widget.LinearLayout@40786bf8)
D/nofatclips(  289): Found widget: id=16908313 (android.widget.Button@407a8f08): Set
D/nofatclips(  289): Found widget: id=16908315 (android.widget.Button@40810638): 
D/nofatclips(  289): Found widget: id=16908314 (android.widget.Button@4090e460): Cancel
D/nofatclips(  289): Found widget: id=16908676 (android.widget.LinearLayout@40788598)
D/nofatclips(  289): Found widget: id=-1 (com.android.internal.policy.impl.PhoneWindow$DecorView@409b06b0)
V/ReflectionHelper(  289): android.widget.NumberPicker > mOnFocusChangeListener FOUND | NOT ACTIVE
V/ReflectionHelper(  289): android.widget.EditText > mOnFocusChangeListener FOUND | ACTIVE
V/nicola  (  289): TextualID : null
V/nicola  (  289): ContentType detected : number
V/ReflectionHelper(  289): android.widget.NumberPicker > mOnFocusChangeListener FOUND | NOT ACTIVE
V/ReflectionHelper(  289): android.widget.EditText > mOnFocusChangeListener FOUND | ACTIVE
V/nicola  (  289): TextualID : null
V/nicola  (  289): ContentType detected : number
V/nicola  (  289): TextualID : null
V/nicola  (  289): ContentType detected : default
V/nicola  (  289): TextualID : null
V/nicola  (  289): ContentType detected : default
V/nicola  (  289): TextualID : null
V/nicola  (  289): ContentType detected : default
I/nofatclips(  289): Performing comparation for activity EditPost
D/nofatclips(  289): Comparing against activity SelectCategories
D/nofatclips(  289): Comparing against activity Posts
D/nofatclips(  289): Comparing against activity Posts
D/nofatclips(  289): Comparing against activity EditPost
D/nofatclips(  289): Comparing against activity Dashboard
D/nofatclips(  289): Comparing against activity Posts
D/nofatclips(  289): Comparing against activity EditPost
D/nofatclips(  289): Comparing against activity SelectCategories
D/nofatclips(  289): Comparing against activity EditPost
D/nofatclips(  289): Comparing against activity EditPost
D/nofatclips(  289): Comparing against activity EditPost
D/nofatclips(  289): Comparing against activity EditPost
D/nofatclips(  289): Comparing against activity EditPost
D/nofatclips(  289): Comparing against activity EditPost
D/nofatclips(  289): Comparing against activity SelectCategories
D/nofatclips(  289): Comparing against activity EditPost
D/nofatclips(  289): Comparing against activity Posts
D/nofatclips(  289): Comparing against activity EditPost
D/nofatclips(  289): Comparing against activity EditPost
D/nofatclips(  289): Comparing against activity EditPost
D/nofatclips(  289): Comparing against activity EditPost
D/nofatclips(  289): Comparing against activity EditPost
D/nofatclips(  289): Comparing against activity Posts
D/nofatclips(  289): Comparing against activity EditPost
D/nofatclips(  289): Comparing against activity EditPost
D/nofatclips(  289): Comparing against activity EditPost
D/nofatclips(  289): Comparing against activity EditPost
D/nofatclips(  289): Comparing against activity EditPost
I/nofatclips(  289): Registering activity EditPost (id: a29) as a new found state
D/nofatclips(  289): Performing backup of the old activity list on disk
D/nofatclips(  289): Saving new found state 'a29' on disk
V/nofatclips(  289): Opening state file in append mode.
I/nofatclips(  289): Saved image on disk: a29.jpg
I/nofatclips(  289): Waiting for 100 msec.
I/nofatclips(  289): Session count is 1. Will dump to disk at 1
I/nofatclips(  289): Saving the session on disk.
D/dalvikvm(  289): GC_FOR_MALLOC freed 1028K, 46% free 5698K/10503K, external 5273K/6161K, paused 136ms
D/dalvikvm(  289): GC_FOR_MALLOC freed 288K, 47% free 5626K/10503K, external 4933K/6161K, paused 102ms
I/nofatclips(  289): Planning for new Activity EditPost
D/nofatclips(  289): Handling event 'click' on widget id=16908794 type=button name=
D/nofatclips(  289): Handling event 'focus' on widget id=16908795 type=focusableEditText name=
D/nofatclips(  289): Handling event 'click' on widget id=16908796 type=button name=
D/nofatclips(  289): Handling event 'click' on widget id=16908794 type=button name=
D/nofatclips(  289): Handling event 'focus' on widget id=16908795 type=focusableEditText name=
D/nofatclips(  289): Handling event 'click' on widget id=16908796 type=button name=
D/nofatclips(  289): Handling event 'click' on widget id=16908826 type=button name=AM
D/nofatclips(  289): Handling event 'click' on widget id=16908313 type=button name=Set
D/dalvikvm(  116): GC_EXTERNAL_ALLOC freed 70K, 46% free 3364K/6151K, external 1551K/1554K, paused 503ms
D/nofatclips(  289): Handling event 'click' on widget id=16908314 type=button name=Cancel
I/nofatclips(  289): Created trace to press the back button
I/nofatclips(  289): Created trace to press the menu button
I/nofatclips(  289): Created trace to change orientation
D/dalvikvm(  116): GC_EXTERNAL_ALLOC freed 24K, 45% free 3390K/6151K, external 2067K/2077K, paused 326ms
D/dalvikvm(  289): GC_CONCURRENT freed 1932K, 46% free 5742K/10503K, external 4933K/6161K, paused 3ms+4ms
D/dalvikvm(  116): GC_EXTERNAL_ALLOC freed 115K, 45% free 3473K/6215K, external 2525K/2598K, paused 305ms
I/nofatclips(  289): Check for termination: 72 steps left of 100
I/nofatclips(  289): Dispatching new task. 2 more tasks remaining.
D/nofatclips(  289): Performing backup of the old task list on disk
D/nofatclips(  289): Saving task list on disk
V/nofatclips(  289): Backing up trace #383 to disk.
D/dalvikvm(  289): GC_CONCURRENT freed 2083K, 46% free 5697K/10503K, external 4933K/6161K, paused 4ms+4ms
D/dalvikvm(  289): GC_FOR_MALLOC freed 101K, 46% free 5705K/10503K, external 4933K/6161K, paused 50ms
D/dalvikvm(  289): GC_FOR_MALLOC freed 49K, 46% free 5753K/10503K, external 4933K/6161K, paused 50ms
V/nofatclips(  289): Backing up trace #384 to disk.
