V/nofatclips(  260): Updating value TEST_LOCATION_PROVIDER
V/nofatclips(  260): Updating value TEXT_VALUES_FROM_DICTIONARY
V/nofatclips(  260): Updating value TEXT_VALUES_ID_HASH
V/nofatclips(  260): Updating value USE_GPS
V/nofatclips(  260): Updating value USE_SENSORS
D/nofatclips(  260): Updating node planner
D/nofatclips(  260): Loading node planner
V/nofatclips(  260): Updating value ALL_EVENTS_ON_PREFERENCES
V/nofatclips(  260): Updating value BACK_BUTTON_EVENT
V/nofatclips(  260): Updating value DICTIONARY_FIXED_VALUE
V/nofatclips(  260): Updating value DICTIONARY_IGNORE_CONTENT_TYPES
V/nofatclips(  260): Updating value EMULATOR_PORT
V/nofatclips(  260): Updating value EVENTS
D/nofatclips(  260): Updated values of array parameter EVENTS
V/nofatclips(  260): Updating value EVENT_WHEN_NO_ID
V/nofatclips(  260): Updating value EXCLUDE_WIDGETS_INPUTS_IN_GPS_EVENTS
V/nofatclips(  260): Updating value EXCLUDE_WIDGETS_INPUTS_IN_SENSORS_EVENTS
V/nofatclips(  260): Updating value INPUTS
D/nofatclips(  260): Updated values of array parameter INPUTS
V/nofatclips(  260): Updating value KEY_EVENTS
V/nofatclips(  260): Updating value MAX_EVENTS_PER_WIDGET
V/nofatclips(  260): Updating value MAX_TASKS_IN_SCHEDULER
V/nofatclips(  260): Updating value MAX_TASKS_PER_EVENT
V/nofatclips(  260): Updating value MENU_EVENTS
V/nofatclips(  260): Updating value ORIENTATION_EVENTS
V/nofatclips(  260): Updating value PLANNER
V/nofatclips(  260): Updating value REFLECT_ACTIVITY_LISTENERS
V/nofatclips(  260): Updating value REFLECT_WIDGETS
V/nofatclips(  260): Updating value SCHEDULER_ALGORITHM
V/nofatclips(  260): Updating value SCROLL_DOWN_EVENT
V/nofatclips(  260): Updating value SENSOR_TYPES
V/nofatclips(  260): Updating value SIMULATE_INCOMING_CALL
V/nofatclips(  260): Updating value SIMULATE_INCOMING_SMS
V/nofatclips(  260): Updating value TAB_EVENTS_START_ONLY
V/nofatclips(  260): Updating value TEST_LOCATION_PROVIDER
V/nofatclips(  260): Updating value TEXT_VALUES_FROM_DICTIONARY
V/nofatclips(  260): Updating value TEXT_VALUES_ID_HASH
D/nofatclips(  260): Updated value of parameter TEXT_VALUES_ID_HASH to true (default = false)
V/nofatclips(  260): Updating value USE_GPS
V/nofatclips(  260): Updating value USE_SENSORS
D/nofatclips(  260): Updating node interactions
D/nofatclips(  260): Loading node interactions
V/nofatclips(  260): Updating value ALL_EVENTS_ON_PREFERENCES
V/nofatclips(  260): Updating value BACK_BUTTON_EVENT
V/nofatclips(  260): Updating value DICTIONARY_FIXED_VALUE
V/nofatclips(  260): Updating value DICTIONARY_IGNORE_CONTENT_TYPES
V/nofatclips(  260): Updating value EMULATOR_PORT
V/nofatclips(  260): Updating value EVENTS
D/nofatclips(  260): Updated values of array parameter EVENTS
V/nofatclips(  260): Updating value EVENT_WHEN_NO_ID
V/nofatclips(  260): Updating value EXCLUDE_WIDGETS_INPUTS_IN_GPS_EVENTS
V/nofatclips(  260): Updating value EXCLUDE_WIDGETS_INPUTS_IN_SENSORS_EVENTS
V/nofatclips(  260): Updating value INPUTS
I//system/bin/fsck_msdos(   29): ** Phase 1 - Read and Compare FATs
D/nofatclips(  260): Updated values of array parameter INPUTS
V/nofatclips(  260): Updating value KEY_EVENTS
V/nofatclips(  260): Updating value MAX_EVENTS_PER_WIDGET
V/nofatclips(  260): Updating value MAX_TASKS_IN_SCHEDULER
V/nofatclips(  260): Updating value MAX_TASKS_PER_EVENT
V/nofatclips(  260): Updating value MENU_EVENTS
V/nofatclips(  260): Updating value ORIENTATION_EVENTS
V/nofatclips(  260): Updating value PLANNER
V/nofatclips(  260): Updating value REFLECT_ACTIVITY_LISTENERS
V/nofatclips(  260): Updating value REFLECT_WIDGETS
V/nofatclips(  260): Updating value SCHEDULER_ALGORITHM
V/nofatclips(  260): Updating value SCROLL_DOWN_EVENT
V/nofatclips(  260): Updating value SENSOR_TYPES
V/nofatclips(  260): Updating value SIMULATE_INCOMING_CALL
V/nofatclips(  260): Updating value SIMULATE_INCOMING_SMS
I//system/bin/fsck_msdos(   29): Attempting to allocate 397 KB for FAT
V/nofatclips(  260): Updating value TAB_EVENTS_START_ONLY
V/nofatclips(  260): Updating value TEST_LOCATION_PROVIDER
V/nofatclips(  260): Updating value TEXT_VALUES_FROM_DICTIONARY
V/nofatclips(  260): Updating value TEXT_VALUES_ID_HASH
V/nofatclips(  260): Updating value USE_GPS
V/nofatclips(  260): Updating value USE_SENSORS
D/nofatclips(  260): Updating node comparator
D/nofatclips(  260): Loading node comparator
V/nofatclips(  260): Updating value COMPARATOR
V/nofatclips(  260): Updating value COMPARATOR_TYPE
V/nofatclips(  260): Updating value COMPARE_ACTIVITY_NAME
V/nofatclips(  260): Updating value COMPARE_LIST_COUNT
V/nofatclips(  260): Updating value COMPARE_MENU_COUNT
D/nofatclips(  260): Updated value of parameter COMPARE_MENU_COUNT to false (default = true)
V/nofatclips(  260): Updating value COMPARE_STATE_TITLE
V/nofatclips(  260): Updating value COMPARE_VALUES
V/nofatclips(  260): Updating value WIDGET_TYPES
D/nofatclips(  260): Updating node strategy
D/nofatclips(  260): Loading node strategy
V/nofatclips(  260): Updating value AFTER_EVENT_DONT_EXPLORE
V/nofatclips(  260): Updating value AFTER_WIDGET_DONT_EXPLORE
V/nofatclips(  260): Updating value CHECK_FOR_TRANSITION
V/nofatclips(  260): Updating value EXPLORE_ONLY_NEW_STATES
D/nofatclips(  260): Updated value of parameter EXPLORE_ONLY_NEW_STATES to false (default = true)
V/nofatclips(  260): Updating value MAX_NUM_TRACES
D/nofatclips(  260): Updated value of parameter MAX_NUM_TRACES to 100 (default = 0)
V/nofatclips(  260): Updating value MAX_TIME_CRAWLING
V/nofatclips(  260): Updating value PAUSE_AFTER_TIME
V/nofatclips(  260): Updating value PAUSE_AFTER_TRACES
V/nofatclips(  260): Updating value TRACE_MAX_DEPTH
V/nofatclips(  260): Updating value TRACE_MIN_DEPTH
D/nofatclips(  260): Starting random testing
I/TestRunner(  260): started: testAndCrawl(com.nofatclips.crawler.guitree.NomadEngine)
I//system/bin/fsck_msdos(   29): Attempting to allocate 397 KB for FAT
I/ActivityManager(   61): Starting: Intent { act=android.intent.action.MAIN flg=0x10000000 cmp=org.wordpress.android/.Dashboard } from pid 260
D/szipinf (   61): Initializing inflate state
D/dalvikvm(  137): GC_EXPLICIT freed 27K, 51% free 2809K/5639K, external 2387K/2620K, paused 170ms
I/ActivityManager(   61): Start proc com.android.email for broadcast com.android.email/.service.EmailBroadcastReceiver: pid=298 uid=10028 gids={3003, 1015}
D/dalvikvm(  260): GC_EXTERNAL_ALLOC freed 401K, 53% free 2737K/5767K, external 716K/1038K, paused 150ms
I/ActivityThread(  298): Pub com.android.email.provider: com.android.email.provider.EmailProvider
I/ActivityThread(  298): Pub com.android.email.attachmentprovider: com.android.email.provider.AttachmentProvider
I/ActivityThread(  298): Pub com.android.exchange.provider: com.android.exchange.provider.ExchangeProvider
D/EAS SyncManager(  298): !!! EAS SyncManager, onCreate
D/dalvikvm(  260): GC_EXTERNAL_ALLOC freed 115K, 49% free 2945K/5767K, external 1407K/1623K, paused 77ms
I/ActivityManager(   61): Displayed org.wordpress.android/.Dashboard: +1s529ms (total +20s98ms)
D/Eas Debug(  298): Logging: 
D/dalvikvm(  298): GC_CONCURRENT freed 498K, 54% free 2737K/5831K, external 716K/1038K, paused 4ms+23ms
D/EAS SyncManager(  298): !!! EAS SyncManager, onDestroy
I/SurfaceFlinger(   61): Boot is finished (24367 ms)
I/ARMAssembler(   61): generated scanline__00000177:03010104_00000002_00000000 [ 44 ipp] (66 ins) at [0x46efd290:0x46efd398] in 898072 ns
I/ARMAssembler(   61): generated scanline__00000177:03515104_00000001_00000000 [ 73 ipp] (95 ins) at [0x46efd3a0:0x46efd51c] in 623519 ns
D/nofatclips(  260): Generated Resuming Persistence
I/dalvikvm(  260): Could not find method android.app.Activity.getFragmentManager, referenced from method com.jayway.android.robotium.solo.Waiter.getFragment
W/dalvikvm(  260): VFY: unable to resolve virtual method 7: Landroid/app/Activity;.getFragmentManager ()Landroid/app/FragmentManager;
D/dalvikvm(  260): VFY: replacing opcode 0x6e at 0x0008
I/dalvikvm(  260): Could not find method android.app.Activity.getFragmentManager, referenced from method com.jayway.android.robotium.solo.Waiter.getFragment
W/dalvikvm(  260): VFY: unable to resolve virtual method 7: Landroid/app/Activity;.getFragmentManager ()Landroid/app/FragmentManager;
D/dalvikvm(  260): VFY: replacing opcode 0x6e at 0x0017
W/dalvikvm(  260): VFY: unable to find class referenced in signature (Landroid/app/Fragment;)
D/dalvikvm(  260): VFY: dead code 0x000b-000f in Lcom/jayway/android/robotium/solo/Waiter;.getFragment (Ljava/lang/String;I)Landroid/app/Fragment;
D/dalvikvm(  260): VFY: dead code 0x001a-001f in Lcom/jayway/android/robotium/solo/Waiter;.getFragment (Ljava/lang/String;I)Landroid/app/Fragment;
W/dalvikvm(  260): VFY: unable to find class referenced in signature (Landroid/app/Fragment;)
D/Email   (  298): BOOT_COMPLETED
D/MediaScannerService(  247): start scanning volume internal
I//system/bin/fsck_msdos(   29): ** Phase 2 - Check Cluster Chains
I/Launcher(  137): setLoadOnResume
I/Launcher(  137): setLoadOnResume
D/dalvikvm(  269): GC_CONCURRENT freed 496K, 54% free 2726K/5831K, external 716K/1038K, paused 2ms+14ms
I//system/bin/fsck_msdos(   29): ** Phase 3 - Checking Directories
I//system/bin/fsck_msdos(   29): ** Phase 4 - Checking for Lost Files
I//system/bin/fsck_msdos(   29): 3 files, 50388 free (100777 clusters)
I/Vold    (   29): Filesystem check completed OK
I/Vold    (   29): Device /dev/block/vold/179:0, target /mnt/sdcard mounted @ /mnt/secure/staging
D/Vold    (   29): Volume sdcard state changing 3 (Checking) -> 4 (Mounted)
I/PackageManager(   61): Updating external media status from unmounted to mounted
I/StorageNotification(  133): Media {/mnt/sdcard} state changed from {checking} -> {mounted}
D/VoldCmdListener(   29): asec list
I/PackageManager(   61): No secure containers on sdcard
W/PackageManager(   61): Unknown permission com.google.android.googleapps.permission.GOOGLE_AUTH.mail in package com.android.contacts
W/PackageManager(   61): Unknown permission android.permission.ADD_SYSTEM_SERVICE in package com.android.phone
W/PackageManager(   61): Not granting permission android.permission.SEND_DOWNLOAD_COMPLETED_INTENTS to package com.android.browser (protectionLevel=2 flags=0x9be45)
W/PackageManager(   61): Unknown permission com.google.android.gm.permission.WRITE_GMAIL in package com.android.settings
W/PackageManager(   61): Unknown permission com.google.android.gm.permission.READ_GMAIL in package com.android.settings
W/PackageManager(   61): Unknown permission com.google.android.googleapps.permission.GOOGLE_AUTH in package com.android.settings
W/PackageManager(   61): Unknown permission com.google.android.googleapps.permission.GOOGLE_AUTH in package com.android.providers.contacts
W/PackageManager(   61): Unknown permission com.google.android.googleapps.permission.GOOGLE_AUTH.cp in package com.android.providers.contacts
W/PackageManager(   61): Unknown permission com.google.android.googleapps.permission.ACCESS_GOOGLE_PASSWORD in package com.android.development
W/PackageManager(   61): Unknown permission com.google.android.googleapps.permission.GOOGLE_AUTH in package com.android.development
W/PackageManager(   61): Unknown permission com.google.android.googleapps.permission.GOOGLE_AUTH.ALL_SERVICES in package com.android.development
W/PackageManager(   61): Unknown permission com.google.android.googleapps.permission.GOOGLE_AUTH.YouTubeUser in package com.android.development
W/PackageManager(   61): Unknown permission android.permission.READ_OWNER_DATA in package com.android.email
W/PackageManager(   61): Not granting permission android.permission.DEVICE_POWER to package com.android.deskclock (protectionLevel=2 flags=0x8be45)
W/ImageDownloader(  260): Error 404 while retrieving bitmap from http://gravatar.com/blavatar/44d338f29053dbb888da79dcf98df489?s=60&d=404
D/nofatclips(  260): Updating node automation
D/nofatclips(  260): Loading node automation
V/nofatclips(  260): Updating value FORCE_RESTART
V/nofatclips(  260): Updating value IN_AND_OUT_FOCUS
V/nofatclips(  260): Updating value PRECRAWLING
V/nofatclips(  260): Updating value SCREENSHOT_FOR_EVENTS
V/nofatclips(  260): Updating value SCREENSHOT_FOR_STATES
V/nofatclips(  260): Updating value SCREENSHOT_ONLY_NEW_STATES
V/nofatclips(  260): Updating value SLEEP_AFTER_EVENT
D/nofatclips(  260): Updated value of parameter SLEEP_AFTER_EVENT to 100 (default = 1000)
V/nofatclips(  260): Updating value SLEEP_AFTER_RESTART
D/nofatclips(  260): Updated value of parameter SLEEP_AFTER_RESTART to 100 (default = 1000)
V/nofatclips(  260): Updating value SLEEP_AFTER_TASK
D/nofatclips(  260): Updated value of parameter SLEEP_AFTER_TASK to 100 (default = 1000)
V/nofatclips(  260): Updating value SLEEP_ON_THROBBER
D/nofatclips(  260): Updated value of parameter SLEEP_ON_THROBBER to 100 (default = 1000)
D/nofatclips(  260): Updating node screenshot
D/nofatclips(  260): Loading node screenshot
V/nofatclips(  260): Updating value FORCE_RESTART
V/nofatclips(  260): Updating value IN_AND_OUT_FOCUS
V/nofatclips(  260): Updating value PRECRAWLING
V/nofatclips(  260): Updating value SCREENSHOT_FOR_EVENTS
V/nofatclips(  260): Updating value SCREENSHOT_FOR_STATES
V/nofatclips(  260): Updating value SCREENSHOT_ONLY_NEW_STATES
V/nofatclips(  260): Updating value SLEEP_AFTER_EVENT
V/nofatclips(  260): Updating value SLEEP_AFTER_RESTART
V/nofatclips(  260): Updating value SLEEP_AFTER_TASK
V/nofatclips(  260): Updating value SLEEP_ON_THROBBER
I/nofatclips(  260): Waiting for 100 msec.
D/nofatclips(  260): Ready to operate after restarting...
I/nofatclips(  260): Current activity is Dashboard
W/nofatclips(  260): --->Dashboard
I/nofatclips(  260): Retrieving widgets
I/nofatclips(  260): Attempting to resume previous session
I/nofatclips(  260): Memoryless engine: the task file will not be loaded. Looking for crashed traces.
I/nofatclips(  260): Reading task file
I/InputReader(   61): Device reconfigured: id=0x0, name=qwerty2, display size is now 320x480
D/dalvikvm(  260): GC_CONCURRENT freed 175K, 48% free 3038K/5831K, external 1812K/2324K, paused 4ms+15ms
V/nofatclips(  260): Discarding trace #383
I/nofatclips(  260): Stateless comparator: the state file will not be loaded.
D/dalvikvm(  260): GetFieldID: unable to find field Ljava/util/Hashtable;.loadFactor:F
D/dalvikvm(  260): GetFieldID: unable to find field Ljava/util/Hashtable;.loadFactor:F
D/dalvikvm(  260): GetFieldID: unable to find field Ljava/util/Hashtable;.loadFactor:F
D/dalvikvm(  260): GetFieldID: unable to find field Ljava/util/Hashtable;.loadFactor:F
D/dalvikvm(  260): GetFieldID: unable to find field Ljava/util/Hashtable;.loadFactor:F
D/dalvikvm(  260): GetFieldID: unable to find field Ljava/util/Hashtable;.loadFactor:F
D/nofatclips(  260): Backup session footer restored to 
D/nofatclips(  260): </SESSION>
D/nofatclips(  260): Restored random counter to: 385
D/nofatclips(  260): Restored trace count to 385
D/nofatclips(  260): Current step countdown restored to 72
D/nofatclips(  260): Restored abstractor counters to: event = 385 - input = 462 - activity = 29
I/nofatclips(  260): Saving the session on disk.
D/dalvikvm(  260): GC_CONCURRENT freed 737K, 52% free 3124K/6471K, external 1812K/2324K, paused 4ms+5ms
I/nofatclips(  260): Planning for new Activity Dashboard
I/nofatclips(  260): Created trace to press the menu button
I/nofatclips(  260): Created trace to change orientation
I/nofatclips(  260): Dispatching new task. 2 more tasks remaining.
D/nofatclips(  260): Performing backup of the old task list on disk
D/nofatclips(  260): Saving task list on disk
V/nofatclips(  260): Backing up trace #385 to disk.
V/nofatclips(  260): Backing up trace #386 to disk.
D/nofatclips(  260): Deleting backup of the old task list from disk
I/nofatclips(  260): Restarting
I/InputManager-Callbacks(   61): No virtual keys found for device qwerty2.
D/EAS SyncManager(  298): !!! EAS SyncManager, onCreate
D/EAS SyncManager(  298): !!! EAS SyncManager, onStartCommand
D/EAS SyncManager(  298): !!! EAS SyncManager, stopping self
D/EAS SyncManager(  298): !!! EAS SyncManager, onDestroy
D/dalvikvm(   61): GC_CONCURRENT freed 691K, 45% free 4218K/7559K, external 1865K/3065K, paused 4ms+4ms
I/nofatclips(  260): Waiting for 100 msec.
I/Launcher(  137): setLoadOnResume
D/nofatclips(  260): Ready to operate after restarting...
I/nofatclips(  260): Retrieving widgets
I/nofatclips(  260): Playing Trace 386
I/nofatclips(  260): Firing event: type= openMenu name= widget=null
I/Launcher(  137): setLoadOnResume
D/dalvikvm(  130): GREF has increased to 201
I/ARMAssembler(   61): generated scanline__00000077:03515104_00001004_00000000 [ 65 ipp] (85 ins) at [0x46efd520:0x46efd674] in 591445 ns
I/ARMAssembler(   61): generated scanline__00000177:03515104_00001001_00000000 [ 91 ipp] (114 ins) at [0x46efd678:0x46efd840] in 383178 ns
I/dalvikvm(  260): Jit: resizing JitTable from 512 to 1024
I/ARMAssembler(   61): generated scanline__00000177:03515104_00001002_00000000 [ 87 ipp] (110 ins) at [0x46efd848:0x46efda00] in 302351 ns
W/KeyCharacterMap(  260): No keyboard for id 0
W/KeyCharacterMap(  260): Using default keymap: /system/usr/keychars/qwerty.kcm.bin
I/nofatclips(  260): Waiting for 100 msec.
I/nofatclips(  260): Current activity is Dashboard
I/dalvikvm(   61): Jit: resizing JitTable from 512 to 1024
I/nofatclips(  260): Retrieving widgets
D/nofatclips(  260): Found widget: id=16908726 (com.android.internal.view.menu.IconMenuView@40582f58)
D/nofatclips(  260): Found widget: id=16908310 (com.android.internal.view.menu.IconMenuItemView@4057b0f0): Add Account
D/nofatclips(  260): Found widget: id=16908310 (com.android.internal.view.menu.IconMenuItemView@40625590): Preferences
D/nofatclips(  260): Found widget: id=16908310 (com.android.internal.view.menu.IconMenuItemView@4055b3c8): Remove Blog
D/nofatclips(  260): Found widget: id=16908310 (com.android.internal.view.menu.IconMenuItemView@40617de0): About
D/nofatclips(  260): Found widget: id=-1 (com.android.internal.policy.impl.PhoneWindow$DecorView@40619bb8)
V/ReflectionHelper(  260): com.android.internal.view.menu.IconMenuView > mOnFocusChangeListener FOUND | NOT ACTIVE
V/nicola  (  260): TextualID : null
V/nicola  (  260): ContentType detected : default
V/nicola  (  260): TextualID : null
V/nicola  (  260): ContentType detected : default
V/nicola  (  260): TextualID : null
V/nicola  (  260): ContentType detected : default
V/nicola  (  260): TextualID : null
V/nicola  (  260): ContentType detected : default
I/nofatclips(  260): Performing comparation for activity Dashboard
I/nofatclips(  260): Registering activity Dashboard (id: a30) as a new found state
D/nofatclips(  260): Performing backup of the old activity list on disk
D/nofatclips(  260): Saving new found state 'a30' on disk
V/nofatclips(  260): Opening state file in append mode.
I/nofatclips(  260): Saved image on disk: a30.jpg
I/nofatclips(  260): Waiting for 100 msec.
I/Launcher(  137): setLoadOnResume
I/nofatclips(  260): Session count is 1. Will dump to disk at 1
I/nofatclips(  260): Saving the session on disk.
I/nofatclips(  260): Planning for new Activity Dashboard
D/nofatclips(  260): Handling event 'click' on widget id=16908310 type=menuItem name=Add Account
D/nofatclips(  260): Handling event 'click' on widget id=16908310 type=menuItem name=Preferences
D/nofatclips(  260): Handling event 'click' on widget id=16908310 type=menuItem name=Remove Blog
D/dalvikvm(  260): GC_CONCURRENT freed 610K, 50% free 3277K/6535K, external 2188K/2324K, paused 3ms+4ms
D/nofatclips(  260): Handling event 'click' on widget id=16908310 type=menuItem name=About
I/nofatclips(  260): Created trace to press the back button
I/nofatclips(  260): Created trace to press the menu button
I/nofatclips(  260): Created trace to change orientation
I/nofatclips(  260): Check for termination: 71 steps left of 100
I/nofatclips(  260): Dispatching new task. 2 more tasks remaining.
D/nofatclips(  260): Performing backup of the old task list on disk
D/nofatclips(  260): Saving task list on disk
V/nofatclips(  260): Backing up trace #391 to disk.
V/nofatclips(  260): Backing up trace #392 to disk.
D/nofatclips(  260): Deleting backup of the old task list from disk
D/nofatclips(  260): Deleting backup of the old activity list from disk
I/nofatclips(  260): Incrementally Playing Trace 392
I/nofatclips(  260): Retrieved from return list id=16908726
D/nofatclips(  260): Testing for type (com.android.internal.view.menu.IconMenuView) against the original (null)
I/nofatclips(  260): Firing event: type= changeOrientation name= widget=null
D/MediaScanner(  247):  prescan time: 4680ms
I/WindowManager(   61): Setting rotation to 1, animFlags=1
I/ActivityManager(   61): Config changed: { scale=1.0 imsi=310/260 loc=en_US touch=3 keys=2/1/2 nav=1/1 orien=2 layout=18 uiMode=17 seq=5}
W/KeyCharacterMap(  260): No keyboard for id 0
W/KeyCharacterMap(  260): Using default keymap: /system/usr/keychars/qwerty.kcm.bin
I/nofatclips(  260): Waiting for 100 msec.
D/dalvikvm(  260): GC_EXTERNAL_ALLOC freed 339K, 50% free 3292K/6535K, external 2289K/2324K, paused 127ms
W/WindowManager(   61): Window freeze timeout expired.
W/WindowManager(   61): Force clearing orientation change: Window{406d9608 org.wordpress.android/org.wordpress.android.Dashboard paused=false}
I/nofatclips(  260): Current activity is Dashboard
I/nofatclips(  260): Retrieving widgets
D/nofatclips(  260): Found widget: id=16908726 (com.android.internal.view.menu.IconMenuView@405e5eb0)
D/nofatclips(  260): Found widget: id=16908310 (com.android.internal.view.menu.IconMenuItemView@405efdf0): Add Account
D/nofatclips(  260): Found widget: id=16908310 (com.android.internal.view.menu.IconMenuItemView@4061a260): Preferences
D/nofatclips(  260): Found widget: id=16908310 (com.android.internal.view.menu.IconMenuItemView@4061aea0): Remove Blog
D/nofatclips(  260): Found widget: id=16908310 (com.android.internal.view.menu.IconMenuItemView@4065a5a8): About
D/nofatclips(  260): Found widget: id=-1 (com.android.internal.policy.impl.PhoneWindow$DecorView@40619bb8)
V/ReflectionHelper(  260): com.android.internal.view.menu.IconMenuView > mOnFocusChangeListener FOUND | NOT ACTIVE
V/nicola  (  260): TextualID : null
V/nicola  (  260): ContentType detected : default
V/nicola  (  260): TextualID : null
V/nicola  (  260): ContentType detected : default
V/nicola  (  260): TextualID : null
V/nicola  (  260): ContentType detected : default
V/nicola  (  260): TextualID : null
V/nicola  (  260): ContentType detected : default
I/nofatclips(  260): Performing comparation for activity Dashboard
D/nofatclips(  260): Comparing against activity Dashboard
I/nofatclips(  260): Registering activity Dashboard (id: a31) as a new found state
D/nofatclips(  260): Performing backup of the old activity list on disk
D/nofatclips(  260): Saving new found state 'a31' on disk
V/nofatclips(  260): Opening state file in append mode.
I/nofatclips(  260): Saved image on disk: a31.jpg
I/nofatclips(  260): Waiting for 100 msec.
D/dalvikvm(  247): GC_CONCURRENT freed 529K, 55% free 2647K/5831K, external 716K/1038K, paused 13ms+7ms
D/MediaScanner(  247):     scan time: 214ms
D/MediaScanner(  247): postscan time: 1ms
D/MediaScanner(  247):    total time: 4895ms
I/nofatclips(  260): Session count is 1. Will dump to disk at 1
I/nofatclips(  260): Saving the session on disk.
I/nofatclips(  260): Planning for new Activity Dashboard
D/nofatclips(  260): Handling event 'click' on widget id=16908310 type=menuItem name=Add Account
D/nofatclips(  260): Handling event 'click' on widget id=16908310 type=menuItem name=Preferences
D/MediaScannerService(  247): done scanning volume internal
D/nofatclips(  260): Handling event 'click' on widget id=16908310 type=menuItem name=Remove Blog
D/nofatclips(  260): Handling event 'click' on widget id=16908310 type=menuItem name=About
D/dalvikvm(   61): GC_EXPLICIT freed 210K, 46% free 4136K/7559K, external 1865K/3065K, paused 400ms
I/nofatclips(  260): Created trace to press the back button
D/MediaScannerService(  247): start scanning volume external
I/nofatclips(  260): Created trace to press the menu button
I/nofatclips(  260): Created trace to change orientation
I/nofatclips(  260): Check for termination: 70 steps left of 100
I/nofatclips(  260): Dispatching new task. 2 more tasks remaining.
D/nofatclips(  260): Performing backup of the old task list on disk
D/nofatclips(  260): Saving task list on disk
V/nofatclips(  260): Backing up trace #397 to disk.
V/nofatclips(  260): Backing up trace #398 to disk.
D/nofatclips(  260): Deleting backup of the old task list from disk
D/nofatclips(  260): Deleting backup of the old activity list from disk
I/nofatclips(  260): Incrementally Playing Trace 398
I/nofatclips(  260): Retrieved from return list id=16908310
D/nofatclips(  260): Testing for type (com.android.internal.view.menu.IconMenuItemView) against the original (com.android.internal.view.menu.IconMenuItemView)
D/nofatclips(  260): Testing for name (About) against the original (About)
I/nofatclips(  260): Firing event: type= click index=4 widget=com.android.internal.view.menu.IconMenuItemView
V/MediaProvider(  247): /mnt/sdcard volume ID: 149373470
D/dalvikvm(  182): GC_CONCURRENT freed 249K, 52% free 2792K/5703K, external 716K/1038K, paused 7ms+3ms
D/szipinf (  182): Initializing inflate state
V/MediaProvider(  247): Attached volume: external
V/MediaScanner(  247): pruneDeadThumbnailFiles... android.database.sqlite.SQLiteCursor@40583a10
V/MediaScanner(  247): /pruneDeadThumbnailFiles... android.database.sqlite.SQLiteCursor@40583a10
D/MediaScanner(  247):  prescan time: 72ms
D/MediaScanner(  247):     scan time: 1ms
D/MediaScanner(  247): postscan time: 25ms
D/MediaScanner(  247):    total time: 98ms
D/MediaScannerService(  247): done scanning volume external
W/KeyCharacterMap(  260): No keyboard for id 0
W/KeyCharacterMap(  260): Using default keymap: /system/usr/keychars/qwerty.kcm.bin
D/dalvikvm(  137): GC_EXTERNAL_ALLOC freed 265K, 50% free 2958K/5831K, external 2073K/2073K, paused 62ms
D/szipinf (  137): Initializing inflate state
D/dalvikvm(  137): GC_EXPLICIT freed 64K, 50% free 2916K/5831K, external 2115K/2465K, paused 55ms
D/nofatclips(  260): Event description: About
I/ActivityManager(   61): Starting: Intent { cmp=org.wordpress.android/.About } from pid 260
I/nofatclips(  260): Waiting for 100 msec.
D/dalvikvm(  260): GC_EXTERNAL_ALLOC freed 686K, 51% free 3277K/6599K, external 2901K/2904K, paused 210ms
I/nofatclips(  260): Current activity is About
I/nofatclips(  260): Retrieving widgets
D/nofatclips(  260): Found widget: id=16908290 (android.widget.FrameLayout@4066ea68)
D/nofatclips(  260): Found widget: id=-1 (android.widget.ScrollView@4066f698)
D/nofatclips(  260): Found widget: id=2131165185 (android.widget.LinearLayout@40670b38)
D/nofatclips(  260): Found widget: id=2131165186 (android.widget.ImageView@40670da0)
D/nofatclips(  260): Found widget: id=2131165187 (android.widget.TextView@40671218): WordPress for Android
D/nofatclips(  260): Found widget: id=2131165188 (android.widget.TextView@40671e58): Version 2.0
D/nofatclips(  260): Found widget: id=2131165189 (android.widget.TextView@40672330): Publisher: Automattic, Inc
D/nofatclips(  260): Found widget: id=2131165190 (android.widget.TextView@40672828): 2011 Automattic, Inc
D/nofatclips(  260): Found widget: id=2131165191 (android.widget.Button@40673168): Terms of Service
D/nofatclips(  260): Found widget: id=2131165192 (android.widget.Button@4056b2d8): Privacy Policy
D/nofatclips(  260): Found widget: id=2131165193 (android.widget.TextView@4056bc10): www.automattic.com
D/nofatclips(  260): Found widget: id=-1 (com.android.internal.policy.impl.PhoneWindow$DecorView@4066e690)
V/nicola  (  260): TextualID : about_first_line
V/nicola  (  260): ContentType detected : default
V/nicola  (  260): TextualID : about_version
V/nicola  (  260): ContentType detected : default
V/nicola  (  260): TextualID : about_second_line
V/nicola  (  260): ContentType detected : default
I/ActivityManager(   61): Displayed org.wordpress.android/.About: +1s800ms
V/nicola  (  260): TextualID : about_third_line
V/nicola  (  260): ContentType detected : default
V/nicola  (  260): TextualID : about_tos
V/nicola  (  260): ContentType detected : default
V/nicola  (  260): TextualID : about_privacy
V/nicola  (  260): ContentType detected : default
V/nicola  (  260): TextualID : about_url
V/nicola  (  260): ContentType detected : default
I/nofatclips(  260): Performing comparation for activity About
D/nofatclips(  260): Comparing against activity Dashboard
D/nofatclips(  260): Comparing against activity Dashboard
I/nofatclips(  260): Registering activity About (id: a32) as a new found state
D/nofatclips(  260): Performing backup of the old activity list on disk
D/nofatclips(  260): Saving new found state 'a32' on disk
V/nofatclips(  260): Opening state file in append mode.
D/dalvikvm(  260): GC_EXTERNAL_ALLOC freed 260K, 51% free 3248K/6599K, external 2204K/2753K, paused 111ms
D/dalvikvm(  260): GC_EXTERNAL_ALLOC freed 9K, 51% free 3241K/6599K, external 3282K/3349K, paused 89ms
I/nofatclips(  260): Saved image on disk: a32.jpg
I/nofatclips(  260): Waiting for 100 msec.
I/nofatclips(  260): Session count is 1. Will dump to disk at 1
I/nofatclips(  260): Saving the session on disk.
I/nofatclips(  260): Planning for new Activity About
D/nofatclips(  260): Handling event 'click' on widget id=2131165191 type=button name=Terms of Service
D/nofatclips(  260): Handling event 'click' on widget id=2131165192 type=button name=Privacy Policy
D/nofatclips(  260): Handling event 'click' on widget id=2131165193 type=text name=www.automattic.com
I/nofatclips(  260): Created trace to press the back button
I/nofatclips(  260): Created trace to press the menu button
I/nofatclips(  260): Created trace to change orientation
I/nofatclips(  260): Check for termination: 69 steps left of 100
I/nofatclips(  260): Dispatching new task. 2 more tasks remaining.
D/nofatclips(  260): Performing backup of the old task list on disk
D/nofatclips(  260): Saving task list on disk
V/nofatclips(  260): Backing up trace #403 to disk.
V/nofatclips(  260): Backing up trace #404 to disk.
D/nofatclips(  260): Deleting backup of the old task list from disk
D/nofatclips(  260): Deleting backup of the old activity list from disk
I/nofatclips(  260): Incrementally Playing Trace 404
I/nofatclips(  260): Retrieved from return list id=16908290
D/nofatclips(  260): Testing for type (android.widget.FrameLayout) against the original (null)
I/nofatclips(  260): Firing event: type= openMenu name= widget=null
W/KeyCharacterMap(  260): No keyboard for id 0
W/KeyCharacterMap(  260): Using default keymap: /system/usr/keychars/qwerty.kcm.bin
I/nofatclips(  260): Waiting for 100 msec.
I/nofatclips(  260): Current activity is About
I/nofatclips(  260): Retrieving widgets
D/nofatclips(  260): Found widget: id=16908290 (android.widget.FrameLayout@4066ea68)
D/nofatclips(  260): Found widget: id=-1 (android.widget.ScrollView@4066f698)
D/nofatclips(  260): Found widget: id=2131165185 (android.widget.LinearLayout@40670b38)
D/nofatclips(  260): Found widget: id=2131165186 (android.widget.ImageView@40670da0)
D/nofatclips(  260): Found widget: id=2131165187 (android.widget.TextView@40671218): WordPress for Android
D/nofatclips(  260): Found widget: id=2131165188 (android.widget.TextView@40671e58): Version 2.0
D/nofatclips(  260): Found widget: id=2131165189 (android.widget.TextView@40672330): Publisher: Automattic, Inc
D/nofatclips(  260): Found widget: id=2131165190 (android.widget.TextView@40672828): 2011 Automattic, Inc
D/nofatclips(  260): Found widget: id=2131165191 (android.widget.Button@40673168): Terms of Service
D/nofatclips(  260): Found widget: id=2131165192 (android.widget.Button@4056b2d8): Privacy Policy
D/nofatclips(  260): Found widget: id=2131165193 (android.widget.TextView@4056bc10): www.automattic.com
D/nofatclips(  260): Found widget: id=-1 (com.android.internal.policy.impl.PhoneWindow$DecorView@4066e690)
V/nicola  (  260): TextualID : about_first_line
V/nicola  (  260): ContentType detected : default
V/nicola  (  260): TextualID : about_version
V/nicola  (  260): ContentType detected : default
V/nicola  (  260): TextualID : about_second_line
V/nicola  (  260): ContentType detected : default
V/nicola  (  260): TextualID : about_third_line
V/nicola  (  260): ContentType detected : default
V/nicola  (  260): TextualID : about_tos
V/nicola  (  260): ContentType detected : default
V/nicola  (  260): TextualID : about_privacy
V/nicola  (  260): ContentType detected : default
V/nicola  (  260): TextualID : about_url
V/nicola  (  260): ContentType detected : default
I/nofatclips(  260): Performing comparation for activity About
D/nofatclips(  260): Comparing against activity Dashboard
D/nofatclips(  260): Comparing against activity About
D/nofatclips(  260): Comparing against activity Dashboard
I/nofatclips(  260): Registering activity About (id: a33) as a new found state
D/nofatclips(  260): Performing backup of the old activity list on disk
D/nofatclips(  260): Saving new found state 'a33' on disk
V/nofatclips(  260): Opening state file in append mode.
I/nofatclips(  260): Saved image on disk: a33.jpg
I/nofatclips(  260): Waiting for 100 msec.
D/dalvikvm(  260): GC_CONCURRENT freed 957K, 53% free 3302K/6919K, external 3882K/4098K, paused 13ms+11ms
I/nofatclips(  260): Session count is 1. Will dump to disk at 1
I/nofatclips(  260): Saving the session on disk.
I/nofatclips(  260): Planning for new Activity About
D/nofatclips(  260): Handling event 'click' on widget id=2131165191 type=button name=Terms of Service
D/nofatclips(  260): Handling event 'click' on widget id=2131165192 type=button name=Privacy Policy
D/nofatclips(  260): Handling event 'click' on widget id=2131165193 type=text name=www.automattic.com
I/nofatclips(  260): Created trace to press the back button
I/nofatclips(  260): Created trace to press the menu button
I/nofatclips(  260): Created trace to change orientation
I/dalvikvm(  260): Jit: resizing JitTable from 1024 to 2048
I/nofatclips(  260): Check for termination: 68 steps left of 100
I/nofatclips(  260): Dispatching new task. 2 more tasks remaining.
D/nofatclips(  260): Performing backup of the old task list on disk
D/nofatclips(  260): Saving task list on disk
V/nofatclips(  260): Backing up trace #409 to disk.
V/nofatclips(  260): Backing up trace #410 to disk.
D/nofatclips(  260): Deleting backup of the old task list from disk
D/nofatclips(  260): Deleting backup of the old activity list from disk
I/nofatclips(  260): Incrementally Playing Trace 410
I/nofatclips(  260): Retrieved from return list id=2131165193
D/nofatclips(  260): Testing for type (android.widget.TextView) against the original (android.widget.TextView)
D/nofatclips(  260): Testing for name (www.automattic.com) against the original (www.automattic.com)
I/nofatclips(  260): Firing event: type= click index=10 widget=android.widget.TextView
W/KeyCharacterMap(  260): No keyboard for id 0
W/KeyCharacterMap(  260): Using default keymap: /system/usr/keychars/qwerty.kcm.bin
D/nofatclips(  260): Event description: www.automattic.com
I/nofatclips(  260): Waiting for 100 msec.
I/ActivityManager(   61): Starting: Intent { act=android.intent.action.VIEW dat=http://automattic.com cmp=com.android.browser/.BrowserActivity } from pid 260
I/ActivityManager(   61): Start proc com.android.browser for activity com.android.browser/.BrowserActivity: pid=320 uid=10020 gids={3003, 1015}
I/nofatclips(  260): Current activity is About
I/nofatclips(  260): Retrieving widgets
D/nofatclips(  260): Found widget: id=16908290 (android.widget.FrameLayout@4066ea68)
D/nofatclips(  260): Found widget: id=-1 (android.widget.ScrollView@4066f698)
D/nofatclips(  260): Found widget: id=2131165185 (android.widget.LinearLayout@40670b38)
D/nofatclips(  260): Found widget: id=2131165186 (android.widget.ImageView@40670da0)
D/nofatclips(  260): Found widget: id=2131165187 (android.widget.TextView@40671218): WordPress for Android
D/nofatclips(  260): Found widget: id=2131165188 (android.widget.TextView@40671e58): Version 2.0
D/nofatclips(  260): Found widget: id=2131165189 (android.widget.TextView@40672330): Publisher: Automattic, Inc
D/nofatclips(  260): Found widget: id=2131165190 (android.widget.TextView@40672828): 2011 Automattic, Inc
D/nofatclips(  260): Found widget: id=2131165191 (android.widget.Button@40673168): Terms of Service
D/nofatclips(  260): Found widget: id=2131165192 (android.widget.Button@4056b2d8): Privacy Policy
D/nofatclips(  260): Found widget: id=2131165193 (android.widget.TextView@4056bc10): www.automattic.com
D/nofatclips(  260): Found widget: id=-1 (com.android.internal.policy.impl.PhoneWindow$DecorView@4066e690)
V/nicola  (  260): TextualID : about_first_line
V/nicola  (  260): ContentType detected : default
V/nicola  (  260): TextualID : about_version
V/nicola  (  260): ContentType detected : default
V/nicola  (  260): TextualID : about_second_line
V/nicola  (  260): ContentType detected : default
V/nicola  (  260): TextualID : about_third_line
V/nicola  (  260): ContentType detected : default
V/nicola  (  260): TextualID : about_tos
V/nicola  (  260): ContentType detected : default
V/nicola  (  260): TextualID : about_privacy
V/nicola  (  260): ContentType detected : default
V/nicola  (  260): TextualID : about_url
V/nicola  (  260): ContentType detected : default
I/nofatclips(  260): Performing comparation for activity About
D/nofatclips(  260): Comparing against activity About
D/nofatclips(  260): Comparing against activity Dashboard
D/nofatclips(  260): Comparing against activity About
D/nofatclips(  260): Comparing against activity Dashboard
I/nofatclips(  260): Registering activity About (id: a34) as a new found state
D/nofatclips(  260): Performing backup of the old activity list on disk
D/nofatclips(  260): Saving new found state 'a34' on disk
V/nofatclips(  260): Opening state file in append mode.
D/installd(   35): DexInv: --- BEGIN '/system/app/Browser.apk' ---
D/dalvikvm(  260): GC_EXTERNAL_ALLOC freed 1108K, 53% free 3330K/7047K, external 3282K/3349K, paused 131ms
I/nofatclips(  260): Saved image on disk: a34.jpg
I/nofatclips(  260): Waiting for 100 msec.
I/nofatclips(  260): Session count is 1. Will dump to disk at 1
I/nofatclips(  260): Saving the session on disk.
I/nofatclips(  260): Planning for new Activity About
D/nofatclips(  260): Handling event 'click' on widget id=2131165191 type=button name=Terms of Service
D/nofatclips(  260): Handling event 'click' on widget id=2131165192 type=button name=Privacy Policy
D/nofatclips(  260): Handling event 'click' on widget id=2131165193 type=text name=www.automattic.com
I/nofatclips(  260): Created trace to press the back button
I/nofatclips(  260): Created trace to press the menu button
I/nofatclips(  260): Created trace to change orientation
I/nofatclips(  260): Check for termination: 67 steps left of 100
I/nofatclips(  260): Dispatching new task. 2 more tasks remaining.
D/nofatclips(  260): Performing backup of the old task list on disk
D/nofatclips(  260): Saving task list on disk
V/nofatclips(  260): Backing up trace #415 to disk.
V/nofatclips(  260): Backing up trace #416 to disk.
D/nofatclips(  260): Deleting backup of the old task list from disk
D/nofatclips(  260): Deleting backup of the old activity list from disk
I/nofatclips(  260): Incrementally Playing Trace 416
I/nofatclips(  260): Retrieved from return list id=16908290
D/nofatclips(  260): Testing for type (android.widget.FrameLayout) against the original (null)
I/nofatclips(  260): Firing event: type= changeOrientation name= widget=null
D/dalvikvm(  328): DexOpt: load 1099ms, verify+opt 542ms
D/installd(   35): DexInv: --- END '/system/app/Browser.apk' (success) ---
I/nofatclips(  260): Waiting for 100 msec.
I/nofatclips(  260): Current activity is About
I/nofatclips(  260): Retrieving widgets
I/nofatclips(  260): Exit state. Not performing comparation for activity About
I/nofatclips(  260): Waiting for 100 msec.
I/ActivityThread(  320): Pub browser: com.android.browser.BrowserProvider
I/nofatclips(  260): Session count is 1. Will dump to disk at 1
I/nofatclips(  260): Saving the session on disk.
I/nofatclips(  260): Check for termination: 66 steps left of 100
I/nofatclips(  260): Saving the session on disk. This is the last batch. The session will be terminated.
D/nofatclips(  260): Performing backup of the old task list on disk
D/nofatclips(  260): Saving task list on disk
V/nofatclips(  260): Backing up trace #415 to disk.
D/nofatclips(  260): Deleting backup of the old task list from disk
D/dalvikvm(  260): GC_EXPLICIT freed 986K, 53% free 3325K/7047K, external 3282K/4098K, paused 77ms
D/dalvikvm(  260): GC_EXPLICIT freed 36K, 54% free 3289K/7047K, external 2269K/2869K, paused 60ms
I/TestRunner(  260): finished: testAndCrawl(com.nofatclips.crawler.guitree.NomadEngine)
I/TestRunner(  260): passed: testAndCrawl(com.nofatclips.crawler.guitree.NomadEngine)
E/InstrumentationTestRunner(  260): Failed to generate emma coverage. Is emma jar on classpath?
E/InstrumentationTestRunner(  260): java.lang.ClassNotFoundException: com.vladium.emma.rt.RT
E/InstrumentationTestRunner(  260): 	at java.lang.Class.classForName(Native Method)
E/InstrumentationTestRunner(  260): 	at java.lang.Class.forName(Class.java:234)
E/InstrumentationTestRunner(  260): 	at java.lang.Class.forName(Class.java:181)
E/InstrumentationTestRunner(  260): 	at android.test.InstrumentationTestRunner.generateCoverageReport(InstrumentationTestRunner.java:578)
E/InstrumentationTestRunner(  260): 	at android.test.InstrumentationTestRunner.onStart(InstrumentationTestRunner.java:545)
E/InstrumentationTestRunner(  260): 	at android.app.Instrumentation$InstrumentationThread.run(Instrumentation.java:1448)
E/InstrumentationTestRunner(  260): Caused by: java.lang.NoClassDefFoundError: com.vladium.emma.rt.RT
E/InstrumentationTestRunner(  260): 	... 6 more
E/InstrumentationTestRunner(  260): Caused by: java.lang.ClassNotFoundException: com.vladium.emma.rt.RT in loader dalvik.system.PathClassLoader[/system/framework/android.test.runner.jar:/data/app/com.nofatclips.crawler-1.apk:/data/app/org.wordpress.android-1.apk]
E/InstrumentationTestRunner(  260): 	at dalvik.system.PathClassLoader.findClass(PathClassLoader.java:240)
E/InstrumentationTestRunner(  260): 	at java.lang.ClassLoader.loadClass(ClassLoader.java:551)
E/InstrumentationTestRunner(  260): 	at java.lang.ClassLoader.loadClass(ClassLoader.java:511)
E/InstrumentationTestRunner(  260): 	... 6 more
I/ActivityManager(   61): Force stopping package org.wordpress.android uid=10034
I/Process (   61): Sending signal. PID: 260 SIG: 9
D/AndroidRuntime(  228): Shutting down VM
D/dalvikvm(  228): GC_CONCURRENT freed 103K, 71% free 297K/1024K, external 0K/0K, paused 1ms+2ms
D/jdwp    (  228): adbd disconnected
I/WindowManager(   61): WIN DEATH: Window{407135c0 org.wordpress.android/org.wordpress.android.About paused=true}
I/dalvikvm(  228): JNI: AttachCurrentThread (from ???.???)
I/AndroidRuntime(  228): 