D/dalvikvm(   33): GC_EXPLICIT freed 10K, 53% free 2538K/5379K, external 716K/1038K, paused 91ms
I/ActivityThread(  171): Pub call_log: com.android.providers.contacts.CallLogProvider
D/dalvikvm(  128): GC_EXTERNAL_ALLOC freed 47K, 51% free 2788K/5639K, external 2079K/2085K, paused 181ms
I/ActivityThread(  171): Pub user_dictionary: com.android.providers.userdictionary.UserDictionaryProvider
D/dalvikvm(   33): GC_EXPLICIT freed <1K, 53% free 2538K/5379K, external 716K/1038K, paused 73ms
D/dalvikvm(   33): GC_EXPLICIT freed <1K, 53% free 2538K/5379K, external 716K/1038K, paused 117ms
D/dalvikvm(  128): GC_EXPLICIT freed 18K, 51% free 2806K/5639K, external 2387K/2620K, paused 86ms
D/dalvikvm(  206): GC_CONCURRENT freed 410K, 54% free 2634K/5639K, external 716K/1038K, paused 3ms+4ms
D/dalvikvm(   61): GREF has increased to 301
I/ActivityManager(   61): Start proc com.android.quicksearchbox for broadcast com.android.quicksearchbox/.SearchWidgetProvider: pid=216 uid=10002 gids={3003}
I/ActivityThread(  216): Pub com.android.quicksearchbox.google: com.android.quicksearchbox.google.GoogleSuggestionProvider
I/ActivityThread(  216): Pub com.android.quicksearchbox.shortcuts: com.android.quicksearchbox.ShortcutsProvider
I/ActivityManager(   61): Start proc android.process.media for broadcast com.android.providers.downloads/.DownloadReceiver: pid=224 uid=10000 gids={1015, 1006, 2001, 3003}
I/ActivityThread(  224): Pub media: com.android.providers.media.MediaProvider
V/MediaProvider(  224): Attached volume: internal
I/ActivityThread(  224): Pub downloads: com.android.providers.downloads.DownloadProvider
I/ActivityThread(  224): Pub drm: com.android.providers.drm.DrmProvider
D/dalvikvm(  128): GC_EXTERNAL_ALLOC freed 174K, 49% free 2957K/5767K, external 2618K/2620K, paused 43ms
I/SurfaceFlinger(   61): Boot is finished (10337 ms)
D/OtaStartupReceiver(  124): Not a CDMA phone, no need to process OTA
D/PowerManagerService(   61): bootCompleted
I/ARMAssembler(   61): generated scanline__00000177:03010104_00000002_00000000 [ 44 ipp] (66 ins) at [0x46efd290:0x46efd398] in 620095 ns
I/ARMAssembler(   61): generated scanline__00000177:03515104_00000001_00000000 [ 73 ipp] (95 ins) at [0x46efd3a0:0x46efd51c] in 529433 ns
D/VoldCmdListener(   29): volume mount /mnt/sdcard
I/Vold    (   29): /dev/block/vold/179:0 being considered for volume sdcard
D/Vold    (   29): Volume sdcard state changing 1 (Idle-Unmounted) -> 3 (Checking)
I/StorageNotification(  107): Media {/mnt/sdcard} state changed from {unmounted} -> {checking}
I/RecoverySystem(   61): No recovery log file
I/ActivityManager(   61): Start proc com.android.mms for broadcast com.android.mms/.transaction.MmsSystemEventReceiver: pid=239 uid=10015 gids={3003, 1015}
I/SearchManagerService(   61): Building list of searchable activities
I/ActivityThread(  239): Pub com.android.mms.SuggestionsProvider: com.android.mms.SuggestionsProvider
I/ActivityManager(   61): Start proc com.android.email for broadcast com.android.email/.service.EmailBroadcastReceiver: pid=260 uid=10028 gids={3003, 1015}
I/ActivityThread(  260): Pub com.android.email.provider: com.android.email.provider.EmailProvider
I/ActivityThread(  260): Pub com.android.email.attachmentprovider: com.android.email.provider.AttachmentProvider
I/ActivityThread(  260): Pub com.android.exchange.provider: com.android.exchange.provider.ExchangeProvider
D/EAS SyncManager(  260): !!! EAS SyncManager, onCreate
D/dalvikvm(   61): GC_CONCURRENT freed 770K, 45% free 4166K/7559K, external 1865K/3065K, paused 3ms+10ms
D/dalvikvm(   61): GC_EXPLICIT freed 24K, 46% free 4141K/7559K, external 1865K/3065K, paused 76ms
D/AndroidRuntime(  274): 
D/AndroidRuntime(  274): >>>>>> AndroidRuntime START com.android.internal.os.RuntimeInit <<<<<<
D/AndroidRuntime(  274): CheckJNI is ON
I/InputReader(   61): Device reconfigured: id=0x0, name=qwerty2, display size is now 320x480
I/InputManager-Callbacks(   61): No virtual keys found for device qwerty2.
I/ARMAssembler(   61): generated scanline__00000177:03515104_00001001_00000000 [ 91 ipp] (114 ins) at [0x46efd520:0x46efd6e8] in 540552 ns
I/ActivityManager(   61): Displayed com.android.launcher/com.android.launcher2.Launcher: +10s68ms
D/AndroidRuntime(  274): Calling main entry com.android.commands.am.Am
I/ActivityManager(   61): Force stopping package org.wordpress.android uid=10034
I/ActivityManager(   61): Start proc org.wordpress.android for added application org.wordpress.android: pid=288 uid=10034 gids={3003, 1006, 1015}
D/szipinf (  288): Initializing inflate state
D/nofatclips(  288): Updating node 
D/nofatclips(  288): Loading node 
I/nofatclips(  288): Preferences file found.
V/nofatclips(  288): Updating value ACTIVITY_DESCRIPTION_IN_SESSION
V/nofatclips(  288): Updating value ADDITIONAL_CRITERIAS
V/nofatclips(  288): Updating value ADDITIONAL_EVENTS
V/nofatclips(  288): Updating value ADDITIONAL_INPUTS
V/nofatclips(  288): Updating value CLASS_NAME
D/nofatclips(  288): Updated value of parameter CLASS_NAME to org.wordpress.android.Dashboard (default = app.package.class)
V/nofatclips(  288): Updating value ENABLE_RESUME
V/nofatclips(  288): Updating value PACKAGE_NAME
D/nofatclips(  288): Updated value of parameter PACKAGE_NAME to org.wordpress.android (default = app.package)
V/nofatclips(  288): Updating value RANDOM_SEED
D/nofatclips(  288): Updated value of parameter RANDOM_SEED to 715232174897689182 (default = 5466516511651561651)
V/nofatclips(  288): Updating value RETRY_FAILED_TRACES
V/nofatclips(  288): Updating value theClass
D/nofatclips(  288): Updating node scheduler
D/nofatclips(  288): Loading node scheduler
V/nofatclips(  288): Updating value ALL_EVENTS_ON_PREFERENCES
V/nofatclips(  288): Updating value BACK_BUTTON_EVENT
V/nofatclips(  288): Updating value DICTIONARY_FIXED_VALUE
V/nofatclips(  288): Updating value DICTIONARY_IGNORE_CONTENT_TYPES
V/nofatclips(  288): Updating value EMULATOR_PORT
V/nofatclips(  288): Updating value EVENTS
D/nofatclips(  288): Updated values of array parameter EVENTS
V/nofatclips(  288): Updating value EVENT_WHEN_NO_ID
V/nofatclips(  288): Updating value EXCLUDE_WIDGETS_INPUTS_IN_GPS_EVENTS
V/nofatclips(  288): Updating value EXCLUDE_WIDGETS_INPUTS_IN_SENSORS_EVENTS
V/nofatclips(  288): Updating value INPUTS
D/nofatclips(  288): Updated values of array parameter INPUTS
V/nofatclips(  288): Updating value KEY_EVENTS
V/nofatclips(  288): Updating value MAX_EVENTS_PER_WIDGET
V/nofatclips(  288): Updating value MAX_TASKS_IN_SCHEDULER
D/nofatclips(  288): Updated value of parameter MAX_TASKS_IN_SCHEDULER to 2 (default = 0)
V/nofatclips(  288): Updating value MAX_TASKS_PER_EVENT
V/nofatclips(  288): Updating value MENU_EVENTS
V/nofatclips(  288): Updating value ORIENTATION_EVENTS
V/nofatclips(  288): Updating value PLANNER
V/nofatclips(  288): Updating value REFLECT_ACTIVITY_LISTENERS
V/nofatclips(  288): Updating value REFLECT_WIDGETS
V/nofatclips(  288): Updating value SCHEDULER_ALGORITHM
D/nofatclips(  288): Updated value of parameter SCHEDULER_ALGORITHM to DEPTH_FIRST (default = BREADTH_FIRST)
V/nofatclips(  288): Updating value SCROLL_DOWN_EVENT
V/nofatclips(  288): Updating value SENSOR_TYPES
V/nofatclips(  288): Updating value SIMULATE_INCOMING_CALL
V/nofatclips(  288): Updating value SIMULATE_INCOMING_SMS
V/nofatclips(  288): Updating value TAB_EVENTS_START_ONLY
V/nofatclips(  288): Updating value TEST_LOCATION_PROVIDER
I//system/bin/fsck_msdos(   29): ** /dev/block/vold/179:0
V/nofatclips(  288): Updating value TEXT_VALUES_FROM_DICTIONARY
V/nofatclips(  288): Updating value TEXT_VALUES_ID_HASH
V/nofatclips(  288): Updating value USE_GPS
V/nofatclips(  288): Updating value USE_SENSORS
D/nofatclips(  288): Updating node planner
D/nofatclips(  288): Loading node planner
V/nofatclips(  288): Updating value ALL_EVENTS_ON_PREFERENCES
V/nofatclips(  288): Updating value BACK_BUTTON_EVENT
V/nofatclips(  288): Updating value DICTIONARY_FIXED_VALUE
V/nofatclips(  288): Updating value DICTIONARY_IGNORE_CONTENT_TYPES
V/nofatclips(  288): Updating value EMULATOR_PORT
V/nofatclips(  288): Updating value EVENTS
D/nofatclips(  288): Updated values of array parameter EVENTS
V/nofatclips(  288): Updating value EVENT_WHEN_NO_ID
V/nofatclips(  288): Updating value EXCLUDE_WIDGETS_INPUTS_IN_GPS_EVENTS
V/nofatclips(  288): Updating value EXCLUDE_WIDGETS_INPUTS_IN_SENSORS_EVENTS
V/nofatclips(  288): Updating value INPUTS
D/nofatclips(  288): Updated values of array parameter INPUTS
V/nofatclips(  288): Updating value KEY_EVENTS
V/nofatclips(  288): Updating value MAX_EVENTS_PER_WIDGET
V/nofatclips(  288): Updating value MAX_TASKS_IN_SCHEDULER
V/nofatclips(  288): Updating value MAX_TASKS_PER_EVENT
V/nofatclips(  288): Updating value MENU_EVENTS
V/nofatclips(  288): Updating value ORIENTATION_EVENTS
V/nofatclips(  288): Updating value PLANNER
V/nofatclips(  288): Updating value REFLECT_ACTIVITY_LISTENERS
V/nofatclips(  288): Updating value REFLECT_WIDGETS
V/nofatclips(  288): Updating value SCHEDULER_ALGORITHM
V/nofatclips(  288): Updating value SCROLL_DOWN_EVENT
V/nofatclips(  288): Updating value SENSOR_TYPES
V/nofatclips(  288): Updating value SIMULATE_INCOMING_CALL
V/nofatclips(  288): Updating value SIMULATE_INCOMING_SMS
V/nofatclips(  288): Updating value TAB_EVENTS_START_ONLY
V/nofatclips(  288): Updating value TEST_LOCATION_PROVIDER
V/nofatclips(  288): Updating value TEXT_VALUES_FROM_DICTIONARY
V/nofatclips(  288): Updating value TEXT_VALUES_ID_HASH
D/nofatclips(  288): Updated value of parameter TEXT_VALUES_ID_HASH to true (default = false)
V/nofatclips(  288): Updating value USE_GPS
V/nofatclips(  288): Updating value USE_SENSORS
D/nofatclips(  288): Updating node interactions
D/nofatclips(  288): Loading node interactions
V/nofatclips(  288): Updating value ALL_EVENTS_ON_PREFERENCES
V/nofatclips(  288): Updating value BACK_BUTTON_EVENT
V/nofatclips(  288): Updating value DICTIONARY_FIXED_VALUE
V/nofatclips(  288): Updating value DICTIONARY_IGNORE_CONTENT_TYPES
V/nofatclips(  288): Updating value EMULATOR_PORT
V/nofatclips(  288): Updating value EVENTS
D/nofatclips(  288): Updated values of array parameter EVENTS
V/nofatclips(  288): Updating value EVENT_WHEN_NO_ID
V/nofatclips(  288): Updating value EXCLUDE_WIDGETS_INPUTS_IN_GPS_EVENTS
V/nofatclips(  288): Updating value EXCLUDE_WIDGETS_INPUTS_IN_SENSORS_EVENTS
V/nofatclips(  288): Updating value INPUTS
D/nofatclips(  288): Updated values of array parameter INPUTS
V/nofatclips(  288): Updating value KEY_EVENTS
V/nofatclips(  288): Updating value MAX_EVENTS_PER_WIDGET
V/nofatclips(  288): Updating value MAX_TASKS_IN_SCHEDULER
V/nofatclips(  288): Updating value MAX_TASKS_PER_EVENT
V/nofatclips(  288): Updating value MENU_EVENTS
V/nofatclips(  288): Updating value ORIENTATION_EVENTS
V/nofatclips(  288): Updating value PLANNER
V/nofatclips(  288): Updating value REFLECT_ACTIVITY_LISTENERS
V/nofatclips(  288): Updating value REFLECT_WIDGETS
V/nofatclips(  288): Updating value SCHEDULER_ALGORITHM
V/nofatclips(  288): Updating value SCROLL_DOWN_EVENT
V/nofatclips(  288): Updating value SENSOR_TYPES
V/nofatclips(  288): Updating value SIMULATE_INCOMING_CALL
V/nofatclips(  288): Updating value SIMULATE_INCOMING_SMS
V/nofatclips(  288): Updating value TAB_EVENTS_START_ONLY
V/nofatclips(  288): Updating value TEST_LOCATION_PROVIDER
V/nofatclips(  288): Updating value TEXT_VALUES_FROM_DICTIONARY
V/nofatclips(  288): Updating value TEXT_VALUES_ID_HASH
V/nofatclips(  288): Updating value USE_GPS
V/nofatclips(  288): Updating value USE_SENSORS
D/nofatclips(  288): Updating node comparator
D/nofatclips(  288): Loading node comparator
V/nofatclips(  288): Updating value COMPARATOR
V/nofatclips(  288): Updating value COMPARATOR_TYPE
V/nofatclips(  288): Updating value COMPARE_ACTIVITY_NAME
V/nofatclips(  288): Updating value COMPARE_LIST_COUNT
V/nofatclips(  288): Updating value COMPARE_MENU_COUNT
D/nofatclips(  288): Updated value of parameter COMPARE_MENU_COUNT to false (default = true)
V/nofatclips(  288): Updating value COMPARE_STATE_TITLE
V/nofatclips(  288): Updating value COMPARE_VALUES
V/nofatclips(  288): Updating value WIDGET_TYPES
D/nofatclips(  288): Updating node strategy
D/nofatclips(  288): Loading node strategy
V/nofatclips(  288): Updating value AFTER_EVENT_DONT_EXPLORE
V/nofatclips(  288): Updating value AFTER_WIDGET_DONT_EXPLORE
V/nofatclips(  288): Updating value CHECK_FOR_TRANSITION
V/nofatclips(  288): Updating value EXPLORE_ONLY_NEW_STATES
D/nofatclips(  288): Updated value of parameter EXPLORE_ONLY_NEW_STATES to false (default = true)
V/nofatclips(  288): Updating value MAX_NUM_TRACES
D/nofatclips(  288): Updated value of parameter MAX_NUM_TRACES to 100 (default = 0)
V/nofatclips(  288): Updating value MAX_TIME_CRAWLING
V/nofatclips(  288): Updating value PAUSE_AFTER_TIME
V/nofatclips(  288): Updating value PAUSE_AFTER_TRACES
V/nofatclips(  288): Updating value TRACE_MAX_DEPTH
V/nofatclips(  288): Updating value TRACE_MIN_DEPTH
D/nofatclips(  288): Starting random testing
I/TestRunner(  288): started: testAndCrawl(com.nofatclips.crawler.guitree.NomadEngine)
I/ActivityManager(   61): Starting: Intent { act=android.intent.action.MAIN flg=0x10000000 cmp=org.wordpress.android/.Dashboard } from pid 288
D/szipinf (   61): Initializing inflate state
I/ARMAssembler(   61): generated scanline__00000177:03515104_00001002_00000000 [ 87 ipp] (110 ins) at [0x46efd6f0:0x46efd8a8] in 338273 ns
D/dalvikvm(  288): GC_EXTERNAL_ALLOC freed 402K, 53% free 2736K/5767K, external 716K/1038K, paused 89ms
W/dalvikvm(  239): threadid=6: spin on suspend #1 threadid=3 (pcf=0)
D/dalvikvm(  239): Temporarily moving tid 241 to fg (was 0)
I//system/bin/fsck_msdos(   29): ** Phase 1 - Read and Compare FATs
I//system/bin/fsck_msdos(   29): Attempting to allocate 998 KB for FAT
W/dalvikvm(  239): threadid=6: spin on suspend resolved in 4309 msec
D/dalvikvm(  239): Restored policy of 241 to 0
D/MediaScannerService(  224): start scanning volume internal
D/Eas Debug(  260): Logging: 
D/EAS SyncManager(  260): !!! EAS SyncManager, onDestroy
D/dalvikvm(  260): GC_CONCURRENT freed 537K, 54% free 2698K/5831K, external 716K/1038K, paused 1539ms+6ms
D/dalvikvm(  239): GC_CONCURRENT freed 488K, 54% free 2725K/5831K, external 716K/1038K, paused 2ms+2095ms
D/Email   (  260): BOOT_COMPLETED
D/EAS SyncManager(  260): !!! EAS SyncManager, onCreate
D/EAS SyncManager(  260): !!! EAS SyncManager, onStartCommand
D/EAS SyncManager(  260): !!! EAS SyncManager, stopping self
D/EAS SyncManager(  260): !!! EAS SyncManager, onDestroy
D/dalvikvm(  288): GC_EXTERNAL_ALLOC freed 116K, 49% free 2947K/5767K, external 1407K/1623K, paused 158ms
I/ActivityManager(   61): Displayed org.wordpress.android/.Dashboard: +5s865ms
D/nofatclips(  288): Generated Resuming Persistence
I/dalvikvm(  288): Could not find method android.app.Activity.getFragmentManager, referenced from method com.jayway.android.robotium.solo.Waiter.getFragment
W/dalvikvm(  288): VFY: unable to resolve virtual method 7: Landroid/app/Activity;.getFragmentManager ()Landroid/app/FragmentManager;
D/dalvikvm(  288): VFY: replacing opcode 0x6e at 0x0008
I/dalvikvm(  288): Could not find method android.app.Activity.getFragmentManager, referenced from method com.jayway.android.robotium.solo.Waiter.getFragment
W/dalvikvm(  288): VFY: unable to resolve virtual method 7: Landroid/app/Activity;.getFragmentManager ()Landroid/app/FragmentManager;
D/dalvikvm(  288): VFY: replacing opcode 0x6e at 0x0017
W/dalvikvm(  288): VFY: unable to find class referenced in signature (Landroid/app/Fragment;)
D/dalvikvm(  288): VFY: dead code 0x000b-000f in Lcom/jayway/android/robotium/solo/Waiter;.getFragment (Ljava/lang/String;I)Landroid/app/Fragment;
D/dalvikvm(  288): VFY: dead code 0x001a-001f in Lcom/jayway/android/robotium/solo/Waiter;.getFragment (Ljava/lang/String;I)Landroid/app/Fragment;
W/dalvikvm(  288): VFY: unable to find class referenced in signature (Landroid/app/Fragment;)
I//system/bin/fsck_msdos(   29): Attempting to allocate 998 KB for FAT
I//system/bin/fsck_msdos(   29): ** Phase 2 - Check Cluster Chains
I//system/bin/fsck_msdos(   29): ** Phase 3 - Checking Directories
I//system/bin/fsck_msdos(   29): ** Phase 4 - Checking for Lost Files
I//system/bin/fsck_msdos(   29): 3 files, 509980 free (254990 clusters)
I/Vold    (   29): Filesystem check completed OK
I/Vold    (   29): Device /dev/block/vold/179:0, target /mnt/sdcard mounted @ /mnt/secure/staging
D/Vold    (   29): Volume sdcard state changing 3 (Checking) -> 4 (Mounted)
I/PackageManager(   61): Updating external media status from unmounted to mounted
I/StorageNotification(  107): Media {/mnt/sdcard} state changed from {checking} -> {mounted}
D/nofatclips(  288): Updating node automation
D/nofatclips(  288): Loading node automation
V/nofatclips(  288): Updating value FORCE_RESTART
V/nofatclips(  288): Updating value IN_AND_OUT_FOCUS
V/nofatclips(  288): Updating value PRECRAWLING
V/nofatclips(  288): Updating value SCREENSHOT_FOR_EVENTS
V/nofatclips(  288): Updating value SCREENSHOT_FOR_STATES
V/nofatclips(  288): Updating value SCREENSHOT_ONLY_NEW_STATES
V/nofatclips(  288): Updating value SLEEP_AFTER_EVENT
D/nofatclips(  288): Updated value of parameter SLEEP_AFTER_EVENT to 100 (default = 1000)
V/nofatclips(  288): Updating value SLEEP_AFTER_RESTART
D/nofatclips(  288): Updated value of parameter SLEEP_AFTER_RESTART to 100 (default = 1000)
V/nofatclips(  288): Updating value SLEEP_AFTER_TASK
D/nofatclips(  288): Updated value of parameter SLEEP_AFTER_TASK to 100 (default = 1000)
V/nofatclips(  288): Updating value SLEEP_ON_THROBBER
D/nofatclips(  288): Updated value of parameter SLEEP_ON_THROBBER to 100 (default = 1000)
D/nofatclips(  288): Updating node screenshot
D/nofatclips(  288): Loading node screenshot
V/nofatclips(  288): Updating value FORCE_RESTART
V/nofatclips(  288): Updating value IN_AND_OUT_FOCUS
V/nofatclips(  288): Updating value PRECRAWLING
V/nofatclips(  288): Updating value SCREENSHOT_FOR_EVENTS
V/nofatclips(  288): Updating value SCREENSHOT_FOR_STATES
V/nofatclips(  288): Updating value SCREENSHOT_ONLY_NEW_STATES
V/nofatclips(  288): Updating value SLEEP_AFTER_EVENT
V/nofatclips(  288): Updating value SLEEP_AFTER_RESTART
V/nofatclips(  288): Updating value SLEEP_AFTER_TASK
V/nofatclips(  288): Updating value SLEEP_ON_THROBBER
I/nofatclips(  288): Waiting for 100 msec.
D/VoldCmdListener(   29): asec list
I/PackageManager(   61): No secure containers on sdcard
W/PackageManager(   61): Unknown permission com.google.android.googleapps.permission.GOOGLE_AUTH.mail in package com.android.contacts
W/PackageManager(   61): Unknown permission android.permission.ADD_SYSTEM_SERVICE in package com.android.phone
W/PackageManager(   61): Not granting permission android.permission.SEND_DOWNLOAD_COMPLETED_INTENTS to package com.android.browser (protectionLevel=2 flags=0x9be45)
W/PackageManager(   61): Unknown permission com.google.android.gm.permission.WRITE_GMAIL in package com.android.settings
W/PackageManager(   61): Unknown permission com.google.android.gm.permission.READ_GMAIL in package com.android.settings
W/PackageManager(   61): Unknown permission com.google.android.googleapps.permission.GOOGLE_AUTH in package com.android.settings
D/nofatclips(  288): Ready to operate after restarting...
I/nofatclips(  288): Current activity is Dashboard
W/nofatclips(  288): --->Dashboard
D/dalvikvm(  288): GC_CONCURRENT freed 229K, 49% free 2993K/5831K, external 1812K/2324K, paused 4ms+4ms
I/nofatclips(  288): Retrieving widgets
D/nofatclips(  288): Found widget: id=16908290 (android.widget.FrameLayout@405a1278)
D/nofatclips(  288): Found widget: id=2131165248 (android.widget.RelativeLayout@405a1f78)
D/nofatclips(  288): Found widget: id=2131165249 (android.widget.LinearLayout@405a25e0)
D/nofatclips(  288): Found widget: id=-1 (android.widget.ImageView@405a2b28)
D/nofatclips(  288): Found widget: id=2131165250 (org.wordpress.android.util.WPTitleBar@4059c500)
D/nofatclips(  288): Found widget: id=2131165195 (android.widget.RelativeLayout@4050eb88)
D/nofatclips(  288): Found widget: id=2131165196 (android.widget.RelativeLayout@40568e30)
D/nofatclips(  288): Found widget: id=2131165197 (android.widget.ImageView@4059d798)
D/nofatclips(  288): Found widget: id=2131165198 (android.widget.TextView@405421a8): Katie's Sweet Testing Blog
D/nofatclips(  288): Found widget: id=2131165199 (android.widget.ImageView@4055da38)
D/nofatclips(  288): Found widget: id=-1 (android.widget.RelativeLayout@40579d98)
D/nofatclips(  288): Found widget: id=2131165200 (android.widget.ImageButton@4059dcc0)
D/nofatclips(  288): Found widget: id=-1 (android.widget.FrameLayout@4057b248)
D/nofatclips(  288): Found widget: id=2131165201 (android.widget.Button@40542b70): 
D/nofatclips(  288): Found widget: id=2131165202 (android.widget.ImageView@405940f8)
D/nofatclips(  288): Found widget: id=2131165203 (android.widget.ImageView@4053d368)
D/nofatclips(  288): Found widget: id=2131165204 (android.widget.LinearLayout@40569a38)
D/nofatclips(  288): Found widget: id=-1 (android.widget.FrameLayout@4059d530)
D/nofatclips(  288): Found widget: id=-1 (android.widget.LinearLayout@40530510)
D/nofatclips(  288): Found widget: id=-1 (android.widget.LinearLayout@4050e998)
D/nofatclips(  288): Found widget: id=-1 (android.widget.LinearLayout@4052fb30)
D/nofatclips(  288): Found widget: id=2131165251 (android.widget.LinearLayout@405301e8)
D/nofatclips(  288): Found widget: id=-1 (android.widget.ImageView@40590ba0)
D/nofatclips(  288): Found widget: id=2131165256 (android.widget.TextView@4056b730): New Post
D/nofatclips(  288): Found widget: id=2131165253 (android.widget.LinearLayout@4059c738)
D/nofatclips(  288): Found widget: id=-1 (android.widget.ImageView@40531550)
D/nofatclips(  288): Found widget: id=2131165256 (android.widget.TextView@4056c068): New Page
D/nofatclips(  288): Found widget: id=-1 (android.widget.LinearLayout@40533808)
D/nofatclips(  288): Found widget: id=2131165252 (android.widget.LinearLayout@405311f8)
D/nofatclips(  288): Found widget: id=-1 (android.widget.ImageView@40539700)
D/nofatclips(  288): Found widget: id=2131165256 (android.widget.TextView@40578260): Quick Photo
D/nofatclips(  288): Found widget: id=2131165254 (android.widget.LinearLayout@40547d78)
D/nofatclips(  288): Found widget: id=-1 (android.widget.ImageView@405320f0)
D/nofatclips(  288): Found widget: id=2131165256 (android.widget.TextView@40578ad0): Quick Video
D/nofatclips(  288): Found widget: id=-1 (android.widget.LinearLayout@4052efa0)
D/nofatclips(  288): Found widget: id=-1 (android.widget.LinearLayout@405347c0)
D/nofatclips(  288): Found widget: id=2131165255 (android.widget.LinearLayout@40535a88)
D/nofatclips(  288): Found widget: id=-1 (android.widget.ImageView@40543130)
D/nofatclips(  288): Found widget: id=2131165256 (android.widget.TextView@40579158): Posts
D/nofatclips(  288): Found widget: id=2131165257 (android.widget.LinearLayout@405464f0)
D/nofatclips(  288): Found widget: id=-1 (android.widget.ImageView@40569160)
D/nofatclips(  288): Found widget: id=2131165256 (android.widget.TextView@40537db8): Pages
D/nofatclips(  288): Found widget: id=-1 (android.widget.FrameLayout@40540a70)
D/nofatclips(  288): Found widget: id=2131165258 (android.widget.LinearLayout@40544cb0)
D/nofatclips(  288): Found widget: id=-1 (android.widget.ImageView@40540750)
D/nofatclips(  288): Found widget: id=2131165256 (android.widget.TextView@40539d68): Comments
D/nofatclips(  288): Found widget: id=2131165259 (android.widget.FrameLayout@40546ac0)
D/nofatclips(  288): Found widget: id=2131165260 (android.widget.ImageView@405473e0)
D/nofatclips(  288): Found widget: id=2131165261 (org.wordpress.android.util.CommentBadgeTextView@4053ad80): 0
D/nofatclips(  288): Found widget: id=-1 (android.widget.LinearLayout@40541178)
D/nofatclips(  288): Found widget: id=2131165262 (android.widget.LinearLayout@40541f60)
D/nofatclips(  288): Found widget: id=-1 (android.widget.ImageView@40544640)
D/nofatclips(  288): Found widget: id=2131165256 (android.widget.TextView@405413a0): Settings
D/nofatclips(  288): Found widget: id=2131165263 (android.widget.LinearLayout@40545fa0)
D/nofatclips(  288): Found widget: id=-1 (android.widget.ImageView@405619e8)
D/nofatclips(  288): Found widget: id=2131165256 (android.widget.TextView@405436e0): Read
D/nofatclips(  288): Found widget: id=2131165264 (android.widget.LinearLayout@40562368)
D/nofatclips(  288): Found widget: id=-1 (android.widget.ImageView@405659a8)
D/nofatclips(  288): Found widget: id=2131165256 (android.widget.TextView@40550438): Stats
D/nofatclips(  288): Found widget: id=-1 (com.android.internal.policy.impl.PhoneWindow$DecorView@405a0978)
V/nicola  (  288): TextualID : blog_title
V/nicola  (  288): ContentType detected : default
V/nicola  (  288): TextualID : action_refresh
V/nicola  (  288): ContentType detected : default
V/nicola  (  288): TextualID : button_text
V/nicola  (  288): ContentType detected : default
V/nicola  (  288): TextualID : button_text
V/nicola  (  288): ContentType detected : default
V/nicola  (  288): TextualID : button_text
V/nicola  (  288): ContentType detected : default
V/nicola  (  288): TextualID : button_text
V/nicola  (  288): ContentType detected : default
V/nicola  (  288): TextualID : button_text
V/nicola  (  288): ContentType detected : default
V/nicola  (  288): TextualID : button_text
V/nicola  (  288): ContentType detected : default
V/nicola  (  288): TextualID : button_text
V/nicola  (  288): ContentType detected : default
V/nicola  (  288): TextualID : button_text
V/nicola  (  288): ContentType detected : default
V/nicola  (  288): TextualID : button_text
V/nicola  (  288): ContentType detected : default
V/nicola  (  288): TextualID : button_text
V/nicola  (  288): ContentType detected : default
I/nofatclips(  288): Attempting to resume previous session
I/nofatclips(  288): Memoryless engine: the task file will not be loaded. Looking for crashed traces.
I/nofatclips(  288): Reading task file
D/dalvikvm(  288): GC_CONCURRENT freed 539K, 50% free 3253K/6407K, external 1812K/2324K, paused 3ms+3ms
I/dalvikvm(  288): Jit: resizing JitTable from 512 to 1024
W/PackageManager(   61): Unknown permission com.google.android.googleapps.permission.GOOGLE_AUTH in package com.android.providers.contacts
V/nofatclips(  288): Discarding trace #283
W/PackageManager(   61): Unknown permission com.google.android.googleapps.permission.GOOGLE_AUTH.cp in package com.android.providers.contacts
D/nofatclips(  288): Importing crashed trace #284 from disk
I/nofatclips(  288): Stateless comparator: the state file will not be loaded.
D/dalvikvm(  288): GetFieldID: unable to find field Ljava/util/Hashtable;.loadFactor:F
D/dalvikvm(  288): GetFieldID: unable to find field Ljava/util/Hashtable;.loadFactor:F
D/dalvikvm(  288): GetFieldID: unable to find field Ljava/util/Hashtable;.loadFactor:F
D/dalvikvm(  288): GetFieldID: unable to find field Ljava/util/Hashtable;.loadFactor:F
D/dalvikvm(  288): GetFieldID: unable to find field Ljava/util/Hashtable;.loadFactor:F
D/dalvikvm(  288): GetFieldID: unable to find field Ljava/util/Hashtable;.loadFactor:F
D/nofatclips(  288): Backup session footer restored to 
D/nofatclips(  288): </SESSION>
D/nofatclips(  288): Restored random counter to: 289
D/nofatclips(  288): Restored trace count to 285
D/nofatclips(  288): Current step countdown restored to 70
D/nofatclips(  288): Restored abstractor counters to: event = 289 - input = 134 - activity = 31
I/nofatclips(  288): Saving the session on disk.
D/dalvikvm(  288): GC_CONCURRENT freed 720K, 50% free 3401K/6727K, external 1812K/2324K, paused 3ms+3ms
I/nofatclips(  288): Planning for new Activity Dashboard
D/nofatclips(  288): Handling event 'click' on widget id=2131165200 type=button name=
D/nofatclips(  288): Handling event 'click' on widget id=2131165201 type=button name=
D/nofatclips(  288): Handling event 'click' on widget id=2131165204 type=linearLayout name=
I/dalvikvm(  288): Jit: resizing JitTable from 1024 to 2048
D/nofatclips(  288): Handling event 'click' on widget id=2131165251 type=linearLayout name=
W/PackageManager(   61): Unknown permission com.google.android.googleapps.permission.ACCESS_GOOGLE_PASSWORD in package com.android.development
W/PackageManager(   61): Unknown permission com.google.android.googleapps.permission.GOOGLE_AUTH in package com.android.development
W/PackageManager(   61): Unknown permission com.google.android.googleapps.permission.GOOGLE_AUTH.ALL_SERVICES in package com.android.development
W/PackageManager(   61): Unknown permission com.google.android.googleapps.permission.GOOGLE_AUTH.YouTubeUser in package com.android.development
D/dalvikvm(  288): GC_CONCURRENT freed 695K, 49% free 3534K/6855K, external 1812K/2324K, paused 3ms+5ms
D/nofatclips(  288): Handling event 'click' on widget id=2131165253 type=linearLayout name=
D/nofatclips(  288): Handling event 'click' on widget id=2131165252 type=linearLayout name=
D/nofatclips(  288): Handling event 'click' on widget id=2131165254 type=linearLayout name=
D/nofatclips(  288): Handling event 'click' on widget id=2131165255 type=linearLayout name=
D/nofatclips(  288): Handling event 'click' on widget id=2131165257 type=linearLayout name=
D/nofatclips(  288): Handling event 'click' on widget id=2131165258 type=linearLayout name=
D/nofatclips(  288): Handling event 'click' on widget id=2131165262 type=linearLayout name=
D/nofatclips(  288): Handling event 'click' on widget id=2131165263 type=linearLayout name=
W/PackageManager(   61): Unknown permission android.permission.READ_OWNER_DATA in package com.android.email
D/nofatclips(  288): Handling event 'click' on widget id=2131165264 type=linearLayout name=
W/PackageManager(   61): Not granting permission android.permission.DEVICE_POWER to package com.android.deskclock (protectionLevel=2 flags=0x8be45)
W/ImageDownloader(  288): Error 404 while retrieving bitmap from http://gravatar.com/blavatar/44d338f29053dbb888da79dcf98df489?s=60&d=404
D/dalvikvm(  288): GC_CONCURRENT freed 858K, 50% free 3588K/7047K, external 1812K/2324K, paused 3ms+4ms
I/nofatclips(  288): Created trace to press the menu button
I/nofatclips(  288): Created trace to change orientation
I/nofatclips(  288): Dispatching new task. 2 more tasks remaining.
D/nofatclips(  288): Performing backup of the old task list on disk
D/nofatclips(  288): Saving task list on disk
V/nofatclips(  288): Backing up trace #298 to disk.
V/nofatclips(  288): Backing up trace #299 to disk.
D/nofatclips(  288): Deleting backup of the old task list from disk
I/nofatclips(  288): Restarting
I/dalvikvm(   61): Jit: resizing JitTable from 512 to 1024
D/szipinf (  171): Initializing inflate state
D/dalvikvm(  224): GC_CONCURRENT freed 525K, 55% free 2642K/5767K, external 716K/1038K, paused 3ms+2ms
D/MediaScanner(  224):  prescan time: 8065ms
D/MediaScanner(  224):     scan time: 79ms
D/MediaScanner(  224): postscan time: 0ms
D/MediaScanner(  224):    total time: 8144ms
D/dalvikvm(  171): GC_CONCURRENT freed 245K, 51% free 2796K/5703K, external 716K/1038K, paused 3ms+8ms
D/szipinf (  128): Initializing inflate state
D/MediaScannerService(  224): done scanning volume internal
D/MediaScannerService(  224): start scanning volume external
V/MediaProvider(  224): /mnt/sdcard volume ID: 451876889
I/nofatclips(  288): Waiting for 100 msec.
D/nofatclips(  288): Ready to operate after restarting...
I/nofatclips(  288): Retrieving widgets
D/nofatclips(  288): Found widget: id=16908290 (android.widget.FrameLayout@405a1278)
D/nofatclips(  288): Found widget: id=2131165248 (android.widget.RelativeLayout@405a1f78)
D/nofatclips(  288): Found widget: id=2131165249 (android.widget.LinearLayout@405a25e0)
D/nofatclips(  288): Found widget: id=-1 (android.widget.ImageView@405a2b28)
D/nofatclips(  288): Found widget: id=2131165250 (org.wordpress.android.util.WPTitleBar@4059c500)
D/nofatclips(  288): Found widget: id=2131165195 (android.widget.RelativeLayout@4050eb88)
D/nofatclips(  288): Found widget: id=2131165196 (android.widget.RelativeLayout@40568e30)
D/nofatclips(  288): Found widget: id=2131165197 (android.widget.ImageView@4059d798)
D/nofatclips(  288): Found widget: id=2131165198 (android.widget.TextView@405421a8): Katie's Sweet Testing Blog
D/nofatclips(  288): Found widget: id=2131165199 (android.widget.ImageView@4055da38)
D/nofatclips(  288): Found widget: id=-1 (android.widget.RelativeLayout@40579d98)
D/nofatclips(  288): Found widget: id=2131165200 (android.widget.ImageButton@4059dcc0)
D/nofatclips(  288): Found widget: id=-1 (android.widget.FrameLayout@4057b248)
D/nofatclips(  288): Found widget: id=2131165201 (android.widget.Button@40542b70): 
D/nofatclips(  288): Found widget: id=2131165202 (android.widget.ImageView@405940f8)
D/nofatclips(  288): Found widget: id=2131165203 (android.widget.ImageView@4053d368)
D/nofatclips(  288): Found widget: id=2131165204 (android.widget.LinearLayout@40569a38)
D/nofatclips(  288): Found widget: id=-1 (android.widget.FrameLayout@4059d530)
D/nofatclips(  288): Found widget: id=-1 (android.widget.LinearLayout@40530510)
D/nofatclips(  288): Found widget: id=-1 (android.widget.LinearLayout@4050e998)
D/nofatclips(  288): Found widget: id=-1 (android.widget.LinearLayout@4052fb30)
D/nofatclips(  288): Found widget: id=2131165251 (android.widget.LinearLayout@405301e8)
D/nofatclips(  288): Found widget: id=-1 (android.widget.ImageView@40590ba0)
D/nofatclips(  288): Found widget: id=2131165256 (android.widget.TextView@4056b730): New Post
D/nofatclips(  288): Found widget: id=2131165253 (android.widget.LinearLayout@4059c738)
D/nofatclips(  288): Found widget: id=-1 (android.widget.ImageView@40531550)
D/nofatclips(  288): Found widget: id=2131165256 (android.widget.TextView@4056c068): New Page
D/nofatclips(  288): Found widget: id=-1 (android.widget.LinearLayout@40533808)
D/nofatclips(  288): Found widget: id=2131165252 (android.widget.LinearLayout@405311f8)
D/nofatclips(  288): Found widget: id=-1 (android.widget.ImageView@40539700)
D/nofatclips(  288): Found widget: id=2131165256 (android.widget.TextView@40578260): Quick Photo
D/nofatclips(  288): Found widget: id=2131165254 (android.widget.LinearLayout@40547d78)
D/nofatclips(  288): Found widget: id=-1 (android.widget.ImageView@405320f0)
D/nofatclips(  288): Found widget: id=2131165256 (android.widget.TextView@40578ad0): Quick Video
D/nofatclips(  288): Found widget: id=-1 (android.widget.LinearLayout@4052efa0)
D/nofatclips(  288): Found widget: id=-1 (android.widget.LinearLayout@405347c0)
D/nofatclips(  288): Found widget: id=2131165255 (android.widget.LinearLayout@40535a88)
D/nofatclips(  288): Found widget: id=-1 (android.widget.ImageView@40543130)
D/nofatclips(  288): Found widget: id=2131165256 (android.widget.TextView@40579158): Posts
D/nofatclips(  288): Found widget: id=2131165257 (android.widget.LinearLayout@405464f0)
D/nofatclips(  288): Found widget: id=-1 (android.widget.ImageView@40569160)
D/nofatclips(  288): Found widget: id=2131165256 (android.widget.TextView@40537db8): Pages
D/nofatclips(  288): Found widget: id=-1 (android.widget.FrameLayout@40540a70)
D/nofatclips(  288): Found widget: id=2131165258 (android.widget.LinearLayout@40544cb0)
D/nofatclips(  288): Found widget: id=-1 (android.widget.ImageView@40540750)
D/nofatclips(  288): Found widget: id=2131165256 (android.widget.TextView@40539d68): Comments
D/nofatclips(  288): Found widget: id=2131165259 (android.widget.FrameLayout@40546ac0)
D/nofatclips(  288): Found widget: id=2131165260 (android.widget.ImageView@405473e0)
D/nofatclips(  288): Found widget: id=2131165261 (org.wordpress.android.util.CommentBadgeTextView@4053ad80): 0
D/nofatclips(  288): Found widget: id=-1 (android.widget.LinearLayout@40541178)
D/nofatclips(  288): Found widget: id=2131165262 (android.widget.LinearLayout@40541f60)
D/nofatclips(  288): Found widget: id=-1 (android.widget.ImageView@40544640)
D/nofatclips(  288): Found widget: id=2131165256 (android.widget.TextView@405413a0): Settings
D/nofatclips(  288): Found widget: id=2131165263 (android.widget.LinearLayout@40545fa0)
D/nofatclips(  288): Found widget: id=-1 (android.widget.ImageView@405619e8)
D/nofatclips(  288): Found widget: id=2131165256 (android.widget.TextView@405436e0): Read
D/nofatclips(  288): Found widget: id=2131165264 (android.widget.LinearLayout@40562368)
D/nofatclips(  288): Found widget: id=-1 (android.widget.ImageView@405659a8)
D/nofatclips(  288): Found widget: id=2131165256 (android.widget.TextView@40550438): Stats
D/nofatclips(  288): Found widget: id=-1 (com.android.internal.policy.impl.PhoneWindow$DecorView@405a0978)
I/nofatclips(  288): Playing Trace 299
I/nofatclips(  288): Retrieved from return list id=2131165204
D/nofatclips(  288): Testing for type (android.widget.LinearLayout) against the original (android.widget.LinearLayout)
D/nofatclips(  288): Testing for name () against the original ()
I/nofatclips(  288): Firing event: type= click index=16 widget=android.widget.LinearLayout
D/dalvikvm(  128): GC_EXPLICIT freed 190K, 49% free 3027K/5831K, external 3075K/3257K, paused 194ms
V/MediaProvider(  224): Attached volume: external
V/MediaScanner(  224): pruneDeadThumbnailFiles... android.database.sqlite.SQLiteCursor@40590b60
V/MediaScanner(  224): /pruneDeadThumbnailFiles... android.database.sqlite.SQLiteCursor@40590b60
D/MediaScanner(  224):  prescan time: 25ms
D/MediaScanner(  224):     scan time: 1ms
D/MediaScanner(  224): postscan time: 7ms
D/MediaScanner(  224):    total time: 33ms
D/MediaScannerService(  224): done scanning volume external
D/nofatclips(  288): Event description: New Post
D/dalvikvm(  288): GC_CONCURRENT freed 1261K, 55% free 3216K/7111K, external 1812K/2324K, paused 12ms+14ms
I/ActivityManager(   61): Starting: Intent { cmp=org.wordpress.android/.Posts (has extras) } from pid 288
I/nofatclips(  288): Waiting for 100 msec.
D/dalvikvm(  288): GC_EXTERNAL_ALLOC freed 184K, 54% free 3306K/7111K, external 2312K/2324K, paused 146ms
I/ActivityManager(   61): Displayed org.wordpress.android/.Posts: +1s959ms
I/dalvikvm(  288): Total arena pages for JIT: 11
D/dalvikvm(  288): GC_FOR_MALLOC freed 239K, 51% free 3514K/7111K, external 2401K/2932K, paused 48ms
I/WordPress(  288): response = HTTP/1.1 200 OK
D/dalvikvm(  288): GREF has increased to 201
I/nofatclips(  288): Current activity is Posts
I/nofatclips(  288): Retrieving widgets
D/nofatclips(  288): Found widget: id=16908290 (android.widget.FrameLayout@40585578)
D/nofatclips(  288): Found widget: id=2131165323 (android.widget.RelativeLayout@40660b70)
D/nofatclips(  288): Found widget: id=2131165324 (android.widget.LinearLayout@406bb750)
D/nofatclips(  288): Found widget: id=2131165325 (android.support.v4.app.NoSaveStateFrameLayout@40624608)
D/nofatclips(  288): Found widget: id=-1 (android.widget.FrameLayout@405156a0)
D/nofatclips(  288): Found widget: id=16711681 (android.widget.TextView@40626670): 
D/nofatclips(  288): Found widget: id=16908298 (android.widget.ListView@406285f8)
D/nofatclips(  288): Found widget: id=12 (android.widget.LinearLayout@405d0fc8)
D/nofatclips(  288): Found widget: id=2131165236 (android.widget.TextView@405d1228): Pages
D/nofatclips(  288): Found widget: id=-1 (android.widget.LinearLayout@405d1708)
D/nofatclips(  288): Found widget: id=2131165341 (android.widget.TextView@405de848): 
D/nofatclips(  288): Found widget: id=2131165280 (android.widget.TextView@405deb48): 
D/nofatclips(  288): Found widget: id=6 (android.widget.LinearLayout@406868d8)
D/nofatclips(  288): Found widget: id=2131165236 (android.widget.TextView@40686af0): 90
D/nofatclips(  288): Found widget: id=-1 (android.widget.LinearLayout@40686f80)
D/nofatclips(  288): Found widget: id=2131165341 (android.widget.TextView@406871a0): 8:30am, Sep 22, 2014
D/nofatclips(  288): Found widget: id=2131165280 (android.widget.TextView@40687630): 
D/nofatclips(  288): Found widget: id=7 (android.widget.LinearLayout@4064eda0)
D/nofatclips(  288): Found widget: id=2131165236 (android.widget.TextView@4064efb8): 90
D/nofatclips(  288): Found widget: id=-1 (android.widget.LinearLayout@4064f448)
D/nofatclips(  288): Found widget: id=2131165341 (android.widget.TextView@4064f668): 6:34pm, Jul 25, 2014
D/nofatclips(  288): Found widget: id=2131165280 (android.widget.TextView@4064faf8): Private
D/nofatclips(  288): Found widget: id=8 (android.widget.LinearLayout@40650850)
D/nofatclips(  288): Found widget: id=2131165236 (android.widget.TextView@40650a68): 90
D/nofatclips(  288): Found widget: id=-1 (android.widget.LinearLayout@40650ef8)
D/nofatclips(  288): Found widget: id=2131165341 (android.widget.TextView@4067f640): 9:01pm, Jul 23, 2014
D/nofatclips(  288): Found widget: id=2131165280 (android.widget.TextView@4067f908): Draft
D/nofatclips(  288): Found widget: id=9 (android.widget.LinearLayout@40680670)
D/nofatclips(  288): Found widget: id=2131165236 (android.widget.TextView@40680888): 90
D/nofatclips(  288): Found widget: id=-1 (android.widget.LinearLayout@40680d18)
D/nofatclips(  288): Found widget: id=2131165341 (android.widget.TextView@40680f38): 6:35am, Jul 23, 2014
D/nofatclips(  288): Found widget: id=2131165280 (android.widget.TextView@40681538): Draft
D/nofatclips(  288): Found widget: id=10 (android.widget.LinearLayout@406822b0)
D/nofatclips(  288): Found widget: id=2131165236 (android.widget.TextView@405e1a68): 90
D/nofatclips(  288): Found widget: id=-1 (android.widget.LinearLayout@405e1e28)
D/nofatclips(  288): Found widget: id=2131165341 (android.widget.TextView@405e2048): 6:29am, Jul 23, 2014
D/nofatclips(  288): Found widget: id=2131165280 (android.widget.TextView@405e24d8): Private
D/nofatclips(  288): Found widget: id=11 (android.widget.LinearLayout@405e3260)
D/nofatclips(  288): Found widget: id=2131165236 (android.widget.TextView@405e3478): 90
D/nofatclips(  288): Found widget: id=-1 (android.widget.LinearLayout@405e3908)
D/nofatclips(  288): Found widget: id=2131165341 (android.widget.TextView@405e3b28): 6:21am, Jul 23, 2014
D/nofatclips(  288): Found widget: id=2131165280 (android.widget.TextView@405e3fb8): Published
D/nofatclips(  288): Found widget: id=12 (android.widget.LinearLayout@4060a3f8)
D/nofatclips(  288): Found widget: id=2131165236 (android.widget.TextView@4060a5c8): 90
D/nofatclips(  288): Found widget: id=-1 (android.widget.LinearLayout@4060aa58)
D/nofatclips(  288): Found widget: id=2131165341 (android.widget.TextView@4060ac78): 5:19am, Jul 23, 2014
D/nofatclips(  288): Found widget: id=2131165280 (android.widget.TextView@4060b108): Published
D/nofatclips(  288): Found widget: id=2131165326 (org.wordpress.android.util.WPTitleBar@406b46e8)
D/nofatclips(  288): Found widget: id=2131165195 (android.widget.RelativeLayout@40557cd0)
D/nofatclips(  288): Found widget: id=2131165196 (android.widget.RelativeLayout@4057b4a0)
D/nofatclips(  288): Found widget: id=2131165197 (android.widget.ImageView@40584f18)
D/nofatclips(  288): Found widget: id=2131165198 (android.widget.TextView@4060d868): Katie's Sweet Testing Blog
D/nofatclips(  288): Found widget: id=2131165199 (android.widget.ImageView@406bbbd0)
D/nofatclips(  288): Found widget: id=-1 (android.widget.RelativeLayout@405e97a0)
D/nofatclips(  288): Found widget: id=2131165200 (android.widget.ImageButton@40557778)
D/nofatclips(  288): Found widget: id=-1 (android.widget.FrameLayout@405aa488)
D/nofatclips(  288): Found widget: id=2131165201 (android.widget.Button@40678b88): 
D/nofatclips(  288): Found widget: id=2131165202 (android.widget.ImageView@405fe870)
D/nofatclips(  288): Found widget: id=2131165203 (android.widget.ImageView@405feb70)
D/nofatclips(  288): Found widget: id=2131165204 (android.widget.LinearLayout@4054bb38)
D/nofatclips(  288): Found widget: id=-1 (android.widget.FrameLayout@405f7dc0)
D/nofatclips(  288): Found widget: id=-1 (android.widget.LinearLayout@4059f070)
D/nofatclips(  288): Found widget: id=-1 (android.widget.LinearLayout@406594a0)
D/nofatclips(  288): Found widget: id=-1 (android.widget.LinearLayout@406596c0)
D/nofatclips(  288): Found widget: id=2131165251 (android.widget.LinearLayout@40571170)
D/nofatclips(  288): Found widget: id=-1 (android.widget.ImageView@405f51f0)
D/nofatclips(  288): Found widget: id=2131165256 (android.widget.TextView@405f54a8): New Post
D/nofatclips(  288): Found widget: id=2131165253 (android.widget.LinearLayout@4065a9c0)
D/nofatclips(  288): Found widget: id=-1 (android.widget.ImageView@405ffbe8)
D/nofatclips(  288): Found widget: id=2131165256 (android.widget.TextView@406040f0): New Page
D/nofatclips(  288): Found widget: id=-1 (android.widget.LinearLayout@406044b0)
D/nofatclips(  288): Found widget: id=2131165252 (android.widget.LinearLayout@405f3618)
D/nofatclips(  288): Found widget: id=-1 (android.widget.ImageView@4063d9b0)
D/nofatclips(  288): Found widget: id=2131165256 (android.widget.TextView@405d7320): Quick Photo
D/nofatclips(  288): Found widget: id=2131165254 (android.widget.LinearLayout@405ce128)
D/nofatclips(  288): Found widget: id=-1 (android.widget.ImageView@405d1d40)
D/nofatclips(  288): Found widget: id=2131165256 (android.widget.TextView@405d3758): Quick Video
D/nofatclips(  288): Found widget: id=-1 (android.widget.LinearLayout@405d3a58)
D/nofatclips(  288): Found widget: id=-1 (android.widget.LinearLayout@405d3c78)
D/nofatclips(  288): Found widget: id=2131165255 (android.widget.LinearLayout@405dc688)
D/nofatclips(  288): Found widget: id=-1 (android.widget.ImageView@4065f2b0)
D/nofatclips(  288): Found widget: id=2131165256 (android.widget.TextView@405da988): Posts
D/nofatclips(  288): Found widget: id=2131165257 (android.widget.LinearLayout@405dadc0)
D/nofatclips(  288): Found widget: id=-1 (android.widget.ImageView@405d5480)
D/nofatclips(  288): Found widget: id=2131165256 (android.widget.TextView@405d5830): Pages
D/nofatclips(  288): Found widget: id=-1 (android.widget.FrameLayout@405bc4d8)
D/nofatclips(  288): Found widget: id=2131165258 (android.widget.LinearLayout@405bc740)
D/nofatclips(  288): Found widget: id=-1 (android.widget.ImageView@405ed118)
D/nofatclips(  288): Found widget: id=2131165256 (android.widget.TextView@405ed3a8): Comments
D/nofatclips(  288): Found widget: id=2131165259 (android.widget.FrameLayout@4055c950)
D/nofatclips(  288): Found widget: id=2131165260 (android.widget.ImageView@4055cb68)
D/nofatclips(  288): Found widget: id=2131165261 (org.wordpress.android.util.CommentBadgeTextView@405c8700): 0
D/nofatclips(  288): Found widget: id=-1 (android.widget.LinearLayout@405c8ae0)
D/nofatclips(  288): Found widget: id=2131165262 (android.widget.LinearLayout@405c8cb8)
D/nofatclips(  288): Found widget: id=-1 (android.widget.ImageView@405fc578)
D/nofatclips(  288): Found widget: id=2131165256 (android.widget.TextView@405fc928): Settings
D/nofatclips(  288): Found widget: id=2131165263 (android.widget.LinearLayout@406257c8)
D/nofatclips(  288): Found widget: id=-1 (android.widget.ImageView@4065dd80)
D/nofatclips(  288): Found widget: id=2131165256 (android.widget.TextView@4053d520): Read
D/nofatclips(  288): Found widget: id=2131165264 (android.widget.LinearLayout@4058a910)
D/nofatclips(  288): Found widget: id=-1 (android.widget.ImageView@405f7990)
D/nofatclips(  288): Found widget: id=2131165256 (android.widget.TextView@405e0218): Stats
D/nofatclips(  288): Found widget: id=-1 (com.android.internal.policy.impl.PhoneWindow$DecorView@40516b40)
V/nicola  (  288): TextualID : null
V/nicola  (  288): ContentType detected : default
V/ReflectionHelper(  288): android.widget.ListView > mOnFocusChangeListener FOUND | NOT ACTIVE
V/nicola  (  288): TextualID : title
V/nicola  (  288): ContentType detected : default
V/nicola  (  288): TextualID : date
V/nicola  (  288): ContentType detected : default
V/nicola  (  288): TextualID : status
V/nicola  (  288): ContentType detected : default
V/nicola  (  288): TextualID : title
V/nicola  (  288): ContentType detected : default
D/dalvikvm(  288): GC_CONCURRENT freed 833K, 48% free 3864K/7303K, external 2401K/2932K, paused 4ms+4ms
V/nicola  (  288): TextualID : date
V/nicola  (  288): ContentType detected : default
V/nicola  (  288): TextualID : status
V/nicola  (  288): ContentType detected : default
V/nicola  (  288): TextualID : title
V/nicola  (  288): ContentType detected : default
V/nicola  (  288): TextualID : date
V/nicola  (  288): ContentType detected : default
V/nicola  (  288): TextualID : status
V/nicola  (  288): ContentType detected : default
V/nicola  (  288): TextualID : title
V/nicola  (  288): ContentType detected : default
V/nicola  (  288): TextualID : date
V/nicola  (  288): ContentType detected : default
V/nicola  (  288): TextualID : status
V/nicola  (  288): ContentType detected : default
V/nicola  (  288): TextualID : title
V/nicola  (  288): ContentType detected : default
V/nicola  (  288): TextualID : date
V/nicola  (  288): ContentType detected : default
V/nicola  (  288): TextualID : status
V/nicola  (  288): ContentType detected : default
V/nicola  (  288): TextualID : title
V/nicola  (  288): ContentType detected : default
V/nicola  (  288): TextualID : date
V/nicola  (  288): ContentType detected : default
V/nicola  (  288): TextualID : status
V/nicola  (  288): ContentType detected : default
