D/nofatclips(  290): Found widget: id=-1 (android.widget.LinearLayout@405e1d50)
D/nofatclips(  290): Found widget: id=2131165341 (android.widget.TextView@405e2098): 9:01pm, Jul 22, 2014
D/nofatclips(  290): Found widget: id=2131165280 (android.widget.TextView@405e2528): Private
D/nofatclips(  290): Found widget: id=3 (android.widget.LinearLayout@406dab28)
D/nofatclips(  290): Found widget: id=2131165236 (android.widget.TextView@406dad40): 90
D/nofatclips(  290): Found widget: id=-1 (android.widget.LinearLayout@406db1d0)
D/nofatclips(  290): Found widget: id=2131165341 (android.widget.TextView@406db3f0): 8:47pm, Jul 22, 2014
D/nofatclips(  290): Found widget: id=2131165280 (android.widget.TextView@4071c138): Draft
D/nofatclips(  290): Found widget: id=4 (android.widget.LinearLayout@406baee0)
D/nofatclips(  290): Found widget: id=2131165236 (android.widget.TextView@406bb0f8): Post Two
D/nofatclips(  290): Found widget: id=-1 (android.widget.LinearLayout@40647380)
D/nofatclips(  290): Found widget: id=2131165341 (android.widget.TextView@406475a0): 6:56pm, Jul 21, 2014
D/nofatclips(  290): Found widget: id=2131165280 (android.widget.TextView@40647a30): Published
D/nofatclips(  290): Found widget: id=5 (android.widget.LinearLayout@405cb950)
D/nofatclips(  290): Found widget: id=2131165236 (android.widget.TextView@40675358): Post One
D/nofatclips(  290): Found widget: id=-1 (android.widget.LinearLayout@406755f8)
D/nofatclips(  290): Found widget: id=2131165341 (android.widget.TextView@40675818): 6:54pm, Jul 21, 2014
D/nofatclips(  290): Found widget: id=2131165280 (android.widget.TextView@40675e68): Published
D/nofatclips(  290): Found widget: id=-1 (android.support.v4.app.NoSaveStateFrameLayout@40629fd0)
D/nofatclips(  290): Found widget: id=-1 (android.widget.RelativeLayout@40675058)
D/nofatclips(  290): Found widget: id=2131165383 (android.widget.RelativeLayout@405b9a60)
D/nofatclips(  290): Found widget: id=2131165337 (android.widget.TextView@4082e878): 90
D/nofatclips(  290): Found widget: id=-1 (android.widget.LinearLayout@4082eda0)
D/nofatclips(  290): Found widget: id=2131165384 (android.widget.ImageButton@4061ef88)
D/nofatclips(  290): Found widget: id=2131165385 (android.widget.ImageButton@405a4e88)
D/nofatclips(  290): Found widget: id=2131165386 (android.widget.ImageButton@405a54c8)
D/nofatclips(  290): Found widget: id=2131165387 (android.widget.ImageButton@405d42e0)
D/nofatclips(  290): Found widget: id=-1 (android.widget.ScrollView@40682d48)
D/nofatclips(  290): Found widget: id=-1 (android.widget.FrameLayout@405a6fd0)
D/nofatclips(  290): Found widget: id=2131165388 (android.webkit.WebView@406a8c58)
D/nofatclips(  290): Found widget: id=2131165389 (android.widget.TextView@405f6038): 
D/nofatclips(  290): Found widget: id=2131165326 (org.wordpress.android.util.WPTitleBar@406c4980)
D/nofatclips(  290): Found widget: id=2131165195 (android.widget.RelativeLayout@406c5568)
D/nofatclips(  290): Found widget: id=2131165196 (android.widget.RelativeLayout@405c3ec8)
D/nofatclips(  290): Found widget: id=2131165197 (android.widget.ImageView@406c7e40)
D/nofatclips(  290): Found widget: id=2131165198 (android.widget.TextView@406c8118): Katie's Sweet Testing Blog
D/nofatclips(  290): Found widget: id=2131165199 (android.widget.ImageView@405762e8)
D/nofatclips(  290): Found widget: id=-1 (android.widget.RelativeLayout@40540780)
D/nofatclips(  290): Found widget: id=2131165200 (android.widget.ImageButton@40608a40)
D/nofatclips(  290): Found widget: id=-1 (android.widget.FrameLayout@405a4b80)
D/nofatclips(  290): Found widget: id=2131165201 (android.widget.Button@4068dd28): 
D/nofatclips(  290): Found widget: id=2131165202 (android.widget.ImageView@4066f230)
D/nofatclips(  290): Found widget: id=2131165203 (android.widget.ImageView@406beef8)
D/nofatclips(  290): Found widget: id=2131165249 (android.widget.LinearLayout@40600a58)
D/nofatclips(  290): Found widget: id=-1 (android.widget.FrameLayout@40600d90)
D/nofatclips(  290): Found widget: id=-1 (android.widget.LinearLayout@40601540)
D/nofatclips(  290): Found widget: id=-1 (android.widget.LinearLayout@4081ef38)
D/nofatclips(  290): Found widget: id=-1 (android.widget.LinearLayout@4081f158)
D/nofatclips(  290): Found widget: id=2131165251 (android.widget.LinearLayout@4081f378)
D/nofatclips(  290): Found widget: id=-1 (android.widget.ImageView@406e6cc8)
D/nofatclips(  290): Found widget: id=-1 (android.widget.TextView@406e7240): New Post
D/nofatclips(  290): Found widget: id=2131165252 (android.widget.LinearLayout@40760970)
D/nofatclips(  290): Found widget: id=-1 (android.widget.ImageView@40761ec8)
D/nofatclips(  290): Found widget: id=-1 (android.widget.TextView@40762568): Quick Photo
D/nofatclips(  290): Found widget: id=-1 (android.widget.LinearLayout@407629f8)
D/nofatclips(  290): Found widget: id=2131165253 (android.widget.LinearLayout@40762c18)
D/nofatclips(  290): Found widget: id=-1 (android.widget.ImageView@407642b8)
D/nofatclips(  290): Found widget: id=-1 (android.widget.TextView@407647e8): New Page
D/nofatclips(  290): Found widget: id=2131165254 (android.widget.LinearLayout@40764c78)
D/nofatclips(  290): Found widget: id=-1 (android.widget.ImageView@40765fe8)
D/nofatclips(  290): Found widget: id=-1 (android.widget.TextView@4075aef0): Quick Video
D/nofatclips(  290): Found widget: id=-1 (android.widget.LinearLayout@4075b380)
D/nofatclips(  290): Found widget: id=-1 (android.widget.LinearLayout@4075b5a0)
D/nofatclips(  290): Found widget: id=2131165255 (android.widget.LinearLayout@4075b7c0)
D/nofatclips(  290): Found widget: id=-1 (android.widget.ImageView@4075c3a0)
D/nofatclips(  290): Found widget: id=2131165256 (android.widget.TextView@4075c8d0): Posts
D/nofatclips(  290): Found widget: id=2131165257 (android.widget.LinearLayout@4075cd60)
D/nofatclips(  290): Found widget: id=-1 (android.widget.ImageView@4075d7d0)
D/nofatclips(  290): Found widget: id=2131165256 (android.widget.TextView@4075db90): Pages
D/nofatclips(  290): Found widget: id=-1 (android.widget.FrameLayout@4075e020)
D/nofatclips(  290): Found widget: id=2131165258 (android.widget.LinearLayout@4075e288)
D/nofatclips(  290): Found widget: id=-1 (android.widget.ImageView@4075f9f8)
D/nofatclips(  290): Found widget: id=2131165256 (android.widget.TextView@4075fdb8): Comments
D/nofatclips(  290): Found widget: id=2131165259 (android.widget.FrameLayout@40760248)
D/nofatclips(  290): Found widget: id=2131165260 (android.widget.ImageView@406c9c08)
D/nofatclips(  290): Found widget: id=2131165261 (org.wordpress.android.util.CommentBadgeTextView@406ca020): 0
D/nofatclips(  290): Found widget: id=-1 (android.widget.LinearLayout@406ca4e8)
D/nofatclips(  290): Found widget: id=2131165262 (android.widget.LinearLayout@406ca708)
D/nofatclips(  290): Found widget: id=-1 (android.widget.ImageView@406caf28)
D/nofatclips(  290): Found widget: id=2131165256 (android.widget.TextView@406cb458): Settings
D/nofatclips(  290): Found widget: id=2131165263 (android.widget.LinearLayout@406cb8e8)
D/nofatclips(  290): Found widget: id=-1 (android.widget.ImageView@406cc108)
D/nofatclips(  290): Found widget: id=2131165256 (android.widget.TextView@406cc4c8): Read
D/nofatclips(  290): Found widget: id=2131165264 (android.widget.LinearLayout@406cc958)
D/nofatclips(  290): Found widget: id=-1 (android.widget.ImageView@406cdd60)
D/nofatclips(  290): Found widget: id=2131165256 (android.widget.TextView@406ce120): Stats
D/nofatclips(  290): Found widget: id=-1 (com.android.internal.policy.impl.PhoneWindow$DecorView@406a21f8)
V/nicola  (  290): TextualID : postTitle
V/nicola  (  290): ContentType detected : default
V/ReflectionHelper(  290): android.webkit.WebView > mOnFocusChangeListener FOUND | NOT ACTIVE
V/nicola  (  290): TextualID : blog_title
V/nicola  (  290): ContentType detected : default
V/nicola  (  290): TextualID : action_refresh
V/nicola  (  290): ContentType detected : default
I/nofatclips(  290): Performing comparation for activity Posts
D/nofatclips(  290): Comparing against activity Dashboard
D/nofatclips(  290): Comparing against activity NewAccount
D/nofatclips(  290): Comparing against activity Dashboard
D/nofatclips(  290): Comparing against activity Posts
D/nofatclips(  290): Comparing against activity Posts
D/nofatclips(  290): Comparing against activity Dashboard
D/nofatclips(  290): Comparing against activity Dashboard
D/nofatclips(  290): Comparing against activity Dashboard
D/nofatclips(  290): Comparing against activity Posts
D/nofatclips(  290): Comparing against activity NewAccount
D/nofatclips(  290): Comparing against activity Posts
I/nofatclips(  290): Registering activity Posts (id: a12) as a new found state
D/nofatclips(  290): Performing backup of the old activity list on disk
D/nofatclips(  290): Saving new found state 'a12' on disk
V/nofatclips(  290): Opening state file in append mode.
D/dalvikvm(  290): GC_CONCURRENT freed 1835K, 52% free 4227K/8775K, external 3524K/4024K, paused 14ms+9ms
I/nofatclips(  290): Saved image on disk: a12.jpg
I/nofatclips(  290): Waiting for 100 msec.
I/nofatclips(  290): Session count is 1. Will dump to disk at 1
I/nofatclips(  290): Saving the session on disk.
I/nofatclips(  290): Planning for new Activity Posts
D/nofatclips(  290): Handling event 'click' on widget id=2131165384 type=button name=
D/nofatclips(  290): Handling event 'click' on widget id=2131165385 type=button name=
D/nofatclips(  290): Handling event 'click' on widget id=2131165386 type=button name=
D/nofatclips(  290): Handling event 'click' on widget id=2131165387 type=button name=
D/nofatclips(  290): Handling event 'longClick' on widget id=2131165388 type=webPage name=
D/nofatclips(  290): Handling event 'click' on widget id=2131165200 type=button name=
D/nofatclips(  290): Handling event 'click' on widget id=2131165201 type=button name=
I/nofatclips(  290): Created trace to press the back button
I/nofatclips(  290): Created trace to press the menu button
I/nofatclips(  290): Created trace to change orientation
I/nofatclips(  290): Check for termination: 89 steps left of 100
I/nofatclips(  290): Dispatching new task. 2 more tasks remaining.
D/nofatclips(  290): Performing backup of the old task list on disk
D/nofatclips(  290): Saving task list on disk
V/nofatclips(  290): Backing up trace #103 to disk.
D/dalvikvm(  290): GC_CONCURRENT freed 1701K, 52% free 4266K/8775K, external 3878K/4024K, paused 4ms+4ms
V/nofatclips(  290): Backing up trace #104 to disk.
D/nofatclips(  290): Deleting backup of the old task list from disk
D/nofatclips(  290): Deleting backup of the old activity list from disk
I/nofatclips(  290): Incrementally Playing Trace 104
I/nofatclips(  290): Retrieved from return list id=2131165386
D/nofatclips(  290): Testing for type (android.widget.ImageButton) against the original (android.widget.ImageButton)
D/nofatclips(  290): Testing for name () against the original ()
I/nofatclips(  290): Firing event: type= click index=44 widget=android.widget.ImageButton
I/nofatclips(  290): Waiting for 100 msec.
I/nofatclips(  290): Current activity is Posts
I/nofatclips(  290): Retrieving widgets
D/nofatclips(  290): Found widget: id=16908290 (android.widget.FrameLayout@406e6018)
D/nofatclips(  290): Found widget: id=16908666 (com.android.internal.widget.WeightedLinearLayout@406e7e20)
D/nofatclips(  290): Found widget: id=16908667 (android.widget.LinearLayout@40673f20)
D/nofatclips(  290): Found widget: id=16908668 (android.widget.LinearLayout@40785718)
D/nofatclips(  290): Found widget: id=16908294 (android.widget.ImageView@406e8ed8)
D/nofatclips(  290): Found widget: id=16908669 (com.android.internal.widget.DialogTitle@40618230): Share Post
D/nofatclips(  290): Found widget: id=16908670 (android.widget.ImageView@406ed418)
D/nofatclips(  290): Found widget: id=16908671 (android.widget.LinearLayout@406f5360)
D/nofatclips(  290): Found widget: id=16908672 (android.widget.ScrollView@405c84c0)
D/nofatclips(  290): Found widget: id=16908673 (android.widget.FrameLayout@40786460)
D/nofatclips(  290): Found widget: id=16908331 (android.widget.FrameLayout@40787470)
D/nofatclips(  290): Found widget: id=-1 (android.widget.FrameLayout@406de658)
D/nofatclips(  290): Found widget: id=16908804 (android.widget.LinearLayout@4067b440)
D/nofatclips(  290): Found widget: id=16908301 (android.widget.ProgressBar@406e4f00)
D/nofatclips(  290): Found widget: id=16908299 (android.widget.TextView@406ee658): Attempting to fetch URL
D/nofatclips(  290): Found widget: id=16908674 (android.widget.LinearLayout@40788528)
D/nofatclips(  290): Found widget: id=-1 (android.widget.LinearLayout@4079cdc0)
D/nofatclips(  290): Found widget: id=16908675 (android.widget.LinearLayout@4079de78)
D/nofatclips(  290): Found widget: id=16908313 (android.widget.Button@407ee5f0): 
D/nofatclips(  290): Found widget: id=16908315 (android.widget.Button@405dfa78): 
D/nofatclips(  290): Found widget: id=16908314 (android.widget.Button@405fcb50): 
D/nofatclips(  290): Found widget: id=16908676 (android.widget.LinearLayout@4079eff8)
D/nofatclips(  290): Found widget: id=-1 (com.android.internal.policy.impl.PhoneWindow$DecorView@4086bae0)
V/nicola  (  290): TextualID : null
V/nicola  (  290): ContentType detected : default
V/nicola  (  290): TextualID : null
V/nicola  (  290): ContentType detected : default
I/nofatclips(  290): Performing comparation for activity Posts
D/nofatclips(  290): Comparing against activity Dashboard
D/nofatclips(  290): Comparing against activity NewAccount
D/nofatclips(  290): Comparing against activity Dashboard
D/nofatclips(  290): Comparing against activity Posts
D/nofatclips(  290): Comparing against activity Posts
D/nofatclips(  290): Comparing against activity Posts
D/nofatclips(  290): Comparing against activity Dashboard
D/nofatclips(  290): Comparing against activity Dashboard
D/nofatclips(  290): Comparing against activity Dashboard
D/nofatclips(  290): Comparing against activity Posts
D/nofatclips(  290): Comparing against activity NewAccount
D/nofatclips(  290): Comparing against activity Posts
I/nofatclips(  290): Registering activity Posts (id: a13) as a new found state
D/nofatclips(  290): Performing backup of the old activity list on disk
D/nofatclips(  290): Saving new found state 'a13' on disk
V/nofatclips(  290): Opening state file in append mode.
D/dalvikvm(  290): GC_EXTERNAL_ALLOC freed 1011K, 52% free 4225K/8775K, external 3876K/4024K, paused 138ms
I/nofatclips(  290): Saved image on disk: a13.jpg
I/nofatclips(  290): Waiting for 100 msec.
I/nofatclips(  290): Session count is 1. Will dump to disk at 1
I/nofatclips(  290): Saving the session on disk.
I/nofatclips(  290): Planning for new Activity Posts
I/nofatclips(  290): Created trace to press the back button
I/nofatclips(  290): Created trace to press the menu button
I/nofatclips(  290): Created trace to change orientation
I/nofatclips(  290): Check for termination: 88 steps left of 100
I/nofatclips(  290): Dispatching new task. 2 more tasks remaining.
D/nofatclips(  290): Performing backup of the old task list on disk
D/nofatclips(  290): Saving task list on disk
V/nofatclips(  290): Backing up trace #106 to disk.
V/nofatclips(  290): Backing up trace #107 to disk.
D/nofatclips(  290): Deleting backup of the old task list from disk
D/nofatclips(  290): Deleting backup of the old activity list from disk
I/nofatclips(  290): Incrementally Playing Trace 107
I/nofatclips(  290): Retrieved from return list id=16908290
D/nofatclips(  290): Testing for type (android.widget.FrameLayout) against the original (null)
I/nofatclips(  290): Firing event: type= openMenu name= widget=null
D/dalvikvm(  290): GC_FOR_MALLOC freed 1012K, 51% free 4373K/8775K, external 3868K/4831K, paused 61ms
I/WordPress(  290): response = HTTP/1.1 200 OK
W/KeyCharacterMap(  290): No keyboard for id 0
W/KeyCharacterMap(  290): Using default keymap: /system/usr/keychars/qwerty.kcm.bin
I/nofatclips(  290): Waiting for 100 msec.
D/nofatclips(  290): Waiting on Progress Bar #16908301
I/nofatclips(  290): Waiting for 500 msec.
I/nofatclips(  290): Current activity is Posts
I/nofatclips(  290): Retrieving widgets
D/nofatclips(  290): Found widget: id=16908290 (android.widget.FrameLayout@406e6018)
D/nofatclips(  290): Found widget: id=16908666 (com.android.internal.widget.WeightedLinearLayout@406e7e20)
D/nofatclips(  290): Found widget: id=16908667 (android.widget.LinearLayout@40673f20)
D/nofatclips(  290): Found widget: id=16908668 (android.widget.LinearLayout@40785718)
D/nofatclips(  290): Found widget: id=16908294 (android.widget.ImageView@406e8ed8)
D/nofatclips(  290): Found widget: id=16908669 (com.android.internal.widget.DialogTitle@40618230): Share Post
D/nofatclips(  290): Found widget: id=16908670 (android.widget.ImageView@406ed418)
D/nofatclips(  290): Found widget: id=16908671 (android.widget.LinearLayout@406f5360)
D/nofatclips(  290): Found widget: id=16908672 (android.widget.ScrollView@405c84c0)
D/nofatclips(  290): Found widget: id=16908673 (android.widget.FrameLayout@40786460)
D/nofatclips(  290): Found widget: id=16908331 (android.widget.FrameLayout@40787470)
D/nofatclips(  290): Found widget: id=-1 (android.widget.FrameLayout@406de658)
D/nofatclips(  290): Found widget: id=16908804 (android.widget.LinearLayout@4067b440)
D/nofatclips(  290): Found widget: id=16908301 (android.widget.ProgressBar@406e4f00)
D/nofatclips(  290): Found widget: id=16908299 (android.widget.TextView@406ee658): Attempting to fetch URL
D/nofatclips(  290): Found widget: id=16908674 (android.widget.LinearLayout@40788528)
D/nofatclips(  290): Found widget: id=-1 (android.widget.LinearLayout@4079cdc0)
D/nofatclips(  290): Found widget: id=16908675 (android.widget.LinearLayout@4079de78)
D/nofatclips(  290): Found widget: id=16908313 (android.widget.Button@407ee5f0): 
D/nofatclips(  290): Found widget: id=16908315 (android.widget.Button@405dfa78): 
D/nofatclips(  290): Found widget: id=16908314 (android.widget.Button@405fcb50): 
D/nofatclips(  290): Found widget: id=16908676 (android.widget.LinearLayout@4079eff8)
D/nofatclips(  290): Found widget: id=-1 (com.android.internal.policy.impl.PhoneWindow$DecorView@4086bae0)
V/nicola  (  290): TextualID : null
V/nicola  (  290): ContentType detected : default
V/nicola  (  290): TextualID : null
V/nicola  (  290): ContentType detected : default
I/nofatclips(  290): Performing comparation for activity Posts
D/nofatclips(  290): Comparing against activity Dashboard
D/nofatclips(  290): Comparing against activity NewAccount
D/nofatclips(  290): Comparing against activity Dashboard
D/nofatclips(  290): Comparing against activity Posts
D/nofatclips(  290): Comparing against activity Posts
D/nofatclips(  290): Comparing against activity Posts
D/nofatclips(  290): Comparing against activity Posts
D/nofatclips(  290): Comparing against activity Dashboard
D/nofatclips(  290): Comparing against activity Dashboard
D/nofatclips(  290): Comparing against activity Dashboard
D/nofatclips(  290): Comparing against activity Posts
D/nofatclips(  290): Comparing against activity NewAccount
D/nofatclips(  290): Comparing against activity Posts
I/nofatclips(  290): Registering activity Posts (id: a14) as a new found state
D/nofatclips(  290): Performing backup of the old activity list on disk
D/nofatclips(  290): Saving new found state 'a14' on disk
V/nofatclips(  290): Opening state file in append mode.
I/nofatclips(  290): Saved image on disk: a14.jpg
I/nofatclips(  290): Waiting for 100 msec.
I/nofatclips(  290): Session count is 1. Will dump to disk at 1
I/nofatclips(  290): Saving the session on disk.
I/nofatclips(  290): Planning for new Activity Posts
I/nofatclips(  290): Created trace to press the back button
I/nofatclips(  290): Created trace to press the menu button
I/nofatclips(  290): Created trace to change orientation
I/nofatclips(  290): Check for termination: 87 steps left of 100
I/nofatclips(  290): Dispatching new task. 2 more tasks remaining.
D/nofatclips(  290): Performing backup of the old task list on disk
D/nofatclips(  290): Saving task list on disk
D/dalvikvm(  290): GC_CONCURRENT freed 1704K, 49% free 4593K/8903K, external 3868K/4575K, paused 7ms+8ms
V/nofatclips(  290): Backing up trace #109 to disk.
V/nofatclips(  290): Backing up trace #110 to disk.
D/nofatclips(  290): Deleting backup of the old task list from disk
D/nofatclips(  290): Deleting backup of the old activity list from disk
I/nofatclips(  290): Incrementally Playing Trace 110
D/nofatclips(  290): Firing event: type= back
I/nofatclips(  290): Waiting for 100 msec.
W/System.err(  290): java.io.FileNotFoundException: https://katiemalone1990.wordpress.com/2016/06/23/90-4/
D/nofatclips(  290): Waiting on Progress Bar #16908301
I/nofatclips(  290): Waiting for 500 msec.
W/System.err(  290): 	at org.apache.harmony.luni.internal.net.www.protocol.http.HttpURLConnectionImpl.getInputStream(HttpURLConnectionImpl.java:521)
W/System.err(  290): 	at org.apache.harmony.luni.internal.net.www.protocol.https.HttpsURLConnectionImpl.getInputStream(HttpsURLConnectionImpl.java:258)
W/System.err(  290): 	at org.wordpress.android.Posts.getHTML(Posts.java:476)
W/System.err(  290): 	at org.wordpress.android.Posts.getShortlinkTagHref(Posts.java:450)
W/System.err(  290): 	at org.wordpress.android.Posts.access$4(Posts.java:449)
W/System.err(  290): 	at org.wordpress.android.Posts$shareURLTask.doInBackground(Posts.java:431)
W/System.err(  290): 	at org.wordpress.android.Posts$shareURLTask.doInBackground(Posts.java:1)
W/System.err(  290): 	at android.os.AsyncTask$2.call(AsyncTask.java:185)
W/System.err(  290): 	at java.util.concurrent.FutureTask$Sync.innerRun(FutureTask.java:306)
W/System.err(  290): 	at java.util.concurrent.FutureTask.run(FutureTask.java:138)
W/System.err(  290): 	at java.util.concurrent.ThreadPoolExecutor.runWorker(ThreadPoolExecutor.java:1088)
W/System.err(  290): 	at java.util.concurrent.ThreadPoolExecutor$Worker.run(ThreadPoolExecutor.java:581)
W/System.err(  290): 	at java.lang.Thread.run(Thread.java:1019)
I/ActivityManager(   61): Starting: Intent { act=android.intent.action.CHOOSER cmp=android/com.android.internal.app.ChooserActivity (has extras) } from pid 290
W/InputManagerService(   61): Window already focused, ignoring focus gain of: com.android.internal.view.IInputMethodClient$Stub$Proxy@405134c8
I/nofatclips(  290): Current activity is com.android.internal.app.ChooserActivity
I/nofatclips(  290): Retrieving widgets
D/nofatclips(  290): Found widget: id=16908290 (android.widget.FrameLayout@408444f0)
D/nofatclips(  290): Found widget: id=16908666 (com.android.internal.widget.WeightedLinearLayout@408465b8)
D/nofatclips(  290): Found widget: id=16908667 (android.widget.LinearLayout@408467d8)
D/nofatclips(  290): Found widget: id=16908668 (android.widget.LinearLayout@4084a5b8)
D/nofatclips(  290): Found widget: id=16908294 (android.widget.ImageView@4084a7c8)
D/nofatclips(  290): Found widget: id=16908669 (com.android.internal.widget.DialogTitle@4084c820): Share Post
D/nofatclips(  290): Found widget: id=16908670 (android.widget.ImageView@4084eaa8)
D/nofatclips(  290): Found widget: id=16908671 (android.widget.LinearLayout@40850900)
D/nofatclips(  290): Found widget: id=16908823 (com.android.internal.app.AlertController$RecycleListView@40817e30)
D/nofatclips(  290): Found widget: id=-1 (android.widget.LinearLayout@408b5f28)
D/nofatclips(  290): Found widget: id=16908294 (android.widget.ImageView@406edee8)
D/nofatclips(  290): Found widget: id=-1 (android.widget.LinearLayout@406ee0a8)
D/nofatclips(  290): Found widget: id=16908308 (android.widget.TextView@406c0d18): Messaging
D/nofatclips(  290): Found widget: id=16908309 (android.widget.TextView@4065c238): 
D/nofatclips(  290): Found widget: id=-1 (android.widget.LinearLayout@407f9d88)
D/nofatclips(  290): Found widget: id=16908294 (android.widget.ImageView@407f9ed8)
D/nofatclips(  290): Found widget: id=-1 (android.widget.LinearLayout@407fa028)
D/nofatclips(  290): Found widget: id=16908308 (android.widget.TextView@406e3628): WordPress
D/nofatclips(  290): Found widget: id=16908309 (android.widget.TextView@406e8838): 
D/nofatclips(  290): Found widget: id=16908673 (android.widget.FrameLayout@4085dd10)
D/nofatclips(  290): Found widget: id=16908331 (android.widget.FrameLayout@4085e048)
D/nofatclips(  290): Found widget: id=16908674 (android.widget.LinearLayout@4085fec0)
D/nofatclips(  290): Found widget: id=-1 (android.widget.LinearLayout@408600e0)
D/nofatclips(  290): Found widget: id=16908675 (android.widget.LinearLayout@408620a0)
D/nofatclips(  290): Found widget: id=16908313 (android.widget.Button@408640f0): 
D/nofatclips(  290): Found widget: id=16908315 (android.widget.Button@40867008): 
D/nofatclips(  290): Found widget: id=16908314 (android.widget.Button@40875508): 
D/nofatclips(  290): Found widget: id=16908676 (android.widget.LinearLayout@40879ba8)
D/nofatclips(  290): Found widget: id=-1 (com.android.internal.policy.impl.PhoneWindow$DecorView@40842380)
V/nicola  (  290): TextualID : null
V/nicola  (  290): ContentType detected : default
V/ReflectionHelper(  290): com.android.internal.app.AlertController.RecycleListView > mOnFocusChangeListener FOUND | NOT ACTIVE
I/ActivityManager(   61): Displayed android/com.android.internal.app.ChooserActivity: +1s447ms
V/nicola  (  290): TextualID : null
V/nicola  (  290): ContentType detected : default
V/nicola  (  290): TextualID : null
V/nicola  (  290): ContentType detected : default
I/nofatclips(  290): Performing comparation for activity ChooserActivity
D/nofatclips(  290): Comparing against activity Dashboard
D/nofatclips(  290): Comparing against activity Posts
D/nofatclips(  290): Comparing against activity Posts
D/nofatclips(  290): Comparing against activity Dashboard
D/nofatclips(  290): Comparing against activity Dashboard
D/nofatclips(  290): Comparing against activity NewAccount
D/nofatclips(  290): Comparing against activity Dashboard
D/nofatclips(  290): Comparing against activity Posts
D/nofatclips(  290): Comparing against activity Posts
D/nofatclips(  290): Comparing against activity Posts
D/nofatclips(  290): Comparing against activity Dashboard
D/nofatclips(  290): Comparing against activity Posts
D/nofatclips(  290): Comparing against activity NewAccount
D/nofatclips(  290): Comparing against activity Posts
I/nofatclips(  290): Registering activity ChooserActivity (id: a15) as a new found state
D/nofatclips(  290): Performing backup of the old activity list on disk
D/nofatclips(  290): Saving new found state 'a15' on disk
V/nofatclips(  290): Opening state file in append mode.
D/dalvikvm(  290): GC_EXTERNAL_ALLOC freed 1225K, 49% free 4582K/8903K, external 4258K/4575K, paused 188ms
I/nofatclips(  290): Saved image on disk: a15.jpg
I/nofatclips(  290): Waiting for 100 msec.
I/nofatclips(  290): Session count is 1. Will dump to disk at 1
I/nofatclips(  290): Saving the session on disk.
I/nofatclips(  290): Planning for new Activity ChooserActivity
D/nofatclips(  290): Handling event selectListItem for items [1,2] on listView #16908823 count=2
D/nofatclips(  290): Handling event longClickListItem for items [1,2] on listView #16908823 count=2
I/nofatclips(  290): Created trace to press the back button
I/nofatclips(  290): Created trace to press the menu button
I/nofatclips(  290): Created trace to change orientation
I/nofatclips(  290): Check for termination: 86 steps left of 100
I/nofatclips(  290): Dispatching new task. 2 more tasks remaining.
D/nofatclips(  290): Performing backup of the old task list on disk
D/nofatclips(  290): Saving task list on disk
V/nofatclips(  290): Backing up trace #116 to disk.
V/nofatclips(  290): Backing up trace #117 to disk.
D/nofatclips(  290): Deleting backup of the old task list from disk
D/nofatclips(  290): Deleting backup of the old activity list from disk
I/nofatclips(  290): Incrementally Playing Trace 117
I/nofatclips(  290): Retrieved from return list id=16908823
D/nofatclips(  290): Testing for type (com.android.internal.app.AlertController$RecycleListView) against the original (com.android.internal.app.AlertController$RecycleListView)
D/nofatclips(  290): Testing for name () against the original ()
I/nofatclips(  290): Firing event: type= longClickListItem index=8 widget=com.android.internal.app.AlertController$RecycleListView
I/nofatclips(  290): Swapping to listview item 2
D/nofatclips(  290): Event description: WordPress
I/ActivityManager(   61): Starting: Intent { act=android.intent.action.SEND typ=text/plain flg=0x3000000 cmp=org.wordpress.android/.EditPost (has extras) } from pid 290
I/nofatclips(  290): Waiting for 100 msec.
D/dalvikvm(  290): GC_CONCURRENT freed 1955K, 50% free 4696K/9223K, external 4545K/5567K, paused 15ms+20ms
I/ActivityManager(   61): Displayed org.wordpress.android/.EditPost: +2s571ms
I/nofatclips(  290): Current activity is EditPost
I/nofatclips(  290): Retrieving widgets
D/nofatclips(  290): Found widget: id=16908290 (android.widget.FrameLayout@408caed0)
D/nofatclips(  290): Found widget: id=16908666 (com.android.internal.widget.WeightedLinearLayout@408cb760)
D/nofatclips(  290): Found widget: id=16908667 (android.widget.LinearLayout@408cb988)
D/nofatclips(  290): Found widget: id=16908668 (android.widget.LinearLayout@408cbba8)
D/nofatclips(  290): Found widget: id=16908294 (android.widget.ImageView@408cbdc8)
D/nofatclips(  290): Found widget: id=16908669 (com.android.internal.widget.DialogTitle@408cc000): Select a Blog
D/nofatclips(  290): Found widget: id=16908670 (android.widget.ImageView@408ccbe0)
D/nofatclips(  290): Found widget: id=16908671 (android.widget.LinearLayout@408ccdf8)
D/nofatclips(  290): Found widget: id=16908823 (com.android.internal.app.AlertController$RecycleListView@408c92b8)
D/nofatclips(  290): Found widget: id=16908308 (android.widget.TextView@406a9ec8): Katie's Sweet Testing Blog
D/nofatclips(  290): Found widget: id=16908308 (android.widget.TextView@40702548): My Blog
D/nofatclips(  290): Found widget: id=16908673 (android.widget.FrameLayout@408cdbf0)
D/nofatclips(  290): Found widget: id=16908331 (android.widget.FrameLayout@408cde58)
D/nofatclips(  290): Found widget: id=16908674 (android.widget.LinearLayout@408ce0c0)
D/nofatclips(  290): Found widget: id=-1 (android.widget.LinearLayout@408ce490)
D/nofatclips(  290): Found widget: id=16908675 (android.widget.LinearLayout@408ce6b0)
D/nofatclips(  290): Found widget: id=16908313 (android.widget.Button@408ce8d0): 
D/nofatclips(  290): Found widget: id=16908315 (android.widget.Button@408cf138): 
D/nofatclips(  290): Found widget: id=16908314 (android.widget.Button@408cf9a0): 
D/nofatclips(  290): Found widget: id=16908676 (android.widget.LinearLayout@408d0208)
D/nofatclips(  290): Found widget: id=-1 (com.android.internal.policy.impl.PhoneWindow$DecorView@408cabb0)
V/nicola  (  290): TextualID : null
V/nicola  (  290): ContentType detected : default
V/ReflectionHelper(  290): com.android.internal.app.AlertController.RecycleListView > mOnFocusChangeListener FOUND | NOT ACTIVE
V/nicola  (  290): TextualID : null
V/nicola  (  290): ContentType detected : default
V/nicola  (  290): TextualID : null
V/nicola  (  290): ContentType detected : default
I/nofatclips(  290): Performing comparation for activity EditPost
D/nofatclips(  290): Comparing against activity Dashboard
D/nofatclips(  290): Comparing against activity Posts
D/nofatclips(  290): Comparing against activity Posts
D/nofatclips(  290): Comparing against activity ChooserActivity
D/nofatclips(  290): Comparing against activity Dashboard
D/nofatclips(  290): Comparing against activity Dashboard
D/nofatclips(  290): Comparing against activity NewAccount
D/nofatclips(  290): Comparing against activity Dashboard
D/nofatclips(  290): Comparing against activity Posts
D/nofatclips(  290): Comparing against activity Posts
D/nofatclips(  290): Comparing against activity Posts
D/nofatclips(  290): Comparing against activity Dashboard
D/nofatclips(  290): Comparing against activity Posts
D/nofatclips(  290): Comparing against activity NewAccount
D/nofatclips(  290): Comparing against activity Posts
I/nofatclips(  290): Registering activity EditPost (id: a16) as a new found state
D/nofatclips(  290): Performing backup of the old activity list on disk
D/nofatclips(  290): Saving new found state 'a16' on disk
V/nofatclips(  290): Opening state file in append mode.
D/dalvikvm(  290): GC_EXTERNAL_ALLOC freed 428K, 50% free 4667K/9223K, external 4928K/5170K, paused 111ms
I/nofatclips(  290): Saved image on disk: a16.jpg
I/nofatclips(  290): Waiting for 100 msec.
I/nofatclips(  290): Session count is 1. Will dump to disk at 1
I/nofatclips(  290): Saving the session on disk.
I/nofatclips(  290): Planning for new Activity EditPost
I/WordPress(  290): response = HTTP/1.1 200 OK
D/nofatclips(  290): Handling event selectListItem for items [1,2] on listView #16908823 count=2
D/nofatclips(  290): Handling event longClickListItem for items [1,2] on listView #16908823 count=2
I/nofatclips(  290): Created trace to press the back button
I/nofatclips(  290): Created trace to press the menu button
I/nofatclips(  290): Created trace to change orientation
I/nofatclips(  290): Check for termination: 85 steps left of 100
I/nofatclips(  290): Dispatching new task. 2 more tasks remaining.
D/nofatclips(  290): Performing backup of the old task list on disk
D/nofatclips(  290): Saving task list on disk
V/nofatclips(  290): Backing up trace #123 to disk.
V/nofatclips(  290): Backing up trace #124 to disk.
D/nofatclips(  290): Deleting backup of the old task list from disk
D/nofatclips(  290): Deleting backup of the old activity list from disk
I/nofatclips(  290): Incrementally Playing Trace 124
I/nofatclips(  290): Retrieved from return list id=16908290
D/nofatclips(  290): Testing for type (android.widget.FrameLayout) against the original (null)
I/nofatclips(  290): Firing event: type= changeOrientation name= widget=null
D/dalvikvm(  290): GC_CONCURRENT freed 1763K, 48% free 4923K/9351K, external 4333K/5411K, paused 4ms+5ms
W/KeyCharacterMap(  290): No keyboard for id 0
W/KeyCharacterMap(  290): Using default keymap: /system/usr/keychars/qwerty.kcm.bin
I/WindowManager(   61): Setting rotation to 0, animFlags=1
I/ActivityManager(   61): Config changed: { scale=1.0 imsi=310/260 loc=en_US touch=3 keys=2/1/2 nav=1/1 orien=1 layout=18 uiMode=17 seq=6}
I/nofatclips(  290): Waiting for 100 msec.
I/nofatclips(  290): Current activity is EditPost
I/nofatclips(  290): Retrieving widgets
D/nofatclips(  290): Found widget: id=16908290 (android.widget.FrameLayout@408caed0)
D/nofatclips(  290): Found widget: id=16908666 (com.android.internal.widget.WeightedLinearLayout@408cb760)
D/nofatclips(  290): Found widget: id=16908667 (android.widget.LinearLayout@408cb988)
D/nofatclips(  290): Found widget: id=16908668 (android.widget.LinearLayout@408cbba8)
D/nofatclips(  290): Found widget: id=16908294 (android.widget.ImageView@408cbdc8)
D/nofatclips(  290): Found widget: id=16908669 (com.android.internal.widget.DialogTitle@408cc000): Select a Blog
D/nofatclips(  290): Found widget: id=16908670 (android.widget.ImageView@408ccbe0)
D/nofatclips(  290): Found widget: id=16908671 (android.widget.LinearLayout@408ccdf8)
D/nofatclips(  290): Found widget: id=16908823 (com.android.internal.app.AlertController$RecycleListView@408c92b8)
D/nofatclips(  290): Found widget: id=16908308 (android.widget.TextView@40702548): Katie's Sweet Testing Blog
D/nofatclips(  290): Found widget: id=16908308 (android.widget.TextView@406a9ec8): My Blog
D/nofatclips(  290): Found widget: id=16908673 (android.widget.FrameLayout@408cdbf0)
D/nofatclips(  290): Found widget: id=16908331 (android.widget.FrameLayout@408cde58)
D/nofatclips(  290): Found widget: id=16908674 (android.widget.LinearLayout@408ce0c0)
D/nofatclips(  290): Found widget: id=-1 (android.widget.LinearLayout@408ce490)
D/nofatclips(  290): Found widget: id=16908675 (android.widget.LinearLayout@408ce6b0)
D/nofatclips(  290): Found widget: id=16908313 (android.widget.Button@408ce8d0): 
D/nofatclips(  290): Found widget: id=16908315 (android.widget.Button@408cf138): 
D/nofatclips(  290): Found widget: id=16908314 (android.widget.Button@408cf9a0): 
D/nofatclips(  290): Found widget: id=16908676 (android.widget.LinearLayout@408d0208)
D/nofatclips(  290): Found widget: id=-1 (com.android.internal.policy.impl.PhoneWindow$DecorView@408cabb0)
V/nicola  (  290): TextualID : null
V/nicola  (  290): ContentType detected : default
V/ReflectionHelper(  290): com.android.internal.app.AlertController.RecycleListView > mOnFocusChangeListener FOUND | NOT ACTIVE
V/nicola  (  290): TextualID : null
V/nicola  (  290): ContentType detected : default
V/nicola  (  290): TextualID : null
V/nicola  (  290): ContentType detected : default
I/nofatclips(  290): Performing comparation for activity EditPost
D/nofatclips(  290): Comparing against activity Dashboard
D/nofatclips(  290): Comparing against activity Posts
D/nofatclips(  290): Comparing against activity EditPost
D/nofatclips(  290): Comparing against activity Posts
D/nofatclips(  290): Comparing against activity ChooserActivity
D/nofatclips(  290): Comparing against activity Dashboard
D/nofatclips(  290): Comparing against activity Dashboard
D/nofatclips(  290): Comparing against activity NewAccount
D/nofatclips(  290): Comparing against activity Dashboard
D/nofatclips(  290): Comparing against activity Posts
D/nofatclips(  290): Comparing against activity Posts
D/nofatclips(  290): Comparing against activity Posts
D/nofatclips(  290): Comparing against activity Dashboard
D/nofatclips(  290): Comparing against activity Posts
D/nofatclips(  290): Comparing against activity NewAccount
D/nofatclips(  290): Comparing against activity Posts
I/nofatclips(  290): Registering activity EditPost (id: a17) as a new found state
D/nofatclips(  290): Performing backup of the old activity list on disk
D/nofatclips(  290): Saving new found state 'a17' on disk
V/nofatclips(  290): Opening state file in append mode.
I/nofatclips(  290): Saved image on disk: a17.jpg
I/nofatclips(  290): Waiting for 100 msec.
I/nofatclips(  290): Session count is 1. Will dump to disk at 1
I/nofatclips(  290): Saving the session on disk.
I/nofatclips(  290): Planning for new Activity EditPost
D/nofatclips(  290): Handling event selectListItem for items [1,2] on listView #16908823 count=2
D/nofatclips(  290): Handling event longClickListItem for items [1,2] on listView #16908823 count=2
I/nofatclips(  290): Created trace to press the back button
D/dalvikvm(   61): GC_EXPLICIT freed 105K, 46% free 4130K/7559K, external 1316K/1828K, paused 140ms
I/nofatclips(  290): Created trace to press the menu button
I/nofatclips(  290): Created trace to change orientation
I/nofatclips(  290): Check for termination: 84 steps left of 100
I/nofatclips(  290): Dispatching new task. 2 more tasks remaining.
D/nofatclips(  290): Performing backup of the old task list on disk
D/nofatclips(  290): Saving task list on disk
V/nofatclips(  290): Backing up trace #130 to disk.
V/nofatclips(  290): Backing up trace #131 to disk.
D/dalvikvm(  290): GC_CONCURRENT freed 1961K, 48% free 5040K/9607K, external 4071K/4756K, paused 5ms+4ms
D/nofatclips(  290): Deleting backup of the old task list from disk
D/nofatclips(  290): Deleting backup of the old activity list from disk
I/nofatclips(  290): Incrementally Playing Trace 131
I/nofatclips(  290): Retrieved from return list id=16908823
D/nofatclips(  290): Testing for type (com.android.internal.app.AlertController$RecycleListView) against the original (com.android.internal.app.AlertController$RecycleListView)
D/nofatclips(  290): Testing for name () against the original ()
I/nofatclips(  290): Firing event: type= selectListItem index=8 widget=com.android.internal.app.AlertController$RecycleListView
I/nofatclips(  290): Swapping to listview item 2
D/nofatclips(  290): Event description: My Blog
I/nofatclips(  290): Waiting for 100 msec.
I/nofatclips(  290): Current activity is EditPost
I/nofatclips(  290): Retrieving widgets
D/nofatclips(  290): Found widget: id=-1 (android.widget.LinearLayout@408d1780)
D/nofatclips(  290): Found widget: id=-1 (android.widget.FrameLayout@408d19c0)
D/nofatclips(  290): Found widget: id=16908310 (android.widget.TextView@408d24e0): My Blog - New Post
D/nofatclips(  290): Found widget: id=16908290 (android.widget.FrameLayout@408d2ac8)
D/nofatclips(  290): Found widget: id=-1 (android.widget.LinearLayout@408d2fc8)
D/nofatclips(  290): Found widget: id=-1 (android.widget.ScrollView@408d3270)
D/nofatclips(  290): Found widget: id=-1 (android.widget.LinearLayout@408d38b0)
D/nofatclips(  290): Found widget: id=2131165209 (android.widget.RelativeLayout@408d3cd0)
D/nofatclips(  290): Found widget: id=2131165210 (android.widget.TextView@408d4930): Post Content
D/nofatclips(  290): Found widget: id=2131165236 (android.widget.EditText@408d61f8): 90
D/nofatclips(  290): Found widget: id=2131165265 (org.wordpress.android.util.WPEditText@408d79f0): https://katiemalone1990.wordpress.com/2016/06/23/90-4/
D/nofatclips(  290): 
D/nofatclips(  290): Found widget: id=2131165266 (android.widget.RelativeLayout@408d8670)
D/nofatclips(  290): Found widget: id=2131165267 (android.widget.TextView@408d8c50): Tags & Categories
D/nofatclips(  290): Found widget: id=2131165268 (android.widget.EditText@408d95a8): 
D/nofatclips(  290): Found widget: id=2131165269 (android.widget.Button@408da0b8): Select Categories
D/nofatclips(  290): Found widget: id=2131165270 (android.widget.TextView@408dbbb8): Selected categories:
D/nofatclips(  290): Found widget: id=2131165271 (android.widget.RelativeLayout@408dc110)
D/nofatclips(  290): Found widget: id=2131165272 (android.widget.RelativeLayout@408dc4b8)
D/nofatclips(  290): Found widget: id=2131165273 (android.widget.TextView@408dcb00): Location
D/nofatclips(  290): Found widget: id=2131165274 (android.widget.TextView@408dd448): Loading...
D/nofatclips(  290): Found widget: id=2131165275 (android.widget.Button@408dd940): View Map
D/nofatclips(  290): Found widget: id=2131165276 (android.widget.Button@408de128): Update Location
D/nofatclips(  290): Found widget: id=2131165277 (android.widget.RelativeLayout@408dead0)
D/nofatclips(  290): Found widget: id=2131165278 (android.widget.TextView@408df0b0): Settings
D/nofatclips(  290): Found widget: id=2131165279 (android.widget.TextView@408df9b0): Status:
D/nofatclips(  290): Found widget: id=2131165280 (android.widget.Spinner@408e0150)
D/nofatclips(  290): Found widget: id=16908308 (android.widget.TextView@406d50d8): Publish
D/nofatclips(  290): Found widget: id=2131165281 (android.widget.TextView@408e1550): Publish:
D/nofatclips(  290): Found widget: id=2131165282 (android.widget.TextView@408e1a90): Immediately
D/nofatclips(  290): Found widget: id=2131165283 (android.widget.Button@408e1fd8): Edit
D/nofatclips(  290): Found widget: id=2131165284 (android.widget.TextView@408e2968): Post Format:
D/nofatclips(  290): Found widget: id=2131165285 (android.widget.Spinner@408e2eb0)
D/nofatclips(  290): Found widget: id=16908308 (android.widget.TextView@405fc218): Standard
D/nofatclips(  290): Found widget: id=2131165286 (android.widget.EditText@408e3558): 
D/nofatclips(  290): Found widget: id=2131165287 (android.widget.Button@408e4b20): Publish
D/nofatclips(  290): Found widget: id=-1 (com.android.internal.policy.impl.PhoneWindow$DecorView@408d1308)
V/nicola  (  290): TextualID : null
V/nicola  (  290): ContentType detected : default
V/nicola  (  290): TextualID : l_section1
V/nicola  (  290): ContentType detected : default
V/ReflectionHelper(  290): android.widget.EditText > mOnFocusChangeListener FOUND | NOT ACTIVE
V/nicola  (  290): TextualID : title
V/nicola  (  290): ContentType detected : default
V/ReflectionHelper(  290): org.wordpress.android.util.WPEditText > mOnFocusChangeListener FOUND | ACTIVE
V/nicola  (  290): TextualID : postContent
V/nicola  (  290): ContentType detected : url
V/nicola  (  290): TextualID : l_tags_categories
V/nicola  (  290): ContentType detected : default
V/ReflectionHelper(  290): android.widget.EditText > mOnFocusChangeListener FOUND | NOT ACTIVE
V/nicola  (  290): TextualID : tags
V/nicola  (  290): ContentType detected : default
V/nicola  (  290): TextualID : selectCategories
V/nicola  (  290): ContentType detected : default
V/nicola  (  290): TextualID : selectedCategories
V/nicola  (  290): ContentType detected : default
V/nicola  (  290): TextualID : l_status
V/nicola  (  290): ContentType detected : default
V/nicola  (  290): TextualID : statusLabel
V/nicola  (  290): ContentType detected : default
V/nicola  (  290): TextualID : null
V/nicola  (  290): ContentType detected : default
V/nicola  (  290): TextualID : pubDateLabel
V/nicola  (  290): ContentType detected : default
V/nicola  (  290): TextualID : pubDate
V/nicola  (  290): ContentType detected : default
V/nicola  (  290): TextualID : pubDateButton
V/nicola  (  290): ContentType detected : default
V/nicola  (  290): TextualID : postFormatLabel
V/nicola  (  290): ContentType detected : default
V/nicola  (  290): TextualID : null
V/nicola  (  290): ContentType detected : default
V/ReflectionHelper(  290): android.widget.EditText > mOnFocusChangeListener FOUND | NOT ACTIVE
V/nicola  (  290): TextualID : post_password
V/nicola  (  290): ContentType detected : default
V/nicola  (  290): TextualID : post
V/nicola  (  290): ContentType detected : default
I/nofatclips(  290): Performing comparation for activity EditPost
D/nofatclips(  290): Comparing against activity Dashboard
D/nofatclips(  290): Comparing against activity EditPost
D/nofatclips(  290): Comparing against activity Posts
D/nofatclips(  290): Comparing against activity EditPost
D/nofatclips(  290): Comparing against activity Posts
D/nofatclips(  290): Comparing against activity ChooserActivity
D/nofatclips(  290): Comparing against activity Dashboard
D/nofatclips(  290): Comparing against activity Dashboard
D/nofatclips(  290): Comparing against activity NewAccount
D/nofatclips(  290): Comparing against activity Dashboard
D/nofatclips(  290): Comparing against activity Posts
D/nofatclips(  290): Comparing against activity Posts
D/nofatclips(  290): Comparing against activity Posts
D/nofatclips(  290): Comparing against activity Dashboard
D/nofatclips(  290): Comparing against activity Posts
D/nofatclips(  290): Comparing against activity NewAccount
D/nofatclips(  290): Comparing against activity Posts
I/nofatclips(  290): Registering activity EditPost (id: a18) as a new found state
D/nofatclips(  290): Performing backup of the old activity list on disk
D/nofatclips(  290): Saving new found state 'a18' on disk
V/nofatclips(  290): Opening state file in append mode.
D/dalvikvm(  290): GC_EXTERNAL_ALLOC freed 931K, 50% free 4875K/9607K, external 4408K/4756K, paused 141ms
I/nofatclips(  290): Saved image on disk: a18.jpg
I/nofatclips(  290): Waiting for 100 msec.
I/nofatclips(  290): Session count is 1. Will dump to disk at 1
I/nofatclips(  290): Saving the session on disk.
I/nofatclips(  290): Planning for new Activity EditPost
D/nofatclips(  290): Handling event 'focus' on widget id=2131165265 type=focusableEditText name=Content
D/nofatclips(  290): Handling input 'writeText' on widget id=2131165236 type=editText name=Title
V/nofatclips(  290): Using value: 90
D/nofatclips(  290): Handling input 'writeText' on widget id=2131165268 type=editText name=Tags (separate tags with commas)
V/nofatclips(  290): Using value: 85
D/nofatclips(  290): Handling input 'writeText' on widget id=2131165286 type=editText name=Password (optional)
V/nofatclips(  290): Using value: 45
D/nofatclips(  290): Handling event 'click' on widget id=2131165269 type=button name=Select Categories
D/nofatclips(  290): Handling input 'writeText' on widget id=2131165236 type=editText name=Title
V/nofatclips(  290): Using value: 90
D/nofatclips(  290): Handling input 'writeText' on widget id=2131165268 type=editText name=Tags (separate tags with commas)
V/nofatclips(  290): Using value: 85
D/nofatclips(  290): Handling input 'writeText' on widget id=2131165286 type=editText name=Password (optional)
V/nofatclips(  290): Using value: 45
D/nofatclips(  290): Handling event selectSpinnerItem for items [1,5] on spinner #2131165280 count=5
D/nofatclips(  290): Handling input 'writeText' on widget id=2131165236 type=editText name=Title
V/nofatclips(  290): Using value: 90
D/nofatclips(  290): Handling input 'writeText' on widget id=2131165268 type=editText name=Tags (separate tags with commas)
V/nofatclips(  290): Using value: 85
D/nofatclips(  290): Handling input 'writeText' on widget id=2131165286 type=editText name=Password (optional)
V/nofatclips(  290): Using value: 45
D/nofatclips(  290): Handling input 'writeText' on widget id=2131165236 type=editText name=Title
V/nofatclips(  290): Using value: 90
D/nofatclips(  290): Handling input 'writeText' on widget id=2131165268 type=editText name=Tags (separate tags with commas)
V/nofatclips(  290): Using value: 85
D/nofatclips(  290): Handling input 'writeText' on widget id=2131165286 type=editText name=Password (optional)
V/nofatclips(  290): Using value: 45
