I/dalvikvm(  290): Could not find method android.app.Activity.getFragmentManager, referenced from method com.jayway.android.robotium.solo.Waiter.getFragment
W/dalvikvm(  290): VFY: unable to resolve virtual method 7: Landroid/app/Activity;.getFragmentManager ()Landroid/app/FragmentManager;
D/dalvikvm(  290): VFY: replacing opcode 0x6e at 0x0017
W/dalvikvm(  290): VFY: unable to find class referenced in signature (Landroid/app/Fragment;)
D/dalvikvm(  290): VFY: dead code 0x000b-000f in Lcom/jayway/android/robotium/solo/Waiter;.getFragment (Ljava/lang/String;I)Landroid/app/Fragment;
D/dalvikvm(  290): VFY: dead code 0x001a-001f in Lcom/jayway/android/robotium/solo/Waiter;.getFragment (Ljava/lang/String;I)Landroid/app/Fragment;
W/dalvikvm(  290): VFY: unable to find class referenced in signature (Landroid/app/Fragment;)
D/MediaScannerService(  230): start scanning volume internal
D/dalvikvm(  253): GC_CONCURRENT freed 489K, 54% free 2728K/5831K, external 716K/1038K, paused 5ms+442ms
I/ContactsDatabaseHelper(  176): Switching to locale en_US
I//system/bin/fsck_msdos(   29): Attempting to allocate 998 KB for FAT
D/nofatclips(  290): Updating node automation
D/nofatclips(  290): Loading node automation
V/nofatclips(  290): Updating value FORCE_RESTART
V/nofatclips(  290): Updating value IN_AND_OUT_FOCUS
V/nofatclips(  290): Updating value PRECRAWLING
V/nofatclips(  290): Updating value SCREENSHOT_FOR_EVENTS
V/nofatclips(  290): Updating value SCREENSHOT_FOR_STATES
V/nofatclips(  290): Updating value SCREENSHOT_ONLY_NEW_STATES
V/nofatclips(  290): Updating value SLEEP_AFTER_EVENT
D/nofatclips(  290): Updated value of parameter SLEEP_AFTER_EVENT to 100 (default = 1000)
V/nofatclips(  290): Updating value SLEEP_AFTER_RESTART
D/nofatclips(  290): Updated value of parameter SLEEP_AFTER_RESTART to 100 (default = 1000)
V/nofatclips(  290): Updating value SLEEP_AFTER_TASK
D/nofatclips(  290): Updated value of parameter SLEEP_AFTER_TASK to 100 (default = 1000)
V/nofatclips(  290): Updating value SLEEP_ON_THROBBER
D/nofatclips(  290): Updated value of parameter SLEEP_ON_THROBBER to 100 (default = 1000)
D/nofatclips(  290): Updating node screenshot
D/nofatclips(  290): Loading node screenshot
V/nofatclips(  290): Updating value FORCE_RESTART
V/nofatclips(  290): Updating value IN_AND_OUT_FOCUS
V/nofatclips(  290): Updating value PRECRAWLING
V/nofatclips(  290): Updating value SCREENSHOT_FOR_EVENTS
V/nofatclips(  290): Updating value SCREENSHOT_FOR_STATES
V/nofatclips(  290): Updating value SCREENSHOT_ONLY_NEW_STATES
V/nofatclips(  290): Updating value SLEEP_AFTER_EVENT
V/nofatclips(  290): Updating value SLEEP_AFTER_RESTART
V/nofatclips(  290): Updating value SLEEP_AFTER_TASK
V/nofatclips(  290): Updating value SLEEP_ON_THROBBER
I/nofatclips(  290): Waiting for 100 msec.
D/EAS SyncManager(  279): !!! EAS SyncManager, onCreate
D/EAS SyncManager(  279): !!! EAS SyncManager, onStartCommand
D/EAS SyncManager(  279): !!! EAS SyncManager, stopping self
D/EAS SyncManager(  279): !!! EAS SyncManager, onDestroy
D/nofatclips(  290): Ready to operate after restarting...
I/nofatclips(  290): Current activity is Dashboard
W/nofatclips(  290): --->Dashboard
I/nofatclips(  290): Retrieving widgets
D/nofatclips(  290): No session to resume: task list not found. Will start from scratch.
I/nofatclips(  290): Starting a new session
D/nofatclips(  290): Performing backup of the old activity list on disk
D/nofatclips(  290): Saving new found state 'exit' on disk
V/nofatclips(  290): Opening state file in overwrite mode.
I//system/bin/fsck_msdos(   29): ** Phase 2 - Check Cluster Chains
I/ARMAssembler(   61): generated scanline__00000077:03515104_00001004_00000000 [ 65 ipp] (85 ins) at [0x46efd520:0x46efd674] in 524301 ns
I/ARMAssembler(   61): generated scanline__00000177:03515104_00001001_00000000 [ 91 ipp] (114 ins) at [0x46efd678:0x46efd840] in 340411 ns
I/ARMAssembler(   61): generated scanline__00000177:03515104_00001002_00000000 [ 87 ipp] (110 ins) at [0x46efd848:0x46efda00] in 309620 ns
D/dalvikvm(  290): GC_CONCURRENT freed 150K, 48% free 3064K/5831K, external 1812K/2324K, paused 4ms+2ms
I/nofatclips(  290): Planning for new Activity Dashboard
I/nofatclips(  290): Created trace to press the menu button
I/nofatclips(  290): Created trace to change orientation
I/nofatclips(  290): Dispatching new task. 2 more tasks remaining.
D/nofatclips(  290): Saving task list on disk
V/nofatclips(  290): Backing up trace #0 to disk.
V/nofatclips(  290): Backing up trace #1 to disk.
D/nofatclips(  290): Deleting backup of the old activity list from disk
I/nofatclips(  290): Restarting
I//system/bin/fsck_msdos(   29): ** Phase 3 - Checking Directories
I//system/bin/fsck_msdos(   29): ** Phase 4 - Checking for Lost Files
I//system/bin/fsck_msdos(   29): Next free cluster in FSInfo block (5) not free
I//system/bin/fsck_msdos(   29): FIXED
I//system/bin/fsck_msdos(   29): 3 files, 509980 free (254990 clusters)
I/Vold    (   29): Filesystem check completed OK
I/Vold    (   29): Device /dev/block/vold/179:0, target /mnt/sdcard mounted @ /mnt/secure/staging
D/Vold    (   29): Volume sdcard state changing 3 (Checking) -> 4 (Mounted)
I/PackageManager(   61): Updating external media status from unmounted to mounted
I/StorageNotification(  122): Media {/mnt/sdcard} state changed from {checking} -> {mounted}
D/VoldCmdListener(   29): asec list
I/PackageManager(   61): No secure containers on sdcard
W/PackageManager(   61): Unknown permission com.google.android.googleapps.permission.GOOGLE_AUTH.mail in package com.android.contacts
W/PackageManager(   61): Unknown permission android.permission.ADD_SYSTEM_SERVICE in package com.android.phone
W/PackageManager(   61): Not granting permission android.permission.SEND_DOWNLOAD_COMPLETED_INTENTS to package com.android.browser (protectionLevel=2 flags=0x9be45)
W/PackageManager(   61): Unknown permission com.google.android.gm.permission.WRITE_GMAIL in package com.android.settings
W/PackageManager(   61): Unknown permission com.google.android.gm.permission.READ_GMAIL in package com.android.settings
W/PackageManager(   61): Unknown permission com.google.android.googleapps.permission.GOOGLE_AUTH in package com.android.settings
W/PackageManager(   61): Unknown permission com.google.android.googleapps.permission.GOOGLE_AUTH in package com.android.providers.contacts
W/PackageManager(   61): Unknown permission com.google.android.googleapps.permission.GOOGLE_AUTH.cp in package com.android.providers.contacts
W/PackageManager(   61): Unknown permission com.google.android.googleapps.permission.ACCESS_GOOGLE_PASSWORD in package com.android.development
W/PackageManager(   61): Unknown permission com.google.android.googleapps.permission.GOOGLE_AUTH in package com.android.development
W/PackageManager(   61): Unknown permission com.google.android.googleapps.permission.GOOGLE_AUTH.ALL_SERVICES in package com.android.development
W/PackageManager(   61): Unknown permission com.google.android.googleapps.permission.GOOGLE_AUTH.YouTubeUser in package com.android.development
W/PackageManager(   61): Unknown permission android.permission.READ_OWNER_DATA in package com.android.email
W/PackageManager(   61): Not granting permission android.permission.DEVICE_POWER to package com.android.deskclock (protectionLevel=2 flags=0x8be45)
W/ImageDownloader(  290): Error 404 while retrieving bitmap from http://gravatar.com/blavatar/44d338f29053dbb888da79dcf98df489?s=60&d=404
D/dalvikvm(   61): GC_CONCURRENT freed 743K, 45% free 4175K/7559K, external 1865K/3065K, paused 4ms+4ms
D/MediaScanner(  230):  prescan time: 1689ms
I/nofatclips(  290): Waiting for 100 msec.
D/dalvikvm(  230): GC_CONCURRENT freed 529K, 55% free 2646K/5831K, external 716K/1038K, paused 3ms+3ms
D/MediaScanner(  230):     scan time: 29ms
D/MediaScanner(  230): postscan time: 0ms
D/MediaScanner(  230):    total time: 1718ms
I/dalvikvm(   61): Jit: resizing JitTable from 512 to 1024
D/nofatclips(  290): Ready to operate after restarting...
I/nofatclips(  290): Retrieving widgets
D/nofatclips(  290): Found widget: id=16908290 (android.widget.FrameLayout@405a1788)
D/nofatclips(  290): Found widget: id=2131165248 (android.widget.RelativeLayout@405a2488)
D/nofatclips(  290): Found widget: id=2131165249 (android.widget.LinearLayout@405a2af0)
D/nofatclips(  290): Found widget: id=-1 (android.widget.ImageView@405a3038)
D/nofatclips(  290): Found widget: id=2131165250 (org.wordpress.android.util.WPTitleBar@4059ca10)
D/nofatclips(  290): Found widget: id=2131165195 (android.widget.RelativeLayout@4050efe8)
D/nofatclips(  290): Found widget: id=2131165196 (android.widget.RelativeLayout@40569298)
D/nofatclips(  290): Found widget: id=2131165197 (android.widget.ImageView@4059dca8)
D/nofatclips(  290): Found widget: id=2131165198 (android.widget.TextView@40542608): Katie's Sweet Testing Blog
D/nofatclips(  290): Found widget: id=2131165199 (android.widget.ImageView@4055de98)
D/nofatclips(  290): Found widget: id=-1 (android.widget.RelativeLayout@4057a200)
D/nofatclips(  290): Found widget: id=2131165200 (android.widget.ImageButton@4059e1d0)
D/nofatclips(  290): Found widget: id=-1 (android.widget.FrameLayout@4057b758)
D/nofatclips(  290): Found widget: id=2131165201 (android.widget.Button@40542fd0): 
D/nofatclips(  290): Found widget: id=2131165202 (android.widget.ImageView@40594608)
D/nofatclips(  290): Found widget: id=2131165203 (android.widget.ImageView@4053d7c8)
D/nofatclips(  290): Found widget: id=2131165204 (android.widget.LinearLayout@40569ea0)
D/nofatclips(  290): Found widget: id=-1 (android.widget.FrameLayout@4059da40)
D/nofatclips(  290): Found widget: id=-1 (android.widget.LinearLayout@40530970)
D/nofatclips(  290): Found widget: id=-1 (android.widget.LinearLayout@4050edf8)
D/nofatclips(  290): Found widget: id=-1 (android.widget.LinearLayout@4052ff90)
D/nofatclips(  290): Found widget: id=2131165251 (android.widget.LinearLayout@40530648)
D/nofatclips(  290): Found widget: id=-1 (android.widget.ImageView@405910b0)
D/nofatclips(  290): Found widget: id=2131165256 (android.widget.TextView@4056bb98): New Post
D/nofatclips(  290): Found widget: id=2131165253 (android.widget.LinearLayout@4059cc48)
D/nofatclips(  290): Found widget: id=-1 (android.widget.ImageView@405319b0)
D/nofatclips(  290): Found widget: id=2131165256 (android.widget.TextView@4056c4d0): New Page
D/nofatclips(  290): Found widget: id=-1 (android.widget.LinearLayout@40533c68)
D/nofatclips(  290): Found widget: id=2131165252 (android.widget.LinearLayout@40531658)
D/nofatclips(  290): Found widget: id=-1 (android.widget.ImageView@405396e0)
D/nofatclips(  290): Found widget: id=2131165256 (android.widget.TextView@405786c8): Quick Photo
D/nofatclips(  290): Found widget: id=2131165254 (android.widget.LinearLayout@405481d8)
D/nofatclips(  290): Found widget: id=-1 (android.widget.ImageView@40532550)
D/nofatclips(  290): Found widget: id=2131165256 (android.widget.TextView@40578f38): Quick Video
D/nofatclips(  290): Found widget: id=-1 (android.widget.LinearLayout@4052f400)
D/nofatclips(  290): Found widget: id=-1 (android.widget.LinearLayout@40534c20)
D/nofatclips(  290): Found widget: id=2131165255 (android.widget.LinearLayout@40535ee8)
D/nofatclips(  290): Found widget: id=-1 (android.widget.ImageView@40541238)
D/nofatclips(  290): Found widget: id=2131165256 (android.widget.TextView@405795c0): Posts
D/nofatclips(  290): Found widget: id=2131165257 (android.widget.LinearLayout@40546950)
D/nofatclips(  290): Found widget: id=-1 (android.widget.ImageView@405695b0)
D/nofatclips(  290): Found widget: id=2131165256 (android.widget.TextView@40538218): Pages
D/nofatclips(  290): Found widget: id=-1 (android.widget.FrameLayout@40535228)
D/nofatclips(  290): Found widget: id=2131165258 (android.widget.LinearLayout@40540f10)
D/nofatclips(  290): Found widget: id=-1 (android.widget.ImageView@40537928)
D/nofatclips(  290): Found widget: id=2131165256 (android.widget.TextView@4053a1c8): Comments
D/nofatclips(  290): Found widget: id=2131165259 (android.widget.FrameLayout@40545400)
D/nofatclips(  290): Found widget: id=2131165260 (android.widget.ImageView@40546f20)
D/nofatclips(  290): Found widget: id=2131165261 (org.wordpress.android.util.CommentBadgeTextView@4053b1e0): 0
D/nofatclips(  290): Found widget: id=-1 (android.widget.LinearLayout@40539fa0)
D/nofatclips(  290): Found widget: id=2131165262 (android.widget.LinearLayout@405415b8)
D/nofatclips(  290): Found widget: id=-1 (android.widget.ImageView@40541ec0)
D/nofatclips(  290): Found widget: id=2131165256 (android.widget.TextView@40541800): Settings
D/nofatclips(  290): Found widget: id=2131165263 (android.widget.LinearLayout@40544e58)
D/nofatclips(  290): Found widget: id=-1 (android.widget.ImageView@40560db0)
D/nofatclips(  290): Found widget: id=2131165256 (android.widget.TextView@40543b40): Read
D/nofatclips(  290): Found widget: id=2131165264 (android.widget.LinearLayout@40562498)
D/nofatclips(  290): Found widget: id=-1 (android.widget.ImageView@40564d50)
D/nofatclips(  290): Found widget: id=2131165256 (android.widget.TextView@40550898): Stats
D/nofatclips(  290): Found widget: id=-1 (com.android.internal.policy.impl.PhoneWindow$DecorView@405a0e88)
I/nofatclips(  290): Playing Trace 1
I/nofatclips(  290): Retrieved from return list id=16908290
D/nofatclips(  290): Testing for type (android.widget.FrameLayout) against the original (null)
I/nofatclips(  290): Firing event: type= openMenu name= widget=null
D/dalvikvm(  290): GC_CONCURRENT freed 729K, 52% free 3136K/6471K, external 1812K/2324K, paused 3ms+3ms
D/szipinf (  176): Initializing inflate state
D/dalvikvm(  176): GC_CONCURRENT freed 227K, 51% free 2827K/5703K, external 716K/1038K, paused 2ms+2ms
D/MediaScannerService(  230): done scanning volume internal
D/MediaScannerService(  230): start scanning volume external
V/MediaProvider(  230): /mnt/sdcard volume ID: 451876889
D/szipinf (  133): Initializing inflate state
V/MediaProvider(  230): Attached volume: external
W/KeyCharacterMap(  290): No keyboard for id 0
W/KeyCharacterMap(  290): Using default keymap: /system/usr/keychars/qwerty.kcm.bin
D/dalvikvm(  133): GC_EXPLICIT freed 201K, 49% free 2981K/5831K, external 2249K/2294K, paused 95ms
V/MediaScanner(  230): pruneDeadThumbnailFiles... android.database.sqlite.SQLiteCursor@40582420
V/MediaScanner(  230): /pruneDeadThumbnailFiles... android.database.sqlite.SQLiteCursor@40582420
D/MediaScanner(  230):  prescan time: 126ms
D/MediaScanner(  230):     scan time: 2ms
D/MediaScanner(  230): postscan time: 14ms
D/MediaScanner(  230):    total time: 142ms
D/MediaScannerService(  230): done scanning volume external
I/ContactsDatabaseHelper(  176): Locale change completed in 3223ms
I/nofatclips(  290): Waiting for 100 msec.
I/nofatclips(  290): Current activity is Dashboard
I/nofatclips(  290): Retrieving widgets
D/nofatclips(  290): Found widget: id=16908726 (com.android.internal.view.menu.IconMenuView@40553170)
D/nofatclips(  290): Found widget: id=16908310 (com.android.internal.view.menu.IconMenuItemView@405ea170): Add Account
D/nofatclips(  290): Found widget: id=16908310 (com.android.internal.view.menu.IconMenuItemView@405ea410): Preferences
D/nofatclips(  290): Found widget: id=16908310 (com.android.internal.view.menu.IconMenuItemView@405c8aa0): Remove Blog
D/nofatclips(  290): Found widget: id=16908310 (com.android.internal.view.menu.IconMenuItemView@405c8d40): About
D/nofatclips(  290): Found widget: id=-1 (com.android.internal.policy.impl.PhoneWindow$DecorView@406305e0)
V/ReflectionHelper(  290): com.android.internal.view.menu.IconMenuView > mOnFocusChangeListener FOUND | NOT ACTIVE
V/nicola  (  290): TextualID : null
V/nicola  (  290): ContentType detected : default
V/nicola  (  290): TextualID : null
V/nicola  (  290): ContentType detected : default
V/nicola  (  290): TextualID : null
V/nicola  (  290): ContentType detected : default
V/nicola  (  290): TextualID : null
V/nicola  (  290): ContentType detected : default
I/nofatclips(  290): Performing comparation for activity Dashboard
D/nofatclips(  290): Comparing against activity Dashboard
I/nofatclips(  290): Registering activity Dashboard (id: a2) as a new found state
D/nofatclips(  290): Performing backup of the old activity list on disk
D/nofatclips(  290): Saving new found state 'a2' on disk
V/nofatclips(  290): Opening state file in append mode.
I/nofatclips(  290): Saved image on disk: a2.jpg
I/nofatclips(  290): Waiting for 100 msec.
I/nofatclips(  290): Session count is 1. Will dump to disk at 1
I/nofatclips(  290): Saving the session on disk. This is the first batch: the file will be created.
I/nofatclips(  290): Planning for new Activity Dashboard
D/nofatclips(  290): Handling event 'click' on widget id=16908310 type=menuItem name=Add Account
D/nofatclips(  290): Handling event 'click' on widget id=16908310 type=menuItem name=Preferences
D/nofatclips(  290): Handling event 'click' on widget id=16908310 type=menuItem name=Remove Blog
D/nofatclips(  290): Handling event 'click' on widget id=16908310 type=menuItem name=About
I/nofatclips(  290): Created trace to press the back button
I/nofatclips(  290): Created trace to press the menu button
I/nofatclips(  290): Created trace to change orientation
I/dalvikvm(  290): Jit: resizing JitTable from 512 to 1024
I/nofatclips(  290): Check for termination: 99 steps left of 100
I/nofatclips(  290): Dispatching new task. 2 more tasks remaining.
D/nofatclips(  290): Performing backup of the old task list on disk
D/nofatclips(  290): Saving task list on disk
V/nofatclips(  290): Backing up trace #6 to disk.
V/nofatclips(  290): Backing up trace #7 to disk.
D/dalvikvm(  290): GC_CONCURRENT freed 730K, 50% free 3315K/6599K, external 2188K/2324K, paused 6ms+7ms
D/nofatclips(  290): Deleting backup of the old task list from disk
D/nofatclips(  290): Deleting backup of the old activity list from disk
I/nofatclips(  290): Incrementally Playing Trace 7
I/nofatclips(  290): Retrieved from return list id=16908310
D/nofatclips(  290): Testing for type (com.android.internal.view.menu.IconMenuItemView) against the original (com.android.internal.view.menu.IconMenuItemView)
D/nofatclips(  290): Testing for name (Add Account) against the original (Add Account)
I/nofatclips(  290): Firing event: type= click index=1 widget=com.android.internal.view.menu.IconMenuItemView
W/KeyCharacterMap(  290): No keyboard for id 0
W/KeyCharacterMap(  290): Using default keymap: /system/usr/keychars/qwerty.kcm.bin
D/nofatclips(  290): Event description: Add Account
I/ActivityManager(   61): Starting: Intent { cmp=org.wordpress.android/.NewAccount } from pid 290
I/nofatclips(  290): Waiting for 100 msec.
D/szipinf (  290): Initializing inflate state
D/szipinf (  290): Initializing zlib to inflate
D/szipinf (  290): Initializing inflate state
D/szipinf (  290): Initializing zlib to inflate
D/szipinf (  290): Initializing inflate state
D/szipinf (  290): Initializing zlib to inflate
D/szipinf (  290): Initializing inflate state
D/szipinf (  290): Initializing zlib to inflate
D/dalvikvm(  290): GC_EXTERNAL_ALLOC freed 180K, 52% free 3206K/6599K, external 2190K/2324K, paused 197ms
I/nofatclips(  290): Current activity is NewAccount
I/nofatclips(  290): Retrieving widgets
D/nofatclips(  290): Found widget: id=16908290 (android.widget.FrameLayout@40540780)
D/nofatclips(  290): Found widget: id=2131165298 (android.widget.ScrollView@40584538)
D/nofatclips(  290): Found widget: id=2131165313 (android.widget.LinearLayout@40608a40)
D/nofatclips(  290): Found widget: id=2131165314 (android.widget.ImageView@405e57d8)
D/nofatclips(  290): Found widget: id=2131165315 (android.widget.TextView@405398d8): Start blogging from your mobile in seconds.
D/nofatclips(  290): Found widget: id=2131165316 (android.widget.Button@405cdeb8): Start a new blog at WordPress.com
D/nofatclips(  290): Found widget: id=2131165317 (android.widget.Button@40619ea0): Add blog hosted at WordPress.com
D/nofatclips(  290): Found widget: id=2131165318 (android.widget.Button@40622a38): Add self-hosted WordPress blog
D/nofatclips(  290): Found widget: id=-1 (com.android.internal.policy.impl.PhoneWindow$DecorView@4057ea38)
I/ActivityManager(   61): Displayed org.wordpress.android/.NewAccount: +1s717ms
V/nicola  (  290): TextualID : welcome
V/nicola  (  290): ContentType detected : default
V/nicola  (  290): TextualID : createWPAccount
V/nicola  (  290): ContentType detected : default
V/nicola  (  290): TextualID : dotcomExisting
V/nicola  (  290): ContentType detected : default
V/nicola  (  290): TextualID : dotorgExisting
V/nicola  (  290): ContentType detected : default
I/nofatclips(  290): Performing comparation for activity NewAccount
D/nofatclips(  290): Comparing against activity Dashboard
D/nofatclips(  290): Comparing against activity Dashboard
I/nofatclips(  290): Registering activity NewAccount (id: a3) as a new found state
D/nofatclips(  290): Performing backup of the old activity list on disk
D/nofatclips(  290): Saving new found state 'a3' on disk
V/nofatclips(  290): Opening state file in append mode.
D/dalvikvm(  290): GC_EXTERNAL_ALLOC freed 304K, 51% free 3255K/6599K, external 3708K/3859K, paused 92ms
I/nofatclips(  290): Saved image on disk: a3.jpg
I/nofatclips(  290): Waiting for 100 msec.
I/nofatclips(  290): Session count is 1. Will dump to disk at 1
I/nofatclips(  290): Saving the session on disk.
I/nofatclips(  290): Planning for new Activity NewAccount
D/nofatclips(  290): Handling event 'click' on widget id=2131165316 type=button name=Start a new blog at WordPress.com
D/nofatclips(  290): Handling event 'click' on widget id=2131165317 type=button name=Add blog hosted at WordPress.com
D/nofatclips(  290): Handling event 'click' on widget id=2131165318 type=button name=Add self-hosted WordPress blog
I/nofatclips(  290): Created trace to press the back button
I/nofatclips(  290): Created trace to press the menu button
I/nofatclips(  290): Created trace to change orientation
I/nofatclips(  290): Check for termination: 98 steps left of 100
I/nofatclips(  290): Dispatching new task. 2 more tasks remaining.
D/nofatclips(  290): Performing backup of the old task list on disk
D/nofatclips(  290): Saving task list on disk
V/nofatclips(  290): Backing up trace #12 to disk.
V/nofatclips(  290): Backing up trace #13 to disk.
D/nofatclips(  290): Deleting backup of the old task list from disk
D/nofatclips(  290): Deleting backup of the old activity list from disk
I/nofatclips(  290): Incrementally Playing Trace 13
I/nofatclips(  290): Retrieved from return list id=16908290
D/nofatclips(  290): Testing for type (android.widget.FrameLayout) against the original (null)
I/nofatclips(  290): Firing event: type= openMenu name= widget=null
W/KeyCharacterMap(  290): No keyboard for id 0
W/KeyCharacterMap(  290): Using default keymap: /system/usr/keychars/qwerty.kcm.bin
I/nofatclips(  290): Waiting for 100 msec.
I/nofatclips(  290): Current activity is NewAccount
I/nofatclips(  290): Retrieving widgets
D/nofatclips(  290): Found widget: id=16908290 (android.widget.FrameLayout@40540780)
D/nofatclips(  290): Found widget: id=2131165298 (android.widget.ScrollView@40584538)
D/nofatclips(  290): Found widget: id=2131165313 (android.widget.LinearLayout@40608a40)
D/nofatclips(  290): Found widget: id=2131165314 (android.widget.ImageView@405e57d8)
D/nofatclips(  290): Found widget: id=2131165315 (android.widget.TextView@405398d8): Start blogging from your mobile in seconds.
D/nofatclips(  290): Found widget: id=2131165316 (android.widget.Button@405cdeb8): Start a new blog at WordPress.com
D/nofatclips(  290): Found widget: id=2131165317 (android.widget.Button@40619ea0): Add blog hosted at WordPress.com
D/nofatclips(  290): Found widget: id=2131165318 (android.widget.Button@40622a38): Add self-hosted WordPress blog
D/nofatclips(  290): Found widget: id=-1 (com.android.internal.policy.impl.PhoneWindow$DecorView@4057ea38)
V/nicola  (  290): TextualID : welcome
V/nicola  (  290): ContentType detected : default
V/nicola  (  290): TextualID : createWPAccount
V/nicola  (  290): ContentType detected : default
V/nicola  (  290): TextualID : dotcomExisting
V/nicola  (  290): ContentType detected : default
V/nicola  (  290): TextualID : dotorgExisting
V/nicola  (  290): ContentType detected : default
I/nofatclips(  290): Performing comparation for activity NewAccount
D/nofatclips(  290): Comparing against activity Dashboard
D/nofatclips(  290): Comparing against activity NewAccount
D/nofatclips(  290): Comparing against activity Dashboard
I/nofatclips(  290): Registering activity NewAccount (id: a4) as a new found state
D/nofatclips(  290): Performing backup of the old activity list on disk
D/nofatclips(  290): Saving new found state 'a4' on disk
V/nofatclips(  290): Opening state file in append mode.
I/nofatclips(  290): Saved image on disk: a4.jpg
I/nofatclips(  290): Waiting for 100 msec.
I/nofatclips(  290): Session count is 1. Will dump to disk at 1
I/nofatclips(  290): Saving the session on disk.
I/nofatclips(  290): Planning for new Activity NewAccount
D/nofatclips(  290): Handling event 'click' on widget id=2131165316 type=button name=Start a new blog at WordPress.com
D/nofatclips(  290): Handling event 'click' on widget id=2131165317 type=button name=Add blog hosted at WordPress.com
D/nofatclips(  290): Handling event 'click' on widget id=2131165318 type=button name=Add self-hosted WordPress blog
I/nofatclips(  290): Created trace to press the back button
I/nofatclips(  290): Created trace to press the menu button
I/nofatclips(  290): Created trace to change orientation
D/dalvikvm(  290): GC_CONCURRENT freed 961K, 52% free 3352K/6919K, external 4743K/5173K, paused 7ms+9ms
I/nofatclips(  290): Check for termination: 97 steps left of 100
I/nofatclips(  290): Dispatching new task. 2 more tasks remaining.
D/nofatclips(  290): Performing backup of the old task list on disk
D/nofatclips(  290): Saving task list on disk
V/nofatclips(  290): Backing up trace #18 to disk.
V/nofatclips(  290): Backing up trace #19 to disk.
D/nofatclips(  290): Deleting backup of the old task list from disk
D/nofatclips(  290): Deleting backup of the old activity list from disk
I/nofatclips(  290): Incrementally Playing Trace 19
D/nofatclips(  290): Firing event: type= back
W/KeyCharacterMap(  290): No keyboard for id 0
W/KeyCharacterMap(  290): Using default keymap: /system/usr/keychars/qwerty.kcm.bin
W/ImageDownloader(  290): Error 404 while retrieving bitmap from http://gravatar.com/blavatar/44d338f29053dbb888da79dcf98df489?s=60&d=404
I/nofatclips(  290): Waiting for 100 msec.
I/nofatclips(  290): Current activity is Dashboard
I/nofatclips(  290): Retrieving widgets
D/nofatclips(  290): Found widget: id=16908290 (android.widget.FrameLayout@405a1788)
D/nofatclips(  290): Found widget: id=2131165248 (android.widget.RelativeLayout@405a2488)
D/nofatclips(  290): Found widget: id=2131165249 (android.widget.LinearLayout@405a2af0)
D/nofatclips(  290): Found widget: id=-1 (android.widget.ImageView@405a3038)
D/nofatclips(  290): Found widget: id=2131165250 (org.wordpress.android.util.WPTitleBar@4059ca10)
D/nofatclips(  290): Found widget: id=2131165195 (android.widget.RelativeLayout@4050efe8)
D/nofatclips(  290): Found widget: id=2131165196 (android.widget.RelativeLayout@40569298)
D/nofatclips(  290): Found widget: id=2131165197 (android.widget.ImageView@4059dca8)
D/nofatclips(  290): Found widget: id=2131165198 (android.widget.TextView@40542608): Katie's Sweet Testing Blog
D/nofatclips(  290): Found widget: id=2131165199 (android.widget.ImageView@4055de98)
D/nofatclips(  290): Found widget: id=-1 (android.widget.RelativeLayout@4057a200)
D/nofatclips(  290): Found widget: id=2131165200 (android.widget.ImageButton@4059e1d0)
D/nofatclips(  290): Found widget: id=-1 (android.widget.FrameLayout@4057b758)
D/nofatclips(  290): Found widget: id=2131165201 (android.widget.Button@40542fd0): 
D/nofatclips(  290): Found widget: id=2131165202 (android.widget.ImageView@40594608)
D/nofatclips(  290): Found widget: id=2131165203 (android.widget.ImageView@4053d7c8)
D/nofatclips(  290): Found widget: id=2131165204 (android.widget.LinearLayout@40569ea0)
D/nofatclips(  290): Found widget: id=-1 (android.widget.FrameLayout@4059da40)
D/nofatclips(  290): Found widget: id=-1 (android.widget.LinearLayout@40530970)
D/nofatclips(  290): Found widget: id=-1 (android.widget.LinearLayout@4050edf8)
D/nofatclips(  290): Found widget: id=-1 (android.widget.LinearLayout@4052ff90)
D/nofatclips(  290): Found widget: id=2131165251 (android.widget.LinearLayout@40530648)
D/nofatclips(  290): Found widget: id=-1 (android.widget.ImageView@405910b0)
D/nofatclips(  290): Found widget: id=2131165256 (android.widget.TextView@4056bb98): New Post
D/nofatclips(  290): Found widget: id=2131165253 (android.widget.LinearLayout@4059cc48)
D/nofatclips(  290): Found widget: id=-1 (android.widget.ImageView@405319b0)
D/nofatclips(  290): Found widget: id=2131165256 (android.widget.TextView@4056c4d0): New Page
D/nofatclips(  290): Found widget: id=-1 (android.widget.LinearLayout@40533c68)
D/nofatclips(  290): Found widget: id=2131165252 (android.widget.LinearLayout@40531658)
D/nofatclips(  290): Found widget: id=-1 (android.widget.ImageView@405396e0)
D/nofatclips(  290): Found widget: id=2131165256 (android.widget.TextView@405786c8): Quick Photo
D/nofatclips(  290): Found widget: id=2131165254 (android.widget.LinearLayout@405481d8)
D/nofatclips(  290): Found widget: id=-1 (android.widget.ImageView@40532550)
D/nofatclips(  290): Found widget: id=2131165256 (android.widget.TextView@40578f38): Quick Video
D/nofatclips(  290): Found widget: id=-1 (android.widget.LinearLayout@4052f400)
D/nofatclips(  290): Found widget: id=-1 (android.widget.LinearLayout@40534c20)
D/nofatclips(  290): Found widget: id=2131165255 (android.widget.LinearLayout@40535ee8)
D/nofatclips(  290): Found widget: id=-1 (android.widget.ImageView@40541238)
D/nofatclips(  290): Found widget: id=2131165256 (android.widget.TextView@405795c0): Posts
D/nofatclips(  290): Found widget: id=2131165257 (android.widget.LinearLayout@40546950)
D/nofatclips(  290): Found widget: id=-1 (android.widget.ImageView@405695b0)
D/nofatclips(  290): Found widget: id=2131165256 (android.widget.TextView@40538218): Pages
D/nofatclips(  290): Found widget: id=-1 (android.widget.FrameLayout@40535228)
D/nofatclips(  290): Found widget: id=2131165258 (android.widget.LinearLayout@40540f10)
D/nofatclips(  290): Found widget: id=-1 (android.widget.ImageView@40537928)
D/nofatclips(  290): Found widget: id=2131165256 (android.widget.TextView@4053a1c8): Comments
D/nofatclips(  290): Found widget: id=2131165259 (android.widget.FrameLayout@40545400)
D/nofatclips(  290): Found widget: id=2131165260 (android.widget.ImageView@40546f20)
D/nofatclips(  290): Found widget: id=2131165261 (org.wordpress.android.util.CommentBadgeTextView@4053b1e0): 0
D/nofatclips(  290): Found widget: id=-1 (android.widget.LinearLayout@40539fa0)
D/nofatclips(  290): Found widget: id=2131165262 (android.widget.LinearLayout@405415b8)
D/nofatclips(  290): Found widget: id=-1 (android.widget.ImageView@40541ec0)
D/nofatclips(  290): Found widget: id=2131165256 (android.widget.TextView@40541800): Settings
D/nofatclips(  290): Found widget: id=2131165263 (android.widget.LinearLayout@40544e58)
D/nofatclips(  290): Found widget: id=-1 (android.widget.ImageView@40560db0)
D/nofatclips(  290): Found widget: id=2131165256 (android.widget.TextView@40543b40): Read
D/nofatclips(  290): Found widget: id=2131165264 (android.widget.LinearLayout@40562498)
D/nofatclips(  290): Found widget: id=-1 (android.widget.ImageView@40564d50)
D/nofatclips(  290): Found widget: id=2131165256 (android.widget.TextView@40550898): Stats
D/nofatclips(  290): Found widget: id=-1 (com.android.internal.policy.impl.PhoneWindow$DecorView@405a0e88)
V/nicola  (  290): TextualID : blog_title
V/nicola  (  290): ContentType detected : default
V/nicola  (  290): TextualID : action_refresh
V/nicola  (  290): ContentType detected : default
V/nicola  (  290): TextualID : button_text
V/nicola  (  290): ContentType detected : default
V/nicola  (  290): TextualID : button_text
V/nicola  (  290): ContentType detected : default
V/nicola  (  290): TextualID : button_text
V/nicola  (  290): ContentType detected : default
V/nicola  (  290): TextualID : button_text
V/nicola  (  290): ContentType detected : default
V/nicola  (  290): TextualID : button_text
V/nicola  (  290): ContentType detected : default
V/nicola  (  290): TextualID : button_text
V/nicola  (  290): ContentType detected : default
V/nicola  (  290): TextualID : button_text
V/nicola  (  290): ContentType detected : default
V/nicola  (  290): TextualID : button_text
V/nicola  (  290): ContentType detected : default
V/nicola  (  290): TextualID : button_text
V/nicola  (  290): ContentType detected : default
V/nicola  (  290): TextualID : button_text
V/nicola  (  290): ContentType detected : default
I/nofatclips(  290): Performing comparation for activity Dashboard
D/nofatclips(  290): Comparing against activity Dashboard
D/nofatclips(  290): Comparing against activity NewAccount
D/nofatclips(  290): Comparing against activity NewAccount
D/nofatclips(  290): Comparing against activity Dashboard
I/nofatclips(  290): Registering activity Dashboard (id: a5) as a new found state
D/nofatclips(  290): Performing backup of the old activity list on disk
D/nofatclips(  290): Saving new found state 'a5' on disk
V/nofatclips(  290): Opening state file in append mode.
I/nofatclips(  290): Saved image on disk: a5.jpg
I/nofatclips(  290): Waiting for 100 msec.
I/nofatclips(  290): Session count is 1. Will dump to disk at 1
I/nofatclips(  290): Saving the session on disk.
I/nofatclips(  290): Planning for new Activity Dashboard
D/nofatclips(  290): Handling event 'click' on widget id=2131165200 type=button name=
D/nofatclips(  290): Handling event 'click' on widget id=2131165201 type=button name=
D/nofatclips(  290): Handling event 'click' on widget id=2131165204 type=linearLayout name=
D/nofatclips(  290): Handling event 'click' on widget id=2131165251 type=linearLayout name=
D/nofatclips(  290): Handling event 'click' on widget id=2131165253 type=linearLayout name=
D/nofatclips(  290): Handling event 'click' on widget id=2131165252 type=linearLayout name=
I/dalvikvm(  290): Jit: resizing JitTable from 1024 to 2048
D/nofatclips(  290): Handling event 'click' on widget id=2131165254 type=linearLayout name=
D/dalvikvm(  290): GC_CONCURRENT freed 1684K, 56% free 3442K/7751K, external 4333K/4424K, paused 3ms+5ms
D/nofatclips(  290): Handling event 'click' on widget id=2131165255 type=linearLayout name=
D/nofatclips(  290): Handling event 'click' on widget id=2131165257 type=linearLayout name=
D/nofatclips(  290): Handling event 'click' on widget id=2131165258 type=linearLayout name=
D/nofatclips(  290): Handling event 'click' on widget id=2131165262 type=linearLayout name=
D/nofatclips(  290): Handling event 'click' on widget id=2131165263 type=linearLayout name=
D/nofatclips(  290): Handling event 'click' on widget id=2131165264 type=linearLayout name=
I/nofatclips(  290): Created trace to press the back button
I/nofatclips(  290): Created trace to press the menu button
I/nofatclips(  290): Created trace to change orientation
I/nofatclips(  290): Check for termination: 96 steps left of 100
I/nofatclips(  290): Dispatching new task. 2 more tasks remaining.
D/nofatclips(  290): Performing backup of the old task list on disk
D/nofatclips(  290): Saving task list on disk
V/nofatclips(  290): Backing up trace #33 to disk.
V/nofatclips(  290): Backing up trace #34 to disk.
D/nofatclips(  290): Deleting backup of the old task list from disk
D/nofatclips(  290): Deleting backup of the old activity list from disk
I/nofatclips(  290): Incrementally Playing Trace 34
I/nofatclips(  290): Retrieved from return list id=2131165200
D/nofatclips(  290): Testing for type (android.widget.ImageButton) against the original (android.widget.ImageButton)
D/nofatclips(  290): Testing for name () against the original ()
I/nofatclips(  290): Firing event: type= click index=11 widget=android.widget.ImageButton
D/dalvikvm(  290): GC_CONCURRENT freed 1871K, 58% free 3338K/7815K, external 2044K/2556K, paused 4ms+3ms
W/KeyCharacterMap(  290): No keyboard for id 0
W/KeyCharacterMap(  290): Using default keymap: /system/usr/keychars/qwerty.kcm.bin
I/nofatclips(  290): Waiting for 100 msec.
I/nofatclips(  290): Current activity is Dashboard
I/nofatclips(  290): Retrieving widgets
D/nofatclips(  290): Found widget: id=16908290 (android.widget.FrameLayout@405a1788)
D/nofatclips(  290): Found widget: id=2131165248 (android.widget.RelativeLayout@405a2488)
D/nofatclips(  290): Found widget: id=2131165249 (android.widget.LinearLayout@405a2af0)
D/nofatclips(  290): Found widget: id=-1 (android.widget.ImageView@405a3038)
D/nofatclips(  290): Found widget: id=2131165250 (org.wordpress.android.util.WPTitleBar@4059ca10)
D/nofatclips(  290): Found widget: id=2131165195 (android.widget.RelativeLayout@4050efe8)
D/nofatclips(  290): Found widget: id=2131165196 (android.widget.RelativeLayout@40569298)
D/nofatclips(  290): Found widget: id=2131165197 (android.widget.ImageView@4059dca8)
D/nofatclips(  290): Found widget: id=2131165198 (android.widget.TextView@40542608): Katie's Sweet Testing Blog
D/nofatclips(  290): Found widget: id=2131165199 (android.widget.ImageView@4055de98)
D/nofatclips(  290): Found widget: id=-1 (android.widget.RelativeLayout@4057a200)
D/nofatclips(  290): Found widget: id=2131165200 (android.widget.ImageButton@4059e1d0)
D/nofatclips(  290): Found widget: id=-1 (android.widget.FrameLayout@4057b758)
D/nofatclips(  290): Found widget: id=2131165201 (android.widget.Button@40542fd0): 
D/nofatclips(  290): Found widget: id=2131165202 (android.widget.ImageView@40594608)
D/nofatclips(  290): Found widget: id=2131165203 (android.widget.ImageView@4053d7c8)
D/nofatclips(  290): Found widget: id=2131165204 (android.widget.LinearLayout@40569ea0)
D/nofatclips(  290): Found widget: id=-1 (android.widget.FrameLayout@4059da40)
D/nofatclips(  290): Found widget: id=-1 (android.widget.LinearLayout@40530970)
D/nofatclips(  290): Found widget: id=-1 (android.widget.LinearLayout@4050edf8)
D/nofatclips(  290): Found widget: id=-1 (android.widget.LinearLayout@4052ff90)
D/nofatclips(  290): Found widget: id=2131165251 (android.widget.LinearLayout@40530648)
D/nofatclips(  290): Found widget: id=-1 (android.widget.ImageView@405910b0)
D/nofatclips(  290): Found widget: id=2131165256 (android.widget.TextView@4056bb98): New Post
D/nofatclips(  290): Found widget: id=2131165253 (android.widget.LinearLayout@4059cc48)
D/nofatclips(  290): Found widget: id=-1 (android.widget.ImageView@405319b0)
D/nofatclips(  290): Found widget: id=2131165256 (android.widget.TextView@4056c4d0): New Page
D/nofatclips(  290): Found widget: id=-1 (android.widget.LinearLayout@40533c68)
D/nofatclips(  290): Found widget: id=2131165252 (android.widget.LinearLayout@40531658)
D/nofatclips(  290): Found widget: id=-1 (android.widget.ImageView@405396e0)
D/nofatclips(  290): Found widget: id=2131165256 (android.widget.TextView@405786c8): Quick Photo
D/nofatclips(  290): Found widget: id=2131165254 (android.widget.LinearLayout@405481d8)
D/nofatclips(  290): Found widget: id=-1 (android.widget.ImageView@40532550)
D/nofatclips(  290): Found widget: id=2131165256 (android.widget.TextView@40578f38): Quick Video
D/nofatclips(  290): Found widget: id=-1 (android.widget.LinearLayout@4052f400)
D/nofatclips(  290): Found widget: id=-1 (android.widget.LinearLayout@40534c20)
D/nofatclips(  290): Found widget: id=2131165255 (android.widget.LinearLayout@40535ee8)
D/nofatclips(  290): Found widget: id=-1 (android.widget.ImageView@40541238)
D/nofatclips(  290): Found widget: id=2131165256 (android.widget.TextView@405795c0): Posts
D/nofatclips(  290): Found widget: id=2131165257 (android.widget.LinearLayout@40546950)
D/nofatclips(  290): Found widget: id=-1 (android.widget.ImageView@405695b0)
D/nofatclips(  290): Found widget: id=2131165256 (android.widget.TextView@40538218): Pages
D/nofatclips(  290): Found widget: id=-1 (android.widget.FrameLayout@40535228)
D/nofatclips(  290): Found widget: id=2131165258 (android.widget.LinearLayout@40540f10)
D/nofatclips(  290): Found widget: id=-1 (android.widget.ImageView@40537928)
D/nofatclips(  290): Found widget: id=2131165256 (android.widget.TextView@4053a1c8): Comments
D/nofatclips(  290): Found widget: id=2131165259 (android.widget.FrameLayout@40545400)
D/nofatclips(  290): Found widget: id=2131165260 (android.widget.ImageView@40546f20)
D/nofatclips(  290): Found widget: id=2131165261 (org.wordpress.android.util.CommentBadgeTextView@4053b1e0): 0
D/nofatclips(  290): Found widget: id=-1 (android.widget.LinearLayout@40539fa0)
D/nofatclips(  290): Found widget: id=2131165262 (android.widget.LinearLayout@405415b8)
D/nofatclips(  290): Found widget: id=-1 (android.widget.ImageView@40541ec0)
D/nofatclips(  290): Found widget: id=2131165256 (android.widget.TextView@40541800): Settings
D/nofatclips(  290): Found widget: id=2131165263 (android.widget.LinearLayout@40544e58)
D/nofatclips(  290): Found widget: id=-1 (android.widget.ImageView@40560db0)
D/nofatclips(  290): Found widget: id=2131165256 (android.widget.TextView@40543b40): Read
D/nofatclips(  290): Found widget: id=2131165264 (android.widget.LinearLayout@40562498)
D/nofatclips(  290): Found widget: id=-1 (android.widget.ImageView@40564d50)
D/nofatclips(  290): Found widget: id=2131165256 (android.widget.TextView@40550898): Stats
D/nofatclips(  290): Found widget: id=-1 (com.android.internal.policy.impl.PhoneWindow$DecorView@405a0e88)
V/nicola  (  290): TextualID : blog_title
V/nicola  (  290): ContentType detected : default
V/nicola  (  290): TextualID : action_refresh
V/nicola  (  290): ContentType detected : default
I/nofatclips(  290): Performing comparation for activity Dashboard
D/nofatclips(  290): Comparing against activity Dashboard
D/nofatclips(  290): Comparing against activity NewAccount
D/nofatclips(  290): Comparing against activity Dashboard
D/nofatclips(  290): Comparing against activity NewAccount
D/nofatclips(  290): Comparing against activity Dashboard
I/nofatclips(  290): Registering activity Dashboard (id: a6) as a new found state
D/nofatclips(  290): Performing backup of the old activity list on disk
D/nofatclips(  290): Saving new found state 'a6' on disk
V/nofatclips(  290): Opening state file in append mode.
D/dalvikvm(  290): GC_EXTERNAL_ALLOC freed 583K, 58% free 3339K/7815K, external 2052K/2465K, paused 116ms
I/nofatclips(  290): Saved image on disk: a6.jpg
I/nofatclips(  290): Waiting for 100 msec.
I/nofatclips(  290): Session count is 1. Will dump to disk at 1
I/nofatclips(  290): Saving the session on disk.
I/nofatclips(  290): Planning for new Activity Dashboard
D/nofatclips(  290): Handling event 'click' on widget id=2131165200 type=button name=
D/nofatclips(  290): Handling event 'click' on widget id=2131165201 type=button name=
I/nofatclips(  290): Created trace to press the back button
I/nofatclips(  290): Created trace to press the menu button
I/nofatclips(  290): Created trace to change orientation
I/nofatclips(  290): Check for termination: 95 steps left of 100
I/nofatclips(  290): Dispatching new task. 2 more tasks remaining.
D/nofatclips(  290): Performing backup of the old task list on disk
D/nofatclips(  290): Saving task list on disk
V/nofatclips(  290): Backing up trace #37 to disk.
V/nofatclips(  290): Backing up trace #38 to disk.
D/nofatclips(  290): Deleting backup of the old task list from disk
D/nofatclips(  290): Deleting backup of the old activity list from disk
I/dalvikvm(  290): Total arena pages for JIT: 11
I/nofatclips(  290): Incrementally Playing Trace 38
I/nofatclips(  290): Retrieved from return list id=2131165200
D/nofatclips(  290): Testing for type (android.widget.ImageButton) against the original (android.widget.ImageButton)
D/nofatclips(  290): Testing for name () against the original ()
I/nofatclips(  290): Firing event: type= click index=11 widget=android.widget.ImageButton
D/dalvikvm(  290): GC_CONCURRENT freed 814K, 58% free 3352K/7815K, external 2644K/3302K, paused 5ms+6ms
W/KeyCharacterMap(  290): No keyboard for id 0
W/KeyCharacterMap(  290): Using default keymap: /system/usr/keychars/qwerty.kcm.bin
I/nofatclips(  290): Waiting for 100 msec.
I/nofatclips(  290): Current activity is Dashboard
I/nofatclips(  290): Retrieving widgets
D/nofatclips(  290): Found widget: id=16908290 (android.widget.FrameLayout@405a1788)
D/nofatclips(  290): Found widget: id=2131165248 (android.widget.RelativeLayout@405a2488)
D/nofatclips(  290): Found widget: id=2131165249 (android.widget.LinearLayout@405a2af0)
D/nofatclips(  290): Found widget: id=-1 (android.widget.ImageView@405a3038)
D/nofatclips(  290): Found widget: id=2131165250 (org.wordpress.android.util.WPTitleBar@4059ca10)
D/nofatclips(  290): Found widget: id=2131165195 (android.widget.RelativeLayout@4050efe8)
D/nofatclips(  290): Found widget: id=2131165196 (android.widget.RelativeLayout@40569298)
D/nofatclips(  290): Found widget: id=2131165197 (android.widget.ImageView@4059dca8)
D/nofatclips(  290): Found widget: id=2131165198 (android.widget.TextView@40542608): Katie's Sweet Testing Blog
D/nofatclips(  290): Found widget: id=2131165199 (android.widget.ImageView@4055de98)
D/nofatclips(  290): Found widget: id=-1 (android.widget.RelativeLayout@4057a200)
D/nofatclips(  290): Found widget: id=2131165200 (android.widget.ImageButton@4059e1d0)
D/nofatclips(  290): Found widget: id=-1 (android.widget.FrameLayout@4057b758)
D/nofatclips(  290): Found widget: id=2131165201 (android.widget.Button@40542fd0): 
D/nofatclips(  290): Found widget: id=2131165202 (android.widget.ImageView@40594608)
D/nofatclips(  290): Found widget: id=2131165203 (android.widget.ImageView@4053d7c8)
D/nofatclips(  290): Found widget: id=2131165204 (android.widget.LinearLayout@40569ea0)
D/nofatclips(  290): Found widget: id=-1 (android.widget.FrameLayout@4059da40)
D/nofatclips(  290): Found widget: id=-1 (android.widget.LinearLayout@40530970)
D/nofatclips(  290): Found widget: id=-1 (android.widget.LinearLayout@4050edf8)
D/nofatclips(  290): Found widget: id=-1 (android.widget.LinearLayout@4052ff90)
D/nofatclips(  290): Found widget: id=2131165251 (android.widget.LinearLayout@40530648)
D/nofatclips(  290): Found widget: id=-1 (android.widget.ImageView@405910b0)
D/nofatclips(  290): Found widget: id=2131165256 (android.widget.TextView@4056bb98): New Post
D/nofatclips(  290): Found widget: id=2131165253 (android.widget.LinearLayout@4059cc48)
D/nofatclips(  290): Found widget: id=-1 (android.widget.ImageView@405319b0)
D/nofatclips(  290): Found widget: id=2131165256 (android.widget.TextView@4056c4d0): New Page
D/nofatclips(  290): Found widget: id=-1 (android.widget.LinearLayout@40533c68)
D/nofatclips(  290): Found widget: id=2131165252 (android.widget.LinearLayout@40531658)
D/nofatclips(  290): Found widget: id=-1 (android.widget.ImageView@405396e0)
D/nofatclips(  290): Found widget: id=2131165256 (android.widget.TextView@405786c8): Quick Photo
D/nofatclips(  290): Found widget: id=2131165254 (android.widget.LinearLayout@405481d8)
D/nofatclips(  290): Found widget: id=-1 (android.widget.ImageView@40532550)
D/nofatclips(  290): Found widget: id=2131165256 (android.widget.TextView@40578f38): Quick Video
D/nofatclips(  290): Found widget: id=-1 (android.widget.LinearLayout@4052f400)
D/nofatclips(  290): Found widget: id=-1 (android.widget.LinearLayout@40534c20)
D/nofatclips(  290): Found widget: id=2131165255 (android.widget.LinearLayout@40535ee8)
D/nofatclips(  290): Found widget: id=-1 (android.widget.ImageView@40541238)
D/nofatclips(  290): Found widget: id=2131165256 (android.widget.TextView@405795c0): Posts
D/nofatclips(  290): Found widget: id=2131165257 (android.widget.LinearLayout@40546950)
D/nofatclips(  290): Found widget: id=-1 (android.widget.ImageView@405695b0)
D/nofatclips(  290): Found widget: id=2131165256 (android.widget.TextView@40538218): Pages
D/nofatclips(  290): Found widget: id=-1 (android.widget.FrameLayout@40535228)
D/nofatclips(  290): Found widget: id=2131165258 (android.widget.LinearLayout@40540f10)
D/nofatclips(  290): Found widget: id=-1 (android.widget.ImageView@40537928)
D/nofatclips(  290): Found widget: id=2131165256 (android.widget.TextView@4053a1c8): Comments
D/nofatclips(  290): Found widget: id=2131165259 (android.widget.FrameLayout@40545400)
D/nofatclips(  290): Found widget: id=2131165260 (android.widget.ImageView@40546f20)
D/nofatclips(  290): Found widget: id=2131165261 (org.wordpress.android.util.CommentBadgeTextView@4053b1e0): 0
D/nofatclips(  290): Found widget: id=-1 (android.widget.LinearLayout@40539fa0)
D/nofatclips(  290): Found widget: id=2131165262 (android.widget.LinearLayout@405415b8)
D/nofatclips(  290): Found widget: id=-1 (android.widget.ImageView@40541ec0)
D/nofatclips(  290): Found widget: id=2131165256 (android.widget.TextView@40541800): Settings
D/nofatclips(  290): Found widget: id=2131165263 (android.widget.LinearLayout@40544e58)
