I/nofatclips(  290): Dispatching new task. 2 more tasks remaining.
D/nofatclips(  290): Performing backup of the old task list on disk
D/nofatclips(  290): Saving task list on disk
V/nofatclips(  290): Backing up trace #210 to disk.
V/nofatclips(  290): Backing up trace #211 to disk.
D/dalvikvm(  290): GC_FOR_MALLOC freed 1204K, 48% free 5182K/9927K, external 4939K/6168K, paused 51ms
D/nofatclips(  290): Deleting backup of the old task list from disk
D/nofatclips(  290): Deleting backup of the old activity list from disk
I/nofatclips(  290): Incrementally Playing Trace 211
I/nofatclips(  290): Retrieved from return list id=2131165291
D/nofatclips(  290): Testing for type (android.widget.ToggleButton) against the original (android.widget.ToggleButton)
D/nofatclips(  290): Testing for name (I ) against the original (I )
I/nofatclips(  290): Firing event: type= click index=8 widget=android.widget.ToggleButton
W/KeyCharacterMap(  290): No keyboard for id 0
W/KeyCharacterMap(  290): Using default keymap: /system/usr/keychars/qwerty.kcm.bin
D/nofatclips(  290): Event description: I 
I/nofatclips(  290): Waiting for 100 msec.
I/nofatclips(  290): Current activity is EditContent
I/nofatclips(  290): Retrieving widgets
D/nofatclips(  290): Found widget: id=16908290 (android.widget.FrameLayout@4085bf18)
D/nofatclips(  290): Found widget: id=-1 (android.widget.LinearLayout@408c7da8)
D/nofatclips(  290): Found widget: id=-1 (android.widget.LinearLayout@408ff0e8)
D/nofatclips(  290): Found widget: id=2131165265 (org.wordpress.android.util.WPEditText@406ef020): 
D/nofatclips(  290): 
D/nofatclips(  290): ........More
D/nofatclips(  290): 
D/nofatclips(  290): https://katiemalone1990.wordpress.com/2016/06/23/90-4/
D/nofatclips(  290): 
D/nofatclips(  290): Found widget: id=2131165289 (android.widget.RelativeLayout@40646e80)
D/nofatclips(  290): Found widget: id=-1 (android.widget.HorizontalScrollView@405cf7f0)
D/nofatclips(  290): Found widget: id=-1 (android.widget.RelativeLayout@406af768)
D/nofatclips(  290): Found widget: id=2131165290 (android.widget.ToggleButton@40607940): B
D/nofatclips(  290): Found widget: id=2131165291 (android.widget.ToggleButton@40630218): I 
D/nofatclips(  290): Found widget: id=2131165292 (android.widget.ToggleButton@406911d0):  U 
D/nofatclips(  290): Found widget: id=2131165293 (android.widget.ToggleButton@407ed7a8):  ABC 
D/nofatclips(  290): Found widget: id=2131165294 (android.widget.Button@4076ae88):  link 
D/nofatclips(  290): Found widget: id=2131165295 (android.widget.ToggleButton@407f9fd0): "
D/nofatclips(  290): Found widget: id=2131165296 (android.widget.Button@408c7f60): More
D/nofatclips(  290): Found widget: id=2131165297 (android.widget.ImageButton@4063c9e8)
D/nofatclips(  290): Found widget: id=-1 (com.android.internal.policy.impl.PhoneWindow$DecorView@405c80f8)
V/ReflectionHelper(  290): org.wordpress.android.util.WPEditText > mOnFocusChangeListener FOUND | ACTIVE
V/nicola  (  290): TextualID : postContent
V/nicola  (  290): ContentType detected : url
V/nicola  (  290): TextualID : bold
V/nicola  (  290): ContentType detected : default
V/nicola  (  290): TextualID : em
V/nicola  (  290): ContentType detected : default
V/nicola  (  290): TextualID : underline
V/nicola  (  290): ContentType detected : default
V/nicola  (  290): TextualID : strike
V/nicola  (  290): ContentType detected : default
V/nicola  (  290): TextualID : link
V/nicola  (  290): ContentType detected : default
V/nicola  (  290): TextualID : bquote
V/nicola  (  290): ContentType detected : default
V/nicola  (  290): TextualID : more
V/nicola  (  290): ContentType detected : default
I/nofatclips(  290): Performing comparation for activity EditContent
D/nofatclips(  290): Comparing against activity Dashboard
D/nofatclips(  290): Comparing against activity EditPost
D/nofatclips(  290): Comparing against activity Posts
D/nofatclips(  290): Comparing against activity EditPost
D/nofatclips(  290): Comparing against activity Posts
D/nofatclips(  290): Comparing against activity ChooserActivity
D/nofatclips(  290): Comparing against activity Dashboard
D/nofatclips(  290): Comparing against activity Dashboard
D/nofatclips(  290): Comparing against activity EditPost
D/nofatclips(  290): Comparing against activity NewAccount
D/nofatclips(  290): Comparing against activity Dashboard
D/nofatclips(  290): Comparing against activity EditPost
D/nofatclips(  290): Comparing against activity Posts
D/nofatclips(  290): Comparing against activity EditContent
D/nofatclips(  290): Comparing against activity Posts
D/nofatclips(  290): Comparing against activity EditContent
D/nofatclips(  290): Comparing against activity Posts
D/nofatclips(  290): Comparing against activity Dashboard
D/nofatclips(  290): Comparing against activity Posts
D/nofatclips(  290): Comparing against activity EditContent
D/nofatclips(  290): Comparing against activity NewAccount
D/nofatclips(  290): Comparing against activity Posts
I/nofatclips(  290): Registering activity EditContent (id: a23) as a new found state
D/nofatclips(  290): Performing backup of the old activity list on disk
D/nofatclips(  290): Saving new found state 'a23' on disk
V/nofatclips(  290): Opening state file in append mode.
I/nofatclips(  290): Saved image on disk: a23.jpg
I/nofatclips(  290): Waiting for 100 msec.
I/nofatclips(  290): Session count is 1. Will dump to disk at 1
I/nofatclips(  290): Saving the session on disk.
D/dalvikvm(  290): GC_FOR_MALLOC freed 879K, 48% free 5176K/9927K, external 5539K/6168K, paused 119ms
I/nofatclips(  290): Planning for new Activity EditContent
D/nofatclips(  290): Handling event 'focus' on widget id=2131165265 type=focusableEditText name=Content
D/nofatclips(  290): Handling event 'click' on widget id=2131165290 type=toggle name=B
D/nofatclips(  290): Handling event 'click' on widget id=2131165291 type=toggle name=I 
D/nofatclips(  290): Handling event 'click' on widget id=2131165292 type=toggle name= U 
D/nofatclips(  290): Handling event 'click' on widget id=2131165293 type=toggle name= ABC 
D/nofatclips(  290): Handling event 'click' on widget id=2131165294 type=button name= link 
D/nofatclips(  290): Handling event 'click' on widget id=2131165295 type=toggle name="
D/nofatclips(  290): Handling event 'click' on widget id=2131165296 type=button name=More
D/nofatclips(  290): Handling event 'click' on widget id=2131165297 type=button name=
I/nofatclips(  290): Created trace to press the back button
I/nofatclips(  290): Created trace to press the menu button
I/nofatclips(  290): Created trace to change orientation
D/dalvikvm(  290): GC_CONCURRENT freed 2008K, 48% free 5216K/9927K, external 4939K/6168K, paused 5ms+5ms
I/nofatclips(  290): Check for termination: 78 steps left of 100
I/nofatclips(  290): Dispatching new task. 2 more tasks remaining.
D/nofatclips(  290): Performing backup of the old task list on disk
D/nofatclips(  290): Saving task list on disk
V/nofatclips(  290): Backing up trace #222 to disk.
V/nofatclips(  290): Backing up trace #223 to disk.
D/dalvikvm(  290): GC_FOR_MALLOC freed 1302K, 48% free 5235K/9927K, external 4939K/6168K, paused 52ms
D/nofatclips(  290): Deleting backup of the old task list from disk
D/nofatclips(  290): Deleting backup of the old activity list from disk
I/nofatclips(  290): Incrementally Playing Trace 223
D/nofatclips(  290): Firing event: type= back
I/nofatclips(  290): Waiting for 100 msec.
I/nofatclips(  290): Current activity is EditContent
I/nofatclips(  290): Retrieving widgets
D/nofatclips(  290): Found widget: id=16908290 (android.widget.FrameLayout@4085bf18)
D/nofatclips(  290): Found widget: id=-1 (android.widget.LinearLayout@408c7da8)
D/nofatclips(  290): Found widget: id=-1 (android.widget.LinearLayout@408ff0e8)
D/nofatclips(  290): Found widget: id=2131165265 (org.wordpress.android.util.WPEditText@406ef020): 
D/nofatclips(  290): 
D/nofatclips(  290): ........More
D/nofatclips(  290): 
D/nofatclips(  290): https://katiemalone1990.wordpress.com/2016/06/23/90-4/
D/nofatclips(  290): 
D/nofatclips(  290): Found widget: id=2131165289 (android.widget.RelativeLayout@40646e80)
D/nofatclips(  290): Found widget: id=-1 (android.widget.HorizontalScrollView@405cf7f0)
D/nofatclips(  290): Found widget: id=-1 (android.widget.RelativeLayout@406af768)
D/nofatclips(  290): Found widget: id=2131165290 (android.widget.ToggleButton@40607940): B
D/nofatclips(  290): Found widget: id=2131165291 (android.widget.ToggleButton@40630218): I 
D/nofatclips(  290): Found widget: id=2131165292 (android.widget.ToggleButton@406911d0):  U 
D/nofatclips(  290): Found widget: id=2131165293 (android.widget.ToggleButton@407ed7a8):  ABC 
D/nofatclips(  290): Found widget: id=2131165294 (android.widget.Button@4076ae88):  link 
D/nofatclips(  290): Found widget: id=2131165295 (android.widget.ToggleButton@407f9fd0): "
D/nofatclips(  290): Found widget: id=2131165296 (android.widget.Button@408c7f60): More
D/nofatclips(  290): Found widget: id=2131165297 (android.widget.ImageButton@4063c9e8)
D/nofatclips(  290): Found widget: id=-1 (com.android.internal.policy.impl.PhoneWindow$DecorView@405c80f8)
V/ReflectionHelper(  290): org.wordpress.android.util.WPEditText > mOnFocusChangeListener FOUND | ACTIVE
V/nicola  (  290): TextualID : postContent
V/nicola  (  290): ContentType detected : url
V/nicola  (  290): TextualID : bold
V/nicola  (  290): ContentType detected : default
V/nicola  (  290): TextualID : em
V/nicola  (  290): ContentType detected : default
V/nicola  (  290): TextualID : underline
V/nicola  (  290): ContentType detected : default
V/nicola  (  290): TextualID : strike
V/nicola  (  290): ContentType detected : default
V/nicola  (  290): TextualID : link
V/nicola  (  290): ContentType detected : default
V/nicola  (  290): TextualID : bquote
V/nicola  (  290): ContentType detected : default
V/nicola  (  290): TextualID : more
V/nicola  (  290): ContentType detected : default
I/nofatclips(  290): Performing comparation for activity EditContent
D/nofatclips(  290): Comparing against activity Dashboard
D/nofatclips(  290): Comparing against activity EditPost
D/nofatclips(  290): Comparing against activity Posts
D/nofatclips(  290): Comparing against activity EditPost
D/nofatclips(  290): Comparing against activity Posts
D/nofatclips(  290): Comparing against activity ChooserActivity
D/nofatclips(  290): Comparing against activity Dashboard
D/nofatclips(  290): Comparing against activity Dashboard
D/nofatclips(  290): Comparing against activity EditPost
D/nofatclips(  290): Comparing against activity EditContent
D/nofatclips(  290): Comparing against activity NewAccount
D/nofatclips(  290): Comparing against activity Dashboard
D/nofatclips(  290): Comparing against activity EditPost
D/nofatclips(  290): Comparing against activity Posts
D/nofatclips(  290): Comparing against activity EditContent
D/nofatclips(  290): Comparing against activity Posts
D/nofatclips(  290): Comparing against activity EditContent
D/nofatclips(  290): Comparing against activity Posts
D/nofatclips(  290): Comparing against activity Dashboard
D/nofatclips(  290): Comparing against activity Posts
D/nofatclips(  290): Comparing against activity EditContent
D/nofatclips(  290): Comparing against activity NewAccount
D/nofatclips(  290): Comparing against activity Posts
I/nofatclips(  290): Registering activity EditContent (id: a24) as a new found state
D/nofatclips(  290): Performing backup of the old activity list on disk
D/nofatclips(  290): Saving new found state 'a24' on disk
V/nofatclips(  290): Opening state file in append mode.
I/nofatclips(  290): Saved image on disk: a24.jpg
I/nofatclips(  290): Waiting for 100 msec.
I/nofatclips(  290): Session count is 1. Will dump to disk at 1
I/nofatclips(  290): Saving the session on disk.
D/dalvikvm(  290): GC_FOR_MALLOC freed 730K, 48% free 5189K/9927K, external 5539K/6168K, paused 117ms
I/nofatclips(  290): Planning for new Activity EditContent
D/nofatclips(  290): Handling event 'focus' on widget id=2131165265 type=focusableEditText name=Content
D/nofatclips(  290): Handling event 'click' on widget id=2131165290 type=toggle name=B
D/nofatclips(  290): Handling event 'click' on widget id=2131165291 type=toggle name=I 
D/nofatclips(  290): Handling event 'click' on widget id=2131165292 type=toggle name= U 
D/nofatclips(  290): Handling event 'click' on widget id=2131165293 type=toggle name= ABC 
D/nofatclips(  290): Handling event 'click' on widget id=2131165294 type=button name= link 
D/nofatclips(  290): Handling event 'click' on widget id=2131165295 type=toggle name="
D/nofatclips(  290): Handling event 'click' on widget id=2131165296 type=button name=More
D/nofatclips(  290): Handling event 'click' on widget id=2131165297 type=button name=
I/nofatclips(  290): Created trace to press the back button
I/nofatclips(  290): Created trace to press the menu button
I/nofatclips(  290): Created trace to change orientation
D/dalvikvm(  290): GC_CONCURRENT freed 2001K, 48% free 5236K/9927K, external 4939K/6168K, paused 4ms+5ms
I/nofatclips(  290): Check for termination: 77 steps left of 100
I/nofatclips(  290): Dispatching new task. 2 more tasks remaining.
D/nofatclips(  290): Performing backup of the old task list on disk
D/nofatclips(  290): Saving task list on disk
V/nofatclips(  290): Backing up trace #234 to disk.
V/nofatclips(  290): Backing up trace #235 to disk.
D/dalvikvm(  290): GC_FOR_MALLOC freed 1356K, 47% free 5262K/9927K, external 4939K/6168K, paused 53ms
D/nofatclips(  290): Deleting backup of the old task list from disk
D/nofatclips(  290): Deleting backup of the old activity list from disk
I/nofatclips(  290): Incrementally Playing Trace 235
I/nofatclips(  290): Retrieved from return list id=2131165293
D/nofatclips(  290): Testing for type (android.widget.ToggleButton) against the original (android.widget.ToggleButton)
D/nofatclips(  290): Testing for name ( ABC ) against the original ( ABC )
I/nofatclips(  290): Firing event: type= click index=10 widget=android.widget.ToggleButton
W/KeyCharacterMap(  290): No keyboard for id 0
W/KeyCharacterMap(  290): Using default keymap: /system/usr/keychars/qwerty.kcm.bin
D/nofatclips(  290): Event description:  ABC 
I/nofatclips(  290): Waiting for 100 msec.
I/nofatclips(  290): Current activity is EditContent
I/nofatclips(  290): Retrieving widgets
D/nofatclips(  290): Found widget: id=16908290 (android.widget.FrameLayout@4085bf18)
D/nofatclips(  290): Found widget: id=-1 (android.widget.LinearLayout@408c7da8)
D/nofatclips(  290): Found widget: id=-1 (android.widget.LinearLayout@408ff0e8)
D/nofatclips(  290): Found widget: id=2131165265 (org.wordpress.android.util.WPEditText@406ef020): 
D/nofatclips(  290): 
D/nofatclips(  290): ........More
D/nofatclips(  290): 
D/nofatclips(  290): https://katiemalone1990.wordpress.com/2016/06/23/90-4/
D/nofatclips(  290): 
D/nofatclips(  290): Found widget: id=2131165289 (android.widget.RelativeLayout@40646e80)
D/nofatclips(  290): Found widget: id=-1 (android.widget.HorizontalScrollView@405cf7f0)
D/nofatclips(  290): Found widget: id=-1 (android.widget.RelativeLayout@406af768)
D/nofatclips(  290): Found widget: id=2131165290 (android.widget.ToggleButton@40607940): B
D/nofatclips(  290): Found widget: id=2131165291 (android.widget.ToggleButton@40630218): I 
D/nofatclips(  290): Found widget: id=2131165292 (android.widget.ToggleButton@406911d0):  U 
D/nofatclips(  290): Found widget: id=2131165293 (android.widget.ToggleButton@407ed7a8):  ABC 
D/nofatclips(  290): Found widget: id=2131165294 (android.widget.Button@4076ae88):  link 
D/nofatclips(  290): Found widget: id=2131165295 (android.widget.ToggleButton@407f9fd0): "
D/nofatclips(  290): Found widget: id=2131165296 (android.widget.Button@408c7f60): More
D/nofatclips(  290): Found widget: id=2131165297 (android.widget.ImageButton@4063c9e8)
D/nofatclips(  290): Found widget: id=-1 (com.android.internal.policy.impl.PhoneWindow$DecorView@405c80f8)
V/ReflectionHelper(  290): org.wordpress.android.util.WPEditText > mOnFocusChangeListener FOUND | ACTIVE
V/nicola  (  290): TextualID : postContent
V/nicola  (  290): ContentType detected : url
V/nicola  (  290): TextualID : bold
V/nicola  (  290): ContentType detected : default
V/nicola  (  290): TextualID : em
V/nicola  (  290): ContentType detected : default
V/nicola  (  290): TextualID : underline
V/nicola  (  290): ContentType detected : default
V/nicola  (  290): TextualID : strike
V/nicola  (  290): ContentType detected : default
V/nicola  (  290): TextualID : link
V/nicola  (  290): ContentType detected : default
V/nicola  (  290): TextualID : bquote
V/nicola  (  290): ContentType detected : default
V/nicola  (  290): TextualID : more
V/nicola  (  290): ContentType detected : default
I/nofatclips(  290): Performing comparation for activity EditContent
D/nofatclips(  290): Comparing against activity Dashboard
D/nofatclips(  290): Comparing against activity EditContent
D/nofatclips(  290): Comparing against activity EditPost
D/nofatclips(  290): Comparing against activity Posts
D/nofatclips(  290): Comparing against activity EditPost
D/nofatclips(  290): Comparing against activity Posts
D/nofatclips(  290): Comparing against activity ChooserActivity
D/nofatclips(  290): Comparing against activity Dashboard
D/nofatclips(  290): Comparing against activity Dashboard
D/nofatclips(  290): Comparing against activity EditPost
D/nofatclips(  290): Comparing against activity EditContent
D/nofatclips(  290): Comparing against activity NewAccount
D/nofatclips(  290): Comparing against activity Dashboard
D/nofatclips(  290): Comparing against activity EditPost
D/nofatclips(  290): Comparing against activity Posts
D/nofatclips(  290): Comparing against activity EditContent
D/nofatclips(  290): Comparing against activity Posts
D/nofatclips(  290): Comparing against activity EditContent
D/nofatclips(  290): Comparing against activity Posts
D/nofatclips(  290): Comparing against activity Dashboard
D/nofatclips(  290): Comparing against activity Posts
D/nofatclips(  290): Comparing against activity EditContent
D/nofatclips(  290): Comparing against activity NewAccount
D/nofatclips(  290): Comparing against activity Posts
I/nofatclips(  290): Registering activity EditContent (id: a25) as a new found state
D/nofatclips(  290): Performing backup of the old activity list on disk
D/nofatclips(  290): Saving new found state 'a25' on disk
V/nofatclips(  290): Opening state file in append mode.
I/nofatclips(  290): Saved image on disk: a25.jpg
I/nofatclips(  290): Waiting for 100 msec.
I/nofatclips(  290): Session count is 1. Will dump to disk at 1
I/nofatclips(  290): Saving the session on disk.
D/dalvikvm(  290): GC_FOR_MALLOC freed 815K, 48% free 5198K/9927K, external 5539K/6168K, paused 121ms
D/dalvikvm(  290): GC_FOR_MALLOC freed 227K, 48% free 5167K/9927K, external 4939K/6168K, paused 107ms
I/nofatclips(  290): Planning for new Activity EditContent
D/nofatclips(  290): Handling event 'focus' on widget id=2131165265 type=focusableEditText name=Content
D/nofatclips(  290): Handling event 'click' on widget id=2131165290 type=toggle name=B
D/nofatclips(  290): Handling event 'click' on widget id=2131165291 type=toggle name=I 
D/nofatclips(  290): Handling event 'click' on widget id=2131165292 type=toggle name= U 
D/nofatclips(  290): Handling event 'click' on widget id=2131165293 type=toggle name= ABC 
D/nofatclips(  290): Handling event 'click' on widget id=2131165294 type=button name= link 
D/nofatclips(  290): Handling event 'click' on widget id=2131165295 type=toggle name="
D/nofatclips(  290): Handling event 'click' on widget id=2131165296 type=button name=More
D/nofatclips(  290): Handling event 'click' on widget id=2131165297 type=button name=
I/nofatclips(  290): Created trace to press the back button
I/nofatclips(  290): Created trace to press the menu button
I/nofatclips(  290): Created trace to change orientation
D/dalvikvm(  290): GC_CONCURRENT freed 1926K, 47% free 5289K/9927K, external 4939K/6168K, paused 4ms+4ms
I/nofatclips(  290): Check for termination: 76 steps left of 100
I/nofatclips(  290): Dispatching new task. 2 more tasks remaining.
D/nofatclips(  290): Performing backup of the old task list on disk
D/nofatclips(  290): Saving task list on disk
V/nofatclips(  290): Backing up trace #246 to disk.
D/dalvikvm(  290): GC_FOR_MALLOC freed 1182K, 48% free 5266K/9991K, external 4939K/6168K, paused 53ms
V/nofatclips(  290): Backing up trace #247 to disk.
D/dalvikvm(  290): GC_FOR_MALLOC freed 196K, 47% free 5297K/9991K, external 4939K/6168K, paused 41ms
D/dalvikvm(  290): GC_FOR_MALLOC freed 63K, 47% free 5298K/9991K, external 4939K/6168K, paused 41ms
D/nofatclips(  290): Deleting backup of the old task list from disk
D/nofatclips(  290): Deleting backup of the old activity list from disk
I/nofatclips(  290): Incrementally Playing Trace 247
I/nofatclips(  290): Retrieved from return list id=2131165294
D/nofatclips(  290): Testing for type (android.widget.Button) against the original (android.widget.Button)
D/nofatclips(  290): Testing for name ( link ) against the original ( link )
I/nofatclips(  290): Firing event: type= click index=11 widget=android.widget.Button
W/KeyCharacterMap(  290): No keyboard for id 0
W/KeyCharacterMap(  290): Using default keymap: /system/usr/keychars/qwerty.kcm.bin
D/nofatclips(  290): Event description:  link 
I/ActivityManager(   61): Starting: Intent { cmp=org.wordpress.android/.Link } from pid 290
I/nofatclips(  290): Waiting for 100 msec.
I/nofatclips(  290): Current activity is Link
I/nofatclips(  290): Retrieving widgets
D/nofatclips(  290): Found widget: id=-1 (android.widget.LinearLayout@40709bf8)
D/nofatclips(  290): Found widget: id=16908310 (android.widget.TextView@40882208): Create a Link
D/nofatclips(  290): Found widget: id=-1 (android.widget.FrameLayout@407c78c0)
D/nofatclips(  290): Found widget: id=16908290 (android.widget.FrameLayout@407d1528)
D/nofatclips(  290): Found widget: id=-1 (android.widget.RelativeLayout@407db080)
D/nofatclips(  290): Found widget: id=2131165303 (android.widget.EditText@40825cb8): 
D/nofatclips(  290): Found widget: id=2131165304 (android.widget.EditText@40835c68): 
D/nofatclips(  290): Found widget: id=2131165235 (android.widget.Button@406ce778): OK
D/nofatclips(  290): Found widget: id=2131165220 (android.widget.Button@407bf0c8): Cancel
D/nofatclips(  290): Found widget: id=-1 (com.android.internal.policy.impl.PhoneWindow$DecorView@405d0620)
V/nicola  (  290): TextualID : null
V/nicola  (  290): ContentType detected : default
V/ReflectionHelper(  290): android.widget.EditText > mOnFocusChangeListener FOUND | NOT ACTIVE
V/nicola  (  290): TextualID : linkURL
V/nicola  (  290): ContentType detected : url
V/ReflectionHelper(  290): android.widget.EditText > mOnFocusChangeListener FOUND | NOT ACTIVE
V/nicola  (  290): TextualID : linkText
V/nicola  (  290): ContentType detected : default
V/nicola  (  290): TextualID : ok
V/nicola  (  290): ContentType detected : default
V/nicola  (  290): TextualID : cancel
V/nicola  (  290): ContentType detected : default
I/nofatclips(  290): Performing comparation for activity Link
D/nofatclips(  290): Comparing against activity Dashboard
I/ActivityManager(   61): Displayed org.wordpress.android/.Link: +1s407ms
D/nofatclips(  290): Comparing against activity EditContent
D/nofatclips(  290): Comparing against activity EditPost
D/nofatclips(  290): Comparing against activity Posts
D/nofatclips(  290): Comparing against activity EditPost
D/nofatclips(  290): Comparing against activity Posts
D/nofatclips(  290): Comparing against activity ChooserActivity
D/nofatclips(  290): Comparing against activity Dashboard
D/nofatclips(  290): Comparing against activity Dashboard
D/nofatclips(  290): Comparing against activity EditPost
D/nofatclips(  290): Comparing against activity EditContent
D/nofatclips(  290): Comparing against activity NewAccount
D/nofatclips(  290): Comparing against activity Dashboard
D/nofatclips(  290): Comparing against activity EditPost
D/nofatclips(  290): Comparing against activity Posts
D/nofatclips(  290): Comparing against activity EditContent
D/nofatclips(  290): Comparing against activity Posts
D/nofatclips(  290): Comparing against activity EditContent
D/nofatclips(  290): Comparing against activity Posts
D/nofatclips(  290): Comparing against activity Dashboard
D/nofatclips(  290): Comparing against activity EditContent
D/nofatclips(  290): Comparing against activity Posts
D/nofatclips(  290): Comparing against activity EditContent
D/nofatclips(  290): Comparing against activity NewAccount
D/nofatclips(  290): Comparing against activity Posts
I/nofatclips(  290): Registering activity Link (id: a26) as a new found state
D/nofatclips(  290): Performing backup of the old activity list on disk
D/nofatclips(  290): Saving new found state 'a26' on disk
V/nofatclips(  290): Opening state file in append mode.
I/nofatclips(  290): Saved image on disk: a26.jpg
I/nofatclips(  290): Waiting for 100 msec.
I/nofatclips(  290): Session count is 1. Will dump to disk at 1
I/nofatclips(  290): Saving the session on disk.
D/dalvikvm(  290): GC_FOR_MALLOC freed 656K, 48% free 5271K/9991K, external 5404K/6168K, paused 100ms
D/dalvikvm(  290): GC_FOR_MALLOC freed 210K, 48% free 5208K/9991K, external 5172K/6168K, paused 90ms
I/nofatclips(  290): Planning for new Activity Link
D/nofatclips(  290): Handling event 'click' on widget id=2131165235 type=button name=OK
D/nofatclips(  290): Handling input 'writeText' on widget id=2131165303 type=editText name=URL
V/nofatclips(  290): Using value: 55
D/nofatclips(  290): Handling input 'writeText' on widget id=2131165304 type=editText name=Link Text (optional)
V/nofatclips(  290): Using value: 56
D/nofatclips(  290): Handling event 'click' on widget id=2131165220 type=button name=Cancel
D/nofatclips(  290): Handling input 'writeText' on widget id=2131165303 type=editText name=URL
V/nofatclips(  290): Using value: 55
D/nofatclips(  290): Handling input 'writeText' on widget id=2131165304 type=editText name=Link Text (optional)
V/nofatclips(  290): Using value: 56
I/nofatclips(  290): Created trace to press the back button
I/nofatclips(  290): Created trace to press the menu button
I/nofatclips(  290): Created trace to change orientation
I/nofatclips(  290): Check for termination: 75 steps left of 100
I/nofatclips(  290): Dispatching new task. 2 more tasks remaining.
D/nofatclips(  290): Performing backup of the old task list on disk
D/nofatclips(  290): Saving task list on disk
V/nofatclips(  290): Backing up trace #251 to disk.
D/dalvikvm(  290): GC_FOR_MALLOC freed 1381K, 47% free 5334K/9991K, external 5172K/6168K, paused 79ms
V/nofatclips(  290): Backing up trace #252 to disk.
D/dalvikvm(  290): GC_FOR_MALLOC freed 220K, 47% free 5339K/9991K, external 5172K/6168K, paused 76ms
D/nofatclips(  290): Deleting backup of the old task list from disk
D/nofatclips(  290): Deleting backup of the old activity list from disk
I/nofatclips(  290): Incrementally Playing Trace 252
I/nofatclips(  290): Retrieved from return list id=-1
D/nofatclips(  290): Testing for type (android.widget.LinearLayout) against the original (null)
I/nofatclips(  290): Firing event: type= changeOrientation name= widget=null
I/WindowManager(   61): Setting rotation to 1, animFlags=1
I/ActivityManager(   61): Config changed: { scale=1.0 imsi=310/260 loc=en_US touch=3 keys=2/1/2 nav=1/1 orien=2 layout=18 uiMode=17 seq=7}
I/nofatclips(  290): Waiting for 100 msec.
I/nofatclips(  290): Current activity is Link
I/nofatclips(  290): Retrieving widgets
D/nofatclips(  290): Found widget: id=-1 (android.widget.LinearLayout@40637248)
D/nofatclips(  290): Found widget: id=16908310 (android.widget.TextView@405bb7d0): Create a Link
D/nofatclips(  290): Found widget: id=-1 (android.widget.FrameLayout@405a5750)
D/nofatclips(  290): Found widget: id=16908290 (android.widget.FrameLayout@405aab40)
D/nofatclips(  290): Found widget: id=-1 (android.widget.RelativeLayout@405c09c0)
D/nofatclips(  290): Found widget: id=2131165303 (android.widget.EditText@4065a550): 
D/nofatclips(  290): Found widget: id=2131165304 (android.widget.EditText@406e8838): 
D/nofatclips(  290): Found widget: id=2131165235 (android.widget.Button@4070df08): OK
D/nofatclips(  290): Found widget: id=2131165220 (android.widget.Button@4086bef0): Cancel
D/nofatclips(  290): Found widget: id=-1 (com.android.internal.policy.impl.PhoneWindow$DecorView@406823e0)
V/nicola  (  290): TextualID : null
V/nicola  (  290): ContentType detected : default
V/ReflectionHelper(  290): android.widget.EditText > mOnFocusChangeListener FOUND | NOT ACTIVE
V/nicola  (  290): TextualID : linkURL
V/nicola  (  290): ContentType detected : url
V/ReflectionHelper(  290): android.widget.EditText > mOnFocusChangeListener FOUND | NOT ACTIVE
V/nicola  (  290): TextualID : linkText
V/nicola  (  290): ContentType detected : default
V/nicola  (  290): TextualID : ok
V/nicola  (  290): ContentType detected : default
V/nicola  (  290): TextualID : cancel
V/nicola  (  290): ContentType detected : default
I/nofatclips(  290): Performing comparation for activity Link
D/nofatclips(  290): Comparing against activity EditContent
D/nofatclips(  290): Comparing against activity EditPost
D/nofatclips(  290): Comparing against activity EditPost
D/nofatclips(  290): Comparing against activity Posts
D/nofatclips(  290): Comparing against activity ChooserActivity
D/nofatclips(  290): Comparing against activity Dashboard
D/nofatclips(  290): Comparing against activity NewAccount
D/nofatclips(  290): Comparing against activity EditPost
D/nofatclips(  290): Comparing against activity Posts
D/nofatclips(  290): Comparing against activity EditContent
D/nofatclips(  290): Comparing against activity EditContent
D/nofatclips(  290): Comparing against activity EditContent
D/nofatclips(  290): Comparing against activity EditContent
D/nofatclips(  290): Comparing against activity Dashboard
D/nofatclips(  290): Comparing against activity Posts
D/nofatclips(  290): Comparing against activity Dashboard
D/nofatclips(  290): Comparing against activity EditPost
D/nofatclips(  290): Comparing against activity EditContent
D/nofatclips(  290): Comparing against activity Dashboard
D/nofatclips(  290): Comparing against activity Posts
D/nofatclips(  290): Comparing against activity Posts
D/nofatclips(  290): Comparing against activity Dashboard
D/nofatclips(  290): Comparing against activity Posts
D/nofatclips(  290): Comparing against activity Link
D/nofatclips(  290): Comparing against activity NewAccount
D/nofatclips(  290): Comparing against activity Posts
I/nofatclips(  290): Registering activity Link (id: a27) as a new found state
D/nofatclips(  290): Performing backup of the old activity list on disk
D/nofatclips(  290): Saving new found state 'a27' on disk
V/nofatclips(  290): Opening state file in append mode.
I/nofatclips(  290): Saved image on disk: a27.jpg
I/nofatclips(  290): Waiting for 100 msec.
I/nofatclips(  290): Session count is 1. Will dump to disk at 1
I/nofatclips(  290): Saving the session on disk.
D/dalvikvm(  290): GC_FOR_MALLOC freed 682K, 48% free 5322K/10055K, external 5898K/6168K, paused 103ms
I/nofatclips(  290): Planning for new Activity Link
D/nofatclips(  290): Handling event 'click' on widget id=2131165235 type=button name=OK
D/nofatclips(  290): Handling input 'writeText' on widget id=2131165303 type=editText name=URL
V/nofatclips(  290): Using value: 55
D/nofatclips(  290): Handling input 'writeText' on widget id=2131165304 type=editText name=Link Text (optional)
V/nofatclips(  290): Using value: 56
D/nofatclips(  290): Handling event 'click' on widget id=2131165220 type=button name=Cancel
D/nofatclips(  290): Handling input 'writeText' on widget id=2131165303 type=editText name=URL
V/nofatclips(  290): Using value: 55
D/nofatclips(  290): Handling input 'writeText' on widget id=2131165304 type=editText name=Link Text (optional)
V/nofatclips(  290): Using value: 56
I/nofatclips(  290): Created trace to press the back button
I/nofatclips(  290): Created trace to press the menu button
I/nofatclips(  290): Created trace to change orientation
D/dalvikvm(   61): GC_EXPLICIT freed 153K, 46% free 4140K/7559K, external 1316K/1828K, paused 292ms
I/nofatclips(  290): Check for termination: 74 steps left of 100
I/nofatclips(  290): Dispatching new task. 2 more tasks remaining.
D/nofatclips(  290): Performing backup of the old task list on disk
D/nofatclips(  290): Saving task list on disk
V/nofatclips(  290): Backing up trace #256 to disk.
D/dalvikvm(  290): GC_FOR_MALLOC freed 1579K, 47% free 5356K/10055K, external 5308K/6168K, paused 82ms
V/nofatclips(  290): Backing up trace #257 to disk.
D/nofatclips(  290): Deleting backup of the old task list from disk
D/nofatclips(  290): Deleting backup of the old activity list from disk
I/nofatclips(  290): Incrementally Playing Trace 257
I/nofatclips(  290): Retrieved from return list id=-1
D/nofatclips(  290): Testing for type (android.widget.LinearLayout) against the original (null)
I/nofatclips(  290): Firing event: type= openMenu name= widget=null
W/KeyCharacterMap(  290): No keyboard for id 0
W/KeyCharacterMap(  290): Using default keymap: /system/usr/keychars/qwerty.kcm.bin
I/nofatclips(  290): Waiting for 100 msec.
I/nofatclips(  290): Current activity is Link
I/nofatclips(  290): Retrieving widgets
D/nofatclips(  290): Found widget: id=-1 (android.widget.LinearLayout@40637248)
D/nofatclips(  290): Found widget: id=16908310 (android.widget.TextView@405bb7d0): Create a Link
D/nofatclips(  290): Found widget: id=-1 (android.widget.FrameLayout@405a5750)
D/nofatclips(  290): Found widget: id=16908290 (android.widget.FrameLayout@405aab40)
D/nofatclips(  290): Found widget: id=-1 (android.widget.RelativeLayout@405c09c0)
D/nofatclips(  290): Found widget: id=2131165303 (android.widget.EditText@4065a550): 
D/nofatclips(  290): Found widget: id=2131165304 (android.widget.EditText@406e8838): 
D/nofatclips(  290): Found widget: id=2131165235 (android.widget.Button@4070df08): OK
D/nofatclips(  290): Found widget: id=2131165220 (android.widget.Button@4086bef0): Cancel
D/nofatclips(  290): Found widget: id=-1 (com.android.internal.policy.impl.PhoneWindow$DecorView@406823e0)
V/nicola  (  290): TextualID : null
V/nicola  (  290): ContentType detected : default
V/ReflectionHelper(  290): android.widget.EditText > mOnFocusChangeListener FOUND | NOT ACTIVE
V/nicola  (  290): TextualID : linkURL
V/nicola  (  290): ContentType detected : url
V/ReflectionHelper(  290): android.widget.EditText > mOnFocusChangeListener FOUND | NOT ACTIVE
V/nicola  (  290): TextualID : linkText
V/nicola  (  290): ContentType detected : default
V/nicola  (  290): TextualID : ok
V/nicola  (  290): ContentType detected : default
V/nicola  (  290): TextualID : cancel
V/nicola  (  290): ContentType detected : default
I/nofatclips(  290): Performing comparation for activity Link
D/nofatclips(  290): Comparing against activity EditContent
D/nofatclips(  290): Comparing against activity EditPost
D/nofatclips(  290): Comparing against activity EditPost
D/nofatclips(  290): Comparing against activity Posts
D/nofatclips(  290): Comparing against activity ChooserActivity
D/nofatclips(  290): Comparing against activity Dashboard
D/nofatclips(  290): Comparing against activity NewAccount
D/nofatclips(  290): Comparing against activity EditPost
D/nofatclips(  290): Comparing against activity Posts
D/nofatclips(  290): Comparing against activity EditContent
D/nofatclips(  290): Comparing against activity EditContent
D/nofatclips(  290): Comparing against activity EditContent
D/nofatclips(  290): Comparing against activity EditContent
D/nofatclips(  290): Comparing against activity Dashboard
D/nofatclips(  290): Comparing against activity Posts
D/nofatclips(  290): Comparing against activity Dashboard
D/nofatclips(  290): Comparing against activity EditPost
D/nofatclips(  290): Comparing against activity EditContent
D/nofatclips(  290): Comparing against activity Dashboard
D/nofatclips(  290): Comparing against activity Link
D/nofatclips(  290): Comparing against activity Posts
D/nofatclips(  290): Comparing against activity Posts
D/nofatclips(  290): Comparing against activity Dashboard
D/nofatclips(  290): Comparing against activity Posts
D/nofatclips(  290): Comparing against activity Link
D/nofatclips(  290): Comparing against activity NewAccount
D/nofatclips(  290): Comparing against activity Posts
I/nofatclips(  290): Registering activity Link (id: a28) as a new found state
D/nofatclips(  290): Performing backup of the old activity list on disk
D/nofatclips(  290): Saving new found state 'a28' on disk
V/nofatclips(  290): Opening state file in append mode.
I/nofatclips(  290): Saved image on disk: a28.jpg
I/nofatclips(  290): Waiting for 100 msec.
I/nofatclips(  290): Session count is 1. Will dump to disk at 1
I/nofatclips(  290): Saving the session on disk.
D/dalvikvm(  290): GC_FOR_MALLOC freed 862K, 48% free 5298K/10055K, external 5666K/6168K, paused 171ms
I/nofatclips(  290): Planning for new Activity Link
D/nofatclips(  290): Handling event 'click' on widget id=2131165235 type=button name=OK
D/nofatclips(  290): Handling input 'writeText' on widget id=2131165303 type=editText name=URL
V/nofatclips(  290): Using value: 55
D/nofatclips(  290): Handling input 'writeText' on widget id=2131165304 type=editText name=Link Text (optional)
V/nofatclips(  290): Using value: 56
D/nofatclips(  290): Handling event 'click' on widget id=2131165220 type=button name=Cancel
D/nofatclips(  290): Handling input 'writeText' on widget id=2131165303 type=editText name=URL
V/nofatclips(  290): Using value: 55
D/nofatclips(  290): Handling input 'writeText' on widget id=2131165304 type=editText name=Link Text (optional)
V/nofatclips(  290): Using value: 56
I/nofatclips(  290): Created trace to press the back button
I/nofatclips(  290): Created trace to press the menu button
I/nofatclips(  290): Created trace to change orientation
I/nofatclips(  290): Check for termination: 73 steps left of 100
I/nofatclips(  290): Dispatching new task. 2 more tasks remaining.
D/nofatclips(  290): Performing backup of the old task list on disk
D/nofatclips(  290): Saving task list on disk
V/nofatclips(  290): Backing up trace #261 to disk.
D/dalvikvm(  290): GC_FOR_MALLOC freed 1659K, 47% free 5427K/10055K, external 5308K/6168K, paused 90ms
V/nofatclips(  290): Backing up trace #262 to disk.
D/nofatclips(  290): Deleting backup of the old task list from disk
D/nofatclips(  290): Deleting backup of the old activity list from disk
I/nofatclips(  290): Incrementally Playing Trace 262
D/nofatclips(  290): Firing event: type= back
W/KeyCharacterMap(  290): No keyboard for id 0
W/KeyCharacterMap(  290): Using default keymap: /system/usr/keychars/qwerty.kcm.bin
I/nofatclips(  290): Waiting for 100 msec.
I/nofatclips(  290): Current activity is EditContent
I/nofatclips(  290): Retrieving widgets
D/nofatclips(  290): Found widget: id=16908290 (android.widget.FrameLayout@4085bf18)
D/nofatclips(  290): Found widget: id=-1 (android.widget.LinearLayout@408c7da8)
D/nofatclips(  290): Found widget: id=-1 (android.widget.LinearLayout@408ff0e8)
D/nofatclips(  290): Found widget: id=2131165265 (org.wordpress.android.util.WPEditText@406ef020): 
D/nofatclips(  290): 
D/nofatclips(  290): ........More
D/nofatclips(  290): 
D/nofatclips(  290): https://katiemalone1990.wordpress.com/2016/06/23/90-4/
D/nofatclips(  290): 
D/nofatclips(  290): Found widget: id=2131165289 (android.widget.RelativeLayout@40646e80)
D/nofatclips(  290): Found widget: id=-1 (android.widget.HorizontalScrollView@405cf7f0)
D/nofatclips(  290): Found widget: id=-1 (android.widget.RelativeLayout@406af768)
D/nofatclips(  290): Found widget: id=2131165290 (android.widget.ToggleButton@40607940): B
D/nofatclips(  290): Found widget: id=2131165291 (android.widget.ToggleButton@40630218): I 
D/nofatclips(  290): Found widget: id=2131165292 (android.widget.ToggleButton@406911d0):  U 
D/nofatclips(  290): Found widget: id=2131165293 (android.widget.ToggleButton@407ed7a8):  ABC 
D/nofatclips(  290): Found widget: id=2131165294 (android.widget.Button@4076ae88):  link 
D/nofatclips(  290): Found widget: id=2131165295 (android.widget.ToggleButton@407f9fd0): "
D/nofatclips(  290): Found widget: id=2131165296 (android.widget.Button@408c7f60): More
D/nofatclips(  290): Found widget: id=2131165297 (android.widget.ImageButton@4063c9e8)
D/nofatclips(  290): Found widget: id=-1 (com.android.internal.policy.impl.PhoneWindow$DecorView@405c80f8)
V/ReflectionHelper(  290): org.wordpress.android.util.WPEditText > mOnFocusChangeListener FOUND | ACTIVE
V/nicola  (  290): TextualID : postContent
V/nicola  (  290): ContentType detected : url
V/nicola  (  290): TextualID : bold
V/nicola  (  290): ContentType detected : default
V/nicola  (  290): TextualID : em
V/nicola  (  290): ContentType detected : default
V/nicola  (  290): TextualID : underline
V/nicola  (  290): ContentType detected : default
V/nicola  (  290): TextualID : strike
V/nicola  (  290): ContentType detected : default
V/nicola  (  290): TextualID : link
V/nicola  (  290): ContentType detected : default
V/nicola  (  290): TextualID : bquote
V/nicola  (  290): ContentType detected : default
V/nicola  (  290): TextualID : more
V/nicola  (  290): ContentType detected : default
I/nofatclips(  290): Performing comparation for activity EditContent
D/nofatclips(  290): Comparing against activity EditContent
D/nofatclips(  290): Comparing against activity EditPost
D/nofatclips(  290): Comparing against activity EditPost
D/nofatclips(  290): Comparing against activity Posts
D/nofatclips(  290): Comparing against activity ChooserActivity
D/nofatclips(  290): Comparing against activity Dashboard
D/nofatclips(  290): Comparing against activity NewAccount
D/nofatclips(  290): Comparing against activity EditPost
D/nofatclips(  290): Comparing against activity Posts
D/nofatclips(  290): Comparing against activity EditContent
D/nofatclips(  290): Comparing against activity EditContent
D/nofatclips(  290): Comparing against activity EditContent
D/nofatclips(  290): Comparing against activity EditContent
D/nofatclips(  290): Comparing against activity Dashboard
D/nofatclips(  290): Comparing against activity Link
D/nofatclips(  290): Comparing against activity Posts
D/nofatclips(  290): Comparing against activity Dashboard
D/nofatclips(  290): Comparing against activity EditPost
D/nofatclips(  290): Comparing against activity EditContent
D/nofatclips(  290): Comparing against activity Dashboard
D/nofatclips(  290): Comparing against activity Link
D/nofatclips(  290): Comparing against activity Posts
D/nofatclips(  290): Comparing against activity Posts
D/nofatclips(  290): Comparing against activity Dashboard
D/nofatclips(  290): Comparing against activity Posts
D/nofatclips(  290): Comparing against activity Link
D/nofatclips(  290): Comparing against activity NewAccount
D/nofatclips(  290): Comparing against activity Posts
I/nofatclips(  290): Registering activity EditContent (id: a29) as a new found state
D/nofatclips(  290): Performing backup of the old activity list on disk
D/nofatclips(  290): Saving new found state 'a29' on disk
V/nofatclips(  290): Opening state file in append mode.
I/nofatclips(  290): Saved image on disk: a29.jpg
I/nofatclips(  290): Waiting for 100 msec.
I/nofatclips(  290): Session count is 1. Will dump to disk at 1
I/nofatclips(  290): Saving the session on disk.
D/dalvikvm(  290): GC_FOR_MALLOC freed 1048K, 48% free 5306K/10119K, external 5908K/6168K, paused 106ms
I/nofatclips(  290): Planning for new Activity EditContent
D/nofatclips(  290): Handling event 'focus' on widget id=2131165265 type=focusableEditText name=Content
D/nofatclips(  290): Handling event 'click' on widget id=2131165290 type=toggle name=B
D/nofatclips(  290): Handling event 'click' on widget id=2131165291 type=toggle name=I 
D/nofatclips(  290): Handling event 'click' on widget id=2131165292 type=toggle name= U 
D/nofatclips(  290): Handling event 'click' on widget id=2131165293 type=toggle name= ABC 
D/nofatclips(  290): Handling event 'click' on widget id=2131165294 type=button name= link 
D/nofatclips(  290): Handling event 'click' on widget id=2131165295 type=toggle name="
D/nofatclips(  290): Handling event 'click' on widget id=2131165296 type=button name=More
D/nofatclips(  290): Handling event 'click' on widget id=2131165297 type=button name=
I/nofatclips(  290): Created trace to press the back button
I/nofatclips(  290): Created trace to press the menu button
I/nofatclips(  290): Created trace to change orientation
D/dalvikvm(  290): GC_CONCURRENT freed 2007K, 48% free 5347K/10119K, external 4939K/6168K, paused 4ms+4ms
I/nofatclips(  290): Check for termination: 72 steps left of 100
I/nofatclips(  290): Dispatching new task. 2 more tasks remaining.
D/nofatclips(  290): Performing backup of the old task list on disk
D/nofatclips(  290): Saving task list on disk
V/nofatclips(  290): Backing up trace #273 to disk.
V/nofatclips(  290): Backing up trace #274 to disk.
D/dalvikvm(  290): GC_FOR_MALLOC freed 1866K, 47% free 5389K/10119K, external 4939K/6168K, paused 60ms
D/nofatclips(  290): Deleting backup of the old task list from disk
D/nofatclips(  290): Deleting backup of the old activity list from disk
I/nofatclips(  290): Incrementally Playing Trace 274
I/nofatclips(  290): Retrieved from return list id=2131165294
D/nofatclips(  290): Testing for type (android.widget.Button) against the original (android.widget.Button)
D/nofatclips(  290): Testing for name ( link ) against the original ( link )
I/nofatclips(  290): Firing event: type= click index=11 widget=android.widget.Button
W/KeyCharacterMap(  290): No keyboard for id 0
W/KeyCharacterMap(  290): Using default keymap: /system/usr/keychars/qwerty.kcm.bin
D/nofatclips(  290): Event description:  link 
I/ActivityManager(   61): Starting: Intent { cmp=org.wordpress.android/.Link } from pid 290
I/nofatclips(  290): Waiting for 100 msec.
I/nofatclips(  290): Current activity is Link
I/nofatclips(  290): Retrieving widgets
D/nofatclips(  290): Found widget: id=-1 (android.widget.LinearLayout@40712810)
D/nofatclips(  290): Found widget: id=16908310 (android.widget.TextView@405398d8): Create a Link
D/nofatclips(  290): Found widget: id=-1 (android.widget.FrameLayout@406dfe40)
D/nofatclips(  290): Found widget: id=16908290 (android.widget.FrameLayout@406ed890)
D/nofatclips(  290): Found widget: id=-1 (android.widget.RelativeLayout@406f04e0)
D/nofatclips(  290): Found widget: id=2131165303 (android.widget.EditText@405bb7d0): 
D/nofatclips(  290): Found widget: id=2131165304 (android.widget.EditText@405e0808): 
D/nofatclips(  290): Found widget: id=2131165235 (android.widget.Button@4065a550): OK
D/nofatclips(  290): Found widget: id=2131165220 (android.widget.Button@406c0e30): Cancel
D/nofatclips(  290): Found widget: id=-1 (com.android.internal.policy.impl.PhoneWindow$DecorView@406823e0)
V/nicola  (  290): TextualID : null
V/nicola  (  290): ContentType detected : default
V/ReflectionHelper(  290): android.widget.EditText > mOnFocusChangeListener FOUND | NOT ACTIVE
V/nicola  (  290): TextualID : linkURL
V/nicola  (  290): ContentType detected : url
V/ReflectionHelper(  290): android.widget.EditText > mOnFocusChangeListener FOUND | NOT ACTIVE
V/nicola  (  290): TextualID : linkText
V/nicola  (  290): ContentType detected : default
V/nicola  (  290): TextualID : ok
V/nicola  (  290): ContentType detected : default
I/ActivityManager(   61): Displayed org.wordpress.android/.Link: +1s354ms
V/nicola  (  290): TextualID : cancel
V/nicola  (  290): ContentType detected : default
I/nofatclips(  290): Performing comparation for activity Link
D/nofatclips(  290): Comparing against activity EditContent
D/nofatclips(  290): Comparing against activity EditPost
D/nofatclips(  290): Comparing against activity EditPost
D/nofatclips(  290): Comparing against activity Posts
D/nofatclips(  290): Comparing against activity ChooserActivity
D/nofatclips(  290): Comparing against activity Dashboard
D/nofatclips(  290): Comparing against activity NewAccount
D/nofatclips(  290): Comparing against activity EditPost
D/nofatclips(  290): Comparing against activity Posts
D/nofatclips(  290): Comparing against activity EditContent
D/nofatclips(  290): Comparing against activity EditContent
D/nofatclips(  290): Comparing against activity EditContent
D/nofatclips(  290): Comparing against activity EditContent
D/nofatclips(  290): Comparing against activity EditContent
D/nofatclips(  290): Comparing against activity Dashboard
D/nofatclips(  290): Comparing against activity Link
D/nofatclips(  290): Comparing against activity Posts
D/nofatclips(  290): Comparing against activity Dashboard
D/nofatclips(  290): Comparing against activity EditPost
D/nofatclips(  290): Comparing against activity EditContent
D/nofatclips(  290): Comparing against activity Dashboard
D/nofatclips(  290): Comparing against activity Link
