V/nofatclips(  249): Backing up trace #131 to disk.
D/nofatclips(  249): Deleting backup of the old task list from disk
D/nofatclips(  249): Deleting backup of the old activity list from disk
I/nofatclips(  249): Incrementally Playing Trace 131
I/nofatclips(  249): Retrieved from return list id=16908823
D/nofatclips(  249): Testing for type (com.android.internal.app.AlertController$RecycleListView) against the original (com.android.internal.app.AlertController$RecycleListView)
D/nofatclips(  249): Testing for name () against the original ()
I/nofatclips(  249): Firing event: type= selectListItem index=8 widget=com.android.internal.app.AlertController$RecycleListView
W/KeyCharacterMap(  249): No keyboard for id 0
W/KeyCharacterMap(  249): Using default keymap: /system/usr/keychars/qwerty.kcm.bin
I/nofatclips(  249): Swapping to listview item 3
D/nofatclips(  249): Event description: Share Post
I/nofatclips(  249): Waiting for 100 msec.
I/nofatclips(  249): Current activity is Posts
I/nofatclips(  249): Retrieving widgets
D/nofatclips(  249): Found widget: id=16908290 (android.widget.FrameLayout@40729428)
D/nofatclips(  249): Found widget: id=16908666 (com.android.internal.widget.WeightedLinearLayout@40729e50)
D/nofatclips(  249): Found widget: id=16908667 (android.widget.LinearLayout@4072a0c8)
D/nofatclips(  249): Found widget: id=16908668 (android.widget.LinearLayout@405eea88)
D/nofatclips(  249): Found widget: id=16908294 (android.widget.ImageView@405eecf0)
D/nofatclips(  249): Found widget: id=16908669 (com.android.internal.widget.DialogTitle@405eefa0): Share Post
D/nofatclips(  249): Found widget: id=16908670 (android.widget.ImageView@405efb80)
D/nofatclips(  249): Found widget: id=16908671 (android.widget.LinearLayout@405efd98)
D/nofatclips(  249): Found widget: id=16908672 (android.widget.ScrollView@405f0000)
D/nofatclips(  249): Found widget: id=16908673 (android.widget.FrameLayout@405f0de0)
D/nofatclips(  249): Found widget: id=16908331 (android.widget.FrameLayout@405f1048)
D/nofatclips(  249): Found widget: id=-1 (android.widget.FrameLayout@40727cd8)
D/nofatclips(  249): Found widget: id=16908804 (android.widget.LinearLayout@40727f78)
D/nofatclips(  249): Found widget: id=16908301 (android.widget.ProgressBar@407281e8)
D/nofatclips(  249): Found widget: id=16908299 (android.widget.TextView@40728bc0): Attempting to fetch URL
D/nofatclips(  249): Found widget: id=16908674 (android.widget.LinearLayout@405f12b0)
D/nofatclips(  249): Found widget: id=-1 (android.widget.LinearLayout@405f14d0)
D/nofatclips(  249): Found widget: id=16908675 (android.widget.LinearLayout@405f16f0)
D/nofatclips(  249): Found widget: id=16908313 (android.widget.Button@405f1950): 
D/nofatclips(  249): Found widget: id=16908315 (android.widget.Button@405f21b8): 
D/nofatclips(  249): Found widget: id=16908314 (android.widget.Button@405f2a20): 
D/nofatclips(  249): Found widget: id=16908676 (android.widget.LinearLayout@405f3288)
D/nofatclips(  249): Found widget: id=-1 (com.android.internal.policy.impl.PhoneWindow$DecorView@40729050)
V/nicola  (  249): TextualID : null
V/nicola  (  249): ContentType detected : default
V/nicola  (  249): TextualID : null
V/nicola  (  249): ContentType detected : default
I/nofatclips(  249): Performing comparation for activity Posts
D/nofatclips(  249): Comparing against activity Posts
D/nofatclips(  249): Comparing against activity Dashboard
D/nofatclips(  249): Comparing against activity Posts
I/nofatclips(  249): Registering activity Posts (id: a17) as a new found state
D/nofatclips(  249): Performing backup of the old activity list on disk
D/nofatclips(  249): Saving new found state 'a17' on disk
V/nofatclips(  249): Opening state file in append mode.
I/nofatclips(  249): Saved image on disk: a17.jpg
I/nofatclips(  249): Waiting for 100 msec.
I/nofatclips(  249): Session count is 1. Will dump to disk at 1
I/nofatclips(  249): Saving the session on disk.
I/nofatclips(  249): Planning for new Activity Posts
I/nofatclips(  249): Created trace to press the back button
I/nofatclips(  249): Created trace to press the menu button
I/nofatclips(  249): Created trace to change orientation
D/dalvikvm(  249): GC_CONCURRENT freed 1535K, 52% free 3930K/8071K, external 4274K/4815K, paused 7ms+8ms
I/nofatclips(  249): Check for termination: 84 steps left of 100
I/nofatclips(  249): Dispatching new task. 2 more tasks remaining.
D/nofatclips(  249): Performing backup of the old task list on disk
D/nofatclips(  249): Saving task list on disk
V/nofatclips(  249): Backing up trace #133 to disk.
V/nofatclips(  249): Backing up trace #134 to disk.
D/nofatclips(  249): Deleting backup of the old task list from disk
D/nofatclips(  249): Deleting backup of the old activity list from disk
I/nofatclips(  249): Incrementally Playing Trace 134
D/nofatclips(  249): Firing event: type= back
I/WordPress(  249): response = HTTP/1.1 200 OK
W/KeyCharacterMap(  249): No keyboard for id 0
W/KeyCharacterMap(  249): Using default keymap: /system/usr/keychars/qwerty.kcm.bin
I/nofatclips(  249): Waiting for 100 msec.
D/nofatclips(  249): Waiting on Progress Bar #16908301
I/nofatclips(  249): Waiting for 500 msec.
I/nofatclips(  249): Current activity is Posts
I/nofatclips(  249): Retrieving widgets
D/nofatclips(  249): Found widget: id=16908290 (android.widget.FrameLayout@40729428)
D/nofatclips(  249): Found widget: id=16908666 (com.android.internal.widget.WeightedLinearLayout@40729e50)
D/nofatclips(  249): Found widget: id=16908667 (android.widget.LinearLayout@4072a0c8)
D/nofatclips(  249): Found widget: id=16908668 (android.widget.LinearLayout@405eea88)
D/nofatclips(  249): Found widget: id=16908294 (android.widget.ImageView@405eecf0)
D/nofatclips(  249): Found widget: id=16908669 (com.android.internal.widget.DialogTitle@405eefa0): Share Post
D/nofatclips(  249): Found widget: id=16908670 (android.widget.ImageView@405efb80)
D/nofatclips(  249): Found widget: id=16908671 (android.widget.LinearLayout@405efd98)
D/nofatclips(  249): Found widget: id=16908672 (android.widget.ScrollView@405f0000)
D/nofatclips(  249): Found widget: id=16908673 (android.widget.FrameLayout@405f0de0)
D/nofatclips(  249): Found widget: id=16908331 (android.widget.FrameLayout@405f1048)
D/nofatclips(  249): Found widget: id=-1 (android.widget.FrameLayout@40727cd8)
D/nofatclips(  249): Found widget: id=16908804 (android.widget.LinearLayout@40727f78)
D/nofatclips(  249): Found widget: id=16908301 (android.widget.ProgressBar@407281e8)
D/nofatclips(  249): Found widget: id=16908299 (android.widget.TextView@40728bc0): Attempting to fetch URL
D/nofatclips(  249): Found widget: id=16908674 (android.widget.LinearLayout@405f12b0)
D/nofatclips(  249): Found widget: id=-1 (android.widget.LinearLayout@405f14d0)
D/nofatclips(  249): Found widget: id=16908675 (android.widget.LinearLayout@405f16f0)
D/nofatclips(  249): Found widget: id=16908313 (android.widget.Button@405f1950): 
D/nofatclips(  249): Found widget: id=16908315 (android.widget.Button@405f21b8): 
D/nofatclips(  249): Found widget: id=16908314 (android.widget.Button@405f2a20): 
D/nofatclips(  249): Found widget: id=16908676 (android.widget.LinearLayout@405f3288)
D/nofatclips(  249): Found widget: id=-1 (com.android.internal.policy.impl.PhoneWindow$DecorView@40729050)
V/nicola  (  249): TextualID : null
V/nicola  (  249): ContentType detected : default
V/nicola  (  249): TextualID : null
V/nicola  (  249): ContentType detected : default
I/nofatclips(  249): Performing comparation for activity Posts
D/nofatclips(  249): Comparing against activity Posts
D/nofatclips(  249): Comparing against activity Posts
D/nofatclips(  249): Comparing against activity Dashboard
D/nofatclips(  249): Comparing against activity Posts
I/nofatclips(  249): Registering activity Posts (id: a18) as a new found state
D/nofatclips(  249): Performing backup of the old activity list on disk
D/nofatclips(  249): Saving new found state 'a18' on disk
V/nofatclips(  249): Opening state file in append mode.
I/nofatclips(  249): Saved image on disk: a18.jpg
I/nofatclips(  249): Waiting for 100 msec.
I/nofatclips(  249): Session count is 1. Will dump to disk at 1
I/nofatclips(  249): Saving the session on disk.
I/nofatclips(  249): Planning for new Activity Posts
I/nofatclips(  249): Created trace to press the back button
I/nofatclips(  249): Created trace to press the menu button
I/nofatclips(  249): Created trace to change orientation
I/nofatclips(  249): Check for termination: 83 steps left of 100
I/nofatclips(  249): Dispatching new task. 2 more tasks remaining.
D/nofatclips(  249): Performing backup of the old task list on disk
D/nofatclips(  249): Saving task list on disk
V/nofatclips(  249): Backing up trace #136 to disk.
V/nofatclips(  249): Backing up trace #137 to disk.
D/nofatclips(  249): Deleting backup of the old task list from disk
D/nofatclips(  249): Deleting backup of the old activity list from disk
I/nofatclips(  249): Incrementally Playing Trace 137
I/nofatclips(  249): Retrieved from return list id=16908290
D/nofatclips(  249): Testing for type (android.widget.FrameLayout) against the original (null)
I/nofatclips(  249): Firing event: type= changeOrientation name= widget=null
D/dalvikvm(  249): GC_CONCURRENT freed 1643K, 51% free 4148K/8391K, external 3220K/3766K, paused 6ms+6ms
I/dalvikvm(  249): Jit: resizing JitTable from 2048 to 4096
W/KeyCharacterMap(  249): No keyboard for id 0
W/KeyCharacterMap(  249): Using default keymap: /system/usr/keychars/qwerty.kcm.bin
I/WindowManager(   61): Setting rotation to 0, animFlags=1
I/ActivityManager(   61): Config changed: { scale=1.0 imsi=310/260 loc=en_US touch=3 keys=2/1/2 nav=1/1 orien=1 layout=18 uiMode=17 seq=6}
I/nofatclips(  249): Waiting for 100 msec.
D/nofatclips(  249): Waiting on Progress Bar #16908301
I/nofatclips(  249): Waiting for 500 msec.
I/nofatclips(  249): Current activity is Posts
I/nofatclips(  249): Retrieving widgets
D/nofatclips(  249): Found widget: id=16908290 (android.widget.FrameLayout@40729428)
D/nofatclips(  249): Found widget: id=16908666 (com.android.internal.widget.WeightedLinearLayout@40729e50)
D/nofatclips(  249): Found widget: id=16908667 (android.widget.LinearLayout@4072a0c8)
D/nofatclips(  249): Found widget: id=16908668 (android.widget.LinearLayout@405eea88)
D/nofatclips(  249): Found widget: id=16908294 (android.widget.ImageView@405eecf0)
D/nofatclips(  249): Found widget: id=16908669 (com.android.internal.widget.DialogTitle@405eefa0): Share Post
D/nofatclips(  249): Found widget: id=16908670 (android.widget.ImageView@405efb80)
D/nofatclips(  249): Found widget: id=16908671 (android.widget.LinearLayout@405efd98)
D/nofatclips(  249): Found widget: id=16908672 (android.widget.ScrollView@405f0000)
D/nofatclips(  249): Found widget: id=16908673 (android.widget.FrameLayout@405f0de0)
D/nofatclips(  249): Found widget: id=16908331 (android.widget.FrameLayout@405f1048)
D/nofatclips(  249): Found widget: id=-1 (android.widget.FrameLayout@40727cd8)
D/nofatclips(  249): Found widget: id=16908804 (android.widget.LinearLayout@40727f78)
D/nofatclips(  249): Found widget: id=16908301 (android.widget.ProgressBar@407281e8)
D/nofatclips(  249): Found widget: id=16908299 (android.widget.TextView@40728bc0): Attempting to fetch URL
D/nofatclips(  249): Found widget: id=16908674 (android.widget.LinearLayout@405f12b0)
D/nofatclips(  249): Found widget: id=-1 (android.widget.LinearLayout@405f14d0)
D/nofatclips(  249): Found widget: id=16908675 (android.widget.LinearLayout@405f16f0)
D/nofatclips(  249): Found widget: id=16908313 (android.widget.Button@405f1950): 
D/nofatclips(  249): Found widget: id=16908315 (android.widget.Button@405f21b8): 
D/nofatclips(  249): Found widget: id=16908314 (android.widget.Button@405f2a20): 
D/nofatclips(  249): Found widget: id=16908676 (android.widget.LinearLayout@405f3288)
D/nofatclips(  249): Found widget: id=-1 (com.android.internal.policy.impl.PhoneWindow$DecorView@40729050)
V/nicola  (  249): TextualID : null
V/nicola  (  249): ContentType detected : default
V/nicola  (  249): TextualID : null
V/nicola  (  249): ContentType detected : default
I/nofatclips(  249): Performing comparation for activity Posts
D/nofatclips(  249): Comparing against activity Posts
D/nofatclips(  249): Comparing against activity Dashboard
D/nofatclips(  249): Comparing against activity Posts
D/nofatclips(  249): Comparing against activity Posts
D/nofatclips(  249): Comparing against activity Posts
I/nofatclips(  249): Registering activity Posts (id: a19) as a new found state
D/nofatclips(  249): Performing backup of the old activity list on disk
D/nofatclips(  249): Saving new found state 'a19' on disk
V/nofatclips(  249): Opening state file in append mode.
I/nofatclips(  249): Saved image on disk: a19.jpg
I/nofatclips(  249): Waiting for 100 msec.
I/ActivityManager(   61): Starting: Intent { act=android.intent.action.CHOOSER cmp=android/com.android.internal.app.ChooserActivity (has extras) } from pid 249
I/nofatclips(  249): Session count is 1. Will dump to disk at 1
I/nofatclips(  249): Saving the session on disk.
I/nofatclips(  249): Planning for new Activity Posts
W/InputManagerService(   61): Window already focused, ignoring focus gain of: com.android.internal.view.IInputMethodClient$Stub$Proxy@40669018
I/nofatclips(  249): Created trace to press the back button
D/dalvikvm(  249): GC_CONCURRENT freed 1486K, 50% free 4279K/8391K, external 3571K/3766K, paused 7ms+8ms
I/nofatclips(  249): Created trace to press the menu button
I/nofatclips(  249): Created trace to change orientation
I/nofatclips(  249): Check for termination: 82 steps left of 100
I/nofatclips(  249): Dispatching new task. 2 more tasks remaining.
D/nofatclips(  249): Performing backup of the old task list on disk
D/nofatclips(  249): Saving task list on disk
V/nofatclips(  249): Backing up trace #139 to disk.
V/nofatclips(  249): Backing up trace #140 to disk.
D/dalvikvm(   61): GC_EXPLICIT freed 200K, 45% free 4125K/7495K, external 1316K/1828K, paused 340ms
D/nofatclips(  249): Deleting backup of the old task list from disk
D/nofatclips(  249): Deleting backup of the old activity list from disk
I/nofatclips(  249): Incrementally Playing Trace 140
I/nofatclips(  249): Retrieved from return list id=16908290
D/nofatclips(  249): Testing for type (android.widget.FrameLayout) against the original (null)
I/nofatclips(  249): Firing event: type= openMenu name= widget=null
I/ActivityManager(   61): Displayed android/com.android.internal.app.ChooserActivity: +1s883ms
I/nofatclips(  249): Waiting for 100 msec.
I/nofatclips(  249): Current activity is com.android.internal.app.ChooserActivity
I/nofatclips(  249): Retrieving widgets
D/nofatclips(  249): Found widget: id=16908290 (android.widget.FrameLayout@4050b500)
D/nofatclips(  249): Found widget: id=16908666 (com.android.internal.widget.WeightedLinearLayout@4050b8c8)
D/nofatclips(  249): Found widget: id=16908667 (android.widget.LinearLayout@406411b0)
D/nofatclips(  249): Found widget: id=16908668 (android.widget.LinearLayout@40647a00)
D/nofatclips(  249): Found widget: id=16908294 (android.widget.ImageView@40648ab8)
D/nofatclips(  249): Found widget: id=16908669 (com.android.internal.widget.DialogTitle@405d07a0): Share Post
D/nofatclips(  249): Found widget: id=16908670 (android.widget.ImageView@40649e20)
D/nofatclips(  249): Found widget: id=16908671 (android.widget.LinearLayout@40711068)
D/nofatclips(  249): Found widget: id=16908823 (com.android.internal.app.AlertController$RecycleListView@406d70a8)
D/nofatclips(  249): Found widget: id=-1 (android.widget.LinearLayout@40545488)
D/nofatclips(  249): Found widget: id=16908294 (android.widget.ImageView@405e8130)
D/nofatclips(  249): Found widget: id=-1 (android.widget.LinearLayout@406086b0)
D/nofatclips(  249): Found widget: id=16908308 (android.widget.TextView@40694d38): Messaging
D/nofatclips(  249): Found widget: id=16908309 (android.widget.TextView@406d2000): 
D/nofatclips(  249): Found widget: id=-1 (android.widget.LinearLayout@40780860)
D/nofatclips(  249): Found widget: id=16908294 (android.widget.ImageView@40782b40)
D/nofatclips(  249): Found widget: id=-1 (android.widget.LinearLayout@40784c98)
D/nofatclips(  249): Found widget: id=16908308 (android.widget.TextView@4070c2f8): WordPress
D/nofatclips(  249): Found widget: id=16908309 (android.widget.TextView@4070c6b8): 
D/nofatclips(  249): Found widget: id=16908673 (android.widget.FrameLayout@4075edc0)
D/nofatclips(  249): Found widget: id=16908331 (android.widget.FrameLayout@40796508)
D/nofatclips(  249): Found widget: id=16908674 (android.widget.LinearLayout@407a9b68)
D/nofatclips(  249): Found widget: id=-1 (android.widget.LinearLayout@40824e68)
D/nofatclips(  249): Found widget: id=16908675 (android.widget.LinearLayout@40830a80)
D/nofatclips(  249): Found widget: id=16908313 (android.widget.Button@40638030): 
D/nofatclips(  249): Found widget: id=16908315 (android.widget.Button@40653a58): 
D/nofatclips(  249): Found widget: id=16908314 (android.widget.Button@40656858): 
D/nofatclips(  249): Found widget: id=16908676 (android.widget.LinearLayout@406c09d8)
D/nofatclips(  249): Found widget: id=-1 (com.android.internal.policy.impl.PhoneWindow$DecorView@40551c40)
V/nicola  (  249): TextualID : null
V/nicola  (  249): ContentType detected : default
V/ReflectionHelper(  249): com.android.internal.app.AlertController.RecycleListView > mOnFocusChangeListener FOUND | NOT ACTIVE
V/nicola  (  249): TextualID : null
V/nicola  (  249): ContentType detected : default
V/nicola  (  249): TextualID : null
V/nicola  (  249): ContentType detected : default
I/nofatclips(  249): Performing comparation for activity ChooserActivity
D/nofatclips(  249): Comparing against activity Posts
D/nofatclips(  249): Comparing against activity Dashboard
D/nofatclips(  249): Comparing against activity Posts
D/nofatclips(  249): Comparing against activity Posts
D/nofatclips(  249): Comparing against activity Posts
D/nofatclips(  249): Comparing against activity Posts
I/nofatclips(  249): Registering activity ChooserActivity (id: a20) as a new found state
D/nofatclips(  249): Performing backup of the old activity list on disk
D/nofatclips(  249): Saving new found state 'a20' on disk
V/nofatclips(  249): Opening state file in append mode.
D/dalvikvm(  249): GC_EXTERNAL_ALLOC freed 1195K, 52% free 4046K/8391K, external 3653K/3766K, paused 277ms
I/nofatclips(  249): Saved image on disk: a20.jpg
I/nofatclips(  249): Waiting for 100 msec.
I/nofatclips(  249): Session count is 1. Will dump to disk at 1
I/nofatclips(  249): Saving the session on disk.
I/nofatclips(  249): Planning for new Activity ChooserActivity
D/nofatclips(  249): Handling event selectListItem for items [1,2] on listView #16908823 count=2
D/nofatclips(  249): Handling event longClickListItem for items [1,2] on listView #16908823 count=2
I/nofatclips(  249): Created trace to press the back button
I/nofatclips(  249): Created trace to press the menu button
I/nofatclips(  249): Created trace to change orientation
I/nofatclips(  249): Check for termination: 81 steps left of 100
I/nofatclips(  249): Dispatching new task. 2 more tasks remaining.
D/nofatclips(  249): Performing backup of the old task list on disk
D/nofatclips(  249): Saving task list on disk
V/nofatclips(  249): Backing up trace #146 to disk.
V/nofatclips(  249): Backing up trace #147 to disk.
D/nofatclips(  249): Deleting backup of the old task list from disk
D/nofatclips(  249): Deleting backup of the old activity list from disk
I/nofatclips(  249): Incrementally Playing Trace 147
I/nofatclips(  249): Retrieved from return list id=16908823
D/nofatclips(  249): Testing for type (com.android.internal.app.AlertController$RecycleListView) against the original (com.android.internal.app.AlertController$RecycleListView)
D/nofatclips(  249): Testing for name () against the original ()
I/nofatclips(  249): Firing event: type= longClickListItem index=8 widget=com.android.internal.app.AlertController$RecycleListView
I/nofatclips(  249): Swapping to listview item 2
D/nofatclips(  249): Event description: WordPress
I/ActivityManager(   61): Starting: Intent { act=android.intent.action.SEND typ=text/plain flg=0x3000000 cmp=org.wordpress.android/.EditPost (has extras) } from pid 249
I/nofatclips(  249): Waiting for 100 msec.
I/ActivityManager(   61): Displayed org.wordpress.android/.EditPost: +2s469ms
I/nofatclips(  249): Current activity is EditPost
I/nofatclips(  249): Retrieving widgets
D/nofatclips(  249): Found widget: id=16908290 (android.widget.FrameLayout@405ed4a8)
D/nofatclips(  249): Found widget: id=16908666 (com.android.internal.widget.WeightedLinearLayout@405edef0)
D/nofatclips(  249): Found widget: id=16908667 (android.widget.LinearLayout@405ee168)
D/nofatclips(  249): Found widget: id=16908668 (android.widget.LinearLayout@405ee538)
D/nofatclips(  249): Found widget: id=16908294 (android.widget.ImageView@405ee7a0)
D/nofatclips(  249): Found widget: id=16908669 (com.android.internal.widget.DialogTitle@40817a20): Select a Blog
D/nofatclips(  249): Found widget: id=16908670 (android.widget.ImageView@40818600)
D/nofatclips(  249): Found widget: id=16908671 (android.widget.LinearLayout@40818828)
D/nofatclips(  249): Found widget: id=16908823 (com.android.internal.app.AlertController$RecycleListView@40627290)
D/nofatclips(  249): Found widget: id=16908308 (android.widget.TextView@40808880): Katie's Sweet Testing Blog
D/nofatclips(  249): Found widget: id=16908308 (android.widget.TextView@40809f08): My Blog
D/nofatclips(  249): Found widget: id=16908673 (android.widget.FrameLayout@40819700)
D/nofatclips(  249): Found widget: id=16908331 (android.widget.FrameLayout@40819968)
D/nofatclips(  249): Found widget: id=16908674 (android.widget.LinearLayout@40819bd0)
D/nofatclips(  249): Found widget: id=-1 (android.widget.LinearLayout@40819df0)
D/nofatclips(  249): Found widget: id=16908675 (android.widget.LinearLayout@4081a010)
D/nofatclips(  249): Found widget: id=16908313 (android.widget.Button@4081a270): 
D/nofatclips(  249): Found widget: id=16908315 (android.widget.Button@4061ef98): 
D/nofatclips(  249): Found widget: id=16908314 (android.widget.Button@4061f800): 
D/nofatclips(  249): Found widget: id=16908676 (android.widget.LinearLayout@40620068)
D/nofatclips(  249): Found widget: id=-1 (com.android.internal.policy.impl.PhoneWindow$DecorView@405ed0b8)
V/nicola  (  249): TextualID : null
V/nicola  (  249): ContentType detected : default
V/ReflectionHelper(  249): com.android.internal.app.AlertController.RecycleListView > mOnFocusChangeListener FOUND | NOT ACTIVE
V/nicola  (  249): TextualID : null
V/nicola  (  249): ContentType detected : default
V/nicola  (  249): TextualID : null
V/nicola  (  249): ContentType detected : default
I/nofatclips(  249): Performing comparation for activity EditPost
D/nofatclips(  249): Comparing against activity Posts
D/nofatclips(  249): Comparing against activity Dashboard
D/nofatclips(  249): Comparing against activity ChooserActivity
D/nofatclips(  249): Comparing against activity Posts
D/nofatclips(  249): Comparing against activity Posts
D/nofatclips(  249): Comparing against activity Posts
D/nofatclips(  249): Comparing against activity Posts
I/nofatclips(  249): Registering activity EditPost (id: a21) as a new found state
D/nofatclips(  249): Performing backup of the old activity list on disk
D/nofatclips(  249): Saving new found state 'a21' on disk
V/nofatclips(  249): Opening state file in append mode.
D/dalvikvm(  249): GC_CONCURRENT freed 1655K, 49% free 4451K/8711K, external 4181K/4899K, paused 8ms+7ms
I/nofatclips(  249): Saved image on disk: a21.jpg
I/nofatclips(  249): Waiting for 100 msec.
I/nofatclips(  249): Session count is 1. Will dump to disk at 1
I/nofatclips(  249): Saving the session on disk.
I/nofatclips(  249): Planning for new Activity EditPost
D/nofatclips(  249): Handling event selectListItem for items [1,2] on listView #16908823 count=2
D/nofatclips(  249): Handling event longClickListItem for items [1,2] on listView #16908823 count=2
I/nofatclips(  249): Created trace to press the back button
I/nofatclips(  249): Created trace to press the menu button
I/nofatclips(  249): Created trace to change orientation
I/nofatclips(  249): Check for termination: 80 steps left of 100
I/nofatclips(  249): Dispatching new task. 2 more tasks remaining.
D/nofatclips(  249): Performing backup of the old task list on disk
D/nofatclips(  249): Saving task list on disk
V/nofatclips(  249): Backing up trace #153 to disk.
V/nofatclips(  249): Backing up trace #154 to disk.
D/nofatclips(  249): Deleting backup of the old task list from disk
D/nofatclips(  249): Deleting backup of the old activity list from disk
I/nofatclips(  249): Incrementally Playing Trace 154
I/nofatclips(  249): Retrieved from return list id=16908290
D/nofatclips(  249): Testing for type (android.widget.FrameLayout) against the original (null)
I/nofatclips(  249): Firing event: type= openMenu name= widget=null
I/WordPress(  249): response = HTTP/1.1 200 OK
W/KeyCharacterMap(  249): No keyboard for id 0
W/KeyCharacterMap(  249): Using default keymap: /system/usr/keychars/qwerty.kcm.bin
I/nofatclips(  249): Waiting for 100 msec.
I/nofatclips(  249): Current activity is EditPost
I/nofatclips(  249): Retrieving widgets
D/nofatclips(  249): Found widget: id=16908290 (android.widget.FrameLayout@405ed4a8)
D/nofatclips(  249): Found widget: id=16908666 (com.android.internal.widget.WeightedLinearLayout@405edef0)
D/nofatclips(  249): Found widget: id=16908667 (android.widget.LinearLayout@405ee168)
D/nofatclips(  249): Found widget: id=16908668 (android.widget.LinearLayout@405ee538)
D/nofatclips(  249): Found widget: id=16908294 (android.widget.ImageView@405ee7a0)
D/nofatclips(  249): Found widget: id=16908669 (com.android.internal.widget.DialogTitle@40817a20): Select a Blog
D/nofatclips(  249): Found widget: id=16908670 (android.widget.ImageView@40818600)
D/nofatclips(  249): Found widget: id=16908671 (android.widget.LinearLayout@40818828)
D/nofatclips(  249): Found widget: id=16908823 (com.android.internal.app.AlertController$RecycleListView@40627290)
D/nofatclips(  249): Found widget: id=16908308 (android.widget.TextView@40808880): Katie's Sweet Testing Blog
D/nofatclips(  249): Found widget: id=16908308 (android.widget.TextView@40809f08): My Blog
D/nofatclips(  249): Found widget: id=16908673 (android.widget.FrameLayout@40819700)
D/nofatclips(  249): Found widget: id=16908331 (android.widget.FrameLayout@40819968)
D/nofatclips(  249): Found widget: id=16908674 (android.widget.LinearLayout@40819bd0)
D/nofatclips(  249): Found widget: id=-1 (android.widget.LinearLayout@40819df0)
D/nofatclips(  249): Found widget: id=16908675 (android.widget.LinearLayout@4081a010)
D/nofatclips(  249): Found widget: id=16908313 (android.widget.Button@4081a270): 
D/nofatclips(  249): Found widget: id=16908315 (android.widget.Button@4061ef98): 
D/nofatclips(  249): Found widget: id=16908314 (android.widget.Button@4061f800): 
D/nofatclips(  249): Found widget: id=16908676 (android.widget.LinearLayout@40620068)
D/nofatclips(  249): Found widget: id=-1 (com.android.internal.policy.impl.PhoneWindow$DecorView@405ed0b8)
V/nicola  (  249): TextualID : null
V/nicola  (  249): ContentType detected : default
V/ReflectionHelper(  249): com.android.internal.app.AlertController.RecycleListView > mOnFocusChangeListener FOUND | NOT ACTIVE
V/nicola  (  249): TextualID : null
V/nicola  (  249): ContentType detected : default
V/nicola  (  249): TextualID : null
V/nicola  (  249): ContentType detected : default
I/nofatclips(  249): Performing comparation for activity EditPost
D/nofatclips(  249): Comparing against activity Posts
D/nofatclips(  249): Comparing against activity Dashboard
D/nofatclips(  249): Comparing against activity EditPost
D/nofatclips(  249): Comparing against activity Posts
D/nofatclips(  249): Comparing against activity Posts
D/nofatclips(  249): Comparing against activity ChooserActivity
D/nofatclips(  249): Comparing against activity Posts
D/nofatclips(  249): Comparing against activity Posts
I/nofatclips(  249): Registering activity EditPost (id: a22) as a new found state
D/nofatclips(  249): Performing backup of the old activity list on disk
D/nofatclips(  249): Saving new found state 'a22' on disk
V/nofatclips(  249): Opening state file in append mode.
I/nofatclips(  249): Saved image on disk: a22.jpg
I/nofatclips(  249): Waiting for 100 msec.
I/nofatclips(  249): Session count is 1. Will dump to disk at 1
I/nofatclips(  249): Saving the session on disk.
I/nofatclips(  249): Planning for new Activity EditPost
D/nofatclips(  249): Handling event selectListItem for items [1,2] on listView #16908823 count=2
D/nofatclips(  249): Handling event longClickListItem for items [1,2] on listView #16908823 count=2
I/nofatclips(  249): Created trace to press the back button
I/nofatclips(  249): Created trace to press the menu button
I/nofatclips(  249): Created trace to change orientation
D/dalvikvm(  249): GC_CONCURRENT freed 1850K, 48% free 4733K/9095K, external 4429K/4547K, paused 8ms+11ms
I/nofatclips(  249): Check for termination: 79 steps left of 100
I/nofatclips(  249): Dispatching new task. 2 more tasks remaining.
D/nofatclips(  249): Performing backup of the old task list on disk
D/nofatclips(  249): Saving task list on disk
V/nofatclips(  249): Backing up trace #160 to disk.
V/nofatclips(  249): Backing up trace #161 to disk.
D/nofatclips(  249): Deleting backup of the old task list from disk
D/nofatclips(  249): Deleting backup of the old activity list from disk
I/nofatclips(  249): Incrementally Playing Trace 161
I/nofatclips(  249): Retrieved from return list id=16908823
D/nofatclips(  249): Testing for type (com.android.internal.app.AlertController$RecycleListView) against the original (com.android.internal.app.AlertController$RecycleListView)
D/nofatclips(  249): Testing for name () against the original ()
I/nofatclips(  249): Firing event: type= longClickListItem index=8 widget=com.android.internal.app.AlertController$RecycleListView
I/nofatclips(  249): Swapping to listview item 2
D/nofatclips(  249): Event description: My Blog
I/nofatclips(  249): Waiting for 100 msec.
I/nofatclips(  249): Current activity is EditPost
I/nofatclips(  249): Retrieving widgets
D/nofatclips(  249): Found widget: id=-1 (android.widget.LinearLayout@40621750)
D/nofatclips(  249): Found widget: id=-1 (android.widget.FrameLayout@40621990)
D/nofatclips(  249): Found widget: id=16908310 (android.widget.TextView@40755f98): My Blog - New Post
D/nofatclips(  249): Found widget: id=16908290 (android.widget.FrameLayout@40756580)
D/nofatclips(  249): Found widget: id=-1 (android.widget.LinearLayout@40756a80)
D/nofatclips(  249): Found widget: id=-1 (android.widget.ScrollView@40756d28)
D/nofatclips(  249): Found widget: id=-1 (android.widget.LinearLayout@40757518)
D/nofatclips(  249): Found widget: id=2131165209 (android.widget.RelativeLayout@40757788)
D/nofatclips(  249): Found widget: id=2131165210 (android.widget.TextView@407583e8): Post Content
D/nofatclips(  249): Found widget: id=2131165236 (android.widget.EditText@4071cf40): Post Two
D/nofatclips(  249): Found widget: id=2131165265 (org.wordpress.android.util.WPEditText@4071ef60): https://katiemalone1990.wordpress.com/2014/07/21/post-two/
D/nofatclips(  249): 
D/nofatclips(  249): Found widget: id=2131165266 (android.widget.RelativeLayout@4071fa30)
D/nofatclips(  249): Found widget: id=2131165267 (android.widget.TextView@405bb5b0): Tags & Categories
D/nofatclips(  249): Found widget: id=2131165268 (android.widget.EditText@405bbd38): 
D/nofatclips(  249): Found widget: id=2131165269 (android.widget.Button@405bc9f8): Select Categories
D/nofatclips(  249): Found widget: id=2131165270 (android.widget.TextView@405bde80): Selected categories:
D/nofatclips(  249): Found widget: id=2131165271 (android.widget.RelativeLayout@405be3d8)
D/nofatclips(  249): Found widget: id=2131165272 (android.widget.RelativeLayout@405be780)
D/nofatclips(  249): Found widget: id=2131165273 (android.widget.TextView@4079c838): Location
D/nofatclips(  249): Found widget: id=2131165274 (android.widget.TextView@4079d0e8): Loading...
D/nofatclips(  249): Found widget: id=2131165275 (android.widget.Button@4079d5e0): View Map
D/nofatclips(  249): Found widget: id=2131165276 (android.widget.Button@4079ddc8): Update Location
D/nofatclips(  249): Found widget: id=2131165277 (android.widget.RelativeLayout@4079e5c0)
D/nofatclips(  249): Found widget: id=2131165278 (android.widget.TextView@4079eba0): Settings
D/nofatclips(  249): Found widget: id=2131165279 (android.widget.TextView@4079f4a0): Status:
D/nofatclips(  249): Found widget: id=2131165280 (android.widget.Spinner@4079fdf0)
D/nofatclips(  249): Found widget: id=2131165281 (android.widget.TextView@4072db68): Publish:
D/nofatclips(  249): Found widget: id=2131165282 (android.widget.TextView@4072e0a8): Immediately
D/nofatclips(  249): Found widget: id=2131165283 (android.widget.Button@4072e5f0): Edit
D/nofatclips(  249): Found widget: id=2131165284 (android.widget.TextView@4072edd0): Post Format:
D/nofatclips(  249): Found widget: id=2131165285 (android.widget.Spinner@4072f318)
D/nofatclips(  249): Found widget: id=16908308 (android.widget.TextView@40801d18): Standard
D/nofatclips(  249): Found widget: id=2131165286 (android.widget.EditText@4072f9c0): 
D/nofatclips(  249): Found widget: id=2131165287 (android.widget.Button@407597e8): Publish
D/nofatclips(  249): Found widget: id=-1 (com.android.internal.policy.impl.PhoneWindow$DecorView@406212d8)
V/nicola  (  249): TextualID : null
V/nicola  (  249): ContentType detected : default
V/nicola  (  249): TextualID : l_section1
V/nicola  (  249): ContentType detected : default
V/ReflectionHelper(  249): android.widget.EditText > mOnFocusChangeListener FOUND | NOT ACTIVE
V/nicola  (  249): TextualID : title
V/nicola  (  249): ContentType detected : default
V/ReflectionHelper(  249): org.wordpress.android.util.WPEditText > mOnFocusChangeListener FOUND | ACTIVE
V/nicola  (  249): TextualID : postContent
V/nicola  (  249): ContentType detected : url
V/nicola  (  249): TextualID : l_tags_categories
V/nicola  (  249): ContentType detected : default
V/ReflectionHelper(  249): android.widget.EditText > mOnFocusChangeListener FOUND | NOT ACTIVE
V/nicola  (  249): TextualID : tags
V/nicola  (  249): ContentType detected : default
V/nicola  (  249): TextualID : selectCategories
V/nicola  (  249): ContentType detected : default
V/nicola  (  249): TextualID : selectedCategories
V/nicola  (  249): ContentType detected : default
V/nicola  (  249): TextualID : l_status
V/nicola  (  249): ContentType detected : default
V/nicola  (  249): TextualID : statusLabel
V/nicola  (  249): ContentType detected : default
V/nicola  (  249): TextualID : pubDateLabel
V/nicola  (  249): ContentType detected : default
V/nicola  (  249): TextualID : pubDate
V/nicola  (  249): ContentType detected : default
V/nicola  (  249): TextualID : pubDateButton
V/nicola  (  249): ContentType detected : default
V/nicola  (  249): TextualID : postFormatLabel
V/nicola  (  249): ContentType detected : default
V/nicola  (  249): TextualID : null
V/nicola  (  249): ContentType detected : default
V/ReflectionHelper(  249): android.widget.EditText > mOnFocusChangeListener FOUND | NOT ACTIVE
V/nicola  (  249): TextualID : post_password
V/nicola  (  249): ContentType detected : default
V/nicola  (  249): TextualID : post
V/nicola  (  249): ContentType detected : default
I/nofatclips(  249): Performing comparation for activity EditPost
D/nofatclips(  249): Comparing against activity EditPost
D/nofatclips(  249): Comparing against activity Posts
D/nofatclips(  249): Comparing against activity Dashboard
D/nofatclips(  249): Comparing against activity EditPost
D/nofatclips(  249): Comparing against activity Posts
D/nofatclips(  249): Comparing against activity Posts
D/nofatclips(  249): Comparing against activity ChooserActivity
D/nofatclips(  249): Comparing against activity Posts
D/nofatclips(  249): Comparing against activity Posts
I/nofatclips(  249): Registering activity EditPost (id: a23) as a new found state
D/nofatclips(  249): Performing backup of the old activity list on disk
D/nofatclips(  249): Saving new found state 'a23' on disk
V/nofatclips(  249): Opening state file in append mode.
D/dalvikvm(  249): GC_EXTERNAL_ALLOC freed 1540K, 51% free 4534K/9095K, external 4314K/4547K, paused 167ms
I/nofatclips(  249): Saved image on disk: a23.jpg
I/nofatclips(  249): Waiting for 100 msec.
I/nofatclips(  249): Session count is 1. Will dump to disk at 1
I/nofatclips(  249): Saving the session on disk.
I/nofatclips(  249): Planning for new Activity EditPost
D/nofatclips(  249): Handling event 'focus' on widget id=2131165265 type=focusableEditText name=Content
D/nofatclips(  249): Handling input 'writeText' on widget id=2131165236 type=editText name=Title
V/nofatclips(  249): Using value: 90
D/nofatclips(  249): Handling input 'writeText' on widget id=2131165268 type=editText name=Tags (separate tags with commas)
V/nofatclips(  249): Using value: 85
D/nofatclips(  249): Handling input 'writeText' on widget id=2131165286 type=editText name=Password (optional)
V/nofatclips(  249): Using value: 45
D/nofatclips(  249): Handling event 'click' on widget id=2131165269 type=button name=Select Categories
D/nofatclips(  249): Handling input 'writeText' on widget id=2131165236 type=editText name=Title
V/nofatclips(  249): Using value: 90
D/nofatclips(  249): Handling input 'writeText' on widget id=2131165268 type=editText name=Tags (separate tags with commas)
V/nofatclips(  249): Using value: 85
D/nofatclips(  249): Handling input 'writeText' on widget id=2131165286 type=editText name=Password (optional)
V/nofatclips(  249): Using value: 45
D/nofatclips(  249): Handling event 'click' on widget id=2131165283 type=button name=Edit
D/nofatclips(  249): Handling input 'writeText' on widget id=2131165236 type=editText name=Title
V/nofatclips(  249): Using value: 90
D/nofatclips(  249): Handling input 'writeText' on widget id=2131165268 type=editText name=Tags (separate tags with commas)
V/nofatclips(  249): Using value: 85
D/nofatclips(  249): Handling input 'writeText' on widget id=2131165286 type=editText name=Password (optional)
V/nofatclips(  249): Using value: 45
D/nofatclips(  249): Handling event selectSpinnerItem for items [1,10] on spinner #2131165285 count=10
D/nofatclips(  249): Handling input 'writeText' on widget id=2131165236 type=editText name=Title
V/nofatclips(  249): Using value: 90
D/nofatclips(  249): Handling input 'writeText' on widget id=2131165268 type=editText name=Tags (separate tags with commas)
V/nofatclips(  249): Using value: 85
D/nofatclips(  249): Handling input 'writeText' on widget id=2131165286 type=editText name=Password (optional)
V/nofatclips(  249): Using value: 45
D/nofatclips(  249): Handling input 'writeText' on widget id=2131165236 type=editText name=Title
V/nofatclips(  249): Using value: 90
D/nofatclips(  249): Handling input 'writeText' on widget id=2131165268 type=editText name=Tags (separate tags with commas)
V/nofatclips(  249): Using value: 85
D/nofatclips(  249): Handling input 'writeText' on widget id=2131165286 type=editText name=Password (optional)
V/nofatclips(  249): Using value: 45
D/nofatclips(  249): Handling input 'writeText' on widget id=2131165236 type=editText name=Title
V/nofatclips(  249): Using value: 90
D/nofatclips(  249): Handling input 'writeText' on widget id=2131165268 type=editText name=Tags (separate tags with commas)
V/nofatclips(  249): Using value: 85
D/nofatclips(  249): Handling input 'writeText' on widget id=2131165286 type=editText name=Password (optional)
V/nofatclips(  249): Using value: 45
D/nofatclips(  249): Handling input 'writeText' on widget id=2131165236 type=editText name=Title
V/nofatclips(  249): Using value: 90
D/nofatclips(  249): Handling input 'writeText' on widget id=2131165268 type=editText name=Tags (separate tags with commas)
V/nofatclips(  249): Using value: 85
D/nofatclips(  249): Handling input 'writeText' on widget id=2131165286 type=editText name=Password (optional)
V/nofatclips(  249): Using value: 45
D/nofatclips(  249): Handling input 'writeText' on widget id=2131165236 type=editText name=Title
V/nofatclips(  249): Using value: 90
D/nofatclips(  249): Handling input 'writeText' on widget id=2131165268 type=editText name=Tags (separate tags with commas)
V/nofatclips(  249): Using value: 85
D/nofatclips(  249): Handling input 'writeText' on widget id=2131165286 type=editText name=Password (optional)
V/nofatclips(  249): Using value: 45
D/nofatclips(  249): Handling input 'writeText' on widget id=2131165236 type=editText name=Title
V/nofatclips(  249): Using value: 90
D/nofatclips(  249): Handling input 'writeText' on widget id=2131165268 type=editText name=Tags (separate tags with commas)
V/nofatclips(  249): Using value: 85
D/nofatclips(  249): Handling input 'writeText' on widget id=2131165286 type=editText name=Password (optional)
V/nofatclips(  249): Using value: 45
D/nofatclips(  249): Handling input 'writeText' on widget id=2131165236 type=editText name=Title
V/nofatclips(  249): Using value: 90
D/nofatclips(  249): Handling input 'writeText' on widget id=2131165268 type=editText name=Tags (separate tags with commas)
V/nofatclips(  249): Using value: 85
D/nofatclips(  249): Handling input 'writeText' on widget id=2131165286 type=editText name=Password (optional)
V/nofatclips(  249): Using value: 45
D/nofatclips(  249): Handling input 'writeText' on widget id=2131165236 type=editText name=Title
V/nofatclips(  249): Using value: 90
D/nofatclips(  249): Handling input 'writeText' on widget id=2131165268 type=editText name=Tags (separate tags with commas)
V/nofatclips(  249): Using value: 85
D/nofatclips(  249): Handling input 'writeText' on widget id=2131165286 type=editText name=Password (optional)
V/nofatclips(  249): Using value: 45
D/nofatclips(  249): Handling input 'writeText' on widget id=2131165236 type=editText name=Title
V/nofatclips(  249): Using value: 90
D/nofatclips(  249): Handling input 'writeText' on widget id=2131165268 type=editText name=Tags (separate tags with commas)
V/nofatclips(  249): Using value: 85
D/nofatclips(  249): Handling input 'writeText' on widget id=2131165286 type=editText name=Password (optional)
V/nofatclips(  249): Using value: 45
D/nofatclips(  249): Handling input 'writeText' on widget id=2131165236 type=editText name=Title
V/nofatclips(  249): Using value: 90
D/nofatclips(  249): Handling input 'writeText' on widget id=2131165268 type=editText name=Tags (separate tags with commas)
V/nofatclips(  249): Using value: 85
D/nofatclips(  249): Handling input 'writeText' on widget id=2131165286 type=editText name=Password (optional)
V/nofatclips(  249): Using value: 45
D/nofatclips(  249): Handling event 'click' on widget id=2131165287 type=button name=Publish
D/nofatclips(  249): Handling input 'writeText' on widget id=2131165236 type=editText name=Title
V/nofatclips(  249): Using value: 90
D/nofatclips(  249): Handling input 'writeText' on widget id=2131165268 type=editText name=Tags (separate tags with commas)
V/nofatclips(  249): Using value: 85
D/nofatclips(  249): Handling input 'writeText' on widget id=2131165286 type=editText name=Password (optional)
V/nofatclips(  249): Using value: 45
I/nofatclips(  249): Created trace to press the back button
I/nofatclips(  249): Created trace to press the menu button
I/nofatclips(  249): Created trace to change orientation
D/dalvikvm(  249): GC_CONCURRENT freed 2207K, 52% free 4602K/9415K, external 4648K/5804K, paused 4ms+4ms
I/nofatclips(  249): Check for termination: 78 steps left of 100
I/nofatclips(  249): Dispatching new task. 2 more tasks remaining.
D/nofatclips(  249): Performing backup of the old task list on disk
D/nofatclips(  249): Saving task list on disk
V/nofatclips(  249): Backing up trace #177 to disk.
V/nofatclips(  249): Backing up trace #178 to disk.
D/nofatclips(  249): Deleting backup of the old task list from disk
D/nofatclips(  249): Deleting backup of the old activity list from disk
I/nofatclips(  249): Incrementally Playing Trace 178
D/nofatclips(  249): Setting input: type= writeText id=2131165236 value=90
D/nofatclips(  249): Added to return list id=2131165236
I/nofatclips(  249): Retrieved from return list id=2131165236
D/nofatclips(  249): Testing for type (android.widget.EditText) against the original (android.widget.EditText)
D/nofatclips(  249): Testing for name (Title) against the original (Title)
W/KeyCharacterMap(  249): No keyboard for id 0
W/KeyCharacterMap(  249): Using default keymap: /system/usr/keychars/qwerty.kcm.bin
D/nofatclips(  249): Setting input: type= writeText id=2131165268 value=85
D/nofatclips(  249): Added to return list id=2131165268
I/nofatclips(  249): Retrieved from return list id=2131165268
D/nofatclips(  249): Testing for type (android.widget.EditText) against the original (android.widget.EditText)
D/nofatclips(  249): Testing for name (Tags (separate tags with commas)) against the original (Tags (separate tags with commas))
D/nofatclips(  249): Setting input: type= writeText id=2131165286 value=45
D/nofatclips(  249): Added to return list id=2131165286
I/nofatclips(  249): Retrieved from return list id=2131165286
D/nofatclips(  249): Testing for type (android.widget.EditText) against the original (android.widget.EditText)
D/nofatclips(  249): Testing for name (Password (optional)) against the original (Password (optional))
I/nofatclips(  249): Retrieved from return list id=2131165285
D/nofatclips(  249): Testing for type (android.widget.Spinner) against the original (android.widget.Spinner)
D/nofatclips(  249): Testing for name () against the original ()
I/nofatclips(  249): Firing event: type= selectSpinnerItem index=30 widget=android.widget.Spinner
I/nofatclips(  249): Clicking the spinner view
D/nofatclips(  249): Event description: Standard
I/nofatclips(  249): Swapping to listview item 7
D/nofatclips(  249): Event description: Quote
I/nofatclips(  249): Waiting for 100 msec.
W/InputManagerService(   61): Window already focused, ignoring focus gain of: com.android.internal.view.IInputMethodClient$Stub$Proxy@40547b20
I/nofatclips(  249): Current activity is EditPost
I/nofatclips(  249): Retrieving widgets
D/nofatclips(  249): Found widget: id=-1 (android.widget.LinearLayout@40621750)
D/nofatclips(  249): Found widget: id=-1 (android.widget.FrameLayout@40621990)
D/nofatclips(  249): Found widget: id=16908310 (android.widget.TextView@40755f98): My Blog - New Post
D/nofatclips(  249): Found widget: id=16908290 (android.widget.FrameLayout@40756580)
D/nofatclips(  249): Found widget: id=-1 (android.widget.LinearLayout@40756a80)
D/nofatclips(  249): Found widget: id=-1 (android.widget.ScrollView@40756d28)
D/nofatclips(  249): Found widget: id=-1 (android.widget.LinearLayout@40757518)
D/nofatclips(  249): Found widget: id=2131165209 (android.widget.RelativeLayout@40757788)
D/nofatclips(  249): Found widget: id=2131165210 (android.widget.TextView@407583e8): Post Content
D/nofatclips(  249): Found widget: id=2131165236 (android.widget.EditText@4071cf40): 90
D/nofatclips(  249): Found widget: id=2131165265 (org.wordpress.android.util.WPEditText@4071ef60): https://katiemalone1990.wordpress.com/2014/07/21/post-two/
D/nofatclips(  249): 
D/nofatclips(  249): Found widget: id=2131165266 (android.widget.RelativeLayout@4071fa30)
D/nofatclips(  249): Found widget: id=2131165267 (android.widget.TextView@405bb5b0): Tags & Categories
D/nofatclips(  249): Found widget: id=2131165268 (android.widget.EditText@405bbd38): 85
D/nofatclips(  249): Found widget: id=2131165269 (android.widget.Button@405bc9f8): Select Categories
D/nofatclips(  249): Found widget: id=2131165270 (android.widget.TextView@405bde80): Selected categories:
D/nofatclips(  249): Found widget: id=2131165271 (android.widget.RelativeLayout@405be3d8)
D/nofatclips(  249): Found widget: id=2131165272 (android.widget.RelativeLayout@405be780)
D/nofatclips(  249): Found widget: id=2131165273 (android.widget.TextView@4079c838): Location
D/nofatclips(  249): Found widget: id=2131165274 (android.widget.TextView@4079d0e8): Loading...
D/nofatclips(  249): Found widget: id=2131165275 (android.widget.Button@4079d5e0): View Map
D/nofatclips(  249): Found widget: id=2131165276 (android.widget.Button@4079ddc8): Update Location
D/nofatclips(  249): Found widget: id=2131165277 (android.widget.RelativeLayout@4079e5c0)
D/nofatclips(  249): Found widget: id=2131165278 (android.widget.TextView@4079eba0): Settings
D/nofatclips(  249): Found widget: id=2131165279 (android.widget.TextView@4079f4a0): Status:
D/nofatclips(  249): Found widget: id=2131165280 (android.widget.Spinner@4079fdf0)
D/nofatclips(  249): Found widget: id=2131165281 (android.widget.TextView@4072db68): Publish:
D/nofatclips(  249): Found widget: id=2131165282 (android.widget.TextView@4072e0a8): Immediately
D/nofatclips(  249): Found widget: id=2131165283 (android.widget.Button@4072e5f0): Edit
