V/nofatclips(  249): Updating value DICTIONARY_IGNORE_CONTENT_TYPES
V/nofatclips(  249): Updating value EMULATOR_PORT
V/nofatclips(  249): Updating value EVENTS
D/nofatclips(  249): Updated values of array parameter EVENTS
V/nofatclips(  249): Updating value EVENT_WHEN_NO_ID
V/nofatclips(  249): Updating value EXCLUDE_WIDGETS_INPUTS_IN_GPS_EVENTS
V/nofatclips(  249): Updating value EXCLUDE_WIDGETS_INPUTS_IN_SENSORS_EVENTS
V/nofatclips(  249): Updating value INPUTS
D/nofatclips(  249): Updated values of array parameter INPUTS
V/nofatclips(  249): Updating value KEY_EVENTS
V/nofatclips(  249): Updating value MAX_EVENTS_PER_WIDGET
V/nofatclips(  249): Updating value MAX_TASKS_IN_SCHEDULER
V/nofatclips(  249): Updating value MAX_TASKS_PER_EVENT
V/nofatclips(  249): Updating value MENU_EVENTS
V/nofatclips(  249): Updating value ORIENTATION_EVENTS
V/nofatclips(  249): Updating value PLANNER
V/nofatclips(  249): Updating value REFLECT_ACTIVITY_LISTENERS
V/nofatclips(  249): Updating value REFLECT_WIDGETS
V/nofatclips(  249): Updating value SCHEDULER_ALGORITHM
V/nofatclips(  249): Updating value SCROLL_DOWN_EVENT
V/nofatclips(  249): Updating value SENSOR_TYPES
V/nofatclips(  249): Updating value SIMULATE_INCOMING_CALL
V/nofatclips(  249): Updating value SIMULATE_INCOMING_SMS
V/nofatclips(  249): Updating value TAB_EVENTS_START_ONLY
V/nofatclips(  249): Updating value TEST_LOCATION_PROVIDER
V/nofatclips(  249): Updating value TEXT_VALUES_FROM_DICTIONARY
V/nofatclips(  249): Updating value TEXT_VALUES_ID_HASH
V/nofatclips(  249): Updating value USE_GPS
V/nofatclips(  249): Updating value USE_SENSORS
D/nofatclips(  249): Updating node comparator
D/nofatclips(  249): Loading node comparator
V/nofatclips(  249): Updating value COMPARATOR
V/nofatclips(  249): Updating value COMPARATOR_TYPE
V/nofatclips(  249): Updating value COMPARE_ACTIVITY_NAME
V/nofatclips(  249): Updating value COMPARE_LIST_COUNT
V/nofatclips(  249): Updating value COMPARE_MENU_COUNT
D/nofatclips(  249): Updated value of parameter COMPARE_MENU_COUNT to false (default = true)
V/nofatclips(  249): Updating value COMPARE_STATE_TITLE
V/nofatclips(  249): Updating value COMPARE_VALUES
V/nofatclips(  249): Updating value WIDGET_TYPES
D/nofatclips(  249): Updating node strategy
D/nofatclips(  249): Loading node strategy
V/nofatclips(  249): Updating value AFTER_EVENT_DONT_EXPLORE
V/nofatclips(  249): Updating value AFTER_WIDGET_DONT_EXPLORE
V/nofatclips(  249): Updating value CHECK_FOR_TRANSITION
V/nofatclips(  249): Updating value EXPLORE_ONLY_NEW_STATES
D/nofatclips(  249): Updated value of parameter EXPLORE_ONLY_NEW_STATES to false (default = true)
V/nofatclips(  249): Updating value MAX_NUM_TRACES
D/nofatclips(  249): Updated value of parameter MAX_NUM_TRACES to 100 (default = 0)
V/nofatclips(  249): Updating value MAX_TIME_CRAWLING
V/nofatclips(  249): Updating value PAUSE_AFTER_TIME
V/nofatclips(  249): Updating value PAUSE_AFTER_TRACES
V/nofatclips(  249): Updating value TRACE_MAX_DEPTH
V/nofatclips(  249): Updating value TRACE_MIN_DEPTH
D/nofatclips(  249): Starting random testing
I/TestRunner(  249): started: testAndCrawl(com.nofatclips.crawler.guitree.NomadEngine)
I/ActivityManager(   61): Starting: Intent { act=android.intent.action.MAIN flg=0x10000000 cmp=org.wordpress.android/.Dashboard } from pid 249
D/szipinf (   61): Initializing inflate state
D/dalvikvm(  249): GC_EXTERNAL_ALLOC freed 401K, 53% free 2737K/5767K, external 716K/1038K, paused 47ms
I/Launcher(  133): setLoadOnResume
I/Launcher(  133): setLoadOnResume
D/dalvikvm(  249): GC_EXTERNAL_ALLOC freed 115K, 49% free 2944K/5767K, external 1407K/1623K, paused 43ms
I/ActivityManager(   61): Displayed org.wordpress.android/.Dashboard: +651ms (total +8s633ms)
I/ActivityManager(   61): Displayed com.android.launcher/com.android.launcher2.Launcher: +8s634ms
I/SurfaceFlinger(   61): Boot is finished (12414 ms)
D/PowerManagerService(   61): bootCompleted
D/OtaStartupReceiver(  125): Not a CDMA phone, no need to process OTA
I/ARMAssembler(   61): generated scanline__00000177:03010104_00000002_00000000 [ 44 ipp] (66 ins) at [0x46dfd290:0x46dfd398] in 570489 ns
I/ARMAssembler(   61): generated scanline__00000177:03515104_00000001_00000000 [ 73 ipp] (95 ins) at [0x46dfd3a0:0x46dfd51c] in 486670 ns
D/nofatclips(  249): Generated Resuming Persistence
D/VoldCmdListener(   29): volume mount /mnt/sdcard
I/Vold    (   29): /dev/block/vold/179:0 being considered for volume sdcard
D/Vold    (   29): Volume sdcard state changing 1 (Idle-Unmounted) -> 3 (Checking)
I/StorageNotification(  126): Media {/mnt/sdcard} state changed from {unmounted} -> {checking}
I/dalvikvm(  249): Could not find method android.app.Activity.getFragmentManager, referenced from method com.jayway.android.robotium.solo.Waiter.getFragment
W/dalvikvm(  249): VFY: unable to resolve virtual method 7: Landroid/app/Activity;.getFragmentManager ()Landroid/app/FragmentManager;
D/dalvikvm(  249): VFY: replacing opcode 0x6e at 0x0008
I/dalvikvm(  249): Could not find method android.app.Activity.getFragmentManager, referenced from method com.jayway.android.robotium.solo.Waiter.getFragment
W/dalvikvm(  249): VFY: unable to resolve virtual method 7: Landroid/app/Activity;.getFragmentManager ()Landroid/app/FragmentManager;
D/dalvikvm(  249): VFY: replacing opcode 0x6e at 0x0017
W/dalvikvm(  249): VFY: unable to find class referenced in signature (Landroid/app/Fragment;)
D/dalvikvm(  249): VFY: dead code 0x000b-000f in Lcom/jayway/android/robotium/solo/Waiter;.getFragment (Ljava/lang/String;I)Landroid/app/Fragment;
D/dalvikvm(  249): VFY: dead code 0x001a-001f in Lcom/jayway/android/robotium/solo/Waiter;.getFragment (Ljava/lang/String;I)Landroid/app/Fragment;
W/dalvikvm(  249): VFY: unable to find class referenced in signature (Landroid/app/Fragment;)
I/RecoverySystem(   61): No recovery log file
I//system/bin/fsck_msdos(   29): ** /dev/block/vold/179:0
I/ActivityManager(   61): Start proc com.android.mms for broadcast com.android.mms/.transaction.MmsSystemEventReceiver: pid=277 uid=10015 gids={3003, 1015}
D/dalvikvm(   61): GC_EXPLICIT freed 728K, 45% free 4153K/7495K, external 1865K/3065K, paused 75ms
I/ActivityThread(  277): Pub com.android.mms.SuggestionsProvider: com.android.mms.SuggestionsProvider
D/nofatclips(  249): Updating node automation
D/nofatclips(  249): Loading node automation
V/nofatclips(  249): Updating value FORCE_RESTART
V/nofatclips(  249): Updating value IN_AND_OUT_FOCUS
V/nofatclips(  249): Updating value PRECRAWLING
V/nofatclips(  249): Updating value SCREENSHOT_FOR_EVENTS
V/nofatclips(  249): Updating value SCREENSHOT_FOR_STATES
V/nofatclips(  249): Updating value SCREENSHOT_ONLY_NEW_STATES
V/nofatclips(  249): Updating value SLEEP_AFTER_EVENT
D/nofatclips(  249): Updated value of parameter SLEEP_AFTER_EVENT to 100 (default = 1000)
V/nofatclips(  249): Updating value SLEEP_AFTER_RESTART
D/nofatclips(  249): Updated value of parameter SLEEP_AFTER_RESTART to 100 (default = 1000)
V/nofatclips(  249): Updating value SLEEP_AFTER_TASK
D/nofatclips(  249): Updated value of parameter SLEEP_AFTER_TASK to 100 (default = 1000)
V/nofatclips(  249): Updating value SLEEP_ON_THROBBER
D/nofatclips(  249): Updated value of parameter SLEEP_ON_THROBBER to 100 (default = 1000)
D/nofatclips(  249): Updating node screenshot
D/nofatclips(  249): Loading node screenshot
V/nofatclips(  249): Updating value FORCE_RESTART
V/nofatclips(  249): Updating value IN_AND_OUT_FOCUS
V/nofatclips(  249): Updating value PRECRAWLING
V/nofatclips(  249): Updating value SCREENSHOT_FOR_EVENTS
V/nofatclips(  249): Updating value SCREENSHOT_FOR_STATES
V/nofatclips(  249): Updating value SCREENSHOT_ONLY_NEW_STATES
V/nofatclips(  249): Updating value SLEEP_AFTER_EVENT
V/nofatclips(  249): Updating value SLEEP_AFTER_RESTART
V/nofatclips(  249): Updating value SLEEP_AFTER_TASK
V/nofatclips(  249): Updating value SLEEP_ON_THROBBER
I/nofatclips(  249): Waiting for 100 msec.
D/nofatclips(  249): Ready to operate after restarting...
I/nofatclips(  249): Current activity is Dashboard
W/nofatclips(  249): --->Dashboard
I/nofatclips(  249): Retrieving widgets
I/nofatclips(  249): Attempting to resume previous session
I/nofatclips(  249): Memoryless engine: the task file will not be loaded. Looking for crashed traces.
I/nofatclips(  249): Reading task file
I/InputReader(   61): Device reconfigured: id=0x0, name=qwerty2, display size is now 320x480
I/InputManager-Callbacks(   61): No virtual keys found for device qwerty2.
W/ActivityManager(   61): Activity idle timeout for HistoryRecord{4053bf28 com.android.launcher/com.android.launcher2.Launcher}
V/nofatclips(  249): Discarding trace #91
I/nofatclips(  249): Stateless comparator: the state file will not be loaded.
D/dalvikvm(  249): GetFieldID: unable to find field Ljava/util/Hashtable;.loadFactor:F
D/dalvikvm(  249): GetFieldID: unable to find field Ljava/util/Hashtable;.loadFactor:F
D/dalvikvm(  249): GetFieldID: unable to find field Ljava/util/Hashtable;.loadFactor:F
D/dalvikvm(  249): GetFieldID: unable to find field Ljava/util/Hashtable;.loadFactor:F
I/ARMAssembler(   61): generated scanline__00000077:03515104_00001004_00000000 [ 65 ipp] (85 ins) at [0x46dfd520:0x46dfd674] in 499499 ns
I/ARMAssembler(   61): generated scanline__00000177:03515104_00001001_00000000 [ 91 ipp] (114 ins) at [0x46dfd678:0x46dfd840] in 332714 ns
D/dalvikvm(  249): GC_CONCURRENT freed 157K, 48% free 3067K/5831K, external 1812K/2324K, paused 3ms+43ms
D/dalvikvm(  249): GetFieldID: unable to find field Ljava/util/Hashtable;.loadFactor:F
D/dalvikvm(  249): GetFieldID: unable to find field Ljava/util/Hashtable;.loadFactor:F
D/nofatclips(  249): Backup session footer restored to 
D/nofatclips(  249): </SESSION>
D/nofatclips(  249): Restored random counter to: 97
D/nofatclips(  249): Restored trace count to 93
D/nofatclips(  249): Current step countdown restored to 88
D/nofatclips(  249): Restored abstractor counters to: event = 97 - input = 0 - activity = 13
I/nofatclips(  249): Saving the session on disk.
I/ActivityManager(   61): Start proc com.android.email for broadcast com.android.email/.service.EmailBroadcastReceiver: pid=297 uid=10028 gids={3003, 1015}
I/nofatclips(  249): Planning for new Activity Dashboard
I/nofatclips(  249): Created trace to press the menu button
I/nofatclips(  249): Created trace to change orientation
I/nofatclips(  249): Dispatching new task. 2 more tasks remaining.
D/nofatclips(  249): Performing backup of the old task list on disk
D/nofatclips(  249): Saving task list on disk
V/nofatclips(  249): Backing up trace #93 to disk.
V/nofatclips(  249): Backing up trace #94 to disk.
D/nofatclips(  249): Deleting backup of the old task list from disk
I/nofatclips(  249): Restarting
I/ActivityThread(  297): Pub com.android.email.provider: com.android.email.provider.EmailProvider
I/ActivityThread(  297): Pub com.android.email.attachmentprovider: com.android.email.provider.AttachmentProvider
I/ActivityThread(  297): Pub com.android.exchange.provider: com.android.exchange.provider.ExchangeProvider
D/EAS SyncManager(  297): !!! EAS SyncManager, onCreate
I/SearchManagerService(   61): Building list of searchable activities
I//system/bin/fsck_msdos(   29): ** Phase 1 - Read and Compare FATs
I//system/bin/fsck_msdos(   29): Attempting to allocate 397 KB for FAT
D/MediaScannerService(  246): start scanning volume internal
I/nofatclips(  249): Waiting for 100 msec.
I//system/bin/fsck_msdos(   29): Attempting to allocate 397 KB for FAT
D/dalvikvm(  277): GC_CONCURRENT freed 492K, 54% free 2726K/5831K, external 716K/1038K, paused 3ms+28ms
D/nofatclips(  249): Ready to operate after restarting...
I/nofatclips(  249): Retrieving widgets
D/nofatclips(  249): Found widget: id=16908290 (android.widget.FrameLayout@405a0e58)
D/nofatclips(  249): Found widget: id=2131165248 (android.widget.RelativeLayout@405a1b58)
D/nofatclips(  249): Found widget: id=2131165249 (android.widget.LinearLayout@405a21c0)
D/nofatclips(  249): Found widget: id=-1 (android.widget.ImageView@405a2708)
D/nofatclips(  249): Found widget: id=2131165250 (org.wordpress.android.util.WPTitleBar@4059c0e0)
D/nofatclips(  249): Found widget: id=2131165195 (android.widget.RelativeLayout@4050e728)
D/nofatclips(  249): Found widget: id=2131165196 (android.widget.RelativeLayout@405689d8)
D/nofatclips(  249): Found widget: id=2131165197 (android.widget.ImageView@4059d378)
D/nofatclips(  249): Found widget: id=2131165198 (android.widget.TextView@40541d48): Katie's Sweet Testing Blog
D/nofatclips(  249): Found widget: id=2131165199 (android.widget.ImageView@4055d5d8)
D/nofatclips(  249): Found widget: id=-1 (android.widget.RelativeLayout@40579940)
D/nofatclips(  249): Found widget: id=2131165200 (android.widget.ImageButton@4059d8a0)
D/nofatclips(  249): Found widget: id=-1 (android.widget.FrameLayout@4057ae28)
D/nofatclips(  249): Found widget: id=2131165201 (android.widget.Button@40542710): 
D/nofatclips(  249): Found widget: id=2131165202 (android.widget.ImageView@40593cd8)
D/nofatclips(  249): Found widget: id=2131165203 (android.widget.ImageView@4053cf08)
D/nofatclips(  249): Found widget: id=2131165204 (android.widget.LinearLayout@405695e0)
D/nofatclips(  249): Found widget: id=-1 (android.widget.FrameLayout@4059d110)
D/nofatclips(  249): Found widget: id=-1 (android.widget.LinearLayout@405300b0)
D/nofatclips(  249): Found widget: id=-1 (android.widget.LinearLayout@4050e538)
D/nofatclips(  249): Found widget: id=-1 (android.widget.LinearLayout@4052f6d0)
D/nofatclips(  249): Found widget: id=2131165251 (android.widget.LinearLayout@4052fd88)
D/nofatclips(  249): Found widget: id=-1 (android.widget.ImageView@40590780)
D/nofatclips(  249): Found widget: id=2131165256 (android.widget.TextView@4056b2d8): New Post
D/nofatclips(  249): Found widget: id=2131165253 (android.widget.LinearLayout@4059c318)
D/nofatclips(  249): Found widget: id=-1 (android.widget.ImageView@405310f0)
D/nofatclips(  249): Found widget: id=2131165256 (android.widget.TextView@4056bc10): New Page
D/nofatclips(  249): Found widget: id=-1 (android.widget.LinearLayout@405333a8)
D/nofatclips(  249): Found widget: id=2131165252 (android.widget.LinearLayout@40530d98)
D/nofatclips(  249): Found widget: id=-1 (android.widget.ImageView@405392a0)
D/nofatclips(  249): Found widget: id=2131165256 (android.widget.TextView@40577e08): Quick Photo
D/nofatclips(  249): Found widget: id=2131165254 (android.widget.LinearLayout@40547918)
D/nofatclips(  249): Found widget: id=-1 (android.widget.ImageView@40531c90)
D/nofatclips(  249): Found widget: id=2131165256 (android.widget.TextView@40578678): Quick Video
D/nofatclips(  249): Found widget: id=-1 (android.widget.LinearLayout@4052eb40)
D/nofatclips(  249): Found widget: id=-1 (android.widget.LinearLayout@40534360)
D/nofatclips(  249): Found widget: id=2131165255 (android.widget.LinearLayout@40535628)
D/nofatclips(  249): Found widget: id=-1 (android.widget.ImageView@40542cd0)
D/nofatclips(  249): Found widget: id=2131165256 (android.widget.TextView@40578d00): Posts
D/nofatclips(  249): Found widget: id=2131165257 (android.widget.LinearLayout@40546090)
D/nofatclips(  249): Found widget: id=-1 (android.widget.ImageView@40568d08)
D/nofatclips(  249): Found widget: id=2131165256 (android.widget.TextView@40537958): Pages
D/nofatclips(  249): Found widget: id=-1 (android.widget.FrameLayout@40534968)
D/nofatclips(  249): Found widget: id=2131165258 (android.widget.LinearLayout@40540650)
D/nofatclips(  249): Found widget: id=-1 (android.widget.ImageView@40537068)
D/nofatclips(  249): Found widget: id=2131165256 (android.widget.TextView@40539908): Comments
D/nofatclips(  249): Found widget: id=2131165259 (android.widget.FrameLayout@40544b40)
D/nofatclips(  249): Found widget: id=2131165260 (android.widget.ImageView@40546660)
D/nofatclips(  249): Found widget: id=2131165261 (org.wordpress.android.util.CommentBadgeTextView@4053a920): 0
D/nofatclips(  249): Found widget: id=-1 (android.widget.LinearLayout@405396e0)
D/nofatclips(  249): Found widget: id=2131165262 (android.widget.LinearLayout@40540cf8)
D/nofatclips(  249): Found widget: id=-1 (android.widget.ImageView@40541600)
D/nofatclips(  249): Found widget: id=2131165256 (android.widget.TextView@40540f40): Settings
D/nofatclips(  249): Found widget: id=2131165263 (android.widget.LinearLayout@40544598)
D/nofatclips(  249): Found widget: id=-1 (android.widget.ImageView@405604f0)
D/nofatclips(  249): Found widget: id=2131165256 (android.widget.TextView@40543280): Read
D/nofatclips(  249): Found widget: id=2131165264 (android.widget.LinearLayout@40561bd8)
D/nofatclips(  249): Found widget: id=-1 (android.widget.ImageView@40564490)
D/nofatclips(  249): Found widget: id=2131165256 (android.widget.TextView@4054ffd8): Stats
D/nofatclips(  249): Found widget: id=-1 (com.android.internal.policy.impl.PhoneWindow$DecorView@405a0558)
I/nofatclips(  249): Playing Trace 94
I/nofatclips(  249): Retrieved from return list id=16908290
D/nofatclips(  249): Testing for type (android.widget.FrameLayout) against the original (null)
I/nofatclips(  249): Firing event: type= changeOrientation name= widget=null
D/dalvikvm(  297): GC_CONCURRENT freed 495K, 54% free 2740K/5831K, external 716K/1038K, paused 6ms+193ms
D/Eas Debug(  297): Logging: 
D/EAS SyncManager(  297): !!! EAS SyncManager, onDestroy
I//system/bin/fsck_msdos(   29): ** Phase 2 - Check Cluster Chains
I//system/bin/fsck_msdos(   29): ** Phase 3 - Checking Directories
I//system/bin/fsck_msdos(   29): ** Phase 4 - Checking for Lost Files
I//system/bin/fsck_msdos(   29): Free space in FSInfo block (100777) not correct (100776)
I//system/bin/fsck_msdos(   29): FIXED
D/Email   (  297): BOOT_COMPLETED
I//system/bin/fsck_msdos(   29): 4 files, 50388 free (100776 clusters)
I/Vold    (   29): Filesystem check completed OK
I/Vold    (   29): Device /dev/block/vold/179:0, target /mnt/sdcard mounted @ /mnt/secure/staging
D/Vold    (   29): Volume sdcard state changing 3 (Checking) -> 4 (Mounted)
I/PackageManager(   61): Updating external media status from unmounted to mounted
I/StorageNotification(  126): Media {/mnt/sdcard} state changed from {checking} -> {mounted}
D/VoldCmdListener(   29): asec list
I/PackageManager(   61): No secure containers on sdcard
W/PackageManager(   61): Unknown permission com.google.android.googleapps.permission.GOOGLE_AUTH.mail in package com.android.contacts
W/PackageManager(   61): Unknown permission android.permission.ADD_SYSTEM_SERVICE in package com.android.phone
W/PackageManager(   61): Not granting permission android.permission.SEND_DOWNLOAD_COMPLETED_INTENTS to package com.android.browser (protectionLevel=2 flags=0x9be45)
W/PackageManager(   61): Unknown permission com.google.android.gm.permission.WRITE_GMAIL in package com.android.settings
I/Launcher(  133): setLoadOnResume
D/dalvikvm(  249): GC_CONCURRENT freed 710K, 52% free 3155K/6471K, external 1812K/2324K, paused 2ms+4ms
W/PackageManager(   61): Unknown permission com.google.android.gm.permission.READ_GMAIL in package com.android.settings
W/PackageManager(   61): Unknown permission com.google.android.googleapps.permission.GOOGLE_AUTH in package com.android.settings
W/PackageManager(   61): Unknown permission com.google.android.googleapps.permission.GOOGLE_AUTH in package com.android.providers.contacts
W/PackageManager(   61): Unknown permission com.google.android.googleapps.permission.GOOGLE_AUTH.cp in package com.android.providers.contacts
W/PackageManager(   61): Unknown permission com.google.android.googleapps.permission.ACCESS_GOOGLE_PASSWORD in package com.android.development
W/PackageManager(   61): Unknown permission com.google.android.googleapps.permission.GOOGLE_AUTH in package com.android.development
W/PackageManager(   61): Unknown permission com.google.android.googleapps.permission.GOOGLE_AUTH.ALL_SERVICES in package com.android.development
W/PackageManager(   61): Unknown permission com.google.android.googleapps.permission.GOOGLE_AUTH.YouTubeUser in package com.android.development
W/PackageManager(   61): Unknown permission android.permission.READ_OWNER_DATA in package com.android.email
W/PackageManager(   61): Not granting permission android.permission.DEVICE_POWER to package com.android.deskclock (protectionLevel=2 flags=0x8be45)
W/ImageDownloader(  249): Error 404 while retrieving bitmap from http://gravatar.com/blavatar/44d338f29053dbb888da79dcf98df489?s=60&d=404
D/MediaScanner(  246):  prescan time: 572ms
D/szipinf (  182): Initializing inflate state
D/MediaScanner(  246):     scan time: 6ms
D/MediaScanner(  246): postscan time: 0ms
D/MediaScanner(  246):    total time: 578ms
D/dalvikvm(  246): GC_CONCURRENT freed 522K, 55% free 2646K/5767K, external 716K/1038K, paused 3ms+3ms
W/KeyCharacterMap(  249): No keyboard for id 0
W/KeyCharacterMap(  249): Using default keymap: /system/usr/keychars/qwerty.kcm.bin
D/EAS SyncManager(  297): !!! EAS SyncManager, onCreate
D/EAS SyncManager(  297): !!! EAS SyncManager, onStartCommand
D/MediaScannerService(  246): done scanning volume internal
D/EAS SyncManager(  297): !!! EAS SyncManager, stopping self
D/EAS SyncManager(  297): !!! EAS SyncManager, onDestroy
I/WindowManager(   61): Setting rotation to 1, animFlags=1
I/ActivityManager(   61): Config changed: { scale=1.0 imsi=310/260 loc=en_US touch=3 keys=2/1/2 nav=1/1 orien=2 layout=18 uiMode=17 seq=5}
I/nofatclips(  249): Waiting for 100 msec.
D/dalvikvm(  125): GREF has increased to 201
I/dalvikvm(  249): Jit: resizing JitTable from 512 to 1024
I/nofatclips(  249): Current activity is Dashboard
I/nofatclips(  249): Retrieving widgets
D/nofatclips(  249): Found widget: id=16908290 (android.widget.FrameLayout@405a0e58)
D/nofatclips(  249): Found widget: id=2131165248 (android.widget.RelativeLayout@405a1b58)
D/nofatclips(  249): Found widget: id=2131165249 (android.widget.LinearLayout@405a21c0)
D/nofatclips(  249): Found widget: id=-1 (android.widget.ImageView@405a2708)
D/nofatclips(  249): Found widget: id=2131165250 (org.wordpress.android.util.WPTitleBar@4059c0e0)
D/nofatclips(  249): Found widget: id=2131165195 (android.widget.RelativeLayout@4050e728)
D/nofatclips(  249): Found widget: id=2131165196 (android.widget.RelativeLayout@405689d8)
D/nofatclips(  249): Found widget: id=2131165197 (android.widget.ImageView@4059d378)
D/nofatclips(  249): Found widget: id=2131165198 (android.widget.TextView@40541d48): Katie's Sweet Testing Blog
D/nofatclips(  249): Found widget: id=2131165199 (android.widget.ImageView@4055d5d8)
D/nofatclips(  249): Found widget: id=-1 (android.widget.RelativeLayout@40579940)
D/nofatclips(  249): Found widget: id=2131165200 (android.widget.ImageButton@4059d8a0)
D/nofatclips(  249): Found widget: id=-1 (android.widget.FrameLayout@4057ae28)
D/nofatclips(  249): Found widget: id=2131165201 (android.widget.Button@40542710): 
D/nofatclips(  249): Found widget: id=2131165202 (android.widget.ImageView@40593cd8)
D/nofatclips(  249): Found widget: id=2131165203 (android.widget.ImageView@4053cf08)
D/nofatclips(  249): Found widget: id=2131165249 (android.widget.LinearLayout@405e7180)
D/nofatclips(  249): Found widget: id=-1 (android.widget.FrameLayout@405e74a0)
D/nofatclips(  249): Found widget: id=-1 (android.widget.LinearLayout@405e7708)
D/nofatclips(  249): Found widget: id=-1 (android.widget.LinearLayout@405aaf10)
D/nofatclips(  249): Found widget: id=-1 (android.widget.LinearLayout@405ab090)
D/nofatclips(  249): Found widget: id=2131165251 (android.widget.LinearLayout@405ab2b0)
D/nofatclips(  249): Found widget: id=-1 (android.widget.ImageView@40643cd0)
D/nofatclips(  249): Found widget: id=-1 (android.widget.TextView@406440c8): New Post
D/nofatclips(  249): Found widget: id=2131165252 (android.widget.LinearLayout@405a91d8)
D/nofatclips(  249): Found widget: id=-1 (android.widget.ImageView@40659190)
D/nofatclips(  249): Found widget: id=-1 (android.widget.TextView@40659540): Quick Photo
D/nofatclips(  249): Found widget: id=-1 (android.widget.LinearLayout@406599d0)
D/nofatclips(  249): Found widget: id=2131165253 (android.widget.LinearLayout@40659dc0)
D/nofatclips(  249): Found widget: id=-1 (android.widget.ImageView@405aeda0)
D/nofatclips(  249): Found widget: id=-1 (android.widget.TextView@405af150): New Page
D/nofatclips(  249): Found widget: id=2131165254 (android.widget.LinearLayout@405a9ef8)
D/nofatclips(  249): Found widget: id=-1 (android.widget.ImageView@405abb18)
D/nofatclips(  249): Found widget: id=-1 (android.widget.TextView@405abec8): Quick Video
D/nofatclips(  249): Found widget: id=-1 (android.widget.LinearLayout@405ac358)
D/nofatclips(  249): Found widget: id=-1 (android.widget.LinearLayout@405ac578)
D/nofatclips(  249): Found widget: id=2131165255 (android.widget.LinearLayout@405ac798)
D/nofatclips(  249): Found widget: id=-1 (android.widget.ImageView@405adf28)
D/nofatclips(  249): Found widget: id=2131165256 (android.widget.TextView@405ae2d8): Posts
D/nofatclips(  249): Found widget: id=2131165257 (android.widget.LinearLayout@405a81b0)
D/nofatclips(  249): Found widget: id=-1 (android.widget.ImageView@405a8b78)
D/nofatclips(  249): Found widget: id=2131165256 (android.widget.TextView@4063b728): Pages
D/nofatclips(  249): Found widget: id=-1 (android.widget.FrameLayout@4063b998)
D/nofatclips(  249): Found widget: id=2131165258 (android.widget.LinearLayout@4063bbc0)
D/nofatclips(  249): Found widget: id=-1 (android.widget.ImageView@40602650)
D/nofatclips(  249): Found widget: id=2131165256 (android.widget.TextView@40602a00): Comments
D/nofatclips(  249): Found widget: id=2131165259 (android.widget.FrameLayout@405e8410)
D/nofatclips(  249): Found widget: id=2131165260 (android.widget.ImageView@405e8658)
D/nofatclips(  249): Found widget: id=2131165261 (org.wordpress.android.util.CommentBadgeTextView@405e8aa0): 0
D/nofatclips(  249): Found widget: id=-1 (android.widget.LinearLayout@405e8f50)
D/nofatclips(  249): Found widget: id=2131165262 (android.widget.LinearLayout@405e9170)
D/nofatclips(  249): Found widget: id=-1 (android.widget.ImageView@4063d570)
D/nofatclips(  249): Found widget: id=2131165256 (android.widget.TextView@4063d920): Settings
D/nofatclips(  249): Found widget: id=2131165263 (android.widget.LinearLayout@4063ddb0)
D/nofatclips(  249): Found widget: id=-1 (android.widget.ImageView@4063e4c0)
D/nofatclips(  249): Found widget: id=2131165256 (android.widget.TextView@406398d8): Read
D/nofatclips(  249): Found widget: id=2131165264 (android.widget.LinearLayout@40639d68)
D/nofatclips(  249): Found widget: id=-1 (android.widget.ImageView@405b5510)
D/nofatclips(  249): Found widget: id=2131165256 (android.widget.TextView@405b58c0): Stats
D/nofatclips(  249): Found widget: id=-1 (com.android.internal.policy.impl.PhoneWindow$DecorView@405a0558)
D/MediaScannerService(  246): start scanning volume external
V/nicola  (  249): TextualID : blog_title
V/nicola  (  249): ContentType detected : default
V/nicola  (  249): TextualID : action_refresh
V/nicola  (  249): ContentType detected : default
V/nicola  (  249): TextualID : null
V/nicola  (  249): ContentType detected : default
V/nicola  (  249): TextualID : null
V/nicola  (  249): ContentType detected : default
V/nicola  (  249): TextualID : null
V/nicola  (  249): ContentType detected : default
V/nicola  (  249): TextualID : null
V/nicola  (  249): ContentType detected : default
D/dalvikvm(  249): GC_CONCURRENT freed 707K, 51% free 3283K/6599K, external 2194K/2324K, paused 9ms+8ms
V/nicola  (  249): TextualID : button_text
V/nicola  (  249): ContentType detected : default
V/nicola  (  249): TextualID : button_text
V/nicola  (  249): ContentType detected : default
V/nicola  (  249): TextualID : button_text
V/nicola  (  249): ContentType detected : default
V/nicola  (  249): TextualID : button_text
V/nicola  (  249): ContentType detected : default
V/nicola  (  249): TextualID : button_text
V/nicola  (  249): ContentType detected : default
V/nicola  (  249): TextualID : button_text
V/nicola  (  249): ContentType detected : default
I/nofatclips(  249): Performing comparation for activity Dashboard
I/nofatclips(  249): Registering activity Dashboard (id: a14) as a new found state
D/nofatclips(  249): Performing backup of the old activity list on disk
D/nofatclips(  249): Saving new found state 'a14' on disk
V/nofatclips(  249): Opening state file in append mode.
D/dalvikvm(  249): GC_EXTERNAL_ALLOC freed 313K, 52% free 3245K/6663K, external 1812K/2324K, paused 80ms
D/dalvikvm(  249): GC_EXTERNAL_ALLOC freed 34K, 52% free 3210K/6663K, external 1999K/2511K, paused 68ms
I/nofatclips(  249): Saved image on disk: a14.jpg
I/nofatclips(  249): Waiting for 100 msec.
I/nofatclips(  249): Session count is 1. Will dump to disk at 1
I/nofatclips(  249): Saving the session on disk.
I/nofatclips(  249): Planning for new Activity Dashboard
D/nofatclips(  249): Handling event 'click' on widget id=2131165200 type=button name=
D/dalvikvm(   61): GC_EXPLICIT freed 551K, 45% free 4154K/7495K, external 1865K/3065K, paused 288ms
D/nofatclips(  249): Handling event 'click' on widget id=2131165201 type=button name=
D/nofatclips(  249): Handling event 'click' on widget id=2131165249 type=linearLayout name=
D/nofatclips(  249): Handling event 'click' on widget id=2131165251 type=linearLayout name=
D/nofatclips(  249): Handling event 'click' on widget id=2131165252 type=linearLayout name=
D/nofatclips(  249): Handling event 'click' on widget id=2131165253 type=linearLayout name=
D/nofatclips(  249): Handling event 'click' on widget id=2131165254 type=linearLayout name=
D/nofatclips(  249): Handling event 'click' on widget id=2131165255 type=linearLayout name=
D/nofatclips(  249): Handling event 'click' on widget id=2131165257 type=linearLayout name=
V/MediaProvider(  246): /mnt/sdcard volume ID: 418581278
I/dalvikvm(  249): Jit: resizing JitTable from 1024 to 2048
I/Launcher(  133): setLoadOnResume
D/dalvikvm(  249): GC_CONCURRENT freed 917K, 52% free 3302K/6855K, external 2599K/3246K, paused 3ms+2ms
D/nofatclips(  249): Handling event 'click' on widget id=2131165258 type=linearLayout name=
D/nofatclips(  249): Handling event 'click' on widget id=2131165262 type=linearLayout name=
D/nofatclips(  249): Handling event 'click' on widget id=2131165263 type=linearLayout name=
D/nofatclips(  249): Handling event 'click' on widget id=2131165264 type=linearLayout name=
I/nofatclips(  249): Created trace to press the back button
I/nofatclips(  249): Created trace to press the menu button
I/nofatclips(  249): Created trace to change orientation
I/nofatclips(  249): Check for termination: 87 steps left of 100
I/nofatclips(  249): Dispatching new task. 2 more tasks remaining.
D/nofatclips(  249): Performing backup of the old task list on disk
D/nofatclips(  249): Saving task list on disk
V/nofatclips(  249): Backing up trace #108 to disk.
V/nofatclips(  249): Backing up trace #109 to disk.
D/nofatclips(  249): Deleting backup of the old task list from disk
D/nofatclips(  249): Deleting backup of the old activity list from disk
I/nofatclips(  249): Incrementally Playing Trace 109
I/nofatclips(  249): Retrieved from return list id=2131165255
D/nofatclips(  249): Testing for type (android.widget.LinearLayout) against the original (android.widget.LinearLayout)
D/nofatclips(  249): Testing for name () against the original ()
I/nofatclips(  249): Firing event: type= click index=36 widget=android.widget.LinearLayout
D/dalvikvm(  249): GC_CONCURRENT freed 1216K, 55% free 3225K/7047K, external 1999K/2599K, paused 4ms+14ms
D/dalvikvm(  133): GC_EXTERNAL_ALLOC freed 156K, 49% free 2974K/5767K, external 2618K/2620K, paused 2068ms
I/Launcher(  133): setLoadOnResume
V/MediaProvider(  246): Attached volume: external
V/MediaScanner(  246): pruneDeadThumbnailFiles... android.database.sqlite.SQLiteCursor@405a6028
V/MediaScanner(  246): /pruneDeadThumbnailFiles... android.database.sqlite.SQLiteCursor@405a6028
D/MediaScanner(  246):  prescan time: 49ms
D/MediaScanner(  246):     scan time: 1ms
D/MediaScanner(  246): postscan time: 9ms
D/MediaScanner(  246):    total time: 59ms
D/MediaScannerService(  246): done scanning volume external
D/szipinf (  133): Initializing inflate state
D/dalvikvm(  133): GC_EXPLICIT freed 180K, 50% free 2916K/5767K, external 2230K/2278K, paused 36ms
D/nofatclips(  249): Event description: Posts
I/ActivityManager(   61): Starting: Intent { cmp=org.wordpress.android/.Posts } from pid 249
I/nofatclips(  249): Waiting for 100 msec.
W/ImageDownloader(  249): Error 404 while retrieving bitmap from http://gravatar.com/blavatar/44d338f29053dbb888da79dcf98df489?s=60&d=404
I/dalvikvm(   61): Jit: resizing JitTable from 512 to 1024
I/ActivityManager(   61): Displayed org.wordpress.android/.Posts: +1s487ms
D/dalvikvm(  249): GC_FOR_MALLOC freed 488K, 52% free 3443K/7047K, external 2206K/2599K, paused 59ms
I/dalvikvm-heap(  249): Grow heap (frag case) to 8.144MB for 87396-byte allocation
D/dalvikvm(  249): GC_FOR_MALLOC freed 12K, 52% free 3516K/7175K, external 2206K/2599K, paused 55ms
I/WordPress(  249): response = HTTP/1.1 200 OK
D/dalvikvm(  249): GREF has increased to 201
I/nofatclips(  249): Current activity is Posts
I/nofatclips(  249): Retrieving widgets
D/nofatclips(  249): Found widget: id=16908290 (android.widget.FrameLayout@4057f3c0)
D/nofatclips(  249): Found widget: id=2131165323 (android.widget.RelativeLayout@4057f518)
D/nofatclips(  249): Found widget: id=2131165324 (android.widget.LinearLayout@405a9458)
D/nofatclips(  249): Found widget: id=2131165325 (android.support.v4.app.NoSaveStateFrameLayout@405c56f8)
D/nofatclips(  249): Found widget: id=-1 (android.widget.FrameLayout@405c41d0)
D/nofatclips(  249): Found widget: id=16711681 (android.widget.TextView@405c4328): 
D/nofatclips(  249): Found widget: id=16908298 (android.widget.ListView@405c52b0)
D/nofatclips(  249): Found widget: id=3 (android.widget.LinearLayout@40537658)
D/nofatclips(  249): Found widget: id=2131165236 (android.widget.TextView@40578d00): Posts
D/nofatclips(  249): Found widget: id=-1 (android.widget.LinearLayout@40542cd0)
D/nofatclips(  249): Found widget: id=2131165341 (android.widget.TextView@405b9278): 
D/nofatclips(  249): Found widget: id=2131165280 (android.widget.TextView@405d46a8): 
D/nofatclips(  249): Found widget: id=1 (android.widget.LinearLayout@40536d88)
D/nofatclips(  249): Found widget: id=2131165236 (android.widget.TextView@405d4eb8): 90
D/nofatclips(  249): Found widget: id=-1 (android.widget.LinearLayout@40543280)
D/nofatclips(  249): Found widget: id=2131165341 (android.widget.TextView@405d5a98): 9:01pm, Jul 22, 2014
D/nofatclips(  249): Found widget: id=2131165280 (android.widget.TextView@405d7778): Private
D/nofatclips(  249): Found widget: id=2 (android.widget.LinearLayout@405ca2c8)
D/nofatclips(  249): Found widget: id=2131165236 (android.widget.TextView@4060f618): Post Two
D/nofatclips(  249): Found widget: id=-1 (android.widget.LinearLayout@40689238)
D/nofatclips(  249): Found widget: id=2131165341 (android.widget.TextView@406b9c70): 6:56pm, Jul 21, 2014
D/nofatclips(  249): Found widget: id=2131165280 (android.widget.TextView@40539908): Published
D/nofatclips(  249): Found widget: id=3 (android.widget.LinearLayout@405b1900)
D/nofatclips(  249): Found widget: id=2131165236 (android.widget.TextView@405e3aa0): Post One
D/nofatclips(  249): Found widget: id=-1 (android.widget.LinearLayout@4063f980)
D/nofatclips(  249): Found widget: id=2131165341 (android.widget.TextView@405d7080): 6:54pm, Jul 21, 2014
D/nofatclips(  249): Found widget: id=2131165280 (android.widget.TextView@405d84c0): Published
D/nofatclips(  249): Found widget: id=2131165326 (org.wordpress.android.util.WPTitleBar@405c5850)
D/nofatclips(  249): Found widget: id=2131165195 (android.widget.RelativeLayout@4057eab8)
D/nofatclips(  249): Found widget: id=2131165196 (android.widget.RelativeLayout@40640ee0)
D/nofatclips(  249): Found widget: id=2131165197 (android.widget.ImageView@406496a8)
D/nofatclips(  249): Found widget: id=2131165198 (android.widget.TextView@406378b0): Katie's Sweet Testing Blog
D/nofatclips(  249): Found widget: id=2131165199 (android.widget.ImageView@406c85c0)
D/nofatclips(  249): Found widget: id=-1 (android.widget.RelativeLayout@4057ed60)
D/nofatclips(  249): Found widget: id=2131165200 (android.widget.ImageButton@4057f0b8)
D/nofatclips(  249): Found widget: id=-1 (android.widget.FrameLayout@405b49e0)
D/nofatclips(  249): Found widget: id=2131165201 (android.widget.Button@405fa7a0): 
D/nofatclips(  249): Found widget: id=2131165202 (android.widget.ImageView@405fa048)
D/nofatclips(  249): Found widget: id=2131165203 (android.widget.ImageView@405fa3f8)
D/nofatclips(  249): Found widget: id=2131165204 (android.widget.LinearLayout@40538a68)
D/nofatclips(  249): Found widget: id=-1 (android.widget.FrameLayout@406c18a8)
D/nofatclips(  249): Found widget: id=-1 (android.widget.LinearLayout@40651678)
D/nofatclips(  249): Found widget: id=-1 (android.widget.LinearLayout@405e4030)
D/nofatclips(  249): Found widget: id=-1 (android.widget.LinearLayout@405e4250)
D/nofatclips(  249): Found widget: id=2131165251 (android.widget.LinearLayout@406371a8)
D/nofatclips(  249): Found widget: id=-1 (android.widget.ImageView@40654cd8)
D/nofatclips(  249): Found widget: id=-1 (android.widget.TextView@405fc448): New Post
D/nofatclips(  249): Found widget: id=2131165252 (android.widget.LinearLayout@405fc808)
D/nofatclips(  249): Found widget: id=-1 (android.widget.ImageView@406c9ef8)
D/nofatclips(  249): Found widget: id=-1 (android.widget.TextView@405cd100): Quick Photo
D/nofatclips(  249): Found widget: id=-1 (android.widget.LinearLayout@405cd400)
D/nofatclips(  249): Found widget: id=2131165253 (android.widget.LinearLayout@405cd620)
D/nofatclips(  249): Found widget: id=-1 (android.widget.ImageView@406ba998)
D/nofatclips(  249): Found widget: id=-1 (android.widget.TextView@406babc0): New Page
D/nofatclips(  249): Found widget: id=2131165254 (android.widget.LinearLayout@405c6fb8)
D/nofatclips(  249): Found widget: id=-1 (android.widget.ImageView@405e0d50)
D/nofatclips(  249): Found widget: id=-1 (android.widget.TextView@405e0ea0): Quick Video
D/nofatclips(  249): Found widget: id=-1 (android.widget.LinearLayout@405e12e8)
D/nofatclips(  249): Found widget: id=-1 (android.widget.LinearLayout@405d00e8)
D/nofatclips(  249): Found widget: id=2131165255 (android.widget.LinearLayout@405d0308)
D/nofatclips(  249): Found widget: id=-1 (android.widget.ImageView@405c6c10)
D/nofatclips(  249): Found widget: id=2131165256 (android.widget.TextView@406bea78): Posts
D/nofatclips(  249): Found widget: id=2131165257 (android.widget.LinearLayout@406bee38)
D/nofatclips(  249): Found widget: id=-1 (android.widget.ImageView@405c4fa0)
D/nofatclips(  249): Found widget: id=2131165256 (android.widget.TextView@40656858): Pages
D/nofatclips(  249): Found widget: id=-1 (android.widget.FrameLayout@40656c40)
D/nofatclips(  249): Found widget: id=2131165258 (android.widget.LinearLayout@40656e88)
D/nofatclips(  249): Found widget: id=-1 (android.widget.ImageView@40657608)
D/nofatclips(  249): Found widget: id=2131165256 (android.widget.TextView@40657758): Comments
D/nofatclips(  249): Found widget: id=2131165259 (android.widget.FrameLayout@40657bc8)
D/nofatclips(  249): Found widget: id=2131165260 (android.widget.ImageView@4055aad8)
D/nofatclips(  249): Found widget: id=2131165261 (org.wordpress.android.util.CommentBadgeTextView@4055acc0): 0
D/nofatclips(  249): Found widget: id=-1 (android.widget.LinearLayout@4055b170)
D/nofatclips(  249): Found widget: id=2131165262 (android.widget.LinearLayout@40658528)
D/nofatclips(  249): Found widget: id=-1 (android.widget.ImageView@40658bf0)
D/nofatclips(  249): Found widget: id=2131165256 (android.widget.TextView@406c5d10): Settings
D/nofatclips(  249): Found widget: id=2131165263 (android.widget.LinearLayout@406c6180)
D/nofatclips(  249): Found widget: id=-1 (android.widget.ImageView@40652e90)
D/nofatclips(  249): Found widget: id=2131165256 (android.widget.TextView@406530b8): Read
D/nofatclips(  249): Found widget: id=2131165264 (android.widget.LinearLayout@405dedf0)
D/nofatclips(  249): Found widget: id=-1 (android.widget.ImageView@405df4e0)
D/nofatclips(  249): Found widget: id=2131165256 (android.widget.TextView@40653a58): Stats
D/nofatclips(  249): Found widget: id=-1 (com.android.internal.policy.impl.PhoneWindow$DecorView@40538218)
V/nicola  (  249): TextualID : null
V/nicola  (  249): ContentType detected : default
V/ReflectionHelper(  249): android.widget.ListView > mOnFocusChangeListener FOUND | NOT ACTIVE
V/nicola  (  249): TextualID : title
V/nicola  (  249): ContentType detected : default
V/nicola  (  249): TextualID : date
V/nicola  (  249): ContentType detected : default
V/nicola  (  249): TextualID : status
V/nicola  (  249): ContentType detected : default
V/nicola  (  249): TextualID : title
V/nicola  (  249): ContentType detected : default
V/nicola  (  249): TextualID : date
V/nicola  (  249): ContentType detected : default
V/nicola  (  249): TextualID : status
V/nicola  (  249): ContentType detected : default
V/nicola  (  249): TextualID : title
V/nicola  (  249): ContentType detected : default
V/nicola  (  249): TextualID : date
V/nicola  (  249): ContentType detected : default
V/nicola  (  249): TextualID : status
V/nicola  (  249): ContentType detected : default
V/nicola  (  249): TextualID : title
V/nicola  (  249): ContentType detected : default
V/nicola  (  249): TextualID : date
V/nicola  (  249): ContentType detected : default
V/nicola  (  249): TextualID : status
V/nicola  (  249): ContentType detected : default
V/nicola  (  249): TextualID : blog_title
V/nicola  (  249): ContentType detected : default
V/nicola  (  249): TextualID : action_refresh
V/nicola  (  249): ContentType detected : default
I/nofatclips(  249): Performing comparation for activity Posts
D/nofatclips(  249): Comparing against activity Dashboard
I/nofatclips(  249): Registering activity Posts (id: a15) as a new found state
D/nofatclips(  249): Performing backup of the old activity list on disk
D/nofatclips(  249): Saving new found state 'a15' on disk
V/nofatclips(  249): Opening state file in append mode.
D/dalvikvm(  249): GC_CONCURRENT freed 832K, 48% free 3788K/7239K, external 2206K/2599K, paused 4ms+5ms
D/dalvikvm(  249): GC_EXTERNAL_ALLOC freed 93K, 49% free 3746K/7239K, external 2198K/2599K, paused 57ms
I/nofatclips(  249): Saved image on disk: a15.jpg
I/nofatclips(  249): Waiting for 100 msec.
I/nofatclips(  249): Session count is 1. Will dump to disk at 1
I/nofatclips(  249): Saving the session on disk.
I/nofatclips(  249): Planning for new Activity Posts
D/nofatclips(  249): Handling event selectListItem for items [1,4] on listView #16908298 count=4
D/nofatclips(  249): Handling event longClickListItem for items [1,4] on listView #16908298 count=4
D/nofatclips(  249): Handling event 'click' on widget id=2131165200 type=button name=
D/nofatclips(  249): Handling event 'click' on widget id=2131165201 type=button name=
I/nofatclips(  249): Created trace to press the back button
I/nofatclips(  249): Created trace to press the menu button
I/nofatclips(  249): Created trace to change orientation
D/dalvikvm(  249): GC_CONCURRENT freed 1120K, 50% free 3833K/7559K, external 3398K/3494K, paused 4ms+6ms
I/nofatclips(  249): Check for termination: 86 steps left of 100
I/nofatclips(  249): Dispatching new task. 2 more tasks remaining.
D/nofatclips(  249): Performing backup of the old task list on disk
D/nofatclips(  249): Saving task list on disk
V/nofatclips(  249): Backing up trace #121 to disk.
V/nofatclips(  249): Backing up trace #122 to disk.
D/nofatclips(  249): Deleting backup of the old task list from disk
D/nofatclips(  249): Deleting backup of the old activity list from disk
I/nofatclips(  249): Incrementally Playing Trace 122
I/nofatclips(  249): Retrieved from return list id=16908298
D/nofatclips(  249): Testing for type (android.widget.ListView) against the original (android.widget.ListView)
D/nofatclips(  249): Testing for name () against the original ()
I/nofatclips(  249): Firing event: type= longClickListItem index=6 widget=android.widget.ListView
W/KeyCharacterMap(  249): No keyboard for id 0
W/KeyCharacterMap(  249): Using default keymap: /system/usr/keychars/qwerty.kcm.bin
I/nofatclips(  249): Swapping to listview item 3
D/nofatclips(  249): Event description: Post Two
I/nofatclips(  249): Waiting for 100 msec.
I/nofatclips(  249): Current activity is Posts
I/nofatclips(  249): Retrieving widgets
D/nofatclips(  249): Found widget: id=16908290 (android.widget.FrameLayout@406d57e8)
D/nofatclips(  249): Found widget: id=16908666 (com.android.internal.widget.WeightedLinearLayout@406d6390)
D/nofatclips(  249): Found widget: id=16908667 (android.widget.LinearLayout@406d6608)
D/nofatclips(  249): Found widget: id=16908668 (android.widget.LinearLayout@406d6828)
D/nofatclips(  249): Found widget: id=16908294 (android.widget.ImageView@406d6a90)
D/nofatclips(  249): Found widget: id=16908669 (com.android.internal.widget.DialogTitle@406d70a8): Post Actions
D/nofatclips(  249): Found widget: id=16908670 (android.widget.ImageView@406ca990)
D/nofatclips(  249): Found widget: id=16908671 (android.widget.LinearLayout@406cabb8)
D/nofatclips(  249): Found widget: id=16908823 (com.android.internal.app.AlertController$RecycleListView@4073ca00)
D/nofatclips(  249): Found widget: id=-1 (com.android.internal.view.menu.ListMenuItemView@4067d3e8)
D/nofatclips(  249): Found widget: id=-1 (android.widget.RelativeLayout@4067d690)
D/nofatclips(  249): Found widget: id=16908310 (android.widget.TextView@4067da80): Edit Post
D/nofatclips(  249): Found widget: id=16908783 (android.widget.TextView@4067e050): 
D/nofatclips(  249): Found widget: id=-1 (com.android.internal.view.menu.ListMenuItemView@4067ebb0)
D/nofatclips(  249): Found widget: id=-1 (android.widget.RelativeLayout@4067edf0)
D/nofatclips(  249): Found widget: id=16908310 (android.widget.TextView@4067f198): Delete Post
D/nofatclips(  249): Found widget: id=16908783 (android.widget.TextView@406a2150): 
D/nofatclips(  249): Found widget: id=-1 (com.android.internal.view.menu.ListMenuItemView@406a2c68)
D/nofatclips(  249): Found widget: id=-1 (android.widget.RelativeLayout@406a2ea8)
D/nofatclips(  249): Found widget: id=16908310 (android.widget.TextView@406a33c0): Share Post
D/nofatclips(  249): Found widget: id=16908783 (android.widget.TextView@406a39c0): 
D/nofatclips(  249): Found widget: id=16908673 (android.widget.FrameLayout@406cbcd8)
D/nofatclips(  249): Found widget: id=16908331 (android.widget.FrameLayout@406cc0b0)
D/nofatclips(  249): Found widget: id=16908674 (android.widget.LinearLayout@406cc318)
D/nofatclips(  249): Found widget: id=-1 (android.widget.LinearLayout@406cc538)
D/nofatclips(  249): Found widget: id=16908675 (android.widget.LinearLayout@406cc758)
D/nofatclips(  249): Found widget: id=16908313 (android.widget.Button@406cc9b8): 
D/nofatclips(  249): Found widget: id=16908315 (android.widget.Button@40620f20): 
D/nofatclips(  249): Found widget: id=16908314 (android.widget.Button@40621768): 
D/nofatclips(  249): Found widget: id=16908676 (android.widget.LinearLayout@40621fd0)
D/nofatclips(  249): Found widget: id=-1 (com.android.internal.policy.impl.PhoneWindow$DecorView@406d5518)
V/nicola  (  249): TextualID : null
V/nicola  (  249): ContentType detected : default
V/ReflectionHelper(  249): com.android.internal.app.AlertController.RecycleListView > mOnFocusChangeListener FOUND | NOT ACTIVE
V/nicola  (  249): TextualID : null
V/nicola  (  249): ContentType detected : default
V/nicola  (  249): TextualID : null
V/nicola  (  249): ContentType detected : default
V/nicola  (  249): TextualID : null
V/nicola  (  249): ContentType detected : default
I/nofatclips(  249): Performing comparation for activity Posts
D/nofatclips(  249): Comparing against activity Posts
D/nofatclips(  249): Comparing against activity Dashboard
I/nofatclips(  249): Registering activity Posts (id: a16) as a new found state
D/nofatclips(  249): Performing backup of the old activity list on disk
D/nofatclips(  249): Saving new found state 'a16' on disk
V/nofatclips(  249): Opening state file in append mode.
D/dalvikvm(  249): GC_EXTERNAL_ALLOC freed 1249K, 51% free 3821K/7687K, external 3329K/3494K, paused 104ms
I/nofatclips(  249): Saved image on disk: a16.jpg
I/nofatclips(  249): Waiting for 100 msec.
I/nofatclips(  249): Session count is 1. Will dump to disk at 1
I/nofatclips(  249): Saving the session on disk.
I/nofatclips(  249): Planning for new Activity Posts
D/nofatclips(  249): Handling event selectListItem for items [1,3] on listView #16908823 count=3
D/nofatclips(  249): Handling event longClickListItem for items [1,3] on listView #16908823 count=3
I/nofatclips(  249): Created trace to press the back button
I/nofatclips(  249): Created trace to press the menu button
I/nofatclips(  249): Created trace to change orientation
I/nofatclips(  249): Check for termination: 85 steps left of 100
I/nofatclips(  249): Dispatching new task. 2 more tasks remaining.
D/nofatclips(  249): Performing backup of the old task list on disk
D/nofatclips(  249): Saving task list on disk
V/nofatclips(  249): Backing up trace #130 to disk.
