D/dalvikvm(  297): GC_EXTERNAL_ALLOC freed 115K, 49% free 2946K/5767K, external 1407K/1623K, paused 49ms
I/ActivityManager(   61): Displayed org.wordpress.android/.Dashboard: +1s25ms
I//system/bin/fsck_msdos(   29): ** Phase 1 - Read and Compare FATs
I//system/bin/fsck_msdos(   29): Attempting to allocate 397 KB for FAT
D/MediaScannerService(  229): start scanning volume internal
D/dalvikvm(  248): GC_CONCURRENT freed 491K, 54% free 2725K/5831K, external 716K/1038K, paused 3ms+3204ms
D/nofatclips(  297): Generated Resuming Persistence
I/dalvikvm(  297): Could not find method android.app.Activity.getFragmentManager, referenced from method com.jayway.android.robotium.solo.Waiter.getFragment
W/dalvikvm(  297): VFY: unable to resolve virtual method 7: Landroid/app/Activity;.getFragmentManager ()Landroid/app/FragmentManager;
D/dalvikvm(  297): VFY: replacing opcode 0x6e at 0x0008
I/dalvikvm(  297): Could not find method android.app.Activity.getFragmentManager, referenced from method com.jayway.android.robotium.solo.Waiter.getFragment
W/dalvikvm(  297): VFY: unable to resolve virtual method 7: Landroid/app/Activity;.getFragmentManager ()Landroid/app/FragmentManager;
D/dalvikvm(  297): VFY: replacing opcode 0x6e at 0x0017
W/dalvikvm(  297): VFY: unable to find class referenced in signature (Landroid/app/Fragment;)
D/dalvikvm(  297): VFY: dead code 0x000b-000f in Lcom/jayway/android/robotium/solo/Waiter;.getFragment (Ljava/lang/String;I)Landroid/app/Fragment;
D/dalvikvm(  297): VFY: dead code 0x001a-001f in Lcom/jayway/android/robotium/solo/Waiter;.getFragment (Ljava/lang/String;I)Landroid/app/Fragment;
W/dalvikvm(  297): VFY: unable to find class referenced in signature (Landroid/app/Fragment;)
I//system/bin/fsck_msdos(   29): Attempting to allocate 397 KB for FAT
I//system/bin/fsck_msdos(   29): Cluster 6 is marked as EOF in FAT 0, free in FAT 1
D/dalvikvm(  275): GC_CONCURRENT freed 533K, 54% free 2702K/5831K, external 716K/1038K, paused 3ms+5ms
D/Eas Debug(  275): Logging: 
D/EAS SyncManager(  275): !!! EAS SyncManager, onDestroy
I//system/bin/fsck_msdos(   29): FIXED
I//system/bin/fsck_msdos(   29): ** Phase 2 - Check Cluster Chains
I//system/bin/fsck_msdos(   29): ** Phase 3 - Checking Directories
I//system/bin/fsck_msdos(   29): ** Phase 4 - Checking for Lost Files
I//system/bin/fsck_msdos(   29): FIXED
I//system/bin/fsck_msdos(   29): Attempting to allocate 397 KB for FAT
D/Email   (  275): BOOT_COMPLETED
I//system/bin/fsck_msdos(   29): 4 files, 50388 free (100776 clusters)
D/EAS SyncManager(  275): !!! EAS SyncManager, onCreate
D/EAS SyncManager(  275): !!! EAS SyncManager, onStartCommand
D/EAS SyncManager(  275): !!! EAS SyncManager, stopping self
D/EAS SyncManager(  275): !!! EAS SyncManager, onDestroy
I//system/bin/fsck_msdos(   29): ***** FILE SYSTEM WAS MODIFIED *****
I/logwrapper(   29): /system/bin/fsck_msdos terminated by exit(4)
W/Vold    (   29): Filesystem modified - rechecking (pass 2)
I/Vold    (   29): Device /dev/block/vold/179:0, target /mnt/sdcard mounted @ /mnt/secure/staging
D/Vold    (   29): Volume sdcard state changing 3 (Checking) -> 4 (Mounted)
I/PackageManager(   61): Updating external media status from unmounted to mounted
I/StorageNotification(  123): Media {/mnt/sdcard} state changed from {checking} -> {mounted}
D/nofatclips(  297): Updating node automation
D/nofatclips(  297): Loading node automation
V/nofatclips(  297): Updating value FORCE_RESTART
V/nofatclips(  297): Updating value IN_AND_OUT_FOCUS
V/nofatclips(  297): Updating value PRECRAWLING
V/nofatclips(  297): Updating value SCREENSHOT_FOR_EVENTS
V/nofatclips(  297): Updating value SCREENSHOT_FOR_STATES
V/nofatclips(  297): Updating value SCREENSHOT_ONLY_NEW_STATES
V/nofatclips(  297): Updating value SLEEP_AFTER_EVENT
D/nofatclips(  297): Updated value of parameter SLEEP_AFTER_EVENT to 100 (default = 1000)
V/nofatclips(  297): Updating value SLEEP_AFTER_RESTART
D/nofatclips(  297): Updated value of parameter SLEEP_AFTER_RESTART to 100 (default = 1000)
V/nofatclips(  297): Updating value SLEEP_AFTER_TASK
D/nofatclips(  297): Updated value of parameter SLEEP_AFTER_TASK to 100 (default = 1000)
V/nofatclips(  297): Updating value SLEEP_ON_THROBBER
D/nofatclips(  297): Updated value of parameter SLEEP_ON_THROBBER to 100 (default = 1000)
D/nofatclips(  297): Updating node screenshot
D/nofatclips(  297): Loading node screenshot
V/nofatclips(  297): Updating value FORCE_RESTART
V/nofatclips(  297): Updating value IN_AND_OUT_FOCUS
V/nofatclips(  297): Updating value PRECRAWLING
V/nofatclips(  297): Updating value SCREENSHOT_FOR_EVENTS
V/nofatclips(  297): Updating value SCREENSHOT_FOR_STATES
V/nofatclips(  297): Updating value SCREENSHOT_ONLY_NEW_STATES
V/nofatclips(  297): Updating value SLEEP_AFTER_EVENT
V/nofatclips(  297): Updating value SLEEP_AFTER_RESTART
V/nofatclips(  297): Updating value SLEEP_AFTER_TASK
V/nofatclips(  297): Updating value SLEEP_ON_THROBBER
I/nofatclips(  297): Waiting for 100 msec.
D/VoldCmdListener(   29): asec list
I/PackageManager(   61): No secure containers on sdcard
W/PackageManager(   61): Unknown permission com.google.android.googleapps.permission.GOOGLE_AUTH.mail in package com.android.contacts
W/PackageManager(   61): Unknown permission android.permission.ADD_SYSTEM_SERVICE in package com.android.phone
W/PackageManager(   61): Not granting permission android.permission.SEND_DOWNLOAD_COMPLETED_INTENTS to package com.android.browser (protectionLevel=2 flags=0x9be45)
W/PackageManager(   61): Unknown permission com.google.android.gm.permission.WRITE_GMAIL in package com.android.settings
W/PackageManager(   61): Unknown permission com.google.android.gm.permission.READ_GMAIL in package com.android.settings
W/PackageManager(   61): Unknown permission com.google.android.googleapps.permission.GOOGLE_AUTH in package com.android.settings
D/nofatclips(  297): Ready to operate after restarting...
I/nofatclips(  297): Current activity is Dashboard
W/nofatclips(  297): --->Dashboard
D/dalvikvm(  297): GC_CONCURRENT freed 233K, 49% free 2989K/5831K, external 1812K/2324K, paused 2ms+2ms
I/nofatclips(  297): Retrieving widgets
D/nofatclips(  297): Found widget: id=16908290 (android.widget.FrameLayout@405a1750)
D/nofatclips(  297): Found widget: id=2131165248 (android.widget.RelativeLayout@405a2450)
D/nofatclips(  297): Found widget: id=2131165249 (android.widget.LinearLayout@405a2ab8)
D/nofatclips(  297): Found widget: id=-1 (android.widget.ImageView@405a3000)
D/nofatclips(  297): Found widget: id=2131165250 (org.wordpress.android.util.WPTitleBar@4059c9d8)
D/nofatclips(  297): Found widget: id=2131165195 (android.widget.RelativeLayout@4050efe8)
D/nofatclips(  297): Found widget: id=2131165196 (android.widget.RelativeLayout@40569298)
D/nofatclips(  297): Found widget: id=2131165197 (android.widget.ImageView@4059dc70)
D/nofatclips(  297): Found widget: id=2131165198 (android.widget.TextView@40542608): Katie's Sweet Testing Blog
D/nofatclips(  297): Found widget: id=2131165199 (android.widget.ImageView@4055de98)
D/nofatclips(  297): Found widget: id=-1 (android.widget.RelativeLayout@4057a200)
D/nofatclips(  297): Found widget: id=2131165200 (android.widget.ImageButton@4059e198)
D/nofatclips(  297): Found widget: id=-1 (android.widget.FrameLayout@4057b720)
D/nofatclips(  297): Found widget: id=2131165201 (android.widget.Button@40542fd0): 
D/nofatclips(  297): Found widget: id=2131165202 (android.widget.ImageView@405945d0)
D/nofatclips(  297): Found widget: id=2131165203 (android.widget.ImageView@4053d7c8)
D/nofatclips(  297): Found widget: id=2131165204 (android.widget.LinearLayout@40569ea0)
D/nofatclips(  297): Found widget: id=-1 (android.widget.FrameLayout@4059da08)
D/nofatclips(  297): Found widget: id=-1 (android.widget.LinearLayout@40530970)
D/nofatclips(  297): Found widget: id=-1 (android.widget.LinearLayout@4050edf8)
D/nofatclips(  297): Found widget: id=-1 (android.widget.LinearLayout@4052ff90)
D/nofatclips(  297): Found widget: id=2131165251 (android.widget.LinearLayout@40530648)
D/nofatclips(  297): Found widget: id=-1 (android.widget.ImageView@40591078)
D/nofatclips(  297): Found widget: id=2131165256 (android.widget.TextView@4056bb98): New Post
D/nofatclips(  297): Found widget: id=2131165253 (android.widget.LinearLayout@4059cc10)
D/nofatclips(  297): Found widget: id=-1 (android.widget.ImageView@405319b0)
D/nofatclips(  297): Found widget: id=2131165256 (android.widget.TextView@4056c4d0): New Page
D/nofatclips(  297): Found widget: id=-1 (android.widget.LinearLayout@40533c68)
D/nofatclips(  297): Found widget: id=2131165252 (android.widget.LinearLayout@40531658)
D/nofatclips(  297): Found widget: id=-1 (android.widget.ImageView@40539b60)
D/nofatclips(  297): Found widget: id=2131165256 (android.widget.TextView@405786c8): Quick Photo
D/nofatclips(  297): Found widget: id=2131165254 (android.widget.LinearLayout@405481d8)
D/nofatclips(  297): Found widget: id=-1 (android.widget.ImageView@40532550)
D/nofatclips(  297): Found widget: id=2131165256 (android.widget.TextView@40578f38): Quick Video
D/nofatclips(  297): Found widget: id=-1 (android.widget.LinearLayout@4052f400)
D/nofatclips(  297): Found widget: id=-1 (android.widget.LinearLayout@40534c20)
D/nofatclips(  297): Found widget: id=2131165255 (android.widget.LinearLayout@40535ee8)
D/nofatclips(  297): Found widget: id=-1 (android.widget.ImageView@40543590)
D/nofatclips(  297): Found widget: id=2131165256 (android.widget.TextView@405795c0): Posts
D/nofatclips(  297): Found widget: id=2131165257 (android.widget.LinearLayout@40546950)
D/nofatclips(  297): Found widget: id=-1 (android.widget.ImageView@405695c8)
D/nofatclips(  297): Found widget: id=2131165256 (android.widget.TextView@40538218): Pages
D/nofatclips(  297): Found widget: id=-1 (android.widget.FrameLayout@40535228)
D/nofatclips(  297): Found widget: id=2131165258 (android.widget.LinearLayout@40540f10)
D/nofatclips(  297): Found widget: id=-1 (android.widget.ImageView@40537928)
D/nofatclips(  297): Found widget: id=2131165256 (android.widget.TextView@4053a1c8): Comments
D/nofatclips(  297): Found widget: id=2131165259 (android.widget.FrameLayout@40545400)
D/nofatclips(  297): Found widget: id=2131165260 (android.widget.ImageView@40546f20)
D/nofatclips(  297): Found widget: id=2131165261 (org.wordpress.android.util.CommentBadgeTextView@4053b1e0): 0
D/nofatclips(  297): Found widget: id=-1 (android.widget.LinearLayout@40539fa0)
D/nofatclips(  297): Found widget: id=2131165262 (android.widget.LinearLayout@405415b8)
D/nofatclips(  297): Found widget: id=-1 (android.widget.ImageView@40541ec0)
D/nofatclips(  297): Found widget: id=2131165256 (android.widget.TextView@40541800): Settings
D/nofatclips(  297): Found widget: id=2131165263 (android.widget.LinearLayout@40544e58)
D/nofatclips(  297): Found widget: id=-1 (android.widget.ImageView@40560db0)
D/nofatclips(  297): Found widget: id=2131165256 (android.widget.TextView@40543b40): Read
D/nofatclips(  297): Found widget: id=2131165264 (android.widget.LinearLayout@40562498)
D/nofatclips(  297): Found widget: id=-1 (android.widget.ImageView@40564d50)
D/nofatclips(  297): Found widget: id=2131165256 (android.widget.TextView@40550898): Stats
D/nofatclips(  297): Found widget: id=-1 (com.android.internal.policy.impl.PhoneWindow$DecorView@405a0e50)
V/nicola  (  297): TextualID : blog_title
V/nicola  (  297): ContentType detected : default
V/nicola  (  297): TextualID : action_refresh
V/nicola  (  297): ContentType detected : default
V/nicola  (  297): TextualID : button_text
V/nicola  (  297): ContentType detected : default
V/nicola  (  297): TextualID : button_text
V/nicola  (  297): ContentType detected : default
V/nicola  (  297): TextualID : button_text
V/nicola  (  297): ContentType detected : default
V/nicola  (  297): TextualID : button_text
V/nicola  (  297): ContentType detected : default
V/nicola  (  297): TextualID : button_text
V/nicola  (  297): ContentType detected : default
V/nicola  (  297): TextualID : button_text
V/nicola  (  297): ContentType detected : default
V/nicola  (  297): TextualID : button_text
V/nicola  (  297): ContentType detected : default
V/nicola  (  297): TextualID : button_text
V/nicola  (  297): ContentType detected : default
V/nicola  (  297): TextualID : button_text
V/nicola  (  297): ContentType detected : default
V/nicola  (  297): TextualID : button_text
V/nicola  (  297): ContentType detected : default
I/nofatclips(  297): Attempting to resume previous session
I/nofatclips(  297): Memoryless engine: the task file will not be loaded. Looking for crashed traces.
I/nofatclips(  297): Reading task file
V/nofatclips(  297): Discarding trace #48
I/nofatclips(  297): Stateless comparator: the state file will not be loaded.
D/dalvikvm(  297): GetFieldID: unable to find field Ljava/util/Hashtable;.loadFactor:F
W/PackageManager(   61): Unknown permission com.google.android.googleapps.permission.GOOGLE_AUTH in package com.android.providers.contacts
W/PackageManager(   61): Unknown permission com.google.android.googleapps.permission.GOOGLE_AUTH.cp in package com.android.providers.contacts
D/dalvikvm(  297): GetFieldID: unable to find field Ljava/util/Hashtable;.loadFactor:F
D/dalvikvm(  297): GetFieldID: unable to find field Ljava/util/Hashtable;.loadFactor:F
D/dalvikvm(  297): GetFieldID: unable to find field Ljava/util/Hashtable;.loadFactor:F
D/dalvikvm(  297): GetFieldID: unable to find field Ljava/util/Hashtable;.loadFactor:F
D/dalvikvm(  297): GetFieldID: unable to find field Ljava/util/Hashtable;.loadFactor:F
D/nofatclips(  297): Backup session footer restored to 
D/nofatclips(  297): </SESSION>
D/nofatclips(  297): Restored random counter to: 52
D/nofatclips(  297): Restored trace count to 50
D/nofatclips(  297): Current step countdown restored to 93
D/nofatclips(  297): Restored abstractor counters to: event = 52 - input = 0 - activity = 8
I/nofatclips(  297): Saving the session on disk.
W/PackageManager(   61): Unknown permission com.google.android.googleapps.permission.ACCESS_GOOGLE_PASSWORD in package com.android.development
W/PackageManager(   61): Unknown permission com.google.android.googleapps.permission.GOOGLE_AUTH in package com.android.development
D/dalvikvm(  297): GC_CONCURRENT freed 604K, 51% free 3189K/6407K, external 1812K/2324K, paused 3ms+5ms
I/nofatclips(  297): Planning for new Activity Dashboard
D/nofatclips(  297): Handling event 'click' on widget id=2131165200 type=button name=
D/nofatclips(  297): Handling event 'click' on widget id=2131165201 type=button name=
D/nofatclips(  297): Handling event 'click' on widget id=2131165204 type=linearLayout name=
D/nofatclips(  297): Handling event 'click' on widget id=2131165251 type=linearLayout name=
I/dalvikvm(  297): Jit: resizing JitTable from 512 to 1024
W/PackageManager(   61): Unknown permission com.google.android.googleapps.permission.GOOGLE_AUTH.ALL_SERVICES in package com.android.development
W/PackageManager(   61): Unknown permission com.google.android.googleapps.permission.GOOGLE_AUTH.YouTubeUser in package com.android.development
W/PackageManager(   61): Unknown permission android.permission.READ_OWNER_DATA in package com.android.email
D/nofatclips(  297): Handling event 'click' on widget id=2131165253 type=linearLayout name=
W/PackageManager(   61): Not granting permission android.permission.DEVICE_POWER to package com.android.deskclock (protectionLevel=2 flags=0x8be45)
D/nofatclips(  297): Handling event 'click' on widget id=2131165252 type=linearLayout name=
D/dalvikvm(  297): GC_CONCURRENT freed 738K, 51% free 3237K/6599K, external 1812K/2324K, paused 3ms+3ms
D/nofatclips(  297): Handling event 'click' on widget id=2131165254 type=linearLayout name=
D/nofatclips(  297): Handling event 'click' on widget id=2131165255 type=linearLayout name=
D/nofatclips(  297): Handling event 'click' on widget id=2131165257 type=linearLayout name=
D/nofatclips(  297): Handling event 'click' on widget id=2131165258 type=linearLayout name=
D/nofatclips(  297): Handling event 'click' on widget id=2131165262 type=linearLayout name=
D/nofatclips(  297): Handling event 'click' on widget id=2131165263 type=linearLayout name=
D/nofatclips(  297): Handling event 'click' on widget id=2131165264 type=linearLayout name=
D/dalvikvm(  297): GC_CONCURRENT freed 793K, 52% free 3255K/6663K, external 1812K/2324K, paused 3ms+3ms
I/nofatclips(  297): Created trace to press the menu button
I/nofatclips(  297): Created trace to change orientation
I/nofatclips(  297): Dispatching new task. 2 more tasks remaining.
D/nofatclips(  297): Performing backup of the old task list on disk
D/nofatclips(  297): Saving task list on disk
V/nofatclips(  297): Backing up trace #63 to disk.
V/nofatclips(  297): Backing up trace #64 to disk.
D/nofatclips(  297): Deleting backup of the old task list from disk
I/nofatclips(  297): Restarting
W/ImageDownloader(  297): Error 404 while retrieving bitmap from http://gravatar.com/blavatar/44d338f29053dbb888da79dcf98df489?s=60&d=404
D/MediaScanner(  229):  prescan time: 6370ms
D/MediaScanner(  229):     scan time: 24ms
D/MediaScanner(  229): postscan time: 0ms
D/MediaScanner(  229):    total time: 6394ms
D/dalvikvm(  229): GC_CONCURRENT freed 529K, 55% free 2648K/5831K, external 716K/1038K, paused 3ms+24ms
D/szipinf (  177): Initializing inflate state
D/dalvikvm(  177): GC_CONCURRENT freed 246K, 51% free 2796K/5703K, external 716K/1038K, paused 2ms+11ms
I/dalvikvm(   61): Jit: resizing JitTable from 512 to 1024
D/szipinf (  129): Initializing inflate state
D/MediaScannerService(  229): done scanning volume internal
D/MediaScannerService(  229): start scanning volume external
V/MediaProvider(  229): /mnt/sdcard volume ID: 418581278
I/nofatclips(  297): Waiting for 100 msec.
V/MediaProvider(  229): Attached volume: external
D/dalvikvm(  129): GC_EXPLICIT freed 208K, 50% free 2968K/5831K, external 3075K/3257K, paused 47ms
V/MediaScanner(  229): pruneDeadThumbnailFiles... android.database.sqlite.SQLiteCursor@405a1808
D/nofatclips(  297): Ready to operate after restarting...
V/MediaScanner(  229): /pruneDeadThumbnailFiles... android.database.sqlite.SQLiteCursor@405a1808
I/nofatclips(  297): Retrieving widgets
D/nofatclips(  297): Found widget: id=16908290 (android.widget.FrameLayout@405a1750)
D/nofatclips(  297): Found widget: id=2131165248 (android.widget.RelativeLayout@405a2450)
D/nofatclips(  297): Found widget: id=2131165249 (android.widget.LinearLayout@405a2ab8)
D/nofatclips(  297): Found widget: id=-1 (android.widget.ImageView@405a3000)
D/nofatclips(  297): Found widget: id=2131165250 (org.wordpress.android.util.WPTitleBar@4059c9d8)
D/nofatclips(  297): Found widget: id=2131165195 (android.widget.RelativeLayout@4050efe8)
D/nofatclips(  297): Found widget: id=2131165196 (android.widget.RelativeLayout@40569298)
D/nofatclips(  297): Found widget: id=2131165197 (android.widget.ImageView@4059dc70)
D/nofatclips(  297): Found widget: id=2131165198 (android.widget.TextView@40542608): Katie's Sweet Testing Blog
D/nofatclips(  297): Found widget: id=2131165199 (android.widget.ImageView@4055de98)
D/nofatclips(  297): Found widget: id=-1 (android.widget.RelativeLayout@4057a200)
D/nofatclips(  297): Found widget: id=2131165200 (android.widget.ImageButton@4059e198)
D/nofatclips(  297): Found widget: id=-1 (android.widget.FrameLayout@4057b720)
D/nofatclips(  297): Found widget: id=2131165201 (android.widget.Button@40542fd0): 
D/nofatclips(  297): Found widget: id=2131165202 (android.widget.ImageView@405945d0)
D/nofatclips(  297): Found widget: id=2131165203 (android.widget.ImageView@4053d7c8)
D/nofatclips(  297): Found widget: id=2131165204 (android.widget.LinearLayout@40569ea0)
D/nofatclips(  297): Found widget: id=-1 (android.widget.FrameLayout@4059da08)
D/nofatclips(  297): Found widget: id=-1 (android.widget.LinearLayout@40530970)
D/nofatclips(  297): Found widget: id=-1 (android.widget.LinearLayout@4050edf8)
D/nofatclips(  297): Found widget: id=-1 (android.widget.LinearLayout@4052ff90)
D/nofatclips(  297): Found widget: id=2131165251 (android.widget.LinearLayout@40530648)
D/nofatclips(  297): Found widget: id=-1 (android.widget.ImageView@40591078)
D/nofatclips(  297): Found widget: id=2131165256 (android.widget.TextView@4056bb98): New Post
D/nofatclips(  297): Found widget: id=2131165253 (android.widget.LinearLayout@4059cc10)
D/nofatclips(  297): Found widget: id=-1 (android.widget.ImageView@405319b0)
D/nofatclips(  297): Found widget: id=2131165256 (android.widget.TextView@4056c4d0): New Page
D/nofatclips(  297): Found widget: id=-1 (android.widget.LinearLayout@40533c68)
D/nofatclips(  297): Found widget: id=2131165252 (android.widget.LinearLayout@40531658)
D/nofatclips(  297): Found widget: id=-1 (android.widget.ImageView@40539b60)
D/nofatclips(  297): Found widget: id=2131165256 (android.widget.TextView@405786c8): Quick Photo
D/nofatclips(  297): Found widget: id=2131165254 (android.widget.LinearLayout@405481d8)
D/nofatclips(  297): Found widget: id=-1 (android.widget.ImageView@40532550)
D/nofatclips(  297): Found widget: id=2131165256 (android.widget.TextView@40578f38): Quick Video
D/nofatclips(  297): Found widget: id=-1 (android.widget.LinearLayout@4052f400)
D/nofatclips(  297): Found widget: id=-1 (android.widget.LinearLayout@40534c20)
D/nofatclips(  297): Found widget: id=2131165255 (android.widget.LinearLayout@40535ee8)
D/nofatclips(  297): Found widget: id=-1 (android.widget.ImageView@40543590)
D/nofatclips(  297): Found widget: id=2131165256 (android.widget.TextView@405795c0): Posts
D/nofatclips(  297): Found widget: id=2131165257 (android.widget.LinearLayout@40546950)
D/nofatclips(  297): Found widget: id=-1 (android.widget.ImageView@405695c8)
D/nofatclips(  297): Found widget: id=2131165256 (android.widget.TextView@40538218): Pages
D/nofatclips(  297): Found widget: id=-1 (android.widget.FrameLayout@40535228)
D/nofatclips(  297): Found widget: id=2131165258 (android.widget.LinearLayout@40540f10)
D/nofatclips(  297): Found widget: id=-1 (android.widget.ImageView@40537928)
D/nofatclips(  297): Found widget: id=2131165256 (android.widget.TextView@4053a1c8): Comments
D/nofatclips(  297): Found widget: id=2131165259 (android.widget.FrameLayout@40545400)
D/nofatclips(  297): Found widget: id=2131165260 (android.widget.ImageView@40546f20)
D/nofatclips(  297): Found widget: id=2131165261 (org.wordpress.android.util.CommentBadgeTextView@4053b1e0): 0
D/nofatclips(  297): Found widget: id=-1 (android.widget.LinearLayout@40539fa0)
D/nofatclips(  297): Found widget: id=2131165262 (android.widget.LinearLayout@405415b8)
D/nofatclips(  297): Found widget: id=-1 (android.widget.ImageView@40541ec0)
D/nofatclips(  297): Found widget: id=2131165256 (android.widget.TextView@40541800): Settings
D/nofatclips(  297): Found widget: id=2131165263 (android.widget.LinearLayout@40544e58)
D/nofatclips(  297): Found widget: id=-1 (android.widget.ImageView@40560db0)
D/nofatclips(  297): Found widget: id=2131165256 (android.widget.TextView@40543b40): Read
D/nofatclips(  297): Found widget: id=2131165264 (android.widget.LinearLayout@40562498)
D/nofatclips(  297): Found widget: id=-1 (android.widget.ImageView@40564d50)
D/nofatclips(  297): Found widget: id=2131165256 (android.widget.TextView@40550898): Stats
D/nofatclips(  297): Found widget: id=-1 (com.android.internal.policy.impl.PhoneWindow$DecorView@405a0e50)
I/nofatclips(  297): Playing Trace 64
I/nofatclips(  297): Retrieved from return list id=2131165200
D/nofatclips(  297): Testing for type (android.widget.ImageButton) against the original (android.widget.ImageButton)
D/nofatclips(  297): Testing for name () against the original ()
I/nofatclips(  297): Firing event: type= click index=11 widget=android.widget.ImageButton
D/MediaScanner(  229):  prescan time: 43ms
D/MediaScanner(  229):     scan time: 2ms
D/MediaScanner(  229): postscan time: 167ms
D/MediaScanner(  229):    total time: 212ms
D/MediaScannerService(  229): done scanning volume external
D/dalvikvm(  122): GREF has increased to 201
D/dalvikvm(  297): GC_CONCURRENT freed 814K, 52% free 3225K/6663K, external 1812K/2324K, paused 57ms+13ms
I/nofatclips(  297): Waiting for 100 msec.
I/nofatclips(  297): Current activity is Dashboard
I/nofatclips(  297): Retrieving widgets
D/nofatclips(  297): Found widget: id=16908290 (android.widget.FrameLayout@405a1750)
D/nofatclips(  297): Found widget: id=2131165248 (android.widget.RelativeLayout@405a2450)
D/nofatclips(  297): Found widget: id=2131165249 (android.widget.LinearLayout@405a2ab8)
D/nofatclips(  297): Found widget: id=-1 (android.widget.ImageView@405a3000)
D/nofatclips(  297): Found widget: id=2131165250 (org.wordpress.android.util.WPTitleBar@4059c9d8)
D/nofatclips(  297): Found widget: id=2131165195 (android.widget.RelativeLayout@4050efe8)
D/nofatclips(  297): Found widget: id=2131165196 (android.widget.RelativeLayout@40569298)
D/nofatclips(  297): Found widget: id=2131165197 (android.widget.ImageView@4059dc70)
D/nofatclips(  297): Found widget: id=2131165198 (android.widget.TextView@40542608): Katie's Sweet Testing Blog
D/nofatclips(  297): Found widget: id=2131165199 (android.widget.ImageView@4055de98)
D/nofatclips(  297): Found widget: id=-1 (android.widget.RelativeLayout@4057a200)
D/nofatclips(  297): Found widget: id=2131165200 (android.widget.ImageButton@4059e198)
D/nofatclips(  297): Found widget: id=-1 (android.widget.FrameLayout@4057b720)
D/nofatclips(  297): Found widget: id=2131165201 (android.widget.Button@40542fd0): 
D/nofatclips(  297): Found widget: id=2131165202 (android.widget.ImageView@405945d0)
D/nofatclips(  297): Found widget: id=2131165203 (android.widget.ImageView@4053d7c8)
D/nofatclips(  297): Found widget: id=2131165204 (android.widget.LinearLayout@40569ea0)
D/nofatclips(  297): Found widget: id=-1 (android.widget.FrameLayout@4059da08)
D/nofatclips(  297): Found widget: id=-1 (android.widget.LinearLayout@40530970)
D/nofatclips(  297): Found widget: id=-1 (android.widget.LinearLayout@4050edf8)
D/nofatclips(  297): Found widget: id=-1 (android.widget.LinearLayout@4052ff90)
D/nofatclips(  297): Found widget: id=2131165251 (android.widget.LinearLayout@40530648)
D/nofatclips(  297): Found widget: id=-1 (android.widget.ImageView@40591078)
D/nofatclips(  297): Found widget: id=2131165256 (android.widget.TextView@4056bb98): New Post
D/nofatclips(  297): Found widget: id=2131165253 (android.widget.LinearLayout@4059cc10)
D/nofatclips(  297): Found widget: id=-1 (android.widget.ImageView@405319b0)
D/nofatclips(  297): Found widget: id=2131165256 (android.widget.TextView@4056c4d0): New Page
D/nofatclips(  297): Found widget: id=-1 (android.widget.LinearLayout@40533c68)
D/nofatclips(  297): Found widget: id=2131165252 (android.widget.LinearLayout@40531658)
D/nofatclips(  297): Found widget: id=-1 (android.widget.ImageView@40539b60)
D/nofatclips(  297): Found widget: id=2131165256 (android.widget.TextView@405786c8): Quick Photo
D/nofatclips(  297): Found widget: id=2131165254 (android.widget.LinearLayout@405481d8)
D/nofatclips(  297): Found widget: id=-1 (android.widget.ImageView@40532550)
D/nofatclips(  297): Found widget: id=2131165256 (android.widget.TextView@40578f38): Quick Video
D/nofatclips(  297): Found widget: id=-1 (android.widget.LinearLayout@4052f400)
D/nofatclips(  297): Found widget: id=-1 (android.widget.LinearLayout@40534c20)
D/nofatclips(  297): Found widget: id=2131165255 (android.widget.LinearLayout@40535ee8)
D/nofatclips(  297): Found widget: id=-1 (android.widget.ImageView@40543590)
D/nofatclips(  297): Found widget: id=2131165256 (android.widget.TextView@405795c0): Posts
D/nofatclips(  297): Found widget: id=2131165257 (android.widget.LinearLayout@40546950)
D/nofatclips(  297): Found widget: id=-1 (android.widget.ImageView@405695c8)
D/nofatclips(  297): Found widget: id=2131165256 (android.widget.TextView@40538218): Pages
D/nofatclips(  297): Found widget: id=-1 (android.widget.FrameLayout@40535228)
D/nofatclips(  297): Found widget: id=2131165258 (android.widget.LinearLayout@40540f10)
D/nofatclips(  297): Found widget: id=-1 (android.widget.ImageView@40537928)
D/nofatclips(  297): Found widget: id=2131165256 (android.widget.TextView@4053a1c8): Comments
D/nofatclips(  297): Found widget: id=2131165259 (android.widget.FrameLayout@40545400)
D/nofatclips(  297): Found widget: id=2131165260 (android.widget.ImageView@40546f20)
D/nofatclips(  297): Found widget: id=2131165261 (org.wordpress.android.util.CommentBadgeTextView@4053b1e0): 0
D/nofatclips(  297): Found widget: id=-1 (android.widget.LinearLayout@40539fa0)
D/nofatclips(  297): Found widget: id=2131165262 (android.widget.LinearLayout@405415b8)
D/nofatclips(  297): Found widget: id=-1 (android.widget.ImageView@40541ec0)
D/nofatclips(  297): Found widget: id=2131165256 (android.widget.TextView@40541800): Settings
D/nofatclips(  297): Found widget: id=2131165263 (android.widget.LinearLayout@40544e58)
D/nofatclips(  297): Found widget: id=-1 (android.widget.ImageView@40560db0)
D/nofatclips(  297): Found widget: id=2131165256 (android.widget.TextView@40543b40): Read
D/nofatclips(  297): Found widget: id=2131165264 (android.widget.LinearLayout@40562498)
D/nofatclips(  297): Found widget: id=-1 (android.widget.ImageView@40564d50)
D/nofatclips(  297): Found widget: id=2131165256 (android.widget.TextView@40550898): Stats
D/nofatclips(  297): Found widget: id=-1 (com.android.internal.policy.impl.PhoneWindow$DecorView@405a0e50)
V/nicola  (  297): TextualID : blog_title
V/nicola  (  297): ContentType detected : default
V/nicola  (  297): TextualID : action_refresh
V/nicola  (  297): ContentType detected : default
I/nofatclips(  297): Performing comparation for activity Dashboard
I/nofatclips(  297): Registering activity Dashboard (id: a9) as a new found state
D/nofatclips(  297): Performing backup of the old activity list on disk
D/nofatclips(  297): Saving new found state 'a9' on disk
V/nofatclips(  297): Opening state file in append mode.
D/dalvikvm(  297): GC_EXTERNAL_ALLOC freed 636K, 52% free 3233K/6663K, external 1820K/2324K, paused 111ms
D/dalvikvm(  297): GC_EXTERNAL_ALLOC freed 22K, 52% free 3211K/6663K, external 1999K/2511K, paused 103ms
I/nofatclips(  297): Saved image on disk: a9.jpg
I/nofatclips(  297): Waiting for 100 msec.
I/nofatclips(  297): Session count is 1. Will dump to disk at 1
I/nofatclips(  297): Saving the session on disk.
I/nofatclips(  297): Planning for new Activity Dashboard
D/nofatclips(  297): Handling event 'click' on widget id=2131165200 type=button name=
D/nofatclips(  297): Handling event 'click' on widget id=2131165201 type=button name=
I/nofatclips(  297): Created trace to press the back button
I/nofatclips(  297): Created trace to press the menu button
I/nofatclips(  297): Created trace to change orientation
I/nofatclips(  297): Check for termination: 92 steps left of 100
I/nofatclips(  297): Dispatching new task. 2 more tasks remaining.
D/nofatclips(  297): Performing backup of the old task list on disk
D/nofatclips(  297): Saving task list on disk
V/nofatclips(  297): Backing up trace #67 to disk.
V/nofatclips(  297): Backing up trace #68 to disk.
D/nofatclips(  297): Deleting backup of the old task list from disk
D/nofatclips(  297): Deleting backup of the old activity list from disk
I/nofatclips(  297): Incrementally Playing Trace 68
I/nofatclips(  297): Retrieved from return list id=16908290
D/nofatclips(  297): Testing for type (android.widget.FrameLayout) against the original (null)
I/nofatclips(  297): Firing event: type= openMenu name= widget=null
W/KeyCharacterMap(  297): No keyboard for id 0
W/KeyCharacterMap(  297): Using default keymap: /system/usr/keychars/qwerty.kcm.bin
I/nofatclips(  297): Waiting for 100 msec.
I/nofatclips(  297): Current activity is Dashboard
I/nofatclips(  297): Retrieving widgets
D/nofatclips(  297): Found widget: id=16908726 (com.android.internal.view.menu.IconMenuView@406345f0)
D/nofatclips(  297): Found widget: id=16908310 (com.android.internal.view.menu.IconMenuItemView@406353b0): Add Account
D/nofatclips(  297): Found widget: id=16908310 (com.android.internal.view.menu.IconMenuItemView@406361c0): Preferences
D/nofatclips(  297): Found widget: id=16908310 (com.android.internal.view.menu.IconMenuItemView@40636f38): Remove Blog
D/nofatclips(  297): Found widget: id=16908310 (com.android.internal.view.menu.IconMenuItemView@40637cc0): About
D/nofatclips(  297): Found widget: id=-1 (com.android.internal.policy.impl.PhoneWindow$DecorView@40633110)
V/ReflectionHelper(  297): com.android.internal.view.menu.IconMenuView > mOnFocusChangeListener FOUND | NOT ACTIVE
D/dalvikvm(  297): GC_CONCURRENT freed 769K, 51% free 3353K/6727K, external 2644K/3246K, paused 14ms+15ms
V/nicola  (  297): TextualID : null
V/nicola  (  297): ContentType detected : default
V/nicola  (  297): TextualID : null
V/nicola  (  297): ContentType detected : default
V/nicola  (  297): TextualID : null
V/nicola  (  297): ContentType detected : default
V/nicola  (  297): TextualID : null
V/nicola  (  297): ContentType detected : default
I/nofatclips(  297): Performing comparation for activity Dashboard
D/nofatclips(  297): Comparing against activity Dashboard
I/nofatclips(  297): Registering activity Dashboard (id: a10) as a new found state
D/nofatclips(  297): Performing backup of the old activity list on disk
D/nofatclips(  297): Saving new found state 'a10' on disk
V/nofatclips(  297): Opening state file in append mode.
I/nofatclips(  297): Saved image on disk: a10.jpg
I/nofatclips(  297): Waiting for 100 msec.
I/nofatclips(  297): Session count is 1. Will dump to disk at 1
I/nofatclips(  297): Saving the session on disk.
I/dalvikvm(  297): Jit: resizing JitTable from 1024 to 2048
I/nofatclips(  297): Planning for new Activity Dashboard
D/nofatclips(  297): Handling event 'click' on widget id=16908310 type=menuItem name=Add Account
D/nofatclips(  297): Handling event 'click' on widget id=16908310 type=menuItem name=Preferences
D/nofatclips(  297): Handling event 'click' on widget id=16908310 type=menuItem name=Remove Blog
D/nofatclips(  297): Handling event 'click' on widget id=16908310 type=menuItem name=About
I/nofatclips(  297): Created trace to press the back button
I/nofatclips(  297): Created trace to press the menu button
I/nofatclips(  297): Created trace to change orientation
I/nofatclips(  297): Check for termination: 91 steps left of 100
I/nofatclips(  297): Dispatching new task. 2 more tasks remaining.
D/nofatclips(  297): Performing backup of the old task list on disk
D/nofatclips(  297): Saving task list on disk
V/nofatclips(  297): Backing up trace #73 to disk.
V/nofatclips(  297): Backing up trace #74 to disk.
D/nofatclips(  297): Deleting backup of the old task list from disk
D/nofatclips(  297): Deleting backup of the old activity list from disk
I/nofatclips(  297): Incrementally Playing Trace 74
I/nofatclips(  297): Retrieved from return list id=16908310
D/nofatclips(  297): Testing for type (com.android.internal.view.menu.IconMenuItemView) against the original (com.android.internal.view.menu.IconMenuItemView)
D/nofatclips(  297): Testing for name (About) against the original (About)
I/nofatclips(  297): Firing event: type= click index=4 widget=com.android.internal.view.menu.IconMenuItemView
W/KeyCharacterMap(  297): No keyboard for id 0
W/KeyCharacterMap(  297): Using default keymap: /system/usr/keychars/qwerty.kcm.bin
D/nofatclips(  297): Event description: About
I/ActivityManager(   61): Starting: Intent { cmp=org.wordpress.android/.About } from pid 297
I/nofatclips(  297): Waiting for 100 msec.
I/nofatclips(  297): Current activity is About
I/nofatclips(  297): Retrieving widgets
D/nofatclips(  297): Found widget: id=16908290 (android.widget.FrameLayout@40653538)
D/nofatclips(  297): Found widget: id=-1 (android.widget.ScrollView@4065abb8)
D/nofatclips(  297): Found widget: id=2131165185 (android.widget.LinearLayout@4065c048)
D/nofatclips(  297): Found widget: id=2131165186 (android.widget.ImageView@4065c2b0)
D/nofatclips(  297): Found widget: id=2131165187 (android.widget.TextView@4065c728): WordPress for Android
D/nofatclips(  297): Found widget: id=2131165188 (android.widget.TextView@4065d368): Version 2.0
D/nofatclips(  297): Found widget: id=2131165189 (android.widget.TextView@4065d840): Publisher: Automattic, Inc
D/nofatclips(  297): Found widget: id=2131165190 (android.widget.TextView@4065dd38): 2011 Automattic, Inc
D/nofatclips(  297): Found widget: id=2131165191 (android.widget.Button@4065e268): Terms of Service
D/nofatclips(  297): Found widget: id=2131165192 (android.widget.Button@4065f8f8): Privacy Policy
D/nofatclips(  297): Found widget: id=2131165193 (android.widget.TextView@40660080): www.automattic.com
D/nofatclips(  297): Found widget: id=-1 (com.android.internal.policy.impl.PhoneWindow$DecorView@40653160)
V/nicola  (  297): TextualID : about_first_line
V/nicola  (  297): ContentType detected : default
I/ActivityManager(   61): Displayed org.wordpress.android/.About: +1s412ms
V/nicola  (  297): TextualID : about_version
V/nicola  (  297): ContentType detected : default
V/nicola  (  297): TextualID : about_second_line
V/nicola  (  297): ContentType detected : default
V/nicola  (  297): TextualID : about_third_line
V/nicola  (  297): ContentType detected : default
V/nicola  (  297): TextualID : about_tos
V/nicola  (  297): ContentType detected : default
V/nicola  (  297): TextualID : about_privacy
V/nicola  (  297): ContentType detected : default
V/nicola  (  297): TextualID : about_url
V/nicola  (  297): ContentType detected : default
I/nofatclips(  297): Performing comparation for activity About
D/nofatclips(  297): Comparing against activity Dashboard
D/nofatclips(  297): Comparing against activity Dashboard
I/nofatclips(  297): Registering activity About (id: a11) as a new found state
D/nofatclips(  297): Performing backup of the old activity list on disk
D/nofatclips(  297): Saving new found state 'a11' on disk
V/nofatclips(  297): Opening state file in append mode.
D/dalvikvm(  297): GC_EXTERNAL_ALLOC freed 893K, 52% free 3378K/6919K, external 2600K/2644K, paused 123ms
D/dalvikvm(  297): GC_EXTERNAL_ALLOC freed 80K, 53% free 3300K/6919K, external 3469K/3583K, paused 93ms
I/nofatclips(  297): Saved image on disk: a11.jpg
I/nofatclips(  297): Waiting for 100 msec.
I/nofatclips(  297): Session count is 1. Will dump to disk at 1
I/nofatclips(  297): Saving the session on disk.
I/nofatclips(  297): Planning for new Activity About
D/nofatclips(  297): Handling event 'click' on widget id=2131165191 type=button name=Terms of Service
D/nofatclips(  297): Handling event 'click' on widget id=2131165192 type=button name=Privacy Policy
D/nofatclips(  297): Handling event 'click' on widget id=2131165193 type=text name=www.automattic.com
I/nofatclips(  297): Created trace to press the back button
I/nofatclips(  297): Created trace to press the menu button
I/nofatclips(  297): Created trace to change orientation
I/nofatclips(  297): Check for termination: 90 steps left of 100
I/nofatclips(  297): Dispatching new task. 2 more tasks remaining.
D/nofatclips(  297): Performing backup of the old task list on disk
D/nofatclips(  297): Saving task list on disk
V/nofatclips(  297): Backing up trace #79 to disk.
V/nofatclips(  297): Backing up trace #80 to disk.
D/nofatclips(  297): Deleting backup of the old task list from disk
D/nofatclips(  297): Deleting backup of the old activity list from disk
I/nofatclips(  297): Incrementally Playing Trace 80
I/nofatclips(  297): Retrieved from return list id=16908290
D/nofatclips(  297): Testing for type (android.widget.FrameLayout) against the original (null)
I/nofatclips(  297): Firing event: type= openMenu name= widget=null
W/KeyCharacterMap(  297): No keyboard for id 0
W/KeyCharacterMap(  297): Using default keymap: /system/usr/keychars/qwerty.kcm.bin
I/nofatclips(  297): Waiting for 100 msec.
I/nofatclips(  297): Current activity is About
I/nofatclips(  297): Retrieving widgets
D/nofatclips(  297): Found widget: id=16908290 (android.widget.FrameLayout@40653538)
D/nofatclips(  297): Found widget: id=-1 (android.widget.ScrollView@4065abb8)
D/nofatclips(  297): Found widget: id=2131165185 (android.widget.LinearLayout@4065c048)
D/nofatclips(  297): Found widget: id=2131165186 (android.widget.ImageView@4065c2b0)
D/nofatclips(  297): Found widget: id=2131165187 (android.widget.TextView@4065c728): WordPress for Android
D/nofatclips(  297): Found widget: id=2131165188 (android.widget.TextView@4065d368): Version 2.0
D/nofatclips(  297): Found widget: id=2131165189 (android.widget.TextView@4065d840): Publisher: Automattic, Inc
D/nofatclips(  297): Found widget: id=2131165190 (android.widget.TextView@4065dd38): 2011 Automattic, Inc
D/nofatclips(  297): Found widget: id=2131165191 (android.widget.Button@4065e268): Terms of Service
D/nofatclips(  297): Found widget: id=2131165192 (android.widget.Button@4065f8f8): Privacy Policy
D/nofatclips(  297): Found widget: id=2131165193 (android.widget.TextView@40660080): www.automattic.com
D/nofatclips(  297): Found widget: id=-1 (com.android.internal.policy.impl.PhoneWindow$DecorView@40653160)
V/nicola  (  297): TextualID : about_first_line
V/nicola  (  297): ContentType detected : default
V/nicola  (  297): TextualID : about_version
V/nicola  (  297): ContentType detected : default
V/nicola  (  297): TextualID : about_second_line
V/nicola  (  297): ContentType detected : default
V/nicola  (  297): TextualID : about_third_line
V/nicola  (  297): ContentType detected : default
V/nicola  (  297): TextualID : about_tos
V/nicola  (  297): ContentType detected : default
V/nicola  (  297): TextualID : about_privacy
V/nicola  (  297): ContentType detected : default
V/nicola  (  297): TextualID : about_url
V/nicola  (  297): ContentType detected : default
I/nofatclips(  297): Performing comparation for activity About
D/nofatclips(  297): Comparing against activity About
D/nofatclips(  297): Comparing against activity Dashboard
D/nofatclips(  297): Comparing against activity Dashboard
I/nofatclips(  297): Registering activity About (id: a12) as a new found state
D/nofatclips(  297): Performing backup of the old activity list on disk
D/nofatclips(  297): Saving new found state 'a12' on disk
V/nofatclips(  297): Opening state file in append mode.
I/nofatclips(  297): Saved image on disk: a12.jpg
I/nofatclips(  297): Waiting for 100 msec.
I/nofatclips(  297): Session count is 1. Will dump to disk at 1
I/nofatclips(  297): Saving the session on disk.
I/nofatclips(  297): Planning for new Activity About
D/nofatclips(  297): Handling event 'click' on widget id=2131165191 type=button name=Terms of Service
D/nofatclips(  297): Handling event 'click' on widget id=2131165192 type=button name=Privacy Policy
D/nofatclips(  297): Handling event 'click' on widget id=2131165193 type=text name=www.automattic.com
I/nofatclips(  297): Created trace to press the back button
I/nofatclips(  297): Created trace to press the menu button
D/dalvikvm(  297): GC_CONCURRENT freed 1135K, 53% free 3426K/7175K, external 4069K/4332K, paused 8ms+7ms
I/nofatclips(  297): Created trace to change orientation
I/nofatclips(  297): Check for termination: 89 steps left of 100
I/nofatclips(  297): Dispatching new task. 2 more tasks remaining.
D/nofatclips(  297): Performing backup of the old task list on disk
D/nofatclips(  297): Saving task list on disk
V/nofatclips(  297): Backing up trace #85 to disk.
V/nofatclips(  297): Backing up trace #86 to disk.
D/nofatclips(  297): Deleting backup of the old task list from disk
D/nofatclips(  297): Deleting backup of the old activity list from disk
I/nofatclips(  297): Incrementally Playing Trace 86
I/nofatclips(  297): Retrieved from return list id=2131165192
D/nofatclips(  297): Testing for type (android.widget.Button) against the original (android.widget.Button)
D/nofatclips(  297): Testing for name (Privacy Policy) against the original (Privacy Policy)
I/nofatclips(  297): Firing event: type= click index=9 widget=android.widget.Button
W/KeyCharacterMap(  297): No keyboard for id 0
W/KeyCharacterMap(  297): Using default keymap: /system/usr/keychars/qwerty.kcm.bin
D/nofatclips(  297): Event description: Privacy Policy
I/ActivityManager(   61): Starting: Intent { act=android.intent.action.VIEW dat=http://automattic.com/privacy cmp=com.android.browser/.BrowserActivity } from pid 297
I/nofatclips(  297): Waiting for 100 msec.
I/ActivityManager(   61): Start proc com.android.browser for activity com.android.browser/.BrowserActivity: pid=315 uid=10020 gids={3003, 1015}
I/nofatclips(  297): Current activity is About
I/nofatclips(  297): Retrieving widgets
D/nofatclips(  297): Found widget: id=16908290 (android.widget.FrameLayout@40653538)
D/nofatclips(  297): Found widget: id=-1 (android.widget.ScrollView@4065abb8)
D/nofatclips(  297): Found widget: id=2131165185 (android.widget.LinearLayout@4065c048)
D/nofatclips(  297): Found widget: id=2131165186 (android.widget.ImageView@4065c2b0)
D/nofatclips(  297): Found widget: id=2131165187 (android.widget.TextView@4065c728): WordPress for Android
D/nofatclips(  297): Found widget: id=2131165188 (android.widget.TextView@4065d368): Version 2.0
D/nofatclips(  297): Found widget: id=2131165189 (android.widget.TextView@4065d840): Publisher: Automattic, Inc
D/nofatclips(  297): Found widget: id=2131165190 (android.widget.TextView@4065dd38): 2011 Automattic, Inc
D/nofatclips(  297): Found widget: id=2131165191 (android.widget.Button@4065e268): Terms of Service
D/nofatclips(  297): Found widget: id=2131165192 (android.widget.Button@4065f8f8): Privacy Policy
D/nofatclips(  297): Found widget: id=2131165193 (android.widget.TextView@40660080): www.automattic.com
D/nofatclips(  297): Found widget: id=-1 (com.android.internal.policy.impl.PhoneWindow$DecorView@40653160)
V/nicola  (  297): TextualID : about_first_line
V/nicola  (  297): ContentType detected : default
V/nicola  (  297): TextualID : about_version
V/nicola  (  297): ContentType detected : default
V/nicola  (  297): TextualID : about_second_line
V/nicola  (  297): ContentType detected : default
V/nicola  (  297): TextualID : about_third_line
V/nicola  (  297): ContentType detected : default
V/nicola  (  297): TextualID : about_tos
V/nicola  (  297): ContentType detected : default
V/nicola  (  297): TextualID : about_privacy
V/nicola  (  297): ContentType detected : default
V/nicola  (  297): TextualID : about_url
V/nicola  (  297): ContentType detected : default
I/nofatclips(  297): Performing comparation for activity About
D/nofatclips(  297): Comparing against activity About
D/nofatclips(  297): Comparing against activity About
D/nofatclips(  297): Comparing against activity Dashboard
D/nofatclips(  297): Comparing against activity Dashboard
I/nofatclips(  297): Registering activity About (id: a13) as a new found state
D/nofatclips(  297): Performing backup of the old activity list on disk
D/nofatclips(  297): Saving new found state 'a13' on disk
V/nofatclips(  297): Opening state file in append mode.
I/nofatclips(  297): Saved image on disk: a13.jpg
I/nofatclips(  297): Waiting for 100 msec.
D/installd(   35): DexInv: --- BEGIN '/system/app/Browser.apk' ---
I/nofatclips(  297): Session count is 1. Will dump to disk at 1
I/nofatclips(  297): Saving the session on disk.
I/nofatclips(  297): Planning for new Activity About
D/nofatclips(  297): Handling event 'click' on widget id=2131165191 type=button name=Terms of Service
D/nofatclips(  297): Handling event 'click' on widget id=2131165192 type=button name=Privacy Policy
D/nofatclips(  297): Handling event 'click' on widget id=2131165193 type=text name=www.automattic.com
I/nofatclips(  297): Created trace to press the back button
I/nofatclips(  297): Created trace to press the menu button
I/nofatclips(  297): Created trace to change orientation
I/nofatclips(  297): Check for termination: 88 steps left of 100
I/nofatclips(  297): Dispatching new task. 2 more tasks remaining.
D/nofatclips(  297): Performing backup of the old task list on disk
D/nofatclips(  297): Saving task list on disk
V/nofatclips(  297): Backing up trace #91 to disk.
V/nofatclips(  297): Backing up trace #92 to disk.
D/nofatclips(  297): Deleting backup of the old task list from disk
D/nofatclips(  297): Deleting backup of the old activity list from disk
I/nofatclips(  297): Incrementally Playing Trace 92
I/nofatclips(  297): Retrieved from return list id=2131165192
D/nofatclips(  297): Testing for type (android.widget.Button) against the original (android.widget.Button)
D/nofatclips(  297): Testing for name (Privacy Policy) against the original (Privacy Policy)
I/nofatclips(  297): Firing event: type= click index=9 widget=android.widget.Button
D/dalvikvm(  323): DexOpt: load 320ms, verify+opt 536ms
D/installd(   35): DexInv: --- END '/system/app/Browser.apk' (success) ---
D/dalvikvm(   61): GC_CONCURRENT freed 717K, 45% free 4171K/7559K, external 1865K/3065K, paused 5ms+26ms
I/ActivityThread(  315): Pub browser: com.android.browser.BrowserProvider
E/ActivityThread(  315): Failed to find provider info for com.google.settings
I/BrowserSettings(  315): Selected search engine: ActivitySearchEngine{android.app.SearchableInfo@4059b2a8}
