V/nofatclips(  238): Updating value FORCE_RESTART
V/nofatclips(  238): Updating value IN_AND_OUT_FOCUS
V/nofatclips(  238): Updating value PRECRAWLING
V/nofatclips(  238): Updating value SCREENSHOT_FOR_EVENTS
V/nofatclips(  238): Updating value SCREENSHOT_FOR_STATES
V/nofatclips(  238): Updating value SCREENSHOT_ONLY_NEW_STATES
V/nofatclips(  238): Updating value SLEEP_AFTER_EVENT
V/nofatclips(  238): Updating value SLEEP_AFTER_RESTART
V/nofatclips(  238): Updating value SLEEP_AFTER_TASK
V/nofatclips(  238): Updating value SLEEP_ON_THROBBER
I/nofatclips(  238): Waiting for 100 msec.
D/nofatclips(  238): Ready to operate after restarting...
I/nofatclips(  238): Current activity is Dashboard
W/nofatclips(  238): --->Dashboard
I/nofatclips(  238): Retrieving widgets
D/nofatclips(  238): No session to resume: task list not found. Will start from scratch.
I/nofatclips(  238): Starting a new session
D/nofatclips(  238): Performing backup of the old activity list on disk
D/nofatclips(  238): Saving new found state 'exit' on disk
V/nofatclips(  238): Opening state file in overwrite mode.
I/ActivityManager(   61): Start proc com.android.email for broadcast com.android.email/.service.EmailBroadcastReceiver: pid=297 uid=10028 gids={3003, 1015}
D/dalvikvm(  238): GC_CONCURRENT freed 189K, 49% free 3032K/5831K, external 1812K/2324K, paused 3ms+37ms
I/SearchManagerService(   61): Building list of searchable activities
I/nofatclips(  238): Planning for new Activity Dashboard
I/nofatclips(  238): Created trace to press the menu button
I/nofatclips(  238): Created trace to change orientation
I/nofatclips(  238): Dispatching new task. 2 more tasks remaining.
D/nofatclips(  238): Saving task list on disk
V/nofatclips(  238): Backing up trace #0 to disk.
V/nofatclips(  238): Backing up trace #1 to disk.
D/nofatclips(  238): Deleting backup of the old activity list from disk
I/nofatclips(  238): Restarting
I/ActivityThread(  297): Pub com.android.email.provider: com.android.email.provider.EmailProvider
I/ActivityThread(  297): Pub com.android.email.attachmentprovider: com.android.email.provider.AttachmentProvider
I/ActivityThread(  297): Pub com.android.exchange.provider: com.android.exchange.provider.ExchangeProvider
D/EAS SyncManager(  297): !!! EAS SyncManager, onCreate
I//system/bin/fsck_msdos(   29): ** /dev/block/vold/179:0
I//system/bin/fsck_msdos(   29): ** Phase 1 - Read and Compare FATs
I//system/bin/fsck_msdos(   29): Attempting to allocate 397 KB for FAT
D/MediaScannerService(  254): start scanning volume internal
I/nofatclips(  238): Waiting for 100 msec.
D/nofatclips(  238): Ready to operate after restarting...
I/nofatclips(  238): Retrieving widgets
I/nofatclips(  238): Playing Trace 1
I/nofatclips(  238): Firing event: type= changeOrientation name= widget=null
D/dalvikvm(  276): GC_CONCURRENT freed 491K, 54% free 2726K/5831K, external 716K/1038K, paused 3ms+3ms
I//system/bin/fsck_msdos(   29): Attempting to allocate 397 KB for FAT
D/dalvikvm(  297): GC_CONCURRENT freed 536K, 54% free 2699K/5831K, external 716K/1038K, paused 3ms+58ms
D/Eas Debug(  297): Logging: 
I/InputReader(   61): Device reconfigured: id=0x0, name=qwerty2, display size is now 320x480
I/InputManager-Callbacks(   61): No virtual keys found for device qwerty2.
D/EAS SyncManager(  297): !!! EAS SyncManager, onDestroy
I//system/bin/fsck_msdos(   29): ** Phase 2 - Check Cluster Chains
D/Email   (  297): BOOT_COMPLETED
I//system/bin/fsck_msdos(   29): ** Phase 3 - Checking Directories
I/WindowManager(   61): Setting rotation to 1, animFlags=1
I/ARMAssembler(   61): generated scanline__00000077:03515104_00001004_00000000 [ 65 ipp] (85 ins) at [0x46efd520:0x46efd674] in 552955 ns
I/ARMAssembler(   61): generated scanline__00000177:03515104_00001001_00000000 [ 91 ipp] (114 ins) at [0x46efd678:0x46efd840] in 375052 ns
I/ActivityManager(   61): Config changed: { scale=1.0 imsi=310/260 loc=en_US touch=3 keys=2/1/2 nav=1/1 orien=2 layout=18 uiMode=17 seq=5}
I/nofatclips(  238): Waiting for 100 msec.
I/nofatclips(  238): Current activity is Dashboard
I/nofatclips(  238): Retrieving widgets
D/nofatclips(  238): Found widget: id=16908290 (android.widget.FrameLayout@405a0588)
D/nofatclips(  238): Found widget: id=2131165248 (android.widget.RelativeLayout@405a1288)
D/nofatclips(  238): Found widget: id=2131165249 (android.widget.LinearLayout@405a18f0)
D/nofatclips(  238): Found widget: id=-1 (android.widget.ImageView@405a1e38)
D/nofatclips(  238): Found widget: id=2131165250 (org.wordpress.android.util.WPTitleBar@4059b810)
D/nofatclips(  238): Found widget: id=2131165195 (android.widget.RelativeLayout@4050de58)
D/nofatclips(  238): Found widget: id=2131165196 (android.widget.RelativeLayout@40568108)
D/nofatclips(  238): Found widget: id=2131165197 (android.widget.ImageView@4059caa8)
D/nofatclips(  238): Found widget: id=2131165198 (android.widget.TextView@40541478): Katie's Sweet Testing Blog
D/nofatclips(  238): Found widget: id=2131165199 (android.widget.ImageView@4055cd08)
D/nofatclips(  238): Found widget: id=-1 (android.widget.RelativeLayout@40579070)
D/nofatclips(  238): Found widget: id=2131165200 (android.widget.ImageButton@4059cfd0)
D/nofatclips(  238): Found widget: id=-1 (android.widget.FrameLayout@4057a558)
D/nofatclips(  238): Found widget: id=2131165201 (android.widget.Button@40541e40): 
D/nofatclips(  238): Found widget: id=2131165202 (android.widget.ImageView@40593408)
D/nofatclips(  238): Found widget: id=2131165203 (android.widget.ImageView@4053c638)
D/nofatclips(  238): Found widget: id=2131165249 (android.widget.LinearLayout@405df188)
D/nofatclips(  238): Found widget: id=-1 (android.widget.FrameLayout@405df4c0)
D/nofatclips(  238): Found widget: id=-1 (android.widget.LinearLayout@405df728)
D/nofatclips(  238): Found widget: id=-1 (android.widget.LinearLayout@405e0398)
D/nofatclips(  238): Found widget: id=-1 (android.widget.LinearLayout@405e05b8)
D/nofatclips(  238): Found widget: id=2131165251 (android.widget.LinearLayout@405e07d8)
D/nofatclips(  238): Found widget: id=-1 (android.widget.ImageView@405e1fb0)
D/nofatclips(  238): Found widget: id=-1 (android.widget.TextView@405e23a8): New Post
D/nofatclips(  238): Found widget: id=2131165252 (android.widget.LinearLayout@405e2838)
D/nofatclips(  238): Found widget: id=-1 (android.widget.ImageView@405e7ee0)
D/nofatclips(  238): Found widget: id=-1 (android.widget.TextView@405e8290): Quick Photo
D/nofatclips(  238): Found widget: id=-1 (android.widget.LinearLayout@405e8720)
D/nofatclips(  238): Found widget: id=2131165253 (android.widget.LinearLayout@405e8940)
D/nofatclips(  238): Found widget: id=-1 (android.widget.ImageView@405e9e30)
D/nofatclips(  238): Found widget: id=-1 (android.widget.TextView@405ea1e0): New Page
D/nofatclips(  238): Found widget: id=2131165254 (android.widget.LinearLayout@405ea670)
D/nofatclips(  238): Found widget: id=-1 (android.widget.ImageView@405eb850)
D/nofatclips(  238): Found widget: id=-1 (android.widget.TextView@405ebc00): Quick Video
D/nofatclips(  238): Found widget: id=-1 (android.widget.LinearLayout@405ec090)
D/nofatclips(  238): Found widget: id=-1 (android.widget.LinearLayout@405ec2b0)
D/nofatclips(  238): Found widget: id=2131165255 (android.widget.LinearLayout@405ec4d0)
D/nofatclips(  238): Found widget: id=-1 (android.widget.ImageView@405ecf00)
D/nofatclips(  238): Found widget: id=2131165256 (android.widget.TextView@405ed2b0): Posts
D/nofatclips(  238): Found widget: id=2131165257 (android.widget.LinearLayout@405ed740)
D/nofatclips(  238): Found widget: id=-1 (android.widget.ImageView@405ee170)
D/nofatclips(  238): Found widget: id=2131165256 (android.widget.TextView@405ee520): Pages
D/nofatclips(  238): Found widget: id=-1 (android.widget.FrameLayout@405ee9b0)
D/nofatclips(  238): Found widget: id=2131165258 (android.widget.LinearLayout@405eec18)
D/nofatclips(  238): Found widget: id=-1 (android.widget.ImageView@405f01d8)
D/nofatclips(  238): Found widget: id=2131165256 (android.widget.TextView@405f0588): Comments
D/nofatclips(  238): Found widget: id=2131165259 (android.widget.FrameLayout@405f0a18)
D/nofatclips(  238): Found widget: id=2131165260 (android.widget.ImageView@405f0c80)
D/nofatclips(  238): Found widget: id=2131165261 (org.wordpress.android.util.CommentBadgeTextView@405f10c8): 0
D/nofatclips(  238): Found widget: id=-1 (android.widget.LinearLayout@405f1590)
D/nofatclips(  238): Found widget: id=2131165262 (android.widget.LinearLayout@405f17b0)
D/nofatclips(  238): Found widget: id=-1 (android.widget.ImageView@405f1fb0)
D/nofatclips(  238): Found widget: id=2131165256 (android.widget.TextView@405f2360): Settings
D/nofatclips(  238): Found widget: id=2131165263 (android.widget.LinearLayout@405f27f0)
D/nofatclips(  238): Found widget: id=-1 (android.widget.ImageView@405f2ff0)
D/nofatclips(  238): Found widget: id=2131165256 (android.widget.TextView@405f33a0): Read
D/nofatclips(  238): Found widget: id=2131165264 (android.widget.LinearLayout@405f3830)
D/nofatclips(  238): Found widget: id=-1 (android.widget.ImageView@405f4aa8)
D/nofatclips(  238): Found widget: id=2131165256 (android.widget.TextView@405f4e58): Stats
D/nofatclips(  238): Found widget: id=-1 (com.android.internal.policy.impl.PhoneWindow$DecorView@4059fc88)
I//system/bin/fsck_msdos(   29): ** Phase 4 - Checking for Lost Files
I//system/bin/fsck_msdos(   29): Next free cluster in FSInfo block (5) not free
I//system/bin/fsck_msdos(   29): FIXED
I//system/bin/fsck_msdos(   29): 3 files, 50388 free (100777 clusters)
D/EAS SyncManager(  297): !!! EAS SyncManager, onCreate
D/EAS SyncManager(  297): !!! EAS SyncManager, onStartCommand
D/EAS SyncManager(  297): !!! EAS SyncManager, stopping self
D/EAS SyncManager(  297): !!! EAS SyncManager, onDestroy
I/Vold    (   29): Filesystem check completed OK
I/Vold    (   29): Device /dev/block/vold/179:0, target /mnt/sdcard mounted @ /mnt/secure/staging
D/Vold    (   29): Volume sdcard state changing 3 (Checking) -> 4 (Mounted)
I/PackageManager(   61): Updating external media status from unmounted to mounted
I/StorageNotification(  127): Media {/mnt/sdcard} state changed from {checking} -> {mounted}
D/VoldCmdListener(   29): asec list
I/PackageManager(   61): No secure containers on sdcard
W/PackageManager(   61): Unknown permission com.google.android.googleapps.permission.GOOGLE_AUTH.mail in package com.android.contacts
W/PackageManager(   61): Unknown permission android.permission.ADD_SYSTEM_SERVICE in package com.android.phone
D/dalvikvm(  238): GC_CONCURRENT freed 605K, 50% free 3260K/6471K, external 2194K/2324K, paused 3ms+4ms
V/nicola  (  238): TextualID : blog_title
V/nicola  (  238): ContentType detected : default
V/nicola  (  238): TextualID : action_refresh
V/nicola  (  238): ContentType detected : default
V/nicola  (  238): TextualID : null
V/nicola  (  238): ContentType detected : default
V/nicola  (  238): TextualID : null
V/nicola  (  238): ContentType detected : default
V/nicola  (  238): TextualID : null
V/nicola  (  238): ContentType detected : default
V/nicola  (  238): TextualID : null
V/nicola  (  238): ContentType detected : default
V/nicola  (  238): TextualID : button_text
V/nicola  (  238): ContentType detected : default
V/nicola  (  238): TextualID : button_text
V/nicola  (  238): ContentType detected : default
V/nicola  (  238): TextualID : button_text
V/nicola  (  238): ContentType detected : default
V/nicola  (  238): TextualID : button_text
V/nicola  (  238): ContentType detected : default
V/nicola  (  238): TextualID : button_text
V/nicola  (  238): ContentType detected : default
V/nicola  (  238): TextualID : button_text
V/nicola  (  238): ContentType detected : default
I/nofatclips(  238): Performing comparation for activity Dashboard
D/nofatclips(  238): Comparing against activity Dashboard
I/nofatclips(  238): Registering activity Dashboard (id: a2) as a new found state
D/nofatclips(  238): Performing backup of the old activity list on disk
D/nofatclips(  238): Saving new found state 'a2' on disk
V/nofatclips(  238): Opening state file in append mode.
I/dalvikvm(  238): Jit: resizing JitTable from 512 to 1024
W/PackageManager(   61): Not granting permission android.permission.SEND_DOWNLOAD_COMPLETED_INTENTS to package com.android.browser (protectionLevel=2 flags=0x9be45)
D/dalvikvm(  238): GC_EXTERNAL_ALLOC freed 411K, 50% free 3249K/6471K, external 1812K/2324K, paused 52ms
D/dalvikvm(  238): GC_EXTERNAL_ALLOC freed 35K, 51% free 3213K/6471K, external 1999K/2511K, paused 42ms
I/nofatclips(  238): Saved image on disk: a2.jpg
I/nofatclips(  238): Waiting for 100 msec.
W/PackageManager(   61): Unknown permission com.google.android.gm.permission.WRITE_GMAIL in package com.android.settings
W/PackageManager(   61): Unknown permission com.google.android.gm.permission.READ_GMAIL in package com.android.settings
W/PackageManager(   61): Unknown permission com.google.android.googleapps.permission.GOOGLE_AUTH in package com.android.settings
W/PackageManager(   61): Unknown permission com.google.android.googleapps.permission.GOOGLE_AUTH in package com.android.providers.contacts
W/PackageManager(   61): Unknown permission com.google.android.googleapps.permission.GOOGLE_AUTH.cp in package com.android.providers.contacts
I/nofatclips(  238): Session count is 1. Will dump to disk at 1
I/nofatclips(  238): Saving the session on disk. This is the first batch: the file will be created.
I/nofatclips(  238): Planning for new Activity Dashboard
D/nofatclips(  238): Handling event 'click' on widget id=2131165200 type=button name=
W/PackageManager(   61): Unknown permission com.google.android.googleapps.permission.ACCESS_GOOGLE_PASSWORD in package com.android.development
W/PackageManager(   61): Unknown permission com.google.android.googleapps.permission.GOOGLE_AUTH in package com.android.development
W/PackageManager(   61): Unknown permission com.google.android.googleapps.permission.GOOGLE_AUTH.ALL_SERVICES in package com.android.development
D/nofatclips(  238): Handling event 'click' on widget id=2131165201 type=button name=
D/dalvikvm(   61): GC_EXPLICIT freed 298K, 45% free 4165K/7495K, external 1865K/3065K, paused 190ms
D/nofatclips(  238): Handling event 'click' on widget id=2131165249 type=linearLayout name=
D/nofatclips(  238): Handling event 'click' on widget id=2131165251 type=linearLayout name=
D/nofatclips(  238): Handling event 'click' on widget id=2131165252 type=linearLayout name=
D/nofatclips(  238): Handling event 'click' on widget id=2131165253 type=linearLayout name=
D/nofatclips(  238): Handling event 'click' on widget id=2131165254 type=linearLayout name=
D/nofatclips(  238): Handling event 'click' on widget id=2131165255 type=linearLayout name=
W/PackageManager(   61): Unknown permission com.google.android.googleapps.permission.GOOGLE_AUTH.YouTubeUser in package com.android.development
D/dalvikvm(  238): GC_CONCURRENT freed 868K, 52% free 3303K/6791K, external 2599K/3246K, paused 5ms+6ms
D/nofatclips(  238): Handling event 'click' on widget id=2131165257 type=linearLayout name=
D/nofatclips(  238): Handling event 'click' on widget id=2131165258 type=linearLayout name=
D/nofatclips(  238): Handling event 'click' on widget id=2131165262 type=linearLayout name=
D/nofatclips(  238): Handling event 'click' on widget id=2131165263 type=linearLayout name=
W/PackageManager(   61): Unknown permission android.permission.READ_OWNER_DATA in package com.android.email
D/nofatclips(  238): Handling event 'click' on widget id=2131165264 type=linearLayout name=
W/PackageManager(   61): Not granting permission android.permission.DEVICE_POWER to package com.android.deskclock (protectionLevel=2 flags=0x8be45)
I/nofatclips(  238): Created trace to press the back button
I/nofatclips(  238): Created trace to press the menu button
I/nofatclips(  238): Created trace to change orientation
I/nofatclips(  238): Check for termination: 99 steps left of 100
I/nofatclips(  238): Dispatching new task. 2 more tasks remaining.
D/nofatclips(  238): Performing backup of the old task list on disk
D/nofatclips(  238): Saving task list on disk
V/nofatclips(  238): Backing up trace #15 to disk.
V/nofatclips(  238): Backing up trace #16 to disk.
D/nofatclips(  238): Deleting backup of the old task list from disk
D/nofatclips(  238): Deleting backup of the old activity list from disk
I/nofatclips(  238): Incrementally Playing Trace 16
I/nofatclips(  238): Retrieved from return list id=2131165263
D/nofatclips(  238): Testing for type (android.widget.LinearLayout) against the original (android.widget.LinearLayout)
D/nofatclips(  238): Testing for name () against the original ()
I/nofatclips(  238): Firing event: type= click index=53 widget=android.widget.LinearLayout
D/dalvikvm(  238): GC_CONCURRENT freed 1207K, 55% free 3234K/7047K, external 1999K/2599K, paused 3ms+3ms
W/ImageDownloader(  238): Error 404 while retrieving bitmap from http://gravatar.com/blavatar/44d338f29053dbb888da79dcf98df489?s=60&d=404
D/MediaScanner(  254):  prescan time: 7355ms
D/dalvikvm(  254): GC_CONCURRENT freed 530K, 55% free 2647K/5831K, external 716K/1038K, paused 2ms+3ms
D/MediaScanner(  254):     scan time: 34ms
D/MediaScanner(  254): postscan time: 0ms
D/MediaScanner(  254):    total time: 7389ms
D/szipinf (  190): Initializing inflate state
D/dalvikvm(  190): GC_CONCURRENT freed 221K, 51% free 2823K/5703K, external 716K/1038K, paused 3ms+13ms
D/MediaScannerService(  254): done scanning volume internal
D/MediaScannerService(  254): start scanning volume external
W/KeyCharacterMap(  238): No keyboard for id 0
W/KeyCharacterMap(  238): Using default keymap: /system/usr/keychars/qwerty.kcm.bin
V/MediaProvider(  254): /mnt/sdcard volume ID: 418581278
I/Launcher(  138): setLoadOnResume
I/Launcher(  138): setLoadOnResume
D/dalvikvm(  126): GREF has increased to 201
D/dalvikvm(  138): GC_EXTERNAL_ALLOC freed 154K, 49% free 2987K/5767K, external 2618K/2620K, paused 72ms
I/Launcher(  138): setLoadOnResume
D/nofatclips(  238): Event description: Read
V/MediaProvider(  254): Attached volume: external
V/MediaScanner(  254): pruneDeadThumbnailFiles... android.database.sqlite.SQLiteCursor@4059f1e0
V/MediaScanner(  254): /pruneDeadThumbnailFiles... android.database.sqlite.SQLiteCursor@4059f1e0
D/MediaScanner(  254):  prescan time: 73ms
D/MediaScanner(  254):     scan time: 1ms
D/MediaScanner(  254): postscan time: 22ms
D/MediaScanner(  254):    total time: 96ms
D/MediaScannerService(  254): done scanning volume external
D/szipinf (  138): Initializing inflate state
I/ActivityManager(   61): Starting: Intent { cmp=org.wordpress.android/.Read (has extras) } from pid 238
I/nofatclips(  238): Waiting for 100 msec.
D/dalvikvm(  138): GC_EXPLICIT freed 162K, 50% free 2929K/5767K, external 2230K/2294K, paused 1968ms
I/nofatclips(  238): Current activity is Read
I/nofatclips(  238): Retrieving widgets
D/nofatclips(  238): Found widget: id=-1 (android.widget.LinearLayout@40653c68)
D/nofatclips(  238): Found widget: id=16908662 (android.widget.RelativeLayout@405955a0)
D/nofatclips(  238): Found widget: id=16908812 (android.widget.ProgressBar@406e8510)
D/nofatclips(  238): Found widget: id=16908813 (android.widget.ProgressBar@405a76b0)
D/nofatclips(  238): Found widget: id=16908310 (android.widget.TextView@405cc3f8): Read
D/nofatclips(  238): Found widget: id=16908290 (android.widget.FrameLayout@405cc668)
I/ActivityManager(   61): Displayed org.wordpress.android/.Read: +3s308ms
D/nofatclips(  238): Found widget: id=-1 (android.widget.LinearLayout@405cc7c0)
D/nofatclips(  238): Found widget: id=2131165329 (android.webkit.WebView@4057d420)
D/nofatclips(  238): Found widget: id=-1 (com.android.internal.policy.impl.PhoneWindow$DecorView@40649438)
V/nicola  (  238): TextualID : null
V/nicola  (  238): ContentType detected : default
V/ReflectionHelper(  238): android.webkit.WebView > mOnFocusChangeListener FOUND | NOT ACTIVE
I/nofatclips(  238): Performing comparation for activity Read
D/nofatclips(  238): Comparing against activity Dashboard
D/nofatclips(  238): Comparing against activity Dashboard
I/nofatclips(  238): Registering activity Read (id: a3) as a new found state
D/nofatclips(  238): Performing backup of the old activity list on disk
D/nofatclips(  238): Saving new found state 'a3' on disk
V/nofatclips(  238): Opening state file in append mode.
D/dalvikvm(  238): GC_EXTERNAL_ALLOC freed 603K, 53% free 3328K/7047K, external 2167K/2599K, paused 117ms
D/dalvikvm(  238): GC_EXTERNAL_ALLOC freed 35K, 54% free 3299K/7047K, external 3367K/3455K, paused 93ms
I/nofatclips(  238): Saved image on disk: a3.jpg
I/nofatclips(  238): Waiting for 100 msec.
I/nofatclips(  238): Session count is 1. Will dump to disk at 1
I/nofatclips(  238): Saving the session on disk.
I/nofatclips(  238): Planning for new Activity Read
D/nofatclips(  238): Handling event 'longClick' on widget id=2131165329 type=webPage name=
I/nofatclips(  238): Created trace to press the back button
I/dalvikvm(  238): Jit: resizing JitTable from 1024 to 2048
I/nofatclips(  238): Created trace to press the menu button
I/nofatclips(  238): Created trace to change orientation
I/nofatclips(  238): Check for termination: 98 steps left of 100
I/nofatclips(  238): Dispatching new task. 2 more tasks remaining.
D/nofatclips(  238): Performing backup of the old task list on disk
D/nofatclips(  238): Saving task list on disk
V/nofatclips(  238): Backing up trace #19 to disk.
V/nofatclips(  238): Backing up trace #20 to disk.
D/nofatclips(  238): Deleting backup of the old task list from disk
D/nofatclips(  238): Deleting backup of the old activity list from disk
I/nofatclips(  238): Incrementally Playing Trace 20
I/nofatclips(  238): Retrieved from return list id=-1
D/nofatclips(  238): Testing for type (android.widget.LinearLayout) against the original (null)
I/nofatclips(  238): Firing event: type= changeOrientation name= widget=null
D/dalvikvm(  238): GC_FOR_MALLOC freed 454K, 51% free 3490K/7047K, external 3367K/4204K, paused 50ms
I/WindowManager(   61): Setting rotation to 0, animFlags=1
I/ActivityManager(   61): Config changed: { scale=1.0 imsi=310/260 loc=en_US touch=3 keys=2/1/2 nav=1/1 orien=1 layout=18 uiMode=17 seq=6}
I/nofatclips(  238): Waiting for 100 msec.
I/nofatclips(  238): Current activity is Read
I/nofatclips(  238): Retrieving widgets
D/nofatclips(  238): Found widget: id=-1 (android.widget.LinearLayout@40653c68)
D/nofatclips(  238): Found widget: id=16908662 (android.widget.RelativeLayout@405955a0)
D/nofatclips(  238): Found widget: id=16908812 (android.widget.ProgressBar@406e8510)
D/nofatclips(  238): Found widget: id=16908813 (android.widget.ProgressBar@405a76b0)
D/nofatclips(  238): Found widget: id=16908310 (android.widget.TextView@405cc3f8): Loading...
D/nofatclips(  238): Found widget: id=16908290 (android.widget.FrameLayout@405cc668)
D/nofatclips(  238): Found widget: id=-1 (android.widget.LinearLayout@405cc7c0)
D/nofatclips(  238): Found widget: id=2131165329 (android.webkit.WebView@4057d420)
D/nofatclips(  238): Found widget: id=-1 (com.android.internal.policy.impl.PhoneWindow$DecorView@40649438)
V/nicola  (  238): TextualID : null
V/nicola  (  238): ContentType detected : default
V/ReflectionHelper(  238): android.webkit.WebView > mOnFocusChangeListener FOUND | NOT ACTIVE
I/nofatclips(  238): Performing comparation for activity Read
D/nofatclips(  238): Comparing against activity Dashboard
D/nofatclips(  238): Comparing against activity Dashboard
D/nofatclips(  238): Comparing against activity Read
I/nofatclips(  238): Registering activity Read (id: a4) as a new found state
D/nofatclips(  238): Performing backup of the old activity list on disk
D/nofatclips(  238): Saving new found state 'a4' on disk
V/nofatclips(  238): Opening state file in append mode.
D/dalvikvm(  238): GC_CONCURRENT freed 1204K, 51% free 3749K/7559K, external 3367K/3455K, paused 4ms+4ms
D/dalvikvm(  238): GC_EXTERNAL_ALLOC freed 181K, 51% free 3731K/7559K, external 3367K/3455K, paused 55ms
I/nofatclips(  238): Saved image on disk: a4.jpg
I/nofatclips(  238): Waiting for 100 msec.
I/nofatclips(  238): Session count is 1. Will dump to disk at 1
I/nofatclips(  238): Saving the session on disk.
I/nofatclips(  238): Planning for new Activity Read
D/nofatclips(  238): Handling event 'longClick' on widget id=2131165329 type=webPage name=
I/nofatclips(  238): Created trace to press the back button
I/nofatclips(  238): Created trace to press the menu button
I/nofatclips(  238): Created trace to change orientation
I/nofatclips(  238): Check for termination: 97 steps left of 100
I/nofatclips(  238): Dispatching new task. 2 more tasks remaining.
D/nofatclips(  238): Performing backup of the old task list on disk
D/nofatclips(  238): Saving task list on disk
V/nofatclips(  238): Backing up trace #23 to disk.
D/dalvikvm(   61): GC_EXPLICIT freed 356K, 45% free 4133K/7495K, external 1316K/1828K, paused 189ms
V/nofatclips(  238): Backing up trace #24 to disk.
D/nofatclips(  238): Deleting backup of the old task list from disk
D/nofatclips(  238): Deleting backup of the old activity list from disk
I/nofatclips(  238): Incrementally Playing Trace 24
I/nofatclips(  238): Retrieved from return list id=-1
D/nofatclips(  238): Testing for type (android.widget.LinearLayout) against the original (null)
I/nofatclips(  238): Firing event: type= openMenu name= widget=null
D/dalvikvm(  238): GC_CONCURRENT freed 1588K, 53% free 3750K/7943K, external 3367K/4204K, paused 3ms+3ms
I/ContactsDatabaseHelper(  190): Locale change completed in 22905ms
D/dalvikvm(  238): GC_FOR_MALLOC freed 21K, 52% free 3825K/7943K, external 3367K/4204K, paused 29ms
W/KeyCharacterMap(  238): No keyboard for id 0
W/KeyCharacterMap(  238): Using default keymap: /system/usr/keychars/qwerty.kcm.bin
I/nofatclips(  238): Waiting for 100 msec.
W/ResponseProcessCookies(  238): Invalid cookie header: "Set-Cookie: twostep_auth=+; expires=Tue, 30-Jul-2013 17:27:05 GMT; Max-Age=-31536000; path=/; domain=.wordpress.com". Negative max-age attribute: -31536000
W/ResponseProcessCookies(  238): Invalid cookie header: "Set-Cookie: wordpress=+; expires=Tue, 30-Jul-2013 17:27:05 GMT; Max-Age=-31536000; path=/wp-admin; domain=.wordpress.com". Negative max-age attribute: -31536000
W/ResponseProcessCookies(  238): Invalid cookie header: "Set-Cookie: wordpress_sec=+; expires=Tue, 30-Jul-2013 17:27:05 GMT; Max-Age=-31536000; path=/wp-admin; domain=.wordpress.com". Negative max-age attribute: -31536000
W/ResponseProcessCookies(  238): Invalid cookie header: "Set-Cookie: wordpress=+; expires=Tue, 30-Jul-2013 17:27:05 GMT; Max-Age=-31536000; path=/wp-content/plugins; domain=.wordpress.com". Negative max-age attribute: -31536000
W/ResponseProcessCookies(  238): Invalid cookie header: "Set-Cookie: wordpress_sec=+; expires=Tue, 30-Jul-2013 17:27:05 GMT; Max-Age=-31536000; path=/wp-content/plugins; domain=.wordpress.com". Negative max-age attribute: -31536000
W/ResponseProcessCookies(  238): Invalid cookie header: "Set-Cookie: wordpress_logged_in=+; expires=Tue, 30-Jul-2013 17:27:05 GMT; Max-Age=-31536000; path=/; domain=.wordpress.com". Negative max-age attribute: -31536000
I/nofatclips(  238): Current activity is Read
I/nofatclips(  238): Retrieving widgets
D/nofatclips(  238): Found widget: id=16908726 (com.android.internal.view.menu.IconMenuView@40530fb8)
D/nofatclips(  238): Found widget: id=16908310 (com.android.internal.view.menu.IconMenuItemView@405ff8d8): Home
D/nofatclips(  238): Found widget: id=16908310 (com.android.internal.view.menu.IconMenuItemView@40644630): View in Browser
D/nofatclips(  238): Found widget: id=16908310 (com.android.internal.view.menu.IconMenuItemView@40663808): Refresh
D/nofatclips(  238): Found widget: id=-1 (com.android.internal.policy.impl.PhoneWindow$DecorView@4052f508)
V/ReflectionHelper(  238): com.android.internal.view.menu.IconMenuView > mOnFocusChangeListener FOUND | NOT ACTIVE
W/ResponseProcessCookies(  238): Invalid cookie header: "Set-Cookie: wordpress_logged_in=+; expires=Tue, 30-Jul-2013 17:27:05 GMT; Max-Age=-31536000; path=/; domain=.wordpress.com". Negative max-age attribute: -31536000
W/ResponseProcessCookies(  238): Invalid cookie header: "Set-Cookie: wordpress=+; expires=Tue, 30-Jul-2013 17:27:05 GMT; Max-Age=-31536000; path=/; domain=.wordpress.com". Negative max-age attribute: -31536000
V/nicola  (  238): TextualID : null
V/nicola  (  238): ContentType detected : default
V/nicola  (  238): TextualID : null
V/nicola  (  238): ContentType detected : default
V/nicola  (  238): TextualID : null
V/nicola  (  238): ContentType detected : default
W/ResponseProcessCookies(  238): Invalid cookie header: "Set-Cookie: wordpress=+; expires=Tue, 30-Jul-2013 17:27:05 GMT; Max-Age=-31536000; path=/; domain=.wordpress.com". Negative max-age attribute: -31536000
I/nofatclips(  238): Performing comparation for activity Read
D/nofatclips(  238): Comparing against activity Dashboard
D/nofatclips(  238): Comparing against activity Dashboard
D/nofatclips(  238): Comparing against activity Read
D/nofatclips(  238): Comparing against activity Read
I/nofatclips(  238): Registering activity Read (id: a5) as a new found state
D/nofatclips(  238): Performing backup of the old activity list on disk
D/nofatclips(  238): Saving new found state 'a5' on disk
V/nofatclips(  238): Opening state file in append mode.
W/ResponseProcessCookies(  238): Invalid cookie header: "Set-Cookie: wordpress_sec=+; expires=Tue, 30-Jul-2013 17:27:05 GMT; Max-Age=-31536000; path=/; domain=.wordpress.com". Negative max-age attribute: -31536000
W/ResponseProcessCookies(  238): Invalid cookie header: "Set-Cookie: wordpress_sec=+; expires=Tue, 30-Jul-2013 17:27:05 GMT; Max-Age=-31536000; path=/; domain=.wordpress.com". Negative max-age attribute: -31536000
W/ResponseProcessCookies(  238): Invalid cookie header: "Set-Cookie: wp_user=+; expires=Tue, 30-Jul-2013 17:27:05 GMT; Max-Age=-31536000; path=/; domain=.wordpress.com". Negative max-age attribute: -31536000
I/nofatclips(  238): Saved image on disk: a5.jpg
I/nofatclips(  238): Waiting for 100 msec.
W/ResponseProcessCookies(  238): Invalid cookie header: "Set-Cookie: wp_pass=+; expires=Tue, 30-Jul-2013 17:27:05 GMT; Max-Age=-31536000; path=/; domain=.wordpress.com". Negative max-age attribute: -31536000
W/ResponseProcessCookies(  238): Invalid cookie header: "Set-Cookie: wp_user=+; expires=Tue, 30-Jul-2013 17:27:05 GMT; Max-Age=-31536000; path=/; domain=.wordpress.com". Negative max-age attribute: -31536000
W/ResponseProcessCookies(  238): Invalid cookie header: "Set-Cookie: wp_pass=+; expires=Tue, 30-Jul-2013 17:27:05 GMT; Max-Age=-31536000; path=/; domain=.wordpress.com". Negative max-age attribute: -31536000
I/nofatclips(  238): Session count is 1. Will dump to disk at 1
I/nofatclips(  238): Saving the session on disk.
I/nofatclips(  238): Planning for new Activity Read
D/nofatclips(  238): Handling event 'click' on widget id=16908310 type=menuItem name=Home
D/nofatclips(  238): Handling event 'click' on widget id=16908310 type=menuItem name=View in Browser
D/nofatclips(  238): Handling event 'click' on widget id=16908310 type=menuItem name=Refresh
I/nofatclips(  238): Created trace to press the back button
I/nofatclips(  238): Created trace to press the menu button
I/nofatclips(  238): Created trace to change orientation
D/dalvikvm(  238): GC_CONCURRENT freed 1147K, 47% free 4254K/8007K, external 2966K/3455K, paused 6ms+10ms
I/nofatclips(  238): Check for termination: 96 steps left of 100
I/nofatclips(  238): Dispatching new task. 2 more tasks remaining.
D/nofatclips(  238): Performing backup of the old task list on disk
D/nofatclips(  238): Saving task list on disk
V/nofatclips(  238): Backing up trace #29 to disk.
V/nofatclips(  238): Backing up trace #30 to disk.
D/nofatclips(  238): Deleting backup of the old task list from disk
D/nofatclips(  238): Deleting backup of the old activity list from disk
I/nofatclips(  238): Incrementally Playing Trace 30
D/nofatclips(  238): Firing event: type= back
W/KeyCharacterMap(  238): No keyboard for id 0
W/KeyCharacterMap(  238): Using default keymap: /system/usr/keychars/qwerty.kcm.bin
W/InputManagerService(   61): Window already focused, ignoring focus gain of: com.android.internal.view.IInputMethodClient$Stub$Proxy@4062ec38
I/dalvikvm(   61): Jit: resizing JitTable from 512 to 1024
I/nofatclips(  238): Waiting for 100 msec.
I/nofatclips(  238): Current activity is Read
I/nofatclips(  238): Retrieving widgets
D/nofatclips(  238): Found widget: id=-1 (android.widget.LinearLayout@40653c68)
D/nofatclips(  238): Found widget: id=16908662 (android.widget.RelativeLayout@405955a0)
D/nofatclips(  238): Found widget: id=16908812 (android.widget.ProgressBar@406e8510)
D/nofatclips(  238): Found widget: id=16908813 (android.widget.ProgressBar@405a76b0)
D/nofatclips(  238): Found widget: id=16908310 (android.widget.TextView@405cc3f8): Loading...
D/nofatclips(  238): Found widget: id=16908290 (android.widget.FrameLayout@405cc668)
D/nofatclips(  238): Found widget: id=-1 (android.widget.LinearLayout@405cc7c0)
D/nofatclips(  238): Found widget: id=2131165329 (android.webkit.WebView@4057d420)
D/nofatclips(  238): Found widget: id=-1 (com.android.internal.policy.impl.PhoneWindow$DecorView@40649438)
V/nicola  (  238): TextualID : null
V/nicola  (  238): ContentType detected : default
V/ReflectionHelper(  238): android.webkit.WebView > mOnFocusChangeListener FOUND | NOT ACTIVE
I/nofatclips(  238): Performing comparation for activity Read
D/nofatclips(  238): Comparing against activity Dashboard
D/nofatclips(  238): Comparing against activity Read
D/nofatclips(  238): Comparing against activity Dashboard
D/nofatclips(  238): Comparing against activity Read
D/nofatclips(  238): Comparing against activity Read
I/nofatclips(  238): Registering activity Read (id: a6) as a new found state
D/nofatclips(  238): Performing backup of the old activity list on disk
D/nofatclips(  238): Saving new found state 'a6' on disk
V/nofatclips(  238): Opening state file in append mode.
D/dalvikvm(  238): GC_EXTERNAL_ALLOC freed 937K, 51% free 3928K/8007K, external 2884K/3455K, paused 143ms
I/nofatclips(  238): Saved image on disk: a6.jpg
I/nofatclips(  238): Waiting for 100 msec.
I/nofatclips(  238): Session count is 1. Will dump to disk at 1
I/nofatclips(  238): Saving the session on disk.
I/nofatclips(  238): Planning for new Activity Read
D/nofatclips(  238): Handling event 'longClick' on widget id=2131165329 type=webPage name=
I/nofatclips(  238): Created trace to press the back button
I/nofatclips(  238): Created trace to press the menu button
I/nofatclips(  238): Created trace to change orientation
I/nofatclips(  238): Check for termination: 95 steps left of 100
I/nofatclips(  238): Dispatching new task. 2 more tasks remaining.
D/nofatclips(  238): Performing backup of the old task list on disk
D/nofatclips(  238): Saving task list on disk
V/nofatclips(  238): Backing up trace #33 to disk.
V/nofatclips(  238): Backing up trace #34 to disk.
D/nofatclips(  238): Deleting backup of the old task list from disk
D/nofatclips(  238): Deleting backup of the old activity list from disk
I/nofatclips(  238): Incrementally Playing Trace 34
D/nofatclips(  238): Firing event: type= back
W/KeyCharacterMap(  238): No keyboard for id 0
W/KeyCharacterMap(  238): Using default keymap: /system/usr/keychars/qwerty.kcm.bin
I/WindowManager(   61): Setting rotation to 1, animFlags=1
I/ActivityManager(   61): Config changed: { scale=1.0 imsi=310/260 loc=en_US touch=3 keys=2/1/2 nav=1/1 orien=2 layout=18 uiMode=17 seq=7}
I/InputQueue-JNI(  238): Sending finished signal for input channel '4065f830 org.wordpress.android/org.wordpress.android.Read (client)' since it is being unregistered while an input message is still in progress.
I/InputQueue-JNI(  238): Ignoring finish signal on channel that is no longer registered.
I/nofatclips(  238): Waiting for 100 msec.
I/nofatclips(  238): Current activity is Dashboard
I/nofatclips(  238): Retrieving widgets
D/nofatclips(  238): Found widget: id=16908290 (android.widget.FrameLayout@405a0588)
D/nofatclips(  238): Found widget: id=2131165248 (android.widget.RelativeLayout@405a1288)
D/nofatclips(  238): Found widget: id=2131165249 (android.widget.LinearLayout@405a18f0)
D/nofatclips(  238): Found widget: id=-1 (android.widget.ImageView@405a1e38)
D/nofatclips(  238): Found widget: id=2131165250 (org.wordpress.android.util.WPTitleBar@4059b810)
D/nofatclips(  238): Found widget: id=2131165195 (android.widget.RelativeLayout@4050de58)
D/nofatclips(  238): Found widget: id=2131165196 (android.widget.RelativeLayout@40568108)
D/nofatclips(  238): Found widget: id=2131165197 (android.widget.ImageView@4059caa8)
D/nofatclips(  238): Found widget: id=2131165198 (android.widget.TextView@40541478): Katie's Sweet Testing Blog
D/nofatclips(  238): Found widget: id=2131165199 (android.widget.ImageView@4055cd08)
D/nofatclips(  238): Found widget: id=-1 (android.widget.RelativeLayout@40579070)
D/nofatclips(  238): Found widget: id=2131165200 (android.widget.ImageButton@4059cfd0)
D/nofatclips(  238): Found widget: id=-1 (android.widget.FrameLayout@4057a558)
D/nofatclips(  238): Found widget: id=2131165201 (android.widget.Button@40541e40): 
D/nofatclips(  238): Found widget: id=2131165202 (android.widget.ImageView@40593408)
D/nofatclips(  238): Found widget: id=2131165203 (android.widget.ImageView@4053c638)
D/nofatclips(  238): Found widget: id=2131165249 (android.widget.LinearLayout@405df188)
D/nofatclips(  238): Found widget: id=-1 (android.widget.FrameLayout@405df4c0)
D/nofatclips(  238): Found widget: id=-1 (android.widget.LinearLayout@405df728)
D/nofatclips(  238): Found widget: id=-1 (android.widget.LinearLayout@405e0398)
D/nofatclips(  238): Found widget: id=-1 (android.widget.LinearLayout@405e05b8)
D/nofatclips(  238): Found widget: id=2131165251 (android.widget.LinearLayout@405e07d8)
D/nofatclips(  238): Found widget: id=-1 (android.widget.ImageView@405e1fb0)
D/nofatclips(  238): Found widget: id=-1 (android.widget.TextView@405e23a8): New Post
D/nofatclips(  238): Found widget: id=2131165252 (android.widget.LinearLayout@405e2838)
D/nofatclips(  238): Found widget: id=-1 (android.widget.ImageView@405e7ee0)
D/nofatclips(  238): Found widget: id=-1 (android.widget.TextView@405e8290): Quick Photo
D/nofatclips(  238): Found widget: id=-1 (android.widget.LinearLayout@405e8720)
D/nofatclips(  238): Found widget: id=2131165253 (android.widget.LinearLayout@405e8940)
D/nofatclips(  238): Found widget: id=-1 (android.widget.ImageView@405e9e30)
D/nofatclips(  238): Found widget: id=-1 (android.widget.TextView@405ea1e0): New Page
D/nofatclips(  238): Found widget: id=2131165254 (android.widget.LinearLayout@405ea670)
D/nofatclips(  238): Found widget: id=-1 (android.widget.ImageView@405eb850)
D/nofatclips(  238): Found widget: id=-1 (android.widget.TextView@405ebc00): Quick Video
D/nofatclips(  238): Found widget: id=-1 (android.widget.LinearLayout@405ec090)
D/nofatclips(  238): Found widget: id=-1 (android.widget.LinearLayout@405ec2b0)
D/nofatclips(  238): Found widget: id=2131165255 (android.widget.LinearLayout@405ec4d0)
D/nofatclips(  238): Found widget: id=-1 (android.widget.ImageView@405ecf00)
D/nofatclips(  238): Found widget: id=2131165256 (android.widget.TextView@405ed2b0): Posts
D/nofatclips(  238): Found widget: id=2131165257 (android.widget.LinearLayout@405ed740)
D/nofatclips(  238): Found widget: id=-1 (android.widget.ImageView@405ee170)
D/nofatclips(  238): Found widget: id=2131165256 (android.widget.TextView@405ee520): Pages
D/nofatclips(  238): Found widget: id=-1 (android.widget.FrameLayout@405ee9b0)
D/nofatclips(  238): Found widget: id=2131165258 (android.widget.LinearLayout@405eec18)
D/nofatclips(  238): Found widget: id=-1 (android.widget.ImageView@405f01d8)
D/nofatclips(  238): Found widget: id=2131165256 (android.widget.TextView@405f0588): Comments
D/nofatclips(  238): Found widget: id=2131165259 (android.widget.FrameLayout@405f0a18)
D/nofatclips(  238): Found widget: id=2131165260 (android.widget.ImageView@405f0c80)
D/nofatclips(  238): Found widget: id=2131165261 (org.wordpress.android.util.CommentBadgeTextView@405f10c8): 0
D/nofatclips(  238): Found widget: id=-1 (android.widget.LinearLayout@405f1590)
D/nofatclips(  238): Found widget: id=2131165262 (android.widget.LinearLayout@405f17b0)
D/nofatclips(  238): Found widget: id=-1 (android.widget.ImageView@405f1fb0)
D/nofatclips(  238): Found widget: id=2131165256 (android.widget.TextView@405f2360): Settings
D/nofatclips(  238): Found widget: id=2131165263 (android.widget.LinearLayout@405f27f0)
D/nofatclips(  238): Found widget: id=-1 (android.widget.ImageView@405f2ff0)
D/nofatclips(  238): Found widget: id=2131165256 (android.widget.TextView@405f33a0): Read
D/nofatclips(  238): Found widget: id=2131165264 (android.widget.LinearLayout@405f3830)
D/nofatclips(  238): Found widget: id=-1 (android.widget.ImageView@405f4aa8)
D/nofatclips(  238): Found widget: id=2131165256 (android.widget.TextView@405f4e58): Stats
D/nofatclips(  238): Found widget: id=-1 (com.android.internal.policy.impl.PhoneWindow$DecorView@4059fc88)
V/nicola  (  238): TextualID : blog_title
V/nicola  (  238): ContentType detected : default
V/nicola  (  238): TextualID : action_refresh
V/nicola  (  238): ContentType detected : default
V/nicola  (  238): TextualID : null
V/nicola  (  238): ContentType detected : default
V/nicola  (  238): TextualID : null
V/nicola  (  238): ContentType detected : default
V/nicola  (  238): TextualID : null
V/nicola  (  238): ContentType detected : default
V/nicola  (  238): TextualID : null
V/nicola  (  238): ContentType detected : default
V/nicola  (  238): TextualID : button_text
V/nicola  (  238): ContentType detected : default
V/nicola  (  238): TextualID : button_text
V/nicola  (  238): ContentType detected : default
V/nicola  (  238): TextualID : button_text
V/nicola  (  238): ContentType detected : default
V/nicola  (  238): TextualID : button_text
V/nicola  (  238): ContentType detected : default
V/nicola  (  238): TextualID : button_text
V/nicola  (  238): ContentType detected : default
V/nicola  (  238): TextualID : button_text
V/nicola  (  238): ContentType detected : default
I/nofatclips(  238): Performing comparation for activity Dashboard
D/nofatclips(  238): Comparing against activity Dashboard
D/nofatclips(  238): Comparing against activity Read
D/nofatclips(  238): Comparing against activity Dashboard
D/nofatclips(  238): Comparing against activity Read
D/nofatclips(  238): Comparing against activity Read
D/nofatclips(  238): Comparing against activity Read
I/nofatclips(  238): Registering activity Dashboard (id: a7) as a new found state
D/nofatclips(  238): Performing backup of the old activity list on disk
D/nofatclips(  238): Saving new found state 'a7' on disk
V/nofatclips(  238): Opening state file in append mode.
D/dalvikvm(  127): GC_CONCURRENT freed 228K, 51% free 2807K/5703K, external 988K/1038K, paused 2ms+16ms
D/dalvikvm(  238): GC_EXTERNAL_ALLOC freed 1385K, 51% free 3986K/8007K, external 3403K/3500K, paused 110ms
I/nofatclips(  238): Saved image on disk: a7.jpg
I/nofatclips(  238): Waiting for 100 msec.
I/nofatclips(  238): Session count is 1. Will dump to disk at 1
I/nofatclips(  238): Saving the session on disk.
I/nofatclips(  238): Planning for new Activity Dashboard
D/nofatclips(  238): Handling event 'click' on widget id=2131165200 type=button name=
D/nofatclips(  238): Handling event 'click' on widget id=2131165201 type=button name=
D/dalvikvm(   61): GC_EXPLICIT freed 48K, 46% free 4114K/7495K, external 1316K/1828K, paused 200ms
D/nofatclips(  238): Handling event 'click' on widget id=2131165249 type=linearLayout name=
D/nofatclips(  238): Handling event 'click' on widget id=2131165251 type=linearLayout name=
D/nofatclips(  238): Handling event 'click' on widget id=2131165252 type=linearLayout name=
D/nofatclips(  238): Handling event 'click' on widget id=2131165253 type=linearLayout name=
D/nofatclips(  238): Handling event 'click' on widget id=2131165254 type=linearLayout name=
D/nofatclips(  238): Handling event 'click' on widget id=2131165255 type=linearLayout name=
D/nofatclips(  238): Handling event 'click' on widget id=2131165257 type=linearLayout name=
D/nofatclips(  238): Handling event 'click' on widget id=2131165258 type=linearLayout name=
D/nofatclips(  238): Handling event 'click' on widget id=2131165262 type=linearLayout name=
D/nofatclips(  238): Handling event 'click' on widget id=2131165263 type=linearLayout name=
D/dalvikvm(  238): GC_CONCURRENT freed 1477K, 49% free 4373K/8455K, external 2803K/2803K, paused 4ms+4ms
D/nofatclips(  238): Handling event 'click' on widget id=2131165264 type=linearLayout name=
I/nofatclips(  238): Created trace to press the back button
I/nofatclips(  238): Created trace to press the menu button
I/nofatclips(  238): Created trace to change orientation
I/dalvikvm(  238): Jit: resizing JitTable from 2048 to 4096
D/dalvikvm(  238): GC_CONCURRENT freed 1230K, 45% free 4747K/8583K, external 2203K/2803K, paused 4ms+4ms
I/nofatclips(  238): Check for termination: 94 steps left of 100
I/nofatclips(  238): Dispatching new task. 2 more tasks remaining.
D/nofatclips(  238): Performing backup of the old task list on disk
D/nofatclips(  238): Saving task list on disk
V/nofatclips(  238): Backing up trace #48 to disk.
V/nofatclips(  238): Backing up trace #49 to disk.
D/nofatclips(  238): Deleting backup of the old task list from disk
D/nofatclips(  238): Deleting backup of the old activity list from disk
I/nofatclips(  238): Incrementally Playing Trace 49
I/nofatclips(  238): Retrieved from return list id=2131165252
D/nofatclips(  238): Testing for type (android.widget.LinearLayout) against the original (android.widget.LinearLayout)
D/nofatclips(  238): Testing for name () against the original ()
I/nofatclips(  238): Firing event: type= click index=24 widget=android.widget.LinearLayout
W/KeyCharacterMap(  238): No keyboard for id 0
W/KeyCharacterMap(  238): Using default keymap: /system/usr/keychars/qwerty.kcm.bin
D/dalvikvm(  238): GC_FOR_MALLOC freed 1248K, 48% free 4631K/8839K, external 2203K/2803K, paused 96ms
D/nofatclips(  238): Event description: Quick Photo
I/ActivityManager(   61): Starting: Intent { cmp=org.wordpress.android/.EditPost (has extras) } from pid 238
I/nofatclips(  238): Waiting for 100 msec.
I/ActivityManager(   61): Starting: Intent { flg=0x10000 cmp=org.wordpress.android/.EditContent (has extras) } from pid 238
I/ActivityManager(   61): Starting: Intent { act=android.media.action.IMAGE_CAPTURE cmp=com.android.camera/.Camera (has extras) } from pid 238
I/ActivityManager(   61): Start proc com.android.camera for activity com.android.camera/.Camera: pid=328 uid=10025 gids={1006, 1015}
I/nofatclips(  238): Current activity is EditPost
I/nofatclips(  238): Retrieving widgets
I/nofatclips(  238): Exit state. Not performing comparation for activity EditPost
I/nofatclips(  238): Waiting for 100 msec.
I/nofatclips(  238): Session count is 1. Will dump to disk at 1
I/nofatclips(  238): Saving the session on disk.
I/nofatclips(  238): Check for termination: 93 steps left of 100
I/nofatclips(  238): Saving the session on disk. This is the last batch. The session will be terminated.
D/nofatclips(  238): Performing backup of the old task list on disk
D/nofatclips(  238): Saving task list on disk
V/nofatclips(  238): Backing up trace #48 to disk.
D/nofatclips(  238): Deleting backup of the old task list from disk
D/installd(   35): DexInv: --- BEGIN '/system/app/Camera.apk' ---
D/dalvikvm(  238): GC_EXPLICIT freed 1138K, 52% free 4304K/8839K, external 2459K/2803K, paused 114ms
D/dalvikvm(  238): GC_EXPLICIT freed 135K, 53% free 4169K/8839K, external 2459K/2803K, paused 104ms
I/TestRunner(  238): finished: testAndCrawl(com.nofatclips.crawler.guitree.NomadEngine)
I/TestRunner(  238): passed: testAndCrawl(com.nofatclips.crawler.guitree.NomadEngine)
E/InstrumentationTestRunner(  238): Failed to generate emma coverage. Is emma jar on classpath?
E/InstrumentationTestRunner(  238): java.lang.ClassNotFoundException: com.vladium.emma.rt.RT
E/InstrumentationTestRunner(  238): 	at java.lang.Class.classForName(Native Method)
E/InstrumentationTestRunner(  238): 	at java.lang.Class.forName(Class.java:234)
E/InstrumentationTestRunner(  238): 	at java.lang.Class.forName(Class.java:181)
E/InstrumentationTestRunner(  238): 	at android.test.InstrumentationTestRunner.generateCoverageReport(InstrumentationTestRunner.java:578)
E/InstrumentationTestRunner(  238): 	at android.test.InstrumentationTestRunner.onStart(InstrumentationTestRunner.java:545)
E/InstrumentationTestRunner(  238): 	at android.app.Instrumentation$InstrumentationThread.run(Instrumentation.java:1448)
E/InstrumentationTestRunner(  238): Caused by: java.lang.NoClassDefFoundError: com.vladium.emma.rt.RT
E/InstrumentationTestRunner(  238): 	... 6 more
E/InstrumentationTestRunner(  238): Caused by: java.lang.ClassNotFoundException: com.vladium.emma.rt.RT in loader dalvik.system.PathClassLoader[/system/framework/android.test.runner.jar:/data/app/com.nofatclips.crawler-1.apk:/data/app/org.wordpress.android-1.apk]
