I/TelephonyRegistry(   61): notifyMessageWaitingChanged: false
I/TelephonyRegistry(   61): notifyCallForwardingChanged: false
D/dalvikvm(   61): GC_CONCURRENT freed 179K, 41% free 4122K/6919K, external 1865K/3065K, paused 3ms+26ms
I/ActivityThread(  182): Pub contacts;com.android.contacts: com.android.providers.contacts.ContactsProvider2
I/ActivityThread(  190): Pub com.android.deskclock: com.android.deskclock.AlarmProvider
D/dalvikvm(  190): GC_CONCURRENT freed 372K, 54% free 2615K/5639K, external 716K/1038K, paused 2ms+27ms
D/dalvikvm(  137): GC_EXTERNAL_ALLOC freed 55K, 52% free 2758K/5639K, external 1567K/1572K, paused 229ms
I/ActivityManager(   61): Start proc com.android.protips for broadcast com.android.protips/.ProtipWidget: pid=213 uid=10024 gids={}
D/TelephonyProvider(  126): Setting numeric '310260' to be the current operator
I/TelephonyRegistry(   61): notifyDataConnection: state=1 isDataConnectivityPossible=true reason=simLoaded interfaceName=null networkType=3
D/dalvikvm(   33): GC_EXPLICIT freed 10K, 53% free 2538K/5379K, external 716K/1038K, paused 206ms
I/TelephonyRegistry(   61): notifyDataConnection: state=2 isDataConnectivityPossible=true reason=simLoaded interfaceName=/dev/omap_csmi_tty1 networkType=3
D/Tethering(   61): MasterInitialState.processMessage what=3
D/SntpClient(   61): request time failed: java.net.SocketException: Address family not supported by protocol
D/dalvikvm(   33): GC_EXPLICIT freed <1K, 53% free 2538K/5379K, external 716K/1038K, paused 168ms
D/dalvikvm(  126): GC_CONCURRENT freed 427K, 52% free 2930K/6023K, external 716K/1038K, paused 3ms+35ms
D/dalvikvm(   33): GC_EXPLICIT freed <1K, 53% free 2538K/5379K, external 716K/1038K, paused 184ms
I/ActivityThread(  182): Pub call_log: com.android.providers.contacts.CallLogProvider
D/AndroidRuntime(  206): 
D/AndroidRuntime(  206): >>>>>> AndroidRuntime START com.android.internal.os.RuntimeInit <<<<<<
I/ActivityManager(   61): Start proc com.android.music for broadcast com.android.music/.MediaAppWidgetProvider: pid=222 uid=10005 gids={3003, 1015}
I/ActivityThread(  182): Pub user_dictionary: com.android.providers.userdictionary.UserDictionaryProvider
D/AndroidRuntime(  206): CheckJNI is ON
D/dalvikvm(  137): GC_EXTERNAL_ALLOC freed 48K, 51% free 2791K/5639K, external 2079K/2085K, paused 163ms
D/dalvikvm(  137): GC_EXPLICIT freed 26K, 51% free 2806K/5639K, external 2387K/2620K, paused 105ms
D/dalvikvm(   61): GREF has increased to 301
I/ActivityManager(   61): Start proc com.android.quicksearchbox for broadcast com.android.quicksearchbox/.SearchWidgetProvider: pid=237 uid=10002 gids={3003}
I/ActivityThread(  237): Pub com.android.quicksearchbox.google: com.android.quicksearchbox.google.GoogleSuggestionProvider
I/ActivityThread(  237): Pub com.android.quicksearchbox.shortcuts: com.android.quicksearchbox.ShortcutsProvider
I/ActivityManager(   61): Start proc android.process.media for broadcast com.android.providers.downloads/.DownloadReceiver: pid=245 uid=10000 gids={1015, 1006, 2001, 3003}
D/AndroidRuntime(  206): Calling main entry com.android.commands.am.Am
I/ActivityManager(   61): Force stopping package org.wordpress.android uid=10034
I/ActivityManager(   61): Start proc org.wordpress.android for added application org.wordpress.android: pid=250 uid=10034 gids={3003, 1006, 1015}
D/szipinf (  250): Initializing inflate state
I/ActivityThread(  245): Pub media: com.android.providers.media.MediaProvider
V/MediaProvider(  245): Attached volume: internal
I/ActivityThread(  245): Pub downloads: com.android.providers.downloads.DownloadProvider
I/ActivityThread(  245): Pub drm: com.android.providers.drm.DrmProvider
D/dalvikvm(   61): GC_CONCURRENT freed 782K, 46% free 4117K/7559K, external 1865K/3065K, paused 3ms+15ms
D/nofatclips(  250): Updating node 
D/nofatclips(  250): Loading node 
I/nofatclips(  250): Preferences file found.
V/nofatclips(  250): Updating value ACTIVITY_DESCRIPTION_IN_SESSION
V/nofatclips(  250): Updating value ADDITIONAL_CRITERIAS
V/nofatclips(  250): Updating value ADDITIONAL_EVENTS
V/nofatclips(  250): Updating value ADDITIONAL_INPUTS
V/nofatclips(  250): Updating value CLASS_NAME
D/nofatclips(  250): Updated value of parameter CLASS_NAME to org.wordpress.android.Dashboard (default = app.package.class)
V/nofatclips(  250): Updating value ENABLE_RESUME
V/nofatclips(  250): Updating value PACKAGE_NAME
D/nofatclips(  250): Updated value of parameter PACKAGE_NAME to org.wordpress.android (default = app.package)
V/nofatclips(  250): Updating value RANDOM_SEED
D/nofatclips(  250): Updated value of parameter RANDOM_SEED to 3248490062765954428 (default = 5466516511651561651)
V/nofatclips(  250): Updating value RETRY_FAILED_TRACES
V/nofatclips(  250): Updating value theClass
D/nofatclips(  250): Updating node scheduler
D/nofatclips(  250): Loading node scheduler
V/nofatclips(  250): Updating value ALL_EVENTS_ON_PREFERENCES
V/nofatclips(  250): Updating value BACK_BUTTON_EVENT
V/nofatclips(  250): Updating value DICTIONARY_FIXED_VALUE
V/nofatclips(  250): Updating value DICTIONARY_IGNORE_CONTENT_TYPES
V/nofatclips(  250): Updating value EMULATOR_PORT
V/nofatclips(  250): Updating value EVENTS
D/nofatclips(  250): Updated values of array parameter EVENTS
V/nofatclips(  250): Updating value EVENT_WHEN_NO_ID
V/nofatclips(  250): Updating value EXCLUDE_WIDGETS_INPUTS_IN_GPS_EVENTS
V/nofatclips(  250): Updating value EXCLUDE_WIDGETS_INPUTS_IN_SENSORS_EVENTS
V/nofatclips(  250): Updating value INPUTS
D/nofatclips(  250): Updated values of array parameter INPUTS
V/nofatclips(  250): Updating value KEY_EVENTS
V/nofatclips(  250): Updating value MAX_EVENTS_PER_WIDGET
V/nofatclips(  250): Updating value MAX_TASKS_IN_SCHEDULER
D/nofatclips(  250): Updated value of parameter MAX_TASKS_IN_SCHEDULER to 2 (default = 0)
V/nofatclips(  250): Updating value MAX_TASKS_PER_EVENT
V/nofatclips(  250): Updating value MENU_EVENTS
V/nofatclips(  250): Updating value ORIENTATION_EVENTS
V/nofatclips(  250): Updating value PLANNER
V/nofatclips(  250): Updating value REFLECT_ACTIVITY_LISTENERS
V/nofatclips(  250): Updating value REFLECT_WIDGETS
V/nofatclips(  250): Updating value SCHEDULER_ALGORITHM
D/nofatclips(  250): Updated value of parameter SCHEDULER_ALGORITHM to DEPTH_FIRST (default = BREADTH_FIRST)
V/nofatclips(  250): Updating value SCROLL_DOWN_EVENT
V/nofatclips(  250): Updating value SENSOR_TYPES
V/nofatclips(  250): Updating value SIMULATE_INCOMING_CALL
V/nofatclips(  250): Updating value SIMULATE_INCOMING_SMS
V/nofatclips(  250): Updating value TAB_EVENTS_START_ONLY
V/nofatclips(  250): Updating value TEST_LOCATION_PROVIDER
V/nofatclips(  250): Updating value TEXT_VALUES_FROM_DICTIONARY
V/nofatclips(  250): Updating value TEXT_VALUES_ID_HASH
V/nofatclips(  250): Updating value USE_GPS
V/nofatclips(  250): Updating value USE_SENSORS
D/nofatclips(  250): Updating node planner
D/nofatclips(  250): Loading node planner
V/nofatclips(  250): Updating value ALL_EVENTS_ON_PREFERENCES
V/nofatclips(  250): Updating value BACK_BUTTON_EVENT
V/nofatclips(  250): Updating value DICTIONARY_FIXED_VALUE
V/nofatclips(  250): Updating value DICTIONARY_IGNORE_CONTENT_TYPES
V/nofatclips(  250): Updating value EMULATOR_PORT
V/nofatclips(  250): Updating value EVENTS
D/nofatclips(  250): Updated values of array parameter EVENTS
V/nofatclips(  250): Updating value EVENT_WHEN_NO_ID
V/nofatclips(  250): Updating value EXCLUDE_WIDGETS_INPUTS_IN_GPS_EVENTS
V/nofatclips(  250): Updating value EXCLUDE_WIDGETS_INPUTS_IN_SENSORS_EVENTS
V/nofatclips(  250): Updating value INPUTS
D/nofatclips(  250): Updated values of array parameter INPUTS
V/nofatclips(  250): Updating value KEY_EVENTS
V/nofatclips(  250): Updating value MAX_EVENTS_PER_WIDGET
V/nofatclips(  250): Updating value MAX_TASKS_IN_SCHEDULER
V/nofatclips(  250): Updating value MAX_TASKS_PER_EVENT
V/nofatclips(  250): Updating value MENU_EVENTS
V/nofatclips(  250): Updating value ORIENTATION_EVENTS
V/nofatclips(  250): Updating value PLANNER
V/nofatclips(  250): Updating value REFLECT_ACTIVITY_LISTENERS
V/nofatclips(  250): Updating value REFLECT_WIDGETS
V/nofatclips(  250): Updating value SCHEDULER_ALGORITHM
V/nofatclips(  250): Updating value SCROLL_DOWN_EVENT
V/nofatclips(  250): Updating value SENSOR_TYPES
V/nofatclips(  250): Updating value SIMULATE_INCOMING_CALL
V/nofatclips(  250): Updating value SIMULATE_INCOMING_SMS
V/nofatclips(  250): Updating value TAB_EVENTS_START_ONLY
V/nofatclips(  250): Updating value TEST_LOCATION_PROVIDER
V/nofatclips(  250): Updating value TEXT_VALUES_FROM_DICTIONARY
V/nofatclips(  250): Updating value TEXT_VALUES_ID_HASH
D/nofatclips(  250): Updated value of parameter TEXT_VALUES_ID_HASH to true (default = false)
V/nofatclips(  250): Updating value USE_GPS
V/nofatclips(  250): Updating value USE_SENSORS
D/nofatclips(  250): Updating node interactions
D/nofatclips(  250): Loading node interactions
V/nofatclips(  250): Updating value ALL_EVENTS_ON_PREFERENCES
V/nofatclips(  250): Updating value BACK_BUTTON_EVENT
V/nofatclips(  250): Updating value DICTIONARY_FIXED_VALUE
V/nofatclips(  250): Updating value DICTIONARY_IGNORE_CONTENT_TYPES
V/nofatclips(  250): Updating value EMULATOR_PORT
V/nofatclips(  250): Updating value EVENTS
D/nofatclips(  250): Updated values of array parameter EVENTS
V/nofatclips(  250): Updating value EVENT_WHEN_NO_ID
V/nofatclips(  250): Updating value EXCLUDE_WIDGETS_INPUTS_IN_GPS_EVENTS
V/nofatclips(  250): Updating value EXCLUDE_WIDGETS_INPUTS_IN_SENSORS_EVENTS
V/nofatclips(  250): Updating value INPUTS
D/nofatclips(  250): Updated values of array parameter INPUTS
V/nofatclips(  250): Updating value KEY_EVENTS
V/nofatclips(  250): Updating value MAX_EVENTS_PER_WIDGET
V/nofatclips(  250): Updating value MAX_TASKS_IN_SCHEDULER
V/nofatclips(  250): Updating value MAX_TASKS_PER_EVENT
V/nofatclips(  250): Updating value MENU_EVENTS
V/nofatclips(  250): Updating value ORIENTATION_EVENTS
V/nofatclips(  250): Updating value PLANNER
V/nofatclips(  250): Updating value REFLECT_ACTIVITY_LISTENERS
V/nofatclips(  250): Updating value REFLECT_WIDGETS
V/nofatclips(  250): Updating value SCHEDULER_ALGORITHM
V/nofatclips(  250): Updating value SCROLL_DOWN_EVENT
V/nofatclips(  250): Updating value SENSOR_TYPES
V/nofatclips(  250): Updating value SIMULATE_INCOMING_CALL
V/nofatclips(  250): Updating value SIMULATE_INCOMING_SMS
V/nofatclips(  250): Updating value TAB_EVENTS_START_ONLY
V/nofatclips(  250): Updating value TEST_LOCATION_PROVIDER
V/nofatclips(  250): Updating value TEXT_VALUES_FROM_DICTIONARY
V/nofatclips(  250): Updating value TEXT_VALUES_ID_HASH
V/nofatclips(  250): Updating value USE_GPS
V/nofatclips(  250): Updating value USE_SENSORS
D/nofatclips(  250): Updating node comparator
D/nofatclips(  250): Loading node comparator
V/nofatclips(  250): Updating value COMPARATOR
V/nofatclips(  250): Updating value COMPARATOR_TYPE
V/nofatclips(  250): Updating value COMPARE_ACTIVITY_NAME
V/nofatclips(  250): Updating value COMPARE_LIST_COUNT
V/nofatclips(  250): Updating value COMPARE_MENU_COUNT
D/nofatclips(  250): Updated value of parameter COMPARE_MENU_COUNT to false (default = true)
V/nofatclips(  250): Updating value COMPARE_STATE_TITLE
V/nofatclips(  250): Updating value COMPARE_VALUES
V/nofatclips(  250): Updating value WIDGET_TYPES
D/nofatclips(  250): Updating node strategy
D/nofatclips(  250): Loading node strategy
V/nofatclips(  250): Updating value AFTER_EVENT_DONT_EXPLORE
V/nofatclips(  250): Updating value AFTER_WIDGET_DONT_EXPLORE
V/nofatclips(  250): Updating value CHECK_FOR_TRANSITION
V/nofatclips(  250): Updating value EXPLORE_ONLY_NEW_STATES
D/nofatclips(  250): Updated value of parameter EXPLORE_ONLY_NEW_STATES to false (default = true)
V/nofatclips(  250): Updating value MAX_NUM_TRACES
D/nofatclips(  250): Updated value of parameter MAX_NUM_TRACES to 100 (default = 0)
V/nofatclips(  250): Updating value MAX_TIME_CRAWLING
V/nofatclips(  250): Updating value PAUSE_AFTER_TIME
V/nofatclips(  250): Updating value PAUSE_AFTER_TRACES
V/nofatclips(  250): Updating value TRACE_MAX_DEPTH
V/nofatclips(  250): Updating value TRACE_MIN_DEPTH
D/nofatclips(  250): Starting random testing
I/TestRunner(  250): started: testAndCrawl(com.nofatclips.crawler.guitree.NomadEngine)
I/ActivityManager(   61): Starting: Intent { act=android.intent.action.MAIN flg=0x10000000 cmp=org.wordpress.android/.Dashboard } from pid 250
D/szipinf (   61): Initializing inflate state
D/dalvikvm(  250): GC_EXTERNAL_ALLOC freed 401K, 53% free 2737K/5767K, external 716K/1038K, paused 50ms
D/dalvikvm(  250): GC_EXTERNAL_ALLOC freed 115K, 49% free 2945K/5767K, external 1407K/1623K, paused 43ms
I/ActivityManager(   61): Displayed org.wordpress.android/.Dashboard: +648ms (total +9s236ms)
I/ActivityManager(   61): Displayed com.android.launcher/com.android.launcher2.Launcher: +9s237ms
D/dalvikvm(   61): GC_EXPLICIT freed 186K, 46% free 4135K/7559K, external 1865K/3065K, paused 89ms
I/SurfaceFlinger(   61): Boot is finished (13251 ms)
D/OtaStartupReceiver(  126): Not a CDMA phone, no need to process OTA
D/PowerManagerService(   61): bootCompleted
I/ARMAssembler(   61): generated scanline__00000177:03010104_00000002_00000000 [ 44 ipp] (66 ins) at [0x46efd290:0x46efd398] in 566213 ns
I/ARMAssembler(   61): generated scanline__00000177:03515104_00000001_00000000 [ 73 ipp] (95 ins) at [0x46efd3a0:0x46efd51c] in 500782 ns
D/nofatclips(  250): Generated Resuming Persistence
D/VoldCmdListener(   29): volume mount /mnt/sdcard
I/Vold    (   29): /dev/block/vold/179:0 being considered for volume sdcard
D/Vold    (   29): Volume sdcard state changing 1 (Idle-Unmounted) -> 3 (Checking)
I/StorageNotification(  127): Media {/mnt/sdcard} state changed from {unmounted} -> {checking}
I/dalvikvm(  250): Could not find method android.app.Activity.getFragmentManager, referenced from method com.jayway.android.robotium.solo.Waiter.getFragment
W/dalvikvm(  250): VFY: unable to resolve virtual method 7: Landroid/app/Activity;.getFragmentManager ()Landroid/app/FragmentManager;
D/dalvikvm(  250): VFY: replacing opcode 0x6e at 0x0008
I/dalvikvm(  250): Could not find method android.app.Activity.getFragmentManager, referenced from method com.jayway.android.robotium.solo.Waiter.getFragment
W/dalvikvm(  250): VFY: unable to resolve virtual method 7: Landroid/app/Activity;.getFragmentManager ()Landroid/app/FragmentManager;
D/dalvikvm(  250): VFY: replacing opcode 0x6e at 0x0017
W/dalvikvm(  250): VFY: unable to find class referenced in signature (Landroid/app/Fragment;)
D/dalvikvm(  250): VFY: dead code 0x000b-000f in Lcom/jayway/android/robotium/solo/Waiter;.getFragment (Ljava/lang/String;I)Landroid/app/Fragment;
D/dalvikvm(  250): VFY: dead code 0x001a-001f in Lcom/jayway/android/robotium/solo/Waiter;.getFragment (Ljava/lang/String;I)Landroid/app/Fragment;
W/dalvikvm(  250): VFY: unable to find class referenced in signature (Landroid/app/Fragment;)
I//system/bin/fsck_msdos(   29): ** /dev/block/vold/179:0
I/RecoverySystem(   61): No recovery log file
I/ActivityManager(   61): Start proc com.android.mms for broadcast com.android.mms/.transaction.MmsSystemEventReceiver: pid=275 uid=10015 gids={3003, 1015}
W/ActivityManager(   61): Activity idle timeout for HistoryRecord{40681908 com.android.launcher/com.android.launcher2.Launcher}
I/ActivityThread(  275): Pub com.android.mms.SuggestionsProvider: com.android.mms.SuggestionsProvider
D/nofatclips(  250): Updating node automation
D/nofatclips(  250): Loading node automation
V/nofatclips(  250): Updating value FORCE_RESTART
V/nofatclips(  250): Updating value IN_AND_OUT_FOCUS
V/nofatclips(  250): Updating value PRECRAWLING
V/nofatclips(  250): Updating value SCREENSHOT_FOR_EVENTS
V/nofatclips(  250): Updating value SCREENSHOT_FOR_STATES
V/nofatclips(  250): Updating value SCREENSHOT_ONLY_NEW_STATES
V/nofatclips(  250): Updating value SLEEP_AFTER_EVENT
D/nofatclips(  250): Updated value of parameter SLEEP_AFTER_EVENT to 100 (default = 1000)
V/nofatclips(  250): Updating value SLEEP_AFTER_RESTART
D/nofatclips(  250): Updated value of parameter SLEEP_AFTER_RESTART to 100 (default = 1000)
V/nofatclips(  250): Updating value SLEEP_AFTER_TASK
D/nofatclips(  250): Updated value of parameter SLEEP_AFTER_TASK to 100 (default = 1000)
V/nofatclips(  250): Updating value SLEEP_ON_THROBBER
D/nofatclips(  250): Updated value of parameter SLEEP_ON_THROBBER to 100 (default = 1000)
D/nofatclips(  250): Updating node screenshot
D/nofatclips(  250): Loading node screenshot
V/nofatclips(  250): Updating value FORCE_RESTART
V/nofatclips(  250): Updating value IN_AND_OUT_FOCUS
V/nofatclips(  250): Updating value PRECRAWLING
V/nofatclips(  250): Updating value SCREENSHOT_FOR_EVENTS
V/nofatclips(  250): Updating value SCREENSHOT_FOR_STATES
V/nofatclips(  250): Updating value SCREENSHOT_ONLY_NEW_STATES
V/nofatclips(  250): Updating value SLEEP_AFTER_EVENT
V/nofatclips(  250): Updating value SLEEP_AFTER_RESTART
V/nofatclips(  250): Updating value SLEEP_AFTER_TASK
V/nofatclips(  250): Updating value SLEEP_ON_THROBBER
I/nofatclips(  250): Waiting for 100 msec.
D/nofatclips(  250): Ready to operate after restarting...
I/nofatclips(  250): Current activity is Dashboard
W/nofatclips(  250): --->Dashboard
I/nofatclips(  250): Retrieving widgets
I/nofatclips(  250): Attempting to resume previous session
I/nofatclips(  250): Memoryless engine: the task file will not be loaded. Looking for crashed traces.
I/nofatclips(  250): Reading task file
I/ActivityManager(   61): Start proc com.android.email for broadcast com.android.email/.service.EmailBroadcastReceiver: pid=296 uid=10028 gids={3003, 1015}
I/ActivityThread(  296): Pub com.android.email.provider: com.android.email.provider.EmailProvider
I/ActivityThread(  296): Pub com.android.email.attachmentprovider: com.android.email.provider.AttachmentProvider
I/ActivityThread(  296): Pub com.android.exchange.provider: com.android.exchange.provider.ExchangeProvider
D/EAS SyncManager(  296): !!! EAS SyncManager, onCreate
I/SearchManagerService(   61): Building list of searchable activities
I/Launcher(  137): setLoadOnResume
I//system/bin/fsck_msdos(   29): ** Phase 1 - Read and Compare FATs
I//system/bin/fsck_msdos(   29): Attempting to allocate 397 KB for FAT
D/MediaScannerService(  245): start scanning volume internal
D/dalvikvm(  275): GC_CONCURRENT freed 493K, 54% free 2725K/5831K, external 716K/1038K, paused 4ms+3ms
I//system/bin/fsck_msdos(   29): Attempting to allocate 397 KB for FAT
I/InputReader(   61): Device reconfigured: id=0x0, name=qwerty2, display size is now 320x480
I/InputManager-Callbacks(   61): No virtual keys found for device qwerty2.
D/dalvikvm(  250): GC_CONCURRENT freed 110K, 47% free 3112K/5831K, external 1812K/2324K, paused 3ms+3ms
I/ARMAssembler(   61): generated scanline__00000077:03515104_00001004_00000000 [ 65 ipp] (85 ins) at [0x46efd520:0x46efd674] in 638486 ns
I/ARMAssembler(   61): generated scanline__00000177:03515104_00001001_00000000 [ 91 ipp] (114 ins) at [0x46efd678:0x46efd840] in 336991 ns
V/nofatclips(  250): Discarding trace #245
I/ARMAssembler(   61): generated scanline__00000177:03515104_00001002_00000000 [ 87 ipp] (110 ins) at [0x46efd848:0x46efda00] in 282679 ns
I/nofatclips(  250): Stateless comparator: the state file will not be loaded.
D/dalvikvm(  250): GetFieldID: unable to find field Ljava/util/Hashtable;.loadFactor:F
D/dalvikvm(  250): GetFieldID: unable to find field Ljava/util/Hashtable;.loadFactor:F
D/dalvikvm(  250): GetFieldID: unable to find field Ljava/util/Hashtable;.loadFactor:F
D/dalvikvm(  250): GetFieldID: unable to find field Ljava/util/Hashtable;.loadFactor:F
D/dalvikvm(  250): GetFieldID: unable to find field Ljava/util/Hashtable;.loadFactor:F
D/dalvikvm(  250): GetFieldID: unable to find field Ljava/util/Hashtable;.loadFactor:F
D/nofatclips(  250): Backup session footer restored to 
D/nofatclips(  250): </SESSION>
D/nofatclips(  250): Restored random counter to: 252
D/nofatclips(  250): Restored trace count to 247
D/nofatclips(  250): Current step countdown restored to 79
D/nofatclips(  250): Restored abstractor counters to: event = 252 - input = 42 - activity = 22
I/nofatclips(  250): Saving the session on disk.
I/nofatclips(  250): Planning for new Activity Dashboard
I/nofatclips(  250): Created trace to press the menu button
I/nofatclips(  250): Created trace to change orientation
I/nofatclips(  250): Dispatching new task. 2 more tasks remaining.
D/nofatclips(  250): Performing backup of the old task list on disk
D/nofatclips(  250): Saving task list on disk
V/nofatclips(  250): Backing up trace #247 to disk.
V/nofatclips(  250): Backing up trace #248 to disk.
D/nofatclips(  250): Deleting backup of the old task list from disk
I/nofatclips(  250): Restarting
D/dalvikvm(  296): GC_CONCURRENT freed 535K, 54% free 2700K/5831K, external 716K/1038K, paused 3ms+1321ms
D/Eas Debug(  296): Logging: 
D/EAS SyncManager(  296): !!! EAS SyncManager, onDestroy
D/Email   (  296): BOOT_COMPLETED
D/EAS SyncManager(  296): !!! EAS SyncManager, onCreate
D/EAS SyncManager(  296): !!! EAS SyncManager, onStartCommand
D/EAS SyncManager(  296): !!! EAS SyncManager, stopping self
D/EAS SyncManager(  296): !!! EAS SyncManager, onDestroy
I//system/bin/fsck_msdos(   29): ** Phase 2 - Check Cluster Chains
I//system/bin/fsck_msdos(   29): ** Phase 3 - Checking Directories
I//system/bin/fsck_msdos(   29): ** Phase 4 - Checking for Lost Files
I//system/bin/fsck_msdos(   29): 4 files, 50388 free (100776 clusters)
I/Vold    (   29): Filesystem check completed OK
I/Vold    (   29): Device /dev/block/vold/179:0, target /mnt/sdcard mounted @ /mnt/secure/staging
D/Vold    (   29): Volume sdcard state changing 3 (Checking) -> 4 (Mounted)
I/PackageManager(   61): Updating external media status from unmounted to mounted
I/StorageNotification(  127): Media {/mnt/sdcard} state changed from {checking} -> {mounted}
D/VoldCmdListener(   29): asec list
I/PackageManager(   61): No secure containers on sdcard
W/PackageManager(   61): Unknown permission com.google.android.googleapps.permission.GOOGLE_AUTH.mail in package com.android.contacts
W/PackageManager(   61): Unknown permission android.permission.ADD_SYSTEM_SERVICE in package com.android.phone
I/Launcher(  137): setLoadOnResume
W/PackageManager(   61): Not granting permission android.permission.SEND_DOWNLOAD_COMPLETED_INTENTS to package com.android.browser (protectionLevel=2 flags=0x9be45)
W/PackageManager(   61): Unknown permission com.google.android.gm.permission.WRITE_GMAIL in package com.android.settings
W/PackageManager(   61): Unknown permission com.google.android.gm.permission.READ_GMAIL in package com.android.settings
W/PackageManager(   61): Unknown permission com.google.android.googleapps.permission.GOOGLE_AUTH in package com.android.settings
W/PackageManager(   61): Unknown permission com.google.android.googleapps.permission.GOOGLE_AUTH in package com.android.providers.contacts
W/PackageManager(   61): Unknown permission com.google.android.googleapps.permission.GOOGLE_AUTH.cp in package com.android.providers.contacts
W/PackageManager(   61): Unknown permission com.google.android.googleapps.permission.ACCESS_GOOGLE_PASSWORD in package com.android.development
W/PackageManager(   61): Unknown permission com.google.android.googleapps.permission.GOOGLE_AUTH in package com.android.development
W/PackageManager(   61): Unknown permission com.google.android.googleapps.permission.GOOGLE_AUTH.ALL_SERVICES in package com.android.development
W/PackageManager(   61): Unknown permission com.google.android.googleapps.permission.GOOGLE_AUTH.YouTubeUser in package com.android.development
W/PackageManager(   61): Unknown permission android.permission.READ_OWNER_DATA in package com.android.email
W/PackageManager(   61): Not granting permission android.permission.DEVICE_POWER to package com.android.deskclock (protectionLevel=2 flags=0x8be45)
D/dalvikvm(  250): GC_CONCURRENT freed 644K, 52% free 3165K/6471K, external 1812K/2324K, paused 3ms+3ms
W/ImageDownloader(  250): Error 404 while retrieving bitmap from http://gravatar.com/blavatar/44d338f29053dbb888da79dcf98df489?s=60&d=404
D/MediaScanner(  245):  prescan time: 549ms
D/dalvikvm(  245): GC_CONCURRENT freed 528K, 55% free 2648K/5831K, external 716K/1038K, paused 3ms+3ms
D/MediaScanner(  245):     scan time: 45ms
D/MediaScanner(  245): postscan time: 0ms
D/MediaScanner(  245):    total time: 594ms
D/szipinf (  182): Initializing inflate state
D/dalvikvm(  182): GC_CONCURRENT freed 245K, 51% free 2797K/5703K, external 716K/1038K, paused 2ms+4ms
I/nofatclips(  250): Waiting for 100 msec.
D/MediaScannerService(  245): done scanning volume internal
D/MediaScannerService(  245): start scanning volume external
V/MediaProvider(  245): /mnt/sdcard volume ID: 167325214
D/nofatclips(  250): Ready to operate after restarting...
I/nofatclips(  250): Retrieving widgets
D/nofatclips(  250): Found widget: id=16908290 (android.widget.FrameLayout@405a0f70)
D/nofatclips(  250): Found widget: id=2131165248 (android.widget.RelativeLayout@405a1c70)
D/nofatclips(  250): Found widget: id=2131165249 (android.widget.LinearLayout@405a22d8)
D/nofatclips(  250): Found widget: id=-1 (android.widget.ImageView@405a2820)
D/nofatclips(  250): Found widget: id=2131165250 (org.wordpress.android.util.WPTitleBar@4059c1f8)
D/nofatclips(  250): Found widget: id=2131165195 (android.widget.RelativeLayout@4050e728)
D/nofatclips(  250): Found widget: id=2131165196 (android.widget.RelativeLayout@405689d8)
D/nofatclips(  250): Found widget: id=2131165197 (android.widget.ImageView@4059d490)
D/nofatclips(  250): Found widget: id=2131165198 (android.widget.TextView@40541d48): Katie's Sweet Testing Blog
D/nofatclips(  250): Found widget: id=2131165199 (android.widget.ImageView@4055d5d8)
D/nofatclips(  250): Found widget: id=-1 (android.widget.RelativeLayout@40579940)
D/nofatclips(  250): Found widget: id=2131165200 (android.widget.ImageButton@4059d9b8)
D/nofatclips(  250): Found widget: id=-1 (android.widget.FrameLayout@4057af40)
D/nofatclips(  250): Found widget: id=2131165201 (android.widget.Button@40542710): 
D/nofatclips(  250): Found widget: id=2131165202 (android.widget.ImageView@40593df0)
D/nofatclips(  250): Found widget: id=2131165203 (android.widget.ImageView@4053cf08)
D/nofatclips(  250): Found widget: id=2131165204 (android.widget.LinearLayout@405695e0)
D/nofatclips(  250): Found widget: id=-1 (android.widget.FrameLayout@4059d228)
D/nofatclips(  250): Found widget: id=-1 (android.widget.LinearLayout@405300b0)
D/nofatclips(  250): Found widget: id=-1 (android.widget.LinearLayout@4050e538)
D/nofatclips(  250): Found widget: id=-1 (android.widget.LinearLayout@4052f6d0)
D/nofatclips(  250): Found widget: id=2131165251 (android.widget.LinearLayout@4052fd88)
D/nofatclips(  250): Found widget: id=-1 (android.widget.ImageView@40590898)
D/nofatclips(  250): Found widget: id=2131165256 (android.widget.TextView@4056b2d8): New Post
D/nofatclips(  250): Found widget: id=2131165253 (android.widget.LinearLayout@4059c430)
D/nofatclips(  250): Found widget: id=-1 (android.widget.ImageView@405310f0)
D/nofatclips(  250): Found widget: id=2131165256 (android.widget.TextView@4056bc10): New Page
D/nofatclips(  250): Found widget: id=-1 (android.widget.LinearLayout@405333a8)
D/nofatclips(  250): Found widget: id=2131165252 (android.widget.LinearLayout@40530d98)
D/nofatclips(  250): Found widget: id=-1 (android.widget.ImageView@40538d80)
D/nofatclips(  250): Found widget: id=2131165256 (android.widget.TextView@40577e08): Quick Photo
D/nofatclips(  250): Found widget: id=2131165254 (android.widget.LinearLayout@40546d38)
D/nofatclips(  250): Found widget: id=-1 (android.widget.ImageView@4059afb0)
D/nofatclips(  250): Found widget: id=2131165256 (android.widget.TextView@40578678): Quick Video
D/nofatclips(  250): Found widget: id=-1 (android.widget.LinearLayout@4059e8a0)
D/nofatclips(  250): Found widget: id=-1 (android.widget.LinearLayout@4052ebb8)
D/nofatclips(  250): Found widget: id=2131165255 (android.widget.LinearLayout@405343d8)
D/nofatclips(  250): Found widget: id=-1 (android.widget.ImageView@405408c8)
D/nofatclips(  250): Found widget: id=2131165256 (android.widget.TextView@40578d00): Posts
D/nofatclips(  250): Found widget: id=2131165257 (android.widget.LinearLayout@405454b8)
D/nofatclips(  250): Found widget: id=-1 (android.widget.ImageView@40568cc0)
D/nofatclips(  250): Found widget: id=2131165256 (android.widget.TextView@40537958): Pages
D/nofatclips(  250): Found widget: id=-1 (android.widget.FrameLayout@40534938)
D/nofatclips(  250): Found widget: id=2131165258 (android.widget.LinearLayout@405405e0)
D/nofatclips(  250): Found widget: id=-1 (android.widget.ImageView@4059de00)
D/nofatclips(  250): Found widget: id=2131165256 (android.widget.TextView@40539908): Comments
D/nofatclips(  250): Found widget: id=2131165259 (android.widget.FrameLayout@40543f98)
D/nofatclips(  250): Found widget: id=2131165260 (android.widget.ImageView@40546660)
D/nofatclips(  250): Found widget: id=2131165261 (org.wordpress.android.util.CommentBadgeTextView@4053a920): 0
D/nofatclips(  250): Found widget: id=-1 (android.widget.LinearLayout@40539610)
D/nofatclips(  250): Found widget: id=2131165262 (android.widget.LinearLayout@40540c48)
D/nofatclips(  250): Found widget: id=-1 (android.widget.ImageView@40537658)
D/nofatclips(  250): Found widget: id=2131165256 (android.widget.TextView@40540f40): Settings
D/nofatclips(  250): Found widget: id=2131165263 (android.widget.LinearLayout@405444e0)
D/nofatclips(  250): Found widget: id=-1 (android.widget.ImageView@405604c0)
D/nofatclips(  250): Found widget: id=2131165256 (android.widget.TextView@40543280): Read
D/nofatclips(  250): Found widget: id=2131165264 (android.widget.LinearLayout@40561bd8)
D/nofatclips(  250): Found widget: id=-1 (android.widget.ImageView@40564230)
D/nofatclips(  250): Found widget: id=2131165256 (android.widget.TextView@4054ffd8): Stats
D/nofatclips(  250): Found widget: id=-1 (com.android.internal.policy.impl.PhoneWindow$DecorView@405a0670)
I/nofatclips(  250): Playing Trace 248
I/nofatclips(  250): Retrieved from return list id=16908290
D/nofatclips(  250): Testing for type (android.widget.FrameLayout) against the original (null)
I/nofatclips(  250): Firing event: type= changeOrientation name= widget=null
D/dalvikvm(  137): GC_EXTERNAL_ALLOC freed 155K, 49% free 2980K/5767K, external 2618K/2620K, paused 219ms
I/Launcher(  137): setLoadOnResume
D/dalvikvm(  126): GREF has increased to 201
V/MediaProvider(  245): Attached volume: external
V/MediaScanner(  245): pruneDeadThumbnailFiles... android.database.sqlite.SQLiteCursor@40583620
V/MediaScanner(  245): /pruneDeadThumbnailFiles... android.database.sqlite.SQLiteCursor@40583620
D/MediaScanner(  245):  prescan time: 46ms
D/MediaScanner(  245):     scan time: 2ms
D/MediaScanner(  245): postscan time: 7ms
D/MediaScanner(  245):    total time: 55ms
D/MediaScannerService(  245): done scanning volume external
D/szipinf (  137): Initializing inflate state
D/dalvikvm(  137): GC_EXPLICIT freed 167K, 50% free 2935K/5767K, external 2221K/2278K, paused 36ms
W/KeyCharacterMap(  250): No keyboard for id 0
W/KeyCharacterMap(  250): Using default keymap: /system/usr/keychars/qwerty.kcm.bin
I/WindowManager(   61): Setting rotation to 1, animFlags=1
I/ActivityManager(   61): Config changed: { scale=1.0 imsi=310/260 loc=en_US touch=3 keys=2/1/2 nav=1/1 orien=2 layout=18 uiMode=17 seq=5}
I/nofatclips(  250): Waiting for 100 msec.
I/dalvikvm(  250): Jit: resizing JitTable from 512 to 1024
W/WindowManager(   61): Window freeze timeout expired.
W/WindowManager(   61): Force clearing orientation change: Window{406b6358 org.wordpress.android/org.wordpress.android.Dashboard paused=false}
I/nofatclips(  250): Current activity is Dashboard
I/nofatclips(  250): Retrieving widgets
D/nofatclips(  250): Found widget: id=16908290 (android.widget.FrameLayout@405a0f70)
D/nofatclips(  250): Found widget: id=2131165248 (android.widget.RelativeLayout@405a1c70)
D/nofatclips(  250): Found widget: id=2131165249 (android.widget.LinearLayout@405a22d8)
D/nofatclips(  250): Found widget: id=-1 (android.widget.ImageView@405a2820)
D/nofatclips(  250): Found widget: id=2131165250 (org.wordpress.android.util.WPTitleBar@4059c1f8)
D/nofatclips(  250): Found widget: id=2131165195 (android.widget.RelativeLayout@4050e728)
D/nofatclips(  250): Found widget: id=2131165196 (android.widget.RelativeLayout@405689d8)
D/nofatclips(  250): Found widget: id=2131165197 (android.widget.ImageView@4059d490)
D/nofatclips(  250): Found widget: id=2131165198 (android.widget.TextView@40541d48): Katie's Sweet Testing Blog
D/nofatclips(  250): Found widget: id=2131165199 (android.widget.ImageView@4055d5d8)
D/nofatclips(  250): Found widget: id=-1 (android.widget.RelativeLayout@40579940)
D/nofatclips(  250): Found widget: id=2131165200 (android.widget.ImageButton@4059d9b8)
D/nofatclips(  250): Found widget: id=-1 (android.widget.FrameLayout@4057af40)
D/nofatclips(  250): Found widget: id=2131165201 (android.widget.Button@40542710): 
D/nofatclips(  250): Found widget: id=2131165202 (android.widget.ImageView@40593df0)
D/nofatclips(  250): Found widget: id=2131165203 (android.widget.ImageView@4053cf08)
D/nofatclips(  250): Found widget: id=2131165249 (android.widget.LinearLayout@405572b0)
D/nofatclips(  250): Found widget: id=-1 (android.widget.FrameLayout@405575e8)
D/nofatclips(  250): Found widget: id=-1 (android.widget.LinearLayout@40557850)
D/nofatclips(  250): Found widget: id=-1 (android.widget.LinearLayout@405584f8)
D/nofatclips(  250): Found widget: id=-1 (android.widget.LinearLayout@40558718)
D/nofatclips(  250): Found widget: id=2131165251 (android.widget.LinearLayout@40558cd8)
D/nofatclips(  250): Found widget: id=-1 (android.widget.ImageView@40624a58)
D/nofatclips(  250): Found widget: id=-1 (android.widget.TextView@40624e50): New Post
D/nofatclips(  250): Found widget: id=2131165252 (android.widget.LinearLayout@406252e0)
D/nofatclips(  250): Found widget: id=-1 (android.widget.ImageView@40626558)
D/nofatclips(  250): Found widget: id=-1 (android.widget.TextView@40626908): Quick Photo
D/nofatclips(  250): Found widget: id=-1 (android.widget.LinearLayout@40626d98)
D/nofatclips(  250): Found widget: id=2131165253 (android.widget.LinearLayout@40626fb8)
D/nofatclips(  250): Found widget: id=-1 (android.widget.ImageView@405a71b8)
D/nofatclips(  250): Found widget: id=-1 (android.widget.TextView@405a7568): New Page
D/nofatclips(  250): Found widget: id=2131165254 (android.widget.LinearLayout@405a79f8)
D/nofatclips(  250): Found widget: id=-1 (android.widget.ImageView@405a8bd8)
D/nofatclips(  250): Found widget: id=-1 (android.widget.TextView@405a8f88): Quick Video
D/nofatclips(  250): Found widget: id=-1 (android.widget.LinearLayout@405a9418)
D/nofatclips(  250): Found widget: id=-1 (android.widget.LinearLayout@405a9638)
D/nofatclips(  250): Found widget: id=2131165255 (android.widget.LinearLayout@405a9858)
D/nofatclips(  250): Found widget: id=-1 (android.widget.ImageView@405aa288)
D/nofatclips(  250): Found widget: id=2131165256 (android.widget.TextView@405aa638): Posts
D/nofatclips(  250): Found widget: id=2131165257 (android.widget.LinearLayout@405aaac8)
D/nofatclips(  250): Found widget: id=-1 (android.widget.ImageView@405ab4f8)
D/nofatclips(  250): Found widget: id=2131165256 (android.widget.TextView@405ab8a8): Pages
D/nofatclips(  250): Found widget: id=-1 (android.widget.FrameLayout@405abd38)
D/nofatclips(  250): Found widget: id=2131165258 (android.widget.LinearLayout@405abfa0)
D/nofatclips(  250): Found widget: id=-1 (android.widget.ImageView@405ad560)
D/nofatclips(  250): Found widget: id=2131165256 (android.widget.TextView@405ad910): Comments
D/nofatclips(  250): Found widget: id=2131165259 (android.widget.FrameLayout@405adda0)
D/nofatclips(  250): Found widget: id=2131165260 (android.widget.ImageView@405ae008)
D/nofatclips(  250): Found widget: id=2131165261 (org.wordpress.android.util.CommentBadgeTextView@405ae450): 0
D/nofatclips(  250): Found widget: id=-1 (android.widget.LinearLayout@405ae918)
D/nofatclips(  250): Found widget: id=2131165262 (android.widget.LinearLayout@405aeb38)
D/nofatclips(  250): Found widget: id=-1 (android.widget.ImageView@405af338)
D/nofatclips(  250): Found widget: id=2131165256 (android.widget.TextView@405af6e8): Settings
D/nofatclips(  250): Found widget: id=2131165263 (android.widget.LinearLayout@405afb78)
D/nofatclips(  250): Found widget: id=-1 (android.widget.ImageView@405b0378)
D/nofatclips(  250): Found widget: id=2131165256 (android.widget.TextView@405b0728): Read
D/nofatclips(  250): Found widget: id=2131165264 (android.widget.LinearLayout@405b0bb8)
D/nofatclips(  250): Found widget: id=-1 (android.widget.ImageView@405b1e30)
D/nofatclips(  250): Found widget: id=2131165256 (android.widget.TextView@405b21e0): Stats
D/nofatclips(  250): Found widget: id=-1 (com.android.internal.policy.impl.PhoneWindow$DecorView@405a0670)
D/dalvikvm(  250): GC_CONCURRENT freed 815K, 52% free 3170K/6599K, external 2194K/2324K, paused 7ms+9ms
V/nicola  (  250): TextualID : blog_title
V/nicola  (  250): ContentType detected : default
V/nicola  (  250): TextualID : action_refresh
V/nicola  (  250): ContentType detected : default
V/nicola  (  250): TextualID : null
V/nicola  (  250): ContentType detected : default
V/nicola  (  250): TextualID : null
V/nicola  (  250): ContentType detected : default
V/nicola  (  250): TextualID : null
V/nicola  (  250): ContentType detected : default
V/nicola  (  250): TextualID : null
V/nicola  (  250): ContentType detected : default
V/nicola  (  250): TextualID : button_text
V/nicola  (  250): ContentType detected : default
V/nicola  (  250): TextualID : button_text
V/nicola  (  250): ContentType detected : default
V/nicola  (  250): TextualID : button_text
V/nicola  (  250): ContentType detected : default
V/nicola  (  250): TextualID : button_text
V/nicola  (  250): ContentType detected : default
V/nicola  (  250): TextualID : button_text
V/nicola  (  250): ContentType detected : default
V/nicola  (  250): TextualID : button_text
V/nicola  (  250): ContentType detected : default
I/nofatclips(  250): Performing comparation for activity Dashboard
I/nofatclips(  250): Registering activity Dashboard (id: a23) as a new found state
D/nofatclips(  250): Performing backup of the old activity list on disk
D/nofatclips(  250): Saving new found state 'a23' on disk
V/nofatclips(  250): Opening state file in append mode.
D/dalvikvm(  250): GC_EXTERNAL_ALLOC freed 494K, 51% free 3246K/6599K, external 1812K/2324K, paused 86ms
D/dalvikvm(  250): GC_EXTERNAL_ALLOC freed 22K, 52% free 3224K/6599K, external 1999K/2511K, paused 68ms
I/nofatclips(  250): Saved image on disk: a23.jpg
I/nofatclips(  250): Waiting for 100 msec.
D/dalvikvm(   61): GC_EXPLICIT freed 669K, 46% free 4157K/7559K, external 1865K/3065K, paused 292ms
I/nofatclips(  250): Session count is 1. Will dump to disk at 1
I/nofatclips(  250): Saving the session on disk.
I/nofatclips(  250): Planning for new Activity Dashboard
D/nofatclips(  250): Handling event 'click' on widget id=2131165200 type=button name=
D/nofatclips(  250): Handling event 'click' on widget id=2131165201 type=button name=
D/nofatclips(  250): Handling event 'click' on widget id=2131165249 type=linearLayout name=
D/nofatclips(  250): Handling event 'click' on widget id=2131165251 type=linearLayout name=
D/nofatclips(  250): Handling event 'click' on widget id=2131165252 type=linearLayout name=
D/nofatclips(  250): Handling event 'click' on widget id=2131165253 type=linearLayout name=
D/nofatclips(  250): Handling event 'click' on widget id=2131165254 type=linearLayout name=
D/dalvikvm(  250): GC_CONCURRENT freed 724K, 51% free 3313K/6663K, external 2599K/3246K, paused 2ms+3ms
D/nofatclips(  250): Handling event 'click' on widget id=2131165255 type=linearLayout name=
I/dalvikvm(  250): Jit: resizing JitTable from 1024 to 2048
D/nofatclips(  250): Handling event 'click' on widget id=2131165257 type=linearLayout name=
D/nofatclips(  250): Handling event 'click' on widget id=2131165258 type=linearLayout name=
D/nofatclips(  250): Handling event 'click' on widget id=2131165262 type=linearLayout name=
D/nofatclips(  250): Handling event 'click' on widget id=2131165263 type=linearLayout name=
D/nofatclips(  250): Handling event 'click' on widget id=2131165264 type=linearLayout name=
I/nofatclips(  250): Created trace to press the back button
I/nofatclips(  250): Created trace to press the menu button
I/nofatclips(  250): Created trace to change orientation
I/nofatclips(  250): Check for termination: 78 steps left of 100
I/nofatclips(  250): Dispatching new task. 2 more tasks remaining.
D/nofatclips(  250): Performing backup of the old task list on disk
D/nofatclips(  250): Saving task list on disk
V/nofatclips(  250): Backing up trace #262 to disk.
V/nofatclips(  250): Backing up trace #263 to disk.
D/nofatclips(  250): Deleting backup of the old task list from disk
D/nofatclips(  250): Deleting backup of the old activity list from disk
D/dalvikvm(  250): GC_CONCURRENT freed 1243K, 55% free 3262K/7111K, external 1999K/2599K, paused 4ms+4ms
I/nofatclips(  250): Incrementally Playing Trace 263
I/nofatclips(  250): Retrieved from return list id=2131165264
D/nofatclips(  250): Testing for type (android.widget.LinearLayout) against the original (android.widget.LinearLayout)
D/nofatclips(  250): Testing for name () against the original ()
I/nofatclips(  250): Firing event: type= click index=56 widget=android.widget.LinearLayout
D/nofatclips(  250): Event description: Stats
I/ActivityManager(   61): Starting: Intent { cmp=org.wordpress.android/.ViewStats (has extras) } from pid 250
I/nofatclips(  250): Waiting for 100 msec.
W/ImageDownloader(  250): Error 404 while retrieving bitmap from http://gravatar.com/blavatar/44d338f29053dbb888da79dcf98df489?s=60&d=404
I/nofatclips(  250): Current activity is ViewStats
I/ActivityManager(   61): Displayed org.wordpress.android/.ViewStats: +1s798ms
I/nofatclips(  250): Retrieving widgets
D/nofatclips(  250): Found widget: id=16908290 (android.widget.FrameLayout@406e1238)
D/nofatclips(  250): Found widget: id=2131165343 (android.widget.RelativeLayout@406ec008)
D/nofatclips(  250): Found widget: id=-1 (android.widget.ScrollView@405a5f18)
D/nofatclips(  250): Found widget: id=2131165367 (android.widget.RelativeLayout@4062dee8)
D/nofatclips(  250): Found widget: id=2131165368 (android.widget.RelativeLayout@4062e200)
D/nofatclips(  250): Found widget: id=2131165369 (android.widget.Spinner@405c78a8)
D/nofatclips(  250): Found widget: id=16908308 (android.widget.TextView@406ef458): Views
D/nofatclips(  250): Found widget: id=2131165370 (android.widget.Spinner@4062a850)
D/nofatclips(  250): Found widget: id=16908308 (android.widget.TextView@406efcb8): 7 Days
D/nofatclips(  250): Found widget: id=2131165371 (android.widget.Button@40658ea8): GO
D/nofatclips(  250): Found widget: id=2131165372 (android.widget.RelativeLayout@405b4240)
D/nofatclips(  250): Found widget: id=2131165373 (android.widget.TextView@40645da0): 
D/nofatclips(  250): Found widget: id=2131165374 (android.widget.ImageView@406462e0)
D/nofatclips(  250): Found widget: id=2131165375 (android.widget.TableLayout@4053b1d8)
D/nofatclips(  250): Found widget: id=2131165376 (android.widget.RelativeLayout@4053b708)
D/nofatclips(  250): Found widget: id=2131165377 (android.widget.TextView@4066b3d0): WordPress.com login:
D/nofatclips(  250): Found widget: id=2131165378 (android.widget.EditText@4066ba98): 
D/nofatclips(  250): Found widget: id=2131165379 (android.widget.EditText@40671038): 
D/nofatclips(  250): Found widget: id=2131165380 (android.widget.Button@40673140): Save
D/nofatclips(  250): Found widget: id=2131165381 (android.widget.TextView@40630c20): Need help?
D/nofatclips(  250): Found widget: id=2131165382 (org.wordpress.android.util.WPTitleBar@4055c0c8)
D/nofatclips(  250): Found widget: id=2131165195 (android.widget.RelativeLayout@40656a98)
D/nofatclips(  250): Found widget: id=2131165196 (android.widget.RelativeLayout@40657370)
D/nofatclips(  250): Found widget: id=2131165197 (android.widget.ImageView@4061bf18)
D/nofatclips(  250): Found widget: id=2131165198 (android.widget.TextView@405c6338): Katie's Sweet Testing Blog
D/nofatclips(  250): Found widget: id=2131165199 (android.widget.ImageView@405c6ce0)
D/nofatclips(  250): Found widget: id=-1 (android.widget.RelativeLayout@406f2c40)
D/nofatclips(  250): Found widget: id=2131165200 (android.widget.ImageButton@406f2f88)
D/nofatclips(  250): Found widget: id=-1 (android.widget.FrameLayout@405cdfa0)
D/nofatclips(  250): Found widget: id=2131165201 (android.widget.Button@405ce218): 
D/nofatclips(  250): Found widget: id=2131165202 (android.widget.ImageView@405cecc0)
D/nofatclips(  250): Found widget: id=2131165203 (android.widget.ImageView@406b67f8)
D/nofatclips(  250): Found widget: id=2131165204 (android.widget.LinearLayout@406b6e18)
D/nofatclips(  250): Found widget: id=-1 (android.widget.FrameLayout@40665300)
D/nofatclips(  250): Found widget: id=-1 (android.widget.LinearLayout@40665ac0)
D/nofatclips(  250): Found widget: id=-1 (android.widget.LinearLayout@4066c108)
D/nofatclips(  250): Found widget: id=-1 (android.widget.LinearLayout@4066c328)
D/nofatclips(  250): Found widget: id=2131165251 (android.widget.LinearLayout@4066c548)
D/nofatclips(  250): Found widget: id=-1 (android.widget.ImageView@4066fa88)
D/nofatclips(  250): Found widget: id=-1 (android.widget.TextView@4066fcf8): New Post
D/nofatclips(  250): Found widget: id=2131165252 (android.widget.LinearLayout@4066da88)
D/nofatclips(  250): Found widget: id=-1 (android.widget.ImageView@4066e178)
D/nofatclips(  250): Found widget: id=-1 (android.widget.TextView@4066e3a0): Quick Photo
D/nofatclips(  250): Found widget: id=-1 (android.widget.LinearLayout@4066e830)
D/nofatclips(  250): Found widget: id=2131165253 (android.widget.LinearLayout@4066ea50)
D/nofatclips(  250): Found widget: id=-1 (android.widget.ImageView@40658050)
D/nofatclips(  250): Found widget: id=-1 (android.widget.TextView@40658278): New Page
D/nofatclips(  250): Found widget: id=2131165254 (android.widget.LinearLayout@40658708)
D/nofatclips(  250): Found widget: id=-1 (android.widget.ImageView@405c33e0)
D/nofatclips(  250): Found widget: id=-1 (android.widget.TextView@405c3608): Quick Video
D/nofatclips(  250): Found widget: id=-1 (android.widget.LinearLayout@405c3a98)
D/nofatclips(  250): Found widget: id=-1 (android.widget.LinearLayout@405c3cb8)
D/nofatclips(  250): Found widget: id=2131165255 (android.widget.LinearLayout@405c3ed8)
D/nofatclips(  250): Found widget: id=-1 (android.widget.ImageView@4057d618)
D/nofatclips(  250): Found widget: id=2131165256 (android.widget.TextView@4057d840): Posts
D/nofatclips(  250): Found widget: id=2131165257 (android.widget.LinearLayout@4057dcd0)
D/nofatclips(  250): Found widget: id=-1 (android.widget.ImageView@406d7660)
D/nofatclips(  250): Found widget: id=2131165256 (android.widget.TextView@406d7888): Pages
D/nofatclips(  250): Found widget: id=-1 (android.widget.FrameLayout@406d7d18)
D/nofatclips(  250): Found widget: id=2131165258 (android.widget.LinearLayout@406d7f80)
D/nofatclips(  250): Found widget: id=-1 (android.widget.ImageView@406f57b8)
D/nofatclips(  250): Found widget: id=2131165256 (android.widget.TextView@406f59e0): Comments
D/nofatclips(  250): Found widget: id=2131165259 (android.widget.FrameLayout@406f5e70)
D/nofatclips(  250): Found widget: id=2131165260 (android.widget.ImageView@406f60d8)
D/nofatclips(  250): Found widget: id=2131165261 (org.wordpress.android.util.CommentBadgeTextView@406f6398): 0
D/nofatclips(  250): Found widget: id=-1 (android.widget.LinearLayout@406f6848)
D/nofatclips(  250): Found widget: id=2131165262 (android.widget.LinearLayout@4061cf28)
D/nofatclips(  250): Found widget: id=-1 (android.widget.ImageView@4061d5f0)
D/nofatclips(  250): Found widget: id=2131165256 (android.widget.TextView@4061d818): Settings
D/nofatclips(  250): Found widget: id=2131165263 (android.widget.LinearLayout@4061dc58)
D/nofatclips(  250): Found widget: id=-1 (android.widget.ImageView@4061e368)
D/nofatclips(  250): Found widget: id=2131165256 (android.widget.TextView@40619788): Read
D/nofatclips(  250): Found widget: id=2131165264 (android.widget.LinearLayout@40619c18)
D/nofatclips(  250): Found widget: id=-1 (android.widget.ImageView@4061a328)
D/nofatclips(  250): Found widget: id=2131165256 (android.widget.TextView@4061a550): Stats
D/nofatclips(  250): Found widget: id=-1 (com.android.internal.policy.impl.PhoneWindow$DecorView@405a5d98)
D/dalvikvm(  250): GC_CONCURRENT freed 760K, 52% free 3415K/7111K, external 2202K/2599K, paused 6ms+9ms
V/nicola  (  250): TextualID : blog_title
V/nicola  (  250): ContentType detected : default
V/nicola  (  250): TextualID : action_refresh
V/nicola  (  250): ContentType detected : default
I/nofatclips(  250): Performing comparation for activity ViewStats
D/nofatclips(  250): Comparing against activity Dashboard
I/nofatclips(  250): Registering activity ViewStats (id: a24) as a new found state
D/nofatclips(  250): Performing backup of the old activity list on disk
