W/dalvikvm(  289): VFY: unable to find class referenced in signature (Landroid/app/Fragment;)
D/dalvikvm(   61): GC_EXPLICIT freed 327K, 46% free 4116K/7559K, external 1865K/3065K, paused 65ms
D/MediaScannerService(  223): start scanning volume internal
D/Eas Debug(  268): Logging: 
D/dalvikvm(  268): GC_CONCURRENT freed 533K, 54% free 2702K/5831K, external 716K/1038K, paused 3ms+3ms
D/EAS SyncManager(  268): !!! EAS SyncManager, onDestroy
D/Email   (  268): BOOT_COMPLETED
D/dalvikvm(  240): GC_CONCURRENT freed 485K, 54% free 2729K/5831K, external 716K/1038K, paused 3ms+3ms
I//system/bin/fsck_msdos(   29): Attempting to allocate 397 KB for FAT
D/EAS SyncManager(  268): !!! EAS SyncManager, onCreate
D/EAS SyncManager(  268): !!! EAS SyncManager, onStartCommand
D/EAS SyncManager(  268): !!! EAS SyncManager, stopping self
D/EAS SyncManager(  268): !!! EAS SyncManager, onDestroy
D/nofatclips(  289): Updating node automation
D/nofatclips(  289): Loading node automation
V/nofatclips(  289): Updating value FORCE_RESTART
V/nofatclips(  289): Updating value IN_AND_OUT_FOCUS
V/nofatclips(  289): Updating value PRECRAWLING
V/nofatclips(  289): Updating value SCREENSHOT_FOR_EVENTS
V/nofatclips(  289): Updating value SCREENSHOT_FOR_STATES
V/nofatclips(  289): Updating value SCREENSHOT_ONLY_NEW_STATES
V/nofatclips(  289): Updating value SLEEP_AFTER_EVENT
D/nofatclips(  289): Updated value of parameter SLEEP_AFTER_EVENT to 100 (default = 1000)
V/nofatclips(  289): Updating value SLEEP_AFTER_RESTART
D/nofatclips(  289): Updated value of parameter SLEEP_AFTER_RESTART to 100 (default = 1000)
V/nofatclips(  289): Updating value SLEEP_AFTER_TASK
D/nofatclips(  289): Updated value of parameter SLEEP_AFTER_TASK to 100 (default = 1000)
V/nofatclips(  289): Updating value SLEEP_ON_THROBBER
D/nofatclips(  289): Updated value of parameter SLEEP_ON_THROBBER to 100 (default = 1000)
D/nofatclips(  289): Updating node screenshot
D/nofatclips(  289): Loading node screenshot
V/nofatclips(  289): Updating value FORCE_RESTART
V/nofatclips(  289): Updating value IN_AND_OUT_FOCUS
V/nofatclips(  289): Updating value PRECRAWLING
V/nofatclips(  289): Updating value SCREENSHOT_FOR_EVENTS
V/nofatclips(  289): Updating value SCREENSHOT_FOR_STATES
V/nofatclips(  289): Updating value SCREENSHOT_ONLY_NEW_STATES
V/nofatclips(  289): Updating value SLEEP_AFTER_EVENT
V/nofatclips(  289): Updating value SLEEP_AFTER_RESTART
V/nofatclips(  289): Updating value SLEEP_AFTER_TASK
V/nofatclips(  289): Updating value SLEEP_ON_THROBBER
I/nofatclips(  289): Waiting for 100 msec.
I//system/bin/fsck_msdos(   29): ** Phase 2 - Check Cluster Chains
I//system/bin/fsck_msdos(   29): ** Phase 3 - Checking Directories
I//system/bin/fsck_msdos(   29): ** Phase 4 - Checking for Lost Files
I//system/bin/fsck_msdos(   29): Next free cluster in FSInfo block (5) not free
I//system/bin/fsck_msdos(   29): FIXED
I//system/bin/fsck_msdos(   29): 3 files, 50388 free (100777 clusters)
I/Vold    (   29): Filesystem check completed OK
I/Vold    (   29): Device /dev/block/vold/179:0, target /mnt/sdcard mounted @ /mnt/secure/staging
D/Vold    (   29): Volume sdcard state changing 3 (Checking) -> 4 (Mounted)
I/PackageManager(   61): Updating external media status from unmounted to mounted
I/StorageNotification(  107): Media {/mnt/sdcard} state changed from {checking} -> {mounted}
D/nofatclips(  289): Ready to operate after restarting...
I/nofatclips(  289): Current activity is Dashboard
W/nofatclips(  289): --->Dashboard
D/VoldCmdListener(   29): asec list
I/PackageManager(   61): No secure containers on sdcard
W/PackageManager(   61): Unknown permission com.google.android.googleapps.permission.GOOGLE_AUTH.mail in package com.android.contacts
W/PackageManager(   61): Unknown permission android.permission.ADD_SYSTEM_SERVICE in package com.android.phone
D/dalvikvm(  289): GC_CONCURRENT freed 243K, 49% free 2979K/5831K, external 1812K/2324K, paused 2ms+3ms
I/nofatclips(  289): Retrieving widgets
D/nofatclips(  289): Found widget: id=16908290 (android.widget.FrameLayout@405a1328)
D/nofatclips(  289): Found widget: id=2131165248 (android.widget.RelativeLayout@405a2028)
D/nofatclips(  289): Found widget: id=2131165249 (android.widget.LinearLayout@405a2690)
D/nofatclips(  289): Found widget: id=-1 (android.widget.ImageView@405a2bd8)
D/nofatclips(  289): Found widget: id=2131165250 (org.wordpress.android.util.WPTitleBar@4059c5b0)
D/nofatclips(  289): Found widget: id=2131165195 (android.widget.RelativeLayout@4050eb88)
D/nofatclips(  289): Found widget: id=2131165196 (android.widget.RelativeLayout@40568e38)
D/nofatclips(  289): Found widget: id=2131165197 (android.widget.ImageView@4059d848)
D/nofatclips(  289): Found widget: id=2131165198 (android.widget.TextView@405421a8): Katie's Sweet Testing Blog
D/nofatclips(  289): Found widget: id=2131165199 (android.widget.ImageView@4055da38)
D/nofatclips(  289): Found widget: id=-1 (android.widget.RelativeLayout@40579da0)
D/nofatclips(  289): Found widget: id=2131165200 (android.widget.ImageButton@4059dd70)
D/nofatclips(  289): Found widget: id=-1 (android.widget.FrameLayout@4057b2f8)
D/nofatclips(  289): Found widget: id=2131165201 (android.widget.Button@40542b70): 
D/nofatclips(  289): Found widget: id=2131165202 (android.widget.ImageView@405941a8)
D/nofatclips(  289): Found widget: id=2131165203 (android.widget.ImageView@4053d368)
D/nofatclips(  289): Found widget: id=2131165204 (android.widget.LinearLayout@40569a40)
D/nofatclips(  289): Found widget: id=-1 (android.widget.FrameLayout@4059d5e0)
D/nofatclips(  289): Found widget: id=-1 (android.widget.LinearLayout@40530510)
D/nofatclips(  289): Found widget: id=-1 (android.widget.LinearLayout@4050e998)
D/nofatclips(  289): Found widget: id=-1 (android.widget.LinearLayout@4052fb30)
D/nofatclips(  289): Found widget: id=2131165251 (android.widget.LinearLayout@405301e8)
D/nofatclips(  289): Found widget: id=-1 (android.widget.ImageView@40590c50)
D/nofatclips(  289): Found widget: id=2131165256 (android.widget.TextView@4056b738): New Post
D/nofatclips(  289): Found widget: id=2131165253 (android.widget.LinearLayout@4059c7e8)
D/nofatclips(  289): Found widget: id=-1 (android.widget.ImageView@40531550)
D/nofatclips(  289): Found widget: id=2131165256 (android.widget.TextView@4056c070): New Page
D/nofatclips(  289): Found widget: id=-1 (android.widget.LinearLayout@40533808)
D/nofatclips(  289): Found widget: id=2131165252 (android.widget.LinearLayout@405311f8)
D/nofatclips(  289): Found widget: id=-1 (android.widget.ImageView@405391e0)
D/nofatclips(  289): Found widget: id=2131165256 (android.widget.TextView@40578268): Quick Photo
D/nofatclips(  289): Found widget: id=2131165254 (android.widget.LinearLayout@40547198)
D/nofatclips(  289): Found widget: id=-1 (android.widget.ImageView@4059b368)
D/nofatclips(  289): Found widget: id=2131165256 (android.widget.TextView@40578ad8): Quick Video
D/nofatclips(  289): Found widget: id=-1 (android.widget.LinearLayout@4059ec58)
D/nofatclips(  289): Found widget: id=-1 (android.widget.LinearLayout@4052f018)
D/nofatclips(  289): Found widget: id=2131165255 (android.widget.LinearLayout@40534838)
D/nofatclips(  289): Found widget: id=-1 (android.widget.ImageView@40540d28)
D/nofatclips(  289): Found widget: id=2131165256 (android.widget.TextView@40579160): Posts
D/nofatclips(  289): Found widget: id=2131165257 (android.widget.LinearLayout@40545918)
D/nofatclips(  289): Found widget: id=-1 (android.widget.ImageView@40569120)
D/nofatclips(  289): Found widget: id=2131165256 (android.widget.TextView@40537db8): Pages
D/nofatclips(  289): Found widget: id=-1 (android.widget.FrameLayout@40534d98)
D/nofatclips(  289): Found widget: id=2131165258 (android.widget.LinearLayout@40540a40)
D/nofatclips(  289): Found widget: id=-1 (android.widget.ImageView@4059e1b8)
D/nofatclips(  289): Found widget: id=2131165256 (android.widget.TextView@40539d68): Comments
D/nofatclips(  289): Found widget: id=2131165259 (android.widget.FrameLayout@405443f8)
D/nofatclips(  289): Found widget: id=2131165260 (android.widget.ImageView@40546ac0)
D/nofatclips(  289): Found widget: id=2131165261 (org.wordpress.android.util.CommentBadgeTextView@4053ad80): 0
D/nofatclips(  289): Found widget: id=-1 (android.widget.LinearLayout@40539a70)
D/nofatclips(  289): Found widget: id=2131165262 (android.widget.LinearLayout@405410a8)
D/nofatclips(  289): Found widget: id=-1 (android.widget.ImageView@40537ab8)
D/nofatclips(  289): Found widget: id=2131165256 (android.widget.TextView@405413a0): Settings
D/nofatclips(  289): Found widget: id=2131165263 (android.widget.LinearLayout@40544940)
D/nofatclips(  289): Found widget: id=-1 (android.widget.ImageView@40560920)
D/nofatclips(  289): Found widget: id=2131165256 (android.widget.TextView@405436e0): Read
D/nofatclips(  289): Found widget: id=2131165264 (android.widget.LinearLayout@40562038)
D/nofatclips(  289): Found widget: id=-1 (android.widget.ImageView@40564690)
D/nofatclips(  289): Found widget: id=2131165256 (android.widget.TextView@40550438): Stats
D/nofatclips(  289): Found widget: id=-1 (com.android.internal.policy.impl.PhoneWindow$DecorView@405a0a28)
V/nicola  (  289): TextualID : blog_title
V/nicola  (  289): ContentType detected : default
V/nicola  (  289): TextualID : action_refresh
V/nicola  (  289): ContentType detected : default
V/nicola  (  289): TextualID : button_text
V/nicola  (  289): ContentType detected : default
V/nicola  (  289): TextualID : button_text
V/nicola  (  289): ContentType detected : default
V/nicola  (  289): TextualID : button_text
V/nicola  (  289): ContentType detected : default
V/nicola  (  289): TextualID : button_text
V/nicola  (  289): ContentType detected : default
V/nicola  (  289): TextualID : button_text
V/nicola  (  289): ContentType detected : default
V/nicola  (  289): TextualID : button_text
V/nicola  (  289): ContentType detected : default
V/nicola  (  289): TextualID : button_text
V/nicola  (  289): ContentType detected : default
V/nicola  (  289): TextualID : button_text
V/nicola  (  289): ContentType detected : default
V/nicola  (  289): TextualID : button_text
V/nicola  (  289): ContentType detected : default
V/nicola  (  289): TextualID : button_text
V/nicola  (  289): ContentType detected : default
D/nofatclips(  289): No session to resume: task list not found. Will start from scratch.
I/nofatclips(  289): Starting a new session
D/nofatclips(  289): Performing backup of the old activity list on disk
D/nofatclips(  289): Saving new found state 'a1' on disk
V/nofatclips(  289): Opening state file in overwrite mode.
D/dalvikvm(  289): GC_CONCURRENT freed 552K, 50% free 3183K/6343K, external 1812K/2324K, paused 3ms+4ms
D/dalvikvm(  289): GC_EXTERNAL_ALLOC freed 171K, 50% free 3193K/6343K, external 1812K/2324K, paused 46ms
D/dalvikvm(  289): GC_EXTERNAL_ALLOC freed 21K, 50% free 3171K/6343K, external 1999K/2511K, paused 41ms
I/nofatclips(  289): Saved image on disk: a1.jpg
I/nofatclips(  289): Planning for new Activity Dashboard
D/nofatclips(  289): Handling event 'click' on widget id=2131165200 type=button name=
D/nofatclips(  289): Handling event 'click' on widget id=2131165201 type=button name=
D/nofatclips(  289): Handling event 'click' on widget id=2131165204 type=linearLayout name=
W/PackageManager(   61): Not granting permission android.permission.SEND_DOWNLOAD_COMPLETED_INTENTS to package com.android.browser (protectionLevel=2 flags=0x9be45)
D/nofatclips(  289): Handling event 'click' on widget id=2131165251 type=linearLayout name=
D/nofatclips(  289): Handling event 'click' on widget id=2131165253 type=linearLayout name=
D/nofatclips(  289): Handling event 'click' on widget id=2131165252 type=linearLayout name=
D/nofatclips(  289): Handling event 'click' on widget id=2131165254 type=linearLayout name=
I/dalvikvm(  289): Jit: resizing JitTable from 512 to 1024
W/PackageManager(   61): Unknown permission com.google.android.gm.permission.WRITE_GMAIL in package com.android.settings
W/PackageManager(   61): Unknown permission com.google.android.gm.permission.READ_GMAIL in package com.android.settings
D/dalvikvm(  289): GC_CONCURRENT freed 728K, 52% free 3201K/6599K, external 2599K/3246K, paused 5ms+5ms
D/nofatclips(  289): Handling event 'click' on widget id=2131165255 type=linearLayout name=
D/nofatclips(  289): Handling event 'click' on widget id=2131165257 type=linearLayout name=
D/nofatclips(  289): Handling event 'click' on widget id=2131165258 type=linearLayout name=
W/PackageManager(   61): Unknown permission com.google.android.googleapps.permission.GOOGLE_AUTH in package com.android.settings
W/PackageManager(   61): Unknown permission com.google.android.googleapps.permission.GOOGLE_AUTH in package com.android.providers.contacts
W/PackageManager(   61): Unknown permission com.google.android.googleapps.permission.GOOGLE_AUTH.cp in package com.android.providers.contacts
D/nofatclips(  289): Handling event 'click' on widget id=2131165262 type=linearLayout name=
D/nofatclips(  289): Handling event 'click' on widget id=2131165263 type=linearLayout name=
W/PackageManager(   61): Unknown permission com.google.android.googleapps.permission.ACCESS_GOOGLE_PASSWORD in package com.android.development
D/nofatclips(  289): Handling event 'click' on widget id=2131165264 type=linearLayout name=
W/PackageManager(   61): Unknown permission com.google.android.googleapps.permission.GOOGLE_AUTH in package com.android.development
W/PackageManager(   61): Unknown permission com.google.android.googleapps.permission.GOOGLE_AUTH.ALL_SERVICES in package com.android.development
W/PackageManager(   61): Unknown permission com.google.android.googleapps.permission.GOOGLE_AUTH.YouTubeUser in package com.android.development
W/PackageManager(   61): Unknown permission android.permission.READ_OWNER_DATA in package com.android.email
I/nofatclips(  289): Created trace to press the menu button
I/nofatclips(  289): Created trace to change orientation
I/nofatclips(  289): Dispatching new task. 2 more tasks remaining.
D/nofatclips(  289): Saving task list on disk
V/nofatclips(  289): Backing up trace #13 to disk.
V/nofatclips(  289): Backing up trace #14 to disk.
D/nofatclips(  289): Deleting backup of the old activity list from disk
I/nofatclips(  289): Restarting
D/dalvikvm(  289): GC_CONCURRENT freed 985K, 53% free 3222K/6855K, external 1999K/2599K, paused 3ms+3ms
W/PackageManager(   61): Not granting permission android.permission.DEVICE_POWER to package com.android.deskclock (protectionLevel=2 flags=0x8be45)
D/dalvikvm(  170): GC_CONCURRENT freed 223K, 51% free 2821K/5703K, external 716K/1038K, paused 2ms+7ms
W/ImageDownloader(  289): Error 404 while retrieving bitmap from http://gravatar.com/blavatar/44d338f29053dbb888da79dcf98df489?s=60&d=404
D/MediaScanner(  223):  prescan time: 14334ms
I/nofatclips(  289): Waiting for 100 msec.
D/MediaScanner(  223):     scan time: 47ms
D/MediaScanner(  223): postscan time: 0ms
D/MediaScanner(  223):    total time: 14381ms
D/szipinf (  170): Initializing inflate state
D/dalvikvm(  223): GC_CONCURRENT freed 529K, 55% free 2647K/5831K, external 716K/1038K, paused 3ms+3ms
D/nofatclips(  289): Ready to operate after restarting...
I/nofatclips(  289): Retrieving widgets
D/nofatclips(  289): Found widget: id=16908290 (android.widget.FrameLayout@405a1328)
D/nofatclips(  289): Found widget: id=2131165248 (android.widget.RelativeLayout@405a2028)
D/nofatclips(  289): Found widget: id=2131165249 (android.widget.LinearLayout@405a2690)
D/nofatclips(  289): Found widget: id=-1 (android.widget.ImageView@405a2bd8)
D/nofatclips(  289): Found widget: id=2131165250 (org.wordpress.android.util.WPTitleBar@4059c5b0)
D/nofatclips(  289): Found widget: id=2131165195 (android.widget.RelativeLayout@4050eb88)
D/nofatclips(  289): Found widget: id=2131165196 (android.widget.RelativeLayout@40568e38)
D/nofatclips(  289): Found widget: id=2131165197 (android.widget.ImageView@4059d848)
D/nofatclips(  289): Found widget: id=2131165198 (android.widget.TextView@405421a8): Katie's Sweet Testing Blog
D/nofatclips(  289): Found widget: id=2131165199 (android.widget.ImageView@4055da38)
D/nofatclips(  289): Found widget: id=-1 (android.widget.RelativeLayout@40579da0)
D/nofatclips(  289): Found widget: id=2131165200 (android.widget.ImageButton@4059dd70)
D/nofatclips(  289): Found widget: id=-1 (android.widget.FrameLayout@4057b2f8)
D/nofatclips(  289): Found widget: id=2131165201 (android.widget.Button@40542b70): 
D/nofatclips(  289): Found widget: id=2131165202 (android.widget.ImageView@405941a8)
D/nofatclips(  289): Found widget: id=2131165203 (android.widget.ImageView@4053d368)
D/nofatclips(  289): Found widget: id=2131165204 (android.widget.LinearLayout@40569a40)
D/nofatclips(  289): Found widget: id=-1 (android.widget.FrameLayout@4059d5e0)
D/nofatclips(  289): Found widget: id=-1 (android.widget.LinearLayout@40530510)
D/nofatclips(  289): Found widget: id=-1 (android.widget.LinearLayout@4050e998)
D/nofatclips(  289): Found widget: id=-1 (android.widget.LinearLayout@4052fb30)
D/nofatclips(  289): Found widget: id=2131165251 (android.widget.LinearLayout@405301e8)
D/nofatclips(  289): Found widget: id=-1 (android.widget.ImageView@40590c50)
D/nofatclips(  289): Found widget: id=2131165256 (android.widget.TextView@4056b738): New Post
D/nofatclips(  289): Found widget: id=2131165253 (android.widget.LinearLayout@4059c7e8)
D/nofatclips(  289): Found widget: id=-1 (android.widget.ImageView@40531550)
D/nofatclips(  289): Found widget: id=2131165256 (android.widget.TextView@4056c070): New Page
D/nofatclips(  289): Found widget: id=-1 (android.widget.LinearLayout@40533808)
D/nofatclips(  289): Found widget: id=2131165252 (android.widget.LinearLayout@405311f8)
D/nofatclips(  289): Found widget: id=-1 (android.widget.ImageView@405391e0)
D/nofatclips(  289): Found widget: id=2131165256 (android.widget.TextView@40578268): Quick Photo
D/nofatclips(  289): Found widget: id=2131165254 (android.widget.LinearLayout@40547198)
D/nofatclips(  289): Found widget: id=-1 (android.widget.ImageView@4059b368)
D/nofatclips(  289): Found widget: id=2131165256 (android.widget.TextView@40578ad8): Quick Video
D/nofatclips(  289): Found widget: id=-1 (android.widget.LinearLayout@4059ec58)
D/nofatclips(  289): Found widget: id=-1 (android.widget.LinearLayout@4052f018)
D/nofatclips(  289): Found widget: id=2131165255 (android.widget.LinearLayout@40534838)
D/nofatclips(  289): Found widget: id=-1 (android.widget.ImageView@40540d28)
D/nofatclips(  289): Found widget: id=2131165256 (android.widget.TextView@40579160): Posts
D/nofatclips(  289): Found widget: id=2131165257 (android.widget.LinearLayout@40545918)
D/nofatclips(  289): Found widget: id=-1 (android.widget.ImageView@40569120)
D/nofatclips(  289): Found widget: id=2131165256 (android.widget.TextView@40537db8): Pages
D/nofatclips(  289): Found widget: id=-1 (android.widget.FrameLayout@40534d98)
D/nofatclips(  289): Found widget: id=2131165258 (android.widget.LinearLayout@40540a40)
D/nofatclips(  289): Found widget: id=-1 (android.widget.ImageView@4059e1b8)
D/nofatclips(  289): Found widget: id=2131165256 (android.widget.TextView@40539d68): Comments
D/nofatclips(  289): Found widget: id=2131165259 (android.widget.FrameLayout@405443f8)
D/nofatclips(  289): Found widget: id=2131165260 (android.widget.ImageView@40546ac0)
D/nofatclips(  289): Found widget: id=2131165261 (org.wordpress.android.util.CommentBadgeTextView@4053ad80): 0
D/nofatclips(  289): Found widget: id=-1 (android.widget.LinearLayout@40539a70)
D/nofatclips(  289): Found widget: id=2131165262 (android.widget.LinearLayout@405410a8)
D/nofatclips(  289): Found widget: id=-1 (android.widget.ImageView@40537ab8)
D/nofatclips(  289): Found widget: id=2131165256 (android.widget.TextView@405413a0): Settings
D/nofatclips(  289): Found widget: id=2131165263 (android.widget.LinearLayout@40544940)
D/nofatclips(  289): Found widget: id=-1 (android.widget.ImageView@40560920)
D/nofatclips(  289): Found widget: id=2131165256 (android.widget.TextView@405436e0): Read
D/nofatclips(  289): Found widget: id=2131165264 (android.widget.LinearLayout@40562038)
D/nofatclips(  289): Found widget: id=-1 (android.widget.ImageView@40564690)
D/nofatclips(  289): Found widget: id=2131165256 (android.widget.TextView@40550438): Stats
D/nofatclips(  289): Found widget: id=-1 (com.android.internal.policy.impl.PhoneWindow$DecorView@405a0a28)
I/nofatclips(  289): Playing Trace 14
I/nofatclips(  289): Retrieved from return list id=2131165252
D/nofatclips(  289): Testing for type (android.widget.LinearLayout) against the original (android.widget.LinearLayout)
D/nofatclips(  289): Testing for name () against the original ()
I/nofatclips(  289): Firing event: type= click index=28 widget=android.widget.LinearLayout
D/szipinf (  132): Initializing inflate state
D/MediaScannerService(  223): done scanning volume internal
D/MediaScannerService(  223): start scanning volume external
V/MediaProvider(  223): /mnt/sdcard volume ID: 167325214
D/dalvikvm(  132): GC_EXPLICIT freed 207K, 49% free 2977K/5831K, external 3075K/3257K, paused 63ms
V/MediaProvider(  223): Attached volume: external
V/MediaScanner(  223): pruneDeadThumbnailFiles... android.database.sqlite.SQLiteCursor@40596738
V/MediaScanner(  223): /pruneDeadThumbnailFiles... android.database.sqlite.SQLiteCursor@40596738
D/MediaScanner(  223):  prescan time: 54ms
D/MediaScanner(  223):     scan time: 1ms
D/MediaScanner(  223): postscan time: 15ms
D/MediaScanner(  223):    total time: 70ms
D/MediaScannerService(  223): done scanning volume external
I/ContactsDatabaseHelper(  170): Locale change completed in 22269ms
D/nofatclips(  289): Event description: Quick Photo
D/dalvikvm(  129): GREF has increased to 201
I/ActivityManager(   61): Starting: Intent { cmp=org.wordpress.android/.EditPost (has extras) } from pid 289
I/nofatclips(  289): Waiting for 100 msec.
I/ActivityManager(   61): Starting: Intent { flg=0x10000 cmp=org.wordpress.android/.EditContent (has extras) } from pid 289
D/dalvikvm(  289): GC_CONCURRENT freed 708K, 52% free 3326K/6855K, external 2254K/2599K, paused 12ms+8ms
I/ActivityManager(   61): Starting: Intent { act=android.media.action.IMAGE_CAPTURE cmp=com.android.camera/.Camera (has extras) } from pid 289
I/dalvikvm(   61): Jit: resizing JitTable from 512 to 1024
I/ActivityManager(   61): Start proc com.android.camera for activity com.android.camera/.Camera: pid=308 uid=10025 gids={1006, 1015}
I/nofatclips(  289): Current activity is EditContent
I/nofatclips(  289): Retrieving widgets
I/nofatclips(  289): Exit state. Not performing comparation for activity EditContent
I/nofatclips(  289): Waiting for 100 msec.
I/nofatclips(  289): Session count is 1. Will dump to disk at 1
I/nofatclips(  289): Saving the session on disk. This is the first batch: the file will be created.
I/nofatclips(  289): Check for termination: 99 steps left of 100
I/nofatclips(  289): Saving the session on disk. This is the last batch. The session will be terminated.
D/nofatclips(  289): Performing backup of the old task list on disk
D/nofatclips(  289): Saving task list on disk
V/nofatclips(  289): Backing up trace #13 to disk.
D/nofatclips(  289): Deleting backup of the old task list from disk
D/installd(   35): DexInv: --- BEGIN '/system/app/Camera.apk' ---
D/dalvikvm(  289): GC_EXPLICIT freed 243K, 52% free 3356K/6855K, external 2256K/2599K, paused 121ms
D/dalvikvm(  289): GC_EXPLICIT freed 29K, 52% free 3331K/6855K, external 2256K/2599K, paused 103ms
I/TestRunner(  289): finished: testAndCrawl(com.nofatclips.crawler.guitree.NomadEngine)
I/TestRunner(  289): passed: testAndCrawl(com.nofatclips.crawler.guitree.NomadEngine)
E/InstrumentationTestRunner(  289): Failed to generate emma coverage. Is emma jar on classpath?
E/InstrumentationTestRunner(  289): java.lang.ClassNotFoundException: com.vladium.emma.rt.RT
E/InstrumentationTestRunner(  289): 	at java.lang.Class.classForName(Native Method)
E/InstrumentationTestRunner(  289): 	at java.lang.Class.forName(Class.java:234)
E/InstrumentationTestRunner(  289): 	at java.lang.Class.forName(Class.java:181)
E/InstrumentationTestRunner(  289): 	at android.test.InstrumentationTestRunner.generateCoverageReport(InstrumentationTestRunner.java:578)
E/InstrumentationTestRunner(  289): 	at android.test.InstrumentationTestRunner.onStart(InstrumentationTestRunner.java:545)
E/InstrumentationTestRunner(  289): 	at android.app.Instrumentation$InstrumentationThread.run(Instrumentation.java:1448)
E/InstrumentationTestRunner(  289): Caused by: java.lang.NoClassDefFoundError: com.vladium.emma.rt.RT
E/InstrumentationTestRunner(  289): 	... 6 more
E/InstrumentationTestRunner(  289): Caused by: java.lang.ClassNotFoundException: com.vladium.emma.rt.RT in loader dalvik.system.PathClassLoader[/system/framework/android.test.runner.jar:/data/app/com.nofatclips.crawler-1.apk:/data/app/org.wordpress.android-1.apk]
E/InstrumentationTestRunner(  289): 	at dalvik.system.PathClassLoader.findClass(PathClassLoader.java:240)
E/InstrumentationTestRunner(  289): 	at java.lang.ClassLoader.loadClass(ClassLoader.java:551)
E/InstrumentationTestRunner(  289): 	at java.lang.ClassLoader.loadClass(ClassLoader.java:511)
E/InstrumentationTestRunner(  289): 	... 6 more
D/dalvikvm(  316): DexOpt: load 138ms, verify+opt 456ms
D/installd(   35): DexInv: --- END '/system/app/Camera.apk' (success) ---
I/WindowManager(   61): Setting rotation to 1, animFlags=1
I/ActivityManager(   61): Config changed: { scale=1.0 imsi=310/260 loc=en_US touch=3 keys=2/1/2 nav=1/1 orien=2 layout=18 uiMode=17 seq=5}
D/AndroidRuntime(  255): Shutting down VM
I/ActivityManager(   61): Force stopping package org.wordpress.android uid=10034
I/Process (   61): Sending signal. PID: 289 SIG: 9
I/ActivityManager(   61):   Force finishing activity HistoryRecord{4075ddd0 org.wordpress.android/.EditPost}
D/dalvikvm(  255): GC_CONCURRENT freed 103K, 71% free 297K/1024K, external 0K/0K, paused 1ms+1ms
I/AndroidRuntime(  255): NOTE: attach of thread 'Binder Thread #3' failed
D/jdwp    (  255): adbd disconnected
V/CameraHolder(  308): open camera 0
D/CameraHardwareStub(   34): initHeapLocked: preview size=320x240
I/StagefrightPlayer(   34): setDataSource('/system/media/audio/ui/camera_click.ogg')
I/StagefrightPlayer(   34): setDataSource('/system/media/audio/ui/VideoRecord.ogg')
I/DEBUG   (   31): debuggerd: Feb  3 2011 14:45:34
D/qemud   (   38): entering main loop
I/Vold    (   29): Vold 2.1 (the revenge) firing up
D/Vold    (   29): USB mass storage support is not enabled in the kernel
D/Vold    (   29): usb_configuration switch is not enabled in the kernel
I/Netd    (   30): Netd 1.0 starting
D/Vold    (   29): Volume sdcard state changing -1 (Initializing) -> 0 (No-Media)
D/Vold    (   29): Volume sdcard state changing 0 (No-Media) -> 1 (Idle-Unmounted)
D/qemud   (   38): fdhandler_accept_event: accepting on fd 9
D/qemud   (   38): created client 0xe078 listening on fd 10
D/qemud   (   38): client_fd_receive: attempting registration for service 'boot-properties'
D/qemud   (   38): client_fd_receive:    -> received channel id 1
D/qemud   (   38): client_registration: registration succeeded for client 1
I/qemu-props(   52): connected to 'boot-properties' qemud service.
I/qemu-props(   52): receiving..
I/qemu-props(   52): received: dalvik.vm.heapsize=64m
I/qemu-props(   52): receiving..
I/qemu-props(   52): received: ro.config.low_ram=true
I/qemu-props(   52): receiving..
I/qemu-props(   52): received: qemu.sf.lcd_density=160
I/qemu-props(   52): receiving..
I/qemu-props(   52): received: qemu.hw.mainkeys=0
I/qemu-props(   52): receiving..
I/qemu-props(   52): received: qemu.sf.fake_camera=none
I/qemu-props(   52): receiving..
D/qemud   (   38): fdhandler_event: disconnect on fd 10
I/qemu-props(   52): exiting (5 properties set).
D/qemud   (   38): fdhandler_accept_event: accepting on fd 9
D/qemud   (   38): created client 0xe078 listening on fd 10
D/qemud   (   38): fdhandler_event: disconnect on fd 10
D/qemud   (   38): fdhandler_accept_event: accepting on fd 9
D/qemud   (   38): created client 0xe078 listening on fd 10
D/qemud   (   38): client_fd_receive: attempting registration for service 'gsm'
D/qemud   (   38): client_fd_receive:    -> received channel id 2
D/qemud   (   38): client_registration: registration succeeded for client 2
I/        (   34): ServiceManager: 0xad50
D/AudioHardwareInterface(   34): setMode(NORMAL)
I/CameraService(   34): CameraService started (pid=34)
I/AudioFlinger(   34): AudioFlinger's thread 0xc658 ready to run
D/AndroidRuntime(   33): 
D/AndroidRuntime(   33): >>>>>> AndroidRuntime START com.android.internal.os.ZygoteInit <<<<<<
D/AndroidRuntime(   33): CheckJNI is ON
I/SamplingProfilerIntegration(   33): Profiler is disabled.
I/Zygote  (   33): Preloading classes...
E/Zygote  (   33): setreuid() failed. errno: 2
D/dalvikvm(   33): GC_EXPLICIT freed 47K, 78% free 234K/1024K, external 0K/0K, paused 12ms
D/dalvikvm(   33): GC_EXPLICIT freed 1K, 73% free 284K/1024K, external 0K/0K, paused 7ms
D/dalvikvm(   33): GC_EXPLICIT freed 22K, 69% free 318K/1024K, external 0K/0K, paused 7ms
D/dalvikvm(   33): GC_EXPLICIT freed 17K, 66% free 356K/1024K, external 0K/0K, paused 7ms
D/dalvikvm(   33): GC_EXPLICIT freed 26K, 63% free 385K/1024K, external 0K/0K, paused 8ms
D/dalvikvm(   33): GC_EXPLICIT freed 20K, 57% free 441K/1024K, external 0K/0K, paused 9ms
W/MediaProfiles(   33): could not find media config xml file
D/dalvikvm(   33): GC_EXPLICIT freed 99K, 47% free 547K/1024K, external 0K/0K, paused 11ms
D/dalvikvm(   33): GC_EXPLICIT freed 272K, 28% free 885K/1219K, external 0K/0K, paused 20ms
D/dalvikvm(   33): GC_EXPLICIT freed 21K, 24% free 932K/1219K, external 0K/0K, paused 16ms
D/RenderScript_jni(   33): RenderScript JNI library not found!
D/dalvikvm(   33): GC_EXPLICIT freed 25K, 19% free 999K/1219K, external 0K/0K, paused 16ms
D/dalvikvm(   33): GC_EXPLICIT freed 47K, 5% free 1281K/1347K, external 0K/0K, paused 24ms
D/dalvikvm(   33): GC_EXPLICIT freed 24K, 3% free 1311K/1347K, external 0K/0K, paused 24ms
D/dalvikvm(   33): GC_EXPLICIT freed 28K, 6% free 1336K/1411K, external 0K/0K, paused 25ms
D/dalvikvm(   33): GC_EXPLICIT freed 14K, 3% free 1377K/1411K, external 0K/0K, paused 24ms
D/dalvikvm(   33): GC_EXPLICIT freed 28K, 5% free 1402K/1475K, external 0K/0K, paused 23ms
D/dalvikvm(   33): GC_EXPLICIT freed 28K, 3% free 1439K/1475K, external 0K/0K, paused 24ms
D/dalvikvm(   33): GC_EXPLICIT freed 38K, 6% free 1457K/1539K, external 0K/0K, paused 24ms
D/dalvikvm(   33): GC_EXPLICIT freed 40K, 5% free 1471K/1539K, external 0K/0K, paused 25ms
D/dalvikvm(   33): GC_EXPLICIT freed 55K, 8% free 1485K/1603K, external 0K/0K, paused 25ms
D/dalvikvm(   33): GC_FOR_MALLOC freed 2954K, 58% free 2168K/5123K, external 0K/0K, paused 52ms
D/dalvikvm(   33): GC_EXPLICIT freed 1403K, 55% free 2310K/5123K, external 0K/0K, paused 38ms
D/dalvikvm(   33): GC_EXPLICIT freed 148K, 54% free 2373K/5123K, external 0K/0K, paused 31ms
D/dalvikvm(   33): GC_EXPLICIT freed 73K, 54% free 2398K/5123K, external 0K/0K, paused 30ms
D/dalvikvm(   33): GC_EXPLICIT freed 36K, 53% free 2416K/5123K, external 0K/0K, paused 29ms
D/dalvikvm(   33): GC_EXPLICIT freed 31K, 53% free 2439K/5123K, external 0K/0K, paused 29ms
D/dalvikvm(   33): GC_EXPLICIT freed 38K, 52% free 2462K/5123K, external 0K/0K, paused 30ms
I/Zygote  (   33): ...preloaded 1830 classes in 6986ms.
E/Zygote  (   33): setreuid() failed. errno: 17
D/dalvikvm(   33): GC_EXPLICIT freed 18K, 52% free 2460K/5123K, external 0K/0K, paused 30ms
I/Zygote  (   33): Preloading resources...
D/dalvikvm(   33): GC_EXTERNAL_ALLOC freed <1K, 52% free 2462K/5123K, external 0K/0K, paused 29ms
W/Zygote  (   33): Preloaded drawable resource #0x1080093 (res/drawable-mdpi/sym_def_app_icon.png) that varies with configuration!!
W/Zygote  (   33): Preloaded drawable resource #0x1080002 (res/drawable-mdpi/arrow_down_float.png) that varies with configuration!!
W/Zygote  (   33): Preloaded drawable resource #0x10800b4 (res/drawable/btn_check.xml) that varies with configuration!!
W/Zygote  (   33): Preloaded drawable resource #0x10800b7 (res/drawable-mdpi/btn_check_label_background.9.png) that varies with configuration!!
W/Zygote  (   33): Preloaded drawable resource #0x10800b8 (res/drawable-mdpi/btn_check_off.png) that varies with configuration!!
W/Zygote  (   33): Preloaded drawable resource #0x10800bd (res/drawable-mdpi/btn_check_on.png) that varies with configuration!!
W/Zygote  (   33): Preloaded drawable resource #0x1080004 (res/drawable/btn_default.xml) that varies with configuration!!
W/Zygote  (   33): Preloaded drawable resource #0x1080005 (res/drawable/btn_default_small.xml) that varies with configuration!!
W/Zygote  (   33): Preloaded drawable resource #0x1080006 (res/drawable/btn_dropdown.xml) that varies with configuration!!
W/Zygote  (   33): Preloaded drawable resource #0x1080008 (res/drawable/btn_plus.xml) that varies with configuration!!
W/Zygote  (   33): Preloaded drawable resource #0x1080007 (res/drawable/btn_minus.xml) that varies with configuration!!
W/Zygote  (   33): Preloaded drawable resource #0x1080009 (res/drawable/btn_radio.xml) that varies with configuration!!
W/Zygote  (   33): Preloaded drawable resource #0x108000a (res/drawable/btn_star.xml) that varies with configuration!!
D/dalvikvm(   33): GC_EXPLICIT freed 25K, 52% free 2499K/5123K, external 408K/521K, paused 30ms
W/Zygote  (   33): Preloaded drawable resource #0x1080132 (res/drawable/btn_toggle.xml) that varies with configuration!!
W/Zygote  (   33): Preloaded drawable resource #0x1080196 (res/drawable-mdpi/ic_emergency.png) that varies with configuration!!
W/Zygote  (   33): Preloaded drawable resource #0x1080012 (res/drawable-mdpi/divider_horizontal_bright.9.png) that varies with configuration!!
W/Zygote  (   33): Preloaded drawable resource #0x1080014 (res/drawable-mdpi/divider_horizontal_dark.9.png) that varies with configuration!!
W/Zygote  (   33): Preloaded drawable resource #0x1080016 (res/drawable/edit_text.xml) that varies with configuration!!
W/Zygote  (   33): Preloaded drawable resource #0x1080170 (res/drawable/expander_group.xml) that varies with configuration!!
W/Zygote  (   33): Preloaded drawable resource #0x1080062 (res/drawable/list_selector_background.xml) that varies with configuration!!
W/Zygote  (   33): Preloaded drawable resource #0x108022a (res/drawable-mdpi/menu_background.9.png) that varies with configuration!!
W/Zygote  (   33): Preloaded drawable resource #0x108022b (res/drawable-mdpi/menu_background_fill_parent_width.9.png) that varies with configuration!!
W/Zygote  (   33): Preloaded drawable resource #0x108022c (res/drawable/menu_selector.xml) that varies with configuration!!
D/dalvikvm(   33): GC_EXTERNAL_ALLOC freed 16K, 51% free 2512K/5123K, external 516K/521K, paused 30ms
W/Zygote  (   33): Preloaded drawable resource #0x108023a (res/drawable-mdpi/panel_background.9.png) that varies with configuration!!
W/Zygote  (   33): Preloaded drawable resource #0x1080242 (res/drawable-mdpi/popup_bottom_bright.9.png) that varies with configuration!!
W/Zygote  (   33): Preloaded drawable resource #0x1080243 (res/drawable-mdpi/popup_bottom_dark.9.png) that varies with configuration!!
W/Zygote  (   33): Preloaded drawable resource #0x1080244 (res/drawable-mdpi/popup_bottom_medium.9.png) that varies with configuration!!
W/Zygote  (   33): Preloaded drawable resource #0x1080245 (res/drawable-mdpi/popup_center_bright.9.png) that varies with configuration!!
W/Zygote  (   33): Preloaded drawable resource #0x1080246 (res/drawable-mdpi/popup_center_dark.9.png) that varies with configuration!!
W/Zygote  (   33): Preloaded drawable resource #0x1080249 (res/drawable-mdpi/popup_full_dark.9.png) that varies with configuration!!
W/Zygote  (   33): Preloaded drawable resource #0x108024c (res/drawable-mdpi/popup_top_bright.9.png) that varies with configuration!!
W/Zygote  (   33): Preloaded drawable resource #0x108024d (res/drawable-mdpi/popup_top_dark.9.png) that varies with configuration!!
W/Zygote  (   33): Preloaded drawable resource #0x108006d (res/drawable/progress_indeterminate_horizontal.xml) that varies with configuration!!
W/Zygote  (   33): Preloaded drawable resource #0x1080253 (res/drawable/progress_small.xml) that varies with configuration!!
W/Zygote  (   33): Preloaded drawable resource #0x1080254 (res/drawable/progress_small_titlebar.xml) that varies with configuration!!
W/Zygote  (   33): Preloaded drawable resource #0x1080274 (res/drawable-mdpi/scrollbar_handle_horizontal.9.png) that varies with configuration!!
W/Zygote  (   33): Preloaded drawable resource #0x1080275 (res/drawable-mdpi/scrollbar_handle_vertical.9.png) that varies with configuration!!
D/dalvikvm(   33): GC_EXPLICIT freed 15K, 51% free 2524K/5123K, external 585K/1038K, paused 30ms
W/Zygote  (   33): Preloaded drawable resource #0x1080071 (res/drawable/spinner_dropdown_background.xml) that varies with configuration!!
W/Zygote  (   33): Preloaded drawable resource #0x1080312 (res/drawable-mdpi/text_select_handle_left.png) that varies with configuration!!
W/Zygote  (   33): Preloaded drawable resource #0x1080313 (res/drawable-mdpi/text_select_handle_middle.png) that varies with configuration!!
W/Zygote  (   33): Preloaded drawable resource #0x1080314 (res/drawable-mdpi/text_select_handle_right.png) that varies with configuration!!
W/Zygote  (   33): Preloaded drawable resource #0x1080335 (res/drawable-mdpi/title_bar_shadow.9.png) that varies with configuration!!
W/Zygote  (   33): Preloaded drawable resource #0x10801d8 (res/drawable-mdpi/indicator_code_lock_drag_direction_green_up.png) that varies with configuration!!
W/Zygote  (   33): Preloaded drawable resource #0x10801d9 (res/drawable-mdpi/indicator_code_lock_drag_direction_red_up.png) that varies with configuration!!
W/Zygote  (   33): Preloaded drawable resource #0x10801da (res/drawable-mdpi/indicator_code_lock_point_area_default.png) that varies with configuration!!
W/Zygote  (   33): Preloaded drawable resource #0x10801db (res/drawable-mdpi/indicator_code_lock_point_area_green.png) that varies with configuration!!
W/Zygote  (   33): Preloaded drawable resource #0x10801dc (res/drawable-mdpi/indicator_code_lock_point_area_red.png) that varies with configuration!!
I/Zygote  (   33): ...preloaded 51 resources in 444ms.
I/Zygote  (   33): ...preloaded 15 resources in 14ms.
D/dalvikvm(   33): GC_EXPLICIT freed 23K, 51% free 2533K/5123K, external 716K/1038K, paused 32ms
D/dalvikvm(   33): GC_EXPLICIT freed 6K, 51% free 2526K/5123K, external 716K/1038K, paused 30ms
D/dalvikvm(   33): GC_EXPLICIT freed <1K, 51% free 2526K/5123K, external 716K/1038K, paused 31ms
I/dalvikvm(   33): System server process 61 has been created
I/Zygote  (   33): Accepting command socket connections
E/BatteryService(   61): usbOnlinePath not found
E/BatteryService(   61): batteryVoltagePath not found
E/BatteryService(   61): batteryTemperaturePath not found
I/sysproc (   61): Entered system_init()
I/sysproc (   61): ServiceManager: 0x93138
I/SurfaceFlinger(   61): SurfaceFlinger is starting
I/SurfaceFlinger(   61): SurfaceFlinger's main thread ready to run. Initializing graphics H/W...
E/SurfaceFlinger(   61): Couldn't open /sys/power/wait_for_fb_sleep or /sys/power/wait_for_fb_wake
I/gralloc (   61): using (fd=26)
I/gralloc (   61): id           = 
I/gralloc (   61): xres         = 320 px
I/gralloc (   61): yres         = 480 px
I/gralloc (   61): xres_virtual = 320 px
I/gralloc (   61): yres_virtual = 960 px
I/gralloc (   61): bpp          = 16
I/gralloc (   61): r            = 11:5
I/gralloc (   61): g            =  5:6
I/gralloc (   61): b            =  0:5
I/gralloc (   61): width        = 49 mm (165.877548 dpi)
I/gralloc (   61): height       = 74 mm (164.756760 dpi)
I/gralloc (   61): refresh rate = 60.00 Hz
D/libEGL  (   61): egl.cfg not found, using default config
D/libEGL  (   61): loaded /system/lib/egl/libGLES_android.so
I/SurfaceFlinger(   61): EGL informations:
I/SurfaceFlinger(   61): # of configs : 8
I/SurfaceFlinger(   61): vendor    : Android
I/SurfaceFlinger(   61): version   : 1.4 Android META-EGL
I/SurfaceFlinger(   61): extensions: EGL_KHR_image EGL_KHR_image_base EGL_KHR_image_pixmap EGL_ANDROID_image_native_buffer EGL_ANDROID_swap_rectangle 
I/SurfaceFlinger(   61): Client API: OpenGL ES
I/SurfaceFlinger(   61): EGLSurface: 5-6-5-0, config=0x0
I/SurfaceFlinger(   61): OpenGL informations:
I/SurfaceFlinger(   61): vendor    : Android
I/SurfaceFlinger(   61): renderer  : Android PixelFlinger 1.4
I/SurfaceFlinger(   61): version   : OpenGL ES-CM 1.0
I/SurfaceFlinger(   61): extensions: GL_OES_byte_coordinates GL_OES_fixed_point GL_OES_single_precision GL_OES_read_format GL_OES_compressed_paletted_texture GL_OES_draw_texture GL_OES_matrix_get GL_OES_query_matrix GL_OES_EGL_image GL_OES_compressed_ETC1_RGB8_texture GL_ARB_texture_compression GL_ARB_texture_non_power_of_two GL_ANDROID_user_clip_plane GL_ANDROID_vertex_buffer_object GL_ANDROID_generate_mipmap 
I/SurfaceFlinger(   61): GL_MAX_TEXTURE_SIZE = 4096
I/SurfaceFlinger(   61): GL_MAX_VIEWPORT_DIMS = 4096
I/SurfaceFlinger(   61): flags = 000c0000
D/SensorService(   61): nuSensorService starting...
E/SensorService(   61): couldn't open device for module sensors (Invalid argument)
I/sysproc (   61): System server: starting Android runtime.
I/sysproc (   61): System server: starting Android services.
I/SystemServer(   61): Entered the Android system server!
I/sysproc (   61): System server: entering thread pool.
I/SystemServer(   61): Entropy Service
I/SystemServer(   61): Power Manager
I/SystemServer(   61): Activity Manager
I/ActivityManager(   61): Memory class: 64
W/UsageStats(   61): Usage stats version changed; dropping
D/libEGL  (   73): egl.cfg not found, using default config
D/libEGL  (   73): loaded /system/lib/egl/libGLES_android.so
W/zipro   (   73): Unable to open zip '/data/local/bootanimation.zip': No such file or directory
W/zipro   (   73): Unable to open zip '/system/media/bootanimation.zip': No such file or directory
I/SystemServer(   61): Telephony Registry
I/SystemServer(   61): Package Manager
I/Installer(   61): connecting...
I/installd(   35): new connection
I/ARMAssembler(   61): generated scanline__00000077:03010104_00000004_00000000 [ 22 ipp] (41 ins) at [0x46efd1e8:0x46efd28c] in 2701059 ns
I/ARMAssembler(   73): generated scanline__00000077:03545404_00000A01_00000000 [ 30 ipp] (51 ins) at [0x403461e8:0x403462b4] in 1477971 ns
D/dalvikvm(   61): GC_CONCURRENT freed 168K, 51% free 2817K/5639K, external 716K/1038K, paused 3ms+4ms
W/PackageManager(   61): Running ENG build: no pre-dexopt!
D/dalvikvm(   61): GC_CONCURRENT freed 246K, 49% free 3050K/5895K, external 716K/1038K, paused 3ms+4ms
D/dalvikvm(   61): GC_CONCURRENT freed 237K, 47% free 3304K/6151K, external 716K/1038K, paused 3ms+4ms
D/PackageManager(   61): No files in app dir /vendor/app
I/PackageManager(   61): Unpacking native libraries for /data/app/com.nofatclips.crawler-1.apk
D/szipinf (   61): Initializing inflate state
I/PackageManager(   61): Unpacking native libraries for /data/app/org.wordpress.android-1.apk
I/PackageManager(   61): Unpacking native libraries for /data/app/GestureBuilder.apk
I/PackageManager(   61): Unpacking native libraries for /data/app/SoftKeyboard.apk
I/PackageManager(   61): Unpacking native libraries for /data/app/CubeLiveWallpapers.apk
D/szipinf (   61): Initializing inflate state
W/PackageParser(   61): No actions in intent filter at /data/app/ApiDemos.apk Binary XML file line #1882
W/PackageParser(   61): No actions in intent filter at /data/app/ApiDemos.apk Binary XML file line #1888
W/PackageManager(   61): Package com.example.android.apis desires unavailable shared library com.example.will.never.exist; ignoring!
I/PackageManager(   61): Unpacking native libraries for /data/app/ApiDemos.apk
D/dalvikvm(   61): GC_CONCURRENT freed 249K, 45% free 3612K/6471K, external 716K/1038K, paused 3ms+10ms
I/PackageManager(   61): Time to scan packages: 1.281 seconds
W/PackageManager(   61): Unknown permission com.google.android.googleapps.permission.GOOGLE_AUTH.mail in package com.android.contacts
W/PackageManager(   61): Unknown permission android.permission.ADD_SYSTEM_SERVICE in package com.android.phone
W/PackageManager(   61): Not granting permission android.permission.SEND_DOWNLOAD_COMPLETED_INTENTS to package com.android.browser (protectionLevel=2 flags=0x9be45)
W/PackageManager(   61): Unknown permission com.google.android.gm.permission.WRITE_GMAIL in package com.android.settings
W/PackageManager(   61): Unknown permission com.google.android.gm.permission.READ_GMAIL in package com.android.settings
W/PackageManager(   61): Unknown permission com.google.android.googleapps.permission.GOOGLE_AUTH in package com.android.settings
W/PackageManager(   61): Unknown permission com.google.android.googleapps.permission.GOOGLE_AUTH in package com.android.providers.contacts
W/PackageManager(   61): Unknown permission com.google.android.googleapps.permission.GOOGLE_AUTH.cp in package com.android.providers.contacts
W/PackageManager(   61): Unknown permission com.google.android.googleapps.permission.ACCESS_GOOGLE_PASSWORD in package com.android.development
W/PackageManager(   61): Unknown permission com.google.android.googleapps.permission.GOOGLE_AUTH in package com.android.development
W/PackageManager(   61): Unknown permission com.google.android.googleapps.permission.GOOGLE_AUTH.ALL_SERVICES in package com.android.development
W/PackageManager(   61): Unknown permission com.google.android.googleapps.permission.GOOGLE_AUTH.YouTubeUser in package com.android.development
W/PackageManager(   61): Unknown permission android.permission.READ_OWNER_DATA in package com.android.email
W/PackageManager(   61): Not granting permission android.permission.DEVICE_POWER to package com.android.deskclock (protectionLevel=2 flags=0x8be45)
D/dalvikvm(   61): GC_EXPLICIT freed 316K, 46% free 3569K/6599K, external 716K/1038K, paused 47ms
I/SystemServer(   61): Account Manager
I/SystemServer(   61): Content Manager
I/SystemServer(   61): System Content Providers
I/ActivityThread(   61): Pub settings: com.android.providers.settings.SettingsProvider
I/SystemServer(   61): Battery Service
D/SettingsProvider(   61): cache for settings table 'secure' rows=27; fullycached=true
I/SystemServer(   61): Lights Service
I/SystemServer(   61): Vibrator Service
D/qemud   (   38): fdhandler_accept_event: accepting on fd 9
D/qemud   (   38): created client 0x13ee8 listening on fd 11
D/qemud   (   38): client_fd_receive: attempting registration for service 'hw-control'
D/qemud   (   38): client_fd_receive:    -> received channel id 3
D/qemud   (   38): client_registration: registration succeeded for client 3
D/SettingsProvider(   61): cache for settings table 'system' rows=46; fullycached=true
I/SystemServer(   61): Alarm Manager
I/SystemServer(   61): Init Watchdog
I/SystemServer(   61): Window Manager
I/InputManager(   61): Initializing input manager
I/InputManager(   61): Starting input manager
I/SystemServer(   61): Registering null Bluetooth Service (emulator)
E/System  (   61): Failure starting core service
E/System  (   61): java.lang.SecurityException
E/System  (   61): 	at android.os.BinderProxy.transact(Native Method)
E/System  (   61): 	at android.os.ServiceManagerProxy.addService(ServiceManagerNative.java:146)
E/System  (   61): 	at android.os.ServiceManager.addService(ServiceManager.java:72)
E/System  (   61): 	at com.android.server.ServerThread.run(SystemServer.java:206)
I/SystemServer(   61): Device Policy
I/SystemServer(   61): Status Bar
I/SystemServer(   61): Clipboard Service
I/SystemServer(   61): Input Method Service
I/EventHub(   61): New keyboard: device->id=0x10000 devname='qwerty2' propName='hw.keyboards.65536.devname' keylayout='/system/usr/keylayout/qwerty.kl'
I/EventHub(   61): New device: path=/dev/input/event0 name=qwerty2 id=0x10000 (of 0x1) index=1 fd=87 classes=0x87
E/EventHub(   61): could not get driver version for /dev/input/mouse0, Not a typewriter
E/EventHub(   61): could not get driver version for /dev/input/mice, Not a typewriter
I/InputManager-Callbacks(   61): No input device calibration properties found for device qwerty2.
I/InputReader(   61): Device added: id=0x0, name=qwerty2, sources=00001103
I/InputManagerService(   61): Enabled input methods: jp.co.omronsoft.openwnn/.OpenWnnJAJP:com.android.inputmethod.latin/.LatinIME:com.android.inputmethod.pinyin/.PinyinIME:com.example.android.softkeyboard/.SoftKeyboard
I/SystemServer(   61): NetStat Service
I/SystemServer(   61): NetworkManagement Service
I/SystemServer(   61): Connectivity Service
I/WifiService(   61): WifiService starting up with Wi-Fi disabled
D/NetworkManagmentService(   61): Registering observer
I/SystemServer(   61): Throttle Service
I/SystemServer(   61): Accessibility Manager
I/SystemServer(   61): Mount Service
I/SystemServer(   61): Notification Manager
I/SystemServer(   61): Device Storage Monitor
I/SystemServer(   61): Location Manager
I/SystemServer(   61): Search Service
I/SystemServer(   61): DropBox Service
I/SystemServer(   61): Wallpaper Service
I/SystemServer(   61): Audio Service
D/VoldCmdListener(   29): volume list
