D/nofatclips(  256): Handling event 'click' on widget id=2131165291 type=toggle name=I 
D/nofatclips(  256): Handling event 'click' on widget id=2131165292 type=toggle name= U 
D/nofatclips(  256): Handling event 'click' on widget id=2131165293 type=toggle name= ABC 
D/nofatclips(  256): Handling event 'click' on widget id=2131165294 type=button name= link 
D/nofatclips(  256): Handling event 'click' on widget id=2131165295 type=toggle name="
D/nofatclips(  256): Handling event 'click' on widget id=2131165296 type=button name=More
D/nofatclips(  256): Handling event 'click' on widget id=2131165297 type=button name=
I/nofatclips(  256): Created trace to press the back button
I/nofatclips(  256): Created trace to press the menu button
I/nofatclips(  256): Created trace to change orientation
D/dalvikvm(  256): GC_CONCURRENT freed 1981K, 50% free 4817K/9479K, external 4674K/5836K, paused 5ms+5ms
I/nofatclips(  256): Check for termination: 80 steps left of 100
I/nofatclips(  256): Dispatching new task. 2 more tasks remaining.
D/nofatclips(  256): Performing backup of the old task list on disk
D/nofatclips(  256): Saving task list on disk
V/nofatclips(  256): Backing up trace #233 to disk.
V/nofatclips(  256): Backing up trace #234 to disk.
D/dalvikvm(  256): GC_FOR_MALLOC freed 406K, 50% free 4796K/9479K, external 4674K/5836K, paused 46ms
D/dalvikvm(  256): GC_FOR_MALLOC freed 117K, 50% free 4806K/9479K, external 4674K/5836K, paused 42ms
D/nofatclips(  256): Deleting backup of the old task list from disk
D/nofatclips(  256): Deleting backup of the old activity list from disk
I/nofatclips(  256): Incrementally Playing Trace 234
I/nofatclips(  256): Retrieved from return list id=16908290
D/nofatclips(  256): Testing for type (android.widget.FrameLayout) against the original (null)
I/nofatclips(  256): Firing event: type= changeOrientation name= widget=null
I/WindowManager(   61): Setting rotation to 1, animFlags=1
I/ActivityManager(   61): Config changed: { scale=1.0 imsi=310/260 loc=en_US touch=3 keys=2/1/2 nav=1/1 orien=2 layout=18 uiMode=17 seq=9}
I/nofatclips(  256): Waiting for 100 msec.
I/nofatclips(  256): Current activity is EditContent
I/nofatclips(  256): Retrieving widgets
D/nofatclips(  256): Found widget: id=16908290 (android.widget.FrameLayout@40798128)
D/nofatclips(  256): Found widget: id=-1 (android.widget.LinearLayout@407a28f0)
D/nofatclips(  256): Found widget: id=-1 (android.widget.LinearLayout@407a2b10)
D/nofatclips(  256): Found widget: id=2131165265 (org.wordpress.android.util.WPEditText@4075eb68): Testing one post
D/nofatclips(  256): 
D/nofatclips(  256): Found widget: id=2131165289 (android.widget.RelativeLayout@4075ff08)
D/nofatclips(  256): Found widget: id=-1 (android.widget.HorizontalScrollView@4078c818)
D/nofatclips(  256): Found widget: id=-1 (android.widget.RelativeLayout@4078cec0)
D/nofatclips(  256): Found widget: id=2131165290 (android.widget.ToggleButton@406ecc80): B
D/nofatclips(  256): Found widget: id=2131165291 (android.widget.ToggleButton@40666a78): I 
D/nofatclips(  256): Found widget: id=2131165292 (android.widget.ToggleButton@40667528):  U 
D/nofatclips(  256): Found widget: id=2131165293 (android.widget.ToggleButton@406aab80):  ABC 
D/nofatclips(  256): Found widget: id=2131165294 (android.widget.Button@40625480):  link 
D/nofatclips(  256): Found widget: id=2131165295 (android.widget.ToggleButton@4078fa00): "
D/nofatclips(  256): Found widget: id=2131165296 (android.widget.Button@4076eff8): More
D/nofatclips(  256): Found widget: id=2131165297 (android.widget.ImageButton@40798f50)
D/nofatclips(  256): Found widget: id=-1 (com.android.internal.policy.impl.PhoneWindow$DecorView@40797d50)
V/ReflectionHelper(  256): org.wordpress.android.util.WPEditText > mOnFocusChangeListener FOUND | ACTIVE
V/nicola  (  256): TextualID : postContent
V/nicola  (  256): ContentType detected : default
V/nicola  (  256): TextualID : bold
V/nicola  (  256): ContentType detected : default
V/nicola  (  256): TextualID : em
V/nicola  (  256): ContentType detected : default
V/nicola  (  256): TextualID : underline
V/nicola  (  256): ContentType detected : default
V/nicola  (  256): TextualID : strike
V/nicola  (  256): ContentType detected : default
V/nicola  (  256): TextualID : link
V/nicola  (  256): ContentType detected : default
V/nicola  (  256): TextualID : bquote
V/nicola  (  256): ContentType detected : default
V/nicola  (  256): TextualID : more
V/nicola  (  256): ContentType detected : default
I/nofatclips(  256): Performing comparation for activity EditContent
D/nofatclips(  256): Comparing against activity EditContent
D/nofatclips(  256): Comparing against activity EditContent
D/nofatclips(  256): Comparing against activity Dashboard
D/nofatclips(  256): Comparing against activity Dashboard
D/nofatclips(  256): Comparing against activity EditPost
D/nofatclips(  256): Comparing against activity About
D/nofatclips(  256): Comparing against activity EditContent
D/nofatclips(  256): Comparing against activity EditContent
D/nofatclips(  256): Comparing against activity Posts
D/nofatclips(  256): Comparing against activity Posts
D/nofatclips(  256): Comparing against activity EditContent
D/nofatclips(  256): Comparing against activity Dashboard
D/nofatclips(  256): Comparing against activity EditContent
D/nofatclips(  256): Comparing against activity EditContent
D/nofatclips(  256): Comparing against activity Dashboard
D/nofatclips(  256): Comparing against activity Posts
D/nofatclips(  256): Comparing against activity EditContent
I/nofatclips(  256): Registering activity EditContent (id: a22) as a new found state
D/nofatclips(  256): Performing backup of the old activity list on disk
D/nofatclips(  256): Saving new found state 'a22' on disk
V/nofatclips(  256): Opening state file in append mode.
D/dalvikvm(  256): GC_EXTERNAL_ALLOC freed 616K, 51% free 4733K/9479K, external 5274K/5836K, paused 147ms
I/nofatclips(  256): Saved image on disk: a22.jpg
I/nofatclips(  256): Waiting for 100 msec.
I/nofatclips(  256): Session count is 1. Will dump to disk at 1
I/nofatclips(  256): Saving the session on disk.
D/dalvikvm(  256): GC_FOR_MALLOC freed 277K, 51% free 4716K/9479K, external 5274K/6586K, paused 74ms
I/nofatclips(  256): Planning for new Activity EditContent
D/nofatclips(  256): Handling event 'focus' on widget id=2131165265 type=focusableEditText name=Content
D/nofatclips(  256): Handling event 'click' on widget id=2131165290 type=toggle name=B
D/nofatclips(  256): Handling event 'click' on widget id=2131165291 type=toggle name=I 
D/dalvikvm(   61): GC_EXPLICIT freed 6K, 46% free 4126K/7559K, external 1316K/1828K, paused 349ms
D/nofatclips(  256): Handling event 'click' on widget id=2131165292 type=toggle name= U 
D/nofatclips(  256): Handling event 'click' on widget id=2131165293 type=toggle name= ABC 
D/nofatclips(  256): Handling event 'click' on widget id=2131165294 type=button name= link 
D/nofatclips(  256): Handling event 'click' on widget id=2131165295 type=toggle name="
D/nofatclips(  256): Handling event 'click' on widget id=2131165296 type=button name=More
D/nofatclips(  256): Handling event 'click' on widget id=2131165297 type=button name=
I/nofatclips(  256): Created trace to press the back button
I/nofatclips(  256): Created trace to press the menu button
I/nofatclips(  256): Created trace to change orientation
D/dalvikvm(  256): GC_CONCURRENT freed 1979K, 50% free 4786K/9479K, external 4674K/5836K, paused 4ms+4ms
I/nofatclips(  256): Check for termination: 79 steps left of 100
I/nofatclips(  256): Dispatching new task. 2 more tasks remaining.
D/nofatclips(  256): Performing backup of the old task list on disk
D/nofatclips(  256): Saving task list on disk
V/nofatclips(  256): Backing up trace #245 to disk.
V/nofatclips(  256): Backing up trace #246 to disk.
D/dalvikvm(  256): GC_FOR_MALLOC freed 550K, 50% free 4803K/9479K, external 4674K/5836K, paused 46ms
D/nofatclips(  256): Deleting backup of the old task list from disk
D/nofatclips(  256): Deleting backup of the old activity list from disk
I/nofatclips(  256): Incrementally Playing Trace 246
I/nofatclips(  256): Retrieved from return list id=2131165290
D/nofatclips(  256): Testing for type (android.widget.ToggleButton) against the original (android.widget.ToggleButton)
D/nofatclips(  256): Testing for name (B) against the original (B)
I/nofatclips(  256): Firing event: type= click index=7 widget=android.widget.ToggleButton
W/KeyCharacterMap(  256): No keyboard for id 0
W/KeyCharacterMap(  256): Using default keymap: /system/usr/keychars/qwerty.kcm.bin
D/nofatclips(  256): Event description: B
W/InputDispatcher(   61): Permission denied: injecting event from pid 256 uid 10034 to window with input channel 406b1ab0 InputMethod (server) owned by uid 10004
W/WindowManager(   61): Input event injection permission denied.
I/nofatclips(  256): Saving the session on disk. This is the last batch. The session will be terminated.
D/dalvikvm(  256): GC_FOR_MALLOC freed 333K, 50% free 4752K/9479K, external 4674K/5836K, paused 208ms
D/dalvikvm(  256): GC_FOR_MALLOC freed 157K, 51% free 4738K/9479K, external 4674K/5836K, paused 133ms
D/nofatclips(  256): Performing backup of the old task list on disk
D/nofatclips(  256): Saving task list on disk
V/nofatclips(  256): Backing up trace #245 to disk.
D/nofatclips(  256): Deleting backup of the old task list from disk
I/WindowManager(   61): Setting rotation to 0, animFlags=1
I/ActivityManager(   61): Config changed: { scale=1.0 imsi=310/260 loc=en_US touch=3 keys=2/1/2 nav=1/1 orien=1 layout=18 uiMode=17 seq=10}
D/dalvikvm(  256): GC_EXPLICIT freed 232K, 50% free 4754K/9479K, external 4674K/5836K, paused 205ms
D/dalvikvm(  256): GC_EXPLICIT freed 55K, 51% free 4700K/9479K, external 4674K/5836K, paused 166ms
I/TestRunner(  256): failed: testAndCrawl(com.nofatclips.crawler.guitree.NomadEngine)
I/TestRunner(  256): ----- begin exception -----
I/TestRunner(  256): 
I/TestRunner(  256): junit.framework.AssertionFailedError: Click can not be completed!
I/TestRunner(  256): 	at junit.framework.Assert.fail(Assert.java:47)
I/TestRunner(  256): 	at junit.framework.Assert.assertTrue(Assert.java:20)
I/TestRunner(  256): 	at com.jayway.android.robotium.solo.Clicker.clickOnScreen(Clicker.java:91)
I/TestRunner(  256): 	at com.jayway.android.robotium.solo.Clicker.clickOnScreen(Clicker.java:166)
I/TestRunner(  256): 	at com.jayway.android.robotium.solo.Clicker.clickOnScreen(Clicker.java:139)
I/TestRunner(  256): 	at com.jayway.android.robotium.solo.Solo.clickOnView(Solo.java:785)
I/TestRunner(  256): 	at com.nofatclips.crawler.automation.RobotUtilities.click(RobotUtilities.java:51)
I/TestRunner(  256): 	at com.nofatclips.crawler.automation.Automation.injectInteraction(Automation.java:210)
I/TestRunner(  256): 	at com.nofatclips.crawler.automation.Automation.fireEventOnView(Automation.java:197)
I/TestRunner(  256): 	at com.nofatclips.crawler.automation.Automation.fireEvent(Automation.java:139)
I/TestRunner(  256): 	at com.nofatclips.crawler.automation.Automation.process(Automation.java:110)
I/TestRunner(  256): 	at com.nofatclips.crawler.guitree.RandomEngine.process(RandomEngine.java:88)
I/TestRunner(  256): 	at com.nofatclips.crawler.Engine.testAndCrawl(Engine.java:73)
I/TestRunner(  256): 	at java.lang.reflect.Method.invokeNative(Native Method)
I/TestRunner(  256): 	at java.lang.reflect.Method.invoke(Method.java:507)
I/TestRunner(  256): 	at android.test.InstrumentationTestCase.runMethod(InstrumentationTestCase.java:204)
I/TestRunner(  256): 	at android.test.InstrumentationTestCase.runTest(InstrumentationTestCase.java:194)
I/TestRunner(  256): 	at android.test.ActivityInstrumentationTestCase2.runTest(ActivityInstrumentationTestCase2.java:186)
I/TestRunner(  256): 	at junit.framework.TestCase.runBare(TestCase.java:127)
I/TestRunner(  256): 	at junit.framework.TestResult$1.protect(TestResult.java:106)
I/TestRunner(  256): 	at junit.framework.TestResult.runProtected(TestResult.java:124)
I/TestRunner(  256): 	at junit.framework.TestResult.run(TestResult.java:109)
I/TestRunner(  256): 	at junit.framework.TestCase.run(TestCase.java:118)
I/TestRunner(  256): 	at android.test.AndroidTestRunner.runTest(AndroidTestRunner.java:169)
I/TestRunner(  256): 	at android.test.AndroidTestRunner.runTest(AndroidTestRunner.java:154)
I/TestRunner(  256): 	at android.test.InstrumentationTestRunner.onStart(InstrumentationTestRunner.java:529)
I/TestRunner(  256): 	at android.app.Instrumentation$InstrumentationThread.run(Instrumentation.java:1448)
I/TestRunner(  256): ----- end exception -----
I/TestRunner(  256): finished: testAndCrawl(com.nofatclips.crawler.guitree.NomadEngine)
E/InstrumentationTestRunner(  256): Failed to generate emma coverage. Is emma jar on classpath?
E/InstrumentationTestRunner(  256): java.lang.ClassNotFoundException: com.vladium.emma.rt.RT
E/InstrumentationTestRunner(  256): 	at java.lang.Class.classForName(Native Method)
E/InstrumentationTestRunner(  256): 	at java.lang.Class.forName(Class.java:234)
E/InstrumentationTestRunner(  256): 	at java.lang.Class.forName(Class.java:181)
E/InstrumentationTestRunner(  256): 	at android.test.InstrumentationTestRunner.generateCoverageReport(InstrumentationTestRunner.java:578)
E/InstrumentationTestRunner(  256): 	at android.test.InstrumentationTestRunner.onStart(InstrumentationTestRunner.java:545)
E/InstrumentationTestRunner(  256): 	at android.app.Instrumentation$InstrumentationThread.run(Instrumentation.java:1448)
E/InstrumentationTestRunner(  256): Caused by: java.lang.NoClassDefFoundError: com.vladium.emma.rt.RT
E/InstrumentationTestRunner(  256): 	... 6 more
E/InstrumentationTestRunner(  256): Caused by: java.lang.ClassNotFoundException: com.vladium.emma.rt.RT in loader dalvik.system.PathClassLoader[/system/framework/android.test.runner.jar:/data/app/com.nofatclips.crawler-1.apk:/data/app/org.wordpress.android-1.apk]
E/InstrumentationTestRunner(  256): 	at dalvik.system.PathClassLoader.findClass(PathClassLoader.java:240)
E/InstrumentationTestRunner(  256): 	at java.lang.ClassLoader.loadClass(ClassLoader.java:551)
E/InstrumentationTestRunner(  256): 	at java.lang.ClassLoader.loadClass(ClassLoader.java:511)
E/InstrumentationTestRunner(  256): 	... 6 more
I/ActivityManager(   61): Force stopping package org.wordpress.android uid=10034
D/AndroidRuntime(  222): Shutting down VM
I/AndroidRuntime(  222): NOTE: attach of thread 'Binder Thread #3' failed
D/dalvikvm(  222): GC_CONCURRENT freed 111K, 71% free 297K/1024K, external 0K/0K, paused 1ms+1ms
D/jdwp    (  222): adbd disconnected
I/Process (   61): Sending signal. PID: 256 SIG: 9
I/ActivityManager(   61):   Force finishing activity HistoryRecord{406a2c10 org.wordpress.android/.EditContent}
W/ActivityManager(   61): Duplicate finish request for HistoryRecord{406a2c10 org.wordpress.android/.EditContent}
I/ActivityManager(   61):   Force finishing activity HistoryRecord{4075a588 org.wordpress.android/.EditPost}
W/ActivityManager(   61): Duplicate finish request for HistoryRecord{4075a588 org.wordpress.android/.EditPost}
I/ActivityManager(   61):   Force finishing activity HistoryRecord{40739300 org.wordpress.android/.Dashboard}
W/ActivityManager(   61): Duplicate finish request for HistoryRecord{40739300 org.wordpress.android/.Dashboard}
I/WindowManager(   61): WIN DEATH: Window{40652ac8 org.wordpress.android/org.wordpress.android.Posts paused=false}
E/InputDispatcher(   61): channel '4069b910 org.wordpress.android/org.wordpress.android.EditPost (server)' ~ Consumer closed input channel or an error occurred.  events=0x8
E/InputDispatcher(   61): channel '4069b910 org.wordpress.android/org.wordpress.android.EditPost (server)' ~ Channel is unrecoverably broken and will be disposed!
I/WindowManager(   61): WIN DEATH: Window{4069b910 org.wordpress.android/org.wordpress.android.EditPost paused=false}
I/WindowManager(   61): WIN DEATH: Window{406bc0a8 org.wordpress.android/org.wordpress.android.EditContent paused=false}
E/InputDispatcher(   61): Received spurious receive callback for unknown input channel.  fd=161, events=0x8
W/WindowManager(   61): Window freeze timeout expired.
W/WindowManager(   61): Force clearing orientation change: Window{406b1ab0 InputMethod paused=false}
I/DEBUG   (   31): debuggerd: Feb  3 2011 14:45:34
D/qemud   (   38): entering main loop
I/Vold    (   29): Vold 2.1 (the revenge) firing up
D/Vold    (   29): USB mass storage support is not enabled in the kernel
D/Vold    (   29): usb_configuration switch is not enabled in the kernel
I/Netd    (   30): Netd 1.0 starting
D/Vold    (   29): Volume sdcard state changing -1 (Initializing) -> 0 (No-Media)
D/Vold    (   29): Volume sdcard state changing 0 (No-Media) -> 1 (Idle-Unmounted)
D/qemud   (   38): fdhandler_accept_event: accepting on fd 9
D/qemud   (   38): created client 0xe078 listening on fd 10
D/qemud   (   38): client_fd_receive: attempting registration for service 'boot-properties'
D/qemud   (   38): client_fd_receive:    -> received channel id 1
D/qemud   (   38): client_registration: registration succeeded for client 1
I/qemu-props(   52): connected to 'boot-properties' qemud service.
I/qemu-props(   52): receiving..
I/qemu-props(   52): received: dalvik.vm.heapsize=64m
I/qemu-props(   52): receiving..
I/qemu-props(   52): received: ro.config.low_ram=true
I/qemu-props(   52): receiving..
I/qemu-props(   52): received: qemu.sf.lcd_density=160
I/qemu-props(   52): receiving..
I/qemu-props(   52): received: qemu.hw.mainkeys=0
I/qemu-props(   52): receiving..
I/qemu-props(   52): received: qemu.sf.fake_camera=none
I/qemu-props(   52): receiving..
D/qemud   (   38): fdhandler_event: disconnect on fd 10
I/qemu-props(   52): exiting (5 properties set).
D/AndroidRuntime(   33): 
D/AndroidRuntime(   33): >>>>>> AndroidRuntime START com.android.internal.os.ZygoteInit <<<<<<
D/AndroidRuntime(   33): CheckJNI is ON
D/qemud   (   38): fdhandler_accept_event: accepting on fd 9
D/qemud   (   38): created client 0xe078 listening on fd 10
D/qemud   (   38): fdhandler_event: disconnect on fd 10
I/        (   34): ServiceManager: 0xad50
D/AudioHardwareInterface(   34): setMode(NORMAL)
D/qemud   (   38): fdhandler_accept_event: accepting on fd 9
D/qemud   (   38): created client 0xe078 listening on fd 10
D/qemud   (   38): client_fd_receive: attempting registration for service 'gsm'
D/qemud   (   38): client_fd_receive:    -> received channel id 2
D/qemud   (   38): client_registration: registration succeeded for client 2
I/CameraService(   34): CameraService started (pid=34)
I/AudioFlinger(   34): AudioFlinger's thread 0xc658 ready to run
I/SamplingProfilerIntegration(   33): Profiler is disabled.
I/Zygote  (   33): Preloading classes...
E/Zygote  (   33): setreuid() failed. errno: 2
D/dalvikvm(   33): GC_EXPLICIT freed 47K, 78% free 234K/1024K, external 0K/0K, paused 6ms
D/dalvikvm(   33): GC_EXPLICIT freed 1K, 73% free 284K/1024K, external 0K/0K, paused 3ms
D/dalvikvm(   33): GC_EXPLICIT freed 22K, 69% free 318K/1024K, external 0K/0K, paused 3ms
D/dalvikvm(   33): GC_EXPLICIT freed 17K, 66% free 356K/1024K, external 0K/0K, paused 3ms
D/dalvikvm(   33): GC_EXPLICIT freed 26K, 63% free 385K/1024K, external 0K/0K, paused 5ms
D/dalvikvm(   33): GC_EXPLICIT freed 20K, 57% free 441K/1024K, external 0K/0K, paused 4ms
W/MediaProfiles(   33): could not find media config xml file
D/dalvikvm(   33): GC_EXPLICIT freed 99K, 47% free 547K/1024K, external 0K/0K, paused 6ms
D/dalvikvm(   33): GC_EXPLICIT freed 272K, 28% free 885K/1219K, external 0K/0K, paused 12ms
D/dalvikvm(   33): GC_EXPLICIT freed 21K, 24% free 932K/1219K, external 0K/0K, paused 10ms
D/RenderScript_jni(   33): RenderScript JNI library not found!
D/dalvikvm(   33): GC_EXPLICIT freed 25K, 19% free 999K/1219K, external 0K/0K, paused 10ms
D/dalvikvm(   33): GC_EXPLICIT freed 47K, 5% free 1281K/1347K, external 0K/0K, paused 17ms
D/dalvikvm(   33): GC_EXPLICIT freed 24K, 3% free 1311K/1347K, external 0K/0K, paused 18ms
D/dalvikvm(   33): GC_EXPLICIT freed 28K, 6% free 1336K/1411K, external 0K/0K, paused 18ms
D/dalvikvm(   33): GC_EXPLICIT freed 14K, 3% free 1377K/1411K, external 0K/0K, paused 16ms
D/dalvikvm(   33): GC_EXPLICIT freed 28K, 5% free 1402K/1475K, external 0K/0K, paused 17ms
D/dalvikvm(   33): GC_EXPLICIT freed 28K, 3% free 1439K/1475K, external 0K/0K, paused 17ms
D/dalvikvm(   33): GC_EXPLICIT freed 38K, 6% free 1457K/1539K, external 0K/0K, paused 17ms
D/dalvikvm(   33): GC_EXPLICIT freed 40K, 5% free 1471K/1539K, external 0K/0K, paused 17ms
D/dalvikvm(   33): GC_EXPLICIT freed 55K, 8% free 1485K/1603K, external 0K/0K, paused 17ms
D/dalvikvm(   33): GC_FOR_MALLOC freed 2954K, 58% free 2168K/5123K, external 0K/0K, paused 187ms
D/dalvikvm(   33): GC_EXPLICIT freed 1403K, 55% free 2310K/5123K, external 0K/0K, paused 88ms
D/dalvikvm(   33): GC_EXPLICIT freed 148K, 54% free 2373K/5123K, external 0K/0K, paused 32ms
D/dalvikvm(   33): GC_EXPLICIT freed 73K, 54% free 2398K/5123K, external 0K/0K, paused 31ms
D/dalvikvm(   33): GC_EXPLICIT freed 36K, 53% free 2416K/5123K, external 0K/0K, paused 29ms
D/dalvikvm(   33): GC_EXPLICIT freed 31K, 53% free 2439K/5123K, external 0K/0K, paused 29ms
D/dalvikvm(   33): GC_EXPLICIT freed 38K, 52% free 2462K/5123K, external 0K/0K, paused 30ms
I/Zygote  (   33): ...preloaded 1830 classes in 9876ms.
E/Zygote  (   33): setreuid() failed. errno: 17
D/dalvikvm(   33): GC_EXPLICIT freed 18K, 52% free 2460K/5123K, external 0K/0K, paused 30ms
I/Zygote  (   33): Preloading resources...
D/dalvikvm(   33): GC_EXTERNAL_ALLOC freed <1K, 52% free 2462K/5123K, external 0K/0K, paused 29ms
W/Zygote  (   33): Preloaded drawable resource #0x1080093 (res/drawable-mdpi/sym_def_app_icon.png) that varies with configuration!!
W/Zygote  (   33): Preloaded drawable resource #0x1080002 (res/drawable-mdpi/arrow_down_float.png) that varies with configuration!!
W/Zygote  (   33): Preloaded drawable resource #0x10800b4 (res/drawable/btn_check.xml) that varies with configuration!!
W/Zygote  (   33): Preloaded drawable resource #0x10800b7 (res/drawable-mdpi/btn_check_label_background.9.png) that varies with configuration!!
W/Zygote  (   33): Preloaded drawable resource #0x10800b8 (res/drawable-mdpi/btn_check_off.png) that varies with configuration!!
W/Zygote  (   33): Preloaded drawable resource #0x10800bd (res/drawable-mdpi/btn_check_on.png) that varies with configuration!!
W/Zygote  (   33): Preloaded drawable resource #0x1080004 (res/drawable/btn_default.xml) that varies with configuration!!
W/Zygote  (   33): Preloaded drawable resource #0x1080005 (res/drawable/btn_default_small.xml) that varies with configuration!!
W/Zygote  (   33): Preloaded drawable resource #0x1080006 (res/drawable/btn_dropdown.xml) that varies with configuration!!
W/Zygote  (   33): Preloaded drawable resource #0x1080008 (res/drawable/btn_plus.xml) that varies with configuration!!
W/Zygote  (   33): Preloaded drawable resource #0x1080007 (res/drawable/btn_minus.xml) that varies with configuration!!
W/Zygote  (   33): Preloaded drawable resource #0x1080009 (res/drawable/btn_radio.xml) that varies with configuration!!
W/Zygote  (   33): Preloaded drawable resource #0x108000a (res/drawable/btn_star.xml) that varies with configuration!!
D/dalvikvm(   33): GC_EXPLICIT freed 25K, 52% free 2499K/5123K, external 408K/521K, paused 30ms
W/Zygote  (   33): Preloaded drawable resource #0x1080132 (res/drawable/btn_toggle.xml) that varies with configuration!!
W/Zygote  (   33): Preloaded drawable resource #0x1080196 (res/drawable-mdpi/ic_emergency.png) that varies with configuration!!
W/Zygote  (   33): Preloaded drawable resource #0x1080012 (res/drawable-mdpi/divider_horizontal_bright.9.png) that varies with configuration!!
W/Zygote  (   33): Preloaded drawable resource #0x1080014 (res/drawable-mdpi/divider_horizontal_dark.9.png) that varies with configuration!!
W/Zygote  (   33): Preloaded drawable resource #0x1080016 (res/drawable/edit_text.xml) that varies with configuration!!
W/Zygote  (   33): Preloaded drawable resource #0x1080170 (res/drawable/expander_group.xml) that varies with configuration!!
W/Zygote  (   33): Preloaded drawable resource #0x1080062 (res/drawable/list_selector_background.xml) that varies with configuration!!
W/Zygote  (   33): Preloaded drawable resource #0x108022a (res/drawable-mdpi/menu_background.9.png) that varies with configuration!!
W/Zygote  (   33): Preloaded drawable resource #0x108022b (res/drawable-mdpi/menu_background_fill_parent_width.9.png) that varies with configuration!!
W/Zygote  (   33): Preloaded drawable resource #0x108022c (res/drawable/menu_selector.xml) that varies with configuration!!
D/dalvikvm(   33): GC_EXTERNAL_ALLOC freed 16K, 51% free 2512K/5123K, external 516K/521K, paused 32ms
W/Zygote  (   33): Preloaded drawable resource #0x108023a (res/drawable-mdpi/panel_background.9.png) that varies with configuration!!
W/Zygote  (   33): Preloaded drawable resource #0x1080242 (res/drawable-mdpi/popup_bottom_bright.9.png) that varies with configuration!!
W/Zygote  (   33): Preloaded drawable resource #0x1080243 (res/drawable-mdpi/popup_bottom_dark.9.png) that varies with configuration!!
W/Zygote  (   33): Preloaded drawable resource #0x1080244 (res/drawable-mdpi/popup_bottom_medium.9.png) that varies with configuration!!
W/Zygote  (   33): Preloaded drawable resource #0x1080245 (res/drawable-mdpi/popup_center_bright.9.png) that varies with configuration!!
W/Zygote  (   33): Preloaded drawable resource #0x1080246 (res/drawable-mdpi/popup_center_dark.9.png) that varies with configuration!!
W/Zygote  (   33): Preloaded drawable resource #0x1080249 (res/drawable-mdpi/popup_full_dark.9.png) that varies with configuration!!
W/Zygote  (   33): Preloaded drawable resource #0x108024c (res/drawable-mdpi/popup_top_bright.9.png) that varies with configuration!!
W/Zygote  (   33): Preloaded drawable resource #0x108024d (res/drawable-mdpi/popup_top_dark.9.png) that varies with configuration!!
W/Zygote  (   33): Preloaded drawable resource #0x108006d (res/drawable/progress_indeterminate_horizontal.xml) that varies with configuration!!
W/Zygote  (   33): Preloaded drawable resource #0x1080253 (res/drawable/progress_small.xml) that varies with configuration!!
W/Zygote  (   33): Preloaded drawable resource #0x1080254 (res/drawable/progress_small_titlebar.xml) that varies with configuration!!
W/Zygote  (   33): Preloaded drawable resource #0x1080274 (res/drawable-mdpi/scrollbar_handle_horizontal.9.png) that varies with configuration!!
W/Zygote  (   33): Preloaded drawable resource #0x1080275 (res/drawable-mdpi/scrollbar_handle_vertical.9.png) that varies with configuration!!
D/dalvikvm(   33): GC_EXPLICIT freed 15K, 51% free 2524K/5123K, external 585K/1038K, paused 30ms
W/Zygote  (   33): Preloaded drawable resource #0x1080071 (res/drawable/spinner_dropdown_background.xml) that varies with configuration!!
W/Zygote  (   33): Preloaded drawable resource #0x1080312 (res/drawable-mdpi/text_select_handle_left.png) that varies with configuration!!
W/Zygote  (   33): Preloaded drawable resource #0x1080313 (res/drawable-mdpi/text_select_handle_middle.png) that varies with configuration!!
W/Zygote  (   33): Preloaded drawable resource #0x1080314 (res/drawable-mdpi/text_select_handle_right.png) that varies with configuration!!
W/Zygote  (   33): Preloaded drawable resource #0x1080335 (res/drawable-mdpi/title_bar_shadow.9.png) that varies with configuration!!
W/Zygote  (   33): Preloaded drawable resource #0x10801d8 (res/drawable-mdpi/indicator_code_lock_drag_direction_green_up.png) that varies with configuration!!
W/Zygote  (   33): Preloaded drawable resource #0x10801d9 (res/drawable-mdpi/indicator_code_lock_drag_direction_red_up.png) that varies with configuration!!
W/Zygote  (   33): Preloaded drawable resource #0x10801da (res/drawable-mdpi/indicator_code_lock_point_area_default.png) that varies with configuration!!
W/Zygote  (   33): Preloaded drawable resource #0x10801db (res/drawable-mdpi/indicator_code_lock_point_area_green.png) that varies with configuration!!
W/Zygote  (   33): Preloaded drawable resource #0x10801dc (res/drawable-mdpi/indicator_code_lock_point_area_red.png) that varies with configuration!!
I/Zygote  (   33): ...preloaded 51 resources in 451ms.
I/Zygote  (   33): ...preloaded 15 resources in 13ms.
D/dalvikvm(   33): GC_EXPLICIT freed 23K, 51% free 2533K/5123K, external 716K/1038K, paused 32ms
D/dalvikvm(   33): GC_EXPLICIT freed 6K, 51% free 2526K/5123K, external 716K/1038K, paused 30ms
D/dalvikvm(   33): GC_EXPLICIT freed <1K, 51% free 2526K/5123K, external 716K/1038K, paused 31ms
I/dalvikvm(   33): System server process 61 has been created
I/Zygote  (   33): Accepting command socket connections
E/BatteryService(   61): usbOnlinePath not found
E/BatteryService(   61): batteryVoltagePath not found
E/BatteryService(   61): batteryTemperaturePath not found
I/sysproc (   61): Entered system_init()
I/sysproc (   61): ServiceManager: 0x93138
I/SurfaceFlinger(   61): SurfaceFlinger is starting
I/SurfaceFlinger(   61): SurfaceFlinger's main thread ready to run. Initializing graphics H/W...
E/SurfaceFlinger(   61): Couldn't open /sys/power/wait_for_fb_sleep or /sys/power/wait_for_fb_wake
I/gralloc (   61): using (fd=26)
I/gralloc (   61): id           = 
I/gralloc (   61): xres         = 320 px
I/gralloc (   61): yres         = 480 px
I/gralloc (   61): xres_virtual = 320 px
I/gralloc (   61): yres_virtual = 960 px
I/gralloc (   61): bpp          = 16
I/gralloc (   61): r            = 11:5
I/gralloc (   61): g            =  5:6
I/gralloc (   61): b            =  0:5
I/gralloc (   61): width        = 49 mm (165.877548 dpi)
I/gralloc (   61): height       = 74 mm (164.756760 dpi)
I/gralloc (   61): refresh rate = 60.00 Hz
D/libEGL  (   61): egl.cfg not found, using default config
D/libEGL  (   61): loaded /system/lib/egl/libGLES_android.so
I/SurfaceFlinger(   61): EGL informations:
I/SurfaceFlinger(   61): # of configs : 8
I/SurfaceFlinger(   61): vendor    : Android
I/SurfaceFlinger(   61): version   : 1.4 Android META-EGL
I/SurfaceFlinger(   61): extensions: EGL_KHR_image EGL_KHR_image_base EGL_KHR_image_pixmap EGL_ANDROID_image_native_buffer EGL_ANDROID_swap_rectangle 
I/SurfaceFlinger(   61): Client API: OpenGL ES
I/SurfaceFlinger(   61): EGLSurface: 5-6-5-0, config=0x0
I/SurfaceFlinger(   61): OpenGL informations:
I/SurfaceFlinger(   61): vendor    : Android
I/SurfaceFlinger(   61): renderer  : Android PixelFlinger 1.4
I/SurfaceFlinger(   61): version   : OpenGL ES-CM 1.0
I/SurfaceFlinger(   61): extensions: GL_OES_byte_coordinates GL_OES_fixed_point GL_OES_single_precision GL_OES_read_format GL_OES_compressed_paletted_texture GL_OES_draw_texture GL_OES_matrix_get GL_OES_query_matrix GL_OES_EGL_image GL_OES_compressed_ETC1_RGB8_texture GL_ARB_texture_compression GL_ARB_texture_non_power_of_two GL_ANDROID_user_clip_plane GL_ANDROID_vertex_buffer_object GL_ANDROID_generate_mipmap 
I/SurfaceFlinger(   61): GL_MAX_TEXTURE_SIZE = 4096
I/SurfaceFlinger(   61): GL_MAX_VIEWPORT_DIMS = 4096
I/SurfaceFlinger(   61): flags = 000c0000
D/SensorService(   61): nuSensorService starting...
E/SensorService(   61): couldn't open device for module sensors (Invalid argument)
I/sysproc (   61): System server: starting Android runtime.
I/sysproc (   61): System server: starting Android services.
I/SystemServer(   61): Entered the Android system server!
I/sysproc (   61): System server: entering thread pool.
I/SystemServer(   61): Entropy Service
I/SystemServer(   61): Power Manager
I/SystemServer(   61): Activity Manager
I/ActivityManager(   61): Memory class: 64
W/UsageStats(   61): Usage stats version changed; dropping
D/libEGL  (   73): egl.cfg not found, using default config
D/libEGL  (   73): loaded /system/lib/egl/libGLES_android.so
I/SystemServer(   61): Telephony Registry
W/zipro   (   73): Unable to open zip '/data/local/bootanimation.zip': No such file or directory
W/zipro   (   73): Unable to open zip '/system/media/bootanimation.zip': No such file or directory
I/SystemServer(   61): Package Manager
I/Installer(   61): connecting...
I/installd(   35): new connection
I/ARMAssembler(   61): generated scanline__00000077:03010104_00000004_00000000 [ 22 ipp] (41 ins) at [0x46efd1e8:0x46efd28c] in 3121442 ns
I/ARMAssembler(   73): generated scanline__00000077:03545404_00000A01_00000000 [ 30 ipp] (51 ins) at [0x403461e8:0x403462b4] in 2587732 ns
D/dalvikvm(   61): GC_CONCURRENT freed 167K, 50% free 2828K/5639K, external 716K/1038K, paused 4ms+4ms
W/PackageManager(   61): Running ENG build: no pre-dexopt!
D/dalvikvm(   61): GC_CONCURRENT freed 238K, 49% free 3038K/5895K, external 716K/1038K, paused 3ms+5ms
D/dalvikvm(   61): GC_CONCURRENT freed 241K, 47% free 3318K/6215K, external 716K/1038K, paused 3ms+4ms
D/PackageManager(   61): No files in app dir /vendor/app
I/PackageManager(   61): Unpacking native libraries for /data/app/com.nofatclips.crawler-1.apk
D/szipinf (   61): Initializing inflate state
I/PackageManager(   61): Unpacking native libraries for /data/app/org.wordpress.android-1.apk
I/PackageManager(   61): Unpacking native libraries for /data/app/GestureBuilder.apk
I/PackageManager(   61): Unpacking native libraries for /data/app/SoftKeyboard.apk
I/PackageManager(   61): Unpacking native libraries for /data/app/CubeLiveWallpapers.apk
D/szipinf (   61): Initializing inflate state
W/PackageParser(   61): No actions in intent filter at /data/app/ApiDemos.apk Binary XML file line #1882
W/PackageParser(   61): No actions in intent filter at /data/app/ApiDemos.apk Binary XML file line #1888
W/PackageManager(   61): Package com.example.android.apis desires unavailable shared library com.example.will.never.exist; ignoring!
I/PackageManager(   61): Unpacking native libraries for /data/app/ApiDemos.apk
D/dalvikvm(   61): GC_CONCURRENT freed 256K, 45% free 3602K/6471K, external 716K/1038K, paused 3ms+5ms
I/PackageManager(   61): Time to scan packages: 1.296 seconds
W/PackageManager(   61): Unknown permission com.google.android.googleapps.permission.GOOGLE_AUTH.mail in package com.android.contacts
W/PackageManager(   61): Unknown permission android.permission.ADD_SYSTEM_SERVICE in package com.android.phone
W/PackageManager(   61): Not granting permission android.permission.SEND_DOWNLOAD_COMPLETED_INTENTS to package com.android.browser (protectionLevel=2 flags=0x9be45)
W/PackageManager(   61): Unknown permission com.google.android.gm.permission.WRITE_GMAIL in package com.android.settings
W/PackageManager(   61): Unknown permission com.google.android.gm.permission.READ_GMAIL in package com.android.settings
W/PackageManager(   61): Unknown permission com.google.android.googleapps.permission.GOOGLE_AUTH in package com.android.settings
W/PackageManager(   61): Unknown permission com.google.android.googleapps.permission.GOOGLE_AUTH in package com.android.providers.contacts
W/PackageManager(   61): Unknown permission com.google.android.googleapps.permission.GOOGLE_AUTH.cp in package com.android.providers.contacts
W/PackageManager(   61): Unknown permission com.google.android.googleapps.permission.ACCESS_GOOGLE_PASSWORD in package com.android.development
W/PackageManager(   61): Unknown permission com.google.android.googleapps.permission.GOOGLE_AUTH in package com.android.development
W/PackageManager(   61): Unknown permission com.google.android.googleapps.permission.GOOGLE_AUTH.ALL_SERVICES in package com.android.development
W/PackageManager(   61): Unknown permission com.google.android.googleapps.permission.GOOGLE_AUTH.YouTubeUser in package com.android.development
W/PackageManager(   61): Unknown permission android.permission.READ_OWNER_DATA in package com.android.email
W/PackageManager(   61): Not granting permission android.permission.DEVICE_POWER to package com.android.deskclock (protectionLevel=2 flags=0x8be45)
D/dalvikvm(   61): GC_EXPLICIT freed 314K, 46% free 3570K/6599K, external 716K/1038K, paused 48ms
I/SystemServer(   61): Account Manager
I/SystemServer(   61): Content Manager
I/SystemServer(   61): System Content Providers
I/ActivityThread(   61): Pub settings: com.android.providers.settings.SettingsProvider
I/SystemServer(   61): Battery Service
I/SystemServer(   61): Lights Service
I/SystemServer(   61): Vibrator Service
D/qemud   (   38): fdhandler_accept_event: accepting on fd 9
D/qemud   (   38): created client 0x13ee8 listening on fd 11
D/qemud   (   38): client_fd_receive: attempting registration for service 'hw-control'
D/qemud   (   38): client_fd_receive:    -> received channel id 3
D/SettingsProvider(   61): cache for settings table 'secure' rows=27; fullycached=true
D/qemud   (   38): client_registration: registration succeeded for client 3
D/SettingsProvider(   61): cache for settings table 'system' rows=46; fullycached=true
I/SystemServer(   61): Alarm Manager
I/SystemServer(   61): Init Watchdog
I/SystemServer(   61): Window Manager
I/InputManager(   61): Initializing input manager
I/InputManager(   61): Starting input manager
I/SystemServer(   61): Registering null Bluetooth Service (emulator)
E/System  (   61): Failure starting core service
E/System  (   61): java.lang.SecurityException
E/System  (   61): 	at android.os.BinderProxy.transact(Native Method)
E/System  (   61): 	at android.os.ServiceManagerProxy.addService(ServiceManagerNative.java:146)
E/System  (   61): 	at android.os.ServiceManager.addService(ServiceManager.java:72)
E/System  (   61): 	at com.android.server.ServerThread.run(SystemServer.java:206)
I/SystemServer(   61): Device Policy
I/SystemServer(   61): Status Bar
I/SystemServer(   61): Clipboard Service
I/SystemServer(   61): Input Method Service
I/EventHub(   61): New keyboard: device->id=0x10000 devname='qwerty2' propName='hw.keyboards.65536.devname' keylayout='/system/usr/keylayout/qwerty.kl'
I/EventHub(   61): New device: path=/dev/input/event0 name=qwerty2 id=0x10000 (of 0x1) index=1 fd=85 classes=0x87
E/EventHub(   61): could not get driver version for /dev/input/mouse0, Not a typewriter
E/EventHub(   61): could not get driver version for /dev/input/mice, Not a typewriter
I/InputManager-Callbacks(   61): No input device calibration properties found for device qwerty2.
I/InputReader(   61): Device added: id=0x0, name=qwerty2, sources=00001103
I/InputManagerService(   61): Enabled input methods: jp.co.omronsoft.openwnn/.OpenWnnJAJP:com.android.inputmethod.latin/.LatinIME:com.android.inputmethod.pinyin/.PinyinIME:com.example.android.softkeyboard/.SoftKeyboard
I/SystemServer(   61): NetStat Service
I/SystemServer(   61): NetworkManagement Service
I/SystemServer(   61): Connectivity Service
I/WifiService(   61): WifiService starting up with Wi-Fi disabled
D/NetworkManagmentService(   61): Registering observer
I/SystemServer(   61): Throttle Service
I/SystemServer(   61): Accessibility Manager
I/SystemServer(   61): Mount Service
I/SystemServer(   61): Notification Manager
I/SystemServer(   61): Device Storage Monitor
I/SystemServer(   61): Location Manager
I/SystemServer(   61): Search Service
I/SystemServer(   61): DropBox Service
I/SystemServer(   61): Wallpaper Service
I/SystemServer(   61): Audio Service
D/VoldCmdListener(   29): volume list
I/PackageManager(   61): Updating external media status from unmounted to unmounted
D/VoldCmdListener(   29): share status ums
D/AudioHardwareInterface(   34): setMode(NORMAL)
W/AudioPolicyManagerBase(   34): setPhoneState() setting same state 0
E/SoundPool(   61): error loading /system/media/audio/ui/Effect_Tick.ogg
W/AudioService(   61): Soundpool could not load file: /system/media/audio/ui/Effect_Tick.ogg
E/SoundPool(   61): error loading /system/media/audio/ui/KeypressStandard.ogg
W/AudioService(   61): Soundpool could not load file: /system/media/audio/ui/KeypressStandard.ogg
E/SoundPool(   61): error loading /system/media/audio/ui/KeypressSpacebar.ogg
W/AudioService(   61): Soundpool could not load file: /system/media/audio/ui/KeypressSpacebar.ogg
E/SoundPool(   61): error loading /system/media/audio/ui/KeypressDelete.ogg
W/AudioService(   61): Soundpool could not load file: /system/media/audio/ui/KeypressDelete.ogg
E/SoundPool(   61): error loading /system/media/audio/ui/KeypressReturn.ogg
W/AudioService(   61): Soundpool could not load file: /system/media/audio/ui/KeypressReturn.ogg
I/SystemServer(   61): Headset Observer
W/HeadsetObserver(   61): This kernel does not have wired headset support
I/SystemServer(   61): Dock Observer
W/DockObserver(   61): This kernel does not have dock station support
I/SystemServer(   61): USB Observer
W/UsbObserver(   61): This kernel does not have USB configuration switch support
E/UsbObserver(   61): 
E/UsbObserver(   61): java.lang.NullPointerException
E/UsbObserver(   61): 	at com.android.server.UsbObserver.init(UsbObserver.java:131)
E/UsbObserver(   61): 	at com.android.server.UsbObserver.<init>(UsbObserver.java:65)
E/UsbObserver(   61): 	at com.android.server.ServerThread.run(SystemServer.java:402)
I/SystemServer(   61): UI Mode Manager Service
D/dalvikvm(   61): GC_CONCURRENT freed 281K, 44% free 3806K/6727K, external 716K/1038K, paused 3ms+4ms
I/SystemServer(   61): Backup Service
V/BackupManagerService(   61): No ancestral data
I/BackupManagerService(   61): Found stale backup journal, scheduling
I/BackupManagerService(   61):   com.android.inputmethod.latin
I/BackupManagerService(   61):   com.android.browser
I/BackupManagerService(   61):   com.android.providers.userdictionary
I/BackupManagerService(   61):   android
I/BackupManagerService(   61):   com.android.providers.settings
I/BackupManagerService(   61): Backup enabled => true
I/SystemServer(   61): AppWidget Service
I/SystemServer(   61): Recognition Service
I/SystemServer(   61): DiskStats Service
I/WindowManager(   61): SAFE MODE not enabled
D/dalvikvm(   61): JIT started for system_server
D/PowerManagerService(   61): system ready!
I/ActivityManager(   61): System now ready
I/SystemServer(   61): Making services ready
I/StatusBarManagerService(   61): Starting service: ComponentInfo{com.android.systemui/com.android.systemui.statusbar.StatusBarService}
I/Zygote  (   61): Process: zygote socket opened
I/ActivityManager(   61): Start proc com.android.systemui for service com.android.systemui/.statusbar.StatusBarService: pid=109 uid=1000 gids={3002, 3001, 3003}
I/ActivityManager(   61): Config changed: { scale=1.0 imsi=0/0 loc=en_US touch=0 keys=0/0/0 nav=0/0 orien=0 layout=0 uiMode=17 seq=2}
I/ActivityManager(   61): Config changed: { scale=1.0 imsi=0/0 loc=en_US touch=3 keys=2/1/2 nav=1/1 orien=1 layout=18 uiMode=17 seq=3}
W/RecognitionManagerService(   61): no available voice recognition services found
I/ActivityManager(   61): Start proc jp.co.omronsoft.openwnn for service jp.co.omronsoft.openwnn/.OpenWnnJAJP: pid=119 uid=10004 gids={}
W/GpsLocationProvider(   61): Could not open GPS configuration file /etc/gps.conf
D/NetworkManagmentService(   61): Registering observer
E/ThrottleService(   61): Could not open GPS configuration file /etc/gps.conf
I/ActivityManager(   61): Start proc com.android.phone for added application com.android.phone: pid=126 uid=1001 gids={3002, 3001, 3003, 1015}
I/ActivityManager(   61): Start proc com.android.systemui for added application com.android.systemui: pid=127 uid=1000 gids={3002, 3001, 3003}
I/ActivityManager(   61): Starting: Intent { act=android.intent.action.MAIN cat=[android.intent.category.HOME] flg=0x10000000 cmp=com.android.launcher/com.android.launcher2.Launcher } from pid 0
I/ActivityManager(   61): Start proc com.android.launcher for activity com.android.launcher/com.android.launcher2.Launcher: pid=137 uid=10013 gids={}
W/ActivityManager(   61): Unable to start service Intent { act=@0 }: not found
W/ActivityManager(   61): Unable to start service Intent { act=@0 }: not found
W/ActivityManager(   61): No pending application record for pid 109 (IApplicationThread android.app.ApplicationThreadProxy@40680000); dropping process
I/Process (   61): Sending signal. PID: 109 SIG: 9
I/SystemServer(   61): Enabled StrictMode for system server main thread.
I/ActivityManager(   61): Start proc com.android.settings for broadcast com.android.settings/.widget.SettingsAppWidgetProvider: pid=155 uid=1000 gids={3002, 3001, 3003}
D/qemud   (   38): fdhandler_accept_event: accepting on fd 9
D/qemud   (   38): created client 0x13f38 listening on fd 12
D/qemud   (   38): client_fd_receive: attempting registration for service 'gps'
D/qemud   (   38): client_fd_receive:    -> received channel id 4
D/qemud   (   38): client_registration: registration succeeded for client 4
D/dalvikvm(   61): GC_EXTERNAL_ALLOC freed 158K, 42% free 3920K/6727K, external 1035K/1038K, paused 212ms
D/dalvikvm(  119): GC_CONCURRENT freed 395K, 54% free 2650K/5639K, external 716K/1038K, paused 3ms+63ms
D/dalvikvm(  127): GC_CONCURRENT freed 408K, 54% free 2636K/5639K, external 716K/1038K, paused 3ms+31ms
E/logwrapper(  166): executing /system/bin/tc failed: No such file or directory
I/logwrapper(   30): /system/bin/tc terminated by exit(1)
E/logwrapper(  167): executing /system/bin/tc failed: No such file or directory
I/logwrapper(   30): /system/bin/tc terminated by exit(1)
E/logwrapper(  168): executing /system/bin/tc failed: No such file or directory
I/logwrapper(   30): /system/bin/tc terminated by exit(1)
D/dalvikvm(  126): GC_CONCURRENT freed 403K, 54% free 2641K/5639K, external 716K/1038K, paused 3ms+61ms
D/dalvikvm(  137): GC_CONCURRENT freed 405K, 54% free 2639K/5639K, external 716K/1038K, paused 3ms+39ms
I/ActivityThread(  137): Pub com.android.launcher2.settings: com.android.launcher2.LauncherProvider
D/dalvikvm(  119): No JNI_OnLoad found in /system/lib/libwnndict.so 0x40512cf0, skipping init
D/dalvikvm(  155): GC_CONCURRENT freed 406K, 54% free 2638K/5639K, external 716K/1038K, paused 3ms+27ms
I/ActivityThread(  126): Pub mms: com.android.providers.telephony.MmsProvider
I/ActivityThread(  126): Pub sms: com.android.providers.telephony.SmsProvider
I/ActivityThread(  126): Pub telephony: com.android.providers.telephony.TelephonyProvider
I/ActivityThread(  126): Pub icc: com.android.phone.IccProvider
I/ActivityThread(  126): Pub mms-sms: com.android.providers.telephony.MmsSmsProvider
D/dalvikvm(  119): GC_CONCURRENT freed 212K, 50% free 2912K/5767K, external 716K/1038K, paused 3ms+38ms
D/dalvikvm(   61): GC_EXTERNAL_ALLOC freed 223K, 42% free 3981K/6855K, external 1549K/1567K, paused 176ms
D/dalvikvm(   61): GREF has increased to 201
I/StatusBarManagerService(   61): registerStatusBar bar=com.android.internal.statusbar.IStatusBar$Stub$Proxy@4057c8d0
D/VoldCmdListener(   29): share status ums
D/StorageNotification(  127): Startup with UMS connection false (media state unmounted)
I/StorageNotification(  127): UMS connection changed to false (media state unmounted)
D/dalvikvm(  119): GC_CONCURRENT freed 434K, 50% free 3047K/6087K, external 716K/1038K, paused 3ms+33ms
D/CallManager(  126): registerPhone(GSM Handler{4055f098})
I/ActivityManager(   61): Start proc android.process.acore for content provider com.android.providers.contacts/.CallLogProvider: pid=182 uid=10006 gids={3003, 1015}
D/dalvikvm(   61): GC_EXTERNAL_ALLOC freed 189K, 42% free 4050K/6919K, external 1870K/2041K, paused 191ms
W/ActivityManager(   61): Unable to start service Intent { act=com.android.ussd.IExtendedNetworkService }: not found
I/TelephonyRegistry(   61): notifyServiceState: 3 home null null null  Unknown CSS not supported -1 -1RoamInd: -1DefRoamInd: -1EmergOnly: false
D/AlarmManagerService(   61): Kernel timezone updated to 0 minutes west of GMT
D/SystemClock(  126): Setting time of day to sec=1406688000
I/ActivityManager(   61): Start proc com.android.deskclock for broadcast com.android.deskclock/.AlarmInitReceiver: pid=190 uid=10019 gids={}
W/SystemClock(  126): Unable to set rtc to 1406688000: Invalid argument
D/dalvikvm(  137): GC_EXTERNAL_ALLOC freed 51K, 53% free 2701K/5639K, external 1032K/1038K, paused 333ms
I/TelephonyRegistry(   61): notifyDataConnection: state=0 isDataConnectivityPossible=false reason=radioTurnedOff interfaceName=null networkType=0
I/TelephonyRegistry(   61): notifyDataConnection: state=0 isDataConnectivityPossible=false reason=gprsDetached interfaceName=null networkType=0
I/ActivityThread(  182): Pub com.android.social: com.android.providers.contacts.SocialProvider
I/ActivityThread(  182): Pub applications: com.android.providers.applications.ApplicationsProvider
I/TelephonyRegistry(   61): notifyServiceState: 0 home Android Android 310260  UMTS CSS not supported -1 -1RoamInd: -1DefRoamInd: -1EmergOnly: false
I/TelephonyRegistry(   61): notifyDataConnection: state=0 isDataConnectivityPossible=false reason=null interfaceName=null networkType=3
D/dalvikvm(  126): GC_CONCURRENT freed 177K, 49% free 2925K/5703K, external 716K/1038K, paused 3ms+22ms
D/dalvikvm(  182): GC_CONCURRENT freed 406K, 54% free 2613K/5639K, external 716K/1038K, paused 3ms+99ms
D/MccTable(  126): updateMccMncConfiguration: mcc=310, mnc=260
D/MccTable(  126): locale set to en_us
D/MccTable(  126): WIFI_NUM_ALLOWED_CHANNELS set to 11
I/WifiService(   61): WifiService trying to setNumAllowed to 11 with persist set to true
I/ActivityManager(   61): Config changed: { scale=1.0 imsi=310/260 loc=en_US touch=3 keys=2/1/2 nav=1/1 orien=1 layout=18 uiMode=17 seq=4}
