I/PackageManager(   61): Updating external media status from unmounted to unmounted
D/VoldCmdListener(   29): share status ums
D/AudioHardwareInterface(   34): setMode(NORMAL)
W/AudioPolicyManagerBase(   34): setPhoneState() setting same state 0
E/SoundPool(   61): error loading /system/media/audio/ui/Effect_Tick.ogg
W/AudioService(   61): Soundpool could not load file: /system/media/audio/ui/Effect_Tick.ogg
E/SoundPool(   61): error loading /system/media/audio/ui/KeypressStandard.ogg
W/AudioService(   61): Soundpool could not load file: /system/media/audio/ui/KeypressStandard.ogg
E/SoundPool(   61): error loading /system/media/audio/ui/KeypressSpacebar.ogg
W/AudioService(   61): Soundpool could not load file: /system/media/audio/ui/KeypressSpacebar.ogg
E/SoundPool(   61): error loading /system/media/audio/ui/KeypressDelete.ogg
W/AudioService(   61): Soundpool could not load file: /system/media/audio/ui/KeypressDelete.ogg
E/SoundPool(   61): error loading /system/media/audio/ui/KeypressReturn.ogg
W/AudioService(   61): Soundpool could not load file: /system/media/audio/ui/KeypressReturn.ogg
I/SystemServer(   61): Headset Observer
W/HeadsetObserver(   61): This kernel does not have wired headset support
I/SystemServer(   61): Dock Observer
W/DockObserver(   61): This kernel does not have dock station support
I/SystemServer(   61): USB Observer
W/UsbObserver(   61): This kernel does not have USB configuration switch support
E/UsbObserver(   61): 
E/UsbObserver(   61): java.lang.NullPointerException
E/UsbObserver(   61): 	at com.android.server.UsbObserver.init(UsbObserver.java:131)
E/UsbObserver(   61): 	at com.android.server.UsbObserver.<init>(UsbObserver.java:65)
E/UsbObserver(   61): 	at com.android.server.ServerThread.run(SystemServer.java:402)
I/SystemServer(   61): UI Mode Manager Service
I/SystemServer(   61): Backup Service
V/BackupManagerService(   61): No ancestral data
I/BackupManagerService(   61): Found stale backup journal, scheduling
I/BackupManagerService(   61):   com.android.inputmethod.latin
I/BackupManagerService(   61):   com.android.browser
I/BackupManagerService(   61):   com.android.providers.userdictionary
I/BackupManagerService(   61):   android
I/BackupManagerService(   61):   com.android.providers.settings
I/BackupManagerService(   61): Backup enabled => true
D/dalvikvm(   61): GC_CONCURRENT freed 280K, 43% free 3860K/6727K, external 716K/1038K, paused 3ms+5ms
I/SystemServer(   61): AppWidget Service
I/SystemServer(   61): Recognition Service
I/SystemServer(   61): DiskStats Service
I/WindowManager(   61): SAFE MODE not enabled
D/dalvikvm(   61): JIT started for system_server
D/PowerManagerService(   61): system ready!
I/ActivityManager(   61): System now ready
I/SystemServer(   61): Making services ready
I/StatusBarManagerService(   61): Starting service: ComponentInfo{com.android.systemui/com.android.systemui.statusbar.StatusBarService}
I/Zygote  (   61): Process: zygote socket opened
I/ActivityManager(   61): Start proc com.android.systemui for service com.android.systemui/.statusbar.StatusBarService: pid=109 uid=1000 gids={3002, 3001, 3003}
I/ActivityManager(   61): Config changed: { scale=1.0 imsi=0/0 loc=en_US touch=0 keys=0/0/0 nav=0/0 orien=0 layout=0 uiMode=17 seq=2}
I/ActivityManager(   61): Config changed: { scale=1.0 imsi=0/0 loc=en_US touch=3 keys=2/1/2 nav=1/1 orien=1 layout=18 uiMode=17 seq=3}
W/RecognitionManagerService(   61): no available voice recognition services found
I/ActivityManager(   61): Start proc jp.co.omronsoft.openwnn for service jp.co.omronsoft.openwnn/.OpenWnnJAJP: pid=119 uid=10004 gids={}
W/GpsLocationProvider(   61): Could not open GPS configuration file /etc/gps.conf
D/NetworkManagmentService(   61): Registering observer
E/ThrottleService(   61): Could not open GPS configuration file /etc/gps.conf
I/ActivityManager(   61): Start proc com.android.phone for added application com.android.phone: pid=125 uid=1001 gids={3002, 3001, 3003, 1015}
I/ActivityManager(   61): Start proc com.android.systemui for added application com.android.systemui: pid=126 uid=1000 gids={3002, 3001, 3003}
I/ActivityManager(   61): Starting: Intent { act=android.intent.action.MAIN cat=[android.intent.category.HOME] flg=0x10000000 cmp=com.android.launcher/com.android.launcher2.Launcher } from pid 0
I/ActivityManager(   61): Start proc com.android.launcher for activity com.android.launcher/com.android.launcher2.Launcher: pid=136 uid=10013 gids={}
W/ActivityManager(   61): Unable to start service Intent { act=@0 }: not found
W/ActivityManager(   61): Unable to start service Intent { act=@0 }: not found
W/ActivityManager(   61): No pending application record for pid 109 (IApplicationThread android.app.ApplicationThreadProxy@405f31d8); dropping process
I/Process (   61): Sending signal. PID: 109 SIG: 9
I/ActivityManager(   61): Start proc com.android.settings for broadcast com.android.settings/.widget.SettingsAppWidgetProvider: pid=139 uid=1000 gids={3002, 3001, 3003}
I/SystemServer(   61): Enabled StrictMode for system server main thread.
D/qemud   (   38): fdhandler_accept_event: accepting on fd 9
D/qemud   (   38): created client 0x13f38 listening on fd 12
D/qemud   (   38): client_fd_receive: attempting registration for service 'gps'
D/qemud   (   38): client_fd_receive:    -> received channel id 4
D/qemud   (   38): client_registration: registration succeeded for client 4
D/dalvikvm(   61): GC_EXTERNAL_ALLOC freed 160K, 42% free 3920K/6727K, external 1035K/1038K, paused 49ms
E/logwrapper(  169): executing /system/bin/tc failed: No such file or directory
I/logwrapper(   30): /system/bin/tc terminated by exit(1)
E/logwrapper(  171): executing /system/bin/tc failed: No such file or directory
I/logwrapper(   30): /system/bin/tc terminated by exit(1)
E/logwrapper(  172): executing /system/bin/tc failed: No such file or directory
I/logwrapper(   30): /system/bin/tc terminated by exit(1)
D/dalvikvm(  119): GC_CONCURRENT freed 395K, 54% free 2650K/5639K, external 716K/1038K, paused 4ms+61ms
D/dalvikvm(  139): GC_CONCURRENT freed 407K, 54% free 2637K/5639K, external 716K/1038K, paused 3ms+55ms
D/dalvikvm(  136): GC_CONCURRENT freed 406K, 54% free 2638K/5639K, external 716K/1038K, paused 2ms+76ms
D/dalvikvm(  125): GC_CONCURRENT freed 404K, 54% free 2640K/5639K, external 716K/1038K, paused 3ms+55ms
D/dalvikvm(  126): GC_CONCURRENT freed 407K, 54% free 2637K/5639K, external 716K/1038K, paused 3ms+8ms
I/ActivityThread(  136): Pub com.android.launcher2.settings: com.android.launcher2.LauncherProvider
D/dalvikvm(  119): No JNI_OnLoad found in /system/lib/libwnndict.so 0x40512cf0, skipping init
D/dalvikvm(   61): GC_EXTERNAL_ALLOC freed 206K, 42% free 3949K/6791K, external 1564K/1567K, paused 211ms
D/dalvikvm(   61): GREF has increased to 201
I/ActivityThread(  125): Pub mms: com.android.providers.telephony.MmsProvider
I/ActivityThread(  125): Pub sms: com.android.providers.telephony.SmsProvider
I/ActivityThread(  125): Pub telephony: com.android.providers.telephony.TelephonyProvider
I/ActivityThread(  125): Pub icc: com.android.phone.IccProvider
I/ActivityThread(  125): Pub mms-sms: com.android.providers.telephony.MmsSmsProvider
D/dalvikvm(  119): GC_CONCURRENT freed 212K, 50% free 2912K/5767K, external 716K/1038K, paused 3ms+72ms
I/StatusBarManagerService(   61): registerStatusBar bar=com.android.internal.statusbar.IStatusBar$Stub$Proxy@4060b0f8
D/VoldCmdListener(   29): share status ums
D/StorageNotification(  126): Startup with UMS connection false (media state unmounted)
I/StorageNotification(  126): UMS connection changed to false (media state unmounted)
D/dalvikvm(  119): GC_CONCURRENT freed 434K, 50% free 3047K/6087K, external 716K/1038K, paused 3ms+44ms
D/dalvikvm(   61): GC_EXTERNAL_ALLOC freed 203K, 42% free 4041K/6855K, external 1468K/1745K, paused 204ms
D/CallManager(  125): registerPhone(GSM Handler{4055e738})
I/ActivityManager(   61): Start proc android.process.acore for content provider com.android.providers.contacts/.CallLogProvider: pid=190 uid=10006 gids={3003, 1015}
D/AndroidRuntime(  177): 
D/AndroidRuntime(  177): >>>>>> AndroidRuntime START com.android.internal.os.RuntimeInit <<<<<<
D/AndroidRuntime(  177): CheckJNI is ON
W/ActivityManager(   61): Unable to start service Intent { act=com.android.ussd.IExtendedNetworkService }: not found
I/TelephonyRegistry(   61): notifyServiceState: 3 home null null null  Unknown CSS not supported -1 -1RoamInd: -1DefRoamInd: -1EmergOnly: false
D/dalvikvm(  136): GC_EXTERNAL_ALLOC freed 48K, 53% free 2700K/5639K, external 1032K/1038K, paused 439ms
D/AlarmManagerService(   61): Kernel timezone updated to 0 minutes west of GMT
D/SystemClock(  125): Setting time of day to sec=1406687654
I/ActivityManager(   61): Start proc com.android.deskclock for broadcast com.android.deskclock/.AlarmInitReceiver: pid=195 uid=10019 gids={}
W/SystemClock(  125): Unable to set rtc to 1406687654: Invalid argument
I/TelephonyRegistry(   61): notifyDataConnection: state=0 isDataConnectivityPossible=false reason=radioTurnedOff interfaceName=null networkType=0
I/TelephonyRegistry(   61): notifyDataConnection: state=0 isDataConnectivityPossible=false reason=gprsDetached interfaceName=null networkType=0
I/TelephonyRegistry(   61): notifyServiceState: 0 home Android Android 310260  UMTS CSS not supported -1 -1RoamInd: -1DefRoamInd: -1EmergOnly: false
I/TelephonyRegistry(   61): notifyDataConnection: state=0 isDataConnectivityPossible=false reason=null interfaceName=null networkType=3
D/dalvikvm(  125): GC_CONCURRENT freed 172K, 49% free 2921K/5703K, external 716K/1038K, paused 2ms+51ms
I/ActivityThread(  190): Pub com.android.social: com.android.providers.contacts.SocialProvider
I/ActivityThread(  190): Pub applications: com.android.providers.applications.ApplicationsProvider
D/MccTable(  125): updateMccMncConfiguration: mcc=310, mnc=260
D/MccTable(  125): locale set to en_us
D/MccTable(  125): WIFI_NUM_ALLOWED_CHANNELS set to 11
I/WifiService(   61): WifiService trying to setNumAllowed to 11 with persist set to true
I/ActivityManager(   61): Config changed: { scale=1.0 imsi=310/260 loc=en_US touch=3 keys=2/1/2 nav=1/1 orien=1 layout=18 uiMode=17 seq=4}
I/TelephonyRegistry(   61): notifyMessageWaitingChanged: false
I/TelephonyRegistry(   61): notifyCallForwardingChanged: false
I/ActivityThread(  195): Pub com.android.deskclock: com.android.deskclock.AlarmProvider
D/dalvikvm(  190): GC_CONCURRENT freed 406K, 54% free 2613K/5639K, external 716K/1038K, paused 3ms+67ms
D/dalvikvm(  195): GC_CONCURRENT freed 369K, 54% free 2610K/5575K, external 716K/1038K, paused 2ms+50ms
D/dalvikvm(   61): GC_CONCURRENT freed 253K, 41% free 4122K/6983K, external 1865K/3065K, paused 3ms+23ms
D/TelephonyProvider(  125): Setting numeric '310260' to be the current operator
I/ActivityThread(  190): Pub contacts;com.android.contacts: com.android.providers.contacts.ContactsProvider2
I/TelephonyRegistry(   61): notifyDataConnection: state=1 isDataConnectivityPossible=true reason=simLoaded interfaceName=null networkType=3
I/TelephonyRegistry(   61): notifyDataConnection: state=2 isDataConnectivityPossible=true reason=simLoaded interfaceName=/dev/omap_csmi_tty1 networkType=3
D/Tethering(   61): MasterInitialState.processMessage what=3
D/SntpClient(   61): request time failed: java.net.SocketException: Address family not supported by protocol
D/dalvikvm(  136): GC_EXTERNAL_ALLOC freed 58K, 51% free 2765K/5639K, external 1567K/1572K, paused 343ms
I/ActivityManager(   61): Start proc com.android.protips for broadcast com.android.protips/.ProtipWidget: pid=218 uid=10024 gids={}
D/dalvikvm(   33): GC_EXPLICIT freed 10K, 53% free 2538K/5379K, external 716K/1038K, paused 173ms
D/dalvikvm(   33): GC_EXPLICIT freed <1K, 53% free 2538K/5379K, external 716K/1038K, paused 157ms
D/dalvikvm(   33): GC_EXPLICIT freed <1K, 53% free 2538K/5379K, external 716K/1038K, paused 156ms
D/AndroidRuntime(  177): Calling main entry com.android.commands.am.Am
I/ActivityManager(   61): Force stopping package org.wordpress.android uid=10034
I/ActivityManager(   61): Start proc org.wordpress.android for added application org.wordpress.android: pid=230 uid=10034 gids={3003, 1006, 1015}
I/ActivityManager(   61): Start proc com.android.music for broadcast com.android.music/.MediaAppWidgetProvider: pid=237 uid=10005 gids={3003, 1015}
D/szipinf (  230): Initializing inflate state
D/dalvikvm(  136): GC_EXTERNAL_ALLOC freed 47K, 51% free 2791K/5639K, external 2079K/2085K, paused 168ms
I/ActivityThread(  190): Pub call_log: com.android.providers.contacts.CallLogProvider
I/ActivityThread(  190): Pub user_dictionary: com.android.providers.userdictionary.UserDictionaryProvider
D/dalvikvm(  136): GC_EXPLICIT freed 26K, 51% free 2806K/5639K, external 2387K/2620K, paused 103ms
I/ActivityManager(   61): Start proc com.android.quicksearchbox for broadcast com.android.quicksearchbox/.SearchWidgetProvider: pid=246 uid=10002 gids={3003}
D/dalvikvm(   61): GREF has increased to 301
D/nofatclips(  230): Updating node 
D/nofatclips(  230): Loading node 
I/nofatclips(  230): Preferences file found.
V/nofatclips(  230): Updating value ACTIVITY_DESCRIPTION_IN_SESSION
V/nofatclips(  230): Updating value ADDITIONAL_CRITERIAS
V/nofatclips(  230): Updating value ADDITIONAL_EVENTS
V/nofatclips(  230): Updating value ADDITIONAL_INPUTS
V/nofatclips(  230): Updating value CLASS_NAME
D/nofatclips(  230): Updated value of parameter CLASS_NAME to org.wordpress.android.Dashboard (default = app.package.class)
V/nofatclips(  230): Updating value ENABLE_RESUME
V/nofatclips(  230): Updating value PACKAGE_NAME
D/nofatclips(  230): Updated value of parameter PACKAGE_NAME to org.wordpress.android (default = app.package)
V/nofatclips(  230): Updating value RANDOM_SEED
D/nofatclips(  230): Updated value of parameter RANDOM_SEED to 8136537569496220469 (default = 5466516511651561651)
V/nofatclips(  230): Updating value RETRY_FAILED_TRACES
V/nofatclips(  230): Updating value theClass
D/nofatclips(  230): Updating node scheduler
D/nofatclips(  230): Loading node scheduler
V/nofatclips(  230): Updating value ALL_EVENTS_ON_PREFERENCES
V/nofatclips(  230): Updating value BACK_BUTTON_EVENT
V/nofatclips(  230): Updating value DICTIONARY_FIXED_VALUE
V/nofatclips(  230): Updating value DICTIONARY_IGNORE_CONTENT_TYPES
V/nofatclips(  230): Updating value EMULATOR_PORT
V/nofatclips(  230): Updating value EVENTS
D/nofatclips(  230): Updated values of array parameter EVENTS
V/nofatclips(  230): Updating value EVENT_WHEN_NO_ID
V/nofatclips(  230): Updating value EXCLUDE_WIDGETS_INPUTS_IN_GPS_EVENTS
V/nofatclips(  230): Updating value EXCLUDE_WIDGETS_INPUTS_IN_SENSORS_EVENTS
V/nofatclips(  230): Updating value INPUTS
D/nofatclips(  230): Updated values of array parameter INPUTS
V/nofatclips(  230): Updating value KEY_EVENTS
V/nofatclips(  230): Updating value MAX_EVENTS_PER_WIDGET
V/nofatclips(  230): Updating value MAX_TASKS_IN_SCHEDULER
D/nofatclips(  230): Updated value of parameter MAX_TASKS_IN_SCHEDULER to 2 (default = 0)
V/nofatclips(  230): Updating value MAX_TASKS_PER_EVENT
V/nofatclips(  230): Updating value MENU_EVENTS
V/nofatclips(  230): Updating value ORIENTATION_EVENTS
V/nofatclips(  230): Updating value PLANNER
V/nofatclips(  230): Updating value REFLECT_ACTIVITY_LISTENERS
V/nofatclips(  230): Updating value REFLECT_WIDGETS
V/nofatclips(  230): Updating value SCHEDULER_ALGORITHM
D/nofatclips(  230): Updated value of parameter SCHEDULER_ALGORITHM to DEPTH_FIRST (default = BREADTH_FIRST)
V/nofatclips(  230): Updating value SCROLL_DOWN_EVENT
V/nofatclips(  230): Updating value SENSOR_TYPES
V/nofatclips(  230): Updating value SIMULATE_INCOMING_CALL
V/nofatclips(  230): Updating value SIMULATE_INCOMING_SMS
V/nofatclips(  230): Updating value TAB_EVENTS_START_ONLY
V/nofatclips(  230): Updating value TEST_LOCATION_PROVIDER
V/nofatclips(  230): Updating value TEXT_VALUES_FROM_DICTIONARY
V/nofatclips(  230): Updating value TEXT_VALUES_ID_HASH
V/nofatclips(  230): Updating value USE_GPS
V/nofatclips(  230): Updating value USE_SENSORS
D/nofatclips(  230): Updating node planner
D/nofatclips(  230): Loading node planner
V/nofatclips(  230): Updating value ALL_EVENTS_ON_PREFERENCES
V/nofatclips(  230): Updating value BACK_BUTTON_EVENT
V/nofatclips(  230): Updating value DICTIONARY_FIXED_VALUE
V/nofatclips(  230): Updating value DICTIONARY_IGNORE_CONTENT_TYPES
V/nofatclips(  230): Updating value EMULATOR_PORT
V/nofatclips(  230): Updating value EVENTS
D/nofatclips(  230): Updated values of array parameter EVENTS
V/nofatclips(  230): Updating value EVENT_WHEN_NO_ID
V/nofatclips(  230): Updating value EXCLUDE_WIDGETS_INPUTS_IN_GPS_EVENTS
V/nofatclips(  230): Updating value EXCLUDE_WIDGETS_INPUTS_IN_SENSORS_EVENTS
V/nofatclips(  230): Updating value INPUTS
D/nofatclips(  230): Updated values of array parameter INPUTS
V/nofatclips(  230): Updating value KEY_EVENTS
V/nofatclips(  230): Updating value MAX_EVENTS_PER_WIDGET
V/nofatclips(  230): Updating value MAX_TASKS_IN_SCHEDULER
V/nofatclips(  230): Updating value MAX_TASKS_PER_EVENT
V/nofatclips(  230): Updating value MENU_EVENTS
V/nofatclips(  230): Updating value ORIENTATION_EVENTS
V/nofatclips(  230): Updating value PLANNER
V/nofatclips(  230): Updating value REFLECT_ACTIVITY_LISTENERS
V/nofatclips(  230): Updating value REFLECT_WIDGETS
V/nofatclips(  230): Updating value SCHEDULER_ALGORITHM
V/nofatclips(  230): Updating value SCROLL_DOWN_EVENT
V/nofatclips(  230): Updating value SENSOR_TYPES
V/nofatclips(  230): Updating value SIMULATE_INCOMING_CALL
V/nofatclips(  230): Updating value SIMULATE_INCOMING_SMS
V/nofatclips(  230): Updating value TAB_EVENTS_START_ONLY
V/nofatclips(  230): Updating value TEST_LOCATION_PROVIDER
V/nofatclips(  230): Updating value TEXT_VALUES_FROM_DICTIONARY
V/nofatclips(  230): Updating value TEXT_VALUES_ID_HASH
D/nofatclips(  230): Updated value of parameter TEXT_VALUES_ID_HASH to true (default = false)
V/nofatclips(  230): Updating value USE_GPS
V/nofatclips(  230): Updating value USE_SENSORS
D/nofatclips(  230): Updating node interactions
D/nofatclips(  230): Loading node interactions
V/nofatclips(  230): Updating value ALL_EVENTS_ON_PREFERENCES
V/nofatclips(  230): Updating value BACK_BUTTON_EVENT
V/nofatclips(  230): Updating value DICTIONARY_FIXED_VALUE
V/nofatclips(  230): Updating value DICTIONARY_IGNORE_CONTENT_TYPES
V/nofatclips(  230): Updating value EMULATOR_PORT
V/nofatclips(  230): Updating value EVENTS
D/nofatclips(  230): Updated values of array parameter EVENTS
V/nofatclips(  230): Updating value EVENT_WHEN_NO_ID
V/nofatclips(  230): Updating value EXCLUDE_WIDGETS_INPUTS_IN_GPS_EVENTS
V/nofatclips(  230): Updating value EXCLUDE_WIDGETS_INPUTS_IN_SENSORS_EVENTS
V/nofatclips(  230): Updating value INPUTS
D/nofatclips(  230): Updated values of array parameter INPUTS
V/nofatclips(  230): Updating value KEY_EVENTS
I/ActivityThread(  246): Pub com.android.quicksearchbox.google: com.android.quicksearchbox.google.GoogleSuggestionProvider
V/nofatclips(  230): Updating value MAX_EVENTS_PER_WIDGET
V/nofatclips(  230): Updating value MAX_TASKS_IN_SCHEDULER
V/nofatclips(  230): Updating value MAX_TASKS_PER_EVENT
V/nofatclips(  230): Updating value MENU_EVENTS
V/nofatclips(  230): Updating value ORIENTATION_EVENTS
V/nofatclips(  230): Updating value PLANNER
V/nofatclips(  230): Updating value REFLECT_ACTIVITY_LISTENERS
V/nofatclips(  230): Updating value REFLECT_WIDGETS
V/nofatclips(  230): Updating value SCHEDULER_ALGORITHM
V/nofatclips(  230): Updating value SCROLL_DOWN_EVENT
V/nofatclips(  230): Updating value SENSOR_TYPES
V/nofatclips(  230): Updating value SIMULATE_INCOMING_CALL
V/nofatclips(  230): Updating value SIMULATE_INCOMING_SMS
V/nofatclips(  230): Updating value TAB_EVENTS_START_ONLY
V/nofatclips(  230): Updating value TEST_LOCATION_PROVIDER
V/nofatclips(  230): Updating value TEXT_VALUES_FROM_DICTIONARY
V/nofatclips(  230): Updating value TEXT_VALUES_ID_HASH
V/nofatclips(  230): Updating value USE_GPS
V/nofatclips(  230): Updating value USE_SENSORS
I/ActivityThread(  246): Pub com.android.quicksearchbox.shortcuts: com.android.quicksearchbox.ShortcutsProvider
D/nofatclips(  230): Updating node comparator
D/nofatclips(  230): Loading node comparator
V/nofatclips(  230): Updating value COMPARATOR
V/nofatclips(  230): Updating value COMPARATOR_TYPE
V/nofatclips(  230): Updating value COMPARE_ACTIVITY_NAME
V/nofatclips(  230): Updating value COMPARE_LIST_COUNT
V/nofatclips(  230): Updating value COMPARE_MENU_COUNT
D/nofatclips(  230): Updated value of parameter COMPARE_MENU_COUNT to false (default = true)
V/nofatclips(  230): Updating value COMPARE_STATE_TITLE
V/nofatclips(  230): Updating value COMPARE_VALUES
V/nofatclips(  230): Updating value WIDGET_TYPES
D/nofatclips(  230): Updating node strategy
D/nofatclips(  230): Loading node strategy
V/nofatclips(  230): Updating value AFTER_EVENT_DONT_EXPLORE
V/nofatclips(  230): Updating value AFTER_WIDGET_DONT_EXPLORE
V/nofatclips(  230): Updating value CHECK_FOR_TRANSITION
V/nofatclips(  230): Updating value EXPLORE_ONLY_NEW_STATES
D/nofatclips(  230): Updated value of parameter EXPLORE_ONLY_NEW_STATES to false (default = true)
V/nofatclips(  230): Updating value MAX_NUM_TRACES
D/nofatclips(  230): Updated value of parameter MAX_NUM_TRACES to 100 (default = 0)
V/nofatclips(  230): Updating value MAX_TIME_CRAWLING
V/nofatclips(  230): Updating value PAUSE_AFTER_TIME
V/nofatclips(  230): Updating value PAUSE_AFTER_TRACES
V/nofatclips(  230): Updating value TRACE_MAX_DEPTH
V/nofatclips(  230): Updating value TRACE_MIN_DEPTH
D/nofatclips(  230): Starting random testing
I/ActivityManager(   61): Start proc android.process.media for broadcast com.android.providers.downloads/.DownloadReceiver: pid=257 uid=10000 gids={1015, 1006, 2001, 3003}
I/TestRunner(  230): started: testAndCrawl(com.nofatclips.crawler.guitree.NomadEngine)
I/ActivityManager(   61): Starting: Intent { act=android.intent.action.MAIN flg=0x10000000 cmp=org.wordpress.android/.Dashboard } from pid 230
D/szipinf (   61): Initializing inflate state
I/ActivityThread(  257): Pub media: com.android.providers.media.MediaProvider
V/MediaProvider(  257): Attached volume: internal
I/ActivityThread(  257): Pub downloads: com.android.providers.downloads.DownloadProvider
I/ActivityThread(  257): Pub drm: com.android.providers.drm.DrmProvider
I/Launcher(  136): setLoadOnResume
D/dalvikvm(  230): GC_EXTERNAL_ALLOC freed 398K, 53% free 2737K/5767K, external 716K/1038K, paused 66ms
I/Launcher(  136): setLoadOnResume
D/dalvikvm(  230): GC_EXTERNAL_ALLOC freed 115K, 49% free 2944K/5767K, external 1407K/1623K, paused 44ms
I/ActivityManager(   61): Displayed org.wordpress.android/.Dashboard: +689ms (total +8s856ms)
I/SurfaceFlinger(   61): Boot is finished (12866 ms)
D/PowerManagerService(   61): bootCompleted
D/OtaStartupReceiver(  125): Not a CDMA phone, no need to process OTA
I/ARMAssembler(   61): generated scanline__00000177:03010104_00000002_00000000 [ 44 ipp] (66 ins) at [0x46efd290:0x46efd398] in 540554 ns
I/ARMAssembler(   61): generated scanline__00000177:03515104_00000001_00000000 [ 73 ipp] (95 ins) at [0x46efd3a0:0x46efd51c] in 487097 ns
D/nofatclips(  230): Generated Resuming Persistence
D/VoldCmdListener(   29): volume mount /mnt/sdcard
I/Vold    (   29): /dev/block/vold/179:0 being considered for volume sdcard
D/Vold    (   29): Volume sdcard state changing 1 (Idle-Unmounted) -> 3 (Checking)
I/StorageNotification(  126): Media {/mnt/sdcard} state changed from {unmounted} -> {checking}
I/dalvikvm(  230): Could not find method android.app.Activity.getFragmentManager, referenced from method com.jayway.android.robotium.solo.Waiter.getFragment
W/dalvikvm(  230): VFY: unable to resolve virtual method 7: Landroid/app/Activity;.getFragmentManager ()Landroid/app/FragmentManager;
D/dalvikvm(  230): VFY: replacing opcode 0x6e at 0x0008
I/dalvikvm(  230): Could not find method android.app.Activity.getFragmentManager, referenced from method com.jayway.android.robotium.solo.Waiter.getFragment
W/dalvikvm(  230): VFY: unable to resolve virtual method 7: Landroid/app/Activity;.getFragmentManager ()Landroid/app/FragmentManager;
D/dalvikvm(  230): VFY: replacing opcode 0x6e at 0x0017
W/dalvikvm(  230): VFY: unable to find class referenced in signature (Landroid/app/Fragment;)
D/dalvikvm(  230): VFY: dead code 0x000b-000f in Lcom/jayway/android/robotium/solo/Waiter;.getFragment (Ljava/lang/String;I)Landroid/app/Fragment;
D/dalvikvm(  230): VFY: dead code 0x001a-001f in Lcom/jayway/android/robotium/solo/Waiter;.getFragment (Ljava/lang/String;I)Landroid/app/Fragment;
W/dalvikvm(  230): VFY: unable to find class referenced in signature (Landroid/app/Fragment;)
D/dalvikvm(   61): GC_EXPLICIT freed 737K, 45% free 4132K/7495K, external 1865K/3065K, paused 87ms
I/RecoverySystem(   61): No recovery log file
I/ActivityManager(   61): Start proc com.android.mms for broadcast com.android.mms/.transaction.MmsSystemEventReceiver: pid=277 uid=10015 gids={3003, 1015}
I/ActivityThread(  277): Pub com.android.mms.SuggestionsProvider: com.android.mms.SuggestionsProvider
D/nofatclips(  230): Updating node automation
D/nofatclips(  230): Loading node automation
V/nofatclips(  230): Updating value FORCE_RESTART
V/nofatclips(  230): Updating value IN_AND_OUT_FOCUS
V/nofatclips(  230): Updating value PRECRAWLING
V/nofatclips(  230): Updating value SCREENSHOT_FOR_EVENTS
V/nofatclips(  230): Updating value SCREENSHOT_FOR_STATES
V/nofatclips(  230): Updating value SCREENSHOT_ONLY_NEW_STATES
V/nofatclips(  230): Updating value SLEEP_AFTER_EVENT
D/nofatclips(  230): Updated value of parameter SLEEP_AFTER_EVENT to 100 (default = 1000)
V/nofatclips(  230): Updating value SLEEP_AFTER_RESTART
D/nofatclips(  230): Updated value of parameter SLEEP_AFTER_RESTART to 100 (default = 1000)
V/nofatclips(  230): Updating value SLEEP_AFTER_TASK
D/nofatclips(  230): Updated value of parameter SLEEP_AFTER_TASK to 100 (default = 1000)
V/nofatclips(  230): Updating value SLEEP_ON_THROBBER
D/nofatclips(  230): Updated value of parameter SLEEP_ON_THROBBER to 100 (default = 1000)
D/nofatclips(  230): Updating node screenshot
W/ActivityManager(   61): Activity idle timeout for HistoryRecord{405444f0 com.android.launcher/com.android.launcher2.Launcher}
D/nofatclips(  230): Loading node screenshot
V/nofatclips(  230): Updating value FORCE_RESTART
V/nofatclips(  230): Updating value IN_AND_OUT_FOCUS
V/nofatclips(  230): Updating value PRECRAWLING
V/nofatclips(  230): Updating value SCREENSHOT_FOR_EVENTS
V/nofatclips(  230): Updating value SCREENSHOT_FOR_STATES
V/nofatclips(  230): Updating value SCREENSHOT_ONLY_NEW_STATES
V/nofatclips(  230): Updating value SLEEP_AFTER_EVENT
V/nofatclips(  230): Updating value SLEEP_AFTER_RESTART
V/nofatclips(  230): Updating value SLEEP_AFTER_TASK
V/nofatclips(  230): Updating value SLEEP_ON_THROBBER
I/nofatclips(  230): Waiting for 100 msec.
D/nofatclips(  230): Ready to operate after restarting...
I/nofatclips(  230): Current activity is Dashboard
W/nofatclips(  230): --->Dashboard
I/nofatclips(  230): Retrieving widgets
I/nofatclips(  230): Attempting to resume previous session
I/nofatclips(  230): Memoryless engine: the task file will not be loaded. Looking for crashed traces.
I/nofatclips(  230): Reading task file
V/nofatclips(  230): Discarding trace #13
I/nofatclips(  230): Stateless comparator: the state file will not be loaded.
D/dalvikvm(  230): GetFieldID: unable to find field Ljava/util/Hashtable;.loadFactor:F
D/dalvikvm(  230): GetFieldID: unable to find field Ljava/util/Hashtable;.loadFactor:F
I/InputReader(   61): Device reconfigured: id=0x0, name=qwerty2, display size is now 320x480
I/InputManager-Callbacks(   61): No virtual keys found for device qwerty2.
D/dalvikvm(  230): GetFieldID: unable to find field Ljava/util/Hashtable;.loadFactor:F
D/dalvikvm(  230): GetFieldID: unable to find field Ljava/util/Hashtable;.loadFactor:F
D/dalvikvm(  230): GetFieldID: unable to find field Ljava/util/Hashtable;.loadFactor:F
D/dalvikvm(  230): GetFieldID: unable to find field Ljava/util/Hashtable;.loadFactor:F
D/nofatclips(  230): Backup session footer restored to 
D/nofatclips(  230): </SESSION>
D/nofatclips(  230): Restored random counter to: 15
D/nofatclips(  230): Restored trace count to 15
D/nofatclips(  230): Current step countdown restored to 99
D/nofatclips(  230): Restored abstractor counters to: event = 15 - input = 0 - activity = 2
I/nofatclips(  230): Saving the session on disk.
D/dalvikvm(  230): GC_CONCURRENT freed 182K, 48% free 3033K/5831K, external 1812K/2324K, paused 3ms+89ms
I/ARMAssembler(   61): generated scanline__00000077:03515104_00001004_00000000 [ 65 ipp] (85 ins) at [0x46efd520:0x46efd674] in 517889 ns
I/ARMAssembler(   61): generated scanline__00000177:03515104_00001001_00000000 [ 91 ipp] (114 ins) at [0x46efd678:0x46efd840] in 338701 ns
I/nofatclips(  230): Planning for new Activity Dashboard
I/nofatclips(  230): Created trace to press the menu button
I/nofatclips(  230): Created trace to change orientation
I/nofatclips(  230): Dispatching new task. 2 more tasks remaining.
D/nofatclips(  230): Performing backup of the old task list on disk
D/nofatclips(  230): Saving task list on disk
V/nofatclips(  230): Backing up trace #15 to disk.
V/nofatclips(  230): Backing up trace #16 to disk.
D/nofatclips(  230): Deleting backup of the old task list from disk
I/nofatclips(  230): Restarting
I/ActivityManager(   61): Start proc com.android.email for broadcast com.android.email/.service.EmailBroadcastReceiver: pid=299 uid=10028 gids={3003, 1015}
I/ActivityThread(  299): Pub com.android.email.provider: com.android.email.provider.EmailProvider
I/ActivityThread(  299): Pub com.android.email.attachmentprovider: com.android.email.provider.AttachmentProvider
I/ActivityThread(  299): Pub com.android.exchange.provider: com.android.exchange.provider.ExchangeProvider
D/EAS SyncManager(  299): !!! EAS SyncManager, onCreate
I/nofatclips(  230): Waiting for 100 msec.
I/SearchManagerService(   61): Building list of searchable activities
I//system/bin/fsck_msdos(   29): ** /dev/block/vold/179:0
I//system/bin/fsck_msdos(   29): ** Phase 1 - Read and Compare FATs
D/nofatclips(  230): Ready to operate after restarting...
I//system/bin/fsck_msdos(   29): Attempting to allocate 397 KB for FAT
I/nofatclips(  230): Retrieving widgets
D/nofatclips(  230): Found widget: id=16908290 (android.widget.FrameLayout@405a01d0)
D/nofatclips(  230): Found widget: id=2131165248 (android.widget.RelativeLayout@405a0ed0)
D/nofatclips(  230): Found widget: id=2131165249 (android.widget.LinearLayout@405a1538)
D/nofatclips(  230): Found widget: id=-1 (android.widget.ImageView@405a1a80)
D/nofatclips(  230): Found widget: id=2131165250 (org.wordpress.android.util.WPTitleBar@4059b458)
D/nofatclips(  230): Found widget: id=2131165195 (android.widget.RelativeLayout@4050d9f8)
D/nofatclips(  230): Found widget: id=2131165196 (android.widget.RelativeLayout@40567ca8)
D/nofatclips(  230): Found widget: id=2131165197 (android.widget.ImageView@4059c6f0)
D/nofatclips(  230): Found widget: id=2131165198 (android.widget.TextView@40541018): Katie's Sweet Testing Blog
D/nofatclips(  230): Found widget: id=2131165199 (android.widget.ImageView@4055c8a8)
D/nofatclips(  230): Found widget: id=-1 (android.widget.RelativeLayout@40578c10)
D/nofatclips(  230): Found widget: id=2131165200 (android.widget.ImageButton@4059cc18)
D/nofatclips(  230): Found widget: id=-1 (android.widget.FrameLayout@4057a1a0)
D/nofatclips(  230): Found widget: id=2131165201 (android.widget.Button@405419e0): 
D/nofatclips(  230): Found widget: id=2131165202 (android.widget.ImageView@40593050)
D/nofatclips(  230): Found widget: id=2131165203 (android.widget.ImageView@4053c1d8)
D/nofatclips(  230): Found widget: id=2131165204 (android.widget.LinearLayout@405688b0)
D/nofatclips(  230): Found widget: id=-1 (android.widget.FrameLayout@4059c488)
D/nofatclips(  230): Found widget: id=-1 (android.widget.LinearLayout@4052f380)
D/nofatclips(  230): Found widget: id=-1 (android.widget.LinearLayout@4050d808)
D/nofatclips(  230): Found widget: id=-1 (android.widget.LinearLayout@4052e9a0)
D/nofatclips(  230): Found widget: id=2131165251 (android.widget.LinearLayout@4052f058)
D/nofatclips(  230): Found widget: id=-1 (android.widget.ImageView@4058faf8)
D/nofatclips(  230): Found widget: id=2131165256 (android.widget.TextView@4056a5a8): New Post
D/nofatclips(  230): Found widget: id=2131165253 (android.widget.LinearLayout@4059b690)
D/nofatclips(  230): Found widget: id=-1 (android.widget.ImageView@405303c0)
D/nofatclips(  230): Found widget: id=2131165256 (android.widget.TextView@4056aee0): New Page
D/nofatclips(  230): Found widget: id=-1 (android.widget.LinearLayout@40532678)
D/nofatclips(  230): Found widget: id=2131165252 (android.widget.LinearLayout@40510468)
D/nofatclips(  230): Found widget: id=-1 (android.widget.ImageView@4052f698)
D/nofatclips(  230): Found widget: id=2131165256 (android.widget.TextView@405770d8): Quick Photo
D/nofatclips(  230): Found widget: id=2131165254 (android.widget.LinearLayout@40545f88)
D/nofatclips(  230): Found widget: id=-1 (android.widget.ImageView@4055c288)
D/nofatclips(  230): Found widget: id=2131165256 (android.widget.TextView@40577948): Quick Video
D/nofatclips(  230): Found widget: id=-1 (android.widget.LinearLayout@4059da80)
D/nofatclips(  230): Found widget: id=-1 (android.widget.LinearLayout@4052de10)
D/nofatclips(  230): Found widget: id=2131165255 (android.widget.LinearLayout@40533630)
D/nofatclips(  230): Found widget: id=-1 (android.widget.ImageView@4053a0e8)
D/nofatclips(  230): Found widget: id=2131165256 (android.widget.TextView@40577fd0): Posts
D/nofatclips(  230): Found widget: id=2131165257 (android.widget.LinearLayout@40544758)
D/nofatclips(  230): Found widget: id=-1 (android.widget.ImageView@40542bc0)
D/nofatclips(  230): Found widget: id=2131165256 (android.widget.TextView@40536c28): Pages
D/nofatclips(  230): Found widget: id=-1 (android.widget.FrameLayout@4052f9b8)
D/nofatclips(  230): Found widget: id=2131165258 (android.widget.LinearLayout@40533c08)
D/nofatclips(  230): Found widget: id=-1 (android.widget.ImageView@4059cf70)
D/nofatclips(  230): Found widget: id=2131165256 (android.widget.TextView@40538bd8): Comments
D/nofatclips(  230): Found widget: id=2131165259 (android.widget.FrameLayout@40543190)
D/nofatclips(  230): Found widget: id=2131165260 (android.widget.ImageView@40543e10)
D/nofatclips(  230): Found widget: id=2131165261 (org.wordpress.android.util.CommentBadgeTextView@40539bf0): 0
D/nofatclips(  230): Found widget: id=-1 (android.widget.LinearLayout@405355c0)
D/nofatclips(  230): Found widget: id=2131165262 (android.widget.LinearLayout@40538910)
D/nofatclips(  230): Found widget: id=-1 (android.widget.ImageView@405366d8)
D/nofatclips(  230): Found widget: id=2131165256 (android.widget.TextView@40540210): Settings
D/nofatclips(  230): Found widget: id=2131165263 (android.widget.LinearLayout@40543528)
D/nofatclips(  230): Found widget: id=-1 (android.widget.ImageView@4055f450)
D/nofatclips(  230): Found widget: id=2131165256 (android.widget.TextView@40542550): Read
D/nofatclips(  230): Found widget: id=2131165264 (android.widget.LinearLayout@40560b70)
D/nofatclips(  230): Found widget: id=-1 (android.widget.ImageView@40563410)
D/nofatclips(  230): Found widget: id=2131165256 (android.widget.TextView@4054f2a8): Stats
D/nofatclips(  230): Found widget: id=-1 (com.android.internal.policy.impl.PhoneWindow$DecorView@4059f8d0)
I/nofatclips(  230): Playing Trace 16
I/nofatclips(  230): Retrieved from return list id=16908290
D/nofatclips(  230): Testing for type (android.widget.FrameLayout) against the original (null)
I/nofatclips(  230): Firing event: type= changeOrientation name= widget=null
D/dalvikvm(  230): GC_CONCURRENT freed 719K, 52% free 3144K/6471K, external 1812K/2324K, paused 3ms+4ms
D/Eas Debug(  299): Logging: 
D/MediaScannerService(  257): start scanning volume internal
D/EAS SyncManager(  299): !!! EAS SyncManager, onDestroy
D/dalvikvm(  277): GC_CONCURRENT freed 493K, 54% free 2726K/5831K, external 716K/1038K, paused 2ms+3ms
I//system/bin/fsck_msdos(   29): Attempting to allocate 397 KB for FAT
D/dalvikvm(  299): GC_CONCURRENT freed 536K, 54% free 2699K/5831K, external 716K/1038K, paused 3ms+3ms
D/Email   (  299): BOOT_COMPLETED
D/EAS SyncManager(  299): !!! EAS SyncManager, onCreate
D/EAS SyncManager(  299): !!! EAS SyncManager, onStartCommand
D/EAS SyncManager(  299): !!! EAS SyncManager, stopping self
D/EAS SyncManager(  299): !!! EAS SyncManager, onDestroy
I//system/bin/fsck_msdos(   29): Cluster 6 is marked as EOF in FAT 0, free in FAT 1
I//system/bin/fsck_msdos(   29): FIXED
I//system/bin/fsck_msdos(   29): ** Phase 2 - Check Cluster Chains
I//system/bin/fsck_msdos(   29): ** Phase 3 - Checking Directories
W/KeyCharacterMap(  230): No keyboard for id 0
W/KeyCharacterMap(  230): Using default keymap: /system/usr/keychars/qwerty.kcm.bin
I//system/bin/fsck_msdos(   29): ** Phase 4 - Checking for Lost Files
I//system/bin/fsck_msdos(   29): FIXED
I//system/bin/fsck_msdos(   29): Attempting to allocate 397 KB for FAT
I//system/bin/fsck_msdos(   29): 4 files, 50388 free (100776 clusters)
I//system/bin/fsck_msdos(   29): ***** FILE SYSTEM WAS MODIFIED *****
I/logwrapper(   29): /system/bin/fsck_msdos terminated by exit(4)
W/Vold    (   29): Filesystem modified - rechecking (pass 2)
I/Vold    (   29): Device /dev/block/vold/179:0, target /mnt/sdcard mounted @ /mnt/secure/staging
D/Vold    (   29): Volume sdcard state changing 3 (Checking) -> 4 (Mounted)
I/PackageManager(   61): Updating external media status from unmounted to mounted
I/StorageNotification(  126): Media {/mnt/sdcard} state changed from {checking} -> {mounted}
D/VoldCmdListener(   29): asec list
I/PackageManager(   61): No secure containers on sdcard
W/PackageManager(   61): Unknown permission com.google.android.googleapps.permission.GOOGLE_AUTH.mail in package com.android.contacts
W/PackageManager(   61): Unknown permission android.permission.ADD_SYSTEM_SERVICE in package com.android.phone
W/PackageManager(   61): Not granting permission android.permission.SEND_DOWNLOAD_COMPLETED_INTENTS to package com.android.browser (protectionLevel=2 flags=0x9be45)
W/PackageManager(   61): Unknown permission com.google.android.gm.permission.WRITE_GMAIL in package com.android.settings
W/PackageManager(   61): Unknown permission com.google.android.gm.permission.READ_GMAIL in package com.android.settings
W/PackageManager(   61): Unknown permission com.google.android.googleapps.permission.GOOGLE_AUTH in package com.android.settings
W/PackageManager(   61): Unknown permission com.google.android.googleapps.permission.GOOGLE_AUTH in package com.android.providers.contacts
W/PackageManager(   61): Unknown permission com.google.android.googleapps.permission.GOOGLE_AUTH.cp in package com.android.providers.contacts
W/PackageManager(   61): Unknown permission com.google.android.googleapps.permission.ACCESS_GOOGLE_PASSWORD in package com.android.development
W/PackageManager(   61): Unknown permission com.google.android.googleapps.permission.GOOGLE_AUTH in package com.android.development
W/PackageManager(   61): Unknown permission com.google.android.googleapps.permission.GOOGLE_AUTH.ALL_SERVICES in package com.android.development
W/PackageManager(   61): Unknown permission com.google.android.googleapps.permission.GOOGLE_AUTH.YouTubeUser in package com.android.development
W/PackageManager(   61): Unknown permission android.permission.READ_OWNER_DATA in package com.android.email
W/PackageManager(   61): Not granting permission android.permission.DEVICE_POWER to package com.android.deskclock (protectionLevel=2 flags=0x8be45)
W/ImageDownloader(  230): Error 404 while retrieving bitmap from http://gravatar.com/blavatar/44d338f29053dbb888da79dcf98df489?s=60&d=404
D/MediaScanner(  257):  prescan time: 388ms
D/dalvikvm(  257): GC_CONCURRENT freed 523K, 55% free 2646K/5767K, external 716K/1038K, paused 3ms+3ms
D/MediaScanner(  257):     scan time: 52ms
D/MediaScanner(  257): postscan time: 0ms
D/MediaScanner(  257):    total time: 440ms
D/szipinf (  190): Initializing inflate state
D/dalvikvm(  190): GC_CONCURRENT freed 245K, 51% free 2797K/5703K, external 716K/1038K, paused 3ms+18ms
D/MediaScannerService(  257): done scanning volume internal
D/MediaScannerService(  257): start scanning volume external
V/MediaProvider(  257): /mnt/sdcard volume ID: 167325214
I/WindowManager(   61): Setting rotation to 1, animFlags=1
I/ActivityManager(   61): Config changed: { scale=1.0 imsi=310/260 loc=en_US touch=3 keys=2/1/2 nav=1/1 orien=2 layout=18 uiMode=17 seq=5}
I/nofatclips(  230): Waiting for 100 msec.
W/WindowManager(   61): Window freeze timeout expired.
W/WindowManager(   61): Force clearing orientation change: Window{4071a0b0 org.wordpress.android/org.wordpress.android.Dashboard paused=false}
I/nofatclips(  230): Current activity is Dashboard
I/nofatclips(  230): Retrieving widgets
D/nofatclips(  230): Found widget: id=16908290 (android.widget.FrameLayout@405a01d0)
D/nofatclips(  230): Found widget: id=2131165248 (android.widget.RelativeLayout@405a0ed0)
D/nofatclips(  230): Found widget: id=2131165249 (android.widget.LinearLayout@405a1538)
D/nofatclips(  230): Found widget: id=-1 (android.widget.ImageView@405a1a80)
D/nofatclips(  230): Found widget: id=2131165250 (org.wordpress.android.util.WPTitleBar@4059b458)
D/nofatclips(  230): Found widget: id=2131165195 (android.widget.RelativeLayout@4050d9f8)
D/nofatclips(  230): Found widget: id=2131165196 (android.widget.RelativeLayout@40567ca8)
D/nofatclips(  230): Found widget: id=2131165197 (android.widget.ImageView@4059c6f0)
D/nofatclips(  230): Found widget: id=2131165198 (android.widget.TextView@40541018): Katie's Sweet Testing Blog
D/nofatclips(  230): Found widget: id=2131165199 (android.widget.ImageView@4055c8a8)
D/nofatclips(  230): Found widget: id=-1 (android.widget.RelativeLayout@40578c10)
D/nofatclips(  230): Found widget: id=2131165200 (android.widget.ImageButton@4059cc18)
D/nofatclips(  230): Found widget: id=-1 (android.widget.FrameLayout@4057a1a0)
D/nofatclips(  230): Found widget: id=2131165201 (android.widget.Button@405419e0): 
D/nofatclips(  230): Found widget: id=2131165202 (android.widget.ImageView@40593050)
D/nofatclips(  230): Found widget: id=2131165203 (android.widget.ImageView@4053c1d8)
D/nofatclips(  230): Found widget: id=2131165249 (android.widget.LinearLayout@4062cf70)
D/nofatclips(  230): Found widget: id=-1 (android.widget.FrameLayout@4057c728)
D/nofatclips(  230): Found widget: id=-1 (android.widget.LinearLayout@4057c938)
D/nofatclips(  230): Found widget: id=-1 (android.widget.LinearLayout@40570370)
D/nofatclips(  230): Found widget: id=-1 (android.widget.LinearLayout@4062c6b0)
D/nofatclips(  230): Found widget: id=2131165251 (android.widget.LinearLayout@4062c8b0)
D/nofatclips(  230): Found widget: id=-1 (android.widget.ImageView@405ebc90)
D/nofatclips(  230): Found widget: id=-1 (android.widget.TextView@405d3390): New Post
D/nofatclips(  230): Found widget: id=2131165252 (android.widget.LinearLayout@405d3690)
D/nofatclips(  230): Found widget: id=-1 (android.widget.ImageView@405f1498)
D/nofatclips(  230): Found widget: id=-1 (android.widget.TextView@40631ef0): Quick Photo
D/nofatclips(  230): Found widget: id=-1 (android.widget.LinearLayout@406321f0)
D/nofatclips(  230): Found widget: id=2131165253 (android.widget.LinearLayout@40632410)
D/nofatclips(  230): Found widget: id=-1 (android.widget.ImageView@40630540)
D/nofatclips(  230): Found widget: id=-1 (android.widget.TextView@406308f0): New Page
D/nofatclips(  230): Found widget: id=2131165254 (android.widget.LinearLayout@40633d88)
D/nofatclips(  230): Found widget: id=-1 (android.widget.ImageView@40634f08)
D/nofatclips(  230): Found widget: id=-1 (android.widget.TextView@40631310): Quick Video
D/nofatclips(  230): Found widget: id=-1 (android.widget.LinearLayout@40631580)
D/nofatclips(  230): Found widget: id=-1 (android.widget.LinearLayout@40631780)
D/nofatclips(  230): Found widget: id=2131165255 (android.widget.LinearLayout@406319a0)
D/nofatclips(  230): Found widget: id=-1 (android.widget.ImageView@405eace0)
D/nofatclips(  230): Found widget: id=2131165256 (android.widget.TextView@405eb090): Posts
D/nofatclips(  230): Found widget: id=2131165257 (android.widget.LinearLayout@405d5970)
D/nofatclips(  230): Found widget: id=-1 (android.widget.ImageView@40635538)
D/nofatclips(  230): Found widget: id=2131165256 (android.widget.TextView@406357c8): Pages
D/nofatclips(  230): Found widget: id=-1 (android.widget.FrameLayout@40635c58)
D/nofatclips(  230): Found widget: id=2131165258 (android.widget.LinearLayout@40635ec0)
D/nofatclips(  230): Found widget: id=-1 (android.widget.ImageView@405f2430)
D/nofatclips(  230): Found widget: id=2131165256 (android.widget.TextView@405f27e0): Comments
D/nofatclips(  230): Found widget: id=2131165259 (android.widget.FrameLayout@405f2c70)
D/nofatclips(  230): Found widget: id=2131165260 (android.widget.ImageView@4062d360)
D/nofatclips(  230): Found widget: id=2131165261 (org.wordpress.android.util.CommentBadgeTextView@4062d7a8): 0
D/nofatclips(  230): Found widget: id=-1 (android.widget.LinearLayout@4062dc70)
D/nofatclips(  230): Found widget: id=2131165262 (android.widget.LinearLayout@4062de90)
D/nofatclips(  230): Found widget: id=-1 (android.widget.ImageView@405f3210)
D/nofatclips(  230): Found widget: id=2131165256 (android.widget.TextView@405f35c0): Settings
D/nofatclips(  230): Found widget: id=2131165263 (android.widget.LinearLayout@405f3a50)
D/nofatclips(  230): Found widget: id=-1 (android.widget.ImageView@405d7020)
D/nofatclips(  230): Found widget: id=2131165256 (android.widget.TextView@405d73d0): Read
I/dalvikvm(  230): Jit: resizing JitTable from 512 to 1024
D/nofatclips(  230): Found widget: id=2131165264 (android.widget.LinearLayout@405d7860)
D/nofatclips(  230): Found widget: id=-1 (android.widget.ImageView@4062f918)
D/nofatclips(  230): Found widget: id=2131165256 (android.widget.TextView@4062fcc8): Stats
D/nofatclips(  230): Found widget: id=-1 (com.android.internal.policy.impl.PhoneWindow$DecorView@4059f8d0)
V/nicola  (  230): TextualID : blog_title
V/nicola  (  230): ContentType detected : default
V/nicola  (  230): TextualID : action_refresh
V/nicola  (  230): ContentType detected : default
V/nicola  (  230): TextualID : null
V/nicola  (  230): ContentType detected : default
V/nicola  (  230): TextualID : null
V/nicola  (  230): ContentType detected : default
V/nicola  (  230): TextualID : null
V/nicola  (  230): ContentType detected : default
V/nicola  (  230): TextualID : null
V/nicola  (  230): ContentType detected : default
V/nicola  (  230): TextualID : button_text
V/nicola  (  230): ContentType detected : default
V/nicola  (  230): TextualID : button_text
V/nicola  (  230): ContentType detected : default
V/nicola  (  230): TextualID : button_text
V/nicola  (  230): ContentType detected : default
V/nicola  (  230): TextualID : button_text
V/nicola  (  230): ContentType detected : default
D/dalvikvm(  230): GC_CONCURRENT freed 747K, 51% free 3244K/6599K, external 2194K/2324K, paused 5ms+11ms
V/nicola  (  230): TextualID : button_text
V/nicola  (  230): ContentType detected : default
V/nicola  (  230): TextualID : button_text
V/nicola  (  230): ContentType detected : default
I/nofatclips(  230): Performing comparation for activity Dashboard
I/nofatclips(  230): Registering activity Dashboard (id: a3) as a new found state
D/nofatclips(  230): Performing backup of the old activity list on disk
D/nofatclips(  230): Saving new found state 'a3' on disk
V/nofatclips(  230): Opening state file in append mode.
D/dalvikvm(   61): GC_EXPLICIT freed 577K, 45% free 4143K/7495K, external 1865K/3065K, paused 180ms
D/dalvikvm(  230): GC_EXTERNAL_ALLOC freed 212K, 51% free 3238K/6599K, external 1812K/2324K, paused 183ms
D/dalvikvm(  230): GC_EXTERNAL_ALLOC freed 25K, 52% free 3213K/6599K, external 1999K/2511K, paused 66ms
I/nofatclips(  230): Saved image on disk: a3.jpg
I/nofatclips(  230): Waiting for 100 msec.
I/nofatclips(  230): Session count is 1. Will dump to disk at 1
I/nofatclips(  230): Saving the session on disk.
I/nofatclips(  230): Planning for new Activity Dashboard
D/nofatclips(  230): Handling event 'click' on widget id=2131165200 type=button name=
D/nofatclips(  230): Handling event 'click' on widget id=2131165201 type=button name=
D/nofatclips(  230): Handling event 'click' on widget id=2131165249 type=linearLayout name=
D/nofatclips(  230): Handling event 'click' on widget id=2131165251 type=linearLayout name=
D/nofatclips(  230): Handling event 'click' on widget id=2131165252 type=linearLayout name=
D/nofatclips(  230): Handling event 'click' on widget id=2131165253 type=linearLayout name=
D/nofatclips(  230): Handling event 'click' on widget id=2131165254 type=linearLayout name=
D/nofatclips(  230): Handling event 'click' on widget id=2131165255 type=linearLayout name=
D/nofatclips(  230): Handling event 'click' on widget id=2131165257 type=linearLayout name=
D/dalvikvm(  230): GC_CONCURRENT freed 843K, 51% free 3335K/6791K, external 2599K/3246K, paused 3ms+4ms
