D/nofatclips(  255): Comparing against activity Read
D/nofatclips(  255): Comparing against activity Settings
D/nofatclips(  255): Comparing against activity Dashboard
D/nofatclips(  255): Comparing against activity Read
D/nofatclips(  255): Comparing against activity Settings
D/nofatclips(  255): Comparing against activity Dashboard
D/nofatclips(  255): Comparing against activity Read
D/nofatclips(  255): Comparing against activity Dashboard
D/nofatclips(  255): Comparing against activity Settings
D/nofatclips(  255): Comparing against activity Read
D/nofatclips(  255): Comparing against activity Read
I/nofatclips(  255): Registering activity EditPost (id: a17) as a new found state
D/nofatclips(  255): Performing backup of the old activity list on disk
D/nofatclips(  255): Saving new found state 'a17' on disk
V/nofatclips(  255): Opening state file in append mode.
D/dalvikvm(  255): GC_EXTERNAL_ALLOC freed 541K, 53% free 4421K/9223K, external 2457K/2751K, paused 136ms
I/nofatclips(  255): Saved image on disk: a17.jpg
I/nofatclips(  255): Waiting for 100 msec.
I/nofatclips(  255): Session count is 1. Will dump to disk at 1
I/nofatclips(  255): Saving the session on disk.
I/nofatclips(  255): Planning for new Activity EditPost
D/nofatclips(  255): Handling event 'focus' on widget id=2131165265 type=focusableEditText name=Content
D/nofatclips(  255): Handling input 'writeText' on widget id=2131165236 type=editText name=Title
V/nofatclips(  255): Using value: 90
D/nofatclips(  255): Handling input 'writeText' on widget id=2131165286 type=editText name=Password (optional)
V/nofatclips(  255): Using value: 45
D/nofatclips(  255): Handling event 'click' on widget id=2131165283 type=button name=Edit
D/nofatclips(  255): Handling input 'writeText' on widget id=2131165236 type=editText name=Title
V/nofatclips(  255): Using value: 90
D/nofatclips(  255): Handling input 'writeText' on widget id=2131165286 type=editText name=Password (optional)
V/nofatclips(  255): Using value: 45
D/nofatclips(  255): Handling event 'click' on widget id=2131165287 type=button name=Publish
D/nofatclips(  255): Handling input 'writeText' on widget id=2131165236 type=editText name=Title
V/nofatclips(  255): Using value: 90
D/nofatclips(  255): Handling input 'writeText' on widget id=2131165286 type=editText name=Password (optional)
V/nofatclips(  255): Using value: 45
I/nofatclips(  255): Created trace to press the back button
I/nofatclips(  255): Created trace to press the menu button
I/nofatclips(  255): Created trace to change orientation
D/dalvikvm(  255): GC_CONCURRENT freed 1325K, 52% free 4518K/9223K, external 3657K/3818K, paused 5ms+7ms
I/nofatclips(  255): Check for termination: 34 steps left of 50
I/nofatclips(  255): Dispatching new task. 2 more tasks remaining.
D/nofatclips(  255): Performing backup of the old task list on disk
D/nofatclips(  255): Saving task list on disk
V/nofatclips(  255): Backing up trace #163 to disk.
V/nofatclips(  255): Backing up trace #164 to disk.
D/nofatclips(  255): Deleting backup of the old task list from disk
D/nofatclips(  255): Deleting backup of the old activity list from disk
I/nofatclips(  255): Incrementally Playing Trace 164
I/nofatclips(  255): Retrieved from return list id=-1
D/nofatclips(  255): Testing for type (android.widget.LinearLayout) against the original (null)
I/nofatclips(  255): Firing event: type= changeOrientation name= widget=null
I/WindowManager(   61): Setting rotation to 0, animFlags=1
I/ActivityManager(   61): Config changed: { scale=1.0 imsi=310/260 loc=en_US touch=3 keys=2/1/2 nav=1/1 orien=1 layout=18 uiMode=17 seq=10}
I/nofatclips(  255): Waiting for 100 msec.
I/nofatclips(  255): Current activity is EditPost
I/nofatclips(  255): Retrieving widgets
D/nofatclips(  255): Found widget: id=-1 (android.widget.LinearLayout@406a58a8)
D/nofatclips(  255): Found widget: id=-1 (android.widget.FrameLayout@406a5c10)
D/nofatclips(  255): Found widget: id=16908310 (android.widget.TextView@406c9a08): Katie&#039;s Sweet Testing Blog - New Page
D/nofatclips(  255): Found widget: id=16908290 (android.widget.FrameLayout@40878f70)
D/nofatclips(  255): Found widget: id=2131165298 (android.widget.ScrollView@4087cfc8)
D/nofatclips(  255): Found widget: id=-1 (android.widget.LinearLayout@408479c8)
D/nofatclips(  255): Found widget: id=2131165209 (android.widget.RelativeLayout@40847c50)
D/nofatclips(  255): Found widget: id=2131165210 (android.widget.TextView@4060bb90): Page Content
D/nofatclips(  255): Found widget: id=2131165236 (android.widget.EditText@408b9b38): 
D/nofatclips(  255): Found widget: id=2131165265 (org.wordpress.android.util.WPEditText@4077bb00): 
D/nofatclips(  255): Found widget: id=2131165288 (android.widget.RelativeLayout@4067d6f8)
D/nofatclips(  255): Found widget: id=2131165278 (android.widget.TextView@406fae70): Status
D/nofatclips(  255): Found widget: id=2131165279 (android.widget.TextView@4067e7a0): Status:
D/nofatclips(  255): Found widget: id=2131165280 (android.widget.Spinner@408be4b0)
D/nofatclips(  255): Found widget: id=2131165281 (android.widget.TextView@40859030): Publish:
D/nofatclips(  255): Found widget: id=2131165282 (android.widget.TextView@405acd90): Immediately
D/nofatclips(  255): Found widget: id=2131165283 (android.widget.Button@406035a0): Edit
D/nofatclips(  255): Found widget: id=2131165266 (android.widget.RelativeLayout@405db5b0)
D/nofatclips(  255): Found widget: id=2131165216 (android.widget.TextView@406ad450): Password (optional)
D/nofatclips(  255): Found widget: id=2131165286 (android.widget.EditText@4085b860): 
D/nofatclips(  255): Found widget: id=2131165287 (android.widget.Button@406ccfe8): Publish
D/nofatclips(  255): Found widget: id=-1 (com.android.internal.policy.impl.PhoneWindow$DecorView@40740af8)
V/nicola  (  255): TextualID : null
V/nicola  (  255): ContentType detected : default
V/nicola  (  255): TextualID : l_section1
V/nicola  (  255): ContentType detected : default
V/ReflectionHelper(  255): android.widget.EditText > mOnFocusChangeListener FOUND | NOT ACTIVE
V/nicola  (  255): TextualID : title
V/nicola  (  255): ContentType detected : default
V/ReflectionHelper(  255): org.wordpress.android.util.WPEditText > mOnFocusChangeListener FOUND | ACTIVE
V/nicola  (  255): TextualID : postContent
V/nicola  (  255): ContentType detected : default
V/nicola  (  255): TextualID : l_status
V/nicola  (  255): ContentType detected : default
V/nicola  (  255): TextualID : statusLabel
V/nicola  (  255): ContentType detected : default
V/nicola  (  255): TextualID : pubDateLabel
V/nicola  (  255): ContentType detected : default
V/nicola  (  255): TextualID : pubDate
V/nicola  (  255): ContentType detected : default
V/nicola  (  255): TextualID : pubDateButton
V/nicola  (  255): ContentType detected : default
V/nicola  (  255): TextualID : l_password
V/nicola  (  255): ContentType detected : default
V/ReflectionHelper(  255): android.widget.EditText > mOnFocusChangeListener FOUND | NOT ACTIVE
V/nicola  (  255): TextualID : post_password
V/nicola  (  255): ContentType detected : default
V/nicola  (  255): TextualID : post
V/nicola  (  255): ContentType detected : default
I/nofatclips(  255): Performing comparation for activity EditPost
D/nofatclips(  255): Comparing against activity Read
D/nofatclips(  255): Comparing against activity Dashboard
D/nofatclips(  255): Comparing against activity Read
D/nofatclips(  255): Comparing against activity Dashboard
D/nofatclips(  255): Comparing against activity Read
D/nofatclips(  255): Comparing against activity Read
D/nofatclips(  255): Comparing against activity Settings
D/nofatclips(  255): Comparing against activity Dashboard
D/nofatclips(  255): Comparing against activity EditPost
D/nofatclips(  255): Comparing against activity Read
D/nofatclips(  255): Comparing against activity Settings
D/nofatclips(  255): Comparing against activity Dashboard
D/nofatclips(  255): Comparing against activity Read
D/nofatclips(  255): Comparing against activity Dashboard
D/nofatclips(  255): Comparing against activity Settings
D/nofatclips(  255): Comparing against activity Read
D/nofatclips(  255): Comparing against activity Read
I/nofatclips(  255): Registering activity EditPost (id: a18) as a new found state
D/nofatclips(  255): Performing backup of the old activity list on disk
D/nofatclips(  255): Saving new found state 'a18' on disk
V/nofatclips(  255): Opening state file in append mode.
I/nofatclips(  255): Saved image on disk: a18.jpg
I/nofatclips(  255): Waiting for 100 msec.
I/nofatclips(  255): Session count is 1. Will dump to disk at 1
I/nofatclips(  255): Saving the session on disk.
I/nofatclips(  255): Planning for new Activity EditPost
D/nofatclips(  255): Handling event 'focus' on widget id=2131165265 type=focusableEditText name=Content
D/nofatclips(  255): Handling input 'writeText' on widget id=2131165236 type=editText name=Title
V/nofatclips(  255): Using value: 90
D/nofatclips(  255): Handling input 'writeText' on widget id=2131165286 type=editText name=Password (optional)
V/nofatclips(  255): Using value: 45
D/nofatclips(  255): Handling event 'click' on widget id=2131165283 type=button name=Edit
D/nofatclips(  255): Handling input 'writeText' on widget id=2131165236 type=editText name=Title
V/nofatclips(  255): Using value: 90
D/nofatclips(  255): Handling input 'writeText' on widget id=2131165286 type=editText name=Password (optional)
V/nofatclips(  255): Using value: 45
D/nofatclips(  255): Handling event 'click' on widget id=2131165287 type=button name=Publish
D/nofatclips(  255): Handling input 'writeText' on widget id=2131165236 type=editText name=Title
V/nofatclips(  255): Using value: 90
D/nofatclips(  255): Handling input 'writeText' on widget id=2131165286 type=editText name=Password (optional)
V/nofatclips(  255): Using value: 45
I/nofatclips(  255): Created trace to press the back button
I/nofatclips(  255): Created trace to press the menu button
I/nofatclips(  255): Created trace to change orientation
D/dalvikvm(   61): GC_EXPLICIT freed 24K, 45% free 4117K/7431K, external 1316K/1828K, paused 355ms
D/dalvikvm(  255): GC_CONCURRENT freed 1827K, 51% free 4576K/9223K, external 3657K/3818K, paused 7ms+8ms
I/nofatclips(  255): Check for termination: 33 steps left of 50
I/nofatclips(  255): Dispatching new task. 2 more tasks remaining.
D/nofatclips(  255): Performing backup of the old task list on disk
D/nofatclips(  255): Saving task list on disk
V/nofatclips(  255): Backing up trace #169 to disk.
V/nofatclips(  255): Backing up trace #170 to disk.
D/nofatclips(  255): Deleting backup of the old task list from disk
D/nofatclips(  255): Deleting backup of the old activity list from disk
I/nofatclips(  255): Incrementally Playing Trace 170
I/nofatclips(  255): Retrieved from return list id=-1
D/nofatclips(  255): Testing for type (android.widget.LinearLayout) against the original (null)
I/nofatclips(  255): Firing event: type= changeOrientation name= widget=null
I/WindowManager(   61): Setting rotation to 1, animFlags=1
I/ActivityManager(   61): Config changed: { scale=1.0 imsi=310/260 loc=en_US touch=3 keys=2/1/2 nav=1/1 orien=2 layout=18 uiMode=17 seq=11}
I/nofatclips(  255): Waiting for 100 msec.
I/nofatclips(  255): Current activity is EditPost
I/nofatclips(  255): Retrieving widgets
D/nofatclips(  255): Found widget: id=-1 (android.widget.LinearLayout@406a58a8)
D/nofatclips(  255): Found widget: id=-1 (android.widget.FrameLayout@406a5c10)
D/nofatclips(  255): Found widget: id=16908310 (android.widget.TextView@406c9a08): Katie&#039;s Sweet Testing Blog - New Page
D/nofatclips(  255): Found widget: id=16908290 (android.widget.FrameLayout@40878f70)
D/nofatclips(  255): Found widget: id=2131165298 (android.widget.ScrollView@4087cfc8)
D/nofatclips(  255): Found widget: id=-1 (android.widget.LinearLayout@408479c8)
D/nofatclips(  255): Found widget: id=2131165209 (android.widget.RelativeLayout@40847c50)
D/nofatclips(  255): Found widget: id=2131165210 (android.widget.TextView@4060bb90): Page Content
D/nofatclips(  255): Found widget: id=2131165236 (android.widget.EditText@408b9b38): 
D/nofatclips(  255): Found widget: id=2131165265 (org.wordpress.android.util.WPEditText@4077bb00): 
D/nofatclips(  255): Found widget: id=2131165288 (android.widget.RelativeLayout@4067d6f8)
D/nofatclips(  255): Found widget: id=2131165278 (android.widget.TextView@406fae70): Status
D/nofatclips(  255): Found widget: id=2131165279 (android.widget.TextView@4067e7a0): Status:
D/nofatclips(  255): Found widget: id=2131165280 (android.widget.Spinner@408be4b0)
D/nofatclips(  255): Found widget: id=2131165281 (android.widget.TextView@40859030): Publish:
D/nofatclips(  255): Found widget: id=2131165282 (android.widget.TextView@405acd90): Immediately
D/nofatclips(  255): Found widget: id=2131165283 (android.widget.Button@406035a0): Edit
D/nofatclips(  255): Found widget: id=2131165266 (android.widget.RelativeLayout@405db5b0)
D/nofatclips(  255): Found widget: id=2131165216 (android.widget.TextView@406ad450): Password (optional)
D/nofatclips(  255): Found widget: id=2131165286 (android.widget.EditText@4085b860): 
D/nofatclips(  255): Found widget: id=2131165287 (android.widget.Button@406ccfe8): Publish
D/nofatclips(  255): Found widget: id=-1 (com.android.internal.policy.impl.PhoneWindow$DecorView@40740af8)
V/nicola  (  255): TextualID : null
V/nicola  (  255): ContentType detected : default
V/nicola  (  255): TextualID : l_section1
V/nicola  (  255): ContentType detected : default
V/ReflectionHelper(  255): android.widget.EditText > mOnFocusChangeListener FOUND | NOT ACTIVE
V/nicola  (  255): TextualID : title
V/nicola  (  255): ContentType detected : default
V/ReflectionHelper(  255): org.wordpress.android.util.WPEditText > mOnFocusChangeListener FOUND | ACTIVE
V/nicola  (  255): TextualID : postContent
V/nicola  (  255): ContentType detected : default
V/nicola  (  255): TextualID : l_status
V/nicola  (  255): ContentType detected : default
V/nicola  (  255): TextualID : statusLabel
V/nicola  (  255): ContentType detected : default
V/nicola  (  255): TextualID : pubDateLabel
V/nicola  (  255): ContentType detected : default
V/nicola  (  255): TextualID : pubDate
V/nicola  (  255): ContentType detected : default
V/nicola  (  255): TextualID : pubDateButton
V/nicola  (  255): ContentType detected : default
V/nicola  (  255): TextualID : l_password
V/nicola  (  255): ContentType detected : default
V/ReflectionHelper(  255): android.widget.EditText > mOnFocusChangeListener FOUND | NOT ACTIVE
V/nicola  (  255): TextualID : post_password
V/nicola  (  255): ContentType detected : default
V/nicola  (  255): TextualID : post
V/nicola  (  255): ContentType detected : default
I/nofatclips(  255): Performing comparation for activity EditPost
D/nofatclips(  255): Comparing against activity Read
D/nofatclips(  255): Comparing against activity Dashboard
D/nofatclips(  255): Comparing against activity Read
D/nofatclips(  255): Comparing against activity Dashboard
D/nofatclips(  255): Comparing against activity Read
D/nofatclips(  255): Comparing against activity Read
D/nofatclips(  255): Comparing against activity Settings
D/nofatclips(  255): Comparing against activity Dashboard
D/nofatclips(  255): Comparing against activity EditPost
D/nofatclips(  255): Comparing against activity Read
D/nofatclips(  255): Comparing against activity Settings
D/nofatclips(  255): Comparing against activity Dashboard
D/nofatclips(  255): Comparing against activity EditPost
D/nofatclips(  255): Comparing against activity Read
D/nofatclips(  255): Comparing against activity Dashboard
D/nofatclips(  255): Comparing against activity Settings
D/nofatclips(  255): Comparing against activity Read
D/nofatclips(  255): Comparing against activity Read
I/nofatclips(  255): Registering activity EditPost (id: a19) as a new found state
D/nofatclips(  255): Performing backup of the old activity list on disk
D/nofatclips(  255): Saving new found state 'a19' on disk
V/nofatclips(  255): Opening state file in append mode.
I/nofatclips(  255): Saved image on disk: a19.jpg
I/nofatclips(  255): Waiting for 100 msec.
I/nofatclips(  255): Session count is 1. Will dump to disk at 1
I/nofatclips(  255): Saving the session on disk.
I/nofatclips(  255): Planning for new Activity EditPost
D/nofatclips(  255): Handling event 'focus' on widget id=2131165265 type=focusableEditText name=Content
D/nofatclips(  255): Handling input 'writeText' on widget id=2131165236 type=editText name=Title
V/nofatclips(  255): Using value: 90
D/nofatclips(  255): Handling input 'writeText' on widget id=2131165286 type=editText name=Password (optional)
V/nofatclips(  255): Using value: 45
D/nofatclips(  255): Handling event 'click' on widget id=2131165283 type=button name=Edit
D/nofatclips(  255): Handling input 'writeText' on widget id=2131165236 type=editText name=Title
V/nofatclips(  255): Using value: 90
D/dalvikvm(  255): GC_CONCURRENT freed 1906K, 51% free 4575K/9223K, external 3657K/3818K, paused 8ms+8ms
D/nofatclips(  255): Handling input 'writeText' on widget id=2131165286 type=editText name=Password (optional)
V/nofatclips(  255): Using value: 45
D/nofatclips(  255): Handling event 'click' on widget id=2131165287 type=button name=Publish
D/nofatclips(  255): Handling input 'writeText' on widget id=2131165236 type=editText name=Title
V/nofatclips(  255): Using value: 90
D/nofatclips(  255): Handling input 'writeText' on widget id=2131165286 type=editText name=Password (optional)
V/nofatclips(  255): Using value: 45
D/dalvikvm(   61): GC_EXPLICIT freed 7K, 45% free 4115K/7431K, external 1316K/1828K, paused 370ms
I/nofatclips(  255): Created trace to press the back button
I/nofatclips(  255): Created trace to press the menu button
I/nofatclips(  255): Created trace to change orientation
I/nofatclips(  255): Check for termination: 32 steps left of 50
I/nofatclips(  255): Dispatching new task. 2 more tasks remaining.
D/nofatclips(  255): Performing backup of the old task list on disk
D/nofatclips(  255): Saving task list on disk
V/nofatclips(  255): Backing up trace #175 to disk.
V/nofatclips(  255): Backing up trace #176 to disk.
D/nofatclips(  255): Deleting backup of the old task list from disk
D/nofatclips(  255): Deleting backup of the old activity list from disk
I/nofatclips(  255): Incrementally Playing Trace 176
I/nofatclips(  255): Retrieved from return list id=-1
D/nofatclips(  255): Testing for type (android.widget.LinearLayout) against the original (null)
I/nofatclips(  255): Firing event: type= changeOrientation name= widget=null
I/WindowManager(   61): Setting rotation to 0, animFlags=1
I/ActivityManager(   61): Config changed: { scale=1.0 imsi=310/260 loc=en_US touch=3 keys=2/1/2 nav=1/1 orien=1 layout=18 uiMode=17 seq=12}
I/nofatclips(  255): Waiting for 100 msec.
I/nofatclips(  255): Current activity is EditPost
I/nofatclips(  255): Retrieving widgets
D/nofatclips(  255): Found widget: id=-1 (android.widget.LinearLayout@406a58a8)
D/nofatclips(  255): Found widget: id=-1 (android.widget.FrameLayout@406a5c10)
D/nofatclips(  255): Found widget: id=16908310 (android.widget.TextView@406c9a08): Katie&#039;s Sweet Testing Blog - New Page
D/nofatclips(  255): Found widget: id=16908290 (android.widget.FrameLayout@40878f70)
D/nofatclips(  255): Found widget: id=2131165298 (android.widget.ScrollView@4087cfc8)
D/nofatclips(  255): Found widget: id=-1 (android.widget.LinearLayout@408479c8)
D/nofatclips(  255): Found widget: id=2131165209 (android.widget.RelativeLayout@40847c50)
D/nofatclips(  255): Found widget: id=2131165210 (android.widget.TextView@4060bb90): Page Content
D/nofatclips(  255): Found widget: id=2131165236 (android.widget.EditText@408b9b38): 
D/nofatclips(  255): Found widget: id=2131165265 (org.wordpress.android.util.WPEditText@4077bb00): 
D/nofatclips(  255): Found widget: id=2131165288 (android.widget.RelativeLayout@4067d6f8)
D/nofatclips(  255): Found widget: id=2131165278 (android.widget.TextView@406fae70): Status
D/nofatclips(  255): Found widget: id=2131165279 (android.widget.TextView@4067e7a0): Status:
D/nofatclips(  255): Found widget: id=2131165280 (android.widget.Spinner@408be4b0)
D/nofatclips(  255): Found widget: id=2131165281 (android.widget.TextView@40859030): Publish:
D/nofatclips(  255): Found widget: id=2131165282 (android.widget.TextView@405acd90): Immediately
D/nofatclips(  255): Found widget: id=2131165283 (android.widget.Button@406035a0): Edit
D/nofatclips(  255): Found widget: id=2131165266 (android.widget.RelativeLayout@405db5b0)
D/nofatclips(  255): Found widget: id=2131165216 (android.widget.TextView@406ad450): Password (optional)
D/nofatclips(  255): Found widget: id=2131165286 (android.widget.EditText@4085b860): 
D/nofatclips(  255): Found widget: id=2131165287 (android.widget.Button@406ccfe8): Publish
D/nofatclips(  255): Found widget: id=-1 (com.android.internal.policy.impl.PhoneWindow$DecorView@40740af8)
V/nicola  (  255): TextualID : null
V/nicola  (  255): ContentType detected : default
V/nicola  (  255): TextualID : l_section1
V/nicola  (  255): ContentType detected : default
D/dalvikvm(  255): GC_CONCURRENT freed 1903K, 51% free 4576K/9223K, external 3057K/3818K, paused 11ms+14ms
V/ReflectionHelper(  255): android.widget.EditText > mOnFocusChangeListener FOUND | NOT ACTIVE
V/nicola  (  255): TextualID : title
V/nicola  (  255): ContentType detected : default
V/ReflectionHelper(  255): org.wordpress.android.util.WPEditText > mOnFocusChangeListener FOUND | ACTIVE
V/nicola  (  255): TextualID : postContent
V/nicola  (  255): ContentType detected : default
V/nicola  (  255): TextualID : l_status
V/nicola  (  255): ContentType detected : default
V/nicola  (  255): TextualID : statusLabel
V/nicola  (  255): ContentType detected : default
V/nicola  (  255): TextualID : pubDateLabel
V/nicola  (  255): ContentType detected : default
V/nicola  (  255): TextualID : pubDate
V/nicola  (  255): ContentType detected : default
V/nicola  (  255): TextualID : pubDateButton
V/nicola  (  255): ContentType detected : default
V/nicola  (  255): TextualID : l_password
V/nicola  (  255): ContentType detected : default
V/ReflectionHelper(  255): android.widget.EditText > mOnFocusChangeListener FOUND | NOT ACTIVE
V/nicola  (  255): TextualID : post_password
V/nicola  (  255): ContentType detected : default
V/nicola  (  255): TextualID : post
V/nicola  (  255): ContentType detected : default
I/nofatclips(  255): Performing comparation for activity EditPost
D/nofatclips(  255): Comparing against activity Read
D/nofatclips(  255): Comparing against activity Dashboard
D/nofatclips(  255): Comparing against activity Read
D/nofatclips(  255): Comparing against activity Dashboard
D/nofatclips(  255): Comparing against activity Read
D/nofatclips(  255): Comparing against activity Read
D/nofatclips(  255): Comparing against activity Settings
D/nofatclips(  255): Comparing against activity Dashboard
D/nofatclips(  255): Comparing against activity EditPost
D/nofatclips(  255): Comparing against activity Read
D/nofatclips(  255): Comparing against activity Settings
D/nofatclips(  255): Comparing against activity Dashboard
D/nofatclips(  255): Comparing against activity EditPost
D/nofatclips(  255): Comparing against activity EditPost
D/nofatclips(  255): Comparing against activity Read
D/nofatclips(  255): Comparing against activity Dashboard
D/nofatclips(  255): Comparing against activity Settings
D/nofatclips(  255): Comparing against activity Read
D/nofatclips(  255): Comparing against activity Read
I/nofatclips(  255): Registering activity EditPost (id: a20) as a new found state
D/nofatclips(  255): Performing backup of the old activity list on disk
D/nofatclips(  255): Saving new found state 'a20' on disk
V/nofatclips(  255): Opening state file in append mode.
I/nofatclips(  255): Saved image on disk: a20.jpg
I/nofatclips(  255): Waiting for 100 msec.
I/nofatclips(  255): Session count is 1. Will dump to disk at 1
I/nofatclips(  255): Saving the session on disk.
I/nofatclips(  255): Planning for new Activity EditPost
D/nofatclips(  255): Handling event 'focus' on widget id=2131165265 type=focusableEditText name=Content
D/nofatclips(  255): Handling input 'writeText' on widget id=2131165236 type=editText name=Title
V/nofatclips(  255): Using value: 90
D/nofatclips(  255): Handling input 'writeText' on widget id=2131165286 type=editText name=Password (optional)
V/nofatclips(  255): Using value: 45
D/nofatclips(  255): Handling event 'click' on widget id=2131165283 type=button name=Edit
D/nofatclips(  255): Handling input 'writeText' on widget id=2131165236 type=editText name=Title
V/nofatclips(  255): Using value: 90
D/nofatclips(  255): Handling input 'writeText' on widget id=2131165286 type=editText name=Password (optional)
V/nofatclips(  255): Using value: 45
D/nofatclips(  255): Handling event 'click' on widget id=2131165287 type=button name=Publish
D/nofatclips(  255): Handling input 'writeText' on widget id=2131165236 type=editText name=Title
V/nofatclips(  255): Using value: 90
D/nofatclips(  255): Handling input 'writeText' on widget id=2131165286 type=editText name=Password (optional)
V/nofatclips(  255): Using value: 45
I/nofatclips(  255): Created trace to press the back button
D/dalvikvm(   61): GC_EXPLICIT freed 4K, 45% free 4115K/7431K, external 1316K/1828K, paused 331ms
I/nofatclips(  255): Created trace to press the menu button
I/nofatclips(  255): Created trace to change orientation
D/dalvikvm(  255): GC_CONCURRENT freed 1620K, 50% free 4660K/9223K, external 3657K/3818K, paused 6ms+7ms
I/nofatclips(  255): Check for termination: 31 steps left of 50
I/nofatclips(  255): Dispatching new task. 2 more tasks remaining.
D/nofatclips(  255): Performing backup of the old task list on disk
D/nofatclips(  255): Saving task list on disk
V/nofatclips(  255): Backing up trace #181 to disk.
V/nofatclips(  255): Backing up trace #182 to disk.
D/nofatclips(  255): Deleting backup of the old task list from disk
D/nofatclips(  255): Deleting backup of the old activity list from disk
I/nofatclips(  255): Incrementally Playing Trace 182
D/nofatclips(  255): Setting input: type= writeText id=2131165236 value=90
D/nofatclips(  255): Added to return list id=2131165236
I/nofatclips(  255): Retrieved from return list id=2131165236
D/nofatclips(  255): Testing for type (android.widget.EditText) against the original (android.widget.EditText)
D/nofatclips(  255): Testing for name (Title) against the original (Title)
W/KeyCharacterMap(  255): No keyboard for id 0
W/KeyCharacterMap(  255): Using default keymap: /system/usr/keychars/qwerty.kcm.bin
D/nofatclips(  255): Setting input: type= writeText id=2131165286 value=45
D/nofatclips(  255): Added to return list id=2131165286
I/nofatclips(  255): Retrieved from return list id=2131165286
D/nofatclips(  255): Testing for type (android.widget.EditText) against the original (android.widget.EditText)
D/nofatclips(  255): Testing for name (Password (optional)) against the original (Password (optional))
I/nofatclips(  255): Retrieved from return list id=2131165287
D/nofatclips(  255): Testing for type (android.widget.Button) against the original (android.widget.Button)
D/nofatclips(  255): Testing for name (Publish) against the original (Publish)
I/nofatclips(  255): Firing event: type= click index=20 widget=android.widget.Button
D/nofatclips(  255): Event description: Publish
I/nofatclips(  255): Waiting for 100 msec.
I/nofatclips(  255): Current activity is EditPost
I/nofatclips(  255): Retrieving widgets
D/nofatclips(  255): Found widget: id=16908290 (android.widget.FrameLayout@407dea78)
D/nofatclips(  255): Found widget: id=16908666 (com.android.internal.widget.WeightedLinearLayout@407f4f50)
D/nofatclips(  255): Found widget: id=16908667 (android.widget.LinearLayout@40839690)
D/nofatclips(  255): Found widget: id=16908668 (android.widget.LinearLayout@40879e20)
D/nofatclips(  255): Found widget: id=16908294 (android.widget.ImageView@4088f608)
D/nofatclips(  255): Found widget: id=16908669 (com.android.internal.widget.DialogTitle@4069a648): No Content Found
D/nofatclips(  255): Found widget: id=16908670 (android.widget.ImageView@4077f280)
D/nofatclips(  255): Found widget: id=16908671 (android.widget.LinearLayout@407bb310)
D/nofatclips(  255): Found widget: id=16908672 (android.widget.ScrollView@408465b0)
D/nofatclips(  255): Found widget: id=16908299 (android.widget.TextView@4070b138): Please enter some post content or attach a media item.
D/nofatclips(  255): Found widget: id=16908673 (android.widget.FrameLayout@406b5e28)
D/nofatclips(  255): Found widget: id=16908331 (android.widget.FrameLayout@406c57b8)
D/nofatclips(  255): Found widget: id=16908674 (android.widget.LinearLayout@406d2548)
D/nofatclips(  255): Found widget: id=-1 (android.widget.LinearLayout@4070a2b8)
D/nofatclips(  255): Found widget: id=16908675 (android.widget.LinearLayout@40739240)
D/nofatclips(  255): Found widget: id=16908313 (android.widget.Button@40716a10): OK
D/nofatclips(  255): Found widget: id=16908315 (android.widget.Button@4073ff98): 
D/nofatclips(  255): Found widget: id=16908314 (android.widget.Button@4074b528): 
D/nofatclips(  255): Found widget: id=16908676 (android.widget.LinearLayout@407fe628)
D/nofatclips(  255): Found widget: id=-1 (com.android.internal.policy.impl.PhoneWindow$DecorView@407b46b8)
V/nicola  (  255): TextualID : null
V/nicola  (  255): ContentType detected : default
V/nicola  (  255): TextualID : null
V/nicola  (  255): ContentType detected : default
V/nicola  (  255): TextualID : null
V/nicola  (  255): ContentType detected : default
I/nofatclips(  255): Performing comparation for activity EditPost
D/nofatclips(  255): Comparing against activity Read
D/nofatclips(  255): Comparing against activity Dashboard
D/nofatclips(  255): Comparing against activity Read
D/nofatclips(  255): Comparing against activity Dashboard
D/nofatclips(  255): Comparing against activity Read
D/nofatclips(  255): Comparing against activity Read
D/nofatclips(  255): Comparing against activity EditPost
D/nofatclips(  255): Comparing against activity Settings
D/nofatclips(  255): Comparing against activity Dashboard
D/nofatclips(  255): Comparing against activity EditPost
D/nofatclips(  255): Comparing against activity Read
D/nofatclips(  255): Comparing against activity Settings
D/nofatclips(  255): Comparing against activity Dashboard
D/nofatclips(  255): Comparing against activity EditPost
D/nofatclips(  255): Comparing against activity EditPost
D/nofatclips(  255): Comparing against activity Read
D/nofatclips(  255): Comparing against activity Dashboard
D/nofatclips(  255): Comparing against activity Settings
D/nofatclips(  255): Comparing against activity Read
D/nofatclips(  255): Comparing against activity Read
I/nofatclips(  255): Registering activity EditPost (id: a21) as a new found state
D/nofatclips(  255): Performing backup of the old activity list on disk
D/nofatclips(  255): Saving new found state 'a21' on disk
V/nofatclips(  255): Opening state file in append mode.
D/dalvikvm(  255): GC_EXTERNAL_ALLOC freed 1227K, 51% free 4574K/9223K, external 3526K/3818K, paused 169ms
I/nofatclips(  255): Saved image on disk: a21.jpg
I/nofatclips(  255): Waiting for 100 msec.
I/nofatclips(  255): Session count is 1. Will dump to disk at 1
I/nofatclips(  255): Saving the session on disk.
I/nofatclips(  255): Planning for new Activity EditPost
D/nofatclips(  255): Handling event 'click' on widget id=16908313 type=button name=OK
I/nofatclips(  255): Created trace to press the back button
I/nofatclips(  255): Created trace to press the menu button
I/nofatclips(  255): Created trace to change orientation
I/nofatclips(  255): Check for termination: 30 steps left of 50
I/nofatclips(  255): Dispatching new task. 2 more tasks remaining.
D/nofatclips(  255): Performing backup of the old task list on disk
D/nofatclips(  255): Saving task list on disk
V/nofatclips(  255): Backing up trace #185 to disk.
V/nofatclips(  255): Backing up trace #186 to disk.
D/dalvikvm(  255): GC_FOR_MALLOC freed 1414K, 49% free 4704K/9223K, external 3824K/4775K, paused 86ms
D/nofatclips(  255): Deleting backup of the old task list from disk
D/nofatclips(  255): Deleting backup of the old activity list from disk
I/nofatclips(  255): Incrementally Playing Trace 186
I/nofatclips(  255): Retrieved from return list id=16908313
D/nofatclips(  255): Testing for type (android.widget.Button) against the original (android.widget.Button)
D/nofatclips(  255): Testing for name (OK) against the original (OK)
I/nofatclips(  255): Firing event: type= click index=15 widget=android.widget.Button
W/KeyCharacterMap(  255): No keyboard for id 0
W/KeyCharacterMap(  255): Using default keymap: /system/usr/keychars/qwerty.kcm.bin
D/nofatclips(  255): Event description: OK
I/nofatclips(  255): Waiting for 100 msec.
W/InputManagerService(   61): Window already focused, ignoring focus gain of: com.android.internal.view.IInputMethodClient$Stub$Proxy@405e51f8
I/nofatclips(  255): Current activity is EditPost
I/nofatclips(  255): Retrieving widgets
D/nofatclips(  255): Found widget: id=-1 (android.widget.LinearLayout@406a58a8)
D/nofatclips(  255): Found widget: id=-1 (android.widget.FrameLayout@406a5c10)
D/nofatclips(  255): Found widget: id=16908310 (android.widget.TextView@406c9a08): Katie&#039;s Sweet Testing Blog - New Page
D/nofatclips(  255): Found widget: id=16908290 (android.widget.FrameLayout@40878f70)
D/nofatclips(  255): Found widget: id=2131165298 (android.widget.ScrollView@4087cfc8)
D/nofatclips(  255): Found widget: id=-1 (android.widget.LinearLayout@408479c8)
D/nofatclips(  255): Found widget: id=2131165209 (android.widget.RelativeLayout@40847c50)
D/nofatclips(  255): Found widget: id=2131165210 (android.widget.TextView@4060bb90): Page Content
D/nofatclips(  255): Found widget: id=2131165236 (android.widget.EditText@408b9b38): 90
D/nofatclips(  255): Found widget: id=2131165265 (org.wordpress.android.util.WPEditText@4077bb00): 
D/nofatclips(  255): Found widget: id=2131165288 (android.widget.RelativeLayout@4067d6f8)
D/nofatclips(  255): Found widget: id=2131165278 (android.widget.TextView@406fae70): Status
D/nofatclips(  255): Found widget: id=2131165279 (android.widget.TextView@4067e7a0): Status:
D/nofatclips(  255): Found widget: id=2131165280 (android.widget.Spinner@408be4b0)
D/nofatclips(  255): Found widget: id=2131165281 (android.widget.TextView@40859030): Publish:
D/nofatclips(  255): Found widget: id=2131165282 (android.widget.TextView@405acd90): Immediately
D/nofatclips(  255): Found widget: id=2131165283 (android.widget.Button@406035a0): Edit
D/nofatclips(  255): Found widget: id=2131165266 (android.widget.RelativeLayout@405db5b0)
D/nofatclips(  255): Found widget: id=2131165216 (android.widget.TextView@406ad450): Password (optional)
D/nofatclips(  255): Found widget: id=2131165286 (android.widget.EditText@4085b860): 45
D/nofatclips(  255): Found widget: id=2131165287 (android.widget.Button@406ccfe8): Publish
D/nofatclips(  255): Found widget: id=-1 (com.android.internal.policy.impl.PhoneWindow$DecorView@40740af8)
V/nicola  (  255): TextualID : null
V/nicola  (  255): ContentType detected : default
V/nicola  (  255): TextualID : l_section1
V/nicola  (  255): ContentType detected : default
V/ReflectionHelper(  255): android.widget.EditText > mOnFocusChangeListener FOUND | NOT ACTIVE
V/nicola  (  255): TextualID : title
V/nicola  (  255): ContentType detected : default
V/ReflectionHelper(  255): org.wordpress.android.util.WPEditText > mOnFocusChangeListener FOUND | ACTIVE
V/nicola  (  255): TextualID : postContent
V/nicola  (  255): ContentType detected : default
V/nicola  (  255): TextualID : l_status
V/nicola  (  255): ContentType detected : default
V/nicola  (  255): TextualID : statusLabel
V/nicola  (  255): ContentType detected : default
V/nicola  (  255): TextualID : pubDateLabel
V/nicola  (  255): ContentType detected : default
V/nicola  (  255): TextualID : pubDate
V/nicola  (  255): ContentType detected : default
V/nicola  (  255): TextualID : pubDateButton
V/nicola  (  255): ContentType detected : default
V/nicola  (  255): TextualID : l_password
V/nicola  (  255): ContentType detected : default
V/ReflectionHelper(  255): android.widget.EditText > mOnFocusChangeListener FOUND | NOT ACTIVE
V/nicola  (  255): TextualID : post_password
V/nicola  (  255): ContentType detected : default
V/nicola  (  255): TextualID : post
V/nicola  (  255): ContentType detected : default
I/nofatclips(  255): Performing comparation for activity EditPost
D/nofatclips(  255): Comparing against activity Read
D/nofatclips(  255): Comparing against activity Dashboard
D/nofatclips(  255): Comparing against activity Read
D/nofatclips(  255): Comparing against activity EditPost
D/nofatclips(  255): Comparing against activity Dashboard
D/nofatclips(  255): Comparing against activity Read
D/nofatclips(  255): Comparing against activity Read
D/nofatclips(  255): Comparing against activity EditPost
D/nofatclips(  255): Comparing against activity Settings
D/nofatclips(  255): Comparing against activity Dashboard
D/nofatclips(  255): Comparing against activity EditPost
D/nofatclips(  255): Comparing against activity Read
D/nofatclips(  255): Comparing against activity Settings
D/nofatclips(  255): Comparing against activity Dashboard
D/nofatclips(  255): Comparing against activity EditPost
D/nofatclips(  255): Comparing against activity EditPost
D/nofatclips(  255): Comparing against activity Read
D/nofatclips(  255): Comparing against activity Dashboard
D/nofatclips(  255): Comparing against activity Settings
D/nofatclips(  255): Comparing against activity Read
D/nofatclips(  255): Comparing against activity Read
I/nofatclips(  255): Registering activity EditPost (id: a22) as a new found state
D/nofatclips(  255): Performing backup of the old activity list on disk
D/nofatclips(  255): Saving new found state 'a22' on disk
V/nofatclips(  255): Opening state file in append mode.
D/dalvikvm(  255): GC_EXTERNAL_ALLOC freed 923K, 51% free 4560K/9223K, external 4126K/4404K, paused 177ms
I/nofatclips(  255): Saved image on disk: a22.jpg
I/nofatclips(  255): Waiting for 100 msec.
I/nofatclips(  255): Session count is 1. Will dump to disk at 1
I/nofatclips(  255): Saving the session on disk.
I/nofatclips(  255): Planning for new Activity EditPost
D/nofatclips(  255): Handling event 'focus' on widget id=2131165265 type=focusableEditText name=Content
D/nofatclips(  255): Handling input 'writeText' on widget id=2131165236 type=editText name=Title
V/nofatclips(  255): Using value: 90
D/nofatclips(  255): Handling input 'writeText' on widget id=2131165286 type=editText name=Password (optional)
V/nofatclips(  255): Using value: 45
D/nofatclips(  255): Handling event 'click' on widget id=2131165283 type=button name=Edit
D/nofatclips(  255): Handling input 'writeText' on widget id=2131165236 type=editText name=Title
V/nofatclips(  255): Using value: 90
D/nofatclips(  255): Handling input 'writeText' on widget id=2131165286 type=editText name=Password (optional)
V/nofatclips(  255): Using value: 45
D/nofatclips(  255): Handling event 'click' on widget id=2131165287 type=button name=Publish
D/nofatclips(  255): Handling input 'writeText' on widget id=2131165236 type=editText name=Title
V/nofatclips(  255): Using value: 90
D/nofatclips(  255): Handling input 'writeText' on widget id=2131165286 type=editText name=Password (optional)
V/nofatclips(  255): Using value: 45
I/nofatclips(  255): Created trace to press the back button
I/nofatclips(  255): Created trace to press the menu button
I/nofatclips(  255): Created trace to change orientation
I/nofatclips(  255): Check for termination: 29 steps left of 50
I/nofatclips(  255): Dispatching new task. 2 more tasks remaining.
D/nofatclips(  255): Performing backup of the old task list on disk
D/nofatclips(  255): Saving task list on disk
V/nofatclips(  255): Backing up trace #191 to disk.
V/nofatclips(  255): Backing up trace #192 to disk.
D/dalvikvm(  255): GC_CONCURRENT freed 2027K, 50% free 4718K/9351K, external 3657K/4567K, paused 5ms+6ms
D/nofatclips(  255): Deleting backup of the old task list from disk
D/nofatclips(  255): Deleting backup of the old activity list from disk
I/nofatclips(  255): Incrementally Playing Trace 192
D/nofatclips(  255): Setting input: type= writeText id=2131165236 value=90
D/nofatclips(  255): Added to return list id=2131165236
I/nofatclips(  255): Retrieved from return list id=2131165236
D/nofatclips(  255): Testing for type (android.widget.EditText) against the original (android.widget.EditText)
D/nofatclips(  255): Testing for name (Title) against the original (Title)
W/KeyCharacterMap(  255): No keyboard for id 0
W/KeyCharacterMap(  255): Using default keymap: /system/usr/keychars/qwerty.kcm.bin
D/nofatclips(  255): Setting input: type= writeText id=2131165286 value=45
D/nofatclips(  255): Added to return list id=2131165286
I/nofatclips(  255): Retrieved from return list id=2131165286
D/nofatclips(  255): Testing for type (android.widget.EditText) against the original (android.widget.EditText)
D/nofatclips(  255): Testing for name (Password (optional)) against the original (Password (optional))
I/nofatclips(  255): Retrieved from return list id=2131165283
D/nofatclips(  255): Testing for type (android.widget.Button) against the original (android.widget.Button)
D/nofatclips(  255): Testing for name (Edit) against the original (Edit)
I/nofatclips(  255): Firing event: type= click index=16 widget=android.widget.Button
D/nofatclips(  255): Event description: Edit
I/nofatclips(  255): Waiting for 100 msec.
I/nofatclips(  255): Current activity is EditPost
I/nofatclips(  255): Retrieving widgets
D/nofatclips(  255): Found widget: id=16908290 (android.widget.FrameLayout@4056bca8)
D/nofatclips(  255): Found widget: id=16908666 (com.android.internal.widget.WeightedLinearLayout@4057eac0)
D/nofatclips(  255): Found widget: id=16908667 (android.widget.LinearLayout@406fa248)
D/nofatclips(  255): Found widget: id=16908668 (android.widget.LinearLayout@40746838)
D/nofatclips(  255): Found widget: id=16908294 (android.widget.ImageView@4077a760)
D/nofatclips(  255): Found widget: id=16908669 (com.android.internal.widget.DialogTitle@4070b138): 
D/nofatclips(  255): Found widget: id=16908670 (android.widget.ImageView@4077df80)
D/nofatclips(  255): Found widget: id=16908671 (android.widget.LinearLayout@40794418)
D/nofatclips(  255): Found widget: id=16908672 (android.widget.ScrollView@405d17d0)
D/nofatclips(  255): Found widget: id=16908673 (android.widget.FrameLayout@405a3300)
D/nofatclips(  255): Found widget: id=16908331 (android.widget.FrameLayout@405c4148)
D/nofatclips(  255): Found widget: id=16908705 (android.widget.DatePicker@405a43e8)
D/nofatclips(  255): Found widget: id=16908701 (android.widget.LinearLayout@405ac450)
D/nofatclips(  255): Found widget: id=16908702 (android.widget.NumberPicker@4067a0e0)
D/nofatclips(  255): Found widget: id=16908794 (android.widget.NumberPickerButton@405ea790)
D/nofatclips(  255): Found widget: id=16908795 (android.widget.EditText@4069a648): Jul
D/nofatclips(  255): Found widget: id=16908796 (android.widget.NumberPickerButton@406190a8)
D/nofatclips(  255): Found widget: id=16908703 (android.widget.NumberPicker@40756f20)
D/nofatclips(  255): Found widget: id=16908794 (android.widget.NumberPickerButton@40625478)
D/nofatclips(  255): Found widget: id=16908795 (android.widget.EditText@406ad6c8): 24
D/nofatclips(  255): Found widget: id=16908796 (android.widget.NumberPickerButton@40627538)
D/nofatclips(  255): Found widget: id=16908704 (android.widget.NumberPicker@40785d08)
D/nofatclips(  255): Found widget: id=16908794 (android.widget.NumberPickerButton@40631c18)
D/nofatclips(  255): Found widget: id=16908795 (android.widget.EditText@4070a818): 2014
D/nofatclips(  255): Found widget: id=16908796 (android.widget.NumberPickerButton@406f6730)
D/nofatclips(  255): Found widget: id=16908674 (android.widget.LinearLayout@4086e340)
D/nofatclips(  255): Found widget: id=-1 (android.widget.LinearLayout@40878df0)
D/nofatclips(  255): Found widget: id=16908675 (android.widget.LinearLayout@405c51b8)
D/nofatclips(  255): Found widget: id=16908313 (android.widget.Button@4073ff98): Set
D/nofatclips(  255): Found widget: id=16908315 (android.widget.Button@4074b528): 
D/nofatclips(  255): Found widget: id=16908314 (android.widget.Button@40774758): Cancel
D/nofatclips(  255): Found widget: id=16908676 (android.widget.LinearLayout@405c6270)
D/nofatclips(  255): Found widget: id=-1 (com.android.internal.policy.impl.PhoneWindow$DecorView@40544608)
V/ReflectionHelper(  255): android.widget.NumberPicker > mOnFocusChangeListener FOUND | NOT ACTIVE
V/ReflectionHelper(  255): android.widget.EditText > mOnFocusChangeListener FOUND | ACTIVE
V/nicola  (  255): TextualID : null
V/nicola  (  255): ContentType detected : default
V/ReflectionHelper(  255): android.widget.NumberPicker > mOnFocusChangeListener FOUND | NOT ACTIVE
V/ReflectionHelper(  255): android.widget.EditText > mOnFocusChangeListener FOUND | ACTIVE
V/nicola  (  255): TextualID : null
V/nicola  (  255): ContentType detected : number
V/ReflectionHelper(  255): android.widget.NumberPicker > mOnFocusChangeListener FOUND | NOT ACTIVE
V/ReflectionHelper(  255): android.widget.EditText > mOnFocusChangeListener FOUND | ACTIVE
V/nicola  (  255): TextualID : null
V/nicola  (  255): ContentType detected : number
V/nicola  (  255): TextualID : null
V/nicola  (  255): ContentType detected : default
V/nicola  (  255): TextualID : null
V/nicola  (  255): ContentType detected : default
I/nofatclips(  255): Performing comparation for activity EditPost
D/nofatclips(  255): Comparing against activity Read
D/nofatclips(  255): Comparing against activity Dashboard
D/nofatclips(  255): Comparing against activity Read
D/nofatclips(  255): Comparing against activity EditPost
D/nofatclips(  255): Comparing against activity EditPost
D/nofatclips(  255): Comparing against activity Dashboard
D/nofatclips(  255): Comparing against activity Read
D/nofatclips(  255): Comparing against activity Read
D/nofatclips(  255): Comparing against activity EditPost
D/nofatclips(  255): Comparing against activity Settings
D/nofatclips(  255): Comparing against activity Dashboard
D/nofatclips(  255): Comparing against activity EditPost
D/nofatclips(  255): Comparing against activity Read
D/nofatclips(  255): Comparing against activity Settings
D/nofatclips(  255): Comparing against activity Dashboard
D/nofatclips(  255): Comparing against activity EditPost
D/nofatclips(  255): Comparing against activity EditPost
D/nofatclips(  255): Comparing against activity Read
D/nofatclips(  255): Comparing against activity Dashboard
D/nofatclips(  255): Comparing against activity Settings
D/nofatclips(  255): Comparing against activity Read
D/nofatclips(  255): Comparing against activity Read
I/nofatclips(  255): Registering activity EditPost (id: a23) as a new found state
D/nofatclips(  255): Performing backup of the old activity list on disk
D/nofatclips(  255): Saving new found state 'a23' on disk
V/nofatclips(  255): Opening state file in append mode.
D/dalvikvm(  255): GC_EXTERNAL_ALLOC freed 980K, 50% free 4677K/9351K, external 3755K/3818K, paused 142ms
I/nofatclips(  255): Saved image on disk: a23.jpg
I/nofatclips(  255): Waiting for 100 msec.
I/nofatclips(  255): Session count is 1. Will dump to disk at 1
I/nofatclips(  255): Saving the session on disk.
I/nofatclips(  255): Planning for new Activity EditPost
D/nofatclips(  255): Handling event 'click' on widget id=16908794 type=button name=
D/nofatclips(  255): Handling event 'focus' on widget id=16908795 type=focusableEditText name=
D/nofatclips(  255): Handling event 'click' on widget id=16908796 type=button name=
D/nofatclips(  255): Handling event 'click' on widget id=16908794 type=button name=
D/nofatclips(  255): Handling event 'focus' on widget id=16908795 type=focusableEditText name=
D/nofatclips(  255): Handling event 'click' on widget id=16908796 type=button name=
D/nofatclips(  255): Handling event 'click' on widget id=16908794 type=button name=
D/nofatclips(  255): Handling event 'focus' on widget id=16908795 type=focusableEditText name=
D/nofatclips(  255): Handling event 'click' on widget id=16908796 type=button name=
D/nofatclips(  255): Handling event 'click' on widget id=16908313 type=button name=Set
D/nofatclips(  255): Handling event 'click' on widget id=16908314 type=button name=Cancel
I/nofatclips(  255): Created trace to press the back button
I/nofatclips(  255): Created trace to press the menu button
I/nofatclips(  255): Created trace to change orientation
D/dalvikvm(  255): GC_CONCURRENT freed 1866K, 49% free 4804K/9351K, external 4108K/5130K, paused 6ms+6ms
I/nofatclips(  255): Check for termination: 28 steps left of 50
I/nofatclips(  255): Dispatching new task. 2 more tasks remaining.
D/nofatclips(  255): Performing backup of the old task list on disk
D/nofatclips(  255): Saving task list on disk
V/nofatclips(  255): Backing up trace #205 to disk.
