E/UsbObserver(   61): java.lang.NullPointerException
E/UsbObserver(   61): 	at com.android.server.UsbObserver.init(UsbObserver.java:131)
E/UsbObserver(   61): 	at com.android.server.UsbObserver.<init>(UsbObserver.java:65)
E/UsbObserver(   61): 	at com.android.server.ServerThread.run(SystemServer.java:402)
I/SystemServer(   61): UI Mode Manager Service
I/SystemServer(   61): Backup Service
D/dalvikvm(   61): GC_CONCURRENT freed 294K, 44% free 3816K/6727K, external 716K/1038K, paused 3ms+5ms
V/BackupManagerService(   61): No ancestral data
I/BackupManagerService(   61): Found stale backup journal, scheduling
I/BackupManagerService(   61):   com.android.inputmethod.latin
I/BackupManagerService(   61):   com.android.browser
I/BackupManagerService(   61):   com.android.providers.userdictionary
I/BackupManagerService(   61):   android
I/BackupManagerService(   61):   com.android.providers.settings
I/BackupManagerService(   61): Backup enabled => true
I/SystemServer(   61): AppWidget Service
I/SystemServer(   61): Recognition Service
I/SystemServer(   61): DiskStats Service
I/WindowManager(   61): SAFE MODE not enabled
D/dalvikvm(   61): JIT started for system_server
D/PowerManagerService(   61): system ready!
I/ActivityManager(   61): System now ready
I/SystemServer(   61): Making services ready
I/StatusBarManagerService(   61): Starting service: ComponentInfo{com.android.systemui/com.android.systemui.statusbar.StatusBarService}
I/Zygote  (   61): Process: zygote socket opened
I/ActivityManager(   61): Start proc com.android.systemui for service com.android.systemui/.statusbar.StatusBarService: pid=106 uid=1000 gids={3002, 3001, 3003}
I/ActivityManager(   61): Config changed: { scale=1.0 imsi=0/0 loc=en_US touch=0 keys=0/0/0 nav=0/0 orien=0 layout=0 uiMode=17 seq=2}
I/ActivityManager(   61): Config changed: { scale=1.0 imsi=0/0 loc=en_US touch=3 keys=2/1/2 nav=1/1 orien=1 layout=18 uiMode=17 seq=3}
W/RecognitionManagerService(   61): no available voice recognition services found
I/ActivityManager(   61): Start proc jp.co.omronsoft.openwnn for service jp.co.omronsoft.openwnn/.OpenWnnJAJP: pid=115 uid=10004 gids={}
W/GpsLocationProvider(   61): Could not open GPS configuration file /etc/gps.conf
D/NetworkManagmentService(   61): Registering observer
E/ThrottleService(   61): Could not open GPS configuration file /etc/gps.conf
I/ActivityManager(   61): Start proc com.android.phone for added application com.android.phone: pid=120 uid=1001 gids={3002, 3001, 3003, 1015}
I/ActivityManager(   61): Start proc com.android.systemui for added application com.android.systemui: pid=121 uid=1000 gids={3002, 3001, 3003}
I/ActivityManager(   61): Starting: Intent { act=android.intent.action.MAIN cat=[android.intent.category.HOME] flg=0x10000000 cmp=com.android.launcher/com.android.launcher2.Launcher } from pid 0
I/ActivityManager(   61): Start proc com.android.launcher for activity com.android.launcher/com.android.launcher2.Launcher: pid=131 uid=10013 gids={}
W/ActivityManager(   61): Unable to start service Intent { act=@0 }: not found
W/ActivityManager(   61): Unable to start service Intent { act=@0 }: not found
D/qemud   (   38): fdhandler_accept_event: accepting on fd 9
D/qemud   (   38): created client 0x13f38 listening on fd 12
W/ActivityManager(   61): No pending application record for pid 106 (IApplicationThread android.app.ApplicationThreadProxy@40691200); dropping process
I/Process (   61): Sending signal. PID: 106 SIG: 9
D/qemud   (   38): client_fd_receive: attempting registration for service 'gps'
D/qemud   (   38): client_fd_receive:    -> received channel id 4
I/ActivityManager(   61): Start proc com.android.settings for broadcast com.android.settings/.widget.SettingsAppWidgetProvider: pid=133 uid=1000 gids={3002, 3001, 3003}
I/SystemServer(   61): Enabled StrictMode for system server main thread.
D/qemud   (   38): client_registration: registration succeeded for client 4
D/dalvikvm(   61): GC_EXTERNAL_ALLOC freed 146K, 42% free 3919K/6727K, external 1035K/1038K, paused 197ms
E/logwrapper(  162): executing /system/bin/tc failed: No such file or directory
I/logwrapper(   30): /system/bin/tc terminated by exit(1)
E/logwrapper(  163): executing /system/bin/tc failed: No such file or directory
I/logwrapper(   30): /system/bin/tc terminated by exit(1)
D/dalvikvm(  120): GC_CONCURRENT freed 403K, 54% free 2641K/5639K, external 716K/1038K, paused 3ms+40ms
D/dalvikvm(  115): GC_CONCURRENT freed 395K, 54% free 2650K/5639K, external 716K/1038K, paused 10ms+69ms
E/logwrapper(  164): executing /system/bin/tc failed: No such file or directory
I/logwrapper(   30): /system/bin/tc terminated by exit(1)
D/dalvikvm(  121): GC_CONCURRENT freed 408K, 54% free 2636K/5639K, external 716K/1038K, paused 3ms+65ms
D/dalvikvm(  131): GC_CONCURRENT freed 405K, 54% free 2639K/5639K, external 716K/1038K, paused 3ms+29ms
I/ActivityThread(  131): Pub com.android.launcher2.settings: com.android.launcher2.LauncherProvider
D/dalvikvm(  133): GC_CONCURRENT freed 406K, 54% free 2638K/5639K, external 716K/1038K, paused 3ms+74ms
I/ActivityThread(  120): Pub mms: com.android.providers.telephony.MmsProvider
D/dalvikvm(  115): No JNI_OnLoad found in /system/lib/libwnndict.so 0x40512cf0, skipping init
I/ActivityThread(  120): Pub sms: com.android.providers.telephony.SmsProvider
I/ActivityThread(  120): Pub telephony: com.android.providers.telephony.TelephonyProvider
I/ActivityThread(  120): Pub icc: com.android.phone.IccProvider
D/dalvikvm(   61): GREF has increased to 201
I/ActivityThread(  120): Pub mms-sms: com.android.providers.telephony.MmsSmsProvider
D/dalvikvm(  115): GC_CONCURRENT freed 212K, 50% free 2912K/5767K, external 716K/1038K, paused 3ms+23ms
D/dalvikvm(   61): GC_EXTERNAL_ALLOC freed 222K, 42% free 3979K/6855K, external 1552K/1567K, paused 189ms
I/StatusBarManagerService(   61): registerStatusBar bar=com.android.internal.statusbar.IStatusBar$Stub$Proxy@406ae218
D/VoldCmdListener(   29): share status ums
D/StorageNotification(  121): Startup with UMS connection false (media state unmounted)
I/StorageNotification(  121): UMS connection changed to false (media state unmounted)
D/dalvikvm(  115): GC_CONCURRENT freed 434K, 50% free 3047K/6087K, external 716K/1038K, paused 3ms+59ms
D/CallManager(  120): registerPhone(GSM Handler{4055eb30})
I/ActivityManager(   61): Start proc android.process.acore for content provider com.android.providers.contacts/.CallLogProvider: pid=181 uid=10006 gids={3003, 1015}
D/dalvikvm(   61): GC_EXTERNAL_ALLOC freed 195K, 42% free 4047K/6919K, external 1872K/2044K, paused 244ms
W/ActivityManager(   61): Unable to start service Intent { act=com.android.ussd.IExtendedNetworkService }: not found
D/AlarmManagerService(   61): Kernel timezone updated to 0 minutes west of GMT
D/SystemClock(  120): Setting time of day to sec=1406231921
I/ActivityManager(   61): Start proc com.android.deskclock for broadcast com.android.deskclock/.AlarmInitReceiver: pid=189 uid=10019 gids={}
W/SystemClock(  120): Unable to set rtc to 1406231921: Invalid argument
I/TelephonyRegistry(   61): notifyDataConnection: state=0 isDataConnectivityPossible=false reason=radioTurnedOff interfaceName=null networkType=0
I/TelephonyRegistry(   61): notifyDataConnection: state=0 isDataConnectivityPossible=false reason=gprsDetached interfaceName=null networkType=0
I/ActivityThread(  181): Pub com.android.social: com.android.providers.contacts.SocialProvider
I/ActivityThread(  181): Pub applications: com.android.providers.applications.ApplicationsProvider
I/TelephonyRegistry(   61): notifyServiceState: 0 home Android Android 310260  UMTS CSS not supported 0 0RoamInd: 0DefRoamInd: 0EmergOnly: false
W/dalvikvm(  131): threadid=1: spin on suspend #1 threadid=10 (pcf=0)
D/dalvikvm(  131): Temporarily moving tid 172 to fg (was 0)
D/dalvikvm(  131): Temporarily raised priority on tid 172 (10 -> 0)
I/TelephonyRegistry(   61): notifyDataConnection: state=0 isDataConnectivityPossible=false reason=null interfaceName=null networkType=3
W/dalvikvm(  131): threadid=1: spin on suspend resolved in 1156 msec
D/dalvikvm(  131): Restored policy of 172 to 0
D/dalvikvm(  131): Restored priority on 172 to 10
D/dalvikvm(  120): GC_CONCURRENT freed 173K, 49% free 2927K/5703K, external 716K/1038K, paused 3ms+38ms
D/dalvikvm(  181): GC_CONCURRENT freed 406K, 54% free 2612K/5639K, external 716K/1038K, paused 3ms+71ms
D/MccTable(  120): updateMccMncConfiguration: mcc=310, mnc=260
D/MccTable(  120): locale set to en_us
D/dalvikvm(  131): GC_EXTERNAL_ALLOC freed 51K, 53% free 2701K/5639K, external 1032K/1038K, paused 269ms
D/MccTable(  120): WIFI_NUM_ALLOWED_CHANNELS set to 11
I/WifiService(   61): WifiService trying to setNumAllowed to 11 with persist set to true
I/ActivityManager(   61): Config changed: { scale=1.0 imsi=310/260 loc=en_US touch=3 keys=2/1/2 nav=1/1 orien=1 layout=18 uiMode=17 seq=4}
I/TelephonyRegistry(   61): notifyMessageWaitingChanged: false
I/TelephonyRegistry(   61): notifyCallForwardingChanged: false
D/dalvikvm(   61): GC_CONCURRENT freed 276K, 42% free 4097K/6983K, external 1865K/3065K, paused 3ms+46ms
I/ActivityThread(  189): Pub com.android.deskclock: com.android.deskclock.AlarmProvider
I/ActivityThread(  181): Pub contacts;com.android.contacts: com.android.providers.contacts.ContactsProvider2
D/dalvikvm(  189): GC_CONCURRENT freed 371K, 54% free 2614K/5639K, external 716K/1038K, paused 3ms+3ms
D/TelephonyProvider(  120): Setting numeric '310260' to be the current operator
I/TelephonyRegistry(   61): notifyDataConnection: state=1 isDataConnectivityPossible=true reason=simLoaded interfaceName=null networkType=3
I/TelephonyRegistry(   61): notifyDataConnection: state=2 isDataConnectivityPossible=true reason=simLoaded interfaceName=/dev/omap_csmi_tty1 networkType=3
D/Tethering(   61): MasterInitialState.processMessage what=3
D/SntpClient(   61): request time failed: java.net.SocketException: Address family not supported by protocol
I/ActivityManager(   61): Start proc com.android.protips for broadcast com.android.protips/.ProtipWidget: pid=209 uid=10024 gids={}
D/dalvikvm(   33): GC_EXPLICIT freed 10K, 53% free 2538K/5379K, external 716K/1038K, paused 131ms
D/dalvikvm(   33): GC_EXPLICIT freed <1K, 53% free 2538K/5379K, external 716K/1038K, paused 176ms
D/dalvikvm(  131): GC_EXTERNAL_ALLOC freed 53K, 52% free 2756K/5639K, external 1567K/1572K, paused 206ms
D/dalvikvm(   33): GC_EXPLICIT freed <1K, 53% free 2538K/5379K, external 716K/1038K, paused 191ms
I/ActivityManager(   61): Start proc com.android.music for broadcast com.android.music/.MediaAppWidgetProvider: pid=220 uid=10005 gids={3003, 1015}
I/ActivityThread(  181): Pub call_log: com.android.providers.contacts.CallLogProvider
D/AndroidRuntime(  205): 
D/AndroidRuntime(  205): >>>>>> AndroidRuntime START com.android.internal.os.RuntimeInit <<<<<<
D/AndroidRuntime(  205): CheckJNI is ON
I/ActivityThread(  181): Pub user_dictionary: com.android.providers.userdictionary.UserDictionaryProvider
D/dalvikvm(  131): GC_EXTERNAL_ALLOC freed 49K, 51% free 2792K/5639K, external 2079K/2085K, paused 144ms
I/ActivityManager(   61): Start proc com.android.quicksearchbox for broadcast com.android.quicksearchbox/.SearchWidgetProvider: pid=234 uid=10002 gids={3003}
D/dalvikvm(  131): GC_EXPLICIT freed 26K, 51% free 2807K/5639K, external 2387K/2620K, paused 103ms
D/dalvikvm(   61): GREF has increased to 301
I/ActivityThread(  234): Pub com.android.quicksearchbox.google: com.android.quicksearchbox.google.GoogleSuggestionProvider
I/ActivityThread(  234): Pub com.android.quicksearchbox.shortcuts: com.android.quicksearchbox.ShortcutsProvider
I/ActivityManager(   61): Start proc android.process.media for broadcast com.android.providers.downloads/.DownloadReceiver: pid=242 uid=10000 gids={1015, 1006, 2001, 3003}
D/AndroidRuntime(  205): Calling main entry com.android.commands.am.Am
I/ActivityManager(   61): Force stopping package org.wordpress.android uid=10034
I/ActivityManager(   61): Start proc org.wordpress.android for added application org.wordpress.android: pid=248 uid=10034 gids={3003, 1006, 1015}
D/szipinf (  248): Initializing inflate state
I/ActivityThread(  242): Pub media: com.android.providers.media.MediaProvider
V/MediaProvider(  242): Attached volume: internal
I/ActivityThread(  242): Pub downloads: com.android.providers.downloads.DownloadProvider
I/ActivityThread(  242): Pub drm: com.android.providers.drm.DrmProvider
D/nofatclips(  248): Updating node 
D/nofatclips(  248): Loading node 
I/nofatclips(  248): Preferences file found.
V/nofatclips(  248): Updating value ACTIVITY_DESCRIPTION_IN_SESSION
V/nofatclips(  248): Updating value ADDITIONAL_CRITERIAS
V/nofatclips(  248): Updating value ADDITIONAL_EVENTS
V/nofatclips(  248): Updating value ADDITIONAL_INPUTS
V/nofatclips(  248): Updating value CLASS_NAME
D/nofatclips(  248): Updated value of parameter CLASS_NAME to org.wordpress.android.Dashboard (default = app.package.class)
V/nofatclips(  248): Updating value ENABLE_RESUME
V/nofatclips(  248): Updating value PACKAGE_NAME
D/nofatclips(  248): Updated value of parameter PACKAGE_NAME to org.wordpress.android (default = app.package)
V/nofatclips(  248): Updating value RANDOM_SEED
D/nofatclips(  248): Updated value of parameter RANDOM_SEED to 7602785254284045831 (default = 5466516511651561651)
V/nofatclips(  248): Updating value RETRY_FAILED_TRACES
V/nofatclips(  248): Updating value theClass
D/nofatclips(  248): Updating node scheduler
D/nofatclips(  248): Loading node scheduler
V/nofatclips(  248): Updating value ALL_EVENTS_ON_PREFERENCES
V/nofatclips(  248): Updating value BACK_BUTTON_EVENT
V/nofatclips(  248): Updating value DICTIONARY_FIXED_VALUE
V/nofatclips(  248): Updating value DICTIONARY_IGNORE_CONTENT_TYPES
V/nofatclips(  248): Updating value EMULATOR_PORT
V/nofatclips(  248): Updating value EVENTS
D/nofatclips(  248): Updated values of array parameter EVENTS
V/nofatclips(  248): Updating value EVENT_WHEN_NO_ID
V/nofatclips(  248): Updating value EXCLUDE_WIDGETS_INPUTS_IN_GPS_EVENTS
V/nofatclips(  248): Updating value EXCLUDE_WIDGETS_INPUTS_IN_SENSORS_EVENTS
V/nofatclips(  248): Updating value INPUTS
D/nofatclips(  248): Updated values of array parameter INPUTS
V/nofatclips(  248): Updating value KEY_EVENTS
V/nofatclips(  248): Updating value MAX_EVENTS_PER_WIDGET
V/nofatclips(  248): Updating value MAX_TASKS_IN_SCHEDULER
D/nofatclips(  248): Updated value of parameter MAX_TASKS_IN_SCHEDULER to 2 (default = 0)
V/nofatclips(  248): Updating value MAX_TASKS_PER_EVENT
V/nofatclips(  248): Updating value MENU_EVENTS
V/nofatclips(  248): Updating value ORIENTATION_EVENTS
V/nofatclips(  248): Updating value PLANNER
V/nofatclips(  248): Updating value REFLECT_ACTIVITY_LISTENERS
V/nofatclips(  248): Updating value REFLECT_WIDGETS
V/nofatclips(  248): Updating value SCHEDULER_ALGORITHM
D/nofatclips(  248): Updated value of parameter SCHEDULER_ALGORITHM to DEPTH_FIRST (default = BREADTH_FIRST)
V/nofatclips(  248): Updating value SCROLL_DOWN_EVENT
V/nofatclips(  248): Updating value SENSOR_TYPES
V/nofatclips(  248): Updating value SIMULATE_INCOMING_CALL
V/nofatclips(  248): Updating value SIMULATE_INCOMING_SMS
V/nofatclips(  248): Updating value TAB_EVENTS_START_ONLY
V/nofatclips(  248): Updating value TEST_LOCATION_PROVIDER
V/nofatclips(  248): Updating value TEXT_VALUES_FROM_DICTIONARY
V/nofatclips(  248): Updating value TEXT_VALUES_ID_HASH
V/nofatclips(  248): Updating value USE_GPS
V/nofatclips(  248): Updating value USE_SENSORS
D/nofatclips(  248): Updating node planner
D/nofatclips(  248): Loading node planner
V/nofatclips(  248): Updating value ALL_EVENTS_ON_PREFERENCES
V/nofatclips(  248): Updating value BACK_BUTTON_EVENT
V/nofatclips(  248): Updating value DICTIONARY_FIXED_VALUE
V/nofatclips(  248): Updating value DICTIONARY_IGNORE_CONTENT_TYPES
V/nofatclips(  248): Updating value EMULATOR_PORT
V/nofatclips(  248): Updating value EVENTS
D/nofatclips(  248): Updated values of array parameter EVENTS
V/nofatclips(  248): Updating value EVENT_WHEN_NO_ID
V/nofatclips(  248): Updating value EXCLUDE_WIDGETS_INPUTS_IN_GPS_EVENTS
V/nofatclips(  248): Updating value EXCLUDE_WIDGETS_INPUTS_IN_SENSORS_EVENTS
V/nofatclips(  248): Updating value INPUTS
D/nofatclips(  248): Updated values of array parameter INPUTS
V/nofatclips(  248): Updating value KEY_EVENTS
V/nofatclips(  248): Updating value MAX_EVENTS_PER_WIDGET
V/nofatclips(  248): Updating value MAX_TASKS_IN_SCHEDULER
V/nofatclips(  248): Updating value MAX_TASKS_PER_EVENT
V/nofatclips(  248): Updating value MENU_EVENTS
V/nofatclips(  248): Updating value ORIENTATION_EVENTS
V/nofatclips(  248): Updating value PLANNER
V/nofatclips(  248): Updating value REFLECT_ACTIVITY_LISTENERS
V/nofatclips(  248): Updating value REFLECT_WIDGETS
V/nofatclips(  248): Updating value SCHEDULER_ALGORITHM
V/nofatclips(  248): Updating value SCROLL_DOWN_EVENT
V/nofatclips(  248): Updating value SENSOR_TYPES
V/nofatclips(  248): Updating value SIMULATE_INCOMING_CALL
V/nofatclips(  248): Updating value SIMULATE_INCOMING_SMS
V/nofatclips(  248): Updating value TAB_EVENTS_START_ONLY
V/nofatclips(  248): Updating value TEST_LOCATION_PROVIDER
V/nofatclips(  248): Updating value TEXT_VALUES_FROM_DICTIONARY
V/nofatclips(  248): Updating value TEXT_VALUES_ID_HASH
D/nofatclips(  248): Updated value of parameter TEXT_VALUES_ID_HASH to true (default = false)
V/nofatclips(  248): Updating value USE_GPS
V/nofatclips(  248): Updating value USE_SENSORS
D/nofatclips(  248): Updating node interactions
D/nofatclips(  248): Loading node interactions
V/nofatclips(  248): Updating value ALL_EVENTS_ON_PREFERENCES
V/nofatclips(  248): Updating value BACK_BUTTON_EVENT
V/nofatclips(  248): Updating value DICTIONARY_FIXED_VALUE
V/nofatclips(  248): Updating value DICTIONARY_IGNORE_CONTENT_TYPES
V/nofatclips(  248): Updating value EMULATOR_PORT
V/nofatclips(  248): Updating value EVENTS
D/nofatclips(  248): Updated values of array parameter EVENTS
V/nofatclips(  248): Updating value EVENT_WHEN_NO_ID
V/nofatclips(  248): Updating value EXCLUDE_WIDGETS_INPUTS_IN_GPS_EVENTS
V/nofatclips(  248): Updating value EXCLUDE_WIDGETS_INPUTS_IN_SENSORS_EVENTS
V/nofatclips(  248): Updating value INPUTS
D/nofatclips(  248): Updated values of array parameter INPUTS
V/nofatclips(  248): Updating value KEY_EVENTS
V/nofatclips(  248): Updating value MAX_EVENTS_PER_WIDGET
V/nofatclips(  248): Updating value MAX_TASKS_IN_SCHEDULER
V/nofatclips(  248): Updating value MAX_TASKS_PER_EVENT
V/nofatclips(  248): Updating value MENU_EVENTS
V/nofatclips(  248): Updating value ORIENTATION_EVENTS
V/nofatclips(  248): Updating value PLANNER
V/nofatclips(  248): Updating value REFLECT_ACTIVITY_LISTENERS
V/nofatclips(  248): Updating value REFLECT_WIDGETS
V/nofatclips(  248): Updating value SCHEDULER_ALGORITHM
V/nofatclips(  248): Updating value SCROLL_DOWN_EVENT
V/nofatclips(  248): Updating value SENSOR_TYPES
V/nofatclips(  248): Updating value SIMULATE_INCOMING_CALL
V/nofatclips(  248): Updating value SIMULATE_INCOMING_SMS
V/nofatclips(  248): Updating value TAB_EVENTS_START_ONLY
V/nofatclips(  248): Updating value TEST_LOCATION_PROVIDER
V/nofatclips(  248): Updating value TEXT_VALUES_FROM_DICTIONARY
V/nofatclips(  248): Updating value TEXT_VALUES_ID_HASH
V/nofatclips(  248): Updating value USE_GPS
V/nofatclips(  248): Updating value USE_SENSORS
D/nofatclips(  248): Updating node comparator
D/nofatclips(  248): Loading node comparator
V/nofatclips(  248): Updating value COMPARATOR
V/nofatclips(  248): Updating value COMPARATOR_TYPE
V/nofatclips(  248): Updating value COMPARE_ACTIVITY_NAME
V/nofatclips(  248): Updating value COMPARE_LIST_COUNT
V/nofatclips(  248): Updating value COMPARE_MENU_COUNT
D/nofatclips(  248): Updated value of parameter COMPARE_MENU_COUNT to false (default = true)
V/nofatclips(  248): Updating value COMPARE_STATE_TITLE
V/nofatclips(  248): Updating value COMPARE_VALUES
V/nofatclips(  248): Updating value WIDGET_TYPES
D/nofatclips(  248): Updating node strategy
D/nofatclips(  248): Loading node strategy
V/nofatclips(  248): Updating value AFTER_EVENT_DONT_EXPLORE
V/nofatclips(  248): Updating value AFTER_WIDGET_DONT_EXPLORE
V/nofatclips(  248): Updating value CHECK_FOR_TRANSITION
V/nofatclips(  248): Updating value EXPLORE_ONLY_NEW_STATES
D/nofatclips(  248): Updated value of parameter EXPLORE_ONLY_NEW_STATES to false (default = true)
V/nofatclips(  248): Updating value MAX_NUM_TRACES
D/nofatclips(  248): Updated value of parameter MAX_NUM_TRACES to 50 (default = 0)
V/nofatclips(  248): Updating value MAX_TIME_CRAWLING
V/nofatclips(  248): Updating value PAUSE_AFTER_TIME
V/nofatclips(  248): Updating value PAUSE_AFTER_TRACES
V/nofatclips(  248): Updating value TRACE_MAX_DEPTH
V/nofatclips(  248): Updating value TRACE_MIN_DEPTH
D/nofatclips(  248): Starting random testing
I/TestRunner(  248): started: testAndCrawl(com.nofatclips.crawler.guitree.NomadEngine)
I/ActivityManager(   61): Starting: Intent { act=android.intent.action.MAIN flg=0x10000000 cmp=org.wordpress.android/.Dashboard } from pid 248
D/szipinf (   61): Initializing inflate state
D/dalvikvm(  248): GC_EXTERNAL_ALLOC freed 401K, 53% free 2737K/5767K, external 716K/1038K, paused 47ms
I/Launcher(  131): setLoadOnResume
I/Launcher(  131): setLoadOnResume
D/dalvikvm(  248): GC_EXTERNAL_ALLOC freed 130K, 49% free 2949K/5767K, external 1407K/1623K, paused 37ms
I/ActivityManager(   61): Displayed org.wordpress.android/.Dashboard: +641ms (total +8s359ms)
I/ActivityManager(   61): Displayed com.android.launcher/com.android.launcher2.Launcher: +8s360ms
I/SurfaceFlinger(   61): Boot is finished (12053 ms)
D/PowerManagerService(   61): bootCompleted
D/OtaStartupReceiver(  120): Not a CDMA phone, no need to process OTA
I/ARMAssembler(   61): generated scanline__00000177:03010104_00000002_00000000 [ 44 ipp] (66 ins) at [0x46efd290:0x46efd398] in 598714 ns
I/ARMAssembler(   61): generated scanline__00000177:03515104_00000001_00000000 [ 73 ipp] (95 ins) at [0x46efd3a0:0x46efd51c] in 587596 ns
D/nofatclips(  248): Generated Resuming Persistence
D/VoldCmdListener(   29): volume mount /mnt/sdcard
I/Vold    (   29): /dev/block/vold/179:0 being considered for volume sdcard
D/Vold    (   29): Volume sdcard state changing 1 (Idle-Unmounted) -> 3 (Checking)
I/StorageNotification(  121): Media {/mnt/sdcard} state changed from {unmounted} -> {checking}
I/dalvikvm(  248): Could not find method android.app.Activity.getFragmentManager, referenced from method com.jayway.android.robotium.solo.Waiter.getFragment
W/dalvikvm(  248): VFY: unable to resolve virtual method 7: Landroid/app/Activity;.getFragmentManager ()Landroid/app/FragmentManager;
D/dalvikvm(  248): VFY: replacing opcode 0x6e at 0x0008
I/dalvikvm(  248): Could not find method android.app.Activity.getFragmentManager, referenced from method com.jayway.android.robotium.solo.Waiter.getFragment
W/dalvikvm(  248): VFY: unable to resolve virtual method 7: Landroid/app/Activity;.getFragmentManager ()Landroid/app/FragmentManager;
D/dalvikvm(  248): VFY: replacing opcode 0x6e at 0x0017
W/dalvikvm(  248): VFY: unable to find class referenced in signature (Landroid/app/Fragment;)
D/dalvikvm(  248): VFY: dead code 0x000b-000f in Lcom/jayway/android/robotium/solo/Waiter;.getFragment (Ljava/lang/String;I)Landroid/app/Fragment;
D/dalvikvm(  248): VFY: dead code 0x001a-001f in Lcom/jayway/android/robotium/solo/Waiter;.getFragment (Ljava/lang/String;I)Landroid/app/Fragment;
W/dalvikvm(  248): VFY: unable to find class referenced in signature (Landroid/app/Fragment;)
I//system/bin/fsck_msdos(   29): ** /dev/block/vold/179:0
I/RecoverySystem(   61): No recovery log file
I/ActivityManager(   61): Start proc com.android.mms for broadcast com.android.mms/.transaction.MmsSystemEventReceiver: pid=274 uid=10015 gids={3003, 1015}
D/dalvikvm(   61): GC_EXPLICIT freed 684K, 45% free 4140K/7495K, external 1865K/3065K, paused 92ms
I/ActivityThread(  274): Pub com.android.mms.SuggestionsProvider: com.android.mms.SuggestionsProvider
D/nofatclips(  248): Updating node automation
D/nofatclips(  248): Loading node automation
V/nofatclips(  248): Updating value FORCE_RESTART
V/nofatclips(  248): Updating value IN_AND_OUT_FOCUS
V/nofatclips(  248): Updating value PRECRAWLING
V/nofatclips(  248): Updating value SCREENSHOT_FOR_EVENTS
V/nofatclips(  248): Updating value SCREENSHOT_FOR_STATES
V/nofatclips(  248): Updating value SCREENSHOT_ONLY_NEW_STATES
V/nofatclips(  248): Updating value SLEEP_AFTER_EVENT
D/nofatclips(  248): Updated value of parameter SLEEP_AFTER_EVENT to 100 (default = 1000)
V/nofatclips(  248): Updating value SLEEP_AFTER_RESTART
D/nofatclips(  248): Updated value of parameter SLEEP_AFTER_RESTART to 100 (default = 1000)
V/nofatclips(  248): Updating value SLEEP_AFTER_TASK
D/nofatclips(  248): Updated value of parameter SLEEP_AFTER_TASK to 100 (default = 1000)
V/nofatclips(  248): Updating value SLEEP_ON_THROBBER
D/nofatclips(  248): Updated value of parameter SLEEP_ON_THROBBER to 100 (default = 1000)
D/nofatclips(  248): Updating node screenshot
D/nofatclips(  248): Loading node screenshot
V/nofatclips(  248): Updating value FORCE_RESTART
V/nofatclips(  248): Updating value IN_AND_OUT_FOCUS
V/nofatclips(  248): Updating value PRECRAWLING
V/nofatclips(  248): Updating value SCREENSHOT_FOR_EVENTS
V/nofatclips(  248): Updating value SCREENSHOT_FOR_STATES
V/nofatclips(  248): Updating value SCREENSHOT_ONLY_NEW_STATES
V/nofatclips(  248): Updating value SLEEP_AFTER_EVENT
V/nofatclips(  248): Updating value SLEEP_AFTER_RESTART
V/nofatclips(  248): Updating value SLEEP_AFTER_TASK
V/nofatclips(  248): Updating value SLEEP_ON_THROBBER
I/nofatclips(  248): Waiting for 100 msec.
D/nofatclips(  248): Ready to operate after restarting...
I/nofatclips(  248): Current activity is Dashboard
W/nofatclips(  248): --->Dashboard
I/nofatclips(  248): Retrieving widgets
I/nofatclips(  248): Attempting to resume previous session
I/nofatclips(  248): Memoryless engine: the task file will not be loaded. Looking for crashed traces.
I/nofatclips(  248): Reading task file
D/dalvikvm(  248): GC_CONCURRENT freed 114K, 48% free 3076K/5831K, external 1812K/2324K, paused 2ms+15ms
W/ActivityManager(   61): Activity idle timeout for HistoryRecord{405d5e30 com.android.launcher/com.android.launcher2.Launcher}
I/ActivityManager(   61): Start proc com.android.email for broadcast com.android.email/.service.EmailBroadcastReceiver: pid=295 uid=10028 gids={3003, 1015}
V/nofatclips(  248): Discarding trace #233
I/nofatclips(  248): Stateless comparator: the state file will not be loaded.
D/dalvikvm(  248): GetFieldID: unable to find field Ljava/util/Hashtable;.loadFactor:F
D/dalvikvm(  248): GetFieldID: unable to find field Ljava/util/Hashtable;.loadFactor:F
D/dalvikvm(  248): GetFieldID: unable to find field Ljava/util/Hashtable;.loadFactor:F
D/dalvikvm(  248): GetFieldID: unable to find field Ljava/util/Hashtable;.loadFactor:F
D/dalvikvm(  248): GetFieldID: unable to find field Ljava/util/Hashtable;.loadFactor:F
D/dalvikvm(  248): GetFieldID: unable to find field Ljava/util/Hashtable;.loadFactor:F
D/nofatclips(  248): Backup session footer restored to 
D/nofatclips(  248): </SESSION>
D/nofatclips(  248): Restored random counter to: 239
D/nofatclips(  248): Restored trace count to 235
D/nofatclips(  248): Current step countdown restored to 26
D/nofatclips(  248): Restored abstractor counters to: event = 239 - input = 126 - activity = 25
I/nofatclips(  248): Saving the session on disk.
I/InputReader(   61): Device reconfigured: id=0x0, name=qwerty2, display size is now 320x480
I/InputManager-Callbacks(   61): No virtual keys found for device qwerty2.
I/nofatclips(  248): Planning for new Activity Dashboard
I/nofatclips(  248): Created trace to press the menu button
I/nofatclips(  248): Created trace to change orientation
I/nofatclips(  248): Dispatching new task. 2 more tasks remaining.
D/nofatclips(  248): Performing backup of the old task list on disk
D/nofatclips(  248): Saving task list on disk
V/nofatclips(  248): Backing up trace #235 to disk.
V/nofatclips(  248): Backing up trace #236 to disk.
D/nofatclips(  248): Deleting backup of the old task list from disk
I/nofatclips(  248): Restarting
I/ARMAssembler(   61): generated scanline__00000077:03515104_00001004_00000000 [ 65 ipp] (85 ins) at [0x46efd520:0x46efd674] in 502492 ns
I/ARMAssembler(   61): generated scanline__00000177:03515104_00001001_00000000 [ 91 ipp] (114 ins) at [0x46efd678:0x46efd840] in 329721 ns
D/dalvikvm(  248): GC_CONCURRENT freed 724K, 52% free 3138K/6471K, external 1812K/2324K, paused 2ms+39ms
I/ActivityThread(  295): Pub com.android.email.provider: com.android.email.provider.EmailProvider
I/nofatclips(  248): Waiting for 100 msec.
I/ActivityThread(  295): Pub com.android.email.attachmentprovider: com.android.email.provider.AttachmentProvider
I/ActivityThread(  295): Pub com.android.exchange.provider: com.android.exchange.provider.ExchangeProvider
D/nofatclips(  248): Ready to operate after restarting...
D/EAS SyncManager(  295): !!! EAS SyncManager, onCreate
I/nofatclips(  248): Retrieving widgets
D/nofatclips(  248): Found widget: id=16908290 (android.widget.FrameLayout@405a0f78)
D/nofatclips(  248): Found widget: id=2131165248 (android.widget.RelativeLayout@405a1c78)
D/nofatclips(  248): Found widget: id=2131165249 (android.widget.LinearLayout@405a22e0)
D/nofatclips(  248): Found widget: id=-1 (android.widget.ImageView@405a2828)
D/nofatclips(  248): Found widget: id=2131165250 (org.wordpress.android.util.WPTitleBar@4059c160)
D/nofatclips(  248): Found widget: id=2131165195 (android.widget.RelativeLayout@4050e728)
D/nofatclips(  248): Found widget: id=2131165196 (android.widget.RelativeLayout@40568a70)
D/nofatclips(  248): Found widget: id=2131165197 (android.widget.ImageView@4059d3f8)
D/nofatclips(  248): Found widget: id=2131165198 (android.widget.TextView@40541de8): Katie's Sweet Testing Blog
D/nofatclips(  248): Found widget: id=2131165199 (android.widget.ImageView@4055d678)
D/nofatclips(  248): Found widget: id=-1 (android.widget.RelativeLayout@405799d8)
D/nofatclips(  248): Found widget: id=2131165200 (android.widget.ImageButton@4059d920)
D/nofatclips(  248): Found widget: id=-1 (android.widget.FrameLayout@4057aec0)
D/nofatclips(  248): Found widget: id=2131165201 (android.widget.Button@405427b0): 
D/nofatclips(  248): Found widget: id=2131165202 (android.widget.ImageView@40593d70)
D/nofatclips(  248): Found widget: id=2131165203 (android.widget.ImageView@4053cfa8)
D/nofatclips(  248): Found widget: id=2131165204 (android.widget.LinearLayout@40569678)
D/nofatclips(  248): Found widget: id=-1 (android.widget.FrameLayout@4059d190)
D/nofatclips(  248): Found widget: id=-1 (android.widget.LinearLayout@40530150)
D/nofatclips(  248): Found widget: id=-1 (android.widget.LinearLayout@4050e538)
D/nofatclips(  248): Found widget: id=-1 (android.widget.LinearLayout@4052f770)
D/nofatclips(  248): Found widget: id=2131165251 (android.widget.LinearLayout@4052fe28)
D/nofatclips(  248): Found widget: id=-1 (android.widget.ImageView@40590818)
D/nofatclips(  248): Found widget: id=2131165256 (android.widget.TextView@4056b370): New Post
D/nofatclips(  248): Found widget: id=2131165253 (android.widget.LinearLayout@4059c398)
D/nofatclips(  248): Found widget: id=-1 (android.widget.ImageView@40531190)
D/nofatclips(  248): Found widget: id=2131165256 (android.widget.TextView@4056bca8): New Page
D/nofatclips(  248): Found widget: id=-1 (android.widget.LinearLayout@40533448)
D/nofatclips(  248): Found widget: id=2131165252 (android.widget.LinearLayout@40530e38)
D/nofatclips(  248): Found widget: id=-1 (android.widget.ImageView@40539340)
D/nofatclips(  248): Found widget: id=2131165256 (android.widget.TextView@40577ea0): Quick Photo
D/nofatclips(  248): Found widget: id=2131165254 (android.widget.LinearLayout@405479b8)
D/nofatclips(  248): Found widget: id=-1 (android.widget.ImageView@40531d30)
D/nofatclips(  248): Found widget: id=2131165256 (android.widget.TextView@40578710): Quick Video
D/nofatclips(  248): Found widget: id=-1 (android.widget.LinearLayout@4052ebe0)
D/nofatclips(  248): Found widget: id=-1 (android.widget.LinearLayout@40534400)
D/nofatclips(  248): Found widget: id=2131165255 (android.widget.LinearLayout@405356c8)
D/nofatclips(  248): Found widget: id=-1 (android.widget.ImageView@40542d70)
D/nofatclips(  248): Found widget: id=2131165256 (android.widget.TextView@40578d98): Posts
D/nofatclips(  248): Found widget: id=2131165257 (android.widget.LinearLayout@40546130)
D/nofatclips(  248): Found widget: id=-1 (android.widget.ImageView@40568da0)
D/nofatclips(  248): Found widget: id=2131165256 (android.widget.TextView@405379f8): Pages
D/nofatclips(  248): Found widget: id=-1 (android.widget.FrameLayout@40534a08)
D/nofatclips(  248): Found widget: id=2131165258 (android.widget.LinearLayout@405406f0)
D/nofatclips(  248): Found widget: id=-1 (android.widget.ImageView@40537108)
D/nofatclips(  248): Found widget: id=2131165256 (android.widget.TextView@405399a8): Comments
D/nofatclips(  248): Found widget: id=2131165259 (android.widget.FrameLayout@40544be0)
D/nofatclips(  248): Found widget: id=2131165260 (android.widget.ImageView@40546700)
D/nofatclips(  248): Found widget: id=2131165261 (org.wordpress.android.util.CommentBadgeTextView@4053a9c0): 0
D/nofatclips(  248): Found widget: id=-1 (android.widget.LinearLayout@40539780)
D/nofatclips(  248): Found widget: id=2131165262 (android.widget.LinearLayout@40540d98)
D/nofatclips(  248): Found widget: id=-1 (android.widget.ImageView@405416a0)
D/nofatclips(  248): Found widget: id=2131165256 (android.widget.TextView@40540fe0): Settings
D/nofatclips(  248): Found widget: id=2131165263 (android.widget.LinearLayout@40544638)
D/nofatclips(  248): Found widget: id=-1 (android.widget.ImageView@40560590)
D/nofatclips(  248): Found widget: id=2131165256 (android.widget.TextView@40543320): Read
D/nofatclips(  248): Found widget: id=2131165264 (android.widget.LinearLayout@40561c78)
D/nofatclips(  248): Found widget: id=-1 (android.widget.ImageView@40564530)
D/nofatclips(  248): Found widget: id=2131165256 (android.widget.TextView@40550078): Stats
D/nofatclips(  248): Found widget: id=-1 (com.android.internal.policy.impl.PhoneWindow$DecorView@405a0678)
I/nofatclips(  248): Playing Trace 236
I/nofatclips(  248): Retrieved from return list id=16908290
D/nofatclips(  248): Testing for type (android.widget.FrameLayout) against the original (null)
I/nofatclips(  248): Firing event: type= changeOrientation name= widget=null
I/SearchManagerService(   61): Building list of searchable activities
I//system/bin/fsck_msdos(   29): ** Phase 1 - Read and Compare FATs
I//system/bin/fsck_msdos(   29): Attempting to allocate 998 KB for FAT
D/MediaScannerService(  242): start scanning volume internal
D/Eas Debug(  295): Logging: 
D/EAS SyncManager(  295): !!! EAS SyncManager, onDestroy
D/dalvikvm(  274): GC_CONCURRENT freed 495K, 54% free 2722K/5831K, external 716K/1038K, paused 2ms+2ms
D/dalvikvm(  295): GC_CONCURRENT freed 536K, 54% free 2699K/5831K, external 716K/1038K, paused 3ms+68ms
D/Email   (  295): BOOT_COMPLETED
W/KeyCharacterMap(  248): No keyboard for id 0
W/KeyCharacterMap(  248): Using default keymap: /system/usr/keychars/qwerty.kcm.bin
D/EAS SyncManager(  295): !!! EAS SyncManager, onCreate
D/EAS SyncManager(  295): !!! EAS SyncManager, onStartCommand
D/EAS SyncManager(  295): !!! EAS SyncManager, stopping self
D/EAS SyncManager(  295): !!! EAS SyncManager, onDestroy
I//system/bin/fsck_msdos(   29): Attempting to allocate 998 KB for FAT
I//system/bin/fsck_msdos(   29): ** Phase 2 - Check Cluster Chains
I//system/bin/fsck_msdos(   29): ** Phase 3 - Checking Directories
I//system/bin/fsck_msdos(   29): ** Phase 4 - Checking for Lost Files
I/Launcher(  131): setLoadOnResume
I//system/bin/fsck_msdos(   29): 3 files, 509980 free (254990 clusters)
I/Vold    (   29): Filesystem check completed OK
I/Vold    (   29): Device /dev/block/vold/179:0, target /mnt/sdcard mounted @ /mnt/secure/staging
D/Vold    (   29): Volume sdcard state changing 3 (Checking) -> 4 (Mounted)
I/PackageManager(   61): Updating external media status from unmounted to mounted
I/StorageNotification(  121): Media {/mnt/sdcard} state changed from {checking} -> {mounted}
D/VoldCmdListener(   29): asec list
I/PackageManager(   61): No secure containers on sdcard
W/PackageManager(   61): Unknown permission com.google.android.googleapps.permission.GOOGLE_AUTH.mail in package com.android.contacts
W/PackageManager(   61): Unknown permission android.permission.ADD_SYSTEM_SERVICE in package com.android.phone
W/PackageManager(   61): Not granting permission android.permission.SEND_DOWNLOAD_COMPLETED_INTENTS to package com.android.browser (protectionLevel=2 flags=0x9be45)
I/Launcher(  131): setLoadOnResume
W/PackageManager(   61): Unknown permission com.google.android.gm.permission.WRITE_GMAIL in package com.android.settings
W/PackageManager(   61): Unknown permission com.google.android.gm.permission.READ_GMAIL in package com.android.settings
W/PackageManager(   61): Unknown permission com.google.android.googleapps.permission.GOOGLE_AUTH in package com.android.settings
W/PackageManager(   61): Unknown permission com.google.android.googleapps.permission.GOOGLE_AUTH in package com.android.providers.contacts
W/PackageManager(   61): Unknown permission com.google.android.googleapps.permission.GOOGLE_AUTH.cp in package com.android.providers.contacts
W/PackageManager(   61): Unknown permission com.google.android.googleapps.permission.ACCESS_GOOGLE_PASSWORD in package com.android.development
W/PackageManager(   61): Unknown permission com.google.android.googleapps.permission.GOOGLE_AUTH in package com.android.development
W/PackageManager(   61): Unknown permission com.google.android.googleapps.permission.GOOGLE_AUTH.ALL_SERVICES in package com.android.development
W/PackageManager(   61): Unknown permission com.google.android.googleapps.permission.GOOGLE_AUTH.YouTubeUser in package com.android.development
W/PackageManager(   61): Unknown permission android.permission.READ_OWNER_DATA in package com.android.email
W/PackageManager(   61): Not granting permission android.permission.DEVICE_POWER to package com.android.deskclock (protectionLevel=2 flags=0x8be45)
W/ImageDownloader(  248): Error 404 while retrieving bitmap from http://gravatar.com/blavatar/44d338f29053dbb888da79dcf98df489?s=60&d=404
D/MediaScanner(  242):  prescan time: 780ms
D/MediaScanner(  242):     scan time: 7ms
D/MediaScanner(  242): postscan time: 0ms
D/MediaScanner(  242):    total time: 787ms
D/dalvikvm(  242): GC_CONCURRENT freed 522K, 55% free 2646K/5767K, external 716K/1038K, paused 3ms+3ms
D/szipinf (  181): Initializing inflate state
D/dalvikvm(  181): GC_CONCURRENT freed 245K, 51% free 2797K/5703K, external 716K/1038K, paused 3ms+3ms
I/WindowManager(   61): Setting rotation to 1, animFlags=1
I/ActivityManager(   61): Config changed: { scale=1.0 imsi=310/260 loc=en_US touch=3 keys=2/1/2 nav=1/1 orien=2 layout=18 uiMode=17 seq=5}
I/nofatclips(  248): Waiting for 100 msec.
D/MediaScannerService(  242): done scanning volume internal
D/MediaScannerService(  242): start scanning volume external
I/dalvikvm(  248): Jit: resizing JitTable from 512 to 1024
V/MediaProvider(  242): /mnt/sdcard volume ID: 453974296
I/nofatclips(  248): Current activity is Dashboard
I/nofatclips(  248): Retrieving widgets
D/nofatclips(  248): Found widget: id=16908290 (android.widget.FrameLayout@405a0f78)
D/nofatclips(  248): Found widget: id=2131165248 (android.widget.RelativeLayout@405a1c78)
D/nofatclips(  248): Found widget: id=2131165249 (android.widget.LinearLayout@405a22e0)
D/nofatclips(  248): Found widget: id=-1 (android.widget.ImageView@405a2828)
D/nofatclips(  248): Found widget: id=2131165250 (org.wordpress.android.util.WPTitleBar@4059c160)
D/nofatclips(  248): Found widget: id=2131165195 (android.widget.RelativeLayout@4050e728)
D/nofatclips(  248): Found widget: id=2131165196 (android.widget.RelativeLayout@40568a70)
D/nofatclips(  248): Found widget: id=2131165197 (android.widget.ImageView@4059d3f8)
D/nofatclips(  248): Found widget: id=2131165198 (android.widget.TextView@40541de8): Katie's Sweet Testing Blog
D/nofatclips(  248): Found widget: id=2131165199 (android.widget.ImageView@4055d678)
D/nofatclips(  248): Found widget: id=-1 (android.widget.RelativeLayout@405799d8)
D/nofatclips(  248): Found widget: id=2131165200 (android.widget.ImageButton@4059d920)
D/nofatclips(  248): Found widget: id=-1 (android.widget.FrameLayout@4057aec0)
D/nofatclips(  248): Found widget: id=2131165201 (android.widget.Button@405427b0): 
D/nofatclips(  248): Found widget: id=2131165202 (android.widget.ImageView@40593d70)
D/nofatclips(  248): Found widget: id=2131165203 (android.widget.ImageView@4053cfa8)
D/nofatclips(  248): Found widget: id=2131165249 (android.widget.LinearLayout@405b3ad0)
D/nofatclips(  248): Found widget: id=-1 (android.widget.FrameLayout@405b3e08)
D/nofatclips(  248): Found widget: id=-1 (android.widget.LinearLayout@405b4070)
D/nofatclips(  248): Found widget: id=-1 (android.widget.LinearLayout@405b4ce0)
D/nofatclips(  248): Found widget: id=-1 (android.widget.LinearLayout@405b4f00)
D/nofatclips(  248): Found widget: id=2131165251 (android.widget.LinearLayout@405b5120)
D/nofatclips(  248): Found widget: id=-1 (android.widget.ImageView@405b68f8)
D/nofatclips(  248): Found widget: id=-1 (android.widget.TextView@405b6d28): New Post
D/nofatclips(  248): Found widget: id=2131165252 (android.widget.LinearLayout@405b71b8)
D/nofatclips(  248): Found widget: id=-1 (android.widget.ImageView@405b8430)
D/nofatclips(  248): Found widget: id=-1 (android.widget.TextView@405b87e0): Quick Photo
D/nofatclips(  248): Found widget: id=-1 (android.widget.LinearLayout@405b8c70)
D/nofatclips(  248): Found widget: id=2131165253 (android.widget.LinearLayout@405b8e90)
D/nofatclips(  248): Found widget: id=-1 (android.widget.ImageView@405ba720)
D/nofatclips(  248): Found widget: id=-1 (android.widget.TextView@405baad0): New Page
D/nofatclips(  248): Found widget: id=2131165254 (android.widget.LinearLayout@405baf60)
D/nofatclips(  248): Found widget: id=-1 (android.widget.ImageView@405bc140)
D/nofatclips(  248): Found widget: id=-1 (android.widget.TextView@405bc4f0): Quick Video
D/nofatclips(  248): Found widget: id=-1 (android.widget.LinearLayout@405bc980)
D/nofatclips(  248): Found widget: id=-1 (android.widget.LinearLayout@405bcba0)
D/nofatclips(  248): Found widget: id=2131165255 (android.widget.LinearLayout@405bcdc0)
D/nofatclips(  248): Found widget: id=-1 (android.widget.ImageView@405bd7f0)
D/nofatclips(  248): Found widget: id=2131165256 (android.widget.TextView@405bdba0): Posts
D/nofatclips(  248): Found widget: id=2131165257 (android.widget.LinearLayout@405be030)
D/nofatclips(  248): Found widget: id=-1 (android.widget.ImageView@405bea60)
D/nofatclips(  248): Found widget: id=2131165256 (android.widget.TextView@405bee10): Pages
D/nofatclips(  248): Found widget: id=-1 (android.widget.FrameLayout@405bf2a0)
D/dalvikvm(  248): GC_CONCURRENT freed 843K, 53% free 3147K/6599K, external 2194K/2324K, paused 3ms+3ms
D/nofatclips(  248): Found widget: id=2131165258 (android.widget.LinearLayout@405bf508)
D/nofatclips(  248): Found widget: id=-1 (android.widget.ImageView@405c4e90)
D/nofatclips(  248): Found widget: id=2131165256 (android.widget.TextView@405c5240): Comments
D/nofatclips(  248): Found widget: id=2131165259 (android.widget.FrameLayout@405c56d0)
D/nofatclips(  248): Found widget: id=2131165260 (android.widget.ImageView@405c5938)
D/nofatclips(  248): Found widget: id=2131165261 (org.wordpress.android.util.CommentBadgeTextView@405c5d80): 0
D/nofatclips(  248): Found widget: id=-1 (android.widget.LinearLayout@405c6248)
D/nofatclips(  248): Found widget: id=2131165262 (android.widget.LinearLayout@405c6468)
D/nofatclips(  248): Found widget: id=-1 (android.widget.ImageView@405c6c68)
D/nofatclips(  248): Found widget: id=2131165256 (android.widget.TextView@405c7018): Settings
D/nofatclips(  248): Found widget: id=2131165263 (android.widget.LinearLayout@405c74a8)
D/nofatclips(  248): Found widget: id=-1 (android.widget.ImageView@405c7ca8)
D/nofatclips(  248): Found widget: id=2131165256 (android.widget.TextView@405c8058): Read
D/nofatclips(  248): Found widget: id=2131165264 (android.widget.LinearLayout@405c84e8)
D/nofatclips(  248): Found widget: id=-1 (android.widget.ImageView@405c9760)
D/nofatclips(  248): Found widget: id=2131165256 (android.widget.TextView@405c9b10): Stats
D/nofatclips(  248): Found widget: id=-1 (com.android.internal.policy.impl.PhoneWindow$DecorView@405a0678)
V/nicola  (  248): TextualID : blog_title
V/nicola  (  248): ContentType detected : default
V/nicola  (  248): TextualID : action_refresh
V/nicola  (  248): ContentType detected : default
V/nicola  (  248): TextualID : null
V/nicola  (  248): ContentType detected : default
V/nicola  (  248): TextualID : null
V/nicola  (  248): ContentType detected : default
V/nicola  (  248): TextualID : null
V/nicola  (  248): ContentType detected : default
V/nicola  (  248): TextualID : null
V/nicola  (  248): ContentType detected : default
V/nicola  (  248): TextualID : button_text
V/nicola  (  248): ContentType detected : default
V/nicola  (  248): TextualID : button_text
V/nicola  (  248): ContentType detected : default
V/nicola  (  248): TextualID : button_text
V/nicola  (  248): ContentType detected : default
V/nicola  (  248): TextualID : button_text
V/nicola  (  248): ContentType detected : default
V/nicola  (  248): TextualID : button_text
V/nicola  (  248): ContentType detected : default
V/nicola  (  248): TextualID : button_text
V/nicola  (  248): ContentType detected : default
I/nofatclips(  248): Performing comparation for activity Dashboard
I/nofatclips(  248): Registering activity Dashboard (id: a26) as a new found state
D/nofatclips(  248): Performing backup of the old activity list on disk
D/nofatclips(  248): Saving new found state 'a26' on disk
V/nofatclips(  248): Opening state file in append mode.
D/dalvikvm(  248): GC_EXTERNAL_ALLOC freed 519K, 51% free 3238K/6599K, external 1812K/2324K, paused 42ms
D/dalvikvm(  248): GC_EXTERNAL_ALLOC freed 21K, 52% free 3216K/6599K, external 1999K/2511K, paused 39ms
I/nofatclips(  248): Saved image on disk: a26.jpg
I/nofatclips(  248): Waiting for 100 msec.
D/dalvikvm(  120): GREF has increased to 201
I/nofatclips(  248): Session count is 1. Will dump to disk at 1
I/nofatclips(  248): Saving the session on disk.
I/nofatclips(  248): Planning for new Activity Dashboard
D/nofatclips(  248): Handling event 'click' on widget id=2131165200 type=button name=
D/nofatclips(  248): Handling event 'click' on widget id=2131165201 type=button name=
D/nofatclips(  248): Handling event 'click' on widget id=2131165249 type=linearLayout name=
D/nofatclips(  248): Handling event 'click' on widget id=2131165251 type=linearLayout name=
D/nofatclips(  248): Handling event 'click' on widget id=2131165252 type=linearLayout name=
D/nofatclips(  248): Handling event 'click' on widget id=2131165253 type=linearLayout name=
D/nofatclips(  248): Handling event 'click' on widget id=2131165254 type=linearLayout name=
D/nofatclips(  248): Handling event 'click' on widget id=2131165255 type=linearLayout name=
D/dalvikvm(   61): GC_EXPLICIT freed 602K, 45% free 4142K/7495K, external 1865K/3065K, paused 212ms
D/dalvikvm(  131): GC_EXTERNAL_ALLOC freed 181K, 49% free 2958K/5767K, external 2617K/2620K, paused 1547ms
D/dalvikvm(  248): GC_CONCURRENT freed 779K, 51% free 3320K/6727K, external 2599K/3246K, paused 3ms+3ms
D/nofatclips(  248): Handling event 'click' on widget id=2131165257 type=linearLayout name=
D/nofatclips(  248): Handling event 'click' on widget id=2131165258 type=linearLayout name=
I/dalvikvm(  248): Jit: resizing JitTable from 1024 to 2048
D/nofatclips(  248): Handling event 'click' on widget id=2131165262 type=linearLayout name=
D/nofatclips(  248): Handling event 'click' on widget id=2131165263 type=linearLayout name=
D/nofatclips(  248): Handling event 'click' on widget id=2131165264 type=linearLayout name=
I/nofatclips(  248): Created trace to press the back button
I/nofatclips(  248): Created trace to press the menu button
I/nofatclips(  248): Created trace to change orientation
I/nofatclips(  248): Check for termination: 25 steps left of 50
I/nofatclips(  248): Dispatching new task. 2 more tasks remaining.
D/nofatclips(  248): Performing backup of the old task list on disk
D/nofatclips(  248): Saving task list on disk
V/nofatclips(  248): Backing up trace #250 to disk.
V/nofatclips(  248): Backing up trace #251 to disk.
D/nofatclips(  248): Deleting backup of the old task list from disk
D/nofatclips(  248): Deleting backup of the old activity list from disk
I/nofatclips(  248): Incrementally Playing Trace 251
I/nofatclips(  248): Retrieved from return list id=2131165200
D/nofatclips(  248): Testing for type (android.widget.ImageButton) against the original (android.widget.ImageButton)
D/nofatclips(  248): Testing for name () against the original ()
I/nofatclips(  248): Firing event: type= click index=11 widget=android.widget.ImageButton
