D/nofatclips(  255): Updating node screenshot
D/nofatclips(  255): Loading node screenshot
V/nofatclips(  255): Updating value FORCE_RESTART
V/nofatclips(  255): Updating value IN_AND_OUT_FOCUS
V/nofatclips(  255): Updating value PRECRAWLING
V/nofatclips(  255): Updating value SCREENSHOT_FOR_EVENTS
V/nofatclips(  255): Updating value SCREENSHOT_FOR_STATES
V/nofatclips(  255): Updating value SCREENSHOT_ONLY_NEW_STATES
V/nofatclips(  255): Updating value SLEEP_AFTER_EVENT
V/nofatclips(  255): Updating value SLEEP_AFTER_RESTART
V/nofatclips(  255): Updating value SLEEP_AFTER_TASK
V/nofatclips(  255): Updating value SLEEP_ON_THROBBER
I/nofatclips(  255): Waiting for 100 msec.
D/nofatclips(  255): Ready to operate after restarting...
I/nofatclips(  255): Current activity is Dashboard
W/nofatclips(  255): --->Dashboard
I/nofatclips(  255): Retrieving widgets
D/nofatclips(  255): No session to resume: task list not found. Will start from scratch.
I/nofatclips(  255): Starting a new session
D/nofatclips(  255): Performing backup of the old activity list on disk
D/nofatclips(  255): Saving new found state 'exit' on disk
V/nofatclips(  255): Opening state file in overwrite mode.
I/ActivityManager(   61): Start proc com.android.email for broadcast com.android.email/.service.EmailBroadcastReceiver: pid=296 uid=10028 gids={3003, 1015}
D/dalvikvm(  255): GC_CONCURRENT freed 173K, 48% free 3047K/5831K, external 1812K/2324K, paused 2ms+45ms
I/nofatclips(  255): Planning for new Activity Dashboard
I/nofatclips(  255): Created trace to press the menu button
I/nofatclips(  255): Created trace to change orientation
I/nofatclips(  255): Dispatching new task. 2 more tasks remaining.
D/nofatclips(  255): Saving task list on disk
V/nofatclips(  255): Backing up trace #0 to disk.
V/nofatclips(  255): Backing up trace #1 to disk.
D/nofatclips(  255): Deleting backup of the old activity list from disk
I/nofatclips(  255): Restarting
I/ActivityThread(  296): Pub com.android.email.provider: com.android.email.provider.EmailProvider
I/ActivityThread(  296): Pub com.android.email.attachmentprovider: com.android.email.provider.AttachmentProvider
I/ActivityThread(  296): Pub com.android.exchange.provider: com.android.exchange.provider.ExchangeProvider
D/EAS SyncManager(  296): !!! EAS SyncManager, onCreate
I/SearchManagerService(   61): Building list of searchable activities
I//system/bin/fsck_msdos(   29): ** /dev/block/vold/179:0
I/InputReader(   61): Device reconfigured: id=0x0, name=qwerty2, display size is now 320x480
I/InputManager-Callbacks(   61): No virtual keys found for device qwerty2.
I//system/bin/fsck_msdos(   29): ** Phase 1 - Read and Compare FATs
I//system/bin/fsck_msdos(   29): Attempting to allocate 998 KB for FAT
I/nofatclips(  255): Waiting for 100 msec.
D/nofatclips(  255): Ready to operate after restarting...
I/nofatclips(  255): Retrieving widgets
I/nofatclips(  255): Playing Trace 1
I/nofatclips(  255): Firing event: type= changeOrientation name= widget=null
I/ARMAssembler(   61): generated scanline__00000077:03515104_00001004_00000000 [ 65 ipp] (85 ins) at [0x46dfd520:0x46dfd674] in 510618 ns
I/ARMAssembler(   61): generated scanline__00000177:03515104_00001001_00000000 [ 91 ipp] (114 ins) at [0x46dfd678:0x46dfd840] in 352814 ns
I/ARMAssembler(   61): generated scanline__00000177:03515104_00001002_00000000 [ 87 ipp] (110 ins) at [0x46dfd848:0x46dfda00] in 288666 ns
D/MediaScannerService(  244): start scanning volume internal
I/WindowManager(   61): Setting rotation to 1, animFlags=1
D/Eas Debug(  296): Logging: 
I/ActivityManager(   61): Config changed: { scale=1.0 imsi=310/260 loc=en_US touch=3 keys=2/1/2 nav=1/1 orien=2 layout=18 uiMode=17 seq=5}
I/nofatclips(  255): Waiting for 100 msec.
W/dalvikvm(  275): threadid=6: spin on suspend #1 threadid=3 (pcf=0)
D/dalvikvm(  275): Temporarily moving tid 277 to fg (was 0)
W/dalvikvm(  275): threadid=6: spin on suspend resolved in 1092 msec
D/dalvikvm(  275): Restored policy of 277 to 0
D/EAS SyncManager(  296): !!! EAS SyncManager, onDestroy
I/nofatclips(  255): Current activity is Dashboard
I/nofatclips(  255): Retrieving widgets
D/nofatclips(  255): Found widget: id=16908290 (android.widget.FrameLayout@405a0f78)
D/nofatclips(  255): Found widget: id=2131165248 (android.widget.RelativeLayout@405a1c78)
D/nofatclips(  255): Found widget: id=2131165249 (android.widget.LinearLayout@405a22e0)
D/nofatclips(  255): Found widget: id=-1 (android.widget.ImageView@405a2828)
D/nofatclips(  255): Found widget: id=2131165250 (org.wordpress.android.util.WPTitleBar@4059c160)
D/nofatclips(  255): Found widget: id=2131165195 (android.widget.RelativeLayout@4050e728)
D/nofatclips(  255): Found widget: id=2131165196 (android.widget.RelativeLayout@40568a70)
D/nofatclips(  255): Found widget: id=2131165197 (android.widget.ImageView@4059d3f8)
D/nofatclips(  255): Found widget: id=2131165198 (android.widget.TextView@40541de8): Katie's Sweet Testing Blog
D/nofatclips(  255): Found widget: id=2131165199 (android.widget.ImageView@4055d678)
D/nofatclips(  255): Found widget: id=-1 (android.widget.RelativeLayout@405799d8)
D/nofatclips(  255): Found widget: id=2131165200 (android.widget.ImageButton@4059d920)
D/nofatclips(  255): Found widget: id=-1 (android.widget.FrameLayout@4057aec0)
D/nofatclips(  255): Found widget: id=2131165201 (android.widget.Button@405427b0): 
D/nofatclips(  255): Found widget: id=2131165202 (android.widget.ImageView@40593d70)
D/nofatclips(  255): Found widget: id=2131165203 (android.widget.ImageView@4053cfa8)
D/nofatclips(  255): Found widget: id=2131165249 (android.widget.LinearLayout@405decf8)
D/nofatclips(  255): Found widget: id=-1 (android.widget.FrameLayout@405df030)
D/nofatclips(  255): Found widget: id=-1 (android.widget.LinearLayout@405df298)
D/nofatclips(  255): Found widget: id=-1 (android.widget.LinearLayout@405dff08)
D/nofatclips(  255): Found widget: id=-1 (android.widget.LinearLayout@405e0128)
D/nofatclips(  255): Found widget: id=2131165251 (android.widget.LinearLayout@405e0348)
D/nofatclips(  255): Found widget: id=-1 (android.widget.ImageView@405e1b20)
D/nofatclips(  255): Found widget: id=-1 (android.widget.TextView@405e2010): New Post
D/nofatclips(  255): Found widget: id=2131165252 (android.widget.LinearLayout@405e24a0)
D/nofatclips(  255): Found widget: id=-1 (android.widget.ImageView@405e3718)
D/nofatclips(  255): Found widget: id=-1 (android.widget.TextView@405e3e68): Quick Photo
D/nofatclips(  255): Found widget: id=-1 (android.widget.LinearLayout@405e42f8)
D/nofatclips(  255): Found widget: id=2131165253 (android.widget.LinearLayout@405e4518)
D/nofatclips(  255): Found widget: id=-1 (android.widget.ImageView@405e5a08)
D/nofatclips(  255): Found widget: id=-1 (android.widget.TextView@405e5db8): New Page
D/nofatclips(  255): Found widget: id=2131165254 (android.widget.LinearLayout@405e6248)
D/nofatclips(  255): Found widget: id=-1 (android.widget.ImageView@405e7428)
D/nofatclips(  255): Found widget: id=-1 (android.widget.TextView@405ebc08): Quick Video
D/nofatclips(  255): Found widget: id=-1 (android.widget.LinearLayout@405ec098)
D/nofatclips(  255): Found widget: id=-1 (android.widget.LinearLayout@405ec2b8)
D/nofatclips(  255): Found widget: id=2131165255 (android.widget.LinearLayout@405ec4d8)
D/nofatclips(  255): Found widget: id=-1 (android.widget.ImageView@405ecf08)
D/nofatclips(  255): Found widget: id=2131165256 (android.widget.TextView@405ed2b8): Posts
D/nofatclips(  255): Found widget: id=2131165257 (android.widget.LinearLayout@405ed748)
D/nofatclips(  255): Found widget: id=-1 (android.widget.ImageView@405ee178)
D/nofatclips(  255): Found widget: id=2131165256 (android.widget.TextView@405ee528): Pages
D/nofatclips(  255): Found widget: id=-1 (android.widget.FrameLayout@405ee9b8)
D/nofatclips(  255): Found widget: id=2131165258 (android.widget.LinearLayout@405eec20)
D/nofatclips(  255): Found widget: id=-1 (android.widget.ImageView@405f01e0)
D/nofatclips(  255): Found widget: id=2131165256 (android.widget.TextView@405f0590): Comments
D/nofatclips(  255): Found widget: id=2131165259 (android.widget.FrameLayout@405f0a20)
D/nofatclips(  255): Found widget: id=2131165260 (android.widget.ImageView@405f0c88)
D/nofatclips(  255): Found widget: id=2131165261 (org.wordpress.android.util.CommentBadgeTextView@405f10d0): 0
D/nofatclips(  255): Found widget: id=-1 (android.widget.LinearLayout@405f1598)
D/nofatclips(  255): Found widget: id=2131165262 (android.widget.LinearLayout@405f17b8)
D/nofatclips(  255): Found widget: id=-1 (android.widget.ImageView@405f1fb8)
D/nofatclips(  255): Found widget: id=2131165256 (android.widget.TextView@405f2368): Settings
D/nofatclips(  255): Found widget: id=2131165263 (android.widget.LinearLayout@405f27f8)
D/nofatclips(  255): Found widget: id=-1 (android.widget.ImageView@405f2ff8)
D/nofatclips(  255): Found widget: id=2131165256 (android.widget.TextView@405f33a8): Read
D/nofatclips(  255): Found widget: id=2131165264 (android.widget.LinearLayout@405f3838)
D/nofatclips(  255): Found widget: id=-1 (android.widget.ImageView@405f4ab0)
D/nofatclips(  255): Found widget: id=2131165256 (android.widget.TextView@405f4e60): Stats
D/nofatclips(  255): Found widget: id=-1 (com.android.internal.policy.impl.PhoneWindow$DecorView@405a0678)
D/dalvikvm(  255): GC_CONCURRENT freed 605K, 50% free 3260K/6471K, external 2194K/2324K, paused 2ms+13ms
V/nicola  (  255): TextualID : blog_title
V/nicola  (  255): ContentType detected : default
V/nicola  (  255): TextualID : action_refresh
V/nicola  (  255): ContentType detected : default
V/nicola  (  255): TextualID : null
V/nicola  (  255): ContentType detected : default
V/nicola  (  255): TextualID : null
V/nicola  (  255): ContentType detected : default
I/dalvikvm(  255): Jit: resizing JitTable from 512 to 1024
V/nicola  (  255): TextualID : null
V/nicola  (  255): ContentType detected : default
V/nicola  (  255): TextualID : null
V/nicola  (  255): ContentType detected : default
V/nicola  (  255): TextualID : button_text
V/nicola  (  255): ContentType detected : default
V/nicola  (  255): TextualID : button_text
V/nicola  (  255): ContentType detected : default
V/nicola  (  255): TextualID : button_text
V/nicola  (  255): ContentType detected : default
V/nicola  (  255): TextualID : button_text
V/nicola  (  255): ContentType detected : default
V/nicola  (  255): TextualID : button_text
V/nicola  (  255): ContentType detected : default
V/nicola  (  255): TextualID : button_text
V/nicola  (  255): ContentType detected : default
I/nofatclips(  255): Performing comparation for activity Dashboard
D/nofatclips(  255): Comparing against activity Dashboard
I/nofatclips(  255): Registering activity Dashboard (id: a2) as a new found state
D/nofatclips(  255): Performing backup of the old activity list on disk
D/nofatclips(  255): Saving new found state 'a2' on disk
V/nofatclips(  255): Opening state file in append mode.
D/dalvikvm(  255): GC_EXTERNAL_ALLOC freed 412K, 50% free 3247K/6471K, external 1812K/2324K, paused 49ms
D/dalvikvm(  255): GC_EXTERNAL_ALLOC freed 37K, 51% free 3210K/6471K, external 1999K/2511K, paused 40ms
I/nofatclips(  255): Saved image on disk: a2.jpg
I/nofatclips(  255): Waiting for 100 msec.
I/Launcher(  130): setLoadOnResume
D/dalvikvm(  275): GC_CONCURRENT freed 491K, 54% free 2730K/5831K, external 716K/1038K, paused 2ms+3ms
I/nofatclips(  255): Session count is 1. Will dump to disk at 1
I/nofatclips(  255): Saving the session on disk. This is the first batch: the file will be created.
I/nofatclips(  255): Planning for new Activity Dashboard
D/nofatclips(  255): Handling event 'click' on widget id=2131165200 type=button name=
D/nofatclips(  255): Handling event 'click' on widget id=2131165201 type=button name=
D/nofatclips(  255): Handling event 'click' on widget id=2131165249 type=linearLayout name=
D/nofatclips(  255): Handling event 'click' on widget id=2131165251 type=linearLayout name=
D/nofatclips(  255): Handling event 'click' on widget id=2131165252 type=linearLayout name=
D/nofatclips(  255): Handling event 'click' on widget id=2131165253 type=linearLayout name=
D/dalvikvm(   61): GC_EXPLICIT freed 502K, 45% free 4119K/7431K, external 1865K/3065K, paused 171ms
D/nofatclips(  255): Handling event 'click' on widget id=2131165254 type=linearLayout name=
D/nofatclips(  255): Handling event 'click' on widget id=2131165255 type=linearLayout name=
D/nofatclips(  255): Handling event 'click' on widget id=2131165257 type=linearLayout name=
D/nofatclips(  255): Handling event 'click' on widget id=2131165258 type=linearLayout name=
D/dalvikvm(  255): GC_CONCURRENT freed 851K, 51% free 3407K/6855K, external 2599K/3246K, paused 3ms+3ms
D/nofatclips(  255): Handling event 'click' on widget id=2131165262 type=linearLayout name=
D/nofatclips(  255): Handling event 'click' on widget id=2131165263 type=linearLayout name=
D/nofatclips(  255): Handling event 'click' on widget id=2131165264 type=linearLayout name=
I/dalvikvm(  255): Jit: resizing JitTable from 1024 to 2048
I/nofatclips(  255): Created trace to press the back button
D/dalvikvm(  296): GC_CONCURRENT freed 536K, 54% free 2698K/5831K, external 716K/1038K, paused 3ms+3ms
I/nofatclips(  255): Created trace to press the menu button
I/nofatclips(  255): Created trace to change orientation
I/nofatclips(  255): Check for termination: 49 steps left of 50
I/nofatclips(  255): Dispatching new task. 2 more tasks remaining.
D/nofatclips(  255): Performing backup of the old task list on disk
D/nofatclips(  255): Saving task list on disk
V/nofatclips(  255): Backing up trace #15 to disk.
V/nofatclips(  255): Backing up trace #16 to disk.
D/nofatclips(  255): Deleting backup of the old task list from disk
D/nofatclips(  255): Deleting backup of the old activity list from disk
I/nofatclips(  255): Incrementally Playing Trace 16
I/nofatclips(  255): Retrieved from return list id=2131165263
D/nofatclips(  255): Testing for type (android.widget.LinearLayout) against the original (android.widget.LinearLayout)
D/nofatclips(  255): Testing for name () against the original ()
I/nofatclips(  255): Firing event: type= click index=53 widget=android.widget.LinearLayout
D/dalvikvm(  255): GC_CONCURRENT freed 1270K, 56% free 3192K/7111K, external 1999K/2599K, paused 3ms+3ms
D/Email   (  296): BOOT_COMPLETED
D/EAS SyncManager(  296): !!! EAS SyncManager, onCreate
D/EAS SyncManager(  296): !!! EAS SyncManager, onStartCommand
D/EAS SyncManager(  296): !!! EAS SyncManager, stopping self
D/EAS SyncManager(  296): !!! EAS SyncManager, onDestroy
I//system/bin/fsck_msdos(   29): Attempting to allocate 998 KB for FAT
D/dalvikvm(  130): GC_EXTERNAL_ALLOC freed 155K, 49% free 2962K/5767K, external 2613K/2620K, paused 99ms
I//system/bin/fsck_msdos(   29): ** Phase 2 - Check Cluster Chains
I//system/bin/fsck_msdos(   29): ** Phase 3 - Checking Directories
I//system/bin/fsck_msdos(   29): ** Phase 4 - Checking for Lost Files
I//system/bin/fsck_msdos(   29): Next free cluster in FSInfo block (5) not free
I//system/bin/fsck_msdos(   29): FIXED
W/KeyCharacterMap(  255): No keyboard for id 0
W/KeyCharacterMap(  255): Using default keymap: /system/usr/keychars/qwerty.kcm.bin
I//system/bin/fsck_msdos(   29): 3 files, 509980 free (254990 clusters)
D/dalvikvm(  125): GREF has increased to 201
I/Vold    (   29): Filesystem check completed OK
I/Vold    (   29): Device /dev/block/vold/179:0, target /mnt/sdcard mounted @ /mnt/secure/staging
D/Vold    (   29): Volume sdcard state changing 3 (Checking) -> 4 (Mounted)
I/PackageManager(   61): Updating external media status from unmounted to mounted
I/StorageNotification(  126): Media {/mnt/sdcard} state changed from {checking} -> {mounted}
D/VoldCmdListener(   29): asec list
I/PackageManager(   61): No secure containers on sdcard
W/PackageManager(   61): Unknown permission com.google.android.googleapps.permission.GOOGLE_AUTH.mail in package com.android.contacts
W/PackageManager(   61): Unknown permission android.permission.ADD_SYSTEM_SERVICE in package com.android.phone
I/Launcher(  130): setLoadOnResume
W/PackageManager(   61): Not granting permission android.permission.SEND_DOWNLOAD_COMPLETED_INTENTS to package com.android.browser (protectionLevel=2 flags=0x9be45)
W/PackageManager(   61): Unknown permission com.google.android.gm.permission.WRITE_GMAIL in package com.android.settings
W/PackageManager(   61): Unknown permission com.google.android.gm.permission.READ_GMAIL in package com.android.settings
W/PackageManager(   61): Unknown permission com.google.android.googleapps.permission.GOOGLE_AUTH in package com.android.settings
W/PackageManager(   61): Unknown permission com.google.android.googleapps.permission.GOOGLE_AUTH in package com.android.providers.contacts
W/PackageManager(   61): Unknown permission com.google.android.googleapps.permission.GOOGLE_AUTH.cp in package com.android.providers.contacts
W/PackageManager(   61): Unknown permission com.google.android.googleapps.permission.ACCESS_GOOGLE_PASSWORD in package com.android.development
W/PackageManager(   61): Unknown permission com.google.android.googleapps.permission.GOOGLE_AUTH in package com.android.development
W/PackageManager(   61): Unknown permission com.google.android.googleapps.permission.GOOGLE_AUTH.ALL_SERVICES in package com.android.development
W/PackageManager(   61): Unknown permission com.google.android.googleapps.permission.GOOGLE_AUTH.YouTubeUser in package com.android.development
W/PackageManager(   61): Unknown permission android.permission.READ_OWNER_DATA in package com.android.email
W/PackageManager(   61): Not granting permission android.permission.DEVICE_POWER to package com.android.deskclock (protectionLevel=2 flags=0x8be45)
W/ImageDownloader(  255): Error 404 while retrieving bitmap from http://gravatar.com/blavatar/44d338f29053dbb888da79dcf98df489?s=60&d=404
D/dalvikvm(  180): GC_CONCURRENT freed 226K, 51% free 2816K/5703K, external 716K/1038K, paused 5ms+6ms
D/MediaScanner(  244):  prescan time: 656ms
D/MediaScanner(  244):     scan time: 44ms
D/MediaScanner(  244): postscan time: 0ms
D/MediaScanner(  244):    total time: 700ms
D/dalvikvm(  244): GC_CONCURRENT freed 531K, 55% free 2647K/5831K, external 716K/1038K, paused 2ms+3ms
D/nofatclips(  255): Event description: Read
D/szipinf (  180): Initializing inflate state
D/MediaScannerService(  244): done scanning volume internal
D/MediaScannerService(  244): start scanning volume external
V/MediaProvider(  244): /mnt/sdcard volume ID: 453974296
V/MediaProvider(  244): Attached volume: external
V/MediaScanner(  244): pruneDeadThumbnailFiles... android.database.sqlite.SQLiteCursor@4057f788
V/MediaScanner(  244): /pruneDeadThumbnailFiles... android.database.sqlite.SQLiteCursor@4057f788
D/MediaScanner(  244):  prescan time: 55ms
D/MediaScanner(  244):     scan time: 1ms
D/MediaScanner(  244): postscan time: 7ms
D/MediaScanner(  244):    total time: 63ms
D/MediaScannerService(  244): done scanning volume external
I/ActivityManager(   61): Starting: Intent { cmp=org.wordpress.android/.Read (has extras) } from pid 255
I/nofatclips(  255): Waiting for 100 msec.
I/nofatclips(  255): Current activity is Read
I/nofatclips(  255): Retrieving widgets
D/nofatclips(  255): Found widget: id=-1 (android.widget.LinearLayout@4061da08)
D/nofatclips(  255): Found widget: id=16908662 (android.widget.RelativeLayout@4061eeb8)
D/nofatclips(  255): Found widget: id=16908812 (android.widget.ProgressBar@405dcf40)
D/nofatclips(  255): Found widget: id=16908813 (android.widget.ProgressBar@40625090)
D/nofatclips(  255): Found widget: id=16908310 (android.widget.TextView@4061cae8): Read
D/nofatclips(  255): Found widget: id=16908290 (android.widget.FrameLayout@406497a0)
D/nofatclips(  255): Found widget: id=-1 (android.widget.LinearLayout@406cc8d0)
D/nofatclips(  255): Found widget: id=2131165329 (android.webkit.WebView@4064ce10)
D/nofatclips(  255): Found widget: id=-1 (com.android.internal.policy.impl.PhoneWindow$DecorView@4061cfe0)
V/nicola  (  255): TextualID : null
V/nicola  (  255): ContentType detected : default
V/ReflectionHelper(  255): android.webkit.WebView > mOnFocusChangeListener FOUND | NOT ACTIVE
I/nofatclips(  255): Performing comparation for activity Read
D/nofatclips(  255): Comparing against activity Dashboard
D/nofatclips(  255): Comparing against activity Dashboard
I/nofatclips(  255): Registering activity Read (id: a3) as a new found state
D/nofatclips(  255): Performing backup of the old activity list on disk
D/nofatclips(  255): Saving new found state 'a3' on disk
V/nofatclips(  255): Opening state file in append mode.
I/ActivityManager(   61): Displayed org.wordpress.android/.Read: +465ms
D/dalvikvm(  255): GC_EXTERNAL_ALLOC freed 527K, 54% free 3301K/7111K, external 2167K/2599K, paused 78ms
I/nofatclips(  255): Saved image on disk: a3.jpg
I/nofatclips(  255): Waiting for 100 msec.
I/nofatclips(  255): Session count is 1. Will dump to disk at 1
I/nofatclips(  255): Saving the session on disk.
I/nofatclips(  255): Planning for new Activity Read
D/nofatclips(  255): Handling event 'longClick' on widget id=2131165329 type=webPage name=
I/nofatclips(  255): Created trace to press the back button
I/nofatclips(  255): Created trace to press the menu button
I/nofatclips(  255): Created trace to change orientation
I/nofatclips(  255): Check for termination: 48 steps left of 50
I/nofatclips(  255): Dispatching new task. 2 more tasks remaining.
D/nofatclips(  255): Performing backup of the old task list on disk
D/nofatclips(  255): Saving task list on disk
V/nofatclips(  255): Backing up trace #19 to disk.
V/nofatclips(  255): Backing up trace #20 to disk.
D/nofatclips(  255): Deleting backup of the old task list from disk
D/nofatclips(  255): Deleting backup of the old activity list from disk
I/nofatclips(  255): Incrementally Playing Trace 20
I/nofatclips(  255): Retrieved from return list id=-1
D/nofatclips(  255): Testing for type (android.widget.LinearLayout) against the original (null)
I/nofatclips(  255): Firing event: type= changeOrientation name= widget=null
I/Launcher(  130): setLoadOnResume
D/dalvikvm(  255): GC_CONCURRENT freed 401K, 50% free 3603K/7111K, external 3367K/3455K, paused 3ms+14ms
I/WindowManager(   61): Setting rotation to 0, animFlags=1
I/ActivityManager(   61): Config changed: { scale=1.0 imsi=310/260 loc=en_US touch=3 keys=2/1/2 nav=1/1 orien=1 layout=18 uiMode=17 seq=6}
I/nofatclips(  255): Waiting for 100 msec.
I/dalvikvm(   61): Jit: resizing JitTable from 512 to 1024
D/dalvikvm(  255): GC_CONCURRENT freed 1389K, 52% free 3756K/7751K, external 2767K/3455K, paused 3ms+4ms
I/nofatclips(  255): Current activity is Read
I/nofatclips(  255): Retrieving widgets
D/nofatclips(  255): Found widget: id=-1 (android.widget.LinearLayout@4061da08)
D/nofatclips(  255): Found widget: id=16908662 (android.widget.RelativeLayout@4061eeb8)
D/nofatclips(  255): Found widget: id=16908812 (android.widget.ProgressBar@405dcf40)
D/nofatclips(  255): Found widget: id=16908813 (android.widget.ProgressBar@40625090)
D/nofatclips(  255): Found widget: id=16908310 (android.widget.TextView@4061cae8): Loading...
D/nofatclips(  255): Found widget: id=16908290 (android.widget.FrameLayout@406497a0)
D/nofatclips(  255): Found widget: id=-1 (android.widget.LinearLayout@406cc8d0)
D/nofatclips(  255): Found widget: id=2131165329 (android.webkit.WebView@4064ce10)
D/nofatclips(  255): Found widget: id=-1 (com.android.internal.policy.impl.PhoneWindow$DecorView@4061cfe0)
V/nicola  (  255): TextualID : null
V/nicola  (  255): ContentType detected : default
V/ReflectionHelper(  255): android.webkit.WebView > mOnFocusChangeListener FOUND | NOT ACTIVE
I/nofatclips(  255): Performing comparation for activity Read
D/nofatclips(  255): Comparing against activity Read
D/nofatclips(  255): Comparing against activity Dashboard
D/nofatclips(  255): Comparing against activity Dashboard
I/nofatclips(  255): Registering activity Read (id: a4) as a new found state
D/nofatclips(  255): Performing backup of the old activity list on disk
D/nofatclips(  255): Saving new found state 'a4' on disk
V/nofatclips(  255): Opening state file in append mode.
I/nofatclips(  255): Saved image on disk: a4.jpg
I/nofatclips(  255): Waiting for 100 msec.
I/nofatclips(  255): Session count is 1. Will dump to disk at 1
I/nofatclips(  255): Saving the session on disk.
I/nofatclips(  255): Planning for new Activity Read
D/nofatclips(  255): Handling event 'longClick' on widget id=2131165329 type=webPage name=
I/nofatclips(  255): Created trace to press the back button
I/nofatclips(  255): Created trace to press the menu button
I/nofatclips(  255): Created trace to change orientation
I/nofatclips(  255): Check for termination: 47 steps left of 50
I/nofatclips(  255): Dispatching new task. 2 more tasks remaining.
D/nofatclips(  255): Performing backup of the old task list on disk
D/nofatclips(  255): Saving task list on disk
V/nofatclips(  255): Backing up trace #23 to disk.
V/nofatclips(  255): Backing up trace #24 to disk.
D/nofatclips(  255): Deleting backup of the old task list from disk
D/nofatclips(  255): Deleting backup of the old activity list from disk
I/nofatclips(  255): Incrementally Playing Trace 24
I/nofatclips(  255): Retrieved from return list id=-1
D/nofatclips(  255): Testing for type (android.widget.LinearLayout) against the original (null)
I/nofatclips(  255): Firing event: type= openMenu name= widget=null
D/dalvikvm(  255): GC_CONCURRENT freed 1310K, 52% free 3780K/7751K, external 3367K/3455K, paused 3ms+4ms
D/dalvikvm(  255): GC_FOR_MALLOC freed 240K, 52% free 3856K/7879K, external 2767K/3455K, paused 34ms
I/dalvikvm-heap(  255): Grow heap (frag case) to 9.095MB for 87396-byte allocation
D/dalvikvm(  255): GC_FOR_MALLOC freed 12K, 51% free 3929K/8007K, external 2767K/3455K, paused 31ms
D/dalvikvm(   61): GC_EXPLICIT freed 333K, 45% free 4140K/7431K, external 1316K/1828K, paused 78ms
W/ResponseProcessCookies(  255): Invalid cookie header: "Set-Cookie: twostep_auth=+; expires=Wed, 24-Jul-2013 19:55:07 GMT; Max-Age=-31536000; path=/; domain=.wordpress.com". Negative max-age attribute: -31536000
W/ResponseProcessCookies(  255): Invalid cookie header: "Set-Cookie: wordpress=+; expires=Wed, 24-Jul-2013 19:55:07 GMT; Max-Age=-31536000; path=/wp-admin; domain=.wordpress.com". Negative max-age attribute: -31536000
W/ResponseProcessCookies(  255): Invalid cookie header: "Set-Cookie: wordpress_sec=+; expires=Wed, 24-Jul-2013 19:55:07 GMT; Max-Age=-31536000; path=/wp-admin; domain=.wordpress.com". Negative max-age attribute: -31536000
W/ResponseProcessCookies(  255): Invalid cookie header: "Set-Cookie: wordpress=+; expires=Wed, 24-Jul-2013 19:55:07 GMT; Max-Age=-31536000; path=/wp-content/plugins; domain=.wordpress.com". Negative max-age attribute: -31536000
W/ResponseProcessCookies(  255): Invalid cookie header: "Set-Cookie: wordpress_sec=+; expires=Wed, 24-Jul-2013 19:55:07 GMT; Max-Age=-31536000; path=/wp-content/plugins; domain=.wordpress.com". Negative max-age attribute: -31536000
W/ResponseProcessCookies(  255): Invalid cookie header: "Set-Cookie: wordpress_logged_in=+; expires=Wed, 24-Jul-2013 19:55:07 GMT; Max-Age=-31536000; path=/; domain=.wordpress.com". Negative max-age attribute: -31536000
W/ResponseProcessCookies(  255): Invalid cookie header: "Set-Cookie: wordpress_logged_in=+; expires=Wed, 24-Jul-2013 19:55:07 GMT; Max-Age=-31536000; path=/; domain=.wordpress.com". Negative max-age attribute: -31536000
W/ResponseProcessCookies(  255): Invalid cookie header: "Set-Cookie: wordpress=+; expires=Wed, 24-Jul-2013 19:55:07 GMT; Max-Age=-31536000; path=/; domain=.wordpress.com". Negative max-age attribute: -31536000
W/ResponseProcessCookies(  255): Invalid cookie header: "Set-Cookie: wordpress=+; expires=Wed, 24-Jul-2013 19:55:07 GMT; Max-Age=-31536000; path=/; domain=.wordpress.com". Negative max-age attribute: -31536000
W/ResponseProcessCookies(  255): Invalid cookie header: "Set-Cookie: wordpress_sec=+; expires=Wed, 24-Jul-2013 19:55:07 GMT; Max-Age=-31536000; path=/; domain=.wordpress.com". Negative max-age attribute: -31536000
W/ResponseProcessCookies(  255): Invalid cookie header: "Set-Cookie: wordpress_sec=+; expires=Wed, 24-Jul-2013 19:55:07 GMT; Max-Age=-31536000; path=/; domain=.wordpress.com". Negative max-age attribute: -31536000
W/ResponseProcessCookies(  255): Invalid cookie header: "Set-Cookie: wp_user=+; expires=Wed, 24-Jul-2013 19:55:07 GMT; Max-Age=-31536000; path=/; domain=.wordpress.com". Negative max-age attribute: -31536000
W/ResponseProcessCookies(  255): Invalid cookie header: "Set-Cookie: wp_pass=+; expires=Wed, 24-Jul-2013 19:55:07 GMT; Max-Age=-31536000; path=/; domain=.wordpress.com". Negative max-age attribute: -31536000
W/ResponseProcessCookies(  255): Invalid cookie header: "Set-Cookie: wp_user=+; expires=Wed, 24-Jul-2013 19:55:07 GMT; Max-Age=-31536000; path=/; domain=.wordpress.com". Negative max-age attribute: -31536000
W/ResponseProcessCookies(  255): Invalid cookie header: "Set-Cookie: wp_pass=+; expires=Wed, 24-Jul-2013 19:55:07 GMT; Max-Age=-31536000; path=/; domain=.wordpress.com". Negative max-age attribute: -31536000
W/KeyCharacterMap(  255): No keyboard for id 0
W/KeyCharacterMap(  255): Using default keymap: /system/usr/keychars/qwerty.kcm.bin
I/nofatclips(  255): Waiting for 100 msec.
I/nofatclips(  255): Current activity is Read
I/nofatclips(  255): Retrieving widgets
D/nofatclips(  255): Found widget: id=16908726 (com.android.internal.view.menu.IconMenuView@406b2e98)
D/nofatclips(  255): Found widget: id=16908310 (com.android.internal.view.menu.IconMenuItemView@406b07b8): Home
D/nofatclips(  255): Found widget: id=16908310 (com.android.internal.view.menu.IconMenuItemView@40745ef8): View in Browser
D/nofatclips(  255): Found widget: id=16908310 (com.android.internal.view.menu.IconMenuItemView@406ed3e0): Refresh
D/nofatclips(  255): Found widget: id=-1 (com.android.internal.policy.impl.PhoneWindow$DecorView@4061a930)
V/ReflectionHelper(  255): com.android.internal.view.menu.IconMenuView > mOnFocusChangeListener FOUND | NOT ACTIVE
V/nicola  (  255): TextualID : null
V/nicola  (  255): ContentType detected : default
V/nicola  (  255): TextualID : null
V/nicola  (  255): ContentType detected : default
V/nicola  (  255): TextualID : null
V/nicola  (  255): ContentType detected : default
I/nofatclips(  255): Performing comparation for activity Read
D/nofatclips(  255): Comparing against activity Read
D/nofatclips(  255): Comparing against activity Read
D/nofatclips(  255): Comparing against activity Dashboard
D/nofatclips(  255): Comparing against activity Dashboard
I/nofatclips(  255): Registering activity Read (id: a5) as a new found state
D/nofatclips(  255): Performing backup of the old activity list on disk
D/nofatclips(  255): Saving new found state 'a5' on disk
V/nofatclips(  255): Opening state file in append mode.
I/nofatclips(  255): Saved image on disk: a5.jpg
I/nofatclips(  255): Waiting for 100 msec.
I/nofatclips(  255): Session count is 1. Will dump to disk at 1
I/nofatclips(  255): Saving the session on disk.
I/nofatclips(  255): Planning for new Activity Read
D/nofatclips(  255): Handling event 'click' on widget id=16908310 type=menuItem name=Home
D/nofatclips(  255): Handling event 'click' on widget id=16908310 type=menuItem name=View in Browser
D/nofatclips(  255): Handling event 'click' on widget id=16908310 type=menuItem name=Refresh
I/nofatclips(  255): Created trace to press the back button
I/nofatclips(  255): Created trace to press the menu button
I/nofatclips(  255): Created trace to change orientation
I/nofatclips(  255): Check for termination: 46 steps left of 50
I/nofatclips(  255): Dispatching new task. 2 more tasks remaining.
D/nofatclips(  255): Performing backup of the old task list on disk
D/nofatclips(  255): Saving task list on disk
V/nofatclips(  255): Backing up trace #29 to disk.
V/nofatclips(  255): Backing up trace #30 to disk.
D/dalvikvm(  255): GC_CONCURRENT freed 1302K, 50% free 4019K/8007K, external 2966K/3455K, paused 4ms+5ms
D/nofatclips(  255): Deleting backup of the old task list from disk
D/nofatclips(  255): Deleting backup of the old activity list from disk
I/nofatclips(  255): Incrementally Playing Trace 30
I/nofatclips(  255): Retrieved from return list id=16908310
D/nofatclips(  255): Testing for type (com.android.internal.view.menu.IconMenuItemView) against the original (com.android.internal.view.menu.IconMenuItemView)
D/nofatclips(  255): Testing for name (Refresh) against the original (Refresh)
I/nofatclips(  255): Firing event: type= click index=3 widget=com.android.internal.view.menu.IconMenuItemView
W/KeyCharacterMap(  255): No keyboard for id 0
W/KeyCharacterMap(  255): Using default keymap: /system/usr/keychars/qwerty.kcm.bin
I/ContactsDatabaseHelper(  180): Locale change completed in 16249ms
D/nofatclips(  255): Event description: Refresh
W/InputManagerService(   61): Window already focused, ignoring focus gain of: com.android.internal.view.IInputMethodClient$Stub$Proxy@405fbe20
I/nofatclips(  255): Waiting for 100 msec.
I/nofatclips(  255): Current activity is Read
I/nofatclips(  255): Retrieving widgets
D/nofatclips(  255): Found widget: id=-1 (android.widget.LinearLayout@4061da08)
D/nofatclips(  255): Found widget: id=16908662 (android.widget.RelativeLayout@4061eeb8)
D/nofatclips(  255): Found widget: id=16908812 (android.widget.ProgressBar@405dcf40)
D/nofatclips(  255): Found widget: id=16908813 (android.widget.ProgressBar@40625090)
D/nofatclips(  255): Found widget: id=16908310 (android.widget.TextView@4061cae8): Loading...
D/nofatclips(  255): Found widget: id=16908290 (android.widget.FrameLayout@406497a0)
D/nofatclips(  255): Found widget: id=-1 (android.widget.LinearLayout@406cc8d0)
D/nofatclips(  255): Found widget: id=2131165329 (android.webkit.WebView@4064ce10)
D/nofatclips(  255): Found widget: id=-1 (com.android.internal.policy.impl.PhoneWindow$DecorView@4061cfe0)
V/nicola  (  255): TextualID : null
V/nicola  (  255): ContentType detected : default
V/ReflectionHelper(  255): android.webkit.WebView > mOnFocusChangeListener FOUND | NOT ACTIVE
I/nofatclips(  255): Performing comparation for activity Read
D/nofatclips(  255): Comparing against activity Read
D/nofatclips(  255): Comparing against activity Read
D/nofatclips(  255): Comparing against activity Dashboard
D/nofatclips(  255): Comparing against activity Read
D/nofatclips(  255): Comparing against activity Dashboard
I/nofatclips(  255): Registering activity Read (id: a6) as a new found state
D/nofatclips(  255): Performing backup of the old activity list on disk
D/nofatclips(  255): Saving new found state 'a6' on disk
V/nofatclips(  255): Opening state file in append mode.
D/dalvikvm(  255): GC_EXTERNAL_ALLOC freed 906K, 49% free 4145K/8007K, external 2884K/3455K, paused 56ms
I/nofatclips(  255): Saved image on disk: a6.jpg
I/nofatclips(  255): Waiting for 100 msec.
I/nofatclips(  255): Session count is 1. Will dump to disk at 1
I/nofatclips(  255): Saving the session on disk.
I/nofatclips(  255): Planning for new Activity Read
D/nofatclips(  255): Handling event 'longClick' on widget id=2131165329 type=webPage name=
I/nofatclips(  255): Created trace to press the back button
I/nofatclips(  255): Created trace to press the menu button
I/nofatclips(  255): Created trace to change orientation
I/nofatclips(  255): Check for termination: 45 steps left of 50
I/nofatclips(  255): Dispatching new task. 2 more tasks remaining.
D/nofatclips(  255): Performing backup of the old task list on disk
D/nofatclips(  255): Saving task list on disk
V/nofatclips(  255): Backing up trace #33 to disk.
V/nofatclips(  255): Backing up trace #34 to disk.
D/nofatclips(  255): Deleting backup of the old task list from disk
D/nofatclips(  255): Deleting backup of the old activity list from disk
I/nofatclips(  255): Incrementally Playing Trace 34
I/nofatclips(  255): Retrieved from return list id=-1
D/nofatclips(  255): Testing for type (android.widget.LinearLayout) against the original (null)
I/nofatclips(  255): Firing event: type= openMenu name= widget=null
D/dalvikvm(  255): GC_CONCURRENT freed 1412K, 50% free 4117K/8135K, external 3403K/3500K, paused 4ms+4ms
W/KeyCharacterMap(  255): No keyboard for id 0
W/KeyCharacterMap(  255): Using default keymap: /system/usr/keychars/qwerty.kcm.bin
I/nofatclips(  255): Waiting for 100 msec.
I/nofatclips(  255): Current activity is Read
I/nofatclips(  255): Retrieving widgets
D/nofatclips(  255): Found widget: id=16908726 (com.android.internal.view.menu.IconMenuView@406b2e98)
D/nofatclips(  255): Found widget: id=16908310 (com.android.internal.view.menu.IconMenuItemView@406b07b8): Home
D/nofatclips(  255): Found widget: id=16908310 (com.android.internal.view.menu.IconMenuItemView@40745ef8): View in Browser
D/nofatclips(  255): Found widget: id=16908310 (com.android.internal.view.menu.IconMenuItemView@406ed3e0): Refresh
D/nofatclips(  255): Found widget: id=-1 (com.android.internal.policy.impl.PhoneWindow$DecorView@4061a930)
V/ReflectionHelper(  255): com.android.internal.view.menu.IconMenuView > mOnFocusChangeListener FOUND | NOT ACTIVE
V/nicola  (  255): TextualID : null
V/nicola  (  255): ContentType detected : default
V/nicola  (  255): TextualID : null
V/nicola  (  255): ContentType detected : default
V/nicola  (  255): TextualID : null
V/nicola  (  255): ContentType detected : default
I/nofatclips(  255): Performing comparation for activity Read
D/nofatclips(  255): Comparing against activity Read
D/nofatclips(  255): Comparing against activity Read
D/nofatclips(  255): Comparing against activity Read
D/nofatclips(  255): Comparing against activity Dashboard
D/nofatclips(  255): Comparing against activity Read
D/nofatclips(  255): Comparing against activity Dashboard
I/nofatclips(  255): Registering activity Read (id: a7) as a new found state
D/nofatclips(  255): Performing backup of the old activity list on disk
D/nofatclips(  255): Saving new found state 'a7' on disk
V/nofatclips(  255): Opening state file in append mode.
I/nofatclips(  255): Saved image on disk: a7.jpg
I/nofatclips(  255): Waiting for 100 msec.
I/nofatclips(  255): Session count is 1. Will dump to disk at 1
I/nofatclips(  255): Saving the session on disk.
I/nofatclips(  255): Planning for new Activity Read
D/nofatclips(  255): Handling event 'click' on widget id=16908310 type=menuItem name=Home
D/nofatclips(  255): Handling event 'click' on widget id=16908310 type=menuItem name=View in Browser
D/nofatclips(  255): Handling event 'click' on widget id=16908310 type=menuItem name=Refresh
I/nofatclips(  255): Created trace to press the back button
I/nofatclips(  255): Created trace to press the menu button
I/nofatclips(  255): Created trace to change orientation
I/nofatclips(  255): Check for termination: 44 steps left of 50
I/nofatclips(  255): Dispatching new task. 2 more tasks remaining.
D/nofatclips(  255): Performing backup of the old task list on disk
D/nofatclips(  255): Saving task list on disk
V/nofatclips(  255): Backing up trace #39 to disk.
V/nofatclips(  255): Backing up trace #40 to disk.
D/szipinf (  130): Initializing inflate state
W/ResponseProcessCookies(  255): Invalid cookie header: "Set-Cookie: twostep_auth=+; expires=Wed, 24-Jul-2013 19:55:12 GMT; Max-Age=-31536000; path=/; domain=.wordpress.com". Negative max-age attribute: -31536000
W/ResponseProcessCookies(  255): Invalid cookie header: "Set-Cookie: wordpress=+; expires=Wed, 24-Jul-2013 19:55:12 GMT; Max-Age=-31536000; path=/wp-admin; domain=.wordpress.com". Negative max-age attribute: -31536000
D/dalvikvm(  255): GC_CONCURRENT freed 1346K, 48% free 4439K/8391K, external 2966K/3500K, paused 5ms+5ms
W/ResponseProcessCookies(  255): Invalid cookie header: "Set-Cookie: wordpress_sec=+; expires=Wed, 24-Jul-2013 19:55:12 GMT; Max-Age=-31536000; path=/wp-admin; domain=.wordpress.com". Negative max-age attribute: -31536000
W/ResponseProcessCookies(  255): Invalid cookie header: "Set-Cookie: wordpress=+; expires=Wed, 24-Jul-2013 19:55:12 GMT; Max-Age=-31536000; path=/wp-content/plugins; domain=.wordpress.com". Negative max-age attribute: -31536000
W/ResponseProcessCookies(  255): Invalid cookie header: "Set-Cookie: wordpress_sec=+; expires=Wed, 24-Jul-2013 19:55:12 GMT; Max-Age=-31536000; path=/wp-content/plugins; domain=.wordpress.com". Negative max-age attribute: -31536000
W/ResponseProcessCookies(  255): Invalid cookie header: "Set-Cookie: wordpress_logged_in=+; expires=Wed, 24-Jul-2013 19:55:12 GMT; Max-Age=-31536000; path=/; domain=.wordpress.com". Negative max-age attribute: -31536000
W/ResponseProcessCookies(  255): Invalid cookie header: "Set-Cookie: wordpress_logged_in=+; expires=Wed, 24-Jul-2013 19:55:12 GMT; Max-Age=-31536000; path=/; domain=.wordpress.com". Negative max-age attribute: -31536000
D/nofatclips(  255): Deleting backup of the old task list from disk
D/nofatclips(  255): Deleting backup of the old activity list from disk
I/nofatclips(  255): Incrementally Playing Trace 40
W/ResponseProcessCookies(  255): Invalid cookie header: "Set-Cookie: wordpress=+; expires=Wed, 24-Jul-2013 19:55:12 GMT; Max-Age=-31536000; path=/; domain=.wordpress.com". Negative max-age attribute: -31536000
I/nofatclips(  255): Retrieved from return list id=16908310
D/nofatclips(  255): Testing for type (com.android.internal.view.menu.IconMenuItemView) against the original (com.android.internal.view.menu.IconMenuItemView)
D/nofatclips(  255): Testing for name (Home) against the original (Home)
I/nofatclips(  255): Firing event: type= click index=1 widget=com.android.internal.view.menu.IconMenuItemView
W/ResponseProcessCookies(  255): Invalid cookie header: "Set-Cookie: wordpress=+; expires=Wed, 24-Jul-2013 19:55:12 GMT; Max-Age=-31536000; path=/; domain=.wordpress.com". Negative max-age attribute: -31536000
W/ResponseProcessCookies(  255): Invalid cookie header: "Set-Cookie: wordpress_sec=+; expires=Wed, 24-Jul-2013 19:55:12 GMT; Max-Age=-31536000; path=/; domain=.wordpress.com". Negative max-age attribute: -31536000
W/ResponseProcessCookies(  255): Invalid cookie header: "Set-Cookie: wordpress_sec=+; expires=Wed, 24-Jul-2013 19:55:12 GMT; Max-Age=-31536000; path=/; domain=.wordpress.com". Negative max-age attribute: -31536000
W/ResponseProcessCookies(  255): Invalid cookie header: "Set-Cookie: wp_user=+; expires=Wed, 24-Jul-2013 19:55:12 GMT; Max-Age=-31536000; path=/; domain=.wordpress.com". Negative max-age attribute: -31536000
W/ResponseProcessCookies(  255): Invalid cookie header: "Set-Cookie: wp_pass=+; expires=Wed, 24-Jul-2013 19:55:12 GMT; Max-Age=-31536000; path=/; domain=.wordpress.com". Negative max-age attribute: -31536000
W/ResponseProcessCookies(  255): Invalid cookie header: "Set-Cookie: wp_user=+; expires=Wed, 24-Jul-2013 19:55:12 GMT; Max-Age=-31536000; path=/; domain=.wordpress.com". Negative max-age attribute: -31536000
W/ResponseProcessCookies(  255): Invalid cookie header: "Set-Cookie: wp_pass=+; expires=Wed, 24-Jul-2013 19:55:12 GMT; Max-Age=-31536000; path=/; domain=.wordpress.com". Negative max-age attribute: -31536000
D/dalvikvm(  130): GC_EXPLICIT freed 235K, 50% free 2921K/5767K, external 2244K/2272K, paused 57ms
I/dalvikvm(  255): Jit: resizing JitTable from 2048 to 4096
W/KeyCharacterMap(  255): No keyboard for id 0
W/KeyCharacterMap(  255): Using default keymap: /system/usr/keychars/qwerty.kcm.bin
D/nofatclips(  255): Event description: Home
I/WindowManager(   61): Setting rotation to 1, animFlags=1
I/ActivityManager(   61): Config changed: { scale=1.0 imsi=310/260 loc=en_US touch=3 keys=2/1/2 nav=1/1 orien=2 layout=18 uiMode=17 seq=7}
I/nofatclips(  255): Waiting for 100 msec.
I/nofatclips(  255): Current activity is Dashboard
I/nofatclips(  255): Retrieving widgets
D/nofatclips(  255): Found widget: id=16908290 (android.widget.FrameLayout@405a0f78)
D/nofatclips(  255): Found widget: id=2131165248 (android.widget.RelativeLayout@405a1c78)
D/nofatclips(  255): Found widget: id=2131165249 (android.widget.LinearLayout@405a22e0)
D/nofatclips(  255): Found widget: id=-1 (android.widget.ImageView@405a2828)
D/nofatclips(  255): Found widget: id=2131165250 (org.wordpress.android.util.WPTitleBar@4059c160)
D/nofatclips(  255): Found widget: id=2131165195 (android.widget.RelativeLayout@4050e728)
D/nofatclips(  255): Found widget: id=2131165196 (android.widget.RelativeLayout@40568a70)
D/nofatclips(  255): Found widget: id=2131165197 (android.widget.ImageView@4059d3f8)
D/nofatclips(  255): Found widget: id=2131165198 (android.widget.TextView@40541de8): Katie's Sweet Testing Blog
D/nofatclips(  255): Found widget: id=2131165199 (android.widget.ImageView@4055d678)
D/nofatclips(  255): Found widget: id=-1 (android.widget.RelativeLayout@405799d8)
D/nofatclips(  255): Found widget: id=2131165200 (android.widget.ImageButton@4059d920)
D/nofatclips(  255): Found widget: id=-1 (android.widget.FrameLayout@4057aec0)
D/nofatclips(  255): Found widget: id=2131165201 (android.widget.Button@405427b0): 
D/nofatclips(  255): Found widget: id=2131165202 (android.widget.ImageView@40593d70)
D/nofatclips(  255): Found widget: id=2131165203 (android.widget.ImageView@4053cfa8)
D/nofatclips(  255): Found widget: id=2131165249 (android.widget.LinearLayout@405decf8)
D/nofatclips(  255): Found widget: id=-1 (android.widget.FrameLayout@405df030)
D/nofatclips(  255): Found widget: id=-1 (android.widget.LinearLayout@405df298)
D/nofatclips(  255): Found widget: id=-1 (android.widget.LinearLayout@405dff08)
D/nofatclips(  255): Found widget: id=-1 (android.widget.LinearLayout@405e0128)
D/nofatclips(  255): Found widget: id=2131165251 (android.widget.LinearLayout@405e0348)
D/nofatclips(  255): Found widget: id=-1 (android.widget.ImageView@405e1b20)
D/nofatclips(  255): Found widget: id=-1 (android.widget.TextView@405e2010): New Post
D/nofatclips(  255): Found widget: id=2131165252 (android.widget.LinearLayout@405e24a0)
D/nofatclips(  255): Found widget: id=-1 (android.widget.ImageView@405e3718)
D/nofatclips(  255): Found widget: id=-1 (android.widget.TextView@405e3e68): Quick Photo
D/nofatclips(  255): Found widget: id=-1 (android.widget.LinearLayout@405e42f8)
D/nofatclips(  255): Found widget: id=2131165253 (android.widget.LinearLayout@405e4518)
D/nofatclips(  255): Found widget: id=-1 (android.widget.ImageView@405e5a08)
D/nofatclips(  255): Found widget: id=-1 (android.widget.TextView@405e5db8): New Page
D/nofatclips(  255): Found widget: id=2131165254 (android.widget.LinearLayout@405e6248)
D/nofatclips(  255): Found widget: id=-1 (android.widget.ImageView@405e7428)
D/nofatclips(  255): Found widget: id=-1 (android.widget.TextView@405ebc08): Quick Video
D/nofatclips(  255): Found widget: id=-1 (android.widget.LinearLayout@405ec098)
D/nofatclips(  255): Found widget: id=-1 (android.widget.LinearLayout@405ec2b8)
D/nofatclips(  255): Found widget: id=2131165255 (android.widget.LinearLayout@405ec4d8)
D/nofatclips(  255): Found widget: id=-1 (android.widget.ImageView@405ecf08)
D/nofatclips(  255): Found widget: id=2131165256 (android.widget.TextView@405ed2b8): Posts
D/nofatclips(  255): Found widget: id=2131165257 (android.widget.LinearLayout@405ed748)
D/nofatclips(  255): Found widget: id=-1 (android.widget.ImageView@405ee178)
D/nofatclips(  255): Found widget: id=2131165256 (android.widget.TextView@405ee528): Pages
D/nofatclips(  255): Found widget: id=-1 (android.widget.FrameLayout@405ee9b8)
D/nofatclips(  255): Found widget: id=2131165258 (android.widget.LinearLayout@405eec20)
D/nofatclips(  255): Found widget: id=-1 (android.widget.ImageView@405f01e0)
D/nofatclips(  255): Found widget: id=2131165256 (android.widget.TextView@405f0590): Comments
D/nofatclips(  255): Found widget: id=2131165259 (android.widget.FrameLayout@405f0a20)
D/nofatclips(  255): Found widget: id=2131165260 (android.widget.ImageView@405f0c88)
D/nofatclips(  255): Found widget: id=2131165261 (org.wordpress.android.util.CommentBadgeTextView@405f10d0): 0
D/nofatclips(  255): Found widget: id=-1 (android.widget.LinearLayout@405f1598)
D/nofatclips(  255): Found widget: id=2131165262 (android.widget.LinearLayout@405f17b8)
D/nofatclips(  255): Found widget: id=-1 (android.widget.ImageView@405f1fb8)
D/nofatclips(  255): Found widget: id=2131165256 (android.widget.TextView@405f2368): Settings
D/nofatclips(  255): Found widget: id=2131165263 (android.widget.LinearLayout@405f27f8)
D/nofatclips(  255): Found widget: id=-1 (android.widget.ImageView@405f2ff8)
D/nofatclips(  255): Found widget: id=2131165256 (android.widget.TextView@405f33a8): Read
D/nofatclips(  255): Found widget: id=2131165264 (android.widget.LinearLayout@405f3838)
D/nofatclips(  255): Found widget: id=-1 (android.widget.ImageView@405f4ab0)
D/nofatclips(  255): Found widget: id=2131165256 (android.widget.TextView@405f4e60): Stats
D/nofatclips(  255): Found widget: id=-1 (com.android.internal.policy.impl.PhoneWindow$DecorView@405a0678)
V/nicola  (  255): TextualID : blog_title
V/nicola  (  255): ContentType detected : default
V/nicola  (  255): TextualID : action_refresh
V/nicola  (  255): ContentType detected : default
V/nicola  (  255): TextualID : null
V/nicola  (  255): ContentType detected : default
V/nicola  (  255): TextualID : null
V/nicola  (  255): ContentType detected : default
V/nicola  (  255): TextualID : null
