V/nofatclips(  255): Opening state file in append mode.
D/dalvikvm(  255): GC_EXTERNAL_ALLOC freed 456K, 56% free 4031K/8967K, external 4044K/4300K, paused 122ms
I/nofatclips(  255): Saved image on disk: a11.jpg
I/nofatclips(  255): Waiting for 100 msec.
I/nofatclips(  255): Session count is 1. Will dump to disk at 1
I/nofatclips(  255): Saving the session on disk.
I/nofatclips(  255): Planning for new Activity Settings
D/nofatclips(  255): Handling event selectSpinnerItem for items [1,11] on spinner #2131165348 count=11
D/nofatclips(  255): Handling input 'writeText' on widget id=2131165215 type=editText name=
V/nofatclips(  255): Using value: 27
D/nofatclips(  255): Handling input 'writeText' on widget id=2131165217 type=editText name=
V/nofatclips(  255): Using value: 29
D/nofatclips(  255): Handling input 'writeText' on widget id=2131165215 type=editText name=
V/nofatclips(  255): Using value: 27
D/nofatclips(  255): Handling input 'writeText' on widget id=2131165217 type=editText name=
V/nofatclips(  255): Using value: 29
D/nofatclips(  255): Handling input 'writeText' on widget id=2131165215 type=editText name=
V/nofatclips(  255): Using value: 27
D/nofatclips(  255): Handling input 'writeText' on widget id=2131165217 type=editText name=
V/nofatclips(  255): Using value: 29
D/nofatclips(  255): Handling input 'writeText' on widget id=2131165215 type=editText name=
V/nofatclips(  255): Using value: 27
D/nofatclips(  255): Handling input 'writeText' on widget id=2131165217 type=editText name=
V/nofatclips(  255): Using value: 29
D/nofatclips(  255): Handling input 'writeText' on widget id=2131165215 type=editText name=
V/nofatclips(  255): Using value: 27
D/nofatclips(  255): Handling input 'writeText' on widget id=2131165217 type=editText name=
V/nofatclips(  255): Using value: 29
D/nofatclips(  255): Handling input 'writeText' on widget id=2131165215 type=editText name=
V/nofatclips(  255): Using value: 27
D/nofatclips(  255): Handling input 'writeText' on widget id=2131165217 type=editText name=
V/nofatclips(  255): Using value: 29
D/nofatclips(  255): Handling input 'writeText' on widget id=2131165215 type=editText name=
V/nofatclips(  255): Using value: 27
D/nofatclips(  255): Handling input 'writeText' on widget id=2131165217 type=editText name=
V/nofatclips(  255): Using value: 29
D/nofatclips(  255): Handling input 'writeText' on widget id=2131165215 type=editText name=
V/nofatclips(  255): Using value: 27
D/nofatclips(  255): Handling input 'writeText' on widget id=2131165217 type=editText name=
V/nofatclips(  255): Using value: 29
D/nofatclips(  255): Handling input 'writeText' on widget id=2131165215 type=editText name=
V/nofatclips(  255): Using value: 27
D/nofatclips(  255): Handling input 'writeText' on widget id=2131165217 type=editText name=
V/nofatclips(  255): Using value: 29
D/nofatclips(  255): Handling input 'writeText' on widget id=2131165215 type=editText name=
V/nofatclips(  255): Using value: 27
D/nofatclips(  255): Handling input 'writeText' on widget id=2131165217 type=editText name=
V/nofatclips(  255): Using value: 29
D/nofatclips(  255): Handling input 'writeText' on widget id=2131165215 type=editText name=
V/nofatclips(  255): Using value: 27
D/nofatclips(  255): Handling input 'writeText' on widget id=2131165217 type=editText name=
V/nofatclips(  255): Using value: 29
D/nofatclips(  255): Handling event 'click' on widget id=2131165349 type=check name=Upload and link to full image
D/nofatclips(  255): Handling input 'writeText' on widget id=2131165215 type=editText name=
V/nofatclips(  255): Using value: 27
D/nofatclips(  255): Handling input 'writeText' on widget id=2131165217 type=editText name=
V/nofatclips(  255): Using value: 29
D/nofatclips(  255): Handling event 'click' on widget id=2131165351 type=check name=Geotag Posts
D/nofatclips(  255): Handling input 'writeText' on widget id=2131165215 type=editText name=
V/nofatclips(  255): Using value: 27
D/nofatclips(  255): Handling input 'writeText' on widget id=2131165217 type=editText name=
V/nofatclips(  255): Using value: 29
D/nofatclips(  255): Handling event 'click' on widget id=2131165219 type=button name=Save
D/nofatclips(  255): Handling input 'writeText' on widget id=2131165215 type=editText name=
V/nofatclips(  255): Using value: 27
D/nofatclips(  255): Handling input 'writeText' on widget id=2131165217 type=editText name=
V/nofatclips(  255): Using value: 29
D/nofatclips(  255): Handling event 'click' on widget id=2131165220 type=button name=Cancel
D/nofatclips(  255): Handling input 'writeText' on widget id=2131165215 type=editText name=
V/nofatclips(  255): Using value: 27
D/nofatclips(  255): Handling input 'writeText' on widget id=2131165217 type=editText name=
V/nofatclips(  255): Using value: 29
D/nofatclips(  255): Handling event 'click' on widget id=2131165200 type=button name=
D/nofatclips(  255): Handling input 'writeText' on widget id=2131165215 type=editText name=
V/nofatclips(  255): Using value: 27
D/nofatclips(  255): Handling input 'writeText' on widget id=2131165217 type=editText name=
V/nofatclips(  255): Using value: 29
I/nofatclips(  255): Created trace to press the back button
I/nofatclips(  255): Created trace to press the menu button
I/nofatclips(  255): Created trace to change orientation
D/dalvikvm(  255): GC_CONCURRENT freed 1527K, 54% free 4143K/8967K, external 4044K/5050K, paused 5ms+7ms
I/nofatclips(  255): Check for termination: 40 steps left of 50
I/nofatclips(  255): Dispatching new task. 2 more tasks remaining.
D/nofatclips(  255): Performing backup of the old task list on disk
D/nofatclips(  255): Saving task list on disk
V/nofatclips(  255): Backing up trace #111 to disk.
V/nofatclips(  255): Backing up trace #112 to disk.
D/dalvikvm(  255): GC_CONCURRENT freed 1920K, 55% free 4097K/8967K, external 3444K/4300K, paused 4ms+3ms
D/nofatclips(  255): Deleting backup of the old task list from disk
D/nofatclips(  255): Deleting backup of the old activity list from disk
I/nofatclips(  255): Incrementally Playing Trace 112
D/nofatclips(  255): Setting input: type= writeText id=2131165215 value=27
D/nofatclips(  255): Added to return list id=2131165215
I/nofatclips(  255): Retrieved from return list id=2131165215
D/nofatclips(  255): Testing for type (android.widget.EditText) against the original (android.widget.EditText)
D/nofatclips(  255): Testing for name () against the original ()
W/KeyCharacterMap(  255): No keyboard for id 0
W/KeyCharacterMap(  255): Using default keymap: /system/usr/keychars/qwerty.kcm.bin
D/nofatclips(  255): Setting input: type= writeText id=2131165217 value=29
D/nofatclips(  255): Added to return list id=2131165217
I/nofatclips(  255): Retrieved from return list id=2131165217
D/nofatclips(  255): Testing for type (android.widget.EditText) against the original (android.widget.EditText)
D/nofatclips(  255): Testing for name () against the original ()
D/dalvikvm(  126): GC_CONCURRENT freed 228K, 51% free 2808K/5703K, external 961K/1038K, paused 24ms+17ms
I/nofatclips(  255): Retrieved from return list id=2131165219
D/nofatclips(  255): Testing for type (android.widget.Button) against the original (android.widget.Button)
D/nofatclips(  255): Testing for name (Save) against the original (Save)
I/nofatclips(  255): Firing event: type= click index=24 widget=android.widget.Button
D/nofatclips(  255): Event description: Save
I/nofatclips(  255): Waiting for 100 msec.
I/nofatclips(  255): Current activity is Dashboard
I/nofatclips(  255): Retrieving widgets
D/nofatclips(  255): Found widget: id=16908290 (android.widget.FrameLayout@405a0f78)
D/nofatclips(  255): Found widget: id=2131165248 (android.widget.RelativeLayout@405a1c78)
D/nofatclips(  255): Found widget: id=2131165249 (android.widget.LinearLayout@405a22e0)
D/nofatclips(  255): Found widget: id=-1 (android.widget.ImageView@405a2828)
D/nofatclips(  255): Found widget: id=2131165250 (org.wordpress.android.util.WPTitleBar@4059c160)
D/nofatclips(  255): Found widget: id=2131165195 (android.widget.RelativeLayout@4050e728)
D/nofatclips(  255): Found widget: id=2131165196 (android.widget.RelativeLayout@40568a70)
D/nofatclips(  255): Found widget: id=2131165197 (android.widget.ImageView@4059d3f8)
D/dalvikvm(  255): GC_CONCURRENT freed 1747K, 56% free 4024K/8967K, external 3444K/4300K, paused 24ms+8ms
D/nofatclips(  255): Found widget: id=2131165198 (android.widget.TextView@40541de8): Katie's Sweet Testing Blog
D/nofatclips(  255): Found widget: id=2131165199 (android.widget.ImageView@4055d678)
D/nofatclips(  255): Found widget: id=-1 (android.widget.RelativeLayout@405799d8)
D/nofatclips(  255): Found widget: id=2131165200 (android.widget.ImageButton@4059d920)
D/nofatclips(  255): Found widget: id=-1 (android.widget.FrameLayout@4057aec0)
D/nofatclips(  255): Found widget: id=2131165201 (android.widget.Button@405427b0): 
D/nofatclips(  255): Found widget: id=2131165202 (android.widget.ImageView@40593d70)
D/nofatclips(  255): Found widget: id=2131165203 (android.widget.ImageView@4053cfa8)
D/nofatclips(  255): Found widget: id=2131165249 (android.widget.LinearLayout@405decf8)
D/nofatclips(  255): Found widget: id=-1 (android.widget.FrameLayout@405df030)
D/nofatclips(  255): Found widget: id=-1 (android.widget.LinearLayout@405df298)
D/nofatclips(  255): Found widget: id=-1 (android.widget.LinearLayout@405dff08)
D/nofatclips(  255): Found widget: id=-1 (android.widget.LinearLayout@405e0128)
D/nofatclips(  255): Found widget: id=2131165251 (android.widget.LinearLayout@405e0348)
D/nofatclips(  255): Found widget: id=-1 (android.widget.ImageView@405e1b20)
D/nofatclips(  255): Found widget: id=-1 (android.widget.TextView@405e2010): New Post
D/nofatclips(  255): Found widget: id=2131165252 (android.widget.LinearLayout@405e24a0)
D/nofatclips(  255): Found widget: id=-1 (android.widget.ImageView@405e3718)
D/nofatclips(  255): Found widget: id=-1 (android.widget.TextView@405e3e68): Quick Photo
D/nofatclips(  255): Found widget: id=-1 (android.widget.LinearLayout@405e42f8)
D/nofatclips(  255): Found widget: id=2131165253 (android.widget.LinearLayout@405e4518)
D/nofatclips(  255): Found widget: id=-1 (android.widget.ImageView@405e5a08)
D/nofatclips(  255): Found widget: id=-1 (android.widget.TextView@405e5db8): New Page
D/nofatclips(  255): Found widget: id=2131165254 (android.widget.LinearLayout@405e6248)
D/nofatclips(  255): Found widget: id=-1 (android.widget.ImageView@405e7428)
D/nofatclips(  255): Found widget: id=-1 (android.widget.TextView@405ebc08): Quick Video
D/nofatclips(  255): Found widget: id=-1 (android.widget.LinearLayout@405ec098)
D/nofatclips(  255): Found widget: id=-1 (android.widget.LinearLayout@405ec2b8)
D/nofatclips(  255): Found widget: id=2131165255 (android.widget.LinearLayout@405ec4d8)
D/nofatclips(  255): Found widget: id=-1 (android.widget.ImageView@405ecf08)
D/nofatclips(  255): Found widget: id=2131165256 (android.widget.TextView@405ed2b8): Posts
D/nofatclips(  255): Found widget: id=2131165257 (android.widget.LinearLayout@405ed748)
D/nofatclips(  255): Found widget: id=-1 (android.widget.ImageView@405ee178)
D/nofatclips(  255): Found widget: id=2131165256 (android.widget.TextView@405ee528): Pages
D/nofatclips(  255): Found widget: id=-1 (android.widget.FrameLayout@405ee9b8)
D/nofatclips(  255): Found widget: id=2131165258 (android.widget.LinearLayout@405eec20)
D/nofatclips(  255): Found widget: id=-1 (android.widget.ImageView@405f01e0)
D/nofatclips(  255): Found widget: id=2131165256 (android.widget.TextView@405f0590): Comments
D/nofatclips(  255): Found widget: id=2131165259 (android.widget.FrameLayout@405f0a20)
D/nofatclips(  255): Found widget: id=2131165260 (android.widget.ImageView@405f0c88)
D/nofatclips(  255): Found widget: id=2131165261 (org.wordpress.android.util.CommentBadgeTextView@405f10d0): 0
D/nofatclips(  255): Found widget: id=-1 (android.widget.LinearLayout@405f1598)
D/nofatclips(  255): Found widget: id=2131165262 (android.widget.LinearLayout@405f17b8)
D/nofatclips(  255): Found widget: id=-1 (android.widget.ImageView@405f1fb8)
D/nofatclips(  255): Found widget: id=2131165256 (android.widget.TextView@405f2368): Settings
D/nofatclips(  255): Found widget: id=2131165263 (android.widget.LinearLayout@405f27f8)
D/nofatclips(  255): Found widget: id=-1 (android.widget.ImageView@405f2ff8)
D/nofatclips(  255): Found widget: id=2131165256 (android.widget.TextView@405f33a8): Read
D/nofatclips(  255): Found widget: id=2131165264 (android.widget.LinearLayout@405f3838)
D/nofatclips(  255): Found widget: id=-1 (android.widget.ImageView@405f4ab0)
D/nofatclips(  255): Found widget: id=2131165256 (android.widget.TextView@405f4e60): Stats
D/nofatclips(  255): Found widget: id=-1 (com.android.internal.policy.impl.PhoneWindow$DecorView@405a0678)
V/nicola  (  255): TextualID : blog_title
V/nicola  (  255): ContentType detected : default
V/nicola  (  255): TextualID : action_refresh
V/nicola  (  255): ContentType detected : default
V/nicola  (  255): TextualID : null
V/nicola  (  255): ContentType detected : default
V/nicola  (  255): TextualID : null
V/nicola  (  255): ContentType detected : default
V/nicola  (  255): TextualID : null
V/nicola  (  255): ContentType detected : default
V/nicola  (  255): TextualID : null
V/nicola  (  255): ContentType detected : default
V/nicola  (  255): TextualID : button_text
V/nicola  (  255): ContentType detected : default
V/nicola  (  255): TextualID : button_text
V/nicola  (  255): ContentType detected : default
V/nicola  (  255): TextualID : button_text
V/nicola  (  255): ContentType detected : default
V/nicola  (  255): TextualID : button_text
V/nicola  (  255): ContentType detected : default
V/nicola  (  255): TextualID : button_text
V/nicola  (  255): ContentType detected : default
V/nicola  (  255): TextualID : button_text
V/nicola  (  255): ContentType detected : default
I/nofatclips(  255): Performing comparation for activity Dashboard
D/nofatclips(  255): Comparing against activity Read
D/nofatclips(  255): Comparing against activity Settings
D/nofatclips(  255): Comparing against activity Dashboard
D/nofatclips(  255): Comparing against activity Read
D/nofatclips(  255): Comparing against activity Settings
D/nofatclips(  255): Comparing against activity Dashboard
D/nofatclips(  255): Comparing against activity Dashboard
D/nofatclips(  255): Comparing against activity Read
D/nofatclips(  255): Comparing against activity Read
D/nofatclips(  255): Comparing against activity Settings
D/nofatclips(  255): Comparing against activity Read
I/nofatclips(  255): Registering activity Dashboard (id: a12) as a new found state
D/nofatclips(  255): Performing backup of the old activity list on disk
D/nofatclips(  255): Saving new found state 'a12' on disk
V/nofatclips(  255): Opening state file in append mode.
I/nofatclips(  255): Saved image on disk: a12.jpg
I/nofatclips(  255): Waiting for 100 msec.
I/nofatclips(  255): Session count is 1. Will dump to disk at 1
I/nofatclips(  255): Saving the session on disk.
I/nofatclips(  255): Planning for new Activity Dashboard
D/nofatclips(  255): Handling event 'click' on widget id=2131165200 type=button name=
D/nofatclips(  255): Handling event 'click' on widget id=2131165201 type=button name=
D/nofatclips(  255): Handling event 'click' on widget id=2131165249 type=linearLayout name=
D/nofatclips(  255): Handling event 'click' on widget id=2131165251 type=linearLayout name=
D/nofatclips(  255): Handling event 'click' on widget id=2131165252 type=linearLayout name=
D/nofatclips(  255): Handling event 'click' on widget id=2131165253 type=linearLayout name=
D/nofatclips(  255): Handling event 'click' on widget id=2131165254 type=linearLayout name=
D/nofatclips(  255): Handling event 'click' on widget id=2131165255 type=linearLayout name=
D/dalvikvm(  255): GC_CONCURRENT freed 1466K, 54% free 4207K/8967K, external 4044K/4300K, paused 6ms+10ms
D/nofatclips(  255): Handling event 'click' on widget id=2131165257 type=linearLayout name=
D/nofatclips(  255): Handling event 'click' on widget id=2131165258 type=linearLayout name=
D/nofatclips(  255): Handling event 'click' on widget id=2131165262 type=linearLayout name=
D/nofatclips(  255): Handling event 'click' on widget id=2131165263 type=linearLayout name=
D/nofatclips(  255): Handling event 'click' on widget id=2131165264 type=linearLayout name=
I/nofatclips(  255): Created trace to press the back button
I/nofatclips(  255): Created trace to press the menu button
I/nofatclips(  255): Created trace to change orientation
D/dalvikvm(  255): GC_CONCURRENT freed 2127K, 56% free 3990K/8967K, external 2203K/2751K, paused 3ms+4ms
I/nofatclips(  255): Check for termination: 39 steps left of 50
I/nofatclips(  255): Dispatching new task. 2 more tasks remaining.
D/nofatclips(  255): Performing backup of the old task list on disk
D/nofatclips(  255): Saving task list on disk
V/nofatclips(  255): Backing up trace #126 to disk.
V/nofatclips(  255): Backing up trace #127 to disk.
D/nofatclips(  255): Deleting backup of the old task list from disk
D/nofatclips(  255): Deleting backup of the old activity list from disk
I/nofatclips(  255): Incrementally Playing Trace 127
I/nofatclips(  255): Retrieved from return list id=2131165263
D/nofatclips(  255): Testing for type (android.widget.LinearLayout) against the original (android.widget.LinearLayout)
D/nofatclips(  255): Testing for name () against the original ()
I/nofatclips(  255): Firing event: type= click index=53 widget=android.widget.LinearLayout
W/KeyCharacterMap(  255): No keyboard for id 0
W/KeyCharacterMap(  255): Using default keymap: /system/usr/keychars/qwerty.kcm.bin
D/nofatclips(  255): Event description: Read
I/ActivityManager(   61): Starting: Intent { cmp=org.wordpress.android/.Read (has extras) } from pid 255
I/nofatclips(  255): Waiting for 100 msec.
D/dalvikvm(  255): GC_CONCURRENT freed 1160K, 56% free 3962K/8967K, external 2370K/2751K, paused 18ms+17ms
I/ActivityManager(   61): Displayed org.wordpress.android/.Read: +1s380ms
I/nofatclips(  255): Current activity is Read
I/nofatclips(  255): Retrieving widgets
D/nofatclips(  255): Found widget: id=-1 (android.widget.LinearLayout@40846638)
D/nofatclips(  255): Found widget: id=16908662 (android.widget.RelativeLayout@405bc598)
D/nofatclips(  255): Found widget: id=16908812 (android.widget.ProgressBar@40699e20)
D/nofatclips(  255): Found widget: id=16908813 (android.widget.ProgressBar@4069a1e8)
D/nofatclips(  255): Found widget: id=16908310 (android.widget.TextView@408473f8): Read
D/nofatclips(  255): Found widget: id=16908290 (android.widget.FrameLayout@406f9678)
D/nofatclips(  255): Found widget: id=-1 (android.widget.LinearLayout@40842278)
D/nofatclips(  255): Found widget: id=2131165329 (android.webkit.WebView@40842668)
D/nofatclips(  255): Found widget: id=-1 (com.android.internal.policy.impl.PhoneWindow$DecorView@40707738)
V/nicola  (  255): TextualID : null
V/nicola  (  255): ContentType detected : default
V/ReflectionHelper(  255): android.webkit.WebView > mOnFocusChangeListener FOUND | NOT ACTIVE
I/nofatclips(  255): Performing comparation for activity Read
D/nofatclips(  255): Comparing against activity Read
D/nofatclips(  255): Comparing against activity Settings
D/nofatclips(  255): Comparing against activity Dashboard
D/nofatclips(  255): Comparing against activity Read
D/nofatclips(  255): Comparing against activity Settings
D/nofatclips(  255): Comparing against activity Dashboard
D/nofatclips(  255): Comparing against activity Dashboard
D/nofatclips(  255): Comparing against activity Read
D/nofatclips(  255): Comparing against activity Read
D/nofatclips(  255): Comparing against activity Dashboard
D/nofatclips(  255): Comparing against activity Settings
D/nofatclips(  255): Comparing against activity Read
I/nofatclips(  255): Registering activity Read (id: a13) as a new found state
D/nofatclips(  255): Performing backup of the old activity list on disk
D/nofatclips(  255): Saving new found state 'a13' on disk
V/nofatclips(  255): Opening state file in append mode.
D/dalvikvm(  255): GC_EXTERNAL_ALLOC freed 339K, 56% free 3980K/8967K, external 2370K/2751K, paused 145ms
D/dalvikvm(  255): GC_EXTERNAL_ALLOC freed 757K, 54% free 4211K/8967K, external 3570K/3709K, paused 108ms
I/nofatclips(  255): Saved image on disk: a13.jpg
I/nofatclips(  255): Waiting for 100 msec.
I/nofatclips(  255): Session count is 1. Will dump to disk at 1
I/nofatclips(  255): Saving the session on disk.
I/nofatclips(  255): Planning for new Activity Read
D/nofatclips(  255): Handling event 'longClick' on widget id=2131165329 type=webPage name=
I/nofatclips(  255): Created trace to press the back button
I/nofatclips(  255): Created trace to press the menu button
I/nofatclips(  255): Created trace to change orientation
D/dalvikvm(  255): GC_CONCURRENT freed 942K, 53% free 4291K/8967K, external 3570K/4458K, paused 6ms+6ms
I/nofatclips(  255): Check for termination: 38 steps left of 50
I/nofatclips(  255): Dispatching new task. 2 more tasks remaining.
D/nofatclips(  255): Performing backup of the old task list on disk
D/nofatclips(  255): Saving task list on disk
V/nofatclips(  255): Backing up trace #130 to disk.
V/nofatclips(  255): Backing up trace #131 to disk.
D/nofatclips(  255): Deleting backup of the old task list from disk
D/nofatclips(  255): Deleting backup of the old activity list from disk
I/nofatclips(  255): Incrementally Playing Trace 131
I/nofatclips(  255): Retrieved from return list id=-1
D/nofatclips(  255): Testing for type (android.widget.LinearLayout) against the original (null)
I/nofatclips(  255): Firing event: type= openMenu name= widget=null
D/dalvikvm(  255): GC_FOR_MALLOC freed 1554K, 53% free 4224K/8967K, external 2970K/3709K, paused 45ms
I/dalvikvm-heap(  255): Grow heap (frag case) to 9.653MB for 87396-byte allocation
D/dalvikvm(  255): GC_FOR_MALLOC freed 18K, 53% free 4291K/9095K, external 2970K/3709K, paused 34ms
D/dalvikvm(  255): GC_FOR_MALLOC freed <1K, 53% free 4291K/9095K, external 2970K/3709K, paused 37ms
I/dalvikvm-heap(  255): Grow heap (frag case) to 9.718MB for 87396-byte allocation
D/dalvikvm(  255): GC_FOR_MALLOC freed 0K, 53% free 4376K/9223K, external 2970K/3709K, paused 34ms
W/KeyCharacterMap(  255): No keyboard for id 0
W/KeyCharacterMap(  255): Using default keymap: /system/usr/keychars/qwerty.kcm.bin
W/ResponseProcessCookies(  255): Invalid cookie header: "Set-Cookie: twostep_auth=+; expires=Wed, 24-Jul-2013 19:56:23 GMT; Max-Age=-31536000; path=/; domain=.wordpress.com". Negative max-age attribute: -31536000
W/ResponseProcessCookies(  255): Invalid cookie header: "Set-Cookie: wordpress=+; expires=Wed, 24-Jul-2013 19:56:23 GMT; Max-Age=-31536000; path=/wp-admin; domain=.wordpress.com". Negative max-age attribute: -31536000
I/nofatclips(  255): Waiting for 100 msec.
W/ResponseProcessCookies(  255): Invalid cookie header: "Set-Cookie: wordpress_sec=+; expires=Wed, 24-Jul-2013 19:56:23 GMT; Max-Age=-31536000; path=/wp-admin; domain=.wordpress.com". Negative max-age attribute: -31536000
W/ResponseProcessCookies(  255): Invalid cookie header: "Set-Cookie: wordpress=+; expires=Wed, 24-Jul-2013 19:56:23 GMT; Max-Age=-31536000; path=/wp-content/plugins; domain=.wordpress.com". Negative max-age attribute: -31536000
W/ResponseProcessCookies(  255): Invalid cookie header: "Set-Cookie: wordpress_sec=+; expires=Wed, 24-Jul-2013 19:56:23 GMT; Max-Age=-31536000; path=/wp-content/plugins; domain=.wordpress.com". Negative max-age attribute: -31536000
W/ResponseProcessCookies(  255): Invalid cookie header: "Set-Cookie: wordpress_logged_in=+; expires=Wed, 24-Jul-2013 19:56:23 GMT; Max-Age=-31536000; path=/; domain=.wordpress.com". Negative max-age attribute: -31536000
W/ResponseProcessCookies(  255): Invalid cookie header: "Set-Cookie: wordpress_logged_in=+; expires=Wed, 24-Jul-2013 19:56:23 GMT; Max-Age=-31536000; path=/; domain=.wordpress.com". Negative max-age attribute: -31536000
W/ResponseProcessCookies(  255): Invalid cookie header: "Set-Cookie: wordpress=+; expires=Wed, 24-Jul-2013 19:56:23 GMT; Max-Age=-31536000; path=/; domain=.wordpress.com". Negative max-age attribute: -31536000
W/ResponseProcessCookies(  255): Invalid cookie header: "Set-Cookie: wordpress=+; expires=Wed, 24-Jul-2013 19:56:23 GMT; Max-Age=-31536000; path=/; domain=.wordpress.com". Negative max-age attribute: -31536000
W/ResponseProcessCookies(  255): Invalid cookie header: "Set-Cookie: wordpress_sec=+; expires=Wed, 24-Jul-2013 19:56:23 GMT; Max-Age=-31536000; path=/; domain=.wordpress.com". Negative max-age attribute: -31536000
W/ResponseProcessCookies(  255): Invalid cookie header: "Set-Cookie: wordpress_sec=+; expires=Wed, 24-Jul-2013 19:56:23 GMT; Max-Age=-31536000; path=/; domain=.wordpress.com". Negative max-age attribute: -31536000
W/ResponseProcessCookies(  255): Invalid cookie header: "Set-Cookie: wp_user=+; expires=Wed, 24-Jul-2013 19:56:23 GMT; Max-Age=-31536000; path=/; domain=.wordpress.com". Negative max-age attribute: -31536000
W/ResponseProcessCookies(  255): Invalid cookie header: "Set-Cookie: wp_pass=+; expires=Wed, 24-Jul-2013 19:56:23 GMT; Max-Age=-31536000; path=/; domain=.wordpress.com". Negative max-age attribute: -31536000
I/nofatclips(  255): Current activity is Read
I/nofatclips(  255): Retrieving widgets
D/nofatclips(  255): Found widget: id=16908726 (com.android.internal.view.menu.IconMenuView@4064e580)
D/nofatclips(  255): Found widget: id=16908310 (com.android.internal.view.menu.IconMenuItemView@40765d78): Home
D/nofatclips(  255): Found widget: id=16908310 (com.android.internal.view.menu.IconMenuItemView@406efd48): View in Browser
D/nofatclips(  255): Found widget: id=16908310 (com.android.internal.view.menu.IconMenuItemView@4071fd80): Refresh
D/nofatclips(  255): Found widget: id=-1 (com.android.internal.policy.impl.PhoneWindow$DecorView@40586c50)
V/ReflectionHelper(  255): com.android.internal.view.menu.IconMenuView > mOnFocusChangeListener FOUND | NOT ACTIVE
W/ResponseProcessCookies(  255): Invalid cookie header: "Set-Cookie: wp_user=+; expires=Wed, 24-Jul-2013 19:56:23 GMT; Max-Age=-31536000; path=/; domain=.wordpress.com". Negative max-age attribute: -31536000
W/ResponseProcessCookies(  255): Invalid cookie header: "Set-Cookie: wp_pass=+; expires=Wed, 24-Jul-2013 19:56:23 GMT; Max-Age=-31536000; path=/; domain=.wordpress.com". Negative max-age attribute: -31536000
V/nicola  (  255): TextualID : null
V/nicola  (  255): ContentType detected : default
V/nicola  (  255): TextualID : null
V/nicola  (  255): ContentType detected : default
V/nicola  (  255): TextualID : null
V/nicola  (  255): ContentType detected : default
I/nofatclips(  255): Performing comparation for activity Read
D/nofatclips(  255): Comparing against activity Read
D/nofatclips(  255): Comparing against activity Settings
D/nofatclips(  255): Comparing against activity Dashboard
D/nofatclips(  255): Comparing against activity Read
D/nofatclips(  255): Comparing against activity Settings
D/nofatclips(  255): Comparing against activity Dashboard
D/nofatclips(  255): Comparing against activity Read
D/nofatclips(  255): Comparing against activity Dashboard
D/nofatclips(  255): Comparing against activity Read
D/nofatclips(  255): Comparing against activity Read
D/nofatclips(  255): Comparing against activity Dashboard
D/nofatclips(  255): Comparing against activity Settings
D/nofatclips(  255): Comparing against activity Read
I/nofatclips(  255): Registering activity Read (id: a14) as a new found state
D/nofatclips(  255): Performing backup of the old activity list on disk
D/nofatclips(  255): Saving new found state 'a14' on disk
V/nofatclips(  255): Opening state file in append mode.
I/nofatclips(  255): Saved image on disk: a14.jpg
I/nofatclips(  255): Waiting for 100 msec.
I/nofatclips(  255): Session count is 1. Will dump to disk at 1
I/nofatclips(  255): Saving the session on disk.
D/dalvikvm(  255): GC_CONCURRENT freed 1437K, 51% free 4548K/9223K, external 3252K/3709K, paused 4ms+5ms
I/nofatclips(  255): Planning for new Activity Read
D/nofatclips(  255): Handling event 'click' on widget id=16908310 type=menuItem name=Home
D/nofatclips(  255): Handling event 'click' on widget id=16908310 type=menuItem name=View in Browser
D/nofatclips(  255): Handling event 'click' on widget id=16908310 type=menuItem name=Refresh
I/nofatclips(  255): Created trace to press the back button
I/nofatclips(  255): Created trace to press the menu button
I/nofatclips(  255): Created trace to change orientation
D/dalvikvm(  255): GC_CONCURRENT freed 1867K, 52% free 4441K/9223K, external 3129K/3709K, paused 5ms+4ms
I/nofatclips(  255): Check for termination: 37 steps left of 50
I/nofatclips(  255): Dispatching new task. 2 more tasks remaining.
D/nofatclips(  255): Performing backup of the old task list on disk
D/nofatclips(  255): Saving task list on disk
V/nofatclips(  255): Backing up trace #136 to disk.
V/nofatclips(  255): Backing up trace #137 to disk.
D/nofatclips(  255): Deleting backup of the old task list from disk
D/nofatclips(  255): Deleting backup of the old activity list from disk
I/nofatclips(  255): Incrementally Playing Trace 137
I/nofatclips(  255): Retrieved from return list id=16908726
D/nofatclips(  255): Testing for type (com.android.internal.view.menu.IconMenuView) against the original (null)
I/nofatclips(  255): Firing event: type= changeOrientation name= widget=null
D/dalvikvm(  255): GC_CONCURRENT freed 1700K, 53% free 4424K/9223K, external 3129K/3709K, paused 4ms+4ms
I/WindowManager(   61): Setting rotation to 0, animFlags=1
I/ActivityManager(   61): Config changed: { scale=1.0 imsi=310/260 loc=en_US touch=3 keys=2/1/2 nav=1/1 orien=1 layout=18 uiMode=17 seq=8}
W/KeyCharacterMap(  255): No keyboard for id 0
W/KeyCharacterMap(  255): Using default keymap: /system/usr/keychars/qwerty.kcm.bin
I/nofatclips(  255): Waiting for 100 msec.
D/dalvikvm(  255): GC_CONCURRENT freed 1614K, 52% free 4488K/9223K, external 3165K/3709K, paused 4ms+4ms
I/nofatclips(  255): Current activity is Read
I/nofatclips(  255): Retrieving widgets
D/nofatclips(  255): Found widget: id=16908726 (com.android.internal.view.menu.IconMenuView@4060a748)
D/nofatclips(  255): Found widget: id=16908310 (com.android.internal.view.menu.IconMenuItemView@4060b220): Home
D/nofatclips(  255): Found widget: id=16908310 (com.android.internal.view.menu.IconMenuItemView@405b4770): View in Browser
D/nofatclips(  255): Found widget: id=16908310 (com.android.internal.view.menu.IconMenuItemView@407ccde8): Refresh
D/nofatclips(  255): Found widget: id=-1 (com.android.internal.policy.impl.PhoneWindow$DecorView@40586c50)
V/ReflectionHelper(  255): com.android.internal.view.menu.IconMenuView > mOnFocusChangeListener FOUND | NOT ACTIVE
V/nicola  (  255): TextualID : null
V/nicola  (  255): ContentType detected : default
V/nicola  (  255): TextualID : null
V/nicola  (  255): ContentType detected : default
V/nicola  (  255): TextualID : null
V/nicola  (  255): ContentType detected : default
I/nofatclips(  255): Performing comparation for activity Read
D/nofatclips(  255): Comparing against activity Read
D/nofatclips(  255): Comparing against activity Read
D/nofatclips(  255): Comparing against activity Dashboard
D/nofatclips(  255): Comparing against activity Read
D/nofatclips(  255): Comparing against activity Read
D/nofatclips(  255): Comparing against activity Settings
D/nofatclips(  255): Comparing against activity Dashboard
D/nofatclips(  255): Comparing against activity Read
D/nofatclips(  255): Comparing against activity Settings
D/nofatclips(  255): Comparing against activity Dashboard
D/nofatclips(  255): Comparing against activity Read
D/nofatclips(  255): Comparing against activity Dashboard
D/nofatclips(  255): Comparing against activity Settings
D/nofatclips(  255): Comparing against activity Read
I/nofatclips(  255): Registering activity Read (id: a15) as a new found state
D/nofatclips(  255): Performing backup of the old activity list on disk
D/nofatclips(  255): Saving new found state 'a15' on disk
V/nofatclips(  255): Opening state file in append mode.
I/nofatclips(  255): Saved image on disk: a15.jpg
I/nofatclips(  255): Waiting for 100 msec.
I/nofatclips(  255): Session count is 1. Will dump to disk at 1
I/nofatclips(  255): Saving the session on disk.
I/nofatclips(  255): Planning for new Activity Read
D/nofatclips(  255): Handling event 'click' on widget id=16908310 type=menuItem name=Home
D/nofatclips(  255): Handling event 'click' on widget id=16908310 type=menuItem name=View in Browser
D/nofatclips(  255): Handling event 'click' on widget id=16908310 type=menuItem name=Refresh
I/nofatclips(  255): Created trace to press the back button
I/nofatclips(  255): Created trace to press the menu button
I/nofatclips(  255): Created trace to change orientation
D/dalvikvm(  255): GC_CONCURRENT freed 1631K, 51% free 4569K/9223K, external 3205K/3709K, paused 5ms+4ms
I/nofatclips(  255): Check for termination: 36 steps left of 50
I/nofatclips(  255): Dispatching new task. 2 more tasks remaining.
D/nofatclips(  255): Performing backup of the old task list on disk
D/nofatclips(  255): Saving task list on disk
V/nofatclips(  255): Backing up trace #142 to disk.
V/nofatclips(  255): Backing up trace #143 to disk.
D/nofatclips(  255): Deleting backup of the old task list from disk
D/nofatclips(  255): Deleting backup of the old activity list from disk
I/nofatclips(  255): Incrementally Playing Trace 143
I/nofatclips(  255): Retrieved from return list id=16908310
D/nofatclips(  255): Testing for type (com.android.internal.view.menu.IconMenuItemView) against the original (com.android.internal.view.menu.IconMenuItemView)
D/nofatclips(  255): Testing for name (Home) against the original (Home)
I/nofatclips(  255): Firing event: type= click index=1 widget=com.android.internal.view.menu.IconMenuItemView
W/KeyCharacterMap(  255): No keyboard for id 0
W/KeyCharacterMap(  255): Using default keymap: /system/usr/keychars/qwerty.kcm.bin
D/dalvikvm(   61): GC_EXPLICIT freed 132K, 45% free 4124K/7431K, external 1316K/1828K, paused 80ms
D/nofatclips(  255): Event description: Home
I/nofatclips(  255): Waiting for 100 msec.
I/WindowManager(   61): Setting rotation to 1, animFlags=1
I/ActivityManager(   61): Config changed: { scale=1.0 imsi=310/260 loc=en_US touch=3 keys=2/1/2 nav=1/1 orien=2 layout=18 uiMode=17 seq=9}
I/nofatclips(  255): Current activity is Dashboard
I/nofatclips(  255): Retrieving widgets
D/nofatclips(  255): Found widget: id=16908290 (android.widget.FrameLayout@405a0f78)
D/nofatclips(  255): Found widget: id=2131165248 (android.widget.RelativeLayout@405a1c78)
D/nofatclips(  255): Found widget: id=2131165249 (android.widget.LinearLayout@405a22e0)
D/nofatclips(  255): Found widget: id=-1 (android.widget.ImageView@405a2828)
D/nofatclips(  255): Found widget: id=2131165250 (org.wordpress.android.util.WPTitleBar@4059c160)
D/nofatclips(  255): Found widget: id=2131165195 (android.widget.RelativeLayout@4050e728)
D/nofatclips(  255): Found widget: id=2131165196 (android.widget.RelativeLayout@40568a70)
D/nofatclips(  255): Found widget: id=2131165197 (android.widget.ImageView@4059d3f8)
D/nofatclips(  255): Found widget: id=2131165198 (android.widget.TextView@40541de8): Katie's Sweet Testing Blog
D/nofatclips(  255): Found widget: id=2131165199 (android.widget.ImageView@4055d678)
D/nofatclips(  255): Found widget: id=-1 (android.widget.RelativeLayout@405799d8)
D/nofatclips(  255): Found widget: id=2131165200 (android.widget.ImageButton@4059d920)
D/nofatclips(  255): Found widget: id=-1 (android.widget.FrameLayout@4057aec0)
D/nofatclips(  255): Found widget: id=2131165201 (android.widget.Button@405427b0): 
D/nofatclips(  255): Found widget: id=2131165202 (android.widget.ImageView@40593d70)
D/nofatclips(  255): Found widget: id=2131165203 (android.widget.ImageView@4053cfa8)
D/nofatclips(  255): Found widget: id=2131165249 (android.widget.LinearLayout@405decf8)
D/nofatclips(  255): Found widget: id=-1 (android.widget.FrameLayout@405df030)
D/nofatclips(  255): Found widget: id=-1 (android.widget.LinearLayout@405df298)
D/nofatclips(  255): Found widget: id=-1 (android.widget.LinearLayout@405dff08)
D/nofatclips(  255): Found widget: id=-1 (android.widget.LinearLayout@405e0128)
D/nofatclips(  255): Found widget: id=2131165251 (android.widget.LinearLayout@405e0348)
D/nofatclips(  255): Found widget: id=-1 (android.widget.ImageView@405e1b20)
D/nofatclips(  255): Found widget: id=-1 (android.widget.TextView@405e2010): New Post
D/nofatclips(  255): Found widget: id=2131165252 (android.widget.LinearLayout@405e24a0)
D/nofatclips(  255): Found widget: id=-1 (android.widget.ImageView@405e3718)
D/nofatclips(  255): Found widget: id=-1 (android.widget.TextView@405e3e68): Quick Photo
D/nofatclips(  255): Found widget: id=-1 (android.widget.LinearLayout@405e42f8)
D/nofatclips(  255): Found widget: id=2131165253 (android.widget.LinearLayout@405e4518)
D/nofatclips(  255): Found widget: id=-1 (android.widget.ImageView@405e5a08)
D/nofatclips(  255): Found widget: id=-1 (android.widget.TextView@405e5db8): New Page
D/nofatclips(  255): Found widget: id=2131165254 (android.widget.LinearLayout@405e6248)
D/nofatclips(  255): Found widget: id=-1 (android.widget.ImageView@405e7428)
D/nofatclips(  255): Found widget: id=-1 (android.widget.TextView@405ebc08): Quick Video
D/nofatclips(  255): Found widget: id=-1 (android.widget.LinearLayout@405ec098)
D/nofatclips(  255): Found widget: id=-1 (android.widget.LinearLayout@405ec2b8)
D/nofatclips(  255): Found widget: id=2131165255 (android.widget.LinearLayout@405ec4d8)
D/nofatclips(  255): Found widget: id=-1 (android.widget.ImageView@405ecf08)
D/nofatclips(  255): Found widget: id=2131165256 (android.widget.TextView@405ed2b8): Posts
D/nofatclips(  255): Found widget: id=2131165257 (android.widget.LinearLayout@405ed748)
D/nofatclips(  255): Found widget: id=-1 (android.widget.ImageView@405ee178)
D/nofatclips(  255): Found widget: id=2131165256 (android.widget.TextView@405ee528): Pages
D/nofatclips(  255): Found widget: id=-1 (android.widget.FrameLayout@405ee9b8)
D/nofatclips(  255): Found widget: id=2131165258 (android.widget.LinearLayout@405eec20)
D/nofatclips(  255): Found widget: id=-1 (android.widget.ImageView@405f01e0)
D/nofatclips(  255): Found widget: id=2131165256 (android.widget.TextView@405f0590): Comments
D/nofatclips(  255): Found widget: id=2131165259 (android.widget.FrameLayout@405f0a20)
D/nofatclips(  255): Found widget: id=2131165260 (android.widget.ImageView@405f0c88)
D/nofatclips(  255): Found widget: id=2131165261 (org.wordpress.android.util.CommentBadgeTextView@405f10d0): 0
D/nofatclips(  255): Found widget: id=-1 (android.widget.LinearLayout@405f1598)
D/nofatclips(  255): Found widget: id=2131165262 (android.widget.LinearLayout@405f17b8)
D/nofatclips(  255): Found widget: id=-1 (android.widget.ImageView@405f1fb8)
D/nofatclips(  255): Found widget: id=2131165256 (android.widget.TextView@405f2368): Settings
D/nofatclips(  255): Found widget: id=2131165263 (android.widget.LinearLayout@405f27f8)
D/nofatclips(  255): Found widget: id=-1 (android.widget.ImageView@405f2ff8)
D/nofatclips(  255): Found widget: id=2131165256 (android.widget.TextView@405f33a8): Read
D/nofatclips(  255): Found widget: id=2131165264 (android.widget.LinearLayout@405f3838)
D/nofatclips(  255): Found widget: id=-1 (android.widget.ImageView@405f4ab0)
D/nofatclips(  255): Found widget: id=2131165256 (android.widget.TextView@405f4e60): Stats
D/nofatclips(  255): Found widget: id=-1 (com.android.internal.policy.impl.PhoneWindow$DecorView@405a0678)
V/nicola  (  255): TextualID : blog_title
V/nicola  (  255): ContentType detected : default
V/nicola  (  255): TextualID : action_refresh
V/nicola  (  255): ContentType detected : default
V/nicola  (  255): TextualID : null
V/nicola  (  255): ContentType detected : default
V/nicola  (  255): TextualID : null
V/nicola  (  255): ContentType detected : default
V/nicola  (  255): TextualID : null
V/nicola  (  255): ContentType detected : default
V/nicola  (  255): TextualID : null
V/nicola  (  255): ContentType detected : default
V/nicola  (  255): TextualID : button_text
V/nicola  (  255): ContentType detected : default
V/nicola  (  255): TextualID : button_text
V/nicola  (  255): ContentType detected : default
V/nicola  (  255): TextualID : button_text
V/nicola  (  255): ContentType detected : default
V/nicola  (  255): TextualID : button_text
V/nicola  (  255): ContentType detected : default
V/nicola  (  255): TextualID : button_text
V/nicola  (  255): ContentType detected : default
V/nicola  (  255): TextualID : button_text
V/nicola  (  255): ContentType detected : default
I/nofatclips(  255): Performing comparation for activity Dashboard
D/nofatclips(  255): Comparing against activity Read
D/nofatclips(  255): Comparing against activity Read
D/nofatclips(  255): Comparing against activity Dashboard
D/nofatclips(  255): Comparing against activity Read
D/nofatclips(  255): Comparing against activity Read
D/nofatclips(  255): Comparing against activity Settings
D/nofatclips(  255): Comparing against activity Dashboard
D/nofatclips(  255): Comparing against activity Read
D/nofatclips(  255): Comparing against activity Settings
D/nofatclips(  255): Comparing against activity Dashboard
D/nofatclips(  255): Comparing against activity Read
D/nofatclips(  255): Comparing against activity Dashboard
D/nofatclips(  255): Comparing against activity Settings
D/nofatclips(  255): Comparing against activity Read
D/nofatclips(  255): Comparing against activity Read
I/nofatclips(  255): Registering activity Dashboard (id: a16) as a new found state
D/nofatclips(  255): Performing backup of the old activity list on disk
D/nofatclips(  255): Saving new found state 'a16' on disk
V/nofatclips(  255): Opening state file in append mode.
I/nofatclips(  255): Saved image on disk: a16.jpg
I/nofatclips(  255): Waiting for 100 msec.
D/dalvikvm(  255): GC_CONCURRENT freed 1568K, 50% free 4642K/9223K, external 3688K/3709K, paused 3ms+11ms
I/nofatclips(  255): Session count is 1. Will dump to disk at 1
I/nofatclips(  255): Saving the session on disk.
I/nofatclips(  255): Planning for new Activity Dashboard
D/nofatclips(  255): Handling event 'click' on widget id=2131165200 type=button name=
D/nofatclips(  255): Handling event 'click' on widget id=2131165201 type=button name=
D/nofatclips(  255): Handling event 'click' on widget id=2131165249 type=linearLayout name=
D/nofatclips(  255): Handling event 'click' on widget id=2131165251 type=linearLayout name=
D/nofatclips(  255): Handling event 'click' on widget id=2131165252 type=linearLayout name=
D/nofatclips(  255): Handling event 'click' on widget id=2131165253 type=linearLayout name=
D/nofatclips(  255): Handling event 'click' on widget id=2131165254 type=linearLayout name=
D/nofatclips(  255): Handling event 'click' on widget id=2131165255 type=linearLayout name=
D/dalvikvm(   61): GC_EXPLICIT freed 27K, 45% free 4112K/7431K, external 1316K/1828K, paused 160ms
D/nofatclips(  255): Handling event 'click' on widget id=2131165257 type=linearLayout name=
D/nofatclips(  255): Handling event 'click' on widget id=2131165258 type=linearLayout name=
D/nofatclips(  255): Handling event 'click' on widget id=2131165262 type=linearLayout name=
D/nofatclips(  255): Handling event 'click' on widget id=2131165263 type=linearLayout name=
D/nofatclips(  255): Handling event 'click' on widget id=2131165264 type=linearLayout name=
I/nofatclips(  255): Created trace to press the back button
I/nofatclips(  255): Created trace to press the menu button
I/nofatclips(  255): Created trace to change orientation
D/dalvikvm(  255): GC_CONCURRENT freed 1900K, 50% free 4679K/9223K, external 2406K/3006K, paused 4ms+4ms
D/webviewglue(  255): nativeDestroy view: 0x8698e8
I/dalvikvm(  255): Jit: resizing JitTable from 4096 to 8192
D/dalvikvm(  255): GC_CONCURRENT freed 1733K, 52% free 4468K/9223K, external 2203K/2751K, paused 4ms+5ms
I/nofatclips(  255): Check for termination: 35 steps left of 50
I/nofatclips(  255): Dispatching new task. 2 more tasks remaining.
D/nofatclips(  255): Performing backup of the old task list on disk
D/nofatclips(  255): Saving task list on disk
V/nofatclips(  255): Backing up trace #157 to disk.
V/nofatclips(  255): Backing up trace #158 to disk.
D/nofatclips(  255): Deleting backup of the old task list from disk
D/nofatclips(  255): Deleting backup of the old activity list from disk
I/nofatclips(  255): Incrementally Playing Trace 158
I/nofatclips(  255): Retrieved from return list id=2131165253
D/nofatclips(  255): Testing for type (android.widget.LinearLayout) against the original (android.widget.LinearLayout)
D/nofatclips(  255): Testing for name () against the original ()
I/nofatclips(  255): Firing event: type= click index=28 widget=android.widget.LinearLayout
W/KeyCharacterMap(  255): No keyboard for id 0
W/KeyCharacterMap(  255): Using default keymap: /system/usr/keychars/qwerty.kcm.bin
D/nofatclips(  255): Event description: New Page
I/ActivityManager(   61): Starting: Intent { cmp=org.wordpress.android/.EditPost (has extras) } from pid 255
I/nofatclips(  255): Waiting for 100 msec.
D/dalvikvm(  255): GC_CONCURRENT freed 1369K, 53% free 4402K/9223K, external 2439K/2751K, paused 15ms+51ms
I/nofatclips(  255): Current activity is EditPost
I/nofatclips(  255): Retrieving widgets
D/nofatclips(  255): Found widget: id=-1 (android.widget.LinearLayout@406a58a8)
D/nofatclips(  255): Found widget: id=-1 (android.widget.FrameLayout@406a5c10)
D/nofatclips(  255): Found widget: id=16908310 (android.widget.TextView@406c9a08): Katie&#039;s Sweet Testing Blog - New Page
D/nofatclips(  255): Found widget: id=16908290 (android.widget.FrameLayout@40878f70)
D/nofatclips(  255): Found widget: id=2131165298 (android.widget.ScrollView@4087cfc8)
D/nofatclips(  255): Found widget: id=-1 (android.widget.LinearLayout@408479c8)
D/nofatclips(  255): Found widget: id=2131165209 (android.widget.RelativeLayout@40847c50)
D/nofatclips(  255): Found widget: id=2131165210 (android.widget.TextView@4060bb90): Page Content
D/nofatclips(  255): Found widget: id=2131165236 (android.widget.EditText@408b9b38): 
D/nofatclips(  255): Found widget: id=2131165265 (org.wordpress.android.util.WPEditText@4077bb00): 
D/nofatclips(  255): Found widget: id=2131165288 (android.widget.RelativeLayout@4067d6f8)
D/nofatclips(  255): Found widget: id=2131165278 (android.widget.TextView@406fae70): Status
D/nofatclips(  255): Found widget: id=2131165279 (android.widget.TextView@4067e7a0): Status:
D/nofatclips(  255): Found widget: id=2131165280 (android.widget.Spinner@408be4b0)
D/nofatclips(  255): Found widget: id=2131165281 (android.widget.TextView@40859030): Publish:
D/nofatclips(  255): Found widget: id=2131165282 (android.widget.TextView@405acd90): Immediately
D/nofatclips(  255): Found widget: id=2131165283 (android.widget.Button@406035a0): Edit
D/nofatclips(  255): Found widget: id=2131165266 (android.widget.RelativeLayout@405db5b0)
I/ActivityManager(   61): Displayed org.wordpress.android/.EditPost: +1s846ms
D/nofatclips(  255): Found widget: id=2131165216 (android.widget.TextView@406ad450): Password (optional)
D/nofatclips(  255): Found widget: id=2131165286 (android.widget.EditText@4085b860): 
D/nofatclips(  255): Found widget: id=2131165287 (android.widget.Button@406ccfe8): Publish
D/nofatclips(  255): Found widget: id=-1 (com.android.internal.policy.impl.PhoneWindow$DecorView@40740af8)
V/nicola  (  255): TextualID : null
V/nicola  (  255): ContentType detected : default
V/nicola  (  255): TextualID : l_section1
V/nicola  (  255): ContentType detected : default
V/ReflectionHelper(  255): android.widget.EditText > mOnFocusChangeListener FOUND | NOT ACTIVE
V/nicola  (  255): TextualID : title
V/nicola  (  255): ContentType detected : default
V/ReflectionHelper(  255): org.wordpress.android.util.WPEditText > mOnFocusChangeListener FOUND | ACTIVE
V/nicola  (  255): TextualID : postContent
V/nicola  (  255): ContentType detected : default
V/nicola  (  255): TextualID : l_status
V/nicola  (  255): ContentType detected : default
V/nicola  (  255): TextualID : statusLabel
V/nicola  (  255): ContentType detected : default
V/nicola  (  255): TextualID : pubDateLabel
V/nicola  (  255): ContentType detected : default
V/nicola  (  255): TextualID : pubDate
V/nicola  (  255): ContentType detected : default
V/nicola  (  255): TextualID : pubDateButton
V/nicola  (  255): ContentType detected : default
V/nicola  (  255): TextualID : l_password
V/nicola  (  255): ContentType detected : default
V/ReflectionHelper(  255): android.widget.EditText > mOnFocusChangeListener FOUND | NOT ACTIVE
V/nicola  (  255): TextualID : post_password
V/nicola  (  255): ContentType detected : default
V/nicola  (  255): TextualID : post
V/nicola  (  255): ContentType detected : default
I/nofatclips(  255): Performing comparation for activity EditPost
D/nofatclips(  255): Comparing against activity Read
D/nofatclips(  255): Comparing against activity Dashboard
D/nofatclips(  255): Comparing against activity Read
D/nofatclips(  255): Comparing against activity Dashboard
D/nofatclips(  255): Comparing against activity Read
