W/AudioService(   61): Soundpool could not load file: /system/media/audio/ui/Effect_Tick.ogg
E/SoundPool(   61): error loading /system/media/audio/ui/KeypressStandard.ogg
W/AudioService(   61): Soundpool could not load file: /system/media/audio/ui/KeypressStandard.ogg
E/SoundPool(   61): error loading /system/media/audio/ui/KeypressSpacebar.ogg
W/AudioService(   61): Soundpool could not load file: /system/media/audio/ui/KeypressSpacebar.ogg
E/SoundPool(   61): error loading /system/media/audio/ui/KeypressDelete.ogg
W/AudioService(   61): Soundpool could not load file: /system/media/audio/ui/KeypressDelete.ogg
E/SoundPool(   61): error loading /system/media/audio/ui/KeypressReturn.ogg
W/AudioService(   61): Soundpool could not load file: /system/media/audio/ui/KeypressReturn.ogg
I/SystemServer(   61): Headset Observer
W/HeadsetObserver(   61): This kernel does not have wired headset support
I/SystemServer(   61): Dock Observer
W/DockObserver(   61): This kernel does not have dock station support
I/SystemServer(   61): USB Observer
W/UsbObserver(   61): This kernel does not have USB configuration switch support
E/UsbObserver(   61): 
E/UsbObserver(   61): java.lang.NullPointerException
E/UsbObserver(   61): 	at com.android.server.UsbObserver.init(UsbObserver.java:131)
E/UsbObserver(   61): 	at com.android.server.UsbObserver.<init>(UsbObserver.java:65)
E/UsbObserver(   61): 	at com.android.server.ServerThread.run(SystemServer.java:402)
I/SystemServer(   61): UI Mode Manager Service
D/dalvikvm(   61): GC_CONCURRENT freed 272K, 44% free 3832K/6727K, external 716K/1038K, paused 3ms+4ms
I/SystemServer(   61): Backup Service
V/BackupManagerService(   61): No ancestral data
I/BackupManagerService(   61): Found stale backup journal, scheduling
I/BackupManagerService(   61):   com.android.inputmethod.latin
I/BackupManagerService(   61):   com.android.browser
I/BackupManagerService(   61):   com.android.providers.userdictionary
I/BackupManagerService(   61):   android
I/BackupManagerService(   61):   com.android.providers.settings
I/BackupManagerService(   61): Backup enabled => true
I/SystemServer(   61): AppWidget Service
I/SystemServer(   61): Recognition Service
I/SystemServer(   61): DiskStats Service
I/WindowManager(   61): SAFE MODE not enabled
D/dalvikvm(   61): JIT started for system_server
D/PowerManagerService(   61): system ready!
I/ActivityManager(   61): System now ready
I/SystemServer(   61): Making services ready
I/StatusBarManagerService(   61): Starting service: ComponentInfo{com.android.systemui/com.android.systemui.statusbar.StatusBarService}
I/Zygote  (   61): Process: zygote socket opened
I/ActivityManager(   61): Start proc com.android.systemui for service com.android.systemui/.statusbar.StatusBarService: pid=107 uid=1000 gids={3002, 3001, 3003}
I/ActivityManager(   61): Config changed: { scale=1.0 imsi=0/0 loc=en_US touch=0 keys=0/0/0 nav=0/0 orien=0 layout=0 uiMode=17 seq=2}
I/ActivityManager(   61): Config changed: { scale=1.0 imsi=0/0 loc=en_US touch=3 keys=2/1/2 nav=1/1 orien=1 layout=18 uiMode=17 seq=3}
W/RecognitionManagerService(   61): no available voice recognition services found
I/ActivityManager(   61): Start proc jp.co.omronsoft.openwnn for service jp.co.omronsoft.openwnn/.OpenWnnJAJP: pid=116 uid=10004 gids={}
W/GpsLocationProvider(   61): Could not open GPS configuration file /etc/gps.conf
D/NetworkManagmentService(   61): Registering observer
E/ThrottleService(   61): Could not open GPS configuration file /etc/gps.conf
I/ActivityManager(   61): Start proc com.android.phone for added application com.android.phone: pid=123 uid=1001 gids={3002, 3001, 3003, 1015}
I/ActivityManager(   61): Start proc com.android.systemui for added application com.android.systemui: pid=125 uid=1000 gids={3002, 3001, 3003}
I/ActivityManager(   61): Starting: Intent { act=android.intent.action.MAIN cat=[android.intent.category.HOME] flg=0x10000000 cmp=com.android.launcher/com.android.launcher2.Launcher } from pid 0
I/ActivityManager(   61): Start proc com.android.launcher for activity com.android.launcher/com.android.launcher2.Launcher: pid=137 uid=10013 gids={}
W/ActivityManager(   61): No pending application record for pid 107 (IApplicationThread android.app.ApplicationThreadProxy@40656078); dropping process
I/Process (   61): Sending signal. PID: 107 SIG: 9
W/ActivityManager(   61): Unable to start service Intent { act=@0 }: not found
W/ActivityManager(   61): Unable to start service Intent { act=@0 }: not found
D/qemud   (   38): fdhandler_accept_event: accepting on fd 9
D/qemud   (   38): created client 0x13f38 listening on fd 12
D/qemud   (   38): client_fd_receive: attempting registration for service 'gps'
D/qemud   (   38): client_fd_receive:    -> received channel id 4
D/qemud   (   38): client_registration: registration succeeded for client 4
I/SystemServer(   61): Enabled StrictMode for system server main thread.
D/dalvikvm(   61): GC_EXTERNAL_ALLOC freed 165K, 42% free 3912K/6727K, external 1035K/1038K, paused 144ms
I/ActivityManager(   61): Start proc com.android.settings for broadcast com.android.settings/.widget.SettingsAppWidgetProvider: pid=154 uid=1000 gids={3002, 3001, 3003}
E/logwrapper(  161): executing /system/bin/tc failed: No such file or directory
I/logwrapper(   30): /system/bin/tc terminated by exit(1)
E/logwrapper(  163): executing /system/bin/tc failed: No such file or directory
I/logwrapper(   30): /system/bin/tc terminated by exit(1)
E/logwrapper(  165): executing /system/bin/tc failed: No such file or directory
I/logwrapper(   30): /system/bin/tc terminated by exit(1)
D/dalvikvm(  125): GC_CONCURRENT freed 409K, 54% free 2635K/5639K, external 716K/1038K, paused 3ms+64ms
D/dalvikvm(  123): GC_CONCURRENT freed 403K, 54% free 2641K/5639K, external 716K/1038K, paused 3ms+15ms
D/dalvikvm(  116): GC_CONCURRENT freed 395K, 54% free 2650K/5639K, external 716K/1038K, paused 3ms+47ms
D/dalvikvm(  137): GC_CONCURRENT freed 406K, 54% free 2638K/5639K, external 716K/1038K, paused 3ms+86ms
D/dalvikvm(   61): GC_EXTERNAL_ALLOC freed 209K, 42% free 3947K/6791K, external 1558K/1567K, paused 164ms
I/ActivityThread(  137): Pub com.android.launcher2.settings: com.android.launcher2.LauncherProvider
I/ActivityThread(  123): Pub mms: com.android.providers.telephony.MmsProvider
D/dalvikvm(  154): GC_CONCURRENT freed 406K, 54% free 2638K/5639K, external 716K/1038K, paused 3ms+40ms
I/ActivityThread(  123): Pub sms: com.android.providers.telephony.SmsProvider
I/ActivityThread(  123): Pub telephony: com.android.providers.telephony.TelephonyProvider
D/dalvikvm(  116): No JNI_OnLoad found in /system/lib/libwnndict.so 0x40512cf0, skipping init
I/ActivityThread(  123): Pub icc: com.android.phone.IccProvider
I/ActivityThread(  123): Pub mms-sms: com.android.providers.telephony.MmsSmsProvider
D/dalvikvm(   61): GREF has increased to 201
I/StatusBarManagerService(   61): registerStatusBar bar=com.android.internal.statusbar.IStatusBar$Stub$Proxy@40662bb8
D/dalvikvm(  116): GC_CONCURRENT freed 212K, 50% free 2912K/5767K, external 716K/1038K, paused 3ms+24ms
D/VoldCmdListener(   29): share status ums
D/StorageNotification(  125): Startup with UMS connection false (media state unmounted)
I/StorageNotification(  125): UMS connection changed to false (media state unmounted)
D/dalvikvm(  116): GC_CONCURRENT freed 434K, 50% free 3047K/6087K, external 716K/1038K, paused 3ms+43ms
D/dalvikvm(   61): GC_EXTERNAL_ALLOC freed 199K, 42% free 4042K/6855K, external 1474K/1745K, paused 174ms
D/CallManager(  123): registerPhone(GSM Handler{4055eb30})
I/ActivityManager(   61): Start proc android.process.acore for content provider com.android.providers.contacts/.CallLogProvider: pid=180 uid=10006 gids={3003, 1015}
W/ActivityManager(   61): Unable to start service Intent { act=com.android.ussd.IExtendedNetworkService }: not found
I/TelephonyRegistry(   61): notifyServiceState: 3 home null null null  Unknown CSS not supported -1 -1RoamInd: -1DefRoamInd: -1EmergOnly: false
D/AlarmManagerService(   61): Kernel timezone updated to 0 minutes west of GMT
I/ActivityManager(   61): Start proc com.android.deskclock for broadcast com.android.deskclock/.AlarmInitReceiver: pid=184 uid=10019 gids={}
W/SystemClock(  123): Unable to set rtc to 1406663748: Invalid argument
D/SystemClock(  123): Setting time of day to sec=1406663748
I/TelephonyRegistry(   61): notifyDataConnection: state=0 isDataConnectivityPossible=false reason=radioTurnedOff interfaceName=null networkType=0
I/TelephonyRegistry(   61): notifyDataConnection: state=0 isDataConnectivityPossible=false reason=gprsDetached interfaceName=null networkType=0
I/ActivityThread(  180): Pub com.android.social: com.android.providers.contacts.SocialProvider
D/dalvikvm(  137): GC_EXTERNAL_ALLOC freed 50K, 53% free 2701K/5639K, external 1032K/1038K, paused 309ms
I/TelephonyRegistry(   61): notifyServiceState: 0 home Android Android 310260  UMTS CSS not supported -1 -1RoamInd: -1DefRoamInd: -1EmergOnly: false
I/TelephonyRegistry(   61): notifyDataConnection: state=0 isDataConnectivityPossible=false reason=null interfaceName=null networkType=3
I/ActivityThread(  180): Pub applications: com.android.providers.applications.ApplicationsProvider
D/dalvikvm(  123): GC_CONCURRENT freed 176K, 49% free 2923K/5703K, external 716K/1038K, paused 3ms+37ms
I/ActivityThread(  184): Pub com.android.deskclock: com.android.deskclock.AlarmProvider
D/MccTable(  123): updateMccMncConfiguration: mcc=310, mnc=260
D/MccTable(  123): locale set to en_us
D/MccTable(  123): WIFI_NUM_ALLOWED_CHANNELS set to 11
I/WifiService(   61): WifiService trying to setNumAllowed to 11 with persist set to true
I/ActivityManager(   61): Config changed: { scale=1.0 imsi=310/260 loc=en_US touch=3 keys=2/1/2 nav=1/1 orien=1 layout=18 uiMode=17 seq=4}
I/TelephonyRegistry(   61): notifyMessageWaitingChanged: false
I/TelephonyRegistry(   61): notifyCallForwardingChanged: false
D/dalvikvm(  184): GC_CONCURRENT freed 371K, 54% free 2616K/5639K, external 716K/1038K, paused 3ms+61ms
D/dalvikvm(  180): GC_CONCURRENT freed 406K, 54% free 2613K/5639K, external 716K/1038K, paused 3ms+125ms
D/dalvikvm(   61): GC_CONCURRENT freed 251K, 41% free 4123K/6983K, external 1865K/3065K, paused 3ms+24ms
I/ActivityThread(  180): Pub contacts;com.android.contacts: com.android.providers.contacts.ContactsProvider2
I/ActivityManager(   61): Start proc com.android.protips for broadcast com.android.protips/.ProtipWidget: pid=202 uid=10024 gids={}
D/TelephonyProvider(  123): Setting numeric '310260' to be the current operator
I/TelephonyRegistry(   61): notifyDataConnection: state=1 isDataConnectivityPossible=true reason=simLoaded interfaceName=null networkType=3
I/TelephonyRegistry(   61): notifyDataConnection: state=2 isDataConnectivityPossible=true reason=simLoaded interfaceName=/dev/omap_csmi_tty1 networkType=3
D/Tethering(   61): MasterInitialState.processMessage what=3
D/dalvikvm(   33): GC_EXPLICIT freed 10K, 53% free 2538K/5379K, external 716K/1038K, paused 366ms
D/dalvikvm(   33): GC_EXPLICIT freed <1K, 53% free 2538K/5379K, external 716K/1038K, paused 202ms
D/dalvikvm(   33): GC_EXPLICIT freed <1K, 53% free 2538K/5379K, external 716K/1038K, paused 185ms
D/dalvikvm(  137): GC_EXTERNAL_ALLOC freed 53K, 52% free 2756K/5639K, external 1567K/1572K, paused 243ms
D/SntpClient(   61): request time failed: java.net.SocketException: Address family not supported by protocol
I/ActivityManager(   61): Start proc com.android.music for broadcast com.android.music/.MediaAppWidgetProvider: pid=222 uid=10005 gids={3003, 1015}
I/ActivityThread(  180): Pub call_log: com.android.providers.contacts.CallLogProvider
I/ActivityThread(  180): Pub user_dictionary: com.android.providers.userdictionary.UserDictionaryProvider
D/dalvikvm(  137): GC_EXTERNAL_ALLOC freed 49K, 51% free 2792K/5639K, external 2079K/2085K, paused 122ms
I/ActivityManager(   61): Start proc com.android.quicksearchbox for broadcast com.android.quicksearchbox/.SearchWidgetProvider: pid=231 uid=10002 gids={3003}
D/dalvikvm(   61): GREF has increased to 301
D/AndroidRuntime(  220): 
D/AndroidRuntime(  220): >>>>>> AndroidRuntime START com.android.internal.os.RuntimeInit <<<<<<
D/AndroidRuntime(  220): CheckJNI is ON
D/dalvikvm(  137): GC_EXPLICIT freed 26K, 51% free 2807K/5639K, external 2387K/2620K, paused 134ms
I/ActivityThread(  231): Pub com.android.quicksearchbox.google: com.android.quicksearchbox.google.GoogleSuggestionProvider
I/ActivityThread(  231): Pub com.android.quicksearchbox.shortcuts: com.android.quicksearchbox.ShortcutsProvider
I/ActivityManager(   61): Start proc android.process.media for broadcast com.android.providers.downloads/.DownloadReceiver: pid=244 uid=10000 gids={1015, 1006, 2001, 3003}
I/ActivityThread(  244): Pub media: com.android.providers.media.MediaProvider
V/MediaProvider(  244): Attached volume: internal
I/ActivityThread(  244): Pub downloads: com.android.providers.downloads.DownloadProvider
I/ActivityThread(  244): Pub drm: com.android.providers.drm.DrmProvider
D/AndroidRuntime(  220): Calling main entry com.android.commands.am.Am
I/ActivityManager(   61): Force stopping package org.wordpress.android uid=10034
I/ActivityManager(   61): Start proc org.wordpress.android for added application org.wordpress.android: pid=256 uid=10034 gids={3003, 1006, 1015}
D/szipinf (  256): Initializing inflate state
D/nofatclips(  256): Updating node 
D/nofatclips(  256): Loading node 
I/nofatclips(  256): Preferences file found.
V/nofatclips(  256): Updating value ACTIVITY_DESCRIPTION_IN_SESSION
V/nofatclips(  256): Updating value ADDITIONAL_CRITERIAS
V/nofatclips(  256): Updating value ADDITIONAL_EVENTS
V/nofatclips(  256): Updating value ADDITIONAL_INPUTS
V/nofatclips(  256): Updating value CLASS_NAME
D/nofatclips(  256): Updated value of parameter CLASS_NAME to org.wordpress.android.Dashboard (default = app.package.class)
V/nofatclips(  256): Updating value ENABLE_RESUME
V/nofatclips(  256): Updating value PACKAGE_NAME
D/nofatclips(  256): Updated value of parameter PACKAGE_NAME to org.wordpress.android (default = app.package)
V/nofatclips(  256): Updating value RANDOM_SEED
D/nofatclips(  256): Updated value of parameter RANDOM_SEED to -1904020687269297245 (default = 5466516511651561651)
V/nofatclips(  256): Updating value RETRY_FAILED_TRACES
V/nofatclips(  256): Updating value theClass
D/nofatclips(  256): Updating node scheduler
D/nofatclips(  256): Loading node scheduler
V/nofatclips(  256): Updating value ALL_EVENTS_ON_PREFERENCES
V/nofatclips(  256): Updating value BACK_BUTTON_EVENT
V/nofatclips(  256): Updating value DICTIONARY_FIXED_VALUE
V/nofatclips(  256): Updating value DICTIONARY_IGNORE_CONTENT_TYPES
V/nofatclips(  256): Updating value EMULATOR_PORT
V/nofatclips(  256): Updating value EVENTS
D/nofatclips(  256): Updated values of array parameter EVENTS
V/nofatclips(  256): Updating value EVENT_WHEN_NO_ID
V/nofatclips(  256): Updating value EXCLUDE_WIDGETS_INPUTS_IN_GPS_EVENTS
V/nofatclips(  256): Updating value EXCLUDE_WIDGETS_INPUTS_IN_SENSORS_EVENTS
V/nofatclips(  256): Updating value INPUTS
D/nofatclips(  256): Updated values of array parameter INPUTS
V/nofatclips(  256): Updating value KEY_EVENTS
V/nofatclips(  256): Updating value MAX_EVENTS_PER_WIDGET
V/nofatclips(  256): Updating value MAX_TASKS_IN_SCHEDULER
D/nofatclips(  256): Updated value of parameter MAX_TASKS_IN_SCHEDULER to 2 (default = 0)
V/nofatclips(  256): Updating value MAX_TASKS_PER_EVENT
V/nofatclips(  256): Updating value MENU_EVENTS
V/nofatclips(  256): Updating value ORIENTATION_EVENTS
V/nofatclips(  256): Updating value PLANNER
V/nofatclips(  256): Updating value REFLECT_ACTIVITY_LISTENERS
V/nofatclips(  256): Updating value REFLECT_WIDGETS
V/nofatclips(  256): Updating value SCHEDULER_ALGORITHM
D/nofatclips(  256): Updated value of parameter SCHEDULER_ALGORITHM to DEPTH_FIRST (default = BREADTH_FIRST)
V/nofatclips(  256): Updating value SCROLL_DOWN_EVENT
V/nofatclips(  256): Updating value SENSOR_TYPES
V/nofatclips(  256): Updating value SIMULATE_INCOMING_CALL
V/nofatclips(  256): Updating value SIMULATE_INCOMING_SMS
V/nofatclips(  256): Updating value TAB_EVENTS_START_ONLY
V/nofatclips(  256): Updating value TEST_LOCATION_PROVIDER
V/nofatclips(  256): Updating value TEXT_VALUES_FROM_DICTIONARY
V/nofatclips(  256): Updating value TEXT_VALUES_ID_HASH
V/nofatclips(  256): Updating value USE_GPS
V/nofatclips(  256): Updating value USE_SENSORS
D/nofatclips(  256): Updating node planner
D/nofatclips(  256): Loading node planner
V/nofatclips(  256): Updating value ALL_EVENTS_ON_PREFERENCES
V/nofatclips(  256): Updating value BACK_BUTTON_EVENT
V/nofatclips(  256): Updating value DICTIONARY_FIXED_VALUE
V/nofatclips(  256): Updating value DICTIONARY_IGNORE_CONTENT_TYPES
V/nofatclips(  256): Updating value EMULATOR_PORT
V/nofatclips(  256): Updating value EVENTS
D/nofatclips(  256): Updated values of array parameter EVENTS
V/nofatclips(  256): Updating value EVENT_WHEN_NO_ID
V/nofatclips(  256): Updating value EXCLUDE_WIDGETS_INPUTS_IN_GPS_EVENTS
V/nofatclips(  256): Updating value EXCLUDE_WIDGETS_INPUTS_IN_SENSORS_EVENTS
V/nofatclips(  256): Updating value INPUTS
D/nofatclips(  256): Updated values of array parameter INPUTS
V/nofatclips(  256): Updating value KEY_EVENTS
V/nofatclips(  256): Updating value MAX_EVENTS_PER_WIDGET
V/nofatclips(  256): Updating value MAX_TASKS_IN_SCHEDULER
V/nofatclips(  256): Updating value MAX_TASKS_PER_EVENT
V/nofatclips(  256): Updating value MENU_EVENTS
V/nofatclips(  256): Updating value ORIENTATION_EVENTS
V/nofatclips(  256): Updating value PLANNER
V/nofatclips(  256): Updating value REFLECT_ACTIVITY_LISTENERS
V/nofatclips(  256): Updating value REFLECT_WIDGETS
V/nofatclips(  256): Updating value SCHEDULER_ALGORITHM
V/nofatclips(  256): Updating value SCROLL_DOWN_EVENT
V/nofatclips(  256): Updating value SENSOR_TYPES
V/nofatclips(  256): Updating value SIMULATE_INCOMING_CALL
V/nofatclips(  256): Updating value SIMULATE_INCOMING_SMS
V/nofatclips(  256): Updating value TAB_EVENTS_START_ONLY
V/nofatclips(  256): Updating value TEST_LOCATION_PROVIDER
V/nofatclips(  256): Updating value TEXT_VALUES_FROM_DICTIONARY
V/nofatclips(  256): Updating value TEXT_VALUES_ID_HASH
D/nofatclips(  256): Updated value of parameter TEXT_VALUES_ID_HASH to true (default = false)
V/nofatclips(  256): Updating value USE_GPS
V/nofatclips(  256): Updating value USE_SENSORS
D/nofatclips(  256): Updating node interactions
D/nofatclips(  256): Loading node interactions
V/nofatclips(  256): Updating value ALL_EVENTS_ON_PREFERENCES
V/nofatclips(  256): Updating value BACK_BUTTON_EVENT
V/nofatclips(  256): Updating value DICTIONARY_FIXED_VALUE
V/nofatclips(  256): Updating value DICTIONARY_IGNORE_CONTENT_TYPES
V/nofatclips(  256): Updating value EMULATOR_PORT
V/nofatclips(  256): Updating value EVENTS
D/nofatclips(  256): Updated values of array parameter EVENTS
V/nofatclips(  256): Updating value EVENT_WHEN_NO_ID
V/nofatclips(  256): Updating value EXCLUDE_WIDGETS_INPUTS_IN_GPS_EVENTS
V/nofatclips(  256): Updating value EXCLUDE_WIDGETS_INPUTS_IN_SENSORS_EVENTS
V/nofatclips(  256): Updating value INPUTS
D/nofatclips(  256): Updated values of array parameter INPUTS
V/nofatclips(  256): Updating value KEY_EVENTS
V/nofatclips(  256): Updating value MAX_EVENTS_PER_WIDGET
V/nofatclips(  256): Updating value MAX_TASKS_IN_SCHEDULER
V/nofatclips(  256): Updating value MAX_TASKS_PER_EVENT
V/nofatclips(  256): Updating value MENU_EVENTS
V/nofatclips(  256): Updating value ORIENTATION_EVENTS
V/nofatclips(  256): Updating value PLANNER
V/nofatclips(  256): Updating value REFLECT_ACTIVITY_LISTENERS
V/nofatclips(  256): Updating value REFLECT_WIDGETS
V/nofatclips(  256): Updating value SCHEDULER_ALGORITHM
V/nofatclips(  256): Updating value SCROLL_DOWN_EVENT
V/nofatclips(  256): Updating value SENSOR_TYPES
V/nofatclips(  256): Updating value SIMULATE_INCOMING_CALL
V/nofatclips(  256): Updating value SIMULATE_INCOMING_SMS
V/nofatclips(  256): Updating value TAB_EVENTS_START_ONLY
V/nofatclips(  256): Updating value TEST_LOCATION_PROVIDER
V/nofatclips(  256): Updating value TEXT_VALUES_FROM_DICTIONARY
V/nofatclips(  256): Updating value TEXT_VALUES_ID_HASH
V/nofatclips(  256): Updating value USE_GPS
V/nofatclips(  256): Updating value USE_SENSORS
D/nofatclips(  256): Updating node comparator
D/nofatclips(  256): Loading node comparator
V/nofatclips(  256): Updating value COMPARATOR
V/nofatclips(  256): Updating value COMPARATOR_TYPE
V/nofatclips(  256): Updating value COMPARE_ACTIVITY_NAME
V/nofatclips(  256): Updating value COMPARE_LIST_COUNT
V/nofatclips(  256): Updating value COMPARE_MENU_COUNT
D/nofatclips(  256): Updated value of parameter COMPARE_MENU_COUNT to false (default = true)
V/nofatclips(  256): Updating value COMPARE_STATE_TITLE
V/nofatclips(  256): Updating value COMPARE_VALUES
V/nofatclips(  256): Updating value WIDGET_TYPES
D/nofatclips(  256): Updating node strategy
D/nofatclips(  256): Loading node strategy
V/nofatclips(  256): Updating value AFTER_EVENT_DONT_EXPLORE
V/nofatclips(  256): Updating value AFTER_WIDGET_DONT_EXPLORE
V/nofatclips(  256): Updating value CHECK_FOR_TRANSITION
V/nofatclips(  256): Updating value EXPLORE_ONLY_NEW_STATES
D/nofatclips(  256): Updated value of parameter EXPLORE_ONLY_NEW_STATES to false (default = true)
V/nofatclips(  256): Updating value MAX_NUM_TRACES
D/nofatclips(  256): Updated value of parameter MAX_NUM_TRACES to 100 (default = 0)
V/nofatclips(  256): Updating value MAX_TIME_CRAWLING
V/nofatclips(  256): Updating value PAUSE_AFTER_TIME
V/nofatclips(  256): Updating value PAUSE_AFTER_TRACES
V/nofatclips(  256): Updating value TRACE_MAX_DEPTH
V/nofatclips(  256): Updating value TRACE_MIN_DEPTH
D/nofatclips(  256): Starting random testing
I/TestRunner(  256): started: testAndCrawl(com.nofatclips.crawler.guitree.NomadEngine)
I/ActivityManager(   61): Starting: Intent { act=android.intent.action.MAIN flg=0x10000000 cmp=org.wordpress.android/.Dashboard } from pid 256
D/szipinf (   61): Initializing inflate state
D/dalvikvm(  256): GC_EXTERNAL_ALLOC freed 401K, 53% free 2737K/5767K, external 716K/1038K, paused 46ms
I/Launcher(  137): setLoadOnResume
I/Launcher(  137): setLoadOnResume
D/dalvikvm(  256): GC_EXTERNAL_ALLOC freed 130K, 49% free 2949K/5767K, external 1407K/1623K, paused 50ms
I/ActivityManager(   61): Displayed org.wordpress.android/.Dashboard: +1s50ms (total +9s838ms)
I/ActivityManager(   61): Displayed com.android.launcher/com.android.launcher2.Launcher: +9s839ms
D/dalvikvm(   61): GC_EXPLICIT freed 710K, 45% free 4133K/7495K, external 1865K/3065K, paused 93ms
W/ActivityManager(   61): Activity idle timeout for HistoryRecord{40664c78 com.android.launcher/com.android.launcher2.Launcher}
D/OtaStartupReceiver(  123): Not a CDMA phone, no need to process OTA
D/PowerManagerService(   61): bootCompleted
D/VoldCmdListener(   29): volume mount /mnt/sdcard
I/Vold    (   29): /dev/block/vold/179:0 being considered for volume sdcard
D/Vold    (   29): Volume sdcard state changing 1 (Idle-Unmounted) -> 3 (Checking)
I/StorageNotification(  125): Media {/mnt/sdcard} state changed from {unmounted} -> {checking}
I/RecoverySystem(   61): No recovery log file
I/ActivityManager(   61): Start proc com.android.mms for broadcast com.android.mms/.transaction.MmsSystemEventReceiver: pid=276 uid=10015 gids={3003, 1015}
I/SurfaceFlinger(   61): Boot is finished (13551 ms)
I/ARMAssembler(   61): generated scanline__00000177:03010104_00000002_00000000 [ 44 ipp] (66 ins) at [0x46efd290:0x46efd398] in 694082 ns
I/ARMAssembler(   61): generated scanline__00000177:03515104_00000001_00000000 [ 73 ipp] (95 ins) at [0x46efd3a0:0x46efd51c] in 599998 ns
D/nofatclips(  256): Generated Resuming Persistence
I/dalvikvm(  256): Could not find method android.app.Activity.getFragmentManager, referenced from method com.jayway.android.robotium.solo.Waiter.getFragment
W/dalvikvm(  256): VFY: unable to resolve virtual method 7: Landroid/app/Activity;.getFragmentManager ()Landroid/app/FragmentManager;
D/dalvikvm(  256): VFY: replacing opcode 0x6e at 0x0008
I/dalvikvm(  256): Could not find method android.app.Activity.getFragmentManager, referenced from method com.jayway.android.robotium.solo.Waiter.getFragment
W/dalvikvm(  256): VFY: unable to resolve virtual method 7: Landroid/app/Activity;.getFragmentManager ()Landroid/app/FragmentManager;
D/dalvikvm(  256): VFY: replacing opcode 0x6e at 0x0017
W/dalvikvm(  256): VFY: unable to find class referenced in signature (Landroid/app/Fragment;)
D/dalvikvm(  256): VFY: dead code 0x000b-000f in Lcom/jayway/android/robotium/solo/Waiter;.getFragment (Ljava/lang/String;I)Landroid/app/Fragment;
D/dalvikvm(  256): VFY: dead code 0x001a-001f in Lcom/jayway/android/robotium/solo/Waiter;.getFragment (Ljava/lang/String;I)Landroid/app/Fragment;
W/dalvikvm(  256): VFY: unable to find class referenced in signature (Landroid/app/Fragment;)
I/ActivityThread(  276): Pub com.android.mms.SuggestionsProvider: com.android.mms.SuggestionsProvider
D/nofatclips(  256): Updating node automation
D/nofatclips(  256): Loading node automation
V/nofatclips(  256): Updating value FORCE_RESTART
V/nofatclips(  256): Updating value IN_AND_OUT_FOCUS
V/nofatclips(  256): Updating value PRECRAWLING
V/nofatclips(  256): Updating value SCREENSHOT_FOR_EVENTS
V/nofatclips(  256): Updating value SCREENSHOT_FOR_STATES
V/nofatclips(  256): Updating value SCREENSHOT_ONLY_NEW_STATES
V/nofatclips(  256): Updating value SLEEP_AFTER_EVENT
D/nofatclips(  256): Updated value of parameter SLEEP_AFTER_EVENT to 100 (default = 1000)
V/nofatclips(  256): Updating value SLEEP_AFTER_RESTART
D/nofatclips(  256): Updated value of parameter SLEEP_AFTER_RESTART to 100 (default = 1000)
V/nofatclips(  256): Updating value SLEEP_AFTER_TASK
D/nofatclips(  256): Updated value of parameter SLEEP_AFTER_TASK to 100 (default = 1000)
V/nofatclips(  256): Updating value SLEEP_ON_THROBBER
D/nofatclips(  256): Updated value of parameter SLEEP_ON_THROBBER to 100 (default = 1000)
D/nofatclips(  256): Updating node screenshot
D/nofatclips(  256): Loading node screenshot
V/nofatclips(  256): Updating value FORCE_RESTART
V/nofatclips(  256): Updating value IN_AND_OUT_FOCUS
V/nofatclips(  256): Updating value PRECRAWLING
V/nofatclips(  256): Updating value SCREENSHOT_FOR_EVENTS
V/nofatclips(  256): Updating value SCREENSHOT_FOR_STATES
V/nofatclips(  256): Updating value SCREENSHOT_ONLY_NEW_STATES
V/nofatclips(  256): Updating value SLEEP_AFTER_EVENT
V/nofatclips(  256): Updating value SLEEP_AFTER_RESTART
V/nofatclips(  256): Updating value SLEEP_AFTER_TASK
V/nofatclips(  256): Updating value SLEEP_ON_THROBBER
I/nofatclips(  256): Waiting for 100 msec.
D/nofatclips(  256): Ready to operate after restarting...
I/nofatclips(  256): Current activity is Dashboard
W/nofatclips(  256): --->Dashboard
I/nofatclips(  256): Retrieving widgets
I/nofatclips(  256): Attempting to resume previous session
I/nofatclips(  256): Memoryless engine: the task file will not be loaded. Looking for crashed traces.
I/nofatclips(  256): Reading task file
V/nofatclips(  256): Discarding trace #13
I/nofatclips(  256): Stateless comparator: the state file will not be loaded.
I/ActivityManager(   61): Start proc com.android.email for broadcast com.android.email/.service.EmailBroadcastReceiver: pid=297 uid=10028 gids={3003, 1015}
I/ActivityThread(  297): Pub com.android.email.provider: com.android.email.provider.EmailProvider
I/ActivityThread(  297): Pub com.android.email.attachmentprovider: com.android.email.provider.AttachmentProvider
I/ActivityThread(  297): Pub com.android.exchange.provider: com.android.exchange.provider.ExchangeProvider
D/EAS SyncManager(  297): !!! EAS SyncManager, onCreate
I/SearchManagerService(   61): Building list of searchable activities
I//system/bin/fsck_msdos(   29): ** /dev/block/vold/179:0
I//system/bin/fsck_msdos(   29): ** Phase 1 - Read and Compare FATs
I//system/bin/fsck_msdos(   29): Attempting to allocate 397 KB for FAT
D/Eas Debug(  297): Logging: 
D/MediaScannerService(  244): start scanning volume internal
D/dalvikvm(  297): GC_CONCURRENT freed 496K, 54% free 2739K/5831K, external 716K/1038K, paused 3ms+3ms
D/EAS SyncManager(  297): !!! EAS SyncManager, onDestroy
D/dalvikvm(  256): GetFieldID: unable to find field Ljava/util/Hashtable;.loadFactor:F
D/dalvikvm(  256): GetFieldID: unable to find field Ljava/util/Hashtable;.loadFactor:F
D/dalvikvm(  256): GetFieldID: unable to find field Ljava/util/Hashtable;.loadFactor:F
D/dalvikvm(  256): GetFieldID: unable to find field Ljava/util/Hashtable;.loadFactor:F
D/dalvikvm(  256): GetFieldID: unable to find field Ljava/util/Hashtable;.loadFactor:F
D/dalvikvm(  256): GetFieldID: unable to find field Ljava/util/Hashtable;.loadFactor:F
D/nofatclips(  256): Backup session footer restored to 
D/nofatclips(  256): </SESSION>
D/nofatclips(  256): Restored random counter to: 15
D/nofatclips(  256): Restored trace count to 15
D/nofatclips(  256): Current step countdown restored to 99
D/nofatclips(  256): Restored abstractor counters to: event = 15 - input = 0 - activity = 2
I/nofatclips(  256): Saving the session on disk.
D/dalvikvm(  256): GC_CONCURRENT freed 181K, 48% free 3037K/5831K, external 1812K/2324K, paused 4ms+3ms
I/nofatclips(  256): Planning for new Activity Dashboard
I/nofatclips(  256): Created trace to press the menu button
I/nofatclips(  256): Created trace to change orientation
I/nofatclips(  256): Dispatching new task. 2 more tasks remaining.
D/nofatclips(  256): Performing backup of the old task list on disk
D/nofatclips(  256): Saving task list on disk
V/nofatclips(  256): Backing up trace #15 to disk.
V/nofatclips(  256): Backing up trace #16 to disk.
D/nofatclips(  256): Deleting backup of the old task list from disk
I/nofatclips(  256): Restarting
D/Email   (  297): BOOT_COMPLETED
D/dalvikvm(  276): GC_CONCURRENT freed 488K, 54% free 2728K/5831K, external 716K/1038K, paused 3ms+107ms
I//system/bin/fsck_msdos(   29): Attempting to allocate 397 KB for FAT
D/EAS SyncManager(  297): !!! EAS SyncManager, onCreate
D/EAS SyncManager(  297): !!! EAS SyncManager, onStartCommand
D/EAS SyncManager(  297): !!! EAS SyncManager, stopping self
D/EAS SyncManager(  297): !!! EAS SyncManager, onDestroy
I//system/bin/fsck_msdos(   29): Cluster 6 is marked as EOF in FAT 0, free in FAT 1
D/dalvikvm(  137): GC_EXTERNAL_ALLOC freed 138K, 49% free 2993K/5767K, external 2618K/2620K, paused 925ms
I//system/bin/fsck_msdos(   29): FIXED
I//system/bin/fsck_msdos(   29): ** Phase 2 - Check Cluster Chains
I//system/bin/fsck_msdos(   29): ** Phase 3 - Checking Directories
I//system/bin/fsck_msdos(   29): ** Phase 4 - Checking for Lost Files
I//system/bin/fsck_msdos(   29): FIXED
I//system/bin/fsck_msdos(   29): Attempting to allocate 397 KB for FAT
I//system/bin/fsck_msdos(   29): 4 files, 50388 free (100776 clusters)
I//system/bin/fsck_msdos(   29): ***** FILE SYSTEM WAS MODIFIED *****
I/logwrapper(   29): /system/bin/fsck_msdos terminated by exit(4)
W/Vold    (   29): Filesystem modified - rechecking (pass 2)
I/Vold    (   29): Device /dev/block/vold/179:0, target /mnt/sdcard mounted @ /mnt/secure/staging
D/Vold    (   29): Volume sdcard state changing 3 (Checking) -> 4 (Mounted)
I/PackageManager(   61): Updating external media status from unmounted to mounted
I/StorageNotification(  125): Media {/mnt/sdcard} state changed from {checking} -> {mounted}
I/nofatclips(  256): Waiting for 100 msec.
D/VoldCmdListener(   29): asec list
I/PackageManager(   61): No secure containers on sdcard
W/PackageManager(   61): Unknown permission com.google.android.googleapps.permission.GOOGLE_AUTH.mail in package com.android.contacts
W/PackageManager(   61): Unknown permission android.permission.ADD_SYSTEM_SERVICE in package com.android.phone
I/Launcher(  137): setLoadOnResume
D/nofatclips(  256): Ready to operate after restarting...
I/nofatclips(  256): Retrieving widgets
I/nofatclips(  256): Playing Trace 16
I/nofatclips(  256): Firing event: type= openMenu name= widget=null
W/PackageManager(   61): Not granting permission android.permission.SEND_DOWNLOAD_COMPLETED_INTENTS to package com.android.browser (protectionLevel=2 flags=0x9be45)
W/PackageManager(   61): Unknown permission com.google.android.gm.permission.WRITE_GMAIL in package com.android.settings
W/PackageManager(   61): Unknown permission com.google.android.gm.permission.READ_GMAIL in package com.android.settings
W/PackageManager(   61): Unknown permission com.google.android.googleapps.permission.GOOGLE_AUTH in package com.android.settings
W/PackageManager(   61): Unknown permission com.google.android.googleapps.permission.GOOGLE_AUTH in package com.android.providers.contacts
W/PackageManager(   61): Unknown permission com.google.android.googleapps.permission.GOOGLE_AUTH.cp in package com.android.providers.contacts
W/PackageManager(   61): Unknown permission com.google.android.googleapps.permission.ACCESS_GOOGLE_PASSWORD in package com.android.development
W/PackageManager(   61): Unknown permission com.google.android.googleapps.permission.GOOGLE_AUTH in package com.android.development
W/PackageManager(   61): Unknown permission com.google.android.googleapps.permission.GOOGLE_AUTH.ALL_SERVICES in package com.android.development
W/PackageManager(   61): Unknown permission com.google.android.googleapps.permission.GOOGLE_AUTH.YouTubeUser in package com.android.development
W/ImageDownloader(  256): Error 404 while retrieving bitmap from http://gravatar.com/blavatar/44d338f29053dbb888da79dcf98df489?s=60&d=404
W/PackageManager(   61): Unknown permission android.permission.READ_OWNER_DATA in package com.android.email
W/PackageManager(   61): Not granting permission android.permission.DEVICE_POWER to package com.android.deskclock (protectionLevel=2 flags=0x8be45)
D/MediaScanner(  244):  prescan time: 433ms
D/MediaScanner(  244):     scan time: 27ms
D/MediaScanner(  244): postscan time: 0ms
D/MediaScanner(  244):    total time: 460ms
D/dalvikvm(  244): GC_CONCURRENT freed 522K, 55% free 2647K/5767K, external 716K/1038K, paused 3ms+2ms
D/szipinf (  180): Initializing inflate state
D/dalvikvm(  180): GC_CONCURRENT freed 244K, 51% free 2797K/5703K, external 716K/1038K, paused 18ms+3ms
W/InputDispatcher(   61): Permission denied: injecting event from pid 256 uid 10034 to window with input channel 406818c0 Keyguard (server) owned by uid 1000
W/WindowManager(   61): Input event injection permission denied.
I/nofatclips(  256): Saving the session on disk. This is the last batch. The session will be terminated.
D/nofatclips(  256): Performing backup of the old task list on disk
D/nofatclips(  256): Saving task list on disk
V/nofatclips(  256): Backing up trace #15 to disk.
D/nofatclips(  256): Deleting backup of the old task list from disk
W/ActivityManager(   61): Duplicate finish request for HistoryRecord{40712d40 org.wordpress.android/.Dashboard}
D/dalvikvm(  256): GC_EXPLICIT freed 492K, 50% free 3155K/6279K, external 1812K/2324K, paused 425ms
D/dalvikvm(  256): GC_EXPLICIT freed 14K, 50% free 3141K/6279K, external 1812K/2324K, paused 316ms
I/TestRunner(  256): failed: testAndCrawl(com.nofatclips.crawler.guitree.NomadEngine)
I/TestRunner(  256): ----- begin exception -----
I/TestRunner(  256): 
I/TestRunner(  256): junit.framework.AssertionFailedError: Can not complete action!
I/TestRunner(  256): 	at junit.framework.Assert.fail(Assert.java:47)
I/TestRunner(  256): 	at junit.framework.Assert.assertTrue(Assert.java:20)
I/TestRunner(  256): 	at com.jayway.android.robotium.solo.RobotiumUtils.sendKeyCode(RobotiumUtils.java:55)
I/TestRunner(  256): 	at com.jayway.android.robotium.solo.Solo.sendKey(Solo.java:1978)
I/TestRunner(  256): 	at com.nofatclips.crawler.automation.RobotUtilities.openMenu(RobotUtilities.java:178)
I/TestRunner(  256): 	at com.nofatclips.crawler.automation.Automation.injectInteraction(Automation.java:222)
I/TestRunner(  256): 	at com.nofatclips.crawler.automation.Automation.fireEventOnView(Automation.java:197)
I/TestRunner(  256): 	at com.nofatclips.crawler.automation.Automation.fireEvent(Automation.java:193)
I/TestRunner(  256): 	at com.nofatclips.crawler.automation.Automation.fireEvent(Automation.java:142)
I/TestRunner(  256): 	at com.nofatclips.crawler.automation.Automation.process(Automation.java:110)
I/TestRunner(  256): 	at com.nofatclips.crawler.automation.Automation.process(Automation.java:102)
I/TestRunner(  256): 	at com.nofatclips.crawler.Engine.process(Engine.java:94)
I/TestRunner(  256): 	at com.nofatclips.crawler.guitree.RandomEngine.process(RandomEngine.java:85)
I/TestRunner(  256): 	at com.nofatclips.crawler.Engine.testAndCrawl(Engine.java:73)
I/TestRunner(  256): 	at java.lang.reflect.Method.invokeNative(Native Method)
I/TestRunner(  256): 	at java.lang.reflect.Method.invoke(Method.java:507)
I/TestRunner(  256): 	at android.test.InstrumentationTestCase.runMethod(InstrumentationTestCase.java:204)
I/TestRunner(  256): 	at android.test.InstrumentationTestCase.runTest(InstrumentationTestCase.java:194)
I/TestRunner(  256): 	at android.test.ActivityInstrumentationTestCase2.runTest(ActivityInstrumentationTestCase2.java:186)
I/TestRunner(  256): 	at junit.framework.TestCase.runBare(TestCase.java:127)
I/TestRunner(  256): 	at junit.framework.TestResult$1.protect(TestResult.java:106)
I/TestRunner(  256): 	at junit.framework.TestResult.runProtected(TestResult.java:124)
I/TestRunner(  256): 	at junit.framework.TestResult.run(TestResult.java:109)
I/TestRunner(  256): 	at junit.framework.TestCase.run(TestCase.java:118)
I/TestRunner(  256): 	at android.test.AndroidTestRunner.runTest(AndroidTestRunner.java:169)
I/TestRunner(  256): 	at android.test.AndroidTestRunner.runTest(AndroidTestRunner.java:154)
I/TestRunner(  256): 	at android.test.InstrumentationTestRunner.onStart(InstrumentationTestRunner.java:529)
I/TestRunner(  256): 	at android.app.Instrumentation$InstrumentationThread.run(Instrumentation.java:1448)
I/TestRunner(  256): ----- end exception -----
I/TestRunner(  256): finished: testAndCrawl(com.nofatclips.crawler.guitree.NomadEngine)
E/InstrumentationTestRunner(  256): Failed to generate emma coverage. Is emma jar on classpath?
E/InstrumentationTestRunner(  256): java.lang.ClassNotFoundException: com.vladium.emma.rt.RT
E/InstrumentationTestRunner(  256): 	at java.lang.Class.classForName(Native Method)
E/InstrumentationTestRunner(  256): 	at java.lang.Class.forName(Class.java:234)
E/InstrumentationTestRunner(  256): 	at java.lang.Class.forName(Class.java:181)
E/InstrumentationTestRunner(  256): 	at android.test.InstrumentationTestRunner.generateCoverageReport(InstrumentationTestRunner.java:578)
E/InstrumentationTestRunner(  256): 	at android.test.InstrumentationTestRunner.onStart(InstrumentationTestRunner.java:545)
E/InstrumentationTestRunner(  256): 	at android.app.Instrumentation$InstrumentationThread.run(Instrumentation.java:1448)
E/InstrumentationTestRunner(  256): Caused by: java.lang.NoClassDefFoundError: com.vladium.emma.rt.RT
E/InstrumentationTestRunner(  256): 	... 6 more
E/InstrumentationTestRunner(  256): Caused by: java.lang.ClassNotFoundException: com.vladium.emma.rt.RT in loader dalvik.system.PathClassLoader[/system/framework/android.test.runner.jar:/data/app/com.nofatclips.crawler-1.apk:/data/app/org.wordpress.android-1.apk]
E/InstrumentationTestRunner(  256): 	at dalvik.system.PathClassLoader.findClass(PathClassLoader.java:240)
E/InstrumentationTestRunner(  256): 	at java.lang.ClassLoader.loadClass(ClassLoader.java:551)
E/InstrumentationTestRunner(  256): 	at java.lang.ClassLoader.loadClass(ClassLoader.java:511)
E/InstrumentationTestRunner(  256): 	... 6 more
D/AndroidRuntime(  220): Shutting down VM
I/ActivityManager(   61): Force stopping package org.wordpress.android uid=10034
I/AndroidRuntime(  220): NOTE: attach of thread 'Binder Thread #3' failed
D/MediaScannerService(  244): done scanning volume internal
D/dalvikvm(  220): GC_CONCURRENT freed 112K, 71% free 297K/1024K, external 0K/0K, paused 3ms+2ms
I/Process (   61): Sending signal. PID: 256 SIG: 9
D/jdwp    (  220): adbd disconnected
I/WindowManager(   61): WIN DEATH: Window{4071e4d8 org.wordpress.android/org.wordpress.android.Dashboard paused=false}
D/dalvikvm(  123): GREF has increased to 201
I/DEBUG   (   31): debuggerd: Feb  3 2011 14:45:34
D/qemud   (   38): entering main loop
I/Netd    (   30): Netd 1.0 starting
I/Vold    (   29): Vold 2.1 (the revenge) firing up
D/Vold    (   29): USB mass storage support is not enabled in the kernel
D/Vold    (   29): usb_configuration switch is not enabled in the kernel
D/Vold    (   29): Volume sdcard state changing -1 (Initializing) -> 0 (No-Media)
D/Vold    (   29): Volume sdcard state changing 0 (No-Media) -> 1 (Idle-Unmounted)
D/qemud   (   38): fdhandler_accept_event: accepting on fd 9
D/qemud   (   38): created client 0xe078 listening on fd 10
D/qemud   (   38): client_fd_receive: attempting registration for service 'boot-properties'
D/qemud   (   38): client_fd_receive:    -> received channel id 1
D/qemud   (   38): client_registration: registration succeeded for client 1
I/qemu-props(   52): connected to 'boot-properties' qemud service.
I/qemu-props(   52): receiving..
I/qemu-props(   52): received: dalvik.vm.heapsize=64m
I/qemu-props(   52): receiving..
I/qemu-props(   52): received: ro.config.low_ram=true
I/qemu-props(   52): receiving..
I/qemu-props(   52): received: qemu.sf.lcd_density=160
I/qemu-props(   52): receiving..
I/qemu-props(   52): received: qemu.hw.mainkeys=0
I/qemu-props(   52): receiving..
I/qemu-props(   52): received: qemu.sf.fake_camera=none
I/qemu-props(   52): receiving..
I/qemu-props(   52): exiting (5 properties set).
D/qemud   (   38): fdhandler_event: disconnect on fd 10
D/AndroidRuntime(   33): 
D/AndroidRuntime(   33): >>>>>> AndroidRuntime START com.android.internal.os.ZygoteInit <<<<<<
D/AndroidRuntime(   33): CheckJNI is ON
D/qemud   (   38): fdhandler_accept_event: accepting on fd 9
D/qemud   (   38): created client 0xe078 listening on fd 10
D/qemud   (   38): fdhandler_event: disconnect on fd 10
D/qemud   (   38): fdhandler_accept_event: accepting on fd 9
D/qemud   (   38): created client 0xe078 listening on fd 10
D/qemud   (   38): client_fd_receive: attempting registration for service 'gsm'
D/qemud   (   38): client_fd_receive:    -> received channel id 2
D/qemud   (   38): client_registration: registration succeeded for client 2
I/        (   34): ServiceManager: 0xad50
D/AudioHardwareInterface(   34): setMode(NORMAL)
I/CameraService(   34): CameraService started (pid=34)
I/AudioFlinger(   34): AudioFlinger's thread 0xc658 ready to run
I/SamplingProfilerIntegration(   33): Profiler is disabled.
I/Zygote  (   33): Preloading classes...
E/Zygote  (   33): setreuid() failed. errno: 2
D/dalvikvm(   33): GC_EXPLICIT freed 47K, 78% free 234K/1024K, external 0K/0K, paused 6ms
D/dalvikvm(   33): GC_EXPLICIT freed 1K, 73% free 284K/1024K, external 0K/0K, paused 3ms
D/dalvikvm(   33): GC_EXPLICIT freed 22K, 69% free 318K/1024K, external 0K/0K, paused 4ms
D/dalvikvm(   33): GC_EXPLICIT freed 17K, 66% free 356K/1024K, external 0K/0K, paused 4ms
D/dalvikvm(   33): GC_EXPLICIT freed 26K, 63% free 385K/1024K, external 0K/0K, paused 4ms
D/dalvikvm(   33): GC_EXPLICIT freed 20K, 57% free 441K/1024K, external 0K/0K, paused 4ms
W/MediaProfiles(   33): could not find media config xml file
D/dalvikvm(   33): GC_EXPLICIT freed 99K, 47% free 547K/1024K, external 0K/0K, paused 6ms
D/dalvikvm(   33): GC_EXPLICIT freed 272K, 28% free 885K/1219K, external 0K/0K, paused 11ms
D/dalvikvm(   33): GC_EXPLICIT freed 21K, 24% free 932K/1219K, external 0K/0K, paused 10ms
D/RenderScript_jni(   33): RenderScript JNI library not found!
D/dalvikvm(   33): GC_EXPLICIT freed 25K, 19% free 999K/1219K, external 0K/0K, paused 10ms
D/dalvikvm(   33): GC_EXPLICIT freed 47K, 5% free 1281K/1347K, external 0K/0K, paused 15ms
D/dalvikvm(   33): GC_EXPLICIT freed 24K, 3% free 1311K/1347K, external 0K/0K, paused 16ms
D/dalvikvm(   33): GC_EXPLICIT freed 28K, 6% free 1336K/1411K, external 0K/0K, paused 17ms
D/dalvikvm(   33): GC_EXPLICIT freed 14K, 3% free 1377K/1411K, external 0K/0K, paused 16ms
D/dalvikvm(   33): GC_EXPLICIT freed 28K, 5% free 1402K/1475K, external 0K/0K, paused 17ms
D/dalvikvm(   33): GC_EXPLICIT freed 28K, 3% free 1439K/1475K, external 0K/0K, paused 18ms
D/dalvikvm(   33): GC_EXPLICIT freed 38K, 6% free 1457K/1539K, external 0K/0K, paused 17ms
D/dalvikvm(   33): GC_EXPLICIT freed 40K, 5% free 1471K/1539K, external 0K/0K, paused 19ms
D/dalvikvm(   33): GC_EXPLICIT freed 55K, 8% free 1485K/1603K, external 0K/0K, paused 18ms
D/dalvikvm(   33): GC_FOR_MALLOC freed 2954K, 58% free 2168K/5123K, external 0K/0K, paused 58ms
D/dalvikvm(   33): GC_EXPLICIT freed 1403K, 55% free 2310K/5123K, external 0K/0K, paused 42ms
D/dalvikvm(   33): GC_EXPLICIT freed 148K, 54% free 2373K/5123K, external 0K/0K, paused 31ms
D/dalvikvm(   33): GC_EXPLICIT freed 73K, 54% free 2398K/5123K, external 0K/0K, paused 31ms
D/dalvikvm(   33): GC_EXPLICIT freed 36K, 53% free 2416K/5123K, external 0K/0K, paused 31ms
D/dalvikvm(   33): GC_EXPLICIT freed 31K, 53% free 2439K/5123K, external 0K/0K, paused 30ms
D/dalvikvm(   33): GC_EXPLICIT freed 38K, 52% free 2462K/5123K, external 0K/0K, paused 30ms
I/Zygote  (   33): ...preloaded 1830 classes in 5889ms.
E/Zygote  (   33): setreuid() failed. errno: 17
D/dalvikvm(   33): GC_EXPLICIT freed 18K, 52% free 2460K/5123K, external 0K/0K, paused 31ms
I/Zygote  (   33): Preloading resources...
D/dalvikvm(   33): GC_EXTERNAL_ALLOC freed <1K, 52% free 2462K/5123K, external 0K/0K, paused 30ms
W/Zygote  (   33): Preloaded drawable resource #0x1080093 (res/drawable-mdpi/sym_def_app_icon.png) that varies with configuration!!
W/Zygote  (   33): Preloaded drawable resource #0x1080002 (res/drawable-mdpi/arrow_down_float.png) that varies with configuration!!
W/Zygote  (   33): Preloaded drawable resource #0x10800b4 (res/drawable/btn_check.xml) that varies with configuration!!
W/Zygote  (   33): Preloaded drawable resource #0x10800b7 (res/drawable-mdpi/btn_check_label_background.9.png) that varies with configuration!!
W/Zygote  (   33): Preloaded drawable resource #0x10800b8 (res/drawable-mdpi/btn_check_off.png) that varies with configuration!!
W/Zygote  (   33): Preloaded drawable resource #0x10800bd (res/drawable-mdpi/btn_check_on.png) that varies with configuration!!
W/Zygote  (   33): Preloaded drawable resource #0x1080004 (res/drawable/btn_default.xml) that varies with configuration!!
W/Zygote  (   33): Preloaded drawable resource #0x1080005 (res/drawable/btn_default_small.xml) that varies with configuration!!
W/Zygote  (   33): Preloaded drawable resource #0x1080006 (res/drawable/btn_dropdown.xml) that varies with configuration!!
W/Zygote  (   33): Preloaded drawable resource #0x1080008 (res/drawable/btn_plus.xml) that varies with configuration!!
W/Zygote  (   33): Preloaded drawable resource #0x1080007 (res/drawable/btn_minus.xml) that varies with configuration!!
W/Zygote  (   33): Preloaded drawable resource #0x1080009 (res/drawable/btn_radio.xml) that varies with configuration!!
W/Zygote  (   33): Preloaded drawable resource #0x108000a (res/drawable/btn_star.xml) that varies with configuration!!
D/dalvikvm(   33): GC_EXPLICIT freed 25K, 52% free 2499K/5123K, external 408K/521K, paused 31ms
W/Zygote  (   33): Preloaded drawable resource #0x1080132 (res/drawable/btn_toggle.xml) that varies with configuration!!
W/Zygote  (   33): Preloaded drawable resource #0x1080196 (res/drawable-mdpi/ic_emergency.png) that varies with configuration!!
W/Zygote  (   33): Preloaded drawable resource #0x1080012 (res/drawable-mdpi/divider_horizontal_bright.9.png) that varies with configuration!!
W/Zygote  (   33): Preloaded drawable resource #0x1080014 (res/drawable-mdpi/divider_horizontal_dark.9.png) that varies with configuration!!
W/Zygote  (   33): Preloaded drawable resource #0x1080016 (res/drawable/edit_text.xml) that varies with configuration!!
W/Zygote  (   33): Preloaded drawable resource #0x1080170 (res/drawable/expander_group.xml) that varies with configuration!!
W/Zygote  (   33): Preloaded drawable resource #0x1080062 (res/drawable/list_selector_background.xml) that varies with configuration!!
W/Zygote  (   33): Preloaded drawable resource #0x108022a (res/drawable-mdpi/menu_background.9.png) that varies with configuration!!
W/Zygote  (   33): Preloaded drawable resource #0x108022b (res/drawable-mdpi/menu_background_fill_parent_width.9.png) that varies with configuration!!
W/Zygote  (   33): Preloaded drawable resource #0x108022c (res/drawable/menu_selector.xml) that varies with configuration!!
D/dalvikvm(   33): GC_EXTERNAL_ALLOC freed 16K, 51% free 2512K/5123K, external 516K/521K, paused 30ms
W/Zygote  (   33): Preloaded drawable resource #0x108023a (res/drawable-mdpi/panel_background.9.png) that varies with configuration!!
W/Zygote  (   33): Preloaded drawable resource #0x1080242 (res/drawable-mdpi/popup_bottom_bright.9.png) that varies with configuration!!
W/Zygote  (   33): Preloaded drawable resource #0x1080243 (res/drawable-mdpi/popup_bottom_dark.9.png) that varies with configuration!!
W/Zygote  (   33): Preloaded drawable resource #0x1080244 (res/drawable-mdpi/popup_bottom_medium.9.png) that varies with configuration!!
