D/nofatclips(  289): Found widget: id=2131165264 (android.widget.LinearLayout@407dc440)
D/nofatclips(  289): Found widget: id=-1 (android.widget.ImageView@406cf448)
D/nofatclips(  289): Found widget: id=2131165256 (android.widget.TextView@406dfd28): Stats
D/nofatclips(  289): Found widget: id=-1 (com.android.internal.policy.impl.PhoneWindow$DecorView@40663c08)
V/nicola  (  289): TextualID : blog_title
V/nicola  (  289): ContentType detected : default
V/nicola  (  289): TextualID : action_refresh
V/nicola  (  289): ContentType detected : default
I/nofatclips(  289): Performing comparation for activity ViewStats
D/nofatclips(  289): Comparing against activity Dashboard
D/nofatclips(  289): Comparing against activity Read
D/nofatclips(  289): Comparing against activity Read
D/nofatclips(  289): Comparing against activity ViewStats
I/nofatclips(  289): Registering activity ViewStats (id: a7) as a new found state
D/nofatclips(  289): Performing backup of the old activity list on disk
D/nofatclips(  289): Saving new found state 'a7' on disk
V/nofatclips(  289): Opening state file in append mode.
I/nofatclips(  289): Saved image on disk: a7.jpg
I/nofatclips(  289): Waiting for 100 msec.
I/nofatclips(  289): Session count is 1. Will dump to disk at 1
I/nofatclips(  289): Saving the session on disk.
I/nofatclips(  289): Planning for new Activity ViewStats
D/nofatclips(  289): Handling event 'click' on widget id=2131165200 type=button name=
D/nofatclips(  289): Handling event 'click' on widget id=2131165201 type=button name=
D/dalvikvm(  289): GC_CONCURRENT freed 2106K, 50% free 4868K/9607K, external 3785K/3977K, paused 4ms+6ms
I/nofatclips(  289): Created trace to press the back button
I/nofatclips(  289): Created trace to press the menu button
I/nofatclips(  289): Created trace to change orientation
I/dalvikvm(  289): Jit: resizing JitTable from 2048 to 4096
I/nofatclips(  289): Check for termination: 94 steps left of 100
I/nofatclips(  289): Dispatching new task. 2 more tasks remaining.
D/nofatclips(  289): Performing backup of the old task list on disk
D/nofatclips(  289): Saving task list on disk
V/nofatclips(  289): Backing up trace #63 to disk.
V/nofatclips(  289): Backing up trace #64 to disk.
D/nofatclips(  289): Deleting backup of the old task list from disk
D/nofatclips(  289): Deleting backup of the old activity list from disk
I/nofatclips(  289): Incrementally Playing Trace 64
I/nofatclips(  289): Retrieved from return list id=16908290
D/nofatclips(  289): Testing for type (android.widget.FrameLayout) against the original (null)
I/nofatclips(  289): Firing event: type= changeOrientation name= widget=null
I/WindowManager(   61): Setting rotation to 1, animFlags=1
I/ActivityManager(   61): Config changed: { scale=1.0 imsi=310/260 loc=en_US touch=3 keys=2/1/2 nav=1/1 orien=2 layout=18 uiMode=17 seq=5}
I/nofatclips(  289): Waiting for 100 msec.
I/nofatclips(  289): Current activity is ViewStats
I/nofatclips(  289): Retrieving widgets
D/nofatclips(  289): Found widget: id=16908290 (android.widget.FrameLayout@406a9f80)
D/nofatclips(  289): Found widget: id=2131165343 (android.widget.RelativeLayout@406aa0d8)
D/nofatclips(  289): Found widget: id=-1 (android.widget.ScrollView@405523d0)
D/nofatclips(  289): Found widget: id=2131165367 (android.widget.RelativeLayout@405f4eb8)
D/nofatclips(  289): Found widget: id=2131165368 (android.widget.RelativeLayout@40660a48)
D/nofatclips(  289): Found widget: id=2131165369 (android.widget.Spinner@405a7f48)
D/nofatclips(  289): Found widget: id=16908308 (android.widget.TextView@4069cd00): Views
D/nofatclips(  289): Found widget: id=2131165370 (android.widget.Spinner@406c4268)
D/nofatclips(  289): Found widget: id=16908308 (android.widget.TextView@405f42f8): 7 Days
D/nofatclips(  289): Found widget: id=2131165371 (android.widget.Button@406d4898): GO
D/nofatclips(  289): Found widget: id=2131165372 (android.widget.RelativeLayout@40666570)
D/nofatclips(  289): Found widget: id=2131165373 (android.widget.TextView@406e0108): 
D/nofatclips(  289): Found widget: id=2131165374 (android.widget.ImageView@406a2f50)
D/nofatclips(  289): Found widget: id=2131165375 (android.widget.TableLayout@406bde38)
D/nofatclips(  289): Found widget: id=2131165376 (android.widget.RelativeLayout@40568310)
D/nofatclips(  289): Found widget: id=2131165377 (android.widget.TextView@405f59a8): WordPress.com login:
D/nofatclips(  289): Found widget: id=2131165378 (android.widget.EditText@4061f280): 
D/nofatclips(  289): Found widget: id=2131165379 (android.widget.EditText@406fc260): 
D/nofatclips(  289): Found widget: id=2131165380 (android.widget.Button@407bacf8): Save
D/nofatclips(  289): Found widget: id=2131165381 (android.widget.TextView@40608928): Need help?
D/nofatclips(  289): Found widget: id=2131165382 (org.wordpress.android.util.WPTitleBar@407d52f0)
D/nofatclips(  289): Found widget: id=2131165195 (android.widget.RelativeLayout@4060e6a0)
D/nofatclips(  289): Found widget: id=2131165196 (android.widget.RelativeLayout@4067b168)
D/nofatclips(  289): Found widget: id=2131165197 (android.widget.ImageView@4064c4f8)
D/nofatclips(  289): Found widget: id=2131165198 (android.widget.TextView@40596078): Katie's Sweet Testing Blog
D/nofatclips(  289): Found widget: id=2131165199 (android.widget.ImageView@406e15f0)
D/nofatclips(  289): Found widget: id=-1 (android.widget.RelativeLayout@40638788)
D/nofatclips(  289): Found widget: id=2131165200 (android.widget.ImageButton@406be2e8)
D/nofatclips(  289): Found widget: id=-1 (android.widget.FrameLayout@407b41b0)
D/nofatclips(  289): Found widget: id=2131165201 (android.widget.Button@407b6208): 
D/nofatclips(  289): Found widget: id=2131165202 (android.widget.ImageView@40622b70)
D/nofatclips(  289): Found widget: id=2131165203 (android.widget.ImageView@406aaa50)
D/nofatclips(  289): Found widget: id=2131165204 (android.widget.LinearLayout@40667a28)
D/nofatclips(  289): Found widget: id=-1 (android.widget.FrameLayout@407db558)
D/nofatclips(  289): Found widget: id=-1 (android.widget.LinearLayout@407b0260)
D/nofatclips(  289): Found widget: id=-1 (android.widget.LinearLayout@407b1a20)
D/nofatclips(  289): Found widget: id=-1 (android.widget.LinearLayout@405fa5a8)
D/nofatclips(  289): Found widget: id=2131165251 (android.widget.LinearLayout@405fa7a8)
D/nofatclips(  289): Found widget: id=-1 (android.widget.ImageView@4077ba20)
D/nofatclips(  289): Found widget: id=2131165256 (android.widget.TextView@405f3da0): New Post
D/nofatclips(  289): Found widget: id=2131165253 (android.widget.LinearLayout@405bdc98)
D/nofatclips(  289): Found widget: id=-1 (android.widget.ImageView@406d2b80)
D/nofatclips(  289): Found widget: id=2131165256 (android.widget.TextView@40721ff8): New Page
D/nofatclips(  289): Found widget: id=-1 (android.widget.LinearLayout@407f9740)
D/nofatclips(  289): Found widget: id=2131165252 (android.widget.LinearLayout@407f9960)
D/nofatclips(  289): Found widget: id=-1 (android.widget.ImageView@406c7c40)
D/nofatclips(  289): Found widget: id=2131165256 (android.widget.TextView@406433d8): Quick Photo
D/nofatclips(  289): Found widget: id=2131165254 (android.widget.LinearLayout@406436a0)
D/nofatclips(  289): Found widget: id=-1 (android.widget.ImageView@4071f9d0)
D/nofatclips(  289): Found widget: id=2131165256 (android.widget.TextView@405bbf38): Quick Video
D/nofatclips(  289): Found widget: id=-1 (android.widget.LinearLayout@40694e38)
D/nofatclips(  289): Found widget: id=-1 (android.widget.LinearLayout@40695058)
D/nofatclips(  289): Found widget: id=2131165255 (android.widget.LinearLayout@407c3920)
D/nofatclips(  289): Found widget: id=-1 (android.widget.ImageView@407dba58)
D/nofatclips(  289): Found widget: id=2131165256 (android.widget.TextView@40682bd0): Posts
D/nofatclips(  289): Found widget: id=2131165257 (android.widget.LinearLayout@40682e98)
D/nofatclips(  289): Found widget: id=-1 (android.widget.ImageView@40604f30)
D/nofatclips(  289): Found widget: id=2131165256 (android.widget.TextView@4063b588): Pages
D/nofatclips(  289): Found widget: id=-1 (android.widget.FrameLayout@4066b4a8)
D/nofatclips(  289): Found widget: id=2131165258 (android.widget.LinearLayout@4066b710)
D/nofatclips(  289): Found widget: id=-1 (android.widget.ImageView@40651260)
D/nofatclips(  289): Found widget: id=2131165256 (android.widget.TextView@406faad0): Comments
D/nofatclips(  289): Found widget: id=2131165259 (android.widget.FrameLayout@40612320)
D/nofatclips(  289): Found widget: id=2131165260 (android.widget.ImageView@405cbb68)
D/nofatclips(  289): Found widget: id=2131165261 (org.wordpress.android.util.CommentBadgeTextView@406b2060): 0
D/nofatclips(  289): Found widget: id=-1 (android.widget.LinearLayout@406b3538)
D/nofatclips(  289): Found widget: id=2131165262 (android.widget.LinearLayout@406b3688)
D/nofatclips(  289): Found widget: id=-1 (android.widget.ImageView@4061fff0)
D/nofatclips(  289): Found widget: id=2131165256 (android.widget.TextView@406a9a78): Settings
D/nofatclips(  289): Found widget: id=2131165263 (android.widget.LinearLayout@4075bd40)
D/nofatclips(  289): Found widget: id=-1 (android.widget.ImageView@40722578)
D/nofatclips(  289): Found widget: id=2131165256 (android.widget.TextView@407dc020): Read
D/nofatclips(  289): Found widget: id=2131165264 (android.widget.LinearLayout@407dc440)
D/nofatclips(  289): Found widget: id=-1 (android.widget.ImageView@406cf448)
D/nofatclips(  289): Found widget: id=2131165256 (android.widget.TextView@406dfd28): Stats
D/nofatclips(  289): Found widget: id=-1 (com.android.internal.policy.impl.PhoneWindow$DecorView@40663c08)
V/nicola  (  289): TextualID : blog_title
V/nicola  (  289): ContentType detected : default
V/nicola  (  289): TextualID : action_refresh
V/nicola  (  289): ContentType detected : default
I/nofatclips(  289): Performing comparation for activity ViewStats
D/nofatclips(  289): Comparing against activity Read
D/nofatclips(  289): Comparing against activity ViewStats
D/nofatclips(  289): Comparing against activity Dashboard
D/nofatclips(  289): Comparing against activity Read
D/nofatclips(  289): Comparing against activity ViewStats
I/nofatclips(  289): Registering activity ViewStats (id: a8) as a new found state
D/nofatclips(  289): Performing backup of the old activity list on disk
D/nofatclips(  289): Saving new found state 'a8' on disk
V/nofatclips(  289): Opening state file in append mode.
I/nofatclips(  289): Saved image on disk: a8.jpg
I/nofatclips(  289): Waiting for 100 msec.
I/nofatclips(  289): Session count is 1. Will dump to disk at 1
I/nofatclips(  289): Saving the session on disk.
I/nofatclips(  289): Planning for new Activity ViewStats
D/nofatclips(  289): Handling event 'click' on widget id=2131165200 type=button name=
D/nofatclips(  289): Handling event 'click' on widget id=2131165201 type=button name=
D/dalvikvm(   61): GC_EXPLICIT freed 74K, 46% free 4120K/7559K, external 1316K/1828K, paused 357ms
I/nofatclips(  289): Created trace to press the back button
I/nofatclips(  289): Created trace to press the menu button
I/nofatclips(  289): Created trace to change orientation
I/nofatclips(  289): Check for termination: 93 steps left of 100
I/nofatclips(  289): Dispatching new task. 2 more tasks remaining.
D/nofatclips(  289): Performing backup of the old task list on disk
D/nofatclips(  289): Saving task list on disk
V/nofatclips(  289): Backing up trace #68 to disk.
V/nofatclips(  289): Backing up trace #69 to disk.
D/nofatclips(  289): Deleting backup of the old task list from disk
D/nofatclips(  289): Deleting backup of the old activity list from disk
I/nofatclips(  289): Incrementally Playing Trace 69
I/nofatclips(  289): Retrieved from return list id=16908290
D/nofatclips(  289): Testing for type (android.widget.FrameLayout) against the original (null)
I/nofatclips(  289): Firing event: type= changeOrientation name= widget=null
D/dalvikvm(  289): GC_CONCURRENT freed 2746K, 57% free 4166K/9607K, external 3785K/3977K, paused 6ms+6ms
I/WindowManager(   61): Setting rotation to 0, animFlags=1
I/ActivityManager(   61): Config changed: { scale=1.0 imsi=310/260 loc=en_US touch=3 keys=2/1/2 nav=1/1 orien=1 layout=18 uiMode=17 seq=6}
I/nofatclips(  289): Waiting for 100 msec.
I/nofatclips(  289): Current activity is ViewStats
I/nofatclips(  289): Retrieving widgets
D/nofatclips(  289): Found widget: id=16908290 (android.widget.FrameLayout@406a9f80)
D/nofatclips(  289): Found widget: id=2131165343 (android.widget.RelativeLayout@406aa0d8)
D/nofatclips(  289): Found widget: id=-1 (android.widget.ScrollView@405523d0)
D/nofatclips(  289): Found widget: id=2131165367 (android.widget.RelativeLayout@405f4eb8)
D/nofatclips(  289): Found widget: id=2131165368 (android.widget.RelativeLayout@40660a48)
D/nofatclips(  289): Found widget: id=2131165369 (android.widget.Spinner@405a7f48)
D/nofatclips(  289): Found widget: id=16908308 (android.widget.TextView@4069cd00): Views
D/nofatclips(  289): Found widget: id=2131165370 (android.widget.Spinner@406c4268)
D/nofatclips(  289): Found widget: id=16908308 (android.widget.TextView@405f42f8): 7 Days
D/nofatclips(  289): Found widget: id=2131165371 (android.widget.Button@406d4898): GO
D/nofatclips(  289): Found widget: id=2131165372 (android.widget.RelativeLayout@40666570)
D/nofatclips(  289): Found widget: id=2131165373 (android.widget.TextView@406e0108): 
D/nofatclips(  289): Found widget: id=2131165374 (android.widget.ImageView@406a2f50)
D/nofatclips(  289): Found widget: id=2131165375 (android.widget.TableLayout@406bde38)
D/nofatclips(  289): Found widget: id=2131165376 (android.widget.RelativeLayout@40568310)
D/nofatclips(  289): Found widget: id=2131165377 (android.widget.TextView@405f59a8): WordPress.com login:
D/nofatclips(  289): Found widget: id=2131165378 (android.widget.EditText@4061f280): 
D/nofatclips(  289): Found widget: id=2131165379 (android.widget.EditText@406fc260): 
D/nofatclips(  289): Found widget: id=2131165380 (android.widget.Button@407bacf8): Save
D/nofatclips(  289): Found widget: id=2131165381 (android.widget.TextView@40608928): Need help?
D/nofatclips(  289): Found widget: id=2131165382 (org.wordpress.android.util.WPTitleBar@407d52f0)
D/nofatclips(  289): Found widget: id=2131165195 (android.widget.RelativeLayout@4060e6a0)
D/nofatclips(  289): Found widget: id=2131165196 (android.widget.RelativeLayout@4067b168)
D/nofatclips(  289): Found widget: id=2131165197 (android.widget.ImageView@4064c4f8)
D/nofatclips(  289): Found widget: id=2131165198 (android.widget.TextView@40596078): Katie's Sweet Testing Blog
D/nofatclips(  289): Found widget: id=2131165199 (android.widget.ImageView@406e15f0)
D/nofatclips(  289): Found widget: id=-1 (android.widget.RelativeLayout@40638788)
D/nofatclips(  289): Found widget: id=2131165200 (android.widget.ImageButton@406be2e8)
D/nofatclips(  289): Found widget: id=-1 (android.widget.FrameLayout@407b41b0)
D/nofatclips(  289): Found widget: id=2131165201 (android.widget.Button@407b6208): 
D/nofatclips(  289): Found widget: id=2131165202 (android.widget.ImageView@40622b70)
D/nofatclips(  289): Found widget: id=2131165203 (android.widget.ImageView@406aaa50)
D/nofatclips(  289): Found widget: id=2131165204 (android.widget.LinearLayout@40667a28)
D/nofatclips(  289): Found widget: id=-1 (android.widget.FrameLayout@407db558)
D/nofatclips(  289): Found widget: id=-1 (android.widget.LinearLayout@407b0260)
D/nofatclips(  289): Found widget: id=-1 (android.widget.LinearLayout@407b1a20)
D/nofatclips(  289): Found widget: id=-1 (android.widget.LinearLayout@405fa5a8)
D/nofatclips(  289): Found widget: id=2131165251 (android.widget.LinearLayout@405fa7a8)
D/nofatclips(  289): Found widget: id=-1 (android.widget.ImageView@4077ba20)
D/nofatclips(  289): Found widget: id=2131165256 (android.widget.TextView@405f3da0): New Post
D/nofatclips(  289): Found widget: id=2131165253 (android.widget.LinearLayout@405bdc98)
D/nofatclips(  289): Found widget: id=-1 (android.widget.ImageView@406d2b80)
D/nofatclips(  289): Found widget: id=2131165256 (android.widget.TextView@40721ff8): New Page
D/nofatclips(  289): Found widget: id=-1 (android.widget.LinearLayout@407f9740)
D/nofatclips(  289): Found widget: id=2131165252 (android.widget.LinearLayout@407f9960)
D/nofatclips(  289): Found widget: id=-1 (android.widget.ImageView@406c7c40)
D/nofatclips(  289): Found widget: id=2131165256 (android.widget.TextView@406433d8): Quick Photo
D/nofatclips(  289): Found widget: id=2131165254 (android.widget.LinearLayout@406436a0)
D/nofatclips(  289): Found widget: id=-1 (android.widget.ImageView@4071f9d0)
D/nofatclips(  289): Found widget: id=2131165256 (android.widget.TextView@405bbf38): Quick Video
D/nofatclips(  289): Found widget: id=-1 (android.widget.LinearLayout@40694e38)
D/nofatclips(  289): Found widget: id=-1 (android.widget.LinearLayout@40695058)
D/nofatclips(  289): Found widget: id=2131165255 (android.widget.LinearLayout@407c3920)
D/nofatclips(  289): Found widget: id=-1 (android.widget.ImageView@407dba58)
D/nofatclips(  289): Found widget: id=2131165256 (android.widget.TextView@40682bd0): Posts
D/nofatclips(  289): Found widget: id=2131165257 (android.widget.LinearLayout@40682e98)
D/nofatclips(  289): Found widget: id=-1 (android.widget.ImageView@40604f30)
D/nofatclips(  289): Found widget: id=2131165256 (android.widget.TextView@4063b588): Pages
D/nofatclips(  289): Found widget: id=-1 (android.widget.FrameLayout@4066b4a8)
D/nofatclips(  289): Found widget: id=2131165258 (android.widget.LinearLayout@4066b710)
D/nofatclips(  289): Found widget: id=-1 (android.widget.ImageView@40651260)
D/nofatclips(  289): Found widget: id=2131165256 (android.widget.TextView@406faad0): Comments
D/nofatclips(  289): Found widget: id=2131165259 (android.widget.FrameLayout@40612320)
D/nofatclips(  289): Found widget: id=2131165260 (android.widget.ImageView@405cbb68)
D/nofatclips(  289): Found widget: id=2131165261 (org.wordpress.android.util.CommentBadgeTextView@406b2060): 0
D/nofatclips(  289): Found widget: id=-1 (android.widget.LinearLayout@406b3538)
D/nofatclips(  289): Found widget: id=2131165262 (android.widget.LinearLayout@406b3688)
D/nofatclips(  289): Found widget: id=-1 (android.widget.ImageView@4061fff0)
D/nofatclips(  289): Found widget: id=2131165256 (android.widget.TextView@406a9a78): Settings
D/nofatclips(  289): Found widget: id=2131165263 (android.widget.LinearLayout@4075bd40)
D/nofatclips(  289): Found widget: id=-1 (android.widget.ImageView@40722578)
D/nofatclips(  289): Found widget: id=2131165256 (android.widget.TextView@407dc020): Read
D/nofatclips(  289): Found widget: id=2131165264 (android.widget.LinearLayout@407dc440)
D/nofatclips(  289): Found widget: id=-1 (android.widget.ImageView@406cf448)
D/nofatclips(  289): Found widget: id=2131165256 (android.widget.TextView@406dfd28): Stats
D/nofatclips(  289): Found widget: id=-1 (com.android.internal.policy.impl.PhoneWindow$DecorView@40663c08)
V/nicola  (  289): TextualID : blog_title
V/nicola  (  289): ContentType detected : default
V/nicola  (  289): TextualID : action_refresh
V/nicola  (  289): ContentType detected : default
I/nofatclips(  289): Performing comparation for activity ViewStats
D/nofatclips(  289): Comparing against activity Read
D/nofatclips(  289): Comparing against activity ViewStats
D/nofatclips(  289): Comparing against activity ViewStats
D/nofatclips(  289): Comparing against activity Dashboard
D/nofatclips(  289): Comparing against activity Read
D/nofatclips(  289): Comparing against activity ViewStats
I/nofatclips(  289): Registering activity ViewStats (id: a9) as a new found state
D/nofatclips(  289): Performing backup of the old activity list on disk
D/nofatclips(  289): Saving new found state 'a9' on disk
V/nofatclips(  289): Opening state file in append mode.
I/nofatclips(  289): Saved image on disk: a9.jpg
I/nofatclips(  289): Waiting for 100 msec.
I/nofatclips(  289): Session count is 1. Will dump to disk at 1
I/nofatclips(  289): Saving the session on disk.
I/nofatclips(  289): Planning for new Activity ViewStats
D/nofatclips(  289): Handling event 'click' on widget id=2131165200 type=button name=
D/nofatclips(  289): Handling event 'click' on widget id=2131165201 type=button name=
D/dalvikvm(   61): GC_EXPLICIT freed 13K, 46% free 4113K/7559K, external 1316K/1828K, paused 141ms
I/nofatclips(  289): Created trace to press the back button
I/nofatclips(  289): Created trace to press the menu button
I/nofatclips(  289): Created trace to change orientation
I/nofatclips(  289): Check for termination: 92 steps left of 100
I/nofatclips(  289): Dispatching new task. 2 more tasks remaining.
D/nofatclips(  289): Performing backup of the old task list on disk
D/nofatclips(  289): Saving task list on disk
V/nofatclips(  289): Backing up trace #73 to disk.
V/nofatclips(  289): Backing up trace #74 to disk.
D/nofatclips(  289): Deleting backup of the old task list from disk
D/nofatclips(  289): Deleting backup of the old activity list from disk
I/nofatclips(  289): Incrementally Playing Trace 74
D/nofatclips(  289): Firing event: type= back
I/nofatclips(  289): Waiting for 100 msec.
I/nofatclips(  289): Current activity is Dashboard
D/dalvikvm(  289): GC_CONCURRENT freed 1942K, 59% free 4034K/9607K, external 3785K/3977K, paused 26ms+15ms
I/nofatclips(  289): Retrieving widgets
D/nofatclips(  289): Found widget: id=16908290 (android.widget.FrameLayout@405a16e0)
D/nofatclips(  289): Found widget: id=2131165248 (android.widget.RelativeLayout@405a23e0)
D/nofatclips(  289): Found widget: id=2131165249 (android.widget.LinearLayout@405a2a48)
D/nofatclips(  289): Found widget: id=-1 (android.widget.ImageView@405a2f90)
D/nofatclips(  289): Found widget: id=2131165250 (org.wordpress.android.util.WPTitleBar@4059c968)
D/nofatclips(  289): Found widget: id=2131165195 (android.widget.RelativeLayout@4050efe8)
D/nofatclips(  289): Found widget: id=2131165196 (android.widget.RelativeLayout@40569298)
D/nofatclips(  289): Found widget: id=2131165197 (android.widget.ImageView@4059dc00)
D/nofatclips(  289): Found widget: id=2131165198 (android.widget.TextView@40542608): Katie's Sweet Testing Blog
D/nofatclips(  289): Found widget: id=2131165199 (android.widget.ImageView@4055de98)
D/nofatclips(  289): Found widget: id=-1 (android.widget.RelativeLayout@4057a200)
D/nofatclips(  289): Found widget: id=2131165200 (android.widget.ImageButton@4059e128)
D/nofatclips(  289): Found widget: id=-1 (android.widget.FrameLayout@4057b6b0)
D/nofatclips(  289): Found widget: id=2131165201 (android.widget.Button@40542fd0): 
D/nofatclips(  289): Found widget: id=2131165202 (android.widget.ImageView@40594560)
D/nofatclips(  289): Found widget: id=2131165203 (android.widget.ImageView@4053d7c8)
D/nofatclips(  289): Found widget: id=2131165204 (android.widget.LinearLayout@40569ea0)
D/nofatclips(  289): Found widget: id=-1 (android.widget.FrameLayout@4059d998)
D/nofatclips(  289): Found widget: id=-1 (android.widget.LinearLayout@40530970)
D/nofatclips(  289): Found widget: id=-1 (android.widget.LinearLayout@4050edf8)
D/nofatclips(  289): Found widget: id=-1 (android.widget.LinearLayout@4052ff90)
D/nofatclips(  289): Found widget: id=2131165251 (android.widget.LinearLayout@40530648)
D/nofatclips(  289): Found widget: id=-1 (android.widget.ImageView@40591008)
D/nofatclips(  289): Found widget: id=2131165256 (android.widget.TextView@4056bb98): New Post
D/nofatclips(  289): Found widget: id=2131165253 (android.widget.LinearLayout@4059cba0)
D/nofatclips(  289): Found widget: id=-1 (android.widget.ImageView@405319b0)
D/nofatclips(  289): Found widget: id=2131165256 (android.widget.TextView@4056c4d0): New Page
D/nofatclips(  289): Found widget: id=-1 (android.widget.LinearLayout@40533c68)
D/nofatclips(  289): Found widget: id=2131165252 (android.widget.LinearLayout@40531658)
D/nofatclips(  289): Found widget: id=-1 (android.widget.ImageView@40539b60)
D/nofatclips(  289): Found widget: id=2131165256 (android.widget.TextView@405786c8): Quick Photo
D/nofatclips(  289): Found widget: id=2131165254 (android.widget.LinearLayout@405481d8)
D/nofatclips(  289): Found widget: id=-1 (android.widget.ImageView@40532550)
D/nofatclips(  289): Found widget: id=2131165256 (android.widget.TextView@40578f38): Quick Video
D/nofatclips(  289): Found widget: id=-1 (android.widget.LinearLayout@4052f400)
D/nofatclips(  289): Found widget: id=-1 (android.widget.LinearLayout@40534c20)
D/nofatclips(  289): Found widget: id=2131165255 (android.widget.LinearLayout@40535ee8)
D/nofatclips(  289): Found widget: id=-1 (android.widget.ImageView@40543590)
D/nofatclips(  289): Found widget: id=2131165256 (android.widget.TextView@405795c0): Posts
D/nofatclips(  289): Found widget: id=2131165257 (android.widget.LinearLayout@40546950)
D/nofatclips(  289): Found widget: id=-1 (android.widget.ImageView@405695c8)
D/nofatclips(  289): Found widget: id=2131165256 (android.widget.TextView@40538218): Pages
D/nofatclips(  289): Found widget: id=-1 (android.widget.FrameLayout@40535228)
D/nofatclips(  289): Found widget: id=2131165258 (android.widget.LinearLayout@40540f10)
D/nofatclips(  289): Found widget: id=-1 (android.widget.ImageView@40537928)
D/nofatclips(  289): Found widget: id=2131165256 (android.widget.TextView@4053a1c8): Comments
D/nofatclips(  289): Found widget: id=2131165259 (android.widget.FrameLayout@40545400)
D/nofatclips(  289): Found widget: id=2131165260 (android.widget.ImageView@40546f20)
D/nofatclips(  289): Found widget: id=2131165261 (org.wordpress.android.util.CommentBadgeTextView@4053b1e0): 0
D/nofatclips(  289): Found widget: id=-1 (android.widget.LinearLayout@40539fa0)
D/nofatclips(  289): Found widget: id=2131165262 (android.widget.LinearLayout@405415b8)
D/nofatclips(  289): Found widget: id=-1 (android.widget.ImageView@40541ec0)
D/nofatclips(  289): Found widget: id=2131165256 (android.widget.TextView@40541800): Settings
D/nofatclips(  289): Found widget: id=2131165263 (android.widget.LinearLayout@40544e58)
D/nofatclips(  289): Found widget: id=-1 (android.widget.ImageView@40560db0)
D/nofatclips(  289): Found widget: id=2131165256 (android.widget.TextView@40543b40): Read
D/nofatclips(  289): Found widget: id=2131165264 (android.widget.LinearLayout@40562498)
D/nofatclips(  289): Found widget: id=-1 (android.widget.ImageView@40564d50)
D/nofatclips(  289): Found widget: id=2131165256 (android.widget.TextView@40550898): Stats
D/nofatclips(  289): Found widget: id=-1 (com.android.internal.policy.impl.PhoneWindow$DecorView@405a0de0)
V/nicola  (  289): TextualID : blog_title
V/nicola  (  289): ContentType detected : default
V/nicola  (  289): TextualID : action_refresh
V/nicola  (  289): ContentType detected : default
V/nicola  (  289): TextualID : button_text
V/nicola  (  289): ContentType detected : default
V/nicola  (  289): TextualID : button_text
V/nicola  (  289): ContentType detected : default
V/nicola  (  289): TextualID : button_text
V/nicola  (  289): ContentType detected : default
V/nicola  (  289): TextualID : button_text
V/nicola  (  289): ContentType detected : default
V/nicola  (  289): TextualID : button_text
V/nicola  (  289): ContentType detected : default
V/nicola  (  289): TextualID : button_text
V/nicola  (  289): ContentType detected : default
V/nicola  (  289): TextualID : button_text
V/nicola  (  289): ContentType detected : default
V/nicola  (  289): TextualID : button_text
V/nicola  (  289): ContentType detected : default
V/nicola  (  289): TextualID : button_text
V/nicola  (  289): ContentType detected : default
V/nicola  (  289): TextualID : button_text
V/nicola  (  289): ContentType detected : default
I/nofatclips(  289): Performing comparation for activity Dashboard
D/nofatclips(  289): Comparing against activity Read
D/nofatclips(  289): Comparing against activity ViewStats
D/nofatclips(  289): Comparing against activity ViewStats
D/nofatclips(  289): Comparing against activity Dashboard
D/nofatclips(  289): Comparing against activity Read
D/nofatclips(  289): Comparing against activity ViewStats
D/nofatclips(  289): Comparing against activity ViewStats
I/nofatclips(  289): Registering activity Dashboard (id: a10) as a new found state
D/nofatclips(  289): Performing backup of the old activity list on disk
D/nofatclips(  289): Saving new found state 'a10' on disk
V/nofatclips(  289): Opening state file in append mode.
I/nofatclips(  289): Saved image on disk: a10.jpg
I/nofatclips(  289): Waiting for 100 msec.
I/nofatclips(  289): Session count is 1. Will dump to disk at 1
I/nofatclips(  289): Saving the session on disk.
I/nofatclips(  289): Planning for new Activity Dashboard
D/nofatclips(  289): Handling event 'click' on widget id=2131165200 type=button name=
D/nofatclips(  289): Handling event 'click' on widget id=2131165201 type=button name=
D/nofatclips(  289): Handling event 'click' on widget id=2131165204 type=linearLayout name=
D/nofatclips(  289): Handling event 'click' on widget id=2131165251 type=linearLayout name=
D/nofatclips(  289): Handling event 'click' on widget id=2131165253 type=linearLayout name=
D/nofatclips(  289): Handling event 'click' on widget id=2131165252 type=linearLayout name=
D/nofatclips(  289): Handling event 'click' on widget id=2131165254 type=linearLayout name=
D/nofatclips(  289): Handling event 'click' on widget id=2131165255 type=linearLayout name=
D/nofatclips(  289): Handling event 'click' on widget id=2131165257 type=linearLayout name=
D/nofatclips(  289): Handling event 'click' on widget id=2131165258 type=linearLayout name=
D/dalvikvm(  289): GC_CONCURRENT freed 1616K, 57% free 4168K/9607K, external 3785K/3977K, paused 4ms+6ms
D/nofatclips(  289): Handling event 'click' on widget id=2131165262 type=linearLayout name=
D/nofatclips(  289): Handling event 'click' on widget id=2131165263 type=linearLayout name=
D/nofatclips(  289): Handling event 'click' on widget id=2131165264 type=linearLayout name=
I/nofatclips(  289): Created trace to press the back button
I/nofatclips(  289): Created trace to press the menu button
I/nofatclips(  289): Created trace to change orientation
I/nofatclips(  289): Check for termination: 91 steps left of 100
I/nofatclips(  289): Dispatching new task. 2 more tasks remaining.
D/nofatclips(  289): Performing backup of the old task list on disk
D/nofatclips(  289): Saving task list on disk
V/nofatclips(  289): Backing up trace #88 to disk.
V/nofatclips(  289): Backing up trace #89 to disk.
D/dalvikvm(  289): GC_CONCURRENT freed 2074K, 60% free 3904K/9607K, external 2167K/2706K, paused 8ms+6ms
D/nofatclips(  289): Deleting backup of the old task list from disk
D/nofatclips(  289): Deleting backup of the old activity list from disk
I/nofatclips(  289): Incrementally Playing Trace 89
I/nofatclips(  289): Retrieved from return list id=16908290
D/nofatclips(  289): Testing for type (android.widget.FrameLayout) against the original (null)
I/nofatclips(  289): Firing event: type= changeOrientation name= widget=null
I/WindowManager(   61): Setting rotation to 1, animFlags=1
I/ActivityManager(   61): Config changed: { scale=1.0 imsi=310/260 loc=en_US touch=3 keys=2/1/2 nav=1/1 orien=2 layout=18 uiMode=17 seq=7}
I/nofatclips(  289): Waiting for 100 msec.
D/dalvikvm(  127): GC_CONCURRENT freed 227K, 51% free 2807K/5703K, external 961K/1038K, paused 10ms+32ms
W/WindowManager(   61): Window freeze timeout expired.
W/WindowManager(   61): Force clearing orientation change: Window{40751318 org.wordpress.android/org.wordpress.android.Dashboard paused=false}
I/nofatclips(  289): Current activity is Dashboard
I/nofatclips(  289): Retrieving widgets
D/nofatclips(  289): Found widget: id=16908290 (android.widget.FrameLayout@405a16e0)
D/nofatclips(  289): Found widget: id=2131165248 (android.widget.RelativeLayout@405a23e0)
D/nofatclips(  289): Found widget: id=2131165249 (android.widget.LinearLayout@405a2a48)
D/nofatclips(  289): Found widget: id=-1 (android.widget.ImageView@405a2f90)
D/nofatclips(  289): Found widget: id=2131165250 (org.wordpress.android.util.WPTitleBar@4059c968)
D/nofatclips(  289): Found widget: id=2131165195 (android.widget.RelativeLayout@4050efe8)
D/nofatclips(  289): Found widget: id=2131165196 (android.widget.RelativeLayout@40569298)
D/nofatclips(  289): Found widget: id=2131165197 (android.widget.ImageView@4059dc00)
D/nofatclips(  289): Found widget: id=2131165198 (android.widget.TextView@40542608): Katie's Sweet Testing Blog
D/nofatclips(  289): Found widget: id=2131165199 (android.widget.ImageView@4055de98)
D/nofatclips(  289): Found widget: id=-1 (android.widget.RelativeLayout@4057a200)
D/nofatclips(  289): Found widget: id=2131165200 (android.widget.ImageButton@4059e128)
D/nofatclips(  289): Found widget: id=-1 (android.widget.FrameLayout@4057b6b0)
D/nofatclips(  289): Found widget: id=2131165201 (android.widget.Button@40542fd0): 
D/nofatclips(  289): Found widget: id=2131165202 (android.widget.ImageView@40594560)
D/nofatclips(  289): Found widget: id=2131165203 (android.widget.ImageView@4053d7c8)
D/nofatclips(  289): Found widget: id=2131165249 (android.widget.LinearLayout@406fd818)
D/nofatclips(  289): Found widget: id=-1 (android.widget.FrameLayout@4069ed60)
D/nofatclips(  289): Found widget: id=-1 (android.widget.LinearLayout@407738e0)
D/nofatclips(  289): Found widget: id=-1 (android.widget.LinearLayout@407748f0)
D/nofatclips(  289): Found widget: id=-1 (android.widget.LinearLayout@40871020)
D/nofatclips(  289): Found widget: id=2131165251 (android.widget.LinearLayout@406c4400)
D/nofatclips(  289): Found widget: id=-1 (android.widget.ImageView@406bb608)
D/nofatclips(  289): Found widget: id=-1 (android.widget.TextView@40552df8): New Post
D/nofatclips(  289): Found widget: id=2131165252 (android.widget.LinearLayout@4071c2a8)
D/nofatclips(  289): Found widget: id=-1 (android.widget.ImageView@40723778)
D/nofatclips(  289): Found widget: id=-1 (android.widget.TextView@405b4c30): Quick Photo
D/nofatclips(  289): Found widget: id=-1 (android.widget.LinearLayout@40724910)
D/nofatclips(  289): Found widget: id=2131165253 (android.widget.LinearLayout@407259c8)
D/nofatclips(  289): Found widget: id=-1 (android.widget.ImageView@4072ad60)
D/nofatclips(  289): Found widget: id=-1 (android.widget.TextView@405d0950): New Page
D/nofatclips(  289): Found widget: id=2131165254 (android.widget.LinearLayout@407fcb20)
D/nofatclips(  289): Found widget: id=-1 (android.widget.ImageView@40913170)
D/nofatclips(  289): Found widget: id=-1 (android.widget.TextView@405e0db8): Quick Video
D/nofatclips(  289): Found widget: id=-1 (android.widget.LinearLayout@4091e860)
D/nofatclips(  289): Found widget: id=-1 (android.widget.LinearLayout@4063a998)
D/nofatclips(  289): Found widget: id=2131165255 (android.widget.LinearLayout@406d4a40)
D/nofatclips(  289): Found widget: id=-1 (android.widget.ImageView@408b7960)
D/nofatclips(  289): Found widget: id=2131165256 (android.widget.TextView@40568310): Posts
D/nofatclips(  289): Found widget: id=2131165257 (android.widget.LinearLayout@4067b550)
D/nofatclips(  289): Found widget: id=-1 (android.widget.ImageView@40621888)
D/nofatclips(  289): Found widget: id=2131165256 (android.widget.TextView@406a8708): Pages
D/nofatclips(  289): Found widget: id=-1 (android.widget.FrameLayout@405f3d78)
D/nofatclips(  289): Found widget: id=2131165258 (android.widget.LinearLayout@405f3ed0)
D/nofatclips(  289): Found widget: id=-1 (android.widget.ImageView@407e9a08)
D/nofatclips(  289): Found widget: id=2131165256 (android.widget.TextView@4071d058): Comments
D/nofatclips(  289): Found widget: id=2131165259 (android.widget.FrameLayout@4054d158)
D/nofatclips(  289): Found widget: id=2131165260 (android.widget.ImageView@405eb9b8)
D/nofatclips(  289): Found widget: id=2131165261 (org.wordpress.android.util.CommentBadgeTextView@4061f598): 0
D/nofatclips(  289): Found widget: id=-1 (android.widget.LinearLayout@4054cdc8)
D/nofatclips(  289): Found widget: id=2131165262 (android.widget.LinearLayout@40591af0)
D/nofatclips(  289): Found widget: id=-1 (android.widget.ImageView@40723a98)
D/nofatclips(  289): Found widget: id=2131165256 (android.widget.TextView@405f2d00): Settings
D/nofatclips(  289): Found widget: id=2131165263 (android.widget.LinearLayout@40601a80)
D/nofatclips(  289): Found widget: id=-1 (android.widget.ImageView@405eb7e8)
D/nofatclips(  289): Found widget: id=2131165256 (android.widget.TextView@40595210): Read
D/nofatclips(  289): Found widget: id=2131165264 (android.widget.LinearLayout@40649d80)
D/nofatclips(  289): Found widget: id=-1 (android.widget.ImageView@406e3a40)
D/nofatclips(  289): Found widget: id=2131165256 (android.widget.TextView@407182d0): Stats
D/nofatclips(  289): Found widget: id=-1 (com.android.internal.policy.impl.PhoneWindow$DecorView@405a0de0)
V/nicola  (  289): TextualID : blog_title
V/nicola  (  289): ContentType detected : default
V/nicola  (  289): TextualID : action_refresh
V/nicola  (  289): ContentType detected : default
V/nicola  (  289): TextualID : null
V/nicola  (  289): ContentType detected : default
V/nicola  (  289): TextualID : null
V/nicola  (  289): ContentType detected : default
V/nicola  (  289): TextualID : null
V/nicola  (  289): ContentType detected : default
V/nicola  (  289): TextualID : null
V/nicola  (  289): ContentType detected : default
V/nicola  (  289): TextualID : button_text
V/nicola  (  289): ContentType detected : default
V/nicola  (  289): TextualID : button_text
V/nicola  (  289): ContentType detected : default
V/nicola  (  289): TextualID : button_text
V/nicola  (  289): ContentType detected : default
V/nicola  (  289): TextualID : button_text
V/nicola  (  289): ContentType detected : default
V/nicola  (  289): TextualID : button_text
V/nicola  (  289): ContentType detected : default
V/nicola  (  289): TextualID : button_text
V/nicola  (  289): ContentType detected : default
I/nofatclips(  289): Performing comparation for activity Dashboard
D/nofatclips(  289): Comparing against activity ViewStats
D/nofatclips(  289): Comparing against activity Read
D/nofatclips(  289): Comparing against activity Dashboard
D/nofatclips(  289): Comparing against activity Read
D/nofatclips(  289): Comparing against activity ViewStats
D/nofatclips(  289): Comparing against activity Dashboard
D/nofatclips(  289): Comparing against activity ViewStats
D/nofatclips(  289): Comparing against activity ViewStats
I/nofatclips(  289): Registering activity Dashboard (id: a11) as a new found state
D/nofatclips(  289): Performing backup of the old activity list on disk
D/nofatclips(  289): Saving new found state 'a11' on disk
V/nofatclips(  289): Opening state file in append mode.
D/dalvikvm(  289): GC_EXTERNAL_ALLOC freed 1033K, 60% free 3916K/9607K, external 2549K/2706K, paused 97ms
I/nofatclips(  289): Saved image on disk: a11.jpg
I/nofatclips(  289): Waiting for 100 msec.
I/nofatclips(  289): Session count is 1. Will dump to disk at 1
I/nofatclips(  289): Saving the session on disk.
I/nofatclips(  289): Planning for new Activity Dashboard
D/nofatclips(  289): Handling event 'click' on widget id=2131165200 type=button name=
D/dalvikvm(   61): GC_EXPLICIT freed 16K, 46% free 4113K/7559K, external 1316K/1828K, paused 274ms
D/nofatclips(  289): Handling event 'click' on widget id=2131165201 type=button name=
D/nofatclips(  289): Handling event 'click' on widget id=2131165249 type=linearLayout name=
D/nofatclips(  289): Handling event 'click' on widget id=2131165251 type=linearLayout name=
D/nofatclips(  289): Handling event 'click' on widget id=2131165252 type=linearLayout name=
D/nofatclips(  289): Handling event 'click' on widget id=2131165253 type=linearLayout name=
D/nofatclips(  289): Handling event 'click' on widget id=2131165254 type=linearLayout name=
D/nofatclips(  289): Handling event 'click' on widget id=2131165255 type=linearLayout name=
D/nofatclips(  289): Handling event 'click' on widget id=2131165257 type=linearLayout name=
D/nofatclips(  289): Handling event 'click' on widget id=2131165258 type=linearLayout name=
D/dalvikvm(  289): GC_CONCURRENT freed 1085K, 59% free 3994K/9607K, external 2767K/2767K, paused 4ms+5ms
D/nofatclips(  289): Handling event 'click' on widget id=2131165262 type=linearLayout name=
D/nofatclips(  289): Handling event 'click' on widget id=2131165263 type=linearLayout name=
D/nofatclips(  289): Handling event 'click' on widget id=2131165264 type=linearLayout name=
I/nofatclips(  289): Created trace to press the back button
I/nofatclips(  289): Created trace to press the menu button
I/nofatclips(  289): Created trace to change orientation
D/dalvikvm(  289): GC_CONCURRENT freed 1468K, 59% free 3940K/9607K, external 2167K/2767K, paused 4ms+4ms
I/nofatclips(  289): Check for termination: 90 steps left of 100
I/nofatclips(  289): Dispatching new task. 2 more tasks remaining.
D/nofatclips(  289): Performing backup of the old task list on disk
D/nofatclips(  289): Saving task list on disk
V/nofatclips(  289): Backing up trace #103 to disk.
V/nofatclips(  289): Backing up trace #104 to disk.
D/nofatclips(  289): Deleting backup of the old task list from disk
D/nofatclips(  289): Deleting backup of the old activity list from disk
I/nofatclips(  289): Incrementally Playing Trace 104
I/nofatclips(  289): Retrieved from return list id=2131165255
D/nofatclips(  289): Testing for type (android.widget.LinearLayout) against the original (android.widget.LinearLayout)
D/nofatclips(  289): Testing for name () against the original ()
I/nofatclips(  289): Firing event: type= click index=36 widget=android.widget.LinearLayout
D/nofatclips(  289): Event description: Posts
I/ActivityManager(   61): Starting: Intent { cmp=org.wordpress.android/.Posts } from pid 289
I/nofatclips(  289): Waiting for 100 msec.
D/dalvikvm(  289): GC_CONCURRENT freed 1102K, 59% free 3991K/9607K, external 2356K/2767K, paused 17ms+19ms
I/ActivityManager(   61): Displayed org.wordpress.android/.Posts: +1s759ms
W/ImageDownloader(  289): Error 404 while retrieving bitmap from http://gravatar.com/blavatar/44d338f29053dbb888da79dcf98df489?s=60&d=404
I/WordPress(  289): response = HTTP/1.1 200 OK
D/dalvikvm(  289): GREF has increased to 201
I/nofatclips(  289): Current activity is Posts
I/nofatclips(  289): Retrieving widgets
D/nofatclips(  289): Found widget: id=16908290 (android.widget.FrameLayout@409254e0)
D/nofatclips(  289): Found widget: id=2131165323 (android.widget.RelativeLayout@406e5628)
D/nofatclips(  289): Found widget: id=2131165324 (android.widget.LinearLayout@407fe190)
D/nofatclips(  289): Found widget: id=2131165325 (android.support.v4.app.NoSaveStateFrameLayout@405f01b8)
D/nofatclips(  289): Found widget: id=-1 (android.widget.FrameLayout@406ef0f8)
D/nofatclips(  289): Found widget: id=16711681 (android.widget.TextView@406764e8): 
D/nofatclips(  289): Found widget: id=16908298 (android.widget.ListView@40676a00)
D/nofatclips(  289): Found widget: id=4 (android.widget.LinearLayout@4091dde0)
D/nofatclips(  289): Found widget: id=2131165236 (android.widget.TextView@406a4920): Posts
D/nofatclips(  289): Found widget: id=-1 (android.widget.LinearLayout@40908c80)
D/nofatclips(  289): Found widget: id=2131165341 (android.widget.TextView@4091b030): 
D/nofatclips(  289): Found widget: id=2131165280 (android.widget.TextView@4069d648): 
D/nofatclips(  289): Found widget: id=1 (android.widget.LinearLayout@406f4eb8)
D/nofatclips(  289): Found widget: id=2131165236 (android.widget.TextView@40558850): 90
D/nofatclips(  289): Found widget: id=-1 (android.widget.LinearLayout@4071bee8)
D/nofatclips(  289): Found widget: id=2131165341 (android.widget.TextView@40724520): 9:01pm, Jul 22, 2014
D/nofatclips(  289): Found widget: id=2131165280 (android.widget.TextView@4086f908): Private
D/nofatclips(  289): Found widget: id=2 (android.widget.LinearLayout@4060bf28)
D/nofatclips(  289): Found widget: id=2131165236 (android.widget.TextView@40617030): 90
D/nofatclips(  289): Found widget: id=-1 (android.widget.LinearLayout@40622930)
D/nofatclips(  289): Found widget: id=2131165341 (android.widget.TextView@407774e0): 8:47pm, Jul 22, 2014
D/nofatclips(  289): Found widget: id=2131165280 (android.widget.TextView@408be2b8): Published
D/nofatclips(  289): Found widget: id=3 (android.widget.LinearLayout@405760a8)
D/nofatclips(  289): Found widget: id=2131165236 (android.widget.TextView@40576240): Post Two
D/nofatclips(  289): Found widget: id=-1 (android.widget.LinearLayout@406388d8)
D/nofatclips(  289): Found widget: id=2131165341 (android.widget.TextView@406be250): 6:56pm, Jul 21, 2014
D/nofatclips(  289): Found widget: id=2131165280 (android.widget.TextView@406e94c8): Published
D/nofatclips(  289): Found widget: id=4 (android.widget.LinearLayout@406e2c78)
D/nofatclips(  289): Found widget: id=2131165236 (android.widget.TextView@406f44a0): Post One
D/nofatclips(  289): Found widget: id=-1 (android.widget.LinearLayout@40725640)
D/nofatclips(  289): Found widget: id=2131165341 (android.widget.TextView@405b9eb0): 6:54pm, Jul 21, 2014
D/nofatclips(  289): Found widget: id=2131165280 (android.widget.TextView@406aa910): Published
D/nofatclips(  289): Found widget: id=2131165326 (org.wordpress.android.util.WPTitleBar@405f06a0)
D/nofatclips(  289): Found widget: id=2131165195 (android.widget.RelativeLayout@40914a88)
D/nofatclips(  289): Found widget: id=2131165196 (android.widget.RelativeLayout@4069f430)
D/nofatclips(  289): Found widget: id=2131165197 (android.widget.ImageView@4064fe00)
D/nofatclips(  289): Found widget: id=2131165198 (android.widget.TextView@405fa198): Katie's Sweet Testing Blog
D/nofatclips(  289): Found widget: id=2131165199 (android.widget.ImageView@40686f00)
D/nofatclips(  289): Found widget: id=-1 (android.widget.RelativeLayout@40687488)
D/nofatclips(  289): Found widget: id=2131165200 (android.widget.ImageButton@40773b88)
D/nofatclips(  289): Found widget: id=-1 (android.widget.FrameLayout@40774608)
D/nofatclips(  289): Found widget: id=2131165201 (android.widget.Button@406b14a8): 
D/nofatclips(  289): Found widget: id=2131165202 (android.widget.ImageView@4079a5a0)
D/nofatclips(  289): Found widget: id=2131165203 (android.widget.ImageView@4079aad8)
D/nofatclips(  289): Found widget: id=2131165204 (android.widget.LinearLayout@4075b068)
D/nofatclips(  289): Found widget: id=-1 (android.widget.FrameLayout@4075ba38)
D/nofatclips(  289): Found widget: id=-1 (android.widget.LinearLayout@406d1c90)
D/nofatclips(  289): Found widget: id=-1 (android.widget.LinearLayout@406d2148)
D/nofatclips(  289): Found widget: id=-1 (android.widget.LinearLayout@406d2368)
D/nofatclips(  289): Found widget: id=2131165251 (android.widget.LinearLayout@407d16f0)
D/nofatclips(  289): Found widget: id=-1 (android.widget.ImageView@407d2168)
D/nofatclips(  289): Found widget: id=-1 (android.widget.TextView@405f8900): New Post
D/nofatclips(  289): Found widget: id=2131165252 (android.widget.LinearLayout@405f94e0)
D/nofatclips(  289): Found widget: id=-1 (android.widget.ImageView@406ce690)
D/nofatclips(  289): Found widget: id=-1 (android.widget.TextView@406ce8b8): Quick Photo
D/nofatclips(  289): Found widget: id=-1 (android.widget.LinearLayout@4061bae0)
D/nofatclips(  289): Found widget: id=2131165253 (android.widget.LinearLayout@4061bd00)
D/nofatclips(  289): Found widget: id=-1 (android.widget.ImageView@4061c730)
D/nofatclips(  289): Found widget: id=-1 (android.widget.TextView@40870010): New Page
D/nofatclips(  289): Found widget: id=2131165254 (android.widget.LinearLayout@40870458)
D/nofatclips(  289): Found widget: id=-1 (android.widget.ImageView@40870c58)
D/nofatclips(  289): Found widget: id=-1 (android.widget.TextView@407ef880): Quick Video
D/nofatclips(  289): Found widget: id=-1 (android.widget.LinearLayout@407efcf0)
D/nofatclips(  289): Found widget: id=-1 (android.widget.LinearLayout@407f0050)
D/nofatclips(  289): Found widget: id=2131165255 (android.widget.LinearLayout@407f0270)
D/nofatclips(  289): Found widget: id=-1 (android.widget.ImageView@40944338)
D/nofatclips(  289): Found widget: id=2131165256 (android.widget.TextView@40944560): Posts
D/nofatclips(  289): Found widget: id=2131165257 (android.widget.LinearLayout@409449f0)
D/nofatclips(  289): Found widget: id=-1 (android.widget.ImageView@40686148)
D/nofatclips(  289): Found widget: id=2131165256 (android.widget.TextView@40686370): Pages
D/nofatclips(  289): Found widget: id=-1 (android.widget.FrameLayout@4073eab0)
D/nofatclips(  289): Found widget: id=2131165258 (android.widget.LinearLayout@4073ecd8)
D/nofatclips(  289): Found widget: id=-1 (android.widget.ImageView@4073f718)
D/nofatclips(  289): Found widget: id=2131165256 (android.widget.TextView@40611500): Comments
D/nofatclips(  289): Found widget: id=2131165259 (android.widget.FrameLayout@406118c0)
D/nofatclips(  289): Found widget: id=2131165260 (android.widget.ImageView@40611b28)
D/nofatclips(  289): Found widget: id=2131165261 (org.wordpress.android.util.CommentBadgeTextView@40611df8): 0
D/nofatclips(  289): Found widget: id=-1 (android.widget.LinearLayout@406bc1d0)
D/nofatclips(  289): Found widget: id=2131165262 (android.widget.LinearLayout@406bc320)
D/nofatclips(  289): Found widget: id=-1 (android.widget.ImageView@406bcb20)
D/nofatclips(  289): Found widget: id=2131165256 (android.widget.TextView@406bcd58): Settings
D/nofatclips(  289): Found widget: id=2131165263 (android.widget.LinearLayout@40600640)
