D/nofatclips(  289): Found widget: id=2131165256 (android.widget.TextView@405786c8): Quick Photo
D/nofatclips(  289): Found widget: id=2131165254 (android.widget.LinearLayout@405481d8)
D/nofatclips(  289): Found widget: id=-1 (android.widget.ImageView@40532550)
D/nofatclips(  289): Found widget: id=2131165256 (android.widget.TextView@40578f38): Quick Video
D/nofatclips(  289): Found widget: id=-1 (android.widget.LinearLayout@4052f400)
D/nofatclips(  289): Found widget: id=-1 (android.widget.LinearLayout@40534c20)
D/nofatclips(  289): Found widget: id=2131165255 (android.widget.LinearLayout@40535ee8)
D/nofatclips(  289): Found widget: id=-1 (android.widget.ImageView@40543590)
D/nofatclips(  289): Found widget: id=2131165256 (android.widget.TextView@405795c0): Posts
D/nofatclips(  289): Found widget: id=2131165257 (android.widget.LinearLayout@40546950)
D/nofatclips(  289): Found widget: id=-1 (android.widget.ImageView@405695c8)
D/nofatclips(  289): Found widget: id=2131165256 (android.widget.TextView@40538218): Pages
D/nofatclips(  289): Found widget: id=-1 (android.widget.FrameLayout@40535228)
D/nofatclips(  289): Found widget: id=2131165258 (android.widget.LinearLayout@40540f10)
D/nofatclips(  289): Found widget: id=-1 (android.widget.ImageView@40537928)
D/nofatclips(  289): Found widget: id=2131165256 (android.widget.TextView@4053a1c8): Comments
D/nofatclips(  289): Found widget: id=2131165259 (android.widget.FrameLayout@40545400)
D/nofatclips(  289): Found widget: id=2131165260 (android.widget.ImageView@40546f20)
D/nofatclips(  289): Found widget: id=2131165261 (org.wordpress.android.util.CommentBadgeTextView@4053b1e0): 0
D/nofatclips(  289): Found widget: id=-1 (android.widget.LinearLayout@40539fa0)
D/nofatclips(  289): Found widget: id=2131165262 (android.widget.LinearLayout@405415b8)
D/nofatclips(  289): Found widget: id=-1 (android.widget.ImageView@40541ec0)
D/nofatclips(  289): Found widget: id=2131165256 (android.widget.TextView@40541800): Settings
D/nofatclips(  289): Found widget: id=2131165263 (android.widget.LinearLayout@40544e58)
D/nofatclips(  289): Found widget: id=-1 (android.widget.ImageView@40560db0)
D/nofatclips(  289): Found widget: id=2131165256 (android.widget.TextView@40543b40): Read
D/nofatclips(  289): Found widget: id=2131165264 (android.widget.LinearLayout@40562498)
D/nofatclips(  289): Found widget: id=-1 (android.widget.ImageView@40564d50)
D/nofatclips(  289): Found widget: id=2131165256 (android.widget.TextView@40550898): Stats
D/nofatclips(  289): Found widget: id=-1 (com.android.internal.policy.impl.PhoneWindow$DecorView@405a0de0)
V/nicola  (  289): TextualID : blog_title
V/nicola  (  289): ContentType detected : default
V/nicola  (  289): TextualID : action_refresh
V/nicola  (  289): ContentType detected : default
V/nicola  (  289): TextualID : button_text
V/nicola  (  289): ContentType detected : default
V/nicola  (  289): TextualID : button_text
V/nicola  (  289): ContentType detected : default
V/nicola  (  289): TextualID : button_text
V/nicola  (  289): ContentType detected : default
V/nicola  (  289): TextualID : button_text
V/nicola  (  289): ContentType detected : default
V/nicola  (  289): TextualID : button_text
V/nicola  (  289): ContentType detected : default
V/nicola  (  289): TextualID : button_text
V/nicola  (  289): ContentType detected : default
V/nicola  (  289): TextualID : button_text
V/nicola  (  289): ContentType detected : default
V/nicola  (  289): TextualID : button_text
V/nicola  (  289): ContentType detected : default
V/nicola  (  289): TextualID : button_text
V/nicola  (  289): ContentType detected : default
V/nicola  (  289): TextualID : button_text
V/nicola  (  289): ContentType detected : default
I/nofatclips(  289): Attempting to resume previous session
I/nofatclips(  289): Memoryless engine: the task file will not be loaded. Looking for crashed traces.
I/nofatclips(  289): Reading task file
V/nofatclips(  289): Discarding trace #15
I/nofatclips(  289): Stateless comparator: the state file will not be loaded.
D/dalvikvm(  289): GetFieldID: unable to find field Ljava/util/Hashtable;.loadFactor:F
D/dalvikvm(  289): GetFieldID: unable to find field Ljava/util/Hashtable;.loadFactor:F
D/dalvikvm(  289): GetFieldID: unable to find field Ljava/util/Hashtable;.loadFactor:F
D/dalvikvm(  289): GetFieldID: unable to find field Ljava/util/Hashtable;.loadFactor:F
D/dalvikvm(  289): GetFieldID: unable to find field Ljava/util/Hashtable;.loadFactor:F
D/dalvikvm(  289): GetFieldID: unable to find field Ljava/util/Hashtable;.loadFactor:F
D/nofatclips(  289): Backup session footer restored to 
D/nofatclips(  289): </SESSION>
D/nofatclips(  289): Restored random counter to: 17
D/nofatclips(  289): Restored trace count to 17
D/nofatclips(  289): Current step countdown restored to 99
D/nofatclips(  289): Restored abstractor counters to: event = 17 - input = 0 - activity = 2
I/nofatclips(  289): Saving the session on disk.
D/dalvikvm(  289): GC_CONCURRENT freed 629K, 51% free 3159K/6407K, external 1812K/2324K, paused 3ms+4ms
I/nofatclips(  289): Planning for new Activity Dashboard
D/nofatclips(  289): Handling event 'click' on widget id=2131165200 type=button name=
D/nofatclips(  289): Handling event 'click' on widget id=2131165201 type=button name=
D/nofatclips(  289): Handling event 'click' on widget id=2131165204 type=linearLayout name=
D/nofatclips(  289): Handling event 'click' on widget id=2131165251 type=linearLayout name=
D/nofatclips(  289): Handling event 'click' on widget id=2131165253 type=linearLayout name=
D/nofatclips(  289): Handling event 'click' on widget id=2131165252 type=linearLayout name=
D/szipinf (  135): Initializing inflate state
D/dalvikvm(  125): GREF has increased to 201
D/dalvikvm(  289): GC_CONCURRENT freed 698K, 51% free 3236K/6535K, external 1812K/2324K, paused 2ms+5ms
I/dalvikvm(  289): Jit: resizing JitTable from 512 to 1024
D/nofatclips(  289): Handling event 'click' on widget id=2131165254 type=linearLayout name=
D/nofatclips(  289): Handling event 'click' on widget id=2131165255 type=linearLayout name=
D/nofatclips(  289): Handling event 'click' on widget id=2131165257 type=linearLayout name=
D/nofatclips(  289): Handling event 'click' on widget id=2131165258 type=linearLayout name=
D/nofatclips(  289): Handling event 'click' on widget id=2131165262 type=linearLayout name=
D/nofatclips(  289): Handling event 'click' on widget id=2131165263 type=linearLayout name=
D/nofatclips(  289): Handling event 'click' on widget id=2131165264 type=linearLayout name=
D/dalvikvm(  289): GC_CONCURRENT freed 793K, 52% free 3252K/6663K, external 1812K/2324K, paused 2ms+3ms
I/nofatclips(  289): Created trace to press the menu button
I/nofatclips(  289): Created trace to change orientation
I/nofatclips(  289): Dispatching new task. 2 more tasks remaining.
D/nofatclips(  289): Performing backup of the old task list on disk
D/nofatclips(  289): Saving task list on disk
V/nofatclips(  289): Backing up trace #30 to disk.
V/nofatclips(  289): Backing up trace #31 to disk.
D/nofatclips(  289): Deleting backup of the old task list from disk
I/nofatclips(  289): Restarting
V/MediaProvider(  230): Attached volume: external
D/dalvikvm(  135): GC_EXPLICIT freed 163K, 49% free 3020K/5831K, external 3075K/3257K, paused 46ms
V/MediaScanner(  230): pruneDeadThumbnailFiles... android.database.sqlite.SQLiteCursor@40590fc0
V/MediaScanner(  230): /pruneDeadThumbnailFiles... android.database.sqlite.SQLiteCursor@40590fc0
D/MediaScanner(  230):  prescan time: 106ms
D/MediaScanner(  230):     scan time: 2ms
D/MediaScanner(  230): postscan time: 8ms
D/MediaScanner(  230):    total time: 116ms
D/MediaScannerService(  230): done scanning volume external
I/nofatclips(  289): Waiting for 100 msec.
D/nofatclips(  289): Ready to operate after restarting...
I/nofatclips(  289): Retrieving widgets
D/nofatclips(  289): Found widget: id=16908290 (android.widget.FrameLayout@405a16e0)
D/nofatclips(  289): Found widget: id=2131165248 (android.widget.RelativeLayout@405a23e0)
D/nofatclips(  289): Found widget: id=2131165249 (android.widget.LinearLayout@405a2a48)
D/nofatclips(  289): Found widget: id=-1 (android.widget.ImageView@405a2f90)
D/nofatclips(  289): Found widget: id=2131165250 (org.wordpress.android.util.WPTitleBar@4059c968)
D/nofatclips(  289): Found widget: id=2131165195 (android.widget.RelativeLayout@4050efe8)
D/nofatclips(  289): Found widget: id=2131165196 (android.widget.RelativeLayout@40569298)
D/nofatclips(  289): Found widget: id=2131165197 (android.widget.ImageView@4059dc00)
D/nofatclips(  289): Found widget: id=2131165198 (android.widget.TextView@40542608): Katie's Sweet Testing Blog
D/nofatclips(  289): Found widget: id=2131165199 (android.widget.ImageView@4055de98)
D/nofatclips(  289): Found widget: id=-1 (android.widget.RelativeLayout@4057a200)
D/nofatclips(  289): Found widget: id=2131165200 (android.widget.ImageButton@4059e128)
D/nofatclips(  289): Found widget: id=-1 (android.widget.FrameLayout@4057b6b0)
D/nofatclips(  289): Found widget: id=2131165201 (android.widget.Button@40542fd0): 
D/nofatclips(  289): Found widget: id=2131165202 (android.widget.ImageView@40594560)
D/nofatclips(  289): Found widget: id=2131165203 (android.widget.ImageView@4053d7c8)
D/nofatclips(  289): Found widget: id=2131165204 (android.widget.LinearLayout@40569ea0)
D/nofatclips(  289): Found widget: id=-1 (android.widget.FrameLayout@4059d998)
D/nofatclips(  289): Found widget: id=-1 (android.widget.LinearLayout@40530970)
D/nofatclips(  289): Found widget: id=-1 (android.widget.LinearLayout@4050edf8)
D/nofatclips(  289): Found widget: id=-1 (android.widget.LinearLayout@4052ff90)
D/nofatclips(  289): Found widget: id=2131165251 (android.widget.LinearLayout@40530648)
D/nofatclips(  289): Found widget: id=-1 (android.widget.ImageView@40591008)
D/nofatclips(  289): Found widget: id=2131165256 (android.widget.TextView@4056bb98): New Post
D/nofatclips(  289): Found widget: id=2131165253 (android.widget.LinearLayout@4059cba0)
D/nofatclips(  289): Found widget: id=-1 (android.widget.ImageView@405319b0)
D/nofatclips(  289): Found widget: id=2131165256 (android.widget.TextView@4056c4d0): New Page
D/nofatclips(  289): Found widget: id=-1 (android.widget.LinearLayout@40533c68)
D/nofatclips(  289): Found widget: id=2131165252 (android.widget.LinearLayout@40531658)
D/nofatclips(  289): Found widget: id=-1 (android.widget.ImageView@40539b60)
D/nofatclips(  289): Found widget: id=2131165256 (android.widget.TextView@405786c8): Quick Photo
D/nofatclips(  289): Found widget: id=2131165254 (android.widget.LinearLayout@405481d8)
D/nofatclips(  289): Found widget: id=-1 (android.widget.ImageView@40532550)
D/nofatclips(  289): Found widget: id=2131165256 (android.widget.TextView@40578f38): Quick Video
D/nofatclips(  289): Found widget: id=-1 (android.widget.LinearLayout@4052f400)
D/nofatclips(  289): Found widget: id=-1 (android.widget.LinearLayout@40534c20)
D/nofatclips(  289): Found widget: id=2131165255 (android.widget.LinearLayout@40535ee8)
D/nofatclips(  289): Found widget: id=-1 (android.widget.ImageView@40543590)
D/nofatclips(  289): Found widget: id=2131165256 (android.widget.TextView@405795c0): Posts
D/nofatclips(  289): Found widget: id=2131165257 (android.widget.LinearLayout@40546950)
D/nofatclips(  289): Found widget: id=-1 (android.widget.ImageView@405695c8)
D/nofatclips(  289): Found widget: id=2131165256 (android.widget.TextView@40538218): Pages
D/nofatclips(  289): Found widget: id=-1 (android.widget.FrameLayout@40535228)
D/nofatclips(  289): Found widget: id=2131165258 (android.widget.LinearLayout@40540f10)
D/nofatclips(  289): Found widget: id=-1 (android.widget.ImageView@40537928)
D/nofatclips(  289): Found widget: id=2131165256 (android.widget.TextView@4053a1c8): Comments
D/nofatclips(  289): Found widget: id=2131165259 (android.widget.FrameLayout@40545400)
D/nofatclips(  289): Found widget: id=2131165260 (android.widget.ImageView@40546f20)
D/nofatclips(  289): Found widget: id=2131165261 (org.wordpress.android.util.CommentBadgeTextView@4053b1e0): 0
D/nofatclips(  289): Found widget: id=-1 (android.widget.LinearLayout@40539fa0)
D/nofatclips(  289): Found widget: id=2131165262 (android.widget.LinearLayout@405415b8)
D/nofatclips(  289): Found widget: id=-1 (android.widget.ImageView@40541ec0)
D/nofatclips(  289): Found widget: id=2131165256 (android.widget.TextView@40541800): Settings
D/nofatclips(  289): Found widget: id=2131165263 (android.widget.LinearLayout@40544e58)
D/nofatclips(  289): Found widget: id=-1 (android.widget.ImageView@40560db0)
D/nofatclips(  289): Found widget: id=2131165256 (android.widget.TextView@40543b40): Read
D/nofatclips(  289): Found widget: id=2131165264 (android.widget.LinearLayout@40562498)
D/nofatclips(  289): Found widget: id=-1 (android.widget.ImageView@40564d50)
D/nofatclips(  289): Found widget: id=2131165256 (android.widget.TextView@40550898): Stats
D/nofatclips(  289): Found widget: id=-1 (com.android.internal.policy.impl.PhoneWindow$DecorView@405a0de0)
I/nofatclips(  289): Playing Trace 31
I/nofatclips(  289): Retrieved from return list id=2131165263
D/nofatclips(  289): Testing for type (android.widget.LinearLayout) against the original (android.widget.LinearLayout)
D/nofatclips(  289): Testing for name () against the original ()
I/nofatclips(  289): Firing event: type= click index=53 widget=android.widget.LinearLayout
D/nofatclips(  289): Event description: Read
D/dalvikvm(  289): GC_CONCURRENT freed 780K, 52% free 3222K/6663K, external 1812K/2324K, paused 13ms+14ms
I/ActivityManager(   61): Starting: Intent { cmp=org.wordpress.android/.Read (has extras) } from pid 289
I/nofatclips(  289): Waiting for 100 msec.
I/ActivityManager(   61): Displayed org.wordpress.android/.Read: +1s707ms
I/nofatclips(  289): Current activity is Read
I/nofatclips(  289): Retrieving widgets
D/nofatclips(  289): Found widget: id=-1 (android.widget.LinearLayout@40595578)
D/nofatclips(  289): Found widget: id=16908662 (android.widget.RelativeLayout@40616e88)
D/nofatclips(  289): Found widget: id=16908812 (android.widget.ProgressBar@406052d8)
D/nofatclips(  289): Found widget: id=16908813 (android.widget.ProgressBar@40644868)
D/nofatclips(  289): Found widget: id=16908310 (android.widget.TextView@4060e8a0): Read
D/nofatclips(  289): Found widget: id=16908290 (android.widget.FrameLayout@40624e30)
D/nofatclips(  289): Found widget: id=-1 (android.widget.LinearLayout@40594b00)
D/nofatclips(  289): Found widget: id=2131165329 (android.webkit.WebView@4062e918)
D/nofatclips(  289): Found widget: id=-1 (com.android.internal.policy.impl.PhoneWindow$DecorView@405113c8)
V/nicola  (  289): TextualID : null
V/nicola  (  289): ContentType detected : default
V/ReflectionHelper(  289): android.webkit.WebView > mOnFocusChangeListener FOUND | NOT ACTIVE
I/nofatclips(  289): Performing comparation for activity Read
I/nofatclips(  289): Registering activity Read (id: a3) as a new found state
D/nofatclips(  289): Performing backup of the old activity list on disk
D/nofatclips(  289): Saving new found state 'a3' on disk
V/nofatclips(  289): Opening state file in append mode.
D/dalvikvm(  289): GC_EXTERNAL_ALLOC freed 493K, 51% free 3285K/6663K, external 1979K/2324K, paused 109ms
D/dalvikvm(  289): GC_EXTERNAL_ALLOC freed 16K, 51% free 3278K/6663K, external 3179K/3221K, paused 118ms
I/nofatclips(  289): Saved image on disk: a3.jpg
I/nofatclips(  289): Waiting for 100 msec.
D/dalvikvm(  289): GC_FOR_MALLOC freed 48K, 50% free 3342K/6663K, external 3179K/3970K, paused 48ms
I/nofatclips(  289): Session count is 1. Will dump to disk at 1
I/nofatclips(  289): Saving the session on disk.
I/nofatclips(  289): Planning for new Activity Read
D/nofatclips(  289): Handling event 'longClick' on widget id=2131165329 type=webPage name=
I/nofatclips(  289): Created trace to press the back button
I/nofatclips(  289): Created trace to press the menu button
I/nofatclips(  289): Created trace to change orientation
I/nofatclips(  289): Check for termination: 98 steps left of 100
I/nofatclips(  289): Dispatching new task. 2 more tasks remaining.
D/nofatclips(  289): Performing backup of the old task list on disk
D/nofatclips(  289): Saving task list on disk
V/nofatclips(  289): Backing up trace #34 to disk.
V/nofatclips(  289): Backing up trace #35 to disk.
D/nofatclips(  289): Deleting backup of the old task list from disk
D/nofatclips(  289): Deleting backup of the old activity list from disk
I/nofatclips(  289): Incrementally Playing Trace 35
I/nofatclips(  289): Retrieved from return list id=2131165329
D/nofatclips(  289): Testing for type (android.webkit.WebView) against the original (android.webkit.WebView)
D/nofatclips(  289): Testing for name () against the original ()
I/nofatclips(  289): Firing event: type= longClick index=7 widget=android.webkit.WebView
I/dalvikvm(  289): Jit: resizing JitTable from 1024 to 2048
W/KeyCharacterMap(  289): No keyboard for id 0
W/KeyCharacterMap(  289): Using default keymap: /system/usr/keychars/qwerty.kcm.bin
D/dalvikvm(  289): GC_CONCURRENT freed 1003K, 50% free 3694K/7303K, external 2579K/3221K, paused 5ms+16ms
D/dalvikvm(  289): GC_CONCURRENT freed 1231K, 51% free 3723K/7559K, external 2579K/3221K, paused 4ms+4ms
W/ResponseProcessCookies(  289): Invalid cookie header: "Set-Cookie: twostep_auth=+; expires=Mon, 29-Jul-2013 19:57:03 GMT; Max-Age=-31536000; path=/; domain=.wordpress.com". Negative max-age attribute: -31536000
W/ResponseProcessCookies(  289): Invalid cookie header: "Set-Cookie: wordpress=+; expires=Mon, 29-Jul-2013 19:57:03 GMT; Max-Age=-31536000; path=/wp-admin; domain=.wordpress.com". Negative max-age attribute: -31536000
W/ResponseProcessCookies(  289): Invalid cookie header: "Set-Cookie: wordpress_sec=+; expires=Mon, 29-Jul-2013 19:57:03 GMT; Max-Age=-31536000; path=/wp-admin; domain=.wordpress.com". Negative max-age attribute: -31536000
W/ResponseProcessCookies(  289): Invalid cookie header: "Set-Cookie: wordpress=+; expires=Mon, 29-Jul-2013 19:57:03 GMT; Max-Age=-31536000; path=/wp-content/plugins; domain=.wordpress.com". Negative max-age attribute: -31536000
W/ResponseProcessCookies(  289): Invalid cookie header: "Set-Cookie: wordpress_sec=+; expires=Mon, 29-Jul-2013 19:57:03 GMT; Max-Age=-31536000; path=/wp-content/plugins; domain=.wordpress.com". Negative max-age attribute: -31536000
W/ResponseProcessCookies(  289): Invalid cookie header: "Set-Cookie: wordpress_logged_in=+; expires=Mon, 29-Jul-2013 19:57:03 GMT; Max-Age=-31536000; path=/; domain=.wordpress.com". Negative max-age attribute: -31536000
W/ResponseProcessCookies(  289): Invalid cookie header: "Set-Cookie: wordpress_logged_in=+; expires=Mon, 29-Jul-2013 19:57:03 GMT; Max-Age=-31536000; path=/; domain=.wordpress.com". Negative max-age attribute: -31536000
W/ResponseProcessCookies(  289): Invalid cookie header: "Set-Cookie: wordpress=+; expires=Mon, 29-Jul-2013 19:57:03 GMT; Max-Age=-31536000; path=/; domain=.wordpress.com". Negative max-age attribute: -31536000
W/ResponseProcessCookies(  289): Invalid cookie header: "Set-Cookie: wordpress=+; expires=Mon, 29-Jul-2013 19:57:03 GMT; Max-Age=-31536000; path=/; domain=.wordpress.com". Negative max-age attribute: -31536000
W/ResponseProcessCookies(  289): Invalid cookie header: "Set-Cookie: wordpress_sec=+; expires=Mon, 29-Jul-2013 19:57:03 GMT; Max-Age=-31536000; path=/; domain=.wordpress.com". Negative max-age attribute: -31536000
W/ResponseProcessCookies(  289): Invalid cookie header: "Set-Cookie: wordpress_sec=+; expires=Mon, 29-Jul-2013 19:57:03 GMT; Max-Age=-31536000; path=/; domain=.wordpress.com". Negative max-age attribute: -31536000
W/ResponseProcessCookies(  289): Invalid cookie header: "Set-Cookie: wp_user=+; expires=Mon, 29-Jul-2013 19:57:03 GMT; Max-Age=-31536000; path=/; domain=.wordpress.com". Negative max-age attribute: -31536000
W/ResponseProcessCookies(  289): Invalid cookie header: "Set-Cookie: wp_pass=+; expires=Mon, 29-Jul-2013 19:57:03 GMT; Max-Age=-31536000; path=/; domain=.wordpress.com". Negative max-age attribute: -31536000
W/ResponseProcessCookies(  289): Invalid cookie header: "Set-Cookie: wp_user=+; expires=Mon, 29-Jul-2013 19:57:03 GMT; Max-Age=-31536000; path=/; domain=.wordpress.com". Negative max-age attribute: -31536000
W/ResponseProcessCookies(  289): Invalid cookie header: "Set-Cookie: wp_pass=+; expires=Mon, 29-Jul-2013 19:57:03 GMT; Max-Age=-31536000; path=/; domain=.wordpress.com". Negative max-age attribute: -31536000
I/nofatclips(  289): Waiting for 100 msec.
D/dalvikvm(  289): GC_CONCURRENT freed 933K, 47% free 4084K/7623K, external 2579K/3221K, paused 20ms+14ms
I/nofatclips(  289): Current activity is Read
I/nofatclips(  289): Retrieving widgets
D/nofatclips(  289): Found widget: id=-1 (android.widget.LinearLayout@40595578)
D/nofatclips(  289): Found widget: id=16908662 (android.widget.RelativeLayout@40616e88)
D/nofatclips(  289): Found widget: id=16908812 (android.widget.ProgressBar@406052d8)
D/nofatclips(  289): Found widget: id=16908813 (android.widget.ProgressBar@40644868)
D/nofatclips(  289): Found widget: id=16908310 (android.widget.TextView@4060e8a0): Loading...
D/nofatclips(  289): Found widget: id=16908290 (android.widget.FrameLayout@40624e30)
D/nofatclips(  289): Found widget: id=-1 (android.widget.LinearLayout@40594b00)
D/nofatclips(  289): Found widget: id=2131165329 (android.webkit.WebView@4062e918)
D/nofatclips(  289): Found widget: id=-1 (com.android.internal.policy.impl.PhoneWindow$DecorView@405113c8)
V/nicola  (  289): TextualID : null
V/nicola  (  289): ContentType detected : default
V/ReflectionHelper(  289): android.webkit.WebView > mOnFocusChangeListener FOUND | NOT ACTIVE
I/nofatclips(  289): Performing comparation for activity Read
D/nofatclips(  289): Comparing against activity Read
I/nofatclips(  289): Registering activity Read (id: a4) as a new found state
D/nofatclips(  289): Performing backup of the old activity list on disk
D/nofatclips(  289): Saving new found state 'a4' on disk
V/nofatclips(  289): Opening state file in append mode.
I/nofatclips(  289): Saved image on disk: a4.jpg
I/nofatclips(  289): Waiting for 100 msec.
I/nofatclips(  289): Session count is 1. Will dump to disk at 1
I/nofatclips(  289): Saving the session on disk.
I/nofatclips(  289): Planning for new Activity Read
D/nofatclips(  289): Handling event 'longClick' on widget id=2131165329 type=webPage name=
I/nofatclips(  289): Created trace to press the back button
I/nofatclips(  289): Created trace to press the menu button
I/nofatclips(  289): Created trace to change orientation
I/nofatclips(  289): Check for termination: 97 steps left of 100
I/nofatclips(  289): Dispatching new task. 2 more tasks remaining.
D/nofatclips(  289): Performing backup of the old task list on disk
D/nofatclips(  289): Saving task list on disk
V/nofatclips(  289): Backing up trace #38 to disk.
V/nofatclips(  289): Backing up trace #39 to disk.
D/nofatclips(  289): Deleting backup of the old task list from disk
D/nofatclips(  289): Deleting backup of the old activity list from disk
I/nofatclips(  289): Incrementally Playing Trace 39
D/nofatclips(  289): Firing event: type= back
W/KeyCharacterMap(  289): No keyboard for id 0
W/KeyCharacterMap(  289): Using default keymap: /system/usr/keychars/qwerty.kcm.bin
D/dalvikvm(   61): GC_CONCURRENT freed 735K, 45% free 4162K/7559K, external 1865K/3065K, paused 5ms+20ms
I/nofatclips(  289): Waiting for 100 msec.
I/nofatclips(  289): Current activity is Dashboard
I/nofatclips(  289): Retrieving widgets
D/nofatclips(  289): Found widget: id=16908290 (android.widget.FrameLayout@405a16e0)
D/nofatclips(  289): Found widget: id=2131165248 (android.widget.RelativeLayout@405a23e0)
D/nofatclips(  289): Found widget: id=2131165249 (android.widget.LinearLayout@405a2a48)
D/nofatclips(  289): Found widget: id=-1 (android.widget.ImageView@405a2f90)
D/nofatclips(  289): Found widget: id=2131165250 (org.wordpress.android.util.WPTitleBar@4059c968)
D/nofatclips(  289): Found widget: id=2131165195 (android.widget.RelativeLayout@4050efe8)
D/nofatclips(  289): Found widget: id=2131165196 (android.widget.RelativeLayout@40569298)
D/nofatclips(  289): Found widget: id=2131165197 (android.widget.ImageView@4059dc00)
D/nofatclips(  289): Found widget: id=2131165198 (android.widget.TextView@40542608): Katie's Sweet Testing Blog
D/nofatclips(  289): Found widget: id=2131165199 (android.widget.ImageView@4055de98)
D/nofatclips(  289): Found widget: id=-1 (android.widget.RelativeLayout@4057a200)
D/nofatclips(  289): Found widget: id=2131165200 (android.widget.ImageButton@4059e128)
D/nofatclips(  289): Found widget: id=-1 (android.widget.FrameLayout@4057b6b0)
D/nofatclips(  289): Found widget: id=2131165201 (android.widget.Button@40542fd0): 
D/nofatclips(  289): Found widget: id=2131165202 (android.widget.ImageView@40594560)
D/nofatclips(  289): Found widget: id=2131165203 (android.widget.ImageView@4053d7c8)
D/nofatclips(  289): Found widget: id=2131165204 (android.widget.LinearLayout@40569ea0)
D/nofatclips(  289): Found widget: id=-1 (android.widget.FrameLayout@4059d998)
D/nofatclips(  289): Found widget: id=-1 (android.widget.LinearLayout@40530970)
D/nofatclips(  289): Found widget: id=-1 (android.widget.LinearLayout@4050edf8)
D/nofatclips(  289): Found widget: id=-1 (android.widget.LinearLayout@4052ff90)
D/nofatclips(  289): Found widget: id=2131165251 (android.widget.LinearLayout@40530648)
D/nofatclips(  289): Found widget: id=-1 (android.widget.ImageView@40591008)
D/nofatclips(  289): Found widget: id=2131165256 (android.widget.TextView@4056bb98): New Post
D/nofatclips(  289): Found widget: id=2131165253 (android.widget.LinearLayout@4059cba0)
D/nofatclips(  289): Found widget: id=-1 (android.widget.ImageView@405319b0)
D/nofatclips(  289): Found widget: id=2131165256 (android.widget.TextView@4056c4d0): New Page
D/nofatclips(  289): Found widget: id=-1 (android.widget.LinearLayout@40533c68)
D/nofatclips(  289): Found widget: id=2131165252 (android.widget.LinearLayout@40531658)
D/nofatclips(  289): Found widget: id=-1 (android.widget.ImageView@40539b60)
D/nofatclips(  289): Found widget: id=2131165256 (android.widget.TextView@405786c8): Quick Photo
D/nofatclips(  289): Found widget: id=2131165254 (android.widget.LinearLayout@405481d8)
D/nofatclips(  289): Found widget: id=-1 (android.widget.ImageView@40532550)
D/nofatclips(  289): Found widget: id=2131165256 (android.widget.TextView@40578f38): Quick Video
D/nofatclips(  289): Found widget: id=-1 (android.widget.LinearLayout@4052f400)
D/nofatclips(  289): Found widget: id=-1 (android.widget.LinearLayout@40534c20)
D/nofatclips(  289): Found widget: id=2131165255 (android.widget.LinearLayout@40535ee8)
D/nofatclips(  289): Found widget: id=-1 (android.widget.ImageView@40543590)
D/nofatclips(  289): Found widget: id=2131165256 (android.widget.TextView@405795c0): Posts
D/nofatclips(  289): Found widget: id=2131165257 (android.widget.LinearLayout@40546950)
D/nofatclips(  289): Found widget: id=-1 (android.widget.ImageView@405695c8)
D/nofatclips(  289): Found widget: id=2131165256 (android.widget.TextView@40538218): Pages
D/nofatclips(  289): Found widget: id=-1 (android.widget.FrameLayout@40535228)
D/nofatclips(  289): Found widget: id=2131165258 (android.widget.LinearLayout@40540f10)
D/nofatclips(  289): Found widget: id=-1 (android.widget.ImageView@40537928)
D/nofatclips(  289): Found widget: id=2131165256 (android.widget.TextView@4053a1c8): Comments
D/nofatclips(  289): Found widget: id=2131165259 (android.widget.FrameLayout@40545400)
D/nofatclips(  289): Found widget: id=2131165260 (android.widget.ImageView@40546f20)
D/nofatclips(  289): Found widget: id=2131165261 (org.wordpress.android.util.CommentBadgeTextView@4053b1e0): 0
D/nofatclips(  289): Found widget: id=-1 (android.widget.LinearLayout@40539fa0)
D/nofatclips(  289): Found widget: id=2131165262 (android.widget.LinearLayout@405415b8)
D/nofatclips(  289): Found widget: id=-1 (android.widget.ImageView@40541ec0)
D/nofatclips(  289): Found widget: id=2131165256 (android.widget.TextView@40541800): Settings
D/nofatclips(  289): Found widget: id=2131165263 (android.widget.LinearLayout@40544e58)
D/nofatclips(  289): Found widget: id=-1 (android.widget.ImageView@40560db0)
D/nofatclips(  289): Found widget: id=2131165256 (android.widget.TextView@40543b40): Read
D/nofatclips(  289): Found widget: id=2131165264 (android.widget.LinearLayout@40562498)
D/nofatclips(  289): Found widget: id=-1 (android.widget.ImageView@40564d50)
D/nofatclips(  289): Found widget: id=2131165256 (android.widget.TextView@40550898): Stats
D/nofatclips(  289): Found widget: id=-1 (com.android.internal.policy.impl.PhoneWindow$DecorView@405a0de0)
V/nicola  (  289): TextualID : blog_title
V/nicola  (  289): ContentType detected : default
V/nicola  (  289): TextualID : action_refresh
V/nicola  (  289): ContentType detected : default
V/nicola  (  289): TextualID : button_text
V/nicola  (  289): ContentType detected : default
V/nicola  (  289): TextualID : button_text
V/nicola  (  289): ContentType detected : default
V/nicola  (  289): TextualID : button_text
V/nicola  (  289): ContentType detected : default
V/nicola  (  289): TextualID : button_text
V/nicola  (  289): ContentType detected : default
V/nicola  (  289): TextualID : button_text
V/nicola  (  289): ContentType detected : default
V/nicola  (  289): TextualID : button_text
V/nicola  (  289): ContentType detected : default
V/nicola  (  289): TextualID : button_text
V/nicola  (  289): ContentType detected : default
V/nicola  (  289): TextualID : button_text
V/nicola  (  289): ContentType detected : default
D/dalvikvm(  289): GC_CONCURRENT freed 1452K, 51% free 4013K/8071K, external 3179K/3221K, paused 3ms+23ms
V/nicola  (  289): TextualID : button_text
V/nicola  (  289): ContentType detected : default
V/nicola  (  289): TextualID : button_text
V/nicola  (  289): ContentType detected : default
I/nofatclips(  289): Performing comparation for activity Dashboard
D/nofatclips(  289): Comparing against activity Read
D/nofatclips(  289): Comparing against activity Read
I/nofatclips(  289): Registering activity Dashboard (id: a5) as a new found state
D/nofatclips(  289): Performing backup of the old activity list on disk
D/nofatclips(  289): Saving new found state 'a5' on disk
V/nofatclips(  289): Opening state file in append mode.
D/dalvikvm(  289): GC_EXTERNAL_ALLOC freed 296K, 52% free 3930K/8071K, external 2167K/2579K, paused 46ms
I/nofatclips(  289): Saved image on disk: a5.jpg
I/nofatclips(  289): Waiting for 100 msec.
I/nofatclips(  289): Session count is 1. Will dump to disk at 1
I/nofatclips(  289): Saving the session on disk.
I/nofatclips(  289): Planning for new Activity Dashboard
D/nofatclips(  289): Handling event 'click' on widget id=2131165200 type=button name=
D/nofatclips(  289): Handling event 'click' on widget id=2131165201 type=button name=
D/nofatclips(  289): Handling event 'click' on widget id=2131165204 type=linearLayout name=
D/nofatclips(  289): Handling event 'click' on widget id=2131165251 type=linearLayout name=
D/nofatclips(  289): Handling event 'click' on widget id=2131165253 type=linearLayout name=
D/nofatclips(  289): Handling event 'click' on widget id=2131165252 type=linearLayout name=
D/nofatclips(  289): Handling event 'click' on widget id=2131165254 type=linearLayout name=
D/nofatclips(  289): Handling event 'click' on widget id=2131165255 type=linearLayout name=
D/nofatclips(  289): Handling event 'click' on widget id=2131165257 type=linearLayout name=
D/nofatclips(  289): Handling event 'click' on widget id=2131165258 type=linearLayout name=
D/nofatclips(  289): Handling event 'click' on widget id=2131165262 type=linearLayout name=
D/nofatclips(  289): Handling event 'click' on widget id=2131165263 type=linearLayout name=
D/nofatclips(  289): Handling event 'click' on widget id=2131165264 type=linearLayout name=
D/dalvikvm(  289): GC_CONCURRENT freed 1714K, 53% free 3897K/8199K, external 2767K/3455K, paused 3ms+6ms
I/nofatclips(  289): Created trace to press the back button
I/nofatclips(  289): Created trace to press the menu button
I/nofatclips(  289): Created trace to change orientation
I/nofatclips(  289): Check for termination: 96 steps left of 100
I/nofatclips(  289): Dispatching new task. 2 more tasks remaining.
D/nofatclips(  289): Performing backup of the old task list on disk
D/nofatclips(  289): Saving task list on disk
V/nofatclips(  289): Backing up trace #53 to disk.
V/nofatclips(  289): Backing up trace #54 to disk.
D/nofatclips(  289): Deleting backup of the old task list from disk
D/nofatclips(  289): Deleting backup of the old activity list from disk
I/nofatclips(  289): Incrementally Playing Trace 54
I/nofatclips(  289): Retrieved from return list id=2131165264
D/nofatclips(  289): Testing for type (android.widget.LinearLayout) against the original (android.widget.LinearLayout)
D/nofatclips(  289): Testing for name () against the original ()
I/nofatclips(  289): Firing event: type= click index=56 widget=android.widget.LinearLayout
W/KeyCharacterMap(  289): No keyboard for id 0
W/KeyCharacterMap(  289): Using default keymap: /system/usr/keychars/qwerty.kcm.bin
D/nofatclips(  289): Event description: Stats
D/dalvikvm(  289): GC_CONCURRENT freed 1402K, 54% free 3813K/8199K, external 2167K/2767K, paused 16ms+34ms
I/ActivityManager(   61): Starting: Intent { cmp=org.wordpress.android/.ViewStats (has extras) } from pid 289
I/nofatclips(  289): Waiting for 100 msec.
W/ImageDownloader(  289): Error 404 while retrieving bitmap from http://gravatar.com/blavatar/44d338f29053dbb888da79dcf98df489?s=60&d=404
I/nofatclips(  289): Current activity is ViewStats
I/ActivityManager(   61): Displayed org.wordpress.android/.ViewStats: +2s399ms
I/nofatclips(  289): Retrieving widgets
D/nofatclips(  289): Found widget: id=16908290 (android.widget.FrameLayout@406a9f80)
D/nofatclips(  289): Found widget: id=2131165343 (android.widget.RelativeLayout@406aa0d8)
D/nofatclips(  289): Found widget: id=-1 (android.widget.ScrollView@405523d0)
D/nofatclips(  289): Found widget: id=2131165367 (android.widget.RelativeLayout@405f4eb8)
D/nofatclips(  289): Found widget: id=2131165368 (android.widget.RelativeLayout@40660a48)
D/nofatclips(  289): Found widget: id=2131165369 (android.widget.Spinner@405a7f48)
D/nofatclips(  289): Found widget: id=16908308 (android.widget.TextView@4069cd00): Views
D/nofatclips(  289): Found widget: id=2131165370 (android.widget.Spinner@406c4268)
D/nofatclips(  289): Found widget: id=16908308 (android.widget.TextView@405f42f8): 7 Days
D/nofatclips(  289): Found widget: id=2131165371 (android.widget.Button@406d4898): GO
D/nofatclips(  289): Found widget: id=2131165372 (android.widget.RelativeLayout@40666570)
D/nofatclips(  289): Found widget: id=2131165373 (android.widget.TextView@406e0108): 
D/nofatclips(  289): Found widget: id=2131165374 (android.widget.ImageView@406a2f50)
D/nofatclips(  289): Found widget: id=2131165375 (android.widget.TableLayout@406bde38)
D/nofatclips(  289): Found widget: id=2131165376 (android.widget.RelativeLayout@40568310)
D/nofatclips(  289): Found widget: id=2131165377 (android.widget.TextView@405f59a8): WordPress.com login:
D/nofatclips(  289): Found widget: id=2131165378 (android.widget.EditText@4061f280): 
D/nofatclips(  289): Found widget: id=2131165379 (android.widget.EditText@406fc260): 
D/nofatclips(  289): Found widget: id=2131165380 (android.widget.Button@407bacf8): Save
D/nofatclips(  289): Found widget: id=2131165381 (android.widget.TextView@40608928): Need help?
D/nofatclips(  289): Found widget: id=2131165382 (org.wordpress.android.util.WPTitleBar@407d52f0)
D/nofatclips(  289): Found widget: id=2131165195 (android.widget.RelativeLayout@4060e6a0)
D/nofatclips(  289): Found widget: id=2131165196 (android.widget.RelativeLayout@4067b168)
D/nofatclips(  289): Found widget: id=2131165197 (android.widget.ImageView@4064c4f8)
D/nofatclips(  289): Found widget: id=2131165198 (android.widget.TextView@40596078): Katie's Sweet Testing Blog
D/nofatclips(  289): Found widget: id=2131165199 (android.widget.ImageView@406e15f0)
D/nofatclips(  289): Found widget: id=-1 (android.widget.RelativeLayout@40638788)
D/nofatclips(  289): Found widget: id=2131165200 (android.widget.ImageButton@406be2e8)
D/nofatclips(  289): Found widget: id=-1 (android.widget.FrameLayout@407b41b0)
D/nofatclips(  289): Found widget: id=2131165201 (android.widget.Button@407b6208): 
D/nofatclips(  289): Found widget: id=2131165202 (android.widget.ImageView@40622b70)
D/nofatclips(  289): Found widget: id=2131165203 (android.widget.ImageView@406aaa50)
D/nofatclips(  289): Found widget: id=2131165204 (android.widget.LinearLayout@40667a28)
D/nofatclips(  289): Found widget: id=-1 (android.widget.FrameLayout@407db558)
D/nofatclips(  289): Found widget: id=-1 (android.widget.LinearLayout@407b0260)
D/nofatclips(  289): Found widget: id=-1 (android.widget.LinearLayout@407b1a20)
D/nofatclips(  289): Found widget: id=-1 (android.widget.LinearLayout@405fa5a8)
D/nofatclips(  289): Found widget: id=2131165251 (android.widget.LinearLayout@405fa7a8)
D/nofatclips(  289): Found widget: id=-1 (android.widget.ImageView@4077ba20)
D/nofatclips(  289): Found widget: id=2131165256 (android.widget.TextView@405f3da0): New Post
D/nofatclips(  289): Found widget: id=2131165253 (android.widget.LinearLayout@405bdc98)
D/nofatclips(  289): Found widget: id=-1 (android.widget.ImageView@406d2b80)
D/nofatclips(  289): Found widget: id=2131165256 (android.widget.TextView@40721ff8): New Page
D/nofatclips(  289): Found widget: id=-1 (android.widget.LinearLayout@407f9740)
D/nofatclips(  289): Found widget: id=2131165252 (android.widget.LinearLayout@407f9960)
D/nofatclips(  289): Found widget: id=-1 (android.widget.ImageView@406c7c40)
D/nofatclips(  289): Found widget: id=2131165256 (android.widget.TextView@406433d8): Quick Photo
D/nofatclips(  289): Found widget: id=2131165254 (android.widget.LinearLayout@406436a0)
D/nofatclips(  289): Found widget: id=-1 (android.widget.ImageView@4071f9d0)
D/nofatclips(  289): Found widget: id=2131165256 (android.widget.TextView@405bbf38): Quick Video
D/nofatclips(  289): Found widget: id=-1 (android.widget.LinearLayout@40694e38)
D/nofatclips(  289): Found widget: id=-1 (android.widget.LinearLayout@40695058)
D/nofatclips(  289): Found widget: id=2131165255 (android.widget.LinearLayout@407c3920)
D/nofatclips(  289): Found widget: id=-1 (android.widget.ImageView@407dba58)
D/nofatclips(  289): Found widget: id=2131165256 (android.widget.TextView@40682bd0): Posts
D/nofatclips(  289): Found widget: id=2131165257 (android.widget.LinearLayout@40682e98)
D/nofatclips(  289): Found widget: id=-1 (android.widget.ImageView@40604f30)
D/nofatclips(  289): Found widget: id=2131165256 (android.widget.TextView@4063b588): Pages
D/nofatclips(  289): Found widget: id=-1 (android.widget.FrameLayout@4066b4a8)
D/nofatclips(  289): Found widget: id=2131165258 (android.widget.LinearLayout@4066b710)
D/nofatclips(  289): Found widget: id=-1 (android.widget.ImageView@40651260)
D/nofatclips(  289): Found widget: id=2131165256 (android.widget.TextView@406faad0): Comments
D/nofatclips(  289): Found widget: id=2131165259 (android.widget.FrameLayout@40612320)
D/nofatclips(  289): Found widget: id=2131165260 (android.widget.ImageView@405cbb68)
D/nofatclips(  289): Found widget: id=2131165261 (org.wordpress.android.util.CommentBadgeTextView@406b2060): 0
D/nofatclips(  289): Found widget: id=-1 (android.widget.LinearLayout@406b3538)
D/nofatclips(  289): Found widget: id=2131165262 (android.widget.LinearLayout@406b3688)
D/nofatclips(  289): Found widget: id=-1 (android.widget.ImageView@4061fff0)
D/nofatclips(  289): Found widget: id=2131165256 (android.widget.TextView@406a9a78): Settings
D/nofatclips(  289): Found widget: id=2131165263 (android.widget.LinearLayout@4075bd40)
D/nofatclips(  289): Found widget: id=-1 (android.widget.ImageView@40722578)
D/nofatclips(  289): Found widget: id=2131165256 (android.widget.TextView@407dc020): Read
D/nofatclips(  289): Found widget: id=2131165264 (android.widget.LinearLayout@407dc440)
D/nofatclips(  289): Found widget: id=-1 (android.widget.ImageView@406cf448)
D/nofatclips(  289): Found widget: id=2131165256 (android.widget.TextView@406dfd28): Stats
D/nofatclips(  289): Found widget: id=-1 (com.android.internal.policy.impl.PhoneWindow$DecorView@40663c08)
D/dalvikvm(  289): GC_CONCURRENT freed 665K, 48% free 4308K/8199K, external 2585K/2767K, paused 6ms+10ms
V/nicola  (  289): TextualID : blog_title
V/nicola  (  289): ContentType detected : default
V/nicola  (  289): TextualID : action_refresh
V/nicola  (  289): ContentType detected : default
I/nofatclips(  289): Performing comparation for activity ViewStats
D/nofatclips(  289): Comparing against activity Dashboard
D/nofatclips(  289): Comparing against activity Read
D/nofatclips(  289): Comparing against activity Read
I/nofatclips(  289): Registering activity ViewStats (id: a6) as a new found state
D/nofatclips(  289): Performing backup of the old activity list on disk
D/nofatclips(  289): Saving new found state 'a6' on disk
V/nofatclips(  289): Opening state file in append mode.
D/dalvikvm(  289): GC_EXTERNAL_ALLOC freed 292K, 49% free 4216K/8199K, external 2585K/2767K, paused 125ms
I/nofatclips(  289): Saved image on disk: a6.jpg
I/nofatclips(  289): Waiting for 100 msec.
I/nofatclips(  289): Session count is 1. Will dump to disk at 1
I/nofatclips(  289): Saving the session on disk.
I/nofatclips(  289): Planning for new Activity ViewStats
D/nofatclips(  289): Handling event 'click' on widget id=2131165200 type=button name=
D/nofatclips(  289): Handling event 'click' on widget id=2131165201 type=button name=
I/nofatclips(  289): Created trace to press the back button
I/nofatclips(  289): Created trace to press the menu button
I/nofatclips(  289): Created trace to change orientation
I/nofatclips(  289): Check for termination: 95 steps left of 100
I/nofatclips(  289): Dispatching new task. 2 more tasks remaining.
D/nofatclips(  289): Performing backup of the old task list on disk
D/nofatclips(  289): Saving task list on disk
V/nofatclips(  289): Backing up trace #58 to disk.
V/nofatclips(  289): Backing up trace #59 to disk.
D/dalvikvm(  289): GC_CONCURRENT freed 852K, 42% free 4933K/8391K, external 3785K/3977K, paused 3ms+6ms
D/nofatclips(  289): Deleting backup of the old task list from disk
D/nofatclips(  289): Deleting backup of the old activity list from disk
I/nofatclips(  289): Incrementally Playing Trace 59
I/nofatclips(  289): Retrieved from return list id=16908290
D/nofatclips(  289): Testing for type (android.widget.FrameLayout) against the original (null)
I/nofatclips(  289): Firing event: type= openMenu name= widget=null
W/KeyCharacterMap(  289): No keyboard for id 0
W/KeyCharacterMap(  289): Using default keymap: /system/usr/keychars/qwerty.kcm.bin
I/nofatclips(  289): Waiting for 100 msec.
I/nofatclips(  289): Current activity is ViewStats
I/nofatclips(  289): Retrieving widgets
D/nofatclips(  289): Found widget: id=16908290 (android.widget.FrameLayout@406a9f80)
D/nofatclips(  289): Found widget: id=2131165343 (android.widget.RelativeLayout@406aa0d8)
D/nofatclips(  289): Found widget: id=-1 (android.widget.ScrollView@405523d0)
D/nofatclips(  289): Found widget: id=2131165367 (android.widget.RelativeLayout@405f4eb8)
D/nofatclips(  289): Found widget: id=2131165368 (android.widget.RelativeLayout@40660a48)
D/nofatclips(  289): Found widget: id=2131165369 (android.widget.Spinner@405a7f48)
D/nofatclips(  289): Found widget: id=16908308 (android.widget.TextView@4069cd00): Views
D/nofatclips(  289): Found widget: id=2131165370 (android.widget.Spinner@406c4268)
D/nofatclips(  289): Found widget: id=16908308 (android.widget.TextView@405f42f8): 7 Days
D/nofatclips(  289): Found widget: id=2131165371 (android.widget.Button@406d4898): GO
D/nofatclips(  289): Found widget: id=2131165372 (android.widget.RelativeLayout@40666570)
D/nofatclips(  289): Found widget: id=2131165373 (android.widget.TextView@406e0108): 
D/nofatclips(  289): Found widget: id=2131165374 (android.widget.ImageView@406a2f50)
D/nofatclips(  289): Found widget: id=2131165375 (android.widget.TableLayout@406bde38)
D/nofatclips(  289): Found widget: id=2131165376 (android.widget.RelativeLayout@40568310)
D/nofatclips(  289): Found widget: id=2131165377 (android.widget.TextView@405f59a8): WordPress.com login:
D/nofatclips(  289): Found widget: id=2131165378 (android.widget.EditText@4061f280): 
D/nofatclips(  289): Found widget: id=2131165379 (android.widget.EditText@406fc260): 
D/nofatclips(  289): Found widget: id=2131165380 (android.widget.Button@407bacf8): Save
D/nofatclips(  289): Found widget: id=2131165381 (android.widget.TextView@40608928): Need help?
D/nofatclips(  289): Found widget: id=2131165382 (org.wordpress.android.util.WPTitleBar@407d52f0)
D/nofatclips(  289): Found widget: id=2131165195 (android.widget.RelativeLayout@4060e6a0)
D/nofatclips(  289): Found widget: id=2131165196 (android.widget.RelativeLayout@4067b168)
D/nofatclips(  289): Found widget: id=2131165197 (android.widget.ImageView@4064c4f8)
D/nofatclips(  289): Found widget: id=2131165198 (android.widget.TextView@40596078): Katie's Sweet Testing Blog
D/nofatclips(  289): Found widget: id=2131165199 (android.widget.ImageView@406e15f0)
D/nofatclips(  289): Found widget: id=-1 (android.widget.RelativeLayout@40638788)
D/nofatclips(  289): Found widget: id=2131165200 (android.widget.ImageButton@406be2e8)
D/nofatclips(  289): Found widget: id=-1 (android.widget.FrameLayout@407b41b0)
D/nofatclips(  289): Found widget: id=2131165201 (android.widget.Button@407b6208): 
D/nofatclips(  289): Found widget: id=2131165202 (android.widget.ImageView@40622b70)
D/nofatclips(  289): Found widget: id=2131165203 (android.widget.ImageView@406aaa50)
D/nofatclips(  289): Found widget: id=2131165204 (android.widget.LinearLayout@40667a28)
D/nofatclips(  289): Found widget: id=-1 (android.widget.FrameLayout@407db558)
D/nofatclips(  289): Found widget: id=-1 (android.widget.LinearLayout@407b0260)
D/nofatclips(  289): Found widget: id=-1 (android.widget.LinearLayout@407b1a20)
D/nofatclips(  289): Found widget: id=-1 (android.widget.LinearLayout@405fa5a8)
D/nofatclips(  289): Found widget: id=2131165251 (android.widget.LinearLayout@405fa7a8)
D/nofatclips(  289): Found widget: id=-1 (android.widget.ImageView@4077ba20)
D/nofatclips(  289): Found widget: id=2131165256 (android.widget.TextView@405f3da0): New Post
D/nofatclips(  289): Found widget: id=2131165253 (android.widget.LinearLayout@405bdc98)
D/nofatclips(  289): Found widget: id=-1 (android.widget.ImageView@406d2b80)
D/nofatclips(  289): Found widget: id=2131165256 (android.widget.TextView@40721ff8): New Page
D/nofatclips(  289): Found widget: id=-1 (android.widget.LinearLayout@407f9740)
D/nofatclips(  289): Found widget: id=2131165252 (android.widget.LinearLayout@407f9960)
D/nofatclips(  289): Found widget: id=-1 (android.widget.ImageView@406c7c40)
D/nofatclips(  289): Found widget: id=2131165256 (android.widget.TextView@406433d8): Quick Photo
D/nofatclips(  289): Found widget: id=2131165254 (android.widget.LinearLayout@406436a0)
D/nofatclips(  289): Found widget: id=-1 (android.widget.ImageView@4071f9d0)
D/nofatclips(  289): Found widget: id=2131165256 (android.widget.TextView@405bbf38): Quick Video
D/nofatclips(  289): Found widget: id=-1 (android.widget.LinearLayout@40694e38)
D/nofatclips(  289): Found widget: id=-1 (android.widget.LinearLayout@40695058)
D/nofatclips(  289): Found widget: id=2131165255 (android.widget.LinearLayout@407c3920)
D/nofatclips(  289): Found widget: id=-1 (android.widget.ImageView@407dba58)
D/nofatclips(  289): Found widget: id=2131165256 (android.widget.TextView@40682bd0): Posts
D/nofatclips(  289): Found widget: id=2131165257 (android.widget.LinearLayout@40682e98)
D/nofatclips(  289): Found widget: id=-1 (android.widget.ImageView@40604f30)
D/nofatclips(  289): Found widget: id=2131165256 (android.widget.TextView@4063b588): Pages
D/nofatclips(  289): Found widget: id=-1 (android.widget.FrameLayout@4066b4a8)
D/nofatclips(  289): Found widget: id=2131165258 (android.widget.LinearLayout@4066b710)
D/nofatclips(  289): Found widget: id=-1 (android.widget.ImageView@40651260)
D/nofatclips(  289): Found widget: id=2131165256 (android.widget.TextView@406faad0): Comments
D/nofatclips(  289): Found widget: id=2131165259 (android.widget.FrameLayout@40612320)
D/nofatclips(  289): Found widget: id=2131165260 (android.widget.ImageView@405cbb68)
D/nofatclips(  289): Found widget: id=2131165261 (org.wordpress.android.util.CommentBadgeTextView@406b2060): 0
D/nofatclips(  289): Found widget: id=-1 (android.widget.LinearLayout@406b3538)
D/nofatclips(  289): Found widget: id=2131165262 (android.widget.LinearLayout@406b3688)
D/nofatclips(  289): Found widget: id=-1 (android.widget.ImageView@4061fff0)
D/nofatclips(  289): Found widget: id=2131165256 (android.widget.TextView@406a9a78): Settings
D/nofatclips(  289): Found widget: id=2131165263 (android.widget.LinearLayout@4075bd40)
D/nofatclips(  289): Found widget: id=-1 (android.widget.ImageView@40722578)
D/nofatclips(  289): Found widget: id=2131165256 (android.widget.TextView@407dc020): Read
