I/ActivityThread(  238): Pub com.android.quicksearchbox.shortcuts: com.android.quicksearchbox.ShortcutsProvider
D/szipinf (  248): Initializing inflate state
I/ActivityManager(   61): Start proc android.process.media for broadcast com.android.providers.downloads/.DownloadReceiver: pid=256 uid=10000 gids={1015, 1006, 2001, 3003}
I/ActivityThread(  256): Pub media: com.android.providers.media.MediaProvider
D/nofatclips(  248): Updating node 
D/nofatclips(  248): Loading node 
I/nofatclips(  248): Preferences file found.
V/MediaProvider(  256): Attached volume: internal
I/ActivityThread(  256): Pub downloads: com.android.providers.downloads.DownloadProvider
I/ActivityThread(  256): Pub drm: com.android.providers.drm.DrmProvider
V/nofatclips(  248): Updating value ACTIVITY_DESCRIPTION_IN_SESSION
V/nofatclips(  248): Updating value ADDITIONAL_CRITERIAS
V/nofatclips(  248): Updating value ADDITIONAL_EVENTS
V/nofatclips(  248): Updating value ADDITIONAL_INPUTS
V/nofatclips(  248): Updating value CLASS_NAME
D/nofatclips(  248): Updated value of parameter CLASS_NAME to org.wordpress.android.Dashboard (default = app.package.class)
V/nofatclips(  248): Updating value ENABLE_RESUME
V/nofatclips(  248): Updating value PACKAGE_NAME
D/nofatclips(  248): Updated value of parameter PACKAGE_NAME to org.wordpress.android (default = app.package)
V/nofatclips(  248): Updating value RANDOM_SEED
D/nofatclips(  248): Updated value of parameter RANDOM_SEED to -636433872089038953 (default = 5466516511651561651)
V/nofatclips(  248): Updating value RETRY_FAILED_TRACES
V/nofatclips(  248): Updating value theClass
D/nofatclips(  248): Updating node scheduler
D/nofatclips(  248): Loading node scheduler
V/nofatclips(  248): Updating value ALL_EVENTS_ON_PREFERENCES
V/nofatclips(  248): Updating value BACK_BUTTON_EVENT
V/nofatclips(  248): Updating value DICTIONARY_FIXED_VALUE
V/nofatclips(  248): Updating value DICTIONARY_IGNORE_CONTENT_TYPES
V/nofatclips(  248): Updating value EMULATOR_PORT
V/nofatclips(  248): Updating value EVENTS
D/nofatclips(  248): Updated values of array parameter EVENTS
V/nofatclips(  248): Updating value EVENT_WHEN_NO_ID
V/nofatclips(  248): Updating value EXCLUDE_WIDGETS_INPUTS_IN_GPS_EVENTS
V/nofatclips(  248): Updating value EXCLUDE_WIDGETS_INPUTS_IN_SENSORS_EVENTS
V/nofatclips(  248): Updating value INPUTS
D/nofatclips(  248): Updated values of array parameter INPUTS
V/nofatclips(  248): Updating value KEY_EVENTS
V/nofatclips(  248): Updating value MAX_EVENTS_PER_WIDGET
V/nofatclips(  248): Updating value MAX_TASKS_IN_SCHEDULER
D/nofatclips(  248): Updated value of parameter MAX_TASKS_IN_SCHEDULER to 2 (default = 0)
V/nofatclips(  248): Updating value MAX_TASKS_PER_EVENT
V/nofatclips(  248): Updating value MENU_EVENTS
V/nofatclips(  248): Updating value ORIENTATION_EVENTS
V/nofatclips(  248): Updating value PLANNER
V/nofatclips(  248): Updating value REFLECT_ACTIVITY_LISTENERS
V/nofatclips(  248): Updating value REFLECT_WIDGETS
V/nofatclips(  248): Updating value SCHEDULER_ALGORITHM
D/nofatclips(  248): Updated value of parameter SCHEDULER_ALGORITHM to DEPTH_FIRST (default = BREADTH_FIRST)
V/nofatclips(  248): Updating value SCROLL_DOWN_EVENT
V/nofatclips(  248): Updating value SENSOR_TYPES
V/nofatclips(  248): Updating value SIMULATE_INCOMING_CALL
V/nofatclips(  248): Updating value SIMULATE_INCOMING_SMS
V/nofatclips(  248): Updating value TAB_EVENTS_START_ONLY
V/nofatclips(  248): Updating value TEST_LOCATION_PROVIDER
V/nofatclips(  248): Updating value TEXT_VALUES_FROM_DICTIONARY
V/nofatclips(  248): Updating value TEXT_VALUES_ID_HASH
V/nofatclips(  248): Updating value USE_GPS
V/nofatclips(  248): Updating value USE_SENSORS
D/nofatclips(  248): Updating node planner
D/nofatclips(  248): Loading node planner
V/nofatclips(  248): Updating value ALL_EVENTS_ON_PREFERENCES
V/nofatclips(  248): Updating value BACK_BUTTON_EVENT
V/nofatclips(  248): Updating value DICTIONARY_FIXED_VALUE
V/nofatclips(  248): Updating value DICTIONARY_IGNORE_CONTENT_TYPES
V/nofatclips(  248): Updating value EMULATOR_PORT
V/nofatclips(  248): Updating value EVENTS
D/nofatclips(  248): Updated values of array parameter EVENTS
V/nofatclips(  248): Updating value EVENT_WHEN_NO_ID
V/nofatclips(  248): Updating value EXCLUDE_WIDGETS_INPUTS_IN_GPS_EVENTS
V/nofatclips(  248): Updating value EXCLUDE_WIDGETS_INPUTS_IN_SENSORS_EVENTS
V/nofatclips(  248): Updating value INPUTS
D/nofatclips(  248): Updated values of array parameter INPUTS
V/nofatclips(  248): Updating value KEY_EVENTS
V/nofatclips(  248): Updating value MAX_EVENTS_PER_WIDGET
V/nofatclips(  248): Updating value MAX_TASKS_IN_SCHEDULER
V/nofatclips(  248): Updating value MAX_TASKS_PER_EVENT
V/nofatclips(  248): Updating value MENU_EVENTS
V/nofatclips(  248): Updating value ORIENTATION_EVENTS
V/nofatclips(  248): Updating value PLANNER
V/nofatclips(  248): Updating value REFLECT_ACTIVITY_LISTENERS
V/nofatclips(  248): Updating value REFLECT_WIDGETS
V/nofatclips(  248): Updating value SCHEDULER_ALGORITHM
V/nofatclips(  248): Updating value SCROLL_DOWN_EVENT
V/nofatclips(  248): Updating value SENSOR_TYPES
V/nofatclips(  248): Updating value SIMULATE_INCOMING_CALL
V/nofatclips(  248): Updating value SIMULATE_INCOMING_SMS
V/nofatclips(  248): Updating value TAB_EVENTS_START_ONLY
V/nofatclips(  248): Updating value TEST_LOCATION_PROVIDER
V/nofatclips(  248): Updating value TEXT_VALUES_FROM_DICTIONARY
V/nofatclips(  248): Updating value TEXT_VALUES_ID_HASH
D/nofatclips(  248): Updated value of parameter TEXT_VALUES_ID_HASH to true (default = false)
V/nofatclips(  248): Updating value USE_GPS
V/nofatclips(  248): Updating value USE_SENSORS
D/nofatclips(  248): Updating node interactions
D/nofatclips(  248): Loading node interactions
V/nofatclips(  248): Updating value ALL_EVENTS_ON_PREFERENCES
V/nofatclips(  248): Updating value BACK_BUTTON_EVENT
V/nofatclips(  248): Updating value DICTIONARY_FIXED_VALUE
V/nofatclips(  248): Updating value DICTIONARY_IGNORE_CONTENT_TYPES
V/nofatclips(  248): Updating value EMULATOR_PORT
V/nofatclips(  248): Updating value EVENTS
D/nofatclips(  248): Updated values of array parameter EVENTS
V/nofatclips(  248): Updating value EVENT_WHEN_NO_ID
V/nofatclips(  248): Updating value EXCLUDE_WIDGETS_INPUTS_IN_GPS_EVENTS
V/nofatclips(  248): Updating value EXCLUDE_WIDGETS_INPUTS_IN_SENSORS_EVENTS
V/nofatclips(  248): Updating value INPUTS
D/nofatclips(  248): Updated values of array parameter INPUTS
V/nofatclips(  248): Updating value KEY_EVENTS
V/nofatclips(  248): Updating value MAX_EVENTS_PER_WIDGET
V/nofatclips(  248): Updating value MAX_TASKS_IN_SCHEDULER
V/nofatclips(  248): Updating value MAX_TASKS_PER_EVENT
V/nofatclips(  248): Updating value MENU_EVENTS
V/nofatclips(  248): Updating value ORIENTATION_EVENTS
V/nofatclips(  248): Updating value PLANNER
V/nofatclips(  248): Updating value REFLECT_ACTIVITY_LISTENERS
V/nofatclips(  248): Updating value REFLECT_WIDGETS
V/nofatclips(  248): Updating value SCHEDULER_ALGORITHM
V/nofatclips(  248): Updating value SCROLL_DOWN_EVENT
V/nofatclips(  248): Updating value SENSOR_TYPES
V/nofatclips(  248): Updating value SIMULATE_INCOMING_CALL
V/nofatclips(  248): Updating value SIMULATE_INCOMING_SMS
V/nofatclips(  248): Updating value TAB_EVENTS_START_ONLY
V/nofatclips(  248): Updating value TEST_LOCATION_PROVIDER
V/nofatclips(  248): Updating value TEXT_VALUES_FROM_DICTIONARY
V/nofatclips(  248): Updating value TEXT_VALUES_ID_HASH
V/nofatclips(  248): Updating value USE_GPS
V/nofatclips(  248): Updating value USE_SENSORS
D/nofatclips(  248): Updating node comparator
D/nofatclips(  248): Loading node comparator
V/nofatclips(  248): Updating value COMPARATOR
V/nofatclips(  248): Updating value COMPARATOR_TYPE
V/nofatclips(  248): Updating value COMPARE_ACTIVITY_NAME
V/nofatclips(  248): Updating value COMPARE_LIST_COUNT
V/nofatclips(  248): Updating value COMPARE_MENU_COUNT
D/nofatclips(  248): Updated value of parameter COMPARE_MENU_COUNT to false (default = true)
V/nofatclips(  248): Updating value COMPARE_STATE_TITLE
V/nofatclips(  248): Updating value COMPARE_VALUES
V/nofatclips(  248): Updating value WIDGET_TYPES
D/nofatclips(  248): Updating node strategy
D/nofatclips(  248): Loading node strategy
V/nofatclips(  248): Updating value AFTER_EVENT_DONT_EXPLORE
V/nofatclips(  248): Updating value AFTER_WIDGET_DONT_EXPLORE
V/nofatclips(  248): Updating value CHECK_FOR_TRANSITION
V/nofatclips(  248): Updating value EXPLORE_ONLY_NEW_STATES
D/nofatclips(  248): Updated value of parameter EXPLORE_ONLY_NEW_STATES to false (default = true)
V/nofatclips(  248): Updating value MAX_NUM_TRACES
D/nofatclips(  248): Updated value of parameter MAX_NUM_TRACES to 100 (default = 0)
V/nofatclips(  248): Updating value MAX_TIME_CRAWLING
V/nofatclips(  248): Updating value PAUSE_AFTER_TIME
V/nofatclips(  248): Updating value PAUSE_AFTER_TRACES
V/nofatclips(  248): Updating value TRACE_MAX_DEPTH
V/nofatclips(  248): Updating value TRACE_MIN_DEPTH
D/nofatclips(  248): Starting random testing
I/TestRunner(  248): started: testAndCrawl(com.nofatclips.crawler.guitree.NomadEngine)
I/ActivityManager(   61): Starting: Intent { act=android.intent.action.MAIN flg=0x10000000 cmp=org.wordpress.android/.Dashboard } from pid 248
D/szipinf (   61): Initializing inflate state
D/dalvikvm(  248): GC_EXTERNAL_ALLOC freed 400K, 53% free 2737K/5767K, external 716K/1038K, paused 53ms
D/dalvikvm(  248): GC_EXTERNAL_ALLOC freed 115K, 49% free 2944K/5767K, external 1407K/1623K, paused 50ms
I/ActivityManager(   61): Displayed org.wordpress.android/.Dashboard: +712ms (total +9s837ms)
I/ActivityManager(   61): Displayed com.android.launcher/com.android.launcher2.Launcher: +9s838ms
W/ActivityManager(   61): Activity idle timeout for HistoryRecord{405879e0 com.android.launcher/com.android.launcher2.Launcher}
D/PowerManagerService(   61): bootCompleted
D/OtaStartupReceiver(  130): Not a CDMA phone, no need to process OTA
D/dalvikvm(   61): GC_EXPLICIT freed 568K, 44% free 4143K/7367K, external 1865K/3065K, paused 91ms
D/VoldCmdListener(   29): volume mount /mnt/sdcard
I/Vold    (   29): /dev/block/vold/179:0 being considered for volume sdcard
D/Vold    (   29): Volume sdcard state changing 1 (Idle-Unmounted) -> 3 (Checking)
I/StorageNotification(  134): Media {/mnt/sdcard} state changed from {unmounted} -> {checking}
I/RecoverySystem(   61): No recovery log file
I/ActivityManager(   61): Start proc com.android.mms for broadcast com.android.mms/.transaction.MmsSystemEventReceiver: pid=278 uid=10015 gids={3003, 1015}
I/SurfaceFlinger(   61): Boot is finished (14264 ms)
I/ARMAssembler(   61): generated scanline__00000177:03010104_00000002_00000000 [ 44 ipp] (66 ins) at [0x46dfd290:0x46dfd398] in 630789 ns
I/ARMAssembler(   61): generated scanline__00000177:03515104_00000001_00000000 [ 73 ipp] (95 ins) at [0x46dfd3a0:0x46dfd51c] in 600855 ns
D/nofatclips(  248): Generated Resuming Persistence
I/dalvikvm(  248): Could not find method android.app.Activity.getFragmentManager, referenced from method com.jayway.android.robotium.solo.Waiter.getFragment
W/dalvikvm(  248): VFY: unable to resolve virtual method 7: Landroid/app/Activity;.getFragmentManager ()Landroid/app/FragmentManager;
D/dalvikvm(  248): VFY: replacing opcode 0x6e at 0x0008
I/dalvikvm(  248): Could not find method android.app.Activity.getFragmentManager, referenced from method com.jayway.android.robotium.solo.Waiter.getFragment
W/dalvikvm(  248): VFY: unable to resolve virtual method 7: Landroid/app/Activity;.getFragmentManager ()Landroid/app/FragmentManager;
D/dalvikvm(  248): VFY: replacing opcode 0x6e at 0x0017
W/dalvikvm(  248): VFY: unable to find class referenced in signature (Landroid/app/Fragment;)
D/dalvikvm(  248): VFY: dead code 0x000b-000f in Lcom/jayway/android/robotium/solo/Waiter;.getFragment (Ljava/lang/String;I)Landroid/app/Fragment;
D/dalvikvm(  248): VFY: dead code 0x001a-001f in Lcom/jayway/android/robotium/solo/Waiter;.getFragment (Ljava/lang/String;I)Landroid/app/Fragment;
W/dalvikvm(  248): VFY: unable to find class referenced in signature (Landroid/app/Fragment;)
I/ActivityThread(  278): Pub com.android.mms.SuggestionsProvider: com.android.mms.SuggestionsProvider
D/nofatclips(  248): Updating node automation
D/nofatclips(  248): Loading node automation
V/nofatclips(  248): Updating value FORCE_RESTART
V/nofatclips(  248): Updating value IN_AND_OUT_FOCUS
V/nofatclips(  248): Updating value PRECRAWLING
V/nofatclips(  248): Updating value SCREENSHOT_FOR_EVENTS
V/nofatclips(  248): Updating value SCREENSHOT_FOR_STATES
V/nofatclips(  248): Updating value SCREENSHOT_ONLY_NEW_STATES
V/nofatclips(  248): Updating value SLEEP_AFTER_EVENT
D/nofatclips(  248): Updated value of parameter SLEEP_AFTER_EVENT to 100 (default = 1000)
V/nofatclips(  248): Updating value SLEEP_AFTER_RESTART
D/nofatclips(  248): Updated value of parameter SLEEP_AFTER_RESTART to 100 (default = 1000)
V/nofatclips(  248): Updating value SLEEP_AFTER_TASK
D/nofatclips(  248): Updated value of parameter SLEEP_AFTER_TASK to 100 (default = 1000)
V/nofatclips(  248): Updating value SLEEP_ON_THROBBER
D/nofatclips(  248): Updated value of parameter SLEEP_ON_THROBBER to 100 (default = 1000)
D/nofatclips(  248): Updating node screenshot
D/nofatclips(  248): Loading node screenshot
V/nofatclips(  248): Updating value FORCE_RESTART
V/nofatclips(  248): Updating value IN_AND_OUT_FOCUS
V/nofatclips(  248): Updating value PRECRAWLING
V/nofatclips(  248): Updating value SCREENSHOT_FOR_EVENTS
V/nofatclips(  248): Updating value SCREENSHOT_FOR_STATES
V/nofatclips(  248): Updating value SCREENSHOT_ONLY_NEW_STATES
V/nofatclips(  248): Updating value SLEEP_AFTER_EVENT
V/nofatclips(  248): Updating value SLEEP_AFTER_RESTART
V/nofatclips(  248): Updating value SLEEP_AFTER_TASK
V/nofatclips(  248): Updating value SLEEP_ON_THROBBER
I/nofatclips(  248): Waiting for 100 msec.
D/nofatclips(  248): Ready to operate after restarting...
I/nofatclips(  248): Current activity is Dashboard
W/nofatclips(  248): --->Dashboard
I/nofatclips(  248): Retrieving widgets
I/nofatclips(  248): Attempting to resume previous session
I/nofatclips(  248): Memoryless engine: the task file will not be loaded. Looking for crashed traces.
I/nofatclips(  248): Reading task file
I/InputReader(   61): Device reconfigured: id=0x0, name=qwerty2, display size is now 320x480
I/InputManager-Callbacks(   61): No virtual keys found for device qwerty2.
I/ActivityManager(   61): Start proc com.android.email for broadcast com.android.email/.service.EmailBroadcastReceiver: pid=298 uid=10028 gids={3003, 1015}
D/dalvikvm(  248): GC_CONCURRENT freed 127K, 48% free 3078K/5831K, external 1812K/2324K, paused 3ms+21ms
I/ARMAssembler(   61): generated scanline__00000077:03515104_00001004_00000000 [ 65 ipp] (85 ins) at [0x46dfd520:0x46dfd674] in 532429 ns
I/ARMAssembler(   61): generated scanline__00000177:03515104_00001001_00000000 [ 91 ipp] (114 ins) at [0x46dfd678:0x46dfd840] in 408409 ns
I/ARMAssembler(   61): generated scanline__00000177:03515104_00001002_00000000 [ 87 ipp] (110 ins) at [0x46dfd848:0x46dfda00] in 975906 ns
V/nofatclips(  248): Discarding trace #206
D/nofatclips(  248): Importing crashed trace #207 from disk
I/nofatclips(  248): Stateless comparator: the state file will not be loaded.
D/dalvikvm(  248): GetFieldID: unable to find field Ljava/util/Hashtable;.loadFactor:F
D/dalvikvm(  248): GetFieldID: unable to find field Ljava/util/Hashtable;.loadFactor:F
D/dalvikvm(  248): GetFieldID: unable to find field Ljava/util/Hashtable;.loadFactor:F
D/dalvikvm(  248): GetFieldID: unable to find field Ljava/util/Hashtable;.loadFactor:F
D/dalvikvm(  248): GetFieldID: unable to find field Ljava/util/Hashtable;.loadFactor:F
D/dalvikvm(  248): GetFieldID: unable to find field Ljava/util/Hashtable;.loadFactor:F
D/nofatclips(  248): Backup session footer restored to 
D/nofatclips(  248): </SESSION>
D/nofatclips(  248): Restored random counter to: 211
D/nofatclips(  248): Restored trace count to 208
D/nofatclips(  248): Current step countdown restored to 79
D/nofatclips(  248): Restored abstractor counters to: event = 211 - input = 0 - activity = 22
I/nofatclips(  248): Saving the session on disk.
I/dalvikvm(  248): Jit: resizing JitTable from 512 to 1024
I/ActivityThread(  298): Pub com.android.email.provider: com.android.email.provider.EmailProvider
I/ActivityThread(  298): Pub com.android.email.attachmentprovider: com.android.email.provider.AttachmentProvider
I/ActivityThread(  298): Pub com.android.exchange.provider: com.android.exchange.provider.ExchangeProvider
D/dalvikvm(  248): GC_CONCURRENT freed 636K, 50% free 3291K/6535K, external 1812K/2324K, paused 3ms+3ms
I/nofatclips(  248): Planning for new Activity Dashboard
I/nofatclips(  248): Created trace to press the menu button
I/nofatclips(  248): Created trace to change orientation
I/nofatclips(  248): Dispatching new task. 2 more tasks remaining.
D/nofatclips(  248): Performing backup of the old task list on disk
D/nofatclips(  248): Saving task list on disk
V/nofatclips(  248): Backing up trace #208 to disk.
V/nofatclips(  248): Backing up trace #209 to disk.
D/nofatclips(  248): Deleting backup of the old task list from disk
I/nofatclips(  248): Restarting
D/EAS SyncManager(  298): !!! EAS SyncManager, onCreate
I/SearchManagerService(   61): Building list of searchable activities
I//system/bin/fsck_msdos(   29): ** /dev/block/vold/179:0
I//system/bin/fsck_msdos(   29): ** Phase 1 - Read and Compare FATs
I//system/bin/fsck_msdos(   29): Attempting to allocate 397 KB for FAT
D/MediaScannerService(  256): start scanning volume internal
I/nofatclips(  248): Waiting for 100 msec.
D/nofatclips(  248): Ready to operate after restarting...
I/nofatclips(  248): Retrieving widgets
D/nofatclips(  248): Found widget: id=16908290 (android.widget.FrameLayout@405a0a00)
D/nofatclips(  248): Found widget: id=2131165248 (android.widget.RelativeLayout@405a1700)
D/nofatclips(  248): Found widget: id=2131165249 (android.widget.LinearLayout@405a1d68)
D/nofatclips(  248): Found widget: id=-1 (android.widget.ImageView@405a22b0)
D/nofatclips(  248): Found widget: id=2131165250 (org.wordpress.android.util.WPTitleBar@4059bc88)
D/nofatclips(  248): Found widget: id=2131165195 (android.widget.RelativeLayout@4050e260)
D/nofatclips(  248): Found widget: id=2131165196 (android.widget.RelativeLayout@40568510)
D/nofatclips(  248): Found widget: id=2131165197 (android.widget.ImageView@4059cf20)
D/nofatclips(  248): Found widget: id=2131165198 (android.widget.TextView@40541880): Katie's Sweet Testing Blog
D/nofatclips(  248): Found widget: id=2131165199 (android.widget.ImageView@4055d110)
D/nofatclips(  248): Found widget: id=-1 (android.widget.RelativeLayout@40579478)
D/nofatclips(  248): Found widget: id=2131165200 (android.widget.ImageButton@4059d448)
D/nofatclips(  248): Found widget: id=-1 (android.widget.FrameLayout@4057a9d0)
D/nofatclips(  248): Found widget: id=2131165201 (android.widget.Button@40542248): 
D/nofatclips(  248): Found widget: id=2131165202 (android.widget.ImageView@40593880)
D/nofatclips(  248): Found widget: id=2131165203 (android.widget.ImageView@4053ca40)
D/nofatclips(  248): Found widget: id=2131165204 (android.widget.LinearLayout@40569118)
D/nofatclips(  248): Found widget: id=-1 (android.widget.FrameLayout@4059ccb8)
D/nofatclips(  248): Found widget: id=-1 (android.widget.LinearLayout@4052fbe8)
D/nofatclips(  248): Found widget: id=-1 (android.widget.LinearLayout@4050e070)
D/nofatclips(  248): Found widget: id=-1 (android.widget.LinearLayout@4052f208)
D/nofatclips(  248): Found widget: id=2131165251 (android.widget.LinearLayout@4052f8c0)
D/nofatclips(  248): Found widget: id=-1 (android.widget.ImageView@40590328)
D/nofatclips(  248): Found widget: id=2131165256 (android.widget.TextView@4056ae10): New Post
D/nofatclips(  248): Found widget: id=2131165253 (android.widget.LinearLayout@4059bec0)
D/nofatclips(  248): Found widget: id=-1 (android.widget.ImageView@40530c28)
D/nofatclips(  248): Found widget: id=2131165256 (android.widget.TextView@4056b748): New Page
D/nofatclips(  248): Found widget: id=-1 (android.widget.LinearLayout@40532ee0)
D/nofatclips(  248): Found widget: id=2131165252 (android.widget.LinearLayout@405308d0)
D/nofatclips(  248): Found widget: id=-1 (android.widget.ImageView@40538dd8)
D/nofatclips(  248): Found widget: id=2131165256 (android.widget.TextView@40577940): Quick Photo
D/nofatclips(  248): Found widget: id=2131165254 (android.widget.LinearLayout@40547450)
D/nofatclips(  248): Found widget: id=-1 (android.widget.ImageView@405317c8)
D/nofatclips(  248): Found widget: id=2131165256 (android.widget.TextView@405781b0): Quick Video
D/nofatclips(  248): Found widget: id=-1 (android.widget.LinearLayout@4052e678)
D/nofatclips(  248): Found widget: id=-1 (android.widget.LinearLayout@40533e98)
D/nofatclips(  248): Found widget: id=2131165255 (android.widget.LinearLayout@40535160)
D/nofatclips(  248): Found widget: id=-1 (android.widget.ImageView@405404b0)
D/nofatclips(  248): Found widget: id=2131165256 (android.widget.TextView@40578838): Posts
D/nofatclips(  248): Found widget: id=2131165257 (android.widget.LinearLayout@40545bc8)
D/nofatclips(  248): Found widget: id=-1 (android.widget.ImageView@40568828)
D/nofatclips(  248): Found widget: id=2131165256 (android.widget.TextView@40537490): Pages
D/nofatclips(  248): Found widget: id=-1 (android.widget.FrameLayout@40540148)
D/nofatclips(  248): Found widget: id=2131165258 (android.widget.LinearLayout@40544388)
D/nofatclips(  248): Found widget: id=-1 (android.widget.ImageView@4053fe28)
D/nofatclips(  248): Found widget: id=2131165256 (android.widget.TextView@40539440): Comments
D/nofatclips(  248): Found widget: id=2131165259 (android.widget.FrameLayout@40546198)
D/nofatclips(  248): Found widget: id=2131165260 (android.widget.ImageView@40546ab8)
D/nofatclips(  248): Found widget: id=2131165261 (org.wordpress.android.util.CommentBadgeTextView@4053a458): 0
D/nofatclips(  248): Found widget: id=-1 (android.widget.LinearLayout@40540850)
D/nofatclips(  248): Found widget: id=2131165262 (android.widget.LinearLayout@40541638)
D/nofatclips(  248): Found widget: id=-1 (android.widget.ImageView@40543d18)
D/nofatclips(  248): Found widget: id=2131165256 (android.widget.TextView@40540a78): Settings
D/nofatclips(  248): Found widget: id=2131165263 (android.widget.LinearLayout@40545678)
D/nofatclips(  248): Found widget: id=-1 (android.widget.ImageView@405610c8)
D/nofatclips(  248): Found widget: id=2131165256 (android.widget.TextView@40542db8): Read
D/nofatclips(  248): Found widget: id=2131165264 (android.widget.LinearLayout@40561a48)
D/nofatclips(  248): Found widget: id=-1 (android.widget.ImageView@40565088)
D/nofatclips(  248): Found widget: id=2131165256 (android.widget.TextView@4054fb10): Stats
D/nofatclips(  248): Found widget: id=-1 (com.android.internal.policy.impl.PhoneWindow$DecorView@405a0100)
I/nofatclips(  248): Playing Trace 209
I/nofatclips(  248): Retrieved from return list id=16908290
D/nofatclips(  248): Testing for type (android.widget.FrameLayout) against the original (null)
I/nofatclips(  248): Firing event: type= changeOrientation name= widget=null
I/Launcher(  142): setLoadOnResume
D/dalvikvm(  278): GC_CONCURRENT freed 490K, 54% free 2725K/5831K, external 716K/1038K, paused 2ms+3ms
I//system/bin/fsck_msdos(   29): Attempting to allocate 397 KB for FAT
D/dalvikvm(  298): GC_CONCURRENT freed 534K, 54% free 2701K/5831K, external 716K/1038K, paused 3ms+66ms
D/Eas Debug(  298): Logging: 
D/EAS SyncManager(  298): !!! EAS SyncManager, onDestroy
I//system/bin/fsck_msdos(   29): ** Phase 2 - Check Cluster Chains
D/Email   (  298): BOOT_COMPLETED
I//system/bin/fsck_msdos(   29): ** Phase 3 - Checking Directories
I//system/bin/fsck_msdos(   29): ** Phase 4 - Checking for Lost Files
D/EAS SyncManager(  298): !!! EAS SyncManager, onCreate
D/EAS SyncManager(  298): !!! EAS SyncManager, onStartCommand
D/EAS SyncManager(  298): !!! EAS SyncManager, stopping self
D/EAS SyncManager(  298): !!! EAS SyncManager, onDestroy
I//system/bin/fsck_msdos(   29): 4 files, 50388 free (100776 clusters)
I/Vold    (   29): Filesystem check completed OK
I/Vold    (   29): Device /dev/block/vold/179:0, target /mnt/sdcard mounted @ /mnt/secure/staging
D/Vold    (   29): Volume sdcard state changing 3 (Checking) -> 4 (Mounted)
I/PackageManager(   61): Updating external media status from unmounted to mounted
I/StorageNotification(  134): Media {/mnt/sdcard} state changed from {checking} -> {mounted}
D/VoldCmdListener(   29): asec list
I/PackageManager(   61): No secure containers on sdcard
W/PackageManager(   61): Unknown permission com.google.android.googleapps.permission.GOOGLE_AUTH.mail in package com.android.contacts
W/PackageManager(   61): Unknown permission android.permission.ADD_SYSTEM_SERVICE in package com.android.phone
I/Launcher(  142): setLoadOnResume
W/PackageManager(   61): Not granting permission android.permission.SEND_DOWNLOAD_COMPLETED_INTENTS to package com.android.browser (protectionLevel=2 flags=0x9be45)
W/PackageManager(   61): Unknown permission com.google.android.gm.permission.WRITE_GMAIL in package com.android.settings
W/PackageManager(   61): Unknown permission com.google.android.gm.permission.READ_GMAIL in package com.android.settings
W/PackageManager(   61): Unknown permission com.google.android.googleapps.permission.GOOGLE_AUTH in package com.android.settings
W/PackageManager(   61): Unknown permission com.google.android.googleapps.permission.GOOGLE_AUTH in package com.android.providers.contacts
W/PackageManager(   61): Unknown permission com.google.android.googleapps.permission.GOOGLE_AUTH.cp in package com.android.providers.contacts
W/PackageManager(   61): Unknown permission com.google.android.googleapps.permission.ACCESS_GOOGLE_PASSWORD in package com.android.development
W/PackageManager(   61): Unknown permission com.google.android.googleapps.permission.GOOGLE_AUTH in package com.android.development
W/PackageManager(   61): Unknown permission com.google.android.googleapps.permission.GOOGLE_AUTH.ALL_SERVICES in package com.android.development
W/PackageManager(   61): Unknown permission com.google.android.googleapps.permission.GOOGLE_AUTH.YouTubeUser in package com.android.development
W/PackageManager(   61): Unknown permission android.permission.READ_OWNER_DATA in package com.android.email
W/PackageManager(   61): Not granting permission android.permission.DEVICE_POWER to package com.android.deskclock (protectionLevel=2 flags=0x8be45)
W/ImageDownloader(  248): Error 404 while retrieving bitmap from http://gravatar.com/blavatar/44d338f29053dbb888da79dcf98df489?s=60&d=404
D/dalvikvm(  248): GC_CONCURRENT freed 831K, 52% free 3229K/6727K, external 1812K/2324K, paused 3ms+3ms
D/MediaScanner(  256):  prescan time: 403ms
D/dalvikvm(  256): GC_CONCURRENT freed 523K, 55% free 2645K/5767K, external 716K/1038K, paused 3ms+3ms
D/MediaScanner(  256):     scan time: 48ms
D/MediaScanner(  256): postscan time: 0ms
D/MediaScanner(  256):    total time: 451ms
D/szipinf (  181): Initializing inflate state
D/dalvikvm(  181): GC_CONCURRENT freed 248K, 51% free 2796K/5703K, external 716K/1038K, paused 3ms+3ms
D/MediaScannerService(  256): done scanning volume internal
W/KeyCharacterMap(  248): No keyboard for id 0
W/KeyCharacterMap(  248): Using default keymap: /system/usr/keychars/qwerty.kcm.bin
D/MediaScannerService(  256): start scanning volume external
V/MediaProvider(  256): /mnt/sdcard volume ID: 454036253
D/dalvikvm(  142): GC_EXTERNAL_ALLOC freed 154K, 49% free 2992K/5767K, external 2617K/2620K, paused 391ms
I/Launcher(  142): setLoadOnResume
I/WindowManager(   61): Setting rotation to 1, animFlags=1
I/ActivityManager(   61): Config changed: { scale=1.0 imsi=310/260 loc=en_US touch=3 keys=2/1/2 nav=1/1 orien=2 layout=18 uiMode=17 seq=5}
I/nofatclips(  248): Waiting for 100 msec.
I/nofatclips(  248): Current activity is Dashboard
I/nofatclips(  248): Retrieving widgets
D/nofatclips(  248): Found widget: id=16908290 (android.widget.FrameLayout@405a0a00)
D/nofatclips(  248): Found widget: id=2131165248 (android.widget.RelativeLayout@405a1700)
D/nofatclips(  248): Found widget: id=2131165249 (android.widget.LinearLayout@405a1d68)
D/nofatclips(  248): Found widget: id=-1 (android.widget.ImageView@405a22b0)
D/nofatclips(  248): Found widget: id=2131165250 (org.wordpress.android.util.WPTitleBar@4059bc88)
D/nofatclips(  248): Found widget: id=2131165195 (android.widget.RelativeLayout@4050e260)
D/nofatclips(  248): Found widget: id=2131165196 (android.widget.RelativeLayout@40568510)
D/nofatclips(  248): Found widget: id=2131165197 (android.widget.ImageView@4059cf20)
D/nofatclips(  248): Found widget: id=2131165198 (android.widget.TextView@40541880): Katie's Sweet Testing Blog
D/nofatclips(  248): Found widget: id=2131165199 (android.widget.ImageView@4055d110)
D/nofatclips(  248): Found widget: id=-1 (android.widget.RelativeLayout@40579478)
D/nofatclips(  248): Found widget: id=2131165200 (android.widget.ImageButton@4059d448)
D/nofatclips(  248): Found widget: id=-1 (android.widget.FrameLayout@4057a9d0)
D/nofatclips(  248): Found widget: id=2131165201 (android.widget.Button@40542248): 
D/nofatclips(  248): Found widget: id=2131165202 (android.widget.ImageView@40593880)
D/nofatclips(  248): Found widget: id=2131165203 (android.widget.ImageView@4053ca40)
D/nofatclips(  248): Found widget: id=2131165249 (android.widget.LinearLayout@405957e0)
D/nofatclips(  248): Found widget: id=-1 (android.widget.FrameLayout@40678ab8)
D/nofatclips(  248): Found widget: id=-1 (android.widget.LinearLayout@4067feb8)
D/nofatclips(  248): Found widget: id=-1 (android.widget.LinearLayout@40676f50)
D/nofatclips(  248): Found widget: id=-1 (android.widget.LinearLayout@4067c600)
D/nofatclips(  248): Found widget: id=2131165251 (android.widget.LinearLayout@4063f888)
D/nofatclips(  248): Found widget: id=-1 (android.widget.ImageView@40681fc8)
D/nofatclips(  248): Found widget: id=-1 (android.widget.TextView@4067e118): New Post
D/nofatclips(  248): Found widget: id=2131165252 (android.widget.LinearLayout@405c55e8)
D/nofatclips(  248): Found widget: id=-1 (android.widget.ImageView@405c5738)
D/nofatclips(  248): Found widget: id=-1 (android.widget.TextView@405c69a8): Quick Photo
D/nofatclips(  248): Found widget: id=-1 (android.widget.LinearLayout@405c6c18)
D/nofatclips(  248): Found widget: id=2131165253 (android.widget.LinearLayout@405f3700)
D/nofatclips(  248): Found widget: id=-1 (android.widget.ImageView@405f3850)
D/nofatclips(  248): Found widget: id=-1 (android.widget.TextView@4065ab20): New Page
D/nofatclips(  248): Found widget: id=2131165254 (android.widget.LinearLayout@405f39a0)
D/nofatclips(  248): Found widget: id=-1 (android.widget.ImageView@4065ad90)
D/nofatclips(  248): Found widget: id=-1 (android.widget.TextView@4065cfa8): Quick Video
D/nofatclips(  248): Found widget: id=-1 (android.widget.LinearLayout@4065d218)
D/nofatclips(  248): Found widget: id=-1 (android.widget.LinearLayout@40584010)
D/nofatclips(  248): Found widget: id=2131165255 (android.widget.LinearLayout@40584160)
D/nofatclips(  248): Found widget: id=-1 (android.widget.ImageView@405c4780)
D/nofatclips(  248): Found widget: id=2131165256 (android.widget.TextView@4057f5c8): Posts
D/nofatclips(  248): Found widget: id=2131165257 (android.widget.LinearLayout@40679350)
D/nofatclips(  248): Found widget: id=-1 (android.widget.ImageView@40633bb8)
D/nofatclips(  248): Found widget: id=2131165256 (android.widget.TextView@40602908): Pages
D/nofatclips(  248): Found widget: id=-1 (android.widget.FrameLayout@405103b0)
D/nofatclips(  248): Found widget: id=2131165258 (android.widget.LinearLayout@4053e6b0)
D/nofatclips(  248): Found widget: id=-1 (android.widget.ImageView@40583da8)
D/nofatclips(  248): Found widget: id=2131165256 (android.widget.TextView@405c5a38): Comments
D/nofatclips(  248): Found widget: id=2131165259 (android.widget.FrameLayout@40615bc8)
D/nofatclips(  248): Found widget: id=2131165260 (android.widget.ImageView@40644390)
D/nofatclips(  248): Found widget: id=2131165261 (org.wordpress.android.util.CommentBadgeTextView@40616f10): 0
D/nofatclips(  248): Found widget: id=-1 (android.widget.LinearLayout@40678da0)
D/nofatclips(  248): Found widget: id=2131165262 (android.widget.LinearLayout@40678ef0)
D/nofatclips(  248): Found widget: id=-1 (android.widget.ImageView@4055c200)
D/nofatclips(  248): Found widget: id=2131165256 (android.widget.TextView@40514558): Settings
D/nofatclips(  248): Found widget: id=2131165263 (android.widget.LinearLayout@40593b30)
D/nofatclips(  248): Found widget: id=-1 (android.widget.ImageView@405c6330)
D/nofatclips(  248): Found widget: id=2131165256 (android.widget.TextView@405f8bc8): Read
D/nofatclips(  248): Found widget: id=2131165264 (android.widget.LinearLayout@405a0b58)
D/nofatclips(  248): Found widget: id=-1 (android.widget.ImageView@4054ad98)
D/nofatclips(  248): Found widget: id=2131165256 (android.widget.TextView@40618c90): Stats
D/nofatclips(  248): Found widget: id=-1 (com.android.internal.policy.impl.PhoneWindow$DecorView@405a0100)
V/nicola  (  248): TextualID : blog_title
V/nicola  (  248): ContentType detected : default
V/nicola  (  248): TextualID : action_refresh
V/nicola  (  248): ContentType detected : default
V/nicola  (  248): TextualID : null
V/nicola  (  248): ContentType detected : default
V/nicola  (  248): TextualID : null
V/nicola  (  248): ContentType detected : default
V/nicola  (  248): TextualID : null
V/nicola  (  248): ContentType detected : default
V/nicola  (  248): TextualID : null
V/nicola  (  248): ContentType detected : default
V/nicola  (  248): TextualID : button_text
V/nicola  (  248): ContentType detected : default
V/nicola  (  248): TextualID : button_text
V/nicola  (  248): ContentType detected : default
V/nicola  (  248): TextualID : button_text
V/nicola  (  248): ContentType detected : default
V/nicola  (  248): TextualID : button_text
V/nicola  (  248): ContentType detected : default
V/nicola  (  248): TextualID : button_text
V/nicola  (  248): ContentType detected : default
V/nicola  (  248): TextualID : button_text
V/nicola  (  248): ContentType detected : default
I/nofatclips(  248): Performing comparation for activity Dashboard
I/nofatclips(  248): Registering activity Dashboard (id: a23) as a new found state
D/nofatclips(  248): Performing backup of the old activity list on disk
D/nofatclips(  248): Saving new found state 'a23' on disk
V/nofatclips(  248): Opening state file in append mode.
D/dalvikvm(  248): GC_CONCURRENT freed 782K, 52% free 3282K/6727K, external 2194K/2324K, paused 6ms+7ms
D/dalvikvm(  248): GC_EXTERNAL_ALLOC freed 168K, 52% free 3243K/6727K, external 1812K/2324K, paused 68ms
D/dalvikvm(  248): GC_EXTERNAL_ALLOC freed 23K, 53% free 3220K/6727K, external 1999K/2511K, paused 62ms
I/nofatclips(  248): Saved image on disk: a23.jpg
I/nofatclips(  248): Waiting for 100 msec.
I/nofatclips(  248): Session count is 1. Will dump to disk at 1
I/nofatclips(  248): Saving the session on disk.
I/nofatclips(  248): Planning for new Activity Dashboard
D/nofatclips(  248): Handling event 'click' on widget id=2131165200 type=button name=
D/nofatclips(  248): Handling event 'click' on widget id=2131165201 type=button name=
D/nofatclips(  248): Handling event 'click' on widget id=2131165249 type=linearLayout name=
I/dalvikvm(  248): Jit: resizing JitTable from 1024 to 2048
W/dalvikvm(   61): threadid=20: spin on suspend #1 threadid=44 (pcf=0)
D/dalvikvm(   61): Temporarily moving tid 273 to fg (was 0)
D/dalvikvm(   61): Temporarily raised priority on tid 273 (10 -> 0)
W/dalvikvm(   61): threadid=20: spin on suspend resolved in 1036 msec
D/dalvikvm(   61): Restored policy of 273 to 0
D/dalvikvm(   61): Restored priority on 273 to 10
D/nofatclips(  248): Handling event 'click' on widget id=2131165251 type=linearLayout name=
D/dalvikvm(   61): GC_EXPLICIT freed 756K, 45% free 4160K/7559K, external 1865K/3065K, paused 177ms
D/nofatclips(  248): Handling event 'click' on widget id=2131165252 type=linearLayout name=
D/nofatclips(  248): Handling event 'click' on widget id=2131165253 type=linearLayout name=
D/nofatclips(  248): Handling event 'click' on widget id=2131165254 type=linearLayout name=
D/nofatclips(  248): Handling event 'click' on widget id=2131165255 type=linearLayout name=
D/nofatclips(  248): Handling event 'click' on widget id=2131165257 type=linearLayout name=
D/dalvikvm(  248): GC_CONCURRENT freed 924K, 52% free 3312K/6855K, external 2599K/3246K, paused 3ms+3ms
D/nofatclips(  248): Handling event 'click' on widget id=2131165258 type=linearLayout name=
D/nofatclips(  248): Handling event 'click' on widget id=2131165262 type=linearLayout name=
D/nofatclips(  248): Handling event 'click' on widget id=2131165263 type=linearLayout name=
D/nofatclips(  248): Handling event 'click' on widget id=2131165264 type=linearLayout name=
I/nofatclips(  248): Created trace to press the back button
I/nofatclips(  248): Created trace to press the menu button
I/nofatclips(  248): Created trace to change orientation
I/nofatclips(  248): Check for termination: 78 steps left of 100
I/nofatclips(  248): Dispatching new task. 2 more tasks remaining.
D/nofatclips(  248): Performing backup of the old task list on disk
D/nofatclips(  248): Saving task list on disk
V/nofatclips(  248): Backing up trace #223 to disk.
V/nofatclips(  248): Backing up trace #224 to disk.
D/nofatclips(  248): Deleting backup of the old task list from disk
D/nofatclips(  248): Deleting backup of the old activity list from disk
I/nofatclips(  248): Incrementally Playing Trace 224
I/nofatclips(  248): Retrieved from return list id=2131165255
D/nofatclips(  248): Testing for type (android.widget.LinearLayout) against the original (android.widget.LinearLayout)
D/nofatclips(  248): Testing for name () against the original ()
I/nofatclips(  248): Firing event: type= click index=36 widget=android.widget.LinearLayout
D/dalvikvm(  248): GC_CONCURRENT freed 1238K, 55% free 3218K/7111K, external 1999K/2599K, paused 3ms+3ms
V/MediaProvider(  256): Attached volume: external
V/MediaScanner(  256): pruneDeadThumbnailFiles... android.database.sqlite.SQLiteCursor@405a2af0
V/MediaScanner(  256): /pruneDeadThumbnailFiles... android.database.sqlite.SQLiteCursor@405a2af0
D/MediaScanner(  256):  prescan time: 50ms
D/MediaScanner(  256):     scan time: 2ms
D/MediaScanner(  256): postscan time: 17ms
D/MediaScanner(  256):    total time: 69ms
D/MediaScannerService(  256): done scanning volume external
D/szipinf (  142): Initializing inflate state
D/dalvikvm(  142): GC_EXPLICIT freed 175K, 50% free 2931K/5767K, external 2244K/2294K, paused 42ms
D/nofatclips(  248): Event description: Posts
I/ActivityManager(   61): Starting: Intent { cmp=org.wordpress.android/.Posts } from pid 248
I/nofatclips(  248): Waiting for 100 msec.
D/dalvikvm(  248): GREF has increased to 201
W/ImageDownloader(  248): Error 404 while retrieving bitmap from http://gravatar.com/blavatar/44d338f29053dbb888da79dcf98df489?s=60&d=404
I/ActivityManager(   61): Displayed org.wordpress.android/.Posts: +1s900ms
I/nofatclips(  248): Current activity is Posts
I/nofatclips(  248): Retrieving widgets
D/nofatclips(  248): Found widget: id=16908290 (android.widget.FrameLayout@4064d410)
D/nofatclips(  248): Found widget: id=2131165323 (android.widget.RelativeLayout@4068a708)
D/nofatclips(  248): Found widget: id=2131165324 (android.widget.LinearLayout@406bf558)
D/nofatclips(  248): Found widget: id=2131165325 (android.support.v4.app.NoSaveStateFrameLayout@4050f580)
D/nofatclips(  248): Found widget: id=-1 (android.widget.FrameLayout@406b7d00)
D/nofatclips(  248): Found widget: id=16711681 (android.widget.TextView@40697e60): 
D/nofatclips(  248): Found widget: id=16908298 (android.widget.ListView@40598f58)
D/nofatclips(  248): Found widget: id=4 (android.widget.LinearLayout@406be958)
D/nofatclips(  248): Found widget: id=2131165236 (android.widget.TextView@406bebb8): Posts
D/nofatclips(  248): Found widget: id=-1 (android.widget.LinearLayout@4064ec38)
D/nofatclips(  248): Found widget: id=2131165341 (android.widget.TextView@4064ed88): 
D/nofatclips(  248): Found widget: id=2131165280 (android.widget.TextView@4064f248): 
D/nofatclips(  248): Found widget: id=1 (android.widget.LinearLayout@405fcce8)
D/nofatclips(  248): Found widget: id=2131165236 (android.widget.TextView@405fcf00): 90
D/nofatclips(  248): Found widget: id=-1 (android.widget.LinearLayout@405fd390)
D/nofatclips(  248): Found widget: id=2131165341 (android.widget.TextView@405fd5b0): 9:01pm, Jul 22, 2014
D/nofatclips(  248): Found widget: id=2131165280 (android.widget.TextView@40699898): Private
D/nofatclips(  248): Found widget: id=2 (android.widget.LinearLayout@4069a5e0)
D/nofatclips(  248): Found widget: id=2131165236 (android.widget.TextView@4069a7f8): 90
D/nofatclips(  248): Found widget: id=-1 (android.widget.LinearLayout@405ef320)
D/nofatclips(  248): Found widget: id=2131165341 (android.widget.TextView@405ef540): 8:47pm, Jul 22, 2014
D/nofatclips(  248): Found widget: id=2131165280 (android.widget.TextView@405ef9d0): Published
D/nofatclips(  248): Found widget: id=3 (android.widget.LinearLayout@405cd178)
D/nofatclips(  248): Found widget: id=2131165236 (android.widget.TextView@405cd390): Post Two
D/nofatclips(  248): Found widget: id=-1 (android.widget.LinearLayout@405cd820)
D/nofatclips(  248): Found widget: id=2131165341 (android.widget.TextView@405cda40): 6:56pm, Jul 21, 2014
D/nofatclips(  248): Found widget: id=2131165280 (android.widget.TextView@405cded0): Published
D/nofatclips(  248): Found widget: id=4 (android.widget.LinearLayout@405f4c88)
D/nofatclips(  248): Found widget: id=2131165236 (android.widget.TextView@405f4ea0): Post One
D/nofatclips(  248): Found widget: id=-1 (android.widget.LinearLayout@405f5330)
D/nofatclips(  248): Found widget: id=2131165341 (android.widget.TextView@405f5550): 6:54pm, Jul 21, 2014
D/nofatclips(  248): Found widget: id=2131165280 (android.widget.TextView@405f59e0): Published
D/nofatclips(  248): Found widget: id=2131165326 (org.wordpress.android.util.WPTitleBar@405ce8a0)
D/nofatclips(  248): Found widget: id=2131165195 (android.widget.RelativeLayout@405c4cb8)
D/nofatclips(  248): Found widget: id=2131165196 (android.widget.RelativeLayout@40679768)
D/nofatclips(  248): Found widget: id=2131165197 (android.widget.ImageView@406cbc78)
D/nofatclips(  248): Found widget: id=2131165198 (android.widget.TextView@405c2be0): Katie's Sweet Testing Blog
D/nofatclips(  248): Found widget: id=2131165199 (android.widget.ImageView@405918d8)
D/nofatclips(  248): Found widget: id=-1 (android.widget.RelativeLayout@406798c0)
D/nofatclips(  248): Found widget: id=2131165200 (android.widget.ImageButton@405d1b78)
D/nofatclips(  248): Found widget: id=-1 (android.widget.FrameLayout@406c9fd8)
D/nofatclips(  248): Found widget: id=2131165201 (android.widget.Button@40538b50): 
D/nofatclips(  248): Found widget: id=2131165202 (android.widget.ImageView@40681178)
D/nofatclips(  248): Found widget: id=2131165203 (android.widget.ImageView@405c37b0)
D/nofatclips(  248): Found widget: id=2131165204 (android.widget.LinearLayout@405c3fa8)
D/nofatclips(  248): Found widget: id=-1 (android.widget.FrameLayout@40682bf0)
D/nofatclips(  248): Found widget: id=-1 (android.widget.LinearLayout@406