D/nofatclips(  239): Comparing against activity Dashboard
D/nofatclips(  239): Comparing against activity Dashboard
D/nofatclips(  239): Comparing against activity Settings
D/nofatclips(  239): Comparing against activity Posts
D/nofatclips(  239): Comparing against activity Posts
D/nofatclips(  239): Comparing against activity Dashboard
I/nofatclips(  239): Registering activity EditContent (id: a26) as a new found state
D/nofatclips(  239): Performing backup of the old activity list on disk
D/nofatclips(  239): Saving new found state 'a26' on disk
V/nofatclips(  239): Opening state file in append mode.
I/nofatclips(  239): Saved image on disk: a26.jpg
I/nofatclips(  239): Waiting for 100 msec.
I/nofatclips(  239): Session count is 1. Will dump to disk at 1
I/nofatclips(  239): Saving the session on disk.
D/dalvikvm(  239): GC_FOR_MALLOC freed 1020K, 50% free 4924K/9735K, external 5091K/5609K, paused 130ms
I/nofatclips(  239): Planning for new Activity EditContent
D/nofatclips(  239): Handling event 'focus' on widget id=2131165265 type=focusableEditText name=Content
D/nofatclips(  239): Handling event 'click' on widget id=2131165290 type=toggle name=B
D/nofatclips(  239): Handling event 'click' on widget id=2131165291 type=toggle name=I 
D/nofatclips(  239): Handling event 'click' on widget id=2131165292 type=toggle name= U 
D/nofatclips(  239): Handling event 'click' on widget id=2131165293 type=toggle name= ABC 
D/nofatclips(  239): Handling event 'click' on widget id=2131165294 type=button name= link 
D/nofatclips(  239): Handling event 'click' on widget id=2131165295 type=toggle name="
D/nofatclips(  239): Handling event 'click' on widget id=2131165296 type=button name=More
D/nofatclips(  239): Handling event 'click' on widget id=2131165297 type=button name=
I/nofatclips(  239): Created trace to press the back button
I/nofatclips(  239): Created trace to press the menu button
I/nofatclips(  239): Created trace to change orientation
D/dalvikvm(  239): GC_CONCURRENT freed 1893K, 48% free 5079K/9735K, external 4491K/5609K, paused 5ms+8ms
I/nofatclips(  239): Check for termination: 75 steps left of 100
I/nofatclips(  239): Dispatching new task. 2 more tasks remaining.
D/nofatclips(  239): Performing backup of the old task list on disk
D/nofatclips(  239): Saving task list on disk
V/nofatclips(  239): Backing up trace #329 to disk.
D/dalvikvm(  239): GC_FOR_MALLOC freed 1790K, 49% free 4998K/9735K, external 4491K/5609K, paused 57ms
V/nofatclips(  239): Backing up trace #330 to disk.
D/nofatclips(  239): Deleting backup of the old task list from disk
D/nofatclips(  239): Deleting backup of the old activity list from disk
I/nofatclips(  239): Incrementally Playing Trace 330
I/nofatclips(  239): Retrieved from return list id=2131165296
D/nofatclips(  239): Testing for type (android.widget.Button) against the original (android.widget.Button)
D/nofatclips(  239): Testing for name (More) against the original (More)
I/nofatclips(  239): Firing event: type= click index=13 widget=android.widget.Button
W/KeyCharacterMap(  239): No keyboard for id 0
W/KeyCharacterMap(  239): Using default keymap: /system/usr/keychars/qwerty.kcm.bin
D/nofatclips(  239): Event description: More
I/nofatclips(  239): Waiting for 100 msec.
I/nofatclips(  239): Current activity is EditContent
I/nofatclips(  239): Retrieving widgets
D/nofatclips(  239): Found widget: id=16908290 (android.widget.FrameLayout@405db008)
D/nofatclips(  239): Found widget: id=-1 (android.widget.LinearLayout@4082f800)
D/nofatclips(  239): Found widget: id=-1 (android.widget.LinearLayout@407b2318)
D/nofatclips(  239): Found widget: id=2131165265 (org.wordpress.android.util.WPEditText@40903698): 
D/nofatclips(  239): 
D/nofatclips(  239): ........More
D/nofatclips(  239): 
D/nofatclips(  239): Found widget: id=2131165289 (android.widget.RelativeLayout@40755de8)
D/nofatclips(  239): Found widget: id=-1 (android.widget.HorizontalScrollView@407dc960)
D/nofatclips(  239): Found widget: id=-1 (android.widget.RelativeLayout@40793750)
D/nofatclips(  239): Found widget: id=2131165290 (android.widget.ToggleButton@4070ba38): B
D/nofatclips(  239): Found widget: id=2131165291 (android.widget.ToggleButton@40835578): I 
D/nofatclips(  239): Found widget: id=2131165292 (android.widget.ToggleButton@4065f788):  U 
D/nofatclips(  239): Found widget: id=2131165293 (android.widget.ToggleButton@408b3118):  ABC 
D/nofatclips(  239): Found widget: id=2131165294 (android.widget.Button@408461d0):  link 
D/nofatclips(  239): Found widget: id=2131165295 (android.widget.ToggleButton@405d7120): "
D/nofatclips(  239): Found widget: id=2131165296 (android.widget.Button@407af8b8): More
D/nofatclips(  239): Found widget: id=2131165297 (android.widget.ImageButton@4084dff0)
D/nofatclips(  239): Found widget: id=-1 (com.android.internal.policy.impl.PhoneWindow$DecorView@40880fc0)
V/ReflectionHelper(  239): org.wordpress.android.util.WPEditText > mOnFocusChangeListener FOUND | ACTIVE
V/nicola  (  239): TextualID : postContent
V/nicola  (  239): ContentType detected : default
V/nicola  (  239): TextualID : bold
V/nicola  (  239): ContentType detected : default
V/nicola  (  239): TextualID : em
V/nicola  (  239): ContentType detected : default
V/nicola  (  239): TextualID : underline
V/nicola  (  239): ContentType detected : default
V/nicola  (  239): TextualID : strike
V/nicola  (  239): ContentType detected : default
V/nicola  (  239): TextualID : link
V/nicola  (  239): ContentType detected : default
V/nicola  (  239): TextualID : bquote
V/nicola  (  239): ContentType detected : default
V/nicola  (  239): TextualID : more
V/nicola  (  239): ContentType detected : default
I/nofatclips(  239): Performing comparation for activity EditContent
D/nofatclips(  239): Comparing against activity EditPost
D/nofatclips(  239): Comparing against activity Settings
D/nofatclips(  239): Comparing against activity Settings
D/nofatclips(  239): Comparing against activity Settings
D/nofatclips(  239): Comparing against activity EditPost
D/nofatclips(  239): Comparing against activity Settings
D/nofatclips(  239): Comparing against activity Settings
D/nofatclips(  239): Comparing against activity EditContent
D/nofatclips(  239): Comparing against activity EditContent
D/nofatclips(  239): Comparing against activity Posts
D/nofatclips(  239): Comparing against activity Dashboard
D/nofatclips(  239): Comparing against activity Dashboard
D/nofatclips(  239): Comparing against activity Posts
D/nofatclips(  239): Comparing against activity Dashboard
D/nofatclips(  239): Comparing against activity Posts
D/nofatclips(  239): Comparing against activity Settings
D/nofatclips(  239): Comparing against activity Settings
D/nofatclips(  239): Comparing against activity EditContent
D/nofatclips(  239): Comparing against activity EditContent
D/nofatclips(  239): Comparing against activity Posts
D/nofatclips(  239): Comparing against activity Posts
D/nofatclips(  239): Comparing against activity EditContent
D/nofatclips(  239): Comparing against activity EditContent
D/nofatclips(  239): Comparing against activity Dashboard
D/nofatclips(  239): Comparing against activity Settings
D/nofatclips(  239): Comparing against activity Posts
I/nofatclips(  239): Registering activity EditContent (id: a27) as a new found state
D/nofatclips(  239): Performing backup of the old activity list on disk
D/nofatclips(  239): Saving new found state 'a27' on disk
V/nofatclips(  239): Opening state file in append mode.
I/nofatclips(  239): Saved image on disk: a27.jpg
I/nofatclips(  239): Waiting for 100 msec.
I/nofatclips(  239): Session count is 1. Will dump to disk at 1
I/nofatclips(  239): Saving the session on disk.
D/dalvikvm(  239): GC_FOR_MALLOC freed 1022K, 49% free 5040K/9735K, external 5091K/5609K, paused 121ms
D/dalvikvm(  239): GC_FOR_MALLOC freed 333K, 49% free 5037K/9735K, external 4491K/5609K, paused 91ms
I/nofatclips(  239): Planning for new Activity EditContent
D/nofatclips(  239): Handling event 'focus' on widget id=2131165265 type=focusableEditText name=Content
D/nofatclips(  239): Handling event 'click' on widget id=2131165290 type=toggle name=B
D/nofatclips(  239): Handling event 'click' on widget id=2131165291 type=toggle name=I 
D/nofatclips(  239): Handling event 'click' on widget id=2131165292 type=toggle name= U 
D/nofatclips(  239): Handling event 'click' on widget id=2131165293 type=toggle name= ABC 
D/nofatclips(  239): Handling event 'click' on widget id=2131165294 type=button name= link 
D/nofatclips(  239): Handling event 'click' on widget id=2131165295 type=toggle name="
D/nofatclips(  239): Handling event 'click' on widget id=2131165296 type=button name=More
D/nofatclips(  239): Handling event 'click' on widget id=2131165297 type=button name=
I/nofatclips(  239): Created trace to press the back button
I/nofatclips(  239): Created trace to press the menu button
I/nofatclips(  239): Created trace to change orientation
D/SntpClient(   61): request time failed: java.net.SocketException: Address family not supported by protocol
D/dalvikvm(  239): GC_CONCURRENT freed 1900K, 47% free 5184K/9735K, external 4491K/5609K, paused 6ms+7ms
I/nofatclips(  239): Check for termination: 74 steps left of 100
I/nofatclips(  239): Dispatching new task. 2 more tasks remaining.
D/nofatclips(  239): Performing backup of the old task list on disk
D/nofatclips(  239): Saving task list on disk
V/nofatclips(  239): Backing up trace #341 to disk.
D/dalvikvm(  239): GC_FOR_MALLOC freed 1684K, 48% free 5159K/9863K, external 4491K/5609K, paused 57ms
V/nofatclips(  239): Backing up trace #342 to disk.
D/dalvikvm(  239): GC_FOR_MALLOC freed 194K, 48% free 5168K/9863K, external 4491K/5609K, paused 41ms
D/dalvikvm(  239): GC_FOR_MALLOC freed 72K, 47% free 5239K/9863K, external 4491K/5609K, paused 41ms
D/nofatclips(  239): Deleting backup of the old task list from disk
D/nofatclips(  239): Deleting backup of the old activity list from disk
I/nofatclips(  239): Incrementally Playing Trace 342
I/nofatclips(  239): Retrieved from return list id=2131165296
D/nofatclips(  239): Testing for type (android.widget.Button) against the original (android.widget.Button)
D/nofatclips(  239): Testing for name (More) against the original (More)
I/nofatclips(  239): Firing event: type= click index=13 widget=android.widget.Button
W/KeyCharacterMap(  239): No keyboard for id 0
W/KeyCharacterMap(  239): Using default keymap: /system/usr/keychars/qwerty.kcm.bin
D/nofatclips(  239): Event description: More
I/nofatclips(  239): Waiting for 100 msec.
I/nofatclips(  239): Current activity is EditContent
I/nofatclips(  239): Retrieving widgets
D/nofatclips(  239): Found widget: id=16908290 (android.widget.FrameLayout@405db008)
D/nofatclips(  239): Found widget: id=-1 (android.widget.LinearLayout@4082f800)
D/nofatclips(  239): Found widget: id=-1 (android.widget.LinearLayout@407b2318)
D/nofatclips(  239): Found widget: id=2131165265 (org.wordpress.android.util.WPEditText@40903698): 
D/nofatclips(  239): 
D/nofatclips(  239): ........More
D/nofatclips(  239): 
D/nofatclips(  239): 
D/nofatclips(  239): 
D/nofatclips(  239): ........More
D/nofatclips(  239): 
D/nofatclips(  239): Found widget: id=2131165289 (android.widget.RelativeLayout@40755de8)
D/nofatclips(  239): Found widget: id=-1 (android.widget.HorizontalScrollView@407dc960)
D/nofatclips(  239): Found widget: id=-1 (android.widget.RelativeLayout@40793750)
D/nofatclips(  239): Found widget: id=2131165290 (android.widget.ToggleButton@4070ba38): B
D/nofatclips(  239): Found widget: id=2131165291 (android.widget.ToggleButton@40835578): I 
D/nofatclips(  239): Found widget: id=2131165292 (android.widget.ToggleButton@4065f788):  U 
D/nofatclips(  239): Found widget: id=2131165293 (android.widget.ToggleButton@408b3118):  ABC 
D/nofatclips(  239): Found widget: id=2131165294 (android.widget.Button@408461d0):  link 
D/nofatclips(  239): Found widget: id=2131165295 (android.widget.ToggleButton@405d7120): "
D/nofatclips(  239): Found widget: id=2131165296 (android.widget.Button@407af8b8): More
D/nofatclips(  239): Found widget: id=2131165297 (android.widget.ImageButton@4084dff0)
D/nofatclips(  239): Found widget: id=-1 (com.android.internal.policy.impl.PhoneWindow$DecorView@40880fc0)
V/ReflectionHelper(  239): org.wordpress.android.util.WPEditText > mOnFocusChangeListener FOUND | ACTIVE
V/nicola  (  239): TextualID : postContent
V/nicola  (  239): ContentType detected : default
V/nicola  (  239): TextualID : bold
V/nicola  (  239): ContentType detected : default
V/nicola  (  239): TextualID : em
V/nicola  (  239): ContentType detected : default
V/nicola  (  239): TextualID : underline
V/nicola  (  239): ContentType detected : default
V/nicola  (  239): TextualID : strike
V/nicola  (  239): ContentType detected : default
V/nicola  (  239): TextualID : link
V/nicola  (  239): ContentType detected : default
V/nicola  (  239): TextualID : bquote
V/nicola  (  239): ContentType detected : default
V/nicola  (  239): TextualID : more
V/nicola  (  239): ContentType detected : default
I/nofatclips(  239): Performing comparation for activity EditContent
D/nofatclips(  239): Comparing against activity EditPost
D/nofatclips(  239): Comparing against activity Settings
D/nofatclips(  239): Comparing against activity Settings
D/nofatclips(  239): Comparing against activity Settings
D/nofatclips(  239): Comparing against activity EditPost
D/nofatclips(  239): Comparing against activity Settings
D/nofatclips(  239): Comparing against activity EditContent
D/nofatclips(  239): Comparing against activity Settings
D/nofatclips(  239): Comparing against activity EditContent
D/nofatclips(  239): Comparing against activity EditContent
D/nofatclips(  239): Comparing against activity Posts
D/nofatclips(  239): Comparing against activity Dashboard
D/nofatclips(  239): Comparing against activity Dashboard
D/nofatclips(  239): Comparing against activity Posts
D/nofatclips(  239): Comparing against activity Dashboard
D/nofatclips(  239): Comparing against activity Posts
D/nofatclips(  239): Comparing against activity Settings
D/nofatclips(  239): Comparing against activity Settings
D/nofatclips(  239): Comparing against activity EditContent
D/nofatclips(  239): Comparing against activity EditContent
D/nofatclips(  239): Comparing against activity Posts
D/nofatclips(  239): Comparing against activity Posts
D/nofatclips(  239): Comparing against activity EditContent
D/nofatclips(  239): Comparing against activity EditContent
D/nofatclips(  239): Comparing against activity Dashboard
D/nofatclips(  239): Comparing against activity Settings
D/nofatclips(  239): Comparing against activity Posts
I/nofatclips(  239): Registering activity EditContent (id: a28) as a new found state
D/nofatclips(  239): Performing backup of the old activity list on disk
D/nofatclips(  239): Saving new found state 'a28' on disk
V/nofatclips(  239): Opening state file in append mode.
D/dalvikvm(  239): GC_EXTERNAL_ALLOC freed 855K, 49% free 5081K/9863K, external 5091K/5609K, paused 249ms
I/nofatclips(  239): Saved image on disk: a28.jpg
I/nofatclips(  239): Waiting for 100 msec.
I/nofatclips(  239): Session count is 1. Will dump to disk at 1
I/nofatclips(  239): Saving the session on disk.
D/dalvikvm(  239): GC_FOR_MALLOC freed 394K, 49% free 5067K/9927K, external 5091K/6358K, paused 142ms
I/nofatclips(  239): Planning for new Activity EditContent
D/nofatclips(  239): Handling event 'focus' on widget id=2131165265 type=focusableEditText name=Content
D/nofatclips(  239): Handling event 'click' on widget id=2131165290 type=toggle name=B
D/nofatclips(  239): Handling event 'click' on widget id=2131165291 type=toggle name=I 
D/nofatclips(  239): Handling event 'click' on widget id=2131165292 type=toggle name= U 
D/nofatclips(  239): Handling event 'click' on widget id=2131165293 type=toggle name= ABC 
D/nofatclips(  239): Handling event 'click' on widget id=2131165294 type=button name= link 
D/nofatclips(  239): Handling event 'click' on widget id=2131165295 type=toggle name="
D/nofatclips(  239): Handling event 'click' on widget id=2131165296 type=button name=More
D/nofatclips(  239): Handling event 'click' on widget id=2131165297 type=button name=
I/nofatclips(  239): Created trace to press the back button
I/nofatclips(  239): Created trace to press the menu button
I/nofatclips(  239): Created trace to change orientation
D/dalvikvm(  239): GC_CONCURRENT freed 1821K, 47% free 5294K/9927K, external 4491K/5609K, paused 6ms+7ms
I/nofatclips(  239): Check for termination: 73 steps left of 100
I/nofatclips(  239): Dispatching new task. 2 more tasks remaining.
D/nofatclips(  239): Performing backup of the old task list on disk
D/nofatclips(  239): Saving task list on disk
V/nofatclips(  239): Backing up trace #353 to disk.
V/nofatclips(  239): Backing up trace #354 to disk.
D/dalvikvm(  239): GC_FOR_MALLOC freed 1925K, 48% free 5233K/9991K, external 4491K/5609K, paused 65ms
D/dalvikvm(  239): GC_FOR_MALLOC freed 226K, 48% free 5263K/9991K, external 4491K/5609K, paused 44ms
D/nofatclips(  239): Deleting backup of the old task list from disk
D/nofatclips(  239): Deleting backup of the old activity list from disk
I/nofatclips(  239): Incrementally Playing Trace 354
I/nofatclips(  239): Retrieved from return list id=2131165292
D/nofatclips(  239): Testing for type (android.widget.ToggleButton) against the original (android.widget.ToggleButton)
D/nofatclips(  239): Testing for name ( U ) against the original ( U )
I/nofatclips(  239): Firing event: type= click index=9 widget=android.widget.ToggleButton
W/KeyCharacterMap(  239): No keyboard for id 0
W/KeyCharacterMap(  239): Using default keymap: /system/usr/keychars/qwerty.kcm.bin
D/nofatclips(  239): Event description:  U 
I/nofatclips(  239): Waiting for 100 msec.
I/nofatclips(  239): Current activity is EditContent
I/nofatclips(  239): Retrieving widgets
D/nofatclips(  239): Found widget: id=16908290 (android.widget.FrameLayout@405db008)
D/nofatclips(  239): Found widget: id=-1 (android.widget.LinearLayout@4082f800)
D/nofatclips(  239): Found widget: id=-1 (android.widget.LinearLayout@407b2318)
D/nofatclips(  239): Found widget: id=2131165265 (org.wordpress.android.util.WPEditText@40903698): 
D/nofatclips(  239): 
D/nofatclips(  239): ........More
D/nofatclips(  239): 
D/nofatclips(  239): 
D/nofatclips(  239): 
D/nofatclips(  239): ........More
D/nofatclips(  239): 
D/nofatclips(  239): Found widget: id=2131165289 (android.widget.RelativeLayout@40755de8)
D/nofatclips(  239): Found widget: id=-1 (android.widget.HorizontalScrollView@407dc960)
D/nofatclips(  239): Found widget: id=-1 (android.widget.RelativeLayout@40793750)
D/nofatclips(  239): Found widget: id=2131165290 (android.widget.ToggleButton@4070ba38): B
D/nofatclips(  239): Found widget: id=2131165291 (android.widget.ToggleButton@40835578): I 
D/nofatclips(  239): Found widget: id=2131165292 (android.widget.ToggleButton@4065f788):  U 
D/nofatclips(  239): Found widget: id=2131165293 (android.widget.ToggleButton@408b3118):  ABC 
D/nofatclips(  239): Found widget: id=2131165294 (android.widget.Button@408461d0):  link 
D/nofatclips(  239): Found widget: id=2131165295 (android.widget.ToggleButton@405d7120): "
D/nofatclips(  239): Found widget: id=2131165296 (android.widget.Button@407af8b8): More
D/nofatclips(  239): Found widget: id=2131165297 (android.widget.ImageButton@4084dff0)
D/nofatclips(  239): Found widget: id=-1 (com.android.internal.policy.impl.PhoneWindow$DecorView@40880fc0)
V/ReflectionHelper(  239): org.wordpress.android.util.WPEditText > mOnFocusChangeListener FOUND | ACTIVE
V/nicola  (  239): TextualID : postContent
V/nicola  (  239): ContentType detected : default
V/nicola  (  239): TextualID : bold
V/nicola  (  239): ContentType detected : default
V/nicola  (  239): TextualID : em
V/nicola  (  239): ContentType detected : default
V/nicola  (  239): TextualID : underline
V/nicola  (  239): ContentType detected : default
V/nicola  (  239): TextualID : strike
V/nicola  (  239): ContentType detected : default
V/nicola  (  239): TextualID : link
V/nicola  (  239): ContentType detected : default
V/nicola  (  239): TextualID : bquote
V/nicola  (  239): ContentType detected : default
V/nicola  (  239): TextualID : more
V/nicola  (  239): ContentType detected : default
I/nofatclips(  239): Performing comparation for activity EditContent
D/nofatclips(  239): Comparing against activity EditPost
D/nofatclips(  239): Comparing against activity Settings
D/nofatclips(  239): Comparing against activity Settings
D/nofatclips(  239): Comparing against activity Settings
D/nofatclips(  239): Comparing against activity EditPost
D/nofatclips(  239): Comparing against activity Settings
D/nofatclips(  239): Comparing against activity EditContent
D/nofatclips(  239): Comparing against activity EditContent
D/nofatclips(  239): Comparing against activity Settings
D/nofatclips(  239): Comparing against activity EditContent
D/nofatclips(  239): Comparing against activity EditContent
D/nofatclips(  239): Comparing against activity Posts
D/nofatclips(  239): Comparing against activity Dashboard
D/nofatclips(  239): Comparing against activity Dashboard
D/nofatclips(  239): Comparing against activity Posts
D/nofatclips(  239): Comparing against activity Dashboard
D/nofatclips(  239): Comparing against activity Posts
D/nofatclips(  239): Comparing against activity Settings
D/nofatclips(  239): Comparing against activity Settings
D/nofatclips(  239): Comparing against activity EditContent
D/nofatclips(  239): Comparing against activity EditContent
D/nofatclips(  239): Comparing against activity Posts
D/nofatclips(  239): Comparing against activity Posts
D/nofatclips(  239): Comparing against activity EditContent
D/nofatclips(  239): Comparing against activity EditContent
D/nofatclips(  239): Comparing against activity Dashboard
D/nofatclips(  239): Comparing against activity Settings
D/nofatclips(  239): Comparing against activity Posts
I/nofatclips(  239): Registering activity EditContent (id: a29) as a new found state
D/nofatclips(  239): Performing backup of the old activity list on disk
D/nofatclips(  239): Saving new found state 'a29' on disk
V/nofatclips(  239): Opening state file in append mode.
D/dalvikvm(  239): GC_EXTERNAL_ALLOC freed 835K, 49% free 5113K/9991K, external 5091K/5609K, paused 259ms
I/nofatclips(  239): Saved image on disk: a29.jpg
I/nofatclips(  239): Waiting for 100 msec.
I/nofatclips(  239): Session count is 1. Will dump to disk at 1
I/nofatclips(  239): Saving the session on disk.
I/nofatclips(  239): Planning for new Activity EditContent
D/nofatclips(  239): Handling event 'focus' on widget id=2131165265 type=focusableEditText name=Content
D/nofatclips(  239): Handling event 'click' on widget id=2131165290 type=toggle name=B
D/nofatclips(  239): Handling event 'click' on widget id=2131165291 type=toggle name=I 
D/nofatclips(  239): Handling event 'click' on widget id=2131165292 type=toggle name= U 
D/nofatclips(  239): Handling event 'click' on widget id=2131165293 type=toggle name= ABC 
D/nofatclips(  239): Handling event 'click' on widget id=2131165294 type=button name= link 
D/nofatclips(  239): Handling event 'click' on widget id=2131165295 type=toggle name="
D/nofatclips(  239): Handling event 'click' on widget id=2131165296 type=button name=More
D/nofatclips(  239): Handling event 'click' on widget id=2131165297 type=button name=
I/nofatclips(  239): Created trace to press the back button
I/nofatclips(  239): Created trace to press the menu button
I/nofatclips(  239): Created trace to change orientation
D/dalvikvm(  239): GC_CONCURRENT freed 1984K, 47% free 5326K/9991K, external 5091K/6358K, paused 6ms+7ms
I/nofatclips(  239): Check for termination: 72 steps left of 100
I/nofatclips(  239): Dispatching new task. 2 more tasks remaining.
D/nofatclips(  239): Performing backup of the old task list on disk
D/nofatclips(  239): Saving task list on disk
V/nofatclips(  239): Backing up trace #365 to disk.
D/dalvikvm(  239): GC_CONCURRENT freed 2125K, 48% free 5209K/9991K, external 4491K/5609K, paused 3ms+3ms
D/dalvikvm(  239): GC_FOR_MALLOC freed 102K, 48% free 5209K/9991K, external 4491K/5609K, paused 42ms
D/dalvikvm(  239): GC_FOR_MALLOC freed 43K, 48% free 5209K/9991K, external 4491K/5609K, paused 41ms
V/nofatclips(  239): Backing up trace #366 to disk.
D/dalvikvm(  239): GC_FOR_MALLOC freed 153K, 48% free 5220K/9991K, external 4491K/5609K, paused 44ms
D/dalvikvm(  239): GC_FOR_MALLOC freed 72K, 48% free 5251K/9991K, external 4491K/5609K, paused 44ms
D/dalvikvm(  239): GC_FOR_MALLOC freed <1K, 48% free 5294K/9991K, external 4491K/5609K, paused 46ms
I/dalvikvm-heap(  239): Grow heap (frag case) to 12.141MB for 43428-byte allocation
D/dalvikvm(  239): GC_FOR_MALLOC freed 0K, 47% free 5336K/10055K, external 4491K/5609K, paused 39ms
D/nofatclips(  239): Deleting backup of the old task list from disk
D/nofatclips(  239): Deleting backup of the old activity list from disk
I/nofatclips(  239): Incrementally Playing Trace 366
I/nofatclips(  239): Retrieved from return list id=2131165297
D/nofatclips(  239): Testing for type (android.widget.ImageButton) against the original (android.widget.ImageButton)
D/nofatclips(  239): Testing for name () against the original ()
I/nofatclips(  239): Firing event: type= click index=14 widget=android.widget.ImageButton
W/KeyCharacterMap(  239): No keyboard for id 0
W/KeyCharacterMap(  239): Using default keymap: /system/usr/keychars/qwerty.kcm.bin
I/nofatclips(  239): Waiting for 100 msec.
I/nofatclips(  239): Current activity is EditContent
I/nofatclips(  239): Retrieving widgets
D/nofatclips(  239): Found widget: id=16908290 (android.widget.FrameLayout@406768c0)
D/nofatclips(  239): Found widget: id=16908666 (com.android.internal.widget.WeightedLinearLayout@4067e1b0)
D/nofatclips(  239): Found widget: id=16908667 (android.widget.LinearLayout@4068aad0)
D/nofatclips(  239): Found widget: id=16908668 (android.widget.LinearLayout@4068d9e8)
D/nofatclips(  239): Found widget: id=16908294 (android.widget.ImageView@406a5db0)
D/nofatclips(  239): Found widget: id=16908669 (com.android.internal.widget.DialogTitle@405e61f8): 
D/nofatclips(  239): Found widget: id=16908670 (android.widget.ImageView@406adfd0)
D/nofatclips(  239): Found widget: id=16908671 (android.widget.LinearLayout@406b3340)
D/nofatclips(  239): Found widget: id=16908823 (com.android.internal.app.AlertController$RecycleListView@405d2718)
D/nofatclips(  239): Found widget: id=-1 (com.android.internal.view.menu.ListMenuItemView@405c4870)
D/nofatclips(  239): Found widget: id=-1 (android.widget.RelativeLayout@4072c710)
D/nofatclips(  239): Found widget: id=16908310 (android.widget.TextView@407621f8): Select a photo from gallery
D/nofatclips(  239): Found widget: id=16908783 (android.widget.TextView@4076a488): 
D/nofatclips(  239): Found widget: id=-1 (com.android.internal.view.menu.ListMenuItemView@405ec128)
D/nofatclips(  239): Found widget: id=-1 (android.widget.RelativeLayout@4072f618)
D/nofatclips(  239): Found widget: id=16908310 (android.widget.TextView@405ab0e0): Take a new photo
D/nofatclips(  239): Found widget: id=16908783 (android.widget.TextView@405feb20): 
D/nofatclips(  239): Found widget: id=-1 (com.android.internal.view.menu.ListMenuItemView@40625b68)
D/nofatclips(  239): Found widget: id=-1 (android.widget.RelativeLayout@407444b0)
D/nofatclips(  239): Found widget: id=16908310 (android.widget.TextView@40646d90): Select a video from gallery
D/nofatclips(  239): Found widget: id=16908783 (android.widget.TextView@4069bf38): 
D/nofatclips(  239): Found widget: id=-1 (com.android.internal.view.menu.ListMenuItemView@406a6778)
D/nofatclips(  239): Found widget: id=-1 (android.widget.RelativeLayout@4076a2d0)
D/nofatclips(  239): Found widget: id=16908310 (android.widget.TextView@406e2730): Take a new video
D/nofatclips(  239): Found widget: id=16908783 (android.widget.TextView@406fe668): 
D/nofatclips(  239): Found widget: id=16908673 (android.widget.FrameLayout@406844c8)
D/nofatclips(  239): Found widget: id=16908331 (android.widget.FrameLayout@4068b010)
D/nofatclips(  239): Found widget: id=16908674 (android.widget.LinearLayout@406c4118)
D/nofatclips(  239): Found widget: id=-1 (android.widget.LinearLayout@406cfce8)
D/nofatclips(  239): Found widget: id=16908675 (android.widget.LinearLayout@406d5e38)
D/nofatclips(  239): Found widget: id=16908313 (android.widget.Button@4068fc18): 
D/nofatclips(  239): Found widget: id=16908315 (android.widget.Button@406e5be0): 
D/nofatclips(  239): Found widget: id=16908314 (android.widget.Button@406ea288): 
D/nofatclips(  239): Found widget: id=16908676 (android.widget.LinearLayout@406d86d0)
D/nofatclips(  239): Found widget: id=-1 (com.android.internal.policy.impl.PhoneWindow$DecorView@405a4638)
V/ReflectionHelper(  239): com.android.internal.app.AlertController.RecycleListView > mOnFocusChangeListener FOUND | NOT ACTIVE
V/nicola  (  239): TextualID : null
V/nicola  (  239): ContentType detected : default
V/nicola  (  239): TextualID : null
V/nicola  (  239): ContentType detected : default
V/nicola  (  239): TextualID : null
V/nicola  (  239): ContentType detected : default
V/nicola  (  239): TextualID : null
V/nicola  (  239): ContentType detected : default
I/nofatclips(  239): Performing comparation for activity EditContent
D/nofatclips(  239): Comparing against activity EditPost
D/nofatclips(  239): Comparing against activity Settings
D/nofatclips(  239): Comparing against activity Settings
D/nofatclips(  239): Comparing against activity Settings
D/nofatclips(  239): Comparing against activity EditPost
D/nofatclips(  239): Comparing against activity Settings
D/nofatclips(  239): Comparing against activity EditContent
D/nofatclips(  239): Comparing against activity EditContent
D/nofatclips(  239): Comparing against activity Settings
D/nofatclips(  239): Comparing against activity EditContent
D/nofatclips(  239): Comparing against activity EditContent
D/nofatclips(  239): Comparing against activity Posts
D/nofatclips(  239): Comparing against activity Dashboard
D/nofatclips(  239): Comparing against activity Dashboard
D/nofatclips(  239): Comparing against activity Posts
D/nofatclips(  239): Comparing against activity Dashboard
D/nofatclips(  239): Comparing against activity Posts
D/nofatclips(  239): Comparing against activity Settings
D/nofatclips(  239): Comparing against activity Settings
D/nofatclips(  239): Comparing against activity EditContent
D/nofatclips(  239): Comparing against activity EditContent
D/nofatclips(  239): Comparing against activity Posts
D/nofatclips(  239): Comparing against activity Posts
D/nofatclips(  239): Comparing against activity EditContent
D/nofatclips(  239): Comparing against activity EditContent
D/nofatclips(  239): Comparing against activity EditContent
D/nofatclips(  239): Comparing against activity Dashboard
D/nofatclips(  239): Comparing against activity Settings
D/nofatclips(  239): Comparing against activity Posts
I/nofatclips(  239): Registering activity EditContent (id: a30) as a new found state
D/nofatclips(  239): Performing backup of the old activity list on disk
D/nofatclips(  239): Saving new found state 'a30' on disk
V/nofatclips(  239): Opening state file in append mode.
D/dalvikvm(  239): GC_EXTERNAL_ALLOC freed 883K, 49% free 5140K/10055K, external 5607K/5609K, paused 166ms
I/nofatclips(  239): Saved image on disk: a30.jpg
I/nofatclips(  239): Waiting for 100 msec.
I/nofatclips(  239): Session count is 1. Will dump to disk at 1
I/nofatclips(  239): Saving the session on disk.
D/dalvikvm(  239): GC_FOR_MALLOC freed 323K, 49% free 5149K/10055K, external 5607K/7002K, paused 94ms
I/nofatclips(  239): Planning for new Activity EditContent
D/nofatclips(  239): Handling event selectListItem for items [1,4] on listView #16908823 count=4
D/nofatclips(  239): Handling event longClickListItem for items [1,4] on listView #16908823 count=4
I/nofatclips(  239): Created trace to press the back button
I/nofatclips(  239): Created trace to press the menu button
I/nofatclips(  239): Created trace to change orientation
D/dalvikvm(  239): GC_CONCURRENT freed 1845K, 47% free 5352K/10055K, external 5054K/6312K, paused 4ms+6ms
I/nofatclips(  239): Check for termination: 71 steps left of 100
I/nofatclips(  239): Dispatching new task. 2 more tasks remaining.
D/nofatclips(  239): Performing backup of the old task list on disk
D/nofatclips(  239): Saving task list on disk
V/nofatclips(  239): Backing up trace #376 to disk.
D/dalvikvm(  239): GC_FOR_MALLOC freed 1804K, 48% free 5286K/10055K, external 5054K/6312K, paused 62ms
V/nofatclips(  239): Backing up trace #377 to disk.
D/dalvikvm(  239): GC_FOR_MALLOC freed 230K, 48% free 5329K/10055K, external 5054K/6312K, paused 43ms
D/dalvikvm(  239): GC_FOR_MALLOC freed 87K, 48% free 5329K/10055K, external 5054K/6312K, paused 44ms
D/nofatclips(  239): Deleting backup of the old task list from disk
D/nofatclips(  239): Deleting backup of the old activity list from disk
I/nofatclips(  239): Incrementally Playing Trace 377
I/nofatclips(  239): Retrieved from return list id=16908823
D/nofatclips(  239): Testing for type (com.android.internal.app.AlertController$RecycleListView) against the original (com.android.internal.app.AlertController$RecycleListView)
D/nofatclips(  239): Testing for name () against the original ()
I/nofatclips(  239): Firing event: type= selectListItem index=8 widget=com.android.internal.app.AlertController$RecycleListView
W/KeyCharacterMap(  239): No keyboard for id 0
W/KeyCharacterMap(  239): Using default keymap: /system/usr/keychars/qwerty.kcm.bin
I/nofatclips(  239): Swapping to listview item 2
D/nofatclips(  239): Event description: Take a new photo
I/nofatclips(  239): Waiting for 100 msec.
I/ActivityManager(   61): Starting: Intent { act=android.media.action.IMAGE_CAPTURE cmp=com.android.camera/.Camera (has extras) } from pid 239
I/ActivityManager(   61): Start proc com.android.camera for activity com.android.camera/.Camera: pid=323 uid=10025 gids={1006, 1015}
W/InputManagerService(   61): Window already focused, ignoring focus gain of: com.android.internal.view.IInputMethodClient$Stub$Proxy@405dbb60
I/nofatclips(  239): Current activity is EditContent
I/nofatclips(  239): Retrieving widgets
D/nofatclips(  239): Found widget: id=16908290 (android.widget.FrameLayout@405db008)
D/nofatclips(  239): Found widget: id=-1 (android.widget.LinearLayout@4082f800)
D/nofatclips(  239): Found widget: id=-1 (android.widget.LinearLayout@407b2318)
D/nofatclips(  239): Found widget: id=2131165265 (org.wordpress.android.util.WPEditText@40903698): 
D/nofatclips(  239): 
D/nofatclips(  239): ........More
D/nofatclips(  239): 
D/nofatclips(  239): 
D/nofatclips(  239): 
D/nofatclips(  239): ........More
D/nofatclips(  239): 
D/nofatclips(  239): Found widget: id=2131165289 (android.widget.RelativeLayout@40755de8)
D/nofatclips(  239): Found widget: id=-1 (android.widget.HorizontalScrollView@407dc960)
D/nofatclips(  239): Found widget: id=-1 (android.widget.RelativeLayout@40793750)
D/nofatclips(  239): Found widget: id=2131165290 (android.widget.ToggleButton@4070ba38): B
D/nofatclips(  239): Found widget: id=2131165291 (android.widget.ToggleButton@40835578): I 
D/nofatclips(  239): Found widget: id=2131165292 (android.widget.ToggleButton@4065f788):  U 
D/nofatclips(  239): Found widget: id=2131165293 (android.widget.ToggleButton@408b3118):  ABC 
D/nofatclips(  239): Found widget: id=2131165294 (android.widget.Button@408461d0):  link 
D/nofatclips(  239): Found widget: id=2131165295 (android.widget.ToggleButton@405d7120): "
D/nofatclips(  239): Found widget: id=2131165296 (android.widget.Button@407af8b8): More
D/nofatclips(  239): Found widget: id=2131165297 (android.widget.ImageButton@4084dff0)
D/nofatclips(  239): Found widget: id=-1 (com.android.internal.policy.impl.PhoneWindow$DecorView@40880fc0)
V/ReflectionHelper(  239): org.wordpress.android.util.WPEditText > mOnFocusChangeListener FOUND | ACTIVE
D/installd(   35): DexInv: --- BEGIN '/system/app/Camera.apk' ---
V/nicola  (  239): TextualID : postContent
V/nicola  (  239): ContentType detected : default
V/nicola  (  239): TextualID : bold
V/nicola  (  239): ContentType detected : default
V/nicola  (  239): TextualID : em
V/nicola  (  239): ContentType detected : default
V/nicola  (  239): TextualID : underline
V/nicola  (  239): ContentType detected : default
V/nicola  (  239): TextualID : strike
V/nicola  (  239): ContentType detected : default
V/nicola  (  239): TextualID : link
V/nicola  (  239): ContentType detected : default
V/nicola  (  239): TextualID : bquote
V/nicola  (  239): ContentType detected : default
V/nicola  (  239): TextualID : more
V/nicola  (  239): ContentType detected : default
I/nofatclips(  239): Performing comparation for activity EditContent
D/nofatclips(  239): Comparing against activity EditPost
D/nofatclips(  239): Comparing against activity Settings
D/nofatclips(  239): Comparing against activity Settings
D/nofatclips(  239): Comparing against activity Settings
D/nofatclips(  239): Comparing against activity EditPost
D/nofatclips(  239): Comparing against activity EditContent
D/nofatclips(  239): Comparing against activity Settings
D/nofatclips(  239): Comparing against activity EditContent
D/nofatclips(  239): Comparing against activity EditContent
D/nofatclips(  239): Comparing against activity Settings
D/nofatclips(  239): Comparing against activity EditContent
D/nofatclips(  239): Comparing against activity EditContent
D/nofatclips(  239): Comparing against activity Posts
D/nofatclips(  239): Comparing against activity Dashboard
D/nofatclips(  239): Comparing against activity Dashboard
D/nofatclips(  239): Comparing against activity Posts
D/nofatclips(  239): Comparing against activity Dashboard
D/nofatclips(  239): Comparing against activity Posts
D/nofatclips(  239): Comparing against activity Settings
D/nofatclips(  239): Comparing against activity Settings
D/nofatclips(  239): Comparing against activity EditContent
D/nofatclips(  239): Comparing against activity EditContent
D/nofatclips(  239): Comparing against activity Posts
D/nofatclips(  239): Comparing against activity Posts
D/nofatclips(  239): Comparing against activity EditContent
D/nofatclips(  239): Comparing against activity EditContent
D/nofatclips(  239): Comparing against activity EditContent
D/nofatclips(  239): Comparing against activity Dashboard
D/nofatclips(  239): Comparing against activity Settings
D/nofatclips(  239): Comparing against activity Posts
I/nofatclips(  239): Registering activity EditContent (id: a31) as a new found state
D/nofatclips(  239): Performing backup of the old activity list on disk
D/nofatclips(  239): Saving new found state 'a31' on disk
V/nofatclips(  239): Opening state file in append mode.
I/nofatclips(  239): Saved image on disk: a31.jpg
I/nofatclips(  239): Waiting for 100 msec.
I/nofatclips(  239): Session count is 1. Will dump to disk at 1
I/nofatclips(  239): Saving the session on disk.
D/dalvikvm(  239): GC_FOR_MALLOC freed 1043K, 49% free 5224K/10055K, external 5654K/6312K, paused 119ms
D/dalvikvm(  239): GC_FOR_MALLOC freed 192K, 49% free 5186K/10055K, external 4491K/5609K, paused 103ms
I/nofatclips(  239): Planning for new Activity EditContent
D/nofatclips(  239): Handling event 'focus' on widget id=2131165265 type=focusableEditText name=Content
D/nofatclips(  239): Handling event 'click' on widget id=2131165290 type=toggle name=B
D/nofatclips(  239): Handling event 'click' on widget id=2131165291 type=toggle name=I 
D/nofatclips(  239): Handling event 'click' on widget id=2131165292 type=toggle name= U 
D/nofatclips(  239): Handling event 'click' on widget id=2131165293 type=toggle name= ABC 
D/nofatclips(  239): Handling event 'click' on widget id=2131165294 type=button name= link 
D/nofatclips(  239): Handling event 'click' on widget id=2131165295 type=toggle name="
D/nofatclips(  239): Handling event 'click' on widget id=2131165296 type=button name=More
D/nofatclips(  239): Handling event 'click' on widget id=2131165297 type=button name=
I/nofatclips(  239): Created trace to press the back button
I/nofatclips(  239): Created trace to press the menu button
I/nofatclips(  239): Created trace to change orientation
D/dalvikvm(  331): DexOpt: load 797ms, verify+opt 1530ms
D/installd(   35): DexInv: --- END '/system/app/Camera.apk' (success) ---
D/dalvikvm(  239): GC_CONCURRENT freed 1854K, 47% free 5379K/10055K, external 4491K/5609K, paused 4ms+11ms
I/ARMAssembler(   61): generated scanline__00000177:03515104_00001002_00000000 [ 87 ipp] (110 ins) at [0x46efd848:0x46efda00] in 404988 ns
I/nofatclips(  239): Check for termination: 70 steps left of 100
I/nofatclips(  239): Dispatching new task. 2 more tasks remaining.
D/nofatclips(  239): Performing backup of the old task list on disk
D/nofatclips(  239): Saving task list on disk
V/nofatclips(  239): Backing up trace #388 to disk.
V/CameraHolder(  323): open camera 0
D/CameraHardwareStub(   34): initHeapLocked: preview size=320x240
I/StagefrightPlayer(   34): setDataSource('/system/media/audio/ui/camera_click.ogg')
I/StagefrightPlayer(   34): setDataSource('/system/media/audio/ui/VideoRecord.ogg')
D/Camera  (  323): app passed NULL surface
D/CameraHardwareStub(   34): initHeapLocked: preview size=320x240
V/camera  (  323): startPreview
D/dalvikvm(  239): GC_CONCURRENT freed 2214K, 49% free 5191K/10055K, external 4491K/5609K, paused 29ms+4ms
D/dalvikvm(  323): GC_CONCURRENT freed 529K, 54% free 2700K/5831K, external 904K/1038K, paused 3ms+3ms
I/ActivityManager(   61): Displayed com.android.camera/.Camera: +6s308ms
D/dalvikvm(  239): GC_FOR_MALLOC freed 105K, 49% free 5225K/10055K, external 4491K/5609K, paused 162ms
E/SurfaceFlinger(   61): texture=9, using format 17, which is not supported by the GL
W/OrientationEventListener(  323): Cannot detect sensors. Not enabled
D/dalvikvm(  239): GC_FOR_MALLOC freed <1K, 48% free 5269K/10055K, external 4491K/5609K, paused 174ms
I/dalvikvm-heap(  239): Grow heap (frag case) to 12.121MB for 45928-byte allocation
D/dalvikvm(  239): GC_FOR_MALLOC freed 0K, 48% free 5314K/10119K, external 4491K/5609K, paused 239ms
D/dalvikvm(  239): GC_FOR_MALLOC freed 45K, 48% free 5270K/10119K, external 4491K/5609K, paused 55ms
V/nofatclips(  239): Backing up trace #389 to disk.
D/dalvikvm(  239): GC_FOR_MALLOC freed 154K, 48% free 5283K/10119K, external 4491K/5609K, paused 78ms
D/dalvikvm(  239): GC_FOR_MALLOC freed 76K, 48% free 5315K/10119K, external 4491K/5609K, paused 51ms
I/dalvikvm-heap(  239): Grow heap (frag case) to 12.165MB for 45902-byte allocation
D/dalvikvm(  239): GC_FOR_MALLOC freed 0K, 48% free 5359K/10183K, external 4491K/5609K, paused 103ms
D/dalvikvm(  239): GC_FOR_MALLOC freed 90K, 48% free 5314K/10183K, external 4491K/5609K, paused 59ms
D/nofatclips(  239): Deleting backup of the old task list from disk
D/nofatclips(  239): Deleting backup of the old activity list from disk
I/nofatclips(  239): Incrementally Playing Trace 389
I/nofatclips(  239): Retrieved from return list id=2131165296
D/nofatclips(  239): Testing for type (android.widget.Button) against the original (android.widget.Button)
D/nofatclips(  239): Testing for name (More) against the original (More)
I/nofatclips(  239): Firing event: type= click index=13 widget=android.widget.Button
D/libEGL  (  323): egl.cfg not found, using default config
D/libEGL  (  323): loaded /system/lib/egl/libGLES_android.so
V/GLRootView(  323): onSurfaceChanged: 396x297, gl10: com.google.android.gles_jni.GLImpl@4056b888
V/GLRootView(  323): layout content pane 396x297
I/ARMAssembler(  323): generated scanline__00000177:03515101_00008A01_00000000 [ 60 ipp] (84 ins) at [0x46ebe1e8:0x46ebe338] in 689376 ns
W/InputDispatcher(   61): Permission denied: injecting event from pid 239 uid 10034 to window with input channel 406c8620 com.android.camera/com.android.camera.Camera (server) owned by uid 10025
W/WindowManager(   61): Input event injection permission denied.
I/nofatclips(  239): Saving the session on disk. This is the last batch. The session will be terminated.
D/dalvikvm(  239): GC_FOR_MALLOC freed 389K, 49% free 5218K/10183K, external 4491K/5609K, paused 79ms
D/dalvikvm(  239): GC_FOR_MALLOC freed 101K, 50% free 5182K/10183K, external 4491K/5609K, paused 67ms
D/dalvikvm(  239): GC_FOR_MALLOC freed 160K, 50% free 5170K/10183K, external 4491K/5609K, paused 41ms
D/nofatclips(  239): Performing backup of the old task list on disk
D/nofatclips(  239): Saving task list on disk
V/nofatclips(  239): Backing up trace #388 to disk.
D/dalvikvm(  239): GC_FOR_MALLOC freed 363K, 50% free 5172K/10183K, external 4491K/5609K, paused 81ms
D/nofatclips(  239): Deleting backup of the old task list from disk
D/dalvikvm(  239): GC_EXPLICIT freed 218K, 50% free 5154K/10183K, external 4491K/5609K, paused 146ms
D/dalvikvm(  239): GC_EXPLICIT freed 47K, 50% free 5107K/10183K, external 3291K/4110K, paused 105ms
I/TestRunner(  239): failed: testAndCrawl(com.nofatclips.crawler.guitree.NomadEngine)
I/TestRunner(  239): ----- begin exception -----
I/TestRunner(  239): 
I/TestRunner(  239): junit.framework.AssertionFailedError: Can not complete action!
I/TestRunner(  239): 	at junit.framework.Assert.fail(Assert.java:47)
I/TestRunner(  239): 	at junit.framework.Assert.assertTrue(Assert.java:20)
I/TestRunner(  239): 	at com.jayway.android.robotium.solo.RobotiumUtils.sendKeyCode(RobotiumUtils.java:55)
I/TestRunner(  239): 	at com.jayway.android.robotium.solo.Solo.sendKey(Solo.java:1978)
I/TestRunner(  239): 	at com.nofatclips.crawler.automation.RobotUtilities.requestView(RobotUtilities.java:258)
I/TestRunner(  239): 	at com.nofatclips.crawler.automation.Automation.requestView(Automation.java:398)
I/TestRunner(  239): 	at com.nofatclips.crawler.automation.Automation.injectInteraction(Automation.java:206)
I/TestRunner(  239): 	at com.nofatclips.crawler.automation.Automation.fireEventOnView(Automation.java:197)
I/TestRunner(  239): 	at com.nofatclips.crawler.automation.Automation.fireEvent(Automation.java:139)
I/TestRunner(  239): 	at com.nofatclips.crawler.automation.Automation.process(Automation.java:110)
I/TestRunner(  239): 	at com.nofatclips.crawler.guitree.RandomEngine.process(RandomEngine.java:88)
I/TestRunner(  239): 	at com.nofatclips.crawler.Engine.testAndCrawl(Engine.java:73)
I/TestRunner(  239): 	at java.lang.reflect.Method.invokeNative(Native Method)
I/TestRunner(  239): 	at java.lang.reflect.Method.invoke(Method.java:507)
I/TestRunner(  239): 	at android.test.InstrumentationTestCase.runMethod(InstrumentationTestCase.java:204)
I/TestRunner(  239): 	at android.test.InstrumentationTestCase.runTest(InstrumentationTestCase.java:194)
I/TestRunner(  239): 	at android.test.ActivityInstrumentationTestCase2.runTest(ActivityInstrumentationTestCase2.java:186)
I/TestRunner(  239): 	at junit.framework.TestCase.runBare(TestCase.java:127)
I/TestRunner(  239): 	at junit.framework.TestResult$1.protect(TestResult.java:106)
I/TestRunner(  239): 	at junit.framework.TestResult.runProtected(TestResult.java:124)
I/TestRunner(  239): 	at junit.framework.TestResult.run(TestResult.java:109)
I/TestRunner(  239): 	at junit.framework.TestCase.run(TestCase.java:118)
I/TestRunner(  239): 	at android.test.AndroidTestRunner.runTest(AndroidTestRunner.java:169)
I/TestRunner(  239): 	at android.test.AndroidTestRunner.runTest(AndroidTestRunner.java:154)
I/TestRunner(  239): 	at android.test.InstrumentationTestRunner.onStart(InstrumentationTestRunner.java:529)
I/TestRunner(  239): 	at android.app.Instrumentation$InstrumentationThread.run(Instrumentation.java:1448)
I/TestRunner(  239): ----- end exception -----
I/TestRunner(  239): finished: testAndCrawl(com.nofatclips.crawler.guitree.NomadEngine)
E/InstrumentationTestRunner(  239): Failed to generate emma coverage. Is emma jar on classpath?
E/InstrumentationTestRunner(  239): java.lang.ClassNotFoundException: com.vladium.emma.rt.RT
E/InstrumentationTestRunner(  239): 	at java.lang.Class.classForName(Native Method)
E/InstrumentationTestRunner(  239): 	at java.lang.Class.forName(Class.java:234)
E/InstrumentationTestRunner(  239): 	at java.lang.Class.forName(Class.java:181)
E/InstrumentationTestRunner(  239): 	at android.test.InstrumentationTestRunner.generateCoverageReport(InstrumentationTestRunner.java:578)
E/InstrumentationTestRunner(  239): 	at android.test.InstrumentationTestRunner.onStart(InstrumentationTestRunner.java:545)
E/InstrumentationTestRunner(  239): 	at android.app.Instrumentation$InstrumentationThread.run(Instrumentation.java:1448)
E/InstrumentationTestRunner(  239): Caused by: java.lang.NoClassDefFoundError: com.vladium.emma.rt.RT
E/InstrumentationTestRunner(  239): 	... 6 more
E/InstrumentationTestRunner(  239): Caused by: java.lang.ClassNotFoundException: com.vladium.emma.rt.RT in loader dalvik.system.PathClassLoader[/system/framework/android.test.runner.jar:/data/app/com.nofatclips.crawler-1.apk:/data/app/org.wordpress.android-1.apk]
E/InstrumentationTestRunner(  239): 	at dalvik.system.PathClassLoader.findClass(PathClassLoader.java:240)
