V/nicola  (  239): ContentType detected : default
V/nicola  (  239): TextualID : l_section3
V/nicola  (  239): ContentType detected : default
V/nicola  (  239): TextualID : location
V/nicola  (  239): ContentType detected : default
V/nicola  (  239): TextualID : save
V/nicola  (  239): ContentType detected : default
V/nicola  (  239): TextualID : cancel
V/nicola  (  239): ContentType detected : default
V/nicola  (  239): TextualID : blog_title
V/nicola  (  239): ContentType detected : default
V/nicola  (  239): TextualID : action_refresh
V/nicola  (  239): ContentType detected : default
I/nofatclips(  239): Performing comparation for activity Settings
D/nofatclips(  239): Comparing against activity Dashboard
D/nofatclips(  239): Comparing against activity Settings
D/nofatclips(  239): Comparing against activity Settings
D/nofatclips(  239): Comparing against activity Dashboard
D/nofatclips(  239): Comparing against activity Settings
D/nofatclips(  239): Comparing against activity Settings
D/nofatclips(  239): Comparing against activity Settings
D/nofatclips(  239): Comparing against activity Settings
D/nofatclips(  239): Comparing against activity Dashboard
I/nofatclips(  239): Registering activity Settings (id: a10) as a new found state
D/nofatclips(  239): Performing backup of the old activity list on disk
D/nofatclips(  239): Saving new found state 'a10' on disk
V/nofatclips(  239): Opening state file in append mode.
D/dalvikvm(  239): GC_EXTERNAL_ALLOC freed 894K, 53% free 3865K/8199K, external 3472K/3586K, paused 105ms
I/nofatclips(  239): Saved image on disk: a10.jpg
I/nofatclips(  239): Waiting for 100 msec.
I/nofatclips(  239): Session count is 1. Will dump to disk at 1
I/nofatclips(  239): Saving the session on disk.
D/dalvikvm(  239): GC_FOR_MALLOC freed 174K, 53% free 3858K/8199K, external 3472K/4335K, paused 53ms
D/dalvikvm(  239): GC_FOR_MALLOC freed 39K, 54% free 3839K/8199K, external 2872K/3586K, paused 53ms
D/dalvikvm(  239): GC_FOR_MALLOC freed 22K, 54% free 3847K/8199K, external 2872K/3586K, paused 53ms
I/nofatclips(  239): Planning for new Activity Settings
D/nofatclips(  239): Handling event selectSpinnerItem for items [1,11] on spinner #2131165348 count=11
D/nofatclips(  239): Handling input 'writeText' on widget id=2131165215 type=editText name=
V/nofatclips(  239): Using value: 27
D/nofatclips(  239): Handling input 'writeText' on widget id=2131165217 type=editText name=
V/nofatclips(  239): Using value: 29
D/nofatclips(  239): Handling input 'writeText' on widget id=2131165215 type=editText name=
V/nofatclips(  239): Using value: 27
D/nofatclips(  239): Handling input 'writeText' on widget id=2131165217 type=editText name=
V/nofatclips(  239): Using value: 29
D/nofatclips(  239): Handling input 'writeText' on widget id=2131165215 type=editText name=
V/nofatclips(  239): Using value: 27
D/nofatclips(  239): Handling input 'writeText' on widget id=2131165217 type=editText name=
V/nofatclips(  239): Using value: 29
D/nofatclips(  239): Handling input 'writeText' on widget id=2131165215 type=editText name=
V/nofatclips(  239): Using value: 27
D/nofatclips(  239): Handling input 'writeText' on widget id=2131165217 type=editText name=
V/nofatclips(  239): Using value: 29
D/nofatclips(  239): Handling input 'writeText' on widget id=2131165215 type=editText name=
V/nofatclips(  239): Using value: 27
D/nofatclips(  239): Handling input 'writeText' on widget id=2131165217 type=editText name=
V/nofatclips(  239): Using value: 29
D/nofatclips(  239): Handling input 'writeText' on widget id=2131165215 type=editText name=
V/nofatclips(  239): Using value: 27
D/nofatclips(  239): Handling input 'writeText' on widget id=2131165217 type=editText name=
V/nofatclips(  239): Using value: 29
D/nofatclips(  239): Handling input 'writeText' on widget id=2131165215 type=editText name=
V/nofatclips(  239): Using value: 27
D/nofatclips(  239): Handling input 'writeText' on widget id=2131165217 type=editText name=
V/nofatclips(  239): Using value: 29
D/nofatclips(  239): Handling input 'writeText' on widget id=2131165215 type=editText name=
V/nofatclips(  239): Using value: 27
D/nofatclips(  239): Handling input 'writeText' on widget id=2131165217 type=editText name=
V/nofatclips(  239): Using value: 29
D/nofatclips(  239): Handling input 'writeText' on widget id=2131165215 type=editText name=
V/nofatclips(  239): Using value: 27
D/nofatclips(  239): Handling input 'writeText' on widget id=2131165217 type=editText name=
V/nofatclips(  239): Using value: 29
D/nofatclips(  239): Handling input 'writeText' on widget id=2131165215 type=editText name=
V/nofatclips(  239): Using value: 27
D/nofatclips(  239): Handling input 'writeText' on widget id=2131165217 type=editText name=
V/nofatclips(  239): Using value: 29
D/nofatclips(  239): Handling input 'writeText' on widget id=2131165215 type=editText name=
V/nofatclips(  239): Using value: 27
D/nofatclips(  239): Handling input 'writeText' on widget id=2131165217 type=editText name=
V/nofatclips(  239): Using value: 29
D/nofatclips(  239): Handling event 'click' on widget id=2131165349 type=check name=Upload and link to full image
D/nofatclips(  239): Handling input 'writeText' on widget id=2131165215 type=editText name=
V/nofatclips(  239): Using value: 27
D/nofatclips(  239): Handling input 'writeText' on widget id=2131165217 type=editText name=
V/nofatclips(  239): Using value: 29
D/nofatclips(  239): Handling event 'click' on widget id=2131165351 type=check name=Geotag Posts
D/nofatclips(  239): Handling input 'writeText' on widget id=2131165215 type=editText name=
V/nofatclips(  239): Using value: 27
D/nofatclips(  239): Handling input 'writeText' on widget id=2131165217 type=editText name=
V/nofatclips(  239): Using value: 29
D/nofatclips(  239): Handling event 'click' on widget id=2131165219 type=button name=Save
D/nofatclips(  239): Handling input 'writeText' on widget id=2131165215 type=editText name=
V/nofatclips(  239): Using value: 27
D/nofatclips(  239): Handling input 'writeText' on widget id=2131165217 type=editText name=
V/nofatclips(  239): Using value: 29
D/nofatclips(  239): Handling event 'click' on widget id=2131165220 type=button name=Cancel
D/nofatclips(  239): Handling input 'writeText' on widget id=2131165215 type=editText name=
V/nofatclips(  239): Using value: 27
D/nofatclips(  239): Handling input 'writeText' on widget id=2131165217 type=editText name=
V/nofatclips(  239): Using value: 29
D/nofatclips(  239): Handling event 'click' on widget id=2131165200 type=button name=
D/nofatclips(  239): Handling input 'writeText' on widget id=2131165215 type=editText name=
V/nofatclips(  239): Using value: 27
D/nofatclips(  239): Handling input 'writeText' on widget id=2131165217 type=editText name=
V/nofatclips(  239): Using value: 29
I/nofatclips(  239): Created trace to press the back button
I/nofatclips(  239): Created trace to press the menu button
I/nofatclips(  239): Created trace to change orientation
D/dalvikvm(  239): GC_CONCURRENT freed 1280K, 52% free 3966K/8199K, external 2872K/3586K, paused 4ms+3ms
D/dalvikvm(  239): GC_CONCURRENT freed 1440K, 52% free 3965K/8199K, external 2872K/3586K, paused 3ms+3ms
I/nofatclips(  239): Check for termination: 91 steps left of 100
I/nofatclips(  239): Dispatching new task. 2 more tasks remaining.
D/nofatclips(  239): Performing backup of the old task list on disk
D/nofatclips(  239): Saving task list on disk
V/nofatclips(  239): Backing up trace #163 to disk.
D/dalvikvm(  239): GC_FOR_MALLOC freed 497K, 53% free 3898K/8199K, external 2872K/3586K, paused 34ms
D/dalvikvm(  239): GC_FOR_MALLOC freed 18K, 53% free 3898K/8199K, external 2872K/3586K, paused 31ms
V/nofatclips(  239): Backing up trace #164 to disk.
D/dalvikvm(  239): GC_FOR_MALLOC freed 99K, 53% free 3907K/8199K, external 2872K/3586K, paused 30ms
D/dalvikvm(  239): GC_FOR_MALLOC freed <1K, 53% free 3923K/8199K, external 2872K/3586K, paused 31ms
I/dalvikvm-heap(  239): Grow heap (frag case) to 9.196MB for 16678-byte allocation
D/dalvikvm(  239): GC_FOR_MALLOC freed 0K, 53% free 3939K/8263K, external 2872K/3586K, paused 30ms
D/nofatclips(  239): Deleting backup of the old task list from disk
D/nofatclips(  239): Deleting backup of the old activity list from disk
I/nofatclips(  239): Incrementally Playing Trace 164
I/nofatclips(  239): Retrieved from return list id=16908290
D/nofatclips(  239): Testing for type (android.widget.FrameLayout) against the original (null)
I/nofatclips(  239): Firing event: type= changeOrientation name= widget=null
W/KeyCharacterMap(  239): No keyboard for id 0
W/KeyCharacterMap(  239): Using default keymap: /system/usr/keychars/qwerty.kcm.bin
I/WindowManager(   61): Setting rotation to 0, animFlags=1
I/ActivityManager(   61): Config changed: { scale=1.0 imsi=310/260 loc=en_US touch=3 keys=2/1/2 nav=1/1 orien=1 layout=18 uiMode=17 seq=6}
I/nofatclips(  239): Waiting for 100 msec.
I/nofatclips(  239): Current activity is Settings
I/nofatclips(  239): Retrieving widgets
D/nofatclips(  239): Found widget: id=16908290 (android.widget.FrameLayout@4076b1f0)
D/nofatclips(  239): Found widget: id=2131165343 (android.widget.RelativeLayout@4066ed08)
D/nofatclips(  239): Found widget: id=-1 (android.widget.ScrollView@405b5a80)
D/nofatclips(  239): Found widget: id=2131165207 (android.widget.RelativeLayout@4060f748)
D/nofatclips(  239): Found widget: id=2131165209 (android.widget.RelativeLayout@406d2818)
D/nofatclips(  239): Found widget: id=2131165210 (android.widget.TextView@405f6d18): Account Details
D/nofatclips(  239): Found widget: id=2131165214 (android.widget.TextView@40669b10): Username:
D/nofatclips(  239): Found widget: id=2131165215 (android.widget.EditText@4066da98): 27
D/nofatclips(  239): Found widget: id=2131165216 (android.widget.TextView@406188b0): Password:
D/nofatclips(  239): Found widget: id=2131165217 (android.widget.EditText@40593828): 29
D/nofatclips(  239): Found widget: id=2131165214 (android.widget.TextView@40616780): Username:
D/nofatclips(  239): Found widget: id=2131165223 (android.widget.TextView@405ee150): HTTP Username (optional):
D/nofatclips(  239): Found widget: id=2131165224 (android.widget.EditText@405f08f0): 
D/nofatclips(  239): Found widget: id=2131165225 (android.widget.TextView@406c7bf8): HTTP Password (optional):
D/nofatclips(  239): Found widget: id=2131165226 (android.widget.EditText@406f0450): 
D/nofatclips(  239): Found widget: id=2131165288 (android.widget.RelativeLayout@4066b0e0)
D/nofatclips(  239): Found widget: id=2131165346 (android.widget.TextView@4077d1d8): Media
D/nofatclips(  239): Found widget: id=2131165347 (android.widget.TextView@40638aa0): Default image width
D/nofatclips(  239): Found widget: id=2131165348 (android.widget.Spinner@405b9358)
D/nofatclips(  239): Found widget: id=16908308 (android.widget.TextView@405bbec0): 300
D/nofatclips(  239): Found widget: id=2131165349 (android.widget.CheckBox@406dc948): Upload and link to full image
D/nofatclips(  239): Found widget: id=2131165266 (android.widget.RelativeLayout@406d0040)
D/nofatclips(  239): Found widget: id=2131165350 (android.widget.TextView@406704e0): Location
D/nofatclips(  239): Found widget: id=2131165351 (android.widget.CheckBox@405a48f0): Geotag Posts
D/nofatclips(  239): Found widget: id=2131165219 (android.widget.Button@40621ab0): Save
D/nofatclips(  239): Found widget: id=2131165220 (android.widget.Button@40634a70): Cancel
D/nofatclips(  239): Found widget: id=2131165352 (org.wordpress.android.util.WPTitleBar@406765c0)
D/nofatclips(  239): Found widget: id=2131165195 (android.widget.RelativeLayout@405c3c48)
D/nofatclips(  239): Found widget: id=2131165196 (android.widget.RelativeLayout@40684c88)
D/nofatclips(  239): Found widget: id=2131165197 (android.widget.ImageView@406c91d8)
D/nofatclips(  239): Found widget: id=2131165198 (android.widget.TextView@406e10e8): Katie's Sweet Testing Blog
D/nofatclips(  239): Found widget: id=2131165199 (android.widget.ImageView@405f4458)
D/nofatclips(  239): Found widget: id=-1 (android.widget.RelativeLayout@405f4830)
D/nofatclips(  239): Found widget: id=2131165200 (android.widget.ImageButton@406d2098)
D/nofatclips(  239): Found widget: id=-1 (android.widget.FrameLayout@406eaa90)
D/nofatclips(  239): Found widget: id=2131165201 (android.widget.Button@405adcc0): 
D/nofatclips(  239): Found widget: id=2131165202 (android.widget.ImageView@4066b7d0)
D/nofatclips(  239): Found widget: id=2131165203 (android.widget.ImageView@4066ba40)
D/nofatclips(  239): Found widget: id=2131165204 (android.widget.LinearLayout@405b5520)
D/nofatclips(  239): Found widget: id=-1 (android.widget.FrameLayout@4063c378)
D/nofatclips(  239): Found widget: id=-1 (android.widget.LinearLayout@4063f0b8)
D/nofatclips(  239): Found widget: id=-1 (android.widget.LinearLayout@4063f5d0)
D/nofatclips(  239): Found widget: id=-1 (android.widget.LinearLayout@405c88e8)
D/nofatclips(  239): Found widget: id=2131165251 (android.widget.LinearLayout@405c8ae8)
D/nofatclips(  239): Found widget: id=-1 (android.widget.ImageView@406fb240)
D/nofatclips(  239): Found widget: id=-1 (android.widget.TextView@40683f78): New Post
D/nofatclips(  239): Found widget: id=2131165252 (android.widget.LinearLayout@40684408)
D/nofatclips(  239): Found widget: id=-1 (android.widget.ImageView@405d2fb8)
D/nofatclips(  239): Found widget: id=-1 (android.widget.TextView@405d3108): Quick Photo
D/nofatclips(  239): Found widget: id=-1 (android.widget.LinearLayout@405d3528)
D/nofatclips(  239): Found widget: id=2131165253 (android.widget.LinearLayout@4077b670)
D/nofatclips(  239): Found widget: id=-1 (android.widget.ImageView@406b9e70)
D/nofatclips(  239): Found widget: id=-1 (android.widget.TextView@406ba098): New Page
D/nofatclips(  239): Found widget: id=2131165254 (android.widget.LinearLayout@405ec4b8)
D/nofatclips(  239): Found widget: id=-1 (android.widget.ImageView@405f82e8)
D/nofatclips(  239): Found widget: id=-1 (android.widget.TextView@406cd468): Quick Video
D/nofatclips(  239): Found widget: id=-1 (android.widget.LinearLayout@406cd828)
D/nofatclips(  239): Found widget: id=-1 (android.widget.LinearLayout@406cda48)
D/nofatclips(  239): Found widget: id=2131165255 (android.widget.LinearLayout@40655870)
D/nofatclips(  239): Found widget: id=-1 (android.widget.ImageView@406d7028)
D/nofatclips(  239): Found widget: id=2131165256 (android.widget.TextView@406d7250): Posts
D/nofatclips(  239): Found widget: id=2131165257 (android.widget.LinearLayout@405e9f10)
D/nofatclips(  239): Found widget: id=-1 (android.widget.ImageView@4077ea78)
D/nofatclips(  239): Found widget: id=2131165256 (android.widget.TextView@405f76c8): Pages
D/nofatclips(  239): Found widget: id=-1 (android.widget.FrameLayout@405f7968)
D/nofatclips(  239): Found widget: id=2131165258 (android.widget.LinearLayout@405f7bd0)
D/nofatclips(  239): Found widget: id=-1 (android.widget.ImageView@40647400)
D/nofatclips(  239): Found widget: id=2131165256 (android.widget.TextView@406475a0): Comments
D/nofatclips(  239): Found widget: id=2131165259 (android.widget.FrameLayout@406e43a0)
D/nofatclips(  239): Found widget: id=2131165260 (android.widget.ImageView@406e45b0)
D/nofatclips(  239): Found widget: id=2131165261 (org.wordpress.android.util.CommentBadgeTextView@406e4870): 0
D/nofatclips(  239): Found widget: id=-1 (android.widget.LinearLayout@40634f30)
D/nofatclips(  239): Found widget: id=2131165262 (android.widget.LinearLayout@40635150)
D/nofatclips(  239): Found widget: id=-1 (android.widget.ImageView@406e8300)
D/nofatclips(  239): Found widget: id=2131165256 (android.widget.TextView@407ac3f0): Settings
D/nofatclips(  239): Found widget: id=2131165263 (android.widget.LinearLayout@407ac660)
D/nofatclips(  239): Found widget: id=-1 (android.widget.ImageView@40602478)
D/nofatclips(  239): Found widget: id=2131165256 (android.widget.TextView@406026a0): Read
D/nofatclips(  239): Found widget: id=2131165264 (android.widget.LinearLayout@405c62b0)
D/nofatclips(  239): Found widget: id=-1 (android.widget.ImageView@406c87d0)
D/nofatclips(  239): Found widget: id=2131165256 (android.widget.TextView@406c89f8): Stats
D/nofatclips(  239): Found widget: id=-1 (com.android.internal.policy.impl.PhoneWindow$DecorView@4076aee8)
V/nicola  (  239): TextualID : l_section1
V/nicola  (  239): ContentType detected : default
V/nicola  (  239): TextualID : l_username
V/nicola  (  239): ContentType detected : default
V/ReflectionHelper(  239): android.widget.EditText > mOnFocusChangeListener FOUND | NOT ACTIVE
V/nicola  (  239): TextualID : username
V/nicola  (  239): ContentType detected : default
V/nicola  (  239): TextualID : l_password
V/nicola  (  239): ContentType detected : default
V/ReflectionHelper(  239): android.widget.EditText > mOnFocusChangeListener FOUND | NOT ACTIVE
V/nicola  (  239): TextualID : password
V/nicola  (  239): ContentType detected : default
V/nicola  (  239): TextualID : l_username
V/nicola  (  239): ContentType detected : default
V/nicola  (  239): TextualID : l_section2
V/nicola  (  239): ContentType detected : default
V/nicola  (  239): TextualID : l_maxImageWidth
V/nicola  (  239): ContentType detected : default
V/nicola  (  239): TextualID : null
V/nicola  (  239): ContentType detected : default
V/nicola  (  239): TextualID : fullSizeImage
V/nicola  (  239): ContentType detected : default
V/nicola  (  239): TextualID : l_section3
V/nicola  (  239): ContentType detected : default
V/nicola  (  239): TextualID : location
V/nicola  (  239): ContentType detected : default
V/nicola  (  239): TextualID : save
V/nicola  (  239): ContentType detected : default
V/nicola  (  239): TextualID : cancel
V/nicola  (  239): ContentType detected : default
V/nicola  (  239): TextualID : blog_title
V/nicola  (  239): ContentType detected : default
V/nicola  (  239): TextualID : action_refresh
V/nicola  (  239): ContentType detected : default
I/nofatclips(  239): Performing comparation for activity Settings
D/nofatclips(  239): Comparing against activity Settings
D/nofatclips(  239): Comparing against activity Dashboard
D/nofatclips(  239): Comparing against activity Settings
D/nofatclips(  239): Comparing against activity Settings
D/nofatclips(  239): Comparing against activity Dashboard
D/nofatclips(  239): Comparing against activity Settings
D/nofatclips(  239): Comparing against activity Settings
D/nofatclips(  239): Comparing against activity Settings
D/nofatclips(  239): Comparing against activity Settings
D/nofatclips(  239): Comparing against activity Dashboard
I/nofatclips(  239): Registering activity Settings (id: a11) as a new found state
D/nofatclips(  239): Performing backup of the old activity list on disk
D/nofatclips(  239): Saving new found state 'a11' on disk
V/nofatclips(  239): Opening state file in append mode.
D/dalvikvm(  239): GC_EXTERNAL_ALLOC freed 1201K, 53% free 3916K/8263K, external 3472K/3586K, paused 136ms
I/nofatclips(  239): Saved image on disk: a11.jpg
I/nofatclips(  239): Waiting for 100 msec.
I/nofatclips(  239): Session count is 1. Will dump to disk at 1
I/nofatclips(  239): Saving the session on disk.
D/dalvikvm(  239): GC_FOR_MALLOC freed 168K, 53% free 3884K/8263K, external 3472K/4335K, paused 96ms
I/nofatclips(  239): Planning for new Activity Settings
D/nofatclips(  239): Handling event selectSpinnerItem for items [1,11] on spinner #2131165348 count=11
D/nofatclips(  239): Handling input 'writeText' on widget id=2131165215 type=editText name=
V/nofatclips(  239): Using value: 27
D/nofatclips(  239): Handling input 'writeText' on widget id=2131165217 type=editText name=
V/nofatclips(  239): Using value: 29
D/dalvikvm(   61): GC_EXPLICIT freed 263K, 46% free 4129K/7559K, external 1316K/1828K, paused 344ms
D/nofatclips(  239): Handling input 'writeText' on widget id=2131165215 type=editText name=
V/nofatclips(  239): Using value: 27
D/nofatclips(  239): Handling input 'writeText' on widget id=2131165217 type=editText name=
V/nofatclips(  239): Using value: 29
D/nofatclips(  239): Handling input 'writeText' on widget id=2131165215 type=editText name=
V/nofatclips(  239): Using value: 27
D/nofatclips(  239): Handling input 'writeText' on widget id=2131165217 type=editText name=
V/nofatclips(  239): Using value: 29
D/nofatclips(  239): Handling input 'writeText' on widget id=2131165215 type=editText name=
V/nofatclips(  239): Using value: 27
D/nofatclips(  239): Handling input 'writeText' on widget id=2131165217 type=editText name=
V/nofatclips(  239): Using value: 29
D/nofatclips(  239): Handling input 'writeText' on widget id=2131165215 type=editText name=
V/nofatclips(  239): Using value: 27
D/nofatclips(  239): Handling input 'writeText' on widget id=2131165217 type=editText name=
V/nofatclips(  239): Using value: 29
D/nofatclips(  239): Handling input 'writeText' on widget id=2131165215 type=editText name=
V/nofatclips(  239): Using value: 27
D/nofatclips(  239): Handling input 'writeText' on widget id=2131165217 type=editText name=
V/nofatclips(  239): Using value: 29
D/nofatclips(  239): Handling input 'writeText' on widget id=2131165215 type=editText name=
V/nofatclips(  239): Using value: 27
D/nofatclips(  239): Handling input 'writeText' on widget id=2131165217 type=editText name=
V/nofatclips(  239): Using value: 29
D/nofatclips(  239): Handling input 'writeText' on widget id=2131165215 type=editText name=
V/nofatclips(  239): Using value: 27
D/nofatclips(  239): Handling input 'writeText' on widget id=2131165217 type=editText name=
V/nofatclips(  239): Using value: 29
D/nofatclips(  239): Handling input 'writeText' on widget id=2131165215 type=editText name=
V/nofatclips(  239): Using value: 27
D/nofatclips(  239): Handling input 'writeText' on widget id=2131165217 type=editText name=
V/nofatclips(  239): Using value: 29
D/nofatclips(  239): Handling input 'writeText' on widget id=2131165215 type=editText name=
V/nofatclips(  239): Using value: 27
D/nofatclips(  239): Handling input 'writeText' on widget id=2131165217 type=editText name=
V/nofatclips(  239): Using value: 29
D/nofatclips(  239): Handling input 'writeText' on widget id=2131165215 type=editText name=
V/nofatclips(  239): Using value: 27
D/nofatclips(  239): Handling input 'writeText' on widget id=2131165217 type=editText name=
V/nofatclips(  239): Using value: 29
D/nofatclips(  239): Handling event 'click' on widget id=2131165349 type=check name=Upload and link to full image
D/nofatclips(  239): Handling input 'writeText' on widget id=2131165215 type=editText name=
V/nofatclips(  239): Using value: 27
D/nofatclips(  239): Handling input 'writeText' on widget id=2131165217 type=editText name=
V/nofatclips(  239): Using value: 29
D/nofatclips(  239): Handling event 'click' on widget id=2131165351 type=check name=Geotag Posts
D/nofatclips(  239): Handling input 'writeText' on widget id=2131165215 type=editText name=
V/nofatclips(  239): Using value: 27
D/nofatclips(  239): Handling input 'writeText' on widget id=2131165217 type=editText name=
V/nofatclips(  239): Using value: 29
D/nofatclips(  239): Handling event 'click' on widget id=2131165219 type=button name=Save
D/nofatclips(  239): Handling input 'writeText' on widget id=2131165215 type=editText name=
V/nofatclips(  239): Using value: 27
D/nofatclips(  239): Handling input 'writeText' on widget id=2131165217 type=editText name=
V/nofatclips(  239): Using value: 29
D/nofatclips(  239): Handling event 'click' on widget id=2131165220 type=button name=Cancel
D/nofatclips(  239): Handling input 'writeText' on widget id=2131165215 type=editText name=
V/nofatclips(  239): Using value: 27
D/nofatclips(  239): Handling input 'writeText' on widget id=2131165217 type=editText name=
V/nofatclips(  239): Using value: 29
D/nofatclips(  239): Handling event 'click' on widget id=2131165200 type=button name=
D/nofatclips(  239): Handling input 'writeText' on widget id=2131165215 type=editText name=
V/nofatclips(  239): Using value: 27
D/nofatclips(  239): Handling input 'writeText' on widget id=2131165217 type=editText name=
V/nofatclips(  239): Using value: 29
I/nofatclips(  239): Created trace to press the back button
I/nofatclips(  239): Created trace to press the menu button
I/nofatclips(  239): Created trace to change orientation
D/dalvikvm(  239): GC_CONCURRENT freed 1470K, 52% free 4026K/8263K, external 2872K/3586K, paused 4ms+4ms
D/dalvikvm(  239): GC_CONCURRENT freed 1521K, 53% free 3964K/8263K, external 2872K/3586K, paused 4ms+4ms
I/nofatclips(  239): Check for termination: 90 steps left of 100
I/nofatclips(  239): Dispatching new task. 2 more tasks remaining.
D/nofatclips(  239): Performing backup of the old task list on disk
D/nofatclips(  239): Saving task list on disk
V/nofatclips(  239): Backing up trace #182 to disk.
V/nofatclips(  239): Backing up trace #183 to disk.
D/dalvikvm(  239): GC_FOR_MALLOC freed 593K, 53% free 3944K/8263K, external 2872K/3586K, paused 37ms
D/nofatclips(  239): Deleting backup of the old task list from disk
D/nofatclips(  239): Deleting backup of the old activity list from disk
I/nofatclips(  239): Incrementally Playing Trace 183
D/nofatclips(  239): Setting input: type= writeText id=2131165215 value=27
D/nofatclips(  239): Added to return list id=2131165215
I/nofatclips(  239): Retrieved from return list id=2131165215
D/nofatclips(  239): Testing for type (android.widget.EditText) against the original (android.widget.EditText)
D/nofatclips(  239): Testing for name () against the original ()
D/nofatclips(  239): Setting input: type= writeText id=2131165217 value=29
D/nofatclips(  239): Added to return list id=2131165217
I/nofatclips(  239): Retrieved from return list id=2131165217
D/nofatclips(  239): Testing for type (android.widget.EditText) against the original (android.widget.EditText)
D/nofatclips(  239): Testing for name () against the original ()
I/nofatclips(  239): Retrieved from return list id=2131165219
D/nofatclips(  239): Testing for type (android.widget.Button) against the original (android.widget.Button)
D/nofatclips(  239): Testing for name (Save) against the original (Save)
I/nofatclips(  239): Firing event: type= click index=24 widget=android.widget.Button
D/nofatclips(  239): Event description: Save
I/nofatclips(  239): Waiting for 100 msec.
I/WindowManager(   61): Setting rotation to 1, animFlags=1
I/ActivityManager(   61): Config changed: { scale=1.0 imsi=310/260 loc=en_US touch=3 keys=2/1/2 nav=1/1 orien=2 layout=18 uiMode=17 seq=7}
D/dalvikvm(  239): GC_CONCURRENT freed 1416K, 53% free 3909K/8263K, external 2872K/3586K, paused 24ms+37ms
D/dalvikvm(  124): GC_CONCURRENT freed 228K, 51% free 2808K/5703K, external 956K/1038K, paused 8ms+37ms
I/nofatclips(  239): Current activity is Dashboard
I/nofatclips(  239): Retrieving widgets
D/nofatclips(  239): Found widget: id=16908290 (android.widget.FrameLayout@405a0690)
D/nofatclips(  239): Found widget: id=2131165248 (android.widget.RelativeLayout@405a1390)
D/nofatclips(  239): Found widget: id=2131165249 (android.widget.LinearLayout@405a19f8)
D/nofatclips(  239): Found widget: id=-1 (android.widget.ImageView@405a1f40)
D/nofatclips(  239): Found widget: id=2131165250 (org.wordpress.android.util.WPTitleBar@4059b878)
D/nofatclips(  239): Found widget: id=2131165195 (android.widget.RelativeLayout@4050de58)
D/nofatclips(  239): Found widget: id=2131165196 (android.widget.RelativeLayout@405681a8)
D/nofatclips(  239): Found widget: id=2131165197 (android.widget.ImageView@4059cb10)
D/nofatclips(  239): Found widget: id=2131165198 (android.widget.TextView@40541518): Katie's Sweet Testing Blog
D/nofatclips(  239): Found widget: id=2131165199 (android.widget.ImageView@4055cda8)
D/nofatclips(  239): Found widget: id=-1 (android.widget.RelativeLayout@40579110)
D/nofatclips(  239): Found widget: id=2131165200 (android.widget.ImageButton@4059d038)
D/nofatclips(  239): Found widget: id=-1 (android.widget.FrameLayout@4057a5c0)
D/nofatclips(  239): Found widget: id=2131165201 (android.widget.Button@40541ee0): 
D/nofatclips(  239): Found widget: id=2131165202 (android.widget.ImageView@40593470)
D/nofatclips(  239): Found widget: id=2131165203 (android.widget.ImageView@4053c6d8)
D/nofatclips(  239): Found widget: id=2131165249 (android.widget.LinearLayout@406215c8)
D/nofatclips(  239): Found widget: id=-1 (android.widget.FrameLayout@405e3170)
D/nofatclips(  239): Found widget: id=-1 (android.widget.LinearLayout@405e33d8)
D/nofatclips(  239): Found widget: id=-1 (android.widget.LinearLayout@406170a0)
D/nofatclips(  239): Found widget: id=-1 (android.widget.LinearLayout@405cb150)
D/nofatclips(  239): Found widget: id=2131165251 (android.widget.LinearLayout@405cb370)
D/nofatclips(  239): Found widget: id=-1 (android.widget.ImageView@405d0378)
D/nofatclips(  239): Found widget: id=-1 (android.widget.TextView@405d06e8): New Post
D/nofatclips(  239): Found widget: id=2131165252 (android.widget.LinearLayout@405d0e40)
D/nofatclips(  239): Found widget: id=-1 (android.widget.ImageView@405d7cd8)
D/nofatclips(  239): Found widget: id=-1 (android.widget.TextView@405d8088): Quick Photo
D/nofatclips(  239): Found widget: id=-1 (android.widget.LinearLayout@405e06e0)
D/nofatclips(  239): Found widget: id=2131165253 (android.widget.LinearLayout@405e0900)
D/nofatclips(  239): Found widget: id=-1 (android.widget.ImageView@405e2788)
D/nofatclips(  239): Found widget: id=-1 (android.widget.TextView@4053a860): New Page
D/nofatclips(  239): Found widget: id=2131165254 (android.widget.LinearLayout@4053ac48)
D/nofatclips(  239): Found widget: id=-1 (android.widget.ImageView@405db730)
D/nofatclips(  239): Found widget: id=-1 (android.widget.TextView@405dba78): Quick Video
D/nofatclips(  239): Found widget: id=-1 (android.widget.LinearLayout@405dbf08)
D/nofatclips(  239): Found widget: id=-1 (android.widget.LinearLayout@405dc128)
D/nofatclips(  239): Found widget: id=2131165255 (android.widget.LinearLayout@4061ce38)
D/nofatclips(  239): Found widget: id=-1 (android.widget.ImageView@4061eca8)
D/nofatclips(  239): Found widget: id=2131165256 (android.widget.TextView@4061efa8): Posts
D/nofatclips(  239): Found widget: id=2131165257 (android.widget.LinearLayout@4061f438)
D/nofatclips(  239): Found widget: id=-1 (android.widget.ImageView@40620f28)
D/nofatclips(  239): Found widget: id=2131165256 (android.widget.TextView@4061fd28): Pages
D/nofatclips(  239): Found widget: id=-1 (android.widget.FrameLayout@40620000)
D/nofatclips(  239): Found widget: id=2131165258 (android.widget.LinearLayout@40620268)
D/nofatclips(  239): Found widget: id=-1 (android.widget.ImageView@40623730)
D/nofatclips(  239): Found widget: id=2131165256 (android.widget.TextView@40623ae0): Comments
D/nofatclips(  239): Found widget: id=2131165259 (android.widget.FrameLayout@405cec18)
D/nofatclips(  239): Found widget: id=2131165260 (android.widget.ImageView@405cee80)
D/nofatclips(  239): Found widget: id=2131165261 (org.wordpress.android.util.CommentBadgeTextView@405cf2c8): 0
D/nofatclips(  239): Found widget: id=-1 (android.widget.LinearLayout@40559198)
D/nofatclips(  239): Found widget: id=2131165262 (android.widget.LinearLayout@40559398)
D/nofatclips(  239): Found widget: id=-1 (android.widget.ImageView@40559b78)
D/nofatclips(  239): Found widget: id=2131165256 (android.widget.TextView@40624058): Settings
D/nofatclips(  239): Found widget: id=2131165263 (android.widget.LinearLayout@406244e8)
D/nofatclips(  239): Found widget: id=-1 (android.widget.ImageView@405d8c38)
D/nofatclips(  239): Found widget: id=2131165256 (android.widget.TextView@405d8fe8): Read
D/nofatclips(  239): Found widget: id=2131165264 (android.widget.LinearLayout@405d9478)
D/nofatclips(  239): Found widget: id=-1 (android.widget.ImageView@4061ca98)
D/nofatclips(  239): Found widget: id=2131165256 (android.widget.TextView@405d9aa0): Stats
D/nofatclips(  239): Found widget: id=-1 (com.android.internal.policy.impl.PhoneWindow$DecorView@4059fd90)
V/nicola  (  239): TextualID : blog_title
V/nicola  (  239): ContentType detected : default
V/nicola  (  239): TextualID : action_refresh
V/nicola  (  239): ContentType detected : default
V/nicola  (  239): TextualID : null
V/nicola  (  239): ContentType detected : default
V/nicola  (  239): TextualID : null
V/nicola  (  239): ContentType detected : default
V/nicola  (  239): TextualID : null
V/nicola  (  239): ContentType detected : default
V/nicola  (  239): TextualID : null
V/nicola  (  239): ContentType detected : default
V/nicola  (  239): TextualID : button_text
V/nicola  (  239): ContentType detected : default
V/nicola  (  239): TextualID : button_text
V/nicola  (  239): ContentType detected : default
V/nicola  (  239): TextualID : button_text
V/nicola  (  239): ContentType detected : default
V/nicola  (  239): TextualID : button_text
V/nicola  (  239): ContentType detected : default
V/nicola  (  239): TextualID : button_text
V/nicola  (  239): ContentType detected : default
V/nicola  (  239): TextualID : button_text
V/nicola  (  239): ContentType detected : default
I/nofatclips(  239): Performing comparation for activity Dashboard
D/nofatclips(  239): Comparing against activity Settings
D/nofatclips(  239): Comparing against activity Dashboard
D/nofatclips(  239): Comparing against activity Settings
D/nofatclips(  239): Comparing against activity Settings
D/nofatclips(  239): Comparing against activity Settings
D/nofatclips(  239): Comparing against activity Dashboard
D/nofatclips(  239): Comparing against activity Settings
D/nofatclips(  239): Comparing against activity Settings
D/nofatclips(  239): Comparing against activity Settings
D/nofatclips(  239): Comparing against activity Settings
D/nofatclips(  239): Comparing against activity Dashboard
I/nofatclips(  239): Registering activity Dashboard (id: a12) as a new found state
D/nofatclips(  239): Performing backup of the old activity list on disk
D/nofatclips(  239): Saving new found state 'a12' on disk
V/nofatclips(  239): Opening state file in append mode.
D/dalvikvm(  239): GC_FOR_MALLOC freed 712K, 53% free 3944K/8263K, external 2872K/3586K, paused 69ms
D/dalvikvm(  239): GC_EXTERNAL_ALLOC freed 281K, 56% free 3688K/8263K, external 1999K/2511K, paused 95ms
I/nofatclips(  239): Saved image on disk: a12.jpg
I/nofatclips(  239): Waiting for 100 msec.
I/nofatclips(  239): Session count is 1. Will dump to disk at 1
I/nofatclips(  239): Saving the session on disk.
D/dalvikvm(  239): GC_FOR_MALLOC freed 272K, 56% free 3699K/8263K, external 2599K/3246K, paused 57ms
I/nofatclips(  239): Planning for new Activity Dashboard
D/nofatclips(  239): Handling event 'click' on widget id=2131165200 type=button name=
D/nofatclips(  239): Handling event 'click' on widget id=2131165201 type=button name=
D/nofatclips(  239): Handling event 'click' on widget id=2131165249 type=linearLayout name=
D/nofatclips(  239): Handling event 'click' on widget id=2131165251 type=linearLayout name=
D/dalvikvm(   61): GC_EXPLICIT freed 44K, 46% free 4106K/7559K, external 1316K/1828K, paused 279ms
D/nofatclips(  239): Handling event 'click' on widget id=2131165252 type=linearLayout name=
D/nofatclips(  239): Handling event 'click' on widget id=2131165253 type=linearLayout name=
D/nofatclips(  239): Handling event 'click' on widget id=2131165254 type=linearLayout name=
D/nofatclips(  239): Handling event 'click' on widget id=2131165255 type=linearLayout name=
D/nofatclips(  239): Handling event 'click' on widget id=2131165257 type=linearLayout name=
D/nofatclips(  239): Handling event 'click' on widget id=2131165258 type=linearLayout name=
D/nofatclips(  239): Handling event 'click' on widget id=2131165262 type=linearLayout name=
D/nofatclips(  239): Handling event 'click' on widget id=2131165263 type=linearLayout name=
D/dalvikvm(  239): GC_CONCURRENT freed 1092K, 54% free 3866K/8263K, external 1999K/2599K, paused 3ms+4ms
D/nofatclips(  239): Handling event 'click' on widget id=2131165264 type=linearLayout name=
I/nofatclips(  239): Created trace to press the back button
I/nofatclips(  239): Created trace to press the menu button
I/nofatclips(  239): Created trace to change orientation
D/dalvikvm(  239): GC_CONCURRENT freed 1172K, 54% free 3809K/8263K, external 1999K/2599K, paused 4ms+4ms
I/nofatclips(  239): Check for termination: 89 steps left of 100
I/nofatclips(  239): Dispatching new task. 2 more tasks remaining.
D/nofatclips(  239): Performing backup of the old task list on disk
D/nofatclips(  239): Saving task list on disk
V/nofatclips(  239): Backing up trace #197 to disk.
D/dalvikvm(  239): GC_CONCURRENT freed 1172K, 55% free 3733K/8263K, external 1999K/2599K, paused 3ms+3ms
V/nofatclips(  239): Backing up trace #198 to disk.
D/nofatclips(  239): Deleting backup of the old task list from disk
D/nofatclips(  239): Deleting backup of the old activity list from disk
I/nofatclips(  239): Incrementally Playing Trace 198
I/nofatclips(  239): Retrieved from return list id=2131165255
D/nofatclips(  239): Testing for type (android.widget.LinearLayout) against the original (android.widget.LinearLayout)
D/nofatclips(  239): Testing for name () against the original ()
I/nofatclips(  239): Firing event: type= click index=36 widget=android.widget.LinearLayout
W/KeyCharacterMap(  239): No keyboard for id 0
W/KeyCharacterMap(  239): Using default keymap: /system/usr/keychars/qwerty.kcm.bin
D/nofatclips(  239): Event description: Posts
I/ActivityManager(   61): Starting: Intent { cmp=org.wordpress.android/.Posts } from pid 239
I/nofatclips(  239): Waiting for 100 msec.
W/ImageDownloader(  239): Error 404 while retrieving bitmap from http://gravatar.com/blavatar/44d338f29053dbb888da79dcf98df489?s=60&d=404
I/ActivityManager(   61): Displayed org.wordpress.android/.Posts: +1s698ms
D/dalvikvm(  239): GC_CONCURRENT freed 801K, 53% free 3886K/8263K, external 2588K/2599K, paused 7ms+9ms
I/dalvikvm(  239): Total arena pages for JIT: 11
D/dalvikvm(  239): GC_FOR_MALLOC freed 198K, 52% free 3982K/8263K, external 2580K/2599K, paused 60ms
I/dalvikvm-heap(  239): Grow heap (frag case) to 9.036MB for 87396-byte allocation
D/dalvikvm(  239): GC_FOR_MALLOC freed 13K, 52% free 4053K/8391K, external 2580K/2599K, paused 58ms
I/WordPress(  239): response = HTTP/1.1 200 OK
I/nofatclips(  239): Current activity is Posts
I/nofatclips(  239): Retrieving widgets
D/nofatclips(  239): Found widget: id=16908290 (android.widget.FrameLayout@4050bde8)
D/nofatclips(  239): Found widget: id=16908666 (com.android.internal.widget.WeightedLinearLayout@40541318)
D/nofatclips(  239): Found widget: id=16908667 (android.widget.LinearLayout@40531460)
D/nofatclips(  239): Found widget: id=16908668 (android.widget.LinearLayout@405d3870)
D/nofatclips(  239): Found widget: id=16908294 (android.widget.ImageView@405e0c78)
D/nofatclips(  239): Found widget: id=16908669 (com.android.internal.widget.DialogTitle@405cc210): Error
D/nofatclips(  239): Found widget: id=16908670 (android.widget.ImageView@405f42e0)
D/nofatclips(  239): Found widget: id=16908671 (android.widget.LinearLayout@405f8528)
D/nofatclips(  239): Found widget: id=16908672 (android.widget.ScrollView@4059c8a8)
D/nofatclips(  239): Found widget: id=16908299 (android.widget.TextView@40640dd0): XMLRPC Fault: Incorrect username or password. [code 403]
D/nofatclips(  239): Found widget: id=16908673 (android.widget.FrameLayout@405bd4b8)
D/nofatclips(  239): Found widget: id=16908331 (android.widget.FrameLayout@405c0928)
D/nofatclips(  239): Found widget: id=16908674 (android.widget.LinearLayout@406205e0)
D/nofatclips(  239): Found widget: id=-1 (android.widget.LinearLayout@4065c000)
D/nofatclips(  239): Found widget: id=16908675 (android.widget.LinearLayout@40681318)
D/nofatclips(  239): Found widget: id=16908313 (android.widget.Button@406a1408): OK
D/nofatclips(  239): Found widget: id=16908315 (android.widget.Button@406ba9b8): 
D/nofatclips(  239): Found widget: id=16908314 (android.widget.Button@40738268): 
D/nofatclips(  239): Found widget: id=16908676 (android.widget.LinearLayout@406d1670)
D/nofatclips(  239): Found widget: id=-1 (com.android.internal.policy.impl.PhoneWindow$DecorView@40608100)
V/nicola  (  239): TextualID : null
V/nicola  (  239): ContentType detected : default
V/nicola  (  239): TextualID : null
V/nicola  (  239): ContentType detected : default
V/nicola  (  239): TextualID : null
V/nicola  (  239): ContentType detected : default
I/nofatclips(  239): Performing comparation for activity Posts
D/nofatclips(  239): Comparing against activity Settings
D/nofatclips(  239): Comparing against activity Dashboard
D/nofatclips(  239): Comparing against activity Settings
D/nofatclips(  239): Comparing against activity Settings
D/nofatclips(  239): Comparing against activity Settings
D/nofatclips(  239): Comparing against activity Dashboard
D/nofatclips(  239): Comparing against activity Dashboard
D/nofatclips(  239): Comparing against activity Settings
D/nofatclips(  239): Comparing against activity Settings
D/nofatclips(  239): Comparing against activity Settings
D/nofatclips(  239): Comparing against activity Settings
D/nofatclips(  239): Comparing against activity Dashboard
I/nofatclips(  239): Registering activity Posts (id: a13) as a new found state
D/nofatclips(  239): Performing backup of the old activity list on disk
D/nofatclips(  239): Saving new found state 'a13' on disk
V/nofatclips(  239): Opening state file in append mode.
D/dalvikvm(  239): GC_EXTERNAL_ALLOC freed 450K, 52% free 4099K/8391K, external 2592K/2599K, paused 456ms
I/nofatclips(  239): Saved image on disk: a13.jpg
I/nofatclips(  239): Waiting for 100 msec.
I/nofatclips(  239): Session count is 1. Will dump to disk at 1
I/nofatclips(  239): Saving the session on disk.
I/nofatclips(  239): Planning for new Activity Posts
D/nofatclips(  239): Handling event 'click' on widget id=16908313 type=button name=OK
I/nofatclips(  239): Created trace to press the back button
I/nofatclips(  239): Created trace to press the menu button
I/nofatclips(  239): Created trace to change orientation
I/nofatclips(  239): Check for termination: 88 steps left of 100
I/nofatclips(  239): Dispatching new task. 2 more tasks remaining.
D/nofatclips(  239): Performing backup of the old task list on disk
D/nofatclips(  239): Saving task list on disk
V/nofatclips(  239): Backing up trace #201 to disk.
D/dalvikvm(  239): GC_FOR_MALLOC freed 955K, 50% free 4219K/8391K, external 3398K/3735K, paused 38ms
V/nofatclips(  239): Backing up trace #202 to disk.
D/nofatclips(  239): Deleting backup of the old task list from disk
D/nofatclips(  239): Deleting backup of the old activity list from disk
I/nofatclips(  239): Incrementally Playing Trace 202
I/nofatclips(  239): Retrieved from return list id=16908290
D/nofatclips(  239): Testing for type (android.widget.FrameLayout) against the original (null)
I/nofatclips(  239): Firing event: type= openMenu name= widget=null
W/KeyCharacterMap(  239): No keyboard for id 0
W/KeyCharacterMap(  239): Using default keymap: /system/usr/keychars/qwerty.kcm.bin
I/nofatclips(  239): Waiting for 100 msec.
I/nofatclips(  239): Current activity is Posts
I/nofatclips(  239): Retrieving widgets
D/nofatclips(  239): Found widget: id=16908290 (android.widget.FrameLayout@4050bde8)
D/nofatclips(  239): Found widget: id=16908666 (com.android.internal.widget.WeightedLinearLayout@40541318)
D/nofatclips(  239): Found widget: id=16908667 (android.widget.LinearLayout@40531460)
D/nofatclips(  239): Found widget: id=16908668 (android.widget.LinearLayout@405d3870)
D/nofatclips(  239): Found widget: id=16908294 (android.widget.ImageView@405e0c78)
D/nofatclips(  239): Found widget: id=16908669 (com.android.internal.widget.DialogTitle@405cc210): Error
D/nofatclips(  239): Found widget: id=16908670 (android.widget.ImageView@405f42e0)
D/nofatclips(  239): Found widget: id=16908671 (android.widget.LinearLayout@405f8528)
D/nofatclips(  239): Found widget: id=16908672 (android.widget.ScrollView@4059c8a8)
D/nofatclips(  239): Found widget: id=16908299 (android.widget.TextView@40640dd0): XMLRPC Fault: Incorrect username or password. [code 403]
D/nofatclips(  239): Found widget: id=16908673 (android.widget.FrameLayout@405bd4b8)
D/nofatclips(  239): Found widget: id=16908331 (android.widget.FrameLayout@405c0928)
D/nofatclips(  239): Found widget: id=16908674 (android.widget.LinearLayout@406205e0)
D/nofatclips(  239): Found widget: id=-1 (android.widget.LinearLayout@4065c000)
D/nofatclips(  239): Found widget: id=16908675 (android.widget.LinearLayout@40681318)
D/nofatclips(  239): Found widget: id=16908313 (android.widget.Button@406a1408): OK
D/nofatclips(  239): Found widget: id=16908315 (android.widget.Button@406ba9b8): 
D/nofatclips(  239): Found widget: id=16908314 (android.widget.Button@40738268): 
D/nofatclips(  239): Found widget: id=16908676 (android.widget.LinearLayout@406d1670)
D/nofatclips(  239): Found widget: id=-1 (com.android.internal.policy.impl.PhoneWindow$DecorView@40608100)
V/nicola  (  239): TextualID : null
V/nicola  (  239): ContentType detected : default
V/nicola  (  239): TextualID : null
V/nicola  (  239): ContentType detected : default
V/nicola  (  239): TextualID : null
V/nicola  (  239): ContentType detected : default
I/nofatclips(  239): Performing comparation for activity Posts
D/nofatclips(  239): Comparing against activity Settings
D/nofatclips(  239): Comparing against activity Dashboard
D/nofatclips(  239): Comparing against activity Settings
D/nofatclips(  239): Comparing against activity Settings
D/nofatclips(  239): Comparing against activity Settings
D/nofatclips(  239): Comparing against activity Dashboard
D/nofatclips(  239): Comparing against activity Dashboard
D/nofatclips(  239): Comparing against activity Settings
D/nofatclips(  239): Comparing against activity Settings
D/nofatclips(  239): Comparing against activity Settings
D/nofatclips(  239): Comparing against activity Posts
D/nofatclips(  239): Comparing against activity Settings
D/nofatclips(  239): Comparing against activity Dashboard
I/nofatclips(  239): Registering activity Posts (id: a14) as a new found state
D/nofatclips(  239): Performing backup of the old activity list on disk
D/nofatclips(  239): Saving new found state 'a14' on disk
V/nofatclips(  239): Opening state file in append mode.
I/nofatclips(  239): Saved image on disk: a14.jpg
I/nofatclips(  239): Waiting for 100 msec.
I/nofatclips(  239): Session count is 1. Will dump to disk at 1
I/nofatclips(  239): Saving the session on disk.
I/nofatclips(  239): Planning for new Activity Posts
D/nofatclips(  239): Handling event 'click' on widget id=16908313 type=button name=OK
I/nofatclips(  239): Created trace to press the back button
I/nofatclips(  239): Created trace to press the menu button
I/nofatclips(  239): Created trace to change orientation
I/nofatclips(  239): Check for termination: 87 steps left of 100
I/nofatclips(  239): Dispatching new task. 2 more tasks remaining.
D/nofatclips(  239): Performing backup of the old task list on disk
D/nofatclips(  239): Saving task list on disk
V/nofatclips(  239): Backing up trace #205 to disk.
D/dalvikvm(  239): GC_CONCURRENT freed 1687K, 51% free 4290K/8583K, external 3398K/3735K, paused 7ms+10ms
V/nofatclips(  239): Backing up trace #206 to disk.
D/nofatclips(  239): Deleting backup of the old task list from disk
D/nofatclips(  239): Deleting backup of the old activity list from disk
I/nofatclips(  239): Incrementally Playing Trace 206
I/nofatclips(  239): Retrieved from return list id=16908313
D/nofatclips(  239): Testing for type (android.widget.Button) against the original (android.widget.Button)
D/nofatclips(  239): Testing for name (OK) against the original (OK)
I/nofatclips(  239): Firing event: type= click index=15 widget=android.widget.Button
D/nofatclips(  239): Event description: OK
I/nofatclips(  239): Waiting for 100 msec.
W/InputManagerService(   61): Window already focused, ignoring focus gain of: com.android.internal.view.IInputMethodClient$Stub$Proxy@40551158
I/nofatclips(  239): Current activity is Posts
I/nofatclips(  239): Retrieving widgets
D/nofatclips(  239): Found widget: id=16908290 (android.widget.FrameLayout@406e9308)
D/nofatclips(  239): Found widget: id=2131165323 (android.widget.RelativeLayout@406039c8)
D/nofatclips(  239): Found widget: id=2131165324 (android.widget.LinearLayout@40692440)
D/nofatclips(  239): Found widget: id=2131165325 (android.support.v4.app.NoSaveStateFrameLayout@405dab68)
D/nofatclips(  239): Found widget: id=-1 (android.widget.FrameLayout@405e7d20)
D/nofatclips(  239): Found widget: id=16711681 (android.widget.TextView@406161c8): 
D/nofatclips(  239): Found widget: id=16908298 (android.widget.ListView@405d85f8)
D/nofatclips(  239): Found widget: id=2131165326 (org.wordpress.android.util.WPTitleBar@406cd8a8)
D/nofatclips(  239): Found widget: id=2131165195 (android.widget.RelativeLayout@407fa6f0)
D/nofatclips(  239): Found widget: id=2131165196 (android.widget.RelativeLayout@40595288)
D/nofatclips(  239): Found widget: id=2131165197 (android.widget.ImageView@40762e28)
D/nofatclips(  239): Found widget: id=2131165198 (android.widget.TextView@405cd7f8): Katie's Sweet Testing Blog
D/nofatclips(  239): Found widget: id=2131165199 (android.widget.ImageView@405d6198)
