V/nofatclips(  239): Updating value FORCE_RESTART
V/nofatclips(  239): Updating value IN_AND_OUT_FOCUS
V/nofatclips(  239): Updating value PRECRAWLING
V/nofatclips(  239): Updating value SCREENSHOT_FOR_EVENTS
V/nofatclips(  239): Updating value SCREENSHOT_FOR_STATES
V/nofatclips(  239): Updating value SCREENSHOT_ONLY_NEW_STATES
V/nofatclips(  239): Updating value SLEEP_AFTER_EVENT
V/nofatclips(  239): Updating value SLEEP_AFTER_RESTART
V/nofatclips(  239): Updating value SLEEP_AFTER_TASK
V/nofatclips(  239): Updating value SLEEP_ON_THROBBER
I/nofatclips(  239): Waiting for 100 msec.
I/ActivityThread(  277): Pub com.android.mms.SuggestionsProvider: com.android.mms.SuggestionsProvider
D/nofatclips(  239): Ready to operate after restarting...
I/nofatclips(  239): Current activity is Dashboard
W/nofatclips(  239): --->Dashboard
I/nofatclips(  239): Retrieving widgets
D/nofatclips(  239): No session to resume: task list not found. Will start from scratch.
I/nofatclips(  239): Starting a new session
D/nofatclips(  239): Performing backup of the old activity list on disk
D/nofatclips(  239): Saving new found state 'exit' on disk
V/nofatclips(  239): Opening state file in overwrite mode.
I/ActivityManager(   61): Start proc com.android.email for broadcast com.android.email/.service.EmailBroadcastReceiver: pid=297 uid=10028 gids={3003, 1015}
I/InputReader(   61): Device reconfigured: id=0x0, name=qwerty2, display size is now 320x480
I/InputManager-Callbacks(   61): No virtual keys found for device qwerty2.
I/ActivityThread(  297): Pub com.android.email.provider: com.android.email.provider.EmailProvider
I/ActivityThread(  297): Pub com.android.email.attachmentprovider: com.android.email.provider.AttachmentProvider
I/ActivityThread(  297): Pub com.android.exchange.provider: com.android.exchange.provider.ExchangeProvider
I/ARMAssembler(   61): generated scanline__00000077:03515104_00001004_00000000 [ 65 ipp] (85 ins) at [0x46efd520:0x46efd674] in 547395 ns
I/ARMAssembler(   61): generated scanline__00000177:03515104_00001001_00000000 [ 91 ipp] (114 ins) at [0x46efd678:0x46efd840] in 350248 ns
W/dalvikvm(  239): threadid=3: spin on suspend #1 threadid=11 (pcf=0)
D/dalvikvm(  239): Temporarily moving tid 270 to fg (was 0)
D/dalvikvm(  239): Temporarily raised priority on tid 270 (10 -> 0)
W/dalvikvm(  239): threadid=3: spin on suspend resolved in 1075 msec
D/dalvikvm(  239): Restored policy of 270 to 0
D/dalvikvm(  239): Restored priority on 270 to 10
D/EAS SyncManager(  297): !!! EAS SyncManager, onCreate
D/dalvikvm(  239): GC_CONCURRENT freed 179K, 48% free 3043K/5831K, external 1812K/2324K, paused 3ms+9ms
I/nofatclips(  239): Planning for new Activity Dashboard
I/nofatclips(  239): Created trace to press the menu button
I/nofatclips(  239): Created trace to change orientation
I/nofatclips(  239): Dispatching new task. 2 more tasks remaining.
D/nofatclips(  239): Saving task list on disk
V/nofatclips(  239): Backing up trace #0 to disk.
V/nofatclips(  239): Backing up trace #1 to disk.
D/nofatclips(  239): Deleting backup of the old activity list from disk
I/nofatclips(  239): Restarting
I/SearchManagerService(   61): Building list of searchable activities
I//system/bin/fsck_msdos(   29): ** /dev/block/vold/179:0
I//system/bin/fsck_msdos(   29): ** Phase 1 - Read and Compare FATs
I//system/bin/fsck_msdos(   29): Attempting to allocate 998 KB for FAT
D/MediaScannerService(  257): start scanning volume internal
D/dalvikvm(  277): GC_CONCURRENT freed 492K, 54% free 2726K/5831K, external 716K/1038K, paused 3ms+19ms
D/dalvikvm(  297): GC_CONCURRENT freed 529K, 54% free 2705K/5831K, external 716K/1038K, paused 3ms+3ms
D/Eas Debug(  297): Logging: 
D/EAS SyncManager(  297): !!! EAS SyncManager, onDestroy
I/nofatclips(  239): Waiting for 100 msec.
D/Email   (  297): BOOT_COMPLETED
I//system/bin/fsck_msdos(   29): Attempting to allocate 998 KB for FAT
D/nofatclips(  239): Ready to operate after restarting...
I/nofatclips(  239): Retrieving widgets
D/nofatclips(  239): Found widget: id=16908290 (android.widget.FrameLayout@405a0690)
D/nofatclips(  239): Found widget: id=2131165248 (android.widget.RelativeLayout@405a1390)
D/nofatclips(  239): Found widget: id=2131165249 (android.widget.LinearLayout@405a19f8)
D/nofatclips(  239): Found widget: id=-1 (android.widget.ImageView@405a1f40)
D/nofatclips(  239): Found widget: id=2131165250 (org.wordpress.android.util.WPTitleBar@4059b878)
D/nofatclips(  239): Found widget: id=2131165195 (android.widget.RelativeLayout@4050de58)
D/nofatclips(  239): Found widget: id=2131165196 (android.widget.RelativeLayout@405681a8)
D/nofatclips(  239): Found widget: id=2131165197 (android.widget.ImageView@4059cb10)
D/nofatclips(  239): Found widget: id=2131165198 (android.widget.TextView@40541518): Katie's Sweet Testing Blog
D/nofatclips(  239): Found widget: id=2131165199 (android.widget.ImageView@4055cda8)
D/nofatclips(  239): Found widget: id=-1 (android.widget.RelativeLayout@40579110)
D/nofatclips(  239): Found widget: id=2131165200 (android.widget.ImageButton@4059d038)
D/nofatclips(  239): Found widget: id=-1 (android.widget.FrameLayout@4057a5c0)
D/nofatclips(  239): Found widget: id=2131165201 (android.widget.Button@40541ee0): 
D/nofatclips(  239): Found widget: id=2131165202 (android.widget.ImageView@40593470)
D/nofatclips(  239): Found widget: id=2131165203 (android.widget.ImageView@4053c6d8)
D/nofatclips(  239): Found widget: id=2131165204 (android.widget.LinearLayout@40568db0)
D/nofatclips(  239): Found widget: id=-1 (android.widget.FrameLayout@4059c8a8)
D/nofatclips(  239): Found widget: id=-1 (android.widget.LinearLayout@4052f880)
D/nofatclips(  239): Found widget: id=-1 (android.widget.LinearLayout@4050dc68)
D/nofatclips(  239): Found widget: id=-1 (android.widget.LinearLayout@4052eea0)
D/nofatclips(  239): Found widget: id=2131165251 (android.widget.LinearLayout@4052f558)
D/nofatclips(  239): Found widget: id=-1 (android.widget.ImageView@4058ff18)
D/nofatclips(  239): Found widget: id=2131165256 (android.widget.TextView@4056aaa8): New Post
D/nofatclips(  239): Found widget: id=2131165253 (android.widget.LinearLayout@4059bab0)
D/nofatclips(  239): Found widget: id=-1 (android.widget.ImageView@405308c0)
D/nofatclips(  239): Found widget: id=2131165256 (android.widget.TextView@4056b3e0): New Page
D/nofatclips(  239): Found widget: id=-1 (android.widget.LinearLayout@40532b78)
D/nofatclips(  239): Found widget: id=2131165252 (android.widget.LinearLayout@40530568)
D/nofatclips(  239): Found widget: id=-1 (android.widget.ImageView@40538a70)
D/nofatclips(  239): Found widget: id=2131165256 (android.widget.TextView@405775d8): Quick Photo
D/nofatclips(  239): Found widget: id=2131165254 (android.widget.LinearLayout@405470e8)
D/nofatclips(  239): Found widget: id=-1 (android.widget.ImageView@40531460)
D/nofatclips(  239): Found widget: id=2131165256 (android.widget.TextView@40577e48): Quick Video
D/nofatclips(  239): Found widget: id=-1 (android.widget.LinearLayout@4052e310)
D/nofatclips(  239): Found widget: id=-1 (android.widget.LinearLayout@40533b30)
D/nofatclips(  239): Found widget: id=2131165255 (android.widget.LinearLayout@40534df8)
D/nofatclips(  239): Found widget: id=-1 (android.widget.ImageView@40540148)
D/nofatclips(  239): Found widget: id=2131165256 (android.widget.TextView@405784d0): Posts
D/nofatclips(  239): Found widget: id=2131165257 (android.widget.LinearLayout@40545860)
D/nofatclips(  239): Found widget: id=-1 (android.widget.ImageView@405684c0)
D/nofatclips(  239): Found widget: id=2131165256 (android.widget.TextView@40537128): Pages
D/nofatclips(  239): Found widget: id=-1 (android.widget.FrameLayout@40534138)
D/nofatclips(  239): Found widget: id=2131165258 (android.widget.LinearLayout@4053fe20)
D/nofatclips(  239): Found widget: id=-1 (android.widget.ImageView@40536838)
D/nofatclips(  239): Found widget: id=2131165256 (android.widget.TextView@405390d8): Comments
D/nofatclips(  239): Found widget: id=2131165259 (android.widget.FrameLayout@40544310)
D/nofatclips(  239): Found widget: id=2131165260 (android.widget.ImageView@40545e30)
D/nofatclips(  239): Found widget: id=2131165261 (org.wordpress.android.util.CommentBadgeTextView@4053a0f0): 0
D/nofatclips(  239): Found widget: id=-1 (android.widget.LinearLayout@40538eb0)
D/nofatclips(  239): Found widget: id=2131165262 (android.widget.LinearLayout@405404c8)
D/nofatclips(  239): Found widget: id=-1 (android.widget.ImageView@40540dd0)
D/nofatclips(  239): Found widget: id=2131165256 (android.widget.TextView@40540710): Settings
D/nofatclips(  239): Found widget: id=2131165263 (android.widget.LinearLayout@40543d68)
D/nofatclips(  239): Found widget: id=-1 (android.widget.ImageView@4055fcc0)
D/nofatclips(  239): Found widget: id=2131165256 (android.widget.TextView@40542a50): Read
D/nofatclips(  239): Found widget: id=2131165264 (android.widget.LinearLayout@405613a8)
D/nofatclips(  239): Found widget: id=-1 (android.widget.ImageView@40563c60)
D/nofatclips(  239): Found widget: id=2131165256 (android.widget.TextView@4054f7a8): Stats
D/nofatclips(  239): Found widget: id=-1 (com.android.internal.policy.impl.PhoneWindow$DecorView@4059fd90)
I/nofatclips(  239): Playing Trace 1
I/nofatclips(  239): Retrieved from return list id=16908290
D/nofatclips(  239): Testing for type (android.widget.FrameLayout) against the original (null)
I/nofatclips(  239): Firing event: type= changeOrientation name= widget=null
D/EAS SyncManager(  297): !!! EAS SyncManager, onCreate
D/EAS SyncManager(  297): !!! EAS SyncManager, onStartCommand
D/EAS SyncManager(  297): !!! EAS SyncManager, stopping self
D/EAS SyncManager(  297): !!! EAS SyncManager, onDestroy
D/dalvikvm(  239): GC_CONCURRENT freed 668K, 52% free 3131K/6407K, external 1812K/2324K, paused 3ms+3ms
I//system/bin/fsck_msdos(   29): ** Phase 2 - Check Cluster Chains
I//system/bin/fsck_msdos(   29): ** Phase 3 - Checking Directories
I//system/bin/fsck_msdos(   29): ** Phase 4 - Checking for Lost Files
I//system/bin/fsck_msdos(   29): Next free cluster in FSInfo block (5) not free
I/Launcher(  132): setLoadOnResume
D/dalvikvm(  123): GREF has increased to 201
I//system/bin/fsck_msdos(   29): FIXED
I//system/bin/fsck_msdos(   29): 3 files, 509980 free (254990 clusters)
I/Vold    (   29): Filesystem check completed OK
I/Vold    (   29): Device /dev/block/vold/179:0, target /mnt/sdcard mounted @ /mnt/secure/staging
D/Vold    (   29): Volume sdcard state changing 3 (Checking) -> 4 (Mounted)
I/PackageManager(   61): Updating external media status from unmounted to mounted
I/StorageNotification(  124): Media {/mnt/sdcard} state changed from {checking} -> {mounted}
D/VoldCmdListener(   29): asec list
I/PackageManager(   61): No secure containers on sdcard
W/PackageManager(   61): Unknown permission com.google.android.googleapps.permission.GOOGLE_AUTH.mail in package com.android.contacts
W/PackageManager(   61): Unknown permission android.permission.ADD_SYSTEM_SERVICE in package com.android.phone
W/PackageManager(   61): Not granting permission android.permission.SEND_DOWNLOAD_COMPLETED_INTENTS to package com.android.browser (protectionLevel=2 flags=0x9be45)
W/PackageManager(   61): Unknown permission com.google.android.gm.permission.WRITE_GMAIL in package com.android.settings
I/Launcher(  132): setLoadOnResume
W/PackageManager(   61): Unknown permission com.google.android.gm.permission.READ_GMAIL in package com.android.settings
W/PackageManager(   61): Unknown permission com.google.android.googleapps.permission.GOOGLE_AUTH in package com.android.settings
W/PackageManager(   61): Unknown permission com.google.android.googleapps.permission.GOOGLE_AUTH in package com.android.providers.contacts
W/PackageManager(   61): Unknown permission com.google.android.googleapps.permission.GOOGLE_AUTH.cp in package com.android.providers.contacts
W/PackageManager(   61): Unknown permission com.google.android.googleapps.permission.ACCESS_GOOGLE_PASSWORD in package com.android.development
W/PackageManager(   61): Unknown permission com.google.android.googleapps.permission.GOOGLE_AUTH in package com.android.development
W/PackageManager(   61): Unknown permission com.google.android.googleapps.permission.GOOGLE_AUTH.ALL_SERVICES in package com.android.development
W/PackageManager(   61): Unknown permission com.google.android.googleapps.permission.GOOGLE_AUTH.YouTubeUser in package com.android.development
W/PackageManager(   61): Unknown permission android.permission.READ_OWNER_DATA in package com.android.email
W/ImageDownloader(  239): Error 404 while retrieving bitmap from http://gravatar.com/blavatar/44d338f29053dbb888da79dcf98df489?s=60&d=404
W/PackageManager(   61): Not granting permission android.permission.DEVICE_POWER to package com.android.deskclock (protectionLevel=2 flags=0x8be45)
D/dalvikvm(  190): GC_CONCURRENT freed 231K, 51% free 2828K/5703K, external 716K/1038K, paused 2ms+2ms
D/MediaScanner(  257):  prescan time: 1066ms
D/MediaScanner(  257):     scan time: 62ms
D/MediaScanner(  257): postscan time: 0ms
D/MediaScanner(  257):    total time: 1128ms
D/dalvikvm(  257): GC_CONCURRENT freed 529K, 55% free 2648K/5831K, external 716K/1038K, paused 2ms+7ms
D/szipinf (  190): Initializing inflate state
D/MediaScannerService(  257): done scanning volume internal
D/MediaScannerService(  257): start scanning volume external
V/MediaProvider(  257): /mnt/sdcard volume ID: 470033692
V/MediaProvider(  257): Attached volume: external
V/MediaScanner(  257): pruneDeadThumbnailFiles... android.database.sqlite.SQLiteCursor@4059e6b0
V/MediaScanner(  257): /pruneDeadThumbnailFiles... android.database.sqlite.SQLiteCursor@4059e6b0
D/MediaScanner(  257):  prescan time: 57ms
D/MediaScanner(  257):     scan time: 1ms
D/MediaScanner(  257): postscan time: 8ms
D/MediaScanner(  257):    total time: 66ms
D/MediaScannerService(  257): done scanning volume external
W/KeyCharacterMap(  239): No keyboard for id 0
W/KeyCharacterMap(  239): Using default keymap: /system/usr/keychars/qwerty.kcm.bin
D/dalvikvm(  132): GC_EXTERNAL_ALLOC freed 148K, 49% free 2979K/5767K, external 2618K/2620K, paused 55ms
I/Launcher(  132): setLoadOnResume
I/ContactsDatabaseHelper(  190): Locale change completed in 6551ms
D/szipinf (  132): Initializing inflate state
D/dalvikvm(  132): GC_EXPLICIT freed 167K, 50% free 2934K/5767K, external 2221K/2278K, paused 38ms
I/WindowManager(   61): Setting rotation to 1, animFlags=1
I/ActivityManager(   61): Config changed: { scale=1.0 imsi=310/260 loc=en_US touch=3 keys=2/1/2 nav=1/1 orien=2 layout=18 uiMode=17 seq=5}
I/nofatclips(  239): Waiting for 100 msec.
I/dalvikvm(   61): Jit: resizing JitTable from 512 to 1024
W/WindowManager(   61): Window freeze timeout expired.
W/WindowManager(   61): Force clearing orientation change: Window{40713eb8 org.wordpress.android/org.wordpress.android.Dashboard paused=false}
I/nofatclips(  239): Current activity is Dashboard
I/nofatclips(  239): Retrieving widgets
D/nofatclips(  239): Found widget: id=16908290 (android.widget.FrameLayout@405a0690)
D/nofatclips(  239): Found widget: id=2131165248 (android.widget.RelativeLayout@405a1390)
D/nofatclips(  239): Found widget: id=2131165249 (android.widget.LinearLayout@405a19f8)
D/nofatclips(  239): Found widget: id=-1 (android.widget.ImageView@405a1f40)
D/nofatclips(  239): Found widget: id=2131165250 (org.wordpress.android.util.WPTitleBar@4059b878)
D/nofatclips(  239): Found widget: id=2131165195 (android.widget.RelativeLayout@4050de58)
D/nofatclips(  239): Found widget: id=2131165196 (android.widget.RelativeLayout@405681a8)
D/nofatclips(  239): Found widget: id=2131165197 (android.widget.ImageView@4059cb10)
D/nofatclips(  239): Found widget: id=2131165198 (android.widget.TextView@40541518): Katie's Sweet Testing Blog
D/nofatclips(  239): Found widget: id=2131165199 (android.widget.ImageView@4055cda8)
D/nofatclips(  239): Found widget: id=-1 (android.widget.RelativeLayout@40579110)
D/nofatclips(  239): Found widget: id=2131165200 (android.widget.ImageButton@4059d038)
D/nofatclips(  239): Found widget: id=-1 (android.widget.FrameLayout@4057a5c0)
D/nofatclips(  239): Found widget: id=2131165201 (android.widget.Button@40541ee0): 
D/nofatclips(  239): Found widget: id=2131165202 (android.widget.ImageView@40593470)
D/nofatclips(  239): Found widget: id=2131165203 (android.widget.ImageView@4053c6d8)
D/nofatclips(  239): Found widget: id=2131165249 (android.widget.LinearLayout@406215c8)
D/nofatclips(  239): Found widget: id=-1 (android.widget.FrameLayout@405e3170)
D/nofatclips(  239): Found widget: id=-1 (android.widget.LinearLayout@405e33d8)
D/nofatclips(  239): Found widget: id=-1 (android.widget.LinearLayout@406170a0)
D/nofatclips(  239): Found widget: id=-1 (android.widget.LinearLayout@405cb150)
D/nofatclips(  239): Found widget: id=2131165251 (android.widget.LinearLayout@405cb370)
D/nofatclips(  239): Found widget: id=-1 (android.widget.ImageView@405d0378)
D/nofatclips(  239): Found widget: id=-1 (android.widget.TextView@405d06e8): New Post
D/nofatclips(  239): Found widget: id=2131165252 (android.widget.LinearLayout@405d0e40)
D/nofatclips(  239): Found widget: id=-1 (android.widget.ImageView@405d7cd8)
D/nofatclips(  239): Found widget: id=-1 (android.widget.TextView@405d8088): Quick Photo
D/nofatclips(  239): Found widget: id=-1 (android.widget.LinearLayout@405e06e0)
D/nofatclips(  239): Found widget: id=2131165253 (android.widget.LinearLayout@405e0900)
D/nofatclips(  239): Found widget: id=-1 (android.widget.ImageView@405e2788)
D/nofatclips(  239): Found widget: id=-1 (android.widget.TextView@4053a860): New Page
D/nofatclips(  239): Found widget: id=2131165254 (android.widget.LinearLayout@4053ac48)
D/nofatclips(  239): Found widget: id=-1 (android.widget.ImageView@405db730)
D/nofatclips(  239): Found widget: id=-1 (android.widget.TextView@405dba78): Quick Video
D/nofatclips(  239): Found widget: id=-1 (android.widget.LinearLayout@405dbf08)
D/nofatclips(  239): Found widget: id=-1 (android.widget.LinearLayout@405dc128)
D/nofatclips(  239): Found widget: id=2131165255 (android.widget.LinearLayout@4061ce38)
D/nofatclips(  239): Found widget: id=-1 (android.widget.ImageView@4061eca8)
D/nofatclips(  239): Found widget: id=2131165256 (android.widget.TextView@4061efa8): Posts
D/nofatclips(  239): Found widget: id=2131165257 (android.widget.LinearLayout@4061f438)
D/nofatclips(  239): Found widget: id=-1 (android.widget.ImageView@40620f28)
D/nofatclips(  239): Found widget: id=2131165256 (android.widget.TextView@4061fd28): Pages
D/nofatclips(  239): Found widget: id=-1 (android.widget.FrameLayout@40620000)
D/nofatclips(  239): Found widget: id=2131165258 (android.widget.LinearLayout@40620268)
D/nofatclips(  239): Found widget: id=-1 (android.widget.ImageView@40623730)
D/nofatclips(  239): Found widget: id=2131165256 (android.widget.TextView@40623ae0): Comments
D/nofatclips(  239): Found widget: id=2131165259 (android.widget.FrameLayout@405cec18)
D/nofatclips(  239): Found widget: id=2131165260 (android.widget.ImageView@405cee80)
D/nofatclips(  239): Found widget: id=2131165261 (org.wordpress.android.util.CommentBadgeTextView@405cf2c8): 0
D/nofatclips(  239): Found widget: id=-1 (android.widget.LinearLayout@40559198)
D/nofatclips(  239): Found widget: id=2131165262 (android.widget.LinearLayout@40559398)
D/nofatclips(  239): Found widget: id=-1 (android.widget.ImageView@40559b78)
D/nofatclips(  239): Found widget: id=2131165256 (android.widget.TextView@40624058): Settings
D/nofatclips(  239): Found widget: id=2131165263 (android.widget.LinearLayout@406244e8)
D/nofatclips(  239): Found widget: id=-1 (android.widget.ImageView@405d8c38)
D/nofatclips(  239): Found widget: id=2131165256 (android.widget.TextView@405d8fe8): Read
D/nofatclips(  239): Found widget: id=2131165264 (android.widget.LinearLayout@405d9478)
D/nofatclips(  239): Found widget: id=-1 (android.widget.ImageView@4061ca98)
D/nofatclips(  239): Found widget: id=2131165256 (android.widget.TextView@405d9aa0): Stats
D/nofatclips(  239): Found widget: id=-1 (com.android.internal.policy.impl.PhoneWindow$DecorView@4059fd90)
I/dalvikvm(  239): Jit: resizing JitTable from 512 to 1024
V/nicola  (  239): TextualID : blog_title
V/nicola  (  239): ContentType detected : default
V/nicola  (  239): TextualID : action_refresh
V/nicola  (  239): ContentType detected : default
V/nicola  (  239): TextualID : null
V/nicola  (  239): ContentType detected : default
V/nicola  (  239): TextualID : null
V/nicola  (  239): ContentType detected : default
V/nicola  (  239): TextualID : null
V/nicola  (  239): ContentType detected : default
V/nicola  (  239): TextualID : null
V/nicola  (  239): ContentType detected : default
V/nicola  (  239): TextualID : button_text
V/nicola  (  239): ContentType detected : default
V/nicola  (  239): TextualID : button_text
V/nicola  (  239): ContentType detected : default
V/nicola  (  239): TextualID : button_text
V/nicola  (  239): ContentType detected : default
V/nicola  (  239): TextualID : button_text
V/nicola  (  239): ContentType detected : default
V/nicola  (  239): TextualID : button_text
V/nicola  (  239): ContentType detected : default
V/nicola  (  239): TextualID : button_text
V/nicola  (  239): ContentType detected : default
I/nofatclips(  239): Performing comparation for activity Dashboard
D/nofatclips(  239): Comparing against activity Dashboard
I/nofatclips(  239): Registering activity Dashboard (id: a2) as a new found state
D/nofatclips(  239): Performing backup of the old activity list on disk
D/nofatclips(  239): Saving new found state 'a2' on disk
V/nofatclips(  239): Opening state file in append mode.
D/dalvikvm(  239): GC_CONCURRENT freed 774K, 52% free 3215K/6599K, external 2194K/2324K, paused 5ms+7ms
D/dalvikvm(  239): GC_EXTERNAL_ALLOC freed 152K, 52% free 3228K/6599K, external 1812K/2324K, paused 76ms
D/dalvikvm(  239): GC_EXTERNAL_ALLOC freed 22K, 52% free 3206K/6599K, external 1999K/2511K, paused 66ms
I/nofatclips(  239): Saved image on disk: a2.jpg
I/nofatclips(  239): Waiting for 100 msec.
I/nofatclips(  239): Session count is 1. Will dump to disk at 1
I/nofatclips(  239): Saving the session on disk. This is the first batch: the file will be created.
I/nofatclips(  239): Planning for new Activity Dashboard
D/nofatclips(  239): Handling event 'click' on widget id=2131165200 type=button name=
D/dalvikvm(   61): GC_EXPLICIT freed 627K, 46% free 4141K/7559K, external 1865K/3065K, paused 310ms
D/nofatclips(  239): Handling event 'click' on widget id=2131165201 type=button name=
D/nofatclips(  239): Handling event 'click' on widget id=2131165249 type=linearLayout name=
D/nofatclips(  239): Handling event 'click' on widget id=2131165251 type=linearLayout name=
D/nofatclips(  239): Handling event 'click' on widget id=2131165252 type=linearLayout name=
D/nofatclips(  239): Handling event 'click' on widget id=2131165253 type=linearLayout name=
D/nofatclips(  239): Handling event 'click' on widget id=2131165254 type=linearLayout name=
D/nofatclips(  239): Handling event 'click' on widget id=2131165255 type=linearLayout name=
D/dalvikvm(  239): GC_CONCURRENT freed 820K, 52% free 3320K/6791K, external 2599K/3246K, paused 2ms+3ms
D/nofatclips(  239): Handling event 'click' on widget id=2131165257 type=linearLayout name=
D/nofatclips(  239): Handling event 'click' on widget id=2131165258 type=linearLayout name=
D/nofatclips(  239): Handling event 'click' on widget id=2131165262 type=linearLayout name=
D/nofatclips(  239): Handling event 'click' on widget id=2131165263 type=linearLayout name=
D/nofatclips(  239): Handling event 'click' on widget id=2131165264 type=linearLayout name=
I/dalvikvm(  239): Jit: resizing JitTable from 1024 to 2048
I/nofatclips(  239): Created trace to press the back button
I/nofatclips(  239): Created trace to press the menu button
I/nofatclips(  239): Created trace to change orientation
I/nofatclips(  239): Check for termination: 99 steps left of 100
I/nofatclips(  239): Dispatching new task. 2 more tasks remaining.
D/nofatclips(  239): Performing backup of the old task list on disk
D/nofatclips(  239): Saving task list on disk
V/nofatclips(  239): Backing up trace #15 to disk.
V/nofatclips(  239): Backing up trace #16 to disk.
D/nofatclips(  239): Deleting backup of the old task list from disk
D/nofatclips(  239): Deleting backup of the old activity list from disk
I/nofatclips(  239): Incrementally Playing Trace 16
I/nofatclips(  239): Retrieved from return list id=2131165249
D/nofatclips(  239): Testing for type (android.widget.LinearLayout) against the original (android.widget.LinearLayout)
D/nofatclips(  239): Testing for name () against the original ()
I/nofatclips(  239): Firing event: type= click index=16 widget=android.widget.LinearLayout
D/dalvikvm(  239): GC_CONCURRENT freed 1276K, 55% free 3229K/7111K, external 1999K/2599K, paused 3ms+3ms
D/nofatclips(  239): Event description: New Post
I/ActivityManager(   61): Starting: Intent { cmp=org.wordpress.android/.Settings (has extras) } from pid 239
I/nofatclips(  239): Waiting for 100 msec.
W/ImageDownloader(  239): Error 404 while retrieving bitmap from http://gravatar.com/blavatar/44d338f29053dbb888da79dcf98df489?s=60&d=404
I/nofatclips(  239): Current activity is Settings
I/ActivityManager(   61): Displayed org.wordpress.android/.Settings: +1s804ms
I/nofatclips(  239): Retrieving widgets
D/nofatclips(  239): Found widget: id=16908290 (android.widget.FrameLayout@40538278)
D/nofatclips(  239): Found widget: id=2131165343 (android.widget.RelativeLayout@405adf88)
D/nofatclips(  239): Found widget: id=-1 (android.widget.ScrollView@40556158)
D/nofatclips(  239): Found widget: id=2131165207 (android.widget.RelativeLayout@40556300)
D/nofatclips(  239): Found widget: id=2131165209 (android.widget.RelativeLayout@40556458)
D/nofatclips(  239): Found widget: id=2131165210 (android.widget.TextView@405565b0): Account Details
D/nofatclips(  239): Found widget: id=2131165214 (android.widget.TextView@406df4a8): Username:
D/nofatclips(  239): Found widget: id=2131165215 (android.widget.EditText@40640dd0): katiemalone1990
D/nofatclips(  239): Found widget: id=2131165216 (android.widget.TextView@40626bf0): Password:
D/nofatclips(  239): Found widget: id=2131165217 (android.widget.EditText@40627110): cle0sandy
D/nofatclips(  239): Found widget: id=2131165214 (android.widget.TextView@405c2230): Username:
D/nofatclips(  239): Found widget: id=2131165223 (android.widget.TextView@405ca7e0): HTTP Username (optional):
D/nofatclips(  239): Found widget: id=2131165224 (android.widget.EditText@405cad40): 
D/nofatclips(  239): Found widget: id=2131165225 (android.widget.TextView@405cd330): HTTP Password (optional):
D/nofatclips(  239): Found widget: id=2131165226 (android.widget.EditText@405cd890): 
D/nofatclips(  239): Found widget: id=2131165288 (android.widget.RelativeLayout@406d5130)
D/nofatclips(  239): Found widget: id=2131165346 (android.widget.TextView@4061e040): Media
D/nofatclips(  239): Found widget: id=2131165347 (android.widget.TextView@405b77a0): Default image width
D/nofatclips(  239): Found widget: id=2131165348 (android.widget.Spinner@405b7e18)
D/nofatclips(  239): Found widget: id=16908308 (android.widget.TextView@40673a60): 500
D/nofatclips(  239): Found widget: id=2131165349 (android.widget.CheckBox@4063dbe0): Upload and link to full image
D/nofatclips(  239): Found widget: id=2131165266 (android.widget.RelativeLayout@406ce450)
D/nofatclips(  239): Found widget: id=2131165350 (android.widget.TextView@406ce860): Location
D/nofatclips(  239): Found widget: id=2131165351 (android.widget.CheckBox@40642a70): Geotag Posts
D/nofatclips(  239): Found widget: id=2131165219 (android.widget.Button@40627778): Save
D/nofatclips(  239): Found widget: id=2131165220 (android.widget.Button@4066ace0): Cancel
D/nofatclips(  239): Found widget: id=2131165352 (org.wordpress.android.util.WPTitleBar@4066b5f8)
D/nofatclips(  239): Found widget: id=2131165195 (android.widget.RelativeLayout@405d5308)
D/nofatclips(  239): Found widget: id=2131165196 (android.widget.RelativeLayout@406290c8)
D/nofatclips(  239): Found widget: id=2131165197 (android.widget.ImageView@4063bf18)
D/nofatclips(  239): Found widget: id=2131165198 (android.widget.TextView@4063c378): Katie's Sweet Testing Blog
D/nofatclips(  239): Found widget: id=2131165199 (android.widget.ImageView@406615a0)
D/nofatclips(  239): Found widget: id=-1 (android.widget.RelativeLayout@40661870)
D/nofatclips(  239): Found widget: id=2131165200 (android.widget.ImageButton@40661c40)
D/nofatclips(  239): Found widget: id=-1 (android.widget.FrameLayout@406d35f0)
D/nofatclips(  239): Found widget: id=2131165201 (android.widget.Button@405f5310): 
D/nofatclips(  239): Found widget: id=2131165202 (android.widget.ImageView@405f5ba0)
D/nofatclips(  239): Found widget: id=2131165203 (android.widget.ImageView@405f5f50)
D/nofatclips(  239): Found widget: id=2131165204 (android.widget.LinearLayout@406dc860)
D/nofatclips(  239): Found widget: id=-1 (android.widget.FrameLayout@4063df38)
D/nofatclips(  239): Found widget: id=-1 (android.widget.LinearLayout@4063e5c8)
D/nofatclips(  239): Found widget: id=-1 (android.widget.LinearLayout@4063eae0)
D/nofatclips(  239): Found widget: id=-1 (android.widget.LinearLayout@4063ed00)
D/nofatclips(  239): Found widget: id=2131165251 (android.widget.LinearLayout@406419f8)
D/nofatclips(  239): Found widget: id=-1 (android.widget.ImageView@40642470)
D/nofatclips(  239): Found widget: id=-1 (android.widget.TextView@40672590): New Post
D/nofatclips(  239): Found widget: id=2131165252 (android.widget.LinearLayout@40672fa8)
D/nofatclips(  239): Found widget: id=-1 (android.widget.ImageView@4061a2e0)
D/nofatclips(  239): Found widget: id=-1 (android.widget.TextView@4061a430): Quick Photo
D/nofatclips(  239): Found widget: id=-1 (android.widget.LinearLayout@4061a8a0)
D/nofatclips(  239): Found widget: id=2131165253 (android.widget.LinearLayout@4061aac0)
D/nofatclips(  239): Found widget: id=-1 (android.widget.ImageView@4066e940)
D/nofatclips(  239): Found widget: id=-1 (android.widget.TextView@4066eb48): New Page
D/nofatclips(  239): Found widget: id=2131165254 (android.widget.LinearLayout@4066efd8)
D/nofatclips(  239): Found widget: id=-1 (android.widget.ImageView@4066f6e8)
D/nofatclips(  239): Found widget: id=-1 (android.widget.TextView@4066f910): Quick Video
D/nofatclips(  239): Found widget: id=-1 (android.widget.LinearLayout@406baf08)
D/nofatclips(  239): Found widget: id=-1 (android.widget.LinearLayout@406bb128)
D/nofatclips(  239): Found widget: id=2131165255 (android.widget.LinearLayout@406bb348)
D/nofatclips(  239): Found widget: id=-1 (android.widget.ImageView@406bbd78)
D/nofatclips(  239): Found widget: id=2131165256 (android.widget.TextView@4063fa30): Posts
D/nofatclips(  239): Found widget: id=2131165257 (android.widget.LinearLayout@4063fec0)
D/nofatclips(  239): Found widget: id=-1 (android.widget.ImageView@406408f0)
D/nofatclips(  239): Found widget: id=2131165256 (android.widget.TextView@4065ac10): Pages
D/nofatclips(  239): Found widget: id=-1 (android.widget.FrameLayout@4065ae80)
D/nofatclips(  239): Found widget: id=2131165258 (android.widget.LinearLayout@4065b0e8)
D/nofatclips(  239): Found widget: id=-1 (android.widget.ImageView@4065bb18)
D/nofatclips(  239): Found widget: id=2131165256 (android.widget.TextView@4065bd40): Comments
D/nofatclips(  239): Found widget: id=2131165259 (android.widget.FrameLayout@405c9338)
D/nofatclips(  239): Found widget: id=2131165260 (android.widget.ImageView@405c95a0)
D/nofatclips(  239): Found widget: id=2131165261 (org.wordpress.android.util.CommentBadgeTextView@405c9860): 0
D/nofatclips(  239): Found widget: id=-1 (android.widget.LinearLayout@405c9d10)
D/nofatclips(  239): Found widget: id=2131165262 (android.widget.LinearLayout@405c9f30)
D/nofatclips(  239): Found widget: id=-1 (android.widget.ImageView@405d1878)
D/nofatclips(  239): Found widget: id=2131165256 (android.widget.TextView@405d1aa0): Settings
D/nofatclips(  239): Found widget: id=2131165263 (android.widget.LinearLayout@405d1f30)
D/nofatclips(  239): Found widget: id=-1 (android.widget.ImageView@405d2640)
D/nofatclips(  239): Found widget: id=2131165256 (android.widget.TextView@405d2868): Read
D/nofatclips(  239): Found widget: id=2131165264 (android.widget.LinearLayout@406d57b8)
D/nofatclips(  239): Found widget: id=-1 (android.widget.ImageView@406d5ec8)
D/nofatclips(  239): Found widget: id=2131165256 (android.widget.TextView@406d60f0): Stats
D/nofatclips(  239): Found widget: id=-1 (com.android.internal.policy.impl.PhoneWindow$DecorView@40593b88)
D/dalvikvm(  239): GC_CONCURRENT freed 674K, 52% free 3457K/7111K, external 2258K/2599K, paused 7ms+9ms
V/nicola  (  239): TextualID : l_section1
V/nicola  (  239): ContentType detected : default
V/nicola  (  239): TextualID : l_username
V/nicola  (  239): ContentType detected : default
V/ReflectionHelper(  239): android.widget.EditText > mOnFocusChangeListener FOUND | NOT ACTIVE
V/nicola  (  239): TextualID : username
V/nicola  (  239): ContentType detected : default
V/nicola  (  239): TextualID : l_password
V/nicola  (  239): ContentType detected : default
V/ReflectionHelper(  239): android.widget.EditText > mOnFocusChangeListener FOUND | NOT ACTIVE
V/nicola  (  239): TextualID : password
V/nicola  (  239): ContentType detected : default
V/nicola  (  239): TextualID : l_username
V/nicola  (  239): ContentType detected : default
V/nicola  (  239): TextualID : l_section2
V/nicola  (  239): ContentType detected : default
V/nicola  (  239): TextualID : l_maxImageWidth
V/nicola  (  239): ContentType detected : default
V/nicola  (  239): TextualID : null
V/nicola  (  239): ContentType detected : default
V/nicola  (  239): TextualID : fullSizeImage
V/nicola  (  239): ContentType detected : default
V/nicola  (  239): TextualID : l_section3
V/nicola  (  239): ContentType detected : default
V/nicola  (  239): TextualID : location
V/nicola  (  239): ContentType detected : default
V/nicola  (  239): TextualID : save
V/nicola  (  239): ContentType detected : default
V/nicola  (  239): TextualID : cancel
V/nicola  (  239): ContentType detected : default
V/nicola  (  239): TextualID : blog_title
V/nicola  (  239): ContentType detected : default
V/nicola  (  239): TextualID : action_refresh
V/nicola  (  239): ContentType detected : default
I/nofatclips(  239): Performing comparation for activity Settings
D/nofatclips(  239): Comparing against activity Dashboard
D/nofatclips(  239): Comparing against activity Dashboard
I/nofatclips(  239): Registering activity Settings (id: a3) as a new found state
D/nofatclips(  239): Performing backup of the old activity list on disk
D/nofatclips(  239): Saving new found state 'a3' on disk
V/nofatclips(  239): Opening state file in append mode.
D/dalvikvm(  239): GC_EXTERNAL_ALLOC freed 478K, 52% free 3420K/7111K, external 2258K/2599K, paused 89ms
D/dalvikvm(  239): GC_EXTERNAL_ALLOC freed 17K, 53% free 3404K/7111K, external 3458K/3569K, paused 71ms
I/nofatclips(  239): Saved image on disk: a3.jpg
I/nofatclips(  239): Waiting for 100 msec.
I/nofatclips(  239): Session count is 1. Will dump to disk at 1
I/nofatclips(  239): Saving the session on disk.
I/nofatclips(  239): Planning for new Activity Settings
D/nofatclips(  239): Handling event selectSpinnerItem for items [1,11] on spinner #2131165348 count=11
D/nofatclips(  239): Handling input 'writeText' on widget id=2131165215 type=editText name=
V/nofatclips(  239): Using value: 27
D/nofatclips(  239): Handling input 'writeText' on widget id=2131165217 type=editText name=
V/nofatclips(  239): Using value: 29
D/nofatclips(  239): Handling input 'writeText' on widget id=2131165215 type=editText name=
V/nofatclips(  239): Using value: 27
D/nofatclips(  239): Handling input 'writeText' on widget id=2131165217 type=editText name=
V/nofatclips(  239): Using value: 29
D/nofatclips(  239): Handling input 'writeText' on widget id=2131165215 type=editText name=
V/nofatclips(  239): Using value: 27
D/nofatclips(  239): Handling input 'writeText' on widget id=2131165217 type=editText name=
V/nofatclips(  239): Using value: 29
D/nofatclips(  239): Handling input 'writeText' on widget id=2131165215 type=editText name=
V/nofatclips(  239): Using value: 27
D/nofatclips(  239): Handling input 'writeText' on widget id=2131165217 type=editText name=
V/nofatclips(  239): Using value: 29
D/nofatclips(  239): Handling input 'writeText' on widget id=2131165215 type=editText name=
V/nofatclips(  239): Using value: 27
D/nofatclips(  239): Handling input 'writeText' on widget id=2131165217 type=editText name=
V/nofatclips(  239): Using value: 29
D/nofatclips(  239): Handling input 'writeText' on widget id=2131165215 type=editText name=
V/nofatclips(  239): Using value: 27
D/nofatclips(  239): Handling input 'writeText' on widget id=2131165217 type=editText name=
V/nofatclips(  239): Using value: 29
D/nofatclips(  239): Handling input 'writeText' on widget id=2131165215 type=editText name=
V/nofatclips(  239): Using value: 27
D/nofatclips(  239): Handling input 'writeText' on widget id=2131165217 type=editText name=
V/nofatclips(  239): Using value: 29
D/nofatclips(  239): Handling input 'writeText' on widget id=2131165215 type=editText name=
V/nofatclips(  239): Using value: 27
D/nofatclips(  239): Handling input 'writeText' on widget id=2131165217 type=editText name=
V/nofatclips(  239): Using value: 29
D/nofatclips(  239): Handling input 'writeText' on widget id=2131165215 type=editText name=
V/nofatclips(  239): Using value: 27
D/nofatclips(  239): Handling input 'writeText' on widget id=2131165217 type=editText name=
V/nofatclips(  239): Using value: 29
D/nofatclips(  239): Handling input 'writeText' on widget id=2131165215 type=editText name=
V/nofatclips(  239): Using value: 27
D/nofatclips(  239): Handling input 'writeText' on widget id=2131165217 type=editText name=
V/nofatclips(  239): Using value: 29
D/nofatclips(  239): Handling input 'writeText' on widget id=2131165215 type=editText name=
V/nofatclips(  239): Using value: 27
D/nofatclips(  239): Handling input 'writeText' on widget id=2131165217 type=editText name=
V/nofatclips(  239): Using value: 29
D/nofatclips(  239): Handling event 'click' on widget id=2131165349 type=check name=Upload and link to full image
D/nofatclips(  239): Handling input 'writeText' on widget id=2131165215 type=editText name=
V/nofatclips(  239): Using value: 27
D/nofatclips(  239): Handling input 'writeText' on widget id=2131165217 type=editText name=
V/nofatclips(  239): Using value: 29
D/nofatclips(  239): Handling event 'click' on widget id=2131165351 type=check name=Geotag Posts
D/nofatclips(  239): Handling input 'writeText' on widget id=2131165215 type=editText name=
V/nofatclips(  239): Using value: 27
D/nofatclips(  239): Handling input 'writeText' on widget id=2131165217 type=editText name=
V/nofatclips(  239): Using value: 29
D/nofatclips(  239): Handling event 'click' on widget id=2131165219 type=button name=Save
D/nofatclips(  239): Handling input 'writeText' on widget id=2131165215 type=editText name=
V/nofatclips(  239): Using value: 27
D/nofatclips(  239): Handling input 'writeText' on widget id=2131165217 type=editText name=
V/nofatclips(  239): Using value: 29
D/nofatclips(  239): Handling event 'click' on widget id=2131165220 type=button name=Cancel
D/nofatclips(  239): Handling input 'writeText' on widget id=2131165215 type=editText name=
V/nofatclips(  239): Using value: 27
D/nofatclips(  239): Handling input 'writeText' on widget id=2131165217 type=editText name=
V/nofatclips(  239): Using value: 29
D/dalvikvm(  239): GC_CONCURRENT freed 1033K, 51% free 3536K/7175K, external 3458K/4318K, paused 4ms+4ms
D/nofatclips(  239): Handling event 'click' on widget id=2131165200 type=button name=
D/nofatclips(  239): Handling input 'writeText' on widget id=2131165215 type=editText name=
V/nofatclips(  239): Using value: 27
D/nofatclips(  239): Handling input 'writeText' on widget id=2131165217 type=editText name=
V/nofatclips(  239): Using value: 29
I/nofatclips(  239): Created trace to press the back button
I/nofatclips(  239): Created trace to press the menu button
I/nofatclips(  239): Created trace to change orientation
I/nofatclips(  239): Check for termination: 98 steps left of 100
I/nofatclips(  239): Dispatching new task. 2 more tasks remaining.
D/nofatclips(  239): Performing backup of the old task list on disk
D/nofatclips(  239): Saving task list on disk
V/nofatclips(  239): Backing up trace #34 to disk.
V/nofatclips(  239): Backing up trace #35 to disk.
D/nofatclips(  239): Deleting backup of the old task list from disk
D/nofatclips(  239): Deleting backup of the old activity list from disk
I/nofatclips(  239): Incrementally Playing Trace 35
D/nofatclips(  239): Setting input: type= writeText id=2131165215 value=27
D/nofatclips(  239): Added to return list id=2131165215
I/nofatclips(  239): Retrieved from return list id=2131165215
D/nofatclips(  239): Testing for type (android.widget.EditText) against the original (android.widget.EditText)
D/nofatclips(  239): Testing for name () against the original ()
W/KeyCharacterMap(  239): No keyboard for id 0
W/KeyCharacterMap(  239): Using default keymap: /system/usr/keychars/qwerty.kcm.bin
D/nofatclips(  239): Setting input: type= writeText id=2131165217 value=29
D/nofatclips(  239): Added to return list id=2131165217
I/nofatclips(  239): Retrieved from return list id=2131165217
D/nofatclips(  239): Testing for type (android.widget.EditText) against the original (android.widget.EditText)
D/nofatclips(  239): Testing for name () against the original ()
D/dalvikvm(  239): GC_CONCURRENT freed 1572K, 56% free 3429K/7623K, external 2858K/3569K, paused 14ms+14ms
I/nofatclips(  239): Retrieved from return list id=2131165348
D/nofatclips(  239): Testing for type (android.widget.Spinner) against the original (android.widget.Spinner)
D/nofatclips(  239): Testing for name () against the original ()
I/nofatclips(  239): Firing event: type= selectSpinnerItem index=18 widget=android.widget.Spinner
I/nofatclips(  239): Clicking the spinner view
D/nofatclips(  239): Event description: 500
I/nofatclips(  239): Swapping to listview item 8
W/KeyCharacterMap(  239): No keyboard for id 0
W/KeyCharacterMap(  239): Using default keymap: /system/usr/keychars/qwerty.kcm.bin
D/nofatclips(  239): Event description: 800
I/nofatclips(  239): Waiting for 100 msec.
W/InputManagerService(   61): Window already focused, ignoring focus gain of: com.android.internal.view.IInputMethodClient$Stub$Proxy@4059faa8
I/nofatclips(  239): Current activity is Settings
I/nofatclips(  239): Retrieving widgets
D/nofatclips(  239): Found widget: id=16908290 (android.widget.FrameLayout@40538278)
D/nofatclips(  239): Found widget: id=2131165343 (android.widget.RelativeLayout@405adf88)
D/nofatclips(  239): Found widget: id=-1 (android.widget.ScrollView@40556158)
D/nofatclips(  239): Found widget: id=2131165207 (android.widget.RelativeLayout@40556300)
D/nofatclips(  239): Found widget: id=2131165209 (android.widget.RelativeLayout@40556458)
D/nofatclips(  239): Found widget: id=2131165210 (android.widget.TextView@405565b0): Account Details
D/nofatclips(  239): Found widget: id=2131165214 (android.widget.TextView@406df4a8): Username:
D/nofatclips(  239): Found widget: id=2131165215 (android.widget.EditText@40640dd0): 27
D/nofatclips(  239): Found widget: id=2131165216 (android.widget.TextView@40626bf0): Password:
D/nofatclips(  239): Found widget: id=2131165217 (android.widget.EditText@40627110): 29
D/nofatclips(  239): Found widget: id=2131165214 (android.widget.TextView@405c2230): Username:
D/nofatclips(  239): Found widget: id=2131165223 (android.widget.TextView@405ca7e0): HTTP Username (optional):
D/nofatclips(  239): Found widget: id=2131165224 (android.widget.EditText@405cad40): 
D/nofatclips(  239): Found widget: id=2131165225 (android.widget.TextView@405cd330): HTTP Password (optional):
D/nofatclips(  239): Found widget: id=2131165226 (android.widget.EditText@405cd890): 
D/nofatclips(  239): Found widget: id=2131165288 (android.widget.RelativeLayout@406d5130)
D/nofatclips(  239): Found widget: id=2131165346 (android.widget.TextView@4061e040): Media
D/nofatclips(  239): Found widget: id=2131165347 (android.widget.TextView@405b77a0): Default image width
D/nofatclips(  239): Found widget: id=2131165348 (android.widget.Spinner@405b7e18)
D/nofatclips(  239): Found widget: id=16908308 (android.widget.TextView@4064ffe8): 800
D/nofatclips(  239): Found widget: id=2131165349 (android.widget.CheckBox@4063dbe0): Upload and link to full image
D/nofatclips(  239): Found widget: id=2131165266 (android.widget.RelativeLayout@406ce450)
D/nofatclips(  239): Found widget: id=2131165350 (android.widget.TextView@406ce860): Location
D/nofatclips(  239): Found widget: id=2131165351 (android.widget.CheckBox@40642a70): Geotag Posts
D/nofatclips(  239): Found widget: id=2131165219 (android.widget.Button@40627778): Save
D/nofatclips(  239): Found widget: id=2131165220 (android.widget.Button@4066ace0): Cancel
D/nofatclips(  239): Found widget: id=2131165352 (org.wordpress.android.util.WPTitleBar@4066b5f8)
D/nofatclips(  239): Found widget: id=2131165195 (android.widget.RelativeLayout@405d5308)
D/nofatclips(  239): Found widget: id=2131165196 (android.widget.RelativeLayout@406290c8)
D/nofatclips(  239): Found widget: id=2131165197 (android.widget.ImageView@4063bf18)
D/nofatclips(  239): Found widget: id=2131165198 (android.widget.TextView@4063c378): Katie's Sweet Testing Blog
D/nofatclips(  239): Found widget: id=2131165199 (android.widget.ImageView@406615a0)
D/nofatclips(  239): Found widget: id=-1 (android.widget.RelativeLayout@40661870)
D/nofatclips(  239): Found widget: id=2131165200 (android.widget.ImageButton@40661c40)
D/nofatclips(  239): Found widget: id=-1 (android.widget.FrameLayout@406d35f0)
D/nofatclips(  239): Found widget: id=2131165201 (android.widget.Button@405f5310): 
D/nofatclips(  239): Found widget: id=2131165202 (android.widget.ImageView@405f5ba0)
D/nofatclips(  239): Found widget: id=2131165203 (android.widget.ImageView@405f5f50)
D/nofatclips(  239): Found widget: id=2131165204 (android.widget.LinearLayout@406dc860)
D/nofatclips(  239): Found widget: id=-1 (android.widget.FrameLayout@4063df38)
D/nofatclips(  239): Found widget: id=-1 (android.widget.LinearLayout@4063e5c8)
D/nofatclips(  239): Found widget: id=-1 (android.widget.LinearLayout@4063eae0)
D/nofatclips(  239): Found widget: id=-1 (android.widget.LinearLayout@4063ed00)
D/nofatclips(  239): Found widget: id=2131165251 (android.widget.LinearLayout@406419f8)
D/nofatclips(  239): Found widget: id=-1 (android.widget.ImageView@40642470)
D/nofatclips(  239): Found widget: id=-1 (android.widget.TextView@40672590): New Post
D/nofatclips(  239): Found widget: id=2131165252 (android.widget.LinearLayout@40672fa8)
D/nofatclips(  239): Found widget: id=-1 (android.widget.ImageView@4061a2e0)
D/nofatclips(  239): Found widget: id=-1 (android.widget.TextView@4061a430): Quick Photo
D/nofatclips(  239): Found widget: id=-1 (android.widget.LinearLayout@4061a8a0)
D/nofatclips(  239): Found widget: id=2131165253 (android.widget.LinearLayout@4061aac0)
D/nofatclips(  239): Found widget: id=-1 (android.widget.ImageView@4066e940)
D/nofatclips(  239): Found widget: id=-1 (android.widget.TextView@4066eb48): New Page
D/nofatclips(  239): Found widget: id=2131165254 (android.widget.LinearLayout@4066efd8)
D/nofatclips(  239): Found widget: id=-1 (android.widget.ImageView@4066f6e8)
D/nofatclips(  239): Found widget: id=-1 (android.widget.TextView@4066f910): Quick Video
D/nofatclips(  239): Found widget: id=-1 (android.widget.LinearLayout@406baf08)
D/nofatclips(  239): Found widget: id=-1 (android.widget.LinearLayout@406bb128)
D/nofatclips(  239): Found widget: id=2131165255 (android.widget.LinearLayout@406bb348)
D/nofatclips(  239): Found widget: id=-1 (android.widget.ImageView@406bbd78)
D/nofatclips(  239): Found widget: id=2131165256 (android.widget.TextView@4063fa30): Posts
D/nofatclips(  239): Found widget: id=2131165257 (android.widget.LinearLayout@4063fec0)
D/nofatclips(  239): Found widget: id=-1 (android.widget.ImageView@406408f0)
D/nofatclips(  239): Found widget: id=2131165256 (android.widget.TextView@4065ac10): Pages
D/nofatclips(  239): Found widget: id=-1 (android.widget.FrameLayout@4065ae80)
D/nofatclips(  239): Found widget: id=2131165258 (android.widget.LinearLayout@4065b0e8)
D/nofatclips(  239): Found widget: id=-1 (android.widget.ImageView@4065bb18)
D/nofatclips(  239): Found widget: id=2131165256 (android.widget.TextView@4065bd40): Comments
D/nofatclips(  239): Found widget: id=2131165259 (android.widget.FrameLayout@405c9338)
D/nofatclips(  239): Found widget: id=2131165260 (android.widget.ImageView@405c95a0)
D/nofatclips(  239): Found widget: id=2131165261 (org.wordpress.android.util.CommentBadgeTextView@405c9860): 0
D/nofatclips(  239): Found widget: id=-1 (android.widget.LinearLayout@405c9d10)
D/nofatclips(  239): Found widget: id=2131165262 (android.widget.LinearLayout@405c9f30)
D/nofatclips(  239): Found widget: id=-1 (android.widget.ImageView@405d1878)
