I/BackupManagerService(   61):   com.android.providers.settings
I/BackupManagerService(   61): Backup enabled => true
I/SystemServer(   61): AppWidget Service
I/SystemServer(   61): Recognition Service
I/SystemServer(   61): DiskStats Service
I/WindowManager(   61): SAFE MODE not enabled
D/dalvikvm(   61): JIT started for system_server
D/PowerManagerService(   61): system ready!
I/ActivityManager(   61): System now ready
I/SystemServer(   61): Making services ready
I/StatusBarManagerService(   61): Starting service: ComponentInfo{com.android.systemui/com.android.systemui.statusbar.StatusBarService}
I/Zygote  (   61): Process: zygote socket opened
I/ActivityManager(   61): Start proc com.android.systemui for service com.android.systemui/.statusbar.StatusBarService: pid=107 uid=1000 gids={3002, 3001, 3003}
I/ActivityManager(   61): Config changed: { scale=1.0 imsi=0/0 loc=en_US touch=0 keys=0/0/0 nav=0/0 orien=0 layout=0 uiMode=17 seq=2}
I/ActivityManager(   61): Config changed: { scale=1.0 imsi=0/0 loc=en_US touch=3 keys=2/1/2 nav=1/1 orien=1 layout=18 uiMode=17 seq=3}
W/RecognitionManagerService(   61): no available voice recognition services found
I/ActivityManager(   61): Start proc jp.co.omronsoft.openwnn for service jp.co.omronsoft.openwnn/.OpenWnnJAJP: pid=115 uid=10004 gids={}
W/GpsLocationProvider(   61): Could not open GPS configuration file /etc/gps.conf
D/NetworkManagmentService(   61): Registering observer
E/ThrottleService(   61): Could not open GPS configuration file /etc/gps.conf
I/ActivityManager(   61): Start proc com.android.phone for added application com.android.phone: pid=122 uid=1001 gids={3002, 3001, 3003, 1015}
I/ActivityManager(   61): Start proc com.android.systemui for added application com.android.systemui: pid=123 uid=1000 gids={3002, 3001, 3003}
I/ActivityManager(   61): Starting: Intent { act=android.intent.action.MAIN cat=[android.intent.category.HOME] flg=0x10000000 cmp=com.android.launcher/com.android.launcher2.Launcher } from pid 0
I/ActivityManager(   61): Start proc com.android.launcher for activity com.android.launcher/com.android.launcher2.Launcher: pid=135 uid=10013 gids={}
W/ActivityManager(   61): Unable to start service Intent { act=@0 }: not found
W/ActivityManager(   61): Unable to start service Intent { act=@0 }: not found
W/ActivityManager(   61): No pending application record for pid 107 (IApplicationThread android.app.ApplicationThreadProxy@405dd0c0); dropping process
I/Process (   61): Sending signal. PID: 107 SIG: 9
I/ActivityManager(   61): Start proc com.android.settings for broadcast com.android.settings/.widget.SettingsAppWidgetProvider: pid=136 uid=1000 gids={3002, 3001, 3003}
I/SystemServer(   61): Enabled StrictMode for system server main thread.
D/qemud   (   38): fdhandler_accept_event: accepting on fd 9
D/qemud   (   38): created client 0x13f38 listening on fd 12
D/qemud   (   38): client_fd_receive: attempting registration for service 'gps'
D/qemud   (   38): client_fd_receive:    -> received channel id 4
D/dalvikvm(   61): GC_EXTERNAL_ALLOC freed 159K, 42% free 3921K/6727K, external 1035K/1038K, paused 49ms
D/qemud   (   38): client_registration: registration succeeded for client 4
E/logwrapper(  163): executing /system/bin/tc failed: No such file or directory
I/logwrapper(   30): /system/bin/tc terminated by exit(1)
E/logwrapper(  164): executing /system/bin/tc failed: No such file or directory
I/logwrapper(   30): /system/bin/tc terminated by exit(1)
E/logwrapper(  165): executing /system/bin/tc failed: No such file or directory
I/logwrapper(   30): /system/bin/tc terminated by exit(1)
D/dalvikvm(  115): GC_CONCURRENT freed 396K, 54% free 2649K/5639K, external 716K/1038K, paused 23ms+14ms
D/dalvikvm(  136): GC_CONCURRENT freed 406K, 54% free 2638K/5639K, external 716K/1038K, paused 3ms+24ms
D/dalvikvm(  122): GC_CONCURRENT freed 403K, 54% free 2641K/5639K, external 716K/1038K, paused 3ms+12ms
D/dalvikvm(  123): GC_CONCURRENT freed 409K, 54% free 2635K/5639K, external 716K/1038K, paused 3ms+54ms
D/dalvikvm(  135): GC_CONCURRENT freed 405K, 54% free 2639K/5639K, external 716K/1038K, paused 3ms+57ms
I/ActivityThread(  135): Pub com.android.launcher2.settings: com.android.launcher2.LauncherProvider
D/dalvikvm(   61): GREF has increased to 201
I/ActivityThread(  122): Pub mms: com.android.providers.telephony.MmsProvider
D/dalvikvm(  115): No JNI_OnLoad found in /system/lib/libwnndict.so 0x40512cf0, skipping init
I/ActivityThread(  122): Pub sms: com.android.providers.telephony.SmsProvider
I/ActivityThread(  122): Pub telephony: com.android.providers.telephony.TelephonyProvider
I/ActivityThread(  122): Pub icc: com.android.phone.IccProvider
I/ActivityThread(  122): Pub mms-sms: com.android.providers.telephony.MmsSmsProvider
D/dalvikvm(  115): GC_CONCURRENT freed 211K, 50% free 2912K/5767K, external 716K/1038K, paused 3ms+19ms
D/dalvikvm(   61): GC_EXTERNAL_ALLOC freed 223K, 42% free 3986K/6855K, external 1552K/1567K, paused 144ms
I/StatusBarManagerService(   61): registerStatusBar bar=com.android.internal.statusbar.IStatusBar$Stub$Proxy@406b1810
D/VoldCmdListener(   29): share status ums
D/StorageNotification(  123): Startup with UMS connection false (media state unmounted)
I/StorageNotification(  123): UMS connection changed to false (media state unmounted)
D/dalvikvm(  115): GC_CONCURRENT freed 434K, 50% free 3047K/6087K, external 716K/1038K, paused 3ms+24ms
D/CallManager(  122): registerPhone(GSM Handler{4055eb30})
I/ActivityManager(   61): Start proc android.process.acore for content provider com.android.providers.contacts/.CallLogProvider: pid=177 uid=10006 gids={3003, 1015}
W/ActivityManager(   61): Unable to start service Intent { act=com.android.ussd.IExtendedNetworkService }: not found
D/dalvikvm(   61): GC_EXTERNAL_ALLOC freed 196K, 42% free 4049K/6919K, external 1872K/2044K, paused 166ms
I/TelephonyRegistry(   61): notifyServiceState: 3 home null null null  Unknown CSS not supported -1 -1RoamInd: -1DefRoamInd: -1EmergOnly: false
D/AlarmManagerService(   61): Kernel timezone updated to 0 minutes west of GMT
D/SystemClock(  122): Setting time of day to sec=1406578300
I/ActivityManager(   61): Start proc com.android.deskclock for broadcast com.android.deskclock/.AlarmInitReceiver: pid=187 uid=10019 gids={}
W/SystemClock(  122): Unable to set rtc to 1406578300: Invalid argument
I/TelephonyRegistry(   61): notifyDataConnection: state=0 isDataConnectivityPossible=false reason=radioTurnedOff interfaceName=null networkType=0
I/TelephonyRegistry(   61): notifyDataConnection: state=0 isDataConnectivityPossible=false reason=gprsDetached interfaceName=null networkType=0
D/dalvikvm(  135): GC_EXTERNAL_ALLOC freed 51K, 53% free 2701K/5639K, external 1032K/1038K, paused 285ms
I/ActivityThread(  177): Pub com.android.social: com.android.providers.contacts.SocialProvider
I/ActivityThread(  177): Pub applications: com.android.providers.applications.ApplicationsProvider
I/TelephonyRegistry(   61): notifyServiceState: 0 home Android Android 310260  UMTS CSS not supported -1 -1RoamInd: -1DefRoamInd: -1EmergOnly: false
I/TelephonyRegistry(   61): notifyDataConnection: state=0 isDataConnectivityPossible=false reason=null interfaceName=null networkType=3
D/dalvikvm(  122): GC_CONCURRENT freed 191K, 50% free 2934K/5767K, external 716K/1038K, paused 3ms+36ms
D/dalvikvm(  177): GC_CONCURRENT freed 406K, 54% free 2612K/5639K, external 716K/1038K, paused 4ms+41ms
D/MccTable(  122): updateMccMncConfiguration: mcc=310, mnc=260
D/MccTable(  122): locale set to en_us
D/MccTable(  122): WIFI_NUM_ALLOWED_CHANNELS set to 11
I/WifiService(   61): WifiService trying to setNumAllowed to 11 with persist set to true
I/ActivityManager(   61): Config changed: { scale=1.0 imsi=310/260 loc=en_US touch=3 keys=2/1/2 nav=1/1 orien=1 layout=18 uiMode=17 seq=4}
I/TelephonyRegistry(   61): notifyMessageWaitingChanged: false
I/TelephonyRegistry(   61): notifyCallForwardingChanged: false
I/ActivityThread(  177): Pub contacts;com.android.contacts: com.android.providers.contacts.ContactsProvider2
I/ActivityThread(  187): Pub com.android.deskclock: com.android.deskclock.AlarmProvider
D/dalvikvm(   61): GC_CONCURRENT freed 269K, 42% free 4105K/6983K, external 1865K/3065K, paused 3ms+14ms
D/dalvikvm(  187): GC_CONCURRENT freed 369K, 54% free 2610K/5575K, external 716K/1038K, paused 3ms+22ms
D/TelephonyProvider(  122): Setting numeric '310260' to be the current operator
I/TelephonyRegistry(   61): notifyDataConnection: state=1 isDataConnectivityPossible=true reason=simLoaded interfaceName=null networkType=3
I/TelephonyRegistry(   61): notifyDataConnection: state=2 isDataConnectivityPossible=true reason=simLoaded interfaceName=/dev/omap_csmi_tty1 networkType=3
D/Tethering(   61): MasterInitialState.processMessage what=3
D/SntpClient(   61): request time failed: java.net.SocketException: Address family not supported by protocol
I/ActivityManager(   61): Start proc com.android.protips for broadcast com.android.protips/.ProtipWidget: pid=202 uid=10024 gids={}
D/dalvikvm(  135): GC_EXTERNAL_ALLOC freed 59K, 51% free 2764K/5639K, external 1567K/1572K, paused 229ms
D/dalvikvm(   33): GC_EXPLICIT freed 10K, 53% free 2538K/5379K, external 716K/1038K, paused 140ms
D/dalvikvm(   33): GC_EXPLICIT freed <1K, 53% free 2538K/5379K, external 716K/1038K, paused 138ms
D/dalvikvm(   33): GC_EXPLICIT freed <1K, 53% free 2538K/5379K, external 716K/1038K, paused 196ms
I/ActivityManager(   61): Start proc com.android.music for broadcast com.android.music/.MediaAppWidgetProvider: pid=211 uid=10005 gids={3003, 1015}
I/ActivityThread(  177): Pub call_log: com.android.providers.contacts.CallLogProvider
I/ActivityThread(  177): Pub user_dictionary: com.android.providers.userdictionary.UserDictionaryProvider
D/dalvikvm(  135): GC_EXTERNAL_ALLOC freed 47K, 51% free 2789K/5639K, external 2079K/2085K, paused 74ms
I/ActivityManager(   61): Start proc com.android.quicksearchbox for broadcast com.android.quicksearchbox/.SearchWidgetProvider: pid=220 uid=10002 gids={3003}
D/dalvikvm(  135): GC_EXPLICIT freed 23K, 51% free 2806K/5639K, external 2387K/2620K, paused 126ms
D/dalvikvm(   61): GREF has increased to 301
I/ActivityThread(  220): Pub com.android.quicksearchbox.google: com.android.quicksearchbox.google.GoogleSuggestionProvider
I/ActivityThread(  220): Pub com.android.quicksearchbox.shortcuts: com.android.quicksearchbox.ShortcutsProvider
I/ActivityManager(   61): Start proc android.process.media for broadcast com.android.providers.downloads/.DownloadReceiver: pid=230 uid=10000 gids={1015, 1006, 2001, 3003}
I/ActivityThread(  230): Pub media: com.android.providers.media.MediaProvider
V/MediaProvider(  230): Attached volume: internal
I/ActivityThread(  230): Pub downloads: com.android.providers.downloads.DownloadProvider
I/ActivityThread(  230): Pub drm: com.android.providers.drm.DrmProvider
D/dalvikvm(  135): GC_EXTERNAL_ALLOC freed 139K, 49% free 2986K/5767K, external 2618K/2620K, paused 51ms
I/SurfaceFlinger(   61): Boot is finished (10250 ms)
D/PowerManagerService(   61): bootCompleted
D/OtaStartupReceiver(  122): Not a CDMA phone, no need to process OTA
I/ARMAssembler(   61): generated scanline__00000177:03010104_00000002_00000000 [ 44 ipp] (66 ins) at [0x46efd290:0x46efd398] in 625228 ns
I/ARMAssembler(   61): generated scanline__00000177:03515104_00000001_00000000 [ 73 ipp] (95 ins) at [0x46efd3a0:0x46efd51c] in 508907 ns
D/VoldCmdListener(   29): volume mount /mnt/sdcard
I/Vold    (   29): /dev/block/vold/179:0 being considered for volume sdcard
D/Vold    (   29): Volume sdcard state changing 1 (Idle-Unmounted) -> 3 (Checking)
I/StorageNotification(  123): Media {/mnt/sdcard} state changed from {unmounted} -> {checking}
I//system/bin/fsck_msdos(   29): ** /dev/block/vold/179:0
I/RecoverySystem(   61): No recovery log file
I/ActivityManager(   61): Start proc com.android.mms for broadcast com.android.mms/.transaction.MmsSystemEventReceiver: pid=253 uid=10015 gids={3003, 1015}
I/ActivityThread(  253): Pub com.android.mms.SuggestionsProvider: com.android.mms.SuggestionsProvider
I/SearchManagerService(   61): Building list of searchable activities
D/AndroidRuntime(  257): 
D/AndroidRuntime(  257): >>>>>> AndroidRuntime START com.android.internal.os.RuntimeInit <<<<<<
D/AndroidRuntime(  257): CheckJNI is ON
I/ActivityManager(   61): Start proc com.android.email for broadcast com.android.email/.service.EmailBroadcastReceiver: pid=274 uid=10028 gids={3003, 1015}
I/InputReader(   61): Device reconfigured: id=0x0, name=qwerty2, display size is now 320x480
D/dalvikvm(   61): GC_EXPLICIT freed 683K, 45% free 4148K/7495K, external 1865K/3065K, paused 110ms
I/InputManager-Callbacks(   61): No virtual keys found for device qwerty2.
I/ARMAssembler(   61): generated scanline__00000177:03515104_00001001_00000000 [ 91 ipp] (114 ins) at [0x46efd520:0x46efd6e8] in 568779 ns
I/ActivityThread(  274): Pub com.android.email.provider: com.android.email.provider.EmailProvider
I/ActivityThread(  274): Pub com.android.email.attachmentprovider: com.android.email.provider.AttachmentProvider
I/ActivityThread(  274): Pub com.android.exchange.provider: com.android.exchange.provider.ExchangeProvider
I/ActivityManager(   61): Displayed com.android.launcher/com.android.launcher2.Launcher: +9s617ms
D/EAS SyncManager(  274): !!! EAS SyncManager, onCreate
D/AndroidRuntime(  257): Calling main entry com.android.commands.am.Am
I/ActivityManager(   61): Force stopping package org.wordpress.android uid=10034
I/ActivityManager(   61): Start proc org.wordpress.android for added application org.wordpress.android: pid=295 uid=10034 gids={3003, 1006, 1015}
D/szipinf (  295): Initializing inflate state
D/nofatclips(  295): Updating node 
D/nofatclips(  295): Loading node 
I/nofatclips(  295): Preferences file found.
V/nofatclips(  295): Updating value ACTIVITY_DESCRIPTION_IN_SESSION
V/nofatclips(  295): Updating value ADDITIONAL_CRITERIAS
V/nofatclips(  295): Updating value ADDITIONAL_EVENTS
V/nofatclips(  295): Updating value ADDITIONAL_INPUTS
V/nofatclips(  295): Updating value CLASS_NAME
D/nofatclips(  295): Updated value of parameter CLASS_NAME to org.wordpress.android.Dashboard (default = app.package.class)
V/nofatclips(  295): Updating value ENABLE_RESUME
V/nofatclips(  295): Updating value PACKAGE_NAME
D/nofatclips(  295): Updated value of parameter PACKAGE_NAME to org.wordpress.android (default = app.package)
V/nofatclips(  295): Updating value RANDOM_SEED
D/nofatclips(  295): Updated value of parameter RANDOM_SEED to 4046573991645331094 (default = 5466516511651561651)
V/nofatclips(  295): Updating value RETRY_FAILED_TRACES
V/nofatclips(  295): Updating value theClass
D/nofatclips(  295): Updating node scheduler
D/nofatclips(  295): Loading node scheduler
V/nofatclips(  295): Updating value ALL_EVENTS_ON_PREFERENCES
V/nofatclips(  295): Updating value BACK_BUTTON_EVENT
V/nofatclips(  295): Updating value DICTIONARY_FIXED_VALUE
V/nofatclips(  295): Updating value DICTIONARY_IGNORE_CONTENT_TYPES
V/nofatclips(  295): Updating value EMULATOR_PORT
V/nofatclips(  295): Updating value EVENTS
D/nofatclips(  295): Updated values of array parameter EVENTS
V/nofatclips(  295): Updating value EVENT_WHEN_NO_ID
V/nofatclips(  295): Updating value EXCLUDE_WIDGETS_INPUTS_IN_GPS_EVENTS
V/nofatclips(  295): Updating value EXCLUDE_WIDGETS_INPUTS_IN_SENSORS_EVENTS
V/nofatclips(  295): Updating value INPUTS
D/nofatclips(  295): Updated values of array parameter INPUTS
V/nofatclips(  295): Updating value KEY_EVENTS
V/nofatclips(  295): Updating value MAX_EVENTS_PER_WIDGET
V/nofatclips(  295): Updating value MAX_TASKS_IN_SCHEDULER
D/nofatclips(  295): Updated value of parameter MAX_TASKS_IN_SCHEDULER to 2 (default = 0)
V/nofatclips(  295): Updating value MAX_TASKS_PER_EVENT
V/nofatclips(  295): Updating value MENU_EVENTS
V/nofatclips(  295): Updating value ORIENTATION_EVENTS
V/nofatclips(  295): Updating value PLANNER
V/nofatclips(  295): Updating value REFLECT_ACTIVITY_LISTENERS
V/nofatclips(  295): Updating value REFLECT_WIDGETS
V/nofatclips(  295): Updating value SCHEDULER_ALGORITHM
D/nofatclips(  295): Updated value of parameter SCHEDULER_ALGORITHM to DEPTH_FIRST (default = BREADTH_FIRST)
V/nofatclips(  295): Updating value SCROLL_DOWN_EVENT
V/nofatclips(  295): Updating value SENSOR_TYPES
V/nofatclips(  295): Updating value SIMULATE_INCOMING_CALL
V/nofatclips(  295): Updating value SIMULATE_INCOMING_SMS
V/nofatclips(  295): Updating value TAB_EVENTS_START_ONLY
V/nofatclips(  295): Updating value TEST_LOCATION_PROVIDER
V/nofatclips(  295): Updating value TEXT_VALUES_FROM_DICTIONARY
V/nofatclips(  295): Updating value TEXT_VALUES_ID_HASH
V/nofatclips(  295): Updating value USE_GPS
V/nofatclips(  295): Updating value USE_SENSORS
D/nofatclips(  295): Updating node planner
D/nofatclips(  295): Loading node planner
V/nofatclips(  295): Updating value ALL_EVENTS_ON_PREFERENCES
V/nofatclips(  295): Updating value BACK_BUTTON_EVENT
V/nofatclips(  295): Updating value DICTIONARY_FIXED_VALUE
V/nofatclips(  295): Updating value DICTIONARY_IGNORE_CONTENT_TYPES
V/nofatclips(  295): Updating value EMULATOR_PORT
V/nofatclips(  295): Updating value EVENTS
D/nofatclips(  295): Updated values of array parameter EVENTS
V/nofatclips(  295): Updating value EVENT_WHEN_NO_ID
V/nofatclips(  295): Updating value EXCLUDE_WIDGETS_INPUTS_IN_GPS_EVENTS
V/nofatclips(  295): Updating value EXCLUDE_WIDGETS_INPUTS_IN_SENSORS_EVENTS
V/nofatclips(  295): Updating value INPUTS
D/nofatclips(  295): Updated values of array parameter INPUTS
V/nofatclips(  295): Updating value KEY_EVENTS
V/nofatclips(  295): Updating value MAX_EVENTS_PER_WIDGET
V/nofatclips(  295): Updating value MAX_TASKS_IN_SCHEDULER
V/nofatclips(  295): Updating value MAX_TASKS_PER_EVENT
V/nofatclips(  295): Updating value MENU_EVENTS
V/nofatclips(  295): Updating value ORIENTATION_EVENTS
V/nofatclips(  295): Updating value PLANNER
V/nofatclips(  295): Updating value REFLECT_ACTIVITY_LISTENERS
V/nofatclips(  295): Updating value REFLECT_WIDGETS
V/nofatclips(  295): Updating value SCHEDULER_ALGORITHM
V/nofatclips(  295): Updating value SCROLL_DOWN_EVENT
V/nofatclips(  295): Updating value SENSOR_TYPES
V/nofatclips(  295): Updating value SIMULATE_INCOMING_CALL
V/nofatclips(  295): Updating value SIMULATE_INCOMING_SMS
V/nofatclips(  295): Updating value TAB_EVENTS_START_ONLY
V/nofatclips(  295): Updating value TEST_LOCATION_PROVIDER
V/nofatclips(  295): Updating value TEXT_VALUES_FROM_DICTIONARY
V/nofatclips(  295): Updating value TEXT_VALUES_ID_HASH
D/nofatclips(  295): Updated value of parameter TEXT_VALUES_ID_HASH to true (default = false)
V/nofatclips(  295): Updating value USE_GPS
V/nofatclips(  295): Updating value USE_SENSORS
D/nofatclips(  295): Updating node interactions
D/nofatclips(  295): Loading node interactions
V/nofatclips(  295): Updating value ALL_EVENTS_ON_PREFERENCES
V/nofatclips(  295): Updating value BACK_BUTTON_EVENT
V/nofatclips(  295): Updating value DICTIONARY_FIXED_VALUE
V/nofatclips(  295): Updating value DICTIONARY_IGNORE_CONTENT_TYPES
V/nofatclips(  295): Updating value EMULATOR_PORT
V/nofatclips(  295): Updating value EVENTS
D/nofatclips(  295): Updated values of array parameter EVENTS
V/nofatclips(  295): Updating value EVENT_WHEN_NO_ID
V/nofatclips(  295): Updating value EXCLUDE_WIDGETS_INPUTS_IN_GPS_EVENTS
V/nofatclips(  295): Updating value EXCLUDE_WIDGETS_INPUTS_IN_SENSORS_EVENTS
V/nofatclips(  295): Updating value INPUTS
D/nofatclips(  295): Updated values of array parameter INPUTS
V/nofatclips(  295): Updating value KEY_EVENTS
V/nofatclips(  295): Updating value MAX_EVENTS_PER_WIDGET
V/nofatclips(  295): Updating value MAX_TASKS_IN_SCHEDULER
V/nofatclips(  295): Updating value MAX_TASKS_PER_EVENT
V/nofatclips(  295): Updating value MENU_EVENTS
V/nofatclips(  295): Updating value ORIENTATION_EVENTS
V/nofatclips(  295): Updating value PLANNER
V/nofatclips(  295): Updating value REFLECT_ACTIVITY_LISTENERS
V/nofatclips(  295): Updating value REFLECT_WIDGETS
V/nofatclips(  295): Updating value SCHEDULER_ALGORITHM
V/nofatclips(  295): Updating value SCROLL_DOWN_EVENT
V/nofatclips(  295): Updating value SENSOR_TYPES
V/nofatclips(  295): Updating value SIMULATE_INCOMING_CALL
V/nofatclips(  295): Updating value SIMULATE_INCOMING_SMS
V/nofatclips(  295): Updating value TAB_EVENTS_START_ONLY
V/nofatclips(  295): Updating value TEST_LOCATION_PROVIDER
V/nofatclips(  295): Updating value TEXT_VALUES_FROM_DICTIONARY
V/nofatclips(  295): Updating value TEXT_VALUES_ID_HASH
V/nofatclips(  295): Updating value USE_GPS
V/nofatclips(  295): Updating value USE_SENSORS
D/nofatclips(  295): Updating node comparator
D/nofatclips(  295): Loading node comparator
V/nofatclips(  295): Updating value COMPARATOR
V/nofatclips(  295): Updating value COMPARATOR_TYPE
V/nofatclips(  295): Updating value COMPARE_ACTIVITY_NAME
V/nofatclips(  295): Updating value COMPARE_LIST_COUNT
V/nofatclips(  295): Updating value COMPARE_MENU_COUNT
D/nofatclips(  295): Updated value of parameter COMPARE_MENU_COUNT to false (default = true)
V/nofatclips(  295): Updating value COMPARE_STATE_TITLE
V/nofatclips(  295): Updating value COMPARE_VALUES
V/nofatclips(  295): Updating value WIDGET_TYPES
D/nofatclips(  295): Updating node strategy
D/nofatclips(  295): Loading node strategy
V/nofatclips(  295): Updating value AFTER_EVENT_DONT_EXPLORE
V/nofatclips(  295): Updating value AFTER_WIDGET_DONT_EXPLORE
V/nofatclips(  295): Updating value CHECK_FOR_TRANSITION
V/nofatclips(  295): Updating value EXPLORE_ONLY_NEW_STATES
D/nofatclips(  295): Updated value of parameter EXPLORE_ONLY_NEW_STATES to false (default = true)
V/nofatclips(  295): Updating value MAX_NUM_TRACES
D/nofatclips(  295): Updated value of parameter MAX_NUM_TRACES to 100 (default = 0)
V/nofatclips(  295): Updating value MAX_TIME_CRAWLING
V/nofatclips(  295): Updating value PAUSE_AFTER_TIME
V/nofatclips(  295): Updating value PAUSE_AFTER_TRACES
V/nofatclips(  295): Updating value TRACE_MAX_DEPTH
V/nofatclips(  295): Updating value TRACE_MIN_DEPTH
D/nofatclips(  295): Starting random testing
I/TestRunner(  295): started: testAndCrawl(com.nofatclips.crawler.guitree.NomadEngine)
I/ActivityManager(   61): Starting: Intent { act=android.intent.action.MAIN flg=0x10000000 cmp=org.wordpress.android/.Dashboard } from pid 295
D/szipinf (   61): Initializing inflate state
I/ARMAssembler(   61): generated scanline__00000177:03515104_00001002_00000000 [ 87 ipp] (110 ins) at [0x46efd6f0:0x46efd8a8] in 331003 ns
D/dalvikvm(  295): GC_EXTERNAL_ALLOC freed 403K, 53% free 2737K/5767K, external 716K/1038K, paused 319ms
D/dalvikvm(  295): GC_EXTERNAL_ALLOC freed 115K, 49% free 2946K/5767K, external 1407K/1623K, paused 46ms
I/ActivityManager(   61): Displayed org.wordpress.android/.Dashboard: +1s97ms
I//system/bin/fsck_msdos(   29): ** Phase 1 - Read and Compare FATs
I//system/bin/fsck_msdos(   29): Attempting to allocate 397 KB for FAT
W/dalvikvm(  253): threadid=6: spin on suspend #1 threadid=3 (pcf=0)
D/dalvikvm(  253): Temporarily moving tid 256 to fg (was 0)
W/dalvikvm(  253): threadid=6: spin on suspend resolved in 2340 msec
D/dalvikvm(  253): Restored policy of 256 to 0
D/MediaScannerService(  230): start scanning volume internal
D/nofatclips(  295): Generated Resuming Persistence
I/dalvikvm(  295): Could not find method android.app.Activity.getFragmentManager, referenced from method com.jayway.android.robotium.solo.Waiter.getFragment
W/dalvikvm(  295): VFY: unable to resolve virtual method 7: Landroid/app/Activity;.getFragmentManager ()Landroid/app/FragmentManager;
D/dalvikvm(  295): VFY: replacing opcode 0x6e at 0x0008
I/dalvikvm(  295): Could not find method android.app.Activity.getFragmentManager, referenced from method com.jayway.android.robotium.solo.Waiter.getFragment
W/dalvikvm(  295): VFY: unable to resolve virtual method 7: Landroid/app/Activity;.getFragmentManager ()Landroid/app/FragmentManager;
D/dalvikvm(  295): VFY: replacing opcode 0x6e at 0x0017
W/dalvikvm(  295): VFY: unable to find class referenced in signature (Landroid/app/Fragment;)
D/dalvikvm(  295): VFY: dead code 0x000b-000f in Lcom/jayway/android/robotium/solo/Waiter;.getFragment (Ljava/lang/String;I)Landroid/app/Fragment;
D/dalvikvm(  295): VFY: dead code 0x001a-001f in Lcom/jayway/android/robotium/solo/Waiter;.getFragment (Ljava/lang/String;I)Landroid/app/Fragment;
W/dalvikvm(  295): VFY: unable to find class referenced in signature (Landroid/app/Fragment;)
D/dalvikvm(  253): GC_CONCURRENT freed 492K, 54% free 2728K/5831K, external 716K/1038K, paused 3ms+38ms
I//system/bin/fsck_msdos(   29): Attempting to allocate 397 KB for FAT
I//system/bin/fsck_msdos(   29): ** Phase 2 - Check Cluster Chains
I//system/bin/fsck_msdos(   29): ** Phase 3 - Checking Directories
I//system/bin/fsck_msdos(   29): ** Phase 4 - Checking for Lost Files
I//system/bin/fsck_msdos(   29): Free space in FSInfo block (100777) not correct (100776)
I//system/bin/fsck_msdos(   29): FIXED
I//system/bin/fsck_msdos(   29): 4 files, 50388 free (100776 clusters)
D/dalvikvm(  274): GC_CONCURRENT freed 529K, 54% free 2706K/5831K, external 716K/1038K, paused 3ms+2ms
D/Eas Debug(  274): Logging: 
I/Vold    (   29): Filesystem check completed OK
I/Vold    (   29): Device /dev/block/vold/179:0, target /mnt/sdcard mounted @ /mnt/secure/staging
D/Vold    (   29): Volume sdcard state changing 3 (Checking) -> 4 (Mounted)
D/Email   (  274): BOOT_COMPLETED
I/PackageManager(   61): Updating external media status from unmounted to mounted
I/StorageNotification(  123): Media {/mnt/sdcard} state changed from {checking} -> {mounted}
D/EAS SyncManager(  274): !!! EAS SyncManager, onDestroy
D/nofatclips(  295): Updating node automation
D/nofatclips(  295): Loading node automation
V/nofatclips(  295): Updating value FORCE_RESTART
V/nofatclips(  295): Updating value IN_AND_OUT_FOCUS
V/nofatclips(  295): Updating value PRECRAWLING
V/nofatclips(  295): Updating value SCREENSHOT_FOR_EVENTS
V/nofatclips(  295): Updating value SCREENSHOT_FOR_STATES
V/nofatclips(  295): Updating value SCREENSHOT_ONLY_NEW_STATES
V/nofatclips(  295): Updating value SLEEP_AFTER_EVENT
D/nofatclips(  295): Updated value of parameter SLEEP_AFTER_EVENT to 100 (default = 1000)
V/nofatclips(  295): Updating value SLEEP_AFTER_RESTART
D/nofatclips(  295): Updated value of parameter SLEEP_AFTER_RESTART to 100 (default = 1000)
V/nofatclips(  295): Updating value SLEEP_AFTER_TASK
D/nofatclips(  295): Updated value of parameter SLEEP_AFTER_TASK to 100 (default = 1000)
V/nofatclips(  295): Updating value SLEEP_ON_THROBBER
D/nofatclips(  295): Updated value of parameter SLEEP_ON_THROBBER to 100 (default = 1000)
D/nofatclips(  295): Updating node screenshot
D/nofatclips(  295): Loading node screenshot
V/nofatclips(  295): Updating value FORCE_RESTART
V/nofatclips(  295): Updating value IN_AND_OUT_FOCUS
V/nofatclips(  295): Updating value PRECRAWLING
V/nofatclips(  295): Updating value SCREENSHOT_FOR_EVENTS
V/nofatclips(  295): Updating value SCREENSHOT_FOR_STATES
V/nofatclips(  295): Updating value SCREENSHOT_ONLY_NEW_STATES
V/nofatclips(  295): Updating value SLEEP_AFTER_EVENT
V/nofatclips(  295): Updating value SLEEP_AFTER_RESTART
V/nofatclips(  295): Updating value SLEEP_AFTER_TASK
V/nofatclips(  295): Updating value SLEEP_ON_THROBBER
I/nofatclips(  295): Waiting for 100 msec.
D/EAS SyncManager(  274): !!! EAS SyncManager, onCreate
D/EAS SyncManager(  274): !!! EAS SyncManager, onStartCommand
D/VoldCmdListener(   29): asec list
D/EAS SyncManager(  274): !!! EAS SyncManager, stopping self
D/EAS SyncManager(  274): !!! EAS SyncManager, onDestroy
I/PackageManager(   61): No secure containers on sdcard
W/PackageManager(   61): Unknown permission com.google.android.googleapps.permission.GOOGLE_AUTH.mail in package com.android.contacts
W/PackageManager(   61): Unknown permission android.permission.ADD_SYSTEM_SERVICE in package com.android.phone
W/PackageManager(   61): Not granting permission android.permission.SEND_DOWNLOAD_COMPLETED_INTENTS to package com.android.browser (protectionLevel=2 flags=0x9be45)
D/nofatclips(  295): Ready to operate after restarting...
I/nofatclips(  295): Current activity is Dashboard
W/nofatclips(  295): --->Dashboard
D/dalvikvm(  295): GC_CONCURRENT freed 236K, 49% free 2986K/5831K, external 1812K/2324K, paused 2ms+3ms
I/nofatclips(  295): Retrieving widgets
D/nofatclips(  295): Found widget: id=16908290 (android.widget.FrameLayout@405a1858)
D/nofatclips(  295): Found widget: id=2131165248 (android.widget.RelativeLayout@405a2558)
D/nofatclips(  295): Found widget: id=2131165249 (android.widget.LinearLayout@405a2bc0)
D/nofatclips(  295): Found widget: id=-1 (android.widget.ImageView@405a3108)
D/nofatclips(  295): Found widget: id=2131165250 (org.wordpress.android.util.WPTitleBar@4059ca40)
D/nofatclips(  295): Found widget: id=2131165195 (android.widget.RelativeLayout@4050efe8)
D/nofatclips(  295): Found widget: id=2131165196 (android.widget.RelativeLayout@40569338)
D/nofatclips(  295): Found widget: id=2131165197 (android.widget.ImageView@4059dcd8)
D/nofatclips(  295): Found widget: id=2131165198 (android.widget.TextView@405426a8): Katie's Sweet Testing Blog
D/nofatclips(  295): Found widget: id=2131165199 (android.widget.ImageView@4055df38)
D/nofatclips(  295): Found widget: id=-1 (android.widget.RelativeLayout@4057a2a0)
D/nofatclips(  295): Found widget: id=2131165200 (android.widget.ImageButton@4059e200)
D/nofatclips(  295): Found widget: id=-1 (android.widget.FrameLayout@4057b788)
D/nofatclips(  295): Found widget: id=2131165201 (android.widget.Button@40543070): 
D/nofatclips(  295): Found widget: id=2131165202 (android.widget.ImageView@40594638)
D/nofatclips(  295): Found widget: id=2131165203 (android.widget.ImageView@4053d868)
D/nofatclips(  295): Found widget: id=2131165204 (android.widget.LinearLayout@40569f40)
D/nofatclips(  295): Found widget: id=-1 (android.widget.FrameLayout@4059da70)
D/nofatclips(  295): Found widget: id=-1 (android.widget.LinearLayout@40530a10)
D/nofatclips(  295): Found widget: id=-1 (android.widget.LinearLayout@4050edf8)
D/nofatclips(  295): Found widget: id=-1 (android.widget.LinearLayout@40530030)
D/nofatclips(  295): Found widget: id=2131165251 (android.widget.LinearLayout@405306e8)
D/nofatclips(  295): Found widget: id=-1 (android.widget.ImageView@405910e0)
D/nofatclips(  295): Found widget: id=2131165256 (android.widget.TextView@4056bc38): New Post
D/nofatclips(  295): Found widget: id=2131165253 (android.widget.LinearLayout@4059cc78)
D/nofatclips(  295): Found widget: id=-1 (android.widget.ImageView@40531a50)
D/nofatclips(  295): Found widget: id=2131165256 (android.widget.TextView@4056c570): New Page
D/nofatclips(  295): Found widget: id=-1 (android.widget.LinearLayout@40533d08)
D/nofatclips(  295): Found widget: id=2131165252 (android.widget.LinearLayout@405316f8)
D/nofatclips(  295): Found widget: id=-1 (android.widget.ImageView@40539c00)
D/nofatclips(  295): Found widget: id=2131165256 (android.widget.TextView@40578768): Quick Photo
D/nofatclips(  295): Found widget: id=2131165254 (android.widget.LinearLayout@40548278)
D/nofatclips(  295): Found widget: id=-1 (android.widget.ImageView@405325f0)
D/nofatclips(  295): Found widget: id=2131165256 (android.widget.TextView@40578fd8): Quick Video
D/nofatclips(  295): Found widget: id=-1 (android.widget.LinearLayout@4052f4a0)
D/nofatclips(  295): Found widget: id=-1 (android.widget.LinearLayout@40534cc0)
D/nofatclips(  295): Found widget: id=2131165255 (android.widget.LinearLayout@40535f88)
D/nofatclips(  295): Found widget: id=-1 (android.widget.ImageView@40543630)
D/nofatclips(  295): Found widget: id=2131165256 (android.widget.TextView@40579660): Posts
D/nofatclips(  295): Found widget: id=2131165257 (android.widget.LinearLayout@405469f0)
D/nofatclips(  295): Found widget: id=-1 (android.widget.ImageView@40569668)
D/nofatclips(  295): Found widget: id=2131165256 (android.widget.TextView@405382b8): Pages
D/nofatclips(  295): Found widget: id=-1 (android.widget.FrameLayout@405352c8)
D/nofatclips(  295): Found widget: id=2131165258 (android.widget.LinearLayout@40540fb0)
D/nofatclips(  295): Found widget: id=-1 (android.widget.ImageView@405379c8)
D/nofatclips(  295): Found widget: id=2131165256 (android.widget.TextView@4053a268): Comments
D/nofatclips(  295): Found widget: id=2131165259 (android.widget.FrameLayout@405454a0)
D/nofatclips(  295): Found widget: id=2131165260 (android.widget.ImageView@40546fc0)
D/nofatclips(  295): Found widget: id=2131165261 (org.wordpress.android.util.CommentBadgeTextView@4053b280): 0
D/nofatclips(  295): Found widget: id=-1 (android.widget.LinearLayout@4053a040)
D/nofatclips(  295): Found widget: id=2131165262 (android.widget.LinearLayout@40541658)
D/nofatclips(  295): Found widget: id=-1 (android.widget.ImageView@40541f60)
D/nofatclips(  295): Found widget: id=2131165256 (android.widget.TextView@405418a0): Settings
D/nofatclips(  295): Found widget: id=2131165263 (android.widget.LinearLayout@40544ef8)
D/nofatclips(  295): Found widget: id=-1 (android.widget.ImageView@40560e50)
D/nofatclips(  295): Found widget: id=2131165256 (android.widget.TextView@40543be0): Read
D/nofatclips(  295): Found widget: id=2131165264 (android.widget.LinearLayout@40562538)
D/nofatclips(  295): Found widget: id=-1 (android.widget.ImageView@40564df0)
D/nofatclips(  295): Found widget: id=2131165256 (android.widget.TextView@40550938): Stats
D/nofatclips(  295): Found widget: id=-1 (com.android.internal.policy.impl.PhoneWindow$DecorView@405a0f58)
V/nicola  (  295): TextualID : blog_title
V/nicola  (  295): ContentType detected : default
V/nicola  (  295): TextualID : action_refresh
V/nicola  (  295): ContentType detected : default
V/nicola  (  295): TextualID : button_text
V/nicola  (  295): ContentType detected : default
V/nicola  (  295): TextualID : button_text
V/nicola  (  295): ContentType detected : default
V/nicola  (  295): TextualID : button_text
V/nicola  (  295): ContentType detected : default
V/nicola  (  295): TextualID : button_text
V/nicola  (  295): ContentType detected : default
V/nicola  (  295): TextualID : button_text
V/nicola  (  295): ContentType detected : default
V/nicola  (  295): TextualID : button_text
V/nicola  (  295): ContentType detected : default
V/nicola  (  295): TextualID : button_text
V/nicola  (  295): ContentType detected : default
V/nicola  (  295): TextualID : button_text
V/nicola  (  295): ContentType detected : default
V/nicola  (  295): TextualID : button_text
V/nicola  (  295): ContentType detected : default
V/nicola  (  295): TextualID : button_text
V/nicola  (  295): ContentType detected : default
I/nofatclips(  295): Attempting to resume previous session
I/nofatclips(  295): Memoryless engine: the task file will not be loaded. Looking for crashed traces.
I/nofatclips(  295): Reading task file
V/nofatclips(  295): Discarding trace #67
I/nofatclips(  295): Stateless comparator: the state file will not be loaded.
D/dalvikvm(  295): GetFieldID: unable to find field Ljava/util/Hashtable;.loadFactor:F
D/dalvikvm(  295): GetFieldID: unable to find field Ljava/util/Hashtable;.loadFactor:F
D/dalvikvm(  295): GetFieldID: unable to find field Ljava/util/Hashtable;.loadFactor:F
D/dalvikvm(  295): GetFieldID: unable to find field Ljava/util/Hashtable;.loadFactor:F
D/dalvikvm(  295): GetFieldID: unable to find field Ljava/util/Hashtable;.loadFactor:F
D/dalvikvm(  295): GetFieldID: unable to find field Ljava/util/Hashtable;.loadFactor:F
D/nofatclips(  295): Backup session footer restored to 
D/nofatclips(  295): </SESSION>
D/nofatclips(  295): Restored random counter to: 74
D/nofatclips(  295): Restored trace count to 69
D/nofatclips(  295): Current step countdown restored to 89
D/nofatclips(  295): Restored abstractor counters to: event = 74 - input = 24 - activity = 12
I/nofatclips(  295): Saving the session on disk.
W/PackageManager(   61): Unknown permission com.google.android.gm.permission.WRITE_GMAIL in package com.android.settings
W/PackageManager(   61): Unknown permission com.google.android.gm.permission.READ_GMAIL in package com.android.settings
W/PackageManager(   61): Unknown permission com.google.android.googleapps.permission.GOOGLE_AUTH in package com.android.settings
W/PackageManager(   61): Unknown permission com.google.android.googleapps.permission.GOOGLE_AUTH in package com.android.providers.contacts
W/PackageManager(   61): Unknown permission com.google.android.googleapps.permission.GOOGLE_AUTH.cp in package com.android.providers.contacts
W/PackageManager(   61): Unknown permission com.google.android.googleapps.permission.ACCESS_GOOGLE_PASSWORD in package com.android.development
W/PackageManager(   61): Unknown permission com.google.android.googleapps.permission.GOOGLE_AUTH in package com.android.development
W/PackageManager(   61): Unknown permission com.google.android.googleapps.permission.GOOGLE_AUTH.ALL_SERVICES in package com.android.development
W/PackageManager(   61): Unknown permission com.google.android.googleapps.permission.GOOGLE_AUTH.YouTubeUser in package com.android.development
W/PackageManager(   61): Unknown permission android.permission.READ_OWNER_DATA in package com.android.email
D/dalvikvm(  295): GC_CONCURRENT freed 602K, 51% free 3195K/6407K, external 1812K/2324K, paused 4ms+4ms
I/nofatclips(  295): Planning for new Activity Dashboard
D/nofatclips(  295): Handling event 'click' on widget id=2131165200 type=button name=
D/nofatclips(  295): Handling event 'click' on widget id=2131165201 type=button name=
D/nofatclips(  295): Handling event 'click' on widget id=2131165204 type=linearLayout name=
D/nofatclips(  295): Handling event 'click' on widget id=2131165251 type=linearLayout name=
D/nofatclips(  295): Handling event 'click' on widget id=2131165253 type=linearLayout name=
D/nofatclips(  295): Handling event 'click' on widget id=2131165252 type=linearLayout name=
W/PackageManager(   61): Not granting permission android.permission.DEVICE_POWER to package com.android.deskclock (protectionLevel=2 flags=0x8be45)
D/nofatclips(  295): Handling event 'click' on widget id=2131165254 type=linearLayout name=
D/dalvikvm(  295): GC_CONCURRENT freed 703K, 50% free 3351K/6663K, external 1812K/2324K, paused 3ms+4ms
D/nofatclips(  295): Handling event 'click' on widget id=2131165255 type=linearLayout name=
I/dalvikvm(  295): Jit: resizing JitTable from 512 to 1024
D/nofatclips(  295): Handling event 'click' on widget id=2131165257 type=linearLayout name=
D/nofatclips(  295): Handling event 'click' on widget id=2131165258 type=linearLayout name=
D/nofatclips(  295): Handling event 'click' on widget id=2131165262 type=linearLayout name=
D/nofatclips(  295): Handling event 'click' on widget id=2131165263 type=linearLayout name=
D/nofatclips(  295): Handling event 'click' on widget id=2131165264 type=linearLayout name=
I/nofatclips(  295): Created trace to press the menu button
I/nofatclips(  295): Created trace to change orientation
I/nofatclips(  295): Dispatching new task. 2 more tasks remaining.
D/nofatclips(  295): Performing backup of the old task list on disk
D/nofatclips(  295): Saving task list on disk
V/nofatclips(  295): Backing up trace #82 to disk.
W/ImageDownloader(  295): Error 404 while retrieving bitmap from http://gravatar.com/blavatar/44d338f29053dbb888da79dcf98df489?s=60&d=404
D/dalvikvm(  295): GC_CONCURRENT freed 925K, 52% free 3324K/6855K, external 1812K/2324K, paused 3ms+4ms
V/nofatclips(  295): Backing up trace #83 to disk.
D/nofatclips(  295): Deleting backup of the old task list from disk
I/nofatclips(  295): Restarting
D/MediaScanner(  230):  prescan time: 4030ms
D/MediaScanner(  230):     scan time: 43ms
D/MediaScanner(  230): postscan time: 1ms
D/MediaScanner(  230):    total time: 4074ms
D/dalvikvm(  230): GC_CONCURRENT freed 529K, 55% free 2647K/5831K, external 716K/1038K, paused 3ms+5ms
I/dalvikvm(   61): Jit: resizing JitTable from 512 to 1024
D/szipinf (  177): Initializing inflate state
D/dalvikvm(  177): GC_CONCURRENT freed 246K, 51% free 2796K/5703K, external 716K/1038K, paused 3ms+2ms
D/szipinf (  135): Initializing inflate state
D/dalvikvm(  135): GC_EXPLICIT freed 208K, 50% free 2967K/5831K, external 3075K/3257K, paused 41ms
I/nofatclips(  295): Waiting for 100 msec.
D/MediaScannerService(  230): done scanning volume internal
D/MediaScannerService(  230): start scanning volume external
D/nofatclips(  295): Ready to operate after restarting...
I/nofatclips(  295): Retrieving widgets
D/nofatclips(  295): Found widget: id=16908290 (android.widget.FrameLayout@405a1858)
D/nofatclips(  295): Found widget: id=2131165248 (android.widget.RelativeLayout@405a2558)
D/nofatclips(  295): Found widget: id=2131165249 (android.widget.LinearLayout@405a2bc0)
D/nofatclips(  295): Found widget: id=-1 (android.widget.ImageView@405a3108)
D/nofatclips(  295): Found widget: id=2131165250 (org.wordpress.android.util.WPTitleBar@4059ca40)
D/nofatclips(  295): Found widget: id=2131165195 (android.widget.RelativeLayout@4050efe8)
D/nofatclips(  295): Found widget: id=2131165196 (android.widget.RelativeLayout@40569338)
D/nofatclips(  295): Found widget: id=2131165197 (android.widget.ImageView@4059dcd8)
D/nofatclips(  295): Found widget: id=2131165198 (android.widget.TextView@405426a8): Katie's Sweet Testing Blog
D/nofatclips(  295): Found widget: id=2131165199 (android.widget.ImageView@4055df38)
D/nofatclips(  295): Found widget: id=-1 (android.widget.RelativeLayout@4057a2a0)
D/nofatclips(  295): Found widget: id=2131165200 (android.widget.ImageButton@4059e200)
D/nofatclips(  295): Found widget: id=-1 (android.widget.FrameLayout@4057b788)
D/nofatclips(  295): Found widget: id=2131165201 (android.widget.Button@40543070): 
D/nofatclips(  295): Found widget: id=2131165202 (android.widget.ImageView@40594638)
D/nofatclips(  295): Found widget: id=2131165203 (android.widget.ImageView@4053d868)
D/nofatclips(  295): Found widget: id=2131165204 (android.widget.LinearLayout@40569f40)
D/nofatclips(  295): Found widget: id=-1 (android.widget.FrameLayout@4059da70)
D/nofatclips(  295): Found widget: id=-1 (android.widget.LinearLayout@40530a10)
D/nofatclips(  295): Found widget: id=-1 (android.widget.LinearLayout@4050edf8)
D/nofatclips(  295): Found widget: id=-1 (android.widget.LinearLayout@40530030)
D/nofatclips(  295): Found widget: id=2131165251 (android.widget.LinearLayout@405306e8)
D/nofatclips(  295): Found widget: id=-1 (android.widget.ImageView@405910e0)
D/nofatclips(  295): Found widget: id=2131165256 (android.widget.TextView@4056bc38): New Post
D/nofatclips(  295): Found widget: id=2131165253 (android.widget.LinearLayout@4059cc78)
D/nofatclips(  295): Found widget: id=-1 (android.widget.ImageView@40531a50)
D/nofatclips(  295): Found widget: id=2131165256 (android.widget.TextView@4056c570): New Page
D/nofatclips(  295): Found widget: id=-1 (android.widget.LinearLayout@40533d08)
D/nofatclips(  295): Found widget: id=2131165252 (android.widget.LinearLayout@405316f8)
D/nofatclips(  295): Found widget: id=-1 (android.widget.ImageView@40539c00)
D/nofatclips(  295): Found widget: id=2131165256 (android.widget.TextView@40578768): Quick Photo
D/nofatclips(  295): Found widget: id=2131165254 (android.widget.LinearLayout@40548278)
D/nofatclips(  295): Found widget: id=-1 (android.widget.ImageView@405325f0)
D/nofatclips(  295): Found widget: id=2131165256 (android.widget.TextView@40578fd8): Quick Video
D/nofatclips(  295): Found widget: id=-1 (android.widget.LinearLayout@4052f4a0)
D/nofatclips(  295): Found widget: id=-1 (android.widget.LinearLayout@40534cc0)
D/nofatclips(  295): Found widget: id=2131165255 (android.widget.LinearLayout@40535f88)
D/nofatclips(  295): Found widget: id=-1 (android.widget.ImageView@40543630)
D/nofatclips(  295): Found widget: id=2131165256 (android.widget.TextView@40579660): Posts
D/nofatclips(  295): Found widget: id=2131165257 (android.widget.LinearLayout@405469f0)
D/nofatclips(  295): Found widget: id=-1 (android.widget.ImageView@40569668)
D/nofatclips(  295): Found widget: id=2131165256 (android.widget.TextView@405382b8): Pages
D/nofatclips(  295): Found widget: id=-1 (android.widget.FrameLayout@405352c8)
D/nofatclips(  295): Found widget: id=2131165258 (android.widget.LinearLayout@40540fb0)
D/nofatclips(  295): Found widget: id=-1 (android.widget.ImageView@405379c8)
D/nofatclips(  295): Found widget: id=2131165256 (android.widget.TextView@4053a268): Comments
D/nofatclips(  295): Found widget: id=2131165259 (android.widget.FrameLayout@405454a0)
D/nofatclips(  295): Found widget: id=2131165260 (android.widget.ImageView@40546fc0)
D/nofatclips(  295): Found widget: id=2131165261 (org.wordpress.android.util.CommentBadgeTextView@4053b280): 0
D/nofatclips(  295): Found widget: id=-1 (android.widget.LinearLayout@4053a040)
D/nofatclips(  295): Found widget: id=2131165262 (android.widget.LinearLayout@40541658)
D/nofatclips(  295): Found widget: id=-1 (android.widget.ImageView@40541f60)
D/nofatclips(  295): Found widget: id=2131165256 (android.widget.TextView@405418a0): Settings
D/nofatclips(  295): Found widget: id=2131165263 (android.widget.LinearLayout@40544ef8)
D/nofatclips(  295): Found widget: id=-1 (android.widget.ImageView@40560e50)
D/nofatclips(  295): Found widget: id=2131165256 (android.widget.TextView@40543be0): Read
D/nofatclips(  295): Found widget: id=2131165264 (android.widget.LinearLayout@40562538)
D/nofatclips(  295): Found widget: id=-1 (android.widget.ImageView@40564df0)
D/nofatclips(  295): Found widget: id=2131165256 (android.widget.TextView@40550938): Stats
D/nofatclips(  295): Found widget: id=-1 (com.android.internal.policy.impl.PhoneWindow$DecorView@405a0f58)
I/nofatclips(  295): Playing Trace 83
I/nofatclips(  295): Retrieved from return list id=2131165204
D/nofatclips(  295): Testing for type (android.widget.LinearLayout) against the original (android.widget.LinearLayout)
D/nofatclips(  295): Testing for name () against the original ()
I/nofatclips(  295): Firing event: type= click index=16 widget=android.widget.LinearLayout
V/MediaProvider(  230): /mnt/sdcard volume ID: 467547932
D/dalvikvm(  122): GREF has increased to 201
V/MediaProvider(  230): Attached volume: external
V/MediaScanner(  230): pruneDeadThumbnailFiles... android.database.sqlite.SQLiteCursor@405a17d0
V/MediaScanner(  230): /pruneDeadThumbnailFiles... android.database.sqlite.SQLiteCursor@405a17d0
D/MediaScanner(  230):  prescan time: 81ms
D/MediaScanner(  230):     scan time: 5ms
D/MediaScanner(  230): postscan time: 29ms
D/MediaScanner(  230):    total time: 115ms
D/MediaScannerService(  230): done scanning volume external
D/nofatclips(  295): Event description: New Post
I/ActivityManager(   61): Starting: Intent { cmp=org.wordpress.android/.Posts (has extras) } from pid 295
I/nofatclips(  295): Waiting for 100 msec.
D/dalvikvm(  295): GC_CONCURRENT freed 838K, 53% free 3255K/6855K, external 1984K/2324K, paused 13ms+21ms
D/dalvikvm(  295): GC_EXTERNAL_ALLOC freed 41K, 52% free 3299K/6855K, external 2312K/2324K, paused 175ms
I/ActivityManager(   61): Displayed org.wordpress.android/.Posts: +2s88ms
W/ImageDownloader(  295): Error 404 while retrieving bitmap from http://gravatar.com/blavatar/44d338f29053dbb888da79dcf98df489?s=60&d=404
D/dalvikvm(  295): GC_FOR_MALLOC freed 264K, 49% free 3511K/6855K, external 2401K/2932K, paused 49ms
I/WordPress(  295): response = HTTP/1.1 200 OK
I/dalvikvm(  295): Jit: resizing JitTable from 1024 to 2048
D/dalvikvm(  295): GREF has increased to 201
I/nofatclips(  295): Current activity is Posts
I/nofatclips(  295): Retrieving widgets
D/nofatclips(  295): Found widget: id=16908290 (android.widget.FrameLayout@405b07b0)
D/nofatclips(  295): Found widget: id=2131165323 (android.widget.RelativeLayout@405b11c0)
D/nofatclips(  295): Found widget: id=2131165324 (android.widget.LinearLayout@405b1618)
D/nofatclips(  295): Found widget: id=2131165325 (android.support.v4.app.NoSaveStateFrameLayout@406796d8)
D/nofatclips(  295): Found widget: id=-1 (android.widget.FrameLayout@405b2b78)
D/nofatclips(  295): Found widget: id=16711681 (android.widget.TextView@405b2db0): 
D/nofatclips(  295): Found widget: id=16908298 (android.widget.ListView@40677bd8)
D/nofatclips(  295): Found widget: id=7 (android.widget.LinearLayout@405ea058)
D/nofatclips(  295): Found widget: id=2131165236 (android.widget.TextView@405ea2b8): Pages
D/nofatclips(  295): Found widget: id=-1 (android.widget.LinearLayout@405ea798)
D/nofatclips(  295): Found widget: id=2131165341 (android.widget.TextView@405ea9b8): 
D/nofatclips(  295): Found widget: id=2131165280 (android.widget.TextView@405eae98): 
D/nofatclips(  295): Found widget: id=1 (android.widget.LinearLayout@40608fc8)
D/nofatclips(  295): Found widget: id=2131165236 (android.widget.TextView@406091e0): 90
D/nofatclips(  295): Found widget: id=-1 (android.widget.LinearLayout@40609670)
D/nofatclips(  295): Found widget: id=2131165341 (android.widget.TextView@40609890): 8:30am, Sep 22, 2014
D/nofatclips(  295): Found widget: id=2131165280 (android.widget.TextView@40609d20): 
D/nofatclips(  295): Found widget: id=2 (android.widget.LinearLayout@4060aa78)
D/nofatclips(  295): Found widget: id=2131165236 (android.widget.TextView@4060ac90): 90
