D/nofatclips(  245): Found widget: id=-1 (android.widget.ImageView@405411d8)
D/nofatclips(  245): Found widget: id=2131165256 (android.widget.TextView@40540b18): Settings
D/nofatclips(  245): Found widget: id=2131165263 (android.widget.LinearLayout@40544170)
D/nofatclips(  245): Found widget: id=-1 (android.widget.ImageView@405600c8)
D/nofatclips(  245): Found widget: id=2131165256 (android.widget.TextView@40542e58): Read
D/nofatclips(  245): Found widget: id=2131165264 (android.widget.LinearLayout@405617b0)
D/nofatclips(  245): Found widget: id=-1 (android.widget.ImageView@40564068)
D/nofatclips(  245): Found widget: id=2131165256 (android.widget.TextView@4054fbb0): Stats
D/nofatclips(  245): Found widget: id=-1 (com.android.internal.policy.impl.PhoneWindow$DecorView@405a0240)
V/nicola  (  245): TextualID : blog_title
V/nicola  (  245): ContentType detected : default
V/nicola  (  245): TextualID : action_refresh
V/nicola  (  245): ContentType detected : default
V/nicola  (  245): TextualID : button_text
V/nicola  (  245): ContentType detected : default
V/nicola  (  245): TextualID : button_text
V/nicola  (  245): ContentType detected : default
V/nicola  (  245): TextualID : button_text
V/nicola  (  245): ContentType detected : default
V/nicola  (  245): TextualID : button_text
V/nicola  (  245): ContentType detected : default
V/nicola  (  245): TextualID : button_text
V/nicola  (  245): ContentType detected : default
V/nicola  (  245): TextualID : button_text
V/nicola  (  245): ContentType detected : default
V/nicola  (  245): TextualID : button_text
V/nicola  (  245): ContentType detected : default
V/nicola  (  245): TextualID : button_text
V/nicola  (  245): ContentType detected : default
V/nicola  (  245): TextualID : button_text
V/nicola  (  245): ContentType detected : default
V/nicola  (  245): TextualID : button_text
V/nicola  (  245): ContentType detected : default
I/nofatclips(  245): Performing comparation for activity Dashboard
D/nofatclips(  245): Comparing against activity Dashboard
D/nofatclips(  245): Comparing against activity Dashboard
D/nofatclips(  245): Comparing against activity Dashboard
I/nofatclips(  245): Registering activity Dashboard (id: a11) as a new found state
D/nofatclips(  245): Performing backup of the old activity list on disk
D/nofatclips(  245): Saving new found state 'a11' on disk
V/nofatclips(  245): Opening state file in append mode.
D/dalvikvm(  245): GC_CONCURRENT freed 1215K, 54% free 3343K/7175K, external 2300K/2872K, paused 7ms+9ms
D/dalvikvm(  245): GC_EXTERNAL_ALLOC freed 141K, 54% free 3312K/7175K, external 1857K/2369K, paused 93ms
D/dalvikvm(  245): GC_EXTERNAL_ALLOC freed 23K, 55% free 3288K/7175K, external 2044K/2556K, paused 90ms
I/nofatclips(  245): Saved image on disk: a11.jpg
I/nofatclips(  245): Waiting for 100 msec.
I/nofatclips(  245): Session count is 1. Will dump to disk at 1
I/nofatclips(  245): Saving the session on disk.
I/nofatclips(  245): Planning for new Activity Dashboard
D/nofatclips(  245): Handling event 'click' on widget id=2131165200 type=button name=
D/nofatclips(  245): Handling event 'click' on widget id=2131165201 type=button name=
D/nofatclips(  245): Handling event 'click' on widget id=2131165204 type=linearLayout name=
D/nofatclips(  245): Handling event 'click' on widget id=2131165251 type=linearLayout name=
D/nofatclips(  245): Handling event 'click' on widget id=2131165253 type=linearLayout name=
I/dalvikvm(  245): Jit: resizing JitTable from 1024 to 2048
D/nofatclips(  245): Handling event 'click' on widget id=2131165252 type=linearLayout name=
D/nofatclips(  245): Handling event 'click' on widget id=2131165254 type=linearLayout name=
D/nofatclips(  245): Handling event 'click' on widget id=2131165255 type=linearLayout name=
D/nofatclips(  245): Handling event 'click' on widget id=2131165257 type=linearLayout name=
D/nofatclips(  245): Handling event 'click' on widget id=2131165258 type=linearLayout name=
D/dalvikvm(  245): GC_CONCURRENT freed 989K, 53% free 3420K/7175K, external 2644K/3302K, paused 4ms+4ms
D/nofatclips(  245): Handling event 'click' on widget id=2131165262 type=linearLayout name=
D/nofatclips(  245): Handling event 'click' on widget id=2131165263 type=linearLayout name=
D/nofatclips(  245): Handling event 'click' on widget id=2131165264 type=linearLayout name=
I/nofatclips(  245): Created trace to press the back button
I/nofatclips(  245): Created trace to press the menu button
I/nofatclips(  245): Created trace to change orientation
I/nofatclips(  245): Check for termination: 90 steps left of 100
I/nofatclips(  245): Dispatching new task. 2 more tasks remaining.
D/nofatclips(  245): Performing backup of the old task list on disk
D/nofatclips(  245): Saving task list on disk
V/nofatclips(  245): Backing up trace #65 to disk.
D/dalvikvm(  245): GC_CONCURRENT freed 1308K, 55% free 3323K/7239K, external 2044K/2644K, paused 4ms+3ms
V/nofatclips(  245): Backing up trace #66 to disk.
D/nofatclips(  245): Deleting backup of the old task list from disk
D/nofatclips(  245): Deleting backup of the old activity list from disk
I/nofatclips(  245): Incrementally Playing Trace 66
I/nofatclips(  245): Retrieved from return list id=2131165252
D/nofatclips(  245): Testing for type (android.widget.LinearLayout) against the original (android.widget.LinearLayout)
D/nofatclips(  245): Testing for name () against the original ()
I/nofatclips(  245): Firing event: type= click index=28 widget=android.widget.LinearLayout
W/KeyCharacterMap(  245): No keyboard for id 0
W/KeyCharacterMap(  245): Using default keymap: /system/usr/keychars/qwerty.kcm.bin
D/nofatclips(  245): Event description: Quick Photo
I/ActivityManager(   61): Starting: Intent { cmp=org.wordpress.android/.EditPost (has extras) } from pid 245
I/nofatclips(  245): Waiting for 100 msec.
I/ActivityManager(   61): Starting: Intent { flg=0x10000 cmp=org.wordpress.android/.EditContent (has extras) } from pid 245
I/ActivityManager(   61): Starting: Intent { act=android.media.action.IMAGE_CAPTURE cmp=com.android.camera/.Camera (has extras) } from pid 245
I/ActivityManager(   61): Start proc com.android.camera for activity com.android.camera/.Camera: pid=314 uid=10025 gids={1006, 1015}
I/nofatclips(  245): Current activity is EditContent
I/nofatclips(  245): Retrieving widgets
I/nofatclips(  245): Exit state. Not performing comparation for activity EditContent
I/nofatclips(  245): Waiting for 100 msec.
I/nofatclips(  245): Session count is 1. Will dump to disk at 1
I/nofatclips(  245): Saving the session on disk.
I/nofatclips(  245): Check for termination: 89 steps left of 100
I/nofatclips(  245): Saving the session on disk. This is the last batch. The session will be terminated.
D/nofatclips(  245): Performing backup of the old task list on disk
D/nofatclips(  245): Saving task list on disk
V/nofatclips(  245): Backing up trace #65 to disk.
D/nofatclips(  245): Deleting backup of the old task list from disk
D/installd(   35): DexInv: --- BEGIN '/system/app/Camera.apk' ---
D/dalvikvm(  245): GC_CONCURRENT freed 777K, 53% free 3457K/7239K, external 2301K/2644K, paused 18ms+17ms
D/dalvikvm(  245): GC_EXPLICIT freed 39K, 53% free 3418K/7239K, external 2301K/2644K, paused 118ms
D/dalvikvm(  245): GC_EXPLICIT freed <1K, 53% free 3418K/7239K, external 2301K/2644K, paused 127ms
I/TestRunner(  245): finished: testAndCrawl(com.nofatclips.crawler.guitree.NomadEngine)
I/TestRunner(  245): passed: testAndCrawl(com.nofatclips.crawler.guitree.NomadEngine)
E/InstrumentationTestRunner(  245): Failed to generate emma coverage. Is emma jar on classpath?
E/InstrumentationTestRunner(  245): java.lang.ClassNotFoundException: com.vladium.emma.rt.RT
E/InstrumentationTestRunner(  245): 	at java.lang.Class.classForName(Native Method)
E/InstrumentationTestRunner(  245): 	at java.lang.Class.forName(Class.java:234)
E/InstrumentationTestRunner(  245): 	at java.lang.Class.forName(Class.java:181)
E/InstrumentationTestRunner(  245): 	at android.test.InstrumentationTestRunner.generateCoverageReport(InstrumentationTestRunner.java:578)
E/InstrumentationTestRunner(  245): 	at android.test.InstrumentationTestRunner.onStart(InstrumentationTestRunner.java:545)
E/InstrumentationTestRunner(  245): 	at android.app.Instrumentation$InstrumentationThread.run(Instrumentation.java:1448)
E/InstrumentationTestRunner(  245): Caused by: java.lang.NoClassDefFoundError: com.vladium.emma.rt.RT
E/InstrumentationTestRunner(  245): 	... 6 more
E/InstrumentationTestRunner(  245): Caused by: java.lang.ClassNotFoundException: com.vladium.emma.rt.RT in loader dalvik.system.PathClassLoader[/system/framework/android.test.runner.jar:/data/app/com.nofatclips.crawler-1.apk:/data/app/org.wordpress.android-1.apk]
E/InstrumentationTestRunner(  245): 	at dalvik.system.PathClassLoader.findClass(PathClassLoader.java:240)
E/InstrumentationTestRunner(  245): 	at java.lang.ClassLoader.loadClass(ClassLoader.java:551)
E/InstrumentationTestRunner(  245): 	at java.lang.ClassLoader.loadClass(ClassLoader.java:511)
E/InstrumentationTestRunner(  245): 	... 6 more
D/dalvikvm(  322): DexOpt: load 124ms, verify+opt 429ms
D/installd(   35): DexInv: --- END '/system/app/Camera.apk' (success) ---
I/WindowManager(   61): Setting rotation to 1, animFlags=1
I/ActivityManager(   61): Config changed: { scale=1.0 imsi=310/260 loc=en_US touch=3 keys=2/1/2 nav=1/1 orien=2 layout=18 uiMode=17 seq=5}
D/AndroidRuntime(  206): Shutting down VM
I/ActivityManager(   61): Force stopping package org.wordpress.android uid=10034
I/Process (   61): Sending signal. PID: 245 SIG: 9
I/ActivityManager(   61):   Force finishing activity HistoryRecord{405d5568 org.wordpress.android/.EditPost}
D/dalvikvm(  206): GC_CONCURRENT freed 103K, 71% free 297K/1024K, external 0K/0K, paused 1ms+1ms
D/jdwp    (  206): adbd disconnected
I/AndroidRuntime(  206): NOTE: attach of thread 'Binder Thread #3' failed
V/CameraHolder(  314): open camera 0
D/CameraHardwareStub(   34): initHeapLocked: preview size=320x240
I/StagefrightPlayer(   34): setDataSource('/system/media/audio/ui/camera_click.ogg')
I/StagefrightPlayer(   34): setDataSource('/system/media/audio/ui/VideoRecord.ogg')
I/DEBUG   (   31): debuggerd: Feb  3 2011 14:45:34
D/qemud   (   38): entering main loop
I/Netd    (   30): Netd 1.0 starting
I/Vold    (   29): Vold 2.1 (the revenge) firing up
D/Vold    (   29): USB mass storage support is not enabled in the kernel
D/Vold    (   29): usb_configuration switch is not enabled in the kernel
D/Vold    (   29): Volume sdcard state changing -1 (Initializing) -> 0 (No-Media)
D/Vold    (   29): Volume sdcard state changing 0 (No-Media) -> 1 (Idle-Unmounted)
D/qemud   (   38): fdhandler_accept_event: accepting on fd 9
D/qemud   (   38): created client 0xe078 listening on fd 10
D/qemud   (   38): client_fd_receive: attempting registration for service 'boot-properties'
D/qemud   (   38): client_fd_receive:    -> received channel id 1
D/qemud   (   38): client_registration: registration succeeded for client 1
I/qemu-props(   52): connected to 'boot-properties' qemud service.
I/qemu-props(   52): receiving..
I/qemu-props(   52): received: dalvik.vm.heapsize=64m
I/qemu-props(   52): receiving..
I/qemu-props(   52): received: ro.config.low_ram=true
I/qemu-props(   52): receiving..
I/qemu-props(   52): received: qemu.sf.lcd_density=160
I/qemu-props(   52): receiving..
I/qemu-props(   52): received: qemu.hw.mainkeys=0
I/qemu-props(   52): receiving..
I/qemu-props(   52): received: qemu.sf.fake_camera=none
I/qemu-props(   52): receiving..
D/qemud   (   38): fdhandler_event: disconnect on fd 10
I/qemu-props(   52): exiting (5 properties set).
D/AndroidRuntime(   33): 
D/AndroidRuntime(   33): >>>>>> AndroidRuntime START com.android.internal.os.ZygoteInit <<<<<<
D/AndroidRuntime(   33): CheckJNI is ON
D/qemud   (   38): fdhandler_accept_event: accepting on fd 9
D/qemud   (   38): created client 0xe078 listening on fd 10
D/qemud   (   38): fdhandler_event: disconnect on fd 10
D/qemud   (   38): fdhandler_accept_event: accepting on fd 9
D/qemud   (   38): created client 0xe078 listening on fd 10
D/qemud   (   38): client_fd_receive: attempting registration for service 'gsm'
D/qemud   (   38): client_fd_receive:    -> received channel id 2
D/qemud   (   38): client_registration: registration succeeded for client 2
I/        (   34): ServiceManager: 0xad50
D/AudioHardwareInterface(   34): setMode(NORMAL)
I/CameraService(   34): CameraService started (pid=34)
I/AudioFlinger(   34): AudioFlinger's thread 0xc658 ready to run
I/SamplingProfilerIntegration(   33): Profiler is disabled.
I/Zygote  (   33): Preloading classes...
E/Zygote  (   33): setreuid() failed. errno: 2
D/dalvikvm(   33): GC_EXPLICIT freed 47K, 78% free 234K/1024K, external 0K/0K, paused 15ms
D/dalvikvm(   33): GC_EXPLICIT freed 1K, 73% free 284K/1024K, external 0K/0K, paused 7ms
D/dalvikvm(   33): GC_EXPLICIT freed 22K, 69% free 318K/1024K, external 0K/0K, paused 3ms
D/dalvikvm(   33): GC_EXPLICIT freed 17K, 66% free 356K/1024K, external 0K/0K, paused 4ms
D/dalvikvm(   33): GC_EXPLICIT freed 26K, 63% free 385K/1024K, external 0K/0K, paused 4ms
D/dalvikvm(   33): GC_EXPLICIT freed 20K, 57% free 441K/1024K, external 0K/0K, paused 4ms
W/MediaProfiles(   33): could not find media config xml file
D/dalvikvm(   33): GC_EXPLICIT freed 99K, 47% free 547K/1024K, external 0K/0K, paused 7ms
D/dalvikvm(   33): GC_EXPLICIT freed 272K, 28% free 885K/1219K, external 0K/0K, paused 14ms
D/dalvikvm(   33): GC_EXPLICIT freed 21K, 24% free 932K/1219K, external 0K/0K, paused 11ms
D/RenderScript_jni(   33): RenderScript JNI library not found!
D/dalvikvm(   33): GC_EXPLICIT freed 25K, 19% free 999K/1219K, external 0K/0K, paused 13ms
D/dalvikvm(   33): GC_EXPLICIT freed 47K, 5% free 1281K/1347K, external 0K/0K, paused 19ms
D/dalvikvm(   33): GC_EXPLICIT freed 24K, 3% free 1311K/1347K, external 0K/0K, paused 18ms
D/dalvikvm(   33): GC_EXPLICIT freed 28K, 6% free 1336K/1411K, external 0K/0K, paused 18ms
D/dalvikvm(   33): GC_EXPLICIT freed 14K, 3% free 1377K/1411K, external 0K/0K, paused 18ms
D/dalvikvm(   33): GC_EXPLICIT freed 28K, 5% free 1402K/1475K, external 0K/0K, paused 19ms
D/dalvikvm(   33): GC_EXPLICIT freed 28K, 3% free 1439K/1475K, external 0K/0K, paused 19ms
D/dalvikvm(   33): GC_EXPLICIT freed 38K, 6% free 1457K/1539K, external 0K/0K, paused 20ms
D/dalvikvm(   33): GC_EXPLICIT freed 40K, 5% free 1471K/1539K, external 0K/0K, paused 19ms
D/dalvikvm(   33): GC_EXPLICIT freed 55K, 8% free 1485K/1603K, external 0K/0K, paused 19ms
D/dalvikvm(   33): GC_FOR_MALLOC freed 2954K, 58% free 2168K/5123K, external 0K/0K, paused 241ms
D/dalvikvm(   33): GC_EXPLICIT freed 1403K, 55% free 2310K/5123K, external 0K/0K, paused 121ms
D/dalvikvm(   33): GC_EXPLICIT freed 148K, 54% free 2373K/5123K, external 0K/0K, paused 32ms
D/dalvikvm(   33): GC_EXPLICIT freed 73K, 54% free 2398K/5123K, external 0K/0K, paused 31ms
D/dalvikvm(   33): GC_EXPLICIT freed 36K, 53% free 2416K/5123K, external 0K/0K, paused 30ms
D/dalvikvm(   33): GC_EXPLICIT freed 31K, 53% free 2439K/5123K, external 0K/0K, paused 31ms
D/dalvikvm(   33): GC_EXPLICIT freed 38K, 52% free 2462K/5123K, external 0K/0K, paused 31ms
I/Zygote  (   33): ...preloaded 1830 classes in 12324ms.
E/Zygote  (   33): setreuid() failed. errno: 17
D/dalvikvm(   33): GC_EXPLICIT freed 18K, 52% free 2460K/5123K, external 0K/0K, paused 30ms
I/Zygote  (   33): Preloading resources...
D/dalvikvm(   33): GC_EXTERNAL_ALLOC freed <1K, 52% free 2462K/5123K, external 0K/0K, paused 32ms
W/Zygote  (   33): Preloaded drawable resource #0x1080093 (res/drawable-mdpi/sym_def_app_icon.png) that varies with configuration!!
W/Zygote  (   33): Preloaded drawable resource #0x1080002 (res/drawable-mdpi/arrow_down_float.png) that varies with configuration!!
W/Zygote  (   33): Preloaded drawable resource #0x10800b4 (res/drawable/btn_check.xml) that varies with configuration!!
W/Zygote  (   33): Preloaded drawable resource #0x10800b7 (res/drawable-mdpi/btn_check_label_background.9.png) that varies with configuration!!
W/Zygote  (   33): Preloaded drawable resource #0x10800b8 (res/drawable-mdpi/btn_check_off.png) that varies with configuration!!
W/Zygote  (   33): Preloaded drawable resource #0x10800bd (res/drawable-mdpi/btn_check_on.png) that varies with configuration!!
W/Zygote  (   33): Preloaded drawable resource #0x1080004 (res/drawable/btn_default.xml) that varies with configuration!!
W/Zygote  (   33): Preloaded drawable resource #0x1080005 (res/drawable/btn_default_small.xml) that varies with configuration!!
W/Zygote  (   33): Preloaded drawable resource #0x1080006 (res/drawable/btn_dropdown.xml) that varies with configuration!!
W/Zygote  (   33): Preloaded drawable resource #0x1080008 (res/drawable/btn_plus.xml) that varies with configuration!!
W/Zygote  (   33): Preloaded drawable resource #0x1080007 (res/drawable/btn_minus.xml) that varies with configuration!!
W/Zygote  (   33): Preloaded drawable resource #0x1080009 (res/drawable/btn_radio.xml) that varies with configuration!!
W/Zygote  (   33): Preloaded drawable resource #0x108000a (res/drawable/btn_star.xml) that varies with configuration!!
D/dalvikvm(   33): GC_EXPLICIT freed 25K, 52% free 2499K/5123K, external 408K/521K, paused 31ms
W/Zygote  (   33): Preloaded drawable resource #0x1080132 (res/drawable/btn_toggle.xml) that varies with configuration!!
W/Zygote  (   33): Preloaded drawable resource #0x1080196 (res/drawable-mdpi/ic_emergency.png) that varies with configuration!!
W/Zygote  (   33): Preloaded drawable resource #0x1080012 (res/drawable-mdpi/divider_horizontal_bright.9.png) that varies with configuration!!
W/Zygote  (   33): Preloaded drawable resource #0x1080014 (res/drawable-mdpi/divider_horizontal_dark.9.png) that varies with configuration!!
W/Zygote  (   33): Preloaded drawable resource #0x1080016 (res/drawable/edit_text.xml) that varies with configuration!!
W/Zygote  (   33): Preloaded drawable resource #0x1080170 (res/drawable/expander_group.xml) that varies with configuration!!
W/Zygote  (   33): Preloaded drawable resource #0x1080062 (res/drawable/list_selector_background.xml) that varies with configuration!!
W/Zygote  (   33): Preloaded drawable resource #0x108022a (res/drawable-mdpi/menu_background.9.png) that varies with configuration!!
W/Zygote  (   33): Preloaded drawable resource #0x108022b (res/drawable-mdpi/menu_background_fill_parent_width.9.png) that varies with configuration!!
W/Zygote  (   33): Preloaded drawable resource #0x108022c (res/drawable/menu_selector.xml) that varies with configuration!!
D/dalvikvm(   33): GC_EXTERNAL_ALLOC freed 16K, 51% free 2512K/5123K, external 516K/521K, paused 31ms
W/Zygote  (   33): Preloaded drawable resource #0x108023a (res/drawable-mdpi/panel_background.9.png) that varies with configuration!!
W/Zygote  (   33): Preloaded drawable resource #0x1080242 (res/drawable-mdpi/popup_bottom_bright.9.png) that varies with configuration!!
W/Zygote  (   33): Preloaded drawable resource #0x1080243 (res/drawable-mdpi/popup_bottom_dark.9.png) that varies with configuration!!
W/Zygote  (   33): Preloaded drawable resource #0x1080244 (res/drawable-mdpi/popup_bottom_medium.9.png) that varies with configuration!!
W/Zygote  (   33): Preloaded drawable resource #0x1080245 (res/drawable-mdpi/popup_center_bright.9.png) that varies with configuration!!
W/Zygote  (   33): Preloaded drawable resource #0x1080246 (res/drawable-mdpi/popup_center_dark.9.png) that varies with configuration!!
W/Zygote  (   33): Preloaded drawable resource #0x1080249 (res/drawable-mdpi/popup_full_dark.9.png) that varies with configuration!!
W/Zygote  (   33): Preloaded drawable resource #0x108024c (res/drawable-mdpi/popup_top_bright.9.png) that varies with configuration!!
W/Zygote  (   33): Preloaded drawable resource #0x108024d (res/drawable-mdpi/popup_top_dark.9.png) that varies with configuration!!
W/Zygote  (   33): Preloaded drawable resource #0x108006d (res/drawable/progress_indeterminate_horizontal.xml) that varies with configuration!!
W/Zygote  (   33): Preloaded drawable resource #0x1080253 (res/drawable/progress_small.xml) that varies with configuration!!
W/Zygote  (   33): Preloaded drawable resource #0x1080254 (res/drawable/progress_small_titlebar.xml) that varies with configuration!!
W/Zygote  (   33): Preloaded drawable resource #0x1080274 (res/drawable-mdpi/scrollbar_handle_horizontal.9.png) that varies with configuration!!
W/Zygote  (   33): Preloaded drawable resource #0x1080275 (res/drawable-mdpi/scrollbar_handle_vertical.9.png) that varies with configuration!!
D/dalvikvm(   33): GC_EXPLICIT freed 15K, 51% free 2524K/5123K, external 585K/1038K, paused 32ms
W/Zygote  (   33): Preloaded drawable resource #0x1080071 (res/drawable/spinner_dropdown_background.xml) that varies with configuration!!
W/Zygote  (   33): Preloaded drawable resource #0x1080312 (res/drawable-mdpi/text_select_handle_left.png) that varies with configuration!!
W/Zygote  (   33): Preloaded drawable resource #0x1080313 (res/drawable-mdpi/text_select_handle_middle.png) that varies with configuration!!
W/Zygote  (   33): Preloaded drawable resource #0x1080314 (res/drawable-mdpi/text_select_handle_right.png) that varies with configuration!!
W/Zygote  (   33): Preloaded drawable resource #0x1080335 (res/drawable-mdpi/title_bar_shadow.9.png) that varies with configuration!!
W/Zygote  (   33): Preloaded drawable resource #0x10801d8 (res/drawable-mdpi/indicator_code_lock_drag_direction_green_up.png) that varies with configuration!!
W/Zygote  (   33): Preloaded drawable resource #0x10801d9 (res/drawable-mdpi/indicator_code_lock_drag_direction_red_up.png) that varies with configuration!!
W/Zygote  (   33): Preloaded drawable resource #0x10801da (res/drawable-mdpi/indicator_code_lock_point_area_default.png) that varies with configuration!!
W/Zygote  (   33): Preloaded drawable resource #0x10801db (res/drawable-mdpi/indicator_code_lock_point_area_green.png) that varies with configuration!!
W/Zygote  (   33): Preloaded drawable resource #0x10801dc (res/drawable-mdpi/indicator_code_lock_point_area_red.png) that varies with configuration!!
I/Zygote  (   33): ...preloaded 51 resources in 461ms.
I/Zygote  (   33): ...preloaded 15 resources in 13ms.
D/dalvikvm(   33): GC_EXPLICIT freed 23K, 51% free 2533K/5123K, external 716K/1038K, paused 32ms
D/dalvikvm(   33): GC_EXPLICIT freed 6K, 51% free 2526K/5123K, external 716K/1038K, paused 30ms
D/dalvikvm(   33): GC_EXPLICIT freed <1K, 51% free 2526K/5123K, external 716K/1038K, paused 31ms
I/dalvikvm(   33): System server process 61 has been created
I/Zygote  (   33): Accepting command socket connections
E/BatteryService(   61): usbOnlinePath not found
E/BatteryService(   61): batteryVoltagePath not found
E/BatteryService(   61): batteryTemperaturePath not found
I/sysproc (   61): Entered system_init()
I/sysproc (   61): ServiceManager: 0x93138
I/SurfaceFlinger(   61): SurfaceFlinger is starting
I/SurfaceFlinger(   61): SurfaceFlinger's main thread ready to run. Initializing graphics H/W...
E/SurfaceFlinger(   61): Couldn't open /sys/power/wait_for_fb_sleep or /sys/power/wait_for_fb_wake
I/gralloc (   61): using (fd=26)
I/gralloc (   61): id           = 
I/gralloc (   61): xres         = 320 px
I/gralloc (   61): yres         = 480 px
I/gralloc (   61): xres_virtual = 320 px
I/gralloc (   61): yres_virtual = 960 px
I/gralloc (   61): bpp          = 16
I/gralloc (   61): r            = 11:5
I/gralloc (   61): g            =  5:6
I/gralloc (   61): b            =  0:5
I/gralloc (   61): width        = 49 mm (165.877548 dpi)
I/gralloc (   61): height       = 74 mm (164.756760 dpi)
I/gralloc (   61): refresh rate = 60.00 Hz
D/libEGL  (   61): egl.cfg not found, using default config
D/libEGL  (   61): loaded /system/lib/egl/libGLES_android.so
I/SurfaceFlinger(   61): EGL informations:
I/SurfaceFlinger(   61): # of configs : 8
I/SurfaceFlinger(   61): vendor    : Android
I/SurfaceFlinger(   61): version   : 1.4 Android META-EGL
I/SurfaceFlinger(   61): extensions: EGL_KHR_image EGL_KHR_image_base EGL_KHR_image_pixmap EGL_ANDROID_image_native_buffer EGL_ANDROID_swap_rectangle 
I/SurfaceFlinger(   61): Client API: OpenGL ES
I/SurfaceFlinger(   61): EGLSurface: 5-6-5-0, config=0x0
I/SurfaceFlinger(   61): OpenGL informations:
I/SurfaceFlinger(   61): vendor    : Android
I/SurfaceFlinger(   61): renderer  : Android PixelFlinger 1.4
I/SurfaceFlinger(   61): version   : OpenGL ES-CM 1.0
I/SurfaceFlinger(   61): extensions: GL_OES_byte_coordinates GL_OES_fixed_point GL_OES_single_precision GL_OES_read_format GL_OES_compressed_paletted_texture GL_OES_draw_texture GL_OES_matrix_get GL_OES_query_matrix GL_OES_EGL_image GL_OES_compressed_ETC1_RGB8_texture GL_ARB_texture_compression GL_ARB_texture_non_power_of_two GL_ANDROID_user_clip_plane GL_ANDROID_vertex_buffer_object GL_ANDROID_generate_mipmap 
I/SurfaceFlinger(   61): GL_MAX_TEXTURE_SIZE = 4096
I/SurfaceFlinger(   61): GL_MAX_VIEWPORT_DIMS = 4096
I/SurfaceFlinger(   61): flags = 000c0000
D/SensorService(   61): nuSensorService starting...
E/SensorService(   61): couldn't open device for module sensors (Invalid argument)
I/sysproc (   61): System server: starting Android runtime.
I/sysproc (   61): System server: starting Android services.
I/SystemServer(   61): Entered the Android system server!
I/sysproc (   61): System server: entering thread pool.
I/SystemServer(   61): Entropy Service
I/SystemServer(   61): Power Manager
I/SystemServer(   61): Activity Manager
I/ActivityManager(   61): Memory class: 64
W/UsageStats(   61): Usage stats version changed; dropping
I/SystemServer(   61): Telephony Registry
D/libEGL  (   73): egl.cfg not found, using default config
D/libEGL  (   73): loaded /system/lib/egl/libGLES_android.so
I/SystemServer(   61): Package Manager
W/zipro   (   73): Unable to open zip '/data/local/bootanimation.zip': No such file or directory
W/zipro   (   73): Unable to open zip '/system/media/bootanimation.zip': No such file or directory
I/Installer(   61): connecting...
I/installd(   35): new connection
I/ARMAssembler(   61): generated scanline__00000077:03010104_00000004_00000000 [ 22 ipp] (41 ins) at [0x46efd1e8:0x46efd28c] in 2796849 ns
I/ARMAssembler(   73): generated scanline__00000077:03545404_00000A01_00000000 [ 30 ipp] (51 ins) at [0x403461e8:0x403462b4] in 1838051 ns
D/dalvikvm(   61): GC_CONCURRENT freed 168K, 50% free 2836K/5639K, external 716K/1038K, paused 3ms+4ms
W/PackageManager(   61): Running ENG build: no pre-dexopt!
D/dalvikvm(   61): GC_CONCURRENT freed 240K, 49% free 3040K/5895K, external 716K/1038K, paused 3ms+4ms
D/dalvikvm(   61): GC_CONCURRENT freed 239K, 47% free 3308K/6215K, external 716K/1038K, paused 3ms+5ms
D/PackageManager(   61): No files in app dir /vendor/app
I/PackageManager(   61): Unpacking native libraries for /data/app/com.nofatclips.crawler-1.apk
D/szipinf (   61): Initializing inflate state
I/PackageManager(   61): Unpacking native libraries for /data/app/org.wordpress.android-1.apk
I/PackageManager(   61): Unpacking native libraries for /data/app/GestureBuilder.apk
I/PackageManager(   61): Unpacking native libraries for /data/app/SoftKeyboard.apk
I/PackageManager(   61): Unpacking native libraries for /data/app/CubeLiveWallpapers.apk
D/szipinf (   61): Initializing inflate state
W/PackageParser(   61): No actions in intent filter at /data/app/ApiDemos.apk Binary XML file line #1882
W/PackageParser(   61): No actions in intent filter at /data/app/ApiDemos.apk Binary XML file line #1888
W/PackageManager(   61): Package com.example.android.apis desires unavailable shared library com.example.will.never.exist; ignoring!
I/PackageManager(   61): Unpacking native libraries for /data/app/ApiDemos.apk
D/dalvikvm(   61): GC_CONCURRENT freed 254K, 45% free 3606K/6471K, external 716K/1038K, paused 3ms+6ms
I/PackageManager(   61): Time to scan packages: 1.31 seconds
W/PackageManager(   61): Unknown permission com.google.android.googleapps.permission.GOOGLE_AUTH.mail in package com.android.contacts
W/PackageManager(   61): Unknown permission android.permission.ADD_SYSTEM_SERVICE in package com.android.phone
W/PackageManager(   61): Not granting permission android.permission.SEND_DOWNLOAD_COMPLETED_INTENTS to package com.android.browser (protectionLevel=2 flags=0x9be45)
W/PackageManager(   61): Unknown permission com.google.android.gm.permission.WRITE_GMAIL in package com.android.settings
W/PackageManager(   61): Unknown permission com.google.android.gm.permission.READ_GMAIL in package com.android.settings
W/PackageManager(   61): Unknown permission com.google.android.googleapps.permission.GOOGLE_AUTH in package com.android.settings
W/PackageManager(   61): Unknown permission com.google.android.googleapps.permission.GOOGLE_AUTH in package com.android.providers.contacts
W/PackageManager(   61): Unknown permission com.google.android.googleapps.permission.GOOGLE_AUTH.cp in package com.android.providers.contacts
W/PackageManager(   61): Unknown permission com.google.android.googleapps.permission.ACCESS_GOOGLE_PASSWORD in package com.android.development
W/PackageManager(   61): Unknown permission com.google.android.googleapps.permission.GOOGLE_AUTH in package com.android.development
W/PackageManager(   61): Unknown permission com.google.android.googleapps.permission.GOOGLE_AUTH.ALL_SERVICES in package com.android.development
W/PackageManager(   61): Unknown permission com.google.android.googleapps.permission.GOOGLE_AUTH.YouTubeUser in package com.android.development
W/PackageManager(   61): Unknown permission android.permission.READ_OWNER_DATA in package com.android.email
W/PackageManager(   61): Not granting permission android.permission.DEVICE_POWER to package com.android.deskclock (protectionLevel=2 flags=0x8be45)
D/dalvikvm(   61): GC_EXPLICIT freed 315K, 46% free 3570K/6599K, external 716K/1038K, paused 51ms
I/SystemServer(   61): Account Manager
I/SystemServer(   61): Content Manager
I/SystemServer(   61): System Content Providers
I/ActivityThread(   61): Pub settings: com.android.providers.settings.SettingsProvider
I/SystemServer(   61): Battery Service
D/SettingsProvider(   61): cache for settings table 'secure' rows=27; fullycached=true
I/SystemServer(   61): Lights Service
I/SystemServer(   61): Vibrator Service
D/qemud   (   38): fdhandler_accept_event: accepting on fd 9
D/qemud   (   38): created client 0x13ee8 listening on fd 11
D/qemud   (   38): client_fd_receive: attempting registration for service 'hw-control'
D/qemud   (   38): client_fd_receive:    -> received channel id 3
D/SettingsProvider(   61): cache for settings table 'system' rows=46; fullycached=true
D/qemud   (   38): client_registration: registration succeeded for client 3
I/SystemServer(   61): Alarm Manager
I/SystemServer(   61): Init Watchdog
I/SystemServer(   61): Window Manager
I/InputManager(   61): Initializing input manager
I/InputManager(   61): Starting input manager
I/SystemServer(   61): Registering null Bluetooth Service (emulator)
E/System  (   61): Failure starting core service
E/System  (   61): java.lang.SecurityException
E/System  (   61): 	at android.os.BinderProxy.transact(Native Method)
E/System  (   61): 	at android.os.ServiceManagerProxy.addService(ServiceManagerNative.java:146)
E/System  (   61): 	at android.os.ServiceManager.addService(ServiceManager.java:72)
E/System  (   61): 	at com.android.server.ServerThread.run(SystemServer.java:206)
I/SystemServer(   61): Device Policy
I/SystemServer(   61): Status Bar
I/SystemServer(   61): Clipboard Service
I/SystemServer(   61): Input Method Service
I/EventHub(   61): New keyboard: device->id=0x10000 devname='qwerty2' propName='hw.keyboards.65536.devname' keylayout='/system/usr/keylayout/qwerty.kl'
I/EventHub(   61): New device: path=/dev/input/event0 name=qwerty2 id=0x10000 (of 0x1) index=1 fd=86 classes=0x87
E/EventHub(   61): could not get driver version for /dev/input/mouse0, Not a typewriter
E/EventHub(   61): could not get driver version for /dev/input/mice, Not a typewriter
I/InputManager-Callbacks(   61): No input device calibration properties found for device qwerty2.
I/InputReader(   61): Device added: id=0x0, name=qwerty2, sources=00001103
I/InputManagerService(   61): Enabled input methods: jp.co.omronsoft.openwnn/.OpenWnnJAJP:com.android.inputmethod.latin/.LatinIME:com.android.inputmethod.pinyin/.PinyinIME:com.example.android.softkeyboard/.SoftKeyboard
I/SystemServer(   61): NetStat Service
I/SystemServer(   61): NetworkManagement Service
I/SystemServer(   61): Connectivity Service
I/WifiService(   61): WifiService starting up with Wi-Fi disabled
D/NetworkManagmentService(   61): Registering observer
I/SystemServer(   61): Throttle Service
I/SystemServer(   61): Accessibility Manager
I/SystemServer(   61): Mount Service
I/SystemServer(   61): Notification Manager
I/SystemServer(   61): Device Storage Monitor
I/SystemServer(   61): Location Manager
I/SystemServer(   61): Search Service
I/SystemServer(   61): DropBox Service
D/VoldCmdListener(   29): volume list
I/SystemServer(   61): Wallpaper Service
I/PackageManager(   61): Updating external media status from unmounted to unmounted
I/SystemServer(   61): Audio Service
D/VoldCmdListener(   29): share status ums
D/AudioHardwareInterface(   34): setMode(NORMAL)
W/AudioPolicyManagerBase(   34): setPhoneState() setting same state 0
E/SoundPool(   61): error loading /system/media/audio/ui/Effect_Tick.ogg
W/AudioService(   61): Soundpool could not load file: /system/media/audio/ui/Effect_Tick.ogg
E/SoundPool(   61): error loading /system/media/audio/ui/KeypressStandard.ogg
W/AudioService(   61): Soundpool could not load file: /system/media/audio/ui/KeypressStandard.ogg
E/SoundPool(   61): error loading /system/media/audio/ui/KeypressSpacebar.ogg
W/AudioService(   61): Soundpool could not load file: /system/media/audio/ui/KeypressSpacebar.ogg
E/SoundPool(   61): error loading /system/media/audio/ui/KeypressDelete.ogg
W/AudioService(   61): Soundpool could not load file: /system/media/audio/ui/KeypressDelete.ogg
E/SoundPool(   61): error loading /system/media/audio/ui/KeypressReturn.ogg
W/AudioService(   61): Soundpool could not load file: /system/media/audio/ui/KeypressReturn.ogg
I/SystemServer(   61): Headset Observer
W/HeadsetObserver(   61): This kernel does not have wired headset support
I/SystemServer(   61): Dock Observer
W/DockObserver(   61): This kernel does not have dock station support
I/SystemServer(   61): USB Observer
W/UsbObserver(   61): This kernel does not have USB configuration switch support
E/UsbObserver(   61): 
E/UsbObserver(   61): java.lang.NullPointerException
E/UsbObserver(   61): 	at com.android.server.UsbObserver.init(UsbObserver.java:131)
E/UsbObserver(   61): 	at com.android.server.UsbObserver.<init>(UsbObserver.java:65)
E/UsbObserver(   61): 	at com.android.server.ServerThread.run(SystemServer.java:402)
I/SystemServer(   61): UI Mode Manager Service
D/dalvikvm(   61): GC_CONCURRENT freed 273K, 44% free 3814K/6727K, external 716K/1038K, paused 4ms+6ms
I/SystemServer(   61): Backup Service
V/BackupManagerService(   61): No ancestral data
I/BackupManagerService(   61): Found stale backup journal, scheduling
I/BackupManagerService(   61):   com.android.inputmethod.latin
I/BackupManagerService(   61):   com.android.browser
I/BackupManagerService(   61):   com.android.providers.userdictionary
I/BackupManagerService(   61):   android
I/BackupManagerService(   61):   com.android.providers.settings
I/BackupManagerService(   61): Backup enabled => true
I/SystemServer(   61): AppWidget Service
I/SystemServer(   61): Recognition Service
I/SystemServer(   61): DiskStats Service
I/WindowManager(   61): SAFE MODE not enabled
D/dalvikvm(   61): JIT started for system_server
D/PowerManagerService(   61): system ready!
I/ActivityManager(   61): System now ready
I/SystemServer(   61): Making services ready
I/StatusBarManagerService(   61): Starting service: ComponentInfo{com.android.systemui/com.android.systemui.statusbar.StatusBarService}
I/Zygote  (   61): Process: zygote socket opened
I/ActivityManager(   61): Start proc com.android.systemui for service com.android.systemui/.statusbar.StatusBarService: pid=110 uid=1000 gids={3002, 3001, 3003}
I/ActivityManager(   61): Config changed: { scale=1.0 imsi=0/0 loc=en_US touch=0 keys=0/0/0 nav=0/0 orien=0 layout=0 uiMode=17 seq=2}
W/RecognitionManagerService(   61): no available voice recognition services found
I/ActivityManager(   61): Config changed: { scale=1.0 imsi=0/0 loc=en_US touch=3 keys=2/1/2 nav=1/1 orien=1 layout=18 uiMode=17 seq=3}
I/ActivityManager(   61): Start proc jp.co.omronsoft.openwnn for service jp.co.omronsoft.openwnn/.OpenWnnJAJP: pid=117 uid=10004 gids={}
W/GpsLocationProvider(   61): Could not open GPS configuration file /etc/gps.conf
D/NetworkManagmentService(   61): Registering observer
E/ThrottleService(   61): Could not open GPS configuration file /etc/gps.conf
I/ActivityManager(   61): Start proc com.android.phone for added application com.android.phone: pid=128 uid=1001 gids={3002, 3001, 3003, 1015}
I/ActivityManager(   61): Start proc com.android.systemui for added application com.android.systemui: pid=129 uid=1000 gids={3002, 3001, 3003}
I/ActivityManager(   61): Starting: Intent { act=android.intent.action.MAIN cat=[android.intent.category.HOME] flg=0x10000000 cmp=com.android.launcher/com.android.launcher2.Launcher } from pid 0
I/ActivityManager(   61): Start proc com.android.launcher for activity com.android.launcher/com.android.launcher2.Launcher: pid=134 uid=10013 gids={}
W/ActivityManager(   61): Unable to start service Intent { act=@0 }: not found
W/ActivityManager(   61): Unable to start service Intent { act=@0 }: not found
D/qemud   (   38): fdhandler_accept_event: accepting on fd 9
D/qemud   (   38): created client 0x13f38 listening on fd 12
I/SystemServer(   61): Enabled StrictMode for system server main thread.
D/qemud   (   38): client_fd_receive: attempting registration for service 'gps'
D/qemud   (   38): client_fd_receive:    -> received channel id 4
D/qemud   (   38): client_registration: registration succeeded for client 4
D/dalvikvm(   61): GC_EXTERNAL_ALLOC freed 170K, 42% free 3905K/6727K, external 1035K/1038K, paused 55ms
W/ActivityManager(   61): No pending application record for pid 110 (IApplicationThread android.app.ApplicationThreadProxy@405c95c0); dropping process
I/Process (   61): Sending signal. PID: 110 SIG: 9
I/ActivityManager(   61): Start proc com.android.settings for broadcast com.android.settings/.widget.SettingsAppWidgetProvider: pid=158 uid=1000 gids={3002, 3001, 3003}
E/logwrapper(  161): executing /system/bin/tc failed: No such file or directory
I/logwrapper(   30): /system/bin/tc terminated by exit(1)
E/logwrapper(  164): executing /system/bin/tc failed: No such file or directory
I/logwrapper(   30): /system/bin/tc terminated by exit(1)
E/logwrapper(  167): executing /system/bin/tc failed: No such file or directory
I/logwrapper(   30): /system/bin/tc terminated by exit(1)
D/dalvikvm(  134): GC_CONCURRENT freed 405K, 54% free 2639K/5639K, external 716K/1038K, paused 4ms+52ms
I/ActivityThread(  134): Pub com.android.launcher2.settings: com.android.launcher2.LauncherProvider
D/dalvikvm(  117): GC_CONCURRENT freed 395K, 54% free 2650K/5639K, external 716K/1038K, paused 2ms+42ms
D/dalvikvm(  129): GC_CONCURRENT freed 406K, 54% free 2638K/5639K, external 716K/1038K, paused 13ms+44ms
D/dalvikvm(  128): GC_CONCURRENT freed 403K, 54% free 2641K/5639K, external 716K/1038K, paused 3ms+8ms
D/dalvikvm(   61): GC_EXTERNAL_ALLOC freed 202K, 42% free 3949K/6791K, external 1558K/1567K, paused 233ms
I/ActivityThread(  128): Pub mms: com.android.providers.telephony.MmsProvider
D/dalvikvm(  158): GC_CONCURRENT freed 406K, 54% free 2638K/5639K, external 716K/1038K, paused 3ms+3ms
I/ActivityThread(  128): Pub sms: com.android.providers.telephony.SmsProvider
D/dalvikvm(   61): GREF has increased to 201
I/ActivityThread(  128): Pub telephony: com.android.providers.telephony.TelephonyProvider
D/dalvikvm(  117): No JNI_OnLoad found in /system/lib/libwnndict.so 0x40512cf0, skipping init
I/ActivityThread(  128): Pub icc: com.android.phone.IccProvider
I/ActivityThread(  128): Pub mms-sms: com.android.providers.telephony.MmsSmsProvider
I/StatusBarManagerService(   61): registerStatusBar bar=com.android.internal.statusbar.IStatusBar$Stub$Proxy@406125e8
D/dalvikvm(  117): GC_CONCURRENT freed 212K, 50% free 2912K/5767K, external 716K/1038K, paused 3ms+19ms
D/VoldCmdListener(   29): share status ums
D/StorageNotification(  129): Startup with UMS connection false (media state unmounted)
I/StorageNotification(  129): UMS connection changed to false (media state unmounted)
D/dalvikvm(   61): GC_EXTERNAL_ALLOC freed 197K, 42% free 4033K/6855K, external 1474K/1745K, paused 220ms
D/dalvikvm(  117): GC_CONCURRENT freed 434K, 50% free 3047K/6087K, external 716K/1038K, paused 3ms+3ms
D/AndroidRuntime(  177): 
D/AndroidRuntime(  177): >>>>>> AndroidRuntime START com.android.internal.os.RuntimeInit <<<<<<
D/CallManager(  128): registerPhone(GSM Handler{4055f108})
D/AndroidRuntime(  177): CheckJNI is ON
I/ActivityManager(   61): Start proc android.process.acore for content provider com.android.providers.contacts/.CallLogProvider: pid=190 uid=10006 gids={3003, 1015}
W/ActivityManager(   61): Unable to start service Intent { act=com.android.ussd.IExtendedNetworkService }: not found
D/dalvikvm(  134): GC_EXTERNAL_ALLOC freed 51K, 53% free 2701K/5639K, external 1032K/1038K, paused 377ms
D/AlarmManagerService(   61): Kernel timezone updated to 0 minutes west of GMT
D/SystemClock(  128): Setting time of day to sec=1406578264
I/ActivityManager(   61): Start proc com.android.deskclock for broadcast com.android.deskclock/.AlarmInitReceiver: pid=194 uid=10019 gids={}
W/SystemClock(  128): Unable to set rtc to 1406578264: Invalid argument
I/TelephonyRegistry(   61): notifyDataConnection: state=0 isDataConnectivityPossible=false reason=radioTurnedOff interfaceName=null networkType=0
I/TelephonyRegistry(   61): notifyDataConnection: state=0 isDataConnectivityPossible=false reason=gprsDetached interfaceName=null networkType=0
I/TelephonyRegistry(   61): notifyServiceState: 0 home Android Android 310260  UMTS CSS not supported 0 0RoamInd: 0DefRoamInd: 0EmergOnly: false
D/dalvikvm(  128): GC_CONCURRENT freed 170K, 49% free 2916K/5703K, external 716K/1038K, paused 3ms+44ms
I/TelephonyRegistry(   61): notifyDataConnection: state=0 isDataConnectivityPossible=false reason=null interfaceName=null networkType=3
I/ActivityThread(  190): Pub com.android.social: com.android.providers.contacts.SocialProvider
D/MccTable(  128): updateMccMncConfiguration: mcc=310, mnc=260
I/ActivityThread(  190): Pub applications: com.android.providers.applications.ApplicationsProvider
D/MccTable(  128): locale set to en_us
D/MccTable(  128): WIFI_NUM_ALLOWED_CHANNELS set to 11
I/WifiService(   61): WifiService trying to setNumAllowed to 11 with persist set to true
I/ActivityManager(   61): Config changed: { scale=1.0 imsi=310/260 loc=en_US touch=3 keys=2/1/2 nav=1/1 orien=1 layout=18 uiMode=17 seq=4}
I/TelephonyRegistry(   61): notifyMessageWaitingChanged: false
I/TelephonyRegistry(   61): notifyCallForwardingChanged: false
D/dalvikvm(  190): GC_CONCURRENT freed 406K, 54% free 2613K/5639K, external 716K/1038K, paused 3ms+67ms
D/dalvikvm(   61): GC_CONCURRENT freed 278K, 42% free 4096K/6983K, external 1865K/3065K, paused 4ms+10ms
D/dalvikvm(  194): GC_CONCURRENT freed 366K, 54% free 2607K/5575K, external 716K/1038K, paused 3ms+54ms
I/ActivityThread(  194): Pub com.android.deskclock: com.android.deskclock.AlarmProvider
D/TelephonyProvider(  128): Setting numeric '310260' to be the current operator
I/TelephonyRegistry(   61): notifyDataConnection: state=1 isDataConnectivityPossible=true reason=simLoaded interfaceName=null networkType=3
I/ActivityThread(  190): Pub contacts;com.android.contacts: com.android.providers.contacts.ContactsProvider2
I/TelephonyRegistry(   61): notifyDataConnection: state=2 isDataConnectivityPossible=true reason=simLoaded interfaceName=/dev/omap_csmi_tty1 networkType=3
D/Tethering(   61): MasterInitialState.processMessage what=3
D/SntpClient(   61): request time failed: java.net.SocketException: Address family not supported by protocol
D/dalvikvm(  134): GC_EXTERNAL_ALLOC freed 59K, 51% free 2764K/5639K, external 1567K/1572K, paused 340ms
I/ActivityManager(   61): Start proc com.android.protips for broadcast com.android.protips/.ProtipWidget: pid=218 uid=10024 gids={}
D/dalvikvm(   33): GC_EXPLICIT freed 10K, 53% free 2538K/5379K, external 716K/1038K, paused 169ms
D/dalvikvm(   33): GC_EXPLICIT freed <1K, 53% free 2538K/5379K, external 716K/1038K, paused 183ms
D/AndroidRuntime(  177): Calling main entry com.android.commands.am.Am
I/ActivityManager(   61): Force stopping package org.wordpress.android uid=10034
D/dalvikvm(   33): GC_EXPLICIT freed <1K, 53% free 2538K/5379K, external 716K/1038K, paused 190ms
I/ActivityManager(   61): Start proc org.wordpress.android for added application org.wordpress.android: pid=229 uid=10034 gids={3003, 1006, 1015}
I/ActivityManager(   61): Start proc com.android.music for broadcast com.android.music/.MediaAppWidgetProvider: pid=236 uid=10005 gids={3003, 1015}
D/dalvikvm(  134): GC_EXTERNAL_ALLOC freed 47K, 51% free 2788K/5639K, external 2079K/2085K, paused 194ms
I/ActivityThread(  190): Pub call_log: com.android.providers.contacts.CallLogProvider
I/ActivityThread(  190): Pub user_dictionary: com.android.providers.userdictionary.UserDictionaryProvider
D/dalvikvm(   61): GREF has increased to 301
D/szipinf (  229): Initializing inflate state
D/dalvikvm(  134): GC_EXPLICIT freed 23K, 51% free 2806K/5639K, external 2387K/2620K, paused 141ms
I/ActivityManager(   61): Start proc com.android.quicksearchbox for broadcast com.android.quicksearchbox/.SearchWidgetProvider: pid=246 uid=10002 gids={3003}
D/nofatclips(  229): Updating node 
D/nofatclips(  229): Loading node 
I/nofatclips(  229): Preferences file found.
V/nofatclips(  229): Updating value ACTIVITY_DESCRIPTION_IN_SESSION
V/nofatclips(  229): Updating value ADDITIONAL_CRITERIAS
V/nofatclips(  229): Updating value ADDITIONAL_EVENTS
V/nofatclips(  229): Updating value ADDITIONAL_INPUTS
V/nofatclips(  229): Updating value CLASS_NAME
D/nofatclips(  229): Updated value of parameter CLASS_NAME to org.wordpress.android.Dashboard (default = app.package.class)
V/nofatclips(  229): Updating value ENABLE_RESUME
V/nofatclips(  229): Updating value PACKAGE_NAME
D/nofatclips(  229): Updated value of parameter PACKAGE_NAME to org.wordpress.android (default = app.package)
V/nofatclips(  229): Updating value RANDOM_SEED
D/nofatclips(  229): Updated value of parameter RANDOM_SEED to -5458513649724952404 (default = 5466516511651561651)
V/nofatclips(  229): Updating value RETRY_FAILED_TRACES
V/nofatclips(  229): Updating value theClass
I/ActivityThread(  246): Pub com.android.quicksearchbox.google: com.android.quicksearchbox.google.GoogleSuggestionProvider
D/nofatclips(  229): Updating node scheduler
D/nofatclips(  229): Loading node scheduler
V/nofatclips(  229): Updating value ALL_EVENTS_ON_PREFERENCES
V/nofatclips(  229): Updating value BACK_BUTTON_EVENT
V/nofatclips(  229): Updating value DICTIONARY_FIXED_VALUE
V/nofatclips(  229): Updating value DICTIONARY_IGNORE_CONTENT_TYPES
V/nofatclips(  229): Updating value EMULATOR_PORT
V/nofatclips(  229): Updating value EVENTS
D/nofatclips(  229): Updated values of array parameter EVENTS
V/nofatclips(  229): Updating value EVENT_WHEN_NO_ID
V/nofatclips(  229): Updating value EXCLUDE_WIDGETS_INPUTS_IN_GPS_EVENTS
V/nofatclips(  229): Updating value EXCLUDE_WIDGETS_INPUTS_IN_SENSORS_EVENTS
V/nofatclips(  229): Updating value INPUTS
I/ActivityThread(  246): Pub com.android.quicksearchbox.shortcuts: com.android.quicksearchbox.ShortcutsProvider
D/nofatclips(  229): Updated values of array parameter INPUTS
V/nofatclips(  229): Updating value KEY_EVENTS
V/nofatclips(  229): Updating value MAX_EVENTS_PER_WIDGET
V/nofatclips(  229): Updating value MAX_TASKS_IN_SCHEDULER
D/nofatclips(  229): Updated value of parameter MAX_TASKS_IN_SCHEDULER to 2 (default = 0)
V/nofatclips(  229): Updating value MAX_TASKS_PER_EVENT
V/nofatclips(  229): Updating value MENU_EVENTS
V/nofatclips(  229): Updating value ORIENTATION_EVENTS
V/nofatclips(  229): Updating value PLANNER
V/nofatclips(  229): Updating value REFLECT_ACTIVITY_LISTENERS
V/nofatclips(  229): Updating value REFLECT_WIDGETS
V/nofatclips(  229): Updating value SCHEDULER_ALGORITHM
D/nofatclips(  229): Updated value of parameter SCHEDULER_ALGORITHM to DEPTH_FIRST (default = BREADTH_FIRST)
V/nofatclips(  229): Updating value SCROLL_DOWN_EVENT
V/nofatclips(  229): Updating value SENSOR_TYPES
V/nofatclips(  229): Updating value SIMULATE_INCOMING_CALL
V/nofatclips(  229): Updating value SIMULATE_INCOMING_SMS
V/nofatclips(  229): Updating value TAB_EVENTS_START_ONLY
V/nofatclips(  229): Updating value TEST_LOCATION_PROVIDER
V/nofatclips(  229): Updating value TEXT_VALUES_FROM_DICTIONARY
V/nofatclips(  229): Updating value TEXT_VALUES_ID_HASH
V/nofatclips(  229): Updating value USE_GPS
V/nofatclips(  229): Updating value USE_SENSORS
D/nofatclips(  229): Updating node planner
