I/ActivityManager(   61): Start proc org.wordpress.android for added application org.wordpress.android: pid=255 uid=10034 gids={3003, 1006, 1015}
D/szipinf (  255): Initializing inflate state
D/nofatclips(  255): Updating node 
D/nofatclips(  255): Loading node 
I/nofatclips(  255): Preferences file found.
V/nofatclips(  255): Updating value ACTIVITY_DESCRIPTION_IN_SESSION
V/nofatclips(  255): Updating value ADDITIONAL_CRITERIAS
V/nofatclips(  255): Updating value ADDITIONAL_EVENTS
V/nofatclips(  255): Updating value ADDITIONAL_INPUTS
V/nofatclips(  255): Updating value CLASS_NAME
D/nofatclips(  255): Updated value of parameter CLASS_NAME to org.wordpress.android.Dashboard (default = app.package.class)
V/nofatclips(  255): Updating value ENABLE_RESUME
V/nofatclips(  255): Updating value PACKAGE_NAME
D/nofatclips(  255): Updated value of parameter PACKAGE_NAME to org.wordpress.android (default = app.package)
V/nofatclips(  255): Updating value RANDOM_SEED
D/nofatclips(  255): Updated value of parameter RANDOM_SEED to 6536998928337723431 (default = 5466516511651561651)
V/nofatclips(  255): Updating value RETRY_FAILED_TRACES
V/nofatclips(  255): Updating value theClass
D/nofatclips(  255): Updating node scheduler
D/nofatclips(  255): Loading node scheduler
V/nofatclips(  255): Updating value ALL_EVENTS_ON_PREFERENCES
V/nofatclips(  255): Updating value BACK_BUTTON_EVENT
V/nofatclips(  255): Updating value DICTIONARY_FIXED_VALUE
V/nofatclips(  255): Updating value DICTIONARY_IGNORE_CONTENT_TYPES
V/nofatclips(  255): Updating value EMULATOR_PORT
V/nofatclips(  255): Updating value EVENTS
D/nofatclips(  255): Updated values of array parameter EVENTS
V/nofatclips(  255): Updating value EVENT_WHEN_NO_ID
V/nofatclips(  255): Updating value EXCLUDE_WIDGETS_INPUTS_IN_GPS_EVENTS
V/nofatclips(  255): Updating value EXCLUDE_WIDGETS_INPUTS_IN_SENSORS_EVENTS
V/nofatclips(  255): Updating value INPUTS
D/nofatclips(  255): Updated values of array parameter INPUTS
V/nofatclips(  255): Updating value KEY_EVENTS
V/nofatclips(  255): Updating value MAX_EVENTS_PER_WIDGET
V/nofatclips(  255): Updating value MAX_TASKS_IN_SCHEDULER
D/nofatclips(  255): Updated value of parameter MAX_TASKS_IN_SCHEDULER to 2 (default = 0)
V/nofatclips(  255): Updating value MAX_TASKS_PER_EVENT
V/nofatclips(  255): Updating value MENU_EVENTS
V/nofatclips(  255): Updating value ORIENTATION_EVENTS
V/nofatclips(  255): Updating value PLANNER
I/ContactsDatabaseHelper(  180): Switching to locale en_US
V/nofatclips(  255): Updating value REFLECT_ACTIVITY_LISTENERS
V/nofatclips(  255): Updating value REFLECT_WIDGETS
V/nofatclips(  255): Updating value SCHEDULER_ALGORITHM
D/nofatclips(  255): Updated value of parameter SCHEDULER_ALGORITHM to DEPTH_FIRST (default = BREADTH_FIRST)
V/nofatclips(  255): Updating value SCROLL_DOWN_EVENT
V/nofatclips(  255): Updating value SENSOR_TYPES
V/nofatclips(  255): Updating value SIMULATE_INCOMING_CALL
V/nofatclips(  255): Updating value SIMULATE_INCOMING_SMS
V/nofatclips(  255): Updating value TAB_EVENTS_START_ONLY
V/nofatclips(  255): Updating value TEST_LOCATION_PROVIDER
V/nofatclips(  255): Updating value TEXT_VALUES_FROM_DICTIONARY
V/nofatclips(  255): Updating value TEXT_VALUES_ID_HASH
V/nofatclips(  255): Updating value USE_GPS
V/nofatclips(  255): Updating value USE_SENSORS
D/nofatclips(  255): Updating node planner
D/nofatclips(  255): Loading node planner
V/nofatclips(  255): Updating value ALL_EVENTS_ON_PREFERENCES
V/nofatclips(  255): Updating value BACK_BUTTON_EVENT
V/nofatclips(  255): Updating value DICTIONARY_FIXED_VALUE
V/nofatclips(  255): Updating value DICTIONARY_IGNORE_CONTENT_TYPES
V/nofatclips(  255): Updating value EMULATOR_PORT
V/nofatclips(  255): Updating value EVENTS
D/nofatclips(  255): Updated values of array parameter EVENTS
V/nofatclips(  255): Updating value EVENT_WHEN_NO_ID
V/nofatclips(  255): Updating value EXCLUDE_WIDGETS_INPUTS_IN_GPS_EVENTS
V/nofatclips(  255): Updating value EXCLUDE_WIDGETS_INPUTS_IN_SENSORS_EVENTS
V/nofatclips(  255): Updating value INPUTS
D/nofatclips(  255): Updated values of array parameter INPUTS
V/nofatclips(  255): Updating value KEY_EVENTS
V/nofatclips(  255): Updating value MAX_EVENTS_PER_WIDGET
V/nofatclips(  255): Updating value MAX_TASKS_IN_SCHEDULER
V/nofatclips(  255): Updating value MAX_TASKS_PER_EVENT
V/nofatclips(  255): Updating value MENU_EVENTS
V/nofatclips(  255): Updating value ORIENTATION_EVENTS
V/nofatclips(  255): Updating value PLANNER
V/nofatclips(  255): Updating value REFLECT_ACTIVITY_LISTENERS
V/nofatclips(  255): Updating value REFLECT_WIDGETS
V/nofatclips(  255): Updating value SCHEDULER_ALGORITHM
V/nofatclips(  255): Updating value SCROLL_DOWN_EVENT
V/nofatclips(  255): Updating value SENSOR_TYPES
V/nofatclips(  255): Updating value SIMULATE_INCOMING_CALL
V/nofatclips(  255): Updating value SIMULATE_INCOMING_SMS
V/nofatclips(  255): Updating value TAB_EVENTS_START_ONLY
V/nofatclips(  255): Updating value TEST_LOCATION_PROVIDER
V/nofatclips(  255): Updating value TEXT_VALUES_FROM_DICTIONARY
V/nofatclips(  255): Updating value TEXT_VALUES_ID_HASH
D/nofatclips(  255): Updated value of parameter TEXT_VALUES_ID_HASH to true (default = false)
V/nofatclips(  255): Updating value USE_GPS
V/nofatclips(  255): Updating value USE_SENSORS
D/nofatclips(  255): Updating node interactions
D/nofatclips(  255): Loading node interactions
V/nofatclips(  255): Updating value ALL_EVENTS_ON_PREFERENCES
V/nofatclips(  255): Updating value BACK_BUTTON_EVENT
V/nofatclips(  255): Updating value DICTIONARY_FIXED_VALUE
V/nofatclips(  255): Updating value DICTIONARY_IGNORE_CONTENT_TYPES
V/nofatclips(  255): Updating value EMULATOR_PORT
V/nofatclips(  255): Updating value EVENTS
D/nofatclips(  255): Updated values of array parameter EVENTS
V/nofatclips(  255): Updating value EVENT_WHEN_NO_ID
V/nofatclips(  255): Updating value EXCLUDE_WIDGETS_INPUTS_IN_GPS_EVENTS
V/nofatclips(  255): Updating value EXCLUDE_WIDGETS_INPUTS_IN_SENSORS_EVENTS
V/nofatclips(  255): Updating value INPUTS
D/nofatclips(  255): Updated values of array parameter INPUTS
V/nofatclips(  255): Updating value KEY_EVENTS
V/nofatclips(  255): Updating value MAX_EVENTS_PER_WIDGET
V/nofatclips(  255): Updating value MAX_TASKS_IN_SCHEDULER
V/nofatclips(  255): Updating value MAX_TASKS_PER_EVENT
V/nofatclips(  255): Updating value MENU_EVENTS
V/nofatclips(  255): Updating value ORIENTATION_EVENTS
V/nofatclips(  255): Updating value PLANNER
V/nofatclips(  255): Updating value REFLECT_ACTIVITY_LISTENERS
V/nofatclips(  255): Updating value REFLECT_WIDGETS
V/nofatclips(  255): Updating value SCHEDULER_ALGORITHM
V/nofatclips(  255): Updating value SCROLL_DOWN_EVENT
V/nofatclips(  255): Updating value SENSOR_TYPES
V/nofatclips(  255): Updating value SIMULATE_INCOMING_CALL
V/nofatclips(  255): Updating value SIMULATE_INCOMING_SMS
V/nofatclips(  255): Updating value TAB_EVENTS_START_ONLY
V/nofatclips(  255): Updating value TEST_LOCATION_PROVIDER
V/nofatclips(  255): Updating value TEXT_VALUES_FROM_DICTIONARY
V/nofatclips(  255): Updating value TEXT_VALUES_ID_HASH
V/nofatclips(  255): Updating value USE_GPS
V/nofatclips(  255): Updating value USE_SENSORS
D/nofatclips(  255): Updating node comparator
D/nofatclips(  255): Loading node comparator
V/nofatclips(  255): Updating value COMPARATOR
V/nofatclips(  255): Updating value COMPARATOR_TYPE
V/nofatclips(  255): Updating value COMPARE_ACTIVITY_NAME
V/nofatclips(  255): Updating value COMPARE_LIST_COUNT
V/nofatclips(  255): Updating value COMPARE_MENU_COUNT
D/nofatclips(  255): Updated value of parameter COMPARE_MENU_COUNT to false (default = true)
V/nofatclips(  255): Updating value COMPARE_STATE_TITLE
V/nofatclips(  255): Updating value COMPARE_VALUES
V/nofatclips(  255): Updating value WIDGET_TYPES
D/nofatclips(  255): Updating node strategy
D/nofatclips(  255): Loading node strategy
V/nofatclips(  255): Updating value AFTER_EVENT_DONT_EXPLORE
V/nofatclips(  255): Updating value AFTER_WIDGET_DONT_EXPLORE
V/nofatclips(  255): Updating value CHECK_FOR_TRANSITION
V/nofatclips(  255): Updating value EXPLORE_ONLY_NEW_STATES
D/nofatclips(  255): Updated value of parameter EXPLORE_ONLY_NEW_STATES to false (default = true)
V/nofatclips(  255): Updating value MAX_NUM_TRACES
D/nofatclips(  255): Updated value of parameter MAX_NUM_TRACES to 100 (default = 0)
V/nofatclips(  255): Updating value MAX_TIME_CRAWLING
V/nofatclips(  255): Updating value PAUSE_AFTER_TIME
V/nofatclips(  255): Updating value PAUSE_AFTER_TRACES
V/nofatclips(  255): Updating value TRACE_MAX_DEPTH
V/nofatclips(  255): Updating value TRACE_MIN_DEPTH
D/nofatclips(  255): Starting random testing
I/TestRunner(  255): started: testAndCrawl(com.nofatclips.crawler.guitree.NomadEngine)
I/ActivityManager(   61): Starting: Intent { act=android.intent.action.MAIN flg=0x10000000 cmp=org.wordpress.android/.Dashboard } from pid 255
D/szipinf (   61): Initializing inflate state
D/dalvikvm(  255): GC_EXTERNAL_ALLOC freed 401K, 53% free 2737K/5767K, external 716K/1038K, paused 47ms
D/dalvikvm(  255): GC_EXTERNAL_ALLOC freed 115K, 49% free 2945K/5767K, external 1407K/1623K, paused 77ms
I/ActivityManager(   61): Displayed org.wordpress.android/.Dashboard: +735ms (total +9s673ms)
I/ActivityManager(   61): Displayed com.android.launcher/com.android.launcher2.Launcher: +9s675ms
W/ActivityManager(   61): Activity idle timeout for HistoryRecord{405af820 com.android.launcher/com.android.launcher2.Launcher}
D/OtaStartupReceiver(  122): Not a CDMA phone, no need to process OTA
D/PowerManagerService(   61): bootCompleted
D/dalvikvm(   61): GC_EXPLICIT freed 680K, 45% free 4135K/7431K, external 1865K/3065K, paused 84ms
D/VoldCmdListener(   29): volume mount /mnt/sdcard
I/Vold    (   29): /dev/block/vold/179:0 being considered for volume sdcard
D/Vold    (   29): Volume sdcard state changing 1 (Idle-Unmounted) -> 3 (Checking)
I/StorageNotification(  123): Media {/mnt/sdcard} state changed from {unmounted} -> {checking}
I//system/bin/fsck_msdos(   29): ** /dev/block/vold/179:0
I/RecoverySystem(   61): No recovery log file
I/ActivityManager(   61): Start proc com.android.mms for broadcast com.android.mms/.transaction.MmsSystemEventReceiver: pid=274 uid=10015 gids={3003, 1015}
I/SurfaceFlinger(   61): Boot is finished (13758 ms)
I/ARMAssembler(   61): generated scanline__00000177:03010104_00000002_00000000 [ 44 ipp] (66 ins) at [0x46efd290:0x46efd398] in 585884 ns
I/ARMAssembler(   61): generated scanline__00000177:03515104_00000001_00000000 [ 73 ipp] (95 ins) at [0x46efd3a0:0x46efd51c] in 502492 ns
D/nofatclips(  255): Generated Resuming Persistence
I/dalvikvm(  255): Could not find method android.app.Activity.getFragmentManager, referenced from method com.jayway.android.robotium.solo.Waiter.getFragment
W/dalvikvm(  255): VFY: unable to resolve virtual method 7: Landroid/app/Activity;.getFragmentManager ()Landroid/app/FragmentManager;
D/dalvikvm(  255): VFY: replacing opcode 0x6e at 0x0008
I/dalvikvm(  255): Could not find method android.app.Activity.getFragmentManager, referenced from method com.jayway.android.robotium.solo.Waiter.getFragment
W/dalvikvm(  255): VFY: unable to resolve virtual method 7: Landroid/app/Activity;.getFragmentManager ()Landroid/app/FragmentManager;
D/dalvikvm(  255): VFY: replacing opcode 0x6e at 0x0017
W/dalvikvm(  255): VFY: unable to find class referenced in signature (Landroid/app/Fragment;)
D/dalvikvm(  255): VFY: dead code 0x000b-000f in Lcom/jayway/android/robotium/solo/Waiter;.getFragment (Ljava/lang/String;I)Landroid/app/Fragment;
D/dalvikvm(  255): VFY: dead code 0x001a-001f in Lcom/jayway/android/robotium/solo/Waiter;.getFragment (Ljava/lang/String;I)Landroid/app/Fragment;
W/dalvikvm(  255): VFY: unable to find class referenced in signature (Landroid/app/Fragment;)
I/ActivityThread(  274): Pub com.android.mms.SuggestionsProvider: com.android.mms.SuggestionsProvider
I/SearchManagerService(   61): Building list of searchable activities
D/nofatclips(  255): Updating node automation
D/nofatclips(  255): Loading node automation
V/nofatclips(  255): Updating value FORCE_RESTART
V/nofatclips(  255): Updating value IN_AND_OUT_FOCUS
V/nofatclips(  255): Updating value PRECRAWLING
V/nofatclips(  255): Updating value SCREENSHOT_FOR_EVENTS
V/nofatclips(  255): Updating value SCREENSHOT_FOR_STATES
V/nofatclips(  255): Updating value SCREENSHOT_ONLY_NEW_STATES
V/nofatclips(  255): Updating value SLEEP_AFTER_EVENT
D/nofatclips(  255): Updated value of parameter SLEEP_AFTER_EVENT to 100 (default = 1000)
V/nofatclips(  255): Updating value SLEEP_AFTER_RESTART
D/nofatclips(  255): Updated value of parameter SLEEP_AFTER_RESTART to 100 (default = 1000)
V/nofatclips(  255): Updating value SLEEP_AFTER_TASK
D/nofatclips(  255): Updated value of parameter SLEEP_AFTER_TASK to 100 (default = 1000)
V/nofatclips(  255): Updating value SLEEP_ON_THROBBER
D/nofatclips(  255): Updated value of parameter SLEEP_ON_THROBBER to 100 (default = 1000)
D/nofatclips(  255): Updating node screenshot
D/nofatclips(  255): Loading node screenshot
V/nofatclips(  255): Updating value FORCE_RESTART
V/nofatclips(  255): Updating value IN_AND_OUT_FOCUS
V/nofatclips(  255): Updating value PRECRAWLING
V/nofatclips(  255): Updating value SCREENSHOT_FOR_EVENTS
V/nofatclips(  255): Updating value SCREENSHOT_FOR_STATES
V/nofatclips(  255): Updating value SCREENSHOT_ONLY_NEW_STATES
V/nofatclips(  255): Updating value SLEEP_AFTER_EVENT
V/nofatclips(  255): Updating value SLEEP_AFTER_RESTART
V/nofatclips(  255): Updating value SLEEP_AFTER_TASK
V/nofatclips(  255): Updating value SLEEP_ON_THROBBER
I/nofatclips(  255): Waiting for 100 msec.
I/InputReader(   61): Device reconfigured: id=0x0, name=qwerty2, display size is now 320x480
I/InputManager-Callbacks(   61): No virtual keys found for device qwerty2.
D/nofatclips(  255): Ready to operate after restarting...
I/nofatclips(  255): Current activity is Dashboard
W/nofatclips(  255): --->Dashboard
I/nofatclips(  255): Retrieving widgets
I/nofatclips(  255): Attempting to resume previous session
I/nofatclips(  255): Memoryless engine: the task file will not be loaded. Looking for crashed traces.
I/nofatclips(  255): Reading task file
V/nofatclips(  255): Discarding trace #0
I/nofatclips(  255): Stateless comparator: the state file will not be loaded.
D/dalvikvm(  255): GetFieldID: unable to find field Ljava/util/Hashtable;.loadFactor:F
D/dalvikvm(  255): GetFieldID: unable to find field Ljava/util/Hashtable;.loadFactor:F
D/dalvikvm(  255): GetFieldID: unable to find field Ljava/util/Hashtable;.loadFactor:F
D/dalvikvm(  255): GetFieldID: unable to find field Ljava/util/Hashtable;.loadFactor:F
D/dalvikvm(  255): GetFieldID: unable to find field Ljava/util/Hashtable;.loadFactor:F
D/dalvikvm(  255): GetFieldID: unable to find field Ljava/util/Hashtable;.loadFactor:F
D/nofatclips(  255): Backup session footer restored to 
D/nofatclips(  255): </SESSION>
D/nofatclips(  255): Restored random counter to: 2
D/nofatclips(  255): Restored trace count to 2
D/nofatclips(  255): Current step countdown restored to 100
D/nofatclips(  255): Restored abstractor counters to: event = 2 - input = 0 - activity = 1
I/nofatclips(  255): Saving the session on disk.
I/ARMAssembler(   61): generated scanline__00000077:03515104_00001004_00000000 [ 65 ipp] (85 ins) at [0x46efd520:0x46efd674] in 526868 ns
I/ARMAssembler(   61): generated scanline__00000177:03515104_00001001_00000000 [ 91 ipp] (114 ins) at [0x46efd678:0x46efd840] in 390019 ns
I/ARMAssembler(   61): generated scanline__00000177:03515104_00001002_00000000 [ 87 ipp] (110 ins) at [0x46efd848:0x46efda00] in 295936 ns
D/dalvikvm(  255): GC_CONCURRENT freed 190K, 49% free 3025K/5831K, external 1812K/2324K, paused 3ms+38ms
I/ActivityManager(   61): Start proc com.android.email for broadcast com.android.email/.service.EmailBroadcastReceiver: pid=295 uid=10028 gids={3003, 1015}
I/nofatclips(  255): Planning for new Activity Dashboard
I/nofatclips(  255): Created trace to press the menu button
I/nofatclips(  255): Created trace to change orientation
I/nofatclips(  255): Dispatching new task. 2 more tasks remaining.
D/nofatclips(  255): Performing backup of the old task list on disk
D/nofatclips(  255): Saving task list on disk
V/nofatclips(  255): Backing up trace #2 to disk.
V/nofatclips(  255): Backing up trace #3 to disk.
D/nofatclips(  255): Deleting backup of the old task list from disk
I/nofatclips(  255): Restarting
I/ActivityThread(  295): Pub com.android.email.provider: com.android.email.provider.EmailProvider
I/ActivityThread(  295): Pub com.android.email.attachmentprovider: com.android.email.provider.AttachmentProvider
I/ActivityThread(  295): Pub com.android.exchange.provider: com.android.exchange.provider.ExchangeProvider
D/EAS SyncManager(  295): !!! EAS SyncManager, onCreate
I//system/bin/fsck_msdos(   29): ** Phase 1 - Read and Compare FATs
I//system/bin/fsck_msdos(   29): Attempting to allocate 397 KB for FAT
I/nofatclips(  255): Waiting for 100 msec.
D/MediaScannerService(  244): start scanning volume internal
D/nofatclips(  255): Ready to operate after restarting...
I/nofatclips(  255): Retrieving widgets
D/nofatclips(  255): Found widget: id=16908290 (android.widget.FrameLayout@405a1008)
D/nofatclips(  255): Found widget: id=2131165248 (android.widget.RelativeLayout@405a1d08)
D/nofatclips(  255): Found widget: id=2131165249 (android.widget.LinearLayout@405a2370)
D/nofatclips(  255): Found widget: id=-1 (android.widget.ImageView@405a28b8)
D/nofatclips(  255): Found widget: id=2131165250 (org.wordpress.android.util.WPTitleBar@4059c1f0)
D/nofatclips(  255): Found widget: id=2131165195 (android.widget.RelativeLayout@4050e728)
D/nofatclips(  255): Found widget: id=2131165196 (android.widget.RelativeLayout@40568a78)
D/nofatclips(  255): Found widget: id=2131165197 (android.widget.ImageView@4059d488)
D/nofatclips(  255): Found widget: id=2131165198 (android.widget.TextView@40541de8): Katie's Sweet Testing Blog
D/nofatclips(  255): Found widget: id=2131165199 (android.widget.ImageView@4055d678)
D/nofatclips(  255): Found widget: id=-1 (android.widget.RelativeLayout@405799e0)
D/nofatclips(  255): Found widget: id=2131165200 (android.widget.ImageButton@4059d9b0)
D/nofatclips(  255): Found widget: id=-1 (android.widget.FrameLayout@4057af38)
D/nofatclips(  255): Found widget: id=2131165201 (android.widget.Button@405427b0): 
D/nofatclips(  255): Found widget: id=2131165202 (android.widget.ImageView@40593de8)
D/nofatclips(  255): Found widget: id=2131165203 (android.widget.ImageView@4053cfa8)
D/nofatclips(  255): Found widget: id=2131165204 (android.widget.LinearLayout@40569680)
D/nofatclips(  255): Found widget: id=-1 (android.widget.FrameLayout@4059d220)
D/nofatclips(  255): Found widget: id=-1 (android.widget.LinearLayout@40530150)
D/nofatclips(  255): Found widget: id=-1 (android.widget.LinearLayout@4050e538)
D/nofatclips(  255): Found widget: id=-1 (android.widget.LinearLayout@4052f770)
D/nofatclips(  255): Found widget: id=2131165251 (android.widget.LinearLayout@4052fe28)
D/nofatclips(  255): Found widget: id=-1 (android.widget.ImageView@40590890)
D/nofatclips(  255): Found widget: id=2131165256 (android.widget.TextView@4056b378): New Post
D/nofatclips(  255): Found widget: id=2131165253 (android.widget.LinearLayout@4059c428)
D/nofatclips(  255): Found widget: id=-1 (android.widget.ImageView@40531190)
D/nofatclips(  255): Found widget: id=2131165256 (android.widget.TextView@4056bcb0): New Page
D/nofatclips(  255): Found widget: id=-1 (android.widget.LinearLayout@40533448)
D/nofatclips(  255): Found widget: id=2131165252 (android.widget.LinearLayout@40511198)
D/nofatclips(  255): Found widget: id=-1 (android.widget.ImageView@40538df0)
D/nofatclips(  255): Found widget: id=2131165256 (android.widget.TextView@40577ea8): Quick Photo
D/nofatclips(  255): Found widget: id=2131165254 (android.widget.LinearLayout@40546d58)
D/nofatclips(  255): Found widget: id=-1 (android.widget.ImageView@4059af78)
D/nofatclips(  255): Found widget: id=2131165256 (android.widget.TextView@40578718): Quick Video
D/nofatclips(  255): Found widget: id=-1 (android.widget.LinearLayout@4059e818)
D/nofatclips(  255): Found widget: id=-1 (android.widget.LinearLayout@4052ebe0)
D/nofatclips(  255): Found widget: id=2131165255 (android.widget.LinearLayout@40534400)
D/nofatclips(  255): Found widget: id=-1 (android.widget.ImageView@40540968)
I/Launcher(  131): setLoadOnResume
D/nofatclips(  255): Found widget: id=2131165256 (android.widget.TextView@40578da0): Posts
D/nofatclips(  255): Found widget: id=2131165257 (android.widget.LinearLayout@40545528)
D/nofatclips(  255): Found widget: id=-1 (android.widget.ImageView@40543a40)
D/nofatclips(  255): Found widget: id=2131165256 (android.widget.TextView@405379f8): Pages
D/nofatclips(  255): Found widget: id=-1 (android.widget.FrameLayout@40530838)
D/nofatclips(  255): Found widget: id=2131165258 (android.widget.LinearLayout@40534ac8)
D/nofatclips(  255): Found widget: id=-1 (android.widget.ImageView@4059dd38)
D/nofatclips(  255): Found widget: id=2131165256 (android.widget.TextView@405399a8): Comments
D/nofatclips(  255): Found widget: id=2131165259 (android.widget.FrameLayout@40543f60)
D/nofatclips(  255): Found widget: id=2131165260 (android.widget.ImageView@40544c10)
D/nofatclips(  255): Found widget: id=2131165261 (org.wordpress.android.util.CommentBadgeTextView@4053a9c0): 0
D/nofatclips(  255): Found widget: id=-1 (android.widget.LinearLayout@405396b0)
D/nofatclips(  255): Found widget: id=2131165262 (android.widget.LinearLayout@40540ce8)
D/nofatclips(  255): Found widget: id=-1 (android.widget.ImageView@405376f8)
D/nofatclips(  255): Found widget: id=2131165256 (android.widget.TextView@40540fe0): Settings
D/nofatclips(  255): Found widget: id=2131165263 (android.widget.LinearLayout@40544580)
D/nofatclips(  255): Found widget: id=-1 (android.widget.ImageView@40560298)
D/nofatclips(  255): Found widget: id=2131165256 (android.widget.TextView@40543320): Read
D/nofatclips(  255): Found widget: id=2131165264 (android.widget.LinearLayout@40561940)
D/nofatclips(  255): Found widget: id=-1 (android.widget.ImageView@405641e0)
D/nofatclips(  255): Found widget: id=2131165256 (android.widget.TextView@40550078): Stats
D/nofatclips(  255): Found widget: id=-1 (com.android.internal.policy.impl.PhoneWindow$DecorView@405a0708)
I/nofatclips(  255): Playing Trace 3
I/nofatclips(  255): Retrieved from return list id=16908290
D/nofatclips(  255): Testing for type (android.widget.FrameLayout) against the original (null)
I/nofatclips(  255): Firing event: type= openMenu name= widget=null
D/dalvikvm(  255): GC_CONCURRENT freed 666K, 52% free 3134K/6407K, external 1812K/2324K, paused 3ms+14ms
D/dalvikvm(  274): GC_CONCURRENT freed 494K, 54% free 2725K/5831K, external 716K/1038K, paused 2ms+3ms
I//system/bin/fsck_msdos(   29): Attempting to allocate 397 KB for FAT
D/dalvikvm(  295): GC_CONCURRENT freed 497K, 54% free 2738K/5831K, external 716K/1038K, paused 3ms+45ms
D/Eas Debug(  295): Logging: 
D/Email   (  295): BOOT_COMPLETED
I//system/bin/fsck_msdos(   29): ** Phase 2 - Check Cluster Chains
I//system/bin/fsck_msdos(   29): ** Phase 3 - Checking Directories
I//system/bin/fsck_msdos(   29): ** Phase 4 - Checking for Lost Files
I//system/bin/fsck_msdos(   29): 3 files, 50388 free (100777 clusters)
I/Vold    (   29): Filesystem check completed OK
I/Vold    (   29): Device /dev/block/vold/179:0, target /mnt/sdcard mounted @ /mnt/secure/staging
D/Vold    (   29): Volume sdcard state changing 3 (Checking) -> 4 (Mounted)
I/PackageManager(   61): Updating external media status from unmounted to mounted
I/StorageNotification(  123): Media {/mnt/sdcard} state changed from {checking} -> {mounted}
D/EAS SyncManager(  295): !!! EAS SyncManager, onDestroy
D/VoldCmdListener(   29): asec list
I/PackageManager(   61): No secure containers on sdcard
W/PackageManager(   61): Unknown permission com.google.android.googleapps.permission.GOOGLE_AUTH.mail in package com.android.contacts
W/PackageManager(   61): Unknown permission android.permission.ADD_SYSTEM_SERVICE in package com.android.phone
I/Launcher(  131): setLoadOnResume
W/PackageManager(   61): Not granting permission android.permission.SEND_DOWNLOAD_COMPLETED_INTENTS to package com.android.browser (protectionLevel=2 flags=0x9be45)
W/PackageManager(   61): Unknown permission com.google.android.gm.permission.WRITE_GMAIL in package com.android.settings
W/PackageManager(   61): Unknown permission com.google.android.gm.permission.READ_GMAIL in package com.android.settings
W/PackageManager(   61): Unknown permission com.google.android.googleapps.permission.GOOGLE_AUTH in package com.android.settings
W/PackageManager(   61): Unknown permission com.google.android.googleapps.permission.GOOGLE_AUTH in package com.android.providers.contacts
W/PackageManager(   61): Unknown permission com.google.android.googleapps.permission.GOOGLE_AUTH.cp in package com.android.providers.contacts
W/PackageManager(   61): Unknown permission com.google.android.googleapps.permission.ACCESS_GOOGLE_PASSWORD in package com.android.development
W/PackageManager(   61): Unknown permission com.google.android.googleapps.permission.GOOGLE_AUTH in package com.android.development
W/PackageManager(   61): Unknown permission com.google.android.googleapps.permission.GOOGLE_AUTH.ALL_SERVICES in package com.android.development
W/PackageManager(   61): Unknown permission com.google.android.googleapps.permission.GOOGLE_AUTH.YouTubeUser in package com.android.development
W/PackageManager(   61): Unknown permission android.permission.READ_OWNER_DATA in package com.android.email
W/PackageManager(   61): Not granting permission android.permission.DEVICE_POWER to package com.android.deskclock (protectionLevel=2 flags=0x8be45)
W/ImageDownloader(  255): Error 404 while retrieving bitmap from http://gravatar.com/blavatar/44d338f29053dbb888da79dcf98df489?s=60&d=404
D/dalvikvm(  244): GC_CONCURRENT freed 523K, 55% free 2647K/5767K, external 716K/1038K, paused 3ms+3ms
D/MediaScanner(  244):  prescan time: 575ms
D/MediaScanner(  244):     scan time: 90ms
D/MediaScanner(  244): postscan time: 0ms
D/MediaScanner(  244):    total time: 665ms
D/szipinf (  180): Initializing inflate state
D/dalvikvm(  180): GC_CONCURRENT freed 226K, 51% free 2831K/5703K, external 716K/1038K, paused 3ms+3ms
W/KeyCharacterMap(  255): No keyboard for id 0
W/KeyCharacterMap(  255): Using default keymap: /system/usr/keychars/qwerty.kcm.bin
D/MediaScannerService(  244): done scanning volume internal
D/EAS SyncManager(  295): !!! EAS SyncManager, onCreate
D/EAS SyncManager(  295): !!! EAS SyncManager, onStartCommand
D/EAS SyncManager(  295): !!! EAS SyncManager, stopping self
D/EAS SyncManager(  295): !!! EAS SyncManager, onDestroy
I/Launcher(  131): setLoadOnResume
D/dalvikvm(  122): GREF has increased to 201
D/dalvikvm(  131): GC_EXTERNAL_ALLOC freed 212K, 49% free 2989K/5831K, external 2617K/2620K, paused 52ms
I/dalvikvm(   61): Jit: resizing JitTable from 512 to 1024
D/MediaScannerService(  244): start scanning volume external
V/MediaProvider(  244): /mnt/sdcard volume ID: 467547932
V/MediaProvider(  244): Attached volume: external
V/MediaScanner(  244): pruneDeadThumbnailFiles... android.database.sqlite.SQLiteCursor@4059fa18
V/MediaScanner(  244): /pruneDeadThumbnailFiles... android.database.sqlite.SQLiteCursor@4059fa18
D/MediaScanner(  244):  prescan time: 93ms
D/MediaScanner(  244):     scan time: 1ms
D/MediaScanner(  244): postscan time: 11ms
D/MediaScanner(  244):    total time: 105ms
D/MediaScannerService(  244): done scanning volume external
I/nofatclips(  255): Waiting for 100 msec.
I/nofatclips(  255): Current activity is Dashboard
I/nofatclips(  255): Retrieving widgets
D/nofatclips(  255): Found widget: id=16908726 (com.android.internal.view.menu.IconMenuView@4062bff0)
D/nofatclips(  255): Found widget: id=16908310 (com.android.internal.view.menu.IconMenuItemView@40585058): Add Account
D/nofatclips(  255): Found widget: id=16908310 (com.android.internal.view.menu.IconMenuItemView@405e7fa0): Preferences
D/nofatclips(  255): Found widget: id=16908310 (com.android.internal.view.menu.IconMenuItemView@405d3830): Remove Blog
D/nofatclips(  255): Found widget: id=16908310 (com.android.internal.view.menu.IconMenuItemView@406305f0): About
D/nofatclips(  255): Found widget: id=-1 (com.android.internal.policy.impl.PhoneWindow$DecorView@4062fc28)
V/ReflectionHelper(  255): com.android.internal.view.menu.IconMenuView > mOnFocusChangeListener FOUND | NOT ACTIVE
V/nicola  (  255): TextualID : null
V/nicola  (  255): ContentType detected : default
V/nicola  (  255): TextualID : null
V/nicola  (  255): ContentType detected : default
V/nicola  (  255): TextualID : null
V/nicola  (  255): ContentType detected : default
V/nicola  (  255): TextualID : null
V/nicola  (  255): ContentType detected : default
I/nofatclips(  255): Performing comparation for activity Dashboard
I/nofatclips(  255): Registering activity Dashboard (id: a2) as a new found state
D/nofatclips(  255): Performing backup of the old activity list on disk
D/nofatclips(  255): Saving new found state 'a2' on disk
V/nofatclips(  255): Opening state file in append mode.
I/nofatclips(  255): Saved image on disk: a2.jpg
I/nofatclips(  255): Waiting for 100 msec.
D/szipinf (  131): Initializing inflate state
I/nofatclips(  255): Session count is 1. Will dump to disk at 1
I/nofatclips(  255): Saving the session on disk.
I/nofatclips(  255): Planning for new Activity Dashboard
D/nofatclips(  255): Handling event 'click' on widget id=16908310 type=menuItem name=Add Account
D/nofatclips(  255): Handling event 'click' on widget id=16908310 type=menuItem name=Preferences
D/nofatclips(  255): Handling event 'click' on widget id=16908310 type=menuItem name=Remove Blog
D/nofatclips(  255): Handling event 'click' on widget id=16908310 type=menuItem name=About
I/nofatclips(  255): Created trace to press the back button
I/nofatclips(  255): Created trace to press the menu button
I/nofatclips(  255): Created trace to change orientation
D/dalvikvm(  255): GC_CONCURRENT freed 749K, 51% free 3244K/6599K, external 2188K/2324K, paused 3ms+4ms
I/nofatclips(  255): Check for termination: 99 steps left of 100
I/nofatclips(  255): Dispatching new task. 2 more tasks remaining.
D/nofatclips(  255): Performing backup of the old task list on disk
D/nofatclips(  255): Saving task list on disk
V/nofatclips(  255): Backing up trace #8 to disk.
V/nofatclips(  255): Backing up trace #9 to disk.
D/nofatclips(  255): Deleting backup of the old task list from disk
D/nofatclips(  255): Deleting backup of the old activity list from disk
I/nofatclips(  255): Incrementally Playing Trace 9
I/nofatclips(  255): Retrieved from return list id=16908310
D/nofatclips(  255): Testing for type (com.android.internal.view.menu.IconMenuItemView) against the original (com.android.internal.view.menu.IconMenuItemView)
D/nofatclips(  255): Testing for name (Preferences) against the original (Preferences)
I/nofatclips(  255): Firing event: type= click index=2 widget=com.android.internal.view.menu.IconMenuItemView
D/dalvikvm(  131): GC_EXPLICIT freed 182K, 50% free 2927K/5831K, external 2235K/2305K, paused 454ms
I/dalvikvm(  255): Jit: resizing JitTable from 512 to 1024
I/ContactsDatabaseHelper(  180): Locale change completed in 7863ms
W/KeyCharacterMap(  255): No keyboard for id 0
W/KeyCharacterMap(  255): Using default keymap: /system/usr/keychars/qwerty.kcm.bin
D/nofatclips(  255): Event description: Preferences
I/ActivityManager(   61): Starting: Intent { cmp=org.wordpress.android/.NewAccount } from pid 255
I/nofatclips(  255): Waiting for 100 msec.
D/szipinf (  255): Initializing inflate state
D/szipinf (  255): Initializing zlib to inflate
D/szipinf (  255): Initializing inflate state
D/szipinf (  255): Initializing zlib to inflate
D/szipinf (  255): Initializing inflate state
D/szipinf (  255): Initializing zlib to inflate
D/szipinf (  255): Initializing inflate state
D/szipinf (  255): Initializing zlib to inflate
D/dalvikvm(  255): GC_EXTERNAL_ALLOC freed 203K, 52% free 3201K/6599K, external 2190K/2324K, paused 193ms
D/dalvikvm(   61): GC_CONCURRENT freed 733K, 46% free 4156K/7559K, external 1865K/3065K, paused 12ms+41ms
I/nofatclips(  255): Current activity is NewAccount
I/nofatclips(  255): Retrieving widgets
D/nofatclips(  255): Found widget: id=16908290 (android.widget.FrameLayout@40678e78)
D/nofatclips(  255): Found widget: id=2131165298 (android.widget.ScrollView@405d4588)
D/nofatclips(  255): Found widget: id=2131165313 (android.widget.LinearLayout@4067a190)
D/nofatclips(  255): Found widget: id=2131165314 (android.widget.ImageView@405a8be0)
D/nofatclips(  255): Found widget: id=2131165315 (android.widget.TextView@4050bed0): Start blogging from your mobile in seconds.
D/nofatclips(  255): Found widget: id=2131165316 (android.widget.Button@4054ce38): Start a new blog at WordPress.com
D/nofatclips(  255): Found widget: id=2131165317 (android.widget.Button@40551ae0): Add blog hosted at WordPress.com
D/nofatclips(  255): Found widget: id=2131165318 (android.widget.Button@405526c0): Add self-hosted WordPress blog
D/nofatclips(  255): Found widget: id=-1 (com.android.internal.policy.impl.PhoneWindow$DecorView@40586c98)
I/ActivityManager(   61): Displayed org.wordpress.android/.NewAccount: +2s306ms
V/nicola  (  255): TextualID : welcome
V/nicola  (  255): ContentType detected : default
V/nicola  (  255): TextualID : createWPAccount
V/nicola  (  255): ContentType detected : default
V/nicola  (  255): TextualID : dotcomExisting
V/nicola  (  255): ContentType detected : default
V/nicola  (  255): TextualID : dotorgExisting
V/nicola  (  255): ContentType detected : default
I/nofatclips(  255): Performing comparation for activity NewAccount
D/nofatclips(  255): Comparing against activity Dashboard
I/nofatclips(  255): Registering activity NewAccount (id: a3) as a new found state
D/nofatclips(  255): Performing backup of the old activity list on disk
D/nofatclips(  255): Saving new found state 'a3' on disk
V/nofatclips(  255): Opening state file in append mode.
D/dalvikvm(  255): GC_EXTERNAL_ALLOC freed 330K, 52% free 3222K/6599K, external 3708K/3859K, paused 89ms
I/nofatclips(  255): Saved image on disk: a3.jpg
I/nofatclips(  255): Waiting for 100 msec.
I/nofatclips(  255): Session count is 1. Will dump to disk at 1
I/nofatclips(  255): Saving the session on disk.
I/nofatclips(  255): Planning for new Activity NewAccount
D/nofatclips(  255): Handling event 'click' on widget id=2131165316 type=button name=Start a new blog at WordPress.com
D/nofatclips(  255): Handling event 'click' on widget id=2131165317 type=button name=Add blog hosted at WordPress.com
D/nofatclips(  255): Handling event 'click' on widget id=2131165318 type=button name=Add self-hosted WordPress blog
I/nofatclips(  255): Created trace to press the back button
I/nofatclips(  255): Created trace to press the menu button
I/nofatclips(  255): Created trace to change orientation
I/nofatclips(  255): Check for termination: 98 steps left of 100
I/nofatclips(  255): Dispatching new task. 2 more tasks remaining.
D/nofatclips(  255): Performing backup of the old task list on disk
D/nofatclips(  255): Saving task list on disk
V/nofatclips(  255): Backing up trace #14 to disk.
V/nofatclips(  255): Backing up trace #15 to disk.
D/nofatclips(  255): Deleting backup of the old task list from disk
D/nofatclips(  255): Deleting backup of the old activity list from disk
I/nofatclips(  255): Incrementally Playing Trace 15
I/nofatclips(  255): Retrieved from return list id=16908290
D/nofatclips(  255): Testing for type (android.widget.FrameLayout) against the original (null)
I/nofatclips(  255): Firing event: type= changeOrientation name= widget=null
I/WindowManager(   61): Setting rotation to 1, animFlags=1
I/ActivityManager(   61): Config changed: { scale=1.0 imsi=310/260 loc=en_US touch=3 keys=2/1/2 nav=1/1 orien=2 layout=18 uiMode=17 seq=5}
I/nofatclips(  255): Waiting for 100 msec.
D/szipinf (  255): Initializing inflate state
D/szipinf (  255): Initializing zlib to inflate
D/szipinf (  255): Initializing inflate state
D/szipinf (  255): Initializing zlib to inflate
D/szipinf (  255): Initializing inflate state
D/szipinf (  255): Initializing zlib to inflate
D/szipinf (  255): Initializing inflate state
D/szipinf (  255): Initializing zlib to inflate
D/dalvikvm(  255): GC_EXTERNAL_ALLOC freed 462K, 51% free 3240K/6599K, external 4310K/5173K, paused 524ms
I/nofatclips(  255): Current activity is NewAccount
I/nofatclips(  255): Retrieving widgets
D/nofatclips(  255): Found widget: id=16908290 (android.widget.FrameLayout@4060edb8)
D/nofatclips(  255): Found widget: id=2131165298 (android.widget.ScrollView@4060fa10)
D/nofatclips(  255): Found widget: id=2131165313 (android.widget.LinearLayout@406087f8)
D/nofatclips(  255): Found widget: id=2131165314 (android.widget.ImageView@40608a60)
D/nofatclips(  255): Found widget: id=2131165315 (android.widget.TextView@4057b660): Start blogging from your mobile in seconds.
D/nofatclips(  255): Found widget: id=2131165316 (android.widget.Button@4057bba0): Start a new blog at WordPress.com
D/nofatclips(  255): Found widget: id=2131165317 (android.widget.Button@4057bf78): Add blog hosted at WordPress.com
D/nofatclips(  255): Found widget: id=2131165318 (android.widget.Button@405858e0): Add self-hosted WordPress blog
D/nofatclips(  255): Found widget: id=-1 (com.android.internal.policy.impl.PhoneWindow$DecorView@4060e9e0)
V/nicola  (  255): TextualID : welcome
V/nicola  (  255): ContentType detected : default
V/nicola  (  255): TextualID : createWPAccount
V/nicola  (  255): ContentType detected : default
V/nicola  (  255): TextualID : dotcomExisting
V/nicola  (  255): ContentType detected : default
V/nicola  (  255): TextualID : dotorgExisting
V/nicola  (  255): ContentType detected : default
I/nofatclips(  255): Performing comparation for activity NewAccount
D/nofatclips(  255): Comparing against activity NewAccount
D/nofatclips(  255): Comparing against activity Dashboard
I/nofatclips(  255): Registering activity NewAccount (id: a4) as a new found state
D/nofatclips(  255): Performing backup of the old activity list on disk
D/nofatclips(  255): Saving new found state 'a4' on disk
V/nofatclips(  255): Opening state file in append mode.
D/dalvikvm(  255): GC_EXTERNAL_ALLOC freed 349K, 51% free 3236K/6599K, external 5228K/5757K, paused 110ms
I/nofatclips(  255): Saved image on disk: a4.jpg
I/nofatclips(  255): Waiting for 100 msec.
I/nofatclips(  255): Session count is 1. Will dump to disk at 1
I/nofatclips(  255): Saving the session on disk.
I/nofatclips(  255): Planning for new Activity NewAccount
D/nofatclips(  255): Handling event 'click' on widget id=2131165316 type=button name=Start a new blog at WordPress.com
D/nofatclips(  255): Handling event 'click' on widget id=2131165317 type=button name=Add blog hosted at WordPress.com
D/nofatclips(  255): Handling event 'click' on widget id=2131165318 type=button name=Add self-hosted WordPress blog
I/nofatclips(  255): Created trace to press the back button
I/nofatclips(  255): Created trace to press the menu button
I/nofatclips(  255): Created trace to change orientation
I/nofatclips(  255): Check for termination: 97 steps left of 100
I/nofatclips(  255): Dispatching new task. 2 more tasks remaining.
D/nofatclips(  255): Performing backup of the old task list on disk
D/nofatclips(  255): Saving task list on disk
V/nofatclips(  255): Backing up trace #20 to disk.
V/nofatclips(  255): Backing up trace #21 to disk.
D/nofatclips(  255): Deleting backup of the old task list from disk
D/nofatclips(  255): Deleting backup of the old activity list from disk
I/nofatclips(  255): Incrementally Playing Trace 21
I/nofatclips(  255): Retrieved from return list id=2131165318
D/nofatclips(  255): Testing for type (android.widget.Button) against the original (android.widget.Button)
D/nofatclips(  255): Testing for name (Add self-hosted WordPress blog) against the original (Add self-hosted WordPress blog)
I/nofatclips(  255): Firing event: type= click index=7 widget=android.widget.Button
D/dalvikvm(   61): GC_EXPLICIT freed 58K, 46% free 4117K/7559K, external 1316K/1828K, paused 476ms
W/KeyCharacterMap(  255): No keyboard for id 0
W/KeyCharacterMap(  255): Using default keymap: /system/usr/keychars/qwerty.kcm.bin
D/nofatclips(  255): Event description: Add self-hosted WordPress blog
I/ActivityManager(   61): Starting: Intent { cmp=org.wordpress.android/.AddAccount } from pid 255
I/nofatclips(  255): Waiting for 100 msec.
I/ActivityManager(   61): Displayed org.wordpress.android/.AddAccount: +1s387ms
I/nofatclips(  255): Current activity is AddAccount
I/nofatclips(  255): Retrieving widgets
D/nofatclips(  255): Found widget: id=16908290 (android.widget.FrameLayout@405f2878)
D/nofatclips(  255): Found widget: id=2131165207 (android.widget.ScrollView@405f3df0)
D/nofatclips(  255): Found widget: id=-1 (android.widget.RelativeLayout@405f44e0)
D/nofatclips(  255): Found widget: id=2131165208 (android.widget.ImageView@405f4910)
D/nofatclips(  255): Found widget: id=2131165209 (android.widget.RelativeLayout@405f50a8)
D/nofatclips(  255): Found widget: id=2131165210 (android.widget.TextView@405f5d70): Account Details
D/nofatclips(  255): Found widget: id=2131165211 (android.widget.RelativeLayout@405f7830)
D/nofatclips(  255): Found widget: id=2131165212 (android.widget.TextView@405f7c40): Blog URL:
D/nofatclips(  255): Found widget: id=2131165213 (android.widget.EditText@405f8430): 
D/nofatclips(  255): Found widget: id=2131165214 (android.widget.TextView@406331c8): Username:
D/nofatclips(  255): Found widget: id=2131165215 (android.widget.EditText@40633708): 
D/nofatclips(  255): Found widget: id=2131165216 (android.widget.TextView@40634738): Password:
D/nofatclips(  255): Found widget: id=2131165217 (android.widget.EditText@40634c78): 
D/nofatclips(  255): Found widget: id=2131165218 (android.widget.Button@40636648): Optional Settings
D/nofatclips(  255): Found widget: id=2131165219 (android.widget.Button@40637aa8): Save
D/nofatclips(  255): Found widget: id=2131165220 (android.widget.Button@40638288): Cancel
D/nofatclips(  255): Found widget: id=2131165221 (android.widget.TextView@40638a68): Don't yet have a blog?
D/nofatclips(  255): Found widget: id=2131165222 (android.widget.Button@40638fc0): Get a free blog at WordPress.com
D/nofatclips(  255): Found widget: id=-1 (com.android.internal.policy.impl.PhoneWindow$DecorView@405f2570)
V/nicola  (  255): TextualID : l_section1
V/nicola  (  255): ContentType detected : default
V/nicola  (  255): TextualID : l_url
V/nicola  (  255): ContentType detected : default
V/ReflectionHelper(  255): android.widget.EditText > mOnFocusChangeListener FOUND | NOT ACTIVE
V/nicola  (  255): TextualID : url
V/nicola  (  255): ContentType detected : url
V/nicola  (  255): TextualID : l_username
V/nicola  (  255): ContentType detected : default
V/ReflectionHelper(  255): android.widget.EditText > mOnFocusChangeListener FOUND | NOT ACTIVE
V/nicola  (  255): TextualID : username
V/nicola  (  255): ContentType detected : default
V/nicola  (  255): TextualID : l_password
V/nicola  (  255): ContentType detected : default
V/ReflectionHelper(  255): android.widget.EditText > mOnFocusChangeListener FOUND | NOT ACTIVE
D/dalvikvm(  255): GC_CONCURRENT freed 825K, 51% free 3424K/6855K, external 4455K/5173K, paused 8ms+8ms
V/nicola  (  255): TextualID : password
V/nicola  (  255): ContentType detected : default
V/nicola  (  255): TextualID : settingsButton
V/nicola  (  255): ContentType detected : default
V/nicola  (  255): TextualID : save
V/nicola  (  255): ContentType detected : default
V/nicola  (  255): TextualID : cancel
V/nicola  (  255): ContentType detected : default
V/nicola  (  255): TextualID : l_wordpressdotcom
V/nicola  (  255): ContentType detected : default
V/nicola  (  255): TextualID : wordpressdotcom
V/nicola  (  255): ContentType detected : default
I/nofatclips(  255): Performing comparation for activity AddAccount
D/nofatclips(  255): Comparing against activity NewAccount
D/nofatclips(  255): Comparing against activity Dashboard
D/nofatclips(  255): Comparing against activity NewAccount
I/nofatclips(  255): Registering activity AddAccount (id: a5) as a new found state
D/nofatclips(  255): Performing backup of the old activity list on disk
D/nofatclips(  255): Saving new found state 'a5' on disk
V/nofatclips(  255): Opening state file in append mode.
D/dalvikvm(  255): GC_EXTERNAL_ALLOC freed 267K, 52% free 3349K/6855K, external 4311K/4634K, paused 104ms
I/nofatclips(  255): Saved image on disk: a5.jpg
I/nofatclips(  255): Waiting for 100 msec.
I/nofatclips(  255): Session count is 1. Will dump to disk at 1
I/nofatclips(  255): Saving the session on disk.
I/nofatclips(  255): Planning for new Activity AddAccount
D/nofatclips(  255): Handling event 'click' on widget id=2131165218 type=button name=Optional Settings
D/nofatclips(  255): Handling input 'writeText' on widget id=2131165213 type=editText name=
V/nofatclips(  255): Using value: 25
D/nofatclips(  255): Handling input 'writeText' on widget id=2131165215 type=editText name=
V/nofatclips(  255): Using value: 27
D/nofatclips(  255): Handling input 'writeText' on widget id=2131165217 type=editText name=
V/nofatclips(  255): Using value: 29
D/nofatclips(  255): Handling event 'click' on widget id=2131165219 type=button name=Save
D/nofatclips(  255): Handling input 'writeText' on widget id=2131165213 type=editText name=
V/nofatclips(  255): Using value: 25
D/nofatclips(  255): Handling input 'writeText' on widget id=2131165215 type=editText name=
V/nofatclips(  255): Using value: 27
D/nofatclips(  255): Handling input 'writeText' on widget id=2131165217 type=editText name=
V/nofatclips(  255): Using value: 29
D/nofatclips(  255): Handling event 'click' on widget id=2131165220 type=button name=Cancel
D/nofatclips(  255): Handling input 'writeText' on widget id=2131165213 type=editText name=
V/nofatclips(  255): Using value: 25
D/nofatclips(  255): Handling input 'writeText' on widget id=2131165215 type=editText name=
V/nofatclips(  255): Using value: 27
D/nofatclips(  255): Handling input 'writeText' on widget id=2131165217 type=editText name=
V/nofatclips(  255): Using value: 29
D/nofatclips(  255): Handling event 'click' on widget id=2131165222 type=button name=Get a free blog at WordPress.com
D/nofatclips(  255): Handling input 'writeText' on widget id=2131165213 type=editText name=
V/nofatclips(  255): Using value: 25
D/nofatclips(  255): Handling input 'writeText' on widget id=2131165215 type=editText name=
V/nofatclips(  255): Using value: 27
D/nofatclips(  255): Handling input 'writeText' on widget id=2131165217 type=editText name=
V/nofatclips(  255): Using value: 29
I/nofatclips(  255): Created trace to press the back button
I/nofatclips(  255): Created trace to press the menu button
I/nofatclips(  255): Created trace to change orientation
I/nofatclips(  255): Check for termination: 96 steps left of 100
I/nofatclips(  255): Dispatching new task. 2 more tasks remaining.
D/nofatclips(  255): Performing backup of the old task list on disk
D/nofatclips(  255): Saving task list on disk
V/nofatclips(  255): Backing up trace #27 to disk.
V/nofatclips(  255): Backing up trace #28 to disk.
D/nofatclips(  255): Deleting backup of the old task list from disk
D/nofatclips(  255): Deleting backup of the old activity list from disk
I/nofatclips(  255): Incrementally Playing Trace 28
I/nofatclips(  255): Retrieved from return list id=16908290
D/nofatclips(  255): Testing for type (android.widget.FrameLayout) against the original (null)
I/nofatclips(  255): Firing event: type= changeOrientation name= widget=null
I/WindowManager(   61): Setting rotation to 0, animFlags=1
I/ActivityManager(   61): Config changed: { scale=1.0 imsi=310/260 loc=en_US touch=3 keys=2/1/2 nav=1/1 orien=1 layout=18 uiMode=17 seq=6}
I/nofatclips(  255): Waiting for 100 msec.
I/nofatclips(  255): Current activity is AddAccount
I/nofatclips(  255): Retrieving widgets
D/nofatclips(  255): Found widget: id=16908290 (android.widget.FrameLayout@405f2878)
D/nofatclips(  255): Found widget: id=2131165207 (android.widget.ScrollView@405f3df0)
D/nofatclips(  255): Found widget: id=-1 (android.widget.RelativeLayout@405f44e0)
D/nofatclips(  255): Found widget: id=2131165208 (android.widget.ImageView@405f4910)
D/nofatclips(  255): Found widget: id=2131165209 (android.widget.RelativeLayout@405f50a8)
D/nofatclips(  255): Found widget: id=2131165210 (android.widget.TextView@405f5d70): Account Details
D/nofatclips(  255): Found widget: id=2131165211 (android.widget.RelativeLayout@405f7830)
D/nofatclips(  255): Found widget: id=2131165212 (android.widget.TextView@405f7c40): Blog URL:
D/nofatclips(  255): Found widget: id=2131165213 (android.widget.EditText@405f8430): 
D/nofatclips(  255): Found widget: id=2131165214 (android.widget.TextView@406331c8): Username:
D/nofatclips(  255): Found widget: id=2131165215 (android.widget.EditText@40633708): 
