D/nofatclips(  256): Found widget: id=16908671 (android.widget.LinearLayout@4076d790)
D/nofatclips(  256): Found widget: id=16908823 (com.android.internal.app.AlertController$RecycleListView@405b20b0)
D/nofatclips(  256): Found widget: id=-1 (com.android.internal.view.menu.ListMenuItemView@4070c4e0)
D/nofatclips(  256): Found widget: id=-1 (android.widget.RelativeLayout@4070c788)
D/nofatclips(  256): Found widget: id=16908310 (android.widget.TextView@40731ee8): Edit Page
D/nofatclips(  256): Found widget: id=16908783 (android.widget.TextView@40732388): 
D/nofatclips(  256): Found widget: id=-1 (com.android.internal.view.menu.ListMenuItemView@40732ea8)
D/nofatclips(  256): Found widget: id=-1 (android.widget.RelativeLayout@407330e8)
D/nofatclips(  256): Found widget: id=16908310 (android.widget.TextView@40733490): Delete Page
D/nofatclips(  256): Found widget: id=16908783 (android.widget.TextView@40733bd0): 
D/nofatclips(  256): Found widget: id=-1 (com.android.internal.view.menu.ListMenuItemView@4066f328)
D/nofatclips(  256): Found widget: id=-1 (android.widget.RelativeLayout@4066f568)
D/nofatclips(  256): Found widget: id=16908310 (android.widget.TextView@4066f910): Share Post
D/nofatclips(  256): Found widget: id=16908783 (android.widget.TextView@4066ff10): 
D/nofatclips(  256): Found widget: id=16908673 (android.widget.FrameLayout@4076e618)
D/nofatclips(  256): Found widget: id=16908331 (android.widget.FrameLayout@4076e880)
D/nofatclips(  256): Found widget: id=16908674 (android.widget.LinearLayout@4076eae8)
D/nofatclips(  256): Found widget: id=-1 (android.widget.LinearLayout@4076ed08)
D/nofatclips(  256): Found widget: id=16908675 (android.widget.LinearLayout@4076ef28)
D/nofatclips(  256): Found widget: id=16908313 (android.widget.Button@4068fc80): 
D/nofatclips(  256): Found widget: id=16908315 (android.widget.Button@40690528): 
D/nofatclips(  256): Found widget: id=16908314 (android.widget.Button@40690d90): 
D/nofatclips(  256): Found widget: id=16908676 (android.widget.LinearLayout@406915f8)
D/nofatclips(  256): Found widget: id=-1 (com.android.internal.policy.impl.PhoneWindow$DecorView@405b3098)
V/nicola  (  256): TextualID : null
V/nicola  (  256): ContentType detected : default
V/ReflectionHelper(  256): com.android.internal.app.AlertController.RecycleListView > mOnFocusChangeListener FOUND | NOT ACTIVE
V/nicola  (  256): TextualID : null
V/nicola  (  256): ContentType detected : default
V/nicola  (  256): TextualID : null
V/nicola  (  256): ContentType detected : default
V/nicola  (  256): TextualID : null
V/nicola  (  256): ContentType detected : default
I/nofatclips(  256): Performing comparation for activity Posts
D/nofatclips(  256): Comparing against activity Posts
D/nofatclips(  256): Comparing against activity Posts
D/nofatclips(  256): Comparing against activity Posts
I/nofatclips(  256): Registering activity Posts (id: a16) as a new found state
D/nofatclips(  256): Performing backup of the old activity list on disk
D/nofatclips(  256): Saving new found state 'a16' on disk
V/nofatclips(  256): Opening state file in append mode.
D/dalvikvm(  256): GC_EXTERNAL_ALLOC freed 1182K, 51% free 4180K/8519K, external 3699K/3738K, paused 109ms
I/nofatclips(  256): Saved image on disk: a16.jpg
I/nofatclips(  256): Waiting for 100 msec.
I/nofatclips(  256): Session count is 1. Will dump to disk at 1
I/nofatclips(  256): Saving the session on disk.
I/nofatclips(  256): Planning for new Activity Posts
D/nofatclips(  256): Handling event selectListItem for items [1,3] on listView #16908823 count=3
D/nofatclips(  256): Handling event longClickListItem for items [1,3] on listView #16908823 count=3
I/nofatclips(  256): Created trace to press the back button
I/nofatclips(  256): Created trace to press the menu button
I/nofatclips(  256): Created trace to change orientation
I/nofatclips(  256): Check for termination: 35 steps left of 50
I/nofatclips(  256): Dispatching new task. 2 more tasks remaining.
D/nofatclips(  256): Performing backup of the old task list on disk
D/nofatclips(  256): Saving task list on disk
V/nofatclips(  256): Backing up trace #166 to disk.
V/nofatclips(  256): Backing up trace #167 to disk.
D/nofatclips(  256): Deleting backup of the old task list from disk
D/nofatclips(  256): Deleting backup of the old activity list from disk
I/nofatclips(  256): Incrementally Playing Trace 167
I/nofatclips(  256): Retrieved from return list id=16908290
D/nofatclips(  256): Testing for type (android.widget.FrameLayout) against the original (null)
I/nofatclips(  256): Firing event: type= changeOrientation name= widget=null
W/KeyCharacterMap(  256): No keyboard for id 0
W/KeyCharacterMap(  256): Using default keymap: /system/usr/keychars/qwerty.kcm.bin
I/WindowManager(   61): Setting rotation to 1, animFlags=1
I/ActivityManager(   61): Config changed: { scale=1.0 imsi=310/260 loc=en_US touch=3 keys=2/1/2 nav=1/1 orien=2 layout=18 uiMode=17 seq=5}
I/nofatclips(  256): Waiting for 100 msec.
I/nofatclips(  256): Current activity is Posts
I/nofatclips(  256): Retrieving widgets
D/nofatclips(  256): Found widget: id=16908290 (android.widget.FrameLayout@405b3488)
D/nofatclips(  256): Found widget: id=16908666 (com.android.internal.widget.WeightedLinearLayout@405c9250)
D/nofatclips(  256): Found widget: id=16908667 (android.widget.LinearLayout@405c94c8)
D/nofatclips(  256): Found widget: id=16908668 (android.widget.LinearLayout@405c96e8)
D/nofatclips(  256): Found widget: id=16908294 (android.widget.ImageView@405c9950)
D/nofatclips(  256): Found widget: id=16908669 (com.android.internal.widget.DialogTitle@405c9f68): Page Actions
D/nofatclips(  256): Found widget: id=16908670 (android.widget.ImageView@4076d568)
D/nofatclips(  256): Found widget: id=16908671 (android.widget.LinearLayout@4076d790)
D/nofatclips(  256): Found widget: id=16908823 (com.android.internal.app.AlertController$RecycleListView@405b20b0)
D/nofatclips(  256): Found widget: id=-1 (com.android.internal.view.menu.ListMenuItemView@4070c4e0)
D/nofatclips(  256): Found widget: id=-1 (android.widget.RelativeLayout@4070c788)
D/nofatclips(  256): Found widget: id=16908310 (android.widget.TextView@40731ee8): Edit Page
D/nofatclips(  256): Found widget: id=16908783 (android.widget.TextView@40732388): 
D/nofatclips(  256): Found widget: id=-1 (com.android.internal.view.menu.ListMenuItemView@40732ea8)
D/nofatclips(  256): Found widget: id=-1 (android.widget.RelativeLayout@407330e8)
D/nofatclips(  256): Found widget: id=16908310 (android.widget.TextView@40733490): Delete Page
D/nofatclips(  256): Found widget: id=16908783 (android.widget.TextView@40733bd0): 
D/nofatclips(  256): Found widget: id=-1 (com.android.internal.view.menu.ListMenuItemView@4066f328)
D/nofatclips(  256): Found widget: id=-1 (android.widget.RelativeLayout@4066f568)
D/nofatclips(  256): Found widget: id=16908310 (android.widget.TextView@4066f910): Share Post
D/nofatclips(  256): Found widget: id=16908783 (android.widget.TextView@4066ff10): 
D/nofatclips(  256): Found widget: id=16908673 (android.widget.FrameLayout@4076e618)
D/nofatclips(  256): Found widget: id=16908331 (android.widget.FrameLayout@4076e880)
D/nofatclips(  256): Found widget: id=16908674 (android.widget.LinearLayout@4076eae8)
D/nofatclips(  256): Found widget: id=-1 (android.widget.LinearLayout@4076ed08)
D/nofatclips(  256): Found widget: id=16908675 (android.widget.LinearLayout@4076ef28)
D/nofatclips(  256): Found widget: id=16908313 (android.widget.Button@4068fc80): 
D/nofatclips(  256): Found widget: id=16908315 (android.widget.Button@40690528): 
D/nofatclips(  256): Found widget: id=16908314 (android.widget.Button@40690d90): 
D/nofatclips(  256): Found widget: id=16908676 (android.widget.LinearLayout@406915f8)
D/nofatclips(  256): Found widget: id=-1 (com.android.internal.policy.impl.PhoneWindow$DecorView@405b3098)
V/nicola  (  256): TextualID : null
V/nicola  (  256): ContentType detected : default
V/ReflectionHelper(  256): com.android.internal.app.AlertController.RecycleListView > mOnFocusChangeListener FOUND | NOT ACTIVE
V/nicola  (  256): TextualID : null
V/nicola  (  256): ContentType detected : default
V/nicola  (  256): TextualID : null
V/nicola  (  256): ContentType detected : default
V/nicola  (  256): TextualID : null
V/nicola  (  256): ContentType detected : default
I/nofatclips(  256): Performing comparation for activity Posts
D/nofatclips(  256): Comparing against activity Posts
D/nofatclips(  256): Comparing against activity Posts
D/nofatclips(  256): Comparing against activity Posts
D/nofatclips(  256): Comparing against activity Posts
I/nofatclips(  256): Registering activity Posts (id: a17) as a new found state
D/nofatclips(  256): Performing backup of the old activity list on disk
D/nofatclips(  256): Saving new found state 'a17' on disk
V/nofatclips(  256): Opening state file in append mode.
D/dalvikvm(  256): GC_CONCURRENT freed 1427K, 52% free 4154K/8519K, external 4082K/4620K, paused 7ms+10ms
I/nofatclips(  256): Saved image on disk: a17.jpg
I/nofatclips(  256): Waiting for 100 msec.
I/nofatclips(  256): Session count is 1. Will dump to disk at 1
I/nofatclips(  256): Saving the session on disk.
I/nofatclips(  256): Planning for new Activity Posts
D/nofatclips(  256): Handling event selectListItem for items [1,3] on listView #16908823 count=3
D/nofatclips(  256): Handling event longClickListItem for items [1,3] on listView #16908823 count=3
D/dalvikvm(   61): GC_EXPLICIT freed 766K, 46% free 4164K/7623K, external 1865K/3065K, paused 754ms
I/nofatclips(  256): Created trace to press the back button
I/nofatclips(  256): Created trace to press the menu button
I/nofatclips(  256): Created trace to change orientation
I/nofatclips(  256): Check for termination: 34 steps left of 50
I/nofatclips(  256): Dispatching new task. 2 more tasks remaining.
D/nofatclips(  256): Performing backup of the old task list on disk
D/nofatclips(  256): Saving task list on disk
V/nofatclips(  256): Backing up trace #175 to disk.
V/nofatclips(  256): Backing up trace #176 to disk.
D/nofatclips(  256): Deleting backup of the old task list from disk
D/nofatclips(  256): Deleting backup of the old activity list from disk
I/nofatclips(  256): Incrementally Playing Trace 176
I/nofatclips(  256): Retrieved from return list id=16908823
D/nofatclips(  256): Testing for type (com.android.internal.app.AlertController$RecycleListView) against the original (com.android.internal.app.AlertController$RecycleListView)
D/nofatclips(  256): Testing for name () against the original ()
I/nofatclips(  256): Firing event: type= longClickListItem index=8 widget=com.android.internal.app.AlertController$RecycleListView
W/KeyCharacterMap(  256): No keyboard for id 0
W/KeyCharacterMap(  256): Using default keymap: /system/usr/keychars/qwerty.kcm.bin
I/nofatclips(  256): Swapping to listview item 3
D/nofatclips(  256): Event description: Share Post
I/nofatclips(  256): Waiting for 100 msec.
I/nofatclips(  256): Current activity is Posts
I/nofatclips(  256): Retrieving widgets
D/nofatclips(  256): Found widget: id=16908290 (android.widget.FrameLayout@4072b4e8)
D/nofatclips(  256): Found widget: id=16908666 (com.android.internal.widget.WeightedLinearLayout@4084d498)
D/nofatclips(  256): Found widget: id=16908667 (android.widget.LinearLayout@4084d6d8)
D/nofatclips(  256): Found widget: id=16908668 (android.widget.LinearLayout@4084d8f8)
D/nofatclips(  256): Found widget: id=16908294 (android.widget.ImageView@4084db60)
D/nofatclips(  256): Found widget: id=16908669 (com.android.internal.widget.DialogTitle@4084dfa8): Share Post
D/nofatclips(  256): Found widget: id=16908670 (android.widget.ImageView@4084ecf8)
D/nofatclips(  256): Found widget: id=16908671 (android.widget.LinearLayout@4084ef30)
D/nofatclips(  256): Found widget: id=16908672 (android.widget.ScrollView@4084f198)
D/nofatclips(  256): Found widget: id=16908673 (android.widget.FrameLayout@407cc208)
D/nofatclips(  256): Found widget: id=16908331 (android.widget.FrameLayout@407cc470)
D/nofatclips(  256): Found widget: id=-1 (android.widget.FrameLayout@40729d98)
D/nofatclips(  256): Found widget: id=16908804 (android.widget.LinearLayout@4072a038)
D/nofatclips(  256): Found widget: id=16908301 (android.widget.ProgressBar@4072a2a8)
D/nofatclips(  256): Found widget: id=16908299 (android.widget.TextView@4072ac80): Attempting to fetch URL
D/nofatclips(  256): Found widget: id=16908674 (android.widget.LinearLayout@407cc6d8)
D/nofatclips(  256): Found widget: id=-1 (android.widget.LinearLayout@407cc8f8)
D/nofatclips(  256): Found widget: id=16908675 (android.widget.LinearLayout@407ccb18)
D/nofatclips(  256): Found widget: id=16908313 (android.widget.Button@407ccd78): 
D/nofatclips(  256): Found widget: id=16908315 (android.widget.Button@407cd620): 
D/nofatclips(  256): Found widget: id=16908314 (android.widget.Button@407cde88): 
D/nofatclips(  256): Found widget: id=16908676 (android.widget.LinearLayout@407ce6f0)
D/nofatclips(  256): Found widget: id=-1 (com.android.internal.policy.impl.PhoneWindow$DecorView@4072b110)
V/nicola  (  256): TextualID : null
V/nicola  (  256): ContentType detected : default
V/nicola  (  256): TextualID : null
V/nicola  (  256): ContentType detected : default
I/nofatclips(  256): Performing comparation for activity Posts
D/nofatclips(  256): Comparing against activity Posts
D/nofatclips(  256): Comparing against activity Posts
D/nofatclips(  256): Comparing against activity Posts
D/nofatclips(  256): Comparing against activity Posts
D/nofatclips(  256): Comparing against activity Posts
I/nofatclips(  256): Registering activity Posts (id: a18) as a new found state
D/nofatclips(  256): Performing backup of the old activity list on disk
D/nofatclips(  256): Saving new found state 'a18' on disk
V/nofatclips(  256): Opening state file in append mode.
D/dalvikvm(  256): GC_EXTERNAL_ALLOC freed 1511K, 52% free 4167K/8519K, external 4239K/4401K, paused 181ms
I/nofatclips(  256): Saved image on disk: a18.jpg
I/nofatclips(  256): Waiting for 100 msec.
I/nofatclips(  256): Session count is 1. Will dump to disk at 1
I/nofatclips(  256): Saving the session on disk.
I/nofatclips(  256): Planning for new Activity Posts
I/nofatclips(  256): Created trace to press the back button
I/nofatclips(  256): Created trace to press the menu button
I/nofatclips(  256): Created trace to change orientation
I/nofatclips(  256): Check for termination: 33 steps left of 50
I/nofatclips(  256): Dispatching new task. 2 more tasks remaining.
D/nofatclips(  256): Performing backup of the old task list on disk
D/nofatclips(  256): Saving task list on disk
V/nofatclips(  256): Backing up trace #178 to disk.
V/nofatclips(  256): Backing up trace #179 to disk.
D/nofatclips(  256): Deleting backup of the old task list from disk
D/nofatclips(  256): Deleting backup of the old activity list from disk
I/nofatclips(  256): Incrementally Playing Trace 179
D/nofatclips(  256): Firing event: type= back
I/WordPress(  256): response = HTTP/1.1 200 OK
W/KeyCharacterMap(  256): No keyboard for id 0
W/KeyCharacterMap(  256): Using default keymap: /system/usr/keychars/qwerty.kcm.bin
I/nofatclips(  256): Waiting for 100 msec.
D/nofatclips(  256): Waiting on Progress Bar #16908301
I/nofatclips(  256): Waiting for 500 msec.
I/nofatclips(  256): Current activity is Posts
I/nofatclips(  256): Retrieving widgets
D/nofatclips(  256): Found widget: id=16908290 (android.widget.FrameLayout@4072b4e8)
D/nofatclips(  256): Found widget: id=16908666 (com.android.internal.widget.WeightedLinearLayout@4084d498)
D/nofatclips(  256): Found widget: id=16908667 (android.widget.LinearLayout@4084d6d8)
D/nofatclips(  256): Found widget: id=16908668 (android.widget.LinearLayout@4084d8f8)
D/nofatclips(  256): Found widget: id=16908294 (android.widget.ImageView@4084db60)
D/nofatclips(  256): Found widget: id=16908669 (com.android.internal.widget.DialogTitle@4084dfa8): Share Post
D/nofatclips(  256): Found widget: id=16908670 (android.widget.ImageView@4084ecf8)
D/nofatclips(  256): Found widget: id=16908671 (android.widget.LinearLayout@4084ef30)
D/nofatclips(  256): Found widget: id=16908672 (android.widget.ScrollView@4084f198)
D/nofatclips(  256): Found widget: id=16908673 (android.widget.FrameLayout@407cc208)
D/nofatclips(  256): Found widget: id=16908331 (android.widget.FrameLayout@407cc470)
D/nofatclips(  256): Found widget: id=-1 (android.widget.FrameLayout@40729d98)
D/nofatclips(  256): Found widget: id=16908804 (android.widget.LinearLayout@4072a038)
D/nofatclips(  256): Found widget: id=16908301 (android.widget.ProgressBar@4072a2a8)
D/nofatclips(  256): Found widget: id=16908299 (android.widget.TextView@4072ac80): Attempting to fetch URL
D/nofatclips(  256): Found widget: id=16908674 (android.widget.LinearLayout@407cc6d8)
D/nofatclips(  256): Found widget: id=-1 (android.widget.LinearLayout@407cc8f8)
D/nofatclips(  256): Found widget: id=16908675 (android.widget.LinearLayout@407ccb18)
D/nofatclips(  256): Found widget: id=16908313 (android.widget.Button@407ccd78): 
D/nofatclips(  256): Found widget: id=16908315 (android.widget.Button@407cd620): 
D/nofatclips(  256): Found widget: id=16908314 (android.widget.Button@407cde88): 
D/nofatclips(  256): Found widget: id=16908676 (android.widget.LinearLayout@407ce6f0)
D/nofatclips(  256): Found widget: id=-1 (com.android.internal.policy.impl.PhoneWindow$DecorView@4072b110)
V/nicola  (  256): TextualID : null
V/nicola  (  256): ContentType detected : default
V/nicola  (  256): TextualID : null
V/nicola  (  256): ContentType detected : default
I/nofatclips(  256): Performing comparation for activity Posts
D/nofatclips(  256): Comparing against activity Posts
D/nofatclips(  256): Comparing against activity Posts
D/nofatclips(  256): Comparing against activity Posts
D/nofatclips(  256): Comparing against activity Posts
D/nofatclips(  256): Comparing against activity Posts
D/nofatclips(  256): Comparing against activity Posts
I/nofatclips(  256): Registering activity Posts (id: a19) as a new found state
D/nofatclips(  256): Performing backup of the old activity list on disk
D/nofatclips(  256): Saving new found state 'a19' on disk
V/nofatclips(  256): Opening state file in append mode.
I/nofatclips(  256): Saved image on disk: a19.jpg
I/nofatclips(  256): Waiting for 100 msec.
I/nofatclips(  256): Session count is 1. Will dump to disk at 1
I/nofatclips(  256): Saving the session on disk.
D/dalvikvm(  256): GC_CONCURRENT freed 1652K, 49% free 4455K/8711K, external 3788K/4219K, paused 8ms+8ms
I/nofatclips(  256): Planning for new Activity Posts
I/nofatclips(  256): Created trace to press the back button
I/nofatclips(  256): Created trace to press the menu button
I/nofatclips(  256): Created trace to change orientation
I/nofatclips(  256): Check for termination: 32 steps left of 50
I/nofatclips(  256): Dispatching new task. 2 more tasks remaining.
D/nofatclips(  256): Performing backup of the old task list on disk
D/nofatclips(  256): Saving task list on disk
V/nofatclips(  256): Backing up trace #181 to disk.
V/nofatclips(  256): Backing up trace #182 to disk.
D/nofatclips(  256): Deleting backup of the old task list from disk
D/nofatclips(  256): Deleting backup of the old activity list from disk
I/nofatclips(  256): Incrementally Playing Trace 182
D/nofatclips(  256): Firing event: type= back
W/KeyCharacterMap(  256): No keyboard for id 0
W/KeyCharacterMap(  256): Using default keymap: /system/usr/keychars/qwerty.kcm.bin
I/nofatclips(  256): Waiting for 100 msec.
D/nofatclips(  256): Waiting on Progress Bar #16908301
I/nofatclips(  256): Waiting for 500 msec.
D/dalvikvm(  256): GC_CONCURRENT freed 1898K, 51% free 4497K/9031K, external 3378K/4219K, paused 17ms+16ms
I/nofatclips(  256): Current activity is Posts
D/dalvikvm(  256): GC_FOR_MALLOC freed 930K, 51% free 4430K/9031K, external 3378K/4219K, paused 141ms
I/nofatclips(  256): Retrieving widgets
D/nofatclips(  256): Found widget: id=16908290 (android.widget.FrameLayout@4072b4e8)
D/nofatclips(  256): Found widget: id=16908666 (com.android.internal.widget.WeightedLinearLayout@4084d498)
D/nofatclips(  256): Found widget: id=16908667 (android.widget.LinearLayout@4084d6d8)
D/nofatclips(  256): Found widget: id=16908668 (android.widget.LinearLayout@4084d8f8)
D/nofatclips(  256): Found widget: id=16908294 (android.widget.ImageView@4084db60)
D/nofatclips(  256): Found widget: id=16908669 (com.android.internal.widget.DialogTitle@4084dfa8): Share Post
D/nofatclips(  256): Found widget: id=16908670 (android.widget.ImageView@4084ecf8)
D/nofatclips(  256): Found widget: id=16908671 (android.widget.LinearLayout@4084ef30)
D/nofatclips(  256): Found widget: id=16908672 (android.widget.ScrollView@4084f198)
D/nofatclips(  256): Found widget: id=16908673 (android.widget.FrameLayout@407cc208)
D/nofatclips(  256): Found widget: id=16908331 (android.widget.FrameLayout@407cc470)
D/nofatclips(  256): Found widget: id=-1 (android.widget.FrameLayout@40729d98)
D/nofatclips(  256): Found widget: id=16908804 (android.widget.LinearLayout@4072a038)
D/nofatclips(  256): Found widget: id=16908301 (android.widget.ProgressBar@4072a2a8)
D/nofatclips(  256): Found widget: id=16908299 (android.widget.TextView@4072ac80): Attempting to fetch URL
D/nofatclips(  256): Found widget: id=16908674 (android.widget.LinearLayout@407cc6d8)
D/nofatclips(  256): Found widget: id=-1 (android.widget.LinearLayout@407cc8f8)
D/nofatclips(  256): Found widget: id=16908675 (android.widget.LinearLayout@407ccb18)
D/nofatclips(  256): Found widget: id=16908313 (android.widget.Button@407ccd78): 
D/nofatclips(  256): Found widget: id=16908315 (android.widget.Button@407cd620): 
D/nofatclips(  256): Found widget: id=16908314 (android.widget.Button@407cde88): 
D/nofatclips(  256): Found widget: id=16908676 (android.widget.LinearLayout@407ce6f0)
D/nofatclips(  256): Found widget: id=-1 (com.android.internal.policy.impl.PhoneWindow$DecorView@4072b110)
V/nicola  (  256): TextualID : null
V/nicola  (  256): ContentType detected : default
V/nicola  (  256): TextualID : null
V/nicola  (  256): ContentType detected : default
I/nofatclips(  256): Performing comparation for activity Posts
D/nofatclips(  256): Comparing against activity Posts
D/nofatclips(  256): Comparing against activity Posts
D/nofatclips(  256): Comparing against activity Posts
D/nofatclips(  256): Comparing against activity Posts
D/nofatclips(  256): Comparing against activity Posts
D/nofatclips(  256): Comparing against activity Posts
D/nofatclips(  256): Comparing against activity Posts
I/nofatclips(  256): Registering activity Posts (id: a20) as a new found state
D/nofatclips(  256): Performing backup of the old activity list on disk
D/nofatclips(  256): Saving new found state 'a20' on disk
V/nofatclips(  256): Opening state file in append mode.
I/nofatclips(  256): Saved image on disk: a20.jpg
I/nofatclips(  256): Waiting for 100 msec.
D/dalvikvm(  256): GC_FOR_MALLOC freed 1140K, 51% free 4482K/9031K, external 3583K/4219K, paused 119ms
I/nofatclips(  256): Session count is 1. Will dump to disk at 1
I/nofatclips(  256): Saving the session on disk.
I/nofatclips(  256): Planning for new Activity Posts
I/nofatclips(  256): Created trace to press the back button
I/nofatclips(  256): Created trace to press the menu button
I/nofatclips(  256): Created trace to change orientation
D/dalvikvm(  256): GC_FOR_MALLOC freed 1112K, 50% free 4528K/9031K, external 3378K/4219K, paused 79ms
D/dalvikvm(  256): GC_FOR_MALLOC freed 712K, 50% free 4531K/9031K, external 3378K/4219K, paused 75ms
D/dalvikvm(  256): GC_FOR_MALLOC freed 670K, 50% free 4532K/9031K, external 3378K/4219K, paused 74ms
D/dalvikvm(  256): GC_FOR_MALLOC freed 588K, 50% free 4534K/9031K, external 3378K/4219K, paused 73ms
D/dalvikvm(  256): GC_FOR_MALLOC freed 538K, 50% free 4560K/9031K, external 3378K/4219K, paused 71ms
D/dalvikvm(  256): GC_FOR_MALLOC freed 536K, 50% free 4561K/9031K, external 3378K/4219K, paused 64ms
D/dalvikvm(  256): GC_FOR_MALLOC freed 577K, 50% free 4562K/9031K, external 3378K/4219K, paused 65ms
D/dalvikvm(  256): GC_FOR_MALLOC freed 580K, 50% free 4537K/9031K, external 3378K/4219K, paused 64ms
D/dalvikvm(  256): GC_FOR_MALLOC freed 526K, 50% free 4564K/9031K, external 3378K/4219K, paused 64ms
D/dalvikvm(  256): GC_FOR_MALLOC freed 522K, 50% free 4540K/9031K, external 3378K/4219K, paused 64ms
D/dalvikvm(  256): GC_FOR_MALLOC freed 469K, 50% free 4571K/9031K, external 3378K/4219K, paused 64ms
D/dalvikvm(  256): GC_FOR_MALLOC freed 509K, 50% free 4542K/9031K, external 3378K/4219K, paused 64ms
D/dalvikvm(  256): GC_FOR_MALLOC freed 493K, 50% free 4543K/9031K, external 3378K/4219K, paused 71ms
D/dalvikvm(  256): GC_FOR_MALLOC freed 473K, 50% free 4543K/9031K, external 3378K/4219K, paused 61ms
I/nofatclips(  256): Check for termination: 31 steps left of 50
I/nofatclips(  256): Dispatching new task. 2 more tasks remaining.
D/nofatclips(  256): Performing backup of the old task list on disk
D/nofatclips(  256): Saving task list on disk
V/nofatclips(  256): Backing up trace #184 to disk.
D/dalvikvm(  256): GC_FOR_MALLOC freed 593K, 50% free 4519K/9031K, external 3378K/4219K, paused 56ms
D/dalvikvm(  256): GC_FOR_MALLOC freed 519K, 50% free 4519K/9031K, external 3378K/4219K, paused 59ms
D/dalvikvm(  256): GC_FOR_MALLOC freed 493K, 50% free 4520K/9031K, external 3378K/4219K, paused 59ms
D/dalvikvm(  256): GC_FOR_MALLOC freed 449K, 50% free 4553K/9031K, external 3378K/4219K, paused 59ms
D/dalvikvm(  256): GC_FOR_MALLOC freed 455K, 50% free 4554K/9031K, external 3378K/4219K, paused 57ms
D/dalvikvm(  256): GC_FOR_MALLOC freed 459K, 50% free 4521K/9031K, external 3378K/4219K, paused 56ms
D/dalvikvm(  256): GC_FOR_MALLOC freed 465K, 50% free 4521K/9031K, external 3378K/4219K, paused 60ms
D/dalvikvm(  256): GC_FOR_MALLOC freed 350K, 50% free 4557K/9031K, external 3378K/4219K, paused 58ms
D/dalvikvm(  256): GC_FOR_MALLOC freed 370K, 50% free 4557K/9031K, external 3378K/4219K, paused 51ms
D/dalvikvm(  256): GC_FOR_MALLOC freed 372K, 50% free 4522K/9031K, external 3378K/4219K, paused 51ms
D/dalvikvm(  256): GC_FOR_MALLOC freed 339K, 50% free 4576K/9031K, external 3378K/4219K, paused 53ms
D/dalvikvm(  256): GC_FOR_MALLOC freed 377K, 50% free 4523K/9031K, external 3378K/4219K, paused 52ms
D/dalvikvm(  256): GC_FOR_MALLOC freed 383K, 50% free 4561K/9031K, external 3378K/4219K, paused 52ms
D/dalvikvm(  256): GC_FOR_MALLOC freed 376K, 50% free 4581K/9031K, external 3378K/4219K, paused 51ms
D/dalvikvm(  256): GC_FOR_MALLOC freed 265K, 50% free 4563K/9031K, external 3378K/4219K, paused 51ms
D/dalvikvm(  256): GC_FOR_MALLOC freed 304K, 50% free 4563K/9031K, external 3378K/4219K, paused 51ms
D/dalvikvm(  256): GC_FOR_MALLOC freed 345K, 50% free 4583K/9031K, external 3378K/4219K, paused 51ms
D/dalvikvm(  256): GC_FOR_MALLOC freed 271K, 50% free 4564K/9031K, external 3378K/4219K, paused 52ms
D/dalvikvm(  256): GC_FOR_MALLOC freed 350K, 50% free 4584K/9031K, external 3378K/4219K, paused 50ms
I/ActivityManager(   61): Starting: Intent { act=android.intent.action.CHOOSER cmp=android/com.android.internal.app.ChooserActivity (has extras) } from pid 256
V/nofatclips(  256): Backing up trace #185 to disk.
D/nofatclips(  256): Deleting backup of the old task list from disk
D/nofatclips(  256): Deleting backup of the old activity list from disk
I/nofatclips(  256): Incrementally Playing Trace 185
I/nofatclips(  256): Retrieved from return list id=16908290
D/nofatclips(  256): Testing for type (android.widget.FrameLayout) against the original (null)
I/nofatclips(  256): Firing event: type= openMenu name= widget=null
W/InputManagerService(   61): Window already focused, ignoring focus gain of: com.android.internal.view.IInputMethodClient$Stub$Proxy@405deb30
I/ActivityManager(   61): Displayed android/com.android.internal.app.ChooserActivity: +538ms
W/KeyCharacterMap(  256): No keyboard for id 0
W/KeyCharacterMap(  256): Using default keymap: /system/usr/keychars/qwerty.kcm.bin
I/nofatclips(  256): Waiting for 100 msec.
I/nofatclips(  256): Current activity is com.android.internal.app.ChooserActivity
I/nofatclips(  256): Retrieving widgets
D/nofatclips(  256): Found widget: id=16908290 (android.widget.FrameLayout@405b6b30)
D/nofatclips(  256): Found widget: id=16908666 (com.android.internal.widget.WeightedLinearLayout@4062fe90)
D/nofatclips(  256): Found widget: id=16908667 (android.widget.LinearLayout@406f6650)
D/nofatclips(  256): Found widget: id=16908668 (android.widget.LinearLayout@4086a8e8)
D/nofatclips(  256): Found widget: id=16908294 (android.widget.ImageView@407029d8)
D/nofatclips(  256): Found widget: id=16908669 (com.android.internal.widget.DialogTitle@407d4688): Share Post
D/nofatclips(  256): Found widget: id=16908670 (android.widget.ImageView@407031e8)
D/nofatclips(  256): Found widget: id=16908671 (android.widget.LinearLayout@40703338)
D/nofatclips(  256): Found widget: id=16908823 (com.android.internal.app.AlertController$RecycleListView@40772208)
D/nofatclips(  256): Found widget: id=-1 (android.widget.LinearLayout@405d53d8)
D/nofatclips(  256): Found widget: id=16908294 (android.widget.ImageView@4066f2e0)
D/nofatclips(  256): Found widget: id=-1 (android.widget.LinearLayout@4066f4a0)
D/nofatclips(  256): Found widget: id=16908308 (android.widget.TextView@407d0cd8): Messaging
D/nofatclips(  256): Found widget: id=16908309 (android.widget.TextView@407b10b8): 
D/nofatclips(  256): Found widget: id=-1 (android.widget.LinearLayout@40858b70)
D/nofatclips(  256): Found widget: id=16908294 (android.widget.ImageView@40858d88)
D/nofatclips(  256): Found widget: id=-1 (android.widget.LinearLayout@406011e0)
D/nofatclips(  256): Found widget: id=16908308 (android.widget.TextView@406013e0): WordPress
D/nofatclips(  256): Found widget: id=16908309 (android.widget.TextView@40688c68): 
D/nofatclips(  256): Found widget: id=16908673 (android.widget.FrameLayout@405ef588)
D/nofatclips(  256): Found widget: id=16908331 (android.widget.FrameLayout@407746e8)
D/nofatclips(  256): Found widget: id=16908674 (android.widget.LinearLayout@407d0190)
D/nofatclips(  256): Found widget: id=-1 (android.widget.LinearLayout@407d0378)
D/nofatclips(  256): Found widget: id=16908675 (android.widget.LinearLayout@4079a6e8)
D/nofatclips(  256): Found widget: id=16908313 (android.widget.Button@407ae2d8): 
D/nofatclips(  256): Found widget: id=16908315 (android.widget.Button@406ef8c0): 
D/nofatclips(  256): Found widget: id=16908314 (android.widget.Button@407d6b20): 
D/nofatclips(  256): Found widget: id=16908676 (android.widget.LinearLayout@405c16f8)
D/nofatclips(  256): Found widget: id=-1 (com.android.internal.policy.impl.PhoneWindow$DecorView@4081fc98)
V/nicola  (  256): TextualID : null
V/nicola  (  256): ContentType detected : default
V/ReflectionHelper(  256): com.android.internal.app.AlertController.RecycleListView > mOnFocusChangeListener FOUND | NOT ACTIVE
V/nicola  (  256): TextualID : null
V/nicola  (  256): ContentType detected : default
V/nicola  (  256): TextualID : null
V/nicola  (  256): ContentType detected : default
I/nofatclips(  256): Performing comparation for activity ChooserActivity
D/nofatclips(  256): Comparing against activity Posts
D/nofatclips(  256): Comparing against activity Posts
D/nofatclips(  256): Comparing against activity Posts
D/nofatclips(  256): Comparing against activity Posts
D/nofatclips(  256): Comparing against activity Posts
D/nofatclips(  256): Comparing against activity Posts
D/nofatclips(  256): Comparing against activity Posts
D/nofatclips(  256): Comparing against activity Posts
I/nofatclips(  256): Registering activity ChooserActivity (id: a21) as a new found state
D/nofatclips(  256): Performing backup of the old activity list on disk
D/nofatclips(  256): Saving new found state 'a21' on disk
V/nofatclips(  256): Opening state file in append mode.
D/dalvikvm(  256): GC_EXTERNAL_ALLOC freed 1048K, 50% free 4579K/9031K, external 3973K/4219K, paused 246ms
I/nofatclips(  256): Saved image on disk: a21.jpg
I/nofatclips(  256): Waiting for 100 msec.
I/nofatclips(  256): Session count is 1. Will dump to disk at 1
I/nofatclips(  256): Saving the session on disk.
I/nofatclips(  256): Planning for new Activity ChooserActivity
D/nofatclips(  256): Handling event selectListItem for items [1,2] on listView #16908823 count=2
D/nofatclips(  256): Handling event longClickListItem for items [1,2] on listView #16908823 count=2
I/nofatclips(  256): Created trace to press the back button
I/nofatclips(  256): Created trace to press the menu button
I/nofatclips(  256): Created trace to change orientation
I/nofatclips(  256): Check for termination: 30 steps left of 50
I/nofatclips(  256): Dispatching new task. 2 more tasks remaining.
D/nofatclips(  256): Performing backup of the old task list on disk
D/nofatclips(  256): Saving task list on disk
V/nofatclips(  256): Backing up trace #191 to disk.
V/nofatclips(  256): Backing up trace #192 to disk.
D/nofatclips(  256): Deleting backup of the old task list from disk
D/nofatclips(  256): Deleting backup of the old activity list from disk
I/nofatclips(  256): Incrementally Playing Trace 192
I/nofatclips(  256): Retrieved from return list id=16908823
D/nofatclips(  256): Testing for type (com.android.internal.app.AlertController$RecycleListView) against the original (com.android.internal.app.AlertController$RecycleListView)
D/nofatclips(  256): Testing for name () against the original ()
I/nofatclips(  256): Firing event: type= longClickListItem index=8 widget=com.android.internal.app.AlertController$RecycleListView
I/nofatclips(  256): Swapping to listview item 2
D/nofatclips(  256): Event description: WordPress
I/ActivityManager(   61): Starting: Intent { act=android.intent.action.SEND typ=text/plain flg=0x3000000 cmp=org.wordpress.android/.EditPost (has extras) } from pid 256
I/nofatclips(  256): Waiting for 100 msec.
D/dalvikvm(  256): GC_CONCURRENT freed 1670K, 49% free 4687K/9031K, external 4260K/5211K, paused 13ms+14ms
I/ActivityManager(   61): Displayed org.wordpress.android/.EditPost: +2s674ms
I/nofatclips(  256): Current activity is EditPost
I/nofatclips(  256): Retrieving widgets
D/nofatclips(  256): Found widget: id=16908290 (android.widget.FrameLayout@4087c1b0)
D/nofatclips(  256): Found widget: id=16908666 (com.android.internal.widget.WeightedLinearLayout@4087cbd8)
D/nofatclips(  256): Found widget: id=16908667 (android.widget.LinearLayout@4087d000)
D/nofatclips(  256): Found widget: id=16908668 (android.widget.LinearLayout@4087d220)
D/nofatclips(  256): Found widget: id=16908294 (android.widget.ImageView@4087d488)
D/nofatclips(  256): Found widget: id=16908669 (com.android.internal.widget.DialogTitle@4087d748): Select a Blog
D/nofatclips(  256): Found widget: id=16908670 (android.widget.ImageView@4087e328)
D/nofatclips(  256): Found widget: id=16908671 (android.widget.LinearLayout@4087e540)
D/nofatclips(  256): Found widget: id=16908823 (com.android.internal.app.AlertController$RecycleListView@4087a678)
D/nofatclips(  256): Found widget: id=16908308 (android.widget.TextView@4061a8b8): Katie's Sweet Testing Blog
D/nofatclips(  256): Found widget: id=16908308 (android.widget.TextView@4063d840): My Blog
D/nofatclips(  256): Found widget: id=16908673 (android.widget.FrameLayout@4087f418)
D/nofatclips(  256): Found widget: id=16908331 (android.widget.FrameLayout@4087f680)
D/nofatclips(  256): Found widget: id=16908674 (android.widget.LinearLayout@4087f8e8)
D/nofatclips(  256): Found widget: id=-1 (android.widget.LinearLayout@4087fb08)
D/nofatclips(  256): Found widget: id=16908675 (android.widget.LinearLayout@4087fd28)
D/nofatclips(  256): Found widget: id=16908313 (android.widget.Button@4087ff88): 
D/nofatclips(  256): Found widget: id=16908315 (android.widget.Button@408807f0): 
D/nofatclips(  256): Found widget: id=16908314 (android.widget.Button@40881208): 
D/nofatclips(  256): Found widget: id=16908676 (android.widget.LinearLayout@40881a70)
D/nofatclips(  256): Found widget: id=-1 (com.android.internal.policy.impl.PhoneWindow$DecorView@4087bdc0)
V/nicola  (  256): TextualID : null
V/nicola  (  256): ContentType detected : default
V/ReflectionHelper(  256): com.android.internal.app.AlertController.RecycleListView > mOnFocusChangeListener FOUND | NOT ACTIVE
V/nicola  (  256): TextualID : null
V/nicola  (  256): ContentType detected : default
V/nicola  (  256): TextualID : null
V/nicola  (  256): ContentType detected : default
I/nofatclips(  256): Performing comparation for activity EditPost
D/nofatclips(  256): Comparing against activity Posts
D/nofatclips(  256): Comparing against activity Posts
D/nofatclips(  256): Comparing against activity Posts
D/nofatclips(  256): Comparing against activity Posts
D/nofatclips(  256): Comparing against activity Posts
D/nofatclips(  256): Comparing against activity Posts
D/nofatclips(  256): Comparing against activity ChooserActivity
D/nofatclips(  256): Comparing against activity Posts
D/nofatclips(  256): Comparing against activity Posts
I/nofatclips(  256): Registering activity EditPost (id: a22) as a new found state
D/nofatclips(  256): Performing backup of the old activity list on disk
D/nofatclips(  256): Saving new found state 'a22' on disk
V/nofatclips(  256): Opening state file in append mode.
D/dalvikvm(  256): GC_EXTERNAL_ALLOC freed 384K, 50% free 4603K/9031K, external 4643K/4814K, paused 99ms
I/nofatclips(  256): Saved image on disk: a22.jpg
I/nofatclips(  256): Waiting for 100 msec.
I/nofatclips(  256): Session count is 1. Will dump to disk at 1
I/nofatclips(  256): Saving the session on disk.
I/nofatclips(  256): Planning for new Activity EditPost
D/nofatclips(  256): Handling event selectListItem for items [1,2] on listView #16908823 count=2
D/nofatclips(  256): Handling event longClickListItem for items [1,2] on listView #16908823 count=2
I/nofatclips(  256): Created trace to press the back button
I/nofatclips(  256): Created trace to press the menu button
I/nofatclips(  256): Created trace to change orientation
I/nofatclips(  256): Check for termination: 29 steps left of 50
I/nofatclips(  256): Dispatching new task. 2 more tasks remaining.
D/nofatclips(  256): Performing backup of the old task list on disk
D/nofatclips(  256): Saving task list on disk
V/nofatclips(  256): Backing up trace #198 to disk.
V/nofatclips(  256): Backing up trace #199 to disk.
D/nofatclips(  256): Deleting backup of the old task list from disk
D/nofatclips(  256): Deleting backup of the old activity list from disk
I/nofatclips(  256): Incrementally Playing Trace 199
I/nofatclips(  256): Retrieved from return list id=16908823
D/nofatclips(  256): Testing for type (com.android.internal.app.AlertController$RecycleListView) against the original (com.android.internal.app.AlertController$RecycleListView)
D/nofatclips(  256): Testing for name () against the original ()
I/nofatclips(  256): Firing event: type= selectListItem index=8 widget=com.android.internal.app.AlertController$RecycleListView
I/WordPress(  256): response = HTTP/1.1 200 OK
W/KeyCharacterMap(  256): No keyboard for id 0
W/KeyCharacterMap(  256): Using default keymap: /system/usr/keychars/qwerty.kcm.bin
I/nofatclips(  256): Swapping to listview item 2
D/nofatclips(  256): Event description: My Blog
I/nofatclips(  256): Waiting for 100 msec.
I/nofatclips(  256): Current activity is EditPost
I/nofatclips(  256): Retrieving widgets
D/nofatclips(  256): Found widget: id=-1 (android.widget.LinearLayout@4083c8d0)
D/nofatclips(  256): Found widget: id=-1 (android.widget.FrameLayout@4083cb10)
D/nofatclips(  256): Found widget: id=16908310 (android.widget.TextView@4083d7e0): My Blog - New Post
D/nofatclips(  256): Found widget: id=16908290 (android.widget.FrameLayout@4083ddc8)
D/nofatclips(  256): Found widget: id=-1 (android.widget.LinearLayout@4083e2c8)
D/nofatclips(  256): Found widget: id=-1 (android.widget.ScrollView@4083e570)
D/nofatclips(  256): Found widget: id=-1 (android.widget.LinearLayout@4083ebb0)
D/nofatclips(  256): Found widget: id=2131165209 (android.widget.RelativeLayout@4083ee20)
D/nofatclips(  256): Found widget: id=2131165210 (android.widget.TextView@4083fa80): Post Content
D/nofatclips(  256): Found widget: id=2131165236 (android.widget.EditText@408411f8): 90
D/nofatclips(  256): Found widget: id=2131165265 (org.wordpress.android.util.WPEditText@40842cf0): http://wp.me/P4Quek-4
D/nofatclips(  256): 
D/nofatclips(  256): Found widget: id=2131165266 (android.widget.RelativeLayout@408437c0)
D/nofatclips(  256): Found widget: id=2131165267 (android.widget.TextView@40843da0): Tags & Categories
D/nofatclips(  256): Found widget: id=2131165268 (android.widget.EditText@408446f8): 
D/nofatclips(  256): Found widget: id=2131165269 (android.widget.Button@40845208): Select Categories
D/nofatclips(  256): Found widget: id=2131165270 (android.widget.TextView@40846eb8): Selected categories:
D/nofatclips(  256): Found widget: id=2131165271 (android.widget.RelativeLayout@40847410)
D/nofatclips(  256): Found widget: id=2131165272 (android.widget.RelativeLayout@408477b8)
D/nofatclips(  256): Found widget: id=2131165273 (android.widget.TextView@40847e00): Location
D/nofatclips(  256): Found widget: id=2131165274 (android.widget.TextView@40848748): Loading...
D/nofatclips(  256): Found widget: id=2131165275 (android.widget.Button@40848c40): View Map
D/nofatclips(  256): Found widget: id=2131165276 (android.widget.Button@408495d8): Update Location
D/nofatclips(  256): Found widget: id=2131165277 (android.widget.RelativeLayout@40849dd0)
D/nofatclips(  256): Found widget: id=2131165278 (android.widget.TextView@4084a3b0): Settings
D/nofatclips(  256): Found widget: id=2131165279 (android.widget.TextView@4084acb0): Status:
D/nofatclips(  256): Found widget: id=2131165280 (android.widget.Spinner@4084b450)
D/nofatclips(  256): Found widget: id=2131165281 (android.widget.TextView@4084c850): Publish:
D/nofatclips(  256): Found widget: id=2131165282 (android.widget.TextView@40882fe8): Immediately
D/nofatclips(  256): Found widget: id=2131165283 (android.widget.Button@40883400): Edit
D/nofatclips(  256): Found widget: id=2131165284 (android.widget.TextView@40883d90): Post Format:
D/nofatclips(  256): Found widget: id=2131165285 (android.widget.Spinner@408842d8)
D/nofatclips(  256): Found widget: id=16908308 (android.widget.TextView@407bb208): Standard
D/nofatclips(  256): Found widget: id=2131165286 (android.widget.EditText@40884980): 
D/nofatclips(  256): Found widget: id=2131165287 (android.widget.Button@40885f48): Publish
D/nofatclips(  256): Found widget: id=-1 (com.android.internal.policy.impl.PhoneWindow$DecorView@4083c458)
V/nicola  (  256): TextualID : null
V/nicola  (  256): ContentType detected : default
V/nicola  (  256): TextualID : l_section1
V/nicola  (  256): ContentType detected : default
V/ReflectionHelper(  256): android.widget.EditText > mOnFocusChangeListener FOUND | NOT ACTIVE
V/nicola  (  256): TextualID : title
V/nicola  (  256): ContentType detected : default
V/ReflectionHelper(  256): org.wordpress.android.util.WPEditText > mOnFocusChangeListener FOUND | ACTIVE
V/nicola  (  256): TextualID : postContent
V/nicola  (  256): ContentType detected : url
V/nicola  (  256): TextualID : l_tags_categories
V/nicola  (  256): ContentType detected : default
V/ReflectionHelper(  256): android.widget.EditText > mOnFocusChangeListener FOUND | NOT ACTIVE
V/nicola  (  256): TextualID : tags
V/nicola  (  256): ContentType detected : default
V/nicola  (  256): TextualID : selectCategories
V/nicola  (  256): ContentType detected : default
V/nicola  (  256): TextualID : selectedCategories
V/nicola  (  256): ContentType detected : default
V/nicola  (  256): TextualID : l_status
V/nicola  (  256): ContentType detected : default
V/nicola  (  256): TextualID : statusLabel
V/nicola  (  256): ContentType detected : default
V/nicola  (  256): TextualID : pubDateLabel
V/nicola  (  256): ContentType detected : default
V/nicola  (  256): TextualID : pubDate
V/nicola  (  256): ContentType detected : default
V/nicola  (  256): TextualID : pubDateButton
V/nicola  (  256): ContentType detected : default
V/nicola  (  256): TextualID : postFormatLabel
V/nicola  (  256): ContentType detected : default
V/nicola  (  256): TextualID : null
V/nicola  (  256): ContentType detected : default
V/ReflectionHelper(  256): android.widget.EditText > mOnFocusChangeListener FOUND | NOT ACTIVE
V/nicola  (  256): TextualID : post_password
V/nicola  (  256): ContentType detected : default
V/nicola  (  256): TextualID : post
V/nicola  (  256): ContentType detected : default
I/nofatclips(  256): Performing comparation for activity EditPost
D/nofatclips(  256): Comparing against activity Posts
D/nofatclips(  256): Comparing against activity Posts
D/nofatclips(  256): Comparing against activity Posts
D/nofatclips(  256): Comparing against activity EditPost
D/nofatclips(  256): Comparing against activity Posts
D/nofatclips(  256): Comparing against activity Posts
D/nofatclips(  256): Comparing against activity Posts
D/nofatclips(  256): Comparing against activity ChooserActivity
D/nofatclips(  256): Comparing against activity Posts
D/nofatclips(  256): Comparing against activity Posts
I/nofatclips(  256): Registering activity EditPost (id: a23) as a new found state
D/nofatclips(  256): Performing backup of the old activity list on disk
D/nofatclips(  256): Saving new found state 'a23' on disk
V/nofatclips(  256): Opening state file in append mode.
D/dalvikvm(  256): GC_CONCURRENT freed 1907K, 49% free 4832K/9351K, external 4048K/5055K, paused 10ms+10ms
D/dalvikvm(  256): GC_EXTERNAL_ALLOC freed 66K, 49% free 4780K/9351K, external 3861K/4072K, paused 146ms
I/nofatclips(  256): Saved image on disk: a23.jpg
I/nofatclips(  256): Waiting for 100 msec.
I/nofatclips(  256): Session count is 1. Will dump to disk at 1
I/nofatclips(  256): Saving the session on disk.
I/nofatclips(  256): Planning for new Activity EditPost
D/nofatclips(  256): Handling event 'focus' on widget id=2131165265 type=focusableEditText name=Content
D/nofatclips(  256): Handling input 'writeText' on widget id=2131165236 type=editText name=Title
V/nofatclips(  256): Using value: 90
D/nofatclips(  256): Handling input 'writeText' on widget id=2131165268 type=editText name=Tags (separate tags with commas)
V/nofatclips(  256): Using value: 85
D/nofatclips(  256): Handling input 'writeText' on widget id=2131165286 type=editText name=Password (optional)
V/nofatclips(  256): Using value: 45
D/nofatclips(  256): Handling event 'click' on widget id=2131165269 type=button name=Select Categories
D/nofatclips(  256): Handling input 'writeText' on widget id=2131165236 type=editText name=Title
V/nofatclips(  256): Using value: 90
D/nofatclips(  256): Handling input 'writeText' on widget id=2131165268 type=editText name=Tags (separate tags with commas)
V/nofatclips(  256): Using value: 85
D/nofatclips(  256): Handling input 'writeText' on widget id=2131165286 type=editText name=Password (optional)
V/nofatclips(  256): Using value: 45
D/nofatclips(  256): Handling event 'click' on widget id=2131165283 type=button name=Edit
D/nofatclips(  256): Handling input 'writeText' on widget id=2131165236 type=editText name=Title
V/nofatclips(  256): Using value: 90
D/nofatclips(  256): Handling input 'writeText' on widget id=2131165268 type=editText name=Tags (separate tags with commas)
V/nofatclips(  256): Using value: 85
D/nofatclips(  256): Handling input 'writeText' on widget id=2131165286 type=editText name=Password (optional)
V/nofatclips(  256): Using value: 45
D/nofatclips(  256): Handling event selectSpinnerItem for items [1,10] on spinner #2131165285 count=10
D/nofatclips(  256): Handling input 'writeText' on widget id=2131165236 type=editText name=Title
V/nofatclips(  256): Using value: 90
D/nofatclips(  256): Handling input 'writeText' on widget id=2131165268 type=editText name=Tags (separate tags with commas)
V/nofatclips(  256): Using value: 85
D/nofatclips(  256): Handling input 'writeText' on widget id=2131165286 type=editText name=Password (optional)
V/nofatclips(  256): Using value: 45
D/nofatclips(  256): Handling input 'writeText' on widget id=2131165236 type=editText name=Title
V/nofatclips(  256): Using value: 90
D/nofatclips(  256): Handling input 'writeText' on widget id=2131165268 type=editText name=Tags (separate tags with commas)
V/nofatclips(  256): Using value: 85
D/nofatclips(  256): Handling input 'writeText' on widget id=2131165286 type=editText name=Password (optional)
V/nofatclips(  256): Using value: 45
D/nofatclips(  256): Handling input 'writeText' on widget id=2131165236 type=editText name=Title
V/nofatclips(  256): Using value: 90
D/nofatclips(  256): Handling input 'writeText' on widget id=2131165268 type=editText name=Tags (separate tags with commas)
V/nofatclips(  256): Using value: 85
D/nofatclips(  256): Handling input 'writeText' on widget id=2131165286 type=editText name=Password (optional)
V/nofatclips(  256): Using value: 45
D/nofatclips(  256): Handling input 'writeText' on widget id=2131165236 type=editText name=Title
V/nofatclips(  256): Using value: 90
D/nofatclips(  256): Handling input 'writeText' on widget id=2131165268 type=editText name=Tags (separate tags with commas)
