W/ImageDownloader(  256): Error 404 while retrieving bitmap from http://gravatar.com/blavatar/44d338f29053dbb888da79dcf98df489?s=60&d=404
D/szipinf (  180): Initializing inflate state
D/MediaScanner(  244):  prescan time: 4111ms
D/dalvikvm(  244): GC_CONCURRENT freed 525K, 55% free 2647K/5831K, external 716K/1038K, paused 3ms+2ms
D/MediaScanner(  244):     scan time: 51ms
D/MediaScanner(  244): postscan time: 1ms
D/MediaScanner(  244):    total time: 4163ms
D/MediaScannerService(  244): done scanning volume internal
D/MediaScannerService(  244): start scanning volume external
I/nofatclips(  256): Waiting for 100 msec.
V/MediaProvider(  244): /mnt/sdcard volume ID: 386670617
D/nofatclips(  256): Ready to operate after restarting...
I/nofatclips(  256): Retrieving widgets
D/nofatclips(  256): Found widget: id=16908290 (android.widget.FrameLayout@405a0f40)
D/nofatclips(  256): Found widget: id=2131165248 (android.widget.RelativeLayout@405a1c40)
D/nofatclips(  256): Found widget: id=2131165249 (android.widget.LinearLayout@405a22a8)
D/nofatclips(  256): Found widget: id=-1 (android.widget.ImageView@405a27f0)
D/nofatclips(  256): Found widget: id=2131165250 (org.wordpress.android.util.WPTitleBar@4059c128)
D/nofatclips(  256): Found widget: id=2131165195 (android.widget.RelativeLayout@4050e728)
D/nofatclips(  256): Found widget: id=2131165196 (android.widget.RelativeLayout@40568a70)
D/nofatclips(  256): Found widget: id=2131165197 (android.widget.ImageView@4059d3c0)
D/nofatclips(  256): Found widget: id=2131165198 (android.widget.TextView@40541de8): Katie's Sweet Testing Blog
D/nofatclips(  256): Found widget: id=2131165199 (android.widget.ImageView@4055d678)
D/nofatclips(  256): Found widget: id=-1 (android.widget.RelativeLayout@405799d8)
D/nofatclips(  256): Found widget: id=2131165200 (android.widget.ImageButton@4059d8e8)
D/nofatclips(  256): Found widget: id=-1 (android.widget.FrameLayout@4057ae88)
D/nofatclips(  256): Found widget: id=2131165201 (android.widget.Button@405427b0): 
D/nofatclips(  256): Found widget: id=2131165202 (android.widget.ImageView@40593d38)
D/nofatclips(  256): Found widget: id=2131165203 (android.widget.ImageView@4053cfa8)
D/nofatclips(  256): Found widget: id=2131165204 (android.widget.LinearLayout@40569678)
D/nofatclips(  256): Found widget: id=-1 (android.widget.FrameLayout@4059d158)
D/nofatclips(  256): Found widget: id=-1 (android.widget.LinearLayout@40530150)
D/nofatclips(  256): Found widget: id=-1 (android.widget.LinearLayout@4050e538)
D/nofatclips(  256): Found widget: id=-1 (android.widget.LinearLayout@4052f770)
D/nofatclips(  256): Found widget: id=2131165251 (android.widget.LinearLayout@4052fe28)
D/nofatclips(  256): Found widget: id=-1 (android.widget.ImageView@405907e0)
D/nofatclips(  256): Found widget: id=2131165256 (android.widget.TextView@4056b370): New Post
D/nofatclips(  256): Found widget: id=2131165253 (android.widget.LinearLayout@4059c360)
D/nofatclips(  256): Found widget: id=-1 (android.widget.ImageView@40531190)
D/nofatclips(  256): Found widget: id=2131165256 (android.widget.TextView@4056bca8): New Page
D/nofatclips(  256): Found widget: id=-1 (android.widget.LinearLayout@40533448)
D/nofatclips(  256): Found widget: id=2131165252 (android.widget.LinearLayout@40530e38)
D/nofatclips(  256): Found widget: id=-1 (android.widget.ImageView@40539340)
D/nofatclips(  256): Found widget: id=2131165256 (android.widget.TextView@40577ea0): Quick Photo
D/nofatclips(  256): Found widget: id=2131165254 (android.widget.LinearLayout@405479b8)
D/nofatclips(  256): Found widget: id=-1 (android.widget.ImageView@40531d30)
D/nofatclips(  256): Found widget: id=2131165256 (android.widget.TextView@40578710): Quick Video
D/nofatclips(  256): Found widget: id=-1 (android.widget.LinearLayout@4052ebe0)
D/nofatclips(  256): Found widget: id=-1 (android.widget.LinearLayout@40534400)
D/nofatclips(  256): Found widget: id=2131165255 (android.widget.LinearLayout@405356c8)
D/nofatclips(  256): Found widget: id=-1 (android.widget.ImageView@40540a18)
D/nofatclips(  256): Found widget: id=2131165256 (android.widget.TextView@40578d98): Posts
D/nofatclips(  256): Found widget: id=2131165257 (android.widget.LinearLayout@40546130)
D/nofatclips(  256): Found widget: id=-1 (android.widget.ImageView@40568d88)
D/nofatclips(  256): Found widget: id=2131165256 (android.widget.TextView@405379f8): Pages
D/nofatclips(  256): Found widget: id=-1 (android.widget.FrameLayout@40534a08)
D/nofatclips(  256): Found widget: id=2131165258 (android.widget.LinearLayout@405406f0)
D/nofatclips(  256): Found widget: id=-1 (android.widget.ImageView@40537108)
D/nofatclips(  256): Found widget: id=2131165256 (android.widget.TextView@405399a8): Comments
D/nofatclips(  256): Found widget: id=2131165259 (android.widget.FrameLayout@40544be0)
D/nofatclips(  256): Found widget: id=2131165260 (android.widget.ImageView@40546700)
D/nofatclips(  256): Found widget: id=2131165261 (org.wordpress.android.util.CommentBadgeTextView@4053a9c0): 0
D/nofatclips(  256): Found widget: id=-1 (android.widget.LinearLayout@40539780)
D/nofatclips(  256): Found widget: id=2131165262 (android.widget.LinearLayout@40540d98)
D/nofatclips(  256): Found widget: id=-1 (android.widget.ImageView@405416a0)
D/nofatclips(  256): Found widget: id=2131165256 (android.widget.TextView@40540fe0): Settings
D/nofatclips(  256): Found widget: id=2131165263 (android.widget.LinearLayout@40544638)
D/nofatclips(  256): Found widget: id=-1 (android.widget.ImageView@40560590)
D/nofatclips(  256): Found widget: id=2131165256 (android.widget.TextView@40543320): Read
D/nofatclips(  256): Found widget: id=2131165264 (android.widget.LinearLayout@40561c78)
D/nofatclips(  256): Found widget: id=-1 (android.widget.ImageView@40564530)
D/nofatclips(  256): Found widget: id=2131165256 (android.widget.TextView@40550078): Stats
D/nofatclips(  256): Found widget: id=-1 (com.android.internal.policy.impl.PhoneWindow$DecorView@405a0640)
I/nofatclips(  256): Playing Trace 94
I/nofatclips(  256): Retrieved from return list id=2131165257
D/nofatclips(  256): Testing for type (android.widget.LinearLayout) against the original (android.widget.LinearLayout)
D/nofatclips(  256): Testing for name () against the original ()
I/nofatclips(  256): Firing event: type= click index=39 widget=android.widget.LinearLayout
D/dalvikvm(  124): GREF has increased to 201
D/szipinf (  133): Initializing inflate state
V/MediaProvider(  244): Attached volume: external
D/dalvikvm(  133): GC_EXPLICIT freed 218K, 50% free 2953K/5831K, external 3075K/3257K, paused 40ms
V/MediaScanner(  244): pruneDeadThumbnailFiles... android.database.sqlite.SQLiteCursor@40593d30
V/MediaScanner(  244): /pruneDeadThumbnailFiles... android.database.sqlite.SQLiteCursor@40593d30
D/MediaScanner(  244):  prescan time: 85ms
D/MediaScanner(  244):     scan time: 1ms
D/MediaScanner(  244): postscan time: 7ms
D/MediaScanner(  244):    total time: 93ms
D/MediaScannerService(  244): done scanning volume external
W/KeyCharacterMap(  256): No keyboard for id 0
W/KeyCharacterMap(  256): Using default keymap: /system/usr/keychars/qwerty.kcm.bin
D/nofatclips(  256): Event description: Pages
I/ActivityManager(   61): Starting: Intent { cmp=org.wordpress.android/.Posts (has extras) } from pid 256
I/nofatclips(  256): Waiting for 100 msec.
D/dalvikvm(  256): GC_CONCURRENT freed 946K, 53% free 3228K/6855K, external 1812K/2324K, paused 14ms+15ms
D/dalvikvm(  256): GC_EXTERNAL_ALLOC freed 59K, 52% free 3302K/6855K, external 2312K/2324K, paused 139ms
I/dalvikvm(  256): Jit: resizing JitTable from 1024 to 2048
I/ActivityManager(   61): Displayed org.wordpress.android/.Posts: +1s921ms
W/ImageDownloader(  256): Error 404 while retrieving bitmap from http://gravatar.com/blavatar/44d338f29053dbb888da79dcf98df489?s=60&d=404
D/dalvikvm(  256): GC_FOR_MALLOC freed 254K, 50% free 3436K/6855K, external 2401K/2932K, paused 49ms
I/WordPress(  256): response = HTTP/1.1 200 OK
D/dalvikvm(  256): GREF has increased to 201
I/nofatclips(  256): Current activity is Posts
I/nofatclips(  256): Retrieving widgets
D/nofatclips(  256): Found widget: id=16908290 (android.widget.FrameLayout@405578e8)
D/nofatclips(  256): Found widget: id=2131165323 (android.widget.RelativeLayout@40599898)
D/nofatclips(  256): Found widget: id=2131165324 (android.widget.LinearLayout@4053b448)
D/nofatclips(  256): Found widget: id=2131165325 (android.support.v4.app.NoSaveStateFrameLayout@4053ace0)
D/nofatclips(  256): Found widget: id=-1 (android.widget.FrameLayout@4060cc00)
D/nofatclips(  256): Found widget: id=16711681 (android.widget.TextView@40584278): 
D/nofatclips(  256): Found widget: id=16908298 (android.widget.ListView@406a3848)
D/nofatclips(  256): Found widget: id=7 (android.widget.LinearLayout@405f2fb0)
D/nofatclips(  256): Found widget: id=2131165236 (android.widget.TextView@405f3210): Pages
D/nofatclips(  256): Found widget: id=-1 (android.widget.LinearLayout@405f36f0)
D/nofatclips(  256): Found widget: id=2131165341 (android.widget.TextView@405f3910): 
D/nofatclips(  256): Found widget: id=2131165280 (android.widget.TextView@405f3df0): 
D/nofatclips(  256): Found widget: id=1 (android.widget.LinearLayout@405c0210)
D/nofatclips(  256): Found widget: id=2131165236 (android.widget.TextView@405c0428): 90
D/nofatclips(  256): Found widget: id=-1 (android.widget.LinearLayout@405c08b8)
D/nofatclips(  256): Found widget: id=2131165341 (android.widget.TextView@405c0c48): 8:30am, Sep 22, 2014
D/nofatclips(  256): Found widget: id=2131165280 (android.widget.TextView@405c10d8): 
D/nofatclips(  256): Found widget: id=2 (android.widget.LinearLayout@405c1e30)
D/nofatclips(  256): Found widget: id=2131165236 (android.widget.TextView@405c2048): 90
D/nofatclips(  256): Found widget: id=-1 (android.widget.LinearLayout@405c24d8)
D/nofatclips(  256): Found widget: id=2131165341 (android.widget.TextView@405c26f8): 9:01pm, Jul 23, 2014
D/nofatclips(  256): Found widget: id=2131165280 (android.widget.TextView@405c2b88): Draft
D/nofatclips(  256): Found widget: id=3 (android.widget.LinearLayout@406a3e98)
D/nofatclips(  256): Found widget: id=2131165236 (android.widget.TextView@406a40b0): 90
D/nofatclips(  256): Found widget: id=-1 (android.widget.LinearLayout@406a4540)
D/nofatclips(  256): Found widget: id=2131165341 (android.widget.TextView@406a4760): 6:35am, Jul 23, 2014
D/nofatclips(  256): Found widget: id=2131165280 (android.widget.TextView@406a4bf0): Draft
D/nofatclips(  256): Found widget: id=4 (android.widget.LinearLayout@406a5968)
D/nofatclips(  256): Found widget: id=2131165236 (android.widget.TextView@406a5b80): 90
D/nofatclips(  256): Found widget: id=-1 (android.widget.LinearLayout@406a6010)
D/nofatclips(  256): Found widget: id=2131165341 (android.widget.TextView@406a6230): 6:29am, Jul 23, 2014
D/nofatclips(  256): Found widget: id=2131165280 (android.widget.TextView@406a66c0): Private
D/nofatclips(  256): Found widget: id=5 (android.widget.LinearLayout@406a7448)
D/nofatclips(  256): Found widget: id=2131165236 (android.widget.TextView@406a7660): 90
D/nofatclips(  256): Found widget: id=-1 (android.widget.LinearLayout@406a7af0)
D/nofatclips(  256): Found widget: id=2131165341 (android.widget.TextView@40616aa0): 6:21am, Jul 23, 2014
D/nofatclips(  256): Found widget: id=2131165280 (android.widget.TextView@40616d78): Published
D/nofatclips(  256): Found widget: id=6 (android.widget.LinearLayout@40617b10)
D/nofatclips(  256): Found widget: id=2131165236 (android.widget.TextView@40617d28): 90
D/nofatclips(  256): Found widget: id=-1 (android.widget.LinearLayout@406181b8)
D/nofatclips(  256): Found widget: id=2131165341 (android.widget.TextView@406183d8): 5:19am, Jul 23, 2014
D/nofatclips(  256): Found widget: id=2131165280 (android.widget.TextView@40618868): Published
D/nofatclips(  256): Found widget: id=7 (android.widget.LinearLayout@40619610)
D/nofatclips(  256): Found widget: id=2131165236 (android.widget.TextView@40619828): 90
D/nofatclips(  256): Found widget: id=-1 (android.widget.LinearLayout@40619cb8)
D/nofatclips(  256): Found widget: id=2131165341 (android.widget.TextView@40619ed8): 7:02pm, Jul 22, 2014
D/nofatclips(  256): Found widget: id=2131165280 (android.widget.TextView@4061a368): Pending Review
D/nofatclips(  256): Found widget: id=2131165326 (org.wordpress.android.util.WPTitleBar@40667018)
D/nofatclips(  256): Found widget: id=2131165195 (android.widget.RelativeLayout@40575510)
D/nofatclips(  256): Found widget: id=2131165196 (android.widget.RelativeLayout@40588ed0)
D/nofatclips(  256): Found widget: id=2131165197 (android.widget.ImageView@4056da90)
D/nofatclips(  256): Found widget: id=2131165198 (android.widget.TextView@406504c8): Katie's Sweet Testing Blog
D/nofatclips(  256): Found widget: id=2131165199 (android.widget.ImageView@40580368)
D/nofatclips(  256): Found widget: id=-1 (android.widget.RelativeLayout@405ad240)
D/nofatclips(  256): Found widget: id=2131165200 (android.widget.ImageButton@40582940)
D/nofatclips(  256): Found widget: id=-1 (android.widget.FrameLayout@405527e0)
D/nofatclips(  256): Found widget: id=2131165201 (android.widget.Button@405ac3c8): 
D/nofatclips(  256): Found widget: id=2131165202 (android.widget.ImageView@405abfe0)
D/nofatclips(  256): Found widget: id=2131165203 (android.widget.ImageView@4055b7e0)
D/nofatclips(  256): Found widget: id=2131165204 (android.widget.LinearLayout@405848d8)
D/nofatclips(  256): Found widget: id=-1 (android.widget.FrameLayout@405859e0)
D/nofatclips(  256): Found widget: id=-1 (android.widget.LinearLayout@405aa770)
D/nofatclips(  256): Found widget: id=-1 (android.widget.LinearLayout@4064fbe8)
D/nofatclips(  256): Found widget: id=-1 (android.widget.LinearLayout@40592750)
D/nofatclips(  256): Found widget: id=2131165251 (android.widget.LinearLayout@40592968)
D/nofatclips(  256): Found widget: id=-1 (android.widget.ImageView@4062f370)
D/nofatclips(  256): Found widget: id=2131165256 (android.widget.TextView@4062fe90): New Post
D/nofatclips(  256): Found widget: id=2131165253 (android.widget.LinearLayout@406a3060)
D/nofatclips(  256): Found widget: id=-1 (android.widget.ImageView@405ec980)
D/nofatclips(  256): Found widget: id=2131165256 (android.widget.TextView@4063d840): New Page
D/nofatclips(  256): Found widget: id=-1 (android.widget.LinearLayout@405bdba8)
D/nofatclips(  256): Found widget: id=2131165252 (android.widget.LinearLayout@40637790)
D/nofatclips(  256): Found widget: id=-1 (android.widget.ImageView@4063dae8)
D/nofatclips(  256): Found widget: id=2131165256 (android.widget.TextView@40655600): Quick Photo
D/nofatclips(  256): Found widget: id=2131165254 (android.widget.LinearLayout@405bdeb0)
D/nofatclips(  256): Found widget: id=-1 (android.widget.ImageView@405e28b8)
D/nofatclips(  256): Found widget: id=2131165256 (android.widget.TextView@40655f98): Quick Video
D/nofatclips(  256): Found widget: id=-1 (android.widget.LinearLayout@405b3c60)
D/nofatclips(  256): Found widget: id=-1 (android.widget.LinearLayout@40638d90)
D/nofatclips(  256): Found widget: id=2131165255 (android.widget.LinearLayout@4054dee0)
D/nofatclips(  256): Found widget: id=-1 (android.widget.ImageView@4061eed8)
D/nofatclips(  256): Found widget: id=2131165256 (android.widget.TextView@40692498): Posts
D/nofatclips(  256): Found widget: id=2131165257 (android.widget.LinearLayout@4062efc8)
D/nofatclips(  256): Found widget: id=-1 (android.widget.ImageView@4063c4d8)
D/nofatclips(  256): Found widget: id=2131165256 (android.widget.TextView@406942d0): Pages
D/nofatclips(  256): Found widget: id=-1 (android.widget.FrameLayout@4057b7b8)
D/nofatclips(  256): Found widget: id=2131165258 (android.widget.LinearLayout@4057f618)
D/nofatclips(  256): Found widget: id=-1 (android.widget.ImageView@40591198)
D/nofatclips(  256): Found widget: id=2131165256 (android.widget.TextView@406945d8): Comments
D/nofatclips(  256): Found widget: id=2131165259 (android.widget.FrameLayout@405aa288)
D/nofatclips(  256): Found widget: id=2131165260 (android.widget.ImageView@405be0d0)
D/nofatclips(  256): Found widget: id=2131165261 (org.wordpress.android.util.CommentBadgeTextView@406a3b68): 0
D/nofatclips(  256): Found widget: id=-1 (android.widget.LinearLayout@406675c0)
D/nofatclips(  256): Found widget: id=2131165262 (android.widget.LinearLayout@4063ce90)
D/nofatclips(  256): Found widget: id=-1 (android.widget.ImageView@4065ab68)
D/nofatclips(  256): Found widget: id=2131165256 (android.widget.TextView@405b8f30): Settings
D/nofatclips(  256): Found widget: id=2131165263 (android.widget.LinearLayout@406672f0)
D/nofatclips(  256): Found widget: id=-1 (android.widget.ImageView@40667880)
D/nofatclips(  256): Found widget: id=2131165256 (android.widget.TextView@405e2370): Read
D/nofatclips(  256): Found widget: id=2131165264 (android.widget.LinearLayout@40668080)
D/nofatclips(  256): Found widget: id=-1 (android.widget.ImageView@40577b48)
D/nofatclips(  256): Found widget: id=2131165256 (android.widget.TextView@40636160): Stats
D/nofatclips(  256): Found widget: id=-1 (com.android.internal.policy.impl.PhoneWindow$DecorView@4057b0e0)
D/dalvikvm(  256): GC_CONCURRENT freed 746K, 47% free 3823K/7175K, external 2401K/2932K, paused 3ms+4ms
V/nicola  (  256): TextualID : null
V/nicola  (  256): ContentType detected : default
V/ReflectionHelper(  256): android.widget.ListView > mOnFocusChangeListener FOUND | NOT ACTIVE
V/nicola  (  256): TextualID : title
V/nicola  (  256): ContentType detected : default
V/nicola  (  256): TextualID : date
V/nicola  (  256): ContentType detected : default
V/nicola  (  256): TextualID : status
V/nicola  (  256): ContentType detected : default
V/nicola  (  256): TextualID : title
V/nicola  (  256): ContentType detected : default
V/nicola  (  256): TextualID : date
V/nicola  (  256): ContentType detected : default
V/nicola  (  256): TextualID : status
V/nicola  (  256): ContentType detected : default
V/nicola  (  256): TextualID : title
V/nicola  (  256): ContentType detected : default
V/nicola  (  256): TextualID : date
V/nicola  (  256): ContentType detected : default
V/nicola  (  256): TextualID : status
V/nicola  (  256): ContentType detected : default
V/nicola  (  256): TextualID : title
V/nicola  (  256): ContentType detected : default
V/nicola  (  256): TextualID : date
V/nicola  (  256): ContentType detected : default
V/nicola  (  256): TextualID : status
V/nicola  (  256): ContentType detected : default
V/nicola  (  256): TextualID : title
V/nicola  (  256): ContentType detected : default
V/nicola  (  256): TextualID : date
V/nicola  (  256): ContentType detected : default
V/nicola  (  256): TextualID : status
V/nicola  (  256): ContentType detected : default
V/nicola  (  256): TextualID : title
V/nicola  (  256): ContentType detected : default
V/nicola  (  256): TextualID : date
V/nicola  (  256): ContentType detected : default
V/nicola  (  256): TextualID : status
V/nicola  (  256): ContentType detected : default
V/nicola  (  256): TextualID : title
V/nicola  (  256): ContentType detected : default
V/nicola  (  256): TextualID : date
V/nicola  (  256): ContentType detected : default
V/nicola  (  256): TextualID : status
V/nicola  (  256): ContentType detected : default
V/nicola  (  256): TextualID : title
V/nicola  (  256): ContentType detected : default
V/nicola  (  256): TextualID : date
V/nicola  (  256): ContentType detected : default
V/nicola  (  256): TextualID : status
V/nicola  (  256): ContentType detected : default
V/nicola  (  256): TextualID : blog_title
V/nicola  (  256): ContentType detected : default
V/nicola  (  256): TextualID : action_refresh
V/nicola  (  256): ContentType detected : default
I/nofatclips(  256): Performing comparation for activity Posts
I/nofatclips(  256): Registering activity Posts (id: a13) as a new found state
D/nofatclips(  256): Performing backup of the old activity list on disk
D/nofatclips(  256): Saving new found state 'a13' on disk
V/nofatclips(  256): Opening state file in append mode.
D/dalvikvm(  256): GC_EXTERNAL_ALLOC freed 617K, 48% free 3830K/7239K, external 2393K/2932K, paused 46ms
I/nofatclips(  256): Saved image on disk: a13.jpg
I/nofatclips(  256): Waiting for 100 msec.
I/nofatclips(  256): Session count is 1. Will dump to disk at 1
I/nofatclips(  256): Saving the session on disk.
I/nofatclips(  256): Planning for new Activity Posts
D/nofatclips(  256): Handling event selectListItem for items [1,11] on listView #16908298 count=11
D/nofatclips(  256): Handling event longClickListItem for items [1,11] on listView #16908298 count=11
D/dalvikvm(  256): GC_CONCURRENT freed 1189K, 50% free 3892K/7687K, external 3593K/3738K, paused 7ms+6ms
D/nofatclips(  256): Handling event 'click' on widget id=2131165200 type=button name=
D/nofatclips(  256): Handling event 'click' on widget id=2131165201 type=button name=
I/nofatclips(  256): Created trace to press the back button
D/dalvikvm(  256): GC_CONCURRENT freed 1598K, 52% free 3996K/8199K, external 2993K/3738K, paused 4ms+3ms
I/nofatclips(  256): Created trace to press the menu button
I/nofatclips(  256): Created trace to change orientation
I/nofatclips(  256): Check for termination: 38 steps left of 50
I/nofatclips(  256): Dispatching new task. 2 more tasks remaining.
D/nofatclips(  256): Performing backup of the old task list on disk
D/nofatclips(  256): Saving task list on disk
V/nofatclips(  256): Backing up trace #120 to disk.
V/nofatclips(  256): Backing up trace #121 to disk.
D/nofatclips(  256): Deleting backup of the old task list from disk
D/nofatclips(  256): Deleting backup of the old activity list from disk
I/nofatclips(  256): Incrementally Playing Trace 121
I/nofatclips(  256): Retrieved from return list id=16908298
D/nofatclips(  256): Testing for type (android.widget.ListView) against the original (android.widget.ListView)
D/nofatclips(  256): Testing for name () against the original ()
I/nofatclips(  256): Firing event: type= selectListItem index=6 widget=android.widget.ListView
W/KeyCharacterMap(  256): No keyboard for id 0
W/KeyCharacterMap(  256): Using default keymap: /system/usr/keychars/qwerty.kcm.bin
I/nofatclips(  256): Swapping to listview item 3
D/nofatclips(  256): Event description: 90
I/nofatclips(  256): Waiting for 100 msec.
I/nofatclips(  256): Current activity is Posts
I/nofatclips(  256): Retrieving widgets
D/nofatclips(  256): Found widget: id=16908290 (android.widget.FrameLayout@405578e8)
D/nofatclips(  256): Found widget: id=2131165323 (android.widget.RelativeLayout@40599898)
D/nofatclips(  256): Found widget: id=2131165324 (android.widget.LinearLayout@4053b448)
D/nofatclips(  256): Found widget: id=2131165325 (android.support.v4.app.NoSaveStateFrameLayout@4053ace0)
D/nofatclips(  256): Found widget: id=-1 (android.widget.FrameLayout@4060cc00)
D/nofatclips(  256): Found widget: id=16711681 (android.widget.TextView@40584278): 
D/nofatclips(  256): Found widget: id=16908298 (android.widget.ListView@406a3848)
D/nofatclips(  256): Found widget: id=1 (android.widget.LinearLayout@405cd778)
D/nofatclips(  256): Found widget: id=2131165236 (android.widget.TextView@405cd990): 90
D/nofatclips(  256): Found widget: id=-1 (android.widget.LinearLayout@405cde20)
D/nofatclips(  256): Found widget: id=2131165341 (android.widget.TextView@4060f2c0): 8:30am, Sep 22, 2014
D/nofatclips(  256): Found widget: id=2131165280 (android.widget.TextView@4060f750): 
D/nofatclips(  256): Found widget: id=2 (android.widget.LinearLayout@40619610)
D/nofatclips(  256): Found widget: id=2131165236 (android.widget.TextView@40619828): 90
D/nofatclips(  256): Found widget: id=-1 (android.widget.LinearLayout@40619cb8)
D/nofatclips(  256): Found widget: id=2131165341 (android.widget.TextView@40619ed8): 9:01pm, Jul 23, 2014
D/nofatclips(  256): Found widget: id=2131165280 (android.widget.TextView@4061a368): Draft
D/nofatclips(  256): Found widget: id=3 (android.widget.LinearLayout@40617b10)
D/nofatclips(  256): Found widget: id=2131165236 (android.widget.TextView@40617d28): 90
D/nofatclips(  256): Found widget: id=-1 (android.widget.LinearLayout@406181b8)
D/nofatclips(  256): Found widget: id=2131165341 (android.widget.TextView@406183d8): 6:35am, Jul 23, 2014
D/nofatclips(  256): Found widget: id=2131165280 (android.widget.TextView@40618868): Draft
D/nofatclips(  256): Found widget: id=4 (android.widget.LinearLayout@406a7448)
D/nofatclips(  256): Found widget: id=2131165236 (android.widget.TextView@406a7660): 90
D/nofatclips(  256): Found widget: id=-1 (android.widget.LinearLayout@406a7af0)
D/nofatclips(  256): Found widget: id=2131165341 (android.widget.TextView@40616aa0): 6:29am, Jul 23, 2014
D/nofatclips(  256): Found widget: id=2131165280 (android.widget.TextView@40616d78): Private
D/nofatclips(  256): Found widget: id=5 (android.widget.LinearLayout@406a5968)
D/nofatclips(  256): Found widget: id=2131165236 (android.widget.TextView@406a5b80): 90
D/nofatclips(  256): Found widget: id=-1 (android.widget.LinearLayout@406a6010)
D/nofatclips(  256): Found widget: id=2131165341 (android.widget.TextView@406a6230): 6:21am, Jul 23, 2014
D/nofatclips(  256): Found widget: id=2131165280 (android.widget.TextView@406a66c0): Published
D/nofatclips(  256): Found widget: id=6 (android.widget.LinearLayout@406a3e98)
D/nofatclips(  256): Found widget: id=2131165236 (android.widget.TextView@406a40b0): 90
D/nofatclips(  256): Found widget: id=-1 (android.widget.LinearLayout@406a4540)
D/nofatclips(  256): Found widget: id=2131165341 (android.widget.TextView@406a4760): 5:19am, Jul 23, 2014
D/nofatclips(  256): Found widget: id=2131165280 (android.widget.TextView@406a4bf0): Published
D/nofatclips(  256): Found widget: id=7 (android.widget.LinearLayout@405c1e30)
D/nofatclips(  256): Found widget: id=2131165236 (android.widget.TextView@405c2048): 90
D/nofatclips(  256): Found widget: id=-1 (android.widget.LinearLayout@405c24d8)
D/nofatclips(  256): Found widget: id=2131165341 (android.widget.TextView@405c26f8): 7:02pm, Jul 22, 2014
D/nofatclips(  256): Found widget: id=2131165280 (android.widget.TextView@405c2b88): Pending Review
D/nofatclips(  256): Found widget: id=-1 (android.support.v4.app.NoSaveStateFrameLayout@4073b450)
D/nofatclips(  256): Found widget: id=-1 (android.widget.RelativeLayout@407eeb08)
D/nofatclips(  256): Found widget: id=2131165383 (android.widget.RelativeLayout@407eeef0)
D/nofatclips(  256): Found widget: id=2131165337 (android.widget.TextView@407f00a8): 90
D/nofatclips(  256): Found widget: id=-1 (android.widget.LinearLayout@407f05f0)
D/nofatclips(  256): Found widget: id=2131165384 (android.widget.ImageButton@406dcba8)
D/nofatclips(  256): Found widget: id=2131165385 (android.widget.ImageButton@406dd870)
D/nofatclips(  256): Found widget: id=2131165386 (android.widget.ImageButton@406ddec0)
D/nofatclips(  256): Found widget: id=2131165387 (android.widget.ImageButton@406de510)
D/nofatclips(  256): Found widget: id=-1 (android.widget.ScrollView@406def38)
D/nofatclips(  256): Found widget: id=-1 (android.widget.FrameLayout@406df738)
D/nofatclips(  256): Found widget: id=2131165388 (android.webkit.WebView@406e0760)
D/nofatclips(  256): Found widget: id=2131165389 (android.widget.TextView@40767aa0): 
D/nofatclips(  256): Found widget: id=2131165326 (org.wordpress.android.util.WPTitleBar@40667018)
D/nofatclips(  256): Found widget: id=2131165195 (android.widget.RelativeLayout@40575510)
D/nofatclips(  256): Found widget: id=2131165196 (android.widget.RelativeLayout@40588ed0)
D/nofatclips(  256): Found widget: id=2131165197 (android.widget.ImageView@4056da90)
D/nofatclips(  256): Found widget: id=2131165198 (android.widget.TextView@406504c8): Katie's Sweet Testing Blog
D/nofatclips(  256): Found widget: id=2131165199 (android.widget.ImageView@40580368)
D/nofatclips(  256): Found widget: id=-1 (android.widget.RelativeLayout@405ad240)
D/nofatclips(  256): Found widget: id=2131165200 (android.widget.ImageButton@40582940)
D/nofatclips(  256): Found widget: id=-1 (android.widget.FrameLayout@405527e0)
D/nofatclips(  256): Found widget: id=2131165201 (android.widget.Button@405ac3c8): 
D/nofatclips(  256): Found widget: id=2131165202 (android.widget.ImageView@405abfe0)
D/nofatclips(  256): Found widget: id=2131165203 (android.widget.ImageView@4055b7e0)
D/nofatclips(  256): Found widget: id=2131165204 (android.widget.LinearLayout@405848d8)
D/nofatclips(  256): Found widget: id=-1 (android.widget.FrameLayout@405859e0)
D/nofatclips(  256): Found widget: id=-1 (android.widget.LinearLayout@405aa770)
D/nofatclips(  256): Found widget: id=-1 (android.widget.LinearLayout@4064fbe8)
D/nofatclips(  256): Found widget: id=-1 (android.widget.LinearLayout@40592750)
D/nofatclips(  256): Found widget: id=2131165251 (android.widget.LinearLayout@40592968)
D/nofatclips(  256): Found widget: id=-1 (android.widget.ImageView@4062f370)
D/nofatclips(  256): Found widget: id=2131165256 (android.widget.TextView@4062fe90): New Post
D/nofatclips(  256): Found widget: id=2131165253 (android.widget.LinearLayout@406a3060)
D/nofatclips(  256): Found widget: id=-1 (android.widget.ImageView@405ec980)
D/nofatclips(  256): Found widget: id=2131165256 (android.widget.TextView@4063d840): New Page
D/nofatclips(  256): Found widget: id=-1 (android.widget.LinearLayout@405bdba8)
D/nofatclips(  256): Found widget: id=2131165252 (android.widget.LinearLayout@40637790)
D/nofatclips(  256): Found widget: id=-1 (android.widget.ImageView@4063dae8)
D/nofatclips(  256): Found widget: id=2131165256 (android.widget.TextView@40655600): Quick Photo
D/nofatclips(  256): Found widget: id=2131165254 (android.widget.LinearLayout@405bdeb0)
D/nofatclips(  256): Found widget: id=-1 (android.widget.ImageView@405e28b8)
D/nofatclips(  256): Found widget: id=2131165256 (android.widget.TextView@40655f98): Quick Video
D/nofatclips(  256): Found widget: id=-1 (android.widget.LinearLayout@405b3c60)
D/nofatclips(  256): Found widget: id=-1 (android.widget.LinearLayout@40638d90)
D/nofatclips(  256): Found widget: id=2131165255 (android.widget.LinearLayout@4054dee0)
D/nofatclips(  256): Found widget: id=-1 (android.widget.ImageView@4061eed8)
D/nofatclips(  256): Found widget: id=2131165256 (android.widget.TextView@40692498): Posts
D/nofatclips(  256): Found widget: id=2131165257 (android.widget.LinearLayout@4062efc8)
D/nofatclips(  256): Found widget: id=-1 (android.widget.ImageView@4063c4d8)
D/nofatclips(  256): Found widget: id=2131165256 (android.widget.TextView@406942d0): Pages
D/nofatclips(  256): Found widget: id=-1 (android.widget.FrameLayout@4057b7b8)
D/nofatclips(  256): Found widget: id=2131165258 (android.widget.LinearLayout@4057f618)
D/nofatclips(  256): Found widget: id=-1 (android.widget.ImageView@40591198)
D/nofatclips(  256): Found widget: id=2131165256 (android.widget.TextView@406945d8): Comments
D/nofatclips(  256): Found widget: id=2131165259 (android.widget.FrameLayout@405aa288)
D/nofatclips(  256): Found widget: id=2131165260 (android.widget.ImageView@405be0d0)
D/nofatclips(  256): Found widget: id=2131165261 (org.wordpress.android.util.CommentBadgeTextView@406a3b68): 0
D/nofatclips(  256): Found widget: id=-1 (android.widget.LinearLayout@406675c0)
D/nofatclips(  256): Found widget: id=2131165262 (android.widget.LinearLayout@4063ce90)
D/nofatclips(  256): Found widget: id=-1 (android.widget.ImageView@4065ab68)
D/nofatclips(  256): Found widget: id=2131165256 (android.widget.TextView@405b8f30): Settings
D/nofatclips(  256): Found widget: id=2131165263 (android.widget.LinearLayout@406672f0)
D/nofatclips(  256): Found widget: id=-1 (android.widget.ImageView@40667880)
D/nofatclips(  256): Found widget: id=2131165256 (android.widget.TextView@405e2370): Read
D/nofatclips(  256): Found widget: id=2131165264 (android.widget.LinearLayout@40668080)
D/nofatclips(  256): Found widget: id=-1 (android.widget.ImageView@40577b48)
D/nofatclips(  256): Found widget: id=2131165256 (android.widget.TextView@40636160): Stats
D/nofatclips(  256): Found widget: id=-1 (com.android.internal.policy.impl.PhoneWindow$DecorView@4057b0e0)
D/dalvikvm(  256): GC_CONCURRENT freed 1586K, 53% free 3899K/8199K, external 3030K/3738K, paused 8ms+11ms
V/nicola  (  256): TextualID : postTitle
V/nicola  (  256): ContentType detected : default
V/ReflectionHelper(  256): android.webkit.WebView > mOnFocusChangeListener FOUND | NOT ACTIVE
V/nicola  (  256): TextualID : blog_title
V/nicola  (  256): ContentType detected : default
V/nicola  (  256): TextualID : action_refresh
V/nicola  (  256): ContentType detected : default
I/nofatclips(  256): Performing comparation for activity Posts
D/nofatclips(  256): Comparing against activity Posts
I/nofatclips(  256): Registering activity Posts (id: a14) as a new found state
D/nofatclips(  256): Performing backup of the old activity list on disk
D/nofatclips(  256): Saving new found state 'a14' on disk
V/nofatclips(  256): Opening state file in append mode.
D/dalvikvm(  256): GC_EXTERNAL_ALLOC freed 324K, 52% free 3944K/8199K, external 3630K/3738K, paused 109ms
I/nofatclips(  256): Saved image on disk: a14.jpg
I/nofatclips(  256): Waiting for 100 msec.
I/nofatclips(  256): Session count is 1. Will dump to disk at 1
I/nofatclips(  256): Saving the session on disk.
I/nofatclips(  256): Planning for new Activity Posts
D/nofatclips(  256): Handling event 'click' on widget id=2131165384 type=button name=
D/nofatclips(  256): Handling event 'click' on widget id=2131165385 type=button name=
D/nofatclips(  256): Handling event 'click' on widget id=2131165386 type=button name=
D/nofatclips(  256): Handling event 'click' on widget id=2131165387 type=button name=
D/nofatclips(  256): Handling event 'longClick' on widget id=2131165388 type=webPage name=
D/nofatclips(  256): Handling event 'click' on widget id=2131165200 type=button name=
D/nofatclips(  256): Handling event 'click' on widget id=2131165201 type=button name=
I/nofatclips(  256): Created trace to press the back button
I/nofatclips(  256): Created trace to press the menu button
I/nofatclips(  256): Created trace to change orientation
I/nofatclips(  256): Check for termination: 37 steps left of 50
I/nofatclips(  256): Dispatching new task. 2 more tasks remaining.
D/nofatclips(  256): Performing backup of the old task list on disk
D/nofatclips(  256): Saving task list on disk
V/nofatclips(  256): Backing up trace #130 to disk.
V/nofatclips(  256): Backing up trace #131 to disk.
D/nofatclips(  256): Deleting backup of the old task list from disk
D/nofatclips(  256): Deleting backup of the old activity list from disk
I/nofatclips(  256): Incrementally Playing Trace 131
D/nofatclips(  256): Firing event: type= back
W/KeyCharacterMap(  256): No keyboard for id 0
W/KeyCharacterMap(  256): Using default keymap: /system/usr/keychars/qwerty.kcm.bin
I/nofatclips(  256): Waiting for 100 msec.
I/nofatclips(  256): Current activity is Posts
I/nofatclips(  256): Retrieving widgets
D/nofatclips(  256): Found widget: id=16908290 (android.widget.FrameLayout@405578e8)
D/nofatclips(  256): Found widget: id=2131165323 (android.widget.RelativeLayout@40599898)
D/nofatclips(  256): Found widget: id=2131165324 (android.widget.LinearLayout@4053b448)
D/nofatclips(  256): Found widget: id=2131165325 (android.support.v4.app.NoSaveStateFrameLayout@4053ace0)
D/nofatclips(  256): Found widget: id=-1 (android.widget.FrameLayout@4060cc00)
D/nofatclips(  256): Found widget: id=16711681 (android.widget.TextView@40584278): 
D/nofatclips(  256): Found widget: id=16908298 (android.widget.ListView@406a3848)
D/nofatclips(  256): Found widget: id=10 (android.widget.LinearLayout@405f2fb0)
D/nofatclips(  256): Found widget: id=2131165236 (android.widget.TextView@405f3210): Pages
D/nofatclips(  256): Found widget: id=-1 (android.widget.LinearLayout@405f36f0)
D/nofatclips(  256): Found widget: id=2131165341 (android.widget.TextView@405f3910): 
D/nofatclips(  256): Found widget: id=2131165280 (android.widget.TextView@405f3df0): 
D/nofatclips(  256): Found widget: id=1 (android.widget.LinearLayout@405cd778)
D/nofatclips(  256): Found widget: id=2131165236 (android.widget.TextView@405cd990): 90
D/nofatclips(  256): Found widget: id=-1 (android.widget.LinearLayout@405cde20)
D/nofatclips(  256): Found widget: id=2131165341 (android.widget.TextView@4060f2c0): 8:30am, Sep 22, 2014
D/nofatclips(  256): Found widget: id=2131165280 (android.widget.TextView@4060f750): 
D/nofatclips(  256): Found widget: id=2 (android.widget.LinearLayout@40619610)
D/nofatclips(  256): Found widget: id=2131165236 (android.widget.TextView@40619828): 90
D/nofatclips(  256): Found widget: id=-1 (android.widget.LinearLayout@40619cb8)
D/nofatclips(  256): Found widget: id=2131165341 (android.widget.TextView@40619ed8): 9:01pm, Jul 23, 2014
D/nofatclips(  256): Found widget: id=2131165280 (android.widget.TextView@4061a368): Draft
D/nofatclips(  256): Found widget: id=3 (android.widget.LinearLayout@40617b10)
D/nofatclips(  256): Found widget: id=2131165236 (android.widget.TextView@40617d28): 90
D/nofatclips(  256): Found widget: id=-1 (android.widget.LinearLayout@406181b8)
D/nofatclips(  256): Found widget: id=2131165341 (android.widget.TextView@406183d8): 6:35am, Jul 23, 2014
D/nofatclips(  256): Found widget: id=2131165280 (android.widget.TextView@40618868): Draft
D/nofatclips(  256): Found widget: id=4 (android.widget.LinearLayout@406a7448)
D/nofatclips(  256): Found widget: id=2131165236 (android.widget.TextView@406a7660): 90
D/nofatclips(  256): Found widget: id=-1 (android.widget.LinearLayout@406a7af0)
D/nofatclips(  256): Found widget: id=2131165341 (android.widget.TextView@40616aa0): 6:29am, Jul 23, 2014
D/nofatclips(  256): Found widget: id=2131165280 (android.widget.TextView@40616d78): Private
D/dalvikvm(  256): GC_CONCURRENT freed 1369K, 52% free 4000K/8199K, external 3630K/4534K, paused 17ms+22ms
D/nofatclips(  256): Found widget: id=5 (android.widget.LinearLayout@406a5968)
D/nofatclips(  256): Found widget: id=2131165236 (android.widget.TextView@406a5b80): 90
D/nofatclips(  256): Found widget: id=-1 (android.widget.LinearLayout@406a6010)
D/nofatclips(  256): Found widget: id=2131165341 (android.widget.TextView@406a6230): 6:21am, Jul 23, 2014
D/nofatclips(  256): Found widget: id=2131165280 (android.widget.TextView@406a66c0): Published
D/nofatclips(  256): Found widget: id=6 (android.widget.LinearLayout@406a3e98)
D/nofatclips(  256): Found widget: id=2131165236 (android.widget.TextView@406a40b0): 90
D/nofatclips(  256): Found widget: id=-1 (android.widget.LinearLayout@406a4540)
D/nofatclips(  256): Found widget: id=2131165341 (android.widget.TextView@406a4760): 5:19am, Jul 23, 2014
D/nofatclips(  256): Found widget: id=2131165280 (android.widget.TextView@406a4bf0): Published
D/nofatclips(  256): Found widget: id=2131165326 (org.wordpress.android.util.WPTitleBar@40667018)
D/nofatclips(  256): Found widget: id=2131165195 (android.widget.RelativeLayout@40575510)
D/nofatclips(  256): Found widget: id=2131165196 (android.widget.RelativeLayout@40588ed0)
D/nofatclips(  256): Found widget: id=2131165197 (android.widget.ImageView@4056da90)
D/nofatclips(  256): Found widget: id=2131165198 (android.widget.TextView@406504c8): Katie's Sweet Testing Blog
D/nofatclips(  256): Found widget: id=2131165199 (android.widget.ImageView@40580368)
D/nofatclips(  256): Found widget: id=-1 (android.widget.RelativeLayout@405ad240)
D/nofatclips(  256): Found widget: id=2131165200 (android.widget.ImageButton@40582940)
D/nofatclips(  256): Found widget: id=-1 (android.widget.FrameLayout@405527e0)
D/nofatclips(  256): Found widget: id=2131165201 (android.widget.Button@405ac3c8): 
D/nofatclips(  256): Found widget: id=2131165202 (android.widget.ImageView@405abfe0)
D/nofatclips(  256): Found widget: id=2131165203 (android.widget.ImageView@4055b7e0)
D/nofatclips(  256): Found widget: id=2131165204 (android.widget.LinearLayout@405848d8)
D/nofatclips(  256): Found widget: id=-1 (android.widget.FrameLayout@405859e0)
D/nofatclips(  256): Found widget: id=-1 (android.widget.LinearLayout@405aa770)
D/nofatclips(  256): Found widget: id=-1 (android.widget.LinearLayout@4064fbe8)
D/nofatclips(  256): Found widget: id=-1 (android.widget.LinearLayout@40592750)
D/nofatclips(  256): Found widget: id=2131165251 (android.widget.LinearLayout@40592968)
D/nofatclips(  256): Found widget: id=-1 (android.widget.ImageView@4062f370)
D/nofatclips(  256): Found widget: id=2131165256 (android.widget.TextView@4062fe90): New Post
D/nofatclips(  256): Found widget: id=2131165253 (android.widget.LinearLayout@406a3060)
D/nofatclips(  256): Found widget: id=-1 (android.widget.ImageView@405ec980)
D/nofatclips(  256): Found widget: id=2131165256 (android.widget.TextView@4063d840): New Page
D/nofatclips(  256): Found widget: id=-1 (android.widget.LinearLayout@405bdba8)
D/nofatclips(  256): Found widget: id=2131165252 (android.widget.LinearLayout@40637790)
D/nofatclips(  256): Found widget: id=-1 (android.widget.ImageView@4063dae8)
D/nofatclips(  256): Found widget: id=2131165256 (android.widget.TextView@40655600): Quick Photo
D/nofatclips(  256): Found widget: id=2131165254 (android.widget.LinearLayout@405bdeb0)
D/nofatclips(  256): Found widget: id=-1 (android.widget.ImageView@405e28b8)
D/nofatclips(  256): Found widget: id=2131165256 (android.widget.TextView@40655f98): Quick Video
D/nofatclips(  256): Found widget: id=-1 (android.widget.LinearLayout@405b3c60)
D/nofatclips(  256): Found widget: id=-1 (android.widget.LinearLayout@40638d90)
D/nofatclips(  256): Found widget: id=2131165255 (android.widget.LinearLayout@4054dee0)
D/nofatclips(  256): Found widget: id=-1 (android.widget.ImageView@4061eed8)
D/nofatclips(  256): Found widget: id=2131165256 (android.widget.TextView@40692498): Posts
D/nofatclips(  256): Found widget: id=2131165257 (android.widget.LinearLayout@4062efc8)
D/nofatclips(  256): Found widget: id=-1 (android.widget.ImageView@4063c4d8)
D/nofatclips(  256): Found widget: id=2131165256 (android.widget.TextView@406942d0): Pages
D/nofatclips(  256): Found widget: id=-1 (android.widget.FrameLayout@4057b7b8)
D/nofatclips(  256): Found widget: id=2131165258 (android.widget.LinearLayout@4057f618)
D/nofatclips(  256): Found widget: id=-1 (android.widget.ImageView@40591198)
D/nofatclips(  256): Found widget: id=2131165256 (android.widget.TextView@406945d8): Comments
D/nofatclips(  256): Found widget: id=2131165259 (android.widget.FrameLayout@405aa288)
D/nofatclips(  256): Found widget: id=2131165260 (android.widget.ImageView@405be0d0)
D/nofatclips(  256): Found widget: id=2131165261 (org.wordpress.android.util.CommentBadgeTextView@406a3b68): 0
D/nofatclips(  256): Found widget: id=-1 (android.widget.LinearLayout@406675c0)
D/nofatclips(  256): Found widget: id=2131165262 (android.widget.LinearLayout@4063ce90)
D/nofatclips(  256): Found widget: id=-1 (android.widget.ImageView@4065ab68)
D/nofatclips(  256): Found widget: id=2131165256 (android.widget.TextView@405b8f30): Settings
D/nofatclips(  256): Found widget: id=2131165263 (android.widget.LinearLayout@406672f0)
D/nofatclips(  256): Found widget: id=-1 (android.widget.ImageView@40667880)
D/nofatclips(  256): Found widget: id=2131165256 (android.widget.TextView@405e2370): Read
D/nofatclips(  256): Found widget: id=2131165264 (android.widget.LinearLayout@40668080)
D/nofatclips(  256): Found widget: id=-1 (android.widget.ImageView@40577b48)
D/nofatclips(  256): Found widget: id=2131165256 (android.widget.TextView@40636160): Stats
D/nofatclips(  256): Found widget: id=-1 (com.android.internal.policy.impl.PhoneWindow$DecorView@4057b0e0)
D/webviewglue(  256): nativeDestroy view: 0x3c4fc0
V/nicola  (  256): TextualID : null
V/nicola  (  256): ContentType detected : default
V/ReflectionHelper(  256): android.widget.ListView > mOnFocusChangeListener FOUND | NOT ACTIVE
V/nicola  (  256): TextualID : title
V/nicola  (  256): ContentType detected : default
V/nicola  (  256): TextualID : date
V/nicola  (  256): ContentType detected : default
V/nicola  (  256): TextualID : status
V/nicola  (  256): ContentType detected : default
V/nicola  (  256): TextualID : title
V/nicola  (  256): ContentType detected : default
V/nicola  (  256): TextualID : date
V/nicola  (  256): ContentType detected : default
V/nicola  (  256): TextualID : status
V/nicola  (  256): ContentType detected : default
V/nicola  (  256): TextualID : title
V/nicola  (  256): ContentType detected : default
V/nicola  (  256): TextualID : date
V/nicola  (  256): ContentType detected : default
V/nicola  (  256): TextualID : status
V/nicola  (  256): ContentType detected : default
V/nicola  (  256): TextualID : title
V/nicola  (  256): ContentType detected : default
V/nicola  (  256): TextualID : date
V/nicola  (  256): ContentType detected : default
V/nicola  (  256): TextualID : status
V/nicola  (  256): ContentType detected : default
V/nicola  (  256): TextualID : title
V/nicola  (  256): ContentType detected : default
V/nicola  (  256): TextualID : date
V/nicola  (  256): ContentType detected : default
V/nicola  (  256): TextualID : status
V/nicola  (  256): ContentType detected : default
V/nicola  (  256): TextualID : title
V/nicola  (  256): ContentType detected : default
V/nicola  (  256): TextualID : date
V/nicola  (  256): ContentType detected : default
V/nicola  (  256): TextualID : status
V/nicola  (  256): ContentType detected : default
V/nicola  (  256): TextualID : title
V/nicola  (  256): ContentType detected : default
V/nicola  (  256): TextualID : date
V/nicola  (  256): ContentType detected : default
V/nicola  (  256): TextualID : status
V/nicola  (  256): ContentType detected : default
V/nicola  (  256): TextualID : blog_title
V/nicola  (  256): ContentType detected : default
V/nicola  (  256): TextualID : action_refresh
V/nicola  (  256): ContentType detected : default
I/nofatclips(  256): Performing comparation for activity Posts
D/nofatclips(  256): Comparing against activity Posts
D/nofatclips(  256): Comparing against activity Posts
I/nofatclips(  256): Registering activity Posts (id: a15) as a new found state
D/nofatclips(  256): Performing backup of the old activity list on disk
D/nofatclips(  256): Saving new found state 'a15' on disk
V/nofatclips(  256): Opening state file in append mode.
D/dalvikvm(  256): GC_EXTERNAL_ALLOC freed 656K, 51% free 4029K/8199K, external 3593K/3738K, paused 113ms
I/nofatclips(  256): Saved image on disk: a15.jpg
I/nofatclips(  256): Waiting for 100 msec.
I/nofatclips(  256): Session count is 1. Will dump to disk at 1
I/nofatclips(  256): Saving the session on disk.
I/nofatclips(  256): Planning for new Activity Posts
D/nofatclips(  256): Handling event selectListItem for items [1,11] on listView #16908298 count=11
D/nofatclips(  256): Handling event longClickListItem for items [1,11] on listView #16908298 count=11
D/dalvikvm(  256): GC_CONCURRENT freed 1587K, 51% free 4135K/8327K, external 3593K/4487K, paused 3ms+4ms
I/dalvikvm(  256): Jit: resizing JitTable from 2048 to 4096
D/nofatclips(  256): Handling event 'click' on widget id=2131165200 type=button name=
D/nofatclips(  256): Handling event 'click' on widget id=2131165201 type=button name=
I/nofatclips(  256): Created trace to press the back button
I/nofatclips(  256): Created trace to press the menu button
I/nofatclips(  256): Created trace to change orientation
D/dalvikvm(  256): GC_CONCURRENT freed 1842K, 53% free 4072K/8519K, external 2993K/3738K, paused 4ms+3ms
I/nofatclips(  256): Check for termination: 36 steps left of 50
I/nofatclips(  256): Dispatching new task. 2 more tasks remaining.
D/nofatclips(  256): Performing backup of the old task list on disk
D/nofatclips(  256): Saving task list on disk
V/nofatclips(  256): Backing up trace #157 to disk.
V/nofatclips(  256): Backing up trace #158 to disk.
D/nofatclips(  256): Deleting backup of the old task list from disk
D/nofatclips(  256): Deleting backup of the old activity list from disk
I/nofatclips(  256): Incrementally Playing Trace 158
I/nofatclips(  256): Retrieved from return list id=16908298
D/nofatclips(  256): Testing for type (android.widget.ListView) against the original (android.widget.ListView)
D/nofatclips(  256): Testing for name () against the original ()
I/nofatclips(  256): Firing event: type= longClickListItem index=6 widget=android.widget.ListView
W/KeyCharacterMap(  256): No keyboard for id 0
W/KeyCharacterMap(  256): Using default keymap: /system/usr/keychars/qwerty.kcm.bin
I/nofatclips(  256): Swapping to listview item 11
D/nofatclips(  256): Event description: 90
I/dalvikvm(   61): Jit: resizing JitTable from 512 to 1024
I/nofatclips(  256): Waiting for 100 msec.
I/nofatclips(  256): Current activity is Posts
I/nofatclips(  256): Retrieving widgets
D/nofatclips(  256): Found widget: id=16908290 (android.widget.FrameLayout@405b3488)
D/nofatclips(  256): Found widget: id=16908666 (com.android.internal.widget.WeightedLinearLayout@405c9250)
D/nofatclips(  256): Found widget: id=16908667 (android.widget.LinearLayout@405c94c8)
D/nofatclips(  256): Found widget: id=16908668 (android.widget.LinearLayout@405c96e8)
D/nofatclips(  256): Found widget: id=16908294 (android.widget.ImageView@405c9950)
D/nofatclips(  256): Found widget: id=16908669 (com.android.internal.widget.DialogTitle@405c9f68): Page Actions
D/nofatclips(  256): Found widget: id=16908670 (android.widget.ImageView@4076d568)
