I/nofatclips(  246): Dispatching new task. 2 more tasks remaining.
D/nofatclips(  246): Performing backup of the old task list on disk
D/nofatclips(  246): Saving task list on disk
V/nofatclips(  246): Backing up trace #42 to disk.
V/nofatclips(  246): Backing up trace #43 to disk.
D/dalvikvm(  246): GC_CONCURRENT freed 1899K, 58% free 3465K/8071K, external 4743K/5173K, paused 7ms+6ms
D/nofatclips(  246): Deleting backup of the old task list from disk
D/nofatclips(  246): Deleting backup of the old activity list from disk
I/nofatclips(  246): Incrementally Playing Trace 43
I/nofatclips(  246): Retrieved from return list id=16908290
D/nofatclips(  246): Testing for type (android.widget.FrameLayout) against the original (null)
I/nofatclips(  246): Firing event: type= changeOrientation name= widget=null
I/WindowManager(   61): Setting rotation to 1, animFlags=1
I/ActivityManager(   61): Config changed: { scale=1.0 imsi=310/260 loc=en_US touch=3 keys=2/1/2 nav=1/1 orien=2 layout=18 uiMode=17 seq=7}
I/nofatclips(  246): Waiting for 100 msec.
D/szipinf (  246): Initializing inflate state
D/szipinf (  246): Initializing zlib to inflate
D/szipinf (  246): Initializing inflate state
D/szipinf (  246): Initializing zlib to inflate
D/szipinf (  246): Initializing inflate state
D/szipinf (  246): Initializing zlib to inflate
D/szipinf (  246): Initializing inflate state
D/szipinf (  246): Initializing zlib to inflate
D/dalvikvm(  125): GC_CONCURRENT freed 227K, 51% free 2808K/5703K, external 973K/1038K, paused 18ms+35ms
D/dalvikvm(  246): GC_EXTERNAL_ALLOC freed 161K, 59% free 3358K/8071K, external 3710K/4424K, paused 513ms
I/nofatclips(  246): Current activity is NewAccount
I/nofatclips(  246): Retrieving widgets
D/nofatclips(  246): Found widget: id=16908290 (android.widget.FrameLayout@4054c218)
D/nofatclips(  246): Found widget: id=2131165298 (android.widget.ScrollView@405968f0)
D/nofatclips(  246): Found widget: id=2131165313 (android.widget.LinearLayout@406dd2f8)
D/nofatclips(  246): Found widget: id=2131165314 (android.widget.ImageView@4054d2d0)
D/nofatclips(  246): Found widget: id=2131165315 (android.widget.TextView@4055bbb0): Start blogging from your mobile in seconds.
D/nofatclips(  246): Found widget: id=2131165316 (android.widget.Button@4060b920): Start a new blog at WordPress.com
D/nofatclips(  246): Found widget: id=2131165317 (android.widget.Button@4073c930): Add blog hosted at WordPress.com
D/nofatclips(  246): Found widget: id=2131165318 (android.widget.Button@405b9498): Add self-hosted WordPress blog
D/nofatclips(  246): Found widget: id=-1 (com.android.internal.policy.impl.PhoneWindow$DecorView@405de0b8)
V/nicola  (  246): TextualID : welcome
V/nicola  (  246): ContentType detected : default
V/nicola  (  246): TextualID : createWPAccount
V/nicola  (  246): ContentType detected : default
V/nicola  (  246): TextualID : dotcomExisting
V/nicola  (  246): ContentType detected : default
V/nicola  (  246): TextualID : dotorgExisting
V/nicola  (  246): ContentType detected : default
I/nofatclips(  246): Performing comparation for activity NewAccount
D/nofatclips(  246): Comparing against activity NewAccount
D/nofatclips(  246): Comparing against activity AddAccount
D/nofatclips(  246): Comparing against activity AddAccount
D/nofatclips(  246): Comparing against activity Dashboard
D/nofatclips(  246): Comparing against activity AddAccount
D/nofatclips(  246): Comparing against activity Dashboard
D/nofatclips(  246): Comparing against activity NewAccount
D/nofatclips(  246): Comparing against activity NewAccount
I/nofatclips(  246): Registering activity NewAccount (id: a9) as a new found state
D/nofatclips(  246): Performing backup of the old activity list on disk
D/nofatclips(  246): Saving new found state 'a9' on disk
V/nofatclips(  246): Opening state file in append mode.
D/dalvikvm(  246): GC_EXTERNAL_ALLOC freed 316K, 59% free 3387K/8071K, external 5228K/5757K, paused 116ms
I/nofatclips(  246): Saved image on disk: a9.jpg
I/nofatclips(  246): Waiting for 100 msec.
I/nofatclips(  246): Session count is 1. Will dump to disk at 1
I/nofatclips(  246): Saving the session on disk.
I/nofatclips(  246): Planning for new Activity NewAccount
D/nofatclips(  246): Handling event 'click' on widget id=2131165316 type=button name=Start a new blog at WordPress.com
D/nofatclips(  246): Handling event 'click' on widget id=2131165317 type=button name=Add blog hosted at WordPress.com
D/nofatclips(  246): Handling event 'click' on widget id=2131165318 type=button name=Add self-hosted WordPress blog
I/nofatclips(  246): Created trace to press the back button
I/nofatclips(  246): Created trace to press the menu button
I/nofatclips(  246): Created trace to change orientation
I/nofatclips(  246): Check for termination: 42 steps left of 50
I/nofatclips(  246): Dispatching new task. 2 more tasks remaining.
D/nofatclips(  246): Performing backup of the old task list on disk
D/nofatclips(  246): Saving task list on disk
V/nofatclips(  246): Backing up trace #48 to disk.
V/nofatclips(  246): Backing up trace #49 to disk.
D/nofatclips(  246): Deleting backup of the old task list from disk
D/nofatclips(  246): Deleting backup of the old activity list from disk
I/nofatclips(  246): Incrementally Playing Trace 49
D/nofatclips(  246): Firing event: type= back
D/dalvikvm(   61): GC_EXPLICIT freed 36K, 46% free 4110K/7559K, external 1316K/1828K, paused 89ms
W/KeyCharacterMap(  246): No keyboard for id 0
W/KeyCharacterMap(  246): Using default keymap: /system/usr/keychars/qwerty.kcm.bin
I/WindowManager(   61): Setting rotation to 0, animFlags=1
I/ActivityManager(   61): Config changed: { scale=1.0 imsi=310/260 loc=en_US touch=3 keys=2/1/2 nav=1/1 orien=1 layout=18 uiMode=17 seq=8}
I/InputQueue-JNI(  246): Sending finished signal for input channel '4068f820 org.wordpress.android/org.wordpress.android.NewAccount (client)' since it is being unregistered while an input message is still in progress.
I/InputQueue-JNI(  246): Ignoring finish signal on channel that is no longer registered.
I/nofatclips(  246): Waiting for 100 msec.
I/nofatclips(  246): Current activity is Dashboard
I/nofatclips(  246): Retrieving widgets
D/nofatclips(  246): Found widget: id=16908290 (android.widget.FrameLayout@405a0b20)
D/nofatclips(  246): Found widget: id=2131165248 (android.widget.RelativeLayout@405a1820)
D/nofatclips(  246): Found widget: id=2131165249 (android.widget.LinearLayout@405a1e88)
D/nofatclips(  246): Found widget: id=-1 (android.widget.ImageView@405a23d0)
D/nofatclips(  246): Found widget: id=2131165250 (org.wordpress.android.util.WPTitleBar@4059bd08)
D/nofatclips(  246): Found widget: id=2131165195 (android.widget.RelativeLayout@4050e260)
D/nofatclips(  246): Found widget: id=2131165196 (android.widget.RelativeLayout@405685a8)
D/nofatclips(  246): Found widget: id=2131165197 (android.widget.ImageView@4059cfa0)
D/nofatclips(  246): Found widget: id=2131165198 (android.widget.TextView@40541920): Katie's Sweet Testing Blog
D/nofatclips(  246): Found widget: id=2131165199 (android.widget.ImageView@4055d1b0)
D/nofatclips(  246): Found widget: id=-1 (android.widget.RelativeLayout@40579510)
D/nofatclips(  246): Found widget: id=2131165200 (android.widget.ImageButton@4059d4c8)
D/nofatclips(  246): Found widget: id=-1 (android.widget.FrameLayout@4057aa68)
D/nofatclips(  246): Found widget: id=2131165201 (android.widget.Button@405422e8): 
D/nofatclips(  246): Found widget: id=2131165202 (android.widget.ImageView@40593918)
D/nofatclips(  246): Found widget: id=2131165203 (android.widget.ImageView@4053cae0)
D/nofatclips(  246): Found widget: id=2131165204 (android.widget.LinearLayout@405691b0)
D/nofatclips(  246): Found widget: id=-1 (android.widget.FrameLayout@4059cd38)
D/nofatclips(  246): Found widget: id=-1 (android.widget.LinearLayout@4052fc88)
D/nofatclips(  246): Found widget: id=-1 (android.widget.LinearLayout@4050e070)
D/nofatclips(  246): Found widget: id=-1 (android.widget.LinearLayout@4052f2a8)
D/nofatclips(  246): Found widget: id=2131165251 (android.widget.LinearLayout@4052f960)
D/nofatclips(  246): Found widget: id=-1 (android.widget.ImageView@405903c0)
D/nofatclips(  246): Found widget: id=2131165256 (android.widget.TextView@4056aea8): New Post
D/nofatclips(  246): Found widget: id=2131165253 (android.widget.LinearLayout@4059bf40)
D/nofatclips(  246): Found widget: id=-1 (android.widget.ImageView@40530cc8)
D/nofatclips(  246): Found widget: id=2131165256 (android.widget.TextView@4056b7e0): New Page
D/nofatclips(  246): Found widget: id=-1 (android.widget.LinearLayout@40532f80)
D/nofatclips(  246): Found widget: id=2131165252 (android.widget.LinearLayout@40530970)
D/nofatclips(  246): Found widget: id=-1 (android.widget.ImageView@405389f8)
D/nofatclips(  246): Found widget: id=2131165256 (android.widget.TextView@405779d8): Quick Photo
D/nofatclips(  246): Found widget: id=2131165254 (android.widget.LinearLayout@405474f0)
D/nofatclips(  246): Found widget: id=-1 (android.widget.ImageView@40531868)
D/nofatclips(  246): Found widget: id=2131165256 (android.widget.TextView@40578248): Quick Video
D/nofatclips(  246): Found widget: id=-1 (android.widget.LinearLayout@4052e718)
D/nofatclips(  246): Found widget: id=-1 (android.widget.LinearLayout@40533f38)
D/nofatclips(  246): Found widget: id=2131165255 (android.widget.LinearLayout@40535200)
D/nofatclips(  246): Found widget: id=-1 (android.widget.ImageView@40540550)
D/nofatclips(  246): Found widget: id=2131165256 (android.widget.TextView@405788d0): Posts
D/nofatclips(  246): Found widget: id=2131165257 (android.widget.LinearLayout@40545c68)
D/nofatclips(  246): Found widget: id=-1 (android.widget.ImageView@405688c0)
D/nofatclips(  246): Found widget: id=2131165256 (android.widget.TextView@40537530): Pages
D/nofatclips(  246): Found widget: id=-1 (android.widget.FrameLayout@40534540)
D/nofatclips(  246): Found widget: id=2131165258 (android.widget.LinearLayout@40540228)
D/nofatclips(  246): Found widget: id=-1 (android.widget.ImageView@40536c40)
D/nofatclips(  246): Found widget: id=2131165256 (android.widget.TextView@405394e0): Comments
D/nofatclips(  246): Found widget: id=2131165259 (android.widget.FrameLayout@40544718)
D/nofatclips(  246): Found widget: id=2131165260 (android.widget.ImageView@40546238)
D/nofatclips(  246): Found widget: id=2131165261 (org.wordpress.android.util.CommentBadgeTextView@4053a4f8): 0
D/nofatclips(  246): Found widget: id=-1 (android.widget.LinearLayout@405392b8)
D/nofatclips(  246): Found widget: id=2131165262 (android.widget.LinearLayout@405408d0)
D/nofatclips(  246): Found widget: id=-1 (android.widget.ImageView@405411d8)
D/nofatclips(  246): Found widget: id=2131165256 (android.widget.TextView@40540b18): Settings
D/nofatclips(  246): Found widget: id=2131165263 (android.widget.LinearLayout@40544170)
D/nofatclips(  246): Found widget: id=-1 (android.widget.ImageView@405600c8)
D/nofatclips(  246): Found widget: id=2131165256 (android.widget.TextView@40542e58): Read
D/nofatclips(  246): Found widget: id=2131165264 (android.widget.LinearLayout@405617b0)
D/nofatclips(  246): Found widget: id=-1 (android.widget.ImageView@40564068)
D/nofatclips(  246): Found widget: id=2131165256 (android.widget.TextView@4054fbb0): Stats
D/nofatclips(  246): Found widget: id=-1 (com.android.internal.policy.impl.PhoneWindow$DecorView@405a0220)
V/nicola  (  246): TextualID : blog_title
V/nicola  (  246): ContentType detected : default
V/nicola  (  246): TextualID : action_refresh
V/nicola  (  246): ContentType detected : default
V/nicola  (  246): TextualID : button_text
V/nicola  (  246): ContentType detected : default
V/nicola  (  246): TextualID : button_text
V/nicola  (  246): ContentType detected : default
V/nicola  (  246): TextualID : button_text
V/nicola  (  246): ContentType detected : default
V/nicola  (  246): TextualID : button_text
V/nicola  (  246): ContentType detected : default
V/nicola  (  246): TextualID : button_text
V/nicola  (  246): ContentType detected : default
V/nicola  (  246): TextualID : button_text
V/nicola  (  246): ContentType detected : default
V/nicola  (  246): TextualID : button_text
V/nicola  (  246): ContentType detected : default
V/nicola  (  246): TextualID : button_text
V/nicola  (  246): ContentType detected : default
V/nicola  (  246): TextualID : button_text
V/nicola  (  246): ContentType detected : default
V/nicola  (  246): TextualID : button_text
V/nicola  (  246): ContentType detected : default
I/nofatclips(  246): Performing comparation for activity Dashboard
D/nofatclips(  246): Comparing against activity NewAccount
D/nofatclips(  246): Comparing against activity AddAccount
D/nofatclips(  246): Comparing against activity AddAccount
D/nofatclips(  246): Comparing against activity Dashboard
D/nofatclips(  246): Comparing against activity AddAccount
D/nofatclips(  246): Comparing against activity Dashboard
D/nofatclips(  246): Comparing against activity NewAccount
D/nofatclips(  246): Comparing against activity NewAccount
D/nofatclips(  246): Comparing against activity NewAccount
I/nofatclips(  246): Registering activity Dashboard (id: a10) as a new found state
D/nofatclips(  246): Performing backup of the old activity list on disk
D/nofatclips(  246): Saving new found state 'a10' on disk
V/nofatclips(  246): Opening state file in append mode.
D/dalvikvm(   61): GC_EXPLICIT freed 14K, 46% free 4105K/7559K, external 1316K/1828K, paused 599ms
I/nofatclips(  246): Saved image on disk: a10.jpg
I/nofatclips(  246): Waiting for 100 msec.
I/nofatclips(  246): Session count is 1. Will dump to disk at 1
I/nofatclips(  246): Saving the session on disk.
I/nofatclips(  246): Planning for new Activity Dashboard
D/nofatclips(  246): Handling event 'click' on widget id=2131165200 type=button name=
D/nofatclips(  246): Handling event 'click' on widget id=2131165201 type=button name=
D/dalvikvm(  246): GC_CONCURRENT freed 1871K, 57% free 3529K/8071K, external 4930K/5173K, paused 7ms+6ms
D/nofatclips(  246): Handling event 'click' on widget id=2131165204 type=linearLayout name=
D/nofatclips(  246): Handling event 'click' on widget id=2131165251 type=linearLayout name=
D/nofatclips(  246): Handling event 'click' on widget id=2131165253 type=linearLayout name=
D/nofatclips(  246): Handling event 'click' on widget id=2131165252 type=linearLayout name=
D/nofatclips(  246): Handling event 'click' on widget id=2131165254 type=linearLayout name=
D/nofatclips(  246): Handling event 'click' on widget id=2131165255 type=linearLayout name=
D/nofatclips(  246): Handling event 'click' on widget id=2131165257 type=linearLayout name=
D/nofatclips(  246): Handling event 'click' on widget id=2131165258 type=linearLayout name=
D/nofatclips(  246): Handling event 'click' on widget id=2131165262 type=linearLayout name=
D/nofatclips(  246): Handling event 'click' on widget id=2131165263 type=linearLayout name=
D/nofatclips(  246): Handling event 'click' on widget id=2131165264 type=linearLayout name=
I/nofatclips(  246): Created trace to press the back button
I/nofatclips(  246): Created trace to press the menu button
I/nofatclips(  246): Created trace to change orientation
D/dalvikvm(  246): GC_CONCURRENT freed 2021K, 57% free 3508K/8135K, external 2044K/2556K, paused 3ms+4ms
I/nofatclips(  246): Check for termination: 41 steps left of 50
I/nofatclips(  246): Dispatching new task. 2 more tasks remaining.
D/nofatclips(  246): Performing backup of the old task list on disk
D/nofatclips(  246): Saving task list on disk
V/nofatclips(  246): Backing up trace #63 to disk.
V/nofatclips(  246): Backing up trace #64 to disk.
D/nofatclips(  246): Deleting backup of the old task list from disk
D/nofatclips(  246): Deleting backup of the old activity list from disk
I/nofatclips(  246): Incrementally Playing Trace 64
I/nofatclips(  246): Retrieved from return list id=2131165201
D/nofatclips(  246): Testing for type (android.widget.Button) against the original (android.widget.Button)
D/nofatclips(  246): Testing for name () against the original ()
I/nofatclips(  246): Firing event: type= click index=13 widget=android.widget.Button
D/dalvikvm(  246): GC_CONCURRENT freed 1090K, 58% free 3429K/8135K, external 2044K/2556K, paused 3ms+2ms
W/KeyCharacterMap(  246): No keyboard for id 0
W/KeyCharacterMap(  246): Using default keymap: /system/usr/keychars/qwerty.kcm.bin
D/nofatclips(  246): Event description: 
I/nofatclips(  246): Waiting for 100 msec.
W/System.err(  246): org.xmlrpc.android.XMLRPCException: java.lang.ArrayIndexOutOfBoundsException
W/System.err(  246): 	at org.xmlrpc.android.XMLRPCClient.callXMLRPC(XMLRPCClient.java:452)
W/System.err(  246): 	at org.xmlrpc.android.XMLRPCClient.call(XMLRPCClient.java:131)
W/System.err(  246): 	at org.xmlrpc.android.ApiHelper$getPostFormatsTask.doInBackground(ApiHelper.java:143)
W/System.err(  246): 	at org.xmlrpc.android.ApiHelper$getPostFormatsTask.doInBackground(ApiHelper.java:1)
W/System.err(  246): 	at android.os.AsyncTask$2.call(AsyncTask.java:185)
W/System.err(  246): 	at java.util.concurrent.FutureTask$Sync.innerRun(FutureTask.java:306)
W/System.err(  246): 	at java.util.concurrent.FutureTask.run(FutureTask.java:138)
W/System.err(  246): 	at java.util.concurrent.ThreadPoolExecutor.runWorker(ThreadPoolExecutor.java:1088)
W/System.err(  246): 	at java.util.concurrent.ThreadPoolExecutor$Worker.run(ThreadPoolExecutor.java:581)
W/System.err(  246): 	at java.lang.Thread.run(Thread.java:1019)
W/System.err(  246): Caused by: java.lang.ArrayIndexOutOfBoundsException
W/System.err(  246): 	at org.kxml2.io.KXmlSerializer.endTag(KXmlSerializer.java:497)
W/System.err(  246): 	at org.xmlrpc.android.XMLRPCClient.callXMLRPC(XMLRPCClient.java:364)
W/System.err(  246): 	... 9 more
W/System.err(  246): java.lang.NullPointerException
W/System.err(  246): 	at org.json.JSONObject.<init>(JSONObject.java:127)
W/System.err(  246): 	at org.xmlrpc.android.ApiHelper$getPostFormatsTask.onPostExecute(ApiHelper.java:122)
W/System.err(  246): 	at android.os.AsyncTask.finish(AsyncTask.java:417)
W/System.err(  246): 	at android.os.AsyncTask.access$300(AsyncTask.java:127)
W/System.err(  246): 	at android.os.AsyncTask$InternalHandler.handleMessage(AsyncTask.java:429)
W/System.err(  246): 	at android.os.Handler.dispatchMessage(Handler.java:99)
W/System.err(  246): 	at android.os.Looper.loop(Looper.java:123)
W/System.err(  246): 	at android.app.ActivityThread.main(ActivityThread.java:3683)
W/System.err(  246): 	at java.lang.reflect.Method.invokeNative(Native Method)
W/System.err(  246): 	at java.lang.reflect.Method.invoke(Method.java:507)
W/System.err(  246): 	at com.android.internal.os.ZygoteInit$MethodAndArgsCaller.run(ZygoteInit.java:839)
W/System.err(  246): 	at com.android.internal.os.ZygoteInit.main(ZygoteInit.java:597)
W/System.err(  246): 	at dalvik.system.NativeStart.main(Native Method)
I/WordPress(  246): response = HTTP/1.1 200 OK
I/nofatclips(  246): Current activity is Dashboard
I/nofatclips(  246): Retrieving widgets
D/nofatclips(  246): Found widget: id=16908290 (android.widget.FrameLayout@405a0b20)
D/nofatclips(  246): Found widget: id=2131165248 (android.widget.RelativeLayout@405a1820)
D/nofatclips(  246): Found widget: id=2131165249 (android.widget.LinearLayout@405a1e88)
D/nofatclips(  246): Found widget: id=-1 (android.widget.ImageView@405a23d0)
D/nofatclips(  246): Found widget: id=2131165250 (org.wordpress.android.util.WPTitleBar@4059bd08)
D/nofatclips(  246): Found widget: id=2131165195 (android.widget.RelativeLayout@4050e260)
D/nofatclips(  246): Found widget: id=2131165196 (android.widget.RelativeLayout@405685a8)
D/nofatclips(  246): Found widget: id=2131165197 (android.widget.ImageView@4059cfa0)
D/nofatclips(  246): Found widget: id=2131165198 (android.widget.TextView@40541920): Katie's Sweet Testing Blog
D/nofatclips(  246): Found widget: id=2131165199 (android.widget.ImageView@4055d1b0)
D/nofatclips(  246): Found widget: id=-1 (android.widget.RelativeLayout@40579510)
D/nofatclips(  246): Found widget: id=2131165200 (android.widget.ImageButton@4059d4c8)
D/nofatclips(  246): Found widget: id=-1 (android.widget.FrameLayout@4057aa68)
D/nofatclips(  246): Found widget: id=2131165201 (android.widget.Button@405422e8): 
D/nofatclips(  246): Found widget: id=2131165202 (android.widget.ImageView@40593918)
D/nofatclips(  246): Found widget: id=2131165203 (android.widget.ImageView@4053cae0)
D/nofatclips(  246): Found widget: id=2131165204 (android.widget.LinearLayout@405691b0)
D/nofatclips(  246): Found widget: id=-1 (android.widget.FrameLayout@4059cd38)
D/nofatclips(  246): Found widget: id=-1 (android.widget.LinearLayout@4052fc88)
D/nofatclips(  246): Found widget: id=-1 (android.widget.LinearLayout@4050e070)
D/nofatclips(  246): Found widget: id=-1 (android.widget.LinearLayout@4052f2a8)
D/nofatclips(  246): Found widget: id=2131165251 (android.widget.LinearLayout@4052f960)
D/nofatclips(  246): Found widget: id=-1 (android.widget.ImageView@405903c0)
D/nofatclips(  246): Found widget: id=2131165256 (android.widget.TextView@4056aea8): New Post
D/nofatclips(  246): Found widget: id=2131165253 (android.widget.LinearLayout@4059bf40)
D/nofatclips(  246): Found widget: id=-1 (android.widget.ImageView@40530cc8)
D/nofatclips(  246): Found widget: id=2131165256 (android.widget.TextView@4056b7e0): New Page
D/nofatclips(  246): Found widget: id=-1 (android.widget.LinearLayout@40532f80)
D/nofatclips(  246): Found widget: id=2131165252 (android.widget.LinearLayout@40530970)
D/nofatclips(  246): Found widget: id=-1 (android.widget.ImageView@405389f8)
D/dalvikvm(  246): GC_CONCURRENT freed 734K, 55% free 3679K/8135K, external 2061K/2556K, paused 6ms+5ms
D/nofatclips(  246): Found widget: id=2131165256 (android.widget.TextView@405779d8): Quick Photo
D/nofatclips(  246): Found widget: id=2131165254 (android.widget.LinearLayout@405474f0)
D/nofatclips(  246): Found widget: id=-1 (android.widget.ImageView@40531868)
D/nofatclips(  246): Found widget: id=2131165256 (android.widget.TextView@40578248): Quick Video
D/nofatclips(  246): Found widget: id=-1 (android.widget.LinearLayout@4052e718)
D/nofatclips(  246): Found widget: id=-1 (android.widget.LinearLayout@40533f38)
D/nofatclips(  246): Found widget: id=2131165255 (android.widget.LinearLayout@40535200)
D/nofatclips(  246): Found widget: id=-1 (android.widget.ImageView@40540550)
D/nofatclips(  246): Found widget: id=2131165256 (android.widget.TextView@405788d0): Posts
D/nofatclips(  246): Found widget: id=2131165257 (android.widget.LinearLayout@40545c68)
D/nofatclips(  246): Found widget: id=-1 (android.widget.ImageView@405688c0)
D/nofatclips(  246): Found widget: id=2131165256 (android.widget.TextView@40537530): Pages
D/nofatclips(  246): Found widget: id=-1 (android.widget.FrameLayout@40534540)
D/nofatclips(  246): Found widget: id=2131165258 (android.widget.LinearLayout@40540228)
D/nofatclips(  246): Found widget: id=-1 (android.widget.ImageView@40536c40)
D/nofatclips(  246): Found widget: id=2131165256 (android.widget.TextView@405394e0): Comments
D/nofatclips(  246): Found widget: id=2131165259 (android.widget.FrameLayout@40544718)
D/nofatclips(  246): Found widget: id=2131165260 (android.widget.ImageView@40546238)
D/nofatclips(  246): Found widget: id=2131165261 (org.wordpress.android.util.CommentBadgeTextView@4053a4f8): 0
D/nofatclips(  246): Found widget: id=-1 (android.widget.LinearLayout@405392b8)
D/nofatclips(  246): Found widget: id=2131165262 (android.widget.LinearLayout@405408d0)
D/nofatclips(  246): Found widget: id=-1 (android.widget.ImageView@405411d8)
D/nofatclips(  246): Found widget: id=2131165256 (android.widget.TextView@40540b18): Settings
D/nofatclips(  246): Found widget: id=2131165263 (android.widget.LinearLayout@40544170)
D/nofatclips(  246): Found widget: id=-1 (android.widget.ImageView@405600c8)
D/nofatclips(  246): Found widget: id=2131165256 (android.widget.TextView@40542e58): Read
D/nofatclips(  246): Found widget: id=2131165264 (android.widget.LinearLayout@405617b0)
D/nofatclips(  246): Found widget: id=-1 (android.widget.ImageView@40564068)
D/nofatclips(  246): Found widget: id=2131165256 (android.widget.TextView@4054fbb0): Stats
D/nofatclips(  246): Found widget: id=-1 (com.android.internal.policy.impl.PhoneWindow$DecorView@405a0220)
V/nicola  (  246): TextualID : blog_title
V/nicola  (  246): ContentType detected : default
V/nicola  (  246): TextualID : action_refresh
V/nicola  (  246): ContentType detected : default
V/nicola  (  246): TextualID : button_text
V/nicola  (  246): ContentType detected : default
V/nicola  (  246): TextualID : button_text
V/nicola  (  246): ContentType detected : default
V/nicola  (  246): TextualID : button_text
V/nicola  (  246): ContentType detected : default
V/nicola  (  246): TextualID : button_text
V/nicola  (  246): ContentType detected : default
V/nicola  (  246): TextualID : button_text
V/nicola  (  246): ContentType detected : default
V/nicola  (  246): TextualID : button_text
V/nicola  (  246): ContentType detected : default
V/nicola  (  246): TextualID : button_text
V/nicola  (  246): ContentType detected : default
V/nicola  (  246): TextualID : button_text
V/nicola  (  246): ContentType detected : default
V/nicola  (  246): TextualID : button_text
V/nicola  (  246): ContentType detected : default
V/nicola  (  246): TextualID : button_text
V/nicola  (  246): ContentType detected : default
I/nofatclips(  246): Performing comparation for activity Dashboard
D/nofatclips(  246): Comparing against activity Dashboard
D/nofatclips(  246): Comparing against activity NewAccount
D/nofatclips(  246): Comparing against activity AddAccount
D/nofatclips(  246): Comparing against activity AddAccount
D/nofatclips(  246): Comparing against activity Dashboard
D/nofatclips(  246): Comparing against activity AddAccount
D/nofatclips(  246): Comparing against activity Dashboard
D/nofatclips(  246): Comparing against activity NewAccount
D/nofatclips(  246): Comparing against activity NewAccount
D/nofatclips(  246): Comparing against activity NewAccount
I/nofatclips(  246): Registering activity Dashboard (id: a11) as a new found state
D/nofatclips(  246): Performing backup of the old activity list on disk
D/nofatclips(  246): Saving new found state 'a11' on disk
V/nofatclips(  246): Opening state file in append mode.
D/dalvikvm(  246): GC_EXTERNAL_ALLOC freed 497K, 54% free 3774K/8135K, external 2044K/2556K, paused 80ms
I/nofatclips(  246): Saved image on disk: a11.jpg
I/nofatclips(  246): Waiting for 100 msec.
I/nofatclips(  246): Session count is 1. Will dump to disk at 1
I/nofatclips(  246): Saving the session on disk.
I/nofatclips(  246): Planning for new Activity Dashboard
D/nofatclips(  246): Handling event 'click' on widget id=2131165200 type=button name=
D/nofatclips(  246): Handling event 'click' on widget id=2131165201 type=button name=
D/nofatclips(  246): Handling event 'click' on widget id=2131165204 type=linearLayout name=
D/nofatclips(  246): Handling event 'click' on widget id=2131165251 type=linearLayout name=
D/nofatclips(  246): Handling event 'click' on widget id=2131165253 type=linearLayout name=
D/nofatclips(  246): Handling event 'click' on widget id=2131165252 type=linearLayout name=
D/nofatclips(  246): Handling event 'click' on widget id=2131165254 type=linearLayout name=
D/nofatclips(  246): Handling event 'click' on widget id=2131165255 type=linearLayout name=
D/dalvikvm(  246): GC_CONCURRENT freed 920K, 53% free 3833K/8135K, external 2644K/2644K, paused 7ms+7ms
D/nofatclips(  246): Handling event 'click' on widget id=2131165257 type=linearLayout name=
D/nofatclips(  246): Handling event 'click' on widget id=2131165258 type=linearLayout name=
D/nofatclips(  246): Handling event 'click' on widget id=2131165262 type=linearLayout name=
D/nofatclips(  246): Handling event 'click' on widget id=2131165263 type=linearLayout name=
D/nofatclips(  246): Handling event 'click' on widget id=2131165264 type=linearLayout name=
I/nofatclips(  246): Created trace to press the back button
I/nofatclips(  246): Created trace to press the menu button
I/nofatclips(  246): Created trace to change orientation
D/dalvikvm(  246): GC_CONCURRENT freed 1307K, 53% free 3846K/8135K, external 2044K/2644K, paused 4ms+6ms
I/nofatclips(  246): Check for termination: 40 steps left of 50
I/nofatclips(  246): Dispatching new task. 2 more tasks remaining.
D/nofatclips(  246): Performing backup of the old task list on disk
D/nofatclips(  246): Saving task list on disk
V/nofatclips(  246): Backing up trace #78 to disk.
V/nofatclips(  246): Backing up trace #79 to disk.
D/dalvikvm(  246): GC_CONCURRENT freed 1097K, 53% free 3872K/8135K, external 2044K/2644K, paused 4ms+3ms
D/nofatclips(  246): Deleting backup of the old task list from disk
D/nofatclips(  246): Deleting backup of the old activity list from disk
I/nofatclips(  246): Incrementally Playing Trace 79
I/nofatclips(  246): Retrieved from return list id=2131165254
D/nofatclips(  246): Testing for type (android.widget.LinearLayout) against the original (android.widget.LinearLayout)
D/nofatclips(  246): Testing for name () against the original ()
I/nofatclips(  246): Firing event: type= click index=31 widget=android.widget.LinearLayout
W/KeyCharacterMap(  246): No keyboard for id 0
W/KeyCharacterMap(  246): Using default keymap: /system/usr/keychars/qwerty.kcm.bin
D/nofatclips(  246): Event description: Quick Video
I/ActivityManager(   61): Starting: Intent { cmp=org.wordpress.android/.EditPost (has extras) } from pid 246
I/nofatclips(  246): Waiting for 100 msec.
I/ActivityManager(   61): Starting: Intent { flg=0x10000 cmp=org.wordpress.android/.EditContent (has extras) } from pid 246
I/ActivityManager(   61): Starting: Intent { act=android.media.action.VIDEO_CAPTURE cmp=com.android.camera/.VideoCamera } from pid 246
I/ActivityManager(   61): Start proc com.android.camera for activity com.android.camera/.VideoCamera: pid=319 uid=10025 gids={1006, 1015}
I/nofatclips(  246): Current activity is EditContent
I/nofatclips(  246): Retrieving widgets
I/nofatclips(  246): Exit state. Not performing comparation for activity EditContent
I/nofatclips(  246): Waiting for 100 msec.
I/nofatclips(  246): Session count is 1. Will dump to disk at 1
I/nofatclips(  246): Saving the session on disk.
I/nofatclips(  246): Check for termination: 39 steps left of 50
I/nofatclips(  246): Saving the session on disk. This is the last batch. The session will be terminated.
D/nofatclips(  246): Performing backup of the old task list on disk
D/nofatclips(  246): Saving task list on disk
V/nofatclips(  246): Backing up trace #78 to disk.
D/nofatclips(  246): Deleting backup of the old task list from disk
D/installd(   35): DexInv: --- BEGIN '/system/app/Camera.apk' ---
D/dalvikvm(  246): GC_CONCURRENT freed 921K, 52% free 3962K/8135K, external 2301K/2644K, paused 14ms+20ms
D/dalvikvm(  246): GC_EXPLICIT freed 277K, 55% free 3684K/8135K, external 2301K/2644K, paused 125ms
D/dalvikvm(  246): GC_EXPLICIT freed 15K, 55% free 3669K/8135K, external 2301K/2644K, paused 118ms
I/TestRunner(  246): finished: testAndCrawl(com.nofatclips.crawler.guitree.NomadEngine)
I/TestRunner(  246): passed: testAndCrawl(com.nofatclips.crawler.guitree.NomadEngine)
E/InstrumentationTestRunner(  246): Failed to generate emma coverage. Is emma jar on classpath?
E/InstrumentationTestRunner(  246): java.lang.ClassNotFoundException: com.vladium.emma.rt.RT
E/InstrumentationTestRunner(  246): 	at java.lang.Class.classForName(Native Method)
E/InstrumentationTestRunner(  246): 	at java.lang.Class.forName(Class.java:234)
E/InstrumentationTestRunner(  246): 	at java.lang.Class.forName(Class.java:181)
E/InstrumentationTestRunner(  246): 	at android.test.InstrumentationTestRunner.generateCoverageReport(InstrumentationTestRunner.java:578)
E/InstrumentationTestRunner(  246): 	at android.test.InstrumentationTestRunner.onStart(InstrumentationTestRunner.java:545)
E/InstrumentationTestRunner(  246): 	at android.app.Instrumentation$InstrumentationThread.run(Instrumentation.java:1448)
E/InstrumentationTestRunner(  246): Caused by: java.lang.NoClassDefFoundError: com.vladium.emma.rt.RT
E/InstrumentationTestRunner(  246): 	... 6 more
E/InstrumentationTestRunner(  246): Caused by: java.lang.ClassNotFoundException: com.vladium.emma.rt.RT in loader dalvik.system.PathClassLoader[/system/framework/android.test.runner.jar:/data/app/com.nofatclips.crawler-1.apk:/data/app/org.wordpress.android-1.apk]
E/InstrumentationTestRunner(  246): 	at dalvik.system.PathClassLoader.findClass(PathClassLoader.java:240)
E/InstrumentationTestRunner(  246): 	at java.lang.ClassLoader.loadClass(ClassLoader.java:551)
E/InstrumentationTestRunner(  246): 	at java.lang.ClassLoader.loadClass(ClassLoader.java:511)
E/InstrumentationTestRunner(  246): 	... 6 more
D/dalvikvm(  327): DexOpt: load 118ms, verify+opt 414ms
D/installd(   35): DexInv: --- END '/system/app/Camera.apk' (success) ---
I/WindowManager(   61): Setting rotation to 1, animFlags=1
I/ActivityManager(   61): Config changed: { scale=1.0 imsi=310/260 loc=en_US touch=3 keys=2/1/2 nav=1/1 orien=2 layout=18 uiMode=17 seq=9}
D/AndroidRuntime(  205): Shutting down VM
I/ActivityManager(   61): Force stopping package org.wordpress.android uid=10034
I/Process (   61): Sending signal. PID: 246 SIG: 9
I/ActivityManager(   61):   Force finishing activity HistoryRecord{40697248 org.wordpress.android/.EditPost}
D/dalvikvm(  205): GC_CONCURRENT freed 103K, 71% free 297K/1024K, external 0K/0K, paused 1ms+1ms
D/jdwp    (  205): adbd disconnected
I/dalvikvm(  205): JNI: AttachCurrentThread (from ???.???)
I/AndroidRuntime(  205): NOTE: attach of thread 'Binder Thread #3' failed
V/videocamera(  319): startPreview
V/CameraHolder(  319): open camera 0
D/CameraHardwareStub(   34): initHeapLocked: preview size=320x240
I/StagefrightPlayer(   34): setDataSource('/system/media/audio/ui/camera_click.ogg')
I/StagefrightPlayer(   34): setDataSource('/system/media/audio/ui/VideoRecord.ogg')
D/Camera  (  319): app passed NULL surface
D/CameraHardwareStub(   34): initHeapLocked: preview size=352x288
I/DEBUG   (   31): debuggerd: Feb  3 2011 14:45:34
D/qemud   (   38): entering main loop
I/Vold    (   29): Vold 2.1 (the revenge) firing up
D/Vold    (   29): USB mass storage support is not enabled in the kernel
D/Vold    (   29): usb_configuration switch is not enabled in the kernel
I/Netd    (   30): Netd 1.0 starting
D/Vold    (   29): Volume sdcard state changing -1 (Initializing) -> 0 (No-Media)
D/Vold    (   29): Volume sdcard state changing 0 (No-Media) -> 1 (Idle-Unmounted)
D/qemud   (   38): fdhandler_accept_event: accepting on fd 9
D/qemud   (   38): created client 0xe078 listening on fd 10
D/qemud   (   38): client_fd_receive: attempting registration for service 'boot-properties'
D/qemud   (   38): client_fd_receive:    -> received channel id 1
D/qemud   (   38): client_registration: registration succeeded for client 1
I/qemu-props(   52): connected to 'boot-properties' qemud service.
I/qemu-props(   52): receiving..
I/qemu-props(   52): received: dalvik.vm.heapsize=64m
I/qemu-props(   52): receiving..
I/qemu-props(   52): received: ro.config.low_ram=true
I/qemu-props(   52): receiving..
I/qemu-props(   52): received: qemu.sf.lcd_density=160
I/qemu-props(   52): receiving..
I/qemu-props(   52): received: qemu.hw.mainkeys=0
I/qemu-props(   52): receiving..
I/qemu-props(   52): received: qemu.sf.fake_camera=none
I/qemu-props(   52): receiving..
D/qemud   (   38): fdhandler_event: disconnect on fd 10
I/qemu-props(   52): exiting (5 properties set).
D/AndroidRuntime(   33): 
D/AndroidRuntime(   33): >>>>>> AndroidRuntime START com.android.internal.os.ZygoteInit <<<<<<
D/AndroidRuntime(   33): CheckJNI is ON
D/qemud   (   38): fdhandler_accept_event: accepting on fd 9
D/qemud   (   38): created client 0xe078 listening on fd 10
D/qemud   (   38): fdhandler_event: disconnect on fd 10
D/qemud   (   38): fdhandler_accept_event: accepting on fd 9
D/qemud   (   38): created client 0xe078 listening on fd 10
D/qemud   (   38): client_fd_receive: attempting registration for service 'gsm'
D/qemud   (   38): client_fd_receive:    -> received channel id 2
D/qemud   (   38): client_registration: registration succeeded for client 2
I/        (   34): ServiceManager: 0xad50
D/AudioHardwareInterface(   34): setMode(NORMAL)
I/CameraService(   34): CameraService started (pid=34)
I/AudioFlinger(   34): AudioFlinger's thread 0xc658 ready to run
I/SamplingProfilerIntegration(   33): Profiler is disabled.
I/Zygote  (   33): Preloading classes...
E/Zygote  (   33): setreuid() failed. errno: 2
D/dalvikvm(   33): GC_EXPLICIT freed 47K, 78% free 234K/1024K, external 0K/0K, paused 7ms
D/dalvikvm(   33): GC_EXPLICIT freed 1K, 73% free 284K/1024K, external 0K/0K, paused 4ms
D/dalvikvm(   33): GC_EXPLICIT freed 22K, 69% free 318K/1024K, external 0K/0K, paused 4ms
D/dalvikvm(   33): GC_EXPLICIT freed 17K, 66% free 356K/1024K, external 0K/0K, paused 5ms
D/dalvikvm(   33): GC_EXPLICIT freed 26K, 63% free 385K/1024K, external 0K/0K, paused 5ms
D/dalvikvm(   33): GC_EXPLICIT freed 20K, 57% free 441K/1024K, external 0K/0K, paused 5ms
W/MediaProfiles(   33): could not find media config xml file
D/dalvikvm(   33): GC_EXPLICIT freed 99K, 47% free 547K/1024K, external 0K/0K, paused 5ms
D/dalvikvm(   33): GC_EXPLICIT freed 272K, 28% free 885K/1219K, external 0K/0K, paused 13ms
D/dalvikvm(   33): GC_EXPLICIT freed 21K, 24% free 932K/1219K, external 0K/0K, paused 10ms
D/RenderScript_jni(   33): RenderScript JNI library not found!
D/dalvikvm(   33): GC_EXPLICIT freed 25K, 19% free 999K/1219K, external 0K/0K, paused 11ms
D/dalvikvm(   33): GC_EXPLICIT freed 47K, 5% free 1281K/1347K, external 0K/0K, paused 15ms
D/dalvikvm(   33): GC_EXPLICIT freed 24K, 3% free 1311K/1347K, external 0K/0K, paused 16ms
D/dalvikvm(   33): GC_EXPLICIT freed 28K, 6% free 1336K/1411K, external 0K/0K, paused 16ms
D/dalvikvm(   33): GC_EXPLICIT freed 14K, 3% free 1377K/1411K, external 0K/0K, paused 17ms
D/dalvikvm(   33): GC_EXPLICIT freed 28K, 5% free 1402K/1475K, external 0K/0K, paused 17ms
D/dalvikvm(   33): GC_EXPLICIT freed 28K, 3% free 1439K/1475K, external 0K/0K, paused 16ms
D/dalvikvm(   33): GC_EXPLICIT freed 38K, 6% free 1457K/1539K, external 0K/0K, paused 17ms
D/dalvikvm(   33): GC_EXPLICIT freed 40K, 5% free 1471K/1539K, external 0K/0K, paused 17ms
D/dalvikvm(   33): GC_EXPLICIT freed 55K, 8% free 1485K/1603K, external 0K/0K, paused 17ms
D/dalvikvm(   33): GC_FOR_MALLOC freed 2954K, 58% free 2168K/5123K, external 0K/0K, paused 52ms
D/dalvikvm(   33): GC_EXPLICIT freed 1403K, 55% free 2310K/5123K, external 0K/0K, paused 38ms
D/dalvikvm(   33): GC_EXPLICIT freed 148K, 54% free 2373K/5123K, external 0K/0K, paused 31ms
D/dalvikvm(   33): GC_EXPLICIT freed 73K, 54% free 2398K/5123K, external 0K/0K, paused 29ms
D/dalvikvm(   33): GC_EXPLICIT freed 36K, 53% free 2416K/5123K, external 0K/0K, paused 28ms
D/dalvikvm(   33): GC_EXPLICIT freed 31K, 53% free 2439K/5123K, external 0K/0K, paused 28ms
D/dalvikvm(   33): GC_EXPLICIT freed 38K, 52% free 2462K/5123K, external 0K/0K, paused 29ms
I/Zygote  (   33): ...preloaded 1830 classes in 5641ms.
E/Zygote  (   33): setreuid() failed. errno: 17
D/dalvikvm(   33): GC_EXPLICIT freed 18K, 52% free 2460K/5123K, external 0K/0K, paused 28ms
I/Zygote  (   33): Preloading resources...
D/dalvikvm(   33): GC_EXTERNAL_ALLOC freed <1K, 52% free 2462K/5123K, external 0K/0K, paused 28ms
W/Zygote  (   33): Preloaded drawable resource #0x1080093 (res/drawable-mdpi/sym_def_app_icon.png) that varies with configuration!!
W/Zygote  (   33): Preloaded drawable resource #0x1080002 (res/drawable-mdpi/arrow_down_float.png) that varies with configuration!!
W/Zygote  (   33): Preloaded drawable resource #0x10800b4 (res/drawable/btn_check.xml) that varies with configuration!!
W/Zygote  (   33): Preloaded drawable resource #0x10800b7 (res/drawable-mdpi/btn_check_label_background.9.png) that varies with configuration!!
W/Zygote  (   33): Preloaded drawable resource #0x10800b8 (res/drawable-mdpi/btn_check_off.png) that varies with configuration!!
W/Zygote  (   33): Preloaded drawable resource #0x10800bd (res/drawable-mdpi/btn_check_on.png) that varies with configuration!!
W/Zygote  (   33): Preloaded drawable resource #0x1080004 (res/drawable/btn_default.xml) that varies with configuration!!
W/Zygote  (   33): Preloaded drawable resource #0x1080005 (res/drawable/btn_default_small.xml) that varies with configuration!!
W/Zygote  (   33): Preloaded drawable resource #0x1080006 (res/drawable/btn_dropdown.xml) that varies with configuration!!
W/Zygote  (   33): Preloaded drawable resource #0x1080008 (res/drawable/btn_plus.xml) that varies with configuration!!
W/Zygote  (   33): Preloaded drawable resource #0x1080007 (res/drawable/btn_minus.xml) that varies with configuration!!
W/Zygote  (   33): Preloaded drawable resource #0x1080009 (res/drawable/btn_radio.xml) that varies with configuration!!
W/Zygote  (   33): Preloaded drawable resource #0x108000a (res/drawable/btn_star.xml) that varies with configuration!!
D/dalvikvm(   33): GC_EXPLICIT freed 25K, 52% free 2499K/5123K, external 408K/521K, paused 29ms
W/Zygote  (   33): Preloaded drawable resource #0x1080132 (res/drawable/btn_toggle.xml) that varies with configuration!!
W/Zygote  (   33): Preloaded drawable resource #0x1080196 (res/drawable-mdpi/ic_emergency.png) that varies with configuration!!
W/Zygote  (   33): Preloaded drawable resource #0x1080012 (res/drawable-mdpi/divider_horizontal_bright.9.png) that varies with configuration!!
W/Zygote  (   33): Preloaded drawable resource #0x1080014 (res/drawable-mdpi/divider_horizontal_dark.9.png) that varies with configuration!!
W/Zygote  (   33): Preloaded drawable resource #0x1080016 (res/drawable/edit_text.xml) that varies with configuration!!
W/Zygote  (   33): Preloaded drawable resource #0x1080170 (res/drawable/expander_group.xml) that varies with configuration!!
W/Zygote  (   33): Preloaded drawable resource #0x1080062 (res/drawable/list_selector_background.xml) that varies with configuration!!
W/Zygote  (   33): Preloaded drawable resource #0x108022a (res/drawable-mdpi/menu_background.9.png) that varies with configuration!!
W/Zygote  (   33): Preloaded drawable resource #0x108022b (res/drawable-mdpi/menu_background_fill_parent_width.9.png) that varies with configuration!!
W/Zygote  (   33): Preloaded drawable resource #0x108022c (res/drawable/menu_selector.xml) that varies with configuration!!
D/dalvikvm(   33): GC_EXTERNAL_ALLOC freed 16K, 51% free 2512K/5123K, external 516K/521K, paused 29ms
W/Zygote  (   33): Preloaded drawable resource #0x108023a (res/drawable-mdpi/panel_background.9.png) that varies with configuration!!
W/Zygote  (   33): Preloaded drawable resource #0x1080242 (res/drawable-mdpi/popup_bottom_bright.9.png) that varies with configuration!!
W/Zygote  (   33): Preloaded drawable resource #0x1080243 (res/drawable-mdpi/popup_bottom_dark.9.png) that varies with configuration!!
W/Zygote  (   33): Preloaded drawable resource #0x1080244 (res/drawable-mdpi/popup_bottom_medium.9.png) that varies with configuration!!
W/Zygote  (   33): Preloaded drawable resource #0x1080245 (res/drawable-mdpi/popup_center_bright.9.png) that varies with configuration!!
W/Zygote  (   33): Preloaded drawable resource #0x1080246 (res/drawable-mdpi/popup_center_dark.9.png) that varies with configuration!!
W/Zygote  (   33): Preloaded drawable resource #0x1080249 (res/drawable-mdpi/popup_full_dark.9.png) that varies with configuration!!
W/Zygote  (   33): Preloaded drawable resource #0x108024c (res/drawable-mdpi/popup_top_bright.9.png) that varies with configuration!!
W/Zygote  (   33): Preloaded drawable resource #0x108024d (res/drawable-mdpi/popup_top_dark.9.png) that varies with configuration!!
W/Zygote  (   33): Preloaded drawable resource #0x108006d (res/drawable/progress_indeterminate_horizontal.xml) that varies with configuration!!
W/Zygote  (   33): Preloaded drawable resource #0x1080253 (res/drawable/progress_small.xml) that varies with configuration!!
W/Zygote  (   33): Preloaded drawable resource #0x1080254 (res/drawable/progress_small_titlebar.xml) that varies with configuration!!
W/Zygote  (   33): Preloaded drawable resource #0x1080274 (res/drawable-mdpi/scrollbar_handle_horizontal.9.png) that varies with configuration!!
W/Zygote  (   33): Preloaded drawable resource #0x1080275 (res/drawable-mdpi/scrollbar_handle_vertical.9.png) that varies with configuration!!
D/dalvikvm(   33): GC_EXPLICIT freed 15K, 51% free 2524K/5123K, external 585K/1038K, paused 32ms
W/Zygote  (   33): Preloaded drawable resource #0x1080071 (res/drawable/spinner_dropdown_background.xml) that varies with configuration!!
W/Zygote  (   33): Preloaded drawable resource #0x1080312 (res/drawable-mdpi/text_select_handle_left.png) that varies with configuration!!
W/Zygote  (   33): Preloaded drawable resource #0x1080313 (res/drawable-mdpi/text_select_handle_middle.png) that varies with configuration!!
W/Zygote  (   33): Preloaded drawable resource #0x1080314 (res/drawable-mdpi/text_select_handle_right.png) that varies with configuration!!
W/Zygote  (   33): Preloaded drawable resource #0x1080335 (res/drawable-mdpi/title_bar_shadow.9.png) that varies with configuration!!
W/Zygote  (   33): Preloaded drawable resource #0x10801d8 (res/drawable-mdpi/indicator_code_lock_drag_direction_green_up.png) that varies with configuration!!
W/Zygote  (   33): Preloaded drawable resource #0x10801d9 (res/drawable-mdpi/indicator_code_lock_drag_direction_red_up.png) that varies with configuration!!
W/Zygote  (   33): Preloaded drawable resource #0x10801da (res/drawable-mdpi/indicator_code_lock_point_area_default.png) that varies with configuration!!
W/Zygote  (   33): Preloaded drawable resource #0x10801db (res/drawable-mdpi/indicator_code_lock_point_area_green.png) that varies with configuration!!
W/Zygote  (   33): Preloaded drawable resource #0x10801dc (res/drawable-mdpi/indicator_code_lock_point_area_red.png) that varies with configuration!!
I/Zygote  (   33): ...preloaded 51 resources in 439ms.
I/Zygote  (   33): ...preloaded 15 resources in 14ms.
D/dalvikvm(   33): GC_EXPLICIT freed 23K, 51% free 2533K/5123K, external 716K/1038K, paused 39ms
D/dalvikvm(   33): GC_EXPLICIT freed 6K, 51% free 2526K/5123K, external 716K/1038K, paused 29ms
D/dalvikvm(   33): GC_EXPLICIT freed <1K, 51% free 2526K/5123K, external 716K/1038K, paused 28ms
I/dalvikvm(   33): System server process 61 has been created
I/Zygote  (   33): Accepting command socket connections
E/BatteryService(   61): usbOnlinePath not found
E/BatteryService(   61): batteryVoltagePath not found
E/BatteryService(   61): batteryTemperaturePath not found
I/sysproc (   61): Entered system_init()
I/sysproc (   61): ServiceManager: 0x93138
I/SurfaceFlinger(   61): SurfaceFlinger is starting
I/SurfaceFlinger(   61): SurfaceFlinger's main thread ready to run. Initializing graphics H/W...
E/SurfaceFlinger(   61): Couldn't open /sys/power/wait_for_fb_sleep or /sys/power/wait_for_fb_wake
I/gralloc (   61): using (fd=26)
I/gralloc (   61): id           = 
I/gralloc (   61): xres         = 320 px
I/gralloc (   61): yres         = 480 px
I/gralloc (   61): xres_virtual = 320 px
I/gralloc (   61): yres_virtual = 960 px
I/gralloc (   61): bpp          = 16
I/gralloc (   61): r            = 11:5
I/gralloc (   61): g            =  5:6
I/gralloc (   61): b            =  0:5
I/gralloc (   61): width        = 49 mm (165.877548 dpi)
I/gralloc (   61): height       = 74 mm (164.756760 dpi)
I/gralloc (   61): refresh rate = 60.00 Hz
D/libEGL  (   61): egl.cfg not found, using default config
D/libEGL  (   61): loaded /system/lib/egl/libGLES_android.so
I/SurfaceFlinger(   61): EGL informations:
I/SurfaceFlinger(   61): # of configs : 8
I/SurfaceFlinger(   61): vendor    : Android
I/SurfaceFlinger(   61): version   : 1.4 Android META-EGL
I/SurfaceFlinger(   61): extensions: EGL_KHR_image EGL_KHR_image_base EGL_KHR_image_pixmap EGL_ANDROID_image_native_buffer EGL_ANDROID_swap_rectangle 
I/SurfaceFlinger(   61): Client API: OpenGL ES
I/SurfaceFlinger(   61): EGLSurface: 5-6-5-0, config=0x0
I/SurfaceFlinger(   61): OpenGL informations:
I/SurfaceFlinger(   61): vendor    : Android
I/SurfaceFlinger(   61): renderer  : Android PixelFlinger 1.4
I/SurfaceFlinger(   61): version   : OpenGL ES-CM 1.0
I/SurfaceFlinger(   61): extensions: GL_OES_byte_coordinates GL_OES_fixed_point GL_OES_single_precision GL_OES_read_format GL_OES_compressed_paletted_texture GL_OES_draw_texture GL_OES_matrix_get GL_OES_query_matrix GL_OES_EGL_image GL_OES_compressed_ETC1_RGB8_texture GL_ARB_texture_compression GL_ARB_texture_non_power_of_two GL_ANDROID_user_clip_plane GL_ANDROID_vertex_buffer_object GL_ANDROID_generate_mipmap 
I/SurfaceFlinger(   61): GL_MAX_TEXTURE_SIZE = 4096
I/SurfaceFlinger(   61): GL_MAX_VIEWPORT_DIMS = 4096
I/SurfaceFlinger(   61): flags = 000c0000
D/SensorService(   61): nuSensorService starting...
E/SensorService(   61): couldn't open device for module sensors (Invalid argument)
I/sysproc (   61): System server: starting Android runtime.
I/sysproc (   61): System server: starting Android services.
I/SystemServer(   61): Entered the Android system server!
