I/sysproc (   61): System server: entering thread pool.
I/SystemServer(   61): Entropy Service
I/SystemServer(   61): Power Manager
I/SystemServer(   61): Activity Manager
I/ActivityManager(   61): Memory class: 64
W/UsageStats(   61): Usage stats version changed; dropping
D/libEGL  (   73): egl.cfg not found, using default config
D/libEGL  (   73): loaded /system/lib/egl/libGLES_android.so
I/SystemServer(   61): Telephony Registry
W/zipro   (   73): Unable to open zip '/data/local/bootanimation.zip': No such file or directory
W/zipro   (   73): Unable to open zip '/system/media/bootanimation.zip': No such file or directory
I/SystemServer(   61): Package Manager
I/Installer(   61): connecting...
I/installd(   35): new connection
I/ARMAssembler(   61): generated scanline__00000077:03010104_00000004_00000000 [ 22 ipp] (41 ins) at [0x46efd1e8:0x46efd28c] in 3130412 ns
I/ARMAssembler(   73): generated scanline__00000077:03545404_00000A01_00000000 [ 30 ipp] (51 ins) at [0x403461e8:0x403462b4] in 1503624 ns
D/dalvikvm(   61): GC_CONCURRENT freed 166K, 50% free 2826K/5639K, external 716K/1038K, paused 3ms+4ms
W/PackageManager(   61): Running ENG build: no pre-dexopt!
D/dalvikvm(   61): GC_CONCURRENT freed 247K, 49% free 3043K/5895K, external 716K/1038K, paused 2ms+4ms
D/dalvikvm(   61): GC_CONCURRENT freed 239K, 47% free 3304K/6215K, external 716K/1038K, paused 3ms+5ms
D/PackageManager(   61): No files in app dir /vendor/app
I/PackageManager(   61): Unpacking native libraries for /data/app/com.nofatclips.crawler-1.apk
D/szipinf (   61): Initializing inflate state
I/PackageManager(   61): Unpacking native libraries for /data/app/org.wordpress.android-1.apk
I/PackageManager(   61): Unpacking native libraries for /data/app/GestureBuilder.apk
I/PackageManager(   61): Unpacking native libraries for /data/app/SoftKeyboard.apk
I/PackageManager(   61): Unpacking native libraries for /data/app/CubeLiveWallpapers.apk
D/szipinf (   61): Initializing inflate state
W/PackageParser(   61): No actions in intent filter at /data/app/ApiDemos.apk Binary XML file line #1882
W/PackageParser(   61): No actions in intent filter at /data/app/ApiDemos.apk Binary XML file line #1888
W/PackageManager(   61): Package com.example.android.apis desires unavailable shared library com.example.will.never.exist; ignoring!
I/PackageManager(   61): Unpacking native libraries for /data/app/ApiDemos.apk
D/dalvikvm(   61): GC_CONCURRENT freed 256K, 45% free 3603K/6471K, external 716K/1038K, paused 3ms+6ms
I/PackageManager(   61): Time to scan packages: 1.21 seconds
W/PackageManager(   61): Unknown permission com.google.android.googleapps.permission.GOOGLE_AUTH.mail in package com.android.contacts
W/PackageManager(   61): Unknown permission android.permission.ADD_SYSTEM_SERVICE in package com.android.phone
W/PackageManager(   61): Not granting permission android.permission.SEND_DOWNLOAD_COMPLETED_INTENTS to package com.android.browser (protectionLevel=2 flags=0x9be45)
W/PackageManager(   61): Unknown permission com.google.android.gm.permission.WRITE_GMAIL in package com.android.settings
W/PackageManager(   61): Unknown permission com.google.android.gm.permission.READ_GMAIL in package com.android.settings
W/PackageManager(   61): Unknown permission com.google.android.googleapps.permission.GOOGLE_AUTH in package com.android.settings
W/PackageManager(   61): Unknown permission com.google.android.googleapps.permission.GOOGLE_AUTH in package com.android.providers.contacts
W/PackageManager(   61): Unknown permission com.google.android.googleapps.permission.GOOGLE_AUTH.cp in package com.android.providers.contacts
W/PackageManager(   61): Unknown permission com.google.android.googleapps.permission.ACCESS_GOOGLE_PASSWORD in package com.android.development
W/PackageManager(   61): Unknown permission com.google.android.googleapps.permission.GOOGLE_AUTH in package com.android.development
W/PackageManager(   61): Unknown permission com.google.android.googleapps.permission.GOOGLE_AUTH.ALL_SERVICES in package com.android.development
W/PackageManager(   61): Unknown permission com.google.android.googleapps.permission.GOOGLE_AUTH.YouTubeUser in package com.android.development
W/PackageManager(   61): Unknown permission android.permission.READ_OWNER_DATA in package com.android.email
W/PackageManager(   61): Not granting permission android.permission.DEVICE_POWER to package com.android.deskclock (protectionLevel=2 flags=0x8be45)
D/dalvikvm(   61): GC_EXPLICIT freed 309K, 46% free 3570K/6599K, external 716K/1038K, paused 45ms
I/SystemServer(   61): Account Manager
I/SystemServer(   61): Content Manager
I/SystemServer(   61): System Content Providers
I/ActivityThread(   61): Pub settings: com.android.providers.settings.SettingsProvider
I/SystemServer(   61): Battery Service
I/SystemServer(   61): Lights Service
I/SystemServer(   61): Vibrator Service
D/qemud   (   38): fdhandler_accept_event: accepting on fd 9
D/qemud   (   38): created client 0x13ee8 listening on fd 11
D/qemud   (   38): client_fd_receive: attempting registration for service 'hw-control'
D/qemud   (   38): client_fd_receive:    -> received channel id 3
D/SettingsProvider(   61): cache for settings table 'secure' rows=27; fullycached=true
D/qemud   (   38): client_registration: registration succeeded for client 3
D/SettingsProvider(   61): cache for settings table 'system' rows=46; fullycached=true
I/SystemServer(   61): Alarm Manager
I/SystemServer(   61): Init Watchdog
I/SystemServer(   61): Window Manager
I/InputManager(   61): Initializing input manager
I/InputManager(   61): Starting input manager
I/SystemServer(   61): Registering null Bluetooth Service (emulator)
E/System  (   61): Failure starting core service
E/System  (   61): java.lang.SecurityException
E/System  (   61): 	at android.os.BinderProxy.transact(Native Method)
E/System  (   61): 	at android.os.ServiceManagerProxy.addService(ServiceManagerNative.java:146)
E/System  (   61): 	at android.os.ServiceManager.addService(ServiceManager.java:72)
E/System  (   61): 	at com.android.server.ServerThread.run(SystemServer.java:206)
I/SystemServer(   61): Device Policy
I/SystemServer(   61): Status Bar
I/SystemServer(   61): Clipboard Service
I/SystemServer(   61): Input Method Service
I/EventHub(   61): New keyboard: device->id=0x10000 devname='qwerty2' propName='hw.keyboards.65536.devname' keylayout='/system/usr/keylayout/qwerty.kl'
I/EventHub(   61): New device: path=/dev/input/event0 name=qwerty2 id=0x10000 (of 0x1) index=1 fd=85 classes=0x87
E/EventHub(   61): could not get driver version for /dev/input/mouse0, Not a typewriter
E/EventHub(   61): could not get driver version for /dev/input/mice, Not a typewriter
I/InputManager-Callbacks(   61): No input device calibration properties found for device qwerty2.
I/InputReader(   61): Device added: id=0x0, name=qwerty2, sources=00001103
I/InputManagerService(   61): Enabled input methods: jp.co.omronsoft.openwnn/.OpenWnnJAJP:com.android.inputmethod.latin/.LatinIME:com.android.inputmethod.pinyin/.PinyinIME:com.example.android.softkeyboard/.SoftKeyboard
I/SystemServer(   61): NetStat Service
I/SystemServer(   61): NetworkManagement Service
I/SystemServer(   61): Connectivity Service
I/WifiService(   61): WifiService starting up with Wi-Fi disabled
D/NetworkManagmentService(   61): Registering observer
I/SystemServer(   61): Throttle Service
I/SystemServer(   61): Accessibility Manager
I/SystemServer(   61): Mount Service
I/SystemServer(   61): Notification Manager
I/SystemServer(   61): Device Storage Monitor
I/SystemServer(   61): Location Manager
I/SystemServer(   61): Search Service
I/SystemServer(   61): DropBox Service
I/SystemServer(   61): Wallpaper Service
I/SystemServer(   61): Audio Service
D/VoldCmdListener(   29): volume list
I/PackageManager(   61): Updating external media status from unmounted to unmounted
D/VoldCmdListener(   29): share status ums
D/AudioHardwareInterface(   34): setMode(NORMAL)
W/AudioPolicyManagerBase(   34): setPhoneState() setting same state 0
E/SoundPool(   61): error loading /system/media/audio/ui/Effect_Tick.ogg
W/AudioService(   61): Soundpool could not load file: /system/media/audio/ui/Effect_Tick.ogg
E/SoundPool(   61): error loading /system/media/audio/ui/KeypressStandard.ogg
W/AudioService(   61): Soundpool could not load file: /system/media/audio/ui/KeypressStandard.ogg
E/SoundPool(   61): error loading /system/media/audio/ui/KeypressSpacebar.ogg
W/AudioService(   61): Soundpool could not load file: /system/media/audio/ui/KeypressSpacebar.ogg
E/SoundPool(   61): error loading /system/media/audio/ui/KeypressDelete.ogg
W/AudioService(   61): Soundpool could not load file: /system/media/audio/ui/KeypressDelete.ogg
E/SoundPool(   61): error loading /system/media/audio/ui/KeypressReturn.ogg
W/AudioService(   61): Soundpool could not load file: /system/media/audio/ui/KeypressReturn.ogg
I/SystemServer(   61): Headset Observer
W/HeadsetObserver(   61): This kernel does not have wired headset support
I/SystemServer(   61): Dock Observer
W/DockObserver(   61): This kernel does not have dock station support
I/SystemServer(   61): USB Observer
W/UsbObserver(   61): This kernel does not have USB configuration switch support
E/UsbObserver(   61): 
E/UsbObserver(   61): java.lang.NullPointerException
E/UsbObserver(   61): 	at com.android.server.UsbObserver.init(UsbObserver.java:131)
E/UsbObserver(   61): 	at com.android.server.UsbObserver.<init>(UsbObserver.java:65)
E/UsbObserver(   61): 	at com.android.server.ServerThread.run(SystemServer.java:402)
I/SystemServer(   61): UI Mode Manager Service
D/dalvikvm(   61): GC_CONCURRENT freed 272K, 44% free 3815K/6727K, external 716K/1038K, paused 3ms+7ms
I/SystemServer(   61): Backup Service
V/BackupManagerService(   61): No ancestral data
I/BackupManagerService(   61): Found stale backup journal, scheduling
I/BackupManagerService(   61):   com.android.inputmethod.latin
I/BackupManagerService(   61):   com.android.browser
I/BackupManagerService(   61):   com.android.providers.userdictionary
I/BackupManagerService(   61):   android
I/BackupManagerService(   61):   com.android.providers.settings
I/BackupManagerService(   61): Backup enabled => true
I/SystemServer(   61): AppWidget Service
I/SystemServer(   61): Recognition Service
I/SystemServer(   61): DiskStats Service
I/WindowManager(   61): SAFE MODE not enabled
D/dalvikvm(   61): JIT started for system_server
D/PowerManagerService(   61): system ready!
I/ActivityManager(   61): System now ready
I/SystemServer(   61): Making services ready
I/StatusBarManagerService(   61): Starting service: ComponentInfo{com.android.systemui/com.android.systemui.statusbar.StatusBarService}
I/Zygote  (   61): Process: zygote socket opened
I/ActivityManager(   61): Start proc com.android.systemui for service com.android.systemui/.statusbar.StatusBarService: pid=107 uid=1000 gids={3002, 3001, 3003}
I/ActivityManager(   61): Config changed: { scale=1.0 imsi=0/0 loc=en_US touch=0 keys=0/0/0 nav=0/0 orien=0 layout=0 uiMode=17 seq=2}
I/ActivityManager(   61): Config changed: { scale=1.0 imsi=0/0 loc=en_US touch=3 keys=2/1/2 nav=1/1 orien=1 layout=18 uiMode=17 seq=3}
W/RecognitionManagerService(   61): no available voice recognition services found
I/ActivityManager(   61): Start proc jp.co.omronsoft.openwnn for service jp.co.omronsoft.openwnn/.OpenWnnJAJP: pid=115 uid=10004 gids={}
W/GpsLocationProvider(   61): Could not open GPS configuration file /etc/gps.conf
D/NetworkManagmentService(   61): Registering observer
E/ThrottleService(   61): Could not open GPS configuration file /etc/gps.conf
I/ActivityManager(   61): Start proc com.android.phone for added application com.android.phone: pid=124 uid=1001 gids={3002, 3001, 3003, 1015}
I/ActivityManager(   61): Start proc com.android.systemui for added application com.android.systemui: pid=125 uid=1000 gids={3002, 3001, 3003}
I/ActivityManager(   61): Starting: Intent { act=android.intent.action.MAIN cat=[android.intent.category.HOME] flg=0x10000000 cmp=com.android.launcher/com.android.launcher2.Launcher } from pid 0
I/ActivityManager(   61): Start proc com.android.launcher for activity com.android.launcher/com.android.launcher2.Launcher: pid=133 uid=10013 gids={}
W/ActivityManager(   61): Unable to start service Intent { act=@0 }: not found
W/ActivityManager(   61): Unable to start service Intent { act=@0 }: not found
W/ActivityManager(   61): No pending application record for pid 107 (IApplicationThread android.app.ApplicationThreadProxy@406825c8); dropping process
I/Process (   61): Sending signal. PID: 107 SIG: 9
I/ActivityManager(   61): Start proc com.android.settings for broadcast com.android.settings/.widget.SettingsAppWidgetProvider: pid=140 uid=1000 gids={3002, 3001, 3003}
I/SystemServer(   61): Enabled StrictMode for system server main thread.
D/qemud   (   38): fdhandler_accept_event: accepting on fd 9
D/qemud   (   38): created client 0x13f38 listening on fd 12
D/qemud   (   38): client_fd_receive: attempting registration for service 'gps'
D/qemud   (   38): client_fd_receive:    -> received channel id 4
D/dalvikvm(   61): GC_EXTERNAL_ALLOC freed 167K, 42% free 3920K/6727K, external 1035K/1038K, paused 48ms
D/qemud   (   38): client_registration: registration succeeded for client 4
E/logwrapper(  162): executing /system/bin/tc failed: No such file or directory
I/logwrapper(   30): /system/bin/tc terminated by exit(1)
E/logwrapper(  163): executing /system/bin/tc failed: No such file or directory
I/logwrapper(   30): /system/bin/tc terminated by exit(1)
E/logwrapper(  165): executing /system/bin/tc failed: No such file or directory
I/logwrapper(   30): /system/bin/tc terminated by exit(1)
D/dalvikvm(  124): GC_CONCURRENT freed 403K, 54% free 2641K/5639K, external 716K/1038K, paused 2ms+42ms
D/dalvikvm(  115): GC_CONCURRENT freed 395K, 54% free 2650K/5639K, external 716K/1038K, paused 3ms+38ms
D/dalvikvm(  133): GC_CONCURRENT freed 405K, 54% free 2639K/5639K, external 716K/1038K, paused 3ms+34ms
D/dalvikvm(  125): GC_CONCURRENT freed 405K, 54% free 2639K/5639K, external 716K/1038K, paused 3ms+71ms
D/dalvikvm(  140): GC_CONCURRENT freed 406K, 54% free 2638K/5639K, external 716K/1038K, paused 2ms+45ms
D/dalvikvm(   61): GC_EXTERNAL_ALLOC freed 206K, 42% free 3949K/6791K, external 1558K/1567K, paused 163ms
I/ActivityThread(  133): Pub com.android.launcher2.settings: com.android.launcher2.LauncherProvider
D/dalvikvm(   61): GREF has increased to 201
I/ActivityThread(  124): Pub mms: com.android.providers.telephony.MmsProvider
I/ActivityThread(  124): Pub sms: com.android.providers.telephony.SmsProvider
D/dalvikvm(  115): No JNI_OnLoad found in /system/lib/libwnndict.so 0x40512cf0, skipping init
I/ActivityThread(  124): Pub telephony: com.android.providers.telephony.TelephonyProvider
I/ActivityThread(  124): Pub icc: com.android.phone.IccProvider
I/ActivityThread(  124): Pub mms-sms: com.android.providers.telephony.MmsSmsProvider
I/StatusBarManagerService(   61): registerStatusBar bar=com.android.internal.statusbar.IStatusBar$Stub$Proxy@40610240
D/dalvikvm(  115): GC_CONCURRENT freed 212K, 50% free 2912K/5767K, external 716K/1038K, paused 2ms+52ms
D/VoldCmdListener(   29): share status ums
D/StorageNotification(  125): Startup with UMS connection false (media state unmounted)
D/dalvikvm(   61): GC_EXTERNAL_ALLOC freed 194K, 42% free 4030K/6855K, external 1474K/1745K, paused 115ms
I/StorageNotification(  125): UMS connection changed to false (media state unmounted)
D/dalvikvm(  115): GC_CONCURRENT freed 434K, 50% free 3047K/6087K, external 716K/1038K, paused 3ms+46ms
D/CallManager(  124): registerPhone(GSM Handler{4055eb48})
I/ActivityManager(   61): Start proc android.process.acore for content provider com.android.providers.contacts/.CallLogProvider: pid=180 uid=10006 gids={3003, 1015}
W/ActivityManager(   61): Unable to start service Intent { act=com.android.ussd.IExtendedNetworkService }: not found
D/AlarmManagerService(   61): Kernel timezone updated to 0 minutes west of GMT
I/ActivityManager(   61): Start proc com.android.deskclock for broadcast com.android.deskclock/.AlarmInitReceiver: pid=186 uid=10019 gids={}
W/SystemClock(  124): Unable to set rtc to 1406303773: Invalid argument
I/TelephonyRegistry(   61): notifyDataConnection: state=0 isDataConnectivityPossible=false reason=radioTurnedOff interfaceName=null networkType=0
I/TelephonyRegistry(   61): notifyDataConnection: state=0 isDataConnectivityPossible=false reason=gprsDetached interfaceName=null networkType=0
D/SystemClock(  124): Setting time of day to sec=1406303773
D/dalvikvm(  133): GC_EXTERNAL_ALLOC freed 51K, 53% free 2701K/5639K, external 1032K/1038K, paused 353ms
I/TelephonyRegistry(   61): notifyServiceState: 0 home Android Android 310260  UMTS CSS not supported 0 0RoamInd: 0DefRoamInd: 0EmergOnly: false
I/TelephonyRegistry(   61): notifyDataConnection: state=0 isDataConnectivityPossible=false reason=null interfaceName=null networkType=3
I/ActivityThread(  180): Pub com.android.social: com.android.providers.contacts.SocialProvider
D/dalvikvm(  124): GC_CONCURRENT freed 176K, 49% free 2920K/5703K, external 716K/1038K, paused 3ms+31ms
I/ActivityThread(  180): Pub applications: com.android.providers.applications.ApplicationsProvider
D/MccTable(  124): updateMccMncConfiguration: mcc=310, mnc=260
D/MccTable(  124): locale set to en_us
D/MccTable(  124): WIFI_NUM_ALLOWED_CHANNELS set to 11
I/WifiService(   61): WifiService trying to setNumAllowed to 11 with persist set to true
I/ActivityManager(   61): Config changed: { scale=1.0 imsi=310/260 loc=en_US touch=3 keys=2/1/2 nav=1/1 orien=1 layout=18 uiMode=17 seq=4}
I/TelephonyRegistry(   61): notifyMessageWaitingChanged: false
I/TelephonyRegistry(   61): notifyCallForwardingChanged: false
D/dalvikvm(  180): GC_CONCURRENT freed 406K, 54% free 2613K/5639K, external 716K/1038K, paused 3ms+136ms
D/dalvikvm(   61): GC_CONCURRENT freed 250K, 41% free 4124K/6983K, external 1865K/3065K, paused 3ms+41ms
I/ActivityThread(  186): Pub com.android.deskclock: com.android.deskclock.AlarmProvider
D/dalvikvm(  186): GC_CONCURRENT freed 366K, 53% free 2622K/5575K, external 716K/1038K, paused 3ms+3ms
I/ActivityThread(  180): Pub contacts;com.android.contacts: com.android.providers.contacts.ContactsProvider2
I/ActivityManager(   61): Start proc com.android.protips for broadcast com.android.protips/.ProtipWidget: pid=205 uid=10024 gids={}
D/dalvikvm(  133): GC_EXTERNAL_ALLOC freed 56K, 51% free 2764K/5639K, external 1567K/1572K, paused 240ms
D/dalvikvm(   33): GC_EXPLICIT freed 10K, 53% free 2538K/5379K, external 716K/1038K, paused 174ms
D/TelephonyProvider(  124): Setting numeric '310260' to be the current operator
I/TelephonyRegistry(   61): notifyDataConnection: state=1 isDataConnectivityPossible=true reason=simLoaded interfaceName=null networkType=3
I/TelephonyRegistry(   61): notifyDataConnection: state=2 isDataConnectivityPossible=true reason=simLoaded interfaceName=/dev/omap_csmi_tty1 networkType=3
D/Tethering(   61): MasterInitialState.processMessage what=3
D/dalvikvm(   33): GC_EXPLICIT freed <1K, 53% free 2538K/5379K, external 716K/1038K, paused 494ms
D/SntpClient(   61): request time failed: java.net.SocketException: Address family not supported by protocol
D/dalvikvm(  124): GC_CONCURRENT freed 424K, 52% free 2930K/6023K, external 716K/1038K, paused 4ms+19ms
D/dalvikvm(   33): GC_EXPLICIT freed <1K, 53% free 2538K/5379K, external 716K/1038K, paused 231ms
I/ActivityManager(   61): Start proc com.android.music for broadcast com.android.music/.MediaAppWidgetProvider: pid=222 uid=10005 gids={3003, 1015}
I/ActivityThread(  180): Pub call_log: com.android.providers.contacts.CallLogProvider
D/dalvikvm(  133): GC_EXTERNAL_ALLOC freed 46K, 51% free 2792K/5639K, external 2079K/2085K, paused 223ms
I/ActivityThread(  180): Pub user_dictionary: com.android.providers.userdictionary.UserDictionaryProvider
D/dalvikvm(  133): GC_EXPLICIT freed 26K, 51% free 2806K/5639K, external 2387K/2620K, paused 156ms
D/dalvikvm(   61): GREF has increased to 301
I/ActivityManager(   61): Start proc com.android.quicksearchbox for broadcast com.android.quicksearchbox/.SearchWidgetProvider: pid=231 uid=10002 gids={3003}
D/AndroidRuntime(  221): 
D/AndroidRuntime(  221): >>>>>> AndroidRuntime START com.android.internal.os.RuntimeInit <<<<<<
D/AndroidRuntime(  221): CheckJNI is ON
I/ActivityThread(  231): Pub com.android.quicksearchbox.google: com.android.quicksearchbox.google.GoogleSuggestionProvider
I/ActivityThread(  231): Pub com.android.quicksearchbox.shortcuts: com.android.quicksearchbox.ShortcutsProvider
I/ActivityManager(   61): Start proc android.process.media for broadcast com.android.providers.downloads/.DownloadReceiver: pid=244 uid=10000 gids={1015, 1006, 2001, 3003}
I/ActivityThread(  244): Pub media: com.android.providers.media.MediaProvider
V/MediaProvider(  244): Attached volume: internal
I/ActivityThread(  244): Pub downloads: com.android.providers.downloads.DownloadProvider
I/ActivityThread(  244): Pub drm: com.android.providers.drm.DrmProvider
D/AndroidRuntime(  221): Calling main entry com.android.commands.am.Am
I/ActivityManager(   61): Force stopping package org.wordpress.android uid=10034
I/ActivityManager(   61): Start proc org.wordpress.android for added application org.wordpress.android: pid=256 uid=10034 gids={3003, 1006, 1015}
D/szipinf (  256): Initializing inflate state
D/nofatclips(  256): Updating node 
D/nofatclips(  256): Loading node 
I/nofatclips(  256): Preferences file found.
V/nofatclips(  256): Updating value ACTIVITY_DESCRIPTION_IN_SESSION
V/nofatclips(  256): Updating value ADDITIONAL_CRITERIAS
V/nofatclips(  256): Updating value ADDITIONAL_EVENTS
V/nofatclips(  256): Updating value ADDITIONAL_INPUTS
V/nofatclips(  256): Updating value CLASS_NAME
D/nofatclips(  256): Updated value of parameter CLASS_NAME to org.wordpress.android.Dashboard (default = app.package.class)
V/nofatclips(  256): Updating value ENABLE_RESUME
V/nofatclips(  256): Updating value PACKAGE_NAME
D/nofatclips(  256): Updated value of parameter PACKAGE_NAME to org.wordpress.android (default = app.package)
V/nofatclips(  256): Updating value RANDOM_SEED
D/nofatclips(  256): Updated value of parameter RANDOM_SEED to -5425332338573617055 (default = 5466516511651561651)
V/nofatclips(  256): Updating value RETRY_FAILED_TRACES
V/nofatclips(  256): Updating value theClass
D/dalvikvm(  133): GC_EXTERNAL_ALLOC freed 139K, 49% free 2986K/5767K, external 2618K/2620K, paused 100ms
D/nofatclips(  256): Updating node scheduler
D/nofatclips(  256): Loading node scheduler
V/nofatclips(  256): Updating value ALL_EVENTS_ON_PREFERENCES
V/nofatclips(  256): Updating value BACK_BUTTON_EVENT
V/nofatclips(  256): Updating value DICTIONARY_FIXED_VALUE
V/nofatclips(  256): Updating value DICTIONARY_IGNORE_CONTENT_TYPES
V/nofatclips(  256): Updating value EMULATOR_PORT
V/nofatclips(  256): Updating value EVENTS
D/nofatclips(  256): Updated values of array parameter EVENTS
V/nofatclips(  256): Updating value EVENT_WHEN_NO_ID
V/nofatclips(  256): Updating value EXCLUDE_WIDGETS_INPUTS_IN_GPS_EVENTS
V/nofatclips(  256): Updating value EXCLUDE_WIDGETS_INPUTS_IN_SENSORS_EVENTS
V/nofatclips(  256): Updating value INPUTS
I/SurfaceFlinger(   61): Boot is finished (11613 ms)
D/OtaStartupReceiver(  124): Not a CDMA phone, no need to process OTA
D/PowerManagerService(   61): bootCompleted
I/ARMAssembler(   61): generated scanline__00000177:03010104_00000002_00000000 [ 44 ipp] (66 ins) at [0x46efd290:0x46efd398] in 584600 ns
I/ARMAssembler(   61): generated scanline__00000177:03515104_00000001_00000000 [ 73 ipp] (95 ins) at [0x46efd3a0:0x46efd51c] in 492227 ns
D/nofatclips(  256): Updated values of array parameter INPUTS
V/nofatclips(  256): Updating value KEY_EVENTS
V/nofatclips(  256): Updating value MAX_EVENTS_PER_WIDGET
V/nofatclips(  256): Updating value MAX_TASKS_IN_SCHEDULER
D/nofatclips(  256): Updated value of parameter MAX_TASKS_IN_SCHEDULER to 2 (default = 0)
V/nofatclips(  256): Updating value MAX_TASKS_PER_EVENT
V/nofatclips(  256): Updating value MENU_EVENTS
V/nofatclips(  256): Updating value ORIENTATION_EVENTS
D/VoldCmdListener(   29): volume mount /mnt/sdcard
I/Vold    (   29): /dev/block/vold/179:0 being considered for volume sdcard
D/Vold    (   29): Volume sdcard state changing 1 (Idle-Unmounted) -> 3 (Checking)
I/StorageNotification(  125): Media {/mnt/sdcard} state changed from {unmounted} -> {checking}
V/nofatclips(  256): Updating value PLANNER
V/nofatclips(  256): Updating value REFLECT_ACTIVITY_LISTENERS
V/nofatclips(  256): Updating value REFLECT_WIDGETS
V/nofatclips(  256): Updating value SCHEDULER_ALGORITHM
D/nofatclips(  256): Updated value of parameter SCHEDULER_ALGORITHM to DEPTH_FIRST (default = BREADTH_FIRST)
V/nofatclips(  256): Updating value SCROLL_DOWN_EVENT
V/nofatclips(  256): Updating value SENSOR_TYPES
V/nofatclips(  256): Updating value SIMULATE_INCOMING_CALL
V/nofatclips(  256): Updating value SIMULATE_INCOMING_SMS
V/nofatclips(  256): Updating value TAB_EVENTS_START_ONLY
V/nofatclips(  256): Updating value TEST_LOCATION_PROVIDER
V/nofatclips(  256): Updating value TEXT_VALUES_FROM_DICTIONARY
V/nofatclips(  256): Updating value TEXT_VALUES_ID_HASH
V/nofatclips(  256): Updating value USE_GPS
V/nofatclips(  256): Updating value USE_SENSORS
D/nofatclips(  256): Updating node planner
D/nofatclips(  256): Loading node planner
V/nofatclips(  256): Updating value ALL_EVENTS_ON_PREFERENCES
V/nofatclips(  256): Updating value BACK_BUTTON_EVENT
V/nofatclips(  256): Updating value DICTIONARY_FIXED_VALUE
V/nofatclips(  256): Updating value DICTIONARY_IGNORE_CONTENT_TYPES
V/nofatclips(  256): Updating value EMULATOR_PORT
V/nofatclips(  256): Updating value EVENTS
D/nofatclips(  256): Updated values of array parameter EVENTS
V/nofatclips(  256): Updating value EVENT_WHEN_NO_ID
V/nofatclips(  256): Updating value EXCLUDE_WIDGETS_INPUTS_IN_GPS_EVENTS
V/nofatclips(  256): Updating value EXCLUDE_WIDGETS_INPUTS_IN_SENSORS_EVENTS
V/nofatclips(  256): Updating value INPUTS
D/nofatclips(  256): Updated values of array parameter INPUTS
V/nofatclips(  256): Updating value KEY_EVENTS
V/nofatclips(  256): Updating value MAX_EVENTS_PER_WIDGET
V/nofatclips(  256): Updating value MAX_TASKS_IN_SCHEDULER
V/nofatclips(  256): Updating value MAX_TASKS_PER_EVENT
V/nofatclips(  256): Updating value MENU_EVENTS
V/nofatclips(  256): Updating value ORIENTATION_EVENTS
I/RecoverySystem(   61): No recovery log file
V/nofatclips(  256): Updating value PLANNER
V/nofatclips(  256): Updating value REFLECT_ACTIVITY_LISTENERS
V/nofatclips(  256): Updating value REFLECT_WIDGETS
V/nofatclips(  256): Updating value SCHEDULER_ALGORITHM
V/nofatclips(  256): Updating value SCROLL_DOWN_EVENT
V/nofatclips(  256): Updating value SENSOR_TYPES
V/nofatclips(  256): Updating value SIMULATE_INCOMING_CALL
V/nofatclips(  256): Updating value SIMULATE_INCOMING_SMS
V/nofatclips(  256): Updating value TAB_EVENTS_START_ONLY
V/nofatclips(  256): Updating value TEST_LOCATION_PROVIDER
V/nofatclips(  256): Updating value TEXT_VALUES_FROM_DICTIONARY
V/nofatclips(  256): Updating value TEXT_VALUES_ID_HASH
D/nofatclips(  256): Updated value of parameter TEXT_VALUES_ID_HASH to true (default = false)
V/nofatclips(  256): Updating value USE_GPS
V/nofatclips(  256): Updating value USE_SENSORS
D/nofatclips(  256): Updating node interactions
D/nofatclips(  256): Loading node interactions
V/nofatclips(  256): Updating value ALL_EVENTS_ON_PREFERENCES
V/nofatclips(  256): Updating value BACK_BUTTON_EVENT
V/nofatclips(  256): Updating value DICTIONARY_FIXED_VALUE
V/nofatclips(  256): Updating value DICTIONARY_IGNORE_CONTENT_TYPES
V/nofatclips(  256): Updating value EMULATOR_PORT
V/nofatclips(  256): Updating value EVENTS
D/nofatclips(  256): Updated values of array parameter EVENTS
V/nofatclips(  256): Updating value EVENT_WHEN_NO_ID
V/nofatclips(  256): Updating value EXCLUDE_WIDGETS_INPUTS_IN_GPS_EVENTS
V/nofatclips(  256): Updating value EXCLUDE_WIDGETS_INPUTS_IN_SENSORS_EVENTS
V/nofatclips(  256): Updating value INPUTS
D/nofatclips(  256): Updated values of array parameter INPUTS
V/nofatclips(  256): Updating value KEY_EVENTS
V/nofatclips(  256): Updating value MAX_EVENTS_PER_WIDGET
V/nofatclips(  256): Updating value MAX_TASKS_IN_SCHEDULER
V/nofatclips(  256): Updating value MAX_TASKS_PER_EVENT
V/nofatclips(  256): Updating value MENU_EVENTS
V/nofatclips(  256): Updating value ORIENTATION_EVENTS
V/nofatclips(  256): Updating value PLANNER
V/nofatclips(  256): Updating value REFLECT_ACTIVITY_LISTENERS
V/nofatclips(  256): Updating value REFLECT_WIDGETS
V/nofatclips(  256): Updating value SCHEDULER_ALGORITHM
V/nofatclips(  256): Updating value SCROLL_DOWN_EVENT
V/nofatclips(  256): Updating value SENSOR_TYPES
V/nofatclips(  256): Updating value SIMULATE_INCOMING_CALL
V/nofatclips(  256): Updating value SIMULATE_INCOMING_SMS
I/ActivityManager(   61): Start proc com.android.mms for broadcast com.android.mms/.transaction.MmsSystemEventReceiver: pid=271 uid=10015 gids={3003, 1015}
V/nofatclips(  256): Updating value TAB_EVENTS_START_ONLY
V/nofatclips(  256): Updating value TEST_LOCATION_PROVIDER
V/nofatclips(  256): Updating value TEXT_VALUES_FROM_DICTIONARY
V/nofatclips(  256): Updating value TEXT_VALUES_ID_HASH
V/nofatclips(  256): Updating value USE_GPS
V/nofatclips(  256): Updating value USE_SENSORS
D/nofatclips(  256): Updating node comparator
D/nofatclips(  256): Loading node comparator
V/nofatclips(  256): Updating value COMPARATOR
V/nofatclips(  256): Updating value COMPARATOR_TYPE
V/nofatclips(  256): Updating value COMPARE_ACTIVITY_NAME
V/nofatclips(  256): Updating value COMPARE_LIST_COUNT
V/nofatclips(  256): Updating value COMPARE_MENU_COUNT
D/nofatclips(  256): Updated value of parameter COMPARE_MENU_COUNT to false (default = true)
V/nofatclips(  256): Updating value COMPARE_STATE_TITLE
V/nofatclips(  256): Updating value COMPARE_VALUES
V/nofatclips(  256): Updating value WIDGET_TYPES
D/nofatclips(  256): Updating node strategy
D/nofatclips(  256): Loading node strategy
V/nofatclips(  256): Updating value AFTER_EVENT_DONT_EXPLORE
V/nofatclips(  256): Updating value AFTER_WIDGET_DONT_EXPLORE
V/nofatclips(  256): Updating value CHECK_FOR_TRANSITION
V/nofatclips(  256): Updating value EXPLORE_ONLY_NEW_STATES
D/nofatclips(  256): Updated value of parameter EXPLORE_ONLY_NEW_STATES to false (default = true)
V/nofatclips(  256): Updating value MAX_NUM_TRACES
D/nofatclips(  256): Updated value of parameter MAX_NUM_TRACES to 50 (default = 0)
V/nofatclips(  256): Updating value MAX_TIME_CRAWLING
V/nofatclips(  256): Updating value PAUSE_AFTER_TIME
V/nofatclips(  256): Updating value PAUSE_AFTER_TRACES
V/nofatclips(  256): Updating value TRACE_MAX_DEPTH
V/nofatclips(  256): Updating value TRACE_MIN_DEPTH
D/nofatclips(  256): Starting random testing
I/TestRunner(  256): started: testAndCrawl(com.nofatclips.crawler.guitree.NomadEngine)
I/ActivityManager(   61): Starting: Intent { act=android.intent.action.MAIN flg=0x10000000 cmp=org.wordpress.android/.Dashboard } from pid 256
D/szipinf (   61): Initializing inflate state
D/dalvikvm(   61): GC_CONCURRENT freed 802K, 46% free 4172K/7623K, external 1865K/3065K, paused 4ms+67ms
D/dalvikvm(  256): GC_EXTERNAL_ALLOC freed 401K, 53% free 2737K/5767K, external 716K/1038K, paused 123ms
I/ActivityThread(  271): Pub com.android.mms.SuggestionsProvider: com.android.mms.SuggestionsProvider
I/InputReader(   61): Device reconfigured: id=0x0, name=qwerty2, display size is now 320x480
D/dalvikvm(   61): GC_EXPLICIT freed 35K, 46% free 4144K/7623K, external 1865K/3065K, paused 131ms
I/InputManager-Callbacks(   61): No virtual keys found for device qwerty2.
I/ARMAssembler(   61): generated scanline__00000177:03515104_00001001_00000000 [ 91 ipp] (114 ins) at [0x46efd520:0x46efd6e8] in 515320 ns
I/ARMAssembler(   61): generated scanline__00000177:03515104_00001002_00000000 [ 87 ipp] (110 ins) at [0x46efd6f0:0x46efd8a8] in 281395 ns
I/ActivityManager(   61): Displayed com.android.launcher/com.android.launcher2.Launcher: +10s724ms
I/ActivityManager(   61): Start proc com.android.email for broadcast com.android.email/.service.EmailBroadcastReceiver: pid=292 uid=10028 gids={3003, 1015}
I/ActivityThread(  292): Pub com.android.email.provider: com.android.email.provider.EmailProvider
I/ActivityThread(  292): Pub com.android.email.attachmentprovider: com.android.email.provider.AttachmentProvider
I/ActivityThread(  292): Pub com.android.exchange.provider: com.android.exchange.provider.ExchangeProvider
D/EAS SyncManager(  292): !!! EAS SyncManager, onCreate
D/dalvikvm(  256): GC_EXTERNAL_ALLOC freed 115K, 49% free 2946K/5767K, external 1407K/1623K, paused 36ms
I/ActivityManager(   61): Displayed org.wordpress.android/.Dashboard: +2s292ms
I/SearchManagerService(   61): Building list of searchable activities
I//system/bin/fsck_msdos(   29): ** /dev/block/vold/179:0
I//system/bin/fsck_msdos(   29): ** Phase 1 - Read and Compare FATs
I//system/bin/fsck_msdos(   29): Attempting to allocate 998 KB for FAT
D/Eas Debug(  292): Logging: 
D/MediaScannerService(  244): start scanning volume internal
D/dalvikvm(  271): GC_CONCURRENT freed 492K, 54% free 2725K/5831K, external 716K/1038K, paused 3ms+3ms
D/nofatclips(  256): Generated Resuming Persistence
I/dalvikvm(  256): Could not find method android.app.Activity.getFragmentManager, referenced from method com.jayway.android.robotium.solo.Waiter.getFragment
W/dalvikvm(  256): VFY: unable to resolve virtual method 7: Landroid/app/Activity;.getFragmentManager ()Landroid/app/FragmentManager;
D/dalvikvm(  256): VFY: replacing opcode 0x6e at 0x0008
I/dalvikvm(  256): Could not find method android.app.Activity.getFragmentManager, referenced from method com.jayway.android.robotium.solo.Waiter.getFragment
W/dalvikvm(  256): VFY: unable to resolve virtual method 7: Landroid/app/Activity;.getFragmentManager ()Landroid/app/FragmentManager;
D/dalvikvm(  256): VFY: replacing opcode 0x6e at 0x0017
W/dalvikvm(  256): VFY: unable to find class referenced in signature (Landroid/app/Fragment;)
D/dalvikvm(  256): VFY: dead code 0x000b-000f in Lcom/jayway/android/robotium/solo/Waiter;.getFragment (Ljava/lang/String;I)Landroid/app/Fragment;
D/dalvikvm(  256): VFY: dead code 0x001a-001f in Lcom/jayway/android/robotium/solo/Waiter;.getFragment (Ljava/lang/String;I)Landroid/app/Fragment;
W/dalvikvm(  256): VFY: unable to find class referenced in signature (Landroid/app/Fragment;)
D/dalvikvm(  292): GC_CONCURRENT freed 496K, 54% free 2739K/5831K, external 716K/1038K, paused 3ms+24ms
D/EAS SyncManager(  292): !!! EAS SyncManager, onDestroy
D/Email   (  292): BOOT_COMPLETED
D/EAS SyncManager(  292): !!! EAS SyncManager, onCreate
D/EAS SyncManager(  292): !!! EAS SyncManager, onStartCommand
D/EAS SyncManager(  292): !!! EAS SyncManager, stopping self
D/EAS SyncManager(  292): !!! EAS SyncManager, onDestroy
I//system/bin/fsck_msdos(   29): Attempting to allocate 998 KB for FAT
I//system/bin/fsck_msdos(   29): ** Phase 2 - Check Cluster Chains
I//system/bin/fsck_msdos(   29): ** Phase 3 - Checking Directories
I//system/bin/fsck_msdos(   29): ** Phase 4 - Checking for Lost Files
D/nofatclips(  256): Updating node automation
D/nofatclips(  256): Loading node automation
V/nofatclips(  256): Updating value FORCE_RESTART
V/nofatclips(  256): Updating value IN_AND_OUT_FOCUS
V/nofatclips(  256): Updating value PRECRAWLING
V/nofatclips(  256): Updating value SCREENSHOT_FOR_EVENTS
V/nofatclips(  256): Updating value SCREENSHOT_FOR_STATES
V/nofatclips(  256): Updating value SCREENSHOT_ONLY_NEW_STATES
V/nofatclips(  256): Updating value SLEEP_AFTER_EVENT
D/nofatclips(  256): Updated value of parameter SLEEP_AFTER_EVENT to 100 (default = 1000)
V/nofatclips(  256): Updating value SLEEP_AFTER_RESTART
D/nofatclips(  256): Updated value of parameter SLEEP_AFTER_RESTART to 100 (default = 1000)
V/nofatclips(  256): Updating value SLEEP_AFTER_TASK
D/nofatclips(  256): Updated value of parameter SLEEP_AFTER_TASK to 100 (default = 1000)
V/nofatclips(  256): Updating value SLEEP_ON_THROBBER
D/nofatclips(  256): Updated value of parameter SLEEP_ON_THROBBER to 100 (default = 1000)
D/nofatclips(  256): Updating node screenshot
D/nofatclips(  256): Loading node screenshot
V/nofatclips(  256): Updating value FORCE_RESTART
V/nofatclips(  256): Updating value IN_AND_OUT_FOCUS
V/nofatclips(  256): Updating value PRECRAWLING
V/nofatclips(  256): Updating value SCREENSHOT_FOR_EVENTS
V/nofatclips(  256): Updating value SCREENSHOT_FOR_STATES
V/nofatclips(  256): Updating value SCREENSHOT_ONLY_NEW_STATES
V/nofatclips(  256): Updating value SLEEP_AFTER_EVENT
V/nofatclips(  256): Updating value SLEEP_AFTER_RESTART
V/nofatclips(  256): Updating value SLEEP_AFTER_TASK
V/nofatclips(  256): Updating value SLEEP_ON_THROBBER
I/nofatclips(  256): Waiting for 100 msec.
I//system/bin/fsck_msdos(   29): 3 files, 509980 free (254990 clusters)
I/Vold    (   29): Filesystem check completed OK
I/Vold    (   29): Device /dev/block/vold/179:0, target /mnt/sdcard mounted @ /mnt/secure/staging
D/Vold    (   29): Volume sdcard state changing 3 (Checking) -> 4 (Mounted)
I/PackageManager(   61): Updating external media status from unmounted to mounted
I/StorageNotification(  125): Media {/mnt/sdcard} state changed from {checking} -> {mounted}
D/VoldCmdListener(   29): asec list
I/PackageManager(   61): No secure containers on sdcard
W/PackageManager(   61): Unknown permission com.google.android.googleapps.permission.GOOGLE_AUTH.mail in package com.android.contacts
W/PackageManager(   61): Unknown permission android.permission.ADD_SYSTEM_SERVICE in package com.android.phone
W/PackageManager(   61): Not granting permission android.permission.SEND_DOWNLOAD_COMPLETED_INTENTS to package com.android.browser (protectionLevel=2 flags=0x9be45)
D/nofatclips(  256): Ready to operate after restarting...
I/nofatclips(  256): Current activity is Dashboard
W/nofatclips(  256): --->Dashboard
D/dalvikvm(  256): GC_CONCURRENT freed 229K, 49% free 2993K/5831K, external 1812K/2324K, paused 2ms+8ms
I/nofatclips(  256): Retrieving widgets
D/nofatclips(  256): Found widget: id=16908290 (android.widget.FrameLayout@405a0f40)
D/nofatclips(  256): Found widget: id=2131165248 (android.widget.RelativeLayout@405a1c40)
D/nofatclips(  256): Found widget: id=2131165249 (android.widget.LinearLayout@405a22a8)
D/nofatclips(  256): Found widget: id=-1 (android.widget.ImageView@405a27f0)
D/nofatclips(  256): Found widget: id=2131165250 (org.wordpress.android.util.WPTitleBar@4059c128)
D/nofatclips(  256): Found widget: id=2131165195 (android.widget.RelativeLayout@4050e728)
D/nofatclips(  256): Found widget: id=2131165196 (android.widget.RelativeLayout@40568a70)
D/nofatclips(  256): Found widget: id=2131165197 (android.widget.ImageView@4059d3c0)
D/nofatclips(  256): Found widget: id=2131165198 (android.widget.TextView@40541de8): Katie's Sweet Testing Blog
D/nofatclips(  256): Found widget: id=2131165199 (android.widget.ImageView@4055d678)
D/nofatclips(  256): Found widget: id=-1 (android.widget.RelativeLayout@405799d8)
D/nofatclips(  256): Found widget: id=2131165200 (android.widget.ImageButton@4059d8e8)
D/nofatclips(  256): Found widget: id=-1 (android.widget.FrameLayout@4057ae88)
D/nofatclips(  256): Found widget: id=2131165201 (android.widget.Button@405427b0): 
D/nofatclips(  256): Found widget: id=2131165202 (android.widget.ImageView@40593d38)
D/nofatclips(  256): Found widget: id=2131165203 (android.widget.ImageView@4053cfa8)
D/nofatclips(  256): Found widget: id=2131165204 (android.widget.LinearLayout@40569678)
D/nofatclips(  256): Found widget: id=-1 (android.widget.FrameLayout@4059d158)
D/nofatclips(  256): Found widget: id=-1 (android.widget.LinearLayout@40530150)
D/nofatclips(  256): Found widget: id=-1 (android.widget.LinearLayout@4050e538)
D/nofatclips(  256): Found widget: id=-1 (android.widget.LinearLayout@4052f770)
D/nofatclips(  256): Found widget: id=2131165251 (android.widget.LinearLayout@4052fe28)
D/nofatclips(  256): Found widget: id=-1 (android.widget.ImageView@405907e0)
D/nofatclips(  256): Found widget: id=2131165256 (android.widget.TextView@4056b370): New Post
D/nofatclips(  256): Found widget: id=2131165253 (android.widget.LinearLayout@4059c360)
D/nofatclips(  256): Found widget: id=-1 (android.widget.ImageView@40531190)
D/nofatclips(  256): Found widget: id=2131165256 (android.widget.TextView@4056bca8): New Page
D/nofatclips(  256): Found widget: id=-1 (android.widget.LinearLayout@40533448)
D/nofatclips(  256): Found widget: id=2131165252 (android.widget.LinearLayout@40530e38)
D/nofatclips(  256): Found widget: id=-1 (android.widget.ImageView@40539340)
D/nofatclips(  256): Found widget: id=2131165256 (android.widget.TextView@40577ea0): Quick Photo
D/nofatclips(  256): Found widget: id=2131165254 (android.widget.LinearLayout@405479b8)
D/nofatclips(  256): Found widget: id=-1 (android.widget.ImageView@40531d30)
D/nofatclips(  256): Found widget: id=2131165256 (android.widget.TextView@40578710): Quick Video
D/nofatclips(  256): Found widget: id=-1 (android.widget.LinearLayout@4052ebe0)
D/nofatclips(  256): Found widget: id=-1 (android.widget.LinearLayout@40534400)
D/nofatclips(  256): Found widget: id=2131165255 (android.widget.LinearLayout@405356c8)
D/nofatclips(  256): Found widget: id=-1 (android.widget.ImageView@40540a18)
D/nofatclips(  256): Found widget: id=2131165256 (android.widget.TextView@40578d98): Posts
D/nofatclips(  256): Found widget: id=2131165257 (android.widget.LinearLayout@40546130)
D/nofatclips(  256): Found widget: id=-1 (android.widget.ImageView@40568d88)
D/nofatclips(  256): Found widget: id=2131165256 (android.widget.TextView@405379f8): Pages
D/nofatclips(  256): Found widget: id=-1 (android.widget.FrameLayout@40534a08)
D/nofatclips(  256): Found widget: id=2131165258 (android.widget.LinearLayout@405406f0)
D/nofatclips(  256): Found widget: id=-1 (android.widget.ImageView@40537108)
D/nofatclips(  256): Found widget: id=2131165256 (android.widget.TextView@405399a8): Comments
D/nofatclips(  256): Found widget: id=2131165259 (android.widget.FrameLayout@40544be0)
D/nofatclips(  256): Found widget: id=2131165260 (android.widget.ImageView@40546700)
D/nofatclips(  256): Found widget: id=2131165261 (org.wordpress.android.util.CommentBadgeTextView@4053a9c0): 0
D/nofatclips(  256): Found widget: id=-1 (android.widget.LinearLayout@40539780)
D/nofatclips(  256): Found widget: id=2131165262 (android.widget.LinearLayout@40540d98)
D/nofatclips(  256): Found widget: id=-1 (android.widget.ImageView@405416a0)
D/nofatclips(  256): Found widget: id=2131165256 (android.widget.TextView@40540fe0): Settings
D/nofatclips(  256): Found widget: id=2131165263 (android.widget.LinearLayout@40544638)
D/nofatclips(  256): Found widget: id=-1 (android.widget.ImageView@40560590)
D/nofatclips(  256): Found widget: id=2131165256 (android.widget.TextView@40543320): Read
D/nofatclips(  256): Found widget: id=2131165264 (android.widget.LinearLayout@40561c78)
D/nofatclips(  256): Found widget: id=-1 (android.widget.ImageView@40564530)
D/nofatclips(  256): Found widget: id=2131165256 (android.widget.TextView@40550078): Stats
D/nofatclips(  256): Found widget: id=-1 (com.android.internal.policy.impl.PhoneWindow$DecorView@405a0640)
V/nicola  (  256): TextualID : blog_title
V/nicola  (  256): ContentType detected : default
V/nicola  (  256): TextualID : action_refresh
V/nicola  (  256): ContentType detected : default
V/nicola  (  256): TextualID : button_text
V/nicola  (  256): ContentType detected : default
V/nicola  (  256): TextualID : button_text
V/nicola  (  256): ContentType detected : default
V/nicola  (  256): TextualID : button_text
V/nicola  (  256): ContentType detected : default
V/nicola  (  256): TextualID : button_text
V/nicola  (  256): ContentType detected : default
V/nicola  (  256): TextualID : button_text
V/nicola  (  256): ContentType detected : default
V/nicola  (  256): TextualID : button_text
V/nicola  (  256): ContentType detected : default
V/nicola  (  256): TextualID : button_text
V/nicola  (  256): ContentType detected : default
V/nicola  (  256): TextualID : button_text
V/nicola  (  256): ContentType detected : default
V/nicola  (  256): TextualID : button_text
V/nicola  (  256): ContentType detected : default
V/nicola  (  256): TextualID : button_text
V/nicola  (  256): ContentType detected : default
I/nofatclips(  256): Attempting to resume previous session
I/nofatclips(  256): Memoryless engine: the task file will not be loaded. Looking for crashed traces.
I/nofatclips(  256): Reading task file
V/nofatclips(  256): Discarding trace #78
I/nofatclips(  256): Stateless comparator: the state file will not be loaded.
D/dalvikvm(  256): GetFieldID: unable to find field Ljava/util/Hashtable;.loadFactor:F
D/dalvikvm(  256): GetFieldID: unable to find field Ljava/util/Hashtable;.loadFactor:F
D/dalvikvm(  256): GetFieldID: unable to find field Ljava/util/Hashtable;.loadFactor:F
D/dalvikvm(  256): GetFieldID: unable to find field Ljava/util/Hashtable;.loadFactor:F
D/dalvikvm(  256): GetFieldID: unable to find field Ljava/util/Hashtable;.loadFactor:F
D/dalvikvm(  256): GetFieldID: unable to find field Ljava/util/Hashtable;.loadFactor:F
D/nofatclips(  256): Backup session footer restored to 
D/nofatclips(  256): </SESSION>
D/nofatclips(  256): Restored random counter to: 83
D/nofatclips(  256): Restored trace count to 80
D/nofatclips(  256): Current step countdown restored to 39
D/nofatclips(  256): Restored abstractor counters to: event = 83 - input = 18 - activity = 12
I/nofatclips(  256): Saving the session on disk.
D/dalvikvm(  256): GC_CONCURRENT freed 561K, 50% free 3241K/6407K, external 1812K/2324K, paused 3ms+8ms
I/nofatclips(  256): Planning for new Activity Dashboard
D/nofatclips(  256): Handling event 'click' on widget id=2131165200 type=button name=
I/dalvikvm(  256): Jit: resizing JitTable from 512 to 1024
W/PackageManager(   61): Unknown permission com.google.android.gm.permission.WRITE_GMAIL in package com.android.settings
D/nofatclips(  256): Handling event 'click' on widget id=2131165201 type=button name=
D/nofatclips(  256): Handling event 'click' on widget id=2131165204 type=linearLayout name=
D/nofatclips(  256): Handling event 'click' on widget id=2131165251 type=linearLayout name=
D/nofatclips(  256): Handling event 'click' on widget id=2131165253 type=linearLayout name=
W/PackageManager(   61): Unknown permission com.google.android.gm.permission.READ_GMAIL in package com.android.settings
W/PackageManager(   61): Unknown permission com.google.android.googleapps.permission.GOOGLE_AUTH in package com.android.settings
D/nofatclips(  256): Handling event 'click' on widget id=2131165252 type=linearLayout name=
W/PackageManager(   61): Unknown permission com.google.android.googleapps.permission.GOOGLE_AUTH in package com.android.providers.contacts
D/dalvikvm(  256): GC_CONCURRENT freed 761K, 51% free 3323K/6727K, external 1812K/2324K, paused 3ms+4ms
D/nofatclips(  256): Handling event 'click' on widget id=2131165254 type=linearLayout name=
D/nofatclips(  256): Handling event 'click' on widget id=2131165255 type=linearLayout name=
D/nofatclips(  256): Handling event 'click' on widget id=2131165257 type=linearLayout name=
D/nofatclips(  256): Handling event 'click' on widget id=2131165258 type=linearLayout name=
D/nofatclips(  256): Handling event 'click' on widget id=2131165262 type=linearLayout name=
D/nofatclips(  256): Handling event 'click' on widget id=2131165263 type=linearLayout name=
D/nofatclips(  256): Handling event 'click' on widget id=2131165264 type=linearLayout name=
W/PackageManager(   61): Unknown permission com.google.android.googleapps.permission.GOOGLE_AUTH.cp in package com.android.providers.contacts
W/PackageManager(   61): Unknown permission com.google.android.googleapps.permission.ACCESS_GOOGLE_PASSWORD in package com.android.development
W/PackageManager(   61): Unknown permission com.google.android.googleapps.permission.GOOGLE_AUTH in package com.android.development
I/nofatclips(  256): Created trace to press the menu button
W/PackageManager(   61): Unknown permission com.google.android.googleapps.permission.GOOGLE_AUTH.ALL_SERVICES in package com.android.development
W/PackageManager(   61): Unknown permission com.google.android.googleapps.permission.GOOGLE_AUTH.YouTubeUser in package com.android.development
D/dalvikvm(  256): GC_CONCURRENT freed 893K, 52% free 3307K/6855K, external 1812K/2324K, paused 3ms+3ms
I/nofatclips(  256): Created trace to change orientation
I/nofatclips(  256): Dispatching new task. 2 more tasks remaining.
D/nofatclips(  256): Performing backup of the old task list on disk
D/nofatclips(  256): Saving task list on disk
V/nofatclips(  256): Backing up trace #93 to disk.
V/nofatclips(  256): Backing up trace #94 to disk.
D/nofatclips(  256): Deleting backup of the old task list from disk
I/nofatclips(  256): Restarting
W/PackageManager(   61): Unknown permission android.permission.READ_OWNER_DATA in package com.android.email
W/PackageManager(   61): Not granting permission android.permission.DEVICE_POWER to package com.android.deskclock (protectionLevel=2 flags=0x8be45)
