D/nofatclips(  299): Found widget: id=-1 (android.widget.ImageView@4076d728)
D/nofatclips(  299): Found widget: id=2131165256 (android.widget.TextView@40630510): Quick Photo
D/nofatclips(  299): Found widget: id=2131165254 (android.widget.LinearLayout@405f3220)
D/nofatclips(  299): Found widget: id=-1 (android.widget.ImageView@40618c08)
D/nofatclips(  299): Found widget: id=2131165256 (android.widget.TextView@405ed840): Quick Video
D/nofatclips(  299): Found widget: id=-1 (android.widget.LinearLayout@4054d6e0)
D/nofatclips(  299): Found widget: id=-1 (android.widget.LinearLayout@4054d8a8)
D/nofatclips(  299): Found widget: id=2131165255 (android.widget.LinearLayout@405f25f8)
D/nofatclips(  299): Found widget: id=-1 (android.widget.ImageView@4080a970)
D/nofatclips(  299): Found widget: id=2131165256 (android.widget.TextView@406fbe60): Posts
D/nofatclips(  299): Found widget: id=2131165257 (android.widget.LinearLayout@407a92b8)
D/nofatclips(  299): Found widget: id=-1 (android.widget.ImageView@40605a38)
D/nofatclips(  299): Found widget: id=2131165256 (android.widget.TextView@408011a8): Pages
D/nofatclips(  299): Found widget: id=-1 (android.widget.FrameLayout@4080b098)
D/nofatclips(  299): Found widget: id=2131165258 (android.widget.LinearLayout@4080b240)
D/nofatclips(  299): Found widget: id=-1 (android.widget.ImageView@4077b210)
D/nofatclips(  299): Found widget: id=2131165256 (android.widget.TextView@40623710): Comments
D/nofatclips(  299): Found widget: id=2131165259 (android.widget.FrameLayout@40623ba0)
D/nofatclips(  299): Found widget: id=2131165260 (android.widget.ImageView@40737f98)
D/nofatclips(  299): Found widget: id=2131165261 (org.wordpress.android.util.CommentBadgeTextView@405b9f38): 0
D/nofatclips(  299): Found widget: id=-1 (android.widget.LinearLayout@405ba2f8)
D/nofatclips(  299): Found widget: id=2131165262 (android.widget.LinearLayout@40622f38)
D/nofatclips(  299): Found widget: id=-1 (android.widget.ImageView@406b3df0)
D/nofatclips(  299): Found widget: id=2131165256 (android.widget.TextView@406b41a0): Settings
D/nofatclips(  299): Found widget: id=2131165263 (android.widget.LinearLayout@406db560)
D/nofatclips(  299): Found widget: id=-1 (android.widget.ImageView@406530c8)
D/nofatclips(  299): Found widget: id=2131165256 (android.widget.TextView@40653478): Read
D/nofatclips(  299): Found widget: id=2131165264 (android.widget.LinearLayout@405e0d50)
D/nofatclips(  299): Found widget: id=-1 (android.widget.ImageView@40619608)
D/nofatclips(  299): Found widget: id=2131165256 (android.widget.TextView@40670b88): Stats
D/nofatclips(  299): Found widget: id=-1 (com.android.internal.policy.impl.PhoneWindow$DecorView@405919c0)
V/nicola  (  299): TextualID : blog_title
V/nicola  (  299): ContentType detected : default
V/nicola  (  299): TextualID : action_refresh
V/nicola  (  299): ContentType detected : default
V/nicola  (  299): TextualID : button_text
V/nicola  (  299): ContentType detected : default
V/nicola  (  299): TextualID : button_text
V/nicola  (  299): ContentType detected : default
V/nicola  (  299): TextualID : button_text
V/nicola  (  299): ContentType detected : default
V/nicola  (  299): TextualID : button_text
V/nicola  (  299): ContentType detected : default
V/nicola  (  299): TextualID : button_text
V/nicola  (  299): ContentType detected : default
V/nicola  (  299): TextualID : button_text
V/nicola  (  299): ContentType detected : default
V/nicola  (  299): TextualID : button_text
V/nicola  (  299): ContentType detected : default
V/nicola  (  299): TextualID : button_text
V/nicola  (  299): ContentType detected : default
V/nicola  (  299): TextualID : button_text
V/nicola  (  299): ContentType detected : default
V/nicola  (  299): TextualID : button_text
V/nicola  (  299): ContentType detected : default
I/nofatclips(  299): Performing comparation for activity Comments
D/nofatclips(  299): Comparing against activity Comments
D/nofatclips(  299): Comparing against activity Read
D/nofatclips(  299): Comparing against activity Comments
D/nofatclips(  299): Comparing against activity Dashboard
D/nofatclips(  299): Comparing against activity Dashboard
D/nofatclips(  299): Comparing against activity Comments
D/nofatclips(  299): Comparing against activity Dashboard
D/nofatclips(  299): Comparing against activity Read
D/nofatclips(  299): Comparing against activity Read
I/nofatclips(  299): Registering activity Comments (id: a12) as a new found state
D/nofatclips(  299): Performing backup of the old activity list on disk
D/nofatclips(  299): Saving new found state 'a12' on disk
V/nofatclips(  299): Opening state file in append mode.
I/nofatclips(  299): Saved image on disk: a12.jpg
I/nofatclips(  299): Waiting for 100 msec.
I/nofatclips(  299): Session count is 1. Will dump to disk at 1
I/nofatclips(  299): Saving the session on disk.
I/nofatclips(  299): Planning for new Activity Comments
D/nofatclips(  299): Handling event 'click' on widget id=2131165200 type=button name=
D/dalvikvm(  299): GC_CONCURRENT freed 1785K, 52% free 4369K/9031K, external 3969K/3974K, paused 7ms+8ms
D/nofatclips(  299): Handling event 'click' on widget id=2131165201 type=button name=
D/nofatclips(  299): Handling event 'click' on widget id=2131165204 type=linearLayout name=
D/nofatclips(  299): Handling event 'click' on widget id=2131165251 type=linearLayout name=
D/nofatclips(  299): Handling event 'click' on widget id=2131165253 type=linearLayout name=
D/nofatclips(  299): Handling event 'click' on widget id=2131165252 type=linearLayout name=
D/nofatclips(  299): Handling event 'click' on widget id=2131165254 type=linearLayout name=
D/nofatclips(  299): Handling event 'click' on widget id=2131165255 type=linearLayout name=
D/nofatclips(  299): Handling event 'click' on widget id=2131165257 type=linearLayout name=
D/nofatclips(  299): Handling event 'click' on widget id=2131165258 type=linearLayout name=
D/nofatclips(  299): Handling event 'click' on widget id=2131165262 type=linearLayout name=
D/nofatclips(  299): Handling event 'click' on widget id=2131165263 type=linearLayout name=
D/nofatclips(  299): Handling event 'click' on widget id=2131165264 type=linearLayout name=
I/nofatclips(  299): Created trace to press the back button
I/nofatclips(  299): Created trace to press the menu button
I/nofatclips(  299): Created trace to change orientation
D/dalvikvm(  299): GC_CONCURRENT freed 2013K, 53% free 4296K/9031K, external 3361K/3974K, paused 4ms+4ms
I/nofatclips(  299): Check for termination: 89 steps left of 100
I/nofatclips(  299): Dispatching new task. 2 more tasks remaining.
D/nofatclips(  299): Performing backup of the old task list on disk
D/nofatclips(  299): Saving task list on disk
V/nofatclips(  299): Backing up trace #90 to disk.
V/nofatclips(  299): Backing up trace #91 to disk.
D/nofatclips(  299): Deleting backup of the old task list from disk
D/nofatclips(  299): Deleting backup of the old activity list from disk
I/nofatclips(  299): Incrementally Playing Trace 91
I/nofatclips(  299): Retrieved from return list id=2131165251
D/nofatclips(  299): Testing for type (android.widget.LinearLayout) against the original (android.widget.LinearLayout)
D/nofatclips(  299): Testing for name () against the original ()
I/nofatclips(  299): Firing event: type= click index=28 widget=android.widget.LinearLayout
W/KeyCharacterMap(  299): No keyboard for id 0
W/KeyCharacterMap(  299): Using default keymap: /system/usr/keychars/qwerty.kcm.bin
D/nofatclips(  299): Event description: New Post
I/ActivityManager(   61): Starting: Intent { cmp=org.wordpress.android/.EditPost (has extras) } from pid 299
I/nofatclips(  299): Waiting for 100 msec.
W/ActivityManager(   61): Activity pause timeout for HistoryRecord{4073b640 org.wordpress.android/.Comments}
D/dalvikvm(  299): GC_CONCURRENT freed 1772K, 54% free 4211K/9031K, external 3182K/3974K, paused 16ms+18ms
I/ActivityManager(   61): Displayed org.wordpress.android/.EditPost: +1s641ms
I/nofatclips(  299): Current activity is EditPost
I/nofatclips(  299): Retrieving widgets
D/nofatclips(  299): Found widget: id=-1 (android.widget.LinearLayout@4053c058)
D/nofatclips(  299): Found widget: id=-1 (android.widget.FrameLayout@405b1198)
D/nofatclips(  299): Found widget: id=16908310 (android.widget.TextView@405a7b68): Katie&#039;s Sweet Testing Blog - New Post
D/nofatclips(  299): Found widget: id=16908290 (android.widget.FrameLayout@405b9da0)
D/nofatclips(  299): Found widget: id=-1 (android.widget.LinearLayout@405af328)
D/nofatclips(  299): Found widget: id=-1 (android.widget.ScrollView@40541508)
D/nofatclips(  299): Found widget: id=-1 (android.widget.LinearLayout@405b0060)
D/nofatclips(  299): Found widget: id=2131165209 (android.widget.RelativeLayout@405eed58)
D/nofatclips(  299): Found widget: id=2131165210 (android.widget.TextView@405e28a8): Post Content
D/nofatclips(  299): Found widget: id=2131165236 (android.widget.EditText@40744d40): 
D/nofatclips(  299): Found widget: id=2131165265 (org.wordpress.android.util.WPEditText@405f8fd8): 
D/nofatclips(  299): Found widget: id=2131165266 (android.widget.RelativeLayout@405fa628)
D/nofatclips(  299): Found widget: id=2131165267 (android.widget.TextView@4074d738): Tags & Categories
D/nofatclips(  299): Found widget: id=2131165268 (android.widget.EditText@40750950): 
D/nofatclips(  299): Found widget: id=2131165269 (android.widget.Button@40642dd0): Select Categories
D/nofatclips(  299): Found widget: id=2131165270 (android.widget.TextView@406ba490): Selected categories:
D/nofatclips(  299): Found widget: id=2131165271 (android.widget.RelativeLayout@40601778)
D/nofatclips(  299): Found widget: id=2131165272 (android.widget.RelativeLayout@4060a7d8)
D/nofatclips(  299): Found widget: id=2131165273 (android.widget.TextView@407b2dc0): Location
D/nofatclips(  299): Found widget: id=2131165274 (android.widget.TextView@40630d50): Loading...
D/nofatclips(  299): Found widget: id=2131165275 (android.widget.Button@4067f940): View Map
D/nofatclips(  299): Found widget: id=2131165276 (android.widget.Button@406ee570): Update Location
D/nofatclips(  299): Found widget: id=2131165277 (android.widget.RelativeLayout@4060b580)
D/nofatclips(  299): Found widget: id=2131165278 (android.widget.TextView@4055be70): Settings
D/nofatclips(  299): Found widget: id=2131165279 (android.widget.TextView@40671640): Status:
D/nofatclips(  299): Found widget: id=2131165280 (android.widget.Spinner@406e86e0)
D/nofatclips(  299): Found widget: id=2131165281 (android.widget.TextView@405fad70): Publish:
D/nofatclips(  299): Found widget: id=2131165282 (android.widget.TextView@40751a58): Immediately
D/nofatclips(  299): Found widget: id=2131165283 (android.widget.Button@407811f0): Edit
D/nofatclips(  299): Found widget: id=2131165284 (android.widget.TextView@40821a40): Post Format:
D/nofatclips(  299): Found widget: id=2131165285 (android.widget.Spinner@4074f9b0)
D/nofatclips(  299): Found widget: id=16908308 (android.widget.TextView@4073dc00): Standard
D/nofatclips(  299): Found widget: id=2131165286 (android.widget.EditText@406fc620): 
D/nofatclips(  299): Found widget: id=2131165287 (android.widget.Button@406fe3d0): Publish
D/nofatclips(  299): Found widget: id=-1 (com.android.internal.policy.impl.PhoneWindow$DecorView@405a9ff8)
V/nicola  (  299): TextualID : null
V/nicola  (  299): ContentType detected : default
V/nicola  (  299): TextualID : l_section1
V/nicola  (  299): ContentType detected : default
V/ReflectionHelper(  299): android.widget.EditText > mOnFocusChangeListener FOUND | NOT ACTIVE
V/nicola  (  299): TextualID : title
V/nicola  (  299): ContentType detected : default
V/ReflectionHelper(  299): org.wordpress.android.util.WPEditText > mOnFocusChangeListener FOUND | ACTIVE
V/nicola  (  299): TextualID : postContent
V/nicola  (  299): ContentType detected : default
V/nicola  (  299): TextualID : l_tags_categories
V/nicola  (  299): ContentType detected : default
V/ReflectionHelper(  299): android.widget.EditText > mOnFocusChangeListener FOUND | NOT ACTIVE
V/nicola  (  299): TextualID : tags
V/nicola  (  299): ContentType detected : default
V/nicola  (  299): TextualID : selectCategories
V/nicola  (  299): ContentType detected : default
V/nicola  (  299): TextualID : selectedCategories
V/nicola  (  299): ContentType detected : default
V/nicola  (  299): TextualID : l_status
V/nicola  (  299): ContentType detected : default
V/nicola  (  299): TextualID : statusLabel
V/nicola  (  299): ContentType detected : default
V/nicola  (  299): TextualID : pubDateLabel
V/nicola  (  299): ContentType detected : default
V/nicola  (  299): TextualID : pubDate
V/nicola  (  299): ContentType detected : default
V/nicola  (  299): TextualID : pubDateButton
V/nicola  (  299): ContentType detected : default
V/nicola  (  299): TextualID : postFormatLabel
V/nicola  (  299): ContentType detected : default
V/nicola  (  299): TextualID : null
V/nicola  (  299): ContentType detected : default
V/ReflectionHelper(  299): android.widget.EditText > mOnFocusChangeListener FOUND | NOT ACTIVE
V/nicola  (  299): TextualID : post_password
V/nicola  (  299): ContentType detected : default
V/nicola  (  299): TextualID : post
V/nicola  (  299): ContentType detected : default
I/nofatclips(  299): Performing comparation for activity EditPost
D/nofatclips(  299): Comparing against activity Comments
D/nofatclips(  299): Comparing against activity Read
D/nofatclips(  299): Comparing against activity Comments
D/nofatclips(  299): Comparing against activity Comments
D/nofatclips(  299): Comparing against activity Dashboard
D/nofatclips(  299): Comparing against activity Dashboard
D/nofatclips(  299): Comparing against activity Comments
D/nofatclips(  299): Comparing against activity Dashboard
D/nofatclips(  299): Comparing against activity Read
D/nofatclips(  299): Comparing against activity Read
I/nofatclips(  299): Registering activity EditPost (id: a13) as a new found state
D/nofatclips(  299): Performing backup of the old activity list on disk
D/nofatclips(  299): Saving new found state 'a13' on disk
V/nofatclips(  299): Opening state file in append mode.
D/dalvikvm(  299): GC_EXTERNAL_ALLOC freed 672K, 52% free 4363K/9031K, external 3848K/3964K, paused 113ms
I/nofatclips(  299): Saved image on disk: a13.jpg
I/nofatclips(  299): Waiting for 100 msec.
I/nofatclips(  299): Session count is 1. Will dump to disk at 1
I/nofatclips(  299): Saving the session on disk.
I/nofatclips(  299): Planning for new Activity EditPost
D/nofatclips(  299): Handling event 'focus' on widget id=2131165265 type=focusableEditText name=Content
D/nofatclips(  299): Handling input 'writeText' on widget id=2131165236 type=editText name=Title
V/nofatclips(  299): Using value: 90
D/nofatclips(  299): Handling input 'writeText' on widget id=2131165268 type=editText name=Tags (separate tags with commas)
V/nofatclips(  299): Using value: 85
D/nofatclips(  299): Handling input 'writeText' on widget id=2131165286 type=editText name=Password (optional)
V/nofatclips(  299): Using value: 45
D/nofatclips(  299): Handling event 'click' on widget id=2131165269 type=button name=Select Categories
D/nofatclips(  299): Handling input 'writeText' on widget id=2131165236 type=editText name=Title
V/nofatclips(  299): Using value: 90
D/nofatclips(  299): Handling input 'writeText' on widget id=2131165268 type=editText name=Tags (separate tags with commas)
V/nofatclips(  299): Using value: 85
D/nofatclips(  299): Handling input 'writeText' on widget id=2131165286 type=editText name=Password (optional)
V/nofatclips(  299): Using value: 45
D/nofatclips(  299): Handling event 'click' on widget id=2131165283 type=button name=Edit
D/nofatclips(  299): Handling input 'writeText' on widget id=2131165236 type=editText name=Title
V/nofatclips(  299): Using value: 90
D/nofatclips(  299): Handling input 'writeText' on widget id=2131165268 type=editText name=Tags (separate tags with commas)
V/nofatclips(  299): Using value: 85
D/nofatclips(  299): Handling input 'writeText' on widget id=2131165286 type=editText name=Password (optional)
V/nofatclips(  299): Using value: 45
D/nofatclips(  299): Handling event selectSpinnerItem for items [1,10] on spinner #2131165285 count=10
D/nofatclips(  299): Handling input 'writeText' on widget id=2131165236 type=editText name=Title
V/nofatclips(  299): Using value: 90
D/nofatclips(  299): Handling input 'writeText' on widget id=2131165268 type=editText name=Tags (separate tags with commas)
V/nofatclips(  299): Using value: 85
D/nofatclips(  299): Handling input 'writeText' on widget id=2131165286 type=editText name=Password (optional)
V/nofatclips(  299): Using value: 45
D/nofatclips(  299): Handling input 'writeText' on widget id=2131165236 type=editText name=Title
V/nofatclips(  299): Using value: 90
D/nofatclips(  299): Handling input 'writeText' on widget id=2131165268 type=editText name=Tags (separate tags with commas)
V/nofatclips(  299): Using value: 85
D/nofatclips(  299): Handling input 'writeText' on widget id=2131165286 type=editText name=Password (optional)
V/nofatclips(  299): Using value: 45
D/nofatclips(  299): Handling input 'writeText' on widget id=2131165236 type=editText name=Title
V/nofatclips(  299): Using value: 90
D/nofatclips(  299): Handling input 'writeText' on widget id=2131165268 type=editText name=Tags (separate tags with commas)
V/nofatclips(  299): Using value: 85
D/nofatclips(  299): Handling input 'writeText' on widget id=2131165286 type=editText name=Password (optional)
V/nofatclips(  299): Using value: 45
D/nofatclips(  299): Handling input 'writeText' on widget id=2131165236 type=editText name=Title
V/nofatclips(  299): Using value: 90
D/nofatclips(  299): Handling input 'writeText' on widget id=2131165268 type=editText name=Tags (separate tags with commas)
V/nofatclips(  299): Using value: 85
D/nofatclips(  299): Handling input 'writeText' on widget id=2131165286 type=editText name=Password (optional)
V/nofatclips(  299): Using value: 45
D/nofatclips(  299): Handling input 'writeText' on widget id=2131165236 type=editText name=Title
V/nofatclips(  299): Using value: 90
D/nofatclips(  299): Handling input 'writeText' on widget id=2131165268 type=editText name=Tags (separate tags with commas)
V/nofatclips(  299): Using value: 85
D/nofatclips(  299): Handling input 'writeText' on widget id=2131165286 type=editText name=Password (optional)
V/nofatclips(  299): Using value: 45
D/nofatclips(  299): Handling input 'writeText' on widget id=2131165236 type=editText name=Title
V/nofatclips(  299): Using value: 90
D/nofatclips(  299): Handling input 'writeText' on widget id=2131165268 type=editText name=Tags (separate tags with commas)
V/nofatclips(  299): Using value: 85
D/nofatclips(  299): Handling input 'writeText' on widget id=2131165286 type=editText name=Password (optional)
V/nofatclips(  299): Using value: 45
D/nofatclips(  299): Handling input 'writeText' on widget id=2131165236 type=editText name=Title
V/nofatclips(  299): Using value: 90
D/nofatclips(  299): Handling input 'writeText' on widget id=2131165268 type=editText name=Tags (separate tags with commas)
V/nofatclips(  299): Using value: 85
D/nofatclips(  299): Handling input 'writeText' on widget id=2131165286 type=editText name=Password (optional)
V/nofatclips(  299): Using value: 45
D/nofatclips(  299): Handling input 'writeText' on widget id=2131165236 type=editText name=Title
V/nofatclips(  299): Using value: 90
D/nofatclips(  299): Handling input 'writeText' on widget id=2131165268 type=editText name=Tags (separate tags with commas)
V/nofatclips(  299): Using value: 85
D/nofatclips(  299): Handling input 'writeText' on widget id=2131165286 type=editText name=Password (optional)
V/nofatclips(  299): Using value: 45
D/nofatclips(  299): Handling input 'writeText' on widget id=2131165236 type=editText name=Title
V/nofatclips(  299): Using value: 90
D/nofatclips(  299): Handling input 'writeText' on widget id=2131165268 type=editText name=Tags (separate tags with commas)
V/nofatclips(  299): Using value: 85
D/nofatclips(  299): Handling input 'writeText' on widget id=2131165286 type=editText name=Password (optional)
V/nofatclips(  299): Using value: 45
D/nofatclips(  299): Handling input 'writeText' on widget id=2131165236 type=editText name=Title
V/nofatclips(  299): Using value: 90
D/nofatclips(  299): Handling input 'writeText' on widget id=2131165268 type=editText name=Tags (separate tags with commas)
V/nofatclips(  299): Using value: 85
D/nofatclips(  299): Handling input 'writeText' on widget id=2131165286 type=editText name=Password (optional)
V/nofatclips(  299): Using value: 45
D/nofatclips(  299): Handling event 'click' on widget id=2131165287 type=button name=Publish
D/nofatclips(  299): Handling input 'writeText' on widget id=2131165236 type=editText name=Title
V/nofatclips(  299): Using value: 90
D/nofatclips(  299): Handling input 'writeText' on widget id=2131165268 type=editText name=Tags (separate tags with commas)
V/nofatclips(  299): Using value: 85
D/nofatclips(  299): Handling input 'writeText' on widget id=2131165286 type=editText name=Password (optional)
V/nofatclips(  299): Using value: 45
I/nofatclips(  299): Created trace to press the back button
I/nofatclips(  299): Created trace to press the menu button
I/nofatclips(  299): Created trace to change orientation
D/dalvikvm(  299): GC_CONCURRENT freed 1546K, 53% free 4290K/9031K, external 4448K/5554K, paused 4ms+5ms
I/nofatclips(  299): Check for termination: 88 steps left of 100
I/nofatclips(  299): Dispatching new task. 2 more tasks remaining.
D/nofatclips(  299): Performing backup of the old task list on disk
D/nofatclips(  299): Saving task list on disk
V/nofatclips(  299): Backing up trace #107 to disk.
V/nofatclips(  299): Backing up trace #108 to disk.
W/System.err(  299): org.xmlrpc.android.XMLRPCException: javax.net.ssl.SSLProtocolException: Read error: ssl=0x5d90d8: Failure in SSL library, usually a protocol error
D/nofatclips(  299): Deleting backup of the old task list from disk
D/nofatclips(  299): Deleting backup of the old activity list from disk
I/nofatclips(  299): Incrementally Playing Trace 108
D/nofatclips(  299): Setting input: type= writeText id=2131165236 value=90
D/nofatclips(  299): Added to return list id=2131165236
I/nofatclips(  299): Retrieved from return list id=2131165236
D/nofatclips(  299): Testing for type (android.widget.EditText) against the original (android.widget.EditText)
D/nofatclips(  299): Testing for name (Title) against the original (Title)
D/dalvikvm(  299): GC_CONCURRENT freed 1869K, 51% free 4446K/9031K, external 3848K/4805K, paused 5ms+4ms
W/System.err(  299): 	at org.xmlrpc.android.XMLRPCClient.callXMLRPC(XMLRPCClient.java:452)
W/System.err(  299): 	at org.xmlrpc.android.XMLRPCClient.call(XMLRPCClient.java:131)
W/System.err(  299): 	at org.xmlrpc.android.ApiHelper$getPostFormatsTask.doInBackground(ApiHelper.java:143)
W/System.err(  299): 	at org.xmlrpc.android.ApiHelper$getPostFormatsTask.doInBackground(ApiHelper.java:1)
W/System.err(  299): 	at android.os.AsyncTask$2.call(AsyncTask.java:185)
W/System.err(  299): 	at java.util.concurrent.FutureTask$Sync.innerRun(FutureTask.java:306)
W/System.err(  299): 	at java.util.concurrent.FutureTask.run(FutureTask.java:138)
W/System.err(  299): 	at java.util.concurrent.ThreadPoolExecutor.runWorker(ThreadPoolExecutor.java:1088)
W/System.err(  299): 	at java.util.concurrent.ThreadPoolExecutor$Worker.run(ThreadPoolExecutor.java:581)
W/System.err(  299): 	at java.lang.Thread.run(Thread.java:1019)
W/System.err(  299): Caused by: javax.net.ssl.SSLProtocolException: Read error: ssl=0x5d90d8: Failure in SSL library, usually a protocol error
W/System.err(  299): 	at org.apache.harmony.xnet.provider.jsse.NativeCrypto.SSL_read(Native Method)
W/System.err(  299): 	at org.apache.harmony.xnet.provider.jsse.OpenSSLSocketImpl$SSLInputStream.read(OpenSSLSocketImpl.java:788)
W/System.err(  299): 	at org.apache.http.impl.io.AbstractSessionInputBuffer.fillBuffer(AbstractSessionInputBuffer.java:103)
W/System.err(  299): 	at org.apache.http.impl.io.AbstractSessionInputBuffer.readLine(AbstractSessionInputBuffer.java:191)
W/System.err(  299): 	at org.apache.http.impl.conn.DefaultResponseParser.parseHead(DefaultResponseParser.java:82)
W/System.err(  299): 	at org.apache.http.impl.io.AbstractMessageParser.parse(AbstractMessageParser.java:174)
W/System.err(  299): 	at org.apache.http.impl.AbstractHttpClientConnection.receiveResponseHeader(AbstractHttpClientConnection.java:179)
W/System.err(  299): 	at org.apache.http.impl.conn.DefaultClientConnection.receiveResponseHeader(DefaultClientConnection.java:235)
W/System.err(  299): 	at org.apache.http.impl.conn.AbstractClientConnAdapter.receiveResponseHeader(AbstractClientConnAdapter.java:259)
W/System.err(  299): 	at org.apache.http.protocol.HttpRequestExecutor.doReceiveResponse(HttpRequestExecutor.java:279)
W/System.err(  299): 	at org.apache.http.protocol.HttpRequestExecutor.execute(HttpRequestExecutor.java:121)
W/System.err(  299): 	at org.apache.http.impl.client.DefaultRequestDirector.execute(DefaultRequestDirector.java:421)
W/System.err(  299): 	at org.apache.http.impl.client.AbstractHttpClient.execute(AbstractHttpClient.java:555)
W/System.err(  299): 	at org.apache.http.impl.client.AbstractHttpClient.execute(AbstractHttpClient.java:487)
W/System.err(  299): 	at org.apache.http.impl.client.AbstractHttpClient.execute(AbstractHttpClient.java:465)
W/System.err(  299): 	at org.xmlrpc.android.XMLRPCClient.callXMLRPC(XMLRPCClient.java:383)
W/System.err(  299): 	... 9 more
W/System.err(  299): java.lang.NullPointerException
W/System.err(  299): 	at org.json.JSONObject.<init>(JSONObject.java:127)
W/System.err(  299): 	at org.xmlrpc.android.ApiHelper$getPostFormatsTask.onPostExecute(ApiHelper.java:122)
W/System.err(  299): 	at android.os.AsyncTask.finish(AsyncTask.java:417)
W/System.err(  299): 	at android.os.AsyncTask.access$300(AsyncTask.java:127)
W/System.err(  299): 	at android.os.AsyncTask$InternalHandler.handleMessage(AsyncTask.java:429)
W/System.err(  299): 	at android.os.Handler.dispatchMessage(Handler.java:99)
W/System.err(  299): 	at android.os.Looper.loop(Looper.java:123)
W/System.err(  299): 	at android.app.ActivityThread.main(ActivityThread.java:3683)
W/System.err(  299): 	at java.lang.reflect.Method.invokeNative(Native Method)
W/System.err(  299): 	at java.lang.reflect.Method.invoke(Method.java:507)
W/System.err(  299): 	at com.android.internal.os.ZygoteInit$MethodAndArgsCaller.run(ZygoteInit.java:839)
W/System.err(  299): 	at com.android.internal.os.ZygoteInit.main(ZygoteInit.java:597)
W/System.err(  299): 	at dalvik.system.NativeStart.main(Native Method)
W/KeyCharacterMap(  299): No keyboard for id 0
W/KeyCharacterMap(  299): Using default keymap: /system/usr/keychars/qwerty.kcm.bin
D/nofatclips(  299): Setting input: type= writeText id=2131165268 value=85
D/nofatclips(  299): Added to return list id=2131165268
I/nofatclips(  299): Retrieved from return list id=2131165268
D/nofatclips(  299): Testing for type (android.widget.EditText) against the original (android.widget.EditText)
D/nofatclips(  299): Testing for name (Tags (separate tags with commas)) against the original (Tags (separate tags with commas))
D/nofatclips(  299): Setting input: type= writeText id=2131165286 value=45
D/nofatclips(  299): Added to return list id=2131165286
I/nofatclips(  299): Retrieved from return list id=2131165286
D/nofatclips(  299): Testing for type (android.widget.EditText) against the original (android.widget.EditText)
D/nofatclips(  299): Testing for name (Password (optional)) against the original (Password (optional))
I/nofatclips(  299): Retrieved from return list id=2131165283
D/nofatclips(  299): Testing for type (android.widget.Button) against the original (android.widget.Button)
D/nofatclips(  299): Testing for name (Edit) against the original (Edit)
I/nofatclips(  299): Firing event: type= click index=28 widget=android.widget.Button
D/nofatclips(  299): Event description: Edit
I/nofatclips(  299): Waiting for 100 msec.
I/nofatclips(  299): Current activity is EditPost
I/nofatclips(  299): Retrieving widgets
D/nofatclips(  299): Found widget: id=16908290 (android.widget.FrameLayout@408c5d80)
D/nofatclips(  299): Found widget: id=16908666 (com.android.internal.widget.WeightedLinearLayout@40637548)
D/nofatclips(  299): Found widget: id=16908667 (android.widget.LinearLayout@406376a0)
D/nofatclips(  299): Found widget: id=16908668 (android.widget.LinearLayout@406d5e80)
D/nofatclips(  299): Found widget: id=16908294 (android.widget.ImageView@406fed28)
D/nofatclips(  299): Found widget: id=16908669 (com.android.internal.widget.DialogTitle@407d9638): 
D/nofatclips(  299): Found widget: id=16908670 (android.widget.ImageView@406ccf70)
D/nofatclips(  299): Found widget: id=16908671 (android.widget.LinearLayout@407cac80)
D/nofatclips(  299): Found widget: id=16908672 (android.widget.ScrollView@408376d0)
D/nofatclips(  299): Found widget: id=16908673 (android.widget.FrameLayout@4075b018)
D/nofatclips(  299): Found widget: id=16908331 (android.widget.FrameLayout@405f3aa0)
D/nofatclips(  299): Found widget: id=16908705 (android.widget.DatePicker@4065c938)
D/nofatclips(  299): Found widget: id=16908701 (android.widget.LinearLayout@40759f20)
D/nofatclips(  299): Found widget: id=16908702 (android.widget.NumberPicker@405a4a78)
D/nofatclips(  299): Found widget: id=16908794 (android.widget.NumberPickerButton@40630050)
D/nofatclips(  299): Found widget: id=16908795 (android.widget.EditText@406ce150): Jul
D/nofatclips(  299): Found widget: id=16908796 (android.widget.NumberPickerButton@40749788)
D/nofatclips(  299): Found widget: id=16908703 (android.widget.NumberPicker@4084c478)
D/nofatclips(  299): Found widget: id=16908794 (android.widget.NumberPickerButton@408891a8)
D/nofatclips(  299): Found widget: id=16908795 (android.widget.EditText@406d2af0): 31
D/nofatclips(  299): Found widget: id=16908796 (android.widget.NumberPickerButton@40691098)
D/nofatclips(  299): Found widget: id=16908704 (android.widget.NumberPicker@4083d308)
D/nofatclips(  299): Found widget: id=16908794 (android.widget.NumberPickerButton@406bc878)
D/nofatclips(  299): Found widget: id=16908795 (android.widget.EditText@40586530): 2014
D/nofatclips(  299): Found widget: id=16908796 (android.widget.NumberPickerButton@407f4b90)
D/nofatclips(  299): Found widget: id=16908674 (android.widget.LinearLayout@406d6308)
D/nofatclips(  299): Found widget: id=-1 (android.widget.LinearLayout@4073e470)
D/nofatclips(  299): Found widget: id=16908675 (android.widget.LinearLayout@4073e5c0)
D/nofatclips(  299): Found widget: id=16908313 (android.widget.Button@40686a88): Set
D/nofatclips(  299): Found widget: id=16908315 (android.widget.Button@40634130): 
D/nofatclips(  299): Found widget: id=16908314 (android.widget.Button@4083a8a8): Cancel
D/nofatclips(  299): Found widget: id=16908676 (android.widget.LinearLayout@405de178)
D/nofatclips(  299): Found widget: id=-1 (com.android.internal.policy.impl.PhoneWindow$DecorView@408c1c68)
V/ReflectionHelper(  299): android.widget.NumberPicker > mOnFocusChangeListener FOUND | NOT ACTIVE
V/ReflectionHelper(  299): android.widget.EditText > mOnFocusChangeListener FOUND | ACTIVE
V/nicola  (  299): TextualID : null
V/nicola  (  299): ContentType detected : default
V/ReflectionHelper(  299): android.widget.NumberPicker > mOnFocusChangeListener FOUND | NOT ACTIVE
V/ReflectionHelper(  299): android.widget.EditText > mOnFocusChangeListener FOUND | ACTIVE
V/nicola  (  299): TextualID : null
V/nicola  (  299): ContentType detected : number
V/ReflectionHelper(  299): android.widget.NumberPicker > mOnFocusChangeListener FOUND | NOT ACTIVE
V/ReflectionHelper(  299): android.widget.EditText > mOnFocusChangeListener FOUND | ACTIVE
V/nicola  (  299): TextualID : null
V/nicola  (  299): ContentType detected : number
V/nicola  (  299): TextualID : null
V/nicola  (  299): ContentType detected : default
V/nicola  (  299): TextualID : null
V/nicola  (  299): ContentType detected : default
I/nofatclips(  299): Performing comparation for activity EditPost
D/nofatclips(  299): Comparing against activity Comments
D/nofatclips(  299): Comparing against activity Read
D/nofatclips(  299): Comparing against activity Comments
D/nofatclips(  299): Comparing against activity EditPost
D/nofatclips(  299): Comparing against activity Comments
D/nofatclips(  299): Comparing against activity Dashboard
D/nofatclips(  299): Comparing against activity Dashboard
D/nofatclips(  299): Comparing against activity Comments
D/nofatclips(  299): Comparing against activity Dashboard
D/nofatclips(  299): Comparing against activity Read
D/nofatclips(  299): Comparing against activity Read
I/nofatclips(  299): Registering activity EditPost (id: a14) as a new found state
D/nofatclips(  299): Performing backup of the old activity list on disk
D/nofatclips(  299): Saving new found state 'a14' on disk
V/nofatclips(  299): Opening state file in append mode.
I/nofatclips(  299): Saved image on disk: a14.jpg
I/nofatclips(  299): Waiting for 100 msec.
I/nofatclips(  299): Session count is 1. Will dump to disk at 1
I/nofatclips(  299): Saving the session on disk.
I/nofatclips(  299): Planning for new Activity EditPost
D/nofatclips(  299): Handling event 'click' on widget id=16908794 type=button name=
D/nofatclips(  299): Handling event 'focus' on widget id=16908795 type=focusableEditText name=
D/nofatclips(  299): Handling event 'click' on widget id=16908796 type=button name=
D/nofatclips(  299): Handling event 'click' on widget id=16908794 type=button name=
D/nofatclips(  299): Handling event 'focus' on widget id=16908795 type=focusableEditText name=
D/nofatclips(  299): Handling event 'click' on widget id=16908796 type=button name=
D/nofatclips(  299): Handling event 'click' on widget id=16908794 type=button name=
D/nofatclips(  299): Handling event 'focus' on widget id=16908795 type=focusableEditText name=
D/nofatclips(  299): Handling event 'click' on widget id=16908796 type=button name=
D/nofatclips(  299): Handling event 'click' on widget id=16908313 type=button name=Set
D/nofatclips(  299): Handling event 'click' on widget id=16908314 type=button name=Cancel
I/nofatclips(  299): Created trace to press the back button
I/nofatclips(  299): Created trace to press the menu button
I/nofatclips(  299): Created trace to change orientation
D/dalvikvm(  299): GC_CONCURRENT freed 1820K, 50% free 4551K/9031K, external 4731K/4805K, paused 4ms+5ms
I/nofatclips(  299): Check for termination: 87 steps left of 100
I/nofatclips(  299): Dispatching new task. 2 more tasks remaining.
D/nofatclips(  299): Performing backup of the old task list on disk
D/nofatclips(  299): Saving task list on disk
V/nofatclips(  299): Backing up trace #121 to disk.
V/nofatclips(  299): Backing up trace #122 to disk.
D/nofatclips(  299): Deleting backup of the old task list from disk
D/nofatclips(  299): Deleting backup of the old activity list from disk
I/nofatclips(  299): Incrementally Playing Trace 122
I/nofatclips(  299): Retrieved from return list id=16908795
D/nofatclips(  299): Testing for type (android.widget.EditText) against the original (android.widget.EditText)
D/nofatclips(  299): Testing for name () against the original ()
I/nofatclips(  299): Firing event: type= focus index=15 widget=android.widget.EditText
W/KeyCharacterMap(  299): No keyboard for id 0
W/KeyCharacterMap(  299): Using default keymap: /system/usr/keychars/qwerty.kcm.bin
D/nofatclips(  299): Event description: Jul
I/nofatclips(  299): Waiting for 100 msec.
I/nofatclips(  299): Current activity is EditPost
I/nofatclips(  299): Retrieving widgets
D/nofatclips(  299): Found widget: id=-1 (android.widget.TextView$HandleView@408e5048)
D/nofatclips(  299): Found widget: id=16908290 (android.widget.FrameLayout@408c5d80)
D/nofatclips(  299): Found widget: id=16908666 (com.android.internal.widget.WeightedLinearLayout@40637548)
D/nofatclips(  299): Found widget: id=16908667 (android.widget.LinearLayout@406376a0)
D/nofatclips(  299): Found widget: id=16908668 (android.widget.LinearLayout@406d5e80)
D/nofatclips(  299): Found widget: id=16908294 (android.widget.ImageView@406fed28)
D/nofatclips(  299): Found widget: id=16908669 (com.android.internal.widget.DialogTitle@407d9638): 
D/nofatclips(  299): Found widget: id=16908670 (android.widget.ImageView@406ccf70)
D/nofatclips(  299): Found widget: id=16908671 (android.widget.LinearLayout@407cac80)
D/nofatclips(  299): Found widget: id=16908672 (android.widget.ScrollView@408376d0)
D/nofatclips(  299): Found widget: id=16908673 (android.widget.FrameLayout@4075b018)
D/nofatclips(  299): Found widget: id=16908331 (android.widget.FrameLayout@405f3aa0)
D/nofatclips(  299): Found widget: id=16908705 (android.widget.DatePicker@4065c938)
D/nofatclips(  299): Found widget: id=16908701 (android.widget.LinearLayout@40759f20)
D/nofatclips(  299): Found widget: id=16908702 (android.widget.NumberPicker@405a4a78)
D/nofatclips(  299): Found widget: id=16908794 (android.widget.NumberPickerButton@40630050)
D/nofatclips(  299): Found widget: id=16908795 (android.widget.EditText@406ce150): Jul
D/nofatclips(  299): Found widget: id=16908796 (android.widget.NumberPickerButton@40749788)
D/nofatclips(  299): Found widget: id=16908703 (android.widget.NumberPicker@4084c478)
D/nofatclips(  299): Found widget: id=16908794 (android.widget.NumberPickerButton@408891a8)
D/nofatclips(  299): Found widget: id=16908795 (android.widget.EditText@406d2af0): 31
D/nofatclips(  299): Found widget: id=16908796 (android.widget.NumberPickerButton@40691098)
D/nofatclips(  299): Found widget: id=16908704 (android.widget.NumberPicker@4083d308)
D/nofatclips(  299): Found widget: id=16908794 (android.widget.NumberPickerButton@406bc878)
D/dalvikvm(  299): GC_CONCURRENT freed 2164K, 52% free 4453K/9223K, external 4378K/4805K, paused 78ms+31ms
D/nofatclips(  299): Found widget: id=16908795 (android.widget.EditText@40586530): 2014
D/nofatclips(  299): Found widget: id=16908796 (android.widget.NumberPickerButton@407f4b90)
D/nofatclips(  299): Found widget: id=16908674 (android.widget.LinearLayout@406d6308)
D/nofatclips(  299): Found widget: id=-1 (android.widget.LinearLayout@4073e470)
D/nofatclips(  299): Found widget: id=16908675 (android.widget.LinearLayout@4073e5c0)
D/nofatclips(  299): Found widget: id=16908313 (android.widget.Button@40686a88): Set
D/nofatclips(  299): Found widget: id=16908315 (android.widget.Button@40634130): 
D/nofatclips(  299): Found widget: id=16908314 (android.widget.Button@4083a8a8): Cancel
D/nofatclips(  299): Found widget: id=16908676 (android.widget.LinearLayout@405de178)
D/nofatclips(  299): Found widget: id=-1 (com.android.internal.policy.impl.PhoneWindow$DecorView@408c1c68)
V/ReflectionHelper(  299): android.widget.NumberPicker > mOnFocusChangeListener FOUND | NOT ACTIVE
V/ReflectionHelper(  299): android.widget.EditText > mOnFocusChangeListener FOUND | ACTIVE
V/nicola  (  299): TextualID : null
V/nicola  (  299): ContentType detected : default
V/ReflectionHelper(  299): android.widget.NumberPicker > mOnFocusChangeListener FOUND | NOT ACTIVE
V/ReflectionHelper(  299): android.widget.EditText > mOnFocusChangeListener FOUND | ACTIVE
V/nicola  (  299): TextualID : null
V/nicola  (  299): ContentType detected : number
V/ReflectionHelper(  299): android.widget.NumberPicker > mOnFocusChangeListener FOUND | NOT ACTIVE
V/ReflectionHelper(  299): android.widget.EditText > mOnFocusChangeListener FOUND | ACTIVE
V/nicola  (  299): TextualID : null
V/nicola  (  299): ContentType detected : number
V/nicola  (  299): TextualID : null
V/nicola  (  299): ContentType detected : default
V/nicola  (  299): TextualID : null
V/nicola  (  299): ContentType detected : default
I/nofatclips(  299): Performing comparation for activity EditPost
D/nofatclips(  299): Comparing against activity Comments
D/nofatclips(  299): Comparing against activity Read
D/nofatclips(  299): Comparing against activity Comments
D/nofatclips(  299): Comparing against activity EditPost
D/nofatclips(  299): Comparing against activity Comments
D/nofatclips(  299): Comparing against activity Dashboard
D/nofatclips(  299): Comparing against activity Dashboard
D/nofatclips(  299): Comparing against activity Comments
D/nofatclips(  299): Comparing against activity Dashboard
D/nofatclips(  299): Comparing against activity EditPost
D/nofatclips(  299): Comparing against activity Read
D/nofatclips(  299): Comparing against activity Read
I/nofatclips(  299): Registering activity EditPost (id: a15) as a new found state
D/nofatclips(  299): Performing backup of the old activity list on disk
D/nofatclips(  299): Saving new found state 'a15' on disk
V/nofatclips(  299): Opening state file in append mode.
I/nofatclips(  299): Saved image on disk: a15.jpg
I/nofatclips(  299): Waiting for 100 msec.
I/nofatclips(  299): Session count is 1. Will dump to disk at 1
I/nofatclips(  299): Saving the session on disk.
D/dalvikvm(  115): GC_EXTERNAL_ALLOC freed 183K, 47% free 3240K/6087K, external 1025K/1038K, paused 392ms
I/nofatclips(  299): Planning for new Activity EditPost
D/nofatclips(  299): Handling event 'click' on widget id=16908794 type=button name=
D/nofatclips(  299): Handling event 'focus' on widget id=16908795 type=focusableEditText name=
D/nofatclips(  299): Handling event 'click' on widget id=16908796 type=button name=
D/nofatclips(  299): Handling event 'click' on widget id=16908794 type=button name=
D/nofatclips(  299): Handling event 'focus' on widget id=16908795 type=focusableEditText name=
D/nofatclips(  299): Handling event 'click' on widget id=16908796 type=button name=
D/nofatclips(  299): Handling event 'click' on widget id=16908794 type=button name=
D/nofatclips(  299): Handling event 'focus' on widget id=16908795 type=focusableEditText name=
D/nofatclips(  299): Handling event 'click' on widget id=16908796 type=button name=
D/nofatclips(  299): Handling event 'click' on widget id=16908313 type=button name=Set
D/nofatclips(  299): Handling event 'click' on widget id=16908314 type=button name=Cancel
D/dalvikvm(  115): GC_EXTERNAL_ALLOC freed 52K, 46% free 3311K/6087K, external 1541K/1551K, paused 278ms
I/nofatclips(  299): Created trace to press the back button
I/nofatclips(  299): Created trace to press the menu button
I/nofatclips(  299): Created trace to change orientation
D/dalvikvm(  115): GC_EXTERNAL_ALLOC freed 49K, 45% free 3391K/6087K, external 2057K/2067K, paused 79ms
D/dalvikvm(  299): GC_CONCURRENT freed 1906K, 51% free 4594K/9223K, external 4400K/4805K, paused 4ms+15ms
I/nofatclips(  299): Check for termination: 86 steps left of 100
I/nofatclips(  299): Dispatching new task. 2 more tasks remaining.
D/nofatclips(  299): Performing backup of the old task list on disk
D/nofatclips(  299): Saving task list on disk
V/nofatclips(  299): Backing up trace #135 to disk.
V/nofatclips(  299): Backing up trace #136 to disk.
D/nofatclips(  299): Deleting backup of the old task list from disk
D/nofatclips(  299): Deleting backup of the old activity list from disk
D/dalvikvm(  115): GC_CONCURRENT freed 46K, 44% free 3461K/6151K, external 2302K/2586K, paused 3ms+34ms
I/nofatclips(  299): Incrementally Playing Trace 136
I/nofatclips(  299): Retrieved from return list id=16908794
D/nofatclips(  299): Testing for type (android.widget.NumberPickerButton) against the original (android.widget.NumberPickerButton)
D/nofatclips(  299): Testing for name () against the original ()
I/nofatclips(  299): Firing event: type= click index=15 widget=android.widget.NumberPickerButton
W/KeyCharacterMap(  115): No keyboard for id 0
W/KeyCharacterMap(  115): Using default keymap: /system/usr/keychars/qwerty.kcm.bin
W/KeyCharacterMap(  299): No keyboard for id 0
W/KeyCharacterMap(  299): Using default keymap: /system/usr/keychars/qwerty.kcm.bin
D/dalvikvm(  115): GC_EXTERNAL_ALLOC freed 18K, 44% free 3457K/6151K, external 2546K/2586K, paused 186ms
I/nofatclips(  299): Waiting for 100 msec.
I/nofatclips(  299): Current activity is EditPost
I/nofatclips(  299): Retrieving widgets
D/nofatclips(  299): Found widget: id=16908290 (android.widget.FrameLayout@408c5d80)
D/nofatclips(  299): Found widget: id=16908666 (com.android.internal.widget.WeightedLinearLayout@40637548)
D/nofatclips(  299): Found widget: id=16908667 (android.widget.LinearLayout@406376a0)
D/nofatclips(  299): Found widget: id=16908668 (android.widget.LinearLayout@406d5e80)
D/nofatclips(  299): Found widget: id=16908294 (android.widget.ImageView@406fed28)
D/nofatclips(  299): Found widget: id=16908669 (com.android.internal.widget.DialogTitle@407d9638): 
D/nofatclips(  299): Found widget: id=16908670 (android.widget.ImageView@406ccf70)
D/nofatclips(  299): Found widget: id=16908671 (android.widget.LinearLayout@407cac80)
D/nofatclips(  299): Found widget: id=16908672 (android.widget.ScrollView@408376d0)
D/nofatclips(  299): Found widget: id=16908673 (android.widget.FrameLayout@4075b018)
D/nofatclips(  299): Found widget: id=16908331 (android.widget.FrameLayout@405f3aa0)
D/nofatclips(  299): Found widget: id=16908705 (android.widget.DatePicker@4065c938)
D/nofatclips(  299): Found widget: id=16908701 (android.widget.LinearLayout@40759f20)
D/nofatclips(  299): Found widget: id=16908702 (android.widget.NumberPicker@405a4a78)
D/nofatclips(  299): Found widget: id=16908794 (android.widget.NumberPickerButton@40630050)
D/nofatclips(  299): Found widget: id=16908795 (android.widget.EditText@406ce150): Jun
D/nofatclips(  299): Found widget: id=16908796 (android.widget.NumberPickerButton@40749788)
D/nofatclips(  299): Found widget: id=16908703 (android.widget.NumberPicker@4084c478)
D/nofatclips(  299): Found widget: id=16908794 (android.widget.NumberPickerButton@408891a8)
D/nofatclips(  299): Found widget: id=16908795 (android.widget.EditText@406d2af0): 31
D/nofatclips(  299): Found widget: id=16908796 (android.widget.NumberPickerButton@40691098)
D/nofatclips(  299): Found widget: id=16908704 (android.widget.NumberPicker@4083d308)
D/nofatclips(  299): Found widget: id=16908794 (android.widget.NumberPickerButton@406bc878)
D/nofatclips(  299): Found widget: id=16908795 (android.widget.EditText@40586530): 2014
D/nofatclips(  299): Found widget: id=16908796 (android.widget.NumberPickerButton@407f4b90)
D/nofatclips(  299): Found widget: id=16908674 (android.widget.LinearLayout@406d6308)
D/nofatclips(  299): Found widget: id=-1 (android.widget.LinearLayout@4073e470)
D/nofatclips(  299): Found widget: id=16908675 (android.widget.LinearLayout@4073e5c0)
D/nofatclips(  299): Found widget: id=16908313 (android.widget.Button@40686a88): Set
D/nofatclips(  299): Found widget: id=16908315 (android.widget.Button@40634130): 
D/nofatclips(  299): Found widget: id=16908314 (android.widget.Button@4083a8a8): Cancel
D/nofatclips(  299): Found widget: id=16908676 (android.widget.LinearLayout@405de178)
D/nofatclips(  299): Found widget: id=-1 (com.android.internal.policy.impl.PhoneWindow$DecorView@408c1c68)
V/ReflectionHelper(  299): android.widget.NumberPicker > mOnFocusChangeListener FOUND | NOT ACTIVE
V/ReflectionHelper(  299): android.widget.EditText > mOnFocusChangeListener FOUND | ACTIVE
V/nicola  (  299): TextualID : null
V/nicola  (  299): ContentType detected : default
V/ReflectionHelper(  299): android.widget.NumberPicker > mOnFocusChangeListener FOUND | NOT ACTIVE
V/ReflectionHelper(  299): android.widget.EditText > mOnFocusChangeListener FOUND | ACTIVE
V/nicola  (  299): TextualID : null
V/nicola  (  299): ContentType detected : number
V/ReflectionHelper(  299): android.widget.NumberPicker > mOnFocusChangeListener FOUND | NOT ACTIVE
V/ReflectionHelper(  299): android.widget.EditText > mOnFocusChangeListener FOUND | ACTIVE
V/nicola  (  299): TextualID : null
V/nicola  (  299): ContentType detected : number
V/nicola  (  299): TextualID : null
V/nicola  (  299): ContentType detected : default
V/nicola  (  299): TextualID : null
V/nicola  (  299): ContentType detected : default
I/nofatclips(  299): Performing comparation for activity EditPost
D/nofatclips(  299): Comparing against activity Comments
D/nofatclips(  299): Comparing against activity Read
D/nofatclips(  299): Comparing against activity Comments
D/nofatclips(  299): Comparing against activity EditPost
D/nofatclips(  299): Comparing against activity Comments
D/nofatclips(  299): Comparing against activity Dashboard
D/nofatclips(  299): Comparing against activity Dashboard
D/nofatclips(  299): Comparing against activity Comments
D/nofatclips(  299): Comparing against activity Dashboard
D/nofatclips(  299): Comparing against activity EditPost
D/nofatclips(  299): Comparing against activity Read
D/nofatclips(  299): Comparing against activity EditPost
D/nofatclips(  299): Comparing against activity Read
I/nofatclips(  299): Registering activity EditPost (id: a16) as a new found state
D/nofatclips(  299): Performing backup of the old activity list on disk
D/nofatclips(  299): Saving new found state 'a16' on disk
V/nofatclips(  299): Opening state file in append mode.
I/nofatclips(  299): Saved image on disk: a16.jpg
I/nofatclips(  299): Waiting for 100 msec.
