I/ActivityManager(   61): Config changed: { scale=1.0 imsi=310/260 loc=en_US touch=3 keys=2/1/2 nav=1/1 orien=2 layout=18 uiMode=17 seq=7}
I/nofatclips(  299): Waiting for 100 msec.
I/nofatclips(  299): Current activity is Read
I/nofatclips(  299): Retrieving widgets
D/nofatclips(  299): Found widget: id=-1 (android.widget.LinearLayout@406ccce8)
D/nofatclips(  299): Found widget: id=16908662 (android.widget.RelativeLayout@405bd290)
D/nofatclips(  299): Found widget: id=16908812 (android.widget.ProgressBar@4063b100)
D/nofatclips(  299): Found widget: id=16908813 (android.widget.ProgressBar@4063b528)
D/nofatclips(  299): Found widget: id=16908310 (android.widget.TextView@40571628): Loading...
D/nofatclips(  299): Found widget: id=16908290 (android.widget.FrameLayout@406e45b8)
D/nofatclips(  299): Found widget: id=-1 (android.widget.LinearLayout@406e49f0)
D/nofatclips(  299): Found widget: id=2131165329 (android.webkit.WebView@406f1438)
D/nofatclips(  299): Found widget: id=-1 (com.android.internal.policy.impl.PhoneWindow$DecorView@406cc840)
V/nicola  (  299): TextualID : null
V/nicola  (  299): ContentType detected : default
V/ReflectionHelper(  299): android.webkit.WebView > mOnFocusChangeListener FOUND | NOT ACTIVE
I/nofatclips(  299): Performing comparation for activity Read
D/nofatclips(  299): Comparing against activity Dashboard
D/nofatclips(  299): Comparing against activity Read
D/nofatclips(  299): Comparing against activity Dashboard
I/nofatclips(  299): Registering activity Read (id: a6) as a new found state
D/nofatclips(  299): Performing backup of the old activity list on disk
D/nofatclips(  299): Saving new found state 'a6' on disk
V/nofatclips(  299): Opening state file in append mode.
I/nofatclips(  299): Saved image on disk: a6.jpg
I/nofatclips(  299): Waiting for 100 msec.
D/dalvikvm(  299): GC_CONCURRENT freed 1436K, 52% free 3838K/7879K, external 3367K/3455K, paused 4ms+5ms
I/nofatclips(  299): Session count is 1. Will dump to disk at 1
I/nofatclips(  299): Saving the session on disk.
I/nofatclips(  299): Planning for new Activity Read
D/nofatclips(  299): Handling event 'longClick' on widget id=2131165329 type=webPage name=
I/nofatclips(  299): Created trace to press the back button
I/nofatclips(  299): Created trace to press the menu button
I/nofatclips(  299): Created trace to change orientation
I/nofatclips(  299): Check for termination: 95 steps left of 100
I/nofatclips(  299): Dispatching new task. 2 more tasks remaining.
D/nofatclips(  299): Performing backup of the old task list on disk
D/nofatclips(  299): Saving task list on disk
V/nofatclips(  299): Backing up trace #40 to disk.
V/nofatclips(  299): Backing up trace #41 to disk.
D/nofatclips(  299): Deleting backup of the old task list from disk
D/nofatclips(  299): Deleting backup of the old activity list from disk
I/nofatclips(  299): Incrementally Playing Trace 41
I/nofatclips(  299): Retrieved from return list id=-1
D/nofatclips(  299): Testing for type (android.widget.LinearLayout) against the original (null)
I/nofatclips(  299): Firing event: type= changeOrientation name= widget=null
D/dalvikvm(  299): GC_CONCURRENT freed 1416K, 51% free 3986K/8007K, external 2767K/3455K, paused 3ms+3ms
W/ResponseProcessCookies(  299): Invalid cookie header: "Set-Cookie: twostep_auth=+; expires=Wed, 31-Jul-2013 18:46:06 GMT; Max-Age=-31536000; path=/; domain=.wordpress.com". Negative max-age attribute: -31536000
W/ResponseProcessCookies(  299): Invalid cookie header: "Set-Cookie: wordpress=+; expires=Wed, 31-Jul-2013 18:46:06 GMT; Max-Age=-31536000; path=/wp-admin; domain=.wordpress.com". Negative max-age attribute: -31536000
W/ResponseProcessCookies(  299): Invalid cookie header: "Set-Cookie: wordpress_sec=+; expires=Wed, 31-Jul-2013 18:46:06 GMT; Max-Age=-31536000; path=/wp-admin; domain=.wordpress.com". Negative max-age attribute: -31536000
W/ResponseProcessCookies(  299): Invalid cookie header: "Set-Cookie: wordpress=+; expires=Wed, 31-Jul-2013 18:46:06 GMT; Max-Age=-31536000; path=/wp-content/plugins; domain=.wordpress.com". Negative max-age attribute: -31536000
D/dalvikvm(   61): GC_EXPLICIT freed 30K, 47% free 4112K/7623K, external 1316K/1828K, paused 57ms
I/WindowManager(   61): Setting rotation to 0, animFlags=1
W/ResponseProcessCookies(  299): Invalid cookie header: "Set-Cookie: wordpress_sec=+; expires=Wed, 31-Jul-2013 18:46:06 GMT; Max-Age=-31536000; path=/wp-content/plugins; domain=.wordpress.com". Negative max-age attribute: -31536000
W/ResponseProcessCookies(  299): Invalid cookie header: "Set-Cookie: wordpress_logged_in=+; expires=Wed, 31-Jul-2013 18:46:06 GMT; Max-Age=-31536000; path=/; domain=.wordpress.com". Negative max-age attribute: -31536000
W/ResponseProcessCookies(  299): Invalid cookie header: "Set-Cookie: wordpress_logged_in=+; expires=Wed, 31-Jul-2013 18:46:06 GMT; Max-Age=-31536000; path=/; domain=.wordpress.com". Negative max-age attribute: -31536000
W/ResponseProcessCookies(  299): Invalid cookie header: "Set-Cookie: wordpress=+; expires=Wed, 31-Jul-2013 18:46:06 GMT; Max-Age=-31536000; path=/; domain=.wordpress.com". Negative max-age attribute: -31536000
I/ActivityManager(   61): Config changed: { scale=1.0 imsi=310/260 loc=en_US touch=3 keys=2/1/2 nav=1/1 orien=1 layout=18 uiMode=17 seq=8}
W/ResponseProcessCookies(  299): Invalid cookie header: "Set-Cookie: wordpress=+; expires=Wed, 31-Jul-2013 18:46:06 GMT; Max-Age=-31536000; path=/; domain=.wordpress.com". Negative max-age attribute: -31536000
W/ResponseProcessCookies(  299): Invalid cookie header: "Set-Cookie: wordpress_sec=+; expires=Wed, 31-Jul-2013 18:46:06 GMT; Max-Age=-31536000; path=/; domain=.wordpress.com". Negative max-age attribute: -31536000
W/ResponseProcessCookies(  299): Invalid cookie header: "Set-Cookie: wordpress_sec=+; expires=Wed, 31-Jul-2013 18:46:06 GMT; Max-Age=-31536000; path=/; domain=.wordpress.com". Negative max-age attribute: -31536000
W/ResponseProcessCookies(  299): Invalid cookie header: "Set-Cookie: wp_user=+; expires=Wed, 31-Jul-2013 18:46:06 GMT; Max-Age=-31536000; path=/; domain=.wordpress.com". Negative max-age attribute: -31536000
W/ResponseProcessCookies(  299): Invalid cookie header: "Set-Cookie: wp_pass=+; expires=Wed, 31-Jul-2013 18:46:06 GMT; Max-Age=-31536000; path=/; domain=.wordpress.com". Negative max-age attribute: -31536000
I/nofatclips(  299): Waiting for 100 msec.
W/ResponseProcessCookies(  299): Invalid cookie header: "Set-Cookie: wp_user=+; expires=Wed, 31-Jul-2013 18:46:06 GMT; Max-Age=-31536000; path=/; domain=.wordpress.com". Negative max-age attribute: -31536000
W/ResponseProcessCookies(  299): Invalid cookie header: "Set-Cookie: wp_pass=+; expires=Wed, 31-Jul-2013 18:46:06 GMT; Max-Age=-31536000; path=/; domain=.wordpress.com". Negative max-age attribute: -31536000
I/nofatclips(  299): Current activity is Read
I/nofatclips(  299): Retrieving widgets
D/nofatclips(  299): Found widget: id=-1 (android.widget.LinearLayout@406ccce8)
D/nofatclips(  299): Found widget: id=16908662 (android.widget.RelativeLayout@405bd290)
D/nofatclips(  299): Found widget: id=16908812 (android.widget.ProgressBar@4063b100)
D/nofatclips(  299): Found widget: id=16908813 (android.widget.ProgressBar@4063b528)
D/nofatclips(  299): Found widget: id=16908310 (android.widget.TextView@40571628): Loading...
D/nofatclips(  299): Found widget: id=16908290 (android.widget.FrameLayout@406e45b8)
D/nofatclips(  299): Found widget: id=-1 (android.widget.LinearLayout@406e49f0)
D/nofatclips(  299): Found widget: id=2131165329 (android.webkit.WebView@406f1438)
D/nofatclips(  299): Found widget: id=-1 (com.android.internal.policy.impl.PhoneWindow$DecorView@406cc840)
V/nicola  (  299): TextualID : null
V/nicola  (  299): ContentType detected : default
V/ReflectionHelper(  299): android.webkit.WebView > mOnFocusChangeListener FOUND | NOT ACTIVE
I/nofatclips(  299): Performing comparation for activity Read
D/nofatclips(  299): Comparing against activity Read
D/nofatclips(  299): Comparing against activity Dashboard
D/nofatclips(  299): Comparing against activity Read
D/nofatclips(  299): Comparing against activity Dashboard
I/nofatclips(  299): Registering activity Read (id: a7) as a new found state
D/nofatclips(  299): Performing backup of the old activity list on disk
D/nofatclips(  299): Saving new found state 'a7' on disk
V/nofatclips(  299): Opening state file in append mode.
I/nofatclips(  299): Saved image on disk: a7.jpg
I/nofatclips(  299): Waiting for 100 msec.
D/dalvikvm(  126): GC_CONCURRENT freed 228K, 51% free 2809K/5703K, external 961K/1038K, paused 3ms+96ms
I/nofatclips(  299): Session count is 1. Will dump to disk at 1
I/nofatclips(  299): Saving the session on disk.
I/nofatclips(  299): Planning for new Activity Read
D/nofatclips(  299): Handling event 'longClick' on widget id=2131165329 type=webPage name=
I/nofatclips(  299): Created trace to press the back button
I/nofatclips(  299): Created trace to press the menu button
I/nofatclips(  299): Created trace to change orientation
D/dalvikvm(  299): GC_CONCURRENT freed 1290K, 49% free 4107K/8007K, external 3367K/3455K, paused 4ms+6ms
I/dalvikvm(  299): Jit: resizing JitTable from 2048 to 4096
I/nofatclips(  299): Check for termination: 94 steps left of 100
I/nofatclips(  299): Dispatching new task. 2 more tasks remaining.
D/nofatclips(  299): Performing backup of the old task list on disk
D/nofatclips(  299): Saving task list on disk
V/nofatclips(  299): Backing up trace #44 to disk.
V/nofatclips(  299): Backing up trace #45 to disk.
D/nofatclips(  299): Deleting backup of the old task list from disk
D/nofatclips(  299): Deleting backup of the old activity list from disk
I/nofatclips(  299): Incrementally Playing Trace 45
D/nofatclips(  299): Firing event: type= back
W/KeyCharacterMap(  299): No keyboard for id 0
W/KeyCharacterMap(  299): Using default keymap: /system/usr/keychars/qwerty.kcm.bin
D/dalvikvm(   61): GC_EXPLICIT freed 9K, 47% free 4111K/7623K, external 1316K/1828K, paused 81ms
I/nofatclips(  299): Waiting for 100 msec.
I/nofatclips(  299): Current activity is Dashboard
I/nofatclips(  299): Retrieving widgets
D/nofatclips(  299): Found widget: id=16908290 (android.widget.FrameLayout@405a16e0)
D/nofatclips(  299): Found widget: id=2131165248 (android.widget.RelativeLayout@405a23e0)
D/nofatclips(  299): Found widget: id=2131165249 (android.widget.LinearLayout@405a2a48)
D/nofatclips(  299): Found widget: id=-1 (android.widget.ImageView@405a2f90)
D/nofatclips(  299): Found widget: id=2131165250 (org.wordpress.android.util.WPTitleBar@4059c968)
D/nofatclips(  299): Found widget: id=2131165195 (android.widget.RelativeLayout@4050efe8)
D/nofatclips(  299): Found widget: id=2131165196 (android.widget.RelativeLayout@40569298)
D/nofatclips(  299): Found widget: id=2131165197 (android.widget.ImageView@4059dc00)
D/nofatclips(  299): Found widget: id=2131165198 (android.widget.TextView@40542608): Katie's Sweet Testing Blog
D/nofatclips(  299): Found widget: id=2131165199 (android.widget.ImageView@4055de98)
D/nofatclips(  299): Found widget: id=-1 (android.widget.RelativeLayout@4057a200)
D/nofatclips(  299): Found widget: id=2131165200 (android.widget.ImageButton@4059e128)
D/nofatclips(  299): Found widget: id=-1 (android.widget.FrameLayout@4057b6b0)
D/nofatclips(  299): Found widget: id=2131165201 (android.widget.Button@40542fd0): 
D/nofatclips(  299): Found widget: id=2131165202 (android.widget.ImageView@40594560)
D/nofatclips(  299): Found widget: id=2131165203 (android.widget.ImageView@4053d7c8)
D/nofatclips(  299): Found widget: id=2131165249 (android.widget.LinearLayout@40537f18)
D/nofatclips(  299): Found widget: id=-1 (android.widget.FrameLayout@406b1b70)
D/nofatclips(  299): Found widget: id=-1 (android.widget.LinearLayout@40539630)
D/nofatclips(  299): Found widget: id=-1 (android.widget.LinearLayout@40539b60)
D/nofatclips(  299): Found widget: id=-1 (android.widget.LinearLayout@40541ec0)
D/nofatclips(  299): Found widget: id=2131165251 (android.widget.LinearLayout@40543590)
D/nofatclips(  299): Found widget: id=-1 (android.widget.ImageView@40546f20)
D/nofatclips(  299): Found widget: id=2131165256 (android.widget.TextView@4050aae0): New Post
D/nofatclips(  299): Found widget: id=2131165253 (android.widget.LinearLayout@40535ee8)
D/nofatclips(  299): Found widget: id=-1 (android.widget.ImageView@40538bc8)
D/nofatclips(  299): Found widget: id=2131165256 (android.widget.TextView@4056bb98): New Page
D/nofatclips(  299): Found widget: id=-1 (android.widget.LinearLayout@40546950)
D/nofatclips(  299): Found widget: id=2131165252 (android.widget.LinearLayout@405c13e8)
D/nofatclips(  299): Found widget: id=-1 (android.widget.ImageView@405c8a10)
D/nofatclips(  299): Found widget: id=2131165256 (android.widget.TextView@4056c4d0): Quick Photo
D/nofatclips(  299): Found widget: id=2131165254 (android.widget.LinearLayout@406ce428)
D/nofatclips(  299): Found widget: id=-1 (android.widget.ImageView@40515810)
D/nofatclips(  299): Found widget: id=2131165256 (android.widget.TextView@405786c8): Quick Video
D/nofatclips(  299): Found widget: id=-1 (android.widget.LinearLayout@40537648)
D/nofatclips(  299): Found widget: id=-1 (android.widget.LinearLayout@405441b0)
D/nofatclips(  299): Found widget: id=2131165255 (android.widget.LinearLayout@405351f8)
D/nofatclips(  299): Found widget: id=-1 (android.widget.ImageView@40540ea0)
D/nofatclips(  299): Found widget: id=2131165256 (android.widget.TextView@40578f38): Posts
D/nofatclips(  299): Found widget: id=2131165257 (android.widget.LinearLayout@405484a0)
D/nofatclips(  299): Found widget: id=-1 (android.widget.ImageView@405d7700)
D/nofatclips(  299): Found widget: id=2131165256 (android.widget.TextView@405795c0): Pages
D/nofatclips(  299): Found widget: id=-1 (android.widget.FrameLayout@405d9360)
D/nofatclips(  299): Found widget: id=2131165258 (android.widget.LinearLayout@405da488)
D/nofatclips(  299): Found widget: id=-1 (android.widget.ImageView@4063f990)
D/nofatclips(  299): Found widget: id=2131165256 (android.widget.TextView@40538218): Comments
D/nofatclips(  299): Found widget: id=2131165259 (android.widget.FrameLayout@406d8cc0)
D/nofatclips(  299): Found widget: id=2131165260 (android.widget.ImageView@405e1bd8)
D/nofatclips(  299): Found widget: id=2131165261 (org.wordpress.android.util.CommentBadgeTextView@405398d8): 0
D/nofatclips(  299): Found widget: id=-1 (android.widget.LinearLayout@405f4728)
D/nofatclips(  299): Found widget: id=2131165262 (android.widget.LinearLayout@40547e20)
D/nofatclips(  299): Found widget: id=-1 (android.widget.ImageView@40585be0)
D/nofatclips(  299): Found widget: id=2131165256 (android.widget.TextView@4053a1c8): Settings
D/nofatclips(  299): Found widget: id=2131165263 (android.widget.LinearLayout@40599c38)
D/nofatclips(  299): Found widget: id=-1 (android.widget.ImageView@4063e7a0)
D/nofatclips(  299): Found widget: id=2131165256 (android.widget.TextView@4053b1e0): Read
D/nofatclips(  299): Found widget: id=2131165264 (android.widget.LinearLayout@4063fcb8)
D/nofatclips(  299): Found widget: id=-1 (android.widget.ImageView@406d1500)
D/nofatclips(  299): Found widget: id=2131165256 (android.widget.TextView@40541800): Stats
D/nofatclips(  299): Found widget: id=-1 (com.android.internal.policy.impl.PhoneWindow$DecorView@405a0de0)
V/nicola  (  299): TextualID : blog_title
V/nicola  (  299): ContentType detected : default
V/nicola  (  299): TextualID : action_refresh
V/nicola  (  299): ContentType detected : default
V/nicola  (  299): TextualID : button_text
V/nicola  (  299): ContentType detected : default
V/nicola  (  299): TextualID : button_text
V/nicola  (  299): ContentType detected : default
V/nicola  (  299): TextualID : button_text
V/nicola  (  299): ContentType detected : default
V/nicola  (  299): TextualID : button_text
V/nicola  (  299): ContentType detected : default
V/nicola  (  299): TextualID : button_text
V/nicola  (  299): ContentType detected : default
V/nicola  (  299): TextualID : button_text
V/nicola  (  299): ContentType detected : default
V/nicola  (  299): TextualID : button_text
V/nicola  (  299): ContentType detected : default
V/nicola  (  299): TextualID : button_text
V/nicola  (  299): ContentType detected : default
V/nicola  (  299): TextualID : button_text
V/nicola  (  299): ContentType detected : default
V/nicola  (  299): TextualID : button_text
V/nicola  (  299): ContentType detected : default
I/nofatclips(  299): Performing comparation for activity Dashboard
D/nofatclips(  299): Comparing against activity Dashboard
D/nofatclips(  299): Comparing against activity Read
D/nofatclips(  299): Comparing against activity Read
D/nofatclips(  299): Comparing against activity Read
D/nofatclips(  299): Comparing against activity Dashboard
I/nofatclips(  299): Registering activity Dashboard (id: a8) as a new found state
D/nofatclips(  299): Performing backup of the old activity list on disk
D/nofatclips(  299): Saving new found state 'a8' on disk
V/nofatclips(  299): Opening state file in append mode.
I/nofatclips(  299): Saved image on disk: a8.jpg
I/nofatclips(  299): Waiting for 100 msec.
I/nofatclips(  299): Session count is 1. Will dump to disk at 1
I/nofatclips(  299): Saving the session on disk.
I/nofatclips(  299): Planning for new Activity Dashboard
D/nofatclips(  299): Handling event 'click' on widget id=2131165200 type=button name=
D/nofatclips(  299): Handling event 'click' on widget id=2131165201 type=button name=
D/nofatclips(  299): Handling event 'click' on widget id=2131165249 type=linearLayout name=
D/dalvikvm(  299): GC_CONCURRENT freed 1562K, 50% free 4201K/8391K, external 3367K/3455K, paused 3ms+4ms
D/nofatclips(  299): Handling event 'click' on widget id=2131165251 type=linearLayout name=
D/nofatclips(  299): Handling event 'click' on widget id=2131165253 type=linearLayout name=
D/nofatclips(  299): Handling event 'click' on widget id=2131165252 type=linearLayout name=
D/nofatclips(  299): Handling event 'click' on widget id=2131165254 type=linearLayout name=
D/nofatclips(  299): Handling event 'click' on widget id=2131165255 type=linearLayout name=
D/nofatclips(  299): Handling event 'click' on widget id=2131165257 type=linearLayout name=
D/nofatclips(  299): Handling event 'click' on widget id=2131165258 type=linearLayout name=
D/nofatclips(  299): Handling event 'click' on widget id=2131165262 type=linearLayout name=
D/nofatclips(  299): Handling event 'click' on widget id=2131165263 type=linearLayout name=
D/nofatclips(  299): Handling event 'click' on widget id=2131165264 type=linearLayout name=
I/nofatclips(  299): Created trace to press the back button
I/nofatclips(  299): Created trace to press the menu button
I/nofatclips(  299): Created trace to change orientation
D/dalvikvm(  299): GC_CONCURRENT freed 1995K, 55% free 3918K/8519K, external 2167K/2767K, paused 4ms+13ms
I/nofatclips(  299): Check for termination: 93 steps left of 100
I/nofatclips(  299): Dispatching new task. 2 more tasks remaining.
D/nofatclips(  299): Performing backup of the old task list on disk
D/nofatclips(  299): Saving task list on disk
V/nofatclips(  299): Backing up trace #59 to disk.
V/nofatclips(  299): Backing up trace #60 to disk.
D/nofatclips(  299): Deleting backup of the old task list from disk
D/nofatclips(  299): Deleting backup of the old activity list from disk
I/nofatclips(  299): Incrementally Playing Trace 60
I/nofatclips(  299): Retrieved from return list id=2131165258
D/nofatclips(  299): Testing for type (android.widget.LinearLayout) against the original (android.widget.LinearLayout)
D/nofatclips(  299): Testing for name () against the original ()
I/nofatclips(  299): Firing event: type= click index=43 widget=android.widget.LinearLayout
D/dalvikvm(  299): GC_CONCURRENT freed 1084K, 53% free 4008K/8519K, external 2167K/2767K, paused 4ms+15ms
W/KeyCharacterMap(  299): No keyboard for id 0
W/KeyCharacterMap(  299): Using default keymap: /system/usr/keychars/qwerty.kcm.bin
D/nofatclips(  299): Event description: Comments
D/dalvikvm(  299): GC_CONCURRENT freed 413K, 44% free 4813K/8519K, external 2167K/2767K, paused 4ms+6ms
I/ActivityManager(   61): Starting: Intent { cmp=org.wordpress.android/.Comments (has extras) } from pid 299
I/nofatclips(  299): Waiting for 100 msec.
D/dalvikvm(  299): GC_EXTERNAL_ALLOC freed 595K, 44% free 4792K/8519K, external 2761K/2767K, paused 64ms
W/ImageDownloader(  299): Error 404 while retrieving bitmap from http://gravatar.com/blavatar/44d338f29053dbb888da79dcf98df489?s=60&d=404
I/ActivityManager(   61): Displayed org.wordpress.android/.Comments: +1s271ms
I/WordPress(  299): response = HTTP/1.1 200 OK
I/nofatclips(  299): Current activity is Comments
I/nofatclips(  299): Retrieving widgets
D/nofatclips(  299): Found widget: id=16908290 (android.widget.FrameLayout@40583180)
D/nofatclips(  299): Found widget: id=2131165241 (android.widget.RelativeLayout@40630b80)
D/nofatclips(  299): Found widget: id=2131165242 (android.widget.LinearLayout@40675900)
D/nofatclips(  299): Found widget: id=2131165243 (android.support.v4.app.NoSaveStateFrameLayout@4075bb40)
D/nofatclips(  299): Found widget: id=2131165307 (android.widget.RelativeLayout@4063c0f0)
D/nofatclips(  299): Found widget: id=16908298 (android.widget.ListView@4073b5d0)
D/nofatclips(  299): Found widget: id=2131165308 (android.widget.RelativeLayout@40663fc8)
D/nofatclips(  299): Found widget: id=2131165309 (android.widget.Button@405b28a8): Delete
D/nofatclips(  299): Found widget: id=2131165310 (android.widget.Button@406d1c80): Approve
D/nofatclips(  299): Found widget: id=2131165311 (android.widget.Button@4055abd0): Unapprove
D/nofatclips(  299): Found widget: id=2131165312 (android.widget.Button@407844f8): Spam
D/nofatclips(  299): Found widget: id=2131165244 (org.wordpress.android.util.WPTitleBar@405ba780)
D/nofatclips(  299): Found widget: id=2131165195 (android.widget.RelativeLayout@40771470)
D/nofatclips(  299): Found widget: id=2131165196 (android.widget.RelativeLayout@407b53a8)
D/nofatclips(  299): Found widget: id=2131165197 (android.widget.ImageView@407bc508)
D/nofatclips(  299): Found widget: id=2131165198 (android.widget.TextView@4076c160): Katie's Sweet Testing Blog
D/nofatclips(  299): Found widget: id=2131165199 (android.widget.ImageView@405dfde8)
D/nofatclips(  299): Found widget: id=-1 (android.widget.RelativeLayout@405f22e0)
D/nofatclips(  299): Found widget: id=2131165200 (android.widget.ImageButton@40606f88)
D/nofatclips(  299): Found widget: id=-1 (android.widget.FrameLayout@40672618)
D/nofatclips(  299): Found widget: id=2131165201 (android.widget.Button@407128b8): 
D/nofatclips(  299): Found widget: id=2131165202 (android.widget.ImageView@40674fc8)
D/nofatclips(  299): Found widget: id=2131165203 (android.widget.ImageView@4067f370)
D/nofatclips(  299): Found widget: id=2131165204 (android.widget.LinearLayout@406e1d78)
D/nofatclips(  299): Found widget: id=-1 (android.widget.FrameLayout@4070f0e8)
D/nofatclips(  299): Found widget: id=-1 (android.widget.LinearLayout@407571f0)
D/nofatclips(  299): Found widget: id=-1 (android.widget.LinearLayout@4075ae00)
D/nofatclips(  299): Found widget: id=-1 (android.widget.LinearLayout@4076b978)
D/nofatclips(  299): Found widget: id=2131165251 (android.widget.LinearLayout@407abc90)
D/nofatclips(  299): Found widget: id=-1 (android.widget.ImageView@40850a88)
D/nofatclips(  299): Found widget: id=2131165256 (android.widget.TextView@40635a80): New Post
D/nofatclips(  299): Found widget: id=2131165253 (android.widget.LinearLayout@405d0330)
D/nofatclips(  299): Found widget: id=-1 (android.widget.ImageView@4078a790)
D/nofatclips(  299): Found widget: id=2131165256 (android.widget.TextView@406fb638): New Page
D/nofatclips(  299): Found widget: id=-1 (android.widget.LinearLayout@40653a80)
D/nofatclips(  299): Found widget: id=2131165252 (android.widget.LinearLayout@406f6838)
D/nofatclips(  299): Found widget: id=-1 (android.widget.ImageView@4076d728)
D/nofatclips(  299): Found widget: id=2131165256 (android.widget.TextView@40630510): Quick Photo
D/nofatclips(  299): Found widget: id=2131165254 (android.widget.LinearLayout@405f3220)
D/nofatclips(  299): Found widget: id=-1 (android.widget.ImageView@40618c08)
D/nofatclips(  299): Found widget: id=2131165256 (android.widget.TextView@405ed840): Quick Video
D/nofatclips(  299): Found widget: id=-1 (android.widget.LinearLayout@4054d6e0)
D/nofatclips(  299): Found widget: id=-1 (android.widget.LinearLayout@4054d8a8)
D/nofatclips(  299): Found widget: id=2131165255 (android.widget.LinearLayout@405f25f8)
D/nofatclips(  299): Found widget: id=-1 (android.widget.ImageView@4080a970)
D/nofatclips(  299): Found widget: id=2131165256 (android.widget.TextView@406fbe60): Posts
D/nofatclips(  299): Found widget: id=2131165257 (android.widget.LinearLayout@407a92b8)
D/nofatclips(  299): Found widget: id=-1 (android.widget.ImageView@40605a38)
D/nofatclips(  299): Found widget: id=2131165256 (android.widget.TextView@408011a8): Pages
D/nofatclips(  299): Found widget: id=-1 (android.widget.FrameLayout@4080b098)
D/nofatclips(  299): Found widget: id=2131165258 (android.widget.LinearLayout@4080b240)
D/nofatclips(  299): Found widget: id=-1 (android.widget.ImageView@4077b210)
D/nofatclips(  299): Found widget: id=2131165256 (android.widget.TextView@40623710): Comments
D/nofatclips(  299): Found widget: id=2131165259 (android.widget.FrameLayout@40623ba0)
D/nofatclips(  299): Found widget: id=2131165260 (android.widget.ImageView@40737f98)
D/nofatclips(  299): Found widget: id=2131165261 (org.wordpress.android.util.CommentBadgeTextView@405b9f38): 0
D/nofatclips(  299): Found widget: id=-1 (android.widget.LinearLayout@405ba2f8)
D/nofatclips(  299): Found widget: id=2131165262 (android.widget.LinearLayout@40622f38)
D/nofatclips(  299): Found widget: id=-1 (android.widget.ImageView@406b3df0)
D/nofatclips(  299): Found widget: id=2131165256 (android.widget.TextView@406b41a0): Settings
D/nofatclips(  299): Found widget: id=2131165263 (android.widget.LinearLayout@406db560)
D/nofatclips(  299): Found widget: id=-1 (android.widget.ImageView@406530c8)
D/nofatclips(  299): Found widget: id=2131165256 (android.widget.TextView@40653478): Read
D/nofatclips(  299): Found widget: id=2131165264 (android.widget.LinearLayout@405e0d50)
D/nofatclips(  299): Found widget: id=-1 (android.widget.ImageView@40619608)
D/nofatclips(  299): Found widget: id=2131165256 (android.widget.TextView@40670b88): Stats
D/nofatclips(  299): Found widget: id=-1 (com.android.internal.policy.impl.PhoneWindow$DecorView@405919c0)
V/nicola  (  299): TextualID : blog_title
V/nicola  (  299): ContentType detected : default
V/nicola  (  299): TextualID : action_refresh
V/nicola  (  299): ContentType detected : default
I/nofatclips(  299): Performing comparation for activity Comments
D/nofatclips(  299): Comparing against activity Dashboard
D/nofatclips(  299): Comparing against activity Read
D/nofatclips(  299): Comparing against activity Read
D/nofatclips(  299): Comparing against activity Dashboard
D/nofatclips(  299): Comparing against activity Read
D/nofatclips(  299): Comparing against activity Dashboard
I/nofatclips(  299): Registering activity Comments (id: a9) as a new found state
D/nofatclips(  299): Performing backup of the old activity list on disk
D/nofatclips(  299): Saving new found state 'a9' on disk
V/nofatclips(  299): Opening state file in append mode.
D/dalvikvm(  299): GC_CONCURRENT freed 1641K, 48% free 4720K/8967K, external 2769K/3459K, paused 4ms+17ms
D/dalvikvm(  299): GC_EXTERNAL_ALLOC freed 310K, 51% free 4452K/8967K, external 3361K/3448K, paused 54ms
I/nofatclips(  299): Saved image on disk: a9.jpg
I/nofatclips(  299): Waiting for 100 msec.
I/nofatclips(  299): Session count is 1. Will dump to disk at 1
I/nofatclips(  299): Saving the session on disk.
I/nofatclips(  299): Planning for new Activity Comments
D/nofatclips(  299): Handling event 'click' on widget id=2131165200 type=button name=
D/nofatclips(  299): Handling event 'click' on widget id=2131165201 type=button name=
I/nofatclips(  299): Created trace to press the back button
I/nofatclips(  299): Created trace to press the menu button
I/nofatclips(  299): Created trace to change orientation
I/nofatclips(  299): Check for termination: 92 steps left of 100
I/nofatclips(  299): Dispatching new task. 2 more tasks remaining.
D/nofatclips(  299): Performing backup of the old task list on disk
D/nofatclips(  299): Saving task list on disk
V/nofatclips(  299): Backing up trace #64 to disk.
V/nofatclips(  299): Backing up trace #65 to disk.
D/nofatclips(  299): Deleting backup of the old task list from disk
D/nofatclips(  299): Deleting backup of the old activity list from disk
I/nofatclips(  299): Incrementally Playing Trace 65
I/nofatclips(  299): Retrieved from return list id=16908290
D/nofatclips(  299): Testing for type (android.widget.FrameLayout) against the original (null)
I/nofatclips(  299): Firing event: type= openMenu name= widget=null
W/KeyCharacterMap(  299): No keyboard for id 0
W/KeyCharacterMap(  299): Using default keymap: /system/usr/keychars/qwerty.kcm.bin
I/nofatclips(  299): Waiting for 100 msec.
I/nofatclips(  299): Current activity is Comments
I/nofatclips(  299): Retrieving widgets
D/nofatclips(  299): Found widget: id=16908290 (android.widget.FrameLayout@40583180)
D/nofatclips(  299): Found widget: id=2131165241 (android.widget.RelativeLayout@40630b80)
D/nofatclips(  299): Found widget: id=2131165242 (android.widget.LinearLayout@40675900)
D/nofatclips(  299): Found widget: id=2131165243 (android.support.v4.app.NoSaveStateFrameLayout@4075bb40)
D/nofatclips(  299): Found widget: id=2131165307 (android.widget.RelativeLayout@4063c0f0)
D/nofatclips(  299): Found widget: id=16908298 (android.widget.ListView@4073b5d0)
D/nofatclips(  299): Found widget: id=2131165308 (android.widget.RelativeLayout@40663fc8)
D/nofatclips(  299): Found widget: id=2131165309 (android.widget.Button@405b28a8): Delete
D/nofatclips(  299): Found widget: id=2131165310 (android.widget.Button@406d1c80): Approve
D/nofatclips(  299): Found widget: id=2131165311 (android.widget.Button@4055abd0): Unapprove
D/nofatclips(  299): Found widget: id=2131165312 (android.widget.Button@407844f8): Spam
D/nofatclips(  299): Found widget: id=2131165244 (org.wordpress.android.util.WPTitleBar@405ba780)
D/nofatclips(  299): Found widget: id=2131165195 (android.widget.RelativeLayout@40771470)
D/nofatclips(  299): Found widget: id=2131165196 (android.widget.RelativeLayout@407b53a8)
D/nofatclips(  299): Found widget: id=2131165197 (android.widget.ImageView@407bc508)
D/nofatclips(  299): Found widget: id=2131165198 (android.widget.TextView@4076c160): Katie's Sweet Testing Blog
D/nofatclips(  299): Found widget: id=2131165199 (android.widget.ImageView@405dfde8)
D/nofatclips(  299): Found widget: id=-1 (android.widget.RelativeLayout@405f22e0)
D/nofatclips(  299): Found widget: id=2131165200 (android.widget.ImageButton@40606f88)
D/nofatclips(  299): Found widget: id=-1 (android.widget.FrameLayout@40672618)
D/nofatclips(  299): Found widget: id=2131165201 (android.widget.Button@407128b8): 
D/nofatclips(  299): Found widget: id=2131165202 (android.widget.ImageView@40674fc8)
D/nofatclips(  299): Found widget: id=2131165203 (android.widget.ImageView@4067f370)
D/nofatclips(  299): Found widget: id=2131165204 (android.widget.LinearLayout@406e1d78)
D/nofatclips(  299): Found widget: id=-1 (android.widget.FrameLayout@4070f0e8)
D/nofatclips(  299): Found widget: id=-1 (android.widget.LinearLayout@407571f0)
D/nofatclips(  299): Found widget: id=-1 (android.widget.LinearLayout@4075ae00)
D/nofatclips(  299): Found widget: id=-1 (android.widget.LinearLayout@4076b978)
D/nofatclips(  299): Found widget: id=2131165251 (android.widget.LinearLayout@407abc90)
D/nofatclips(  299): Found widget: id=-1 (android.widget.ImageView@40850a88)
D/nofatclips(  299): Found widget: id=2131165256 (android.widget.TextView@40635a80): New Post
D/nofatclips(  299): Found widget: id=2131165253 (android.widget.LinearLayout@405d0330)
D/nofatclips(  299): Found widget: id=-1 (android.widget.ImageView@4078a790)
D/nofatclips(  299): Found widget: id=2131165256 (android.widget.TextView@406fb638): New Page
D/nofatclips(  299): Found widget: id=-1 (android.widget.LinearLayout@40653a80)
D/nofatclips(  299): Found widget: id=2131165252 (android.widget.LinearLayout@406f6838)
D/nofatclips(  299): Found widget: id=-1 (android.widget.ImageView@4076d728)
D/nofatclips(  299): Found widget: id=2131165256 (android.widget.TextView@40630510): Quick Photo
D/nofatclips(  299): Found widget: id=2131165254 (android.widget.LinearLayout@405f3220)
D/nofatclips(  299): Found widget: id=-1 (android.widget.ImageView@40618c08)
D/nofatclips(  299): Found widget: id=2131165256 (android.widget.TextView@405ed840): Quick Video
D/nofatclips(  299): Found widget: id=-1 (android.widget.LinearLayout@4054d6e0)
D/nofatclips(  299): Found widget: id=-1 (android.widget.LinearLayout@4054d8a8)
D/nofatclips(  299): Found widget: id=2131165255 (android.widget.LinearLayout@405f25f8)
D/nofatclips(  299): Found widget: id=-1 (android.widget.ImageView@4080a970)
D/nofatclips(  299): Found widget: id=2131165256 (android.widget.TextView@406fbe60): Posts
D/nofatclips(  299): Found widget: id=2131165257 (android.widget.LinearLayout@407a92b8)
D/nofatclips(  299): Found widget: id=-1 (android.widget.ImageView@40605a38)
D/nofatclips(  299): Found widget: id=2131165256 (android.widget.TextView@408011a8): Pages
D/nofatclips(  299): Found widget: id=-1 (android.widget.FrameLayout@4080b098)
D/nofatclips(  299): Found widget: id=2131165258 (android.widget.LinearLayout@4080b240)
D/nofatclips(  299): Found widget: id=-1 (android.widget.ImageView@4077b210)
D/nofatclips(  299): Found widget: id=2131165256 (android.widget.TextView@40623710): Comments
D/nofatclips(  299): Found widget: id=2131165259 (android.widget.FrameLayout@40623ba0)
D/nofatclips(  299): Found widget: id=2131165260 (android.widget.ImageView@40737f98)
D/nofatclips(  299): Found widget: id=2131165261 (org.wordpress.android.util.CommentBadgeTextView@405b9f38): 0
D/nofatclips(  299): Found widget: id=-1 (android.widget.LinearLayout@405ba2f8)
D/nofatclips(  299): Found widget: id=2131165262 (android.widget.LinearLayout@40622f38)
D/nofatclips(  299): Found widget: id=-1 (android.widget.ImageView@406b3df0)
D/nofatclips(  299): Found widget: id=2131165256 (android.widget.TextView@406b41a0): Settings
D/nofatclips(  299): Found widget: id=2131165263 (android.widget.LinearLayout@406db560)
D/nofatclips(  299): Found widget: id=-1 (android.widget.ImageView@406530c8)
D/nofatclips(  299): Found widget: id=2131165256 (android.widget.TextView@40653478): Read
D/nofatclips(  299): Found widget: id=2131165264 (android.widget.LinearLayout@405e0d50)
D/nofatclips(  299): Found widget: id=-1 (android.widget.ImageView@40619608)
D/nofatclips(  299): Found widget: id=2131165256 (android.widget.TextView@40670b88): Stats
D/nofatclips(  299): Found widget: id=-1 (com.android.internal.policy.impl.PhoneWindow$DecorView@405919c0)
V/nicola  (  299): TextualID : blog_title
V/nicola  (  299): ContentType detected : default
V/nicola  (  299): TextualID : action_refresh
V/nicola  (  299): ContentType detected : default
I/nofatclips(  299): Performing comparation for activity Comments
D/nofatclips(  299): Comparing against activity Comments
D/nofatclips(  299): Comparing against activity Dashboard
D/nofatclips(  299): Comparing against activity Read
D/nofatclips(  299): Comparing against activity Read
D/nofatclips(  299): Comparing against activity Dashboard
D/nofatclips(  299): Comparing against activity Read
D/nofatclips(  299): Comparing against activity Dashboard
I/nofatclips(  299): Registering activity Comments (id: a10) as a new found state
D/nofatclips(  299): Performing backup of the old activity list on disk
D/nofatclips(  299): Saving new found state 'a10' on disk
V/nofatclips(  299): Opening state file in append mode.
I/nofatclips(  299): Saved image on disk: a10.jpg
I/nofatclips(  299): Waiting for 100 msec.
I/nofatclips(  299): Session count is 1. Will dump to disk at 1
I/nofatclips(  299): Saving the session on disk.
I/nofatclips(  299): Planning for new Activity Comments
D/nofatclips(  299): Handling event 'click' on widget id=2131165200 type=button name=
D/dalvikvm(  299): GC_CONCURRENT freed 2112K, 53% free 4313K/9031K, external 4561K/4947K, paused 17ms+16ms
D/nofatclips(  299): Handling event 'click' on widget id=2131165201 type=button name=
I/nofatclips(  299): Created trace to press the back button
I/nofatclips(  299): Created trace to press the menu button
I/nofatclips(  299): Created trace to change orientation
I/nofatclips(  299): Check for termination: 91 steps left of 100
I/nofatclips(  299): Dispatching new task. 2 more tasks remaining.
D/nofatclips(  299): Performing backup of the old task list on disk
D/nofatclips(  299): Saving task list on disk
V/nofatclips(  299): Backing up trace #69 to disk.
V/nofatclips(  299): Backing up trace #70 to disk.
D/nofatclips(  299): Deleting backup of the old task list from disk
D/nofatclips(  299): Deleting backup of the old activity list from disk
I/nofatclips(  299): Incrementally Playing Trace 70
I/nofatclips(  299): Retrieved from return list id=16908290
D/nofatclips(  299): Testing for type (android.widget.FrameLayout) against the original (null)
I/nofatclips(  299): Firing event: type= openMenu name= widget=null
I/nofatclips(  299): Waiting for 100 msec.
I/nofatclips(  299): Current activity is Comments
I/nofatclips(  299): Retrieving widgets
D/nofatclips(  299): Found widget: id=16908290 (android.widget.FrameLayout@40583180)
D/nofatclips(  299): Found widget: id=2131165241 (android.widget.RelativeLayout@40630b80)
D/nofatclips(  299): Found widget: id=2131165242 (android.widget.LinearLayout@40675900)
D/nofatclips(  299): Found widget: id=2131165243 (android.support.v4.app.NoSaveStateFrameLayout@4075bb40)
D/nofatclips(  299): Found widget: id=2131165307 (android.widget.RelativeLayout@4063c0f0)
D/nofatclips(  299): Found widget: id=16908298 (android.widget.ListView@4073b5d0)
D/nofatclips(  299): Found widget: id=2131165308 (android.widget.RelativeLayout@40663fc8)
D/nofatclips(  299): Found widget: id=2131165309 (android.widget.Button@405b28a8): Delete
D/nofatclips(  299): Found widget: id=2131165310 (android.widget.Button@406d1c80): Approve
D/nofatclips(  299): Found widget: id=2131165311 (android.widget.Button@4055abd0): Unapprove
D/nofatclips(  299): Found widget: id=2131165312 (android.widget.Button@407844f8): Spam
D/nofatclips(  299): Found widget: id=2131165244 (org.wordpress.android.util.WPTitleBar@405ba780)
D/nofatclips(  299): Found widget: id=2131165195 (android.widget.RelativeLayout@40771470)
D/nofatclips(  299): Found widget: id=2131165196 (android.widget.RelativeLayout@407b53a8)
D/nofatclips(  299): Found widget: id=2131165197 (android.widget.ImageView@407bc508)
D/nofatclips(  299): Found widget: id=2131165198 (android.widget.TextView@4076c160): Katie's Sweet Testing Blog
D/nofatclips(  299): Found widget: id=2131165199 (android.widget.ImageView@405dfde8)
D/nofatclips(  299): Found widget: id=-1 (android.widget.RelativeLayout@405f22e0)
D/nofatclips(  299): Found widget: id=2131165200 (android.widget.ImageButton@40606f88)
D/nofatclips(  299): Found widget: id=-1 (android.widget.FrameLayout@40672618)
D/nofatclips(  299): Found widget: id=2131165201 (android.widget.Button@407128b8): 
D/nofatclips(  299): Found widget: id=2131165202 (android.widget.ImageView@40674fc8)
D/nofatclips(  299): Found widget: id=2131165203 (android.widget.ImageView@4067f370)
D/nofatclips(  299): Found widget: id=2131165204 (android.widget.LinearLayout@406e1d78)
D/nofatclips(  299): Found widget: id=-1 (android.widget.FrameLayout@4070f0e8)
D/nofatclips(  299): Found widget: id=-1 (android.widget.LinearLayout@407571f0)
D/nofatclips(  299): Found widget: id=-1 (android.widget.LinearLayout@4075ae00)
D/nofatclips(  299): Found widget: id=-1 (android.widget.LinearLayout@4076b978)
D/nofatclips(  299): Found widget: id=2131165251 (android.widget.LinearLayout@407abc90)
D/nofatclips(  299): Found widget: id=-1 (android.widget.ImageView@40850a88)
D/nofatclips(  299): Found widget: id=2131165256 (android.widget.TextView@40635a80): New Post
D/nofatclips(  299): Found widget: id=2131165253 (android.widget.LinearLayout@405d0330)
D/nofatclips(  299): Found widget: id=-1 (android.widget.ImageView@4078a790)
D/nofatclips(  299): Found widget: id=2131165256 (android.widget.TextView@406fb638): New Page
D/nofatclips(  299): Found widget: id=-1 (android.widget.LinearLayout@40653a80)
D/nofatclips(  299): Found widget: id=2131165252 (android.widget.LinearLayout@406f6838)
D/nofatclips(  299): Found widget: id=-1 (android.widget.ImageView@4076d728)
D/nofatclips(  299): Found widget: id=2131165256 (android.widget.TextView@40630510): Quick Photo
D/nofatclips(  299): Found widget: id=2131165254 (android.widget.LinearLayout@405f3220)
D/nofatclips(  299): Found widget: id=-1 (android.widget.ImageView@40618c08)
D/nofatclips(  299): Found widget: id=2131165256 (android.widget.TextView@405ed840): Quick Video
D/nofatclips(  299): Found widget: id=-1 (android.widget.LinearLayout@4054d6e0)
D/nofatclips(  299): Found widget: id=-1 (android.widget.LinearLayout@4054d8a8)
D/nofatclips(  299): Found widget: id=2131165255 (android.widget.LinearLayout@405f25f8)
D/nofatclips(  299): Found widget: id=-1 (android.widget.ImageView@4080a970)
D/nofatclips(  299): Found widget: id=2131165256 (android.widget.TextView@406fbe60): Posts
D/nofatclips(  299): Found widget: id=2131165257 (android.widget.LinearLayout@407a92b8)
D/nofatclips(  299): Found widget: id=-1 (android.widget.ImageView@40605a38)
D/nofatclips(  299): Found widget: id=2131165256 (android.widget.TextView@408011a8): Pages
D/nofatclips(  299): Found widget: id=-1 (android.widget.FrameLayout@4080b098)
D/nofatclips(  299): Found widget: id=2131165258 (android.widget.LinearLayout@4080b240)
D/nofatclips(  299): Found widget: id=-1 (android.widget.ImageView@4077b210)
D/nofatclips(  299): Found widget: id=2131165256 (android.widget.TextView@40623710): Comments
D/nofatclips(  299): Found widget: id=2131165259 (android.widget.FrameLayout@40623ba0)
D/nofatclips(  299): Found widget: id=2131165260 (android.widget.ImageView@40737f98)
D/nofatclips(  299): Found widget: id=2131165261 (org.wordpress.android.util.CommentBadgeTextView@405b9f38): 0
D/nofatclips(  299): Found widget: id=-1 (android.widget.LinearLayout@405ba2f8)
D/nofatclips(  299): Found widget: id=2131165262 (android.widget.LinearLayout@40622f38)
D/nofatclips(  299): Found widget: id=-1 (android.widget.ImageView@406b3df0)
D/nofatclips(  299): Found widget: id=2131165256 (android.widget.TextView@406b41a0): Settings
D/nofatclips(  299): Found widget: id=2131165263 (android.widget.LinearLayout@406db560)
D/nofatclips(  299): Found widget: id=-1 (android.widget.ImageView@406530c8)
D/nofatclips(  299): Found widget: id=2131165256 (android.widget.TextView@40653478): Read
D/nofatclips(  299): Found widget: id=2131165264 (android.widget.LinearLayout@405e0d50)
D/nofatclips(  299): Found widget: id=-1 (android.widget.ImageView@40619608)
D/nofatclips(  299): Found widget: id=2131165256 (android.widget.TextView@40670b88): Stats
D/nofatclips(  299): Found widget: id=-1 (com.android.internal.policy.impl.PhoneWindow$DecorView@405919c0)
V/nicola  (  299): TextualID : blog_title
V/nicola  (  299): ContentType detected : default
V/nicola  (  299): TextualID : action_refresh
V/nicola  (  299): ContentType detected : default
I/nofatclips(  299): Performing comparation for activity Comments
D/nofatclips(  299): Comparing against activity Comments
D/nofatclips(  299): Comparing against activity Read
D/nofatclips(  299): Comparing against activity Comments
D/nofatclips(  299): Comparing against activity Dashboard
D/nofatclips(  299): Comparing against activity Dashboard
D/nofatclips(  299): Comparing against activity Dashboard
D/nofatclips(  299): Comparing against activity Read
D/nofatclips(  299): Comparing against activity Read
I/nofatclips(  299): Registering activity Comments (id: a11) as a new found state
D/nofatclips(  299): Performing backup of the old activity list on disk
D/nofatclips(  299): Saving new found state 'a11' on disk
V/nofatclips(  299): Opening state file in append mode.
I/nofatclips(  299): Saved image on disk: a11.jpg
I/nofatclips(  299): Waiting for 100 msec.
I/nofatclips(  299): Session count is 1. Will dump to disk at 1
I/nofatclips(  299): Saving the session on disk.
I/nofatclips(  299): Planning for new Activity Comments
D/nofatclips(  299): Handling event 'click' on widget id=2131165200 type=button name=
D/nofatclips(  299): Handling event 'click' on widget id=2131165201 type=button name=
I/nofatclips(  299): Created trace to press the back button
I/nofatclips(  299): Created trace to press the menu button
I/nofatclips(  299): Created trace to change orientation
D/dalvikvm(  299): GC_CONCURRENT freed 2105K, 53% free 4256K/9031K, external 3961K/4198K, paused 7ms+8ms
I/nofatclips(  299): Check for termination: 90 steps left of 100
I/nofatclips(  299): Dispatching new task. 2 more tasks remaining.
D/nofatclips(  299): Performing backup of the old task list on disk
D/nofatclips(  299): Saving task list on disk
V/nofatclips(  299): Backing up trace #74 to disk.
V/nofatclips(  299): Backing up trace #75 to disk.
D/nofatclips(  299): Deleting backup of the old task list from disk
D/nofatclips(  299): Deleting backup of the old activity list from disk
I/nofatclips(  299): Incrementally Playing Trace 75
I/nofatclips(  299): Retrieved from return list id=2131165200
D/nofatclips(  299): Testing for type (android.widget.ImageButton) against the original (android.widget.ImageButton)
D/nofatclips(  299): Testing for name () against the original ()
I/nofatclips(  299): Firing event: type= click index=18 widget=android.widget.ImageButton
I/nofatclips(  299): Waiting for 100 msec.
I/nofatclips(  299): Current activity is Comments
I/nofatclips(  299): Retrieving widgets
D/nofatclips(  299): Found widget: id=16908290 (android.widget.FrameLayout@40583180)
D/nofatclips(  299): Found widget: id=2131165241 (android.widget.RelativeLayout@40630b80)
D/nofatclips(  299): Found widget: id=2131165242 (android.widget.LinearLayout@40675900)
D/nofatclips(  299): Found widget: id=2131165243 (android.support.v4.app.NoSaveStateFrameLayout@4075bb40)
D/nofatclips(  299): Found widget: id=2131165307 (android.widget.RelativeLayout@4063c0f0)
D/nofatclips(  299): Found widget: id=16908298 (android.widget.ListView@4073b5d0)
D/nofatclips(  299): Found widget: id=2131165308 (android.widget.RelativeLayout@40663fc8)
D/nofatclips(  299): Found widget: id=2131165309 (android.widget.Button@405b28a8): Delete
D/nofatclips(  299): Found widget: id=2131165310 (android.widget.Button@406d1c80): Approve
D/nofatclips(  299): Found widget: id=2131165311 (android.widget.Button@4055abd0): Unapprove
D/nofatclips(  299): Found widget: id=2131165312 (android.widget.Button@407844f8): Spam
D/nofatclips(  299): Found widget: id=2131165244 (org.wordpress.android.util.WPTitleBar@405ba780)
D/nofatclips(  299): Found widget: id=2131165195 (android.widget.RelativeLayout@40771470)
D/nofatclips(  299): Found widget: id=2131165196 (android.widget.RelativeLayout@407b53a8)
D/nofatclips(  299): Found widget: id=2131165197 (android.widget.ImageView@407bc508)
D/nofatclips(  299): Found widget: id=2131165198 (android.widget.TextView@4076c160): Katie's Sweet Testing Blog
D/nofatclips(  299): Found widget: id=2131165199 (android.widget.ImageView@405dfde8)
D/nofatclips(  299): Found widget: id=-1 (android.widget.RelativeLayout@405f22e0)
D/nofatclips(  299): Found widget: id=2131165200 (android.widget.ImageButton@40606f88)
D/nofatclips(  299): Found widget: id=-1 (android.widget.FrameLayout@40672618)
D/nofatclips(  299): Found widget: id=2131165201 (android.widget.Button@407128b8): 
D/nofatclips(  299): Found widget: id=2131165202 (android.widget.ImageView@40674fc8)
D/nofatclips(  299): Found widget: id=2131165203 (android.widget.ImageView@4067f370)
D/nofatclips(  299): Found widget: id=2131165204 (android.widget.LinearLayout@406e1d78)
D/nofatclips(  299): Found widget: id=-1 (android.widget.FrameLayout@4070f0e8)
D/nofatclips(  299): Found widget: id=-1 (android.widget.LinearLayout@407571f0)
D/nofatclips(  299): Found widget: id=-1 (android.widget.LinearLayout@4075ae00)
D/nofatclips(  299): Found widget: id=-1 (android.widget.LinearLayout@4076b978)
D/nofatclips(  299): Found widget: id=2131165251 (android.widget.LinearLayout@407abc90)
D/nofatclips(  299): Found widget: id=-1 (android.widget.ImageView@40850a88)
D/nofatclips(  299): Found widget: id=2131165256 (android.widget.TextView@40635a80): New Post
D/nofatclips(  299): Found widget: id=2131165253 (android.widget.LinearLayout@405d0330)
D/nofatclips(  299): Found widget: id=-1 (android.widget.ImageView@4078a790)
D/nofatclips(  299): Found widget: id=2131165256 (android.widget.TextView@406fb638): New Page
D/nofatclips(  299): Found widget: id=-1 (android.widget.LinearLayout@40653a80)
D/nofatclips(  299): Found widget: id=2131165252 (android.widget.LinearLayout@406f6838)
