D/dalvikvm(  299): GC_CONCURRENT freed 2033K, 51% free 4574K/9223K, external 4731K/4805K, paused 10ms+11ms
I/nofatclips(  299): Session count is 1. Will dump to disk at 1
I/nofatclips(  299): Saving the session on disk.
I/nofatclips(  299): Planning for new Activity EditPost
D/nofatclips(  299): Handling event 'click' on widget id=16908794 type=button name=
D/nofatclips(  299): Handling event 'focus' on widget id=16908795 type=focusableEditText name=
D/nofatclips(  299): Handling event 'click' on widget id=16908796 type=button name=
D/nofatclips(  299): Handling event 'click' on widget id=16908794 type=button name=
D/nofatclips(  299): Handling event 'focus' on widget id=16908795 type=focusableEditText name=
D/nofatclips(  299): Handling event 'click' on widget id=16908796 type=button name=
D/nofatclips(  299): Handling event 'click' on widget id=16908794 type=button name=
D/nofatclips(  299): Handling event 'focus' on widget id=16908795 type=focusableEditText name=
D/nofatclips(  299): Handling event 'click' on widget id=16908796 type=button name=
D/nofatclips(  299): Handling event 'click' on widget id=16908313 type=button name=Set
D/nofatclips(  299): Handling event 'click' on widget id=16908314 type=button name=Cancel
I/nofatclips(  299): Created trace to press the back button
I/nofatclips(  299): Created trace to press the menu button
I/nofatclips(  299): Created trace to change orientation
D/dalvikvm(  299): GC_CONCURRENT freed 2041K, 51% free 4640K/9287K, external 4378K/4805K, paused 4ms+5ms
I/nofatclips(  299): Check for termination: 85 steps left of 100
I/nofatclips(  299): Dispatching new task. 2 more tasks remaining.
D/nofatclips(  299): Performing backup of the old task list on disk
D/nofatclips(  299): Saving task list on disk
V/nofatclips(  299): Backing up trace #149 to disk.
V/nofatclips(  299): Backing up trace #150 to disk.
D/nofatclips(  299): Deleting backup of the old task list from disk
D/nofatclips(  299): Deleting backup of the old activity list from disk
I/nofatclips(  299): Incrementally Playing Trace 150
I/nofatclips(  299): Retrieved from return list id=16908794
D/nofatclips(  299): Testing for type (android.widget.NumberPickerButton) against the original (android.widget.NumberPickerButton)
D/nofatclips(  299): Testing for name () against the original ()
I/nofatclips(  299): Firing event: type= click index=14 widget=android.widget.NumberPickerButton
W/KeyCharacterMap(  115): No keyboard for id 0
W/KeyCharacterMap(  115): Using default keymap: /system/usr/keychars/qwerty.kcm.bin
W/KeyCharacterMap(  299): No keyboard for id 0
W/KeyCharacterMap(  299): Using default keymap: /system/usr/keychars/qwerty.kcm.bin
I/nofatclips(  299): Waiting for 100 msec.
I/nofatclips(  299): Current activity is EditPost
I/nofatclips(  299): Retrieving widgets
D/nofatclips(  299): Found widget: id=16908290 (android.widget.FrameLayout@408c5d80)
D/nofatclips(  299): Found widget: id=16908666 (com.android.internal.widget.WeightedLinearLayout@40637548)
D/nofatclips(  299): Found widget: id=16908667 (android.widget.LinearLayout@406376a0)
D/nofatclips(  299): Found widget: id=16908668 (android.widget.LinearLayout@406d5e80)
D/nofatclips(  299): Found widget: id=16908294 (android.widget.ImageView@406fed28)
D/nofatclips(  299): Found widget: id=16908669 (com.android.internal.widget.DialogTitle@407d9638): 
D/nofatclips(  299): Found widget: id=16908670 (android.widget.ImageView@406ccf70)
D/nofatclips(  299): Found widget: id=16908671 (android.widget.LinearLayout@407cac80)
D/nofatclips(  299): Found widget: id=16908672 (android.widget.ScrollView@408376d0)
D/nofatclips(  299): Found widget: id=16908673 (android.widget.FrameLayout@4075b018)
D/nofatclips(  299): Found widget: id=16908331 (android.widget.FrameLayout@405f3aa0)
D/nofatclips(  299): Found widget: id=16908705 (android.widget.DatePicker@4065c938)
D/nofatclips(  299): Found widget: id=16908701 (android.widget.LinearLayout@40759f20)
D/nofatclips(  299): Found widget: id=16908702 (android.widget.NumberPicker@405a4a78)
D/nofatclips(  299): Found widget: id=16908794 (android.widget.NumberPickerButton@40630050)
D/nofatclips(  299): Found widget: id=16908795 (android.widget.EditText@406ce150): May
D/nofatclips(  299): Found widget: id=16908796 (android.widget.NumberPickerButton@40749788)
D/nofatclips(  299): Found widget: id=16908703 (android.widget.NumberPicker@4084c478)
D/nofatclips(  299): Found widget: id=16908794 (android.widget.NumberPickerButton@408891a8)
D/nofatclips(  299): Found widget: id=16908795 (android.widget.EditText@406d2af0): 31
D/nofatclips(  299): Found widget: id=16908796 (android.widget.NumberPickerButton@40691098)
D/nofatclips(  299): Found widget: id=16908704 (android.widget.NumberPicker@4083d308)
D/nofatclips(  299): Found widget: id=16908794 (android.widget.NumberPickerButton@406bc878)
D/nofatclips(  299): Found widget: id=16908795 (android.widget.EditText@40586530): 2014
D/nofatclips(  299): Found widget: id=16908796 (android.widget.NumberPickerButton@407f4b90)
D/nofatclips(  299): Found widget: id=16908674 (android.widget.LinearLayout@406d6308)
D/nofatclips(  299): Found widget: id=-1 (android.widget.LinearLayout@4073e470)
D/nofatclips(  299): Found widget: id=16908675 (android.widget.LinearLayout@4073e5c0)
D/nofatclips(  299): Found widget: id=16908313 (android.widget.Button@40686a88): Set
D/nofatclips(  299): Found widget: id=16908315 (android.widget.Button@40634130): 
D/nofatclips(  299): Found widget: id=16908314 (android.widget.Button@4083a8a8): Cancel
D/nofatclips(  299): Found widget: id=16908676 (android.widget.LinearLayout@405de178)
D/nofatclips(  299): Found widget: id=-1 (com.android.internal.policy.impl.PhoneWindow$DecorView@408c1c68)
V/ReflectionHelper(  299): android.widget.NumberPicker > mOnFocusChangeListener FOUND | NOT ACTIVE
V/ReflectionHelper(  299): android.widget.EditText > mOnFocusChangeListener FOUND | ACTIVE
V/nicola  (  299): TextualID : null
V/nicola  (  299): ContentType detected : default
V/ReflectionHelper(  299): android.widget.NumberPicker > mOnFocusChangeListener FOUND | NOT ACTIVE
V/ReflectionHelper(  299): android.widget.EditText > mOnFocusChangeListener FOUND | ACTIVE
V/nicola  (  299): TextualID : null
V/nicola  (  299): ContentType detected : number
V/ReflectionHelper(  299): android.widget.NumberPicker > mOnFocusChangeListener FOUND | NOT ACTIVE
V/ReflectionHelper(  299): android.widget.EditText > mOnFocusChangeListener FOUND | ACTIVE
V/nicola  (  299): TextualID : null
V/nicola  (  299): ContentType detected : number
V/nicola  (  299): TextualID : null
V/nicola  (  299): ContentType detected : default
V/nicola  (  299): TextualID : null
V/nicola  (  299): ContentType detected : default
I/nofatclips(  299): Performing comparation for activity EditPost
D/nofatclips(  299): Comparing against activity Comments
D/nofatclips(  299): Comparing against activity EditPost
D/nofatclips(  299): Comparing against activity Comments
D/nofatclips(  299): Comparing against activity Dashboard
D/nofatclips(  299): Comparing against activity Comments
D/nofatclips(  299): Comparing against activity EditPost
D/nofatclips(  299): Comparing against activity EditPost
D/nofatclips(  299): Comparing against activity Read
D/nofatclips(  299): Comparing against activity Read
D/nofatclips(  299): Comparing against activity Comments
D/nofatclips(  299): Comparing against activity Dashboard
D/nofatclips(  299): Comparing against activity Dashboard
D/nofatclips(  299): Comparing against activity EditPost
D/nofatclips(  299): Comparing against activity Read
I/nofatclips(  299): Registering activity EditPost (id: a17) as a new found state
D/nofatclips(  299): Performing backup of the old activity list on disk
D/nofatclips(  299): Saving new found state 'a17' on disk
V/nofatclips(  299): Opening state file in append mode.
D/dalvikvm(  115): GC_EXTERNAL_ALLOC freed 34K, 44% free 3457K/6151K, external 3051K/3180K, paused 1157ms
I/nofatclips(  299): Saved image on disk: a17.jpg
I/nofatclips(  299): Waiting for 100 msec.
I/nofatclips(  299): Session count is 1. Will dump to disk at 1
I/nofatclips(  299): Saving the session on disk.
D/dalvikvm(  299): GC_FOR_MALLOC freed 1727K, 52% free 4572K/9351K, external 4731K/4805K, paused 105ms
I/nofatclips(  299): Planning for new Activity EditPost
D/nofatclips(  299): Handling event 'click' on widget id=16908794 type=button name=
D/nofatclips(  299): Handling event 'focus' on widget id=16908795 type=focusableEditText name=
D/nofatclips(  299): Handling event 'click' on widget id=16908796 type=button name=
D/nofatclips(  299): Handling event 'click' on widget id=16908794 type=button name=
D/nofatclips(  299): Handling event 'focus' on widget id=16908795 type=focusableEditText name=
D/nofatclips(  299): Handling event 'click' on widget id=16908796 type=button name=
D/nofatclips(  299): Handling event 'click' on widget id=16908794 type=button name=
D/nofatclips(  299): Handling event 'focus' on widget id=16908795 type=focusableEditText name=
D/nofatclips(  299): Handling event 'click' on widget id=16908796 type=button name=
D/nofatclips(  299): Handling event 'click' on widget id=16908313 type=button name=Set
D/nofatclips(  299): Handling event 'click' on widget id=16908314 type=button name=Cancel
I/nofatclips(  299): Created trace to press the back button
I/nofatclips(  299): Created trace to press the menu button
I/nofatclips(  299): Created trace to change orientation
D/dalvikvm(  299): GC_CONCURRENT freed 1989K, 51% free 4631K/9351K, external 4378K/4805K, paused 3ms+4ms
I/nofatclips(  299): Check for termination: 84 steps left of 100
I/nofatclips(  299): Dispatching new task. 2 more tasks remaining.
D/nofatclips(  299): Performing backup of the old task list on disk
D/nofatclips(  299): Saving task list on disk
V/nofatclips(  299): Backing up trace #163 to disk.
V/nofatclips(  299): Backing up trace #164 to disk.
D/dalvikvm(  299): GC_FOR_MALLOC freed 848K, 51% free 4622K/9351K, external 4378K/4805K, paused 44ms
D/nofatclips(  299): Deleting backup of the old task list from disk
D/nofatclips(  299): Deleting backup of the old activity list from disk
I/nofatclips(  299): Incrementally Playing Trace 164
I/nofatclips(  299): Retrieved from return list id=16908795
D/nofatclips(  299): Testing for type (android.widget.EditText) against the original (android.widget.EditText)
D/nofatclips(  299): Testing for name () against the original ()
I/nofatclips(  299): Firing event: type= focus index=23 widget=android.widget.EditText
W/KeyCharacterMap(  115): No keyboard for id 0
W/KeyCharacterMap(  115): Using default keymap: /system/usr/keychars/qwerty.kcm.bin
W/KeyCharacterMap(  299): No keyboard for id 0
W/KeyCharacterMap(  299): Using default keymap: /system/usr/keychars/qwerty.kcm.bin
D/nofatclips(  299): Event description: 2014
I/nofatclips(  299): Waiting for 100 msec.
I/nofatclips(  299): Current activity is EditPost
I/nofatclips(  299): Retrieving widgets
D/nofatclips(  299): Found widget: id=16908290 (android.widget.FrameLayout@408c5d80)
D/nofatclips(  299): Found widget: id=16908666 (com.android.internal.widget.WeightedLinearLayout@40637548)
D/nofatclips(  299): Found widget: id=16908667 (android.widget.LinearLayout@406376a0)
D/nofatclips(  299): Found widget: id=16908668 (android.widget.LinearLayout@406d5e80)
D/nofatclips(  299): Found widget: id=16908294 (android.widget.ImageView@406fed28)
D/nofatclips(  299): Found widget: id=16908669 (com.android.internal.widget.DialogTitle@407d9638): 
D/nofatclips(  299): Found widget: id=16908670 (android.widget.ImageView@406ccf70)
D/nofatclips(  299): Found widget: id=16908671 (android.widget.LinearLayout@407cac80)
D/nofatclips(  299): Found widget: id=16908672 (android.widget.ScrollView@408376d0)
D/nofatclips(  299): Found widget: id=16908673 (android.widget.FrameLayout@4075b018)
D/nofatclips(  299): Found widget: id=16908331 (android.widget.FrameLayout@405f3aa0)
D/nofatclips(  299): Found widget: id=16908705 (android.widget.DatePicker@4065c938)
D/nofatclips(  299): Found widget: id=16908701 (android.widget.LinearLayout@40759f20)
D/nofatclips(  299): Found widget: id=16908702 (android.widget.NumberPicker@405a4a78)
D/nofatclips(  299): Found widget: id=16908794 (android.widget.NumberPickerButton@40630050)
D/nofatclips(  299): Found widget: id=16908795 (android.widget.EditText@406ce150): May
D/nofatclips(  299): Found widget: id=16908796 (android.widget.NumberPickerButton@40749788)
D/nofatclips(  299): Found widget: id=16908703 (android.widget.NumberPicker@4084c478)
D/nofatclips(  299): Found widget: id=16908794 (android.widget.NumberPickerButton@408891a8)
D/nofatclips(  299): Found widget: id=16908795 (android.widget.EditText@406d2af0): 31
D/nofatclips(  299): Found widget: id=16908796 (android.widget.NumberPickerButton@40691098)
D/nofatclips(  299): Found widget: id=16908704 (android.widget.NumberPicker@4083d308)
D/nofatclips(  299): Found widget: id=16908794 (android.widget.NumberPickerButton@406bc878)
D/nofatclips(  299): Found widget: id=16908795 (android.widget.EditText@40586530): 2014
D/nofatclips(  299): Found widget: id=16908796 (android.widget.NumberPickerButton@407f4b90)
D/nofatclips(  299): Found widget: id=16908674 (android.widget.LinearLayout@406d6308)
D/nofatclips(  299): Found widget: id=-1 (android.widget.LinearLayout@4073e470)
D/nofatclips(  299): Found widget: id=16908675 (android.widget.LinearLayout@4073e5c0)
D/nofatclips(  299): Found widget: id=16908313 (android.widget.Button@40686a88): Set
D/nofatclips(  299): Found widget: id=16908315 (android.widget.Button@40634130): 
D/nofatclips(  299): Found widget: id=16908314 (android.widget.Button@4083a8a8): Cancel
D/nofatclips(  299): Found widget: id=16908676 (android.widget.LinearLayout@405de178)
D/nofatclips(  299): Found widget: id=-1 (com.android.internal.policy.impl.PhoneWindow$DecorView@408c1c68)
V/ReflectionHelper(  299): android.widget.NumberPicker > mOnFocusChangeListener FOUND | NOT ACTIVE
V/ReflectionHelper(  299): android.widget.EditText > mOnFocusChangeListener FOUND | ACTIVE
V/nicola  (  299): TextualID : null
V/nicola  (  299): ContentType detected : default
V/ReflectionHelper(  299): android.widget.NumberPicker > mOnFocusChangeListener FOUND | NOT ACTIVE
V/ReflectionHelper(  299): android.widget.EditText > mOnFocusChangeListener FOUND | ACTIVE
V/nicola  (  299): TextualID : null
V/nicola  (  299): ContentType detected : number
V/ReflectionHelper(  299): android.widget.NumberPicker > mOnFocusChangeListener FOUND | NOT ACTIVE
V/ReflectionHelper(  299): android.widget.EditText > mOnFocusChangeListener FOUND | ACTIVE
V/nicola  (  299): TextualID : null
V/nicola  (  299): ContentType detected : number
V/nicola  (  299): TextualID : null
V/nicola  (  299): ContentType detected : default
V/nicola  (  299): TextualID : null
V/nicola  (  299): ContentType detected : default
I/nofatclips(  299): Performing comparation for activity EditPost
D/nofatclips(  299): Comparing against activity EditPost
D/nofatclips(  299): Comparing against activity Comments
D/nofatclips(  299): Comparing against activity EditPost
D/nofatclips(  299): Comparing against activity Comments
D/nofatclips(  299): Comparing against activity Dashboard
D/nofatclips(  299): Comparing against activity Comments
D/nofatclips(  299): Comparing against activity EditPost
D/nofatclips(  299): Comparing against activity EditPost
D/nofatclips(  299): Comparing against activity Read
D/nofatclips(  299): Comparing against activity Read
D/nofatclips(  299): Comparing against activity Comments
D/nofatclips(  299): Comparing against activity Dashboard
D/nofatclips(  299): Comparing against activity Dashboard
D/nofatclips(  299): Comparing against activity EditPost
D/nofatclips(  299): Comparing against activity Read
I/nofatclips(  299): Registering activity EditPost (id: a18) as a new found state
D/nofatclips(  299): Performing backup of the old activity list on disk
D/nofatclips(  299): Saving new found state 'a18' on disk
V/nofatclips(  299): Opening state file in append mode.
I/nofatclips(  299): Saved image on disk: a18.jpg
I/nofatclips(  299): Waiting for 100 msec.
I/nofatclips(  299): Session count is 1. Will dump to disk at 1
I/nofatclips(  299): Saving the session on disk.
D/dalvikvm(  299): GC_FOR_MALLOC freed 970K, 51% free 4621K/9351K, external 4731K/4805K, paused 91ms
I/nofatclips(  299): Planning for new Activity EditPost
D/nofatclips(  299): Handling event 'click' on widget id=16908794 type=button name=
D/nofatclips(  299): Handling event 'focus' on widget id=16908795 type=focusableEditText name=
D/nofatclips(  299): Handling event 'click' on widget id=16908796 type=button name=
D/nofatclips(  299): Handling event 'click' on widget id=16908794 type=button name=
D/nofatclips(  299): Handling event 'focus' on widget id=16908795 type=focusableEditText name=
D/nofatclips(  299): Handling event 'click' on widget id=16908796 type=button name=
D/nofatclips(  299): Handling event 'click' on widget id=16908794 type=button name=
D/nofatclips(  299): Handling event 'focus' on widget id=16908795 type=focusableEditText name=
D/nofatclips(  299): Handling event 'click' on widget id=16908796 type=button name=
D/nofatclips(  299): Handling event 'click' on widget id=16908313 type=button name=Set
D/nofatclips(  299): Handling event 'click' on widget id=16908314 type=button name=Cancel
I/nofatclips(  299): Created trace to press the back button
I/nofatclips(  299): Created trace to press the menu button
I/nofatclips(  299): Created trace to change orientation
D/dalvikvm(  299): GC_CONCURRENT freed 1995K, 51% free 4673K/9351K, external 4378K/4805K, paused 4ms+5ms
I/nofatclips(  299): Check for termination: 83 steps left of 100
I/nofatclips(  299): Dispatching new task. 2 more tasks remaining.
D/nofatclips(  299): Performing backup of the old task list on disk
D/nofatclips(  299): Saving task list on disk
V/nofatclips(  299): Backing up trace #177 to disk.
D/dalvikvm(  299): GC_FOR_MALLOC freed 895K, 51% free 4613K/9351K, external 4378K/4805K, paused 46ms
V/nofatclips(  299): Backing up trace #178 to disk.
D/nofatclips(  299): Deleting backup of the old task list from disk
D/nofatclips(  299): Deleting backup of the old activity list from disk
I/nofatclips(  299): Incrementally Playing Trace 178
I/nofatclips(  299): Retrieved from return list id=16908796
D/nofatclips(  299): Testing for type (android.widget.NumberPickerButton) against the original (android.widget.NumberPickerButton)
D/nofatclips(  299): Testing for name () against the original ()
I/nofatclips(  299): Firing event: type= click index=16 widget=android.widget.NumberPickerButton
W/KeyCharacterMap(  299): No keyboard for id 0
W/KeyCharacterMap(  299): Using default keymap: /system/usr/keychars/qwerty.kcm.bin
D/dalvikvm(  115): GC_EXTERNAL_ALLOC freed 29K, 44% free 3457K/6151K, external 3051K/3180K, paused 180ms
W/InputDispatcher(   61): Permission denied: injecting event from pid 299 uid 10034 to window with input channel 406836b0 InputMethod (server) owned by uid 10004
W/WindowManager(   61): Input event injection permission denied.
I/nofatclips(  299): Saving the session on disk. This is the last batch. The session will be terminated.
D/dalvikvm(  299): GC_FOR_MALLOC freed 548K, 51% free 4596K/9351K, external 4378K/4805K, paused 211ms
D/dalvikvm(  299): GC_FOR_MALLOC freed 133K, 52% free 4569K/9351K, external 4378K/4805K, paused 186ms
D/nofatclips(  299): Performing backup of the old task list on disk
D/nofatclips(  299): Saving task list on disk
V/nofatclips(  299): Backing up trace #177 to disk.
D/nofatclips(  299): Deleting backup of the old task list from disk
D/dalvikvm(  299): GC_EXPLICIT freed 227K, 51% free 4585K/9351K, external 4386K/4805K, paused 192ms
D/dalvikvm(  299): GC_EXPLICIT freed 57K, 52% free 4534K/9351K, external 4386K/4805K, paused 174ms
I/TestRunner(  299): failed: testAndCrawl(com.nofatclips.crawler.guitree.NomadEngine)
I/TestRunner(  299): ----- begin exception -----
I/TestRunner(  299): 
I/TestRunner(  299): junit.framework.AssertionFailedError: Click can not be completed!
I/TestRunner(  299): 	at junit.framework.Assert.fail(Assert.java:47)
I/TestRunner(  299): 	at junit.framework.Assert.assertTrue(Assert.java:20)
I/TestRunner(  299): 	at com.jayway.android.robotium.solo.Clicker.clickOnScreen(Clicker.java:91)
I/TestRunner(  299): 	at com.jayway.android.robotium.solo.Clicker.clickOnScreen(Clicker.java:166)
I/TestRunner(  299): 	at com.jayway.android.robotium.solo.Clicker.clickOnScreen(Clicker.java:139)
I/TestRunner(  299): 	at com.jayway.android.robotium.solo.Solo.clickOnView(Solo.java:785)
I/TestRunner(  299): 	at com.nofatclips.crawler.automation.RobotUtilities.click(RobotUtilities.java:51)
I/TestRunner(  299): 	at com.nofatclips.crawler.automation.Automation.injectInteraction(Automation.java:210)
I/TestRunner(  299): 	at com.nofatclips.crawler.automation.Automation.fireEventOnView(Automation.java:197)
I/TestRunner(  299): 	at com.nofatclips.crawler.automation.Automation.fireEvent(Automation.java:139)
I/TestRunner(  299): 	at com.nofatclips.crawler.automation.Automation.process(Automation.java:110)
I/TestRunner(  299): 	at com.nofatclips.crawler.guitree.RandomEngine.process(RandomEngine.java:88)
I/TestRunner(  299): 	at com.nofatclips.crawler.Engine.testAndCrawl(Engine.java:73)
I/TestRunner(  299): 	at java.lang.reflect.Method.invokeNative(Native Method)
I/TestRunner(  299): 	at java.lang.reflect.Method.invoke(Method.java:507)
I/TestRunner(  299): 	at android.test.InstrumentationTestCase.runMethod(InstrumentationTestCase.java:204)
I/TestRunner(  299): 	at android.test.InstrumentationTestCase.runTest(InstrumentationTestCase.java:194)
I/TestRunner(  299): 	at android.test.ActivityInstrumentationTestCase2.runTest(ActivityInstrumentationTestCase2.java:186)
I/TestRunner(  299): 	at junit.framework.TestCase.runBare(TestCase.java:127)
I/TestRunner(  299): 	at junit.framework.TestResult$1.protect(TestResult.java:106)
I/TestRunner(  299): 	at junit.framework.TestResult.runProtected(TestResult.java:124)
I/TestRunner(  299): 	at junit.framework.TestResult.run(TestResult.java:109)
I/TestRunner(  299): 	at junit.framework.TestCase.run(TestCase.java:118)
I/TestRunner(  299): 	at android.test.AndroidTestRunner.runTest(AndroidTestRunner.java:169)
I/TestRunner(  299): 	at android.test.AndroidTestRunner.runTest(AndroidTestRunner.java:154)
I/TestRunner(  299): 	at android.test.InstrumentationTestRunner.onStart(InstrumentationTestRunner.java:529)
I/TestRunner(  299): 	at android.app.Instrumentation$InstrumentationThread.run(Instrumentation.java:1448)
I/TestRunner(  299): ----- end exception -----
I/TestRunner(  299): finished: testAndCrawl(com.nofatclips.crawler.guitree.NomadEngine)
E/InstrumentationTestRunner(  299): Failed to generate emma coverage. Is emma jar on classpath?
E/InstrumentationTestRunner(  299): java.lang.ClassNotFoundException: com.vladium.emma.rt.RT
E/InstrumentationTestRunner(  299): 	at java.lang.Class.classForName(Native Method)
E/InstrumentationTestRunner(  299): 	at java.lang.Class.forName(Class.java:234)
E/InstrumentationTestRunner(  299): 	at java.lang.Class.forName(Class.java:181)
E/InstrumentationTestRunner(  299): 	at android.test.InstrumentationTestRunner.generateCoverageReport(InstrumentationTestRunner.java:578)
E/InstrumentationTestRunner(  299): 	at android.test.InstrumentationTestRunner.onStart(InstrumentationTestRunner.java:545)
E/InstrumentationTestRunner(  299): 	at android.app.Instrumentation$InstrumentationThread.run(Instrumentation.java:1448)
E/InstrumentationTestRunner(  299): Caused by: java.lang.NoClassDefFoundError: com.vladium.emma.rt.RT
E/InstrumentationTestRunner(  299): 	... 6 more
E/InstrumentationTestRunner(  299): Caused by: java.lang.ClassNotFoundException: com.vladium.emma.rt.RT in loader dalvik.system.PathClassLoader[/system/framework/android.test.runner.jar:/data/app/com.nofatclips.crawler-1.apk:/data/app/org.wordpress.android-1.apk]
E/InstrumentationTestRunner(  299): 	at dalvik.system.PathClassLoader.findClass(PathClassLoader.java:240)
E/InstrumentationTestRunner(  299): 	at java.lang.ClassLoader.loadClass(ClassLoader.java:551)
E/InstrumentationTestRunner(  299): 	at java.lang.ClassLoader.loadClass(ClassLoader.java:511)
E/InstrumentationTestRunner(  299): 	... 6 more
I/ActivityManager(   61): Force stopping package org.wordpress.android uid=10034
D/AndroidRuntime(  265): Shutting down VM
I/Process (   61): Sending signal. PID: 299 SIG: 9
I/ActivityManager(   61):   Force finishing activity HistoryRecord{405bbd38 org.wordpress.android/.Dashboard}
W/ActivityManager(   61): Duplicate finish request for HistoryRecord{405bbd38 org.wordpress.android/.Dashboard}
I/AndroidRuntime(  265): NOTE: attach of thread 'Binder Thread #3' failed
D/dalvikvm(  265): GC_CONCURRENT freed 111K, 71% free 297K/1024K, external 0K/0K, paused 2ms+2ms
D/jdwp    (  265): adbd disconnected
W/WindowManager(   61): Rebuild removed 5 windows but added 4
W/WindowManager(   61): Rebuild removed 4 windows but added 2
I/WindowManager(   61): WIN DEATH: Window{40758d90 org.wordpress.android/org.wordpress.android.Dashboard paused=true}
E/InputDispatcher(   61): channel '406a0100 org.wordpress.android/org.wordpress.android.EditPost (server)' ~ Consumer closed input channel or an error occurred.  events=0x8
E/InputDispatcher(   61): channel '406a0100 org.wordpress.android/org.wordpress.android.EditPost (server)' ~ Channel is unrecoverably broken and will be disposed!
I/WindowManager(   61): WIN DEATH: Window{40764570 org.wordpress.android/org.wordpress.android.Comments paused=false}
I/WindowManager(   61): WIN DEATH: Window{40716128 org.wordpress.android/org.wordpress.android.EditPost paused=false}
I/WindowManager(   61): WIN DEATH: Window{406a0100 org.wordpress.android/org.wordpress.android.EditPost paused=false}
E/InputDispatcher(   61): Received spurious receive callback for unknown input channel.  fd=161, events=0x8
E/InputDispatcher(   61): Received spurious receive callback for unknown input channel.  fd=156, events=0x8
I/DEBUG   (   31): debuggerd: Feb  3 2011 14:45:34
D/qemud   (   38): entering main loop
I/Vold    (   29): Vold 2.1 (the revenge) firing up
I/Netd    (   30): Netd 1.0 starting
D/Vold    (   29): USB mass storage support is not enabled in the kernel
D/Vold    (   29): usb_configuration switch is not enabled in the kernel
D/Vold    (   29): Volume sdcard state changing -1 (Initializing) -> 0 (No-Media)
D/Vold    (   29): Volume sdcard state changing 0 (No-Media) -> 1 (Idle-Unmounted)
D/qemud   (   38): fdhandler_accept_event: accepting on fd 9
D/qemud   (   38): created client 0xe078 listening on fd 10
D/qemud   (   38): client_fd_receive: attempting registration for service 'boot-properties'
D/qemud   (   38): client_fd_receive:    -> received channel id 1
D/qemud   (   38): client_registration: registration succeeded for client 1
I/qemu-props(   52): connected to 'boot-properties' qemud service.
I/qemu-props(   52): receiving..
I/qemu-props(   52): received: dalvik.vm.heapsize=64m
I/qemu-props(   52): receiving..
I/qemu-props(   52): received: ro.config.low_ram=true
I/qemu-props(   52): receiving..
I/qemu-props(   52): received: qemu.sf.lcd_density=160
I/qemu-props(   52): receiving..
I/qemu-props(   52): received: qemu.hw.mainkeys=0
I/qemu-props(   52): receiving..
I/qemu-props(   52): received: qemu.sf.fake_camera=none
I/qemu-props(   52): receiving..
D/qemud   (   38): fdhandler_event: disconnect on fd 10
I/qemu-props(   52): exiting (5 properties set).
D/AndroidRuntime(   33): 
D/AndroidRuntime(   33): >>>>>> AndroidRuntime START com.android.internal.os.ZygoteInit <<<<<<
D/AndroidRuntime(   33): CheckJNI is ON
I/        (   34): ServiceManager: 0xad50
D/AudioHardwareInterface(   34): setMode(NORMAL)
D/qemud   (   38): fdhandler_accept_event: accepting on fd 9
D/qemud   (   38): created client 0xe078 listening on fd 10
D/qemud   (   38): fdhandler_event: disconnect on fd 10
I/CameraService(   34): CameraService started (pid=34)
D/qemud   (   38): fdhandler_accept_event: accepting on fd 9
D/qemud   (   38): created client 0xe078 listening on fd 10
D/qemud   (   38): client_fd_receive: attempting registration for service 'gsm'
D/qemud   (   38): client_fd_receive:    -> received channel id 2
D/qemud   (   38): client_registration: registration succeeded for client 2
I/AudioFlinger(   34): AudioFlinger's thread 0xc658 ready to run
I/SamplingProfilerIntegration(   33): Profiler is disabled.
I/Zygote  (   33): Preloading classes...
E/Zygote  (   33): setreuid() failed. errno: 2
D/dalvikvm(   33): GC_EXPLICIT freed 47K, 78% free 234K/1024K, external 0K/0K, paused 6ms
D/dalvikvm(   33): GC_EXPLICIT freed 1K, 73% free 284K/1024K, external 0K/0K, paused 3ms
D/dalvikvm(   33): GC_EXPLICIT freed 22K, 69% free 318K/1024K, external 0K/0K, paused 4ms
D/dalvikvm(   33): GC_EXPLICIT freed 17K, 66% free 356K/1024K, external 0K/0K, paused 4ms
D/dalvikvm(   33): GC_EXPLICIT freed 26K, 63% free 385K/1024K, external 0K/0K, paused 4ms
D/dalvikvm(   33): GC_EXPLICIT freed 20K, 57% free 441K/1024K, external 0K/0K, paused 4ms
W/MediaProfiles(   33): could not find media config xml file
D/dalvikvm(   33): GC_EXPLICIT freed 99K, 47% free 547K/1024K, external 0K/0K, paused 6ms
D/dalvikvm(   33): GC_EXPLICIT freed 272K, 28% free 885K/1219K, external 0K/0K, paused 13ms
D/dalvikvm(   33): GC_EXPLICIT freed 21K, 24% free 932K/1219K, external 0K/0K, paused 12ms
D/RenderScript_jni(   33): RenderScript JNI library not found!
D/dalvikvm(   33): GC_EXPLICIT freed 25K, 19% free 999K/1219K, external 0K/0K, paused 11ms
D/dalvikvm(   33): GC_EXPLICIT freed 47K, 5% free 1281K/1347K, external 0K/0K, paused 16ms
D/dalvikvm(   33): GC_EXPLICIT freed 24K, 3% free 1311K/1347K, external 0K/0K, paused 19ms
D/dalvikvm(   33): GC_EXPLICIT freed 28K, 6% free 1336K/1411K, external 0K/0K, paused 17ms
D/dalvikvm(   33): GC_EXPLICIT freed 14K, 3% free 1377K/1411K, external 0K/0K, paused 17ms
D/dalvikvm(   33): GC_EXPLICIT freed 28K, 5% free 1402K/1475K, external 0K/0K, paused 17ms
D/dalvikvm(   33): GC_EXPLICIT freed 28K, 3% free 1439K/1475K, external 0K/0K, paused 18ms
D/dalvikvm(   33): GC_EXPLICIT freed 38K, 6% free 1457K/1539K, external 0K/0K, paused 18ms
D/dalvikvm(   33): GC_EXPLICIT freed 40K, 5% free 1471K/1539K, external 0K/0K, paused 18ms
D/dalvikvm(   33): GC_EXPLICIT freed 55K, 8% free 1485K/1603K, external 0K/0K, paused 18ms
D/dalvikvm(   33): GC_FOR_MALLOC freed 2954K, 58% free 2168K/5123K, external 0K/0K, paused 56ms
D/dalvikvm(   33): GC_EXPLICIT freed 1403K, 55% free 2310K/5123K, external 0K/0K, paused 40ms
D/dalvikvm(   33): GC_EXPLICIT freed 148K, 54% free 2373K/5123K, external 0K/0K, paused 34ms
D/dalvikvm(   33): GC_EXPLICIT freed 73K, 54% free 2398K/5123K, external 0K/0K, paused 31ms
D/dalvikvm(   33): GC_EXPLICIT freed 36K, 53% free 2416K/5123K, external 0K/0K, paused 32ms
D/dalvikvm(   33): GC_EXPLICIT freed 31K, 53% free 2439K/5123K, external 0K/0K, paused 31ms
D/dalvikvm(   33): GC_EXPLICIT freed 38K, 52% free 2462K/5123K, external 0K/0K, paused 31ms
I/Zygote  (   33): ...preloaded 1830 classes in 6138ms.
E/Zygote  (   33): setreuid() failed. errno: 17
D/dalvikvm(   33): GC_EXPLICIT freed 18K, 52% free 2460K/5123K, external 0K/0K, paused 35ms
I/Zygote  (   33): Preloading resources...
D/dalvikvm(   33): GC_EXTERNAL_ALLOC freed <1K, 52% free 2462K/5123K, external 0K/0K, paused 36ms
W/Zygote  (   33): Preloaded drawable resource #0x1080093 (res/drawable-mdpi/sym_def_app_icon.png) that varies with configuration!!
W/Zygote  (   33): Preloaded drawable resource #0x1080002 (res/drawable-mdpi/arrow_down_float.png) that varies with configuration!!
W/Zygote  (   33): Preloaded drawable resource #0x10800b4 (res/drawable/btn_check.xml) that varies with configuration!!
W/Zygote  (   33): Preloaded drawable resource #0x10800b7 (res/drawable-mdpi/btn_check_label_background.9.png) that varies with configuration!!
W/Zygote  (   33): Preloaded drawable resource #0x10800b8 (res/drawable-mdpi/btn_check_off.png) that varies with configuration!!
W/Zygote  (   33): Preloaded drawable resource #0x10800bd (res/drawable-mdpi/btn_check_on.png) that varies with configuration!!
W/Zygote  (   33): Preloaded drawable resource #0x1080004 (res/drawable/btn_default.xml) that varies with configuration!!
W/Zygote  (   33): Preloaded drawable resource #0x1080005 (res/drawable/btn_default_small.xml) that varies with configuration!!
W/Zygote  (   33): Preloaded drawable resource #0x1080006 (res/drawable/btn_dropdown.xml) that varies with configuration!!
W/Zygote  (   33): Preloaded drawable resource #0x1080008 (res/drawable/btn_plus.xml) that varies with configuration!!
W/Zygote  (   33): Preloaded drawable resource #0x1080007 (res/drawable/btn_minus.xml) that varies with configuration!!
W/Zygote  (   33): Preloaded drawable resource #0x1080009 (res/drawable/btn_radio.xml) that varies with configuration!!
W/Zygote  (   33): Preloaded drawable resource #0x108000a (res/drawable/btn_star.xml) that varies with configuration!!
D/dalvikvm(   33): GC_EXPLICIT freed 25K, 52% free 2499K/5123K, external 408K/521K, paused 31ms
W/Zygote  (   33): Preloaded drawable resource #0x1080132 (res/drawable/btn_toggle.xml) that varies with configuration!!
W/Zygote  (   33): Preloaded drawable resource #0x1080196 (res/drawable-mdpi/ic_emergency.png) that varies with configuration!!
W/Zygote  (   33): Preloaded drawable resource #0x1080012 (res/drawable-mdpi/divider_horizontal_bright.9.png) that varies with configuration!!
W/Zygote  (   33): Preloaded drawable resource #0x1080014 (res/drawable-mdpi/divider_horizontal_dark.9.png) that varies with configuration!!
W/Zygote  (   33): Preloaded drawable resource #0x1080016 (res/drawable/edit_text.xml) that varies with configuration!!
W/Zygote  (   33): Preloaded drawable resource #0x1080170 (res/drawable/expander_group.xml) that varies with configuration!!
W/Zygote  (   33): Preloaded drawable resource #0x1080062 (res/drawable/list_selector_background.xml) that varies with configuration!!
W/Zygote  (   33): Preloaded drawable resource #0x108022a (res/drawable-mdpi/menu_background.9.png) that varies with configuration!!
W/Zygote  (   33): Preloaded drawable resource #0x108022b (res/drawable-mdpi/menu_background_fill_parent_width.9.png) that varies with configuration!!
W/Zygote  (   33): Preloaded drawable resource #0x108022c (res/drawable/menu_selector.xml) that varies with configuration!!
D/dalvikvm(   33): GC_EXTERNAL_ALLOC freed 16K, 51% free 2512K/5123K, external 516K/521K, paused 33ms
W/Zygote  (   33): Preloaded drawable resource #0x108023a (res/drawable-mdpi/panel_background.9.png) that varies with configuration!!
W/Zygote  (   33): Preloaded drawable resource #0x1080242 (res/drawable-mdpi/popup_bottom_bright.9.png) that varies with configuration!!
W/Zygote  (   33): Preloaded drawable resource #0x1080243 (res/drawable-mdpi/popup_bottom_dark.9.png) that varies with configuration!!
W/Zygote  (   33): Preloaded drawable resource #0x1080244 (res/drawable-mdpi/popup_bottom_medium.9.png) that varies with configuration!!
W/Zygote  (   33): Preloaded drawable resource #0x1080245 (res/drawable-mdpi/popup_center_bright.9.png) that varies with configuration!!
W/Zygote  (   33): Preloaded drawable resource #0x1080246 (res/drawable-mdpi/popup_center_dark.9.png) that varies with configuration!!
W/Zygote  (   33): Preloaded drawable resource #0x1080249 (res/drawable-mdpi/popup_full_dark.9.png) that varies with configuration!!
W/Zygote  (   33): Preloaded drawable resource #0x108024c (res/drawable-mdpi/popup_top_bright.9.png) that varies with configuration!!
W/Zygote  (   33): Preloaded drawable resource #0x108024d (res/drawable-mdpi/popup_top_dark.9.png) that varies with configuration!!
W/Zygote  (   33): Preloaded drawable resource #0x108006d (res/drawable/progress_indeterminate_horizontal.xml) that varies with configuration!!
W/Zygote  (   33): Preloaded drawable resource #0x1080253 (res/drawable/progress_small.xml) that varies with configuration!!
W/Zygote  (   33): Preloaded drawable resource #0x1080254 (res/drawable/progress_small_titlebar.xml) that varies with configuration!!
W/Zygote  (   33): Preloaded drawable resource #0x1080274 (res/drawable-mdpi/scrollbar_handle_horizontal.9.png) that varies with configuration!!
W/Zygote  (   33): Preloaded drawable resource #0x1080275 (res/drawable-mdpi/scrollbar_handle_vertical.9.png) that varies with configuration!!
D/dalvikvm(   33): GC_EXPLICIT freed 15K, 51% free 2524K/5123K, external 585K/1038K, paused 32ms
W/Zygote  (   33): Preloaded drawable resource #0x1080071 (res/drawable/spinner_dropdown_background.xml) that varies with configuration!!
W/Zygote  (   33): Preloaded drawable resource #0x1080312 (res/drawable-mdpi/text_select_handle_left.png) that varies with configuration!!
W/Zygote  (   33): Preloaded drawable resource #0x1080313 (res/drawable-mdpi/text_select_handle_middle.png) that varies with configuration!!
W/Zygote  (   33): Preloaded drawable resource #0x1080314 (res/drawable-mdpi/text_select_handle_right.png) that varies with configuration!!
W/Zygote  (   33): Preloaded drawable resource #0x1080335 (res/drawable-mdpi/title_bar_shadow.9.png) that varies with configuration!!
W/Zygote  (   33): Preloaded drawable resource #0x10801d8 (res/drawable-mdpi/indicator_code_lock_drag_direction_green_up.png) that varies with configuration!!
W/Zygote  (   33): Preloaded drawable resource #0x10801d9 (res/drawable-mdpi/indicator_code_lock_drag_direction_red_up.png) that varies with configuration!!
W/Zygote  (   33): Preloaded drawable resource #0x10801da (res/drawable-mdpi/indicator_code_lock_point_area_default.png) that varies with configuration!!
W/Zygote  (   33): Preloaded drawable resource #0x10801db (res/drawable-mdpi/indicator_code_lock_point_area_green.png) that varies with configuration!!
W/Zygote  (   33): Preloaded drawable resource #0x10801dc (res/drawable-mdpi/indicator_code_lock_point_area_red.png) that varies with configuration!!
I/Zygote  (   33): ...preloaded 51 resources in 474ms.
I/Zygote  (   33): ...preloaded 15 resources in 13ms.
D/dalvikvm(   33): GC_EXPLICIT freed 23K, 51% free 2533K/5123K, external 716K/1038K, paused 32ms
D/dalvikvm(   33): GC_EXPLICIT freed 6K, 51% free 2526K/5123K, external 716K/1038K, paused 31ms
D/dalvikvm(   33): GC_EXPLICIT freed <1K, 51% free 2526K/5123K, external 716K/1038K, paused 31ms
I/dalvikvm(   33): System server process 61 has been created
I/Zygote  (   33): Accepting command socket connections
E/BatteryService(   61): usbOnlinePath not found
E/BatteryService(   61): batteryVoltagePath not found
E/BatteryService(   61): batteryTemperaturePath not found
I/sysproc (   61): Entered system_init()
I/sysproc (   61): ServiceManager: 0x93138
I/SurfaceFlinger(   61): SurfaceFlinger is starting
I/SurfaceFlinger(   61): SurfaceFlinger's main thread ready to run. Initializing graphics H/W...
E/SurfaceFlinger(   61): Couldn't open /sys/power/wait_for_fb_sleep or /sys/power/wait_for_fb_wake
I/gralloc (   61): using (fd=26)
I/gralloc (   61): id           = 
I/gralloc (   61): xres         = 320 px
I/gralloc (   61): yres         = 480 px
I/gralloc (   61): xres_virtual = 320 px
I/gralloc (   61): yres_virtual = 960 px
I/gralloc (   61): bpp          = 16
I/gralloc (   61): r            = 11:5
I/gralloc (   61): g            =  5:6
I/gralloc (   61): b            =  0:5
I/gralloc (   61): width        = 49 mm (165.877548 dpi)
I/gralloc (   61): height       = 74 mm (164.756760 dpi)
I/gralloc (   61): refresh rate = 60.00 Hz
D/libEGL  (   61): egl.cfg not found, using default config
D/libEGL  (   61): loaded /system/lib/egl/libGLES_android.so
I/SurfaceFlinger(   61): EGL informations:
I/SurfaceFlinger(   61): # of configs : 8
I/SurfaceFlinger(   61): vendor    : Android
I/SurfaceFlinger(   61): version   : 1.4 Android META-EGL
I/SurfaceFlinger(   61): extensions: EGL_KHR_image EGL_KHR_image_base EGL_KHR_image_pixmap EGL_ANDROID_image_native_buffer EGL_ANDROID_swap_rectangle 
I/SurfaceFlinger(   61): Client API: OpenGL ES
I/SurfaceFlinger(   61): EGLSurface: 5-6-5-0, config=0x0
I/SurfaceFlinger(   61): OpenGL informations:
I/SurfaceFlinger(   61): vendor    : Android
I/SurfaceFlinger(   61): renderer  : Android PixelFlinger 1.4
I/SurfaceFlinger(   61): version   : OpenGL ES-CM 1.0
I/SurfaceFlinger(   61): extensions: GL_OES_byte_coordinates GL_OES_fixed_point GL_OES_single_precision GL_OES_read_format GL_OES_compressed_paletted_texture GL_OES_draw_texture GL_OES_matrix_get GL_OES_query_matrix GL_OES_EGL_image GL_OES_compressed_ETC1_RGB8_texture GL_ARB_texture_compression GL_ARB_texture_non_power_of_two GL_ANDROID_user_clip_plane GL_ANDROID_vertex_buffer_object GL_ANDROID_generate_mipmap 
I/SurfaceFlinger(   61): GL_MAX_TEXTURE_SIZE = 4096
I/SurfaceFlinger(   61): GL_MAX_VIEWPORT_DIMS = 4096
I/SurfaceFlinger(   61): flags = 000c0000
D/SensorService(   61): nuSensorService starting...
E/SensorService(   61): couldn't open device for module sensors (Invalid argument)
I/sysproc (   61): System server: starting Android runtime.
I/sysproc (   61): System server: starting Android services.
I/SystemServer(   61): Entered the Android system server!
I/sysproc (   61): System server: entering thread pool.
I/SystemServer(   61): Entropy Service
I/SystemServer(   61): Power Manager
I/SystemServer(   61): Activity Manager
I/ActivityManager(   61): Memory class: 64
W/UsageStats(   61): Usage stats version changed; dropping
D/libEGL  (   73): egl.cfg not found, using default config
D/libEGL  (   73): loaded /system/lib/egl/libGLES_android.so
I/SystemServer(   61): Telephony Registry
W/zipro   (   73): Unable to open zip '/data/local/bootanimation.zip': No such file or directory
W/zipro   (   73): Unable to open zip '/system/media/bootanimation.zip': No such file or directory
I/SystemServer(   61): Package Manager
I/Installer(   61): connecting...
I/ARMAssembler(   61): generated scanline__00000077:03010104_00000004_00000000 [ 22 ipp] (41 ins) at [0x46dfd1e8:0x46dfd28c] in 2849021 ns
I/installd(   35): new connection
I/ARMAssembler(   73): generated scanline__00000077:03545404_00000A01_00000000 [ 30 ipp] (51 ins) at [0x403461e8:0x403462b4] in 1598993 ns
D/dalvikvm(   61): GC_CONCURRENT freed 173K, 51% free 2814K/5639K, external 716K/1038K, paused 3ms+4ms
W/PackageManager(   61): Running ENG build: no pre-dexopt!
D/dalvikvm(   61): GC_CONCURRENT freed 243K, 49% free 3038K/5895K, external 716K/1038K, paused 3ms+5ms
D/dalvikvm(   61): GC_CONCURRENT freed 240K, 47% free 3309K/6215K, external 716K/1038K, paused 3ms+10ms
D/PackageManager(   61): No files in app dir /vendor/app
I/PackageManager(   61): Unpacking native libraries for /data/app/com.nofatclips.crawler-1.apk
D/szipinf (   61): Initializing inflate state
I/PackageManager(   61): Unpacking native libraries for /data/app/org.wordpress.android-1.apk
I/PackageManager(   61): Unpacking native libraries for /data/app/GestureBuilder.apk
I/PackageManager(   61): Unpacking native libraries for /data/app/SoftKeyboard.apk
I/PackageManager(   61): Unpacking native libraries for /data/app/CubeLiveWallpapers.apk
D/szipinf (   61): Initializing inflate state
W/PackageParser(   61): No actions in intent filter at /data/app/ApiDemos.apk Binary XML file line #1882
W/PackageParser(   61): No actions in intent filter at /data/app/ApiDemos.apk Binary XML file line #1888
W/PackageManager(   61): Package com.example.android.apis desires unavailable shared library com.example.will.never.exist; ignoring!
I/PackageManager(   61): Unpacking native libraries for /data/app/ApiDemos.apk
D/dalvikvm(   61): GC_CONCURRENT freed 259K, 45% free 3601K/6471K, external 716K/1038K, paused 3ms+7ms
I/PackageManager(   61): Time to scan packages: 1.301 seconds
W/PackageManager(   61): Unknown permission com.google.android.googleapps.permission.GOOGLE_AUTH.mail in package com.android.contacts
W/PackageManager(   61): Unknown permission android.permission.ADD_SYSTEM_SERVICE in package com.android.phone
W/PackageManager(   61): Not granting permission android.permission.SEND_DOWNLOAD_COMPLETED_INTENTS to package com.android.browser (protectionLevel=2 flags=0x9be45)
W/PackageManager(   61): Unknown permission com.google.android.gm.permission.WRITE_GMAIL in package com.android.settings
W/PackageManager(   61): Unknown permission com.google.android.gm.permission.READ_GMAIL in package com.android.settings
W/PackageManager(   61): Unknown permission com.google.android.googleapps.permission.GOOGLE_AUTH in package com.android.settings
W/PackageManager(   61): Unknown permission com.google.android.googleapps.permission.GOOGLE_AUTH in package com.android.providers.contacts
W/PackageManager(   61): Unknown permission com.google.android.googleapps.permission.GOOGLE_AUTH.cp in package com.android.providers.contacts
W/PackageManager(   61): Unknown permission com.google.android.googleapps.permission.ACCESS_GOOGLE_PASSWORD in package com.android.development
W/PackageManager(   61): Unknown permission com.google.android.googleapps.permission.GOOGLE_AUTH in package com.android.development
W/PackageManager(   61): Unknown permission com.google.android.googleapps.permission.GOOGLE_AUTH.ALL_SERVICES in package com.android.development
W/PackageManager(   61): Unknown permission com.google.android.googleapps.permission.GOOGLE_AUTH.YouTubeUser in package com.android.development
W/PackageManager(   61): Unknown permission android.permission.READ_OWNER_DATA in package com.android.email
W/PackageManager(   61): Not granting permission android.permission.DEVICE_POWER to package com.android.deskclock (protectionLevel=2 flags=0x8be45)
D/dalvikvm(   61): GC_EXPLICIT freed 302K, 46% free 3570K/6599K, external 716K/1038K, paused 49ms
I/SystemServer(   61): Account Manager
I/SystemServer(   61): Content Manager
I/SystemServer(   61): System Content Providers
I/ActivityThread(   61): Pub settings: com.android.providers.settings.SettingsProvider
I/SystemServer(   61): Battery Service
D/SettingsProvider(   61): cache for settings table 'secure' rows=27; fullycached=true
I/SystemServer(   61): Lights Service
I/SystemServer(   61): Vibrator Service
D/qemud   (   38): fdhandler_accept_event: accepting on fd 9
D/qemud   (   38): created client 0x13ee8 listening on fd 11
D/qemud   (   38): client_fd_receive: attempting registration for service 'hw-control'
D/qemud   (   38): client_fd_receive:    -> received channel id 3
D/qemud   (   38): client_registration: registration succeeded for client 3
D/SettingsProvider(   61): cache for settings table 'system' rows=46; fullycached=true
I/SystemServer(   61): Alarm Manager
I/SystemServer(   61): Init Watchdog
I/SystemServer(   61): Window Manager
I/InputManager(   61): Initializing input manager
I/InputManager(   61): Starting input manager
I/SystemServer(   61): Registering null Bluetooth Service (emulator)
E/System  (   61): Failure starting core service
E/System  (   61): java.lang.SecurityException
E/System  (   61): 	at android.os.BinderProxy.transact(Native Method)
E/System  (   61): 	at android.os.ServiceManagerProxy.addService(ServiceManagerNative.java:146)
E/System  (   61): 	at android.os.ServiceManager.addService(ServiceManager.java:72)
E/System  (   61): 	at com.android.server.ServerThread.run(SystemServer.java:206)
I/SystemServer(   61): Device Policy
I/SystemServer(   61): Status Bar
I/SystemServer(   61): Clipboard Service
I/SystemServer(   61): Input Method Service
I/EventHub(   61): New keyboard: device->id=0x10000 devname='qwerty2' propName='hw.keyboards.65536.devname' keylayout='/system/usr/keylayout/qwerty.kl'
I/EventHub(   61): New device: path=/dev/input/event0 name=qwerty2 id=0x10000 (of 0x1) index=1 fd=86 classes=0x87
E/EventHub(   61): could not get driver version for /dev/input/mouse0, Not a typewriter
E/EventHub(   61): could not get driver version for /dev/input/mice, Not a typewriter
I/InputManager-Callbacks(   61): No input device calibration properties found for device qwerty2.
I/InputReader(   61): Device added: id=0x0, name=qwerty2, sources=00001103
I/InputManagerService(   61): Enabled input methods: jp.co.omronsoft.openwnn/.OpenWnnJAJP:com.android.inputmethod.latin/.LatinIME:com.android.inputmethod.pinyin/.PinyinIME:com.example.android.softkeyboard/.SoftKeyboard
I/SystemServer(   61): NetStat Service
I/SystemServer(   61): NetworkManagement Service
I/SystemServer(   61): Connectivity Service
I/WifiService(   61): WifiService starting up with Wi-Fi disabled
D/NetworkManagmentService(   61): Registering observer
I/SystemServer(   61): Throttle Service
I/SystemServer(   61): Accessibility Manager
I/SystemServer(   61): Mount Service
I/SystemServer(   61): Notification Manager
I/SystemServer(   61): Device Storage Monitor
I/SystemServer(   61): Location Manager
I/SystemServer(   61): Search Service
I/SystemServer(   61): DropBox Service
I/SystemServer(   61): Wallpaper Service
D/VoldCmdListener(   29): volume list
I/PackageManager(   61): Updating external media status from unmounted to unmounted
D/VoldCmdListener(   29): share status ums
I/SystemServer(   61): Audio Service
D/AudioHardwareInterface(   34): setMode(NORMAL)
W/AudioPolicyManagerBase(   34): setPhoneState() setting same state 0
E/SoundPool(   61): error loading /system/media/audio/ui/Effect_Tick.ogg
