V/nofatclips(  299): Updating value ACTIVITY_DESCRIPTION_IN_SESSION
V/nofatclips(  299): Updating value ADDITIONAL_CRITERIAS
V/nofatclips(  299): Updating value ADDITIONAL_EVENTS
V/nofatclips(  299): Updating value ADDITIONAL_INPUTS
V/nofatclips(  299): Updating value CLASS_NAME
D/nofatclips(  299): Updated value of parameter CLASS_NAME to org.wordpress.android.Dashboard (default = app.package.class)
V/nofatclips(  299): Updating value ENABLE_RESUME
V/nofatclips(  299): Updating value PACKAGE_NAME
D/nofatclips(  299): Updated value of parameter PACKAGE_NAME to org.wordpress.android (default = app.package)
V/nofatclips(  299): Updating value RANDOM_SEED
D/nofatclips(  299): Updated value of parameter RANDOM_SEED to 4474567333745081280 (default = 5466516511651561651)
V/nofatclips(  299): Updating value RETRY_FAILED_TRACES
V/nofatclips(  299): Updating value theClass
D/nofatclips(  299): Updating node scheduler
D/nofatclips(  299): Loading node scheduler
V/nofatclips(  299): Updating value ALL_EVENTS_ON_PREFERENCES
V/nofatclips(  299): Updating value BACK_BUTTON_EVENT
V/nofatclips(  299): Updating value DICTIONARY_FIXED_VALUE
V/nofatclips(  299): Updating value DICTIONARY_IGNORE_CONTENT_TYPES
V/nofatclips(  299): Updating value EMULATOR_PORT
V/nofatclips(  299): Updating value EVENTS
D/nofatclips(  299): Updated values of array parameter EVENTS
V/nofatclips(  299): Updating value EVENT_WHEN_NO_ID
V/nofatclips(  299): Updating value EXCLUDE_WIDGETS_INPUTS_IN_GPS_EVENTS
V/nofatclips(  299): Updating value EXCLUDE_WIDGETS_INPUTS_IN_SENSORS_EVENTS
V/nofatclips(  299): Updating value INPUTS
D/nofatclips(  299): Updated values of array parameter INPUTS
V/nofatclips(  299): Updating value KEY_EVENTS
V/nofatclips(  299): Updating value MAX_EVENTS_PER_WIDGET
V/nofatclips(  299): Updating value MAX_TASKS_IN_SCHEDULER
D/nofatclips(  299): Updated value of parameter MAX_TASKS_IN_SCHEDULER to 2 (default = 0)
V/nofatclips(  299): Updating value MAX_TASKS_PER_EVENT
V/nofatclips(  299): Updating value MENU_EVENTS
V/nofatclips(  299): Updating value ORIENTATION_EVENTS
V/nofatclips(  299): Updating value PLANNER
V/nofatclips(  299): Updating value REFLECT_ACTIVITY_LISTENERS
V/nofatclips(  299): Updating value REFLECT_WIDGETS
V/nofatclips(  299): Updating value SCHEDULER_ALGORITHM
D/nofatclips(  299): Updated value of parameter SCHEDULER_ALGORITHM to DEPTH_FIRST (default = BREADTH_FIRST)
V/nofatclips(  299): Updating value SCROLL_DOWN_EVENT
V/nofatclips(  299): Updating value SENSOR_TYPES
V/nofatclips(  299): Updating value SIMULATE_INCOMING_CALL
V/nofatclips(  299): Updating value SIMULATE_INCOMING_SMS
V/nofatclips(  299): Updating value TAB_EVENTS_START_ONLY
V/nofatclips(  299): Updating value TEST_LOCATION_PROVIDER
V/nofatclips(  299): Updating value TEXT_VALUES_FROM_DICTIONARY
V/nofatclips(  299): Updating value TEXT_VALUES_ID_HASH
V/nofatclips(  299): Updating value USE_GPS
V/nofatclips(  299): Updating value USE_SENSORS
D/nofatclips(  299): Updating node planner
D/nofatclips(  299): Loading node planner
V/nofatclips(  299): Updating value ALL_EVENTS_ON_PREFERENCES
V/nofatclips(  299): Updating value BACK_BUTTON_EVENT
V/nofatclips(  299): Updating value DICTIONARY_FIXED_VALUE
V/nofatclips(  299): Updating value DICTIONARY_IGNORE_CONTENT_TYPES
V/nofatclips(  299): Updating value EMULATOR_PORT
V/nofatclips(  299): Updating value EVENTS
D/nofatclips(  299): Updated values of array parameter EVENTS
V/nofatclips(  299): Updating value EVENT_WHEN_NO_ID
V/nofatclips(  299): Updating value EXCLUDE_WIDGETS_INPUTS_IN_GPS_EVENTS
V/nofatclips(  299): Updating value EXCLUDE_WIDGETS_INPUTS_IN_SENSORS_EVENTS
V/nofatclips(  299): Updating value INPUTS
D/nofatclips(  299): Updated values of array parameter INPUTS
V/nofatclips(  299): Updating value KEY_EVENTS
V/nofatclips(  299): Updating value MAX_EVENTS_PER_WIDGET
V/nofatclips(  299): Updating value MAX_TASKS_IN_SCHEDULER
V/nofatclips(  299): Updating value MAX_TASKS_PER_EVENT
V/nofatclips(  299): Updating value MENU_EVENTS
V/nofatclips(  299): Updating value ORIENTATION_EVENTS
V/nofatclips(  299): Updating value PLANNER
V/nofatclips(  299): Updating value REFLECT_ACTIVITY_LISTENERS
V/nofatclips(  299): Updating value REFLECT_WIDGETS
V/nofatclips(  299): Updating value SCHEDULER_ALGORITHM
V/nofatclips(  299): Updating value SCROLL_DOWN_EVENT
V/nofatclips(  299): Updating value SENSOR_TYPES
V/nofatclips(  299): Updating value SIMULATE_INCOMING_CALL
V/nofatclips(  299): Updating value SIMULATE_INCOMING_SMS
V/nofatclips(  299): Updating value TAB_EVENTS_START_ONLY
V/nofatclips(  299): Updating value TEST_LOCATION_PROVIDER
V/nofatclips(  299): Updating value TEXT_VALUES_FROM_DICTIONARY
V/nofatclips(  299): Updating value TEXT_VALUES_ID_HASH
D/nofatclips(  299): Updated value of parameter TEXT_VALUES_ID_HASH to true (default = false)
V/nofatclips(  299): Updating value USE_GPS
V/nofatclips(  299): Updating value USE_SENSORS
D/nofatclips(  299): Updating node interactions
D/nofatclips(  299): Loading node interactions
V/nofatclips(  299): Updating value ALL_EVENTS_ON_PREFERENCES
V/nofatclips(  299): Updating value BACK_BUTTON_EVENT
V/nofatclips(  299): Updating value DICTIONARY_FIXED_VALUE
V/nofatclips(  299): Updating value DICTIONARY_IGNORE_CONTENT_TYPES
V/nofatclips(  299): Updating value EMULATOR_PORT
V/nofatclips(  299): Updating value EVENTS
D/nofatclips(  299): Updated values of array parameter EVENTS
V/nofatclips(  299): Updating value EVENT_WHEN_NO_ID
V/nofatclips(  299): Updating value EXCLUDE_WIDGETS_INPUTS_IN_GPS_EVENTS
V/nofatclips(  299): Updating value EXCLUDE_WIDGETS_INPUTS_IN_SENSORS_EVENTS
V/nofatclips(  299): Updating value INPUTS
D/nofatclips(  299): Updated values of array parameter INPUTS
V/nofatclips(  299): Updating value KEY_EVENTS
V/nofatclips(  299): Updating value MAX_EVENTS_PER_WIDGET
V/nofatclips(  299): Updating value MAX_TASKS_IN_SCHEDULER
V/nofatclips(  299): Updating value MAX_TASKS_PER_EVENT
V/nofatclips(  299): Updating value MENU_EVENTS
V/nofatclips(  299): Updating value ORIENTATION_EVENTS
V/nofatclips(  299): Updating value PLANNER
V/nofatclips(  299): Updating value REFLECT_ACTIVITY_LISTENERS
V/nofatclips(  299): Updating value REFLECT_WIDGETS
V/nofatclips(  299): Updating value SCHEDULER_ALGORITHM
V/nofatclips(  299): Updating value SCROLL_DOWN_EVENT
V/nofatclips(  299): Updating value SENSOR_TYPES
V/nofatclips(  299): Updating value SIMULATE_INCOMING_CALL
V/nofatclips(  299): Updating value SIMULATE_INCOMING_SMS
V/nofatclips(  299): Updating value TAB_EVENTS_START_ONLY
V/nofatclips(  299): Updating value TEST_LOCATION_PROVIDER
V/nofatclips(  299): Updating value TEXT_VALUES_FROM_DICTIONARY
V/nofatclips(  299): Updating value TEXT_VALUES_ID_HASH
V/nofatclips(  299): Updating value USE_GPS
V/nofatclips(  299): Updating value USE_SENSORS
D/nofatclips(  299): Updating node comparator
D/nofatclips(  299): Loading node comparator
V/nofatclips(  299): Updating value COMPARATOR
V/nofatclips(  299): Updating value COMPARATOR_TYPE
V/nofatclips(  299): Updating value COMPARE_ACTIVITY_NAME
V/nofatclips(  299): Updating value COMPARE_LIST_COUNT
V/nofatclips(  299): Updating value COMPARE_MENU_COUNT
D/nofatclips(  299): Updated value of parameter COMPARE_MENU_COUNT to false (default = true)
V/nofatclips(  299): Updating value COMPARE_STATE_TITLE
V/nofatclips(  299): Updating value COMPARE_VALUES
V/nofatclips(  299): Updating value WIDGET_TYPES
D/nofatclips(  299): Updating node strategy
D/nofatclips(  299): Loading node strategy
V/nofatclips(  299): Updating value AFTER_EVENT_DONT_EXPLORE
V/nofatclips(  299): Updating value AFTER_WIDGET_DONT_EXPLORE
V/nofatclips(  299): Updating value CHECK_FOR_TRANSITION
V/nofatclips(  299): Updating value EXPLORE_ONLY_NEW_STATES
D/nofatclips(  299): Updated value of parameter EXPLORE_ONLY_NEW_STATES to false (default = true)
V/nofatclips(  299): Updating value MAX_NUM_TRACES
D/nofatclips(  299): Updated value of parameter MAX_NUM_TRACES to 100 (default = 0)
V/nofatclips(  299): Updating value MAX_TIME_CRAWLING
V/nofatclips(  299): Updating value PAUSE_AFTER_TIME
V/nofatclips(  299): Updating value PAUSE_AFTER_TRACES
V/nofatclips(  299): Updating value TRACE_MAX_DEPTH
V/nofatclips(  299): Updating value TRACE_MIN_DEPTH
D/nofatclips(  299): Starting random testing
I/TestRunner(  299): started: testAndCrawl(com.nofatclips.crawler.guitree.NomadEngine)
I/ActivityManager(   61): Starting: Intent { act=android.intent.action.MAIN flg=0x10000000 cmp=org.wordpress.android/.Dashboard } from pid 299
I//system/bin/fsck_msdos(   29): ** Phase 1 - Read and Compare FATs
I//system/bin/fsck_msdos(   29): Attempting to allocate 397 KB for FAT
D/Eas Debug(  277): Logging: 
D/MediaScannerService(  231): start scanning volume internal
D/dalvikvm(  250): GC_CONCURRENT freed 490K, 54% free 2726K/5831K, external 716K/1038K, paused 3ms+2ms
I//system/bin/fsck_msdos(   29): Attempting to allocate 397 KB for FAT
D/dalvikvm(  277): GC_CONCURRENT freed 497K, 54% free 2738K/5831K, external 716K/1038K, paused 2ms+3ms
D/Email   (  277): BOOT_COMPLETED
I//system/bin/fsck_msdos(   29): ** Phase 2 - Check Cluster Chains
I//system/bin/fsck_msdos(   29): ** Phase 3 - Checking Directories
I//system/bin/fsck_msdos(   29): ** Phase 4 - Checking for Lost Files
I//system/bin/fsck_msdos(   29): 3 files, 50388 free (100777 clusters)
I/Vold    (   29): Filesystem check completed OK
I/Vold    (   29): Device /dev/block/vold/179:0, target /mnt/sdcard mounted @ /mnt/secure/staging
D/Vold    (   29): Volume sdcard state changing 3 (Checking) -> 4 (Mounted)
I/PackageManager(   61): Updating external media status from unmounted to mounted
I/StorageNotification(  126): Media {/mnt/sdcard} state changed from {checking} -> {mounted}
D/szipinf (   61): Initializing inflate state
D/EAS SyncManager(  277): !!! EAS SyncManager, onDestroy
D/EAS SyncManager(  277): !!! EAS SyncManager, onCreate
D/EAS SyncManager(  277): !!! EAS SyncManager, onStartCommand
D/EAS SyncManager(  277): !!! EAS SyncManager, stopping self
D/EAS SyncManager(  277): !!! EAS SyncManager, onDestroy
D/dalvikvm(  299): GC_EXTERNAL_ALLOC freed 403K, 53% free 2736K/5767K, external 716K/1038K, paused 76ms
D/dalvikvm(  299): GC_EXTERNAL_ALLOC freed 115K, 49% free 2944K/5767K, external 1407K/1623K, paused 44ms
I/ActivityManager(   61): Displayed org.wordpress.android/.Dashboard: +1s4ms (total +11s883ms)
I/ActivityManager(   61): Displayed com.android.launcher/com.android.launcher2.Launcher: +11s885ms
D/VoldCmdListener(   29): asec list
D/nofatclips(  299): Generated Resuming Persistence
I/dalvikvm(  299): Could not find method android.app.Activity.getFragmentManager, referenced from method com.jayway.android.robotium.solo.Waiter.getFragment
W/dalvikvm(  299): VFY: unable to resolve virtual method 7: Landroid/app/Activity;.getFragmentManager ()Landroid/app/FragmentManager;
D/dalvikvm(  299): VFY: replacing opcode 0x6e at 0x0008
I/dalvikvm(  299): Could not find method android.app.Activity.getFragmentManager, referenced from method com.jayway.android.robotium.solo.Waiter.getFragment
W/dalvikvm(  299): VFY: unable to resolve virtual method 7: Landroid/app/Activity;.getFragmentManager ()Landroid/app/FragmentManager;
D/dalvikvm(  299): VFY: replacing opcode 0x6e at 0x0017
W/dalvikvm(  299): VFY: unable to find class referenced in signature (Landroid/app/Fragment;)
D/dalvikvm(  299): VFY: dead code 0x000b-000f in Lcom/jayway/android/robotium/solo/Waiter;.getFragment (Ljava/lang/String;I)Landroid/app/Fragment;
D/dalvikvm(  299): VFY: dead code 0x001a-001f in Lcom/jayway/android/robotium/solo/Waiter;.getFragment (Ljava/lang/String;I)Landroid/app/Fragment;
W/dalvikvm(  299): VFY: unable to find class referenced in signature (Landroid/app/Fragment;)
I/PackageManager(   61): No secure containers on sdcard
W/PackageManager(   61): Unknown permission com.google.android.googleapps.permission.GOOGLE_AUTH.mail in package com.android.contacts
W/PackageManager(   61): Unknown permission android.permission.ADD_SYSTEM_SERVICE in package com.android.phone
W/PackageManager(   61): Not granting permission android.permission.SEND_DOWNLOAD_COMPLETED_INTENTS to package com.android.browser (protectionLevel=2 flags=0x9be45)
W/PackageManager(   61): Unknown permission com.google.android.gm.permission.WRITE_GMAIL in package com.android.settings
W/PackageManager(   61): Unknown permission com.google.android.gm.permission.READ_GMAIL in package com.android.settings
W/PackageManager(   61): Unknown permission com.google.android.googleapps.permission.GOOGLE_AUTH in package com.android.settings
W/PackageManager(   61): Unknown permission com.google.android.googleapps.permission.GOOGLE_AUTH in package com.android.providers.contacts
W/PackageManager(   61): Unknown permission com.google.android.googleapps.permission.GOOGLE_AUTH.cp in package com.android.providers.contacts
W/PackageManager(   61): Unknown permission com.google.android.googleapps.permission.ACCESS_GOOGLE_PASSWORD in package com.android.development
W/PackageManager(   61): Unknown permission com.google.android.googleapps.permission.GOOGLE_AUTH in package com.android.development
W/PackageManager(   61): Unknown permission com.google.android.googleapps.permission.GOOGLE_AUTH.ALL_SERVICES in package com.android.development
W/PackageManager(   61): Unknown permission com.google.android.googleapps.permission.GOOGLE_AUTH.YouTubeUser in package com.android.development
W/PackageManager(   61): Unknown permission android.permission.READ_OWNER_DATA in package com.android.email
W/PackageManager(   61): Not granting permission android.permission.DEVICE_POWER to package com.android.deskclock (protectionLevel=2 flags=0x8be45)
W/ImageDownloader(  299): Error 404 while retrieving bitmap from http://gravatar.com/blavatar/44d338f29053dbb888da79dcf98df489?s=60&d=404
D/dalvikvm(  178): GC_CONCURRENT freed 227K, 51% free 2827K/5703K, external 716K/1038K, paused 2ms+3ms
D/MediaScanner(  231):  prescan time: 2095ms
D/MediaScanner(  231):     scan time: 122ms
D/MediaScanner(  231): postscan time: 0ms
D/MediaScanner(  231):    total time: 2217ms
D/dalvikvm(  231): GC_CONCURRENT freed 529K, 55% free 2648K/5831K, external 716K/1038K, paused 3ms+3ms
D/szipinf (  178): Initializing inflate state
D/nofatclips(  299): Updating node automation
D/nofatclips(  299): Loading node automation
V/nofatclips(  299): Updating value FORCE_RESTART
V/nofatclips(  299): Updating value IN_AND_OUT_FOCUS
V/nofatclips(  299): Updating value PRECRAWLING
V/nofatclips(  299): Updating value SCREENSHOT_FOR_EVENTS
V/nofatclips(  299): Updating value SCREENSHOT_FOR_STATES
V/nofatclips(  299): Updating value SCREENSHOT_ONLY_NEW_STATES
V/nofatclips(  299): Updating value SLEEP_AFTER_EVENT
D/nofatclips(  299): Updated value of parameter SLEEP_AFTER_EVENT to 100 (default = 1000)
V/nofatclips(  299): Updating value SLEEP_AFTER_RESTART
D/nofatclips(  299): Updated value of parameter SLEEP_AFTER_RESTART to 100 (default = 1000)
V/nofatclips(  299): Updating value SLEEP_AFTER_TASK
D/nofatclips(  299): Updated value of parameter SLEEP_AFTER_TASK to 100 (default = 1000)
V/nofatclips(  299): Updating value SLEEP_ON_THROBBER
D/nofatclips(  299): Updated value of parameter SLEEP_ON_THROBBER to 100 (default = 1000)
D/nofatclips(  299): Updating node screenshot
D/nofatclips(  299): Loading node screenshot
V/nofatclips(  299): Updating value FORCE_RESTART
V/nofatclips(  299): Updating value IN_AND_OUT_FOCUS
V/nofatclips(  299): Updating value PRECRAWLING
V/nofatclips(  299): Updating value SCREENSHOT_FOR_EVENTS
V/nofatclips(  299): Updating value SCREENSHOT_FOR_STATES
V/nofatclips(  299): Updating value SCREENSHOT_ONLY_NEW_STATES
V/nofatclips(  299): Updating value SLEEP_AFTER_EVENT
V/nofatclips(  299): Updating value SLEEP_AFTER_RESTART
V/nofatclips(  299): Updating value SLEEP_AFTER_TASK
V/nofatclips(  299): Updating value SLEEP_ON_THROBBER
I/nofatclips(  299): Waiting for 100 msec.
D/MediaScannerService(  231): done scanning volume internal
D/MediaScannerService(  231): start scanning volume external
V/MediaProvider(  231): /mnt/sdcard volume ID: 436475935
I/InputReader(   61): Device reconfigured: id=0x0, name=qwerty2, display size is now 320x480
I/InputManager-Callbacks(   61): No virtual keys found for device qwerty2.
D/nofatclips(  299): Ready to operate after restarting...
I/nofatclips(  299): Current activity is Dashboard
W/nofatclips(  299): --->Dashboard
I/nofatclips(  299): Retrieving widgets
I/nofatclips(  299): Attempting to resume previous session
I/nofatclips(  299): Memoryless engine: the task file will not be loaded. Looking for crashed traces.
I/nofatclips(  299): Reading task file
D/dalvikvm(  299): GC_CONCURRENT freed 219K, 49% free 3004K/5831K, external 1812K/2324K, paused 3ms+4ms
V/nofatclips(  299): Discarding trace #0
I/nofatclips(  299): Stateless comparator: the state file will not be loaded.
D/dalvikvm(  299): GetFieldID: unable to find field Ljava/util/Hashtable;.loadFactor:F
D/dalvikvm(  299): GetFieldID: unable to find field Ljava/util/Hashtable;.loadFactor:F
D/dalvikvm(  299): GetFieldID: unable to find field Ljava/util/Hashtable;.loadFactor:F
D/dalvikvm(  299): GetFieldID: unable to find field Ljava/util/Hashtable;.loadFactor:F
D/dalvikvm(  299): GetFieldID: unable to find field Ljava/util/Hashtable;.loadFactor:F
D/dalvikvm(  299): GetFieldID: unable to find field Ljava/util/Hashtable;.loadFactor:F
D/nofatclips(  299): Backup session footer restored to 
D/nofatclips(  299): </SESSION>
D/nofatclips(  299): Restored random counter to: 2
D/nofatclips(  299): Restored trace count to 2
D/nofatclips(  299): Current step countdown restored to 99
D/nofatclips(  299): Restored abstractor counters to: event = 2 - input = 0 - activity = 2
I/nofatclips(  299): Saving the session on disk.
I/nofatclips(  299): Planning for new Activity Dashboard
I/nofatclips(  299): Created trace to press the menu button
I/nofatclips(  299): Created trace to change orientation
I/nofatclips(  299): Dispatching new task. 2 more tasks remaining.
D/nofatclips(  299): Performing backup of the old task list on disk
D/nofatclips(  299): Saving task list on disk
V/nofatclips(  299): Backing up trace #2 to disk.
V/nofatclips(  299): Backing up trace #3 to disk.
D/nofatclips(  299): Deleting backup of the old task list from disk
I/nofatclips(  299): Restarting
I/ARMAssembler(   61): generated scanline__00000077:03515104_00001004_00000000 [ 65 ipp] (85 ins) at [0x46efd520:0x46efd674] in 578614 ns
I/ARMAssembler(   61): generated scanline__00000177:03515104_00001001_00000000 [ 91 ipp] (114 ins) at [0x46efd678:0x46efd840] in 360511 ns
I/ARMAssembler(   61): generated scanline__00000177:03515104_00001002_00000000 [ 87 ipp] (110 ins) at [0x46efd848:0x46efda00] in 289949 ns
D/szipinf (  155): Initializing inflate state
I/nofatclips(  299): Waiting for 100 msec.
D/dalvikvm(  125): GREF has increased to 201
V/MediaProvider(  231): Attached volume: external
D/nofatclips(  299): Ready to operate after restarting...
I/nofatclips(  299): Retrieving widgets
D/nofatclips(  299): Found widget: id=16908290 (android.widget.FrameLayout@405a16e0)
D/nofatclips(  299): Found widget: id=2131165248 (android.widget.RelativeLayout@405a23e0)
D/nofatclips(  299): Found widget: id=2131165249 (android.widget.LinearLayout@405a2a48)
D/nofatclips(  299): Found widget: id=-1 (android.widget.ImageView@405a2f90)
D/nofatclips(  299): Found widget: id=2131165250 (org.wordpress.android.util.WPTitleBar@4059c968)
D/nofatclips(  299): Found widget: id=2131165195 (android.widget.RelativeLayout@4050efe8)
D/nofatclips(  299): Found widget: id=2131165196 (android.widget.RelativeLayout@40569298)
D/nofatclips(  299): Found widget: id=2131165197 (android.widget.ImageView@4059dc00)
D/nofatclips(  299): Found widget: id=2131165198 (android.widget.TextView@40542608): Katie's Sweet Testing Blog
D/nofatclips(  299): Found widget: id=2131165199 (android.widget.ImageView@4055de98)
D/nofatclips(  299): Found widget: id=-1 (android.widget.RelativeLayout@4057a200)
D/nofatclips(  299): Found widget: id=2131165200 (android.widget.ImageButton@4059e128)
D/nofatclips(  299): Found widget: id=-1 (android.widget.FrameLayout@4057b6b0)
D/nofatclips(  299): Found widget: id=2131165201 (android.widget.Button@40542fd0): 
D/nofatclips(  299): Found widget: id=2131165202 (android.widget.ImageView@40594560)
D/nofatclips(  299): Found widget: id=2131165203 (android.widget.ImageView@4053d7c8)
D/nofatclips(  299): Found widget: id=2131165204 (android.widget.LinearLayout@40569ea0)
D/nofatclips(  299): Found widget: id=-1 (android.widget.FrameLayout@4059d998)
D/nofatclips(  299): Found widget: id=-1 (android.widget.LinearLayout@40530970)
D/nofatclips(  299): Found widget: id=-1 (android.widget.LinearLayout@4050edf8)
D/nofatclips(  299): Found widget: id=-1 (android.widget.LinearLayout@4052ff90)
D/nofatclips(  299): Found widget: id=2131165251 (android.widget.LinearLayout@40530648)
D/nofatclips(  299): Found widget: id=-1 (android.widget.ImageView@40591008)
D/nofatclips(  299): Found widget: id=2131165256 (android.widget.TextView@4056bb98): New Post
D/nofatclips(  299): Found widget: id=2131165253 (android.widget.LinearLayout@4059cba0)
D/nofatclips(  299): Found widget: id=-1 (android.widget.ImageView@405319b0)
D/nofatclips(  299): Found widget: id=2131165256 (android.widget.TextView@4056c4d0): New Page
D/nofatclips(  299): Found widget: id=-1 (android.widget.LinearLayout@40533c68)
D/nofatclips(  299): Found widget: id=2131165252 (android.widget.LinearLayout@40531658)
D/nofatclips(  299): Found widget: id=-1 (android.widget.ImageView@40539b60)
D/nofatclips(  299): Found widget: id=2131165256 (android.widget.TextView@405786c8): Quick Photo
D/nofatclips(  299): Found widget: id=2131165254 (android.widget.LinearLayout@405481d8)
D/nofatclips(  299): Found widget: id=-1 (android.widget.ImageView@40532550)
D/nofatclips(  299): Found widget: id=2131165256 (android.widget.TextView@40578f38): Quick Video
D/nofatclips(  299): Found widget: id=-1 (android.widget.LinearLayout@4052f400)
D/nofatclips(  299): Found widget: id=-1 (android.widget.LinearLayout@40534c20)
D/nofatclips(  299): Found widget: id=2131165255 (android.widget.LinearLayout@40535ee8)
D/nofatclips(  299): Found widget: id=-1 (android.widget.ImageView@40543590)
D/nofatclips(  299): Found widget: id=2131165256 (android.widget.TextView@405795c0): Posts
D/nofatclips(  299): Found widget: id=2131165257 (android.widget.LinearLayout@40546950)
D/nofatclips(  299): Found widget: id=-1 (android.widget.ImageView@405695c8)
D/nofatclips(  299): Found widget: id=2131165256 (android.widget.TextView@40538218): Pages
D/nofatclips(  299): Found widget: id=-1 (android.widget.FrameLayout@40535228)
D/nofatclips(  299): Found widget: id=2131165258 (android.widget.LinearLayout@40540f10)
D/nofatclips(  299): Found widget: id=-1 (android.widget.ImageView@40537928)
D/nofatclips(  299): Found widget: id=2131165256 (android.widget.TextView@4053a1c8): Comments
D/nofatclips(  299): Found widget: id=2131165259 (android.widget.FrameLayout@40545400)
D/nofatclips(  299): Found widget: id=2131165260 (android.widget.ImageView@40546f20)
D/nofatclips(  299): Found widget: id=2131165261 (org.wordpress.android.util.CommentBadgeTextView@4053b1e0): 0
D/nofatclips(  299): Found widget: id=-1 (android.widget.LinearLayout@40539fa0)
D/nofatclips(  299): Found widget: id=2131165262 (android.widget.LinearLayout@405415b8)
D/nofatclips(  299): Found widget: id=-1 (android.widget.ImageView@40541ec0)
D/nofatclips(  299): Found widget: id=2131165256 (android.widget.TextView@40541800): Settings
D/nofatclips(  299): Found widget: id=2131165263 (android.widget.LinearLayout@40544e58)
D/nofatclips(  299): Found widget: id=-1 (android.widget.ImageView@40560db0)
D/nofatclips(  299): Found widget: id=2131165256 (android.widget.TextView@40543b40): Read
D/nofatclips(  299): Found widget: id=2131165264 (android.widget.LinearLayout@40562498)
D/nofatclips(  299): Found widget: id=-1 (android.widget.ImageView@40564d50)
D/nofatclips(  299): Found widget: id=2131165256 (android.widget.TextView@40550898): Stats
D/nofatclips(  299): Found widget: id=-1 (com.android.internal.policy.impl.PhoneWindow$DecorView@405a0de0)
I/nofatclips(  299): Playing Trace 3
I/nofatclips(  299): Retrieved from return list id=16908290
D/nofatclips(  299): Testing for type (android.widget.FrameLayout) against the original (null)
I/nofatclips(  299): Firing event: type= changeOrientation name= widget=null
D/dalvikvm(  299): GC_CONCURRENT freed 651K, 51% free 3150K/6407K, external 1812K/2324K, paused 3ms+4ms
D/dalvikvm(  155): GC_EXPLICIT freed 219K, 50% free 2954K/5831K, external 3075K/3257K, paused 47ms
V/MediaScanner(  231): pruneDeadThumbnailFiles... android.database.sqlite.SQLiteCursor@4055a9a8
V/MediaScanner(  231): /pruneDeadThumbnailFiles... android.database.sqlite.SQLiteCursor@4055a9a8
D/MediaScanner(  231):  prescan time: 290ms
D/MediaScanner(  231):     scan time: 1ms
D/MediaScanner(  231): postscan time: 8ms
D/MediaScanner(  231):    total time: 299ms
D/MediaScannerService(  231): done scanning volume external
I/ContactsDatabaseHelper(  178): Locale change completed in 8667ms
W/KeyCharacterMap(  299): No keyboard for id 0
W/KeyCharacterMap(  299): Using default keymap: /system/usr/keychars/qwerty.kcm.bin
I/WindowManager(   61): Setting rotation to 1, animFlags=1
I/ActivityManager(   61): Config changed: { scale=1.0 imsi=310/260 loc=en_US touch=3 keys=2/1/2 nav=1/1 orien=2 layout=18 uiMode=17 seq=5}
I/nofatclips(  299): Waiting for 100 msec.
W/WindowManager(   61): Window freeze timeout expired.
W/WindowManager(   61): Force clearing orientation change: Window{40758d90 org.wordpress.android/org.wordpress.android.Dashboard paused=false}
I/dalvikvm(   61): Jit: resizing JitTable from 512 to 1024
I/nofatclips(  299): Current activity is Dashboard
I/nofatclips(  299): Retrieving widgets
D/nofatclips(  299): Found widget: id=16908290 (android.widget.FrameLayout@405a16e0)
D/nofatclips(  299): Found widget: id=2131165248 (android.widget.RelativeLayout@405a23e0)
D/nofatclips(  299): Found widget: id=2131165249 (android.widget.LinearLayout@405a2a48)
D/nofatclips(  299): Found widget: id=-1 (android.widget.ImageView@405a2f90)
D/nofatclips(  299): Found widget: id=2131165250 (org.wordpress.android.util.WPTitleBar@4059c968)
D/nofatclips(  299): Found widget: id=2131165195 (android.widget.RelativeLayout@4050efe8)
D/nofatclips(  299): Found widget: id=2131165196 (android.widget.RelativeLayout@40569298)
D/nofatclips(  299): Found widget: id=2131165197 (android.widget.ImageView@4059dc00)
D/nofatclips(  299): Found widget: id=2131165198 (android.widget.TextView@40542608): Katie's Sweet Testing Blog
D/nofatclips(  299): Found widget: id=2131165199 (android.widget.ImageView@4055de98)
D/nofatclips(  299): Found widget: id=-1 (android.widget.RelativeLayout@4057a200)
D/nofatclips(  299): Found widget: id=2131165200 (android.widget.ImageButton@4059e128)
D/nofatclips(  299): Found widget: id=-1 (android.widget.FrameLayout@4057b6b0)
D/nofatclips(  299): Found widget: id=2131165201 (android.widget.Button@40542fd0): 
D/nofatclips(  299): Found widget: id=2131165202 (android.widget.ImageView@40594560)
D/nofatclips(  299): Found widget: id=2131165203 (android.widget.ImageView@4053d7c8)
D/nofatclips(  299): Found widget: id=2131165249 (android.widget.LinearLayout@405de4b0)
D/nofatclips(  299): Found widget: id=-1 (android.widget.FrameLayout@405daeb8)
D/nofatclips(  299): Found widget: id=-1 (android.widget.LinearLayout@4063a940)
D/nofatclips(  299): Found widget: id=-1 (android.widget.LinearLayout@40636d60)
D/nofatclips(  299): Found widget: id=-1 (android.widget.LinearLayout@406382a8)
D/nofatclips(  299): Found widget: id=2131165251 (android.widget.LinearLayout@406383f8)
D/nofatclips(  299): Found widget: id=-1 (android.widget.ImageView@4063cdd0)
D/nofatclips(  299): Found widget: id=-1 (android.widget.TextView@406398d8): New Post
D/nofatclips(  299): Found widget: id=2131165252 (android.widget.LinearLayout@40639b48)
D/nofatclips(  299): Found widget: id=-1 (android.widget.ImageView@40639c98)
D/nofatclips(  299): Found widget: id=-1 (android.widget.TextView@405f50b0): Quick Photo
D/nofatclips(  299): Found widget: id=-1 (android.widget.LinearLayout@405f5320)
D/nofatclips(  299): Found widget: id=2131165253 (android.widget.LinearLayout@405f5470)
D/nofatclips(  299): Found widget: id=-1 (android.widget.ImageView@405f55c0)
D/nofatclips(  299): Found widget: id=-1 (android.widget.TextView@405f5710): New Page
D/nofatclips(  299): Found widget: id=2131165254 (android.widget.LinearLayout@405f5980)
D/nofatclips(  299): Found widget: id=-1 (android.widget.ImageView@405f5ad0)
D/nofatclips(  299): Found widget: id=-1 (android.widget.TextView@405e08b8): Quick Video
D/nofatclips(  299): Found widget: id=-1 (android.widget.LinearLayout@405e0b28)
D/nofatclips(  299): Found widget: id=-1 (android.widget.LinearLayout@405e0cc0)
D/nofatclips(  299): Found widget: id=2131165255 (android.widget.LinearLayout@405e0ee0)
D/nofatclips(  299): Found widget: id=-1 (android.widget.ImageView@4063d950)
D/nofatclips(  299): Found widget: id=2131165256 (android.widget.TextView@4063dd00): Posts
D/nofatclips(  299): Found widget: id=2131165257 (android.widget.LinearLayout@405b9bc0)
D/nofatclips(  299): Found widget: id=-1 (android.widget.ImageView@405ba540)
D/nofatclips(  299): Found widget: id=2131165256 (android.widget.TextView@406352e0): Pages
D/nofatclips(  299): Found widget: id=-1 (android.widget.FrameLayout@406356a0)
D/nofatclips(  299): Found widget: id=2131165258 (android.widget.LinearLayout@40635908)
D/nofatclips(  299): Found widget: id=-1 (android.widget.ImageView@405e29a0)
D/nofatclips(  299): Found widget: id=2131165256 (android.widget.TextView@405e2d50): Comments
D/nofatclips(  299): Found widget: id=2131165259 (android.widget.FrameLayout@40637070)
D/nofatclips(  299): Found widget: id=2131165260 (android.widget.ImageView@406372d8)
D/nofatclips(  299): Found widget: id=2131165261 (org.wordpress.android.util.CommentBadgeTextView@40637720): 0
D/nofatclips(  299): Found widget: id=-1 (android.widget.LinearLayout@40637bd0)
D/nofatclips(  299): Found widget: id=2131165262 (android.widget.LinearLayout@40637df0)
D/nofatclips(  299): Found widget: id=-1 (android.widget.ImageView@406334a8)
D/nofatclips(  299): Found widget: id=2131165256 (android.widget.TextView@40633858): Settings
D/nofatclips(  299): Found widget: id=2131165263 (android.widget.LinearLayout@40633ce8)
D/nofatclips(  299): Found widget: id=-1 (android.widget.ImageView@406343f8)
D/nofatclips(  299): Found widget: id=2131165256 (android.widget.TextView@4054cd58): Read
D/nofatclips(  299): Found widget: id=2131165264 (android.widget.LinearLayout@4054d1e8)
D/nofatclips(  299): Found widget: id=-1 (android.widget.ImageView@4054e358)
D/nofatclips(  299): Found widget: id=2131165256 (android.widget.TextView@40585368): Stats
D/nofatclips(  299): Found widget: id=-1 (com.android.internal.policy.impl.PhoneWindow$DecorView@405a0de0)
I/dalvikvm(  299): Jit: resizing JitTable from 512 to 1024
V/nicola  (  299): TextualID : blog_title
V/nicola  (  299): ContentType detected : default
V/nicola  (  299): TextualID : action_refresh
V/nicola  (  299): ContentType detected : default
V/nicola  (  299): TextualID : null
V/nicola  (  299): ContentType detected : default
V/nicola  (  299): TextualID : null
V/nicola  (  299): ContentType detected : default
V/nicola  (  299): TextualID : null
V/nicola  (  299): ContentType detected : default
V/nicola  (  299): TextualID : null
V/nicola  (  299): ContentType detected : default
V/nicola  (  299): TextualID : button_text
V/nicola  (  299): ContentType detected : default
V/nicola  (  299): TextualID : button_text
V/nicola  (  299): ContentType detected : default
V/nicola  (  299): TextualID : button_text
V/nicola  (  299): ContentType detected : default
V/nicola  (  299): TextualID : button_text
V/nicola  (  299): ContentType detected : default
D/dalvikvm(  299): GC_CONCURRENT freed 760K, 52% free 3230K/6599K, external 2194K/2324K, paused 6ms+8ms
V/nicola  (  299): TextualID : button_text
V/nicola  (  299): ContentType detected : default
V/nicola  (  299): TextualID : button_text
V/nicola  (  299): ContentType detected : default
I/nofatclips(  299): Performing comparation for activity Dashboard
I/nofatclips(  299): Registering activity Dashboard (id: a3) as a new found state
D/nofatclips(  299): Performing backup of the old activity list on disk
D/nofatclips(  299): Saving new found state 'a3' on disk
V/nofatclips(  299): Opening state file in append mode.
D/dalvikvm(  299): GC_EXTERNAL_ALLOC freed 213K, 51% free 3234K/6599K, external 1812K/2324K, paused 68ms
D/dalvikvm(  299): GC_EXTERNAL_ALLOC freed 23K, 52% free 3210K/6599K, external 1999K/2511K, paused 77ms
I/nofatclips(  299): Saved image on disk: a3.jpg
I/nofatclips(  299): Waiting for 100 msec.
D/dalvikvm(   61): GC_EXPLICIT freed 634K, 46% free 4151K/7623K, external 1865K/3065K, paused 327ms
I/nofatclips(  299): Session count is 1. Will dump to disk at 1
I/nofatclips(  299): Saving the session on disk.
I/nofatclips(  299): Planning for new Activity Dashboard
D/nofatclips(  299): Handling event 'click' on widget id=2131165200 type=button name=
D/nofatclips(  299): Handling event 'click' on widget id=2131165201 type=button name=
D/nofatclips(  299): Handling event 'click' on widget id=2131165249 type=linearLayout name=
D/nofatclips(  299): Handling event 'click' on widget id=2131165251 type=linearLayout name=
D/nofatclips(  299): Handling event 'click' on widget id=2131165252 type=linearLayout name=
D/nofatclips(  299): Handling event 'click' on widget id=2131165253 type=linearLayout name=
D/nofatclips(  299): Handling event 'click' on widget id=2131165254 type=linearLayout name=
D/nofatclips(  299): Handling event 'click' on widget id=2131165255 type=linearLayout name=
D/nofatclips(  299): Handling event 'click' on widget id=2131165257 type=linearLayout name=
D/dalvikvm(  299): GC_CONCURRENT freed 843K, 51% free 3344K/6791K, external 2599K/3246K, paused 3ms+4ms
D/nofatclips(  299): Handling event 'click' on widget id=2131165258 type=linearLayout name=
D/nofatclips(  299): Handling event 'click' on widget id=2131165262 type=linearLayout name=
D/nofatclips(  299): Handling event 'click' on widget id=2131165263 type=linearLayout name=
D/nofatclips(  299): Handling event 'click' on widget id=2131165264 type=linearLayout name=
I/dalvikvm(  299): Jit: resizing JitTable from 1024 to 2048
I/nofatclips(  299): Created trace to press the back button
I/nofatclips(  299): Created trace to press the menu button
I/nofatclips(  299): Created trace to change orientation
I/nofatclips(  299): Check for termination: 98 steps left of 100
I/nofatclips(  299): Dispatching new task. 2 more tasks remaining.
D/nofatclips(  299): Performing backup of the old task list on disk
D/nofatclips(  299): Saving task list on disk
V/nofatclips(  299): Backing up trace #17 to disk.
V/nofatclips(  299): Backing up trace #18 to disk.
D/nofatclips(  299): Deleting backup of the old task list from disk
D/nofatclips(  299): Deleting backup of the old activity list from disk
I/nofatclips(  299): Incrementally Playing Trace 18
I/nofatclips(  299): Retrieved from return list id=16908290
D/nofatclips(  299): Testing for type (android.widget.FrameLayout) against the original (null)
I/nofatclips(  299): Firing event: type= changeOrientation name= widget=null
D/dalvikvm(  299): GC_CONCURRENT freed 1286K, 55% free 3220K/7111K, external 1999K/2599K, paused 3ms+3ms
I/WindowManager(   61): Setting rotation to 0, animFlags=1
I/ActivityManager(   61): Config changed: { scale=1.0 imsi=310/260 loc=en_US touch=3 keys=2/1/2 nav=1/1 orien=1 layout=18 uiMode=17 seq=6}
I/nofatclips(  299): Waiting for 100 msec.
W/WindowManager(   61): Window freeze timeout expired.
W/WindowManager(   61): Force clearing orientation change: Window{40758d90 org.wordpress.android/org.wordpress.android.Dashboard paused=false}
I/nofatclips(  299): Current activity is Dashboard
I/nofatclips(  299): Retrieving widgets
D/nofatclips(  299): Found widget: id=16908290 (android.widget.FrameLayout@405a16e0)
D/nofatclips(  299): Found widget: id=2131165248 (android.widget.RelativeLayout@405a23e0)
D/nofatclips(  299): Found widget: id=2131165249 (android.widget.LinearLayout@405a2a48)
D/nofatclips(  299): Found widget: id=-1 (android.widget.ImageView@405a2f90)
D/nofatclips(  299): Found widget: id=2131165250 (org.wordpress.android.util.WPTitleBar@4059c968)
D/nofatclips(  299): Found widget: id=2131165195 (android.widget.RelativeLayout@4050efe8)
D/nofatclips(  299): Found widget: id=2131165196 (android.widget.RelativeLayout@40569298)
D/nofatclips(  299): Found widget: id=2131165197 (android.widget.ImageView@4059dc00)
D/nofatclips(  299): Found widget: id=2131165198 (android.widget.TextView@40542608): Katie's Sweet Testing Blog
D/nofatclips(  299): Found widget: id=2131165199 (android.widget.ImageView@4055de98)
D/nofatclips(  299): Found widget: id=-1 (android.widget.RelativeLayout@4057a200)
D/nofatclips(  299): Found widget: id=2131165200 (android.widget.ImageButton@4059e128)
D/nofatclips(  299): Found widget: id=-1 (android.widget.FrameLayout@4057b6b0)
D/nofatclips(  299): Found widget: id=2131165201 (android.widget.Button@40542fd0): 
D/nofatclips(  299): Found widget: id=2131165202 (android.widget.ImageView@40594560)
D/nofatclips(  299): Found widget: id=2131165203 (android.widget.ImageView@4053d7c8)
D/nofatclips(  299): Found widget: id=2131165249 (android.widget.LinearLayout@40537f18)
D/nofatclips(  299): Found widget: id=-1 (android.widget.FrameLayout@406b1b70)
D/nofatclips(  299): Found widget: id=-1 (android.widget.LinearLayout@40539630)
D/nofatclips(  299): Found widget: id=-1 (android.widget.LinearLayout@40539b60)
D/nofatclips(  299): Found widget: id=-1 (android.widget.LinearLayout@40541ec0)
D/nofatclips(  299): Found widget: id=2131165251 (android.widget.LinearLayout@40543590)
D/nofatclips(  299): Found widget: id=-1 (android.widget.ImageView@40546f20)
D/nofatclips(  299): Found widget: id=2131165256 (android.widget.TextView@4050aae0): New Post
D/nofatclips(  299): Found widget: id=2131165253 (android.widget.LinearLayout@40535ee8)
D/nofatclips(  299): Found widget: id=-1 (android.widget.ImageView@40538bc8)
D/nofatclips(  299): Found widget: id=2131165256 (android.widget.TextView@4056bb98): New Page
D/nofatclips(  299): Found widget: id=-1 (android.widget.LinearLayout@40546950)
D/nofatclips(  299): Found widget: id=2131165252 (android.widget.LinearLayout@405c13e8)
D/nofatclips(  299): Found widget: id=-1 (android.widget.ImageView@405c8a10)
D/nofatclips(  299): Found widget: id=2131165256 (android.widget.TextView@4056c4d0): Quick Photo
D/nofatclips(  299): Found widget: id=2131165254 (android.widget.LinearLayout@406ce428)
D/nofatclips(  299): Found widget: id=-1 (android.widget.ImageView@40515810)
D/nofatclips(  299): Found widget: id=2131165256 (android.widget.TextView@405786c8): Quick Video
D/nofatclips(  299): Found widget: id=-1 (android.widget.LinearLayout@40537648)
D/nofatclips(  299): Found widget: id=-1 (android.widget.LinearLayout@405441b0)
D/nofatclips(  299): Found widget: id=2131165255 (android.widget.LinearLayout@405351f8)
D/nofatclips(  299): Found widget: id=-1 (android.widget.ImageView@40540ea0)
D/nofatclips(  299): Found widget: id=2131165256 (android.widget.TextView@40578f38): Posts
D/nofatclips(  299): Found widget: id=2131165257 (android.widget.LinearLayout@405484a0)
D/nofatclips(  299): Found widget: id=-1 (android.widget.ImageView@405d7700)
D/nofatclips(  299): Found widget: id=2131165256 (android.widget.TextView@405795c0): Pages
D/nofatclips(  299): Found widget: id=-1 (android.widget.FrameLayout@405d9360)
D/nofatclips(  299): Found widget: id=2131165258 (android.widget.LinearLayout@405da488)
D/nofatclips(  299): Found widget: id=-1 (android.widget.ImageView@4063f990)
D/nofatclips(  299): Found widget: id=2131165256 (android.widget.TextView@40538218): Comments
D/nofatclips(  299): Found widget: id=2131165259 (android.widget.FrameLayout@406d8cc0)
D/nofatclips(  299): Found widget: id=2131165260 (android.widget.ImageView@405e1bd8)
D/nofatclips(  299): Found widget: id=2131165261 (org.wordpress.android.util.CommentBadgeTextView@405398d8): 0
D/nofatclips(  299): Found widget: id=-1 (android.widget.LinearLayout@405f4728)
D/nofatclips(  299): Found widget: id=2131165262 (android.widget.LinearLayout@40547e20)
D/nofatclips(  299): Found widget: id=-1 (android.widget.ImageView@40585be0)
D/nofatclips(  299): Found widget: id=2131165256 (android.widget.TextView@4053a1c8): Settings
D/nofatclips(  299): Found widget: id=2131165263 (android.widget.LinearLayout@40599c38)
D/nofatclips(  299): Found widget: id=-1 (android.widget.ImageView@4063e7a0)
D/nofatclips(  299): Found widget: id=2131165256 (android.widget.TextView@4053b1e0): Read
D/nofatclips(  299): Found widget: id=2131165264 (android.widget.LinearLayout@4063fcb8)
D/nofatclips(  299): Found widget: id=-1 (android.widget.ImageView@406d1500)
D/nofatclips(  299): Found widget: id=2131165256 (android.widget.TextView@40541800): Stats
D/nofatclips(  299): Found widget: id=-1 (com.android.internal.policy.impl.PhoneWindow$DecorView@405a0de0)
V/nicola  (  299): TextualID : blog_title
V/nicola  (  299): ContentType detected : default
V/nicola  (  299): TextualID : action_refresh
V/nicola  (  299): ContentType detected : default
V/nicola  (  299): TextualID : button_text
V/nicola  (  299): ContentType detected : default
V/nicola  (  299): TextualID : button_text
V/nicola  (  299): ContentType detected : default
V/nicola  (  299): TextualID : button_text
V/nicola  (  299): ContentType detected : default
V/nicola  (  299): TextualID : button_text
V/nicola  (  299): ContentType detected : default
V/nicola  (  299): TextualID : button_text
V/nicola  (  299): ContentType detected : default
V/nicola  (  299): TextualID : button_text
V/nicola  (  299): ContentType detected : default
V/nicola  (  299): TextualID : button_text
V/nicola  (  299): ContentType detected : default
V/nicola  (  299): TextualID : button_text
V/nicola  (  299): ContentType detected : default
V/nicola  (  299): TextualID : button_text
V/nicola  (  299): ContentType detected : default
V/nicola  (  299): TextualID : button_text
V/nicola  (  299): ContentType detected : default
I/nofatclips(  299): Performing comparation for activity Dashboard
D/nofatclips(  299): Comparing against activity Dashboard
I/nofatclips(  299): Registering activity Dashboard (id: a4) as a new found state
D/nofatclips(  299): Performing backup of the old activity list on disk
D/nofatclips(  299): Saving new found state 'a4' on disk
V/nofatclips(  299): Opening state file in append mode.
D/dalvikvm(  299): GC_CONCURRENT freed 763K, 53% free 3342K/7111K, external 2381K/2599K, paused 5ms+14ms
D/dalvikvm(  299): GC_EXTERNAL_ALLOC freed 89K, 54% free 3298K/7111K, external 2149K/2599K, paused 73ms
I/nofatclips(  299): Saved image on disk: a4.jpg
I/nofatclips(  299): Waiting for 100 msec.
I/nofatclips(  299): Session count is 1. Will dump to disk at 1
I/nofatclips(  299): Saving the session on disk.
I/nofatclips(  299): Planning for new Activity Dashboard
D/nofatclips(  299): Handling event 'click' on widget id=2131165200 type=button name=
D/dalvikvm(   61): GC_EXPLICIT freed 48K, 47% free 4112K/7623K, external 1316K/1828K, paused 300ms
D/nofatclips(  299): Handling event 'click' on widget id=2131165201 type=button name=
D/nofatclips(  299): Handling event 'click' on widget id=2131165249 type=linearLayout name=
D/nofatclips(  299): Handling event 'click' on widget id=2131165251 type=linearLayout name=
D/nofatclips(  299): Handling event 'click' on widget id=2131165253 type=linearLayout name=
D/nofatclips(  299): Handling event 'click' on widget id=2131165252 type=linearLayout name=
D/nofatclips(  299): Handling event 'click' on widget id=2131165254 type=linearLayout name=
D/nofatclips(  299): Handling event 'click' on widget id=2131165255 type=linearLayout name=
D/nofatclips(  299): Handling event 'click' on widget id=2131165257 type=linearLayout name=
D/dalvikvm(  299): GC_CONCURRENT freed 955K, 53% free 3375K/7111K, external 2599K/2599K, paused 3ms+4ms
D/nofatclips(  299): Handling event 'click' on widget id=2131165258 type=linearLayout name=
D/nofatclips(  299): Handling event 'click' on widget id=2131165262 type=linearLayout name=
D/nofatclips(  299): Handling event 'click' on widget id=2131165263 type=linearLayout name=
D/nofatclips(  299): Handling event 'click' on widget id=2131165264 type=linearLayout name=
I/nofatclips(  299): Created trace to press the back button
I/nofatclips(  299): Created trace to press the menu button
I/nofatclips(  299): Created trace to change orientation
I/nofatclips(  299): Check for termination: 97 steps left of 100
I/nofatclips(  299): Dispatching new task. 2 more tasks remaining.
D/nofatclips(  299): Performing backup of the old task list on disk
D/nofatclips(  299): Saving task list on disk
V/nofatclips(  299): Backing up trace #32 to disk.
V/nofatclips(  299): Backing up trace #33 to disk.
D/nofatclips(  299): Deleting backup of the old task list from disk
D/nofatclips(  299): Deleting backup of the old activity list from disk
I/nofatclips(  299): Incrementally Playing Trace 33
I/nofatclips(  299): Retrieved from return list id=2131165263
D/nofatclips(  299): Testing for type (android.widget.LinearLayout) against the original (android.widget.LinearLayout)
D/nofatclips(  299): Testing for name () against the original ()
I/nofatclips(  299): Firing event: type= click index=53 widget=android.widget.LinearLayout
D/dalvikvm(  299): GC_CONCURRENT freed 1281K, 55% free 3288K/7175K, external 1999K/2599K, paused 3ms+3ms
D/nofatclips(  299): Event description: Read
I/ActivityManager(   61): Starting: Intent { cmp=org.wordpress.android/.Read (has extras) } from pid 299
I/nofatclips(  299): Waiting for 100 msec.
I/nofatclips(  299): Current activity is Read
I/nofatclips(  299): Retrieving widgets
D/nofatclips(  299): Found widget: id=-1 (android.widget.LinearLayout@406ccce8)
D/nofatclips(  299): Found widget: id=16908662 (android.widget.RelativeLayout@405bd290)
D/nofatclips(  299): Found widget: id=16908812 (android.widget.ProgressBar@4063b100)
D/nofatclips(  299): Found widget: id=16908813 (android.widget.ProgressBar@4063b528)
I/ActivityManager(   61): Displayed org.wordpress.android/.Read: +1s465ms
D/nofatclips(  299): Found widget: id=16908310 (android.widget.TextView@40571628): Read
D/nofatclips(  299): Found widget: id=16908290 (android.widget.FrameLayout@406e45b8)
D/nofatclips(  299): Found widget: id=-1 (android.widget.LinearLayout@406e49f0)
D/nofatclips(  299): Found widget: id=2131165329 (android.webkit.WebView@406f1438)
D/nofatclips(  299): Found widget: id=-1 (com.android.internal.policy.impl.PhoneWindow$DecorView@406cc840)
V/nicola  (  299): TextualID : null
V/nicola  (  299): ContentType detected : default
V/ReflectionHelper(  299): android.webkit.WebView > mOnFocusChangeListener FOUND | NOT ACTIVE
I/nofatclips(  299): Performing comparation for activity Read
D/nofatclips(  299): Comparing against activity Dashboard
D/nofatclips(  299): Comparing against activity Dashboard
I/nofatclips(  299): Registering activity Read (id: a5) as a new found state
D/nofatclips(  299): Performing backup of the old activity list on disk
D/nofatclips(  299): Saving new found state 'a5' on disk
V/nofatclips(  299): Opening state file in append mode.
D/dalvikvm(  299): GC_EXTERNAL_ALLOC freed 621K, 54% free 3352K/7175K, external 2167K/2599K, paused 129ms
D/dalvikvm(  299): GC_EXTERNAL_ALLOC freed 72K, 50% free 3613K/7175K, external 3367K/3455K, paused 101ms
I/nofatclips(  299): Saved image on disk: a5.jpg
I/nofatclips(  299): Waiting for 100 msec.
I/nofatclips(  299): Session count is 1. Will dump to disk at 1
I/nofatclips(  299): Saving the session on disk.
I/nofatclips(  299): Planning for new Activity Read
D/nofatclips(  299): Handling event 'longClick' on widget id=2131165329 type=webPage name=
I/nofatclips(  299): Created trace to press the back button
I/nofatclips(  299): Created trace to press the menu button
I/nofatclips(  299): Created trace to change orientation
I/nofatclips(  299): Check for termination: 96 steps left of 100
I/nofatclips(  299): Dispatching new task. 2 more tasks remaining.
D/nofatclips(  299): Performing backup of the old task list on disk
D/nofatclips(  299): Saving task list on disk
V/nofatclips(  299): Backing up trace #36 to disk.
D/dalvikvm(  299): GC_CONCURRENT freed 473K, 48% free 3737K/7175K, external 3367K/4204K, paused 7ms+6ms
V/nofatclips(  299): Backing up trace #37 to disk.
D/nofatclips(  299): Deleting backup of the old task list from disk
D/nofatclips(  299): Deleting backup of the old activity list from disk
I/nofatclips(  299): Incrementally Playing Trace 37
I/nofatclips(  299): Retrieved from return list id=-1
D/nofatclips(  299): Testing for type (android.widget.LinearLayout) against the original (null)
I/nofatclips(  299): Firing event: type= changeOrientation name= widget=null
I/WindowManager(   61): Setting rotation to 1, animFlags=1
